Load balancing algorithm set to oblivious
no_of_nodes 576
Dragonfly+ strategy: FPAR
Setting queuesize to 50 packets
endtime(us) 100000
random seed 3
Using generated Dragonfly+ tornado traffic instead of -tm
Tornado active connections 144
Tornado flow size 10000000 bytes
queue size threshold 20750
Forcing per-hop RTT normalization OFF regardless of strategy.
Packet size (MTU) is 4150
Parsed args
Logging to 576_nodes/runs/tornado_fpar_tuned_load0.25_fs10000000_seed3.dat
Setting ECN low 33200 high 120350
Dragonfly+ with medium topology type
Link latencies: 1 and switch latencies: 0
queue_id 2 ecn_low 33200 ecn_high 120350
DragonFly+ constructor done, 576 nodes created
Generating tornado connection matrix: python3 connection_matrices/gen_tornado_dfp.py /tmp/dfp_tornado_22437.cm 576 144 10000000 0.0 3 8 8
Nodes:  576
Connections:  144
Flowsize:  10000000 bytes
ExtraStartTime:  0.0 us
Random Seed  3
Dragonfly+ p= 8 l= 8
group_size=64  no_groups=9  opposite group offset=4
Loading generated tornado connection matrix from /tmp/dfp_tornado_22437.cm
Nodes: 576 Connections: 144 Triggers: 0 Failures: 0
network_max_unloaded_rtt 11.6856 us
Setting min RTO to 114.6
Per-hop RTT normalization: OFF (strategy fpar)
Initializing static NSCC parameters: _reference_network_linkspeed=100000000000 _reference_network_rtt=12000000 _reference_network_bdp=150000 _target_Qdelay=8764200 _network_linkspeed=100000000000 _network_rtt=11685600 _network_bdp=146070 _qa_gate=2^3 _qa_threshold=3.50568e+07 _scaling_factor_a=0.9738 _scaling_factor_b=0.73035 _alpha=0.00132632 _fi=19894.7 _eta=596.842 _qa_scaling=1 _gamma=0.8 _fi_scale=0.24345 _delay_alpha=0.0125 _adjust_period_threshold=11685600 _adjust_bytes_threshold=33200
Initialize per-instance NSCC parameters: flowid 1 _base_rtt=11685600 _base_bdp=146070 _bdp=146070 _min_cwnd=4150 _maxwnd=219105 _cwnd=219105
Initialize per-instance NSCC parameters: flowid 2 _base_rtt=11685600 _base_bdp=146070 _bdp=146070 _min_cwnd=4150 _maxwnd=219105 _cwnd=219105
Initialize per-instance NSCC parameters: flowid 3 _base_rtt=11685600 _base_bdp=146070 _bdp=146070 _min_cwnd=4150 _maxwnd=219105 _cwnd=219105
Initialize per-instance NSCC parameters: flowid 4 _base_rtt=11685600 _base_bdp=146070 _bdp=146070 _min_cwnd=4150 _maxwnd=219105 _cwnd=219105
Initialize per-instance NSCC parameters: flowid 5 _base_rtt=11685600 _base_bdp=146070 _bdp=146070 _min_cwnd=4150 _maxwnd=219105 _cwnd=219105
Initialize per-instance NSCC parameters: flowid 6 _base_rtt=11685600 _base_bdp=146070 _bdp=146070 _min_cwnd=4150 _maxwnd=219105 _cwnd=219105
Initialize per-instance NSCC parameters: flowid 7 _base_rtt=11685600 _base_bdp=146070 _bdp=146070 _min_cwnd=4150 _maxwnd=219105 _cwnd=219105
Initialize per-instance NSCC parameters: flowid 8 _base_rtt=11685600 _base_bdp=146070 _bdp=146070 _min_cwnd=4150 _maxwnd=219105 _cwnd=219105
Initialize per-instance NSCC parameters: flowid 9 _base_rtt=11685600 _base_bdp=146070 _bdp=146070 _min_cwnd=4150 _maxwnd=219105 _cwnd=219105
Initialize per-instance NSCC parameters: flowid 10 _base_rtt=11685600 _base_bdp=146070 _bdp=146070 _min_cwnd=4150 _maxwnd=219105 _cwnd=219105
Initialize per-instance NSCC parameters: flowid 11 _base_rtt=11685600 _base_bdp=146070 _bdp=146070 _min_cwnd=4150 _maxwnd=219105 _cwnd=219105
Initialize per-instance NSCC parameters: flowid 12 _base_rtt=11685600 _base_bdp=146070 _bdp=146070 _min_cwnd=4150 _maxwnd=219105 _cwnd=219105
Initialize per-instance NSCC parameters: flowid 13 _base_rtt=11685600 _base_bdp=146070 _bdp=146070 _min_cwnd=4150 _maxwnd=219105 _cwnd=219105
Initialize per-instance NSCC parameters: flowid 14 _base_rtt=11685600 _base_bdp=146070 _bdp=146070 _min_cwnd=4150 _maxwnd=219105 _cwnd=219105
Initialize per-instance NSCC parameters: flowid 15 _base_rtt=11685600 _base_bdp=146070 _bdp=146070 _min_cwnd=4150 _maxwnd=219105 _cwnd=219105
Initialize per-instance NSCC parameters: flowid 16 _base_rtt=11685600 _base_bdp=146070 _bdp=146070 _min_cwnd=4150 _maxwnd=219105 _cwnd=219105
Initialize per-instance NSCC parameters: flowid 17 _base_rtt=11685600 _base_bdp=146070 _bdp=146070 _min_cwnd=4150 _maxwnd=219105 _cwnd=219105
Initialize per-instance NSCC parameters: flowid 18 _base_rtt=11685600 _base_bdp=146070 _bdp=146070 _min_cwnd=4150 _maxwnd=219105 _cwnd=219105
Initialize per-instance NSCC parameters: flowid 19 _base_rtt=11685600 _base_bdp=146070 _bdp=146070 _min_cwnd=4150 _maxwnd=219105 _cwnd=219105
Initialize per-instance NSCC parameters: flowid 20 _base_rtt=11685600 _base_bdp=146070 _bdp=146070 _min_cwnd=4150 _maxwnd=219105 _cwnd=219105
Initialize per-instance NSCC parameters: flowid 21 _base_rtt=11685600 _base_bdp=146070 _bdp=146070 _min_cwnd=4150 _maxwnd=219105 _cwnd=219105
Initialize per-instance NSCC parameters: flowid 22 _base_rtt=11685600 _base_bdp=146070 _bdp=146070 _min_cwnd=4150 _maxwnd=219105 _cwnd=219105
Initialize per-instance NSCC parameters: flowid 23 _base_rtt=11685600 _base_bdp=146070 _bdp=146070 _min_cwnd=4150 _maxwnd=219105 _cwnd=219105
Initialize per-instance NSCC parameters: flowid 24 _base_rtt=11685600 _base_bdp=146070 _bdp=146070 _min_cwnd=4150 _maxwnd=219105 _cwnd=219105
Initialize per-instance NSCC parameters: flowid 25 _base_rtt=11685600 _base_bdp=146070 _bdp=146070 _min_cwnd=4150 _maxwnd=219105 _cwnd=219105
Initialize per-instance NSCC parameters: flowid 26 _base_rtt=11685600 _base_bdp=146070 _bdp=146070 _min_cwnd=4150 _maxwnd=219105 _cwnd=219105
Initialize per-instance NSCC parameters: flowid 27 _base_rtt=11685600 _base_bdp=146070 _bdp=146070 _min_cwnd=4150 _maxwnd=219105 _cwnd=219105
Initialize per-instance NSCC parameters: flowid 28 _base_rtt=11685600 _base_bdp=146070 _bdp=146070 _min_cwnd=4150 _maxwnd=219105 _cwnd=219105
Initialize per-instance NSCC parameters: flowid 29 _base_rtt=11685600 _base_bdp=146070 _bdp=146070 _min_cwnd=4150 _maxwnd=219105 _cwnd=219105
Initialize per-instance NSCC parameters: flowid 30 _base_rtt=11685600 _base_bdp=146070 _bdp=146070 _min_cwnd=4150 _maxwnd=219105 _cwnd=219105
Initialize per-instance NSCC parameters: flowid 31 _base_rtt=11685600 _base_bdp=146070 _bdp=146070 _min_cwnd=4150 _maxwnd=219105 _cwnd=219105
Initialize per-instance NSCC parameters: flowid 32 _base_rtt=11685600 _base_bdp=146070 _bdp=146070 _min_cwnd=4150 _maxwnd=219105 _cwnd=219105
Initialize per-instance NSCC parameters: flowid 33 _base_rtt=11685600 _base_bdp=146070 _bdp=146070 _min_cwnd=4150 _maxwnd=219105 _cwnd=219105
Initialize per-instance NSCC parameters: flowid 34 _base_rtt=11685600 _base_bdp=146070 _bdp=146070 _min_cwnd=4150 _maxwnd=219105 _cwnd=219105
Initialize per-instance NSCC parameters: flowid 35 _base_rtt=11685600 _base_bdp=146070 _bdp=146070 _min_cwnd=4150 _maxwnd=219105 _cwnd=219105
Initialize per-instance NSCC parameters: flowid 36 _base_rtt=11685600 _base_bdp=146070 _bdp=146070 _min_cwnd=4150 _maxwnd=219105 _cwnd=219105
Initialize per-instance NSCC parameters: flowid 37 _base_rtt=11685600 _base_bdp=146070 _bdp=146070 _min_cwnd=4150 _maxwnd=219105 _cwnd=219105
Initialize per-instance NSCC parameters: flowid 38 _base_rtt=11685600 _base_bdp=146070 _bdp=146070 _min_cwnd=4150 _maxwnd=219105 _cwnd=219105
Initialize per-instance NSCC parameters: flowid 39 _base_rtt=11685600 _base_bdp=146070 _bdp=146070 _min_cwnd=4150 _maxwnd=219105 _cwnd=219105
Initialize per-instance NSCC parameters: flowid 40 _base_rtt=11685600 _base_bdp=146070 _bdp=146070 _min_cwnd=4150 _maxwnd=219105 _cwnd=219105
Initialize per-instance NSCC parameters: flowid 41 _base_rtt=11685600 _base_bdp=146070 _bdp=146070 _min_cwnd=4150 _maxwnd=219105 _cwnd=219105
Initialize per-instance NSCC parameters: flowid 42 _base_rtt=11685600 _base_bdp=146070 _bdp=146070 _min_cwnd=4150 _maxwnd=219105 _cwnd=219105
Initialize per-instance NSCC parameters: flowid 43 _base_rtt=11685600 _base_bdp=146070 _bdp=146070 _min_cwnd=4150 _maxwnd=219105 _cwnd=219105
Initialize per-instance NSCC parameters: flowid 44 _base_rtt=11685600 _base_bdp=146070 _bdp=146070 _min_cwnd=4150 _maxwnd=219105 _cwnd=219105
Initialize per-instance NSCC parameters: flowid 45 _base_rtt=11685600 _base_bdp=146070 _bdp=146070 _min_cwnd=4150 _maxwnd=219105 _cwnd=219105
Initialize per-instance NSCC parameters: flowid 46 _base_rtt=11685600 _base_bdp=146070 _bdp=146070 _min_cwnd=4150 _maxwnd=219105 _cwnd=219105
Initialize per-instance NSCC parameters: flowid 47 _base_rtt=11685600 _base_bdp=146070 _bdp=146070 _min_cwnd=4150 _maxwnd=219105 _cwnd=219105
Initialize per-instance NSCC parameters: flowid 48 _base_rtt=11685600 _base_bdp=146070 _bdp=146070 _min_cwnd=4150 _maxwnd=219105 _cwnd=219105
Initialize per-instance NSCC parameters: flowid 49 _base_rtt=11685600 _base_bdp=146070 _bdp=146070 _min_cwnd=4150 _maxwnd=219105 _cwnd=219105
Initialize per-instance NSCC parameters: flowid 50 _base_rtt=11685600 _base_bdp=146070 _bdp=146070 _min_cwnd=4150 _maxwnd=219105 _cwnd=219105
Initialize per-instance NSCC parameters: flowid 51 _base_rtt=11685600 _base_bdp=146070 _bdp=146070 _min_cwnd=4150 _maxwnd=219105 _cwnd=219105
Initialize per-instance NSCC parameters: flowid 52 _base_rtt=11685600 _base_bdp=146070 _bdp=146070 _min_cwnd=4150 _maxwnd=219105 _cwnd=219105
Initialize per-instance NSCC parameters: flowid 53 _base_rtt=11685600 _base_bdp=146070 _bdp=146070 _min_cwnd=4150 _maxwnd=219105 _cwnd=219105
Initialize per-instance NSCC parameters: flowid 54 _base_rtt=11685600 _base_bdp=146070 _bdp=146070 _min_cwnd=4150 _maxwnd=219105 _cwnd=219105
Initialize per-instance NSCC parameters: flowid 55 _base_rtt=11685600 _base_bdp=146070 _bdp=146070 _min_cwnd=4150 _maxwnd=219105 _cwnd=219105
Initialize per-instance NSCC parameters: flowid 56 _base_rtt=11685600 _base_bdp=146070 _bdp=146070 _min_cwnd=4150 _maxwnd=219105 _cwnd=219105
Initialize per-instance NSCC parameters: flowid 57 _base_rtt=11685600 _base_bdp=146070 _bdp=146070 _min_cwnd=4150 _maxwnd=219105 _cwnd=219105
Initialize per-instance NSCC parameters: flowid 58 _base_rtt=11685600 _base_bdp=146070 _bdp=146070 _min_cwnd=4150 _maxwnd=219105 _cwnd=219105
Initialize per-instance NSCC parameters: flowid 59 _base_rtt=11685600 _base_bdp=146070 _bdp=146070 _min_cwnd=4150 _maxwnd=219105 _cwnd=219105
Initialize per-instance NSCC parameters: flowid 60 _base_rtt=11685600 _base_bdp=146070 _bdp=146070 _min_cwnd=4150 _maxwnd=219105 _cwnd=219105
Initialize per-instance NSCC parameters: flowid 61 _base_rtt=11685600 _base_bdp=146070 _bdp=146070 _min_cwnd=4150 _maxwnd=219105 _cwnd=219105
Initialize per-instance NSCC parameters: flowid 62 _base_rtt=11685600 _base_bdp=146070 _bdp=146070 _min_cwnd=4150 _maxwnd=219105 _cwnd=219105
Initialize per-instance NSCC parameters: flowid 63 _base_rtt=11685600 _base_bdp=146070 _bdp=146070 _min_cwnd=4150 _maxwnd=219105 _cwnd=219105
Initialize per-instance NSCC parameters: flowid 64 _base_rtt=11685600 _base_bdp=146070 _bdp=146070 _min_cwnd=4150 _maxwnd=219105 _cwnd=219105
Initialize per-instance NSCC parameters: flowid 65 _base_rtt=11685600 _base_bdp=146070 _bdp=146070 _min_cwnd=4150 _maxwnd=219105 _cwnd=219105
Initialize per-instance NSCC parameters: flowid 66 _base_rtt=11685600 _base_bdp=146070 _bdp=146070 _min_cwnd=4150 _maxwnd=219105 _cwnd=219105
Initialize per-instance NSCC parameters: flowid 67 _base_rtt=11685600 _base_bdp=146070 _bdp=146070 _min_cwnd=4150 _maxwnd=219105 _cwnd=219105
Initialize per-instance NSCC parameters: flowid 68 _base_rtt=11685600 _base_bdp=146070 _bdp=146070 _min_cwnd=4150 _maxwnd=219105 _cwnd=219105
Initialize per-instance NSCC parameters: flowid 69 _base_rtt=11685600 _base_bdp=146070 _bdp=146070 _min_cwnd=4150 _maxwnd=219105 _cwnd=219105
Initialize per-instance NSCC parameters: flowid 70 _base_rtt=11685600 _base_bdp=146070 _bdp=146070 _min_cwnd=4150 _maxwnd=219105 _cwnd=219105
Initialize per-instance NSCC parameters: flowid 71 _base_rtt=11685600 _base_bdp=146070 _bdp=146070 _min_cwnd=4150 _maxwnd=219105 _cwnd=219105
Initialize per-instance NSCC parameters: flowid 72 _base_rtt=11685600 _base_bdp=146070 _bdp=146070 _min_cwnd=4150 _maxwnd=219105 _cwnd=219105
Initialize per-instance NSCC parameters: flowid 73 _base_rtt=11685600 _base_bdp=146070 _bdp=146070 _min_cwnd=4150 _maxwnd=219105 _cwnd=219105
Initialize per-instance NSCC parameters: flowid 74 _base_rtt=11685600 _base_bdp=146070 _bdp=146070 _min_cwnd=4150 _maxwnd=219105 _cwnd=219105
Initialize per-instance NSCC parameters: flowid 75 _base_rtt=11685600 _base_bdp=146070 _bdp=146070 _min_cwnd=4150 _maxwnd=219105 _cwnd=219105
Initialize per-instance NSCC parameters: flowid 76 _base_rtt=11685600 _base_bdp=146070 _bdp=146070 _min_cwnd=4150 _maxwnd=219105 _cwnd=219105
Initialize per-instance NSCC parameters: flowid 77 _base_rtt=11685600 _base_bdp=146070 _bdp=146070 _min_cwnd=4150 _maxwnd=219105 _cwnd=219105
Initialize per-instance NSCC parameters: flowid 78 _base_rtt=11685600 _base_bdp=146070 _bdp=146070 _min_cwnd=4150 _maxwnd=219105 _cwnd=219105
Initialize per-instance NSCC parameters: flowid 79 _base_rtt=11685600 _base_bdp=146070 _bdp=146070 _min_cwnd=4150 _maxwnd=219105 _cwnd=219105
Initialize per-instance NSCC parameters: flowid 80 _base_rtt=11685600 _base_bdp=146070 _bdp=146070 _min_cwnd=4150 _maxwnd=219105 _cwnd=219105
Initialize per-instance NSCC parameters: flowid 81 _base_rtt=11685600 _base_bdp=146070 _bdp=146070 _min_cwnd=4150 _maxwnd=219105 _cwnd=219105
Initialize per-instance NSCC parameters: flowid 82 _base_rtt=11685600 _base_bdp=146070 _bdp=146070 _min_cwnd=4150 _maxwnd=219105 _cwnd=219105
Initialize per-instance NSCC parameters: flowid 83 _base_rtt=11685600 _base_bdp=146070 _bdp=146070 _min_cwnd=4150 _maxwnd=219105 _cwnd=219105
Initialize per-instance NSCC parameters: flowid 84 _base_rtt=11685600 _base_bdp=146070 _bdp=146070 _min_cwnd=4150 _maxwnd=219105 _cwnd=219105
Initialize per-instance NSCC parameters: flowid 85 _base_rtt=11685600 _base_bdp=146070 _bdp=146070 _min_cwnd=4150 _maxwnd=219105 _cwnd=219105
Initialize per-instance NSCC parameters: flowid 86 _base_rtt=11685600 _base_bdp=146070 _bdp=146070 _min_cwnd=4150 _maxwnd=219105 _cwnd=219105
Initialize per-instance NSCC parameters: flowid 87 _base_rtt=11685600 _base_bdp=146070 _bdp=146070 _min_cwnd=4150 _maxwnd=219105 _cwnd=219105
Initialize per-instance NSCC parameters: flowid 88 _base_rtt=11685600 _base_bdp=146070 _bdp=146070 _min_cwnd=4150 _maxwnd=219105 _cwnd=219105
Initialize per-instance NSCC parameters: flowid 89 _base_rtt=11685600 _base_bdp=146070 _bdp=146070 _min_cwnd=4150 _maxwnd=219105 _cwnd=219105
Initialize per-instance NSCC parameters: flowid 90 _base_rtt=11685600 _base_bdp=146070 _bdp=146070 _min_cwnd=4150 _maxwnd=219105 _cwnd=219105
Initialize per-instance NSCC parameters: flowid 91 _base_rtt=11685600 _base_bdp=146070 _bdp=146070 _min_cwnd=4150 _maxwnd=219105 _cwnd=219105
Initialize per-instance NSCC parameters: flowid 92 _base_rtt=11685600 _base_bdp=146070 _bdp=146070 _min_cwnd=4150 _maxwnd=219105 _cwnd=219105
Initialize per-instance NSCC parameters: flowid 93 _base_rtt=11685600 _base_bdp=146070 _bdp=146070 _min_cwnd=4150 _maxwnd=219105 _cwnd=219105
Initialize per-instance NSCC parameters: flowid 94 _base_rtt=11685600 _base_bdp=146070 _bdp=146070 _min_cwnd=4150 _maxwnd=219105 _cwnd=219105
Initialize per-instance NSCC parameters: flowid 95 _base_rtt=11685600 _base_bdp=146070 _bdp=146070 _min_cwnd=4150 _maxwnd=219105 _cwnd=219105
Initialize per-instance NSCC parameters: flowid 96 _base_rtt=11685600 _base_bdp=146070 _bdp=146070 _min_cwnd=4150 _maxwnd=219105 _cwnd=219105
Initialize per-instance NSCC parameters: flowid 97 _base_rtt=11685600 _base_bdp=146070 _bdp=146070 _min_cwnd=4150 _maxwnd=219105 _cwnd=219105
Initialize per-instance NSCC parameters: flowid 98 _base_rtt=11685600 _base_bdp=146070 _bdp=146070 _min_cwnd=4150 _maxwnd=219105 _cwnd=219105
Initialize per-instance NSCC parameters: flowid 99 _base_rtt=11685600 _base_bdp=146070 _bdp=146070 _min_cwnd=4150 _maxwnd=219105 _cwnd=219105
Initialize per-instance NSCC parameters: flowid 100 _base_rtt=11685600 _base_bdp=146070 _bdp=146070 _min_cwnd=4150 _maxwnd=219105 _cwnd=219105
Initialize per-instance NSCC parameters: flowid 101 _base_rtt=11685600 _base_bdp=146070 _bdp=146070 _min_cwnd=4150 _maxwnd=219105 _cwnd=219105
Initialize per-instance NSCC parameters: flowid 102 _base_rtt=11685600 _base_bdp=146070 _bdp=146070 _min_cwnd=4150 _maxwnd=219105 _cwnd=219105
Initialize per-instance NSCC parameters: flowid 103 _base_rtt=11685600 _base_bdp=146070 _bdp=146070 _min_cwnd=4150 _maxwnd=219105 _cwnd=219105
Initialize per-instance NSCC parameters: flowid 104 _base_rtt=11685600 _base_bdp=146070 _bdp=146070 _min_cwnd=4150 _maxwnd=219105 _cwnd=219105
Initialize per-instance NSCC parameters: flowid 105 _base_rtt=11685600 _base_bdp=146070 _bdp=146070 _min_cwnd=4150 _maxwnd=219105 _cwnd=219105
Initialize per-instance NSCC parameters: flowid 106 _base_rtt=11685600 _base_bdp=146070 _bdp=146070 _min_cwnd=4150 _maxwnd=219105 _cwnd=219105
Initialize per-instance NSCC parameters: flowid 107 _base_rtt=11685600 _base_bdp=146070 _bdp=146070 _min_cwnd=4150 _maxwnd=219105 _cwnd=219105
Initialize per-instance NSCC parameters: flowid 108 _base_rtt=11685600 _base_bdp=146070 _bdp=146070 _min_cwnd=4150 _maxwnd=219105 _cwnd=219105
Initialize per-instance NSCC parameters: flowid 109 _base_rtt=11685600 _base_bdp=146070 _bdp=146070 _min_cwnd=4150 _maxwnd=219105 _cwnd=219105
Initialize per-instance NSCC parameters: flowid 110 _base_rtt=11685600 _base_bdp=146070 _bdp=146070 _min_cwnd=4150 _maxwnd=219105 _cwnd=219105
Initialize per-instance NSCC parameters: flowid 111 _base_rtt=11685600 _base_bdp=146070 _bdp=146070 _min_cwnd=4150 _maxwnd=219105 _cwnd=219105
Initialize per-instance NSCC parameters: flowid 112 _base_rtt=11685600 _base_bdp=146070 _bdp=146070 _min_cwnd=4150 _maxwnd=219105 _cwnd=219105
Initialize per-instance NSCC parameters: flowid 113 _base_rtt=11685600 _base_bdp=146070 _bdp=146070 _min_cwnd=4150 _maxwnd=219105 _cwnd=219105
Initialize per-instance NSCC parameters: flowid 114 _base_rtt=11685600 _base_bdp=146070 _bdp=146070 _min_cwnd=4150 _maxwnd=219105 _cwnd=219105
Initialize per-instance NSCC parameters: flowid 115 _base_rtt=11685600 _base_bdp=146070 _bdp=146070 _min_cwnd=4150 _maxwnd=219105 _cwnd=219105
Initialize per-instance NSCC parameters: flowid 116 _base_rtt=11685600 _base_bdp=146070 _bdp=146070 _min_cwnd=4150 _maxwnd=219105 _cwnd=219105
Initialize per-instance NSCC parameters: flowid 117 _base_rtt=11685600 _base_bdp=146070 _bdp=146070 _min_cwnd=4150 _maxwnd=219105 _cwnd=219105
Initialize per-instance NSCC parameters: flowid 118 _base_rtt=11685600 _base_bdp=146070 _bdp=146070 _min_cwnd=4150 _maxwnd=219105 _cwnd=219105
Initialize per-instance NSCC parameters: flowid 119 _base_rtt=11685600 _base_bdp=146070 _bdp=146070 _min_cwnd=4150 _maxwnd=219105 _cwnd=219105
Initialize per-instance NSCC parameters: flowid 120 _base_rtt=11685600 _base_bdp=146070 _bdp=146070 _min_cwnd=4150 _maxwnd=219105 _cwnd=219105
Initialize per-instance NSCC parameters: flowid 121 _base_rtt=11685600 _base_bdp=146070 _bdp=146070 _min_cwnd=4150 _maxwnd=219105 _cwnd=219105
Initialize per-instance NSCC parameters: flowid 122 _base_rtt=11685600 _base_bdp=146070 _bdp=146070 _min_cwnd=4150 _maxwnd=219105 _cwnd=219105
Initialize per-instance NSCC parameters: flowid 123 _base_rtt=11685600 _base_bdp=146070 _bdp=146070 _min_cwnd=4150 _maxwnd=219105 _cwnd=219105
Initialize per-instance NSCC parameters: flowid 124 _base_rtt=11685600 _base_bdp=146070 _bdp=146070 _min_cwnd=4150 _maxwnd=219105 _cwnd=219105
Initialize per-instance NSCC parameters: flowid 125 _base_rtt=11685600 _base_bdp=146070 _bdp=146070 _min_cwnd=4150 _maxwnd=219105 _cwnd=219105
Initialize per-instance NSCC parameters: flowid 126 _base_rtt=11685600 _base_bdp=146070 _bdp=146070 _min_cwnd=4150 _maxwnd=219105 _cwnd=219105
Initialize per-instance NSCC parameters: flowid 127 _base_rtt=11685600 _base_bdp=146070 _bdp=146070 _min_cwnd=4150 _maxwnd=219105 _cwnd=219105
Initialize per-instance NSCC parameters: flowid 128 _base_rtt=11685600 _base_bdp=146070 _bdp=146070 _min_cwnd=4150 _maxwnd=219105 _cwnd=219105
Initialize per-instance NSCC parameters: flowid 129 _base_rtt=11685600 _base_bdp=146070 _bdp=146070 _min_cwnd=4150 _maxwnd=219105 _cwnd=219105
Initialize per-instance NSCC parameters: flowid 130 _base_rtt=11685600 _base_bdp=146070 _bdp=146070 _min_cwnd=4150 _maxwnd=219105 _cwnd=219105
Initialize per-instance NSCC parameters: flowid 131 _base_rtt=11685600 _base_bdp=146070 _bdp=146070 _min_cwnd=4150 _maxwnd=219105 _cwnd=219105
Initialize per-instance NSCC parameters: flowid 132 _base_rtt=11685600 _base_bdp=146070 _bdp=146070 _min_cwnd=4150 _maxwnd=219105 _cwnd=219105
Initialize per-instance NSCC parameters: flowid 133 _base_rtt=11685600 _base_bdp=146070 _bdp=146070 _min_cwnd=4150 _maxwnd=219105 _cwnd=219105
Initialize per-instance NSCC parameters: flowid 134 _base_rtt=11685600 _base_bdp=146070 _bdp=146070 _min_cwnd=4150 _maxwnd=219105 _cwnd=219105
Initialize per-instance NSCC parameters: flowid 135 _base_rtt=11685600 _base_bdp=146070 _bdp=146070 _min_cwnd=4150 _maxwnd=219105 _cwnd=219105
Initialize per-instance NSCC parameters: flowid 136 _base_rtt=11685600 _base_bdp=146070 _bdp=146070 _min_cwnd=4150 _maxwnd=219105 _cwnd=219105
Initialize per-instance NSCC parameters: flowid 137 _base_rtt=11685600 _base_bdp=146070 _bdp=146070 _min_cwnd=4150 _maxwnd=219105 _cwnd=219105
Initialize per-instance NSCC parameters: flowid 138 _base_rtt=11685600 _base_bdp=146070 _bdp=146070 _min_cwnd=4150 _maxwnd=219105 _cwnd=219105
Initialize per-instance NSCC parameters: flowid 139 _base_rtt=11685600 _base_bdp=146070 _bdp=146070 _min_cwnd=4150 _maxwnd=219105 _cwnd=219105
Initialize per-instance NSCC parameters: flowid 140 _base_rtt=11685600 _base_bdp=146070 _bdp=146070 _min_cwnd=4150 _maxwnd=219105 _cwnd=219105
Initialize per-instance NSCC parameters: flowid 141 _base_rtt=11685600 _base_bdp=146070 _bdp=146070 _min_cwnd=4150 _maxwnd=219105 _cwnd=219105
Initialize per-instance NSCC parameters: flowid 142 _base_rtt=11685600 _base_bdp=146070 _bdp=146070 _min_cwnd=4150 _maxwnd=219105 _cwnd=219105
Initialize per-instance NSCC parameters: flowid 143 _base_rtt=11685600 _base_bdp=146070 _bdp=146070 _min_cwnd=4150 _maxwnd=219105 _cwnd=219105
Initialize per-instance NSCC parameters: flowid 144 _base_rtt=11685600 _base_bdp=146070 _bdp=146070 _min_cwnd=4150 _maxwnd=219105 _cwnd=219105
Starting simulation
Flow Uec_508_188 flowId 1 uecSrc 0 starting at 0
Flow Uec_347_10 flowId 2 uecSrc 1 starting at 0
Flow Uec_83_353 flowId 3 uecSrc 2 starting at 0
Flow Uec_402_86 flowId 4 uecSrc 3 starting at 0
Flow Uec_125_341 flowId 5 uecSrc 4 starting at 0
Flow Uec_486_132 flowId 6 uecSrc 5 starting at 0
Flow Uec_67_345 flowId 7 uecSrc 6 starting at 0
Flow Uec_204_506 flowId 8 uecSrc 7 starting at 0
Flow Uec_160_446 flowId 9 uecSrc 8 starting at 0
Flow Uec_64_366 flowId 10 uecSrc 9 starting at 0
Flow Uec_359_43 flowId 11 uecSrc 10 starting at 0
Flow Uec_515_197 flowId 12 uecSrc 11 starting at 0
Flow Uec_72_336 flowId 13 uecSrc 12 starting at 0
Flow Uec_445_120 flowId 14 uecSrc 13 starting at 0
Flow Uec_287_568 flowId 15 uecSrc 14 starting at 0
Flow Uec_547_207 flowId 16 uecSrc 15 starting at 0
Flow Uec_269_555 flowId 17 uecSrc 16 starting at 0
Flow Uec_33_309 flowId 18 uecSrc 17 starting at 0
Flow Uec_243_480 flowId 19 uecSrc 18 starting at 0
Flow Uec_472_162 flowId 20 uecSrc 19 starting at 0
Flow Uec_447_69 flowId 21 uecSrc 20 starting at 0
Flow Uec_424_78 flowId 22 uecSrc 21 starting at 0
Flow Uec_202_502 flowId 23 uecSrc 22 starting at 0
Flow Uec_444_91 flowId 24 uecSrc 23 starting at 0
Flow Uec_554_238 flowId 25 uecSrc 24 starting at 0
Flow Uec_260_563 flowId 26 uecSrc 25 starting at 0
Flow Uec_367_39 flowId 27 uecSrc 26 starting at 0
Flow Uec_139_435 flowId 28 uecSrc 27 starting at 0
Flow Uec_157_421 flowId 29 uecSrc 28 starting at 0
Flow Uec_304_559 flowId 30 uecSrc 29 starting at 0
Flow Uec_517_223 flowId 31 uecSrc 30 starting at 0
Flow Uec_220_504 flowId 32 uecSrc 31 starting at 0
Flow Uec_3_277 flowId 33 uecSrc 32 starting at 0
Flow Uec_455_136 flowId 34 uecSrc 33 starting at 0
Flow Uec_358_59 flowId 35 uecSrc 34 starting at 0
Flow Uec_134_429 flowId 36 uecSrc 35 starting at 0
Flow Uec_217_473 flowId 37 uecSrc 36 starting at 0
Flow Uec_262_531 flowId 38 uecSrc 37 starting at 0
Flow Uec_292_527 flowId 39 uecSrc 38 starting at 0
Flow Uec_375_40 flowId 40 uecSrc 39 starting at 0
Flow Uec_249_449 flowId 41 uecSrc 40 starting at 0
Flow Uec_143_409 flowId 42 uecSrc 41 starting at 0
Flow Uec_575_210 flowId 43 uecSrc 42 starting at 0
Flow Uec_52_313 flowId 44 uecSrc 43 starting at 0
Flow Uec_147_445 flowId 45 uecSrc 44 starting at 0
Flow Uec_80_328 flowId 46 uecSrc 45 starting at 0
Flow Uec_50_312 flowId 47 uecSrc 46 starting at 0
Flow Uec_253_472 flowId 48 uecSrc 47 starting at 0
Flow Uec_471_184 flowId 49 uecSrc 48 starting at 0
Flow Uec_284_574 flowId 50 uecSrc 49 starting at 0
Flow Uec_569_246 flowId 51 uecSrc 50 starting at 0
Flow Uec_340_22 flowId 52 uecSrc 51 starting at 0
Flow Uec_207_450 flowId 53 uecSrc 52 starting at 0
Flow Uec_212_482 flowId 54 uecSrc 53 starting at 0
Flow Uec_329_55 flowId 55 uecSrc 54 starting at 0
Flow Uec_194_471 flowId 56 uecSrc 55 starting at 0
Flow Uec_188_392 flowId 57 uecSrc 56 starting at 0
Flow Uec_198_509 flowId 58 uecSrc 57 starting at 0
Flow Uec_373_25 flowId 59 uecSrc 58 starting at 0
Flow Uec_152_434 flowId 60 uecSrc 59 starting at 0
Flow Uec_518_253 flowId 61 uecSrc 60 starting at 0
Flow Uec_121_374 flowId 62 uecSrc 61 starting at 0
Flow Uec_197_470 flowId 63 uecSrc 62 starting at 0
Flow Uec_561_230 flowId 64 uecSrc 63 starting at 0
Flow Uec_415_97 flowId 65 uecSrc 64 starting at 0
Flow Uec_551_204 flowId 66 uecSrc 65 starting at 0
Flow Uec_296_575 flowId 67 uecSrc 66 starting at 0
Flow Uec_314_512 flowId 68 uecSrc 67 starting at 0
Flow Uec_95_346 flowId 69 uecSrc 68 starting at 0
Flow Uec_349_45 flowId 70 uecSrc 69 starting at 0
Flow Uec_293_519 flowId 71 uecSrc 70 starting at 0
Flow Uec_42_304 flowId 72 uecSrc 71 starting at 0
Flow Uec_246_495 flowId 73 uecSrc 72 starting at 0
Flow Uec_473_182 flowId 74 uecSrc 73 starting at 0
Flow Uec_31_258 flowId 75 uecSrc 74 starting at 0
Flow Uec_491_131 flowId 76 uecSrc 75 starting at 0
Flow Uec_66_335 flowId 77 uecSrc 76 starting at 0
Flow Uec_353_42 flowId 78 uecSrc 77 starting at 0
Flow Uec_529_235 flowId 79 uecSrc 78 starting at 0
Flow Uec_573_224 flowId 80 uecSrc 79 starting at 0
Flow Uec_70_382 flowId 81 uecSrc 80 starting at 0
Flow Uec_154_388 flowId 82 uecSrc 81 starting at 0
Flow Uec_392_73 flowId 83 uecSrc 82 starting at 0
Flow Uec_171_424 flowId 84 uecSrc 83 starting at 0
Flow Uec_104_376 flowId 85 uecSrc 84 starting at 0
Flow Uec_425_124 flowId 86 uecSrc 85 starting at 0
Flow Uec_240_465 flowId 87 uecSrc 86 starting at 0
Flow Uec_484_167 flowId 88 uecSrc 87 starting at 0
Flow Uec_38_303 flowId 89 uecSrc 88 starting at 0
Flow Uec_117_364 flowId 90 uecSrc 89 starting at 0
Flow Uec_510_181 flowId 91 uecSrc 90 starting at 0
Flow Uec_382_58 flowId 92 uecSrc 91 starting at 0
Flow Uec_452_142 flowId 93 uecSrc 92 starting at 0
Flow Uec_397_88 flowId 94 uecSrc 93 starting at 0
Flow Uec_133_386 flowId 95 uecSrc 94 starting at 0
Flow Uec_466_187 flowId 96 uecSrc 95 starting at 0
Flow Uec_76_334 flowId 97 uecSrc 96 starting at 0
Flow Uec_37_295 flowId 98 uecSrc 97 starting at 0
Flow Uec_166_438 flowId 99 uecSrc 98 starting at 0
Flow Uec_496_143 flowId 100 uecSrc 99 starting at 0
Flow Uec_403_115 flowId 101 uecSrc 100 starting at 0
Flow Uec_327_21 flowId 102 uecSrc 101 starting at 0
Flow Uec_467_149 flowId 103 uecSrc 102 starting at 0
Flow Uec_530_231 flowId 104 uecSrc 103 starting at 0
Flow Uec_422_72 flowId 105 uecSrc 104 starting at 0
Flow Uec_225_453 flowId 106 uecSrc 105 starting at 0
Flow Uec_218_455 flowId 107 uecSrc 106 starting at 0
Flow Uec_222_483 flowId 108 uecSrc 107 starting at 0
Flow Uec_62_293 flowId 109 uecSrc 108 starting at 0
Flow Uec_560_254 flowId 110 uecSrc 109 starting at 0
Flow Uec_118_362 flowId 111 uecSrc 110 starting at 0
Flow Uec_221_466 flowId 112 uecSrc 111 starting at 0
Flow Uec_228_510 flowId 113 uecSrc 112 starting at 0
Flow Uec_195_478 flowId 114 uecSrc 113 starting at 0
Flow Uec_453_169 flowId 115 uecSrc 114 starting at 0
Flow Uec_241_489 flowId 116 uecSrc 115 starting at 0
Flow Uec_232_490 flowId 117 uecSrc 116 starting at 0
Flow Uec_321_63 flowId 118 uecSrc 117 starting at 0
Flow Uec_265_532 flowId 119 uecSrc 118 starting at 0
Flow Uec_135_414 flowId 120 uecSrc 119 starting at 0
Flow Uec_363_62 flowId 121 uecSrc 120 starting at 0
Flow Uec_317_538 flowId 122 uecSrc 121 starting at 0
Flow Uec_567_226 flowId 123 uecSrc 122 starting at 0
Flow Uec_498_161 flowId 124 uecSrc 123 starting at 0
Flow Uec_146_444 flowId 125 uecSrc 124 starting at 0
Flow Uec_190_404 flowId 126 uecSrc 125 starting at 0
Flow Uec_532_221 flowId 127 uecSrc 126 starting at 0
Flow Uec_6_283 flowId 128 uecSrc 127 starting at 0
Flow Uec_142_406 flowId 129 uecSrc 128 starting at 0
Flow Uec_513_239 flowId 130 uecSrc 129 starting at 0
Flow Uec_149_398 flowId 131 uecSrc 130 starting at 0
Flow Uec_451_158 flowId 132 uecSrc 131 starting at 0
Flow Uec_528_217 flowId 133 uecSrc 132 starting at 0
Flow Uec_384_125 flowId 134 uecSrc 133 starting at 0
Flow Uec_272_560 flowId 135 uecSrc 134 starting at 0
Flow Uec_524_202 flowId 136 uecSrc 135 starting at 0
Flow Uec_527_199 flowId 137 uecSrc 136 starting at 0
Flow Uec_325_54 flowId 138 uecSrc 137 starting at 0
Flow Uec_421_119 flowId 139 uecSrc 138 starting at 0
Flow Uec_267_520 flowId 140 uecSrc 139 starting at 0
Flow Uec_312_565 flowId 141 uecSrc 140 starting at 0
Flow Uec_231_511 flowId 142 uecSrc 141 starting at 0
Flow Uec_481_153 flowId 143 uecSrc 142 starting at 0
Flow Uec_2_261 flowId 144 uecSrc 143 starting at 0
Flow Uec_33_309 flowId 18 uecSrc 17 finished at 823.887 total messages 1 total packets 2448 RTS 0 total bytes 10002528 in_flight now 0 fair_inc 0 prop_inc 10612 fast_inc 2422974 eta_inc 39932 multi_dec -0 quick_dec -0 nack_dec -0
Flow Uec_166_438 flowId 99 uecSrc 98 finished at 824.219 total messages 1 total packets 2448 RTS 0 total bytes 10002528 in_flight now 0 fair_inc 0 prop_inc 10413 fast_inc 2422974 eta_inc 39336 multi_dec -0 quick_dec -0 nack_dec -0
Flow Uec_317_538 flowId 122 uecSrc 121 finished at 824.219 total messages 1 total packets 2448 RTS 0 total bytes 10002528 in_flight now 0 fair_inc 0 prop_inc 10494 fast_inc 2422974 eta_inc 39932 multi_dec -0 quick_dec -0 nack_dec -0
Flow Uec_402_86 flowId 4 uecSrc 3 finished at 824.883 total messages 1 total packets 2448 RTS 0 total bytes 10002528 in_flight now 0 fair_inc 0 prop_inc 160037 fast_inc 1628523 eta_inc 39336 multi_dec -0 quick_dec -0 nack_dec -0
Flow Uec_373_25 flowId 59 uecSrc 58 finished at 825.547 total messages 1 total packets 2448 RTS 0 total bytes 10002528 in_flight now 0 fair_inc 0 prop_inc 427198 fast_inc 0 eta_inc 39336 multi_dec -0 quick_dec -0 nack_dec -0
Flow Uec_3_277 flowId 33 uecSrc 32 finished at 825.547 total messages 1 total packets 2448 RTS 0 total bytes 10002528 in_flight now 0 fair_inc 0 prop_inc 417111 fast_inc 0 eta_inc 39932 multi_dec -0 quick_dec -0 nack_dec -0
Flow Uec_134_429 flowId 36 uecSrc 35 finished at 825.551 total messages 1 total packets 2448 RTS 0 total bytes 10002528 in_flight now 0 fair_inc 0 prop_inc 419031 fast_inc 0 eta_inc 39336 multi_dec -0 quick_dec -0 nack_dec -0
Flow Uec_31_258 flowId 75 uecSrc 74 finished at 825.551 total messages 1 total packets 2448 RTS 0 total bytes 10002528 in_flight now 0 fair_inc 0 prop_inc 429984 fast_inc 0 eta_inc 40528 multi_dec -0 quick_dec -0 nack_dec -0
Flow Uec_118_362 flowId 111 uecSrc 110 finished at 825.855 total messages 1 total packets 2448 RTS 0 total bytes 10002528 in_flight now 0 fair_inc 0 prop_inc 416592 fast_inc 0 eta_inc 40528 multi_dec -0 quick_dec -0 nack_dec -0
Flow Uec_133_386 flowId 95 uecSrc 94 finished at 825.879 total messages 1 total packets 2448 RTS 0 total bytes 10002528 in_flight now 0 fair_inc 0 prop_inc 400752 fast_inc 0 eta_inc 40528 multi_dec -0 quick_dec -0 nack_dec -0
Flow Uec_284_574 flowId 50 uecSrc 49 finished at 825.879 total messages 1 total packets 2448 RTS 0 total bytes 10002528 in_flight now 0 fair_inc 0 prop_inc 398166 fast_inc 0 eta_inc 39336 multi_dec -0 quick_dec -0 nack_dec -0
Flow Uec_403_115 flowId 101 uecSrc 100 finished at 825.879 total messages 1 total packets 2448 RTS 0 total bytes 10002528 in_flight now 0 fair_inc 0 prop_inc 407882 fast_inc 0 eta_inc 40528 multi_dec -0 quick_dec -0 nack_dec -0
Flow Uec_38_303 flowId 89 uecSrc 88 finished at 825.879 total messages 1 total packets 2448 RTS 0 total bytes 10002528 in_flight now 0 fair_inc 0 prop_inc 408293 fast_inc 0 eta_inc 39932 multi_dec -0 quick_dec -0 nack_dec -0
Flow Uec_269_555 flowId 17 uecSrc 16 finished at 825.879 total messages 1 total packets 2448 RTS 0 total bytes 10002528 in_flight now 0 fair_inc 0 prop_inc 416473 fast_inc 0 eta_inc 39932 multi_dec -0 quick_dec -0 nack_dec -0
Flow Uec_347_10 flowId 2 uecSrc 1 finished at 825.879 total messages 1 total packets 2448 RTS 0 total bytes 10002528 in_flight now 0 fair_inc 0 prop_inc 411942 fast_inc 0 eta_inc 39932 multi_dec -0 quick_dec -0 nack_dec -0
Flow Uec_37_295 flowId 98 uecSrc 97 finished at 825.879 total messages 1 total packets 2448 RTS 0 total bytes 10002528 in_flight now 0 fair_inc 0 prop_inc 409855 fast_inc 0 eta_inc 39932 multi_dec -0 quick_dec -0 nack_dec -0
Flow Uec_367_39 flowId 27 uecSrc 26 finished at 825.883 total messages 1 total packets 2448 RTS 0 total bytes 10002528 in_flight now 0 fair_inc 0 prop_inc 411486 fast_inc 0 eta_inc 40528 multi_dec -0 quick_dec -0 nack_dec -0
Flow Uec_486_132 flowId 6 uecSrc 5 finished at 826.073 total messages 1 total packets 2448 RTS 0 total bytes 10002528 in_flight now 0 fair_inc 0 prop_inc 406585 fast_inc 0 eta_inc 39336 multi_dec -0 quick_dec -0 nack_dec -0
Flow Uec_154_388 flowId 82 uecSrc 81 finished at 826.101 total messages 1 total packets 2448 RTS 0 total bytes 10002528 in_flight now 0 fair_inc 0 prop_inc 390058 fast_inc 0 eta_inc 40528 multi_dec -0 quick_dec -0 nack_dec -0
Flow Uec_325_54 flowId 138 uecSrc 137 finished at 826.211 total messages 1 total packets 2448 RTS 0 total bytes 10002528 in_flight now 0 fair_inc 0 prop_inc 414720 fast_inc 0 eta_inc 40528 multi_dec -0 quick_dec -0 nack_dec -0
Flow Uec_64_366 flowId 10 uecSrc 9 finished at 826.543 total messages 1 total packets 2448 RTS 0 total bytes 10002528 in_flight now 0 fair_inc 0 prop_inc 391385 fast_inc 0 eta_inc 41124 multi_dec -0 quick_dec -0 nack_dec -0
Flow Uec_121_374 flowId 62 uecSrc 61 finished at 826.543 total messages 1 total packets 2448 RTS 0 total bytes 10002528 in_flight now 0 fair_inc 0 prop_inc 359349 fast_inc 0 eta_inc 40528 multi_dec -0 quick_dec -0 nack_dec -0
Flow Uec_329_55 flowId 55 uecSrc 54 finished at 826.875 total messages 1 total packets 2448 RTS 0 total bytes 10002528 in_flight now 0 fair_inc 0 prop_inc 354979 fast_inc 0 eta_inc 40528 multi_dec -0 quick_dec -0 nack_dec -0
Flow Uec_358_59 flowId 35 uecSrc 34 finished at 826.875 total messages 1 total packets 2448 RTS 0 total bytes 10002528 in_flight now 0 fair_inc 0 prop_inc 360532 fast_inc 0 eta_inc 41124 multi_dec -0 quick_dec -0 nack_dec -0
Flow Uec_117_364 flowId 90 uecSrc 89 finished at 826.875 total messages 1 total packets 2448 RTS 0 total bytes 10002528 in_flight now 0 fair_inc 0 prop_inc 374593 fast_inc 0 eta_inc 40528 multi_dec -0 quick_dec -0 nack_dec -0
Flow Uec_52_313 flowId 44 uecSrc 43 finished at 826.875 total messages 1 total packets 2448 RTS 0 total bytes 10002528 in_flight now 0 fair_inc 0 prop_inc 373633 fast_inc 0 eta_inc 40528 multi_dec -0 quick_dec -0 nack_dec -0
Flow Uec_314_512 flowId 68 uecSrc 67 finished at 826.875 total messages 1 total packets 2448 RTS 0 total bytes 10002528 in_flight now 0 fair_inc 0 prop_inc 359566 fast_inc 0 eta_inc 40528 multi_dec -0 quick_dec -0 nack_dec -0
Flow Uec_425_124 flowId 86 uecSrc 85 finished at 826.875 total messages 1 total packets 2448 RTS 0 total bytes 10002528 in_flight now 0 fair_inc 0 prop_inc 369207 fast_inc 0 eta_inc 39932 multi_dec -0 quick_dec -0 nack_dec -0
Flow Uec_190_404 flowId 126 uecSrc 125 finished at 826.875 total messages 1 total packets 2448 RTS 0 total bytes 10002528 in_flight now 0 fair_inc 0 prop_inc 367832 fast_inc 0 eta_inc 40528 multi_dec -0 quick_dec -0 nack_dec -0
Flow Uec_498_161 flowId 124 uecSrc 123 finished at 826.876 total messages 1 total packets 2448 RTS 0 total bytes 10002528 in_flight now 0 fair_inc 0 prop_inc 367159 fast_inc 0 eta_inc 40528 multi_dec -0 quick_dec -0 nack_dec -0
Flow Uec_152_434 flowId 60 uecSrc 59 finished at 826.879 total messages 1 total packets 2448 RTS 0 total bytes 10002528 in_flight now 0 fair_inc 0 prop_inc 390778 fast_inc 0 eta_inc 39932 multi_dec -0 quick_dec -0 nack_dec -0
Flow Uec_67_345 flowId 7 uecSrc 6 finished at 826.879 total messages 1 total packets 2448 RTS 0 total bytes 10002528 in_flight now 0 fair_inc 1496 prop_inc 341267 fast_inc 0 eta_inc 39932 multi_dec -0 quick_dec -0 nack_dec -0
Flow Uec_139_435 flowId 28 uecSrc 27 finished at 826.886 total messages 1 total packets 2448 RTS 0 total bytes 10002528 in_flight now 0 fair_inc 0 prop_inc 367457 fast_inc 0 eta_inc 40528 multi_dec -0 quick_dec -0 nack_dec -0
Flow Uec_392_73 flowId 83 uecSrc 82 finished at 827.051 total messages 1 total packets 2448 RTS 0 total bytes 10002528 in_flight now 0 fair_inc 0 prop_inc 28488 fast_inc 2330031 eta_inc 39932 multi_dec -0 quick_dec -0 nack_dec -0
Flow Uec_415_97 flowId 65 uecSrc 64 finished at 827.187 total messages 1 total packets 2448 RTS 0 total bytes 10002528 in_flight now 0 fair_inc 0 prop_inc 361754 fast_inc 0 eta_inc 39932 multi_dec -0 quick_dec -0 nack_dec -0
Flow Uec_135_414 flowId 120 uecSrc 119 finished at 827.207 total messages 1 total packets 2448 RTS 0 total bytes 10002528 in_flight now 0 fair_inc 0 prop_inc 340240 fast_inc 0 eta_inc 39932 multi_dec -0 quick_dec -0 nack_dec -0
Flow Uec_6_283 flowId 128 uecSrc 127 finished at 827.291 total messages 1 total packets 2448 RTS 0 total bytes 10002528 in_flight now 0 fair_inc 0 prop_inc 326729 fast_inc 505125 eta_inc 40528 multi_dec -0 quick_dec -0 nack_dec -0
Flow Uec_66_335 flowId 77 uecSrc 76 finished at 827.871 total messages 1 total packets 2448 RTS 0 total bytes 10002528 in_flight now 0 fair_inc 0 prop_inc 280722 fast_inc 0 eta_inc 39336 multi_dec -0 quick_dec -0 nack_dec -0
Flow Uec_422_72 flowId 105 uecSrc 104 finished at 827.893 total messages 1 total packets 2448 RTS 0 total bytes 10002528 in_flight now 0 fair_inc 0 prop_inc 343534 fast_inc 189927 eta_inc 38740 multi_dec -0 quick_dec -0 nack_dec -0
Flow Uec_240_465 flowId 87 uecSrc 86 finished at 828.218 total messages 1 total packets 2448 RTS 0 total bytes 10002528 in_flight now 0 fair_inc 2988 prop_inc 267292 fast_inc 0 eta_inc 39336 multi_dec -0 quick_dec -0 nack_dec -0
Flow Uec_472_162 flowId 20 uecSrc 19 finished at 828.535 total messages 1 total packets 2448 RTS 0 total bytes 10002528 in_flight now 0 fair_inc 0 prop_inc 426010 fast_inc 0 eta_inc 39932 multi_dec -0 quick_dec -0 nack_dec -0
Flow Uec_304_559 flowId 30 uecSrc 29 finished at 828.535 total messages 1 total packets 2448 RTS 0 total bytes 10002528 in_flight now 0 fair_inc 0 prop_inc 418788 fast_inc 0 eta_inc 39932 multi_dec -0 quick_dec -0 nack_dec -0
Flow Uec_424_78 flowId 22 uecSrc 21 finished at 828.535 total messages 1 total packets 2448 RTS 0 total bytes 10002528 in_flight now 0 fair_inc 0 prop_inc 428351 fast_inc 0 eta_inc 39932 multi_dec -0 quick_dec -0 nack_dec -0
Flow Uec_513_239 flowId 130 uecSrc 129 finished at 828.539 total messages 1 total packets 2448 RTS 0 total bytes 10002528 in_flight now 0 fair_inc 7464 prop_inc 269254 fast_inc 0 eta_inc 39932 multi_dec -0 quick_dec -0 nack_dec -0
Flow Uec_312_565 flowId 141 uecSrc 140 finished at 828.54 total messages 1 total packets 2448 RTS 0 total bytes 10002528 in_flight now 0 fair_inc 0 prop_inc 409820 fast_inc 0 eta_inc 39932 multi_dec -0 quick_dec -0 nack_dec -0
Flow Uec_143_409 flowId 42 uecSrc 41 finished at 828.575 total messages 1 total packets 2448 RTS 0 total bytes 10002528 in_flight now 0 fair_inc 0 prop_inc 409095 fast_inc 0 eta_inc 39932 multi_dec -0 quick_dec -0 nack_dec -0
Flow Uec_293_519 flowId 71 uecSrc 70 finished at 828.586 total messages 1 total packets 2448 RTS 0 total bytes 10002528 in_flight now 0 fair_inc 0 prop_inc 263449 fast_inc 1038537 eta_inc 40528 multi_dec -0 quick_dec -0 nack_dec -0
Flow Uec_445_120 flowId 14 uecSrc 13 finished at 828.597 total messages 1 total packets 2448 RTS 0 total bytes 10002528 in_flight now 0 fair_inc 0 prop_inc 395050 fast_inc 0 eta_inc 39932 multi_dec -0 quick_dec -0 nack_dec -0
Flow Uec_202_502 flowId 23 uecSrc 22 finished at 828.611 total messages 1 total packets 2448 RTS 0 total bytes 10002528 in_flight now 0 fair_inc 0 prop_inc 382965 fast_inc 0 eta_inc 39932 multi_dec -0 quick_dec -0 nack_dec -0
Flow Uec_272_560 flowId 135 uecSrc 134 finished at 828.659 total messages 1 total packets 2448 RTS 0 total bytes 10002528 in_flight now 0 fair_inc 0 prop_inc 332995 fast_inc 0 eta_inc 38740 multi_dec -0 quick_dec -0 nack_dec -0
Flow Uec_160_446 flowId 9 uecSrc 8 finished at 828.66 total messages 1 total packets 2448 RTS 0 total bytes 10002528 in_flight now 0 fair_inc 0 prop_inc 318220 fast_inc 0 eta_inc 40528 multi_dec -0 quick_dec -0 nack_dec -0
Flow Uec_171_424 flowId 84 uecSrc 83 finished at 828.66 total messages 1 total packets 2448 RTS 0 total bytes 10002528 in_flight now 0 fair_inc 0 prop_inc 305667 fast_inc 0 eta_inc 39932 multi_dec -0 quick_dec -0 nack_dec -0
Flow Uec_508_188 flowId 1 uecSrc 0 finished at 828.664 total messages 1 total packets 2448 RTS 0 total bytes 10002528 in_flight now 0 fair_inc 0 prop_inc 320269 fast_inc 0 eta_inc 39932 multi_dec -0 quick_dec -0 nack_dec -0
Flow Uec_142_406 flowId 129 uecSrc 128 finished at 828.671 total messages 1 total packets 2448 RTS 0 total bytes 10002528 in_flight now 0 fair_inc 0 prop_inc 412414 fast_inc 0 eta_inc 40528 multi_dec -0 quick_dec -0 nack_dec -0
Flow Uec_157_421 flowId 29 uecSrc 28 finished at 828.686 total messages 1 total packets 2448 RTS 0 total bytes 10002528 in_flight now 0 fair_inc 0 prop_inc 320341 fast_inc 0 eta_inc 40528 multi_dec -0 quick_dec -0 nack_dec -0
Flow Uec_188_392 flowId 57 uecSrc 56 finished at 828.689 total messages 1 total packets 2448 RTS 0 total bytes 10002528 in_flight now 0 fair_inc 0 prop_inc 388452 fast_inc 0 eta_inc 38144 multi_dec -0 quick_dec -0 nack_dec -0
Flow Uec_262_531 flowId 38 uecSrc 37 finished at 828.722 total messages 1 total packets 2448 RTS 0 total bytes 10002528 in_flight now 0 fair_inc 0 prop_inc 326477 fast_inc 0 eta_inc 40528 multi_dec -0 quick_dec -0 nack_dec -0
Flow Uec_147_445 flowId 45 uecSrc 44 finished at 828.767 total messages 1 total packets 2448 RTS 0 total bytes 10002528 in_flight now 0 fair_inc 0 prop_inc 319332 fast_inc 0 eta_inc 40528 multi_dec -0 quick_dec -0 nack_dec -0
Flow Uec_421_119 flowId 139 uecSrc 138 finished at 828.867 total messages 1 total packets 2448 RTS 0 total bytes 10002528 in_flight now 0 fair_inc 0 prop_inc 405263 fast_inc 0 eta_inc 40528 multi_dec -0 quick_dec -0 nack_dec -0
Flow Uec_547_207 flowId 16 uecSrc 15 finished at 828.88 total messages 1 total packets 2448 RTS 0 total bytes 10002528 in_flight now 0 fair_inc 0 prop_inc 322245 fast_inc 0 eta_inc 39932 multi_dec -0 quick_dec -0 nack_dec -0
Flow Uec_50_312 flowId 47 uecSrc 46 finished at 828.972 total messages 1 total packets 2448 RTS 0 total bytes 10002528 in_flight now 0 fair_inc 0 prop_inc 308398 fast_inc 0 eta_inc 39932 multi_dec -0 quick_dec -0 nack_dec -0
Flow Uec_518_253 flowId 61 uecSrc 60 finished at 828.972 total messages 1 total packets 2448 RTS 0 total bytes 10002528 in_flight now 0 fair_inc 0 prop_inc 322169 fast_inc 0 eta_inc 37548 multi_dec -0 quick_dec -0 nack_dec -0
Flow Uec_207_450 flowId 53 uecSrc 52 finished at 828.981 total messages 1 total packets 2448 RTS 0 total bytes 10002528 in_flight now 0 fair_inc 0 prop_inc 396059 fast_inc 0 eta_inc 40528 multi_dec -0 quick_dec -0 nack_dec -0
Flow Uec_466_187 flowId 96 uecSrc 95 finished at 828.983 total messages 1 total packets 2448 RTS 0 total bytes 10002528 in_flight now 0 fair_inc 0 prop_inc 398217 fast_inc 0 eta_inc 39932 multi_dec -0 quick_dec -0 nack_dec -0
Flow Uec_452_142 flowId 93 uecSrc 92 finished at 828.987 total messages 1 total packets 2448 RTS 0 total bytes 10002528 in_flight now 0 fair_inc 0 prop_inc 308636 fast_inc 0 eta_inc 39932 multi_dec -0 quick_dec -0 nack_dec -0
Flow Uec_496_143 flowId 100 uecSrc 99 finished at 828.992 total messages 1 total packets 2448 RTS 0 total bytes 10002528 in_flight now 0 fair_inc 0 prop_inc 312589 fast_inc 0 eta_inc 39336 multi_dec -0 quick_dec -0 nack_dec -0
Flow Uec_524_202 flowId 136 uecSrc 135 finished at 828.996 total messages 1 total packets 2448 RTS 0 total bytes 10002528 in_flight now 0 fair_inc 0 prop_inc 299280 fast_inc 0 eta_inc 39336 multi_dec -0 quick_dec -0 nack_dec -0
Flow Uec_491_131 flowId 76 uecSrc 75 finished at 828.997 total messages 1 total packets 2448 RTS 0 total bytes 10002528 in_flight now 0 fair_inc 0 prop_inc 306124 fast_inc 0 eta_inc 40528 multi_dec -0 quick_dec -0 nack_dec -0
Flow Uec_447_69 flowId 21 uecSrc 20 finished at 829.044 total messages 1 total packets 2448 RTS 0 total bytes 10002528 in_flight now 0 fair_inc 0 prop_inc 313755 fast_inc 0 eta_inc 40528 multi_dec -0 quick_dec -0 nack_dec -0
Flow Uec_2_261 flowId 144 uecSrc 143 finished at 829.218 total messages 1 total packets 2448 RTS 0 total bytes 10002528 in_flight now 0 fair_inc 0 prop_inc 310664 fast_inc 0 eta_inc 39932 multi_dec -0 quick_dec -0 nack_dec -0
Flow Uec_384_125 flowId 134 uecSrc 133 finished at 829.335 total messages 1 total packets 2448 RTS 0 total bytes 10002528 in_flight now 0 fair_inc 0 prop_inc 303775 fast_inc 0 eta_inc 39336 multi_dec -0 quick_dec -0 nack_dec -0
Flow Uec_42_304 flowId 72 uecSrc 71 finished at 829.336 total messages 1 total packets 2448 RTS 0 total bytes 10002528 in_flight now 0 fair_inc 0 prop_inc 399553 fast_inc 0 eta_inc 39932 multi_dec -0 quick_dec -0 nack_dec -0
Flow Uec_467_149 flowId 103 uecSrc 102 finished at 829.338 total messages 1 total packets 2448 RTS 0 total bytes 10002528 in_flight now 0 fair_inc 0 prop_inc 299277 fast_inc 0 eta_inc 40528 multi_dec -0 quick_dec -0 nack_dec -0
Flow Uec_569_246 flowId 51 uecSrc 50 finished at 829.4 total messages 1 total packets 2448 RTS 0 total bytes 10002528 in_flight now 0 fair_inc 0 prop_inc 305102 fast_inc 0 eta_inc 39932 multi_dec -0 quick_dec -0 nack_dec -0
Flow Uec_375_40 flowId 40 uecSrc 39 finished at 829.531 total messages 1 total packets 2448 RTS 0 total bytes 10002528 in_flight now 0 fair_inc 0 prop_inc 286016 fast_inc 0 eta_inc 39932 multi_dec -0 quick_dec -0 nack_dec -0
Flow Uec_484_167 flowId 88 uecSrc 87 finished at 829.57 total messages 1 total packets 2448 RTS 0 total bytes 10002528 in_flight now 0 fair_inc 0 prop_inc 306748 fast_inc 0 eta_inc 40528 multi_dec -0 quick_dec -0 nack_dec -0
Flow Uec_83_353 flowId 3 uecSrc 2 finished at 829.739 total messages 1 total packets 2448 RTS 0 total bytes 10002528 in_flight now 0 fair_inc 0 prop_inc 305561 fast_inc 0 eta_inc 39932 multi_dec -0 quick_dec -0 nack_dec -0
Flow Uec_253_472 flowId 48 uecSrc 47 finished at 829.869 total messages 1 total packets 2448 RTS 0 total bytes 10002528 in_flight now 0 fair_inc 0 prop_inc 335250 fast_inc 0 eta_inc 38740 multi_dec -0 quick_dec -0 nack_dec -0
Flow Uec_471_184 flowId 49 uecSrc 48 finished at 829.968 total messages 1 total packets 2448 RTS 0 total bytes 10002528 in_flight now 0 fair_inc 0 prop_inc 414305 fast_inc 0 eta_inc 39932 multi_dec -0 quick_dec -0 nack_dec -0
Flow Uec_451_158 flowId 132 uecSrc 131 finished at 830.066 total messages 1 total packets 2448 RTS 0 total bytes 10002528 in_flight now 0 fair_inc 1492 prop_inc 321044 fast_inc 0 eta_inc 39932 multi_dec -0 quick_dec -0 nack_dec -0
Flow Uec_560_254 flowId 110 uecSrc 109 finished at 830.155 total messages 1 total packets 2448 RTS 0 total bytes 10002528 in_flight now 0 fair_inc 0 prop_inc 361140 fast_inc 0 eta_inc 39336 multi_dec -0 quick_dec -0 nack_dec -0
Flow Uec_125_341 flowId 5 uecSrc 4 finished at 830.199 total messages 1 total packets 2448 RTS 0 total bytes 10002528 in_flight now 0 fair_inc 0 prop_inc 314461 fast_inc 0 eta_inc 39932 multi_dec -0 quick_dec -0 nack_dec -0
Flow Uec_510_181 flowId 91 uecSrc 90 finished at 830.371 total messages 1 total packets 2448 RTS 0 total bytes 10002528 in_flight now 0 fair_inc 0 prop_inc 418527 fast_inc 0 eta_inc 39932 multi_dec -0 quick_dec -0 nack_dec -0
Flow Uec_573_224 flowId 80 uecSrc 79 finished at 830.416 total messages 1 total packets 2448 RTS 0 total bytes 10002528 in_flight now 0 fair_inc 0 prop_inc 282421 fast_inc 0 eta_inc 40528 multi_dec -0 quick_dec -0 nack_dec -0
Flow Uec_246_495 flowId 73 uecSrc 72 finished at 830.451 total messages 1 total packets 2448 RTS 0 total bytes 10002528 in_flight now 0 fair_inc 8952 prop_inc 294619 fast_inc 0 eta_inc 39336 multi_dec -0 quick_dec -0 nack_dec -0
Flow Uec_561_230 flowId 64 uecSrc 63 finished at 830.497 total messages 1 total packets 2448 RTS 0 total bytes 10002528 in_flight now 0 fair_inc 0 prop_inc 305573 fast_inc 0 eta_inc 40528 multi_dec -0 quick_dec -0 nack_dec -0
Flow Uec_530_231 flowId 104 uecSrc 103 finished at 830.582 total messages 1 total packets 2448 RTS 0 total bytes 10002528 in_flight now 0 fair_inc 0 prop_inc 309666 fast_inc 0 eta_inc 39336 multi_dec -0 quick_dec -0 nack_dec -0
Flow Uec_62_293 flowId 109 uecSrc 108 finished at 830.618 total messages 1 total packets 2448 RTS 0 total bytes 10002528 in_flight now 0 fair_inc 0 prop_inc 440361 fast_inc 169722 eta_inc 38740 multi_dec -0 quick_dec -0 nack_dec -0
Flow Uec_527_199 flowId 137 uecSrc 136 finished at 830.682 total messages 1 total packets 2448 RTS 0 total bytes 10002528 in_flight now 0 fair_inc 0 prop_inc 431829 fast_inc 0 eta_inc 39932 multi_dec -0 quick_dec -0 nack_dec -0
Flow Uec_265_532 flowId 119 uecSrc 118 finished at 830.724 total messages 1 total packets 2448 RTS 0 total bytes 10002528 in_flight now 0 fair_inc 0 prop_inc 290854 fast_inc 0 eta_inc 40528 multi_dec -0 quick_dec -0 nack_dec -0
Flow Uec_554_238 flowId 25 uecSrc 24 finished at 830.774 total messages 1 total packets 2448 RTS 0 total bytes 10002528 in_flight now 0 fair_inc 0 prop_inc 277589 fast_inc 0 eta_inc 40528 multi_dec -0 quick_dec -0 nack_dec -0
Flow Uec_567_226 flowId 123 uecSrc 122 finished at 830.835 total messages 1 total packets 2448 RTS 0 total bytes 10002528 in_flight now 0 fair_inc 0 prop_inc 291159 fast_inc 0 eta_inc 40528 multi_dec -0 quick_dec -0 nack_dec -0
Flow Uec_453_169 flowId 115 uecSrc 114 finished at 831.021 total messages 1 total packets 2448 RTS 0 total bytes 10002528 in_flight now 0 fair_inc 0 prop_inc 424353 fast_inc 0 eta_inc 40528 multi_dec -0 quick_dec -0 nack_dec -0
Flow Uec_575_210 flowId 43 uecSrc 42 finished at 831.133 total messages 1 total packets 2448 RTS 0 total bytes 10002528 in_flight now 0 fair_inc 0 prop_inc 429233 fast_inc 0 eta_inc 40528 multi_dec -0 quick_dec -0 nack_dec -0
Flow Uec_382_58 flowId 92 uecSrc 91 finished at 831.191 total messages 1 total packets 2448 RTS 0 total bytes 10002528 in_flight now 0 fair_inc 0 prop_inc 420288 fast_inc 0 eta_inc 40528 multi_dec -0 quick_dec -0 nack_dec -0
Flow Uec_243_480 flowId 19 uecSrc 18 finished at 831.352 total messages 1 total packets 2448 RTS 0 total bytes 10002528 in_flight now 0 fair_inc 29828 prop_inc 247845 fast_inc 0 eta_inc 39932 multi_dec -0 quick_dec -0 nack_dec -16600
Flow Uec_473_182 flowId 74 uecSrc 73 finished at 831.353 total messages 1 total packets 2448 RTS 0 total bytes 10002528 in_flight now 0 fair_inc 0 prop_inc 426747 fast_inc 0 eta_inc 40528 multi_dec -0 quick_dec -0 nack_dec -0
Flow Uec_455_136 flowId 34 uecSrc 33 finished at 831.389 total messages 1 total packets 2448 RTS 0 total bytes 10002528 in_flight now 0 fair_inc 0 prop_inc 401016 fast_inc 0 eta_inc 40528 multi_dec -0 quick_dec -0 nack_dec -0
Flow Uec_149_398 flowId 131 uecSrc 130 finished at 831.552 total messages 1 total packets 2448 RTS 0 total bytes 10002528 in_flight now 0 fair_inc 0 prop_inc 329287 fast_inc 0 eta_inc 39932 multi_dec -0 quick_dec -0 nack_dec -0
Flow Uec_146_444 flowId 125 uecSrc 124 finished at 831.588 total messages 1 total packets 2448 RTS 0 total bytes 10002528 in_flight now 0 fair_inc 0 prop_inc 266042 fast_inc 0 eta_inc 40528 multi_dec -0 quick_dec -0 nack_dec -0
Flow Uec_72_336 flowId 13 uecSrc 12 finished at 832.436 total messages 1 total packets 2448 RTS 0 total bytes 10002528 in_flight now 0 fair_inc 0 prop_inc 266464 fast_inc 0 eta_inc 40528 multi_dec -0 quick_dec -0 nack_dec -0
Flow Uec_80_328 flowId 46 uecSrc 45 finished at 832.851 total messages 1 total packets 2448 RTS 0 total bytes 10002528 in_flight now 0 fair_inc 0 prop_inc 268535 fast_inc 0 eta_inc 40528 multi_dec -0 quick_dec -0 nack_dec -0
Flow Uec_76_334 flowId 97 uecSrc 96 finished at 832.855 total messages 1 total packets 2448 RTS 0 total bytes 10002528 in_flight now 0 fair_inc 0 prop_inc 227155 fast_inc 0 eta_inc 39932 multi_dec -0 quick_dec -0 nack_dec -0
Flow Uec_260_563 flowId 26 uecSrc 25 finished at 835.372 total messages 1 total packets 2448 RTS 0 total bytes 10002528 in_flight now 0 fair_inc 0 prop_inc 264835 fast_inc 0 eta_inc 40528 multi_dec -0 quick_dec -0 nack_dec -0
Flow Uec_515_197 flowId 12 uecSrc 11 finished at 835.651 total messages 1 total packets 2448 RTS 0 total bytes 10002528 in_flight now 0 fair_inc 0 prop_inc 268865 fast_inc 0 eta_inc 40528 multi_dec -0 quick_dec -0 nack_dec -0
Flow Uec_551_204 flowId 66 uecSrc 65 finished at 835.906 total messages 1 total packets 2448 RTS 0 total bytes 10002528 in_flight now 0 fair_inc 0 prop_inc 282275 fast_inc 0 eta_inc 40528 multi_dec -0 quick_dec -0 nack_dec -0
Flow Uec_517_223 flowId 31 uecSrc 30 finished at 836.844 total messages 1 total packets 2448 RTS 0 total bytes 10002528 in_flight now 0 fair_inc 14174 prop_inc 229484 fast_inc 0 eta_inc 39932 multi_dec -0 quick_dec -0 nack_dec -0
Flow Uec_221_466 flowId 112 uecSrc 111 finished at 839.782 total messages 1 total packets 2448 RTS 0 total bytes 10002528 in_flight now 0 fair_inc 0 prop_inc 261839 fast_inc 0 eta_inc 40528 multi_dec -0 quick_dec -0 nack_dec -0
Flow Uec_249_449 flowId 41 uecSrc 40 finished at 842.811 total messages 1 total packets 2448 RTS 0 total bytes 10002528 in_flight now 0 fair_inc 0 prop_inc 225804 fast_inc 0 eta_inc 40528 multi_dec -0 quick_dec -0 nack_dec -0
Flow Uec_197_470 flowId 63 uecSrc 62 finished at 854.435 total messages 1 total packets 2448 RTS 0 total bytes 10002528 in_flight now 0 fair_inc 0 prop_inc 199264 fast_inc 0 eta_inc 41124 multi_dec -0 quick_dec -0 nack_dec -0
Flow Uec_194_471 flowId 56 uecSrc 55 finished at 857.368 total messages 1 total packets 2448 RTS 0 total bytes 10002528 in_flight now 0 fair_inc 3004 prop_inc 210041 fast_inc 0 eta_inc 41720 multi_dec -0 quick_dec -0 nack_dec -0
Flow Uec_228_510 flowId 113 uecSrc 112 finished at 861.091 total messages 1 total packets 2448 RTS 0 total bytes 10002528 in_flight now 0 fair_inc 32860 prop_inc 190432 fast_inc 0 eta_inc 41720 multi_dec -0 quick_dec -0 nack_dec -0
Flow Uec_529_235 flowId 79 uecSrc 78 finished at 864.727 total messages 1 total packets 2448 RTS 0 total bytes 10002528 in_flight now 0 fair_inc 12436 prop_inc 203682 fast_inc 0 eta_inc 41720 multi_dec -7783 quick_dec -0 nack_dec -0
Flow Uec_231_511 flowId 142 uecSrc 141 finished at 866.59 total messages 1 total packets 2448 RTS 0 total bytes 10002528 in_flight now 0 fair_inc 25049 prop_inc 187622 fast_inc 0 eta_inc 41720 multi_dec -0 quick_dec -0 nack_dec -0
Flow Uec_95_346 flowId 69 uecSrc 68 finished at 887.303 total messages 1 total packets 2448 RTS 0 total bytes 10002528 in_flight now 0 fair_inc 0 prop_inc 116659 fast_inc 0 eta_inc 42912 multi_dec -0 quick_dec -0 nack_dec -0
Flow Uec_481_153 flowId 143 uecSrc 142 finished at 902.903 total messages 1 total packets 2448 RTS 0 total bytes 10002528 in_flight now 0 fair_inc 1879 prop_inc 80035 fast_inc 0 eta_inc 43508 multi_dec -0 quick_dec -0 nack_dec -0
Flow Uec_220_504 flowId 32 uecSrc 31 finished at 941.419 total messages 1 total packets 2448 RTS 0 total bytes 10002528 in_flight now 0 fair_inc 40523 prop_inc 37509 fast_inc 0 eta_inc 46488 multi_dec -0 quick_dec -0 nack_dec -0
Flow Uec_198_509 flowId 58 uecSrc 57 finished at 942.083 total messages 1 total packets 2448 RTS 0 total bytes 10002528 in_flight now 0 fair_inc 37899 prop_inc 36998 fast_inc 0 eta_inc 47084 multi_dec -0 quick_dec -0 nack_dec -0
Flow Uec_204_506 flowId 8 uecSrc 7 finished at 960.007 total messages 1 total packets 2448 RTS 0 total bytes 10002528 in_flight now 0 fair_inc 108655 prop_inc 29393 fast_inc 0 eta_inc 47680 multi_dec -0 quick_dec -0 nack_dec -0
Flow Uec_218_455 flowId 107 uecSrc 106 finished at 1260.02 total messages 1 total packets 2448 RTS 0 total bytes 10002528 in_flight now 0 fair_inc 116315 prop_inc 161960 fast_inc 0 eta_inc 61984 multi_dec -301722 quick_dec -0 nack_dec -20750
Flow Uec_217_473 flowId 37 uecSrc 36 finished at 1312.99 total messages 1 total packets 2448 RTS 0 total bytes 10002528 in_flight now 0 fair_inc 88911 prop_inc 153267 fast_inc 0 eta_inc 63772 multi_dec -389203 quick_dec -0 nack_dec -20750
Flow Uec_195_478 flowId 114 uecSrc 113 finished at 1463.32 total messages 1 total packets 2448 RTS 0 total bytes 10002528 in_flight now 0 fair_inc 87528 prop_inc 188725 fast_inc 0 eta_inc 70328 multi_dec -344927 quick_dec -0 nack_dec -8300
Flow Uec_225_453 flowId 106 uecSrc 105 finished at 1466.97 total messages 1 total packets 2448 RTS 0 total bytes 10002528 in_flight now 0 fair_inc 104589 prop_inc 216750 fast_inc 0 eta_inc 71520 multi_dec -323624 quick_dec -0 nack_dec -29050
Flow Uec_528_217 flowId 133 uecSrc 132 finished at 1498.1 total messages 1 total packets 2448 RTS 0 total bytes 10002528 in_flight now 0 fair_inc 69280 prop_inc 151281 fast_inc 0 eta_inc 70328 multi_dec -322574 quick_dec -0 nack_dec -0
Flow Uec_267_520 flowId 140 uecSrc 139 finished at 1556.66 total messages 1 total packets 2448 RTS 0 total bytes 10002528 in_flight now 0 fair_inc 69632 prop_inc 59075 fast_inc 0 eta_inc 73904 multi_dec -249827 quick_dec -0 nack_dec -49800
Flow Uec_532_221 flowId 127 uecSrc 126 finished at 1580.23 total messages 1 total packets 2448 RTS 0 total bytes 10002528 in_flight now 0 fair_inc 61785 prop_inc 146051 fast_inc 174157 eta_inc 74500 multi_dec -298265 quick_dec -0 nack_dec -0
Flow Uec_241_489 flowId 116 uecSrc 115 finished at 1600.66 total messages 1 total packets 2448 RTS 0 total bytes 10002528 in_flight now 0 fair_inc 81695 prop_inc 56744 fast_inc 0 eta_inc 76884 multi_dec -268285 quick_dec -0 nack_dec -33200
Flow Uec_287_568 flowId 15 uecSrc 14 finished at 1601.85 total messages 1 total packets 2448 RTS 0 total bytes 10002528 in_flight now 0 fair_inc 54781 prop_inc 63223 fast_inc 0 eta_inc 76884 multi_dec -238325 quick_dec -0 nack_dec -41500
Flow Uec_363_62 flowId 121 uecSrc 120 finished at 1612.65 total messages 1 total packets 2448 RTS 0 total bytes 10002528 in_flight now 0 fair_inc 85360 prop_inc 63342 fast_inc 0 eta_inc 78076 multi_dec -292140 quick_dec -0 nack_dec -24900
Flow Uec_444_91 flowId 24 uecSrc 23 finished at 1620.36 total messages 1 total packets 2448 RTS 0 total bytes 10002528 in_flight now 0 fair_inc 116826 prop_inc 54019 fast_inc 0 eta_inc 78672 multi_dec -289342 quick_dec -0 nack_dec -33200
Flow Uec_70_382 flowId 81 uecSrc 80 finished at 1624.68 total messages 1 total packets 2448 RTS 0 total bytes 10002528 in_flight now 0 fair_inc 72078 prop_inc 64610 fast_inc 0 eta_inc 73904 multi_dec -267136 quick_dec -0 nack_dec -37350
Flow Uec_327_21 flowId 102 uecSrc 101 finished at 1634.63 total messages 1 total packets 2448 RTS 0 total bytes 10002528 in_flight now 0 fair_inc 125348 prop_inc 58179 fast_inc 0 eta_inc 77480 multi_dec -289531 quick_dec -0 nack_dec -45650
Flow Uec_296_575 flowId 67 uecSrc 66 finished at 1636.97 total messages 1 total packets 2448 RTS 0 total bytes 10002528 in_flight now 0 fair_inc 66047 prop_inc 81868 fast_inc 44845 eta_inc 74500 multi_dec -248109 quick_dec -0 nack_dec -29050
Flow Uec_104_376 flowId 85 uecSrc 84 finished at 1642.13 total messages 1 total packets 2448 RTS 0 total bytes 10002528 in_flight now 0 fair_inc 70512 prop_inc 68071 fast_inc 0 eta_inc 72712 multi_dec -251893 quick_dec -0 nack_dec -37350
Flow Uec_340_22 flowId 52 uecSrc 51 finished at 1643.6 total messages 1 total packets 2448 RTS 0 total bytes 10002528 in_flight now 0 fair_inc 117653 prop_inc 60069 fast_inc 0 eta_inc 78076 multi_dec -304246 quick_dec -0 nack_dec -29050
Flow Uec_292_527 flowId 39 uecSrc 38 finished at 1643.64 total messages 1 total packets 2448 RTS 0 total bytes 10002528 in_flight now 0 fair_inc 86013 prop_inc 69036 fast_inc 188297 eta_inc 76288 multi_dec -291557 quick_dec -0 nack_dec -20750
Flow Uec_397_88 flowId 94 uecSrc 93 finished at 1646.51 total messages 1 total packets 2448 RTS 0 total bytes 10002528 in_flight now 0 fair_inc 82624 prop_inc 72613 fast_inc 4434 eta_inc 79864 multi_dec -265322 quick_dec -0 nack_dec -41500
Flow Uec_321_63 flowId 118 uecSrc 117 finished at 1651.82 total messages 1 total packets 2448 RTS 0 total bytes 10002528 in_flight now 0 fair_inc 68770 prop_inc 74654 fast_inc 61002 eta_inc 79268 multi_dec -266062 quick_dec -0 nack_dec -49800
Flow Uec_232_490 flowId 117 uecSrc 116 finished at 1686.71 total messages 1 total packets 2448 RTS 0 total bytes 10002528 in_flight now 0 fair_inc 94980 prop_inc 68539 fast_inc 187288 eta_inc 81056 multi_dec -274235 quick_dec -0 nack_dec -41500
Flow Uec_212_482 flowId 54 uecSrc 53 finished at 1759.5 total messages 1 total packets 2448 RTS 0 total bytes 10002528 in_flight now 0 fair_inc 79037 prop_inc 58065 fast_inc 0 eta_inc 83440 multi_dec -251996 quick_dec -0 nack_dec -58100
Flow Uec_222_483 flowId 108 uecSrc 107 finished at 1761.29 total messages 1 total packets 2448 RTS 0 total bytes 10002528 in_flight now 0 fair_inc 90290 prop_inc 54511 fast_inc 0 eta_inc 81652 multi_dec -238716 quick_dec -0 nack_dec -78850
Flow Uec_359_43 flowId 11 uecSrc 10 finished at 2219.31 total messages 1 total packets 2448 RTS 0 total bytes 10002528 in_flight now 0 fair_inc 133860 prop_inc 47053 fast_inc 0 eta_inc 100724 multi_dec -342831 quick_dec -0 nack_dec -70550
Flow Uec_353_42 flowId 78 uecSrc 77 finished at 2415.65 total messages 1 total packets 2448 RTS 0 total bytes 10002528 in_flight now 0 fair_inc 155871 prop_inc 66520 fast_inc 0 eta_inc 97148 multi_dec -325010 quick_dec -0 nack_dec -78850
Flow Uec_349_45 flowId 70 uecSrc 69 finished at 2419.77 total messages 1 total packets 2448 RTS 0 total bytes 10002528 in_flight now 0 fair_inc 121237 prop_inc 67974 fast_inc 0 eta_inc 110856 multi_dec -259987 quick_dec -0 nack_dec -141100
.Done
New: 352512 Rtx: 250 RTS: 0 Bounced: 0 ACKs: 137891 NACKs: 250 Pulls: 0 sleek_pkts: 0
