Load balancing algorithm set to oblivious
no_of_nodes 576
Dragonfly+ strategy: FPAR
Setting queuesize to 50 packets
endtime(us) 100000
random seed 1
Using generated Dragonfly+ tornado traffic instead of -tm
Tornado active connections 144
Tornado flow size 2000000 bytes
queue size threshold 20750
Forcing per-hop RTT normalization OFF regardless of strategy.
Packet size (MTU) is 4150
Parsed args
Logging to 576_nodes/runs/tornado_fpar_tuned_load0.25_fs2000000_seed1.dat
Setting ECN low 33200 high 120350
Dragonfly+ with medium topology type
Link latencies: 1 and switch latencies: 0
queue_id 2 ecn_low 33200 ecn_high 120350
DragonFly+ constructor done, 576 nodes created
Generating tornado connection matrix: python3 connection_matrices/gen_tornado_dfp.py /tmp/dfp_tornado_21996.cm 576 144 2000000 0.0 1 8 8
Nodes:  576
Connections:  144
Flowsize:  2000000 bytes
ExtraStartTime:  0.0 us
Random Seed  1
Dragonfly+ p= 8 l= 8
group_size=64  no_groups=9  opposite group offset=4
Loading generated tornado connection matrix from /tmp/dfp_tornado_21996.cm
Nodes: 576 Connections: 144 Triggers: 0 Failures: 0
network_max_unloaded_rtt 11.6856 us
Setting min RTO to 114.6
Per-hop RTT normalization: OFF (strategy fpar)
Initializing static NSCC parameters: _reference_network_linkspeed=100000000000 _reference_network_rtt=12000000 _reference_network_bdp=150000 _target_Qdelay=8764200 _network_linkspeed=100000000000 _network_rtt=11685600 _network_bdp=146070 _qa_gate=2^3 _qa_threshold=3.50568e+07 _scaling_factor_a=0.9738 _scaling_factor_b=0.73035 _alpha=0.00132632 _fi=19894.7 _eta=596.842 _qa_scaling=1 _gamma=0.8 _fi_scale=0.24345 _delay_alpha=0.0125 _adjust_period_threshold=11685600 _adjust_bytes_threshold=33200
Initialize per-instance NSCC parameters: flowid 1 _base_rtt=11685600 _base_bdp=146070 _bdp=146070 _min_cwnd=4150 _maxwnd=219105 _cwnd=219105
Initialize per-instance NSCC parameters: flowid 2 _base_rtt=11685600 _base_bdp=146070 _bdp=146070 _min_cwnd=4150 _maxwnd=219105 _cwnd=219105
Initialize per-instance NSCC parameters: flowid 3 _base_rtt=11685600 _base_bdp=146070 _bdp=146070 _min_cwnd=4150 _maxwnd=219105 _cwnd=219105
Initialize per-instance NSCC parameters: flowid 4 _base_rtt=11685600 _base_bdp=146070 _bdp=146070 _min_cwnd=4150 _maxwnd=219105 _cwnd=219105
Initialize per-instance NSCC parameters: flowid 5 _base_rtt=11685600 _base_bdp=146070 _bdp=146070 _min_cwnd=4150 _maxwnd=219105 _cwnd=219105
Initialize per-instance NSCC parameters: flowid 6 _base_rtt=11685600 _base_bdp=146070 _bdp=146070 _min_cwnd=4150 _maxwnd=219105 _cwnd=219105
Initialize per-instance NSCC parameters: flowid 7 _base_rtt=11685600 _base_bdp=146070 _bdp=146070 _min_cwnd=4150 _maxwnd=219105 _cwnd=219105
Initialize per-instance NSCC parameters: flowid 8 _base_rtt=11685600 _base_bdp=146070 _bdp=146070 _min_cwnd=4150 _maxwnd=219105 _cwnd=219105
Initialize per-instance NSCC parameters: flowid 9 _base_rtt=11685600 _base_bdp=146070 _bdp=146070 _min_cwnd=4150 _maxwnd=219105 _cwnd=219105
Initialize per-instance NSCC parameters: flowid 10 _base_rtt=11685600 _base_bdp=146070 _bdp=146070 _min_cwnd=4150 _maxwnd=219105 _cwnd=219105
Initialize per-instance NSCC parameters: flowid 11 _base_rtt=11685600 _base_bdp=146070 _bdp=146070 _min_cwnd=4150 _maxwnd=219105 _cwnd=219105
Initialize per-instance NSCC parameters: flowid 12 _base_rtt=11685600 _base_bdp=146070 _bdp=146070 _min_cwnd=4150 _maxwnd=219105 _cwnd=219105
Initialize per-instance NSCC parameters: flowid 13 _base_rtt=11685600 _base_bdp=146070 _bdp=146070 _min_cwnd=4150 _maxwnd=219105 _cwnd=219105
Initialize per-instance NSCC parameters: flowid 14 _base_rtt=11685600 _base_bdp=146070 _bdp=146070 _min_cwnd=4150 _maxwnd=219105 _cwnd=219105
Initialize per-instance NSCC parameters: flowid 15 _base_rtt=11685600 _base_bdp=146070 _bdp=146070 _min_cwnd=4150 _maxwnd=219105 _cwnd=219105
Initialize per-instance NSCC parameters: flowid 16 _base_rtt=11685600 _base_bdp=146070 _bdp=146070 _min_cwnd=4150 _maxwnd=219105 _cwnd=219105
Initialize per-instance NSCC parameters: flowid 17 _base_rtt=11685600 _base_bdp=146070 _bdp=146070 _min_cwnd=4150 _maxwnd=219105 _cwnd=219105
Initialize per-instance NSCC parameters: flowid 18 _base_rtt=11685600 _base_bdp=146070 _bdp=146070 _min_cwnd=4150 _maxwnd=219105 _cwnd=219105
Initialize per-instance NSCC parameters: flowid 19 _base_rtt=11685600 _base_bdp=146070 _bdp=146070 _min_cwnd=4150 _maxwnd=219105 _cwnd=219105
Initialize per-instance NSCC parameters: flowid 20 _base_rtt=11685600 _base_bdp=146070 _bdp=146070 _min_cwnd=4150 _maxwnd=219105 _cwnd=219105
Initialize per-instance NSCC parameters: flowid 21 _base_rtt=11685600 _base_bdp=146070 _bdp=146070 _min_cwnd=4150 _maxwnd=219105 _cwnd=219105
Initialize per-instance NSCC parameters: flowid 22 _base_rtt=11685600 _base_bdp=146070 _bdp=146070 _min_cwnd=4150 _maxwnd=219105 _cwnd=219105
Initialize per-instance NSCC parameters: flowid 23 _base_rtt=11685600 _base_bdp=146070 _bdp=146070 _min_cwnd=4150 _maxwnd=219105 _cwnd=219105
Initialize per-instance NSCC parameters: flowid 24 _base_rtt=11685600 _base_bdp=146070 _bdp=146070 _min_cwnd=4150 _maxwnd=219105 _cwnd=219105
Initialize per-instance NSCC parameters: flowid 25 _base_rtt=11685600 _base_bdp=146070 _bdp=146070 _min_cwnd=4150 _maxwnd=219105 _cwnd=219105
Initialize per-instance NSCC parameters: flowid 26 _base_rtt=11685600 _base_bdp=146070 _bdp=146070 _min_cwnd=4150 _maxwnd=219105 _cwnd=219105
Initialize per-instance NSCC parameters: flowid 27 _base_rtt=11685600 _base_bdp=146070 _bdp=146070 _min_cwnd=4150 _maxwnd=219105 _cwnd=219105
Initialize per-instance NSCC parameters: flowid 28 _base_rtt=11685600 _base_bdp=146070 _bdp=146070 _min_cwnd=4150 _maxwnd=219105 _cwnd=219105
Initialize per-instance NSCC parameters: flowid 29 _base_rtt=11685600 _base_bdp=146070 _bdp=146070 _min_cwnd=4150 _maxwnd=219105 _cwnd=219105
Initialize per-instance NSCC parameters: flowid 30 _base_rtt=11685600 _base_bdp=146070 _bdp=146070 _min_cwnd=4150 _maxwnd=219105 _cwnd=219105
Initialize per-instance NSCC parameters: flowid 31 _base_rtt=11685600 _base_bdp=146070 _bdp=146070 _min_cwnd=4150 _maxwnd=219105 _cwnd=219105
Initialize per-instance NSCC parameters: flowid 32 _base_rtt=11685600 _base_bdp=146070 _bdp=146070 _min_cwnd=4150 _maxwnd=219105 _cwnd=219105
Initialize per-instance NSCC parameters: flowid 33 _base_rtt=11685600 _base_bdp=146070 _bdp=146070 _min_cwnd=4150 _maxwnd=219105 _cwnd=219105
Initialize per-instance NSCC parameters: flowid 34 _base_rtt=11685600 _base_bdp=146070 _bdp=146070 _min_cwnd=4150 _maxwnd=219105 _cwnd=219105
Initialize per-instance NSCC parameters: flowid 35 _base_rtt=11685600 _base_bdp=146070 _bdp=146070 _min_cwnd=4150 _maxwnd=219105 _cwnd=219105
Initialize per-instance NSCC parameters: flowid 36 _base_rtt=11685600 _base_bdp=146070 _bdp=146070 _min_cwnd=4150 _maxwnd=219105 _cwnd=219105
Initialize per-instance NSCC parameters: flowid 37 _base_rtt=11685600 _base_bdp=146070 _bdp=146070 _min_cwnd=4150 _maxwnd=219105 _cwnd=219105
Initialize per-instance NSCC parameters: flowid 38 _base_rtt=11685600 _base_bdp=146070 _bdp=146070 _min_cwnd=4150 _maxwnd=219105 _cwnd=219105
Initialize per-instance NSCC parameters: flowid 39 _base_rtt=11685600 _base_bdp=146070 _bdp=146070 _min_cwnd=4150 _maxwnd=219105 _cwnd=219105
Initialize per-instance NSCC parameters: flowid 40 _base_rtt=11685600 _base_bdp=146070 _bdp=146070 _min_cwnd=4150 _maxwnd=219105 _cwnd=219105
Initialize per-instance NSCC parameters: flowid 41 _base_rtt=11685600 _base_bdp=146070 _bdp=146070 _min_cwnd=4150 _maxwnd=219105 _cwnd=219105
Initialize per-instance NSCC parameters: flowid 42 _base_rtt=11685600 _base_bdp=146070 _bdp=146070 _min_cwnd=4150 _maxwnd=219105 _cwnd=219105
Initialize per-instance NSCC parameters: flowid 43 _base_rtt=11685600 _base_bdp=146070 _bdp=146070 _min_cwnd=4150 _maxwnd=219105 _cwnd=219105
Initialize per-instance NSCC parameters: flowid 44 _base_rtt=11685600 _base_bdp=146070 _bdp=146070 _min_cwnd=4150 _maxwnd=219105 _cwnd=219105
Initialize per-instance NSCC parameters: flowid 45 _base_rtt=11685600 _base_bdp=146070 _bdp=146070 _min_cwnd=4150 _maxwnd=219105 _cwnd=219105
Initialize per-instance NSCC parameters: flowid 46 _base_rtt=11685600 _base_bdp=146070 _bdp=146070 _min_cwnd=4150 _maxwnd=219105 _cwnd=219105
Initialize per-instance NSCC parameters: flowid 47 _base_rtt=11685600 _base_bdp=146070 _bdp=146070 _min_cwnd=4150 _maxwnd=219105 _cwnd=219105
Initialize per-instance NSCC parameters: flowid 48 _base_rtt=11685600 _base_bdp=146070 _bdp=146070 _min_cwnd=4150 _maxwnd=219105 _cwnd=219105
Initialize per-instance NSCC parameters: flowid 49 _base_rtt=11685600 _base_bdp=146070 _bdp=146070 _min_cwnd=4150 _maxwnd=219105 _cwnd=219105
Initialize per-instance NSCC parameters: flowid 50 _base_rtt=11685600 _base_bdp=146070 _bdp=146070 _min_cwnd=4150 _maxwnd=219105 _cwnd=219105
Initialize per-instance NSCC parameters: flowid 51 _base_rtt=11685600 _base_bdp=146070 _bdp=146070 _min_cwnd=4150 _maxwnd=219105 _cwnd=219105
Initialize per-instance NSCC parameters: flowid 52 _base_rtt=11685600 _base_bdp=146070 _bdp=146070 _min_cwnd=4150 _maxwnd=219105 _cwnd=219105
Initialize per-instance NSCC parameters: flowid 53 _base_rtt=11685600 _base_bdp=146070 _bdp=146070 _min_cwnd=4150 _maxwnd=219105 _cwnd=219105
Initialize per-instance NSCC parameters: flowid 54 _base_rtt=11685600 _base_bdp=146070 _bdp=146070 _min_cwnd=4150 _maxwnd=219105 _cwnd=219105
Initialize per-instance NSCC parameters: flowid 55 _base_rtt=11685600 _base_bdp=146070 _bdp=146070 _min_cwnd=4150 _maxwnd=219105 _cwnd=219105
Initialize per-instance NSCC parameters: flowid 56 _base_rtt=11685600 _base_bdp=146070 _bdp=146070 _min_cwnd=4150 _maxwnd=219105 _cwnd=219105
Initialize per-instance NSCC parameters: flowid 57 _base_rtt=11685600 _base_bdp=146070 _bdp=146070 _min_cwnd=4150 _maxwnd=219105 _cwnd=219105
Initialize per-instance NSCC parameters: flowid 58 _base_rtt=11685600 _base_bdp=146070 _bdp=146070 _min_cwnd=4150 _maxwnd=219105 _cwnd=219105
Initialize per-instance NSCC parameters: flowid 59 _base_rtt=11685600 _base_bdp=146070 _bdp=146070 _min_cwnd=4150 _maxwnd=219105 _cwnd=219105
Initialize per-instance NSCC parameters: flowid 60 _base_rtt=11685600 _base_bdp=146070 _bdp=146070 _min_cwnd=4150 _maxwnd=219105 _cwnd=219105
Initialize per-instance NSCC parameters: flowid 61 _base_rtt=11685600 _base_bdp=146070 _bdp=146070 _min_cwnd=4150 _maxwnd=219105 _cwnd=219105
Initialize per-instance NSCC parameters: flowid 62 _base_rtt=11685600 _base_bdp=146070 _bdp=146070 _min_cwnd=4150 _maxwnd=219105 _cwnd=219105
Initialize per-instance NSCC parameters: flowid 63 _base_rtt=11685600 _base_bdp=146070 _bdp=146070 _min_cwnd=4150 _maxwnd=219105 _cwnd=219105
Initialize per-instance NSCC parameters: flowid 64 _base_rtt=11685600 _base_bdp=146070 _bdp=146070 _min_cwnd=4150 _maxwnd=219105 _cwnd=219105
Initialize per-instance NSCC parameters: flowid 65 _base_rtt=11685600 _base_bdp=146070 _bdp=146070 _min_cwnd=4150 _maxwnd=219105 _cwnd=219105
Initialize per-instance NSCC parameters: flowid 66 _base_rtt=11685600 _base_bdp=146070 _bdp=146070 _min_cwnd=4150 _maxwnd=219105 _cwnd=219105
Initialize per-instance NSCC parameters: flowid 67 _base_rtt=11685600 _base_bdp=146070 _bdp=146070 _min_cwnd=4150 _maxwnd=219105 _cwnd=219105
Initialize per-instance NSCC parameters: flowid 68 _base_rtt=11685600 _base_bdp=146070 _bdp=146070 _min_cwnd=4150 _maxwnd=219105 _cwnd=219105
Initialize per-instance NSCC parameters: flowid 69 _base_rtt=11685600 _base_bdp=146070 _bdp=146070 _min_cwnd=4150 _maxwnd=219105 _cwnd=219105
Initialize per-instance NSCC parameters: flowid 70 _base_rtt=11685600 _base_bdp=146070 _bdp=146070 _min_cwnd=4150 _maxwnd=219105 _cwnd=219105
Initialize per-instance NSCC parameters: flowid 71 _base_rtt=11685600 _base_bdp=146070 _bdp=146070 _min_cwnd=4150 _maxwnd=219105 _cwnd=219105
Initialize per-instance NSCC parameters: flowid 72 _base_rtt=11685600 _base_bdp=146070 _bdp=146070 _min_cwnd=4150 _maxwnd=219105 _cwnd=219105
Initialize per-instance NSCC parameters: flowid 73 _base_rtt=11685600 _base_bdp=146070 _bdp=146070 _min_cwnd=4150 _maxwnd=219105 _cwnd=219105
Initialize per-instance NSCC parameters: flowid 74 _base_rtt=11685600 _base_bdp=146070 _bdp=146070 _min_cwnd=4150 _maxwnd=219105 _cwnd=219105
Initialize per-instance NSCC parameters: flowid 75 _base_rtt=11685600 _base_bdp=146070 _bdp=146070 _min_cwnd=4150 _maxwnd=219105 _cwnd=219105
Initialize per-instance NSCC parameters: flowid 76 _base_rtt=11685600 _base_bdp=146070 _bdp=146070 _min_cwnd=4150 _maxwnd=219105 _cwnd=219105
Initialize per-instance NSCC parameters: flowid 77 _base_rtt=11685600 _base_bdp=146070 _bdp=146070 _min_cwnd=4150 _maxwnd=219105 _cwnd=219105
Initialize per-instance NSCC parameters: flowid 78 _base_rtt=11685600 _base_bdp=146070 _bdp=146070 _min_cwnd=4150 _maxwnd=219105 _cwnd=219105
Initialize per-instance NSCC parameters: flowid 79 _base_rtt=11685600 _base_bdp=146070 _bdp=146070 _min_cwnd=4150 _maxwnd=219105 _cwnd=219105
Initialize per-instance NSCC parameters: flowid 80 _base_rtt=11685600 _base_bdp=146070 _bdp=146070 _min_cwnd=4150 _maxwnd=219105 _cwnd=219105
Initialize per-instance NSCC parameters: flowid 81 _base_rtt=11685600 _base_bdp=146070 _bdp=146070 _min_cwnd=4150 _maxwnd=219105 _cwnd=219105
Initialize per-instance NSCC parameters: flowid 82 _base_rtt=11685600 _base_bdp=146070 _bdp=146070 _min_cwnd=4150 _maxwnd=219105 _cwnd=219105
Initialize per-instance NSCC parameters: flowid 83 _base_rtt=11685600 _base_bdp=146070 _bdp=146070 _min_cwnd=4150 _maxwnd=219105 _cwnd=219105
Initialize per-instance NSCC parameters: flowid 84 _base_rtt=11685600 _base_bdp=146070 _bdp=146070 _min_cwnd=4150 _maxwnd=219105 _cwnd=219105
Initialize per-instance NSCC parameters: flowid 85 _base_rtt=11685600 _base_bdp=146070 _bdp=146070 _min_cwnd=4150 _maxwnd=219105 _cwnd=219105
Initialize per-instance NSCC parameters: flowid 86 _base_rtt=11685600 _base_bdp=146070 _bdp=146070 _min_cwnd=4150 _maxwnd=219105 _cwnd=219105
Initialize per-instance NSCC parameters: flowid 87 _base_rtt=11685600 _base_bdp=146070 _bdp=146070 _min_cwnd=4150 _maxwnd=219105 _cwnd=219105
Initialize per-instance NSCC parameters: flowid 88 _base_rtt=11685600 _base_bdp=146070 _bdp=146070 _min_cwnd=4150 _maxwnd=219105 _cwnd=219105
Initialize per-instance NSCC parameters: flowid 89 _base_rtt=11685600 _base_bdp=146070 _bdp=146070 _min_cwnd=4150 _maxwnd=219105 _cwnd=219105
Initialize per-instance NSCC parameters: flowid 90 _base_rtt=11685600 _base_bdp=146070 _bdp=146070 _min_cwnd=4150 _maxwnd=219105 _cwnd=219105
Initialize per-instance NSCC parameters: flowid 91 _base_rtt=11685600 _base_bdp=146070 _bdp=146070 _min_cwnd=4150 _maxwnd=219105 _cwnd=219105
Initialize per-instance NSCC parameters: flowid 92 _base_rtt=11685600 _base_bdp=146070 _bdp=146070 _min_cwnd=4150 _maxwnd=219105 _cwnd=219105
Initialize per-instance NSCC parameters: flowid 93 _base_rtt=11685600 _base_bdp=146070 _bdp=146070 _min_cwnd=4150 _maxwnd=219105 _cwnd=219105
Initialize per-instance NSCC parameters: flowid 94 _base_rtt=11685600 _base_bdp=146070 _bdp=146070 _min_cwnd=4150 _maxwnd=219105 _cwnd=219105
Initialize per-instance NSCC parameters: flowid 95 _base_rtt=11685600 _base_bdp=146070 _bdp=146070 _min_cwnd=4150 _maxwnd=219105 _cwnd=219105
Initialize per-instance NSCC parameters: flowid 96 _base_rtt=11685600 _base_bdp=146070 _bdp=146070 _min_cwnd=4150 _maxwnd=219105 _cwnd=219105
Initialize per-instance NSCC parameters: flowid 97 _base_rtt=11685600 _base_bdp=146070 _bdp=146070 _min_cwnd=4150 _maxwnd=219105 _cwnd=219105
Initialize per-instance NSCC parameters: flowid 98 _base_rtt=11685600 _base_bdp=146070 _bdp=146070 _min_cwnd=4150 _maxwnd=219105 _cwnd=219105
Initialize per-instance NSCC parameters: flowid 99 _base_rtt=11685600 _base_bdp=146070 _bdp=146070 _min_cwnd=4150 _maxwnd=219105 _cwnd=219105
Initialize per-instance NSCC parameters: flowid 100 _base_rtt=11685600 _base_bdp=146070 _bdp=146070 _min_cwnd=4150 _maxwnd=219105 _cwnd=219105
Initialize per-instance NSCC parameters: flowid 101 _base_rtt=11685600 _base_bdp=146070 _bdp=146070 _min_cwnd=4150 _maxwnd=219105 _cwnd=219105
Initialize per-instance NSCC parameters: flowid 102 _base_rtt=11685600 _base_bdp=146070 _bdp=146070 _min_cwnd=4150 _maxwnd=219105 _cwnd=219105
Initialize per-instance NSCC parameters: flowid 103 _base_rtt=11685600 _base_bdp=146070 _bdp=146070 _min_cwnd=4150 _maxwnd=219105 _cwnd=219105
Initialize per-instance NSCC parameters: flowid 104 _base_rtt=11685600 _base_bdp=146070 _bdp=146070 _min_cwnd=4150 _maxwnd=219105 _cwnd=219105
Initialize per-instance NSCC parameters: flowid 105 _base_rtt=11685600 _base_bdp=146070 _bdp=146070 _min_cwnd=4150 _maxwnd=219105 _cwnd=219105
Initialize per-instance NSCC parameters: flowid 106 _base_rtt=11685600 _base_bdp=146070 _bdp=146070 _min_cwnd=4150 _maxwnd=219105 _cwnd=219105
Initialize per-instance NSCC parameters: flowid 107 _base_rtt=11685600 _base_bdp=146070 _bdp=146070 _min_cwnd=4150 _maxwnd=219105 _cwnd=219105
Initialize per-instance NSCC parameters: flowid 108 _base_rtt=11685600 _base_bdp=146070 _bdp=146070 _min_cwnd=4150 _maxwnd=219105 _cwnd=219105
Initialize per-instance NSCC parameters: flowid 109 _base_rtt=11685600 _base_bdp=146070 _bdp=146070 _min_cwnd=4150 _maxwnd=219105 _cwnd=219105
Initialize per-instance NSCC parameters: flowid 110 _base_rtt=11685600 _base_bdp=146070 _bdp=146070 _min_cwnd=4150 _maxwnd=219105 _cwnd=219105
Initialize per-instance NSCC parameters: flowid 111 _base_rtt=11685600 _base_bdp=146070 _bdp=146070 _min_cwnd=4150 _maxwnd=219105 _cwnd=219105
Initialize per-instance NSCC parameters: flowid 112 _base_rtt=11685600 _base_bdp=146070 _bdp=146070 _min_cwnd=4150 _maxwnd=219105 _cwnd=219105
Initialize per-instance NSCC parameters: flowid 113 _base_rtt=11685600 _base_bdp=146070 _bdp=146070 _min_cwnd=4150 _maxwnd=219105 _cwnd=219105
Initialize per-instance NSCC parameters: flowid 114 _base_rtt=11685600 _base_bdp=146070 _bdp=146070 _min_cwnd=4150 _maxwnd=219105 _cwnd=219105
Initialize per-instance NSCC parameters: flowid 115 _base_rtt=11685600 _base_bdp=146070 _bdp=146070 _min_cwnd=4150 _maxwnd=219105 _cwnd=219105
Initialize per-instance NSCC parameters: flowid 116 _base_rtt=11685600 _base_bdp=146070 _bdp=146070 _min_cwnd=4150 _maxwnd=219105 _cwnd=219105
Initialize per-instance NSCC parameters: flowid 117 _base_rtt=11685600 _base_bdp=146070 _bdp=146070 _min_cwnd=4150 _maxwnd=219105 _cwnd=219105
Initialize per-instance NSCC parameters: flowid 118 _base_rtt=11685600 _base_bdp=146070 _bdp=146070 _min_cwnd=4150 _maxwnd=219105 _cwnd=219105
Initialize per-instance NSCC parameters: flowid 119 _base_rtt=11685600 _base_bdp=146070 _bdp=146070 _min_cwnd=4150 _maxwnd=219105 _cwnd=219105
Initialize per-instance NSCC parameters: flowid 120 _base_rtt=11685600 _base_bdp=146070 _bdp=146070 _min_cwnd=4150 _maxwnd=219105 _cwnd=219105
Initialize per-instance NSCC parameters: flowid 121 _base_rtt=11685600 _base_bdp=146070 _bdp=146070 _min_cwnd=4150 _maxwnd=219105 _cwnd=219105
Initialize per-instance NSCC parameters: flowid 122 _base_rtt=11685600 _base_bdp=146070 _bdp=146070 _min_cwnd=4150 _maxwnd=219105 _cwnd=219105
Initialize per-instance NSCC parameters: flowid 123 _base_rtt=11685600 _base_bdp=146070 _bdp=146070 _min_cwnd=4150 _maxwnd=219105 _cwnd=219105
Initialize per-instance NSCC parameters: flowid 124 _base_rtt=11685600 _base_bdp=146070 _bdp=146070 _min_cwnd=4150 _maxwnd=219105 _cwnd=219105
Initialize per-instance NSCC parameters: flowid 125 _base_rtt=11685600 _base_bdp=146070 _bdp=146070 _min_cwnd=4150 _maxwnd=219105 _cwnd=219105
Initialize per-instance NSCC parameters: flowid 126 _base_rtt=11685600 _base_bdp=146070 _bdp=146070 _min_cwnd=4150 _maxwnd=219105 _cwnd=219105
Initialize per-instance NSCC parameters: flowid 127 _base_rtt=11685600 _base_bdp=146070 _bdp=146070 _min_cwnd=4150 _maxwnd=219105 _cwnd=219105
Initialize per-instance NSCC parameters: flowid 128 _base_rtt=11685600 _base_bdp=146070 _bdp=146070 _min_cwnd=4150 _maxwnd=219105 _cwnd=219105
Initialize per-instance NSCC parameters: flowid 129 _base_rtt=11685600 _base_bdp=146070 _bdp=146070 _min_cwnd=4150 _maxwnd=219105 _cwnd=219105
Initialize per-instance NSCC parameters: flowid 130 _base_rtt=11685600 _base_bdp=146070 _bdp=146070 _min_cwnd=4150 _maxwnd=219105 _cwnd=219105
Initialize per-instance NSCC parameters: flowid 131 _base_rtt=11685600 _base_bdp=146070 _bdp=146070 _min_cwnd=4150 _maxwnd=219105 _cwnd=219105
Initialize per-instance NSCC parameters: flowid 132 _base_rtt=11685600 _base_bdp=146070 _bdp=146070 _min_cwnd=4150 _maxwnd=219105 _cwnd=219105
Initialize per-instance NSCC parameters: flowid 133 _base_rtt=11685600 _base_bdp=146070 _bdp=146070 _min_cwnd=4150 _maxwnd=219105 _cwnd=219105
Initialize per-instance NSCC parameters: flowid 134 _base_rtt=11685600 _base_bdp=146070 _bdp=146070 _min_cwnd=4150 _maxwnd=219105 _cwnd=219105
Initialize per-instance NSCC parameters: flowid 135 _base_rtt=11685600 _base_bdp=146070 _bdp=146070 _min_cwnd=4150 _maxwnd=219105 _cwnd=219105
Initialize per-instance NSCC parameters: flowid 136 _base_rtt=11685600 _base_bdp=146070 _bdp=146070 _min_cwnd=4150 _maxwnd=219105 _cwnd=219105
Initialize per-instance NSCC parameters: flowid 137 _base_rtt=11685600 _base_bdp=146070 _bdp=146070 _min_cwnd=4150 _maxwnd=219105 _cwnd=219105
Initialize per-instance NSCC parameters: flowid 138 _base_rtt=11685600 _base_bdp=146070 _bdp=146070 _min_cwnd=4150 _maxwnd=219105 _cwnd=219105
Initialize per-instance NSCC parameters: flowid 139 _base_rtt=11685600 _base_bdp=146070 _bdp=146070 _min_cwnd=4150 _maxwnd=219105 _cwnd=219105
Initialize per-instance NSCC parameters: flowid 140 _base_rtt=11685600 _base_bdp=146070 _bdp=146070 _min_cwnd=4150 _maxwnd=219105 _cwnd=219105
Initialize per-instance NSCC parameters: flowid 141 _base_rtt=11685600 _base_bdp=146070 _bdp=146070 _min_cwnd=4150 _maxwnd=219105 _cwnd=219105
Initialize per-instance NSCC parameters: flowid 142 _base_rtt=11685600 _base_bdp=146070 _bdp=146070 _min_cwnd=4150 _maxwnd=219105 _cwnd=219105
Initialize per-instance NSCC parameters: flowid 143 _base_rtt=11685600 _base_bdp=146070 _bdp=146070 _min_cwnd=4150 _maxwnd=219105 _cwnd=219105
Initialize per-instance NSCC parameters: flowid 144 _base_rtt=11685600 _base_bdp=146070 _bdp=146070 _min_cwnd=4150 _maxwnd=219105 _cwnd=219105
Starting simulation
Flow Uec_22_271 flowId 1 uecSrc 0 starting at 0
Flow Uec_242_475 flowId 2 uecSrc 1 starting at 0
Flow Uec_505_163 flowId 3 uecSrc 2 starting at 0
Flow Uec_420_86 flowId 4 uecSrc 3 starting at 0
Flow Uec_27_279 flowId 5 uecSrc 4 starting at 0
Flow Uec_423_125 flowId 6 uecSrc 5 starting at 0
Flow Uec_294_572 flowId 7 uecSrc 6 starting at 0
Flow Uec_419_127 flowId 8 uecSrc 7 starting at 0
Flow Uec_440_64 flowId 9 uecSrc 8 starting at 0
Flow Uec_234_476 flowId 10 uecSrc 9 starting at 0
Flow Uec_567_242 flowId 11 uecSrc 10 starting at 0
Flow Uec_96_321 flowId 12 uecSrc 11 starting at 0
Flow Uec_245_480 flowId 13 uecSrc 12 starting at 0
Flow Uec_2_308 flowId 14 uecSrc 13 starting at 0
Flow Uec_76_360 flowId 15 uecSrc 14 starting at 0
Flow Uec_56_263 flowId 16 uecSrc 15 starting at 0
Flow Uec_556_238 flowId 17 uecSrc 16 starting at 0
Flow Uec_115_335 flowId 18 uecSrc 17 starting at 0
Flow Uec_58_260 flowId 19 uecSrc 18 starting at 0
Flow Uec_471_138 flowId 20 uecSrc 19 starting at 0
Flow Uec_213_489 flowId 21 uecSrc 20 starting at 0
Flow Uec_548_197 flowId 22 uecSrc 21 starting at 0
Flow Uec_563_248 flowId 23 uecSrc 22 starting at 0
Flow Uec_19_267 flowId 24 uecSrc 23 starting at 0
Flow Uec_171_405 flowId 25 uecSrc 24 starting at 0
Flow Uec_500_129 flowId 26 uecSrc 25 starting at 0
Flow Uec_78_368 flowId 27 uecSrc 26 starting at 0
Flow Uec_390_96 flowId 28 uecSrc 27 starting at 0
Flow Uec_183_396 flowId 29 uecSrc 28 starting at 0
Flow Uec_268_528 flowId 30 uecSrc 29 starting at 0
Flow Uec_100_353 flowId 31 uecSrc 30 starting at 0
Flow Uec_289_529 flowId 32 uecSrc 31 starting at 0
Flow Uec_341_13 flowId 33 uecSrc 32 starting at 0
Flow Uec_153_434 flowId 34 uecSrc 33 starting at 0
Flow Uec_542_234 flowId 35 uecSrc 34 starting at 0
Flow Uec_351_59 flowId 36 uecSrc 35 starting at 0
Flow Uec_243_486 flowId 37 uecSrc 36 starting at 0
Flow Uec_39_270 flowId 38 uecSrc 37 starting at 0
Flow Uec_323_15 flowId 39 uecSrc 38 starting at 0
Flow Uec_111_362 flowId 40 uecSrc 39 starting at 0
Flow Uec_552_254 flowId 41 uecSrc 40 starting at 0
Flow Uec_72_324 flowId 42 uecSrc 41 starting at 0
Flow Uec_354_60 flowId 43 uecSrc 42 starting at 0
Flow Uec_147_436 flowId 44 uecSrc 43 starting at 0
Flow Uec_29_299 flowId 45 uecSrc 44 starting at 0
Flow Uec_202_456 flowId 46 uecSrc 45 starting at 0
Flow Uec_186_407 flowId 47 uecSrc 46 starting at 0
Flow Uec_286_541 flowId 48 uecSrc 47 starting at 0
Flow Uec_409_119 flowId 49 uecSrc 48 starting at 0
Flow Uec_36_276 flowId 50 uecSrc 49 starting at 0
Flow Uec_197_503 flowId 51 uecSrc 50 starting at 0
Flow Uec_343_28 flowId 52 uecSrc 51 starting at 0
Flow Uec_543_212 flowId 53 uecSrc 52 starting at 0
Flow Uec_46_257 flowId 54 uecSrc 53 starting at 0
Flow Uec_187_439 flowId 55 uecSrc 54 starting at 0
Flow Uec_531_230 flowId 56 uecSrc 55 starting at 0
Flow Uec_295_558 flowId 57 uecSrc 56 starting at 0
Flow Uec_553_209 flowId 58 uecSrc 57 starting at 0
Flow Uec_472_180 flowId 59 uecSrc 58 starting at 0
Flow Uec_139_412 flowId 60 uecSrc 59 starting at 0
Flow Uec_117_322 flowId 61 uecSrc 60 starting at 0
Flow Uec_571_202 flowId 62 uecSrc 61 starting at 0
Flow Uec_475_173 flowId 63 uecSrc 62 starting at 0
Flow Uec_540_226 flowId 64 uecSrc 63 starting at 0
Flow Uec_495_150 flowId 65 uecSrc 64 starting at 0
Flow Uec_480_171 flowId 66 uecSrc 65 starting at 0
Flow Uec_484_172 flowId 67 uecSrc 66 starting at 0
Flow Uec_395_99 flowId 68 uecSrc 67 starting at 0
Flow Uec_566_233 flowId 69 uecSrc 68 starting at 0
Flow Uec_146_441 flowId 70 uecSrc 69 starting at 0
Flow Uec_432_115 flowId 71 uecSrc 70 starting at 0
Flow Uec_319_556 flowId 72 uecSrc 71 starting at 0
Flow Uec_547_206 flowId 73 uecSrc 72 starting at 0
Flow Uec_315_555 flowId 74 uecSrc 73 starting at 0
Flow Uec_237_457 flowId 75 uecSrc 74 starting at 0
Flow Uec_335_40 flowId 76 uecSrc 75 starting at 0
Flow Uec_176_384 flowId 77 uecSrc 76 starting at 0
Flow Uec_344_53 flowId 78 uecSrc 77 starting at 0
Flow Uec_112_346 flowId 79 uecSrc 78 starting at 0
Flow Uec_558_200 flowId 80 uecSrc 79 starting at 0
Flow Uec_272_535 flowId 81 uecSrc 80 starting at 0
Flow Uec_124_376 flowId 82 uecSrc 81 starting at 0
Flow Uec_360_5 flowId 83 uecSrc 82 starting at 0
Flow Uec_559_229 flowId 84 uecSrc 83 starting at 0
Flow Uec_215_504 flowId 85 uecSrc 84 starting at 0
Flow Uec_479_177 flowId 86 uecSrc 85 starting at 0
Flow Uec_478_190 flowId 87 uecSrc 86 starting at 0
Flow Uec_160_388 flowId 88 uecSrc 87 starting at 0
Flow Uec_298_559 flowId 89 uecSrc 88 starting at 0
Flow Uec_192_506 flowId 90 uecSrc 89 starting at 0
Flow Uec_240_462 flowId 91 uecSrc 90 starting at 0
Flow Uec_453_191 flowId 92 uecSrc 91 starting at 0
Flow Uec_67_356 flowId 93 uecSrc 92 starting at 0
Flow Uec_515_196 flowId 94 uecSrc 93 starting at 0
Flow Uec_541_220 flowId 95 uecSrc 94 starting at 0
Flow Uec_214_488 flowId 96 uecSrc 95 starting at 0
Flow Uec_149_445 flowId 97 uecSrc 96 starting at 0
Flow Uec_61_310 flowId 98 uecSrc 97 starting at 0
Flow Uec_74_354 flowId 99 uecSrc 98 starting at 0
Flow Uec_260_560 flowId 100 uecSrc 99 starting at 0
Flow Uec_429_117 flowId 101 uecSrc 100 starting at 0
Flow Uec_43_294 flowId 102 uecSrc 101 starting at 0
Flow Uec_42_256 flowId 103 uecSrc 102 starting at 0
Flow Uec_26_288 flowId 104 uecSrc 103 starting at 0
Flow Uec_265_526 flowId 105 uecSrc 104 starting at 0
Flow Uec_130_446 flowId 106 uecSrc 105 starting at 0
Flow Uec_573_245 flowId 107 uecSrc 106 starting at 0
Flow Uec_107_363 flowId 108 uecSrc 107 starting at 0
Flow Uec_250_460 flowId 109 uecSrc 108 starting at 0
Flow Uec_497_146 flowId 110 uecSrc 109 starting at 0
Flow Uec_463_182 flowId 111 uecSrc 110 starting at 0
Flow Uec_510_179 flowId 112 uecSrc 111 starting at 0
Flow Uec_522_211 flowId 113 uecSrc 112 starting at 0
Flow Uec_220_500 flowId 114 uecSrc 113 starting at 0
Flow Uec_554_250 flowId 115 uecSrc 114 starting at 0
Flow Uec_241_449 flowId 116 uecSrc 115 starting at 0
Flow Uec_489_148 flowId 117 uecSrc 116 starting at 0
Flow Uec_572_213 flowId 118 uecSrc 117 starting at 0
Flow Uec_16_300 flowId 119 uecSrc 118 starting at 0
Flow Uec_244_461 flowId 120 uecSrc 119 starting at 0
Flow Uec_233_501 flowId 121 uecSrc 120 starting at 0
Flow Uec_454_140 flowId 122 uecSrc 121 starting at 0
Flow Uec_93_329 flowId 123 uecSrc 122 starting at 0
Flow Uec_198_470 flowId 124 uecSrc 123 starting at 0
Flow Uec_483_164 flowId 125 uecSrc 124 starting at 0
Flow Uec_201_459 flowId 126 uecSrc 125 starting at 0
Flow Uec_530_240 flowId 127 uecSrc 126 starting at 0
Flow Uec_212_492 flowId 128 uecSrc 127 starting at 0
Flow Uec_561_236 flowId 129 uecSrc 128 starting at 0
Flow Uec_444_105 flowId 130 uecSrc 129 starting at 0
Flow Uec_157_432 flowId 131 uecSrc 130 starting at 0
Flow Uec_238_473 flowId 132 uecSrc 131 starting at 0
Flow Uec_486_139 flowId 133 uecSrc 132 starting at 0
Flow Uec_493_158 flowId 134 uecSrc 133 starting at 0
Flow Uec_189_387 flowId 135 uecSrc 134 starting at 0
Flow Uec_439_114 flowId 136 uecSrc 135 starting at 0
Flow Uec_167_398 flowId 137 uecSrc 136 starting at 0
Flow Uec_277_514 flowId 138 uecSrc 137 starting at 0
Flow Uec_8_258 flowId 139 uecSrc 138 starting at 0
Flow Uec_136_401 flowId 140 uecSrc 139 starting at 0
Flow Uec_32_298 flowId 141 uecSrc 140 starting at 0
Flow Uec_355_34 flowId 142 uecSrc 141 starting at 0
Flow Uec_80_383 flowId 143 uecSrc 142 starting at 0
Flow Uec_339_33 flowId 144 uecSrc 143 starting at 0
Flow Uec_420_86 flowId 4 uecSrc 3 finished at 173.862 total messages 1 total packets 490 RTS 0 total bytes 2002140 in_flight now 0 fair_inc 0 prop_inc 10642 fast_inc 444999 eta_inc 8344 multi_dec -0 quick_dec -0 nack_dec -0
Flow Uec_277_514 flowId 138 uecSrc 137 finished at 173.862 total messages 1 total packets 490 RTS 0 total bytes 2002140 in_flight now 0 fair_inc 0 prop_inc 10563 fast_inc 444999 eta_inc 8344 multi_dec -0 quick_dec -0 nack_dec -0
Flow Uec_439_114 flowId 136 uecSrc 135 finished at 174.461 total messages 1 total packets 490 RTS 0 total bytes 2002140 in_flight now 0 fair_inc 0 prop_inc 10210 fast_inc 444999 eta_inc 8344 multi_dec -0 quick_dec -0 nack_dec -0
Flow Uec_423_125 flowId 6 uecSrc 5 finished at 174.461 total messages 1 total packets 490 RTS 0 total bytes 2002140 in_flight now 0 fair_inc 0 prop_inc 10610 fast_inc 444999 eta_inc 8344 multi_dec -0 quick_dec -0 nack_dec -0
Flow Uec_294_572 flowId 7 uecSrc 6 finished at 174.518 total messages 1 total packets 490 RTS 0 total bytes 2002140 in_flight now 0 fair_inc 0 prop_inc 38110 fast_inc 303564 eta_inc 7748 multi_dec -0 quick_dec -0 nack_dec -0
Flow Uec_390_96 flowId 28 uecSrc 27 finished at 174.548 total messages 1 total packets 490 RTS 0 total bytes 2002140 in_flight now 0 fair_inc 0 prop_inc 51754 fast_inc 230337 eta_inc 8344 multi_dec -0 quick_dec -0 nack_dec -0
Flow Uec_289_529 flowId 32 uecSrc 31 finished at 174.628 total messages 1 total packets 490 RTS 0 total bytes 2002140 in_flight now 0 fair_inc 0 prop_inc 48176 fast_inc 250542 eta_inc 8344 multi_dec -0 quick_dec -0 nack_dec -0
Flow Uec_440_64 flowId 9 uecSrc 8 finished at 174.999 total messages 1 total packets 490 RTS 0 total bytes 2002140 in_flight now 0 fair_inc 0 prop_inc 24485 fast_inc 371772 eta_inc 8344 multi_dec -0 quick_dec -0 nack_dec -0
Flow Uec_319_556 flowId 72 uecSrc 71 finished at 175.168 total messages 1 total packets 490 RTS 0 total bytes 2002140 in_flight now 0 fair_inc 0 prop_inc 88399 fast_inc 28287 eta_inc 8344 multi_dec -0 quick_dec -0 nack_dec -0
Flow Uec_343_28 flowId 52 uecSrc 51 finished at 175.522 total messages 1 total packets 490 RTS 0 total bytes 2002140 in_flight now 0 fair_inc 0 prop_inc 86678 fast_inc 0 eta_inc 8344 multi_dec -0 quick_dec -0 nack_dec -0
Flow Uec_153_434 flowId 34 uecSrc 33 finished at 175.522 total messages 1 total packets 490 RTS 0 total bytes 2002140 in_flight now 0 fair_inc 0 prop_inc 85060 fast_inc 0 eta_inc 8344 multi_dec -0 quick_dec -0 nack_dec -0
Flow Uec_189_387 flowId 135 uecSrc 134 finished at 175.522 total messages 1 total packets 490 RTS 0 total bytes 2002140 in_flight now 0 fair_inc 0 prop_inc 86999 fast_inc 0 eta_inc 8344 multi_dec -0 quick_dec -0 nack_dec -0
Flow Uec_124_376 flowId 82 uecSrc 81 finished at 175.526 total messages 1 total packets 490 RTS 0 total bytes 2002140 in_flight now 0 fair_inc 0 prop_inc 83814 fast_inc 0 eta_inc 8344 multi_dec -0 quick_dec -0 nack_dec -0
Flow Uec_323_15 flowId 39 uecSrc 38 finished at 175.526 total messages 1 total packets 490 RTS 0 total bytes 2002140 in_flight now 0 fair_inc 0 prop_inc 83568 fast_inc 0 eta_inc 8344 multi_dec -0 quick_dec -0 nack_dec -0
Flow Uec_315_555 flowId 74 uecSrc 73 finished at 175.526 total messages 1 total packets 490 RTS 0 total bytes 2002140 in_flight now 0 fair_inc 0 prop_inc 83876 fast_inc 0 eta_inc 8344 multi_dec -0 quick_dec -0 nack_dec -0
Flow Uec_395_99 flowId 68 uecSrc 67 finished at 175.526 total messages 1 total packets 490 RTS 0 total bytes 2002140 in_flight now 0 fair_inc 0 prop_inc 85994 fast_inc 0 eta_inc 8344 multi_dec -0 quick_dec -0 nack_dec -0
Flow Uec_344_53 flowId 78 uecSrc 77 finished at 175.528 total messages 1 total packets 490 RTS 0 total bytes 2002140 in_flight now 0 fair_inc 0 prop_inc 85933 fast_inc 0 eta_inc 8344 multi_dec -0 quick_dec -0 nack_dec -0
Flow Uec_27_279 flowId 5 uecSrc 4 finished at 175.739 total messages 1 total packets 490 RTS 0 total bytes 2002140 in_flight now 0 fair_inc 0 prop_inc 84461 fast_inc 0 eta_inc 8344 multi_dec -0 quick_dec -0 nack_dec -0
Flow Uec_29_299 flowId 45 uecSrc 44 finished at 175.854 total messages 1 total packets 490 RTS 0 total bytes 2002140 in_flight now 0 fair_inc 0 prop_inc 81959 fast_inc 0 eta_inc 8344 multi_dec -0 quick_dec -0 nack_dec -0
Flow Uec_489_148 flowId 117 uecSrc 116 finished at 175.854 total messages 1 total packets 490 RTS 0 total bytes 2002140 in_flight now 0 fair_inc 0 prop_inc 83684 fast_inc 0 eta_inc 8344 multi_dec -0 quick_dec -0 nack_dec -0
Flow Uec_265_526 flowId 105 uecSrc 104 finished at 175.858 total messages 1 total packets 490 RTS 0 total bytes 2002140 in_flight now 0 fair_inc 0 prop_inc 79568 fast_inc 0 eta_inc 8344 multi_dec -0 quick_dec -0 nack_dec -0
Flow Uec_36_276 flowId 50 uecSrc 49 finished at 175.858 total messages 1 total packets 490 RTS 0 total bytes 2002140 in_flight now 0 fair_inc 0 prop_inc 80884 fast_inc 0 eta_inc 8344 multi_dec -0 quick_dec -0 nack_dec -0
Flow Uec_419_127 flowId 8 uecSrc 7 finished at 175.858 total messages 1 total packets 490 RTS 0 total bytes 2002140 in_flight now 0 fair_inc 0 prop_inc 80099 fast_inc 0 eta_inc 8344 multi_dec -0 quick_dec -0 nack_dec -0
Flow Uec_563_248 flowId 23 uecSrc 22 finished at 175.858 total messages 1 total packets 490 RTS 0 total bytes 2002140 in_flight now 0 fair_inc 0 prop_inc 81329 fast_inc 0 eta_inc 8344 multi_dec -0 quick_dec -0 nack_dec -0
Flow Uec_479_177 flowId 86 uecSrc 85 finished at 175.858 total messages 1 total packets 490 RTS 0 total bytes 2002140 in_flight now 0 fair_inc 0 prop_inc 79482 fast_inc 0 eta_inc 8344 multi_dec -0 quick_dec -0 nack_dec -0
Flow Uec_167_398 flowId 137 uecSrc 136 finished at 175.858 total messages 1 total packets 490 RTS 0 total bytes 2002140 in_flight now 0 fair_inc 0 prop_inc 81377 fast_inc 0 eta_inc 8344 multi_dec -0 quick_dec -0 nack_dec -0
Flow Uec_341_13 flowId 33 uecSrc 32 finished at 175.86 total messages 1 total packets 490 RTS 0 total bytes 2002140 in_flight now 0 fair_inc 0 prop_inc 82961 fast_inc 0 eta_inc 8344 multi_dec -0 quick_dec -0 nack_dec -0
Flow Uec_493_158 flowId 134 uecSrc 133 finished at 175.895 total messages 1 total packets 490 RTS 0 total bytes 2002140 in_flight now 0 fair_inc 0 prop_inc 79461 fast_inc 0 eta_inc 8344 multi_dec -0 quick_dec -0 nack_dec -0
Flow Uec_146_441 flowId 70 uecSrc 69 finished at 175.931 total messages 1 total packets 490 RTS 0 total bytes 2002140 in_flight now 0 fair_inc 0 prop_inc 81936 fast_inc 0 eta_inc 8344 multi_dec -0 quick_dec -0 nack_dec -0
Flow Uec_495_150 flowId 65 uecSrc 64 finished at 176.125 total messages 1 total packets 490 RTS 0 total bytes 2002140 in_flight now 0 fair_inc 0 prop_inc 78326 fast_inc 0 eta_inc 8344 multi_dec -0 quick_dec -0 nack_dec -0
Flow Uec_432_115 flowId 71 uecSrc 70 finished at 176.131 total messages 1 total packets 490 RTS 0 total bytes 2002140 in_flight now 0 fair_inc 0 prop_inc 78623 fast_inc 0 eta_inc 8344 multi_dec -0 quick_dec -0 nack_dec -0
Flow Uec_187_439 flowId 55 uecSrc 54 finished at 176.141 total messages 1 total packets 490 RTS 0 total bytes 2002140 in_flight now 0 fair_inc 0 prop_inc 78721 fast_inc 0 eta_inc 8344 multi_dec -0 quick_dec -0 nack_dec -0
Flow Uec_198_470 flowId 124 uecSrc 123 finished at 176.163 total messages 1 total packets 490 RTS 0 total bytes 2002140 in_flight now 0 fair_inc 0 prop_inc 79908 fast_inc 0 eta_inc 8344 multi_dec -0 quick_dec -0 nack_dec -0
Flow Uec_42_256 flowId 103 uecSrc 102 finished at 176.186 total messages 1 total packets 490 RTS 0 total bytes 2002140 in_flight now 0 fair_inc 0 prop_inc 74226 fast_inc 0 eta_inc 8344 multi_dec -0 quick_dec -0 nack_dec -0
Flow Uec_552_254 flowId 41 uecSrc 40 finished at 176.186 total messages 1 total packets 490 RTS 0 total bytes 2002140 in_flight now 0 fair_inc 0 prop_inc 74788 fast_inc 0 eta_inc 8344 multi_dec -0 quick_dec -0 nack_dec -0
Flow Uec_147_436 flowId 44 uecSrc 43 finished at 176.186 total messages 1 total packets 490 RTS 0 total bytes 2002140 in_flight now 0 fair_inc 0 prop_inc 79458 fast_inc 0 eta_inc 8344 multi_dec -0 quick_dec -0 nack_dec -0
Flow Uec_80_383 flowId 143 uecSrc 142 finished at 176.19 total messages 1 total packets 490 RTS 0 total bytes 2002140 in_flight now 0 fair_inc 0 prop_inc 78216 fast_inc 0 eta_inc 8344 multi_dec -0 quick_dec -0 nack_dec -0
Flow Uec_112_346 flowId 79 uecSrc 78 finished at 176.19 total messages 1 total packets 490 RTS 0 total bytes 2002140 in_flight now 0 fair_inc 0 prop_inc 79131 fast_inc 0 eta_inc 8344 multi_dec -0 quick_dec -0 nack_dec -0
Flow Uec_61_310 flowId 98 uecSrc 97 finished at 176.192 total messages 1 total packets 490 RTS 0 total bytes 2002140 in_flight now 0 fair_inc 0 prop_inc 76785 fast_inc 0 eta_inc 8344 multi_dec -0 quick_dec -0 nack_dec -0
Flow Uec_2_308 flowId 14 uecSrc 13 finished at 176.197 total messages 1 total packets 490 RTS 0 total bytes 2002140 in_flight now 0 fair_inc 0 prop_inc 76805 fast_inc 0 eta_inc 8344 multi_dec -0 quick_dec -0 nack_dec -0
Flow Uec_93_329 flowId 123 uecSrc 122 finished at 176.213 total messages 1 total packets 490 RTS 0 total bytes 2002140 in_flight now 0 fair_inc 0 prop_inc 81739 fast_inc 0 eta_inc 8344 multi_dec -0 quick_dec -0 nack_dec -0
Flow Uec_286_541 flowId 48 uecSrc 47 finished at 176.249 total messages 1 total packets 490 RTS 0 total bytes 2002140 in_flight now 0 fair_inc 0 prop_inc 78896 fast_inc 0 eta_inc 8344 multi_dec -0 quick_dec -0 nack_dec -0
Flow Uec_500_129 flowId 26 uecSrc 25 finished at 176.367 total messages 1 total packets 490 RTS 0 total bytes 2002140 in_flight now 0 fair_inc 0 prop_inc 81461 fast_inc 0 eta_inc 8344 multi_dec -0 quick_dec -0 nack_dec -0
Flow Uec_497_146 flowId 110 uecSrc 109 finished at 176.453 total messages 1 total packets 490 RTS 0 total bytes 2002140 in_flight now 0 fair_inc 0 prop_inc 77576 fast_inc 0 eta_inc 8344 multi_dec -0 quick_dec -0 nack_dec -0
Flow Uec_213_489 flowId 21 uecSrc 20 finished at 176.459 total messages 1 total packets 490 RTS 0 total bytes 2002140 in_flight now 0 fair_inc 0 prop_inc 75442 fast_inc 0 eta_inc 8344 multi_dec -0 quick_dec -0 nack_dec -0
Flow Uec_335_40 flowId 76 uecSrc 75 finished at 176.459 total messages 1 total packets 490 RTS 0 total bytes 2002140 in_flight now 0 fair_inc 0 prop_inc 76152 fast_inc 0 eta_inc 8344 multi_dec -0 quick_dec -0 nack_dec -0
Flow Uec_295_558 flowId 57 uecSrc 56 finished at 176.479 total messages 1 total packets 490 RTS 0 total bytes 2002140 in_flight now 0 fair_inc 0 prop_inc 71384 fast_inc 0 eta_inc 8344 multi_dec -0 quick_dec -0 nack_dec -0
Flow Uec_360_5 flowId 83 uecSrc 82 finished at 176.518 total messages 1 total packets 490 RTS 0 total bytes 2002140 in_flight now 0 fair_inc 0 prop_inc 86246 fast_inc 0 eta_inc 8344 multi_dec -0 quick_dec -0 nack_dec -0
Flow Uec_214_488 flowId 96 uecSrc 95 finished at 176.518 total messages 1 total packets 490 RTS 0 total bytes 2002140 in_flight now 0 fair_inc 0 prop_inc 70516 fast_inc 0 eta_inc 8344 multi_dec -0 quick_dec -0 nack_dec -0
Flow Uec_478_190 flowId 87 uecSrc 86 finished at 176.522 total messages 1 total packets 490 RTS 0 total bytes 2002140 in_flight now 0 fair_inc 0 prop_inc 71142 fast_inc 0 eta_inc 8344 multi_dec -0 quick_dec -0 nack_dec -0
Flow Uec_453_191 flowId 92 uecSrc 91 finished at 176.613 total messages 1 total packets 490 RTS 0 total bytes 2002140 in_flight now 0 fair_inc 0 prop_inc 78867 fast_inc 0 eta_inc 8344 multi_dec -0 quick_dec -0 nack_dec -0
Flow Uec_486_139 flowId 133 uecSrc 132 finished at 176.617 total messages 1 total packets 490 RTS 0 total bytes 2002140 in_flight now 0 fair_inc 0 prop_inc 76636 fast_inc 0 eta_inc 8344 multi_dec -0 quick_dec -0 nack_dec -0
Flow Uec_115_335 flowId 18 uecSrc 17 finished at 176.683 total messages 1 total packets 490 RTS 0 total bytes 2002140 in_flight now 0 fair_inc 0 prop_inc 72493 fast_inc 0 eta_inc 8344 multi_dec -0 quick_dec -0 nack_dec -0
Flow Uec_72_324 flowId 42 uecSrc 41 finished at 176.775 total messages 1 total packets 490 RTS 0 total bytes 2002140 in_flight now 0 fair_inc 0 prop_inc 79187 fast_inc 0 eta_inc 8344 multi_dec -0 quick_dec -0 nack_dec -0
Flow Uec_157_432 flowId 131 uecSrc 130 finished at 176.796 total messages 1 total packets 490 RTS 0 total bytes 2002140 in_flight now 0 fair_inc 0 prop_inc 69636 fast_inc 0 eta_inc 8344 multi_dec -0 quick_dec -0 nack_dec -0
Flow Uec_183_396 flowId 29 uecSrc 28 finished at 176.85 total messages 1 total packets 490 RTS 0 total bytes 2002140 in_flight now 0 fair_inc 0 prop_inc 77533 fast_inc 0 eta_inc 8344 multi_dec -0 quick_dec -0 nack_dec -0
Flow Uec_78_368 flowId 27 uecSrc 26 finished at 176.854 total messages 1 total packets 490 RTS 0 total bytes 2002140 in_flight now 0 fair_inc 0 prop_inc 73717 fast_inc 0 eta_inc 8344 multi_dec -0 quick_dec -0 nack_dec -0
Flow Uec_260_560 flowId 100 uecSrc 99 finished at 176.895 total messages 1 total packets 490 RTS 0 total bytes 2002140 in_flight now 0 fair_inc 0 prop_inc 81489 fast_inc 0 eta_inc 8344 multi_dec -0 quick_dec -0 nack_dec -0
Flow Uec_444_105 flowId 130 uecSrc 129 finished at 177.093 total messages 1 total packets 490 RTS 0 total bytes 2002140 in_flight now 0 fair_inc 0 prop_inc 74870 fast_inc 0 eta_inc 8344 multi_dec -0 quick_dec -0 nack_dec -0
Flow Uec_238_473 flowId 132 uecSrc 131 finished at 177.155 total messages 1 total packets 490 RTS 0 total bytes 2002140 in_flight now 0 fair_inc 0 prop_inc 76619 fast_inc 0 eta_inc 8344 multi_dec -0 quick_dec -0 nack_dec -0
Flow Uec_554_250 flowId 115 uecSrc 114 finished at 177.34 total messages 1 total packets 490 RTS 0 total bytes 2002140 in_flight now 0 fair_inc 0 prop_inc 71023 fast_inc 0 eta_inc 8344 multi_dec -0 quick_dec -0 nack_dec -0
Flow Uec_243_486 flowId 37 uecSrc 36 finished at 177.404 total messages 1 total packets 490 RTS 0 total bytes 2002140 in_flight now 0 fair_inc 0 prop_inc 65700 fast_inc 0 eta_inc 8344 multi_dec -0 quick_dec -0 nack_dec -0
Flow Uec_107_363 flowId 108 uecSrc 107 finished at 177.514 total messages 1 total packets 490 RTS 0 total bytes 2002140 in_flight now 0 fair_inc 0 prop_inc 63523 fast_inc 0 eta_inc 8344 multi_dec -0 quick_dec -0 nack_dec -0
Flow Uec_139_412 flowId 60 uecSrc 59 finished at 177.52 total messages 1 total packets 490 RTS 0 total bytes 2002140 in_flight now 0 fair_inc 0 prop_inc 64159 fast_inc 0 eta_inc 8344 multi_dec -0 quick_dec -0 nack_dec -0
Flow Uec_241_449 flowId 116 uecSrc 115 finished at 177.624 total messages 1 total packets 490 RTS 0 total bytes 2002140 in_flight now 0 fair_inc 0 prop_inc 67119 fast_inc 0 eta_inc 8344 multi_dec -0 quick_dec -0 nack_dec -0
Flow Uec_298_559 flowId 89 uecSrc 88 finished at 177.646 total messages 1 total packets 490 RTS 0 total bytes 2002140 in_flight now 0 fair_inc 0 prop_inc 74213 fast_inc 0 eta_inc 8344 multi_dec -0 quick_dec -0 nack_dec -0
Flow Uec_22_271 flowId 1 uecSrc 0 finished at 177.846 total messages 1 total packets 490 RTS 0 total bytes 2002140 in_flight now 0 fair_inc 0 prop_inc 60633 fast_inc 0 eta_inc 7748 multi_dec -0 quick_dec -0 nack_dec -0
Flow Uec_558_200 flowId 80 uecSrc 79 finished at 177.846 total messages 1 total packets 490 RTS 0 total bytes 2002140 in_flight now 0 fair_inc 0 prop_inc 58731 fast_inc 0 eta_inc 8344 multi_dec -0 quick_dec -0 nack_dec -0
Flow Uec_96_321 flowId 12 uecSrc 11 finished at 177.846 total messages 1 total packets 490 RTS 0 total bytes 2002140 in_flight now 0 fair_inc 0 prop_inc 63877 fast_inc 0 eta_inc 8344 multi_dec -0 quick_dec -0 nack_dec -0
Flow Uec_541_220 flowId 95 uecSrc 94 finished at 177.954 total messages 1 total packets 490 RTS 0 total bytes 2002140 in_flight now 0 fair_inc 0 prop_inc 60688 fast_inc 0 eta_inc 8344 multi_dec -0 quick_dec -0 nack_dec -0
Flow Uec_531_230 flowId 56 uecSrc 55 finished at 178.007 total messages 1 total packets 490 RTS 0 total bytes 2002140 in_flight now 0 fair_inc 1121 prop_inc 58303 fast_inc 0 eta_inc 8344 multi_dec -0 quick_dec -0 nack_dec -0
Flow Uec_245_480 flowId 13 uecSrc 12 finished at 178.143 total messages 1 total packets 490 RTS 0 total bytes 2002140 in_flight now 0 fair_inc 0 prop_inc 61984 fast_inc 0 eta_inc 8344 multi_dec -0 quick_dec -0 nack_dec -0
Flow Uec_355_34 flowId 142 uecSrc 141 finished at 178.178 total messages 1 total packets 490 RTS 0 total bytes 2002140 in_flight now 0 fair_inc 1119 prop_inc 56078 fast_inc 0 eta_inc 8344 multi_dec -0 quick_dec -0 nack_dec -0
Flow Uec_19_267 flowId 24 uecSrc 23 finished at 178.178 total messages 1 total packets 490 RTS 0 total bytes 2002140 in_flight now 0 fair_inc 2988 prop_inc 61270 fast_inc 0 eta_inc 8344 multi_dec -0 quick_dec -0 nack_dec -0
Flow Uec_212_492 flowId 128 uecSrc 127 finished at 178.178 total messages 1 total packets 490 RTS 0 total bytes 2002140 in_flight now 0 fair_inc 0 prop_inc 61391 fast_inc 0 eta_inc 8344 multi_dec -0 quick_dec -0 nack_dec -0
Flow Uec_46_257 flowId 54 uecSrc 53 finished at 178.182 total messages 1 total packets 490 RTS 0 total bytes 2002140 in_flight now 0 fair_inc 0 prop_inc 58366 fast_inc 0 eta_inc 8344 multi_dec -0 quick_dec -0 nack_dec -0
Flow Uec_233_501 flowId 121 uecSrc 120 finished at 178.632 total messages 1 total packets 490 RTS 0 total bytes 2002140 in_flight now 0 fair_inc 0 prop_inc 61194 fast_inc 0 eta_inc 8344 multi_dec -0 quick_dec -0 nack_dec -0
Flow Uec_117_322 flowId 61 uecSrc 60 finished at 178.685 total messages 1 total packets 490 RTS 0 total bytes 2002140 in_flight now 0 fair_inc 0 prop_inc 58727 fast_inc 0 eta_inc 8344 multi_dec -0 quick_dec -0 nack_dec -0
Flow Uec_480_171 flowId 66 uecSrc 65 finished at 178.994 total messages 1 total packets 490 RTS 0 total bytes 2002140 in_flight now 0 fair_inc 0 prop_inc 54306 fast_inc 0 eta_inc 8344 multi_dec -0 quick_dec -0 nack_dec -0
Flow Uec_100_353 flowId 31 uecSrc 30 finished at 179.003 total messages 1 total packets 490 RTS 0 total bytes 2002140 in_flight now 0 fair_inc 12682 prop_inc 51039 fast_inc 0 eta_inc 8344 multi_dec -0 quick_dec -0 nack_dec -0
Flow Uec_483_164 flowId 125 uecSrc 124 finished at 179.007 total messages 1 total packets 490 RTS 0 total bytes 2002140 in_flight now 0 fair_inc 1490 prop_inc 59176 fast_inc 0 eta_inc 8344 multi_dec -0 quick_dec -0 nack_dec -0
Flow Uec_244_461 flowId 120 uecSrc 119 finished at 179.51 total messages 1 total packets 490 RTS 0 total bytes 2002140 in_flight now 0 fair_inc 1493 prop_inc 49979 fast_inc 0 eta_inc 8344 multi_dec -0 quick_dec -0 nack_dec -0
Flow Uec_530_240 flowId 127 uecSrc 126 finished at 179.554 total messages 1 total packets 490 RTS 0 total bytes 2002140 in_flight now 0 fair_inc 0 prop_inc 55230 fast_inc 0 eta_inc 8344 multi_dec -0 quick_dec -0 nack_dec -8300
Flow Uec_192_506 flowId 90 uecSrc 89 finished at 180.014 total messages 1 total packets 490 RTS 0 total bytes 2002140 in_flight now 0 fair_inc 1492 prop_inc 58010 fast_inc 0 eta_inc 8344 multi_dec -0 quick_dec -0 nack_dec -0
Flow Uec_505_163 flowId 3 uecSrc 2 finished at 180.667 total messages 1 total packets 490 RTS 0 total bytes 2002140 in_flight now 0 fair_inc 0 prop_inc 46476 fast_inc 0 eta_inc 8344 multi_dec -0 quick_dec -0 nack_dec -0
Flow Uec_475_173 flowId 63 uecSrc 62 finished at 180.798 total messages 1 total packets 490 RTS 0 total bytes 2002140 in_flight now 0 fair_inc 0 prop_inc 56809 fast_inc 0 eta_inc 8344 multi_dec -0 quick_dec -0 nack_dec -0
Flow Uec_354_60 flowId 43 uecSrc 42 finished at 180.814 total messages 1 total packets 490 RTS 0 total bytes 2002140 in_flight now 0 fair_inc 0 prop_inc 60742 fast_inc 0 eta_inc 8344 multi_dec -0 quick_dec -0 nack_dec -0
Flow Uec_136_401 flowId 140 uecSrc 139 finished at 181.17 total messages 1 total packets 490 RTS 0 total bytes 2002140 in_flight now 0 fair_inc 747 prop_inc 52422 fast_inc 0 eta_inc 8344 multi_dec -0 quick_dec -0 nack_dec -0
Flow Uec_472_180 flowId 59 uecSrc 58 finished at 181.284 total messages 1 total packets 490 RTS 0 total bytes 2002140 in_flight now 0 fair_inc 2617 prop_inc 47051 fast_inc 0 eta_inc 8940 multi_dec -0 quick_dec -0 nack_dec -0
Flow Uec_571_202 flowId 62 uecSrc 61 finished at 181.675 total messages 1 total packets 490 RTS 0 total bytes 2002140 in_flight now 0 fair_inc 10059 prop_inc 47947 fast_inc 0 eta_inc 8344 multi_dec -0 quick_dec -0 nack_dec -0
Flow Uec_43_294 flowId 102 uecSrc 101 finished at 181.972 total messages 1 total packets 490 RTS 0 total bytes 2002140 in_flight now 0 fair_inc 2984 prop_inc 53918 fast_inc 0 eta_inc 8344 multi_dec -0 quick_dec -0 nack_dec -0
Flow Uec_556_238 flowId 17 uecSrc 16 finished at 181.985 total messages 1 total packets 490 RTS 0 total bytes 2002140 in_flight now 0 fair_inc 0 prop_inc 48056 fast_inc 0 eta_inc 8940 multi_dec -0 quick_dec -0 nack_dec -0
Flow Uec_8_258 flowId 139 uecSrc 138 finished at 182.166 total messages 1 total packets 490 RTS 0 total bytes 2002140 in_flight now 0 fair_inc 0 prop_inc 41058 fast_inc 0 eta_inc 8344 multi_dec -0 quick_dec -0 nack_dec -0
Flow Uec_234_476 flowId 10 uecSrc 9 finished at 182.299 total messages 1 total packets 490 RTS 0 total bytes 2002140 in_flight now 0 fair_inc 0 prop_inc 56048 fast_inc 0 eta_inc 8344 multi_dec -0 quick_dec -0 nack_dec -0
Flow Uec_240_462 flowId 91 uecSrc 90 finished at 183.418 total messages 1 total packets 490 RTS 0 total bytes 2002140 in_flight now 0 fair_inc 0 prop_inc 44785 fast_inc 0 eta_inc 8344 multi_dec -0 quick_dec -0 nack_dec -0
Flow Uec_220_500 flowId 114 uecSrc 113 finished at 183.878 total messages 1 total packets 490 RTS 0 total bytes 2002140 in_flight now 0 fair_inc 0 prop_inc 39677 fast_inc 0 eta_inc 8344 multi_dec -0 quick_dec -0 nack_dec -0
Flow Uec_58_260 flowId 19 uecSrc 18 finished at 184.073 total messages 1 total packets 490 RTS 0 total bytes 2002140 in_flight now 0 fair_inc 0 prop_inc 38978 fast_inc 0 eta_inc 8344 multi_dec -0 quick_dec -0 nack_dec -0
Flow Uec_56_263 flowId 16 uecSrc 15 finished at 184.36 total messages 1 total packets 490 RTS 0 total bytes 2002140 in_flight now 0 fair_inc 0 prop_inc 39165 fast_inc 0 eta_inc 8344 multi_dec -0 quick_dec -0 nack_dec -0
Flow Uec_559_229 flowId 84 uecSrc 83 finished at 185.15 total messages 1 total packets 490 RTS 0 total bytes 2002140 in_flight now 0 fair_inc 1491 prop_inc 40281 fast_inc 0 eta_inc 8940 multi_dec -0 quick_dec -0 nack_dec -0
Flow Uec_572_213 flowId 118 uecSrc 117 finished at 185.658 total messages 1 total packets 490 RTS 0 total bytes 2002140 in_flight now 0 fair_inc 0 prop_inc 53002 fast_inc 0 eta_inc 8940 multi_dec -0 quick_dec -0 nack_dec -0
Flow Uec_543_212 flowId 53 uecSrc 52 finished at 186.986 total messages 1 total packets 490 RTS 0 total bytes 2002140 in_flight now 0 fair_inc 4855 prop_inc 41540 fast_inc 0 eta_inc 8344 multi_dec -0 quick_dec -0 nack_dec -0
Flow Uec_197_503 flowId 51 uecSrc 50 finished at 187.772 total messages 1 total packets 490 RTS 0 total bytes 2002140 in_flight now 0 fair_inc 0 prop_inc 41490 fast_inc 0 eta_inc 8940 multi_dec -0 quick_dec -0 nack_dec -0
Flow Uec_339_33 flowId 144 uecSrc 143 finished at 188.138 total messages 1 total packets 490 RTS 0 total bytes 2002140 in_flight now 0 fair_inc 0 prop_inc 33567 fast_inc 0 eta_inc 8940 multi_dec -0 quick_dec -0 nack_dec -0
Flow Uec_463_182 flowId 111 uecSrc 110 finished at 188.961 total messages 1 total packets 490 RTS 0 total bytes 2002140 in_flight now 0 fair_inc 0 prop_inc 32449 fast_inc 0 eta_inc 8940 multi_dec -0 quick_dec -0 nack_dec -0
Flow Uec_553_209 flowId 58 uecSrc 57 finished at 189.47 total messages 1 total packets 490 RTS 0 total bytes 2002140 in_flight now 0 fair_inc 1496 prop_inc 39102 fast_inc 0 eta_inc 8940 multi_dec -0 quick_dec -0 nack_dec -0
Flow Uec_351_59 flowId 36 uecSrc 35 finished at 189.708 total messages 1 total packets 490 RTS 0 total bytes 2002140 in_flight now 0 fair_inc 0 prop_inc 26610 fast_inc 0 eta_inc 8940 multi_dec -0 quick_dec -0 nack_dec -0
Flow Uec_484_172 flowId 67 uecSrc 66 finished at 190.462 total messages 1 total packets 490 RTS 0 total bytes 2002140 in_flight now 0 fair_inc 0 prop_inc 28554 fast_inc 0 eta_inc 8940 multi_dec -0 quick_dec -0 nack_dec -0
Flow Uec_186_407 flowId 47 uecSrc 46 finished at 193.118 total messages 1 total packets 490 RTS 0 total bytes 2002140 in_flight now 0 fair_inc 0 prop_inc 22367 fast_inc 0 eta_inc 8940 multi_dec -0 quick_dec -0 nack_dec -0
Flow Uec_67_356 flowId 93 uecSrc 92 finished at 194.114 total messages 1 total packets 490 RTS 0 total bytes 2002140 in_flight now 0 fair_inc 0 prop_inc 21343 fast_inc 0 eta_inc 8940 multi_dec -0 quick_dec -0 nack_dec -0
Flow Uec_547_206 flowId 73 uecSrc 72 finished at 195.446 total messages 1 total packets 490 RTS 0 total bytes 2002140 in_flight now 0 fair_inc 5627 prop_inc 21889 fast_inc 0 eta_inc 9536 multi_dec -0 quick_dec -0 nack_dec -0
Flow Uec_26_288 flowId 104 uecSrc 103 finished at 195.745 total messages 1 total packets 490 RTS 0 total bytes 2002140 in_flight now 0 fair_inc 7506 prop_inc 18717 fast_inc 0 eta_inc 8940 multi_dec -0 quick_dec -0 nack_dec -0
Flow Uec_242_475 flowId 2 uecSrc 1 finished at 196.634 total messages 1 total packets 490 RTS 0 total bytes 2002140 in_flight now 0 fair_inc 2620 prop_inc 20293 fast_inc 0 eta_inc 9536 multi_dec -0 quick_dec -0 nack_dec -0
Flow Uec_510_179 flowId 112 uecSrc 111 finished at 196.815 total messages 1 total packets 490 RTS 0 total bytes 2002140 in_flight now 0 fair_inc 10495 prop_inc 20678 fast_inc 0 eta_inc 9536 multi_dec -0 quick_dec -0 nack_dec -0
Flow Uec_215_504 flowId 85 uecSrc 84 finished at 197.77 total messages 1 total packets 490 RTS 0 total bytes 2002140 in_flight now 0 fair_inc 751 prop_inc 12975 fast_inc 0 eta_inc 9536 multi_dec -0 quick_dec -0 nack_dec -0
Flow Uec_74_354 flowId 99 uecSrc 98 finished at 197.953 total messages 1 total packets 490 RTS 0 total bytes 2002140 in_flight now 0 fair_inc 5991 prop_inc 16466 fast_inc 0 eta_inc 9536 multi_dec -0 quick_dec -0 nack_dec -0
Flow Uec_171_405 flowId 25 uecSrc 24 finished at 198.927 total messages 1 total packets 490 RTS 0 total bytes 2002140 in_flight now 0 fair_inc 6003 prop_inc 12659 fast_inc 0 eta_inc 9536 multi_dec -0 quick_dec -0 nack_dec -0
Flow Uec_39_270 flowId 38 uecSrc 37 finished at 200.422 total messages 1 total packets 490 RTS 0 total bytes 2002140 in_flight now 0 fair_inc 4875 prop_inc 14845 fast_inc 0 eta_inc 9536 multi_dec -0 quick_dec -0 nack_dec -0
Flow Uec_522_211 flowId 113 uecSrc 112 finished at 208.726 total messages 1 total packets 490 RTS 0 total bytes 2002140 in_flight now 0 fair_inc 13082 prop_inc 9701 fast_inc 0 eta_inc 10132 multi_dec -21410 quick_dec -0 nack_dec -0
Flow Uec_540_226 flowId 64 uecSrc 63 finished at 211.871 total messages 1 total packets 490 RTS 0 total bytes 2002140 in_flight now 0 fair_inc 9848 prop_inc 26448 fast_inc 0 eta_inc 10132 multi_dec -52217 quick_dec -0 nack_dec -0
Flow Uec_250_460 flowId 109 uecSrc 108 finished at 230.368 total messages 1 total packets 490 RTS 0 total bytes 2002140 in_flight now 0 fair_inc 9133 prop_inc 48243 fast_inc 85350 eta_inc 10728 multi_dec -105122 quick_dec -0 nack_dec -0
Flow Uec_111_362 flowId 40 uecSrc 39 finished at 306.739 total messages 1 total packets 490 RTS 0 total bytes 2002140 in_flight now 0 fair_inc 6783 prop_inc 24876 fast_inc 0 eta_inc 14900 multi_dec -100432 quick_dec -0 nack_dec -20750
Flow Uec_272_535 flowId 81 uecSrc 80 finished at 311.974 total messages 1 total packets 490 RTS 0 total bytes 2002140 in_flight now 0 fair_inc 4257 prop_inc 34370 fast_inc 0 eta_inc 14900 multi_dec -99900 quick_dec -0 nack_dec -29050
Flow Uec_471_138 flowId 20 uecSrc 19 finished at 315.387 total messages 1 total packets 490 RTS 0 total bytes 2002140 in_flight now 0 fair_inc 6702 prop_inc 30887 fast_inc 0 eta_inc 14900 multi_dec -92126 quick_dec -0 nack_dec -37350
Flow Uec_515_196 flowId 94 uecSrc 93 finished at 318.449 total messages 1 total packets 490 RTS 0 total bytes 2002140 in_flight now 0 fair_inc 1754 prop_inc 37043 fast_inc 0 eta_inc 14900 multi_dec -89598 quick_dec -0 nack_dec -41500
Flow Uec_16_300 flowId 119 uecSrc 118 finished at 319.61 total messages 1 total packets 490 RTS 0 total bytes 2002140 in_flight now 0 fair_inc 5326 prop_inc 36031 fast_inc 0 eta_inc 15496 multi_dec -88328 quick_dec -0 nack_dec -45650
Flow Uec_176_384 flowId 77 uecSrc 76 finished at 320.367 total messages 1 total packets 490 RTS 0 total bytes 2002140 in_flight now 0 fair_inc 6450 prop_inc 24619 fast_inc 0 eta_inc 15496 multi_dec -101499 quick_dec -0 nack_dec -24900
Flow Uec_130_446 flowId 106 uecSrc 105 finished at 324.569 total messages 1 total packets 490 RTS 0 total bytes 2002140 in_flight now 0 fair_inc 2672 prop_inc 38139 fast_inc 0 eta_inc 15496 multi_dec -87698 quick_dec -0 nack_dec -45650
Flow Uec_76_360 flowId 15 uecSrc 14 finished at 325.462 total messages 1 total packets 490 RTS 0 total bytes 2002140 in_flight now 0 fair_inc 11123 prop_inc 32621 fast_inc 0 eta_inc 15496 multi_dec -91416 quick_dec -0 nack_dec -41500
Flow Uec_409_119 flowId 49 uecSrc 48 finished at 335.259 total messages 1 total packets 490 RTS 0 total bytes 2002140 in_flight now 0 fair_inc 12844 prop_inc 26597 fast_inc 0 eta_inc 15496 multi_dec -88313 quick_dec -0 nack_dec -45650
Flow Uec_429_117 flowId 101 uecSrc 100 finished at 338.407 total messages 1 total packets 490 RTS 0 total bytes 2002140 in_flight now 0 fair_inc 11805 prop_inc 22489 fast_inc 0 eta_inc 16092 multi_dec -102080 quick_dec -0 nack_dec -29050
Flow Uec_149_445 flowId 97 uecSrc 96 finished at 339.414 total messages 1 total packets 490 RTS 0 total bytes 2002140 in_flight now 0 fair_inc 4864 prop_inc 44288 fast_inc 0 eta_inc 16092 multi_dec -123870 quick_dec -0 nack_dec -29050
Flow Uec_160_388 flowId 88 uecSrc 87 finished at 339.517 total messages 1 total packets 490 RTS 0 total bytes 2002140 in_flight now 0 fair_inc 5850 prop_inc 33170 fast_inc 0 eta_inc 16092 multi_dec -85452 quick_dec -0 nack_dec -49800
Flow Uec_32_298 flowId 141 uecSrc 140 finished at 339.994 total messages 1 total packets 490 RTS 0 total bytes 2002140 in_flight now 0 fair_inc 5341 prop_inc 46997 fast_inc 1499 eta_inc 16092 multi_dec -125825 quick_dec -0 nack_dec -29050
Flow Uec_548_197 flowId 22 uecSrc 21 finished at 340.16 total messages 1 total packets 490 RTS 0 total bytes 2002140 in_flight now 0 fair_inc 3866 prop_inc 51689 fast_inc 7559 eta_inc 16092 multi_dec -121566 quick_dec -0 nack_dec -33200
Flow Uec_567_242 flowId 11 uecSrc 10 finished at 340.259 total messages 1 total packets 490 RTS 0 total bytes 2002140 in_flight now 0 fair_inc 9752 prop_inc 22132 fast_inc 0 eta_inc 16688 multi_dec -93853 quick_dec -0 nack_dec -37350
Flow Uec_573_245 flowId 107 uecSrc 106 finished at 341.084 total messages 1 total packets 490 RTS 0 total bytes 2002140 in_flight now 0 fair_inc 13999 prop_inc 22604 fast_inc 0 eta_inc 16092 multi_dec -77231 quick_dec -0 nack_dec -53950
Flow Uec_454_140 flowId 122 uecSrc 121 finished at 342.239 total messages 1 total packets 490 RTS 0 total bytes 2002140 in_flight now 0 fair_inc 6946 prop_inc 48127 fast_inc 10589 eta_inc 16092 multi_dec -116881 quick_dec -0 nack_dec -37350
Flow Uec_268_528 flowId 30 uecSrc 29 finished at 343.474 total messages 1 total packets 490 RTS 0 total bytes 2002140 in_flight now 0 fair_inc 5516 prop_inc 47785 fast_inc 30793 eta_inc 16092 multi_dec -111053 quick_dec -0 nack_dec -45650
Flow Uec_202_456 flowId 46 uecSrc 45 finished at 405.458 total messages 1 total packets 490 RTS 0 total bytes 2002140 in_flight now 0 fair_inc 15286 prop_inc 18930 fast_inc 0 eta_inc 18476 multi_dec -90535 quick_dec -0 nack_dec -83000
Flow Uec_566_233 flowId 69 uecSrc 68 finished at 426.52 total messages 1 total packets 490 RTS 0 total bytes 2002140 in_flight now 0 fair_inc 18479 prop_inc 26421 fast_inc 0 eta_inc 19668 multi_dec -103290 quick_dec -0 nack_dec -87150
Flow Uec_201_459 flowId 126 uecSrc 125 finished at 438.391 total messages 1 total packets 490 RTS 0 total bytes 2002140 in_flight now 0 fair_inc 14323 prop_inc 40331 fast_inc 0 eta_inc 20264 multi_dec -114693 quick_dec -0 nack_dec -74700
Flow Uec_561_236 flowId 129 uecSrc 128 finished at 454.237 total messages 1 total packets 490 RTS 0 total bytes 2002140 in_flight now 0 fair_inc 10736 prop_inc 41933 fast_inc 0 eta_inc 20860 multi_dec -85574 quick_dec -0 nack_dec -107900
Flow Uec_542_234 flowId 35 uecSrc 34 finished at 481.421 total messages 1 total packets 490 RTS 0 total bytes 2002140 in_flight now 0 fair_inc 14788 prop_inc 51474 fast_inc 27763 eta_inc 21456 multi_dec -100146 quick_dec -0 nack_dec -99600
Flow Uec_237_457 flowId 75 uecSrc 74 finished at 483.474 total messages 1 total packets 490 RTS 0 total bytes 2002140 in_flight now 0 fair_inc 8117 prop_inc 50852 fast_inc 72214 eta_inc 22648 multi_dec -58811 quick_dec -0 nack_dec -132800
.Done
New: 70560 Rtx: 306 RTS: 0 Bounced: 0 ACKs: 28475 NACKs: 306 Pulls: 0 sleek_pkts: 0
