Load balancing algorithm set to reps
no_of_nodes 576
Dragonfly+ strategy: REPS_DFP
Setting queuesize to 50 packets
endtime(us) 100000
random seed 4
Using generated Dragonfly+ tornado traffic instead of -tm
Tornado active connections 144
Tornado flow size 10000000 bytes
REPS partition entropy enabled.
REPS open-tier escalation threshold 0.2
REPS warmup explore duration 1.0 x this flow's base RTT
REPS continuous explore probability 70%
Packet size (MTU) is 4150
Parsed args
Logging to 576_nodes/runs/tornado_reps_partition_load0.25_fs10000000_seed4.dat
Setting ECN low 33200 high 120350
Dragonfly+ with medium topology type
Link latencies: 1 and switch latencies: 0
queue_id 2 ecn_low 33200 ecn_high 120350
DragonFly+ constructor done, 576 nodes created
Generating tornado connection matrix: python3 connection_matrices/gen_tornado_dfp.py /tmp/dfp_tornado_22654.cm 576 144 10000000 0.0 4 8 8
Nodes:  576
Connections:  144
Flowsize:  10000000 bytes
ExtraStartTime:  0.0 us
Random Seed  4
Dragonfly+ p= 8 l= 8
group_size=64  no_groups=9  opposite group offset=4
Loading generated tornado connection matrix from /tmp/dfp_tornado_22654.cm
Nodes: 576 Connections: 144 Triggers: 0 Failures: 0
network_max_unloaded_rtt 11.6856 us
Setting min RTO to 114.6
Per-hop RTT normalization: ON (strategy reps_dfp)
Initializing static NSCC parameters: _reference_network_linkspeed=100000000000 _reference_network_rtt=12000000 _reference_network_bdp=150000 _target_Qdelay=8764200 _network_linkspeed=100000000000 _network_rtt=11685600 _network_bdp=146070 _qa_gate=2^3 _qa_threshold=3.50568e+07 _scaling_factor_a=0.9738 _scaling_factor_b=0.73035 _alpha=0.00132632 _fi=19894.7 _eta=596.842 _qa_scaling=1 _gamma=0.8 _fi_scale=0.24345 _delay_alpha=0.0125 _adjust_period_threshold=11685600 _adjust_bytes_threshold=33200
Initialize per-instance NSCC parameters: flowid 1 _base_rtt=11685600 _base_bdp=146070 _bdp=146070 _min_cwnd=4150 _maxwnd=219105 _cwnd=219105
Initialize per-instance NSCC parameters: flowid 2 _base_rtt=11685600 _base_bdp=146070 _bdp=146070 _min_cwnd=4150 _maxwnd=219105 _cwnd=219105
Initialize per-instance NSCC parameters: flowid 3 _base_rtt=11685600 _base_bdp=146070 _bdp=146070 _min_cwnd=4150 _maxwnd=219105 _cwnd=219105
Initialize per-instance NSCC parameters: flowid 4 _base_rtt=11685600 _base_bdp=146070 _bdp=146070 _min_cwnd=4150 _maxwnd=219105 _cwnd=219105
Initialize per-instance NSCC parameters: flowid 5 _base_rtt=11685600 _base_bdp=146070 _bdp=146070 _min_cwnd=4150 _maxwnd=219105 _cwnd=219105
Initialize per-instance NSCC parameters: flowid 6 _base_rtt=11685600 _base_bdp=146070 _bdp=146070 _min_cwnd=4150 _maxwnd=219105 _cwnd=219105
Initialize per-instance NSCC parameters: flowid 7 _base_rtt=11685600 _base_bdp=146070 _bdp=146070 _min_cwnd=4150 _maxwnd=219105 _cwnd=219105
Initialize per-instance NSCC parameters: flowid 8 _base_rtt=11685600 _base_bdp=146070 _bdp=146070 _min_cwnd=4150 _maxwnd=219105 _cwnd=219105
Initialize per-instance NSCC parameters: flowid 9 _base_rtt=11685600 _base_bdp=146070 _bdp=146070 _min_cwnd=4150 _maxwnd=219105 _cwnd=219105
Initialize per-instance NSCC parameters: flowid 10 _base_rtt=11685600 _base_bdp=146070 _bdp=146070 _min_cwnd=4150 _maxwnd=219105 _cwnd=219105
Initialize per-instance NSCC parameters: flowid 11 _base_rtt=11685600 _base_bdp=146070 _bdp=146070 _min_cwnd=4150 _maxwnd=219105 _cwnd=219105
Initialize per-instance NSCC parameters: flowid 12 _base_rtt=11685600 _base_bdp=146070 _bdp=146070 _min_cwnd=4150 _maxwnd=219105 _cwnd=219105
Initialize per-instance NSCC parameters: flowid 13 _base_rtt=11685600 _base_bdp=146070 _bdp=146070 _min_cwnd=4150 _maxwnd=219105 _cwnd=219105
Initialize per-instance NSCC parameters: flowid 14 _base_rtt=11685600 _base_bdp=146070 _bdp=146070 _min_cwnd=4150 _maxwnd=219105 _cwnd=219105
Initialize per-instance NSCC parameters: flowid 15 _base_rtt=11685600 _base_bdp=146070 _bdp=146070 _min_cwnd=4150 _maxwnd=219105 _cwnd=219105
Initialize per-instance NSCC parameters: flowid 16 _base_rtt=11685600 _base_bdp=146070 _bdp=146070 _min_cwnd=4150 _maxwnd=219105 _cwnd=219105
Initialize per-instance NSCC parameters: flowid 17 _base_rtt=11685600 _base_bdp=146070 _bdp=146070 _min_cwnd=4150 _maxwnd=219105 _cwnd=219105
Initialize per-instance NSCC parameters: flowid 18 _base_rtt=11685600 _base_bdp=146070 _bdp=146070 _min_cwnd=4150 _maxwnd=219105 _cwnd=219105
Initialize per-instance NSCC parameters: flowid 19 _base_rtt=11685600 _base_bdp=146070 _bdp=146070 _min_cwnd=4150 _maxwnd=219105 _cwnd=219105
Initialize per-instance NSCC parameters: flowid 20 _base_rtt=11685600 _base_bdp=146070 _bdp=146070 _min_cwnd=4150 _maxwnd=219105 _cwnd=219105
Initialize per-instance NSCC parameters: flowid 21 _base_rtt=11685600 _base_bdp=146070 _bdp=146070 _min_cwnd=4150 _maxwnd=219105 _cwnd=219105
Initialize per-instance NSCC parameters: flowid 22 _base_rtt=11685600 _base_bdp=146070 _bdp=146070 _min_cwnd=4150 _maxwnd=219105 _cwnd=219105
Initialize per-instance NSCC parameters: flowid 23 _base_rtt=11685600 _base_bdp=146070 _bdp=146070 _min_cwnd=4150 _maxwnd=219105 _cwnd=219105
Initialize per-instance NSCC parameters: flowid 24 _base_rtt=11685600 _base_bdp=146070 _bdp=146070 _min_cwnd=4150 _maxwnd=219105 _cwnd=219105
Initialize per-instance NSCC parameters: flowid 25 _base_rtt=11685600 _base_bdp=146070 _bdp=146070 _min_cwnd=4150 _maxwnd=219105 _cwnd=219105
Initialize per-instance NSCC parameters: flowid 26 _base_rtt=11685600 _base_bdp=146070 _bdp=146070 _min_cwnd=4150 _maxwnd=219105 _cwnd=219105
Initialize per-instance NSCC parameters: flowid 27 _base_rtt=11685600 _base_bdp=146070 _bdp=146070 _min_cwnd=4150 _maxwnd=219105 _cwnd=219105
Initialize per-instance NSCC parameters: flowid 28 _base_rtt=11685600 _base_bdp=146070 _bdp=146070 _min_cwnd=4150 _maxwnd=219105 _cwnd=219105
Initialize per-instance NSCC parameters: flowid 29 _base_rtt=11685600 _base_bdp=146070 _bdp=146070 _min_cwnd=4150 _maxwnd=219105 _cwnd=219105
Initialize per-instance NSCC parameters: flowid 30 _base_rtt=11685600 _base_bdp=146070 _bdp=146070 _min_cwnd=4150 _maxwnd=219105 _cwnd=219105
Initialize per-instance NSCC parameters: flowid 31 _base_rtt=11685600 _base_bdp=146070 _bdp=146070 _min_cwnd=4150 _maxwnd=219105 _cwnd=219105
Initialize per-instance NSCC parameters: flowid 32 _base_rtt=11685600 _base_bdp=146070 _bdp=146070 _min_cwnd=4150 _maxwnd=219105 _cwnd=219105
Initialize per-instance NSCC parameters: flowid 33 _base_rtt=11685600 _base_bdp=146070 _bdp=146070 _min_cwnd=4150 _maxwnd=219105 _cwnd=219105
Initialize per-instance NSCC parameters: flowid 34 _base_rtt=11685600 _base_bdp=146070 _bdp=146070 _min_cwnd=4150 _maxwnd=219105 _cwnd=219105
Initialize per-instance NSCC parameters: flowid 35 _base_rtt=11685600 _base_bdp=146070 _bdp=146070 _min_cwnd=4150 _maxwnd=219105 _cwnd=219105
Initialize per-instance NSCC parameters: flowid 36 _base_rtt=11685600 _base_bdp=146070 _bdp=146070 _min_cwnd=4150 _maxwnd=219105 _cwnd=219105
Initialize per-instance NSCC parameters: flowid 37 _base_rtt=11685600 _base_bdp=146070 _bdp=146070 _min_cwnd=4150 _maxwnd=219105 _cwnd=219105
Initialize per-instance NSCC parameters: flowid 38 _base_rtt=11685600 _base_bdp=146070 _bdp=146070 _min_cwnd=4150 _maxwnd=219105 _cwnd=219105
Initialize per-instance NSCC parameters: flowid 39 _base_rtt=11685600 _base_bdp=146070 _bdp=146070 _min_cwnd=4150 _maxwnd=219105 _cwnd=219105
Initialize per-instance NSCC parameters: flowid 40 _base_rtt=11685600 _base_bdp=146070 _bdp=146070 _min_cwnd=4150 _maxwnd=219105 _cwnd=219105
Initialize per-instance NSCC parameters: flowid 41 _base_rtt=11685600 _base_bdp=146070 _bdp=146070 _min_cwnd=4150 _maxwnd=219105 _cwnd=219105
Initialize per-instance NSCC parameters: flowid 42 _base_rtt=11685600 _base_bdp=146070 _bdp=146070 _min_cwnd=4150 _maxwnd=219105 _cwnd=219105
Initialize per-instance NSCC parameters: flowid 43 _base_rtt=11685600 _base_bdp=146070 _bdp=146070 _min_cwnd=4150 _maxwnd=219105 _cwnd=219105
Initialize per-instance NSCC parameters: flowid 44 _base_rtt=11685600 _base_bdp=146070 _bdp=146070 _min_cwnd=4150 _maxwnd=219105 _cwnd=219105
Initialize per-instance NSCC parameters: flowid 45 _base_rtt=11685600 _base_bdp=146070 _bdp=146070 _min_cwnd=4150 _maxwnd=219105 _cwnd=219105
Initialize per-instance NSCC parameters: flowid 46 _base_rtt=11685600 _base_bdp=146070 _bdp=146070 _min_cwnd=4150 _maxwnd=219105 _cwnd=219105
Initialize per-instance NSCC parameters: flowid 47 _base_rtt=11685600 _base_bdp=146070 _bdp=146070 _min_cwnd=4150 _maxwnd=219105 _cwnd=219105
Initialize per-instance NSCC parameters: flowid 48 _base_rtt=11685600 _base_bdp=146070 _bdp=146070 _min_cwnd=4150 _maxwnd=219105 _cwnd=219105
Initialize per-instance NSCC parameters: flowid 49 _base_rtt=11685600 _base_bdp=146070 _bdp=146070 _min_cwnd=4150 _maxwnd=219105 _cwnd=219105
Initialize per-instance NSCC parameters: flowid 50 _base_rtt=11685600 _base_bdp=146070 _bdp=146070 _min_cwnd=4150 _maxwnd=219105 _cwnd=219105
Initialize per-instance NSCC parameters: flowid 51 _base_rtt=11685600 _base_bdp=146070 _bdp=146070 _min_cwnd=4150 _maxwnd=219105 _cwnd=219105
Initialize per-instance NSCC parameters: flowid 52 _base_rtt=11685600 _base_bdp=146070 _bdp=146070 _min_cwnd=4150 _maxwnd=219105 _cwnd=219105
Initialize per-instance NSCC parameters: flowid 53 _base_rtt=11685600 _base_bdp=146070 _bdp=146070 _min_cwnd=4150 _maxwnd=219105 _cwnd=219105
Initialize per-instance NSCC parameters: flowid 54 _base_rtt=11685600 _base_bdp=146070 _bdp=146070 _min_cwnd=4150 _maxwnd=219105 _cwnd=219105
Initialize per-instance NSCC parameters: flowid 55 _base_rtt=11685600 _base_bdp=146070 _bdp=146070 _min_cwnd=4150 _maxwnd=219105 _cwnd=219105
Initialize per-instance NSCC parameters: flowid 56 _base_rtt=11685600 _base_bdp=146070 _bdp=146070 _min_cwnd=4150 _maxwnd=219105 _cwnd=219105
Initialize per-instance NSCC parameters: flowid 57 _base_rtt=11685600 _base_bdp=146070 _bdp=146070 _min_cwnd=4150 _maxwnd=219105 _cwnd=219105
Initialize per-instance NSCC parameters: flowid 58 _base_rtt=11685600 _base_bdp=146070 _bdp=146070 _min_cwnd=4150 _maxwnd=219105 _cwnd=219105
Initialize per-instance NSCC parameters: flowid 59 _base_rtt=11685600 _base_bdp=146070 _bdp=146070 _min_cwnd=4150 _maxwnd=219105 _cwnd=219105
Initialize per-instance NSCC parameters: flowid 60 _base_rtt=11685600 _base_bdp=146070 _bdp=146070 _min_cwnd=4150 _maxwnd=219105 _cwnd=219105
Initialize per-instance NSCC parameters: flowid 61 _base_rtt=11685600 _base_bdp=146070 _bdp=146070 _min_cwnd=4150 _maxwnd=219105 _cwnd=219105
Initialize per-instance NSCC parameters: flowid 62 _base_rtt=11685600 _base_bdp=146070 _bdp=146070 _min_cwnd=4150 _maxwnd=219105 _cwnd=219105
Initialize per-instance NSCC parameters: flowid 63 _base_rtt=11685600 _base_bdp=146070 _bdp=146070 _min_cwnd=4150 _maxwnd=219105 _cwnd=219105
Initialize per-instance NSCC parameters: flowid 64 _base_rtt=11685600 _base_bdp=146070 _bdp=146070 _min_cwnd=4150 _maxwnd=219105 _cwnd=219105
Initialize per-instance NSCC parameters: flowid 65 _base_rtt=11685600 _base_bdp=146070 _bdp=146070 _min_cwnd=4150 _maxwnd=219105 _cwnd=219105
Initialize per-instance NSCC parameters: flowid 66 _base_rtt=11685600 _base_bdp=146070 _bdp=146070 _min_cwnd=4150 _maxwnd=219105 _cwnd=219105
Initialize per-instance NSCC parameters: flowid 67 _base_rtt=11685600 _base_bdp=146070 _bdp=146070 _min_cwnd=4150 _maxwnd=219105 _cwnd=219105
Initialize per-instance NSCC parameters: flowid 68 _base_rtt=11685600 _base_bdp=146070 _bdp=146070 _min_cwnd=4150 _maxwnd=219105 _cwnd=219105
Initialize per-instance NSCC parameters: flowid 69 _base_rtt=11685600 _base_bdp=146070 _bdp=146070 _min_cwnd=4150 _maxwnd=219105 _cwnd=219105
Initialize per-instance NSCC parameters: flowid 70 _base_rtt=11685600 _base_bdp=146070 _bdp=146070 _min_cwnd=4150 _maxwnd=219105 _cwnd=219105
Initialize per-instance NSCC parameters: flowid 71 _base_rtt=11685600 _base_bdp=146070 _bdp=146070 _min_cwnd=4150 _maxwnd=219105 _cwnd=219105
Initialize per-instance NSCC parameters: flowid 72 _base_rtt=11685600 _base_bdp=146070 _bdp=146070 _min_cwnd=4150 _maxwnd=219105 _cwnd=219105
Initialize per-instance NSCC parameters: flowid 73 _base_rtt=11685600 _base_bdp=146070 _bdp=146070 _min_cwnd=4150 _maxwnd=219105 _cwnd=219105
Initialize per-instance NSCC parameters: flowid 74 _base_rtt=11685600 _base_bdp=146070 _bdp=146070 _min_cwnd=4150 _maxwnd=219105 _cwnd=219105
Initialize per-instance NSCC parameters: flowid 75 _base_rtt=11685600 _base_bdp=146070 _bdp=146070 _min_cwnd=4150 _maxwnd=219105 _cwnd=219105
Initialize per-instance NSCC parameters: flowid 76 _base_rtt=11685600 _base_bdp=146070 _bdp=146070 _min_cwnd=4150 _maxwnd=219105 _cwnd=219105
Initialize per-instance NSCC parameters: flowid 77 _base_rtt=11685600 _base_bdp=146070 _bdp=146070 _min_cwnd=4150 _maxwnd=219105 _cwnd=219105
Initialize per-instance NSCC parameters: flowid 78 _base_rtt=11685600 _base_bdp=146070 _bdp=146070 _min_cwnd=4150 _maxwnd=219105 _cwnd=219105
Initialize per-instance NSCC parameters: flowid 79 _base_rtt=11685600 _base_bdp=146070 _bdp=146070 _min_cwnd=4150 _maxwnd=219105 _cwnd=219105
Initialize per-instance NSCC parameters: flowid 80 _base_rtt=11685600 _base_bdp=146070 _bdp=146070 _min_cwnd=4150 _maxwnd=219105 _cwnd=219105
Initialize per-instance NSCC parameters: flowid 81 _base_rtt=11685600 _base_bdp=146070 _bdp=146070 _min_cwnd=4150 _maxwnd=219105 _cwnd=219105
Initialize per-instance NSCC parameters: flowid 82 _base_rtt=11685600 _base_bdp=146070 _bdp=146070 _min_cwnd=4150 _maxwnd=219105 _cwnd=219105
Initialize per-instance NSCC parameters: flowid 83 _base_rtt=11685600 _base_bdp=146070 _bdp=146070 _min_cwnd=4150 _maxwnd=219105 _cwnd=219105
Initialize per-instance NSCC parameters: flowid 84 _base_rtt=11685600 _base_bdp=146070 _bdp=146070 _min_cwnd=4150 _maxwnd=219105 _cwnd=219105
Initialize per-instance NSCC parameters: flowid 85 _base_rtt=11685600 _base_bdp=146070 _bdp=146070 _min_cwnd=4150 _maxwnd=219105 _cwnd=219105
Initialize per-instance NSCC parameters: flowid 86 _base_rtt=11685600 _base_bdp=146070 _bdp=146070 _min_cwnd=4150 _maxwnd=219105 _cwnd=219105
Initialize per-instance NSCC parameters: flowid 87 _base_rtt=11685600 _base_bdp=146070 _bdp=146070 _min_cwnd=4150 _maxwnd=219105 _cwnd=219105
Initialize per-instance NSCC parameters: flowid 88 _base_rtt=11685600 _base_bdp=146070 _bdp=146070 _min_cwnd=4150 _maxwnd=219105 _cwnd=219105
Initialize per-instance NSCC parameters: flowid 89 _base_rtt=11685600 _base_bdp=146070 _bdp=146070 _min_cwnd=4150 _maxwnd=219105 _cwnd=219105
Initialize per-instance NSCC parameters: flowid 90 _base_rtt=11685600 _base_bdp=146070 _bdp=146070 _min_cwnd=4150 _maxwnd=219105 _cwnd=219105
Initialize per-instance NSCC parameters: flowid 91 _base_rtt=11685600 _base_bdp=146070 _bdp=146070 _min_cwnd=4150 _maxwnd=219105 _cwnd=219105
Initialize per-instance NSCC parameters: flowid 92 _base_rtt=11685600 _base_bdp=146070 _bdp=146070 _min_cwnd=4150 _maxwnd=219105 _cwnd=219105
Initialize per-instance NSCC parameters: flowid 93 _base_rtt=11685600 _base_bdp=146070 _bdp=146070 _min_cwnd=4150 _maxwnd=219105 _cwnd=219105
Initialize per-instance NSCC parameters: flowid 94 _base_rtt=11685600 _base_bdp=146070 _bdp=146070 _min_cwnd=4150 _maxwnd=219105 _cwnd=219105
Initialize per-instance NSCC parameters: flowid 95 _base_rtt=11685600 _base_bdp=146070 _bdp=146070 _min_cwnd=4150 _maxwnd=219105 _cwnd=219105
Initialize per-instance NSCC parameters: flowid 96 _base_rtt=11685600 _base_bdp=146070 _bdp=146070 _min_cwnd=4150 _maxwnd=219105 _cwnd=219105
Initialize per-instance NSCC parameters: flowid 97 _base_rtt=11685600 _base_bdp=146070 _bdp=146070 _min_cwnd=4150 _maxwnd=219105 _cwnd=219105
Initialize per-instance NSCC parameters: flowid 98 _base_rtt=11685600 _base_bdp=146070 _bdp=146070 _min_cwnd=4150 _maxwnd=219105 _cwnd=219105
Initialize per-instance NSCC parameters: flowid 99 _base_rtt=11685600 _base_bdp=146070 _bdp=146070 _min_cwnd=4150 _maxwnd=219105 _cwnd=219105
Initialize per-instance NSCC parameters: flowid 100 _base_rtt=11685600 _base_bdp=146070 _bdp=146070 _min_cwnd=4150 _maxwnd=219105 _cwnd=219105
Initialize per-instance NSCC parameters: flowid 101 _base_rtt=11685600 _base_bdp=146070 _bdp=146070 _min_cwnd=4150 _maxwnd=219105 _cwnd=219105
Initialize per-instance NSCC parameters: flowid 102 _base_rtt=11685600 _base_bdp=146070 _bdp=146070 _min_cwnd=4150 _maxwnd=219105 _cwnd=219105
Initialize per-instance NSCC parameters: flowid 103 _base_rtt=11685600 _base_bdp=146070 _bdp=146070 _min_cwnd=4150 _maxwnd=219105 _cwnd=219105
Initialize per-instance NSCC parameters: flowid 104 _base_rtt=11685600 _base_bdp=146070 _bdp=146070 _min_cwnd=4150 _maxwnd=219105 _cwnd=219105
Initialize per-instance NSCC parameters: flowid 105 _base_rtt=11685600 _base_bdp=146070 _bdp=146070 _min_cwnd=4150 _maxwnd=219105 _cwnd=219105
Initialize per-instance NSCC parameters: flowid 106 _base_rtt=11685600 _base_bdp=146070 _bdp=146070 _min_cwnd=4150 _maxwnd=219105 _cwnd=219105
Initialize per-instance NSCC parameters: flowid 107 _base_rtt=11685600 _base_bdp=146070 _bdp=146070 _min_cwnd=4150 _maxwnd=219105 _cwnd=219105
Initialize per-instance NSCC parameters: flowid 108 _base_rtt=11685600 _base_bdp=146070 _bdp=146070 _min_cwnd=4150 _maxwnd=219105 _cwnd=219105
Initialize per-instance NSCC parameters: flowid 109 _base_rtt=11685600 _base_bdp=146070 _bdp=146070 _min_cwnd=4150 _maxwnd=219105 _cwnd=219105
Initialize per-instance NSCC parameters: flowid 110 _base_rtt=11685600 _base_bdp=146070 _bdp=146070 _min_cwnd=4150 _maxwnd=219105 _cwnd=219105
Initialize per-instance NSCC parameters: flowid 111 _base_rtt=11685600 _base_bdp=146070 _bdp=146070 _min_cwnd=4150 _maxwnd=219105 _cwnd=219105
Initialize per-instance NSCC parameters: flowid 112 _base_rtt=11685600 _base_bdp=146070 _bdp=146070 _min_cwnd=4150 _maxwnd=219105 _cwnd=219105
Initialize per-instance NSCC parameters: flowid 113 _base_rtt=11685600 _base_bdp=146070 _bdp=146070 _min_cwnd=4150 _maxwnd=219105 _cwnd=219105
Initialize per-instance NSCC parameters: flowid 114 _base_rtt=11685600 _base_bdp=146070 _bdp=146070 _min_cwnd=4150 _maxwnd=219105 _cwnd=219105
Initialize per-instance NSCC parameters: flowid 115 _base_rtt=11685600 _base_bdp=146070 _bdp=146070 _min_cwnd=4150 _maxwnd=219105 _cwnd=219105
Initialize per-instance NSCC parameters: flowid 116 _base_rtt=11685600 _base_bdp=146070 _bdp=146070 _min_cwnd=4150 _maxwnd=219105 _cwnd=219105
Initialize per-instance NSCC parameters: flowid 117 _base_rtt=11685600 _base_bdp=146070 _bdp=146070 _min_cwnd=4150 _maxwnd=219105 _cwnd=219105
Initialize per-instance NSCC parameters: flowid 118 _base_rtt=11685600 _base_bdp=146070 _bdp=146070 _min_cwnd=4150 _maxwnd=219105 _cwnd=219105
Initialize per-instance NSCC parameters: flowid 119 _base_rtt=11685600 _base_bdp=146070 _bdp=146070 _min_cwnd=4150 _maxwnd=219105 _cwnd=219105
Initialize per-instance NSCC parameters: flowid 120 _base_rtt=11685600 _base_bdp=146070 _bdp=146070 _min_cwnd=4150 _maxwnd=219105 _cwnd=219105
Initialize per-instance NSCC parameters: flowid 121 _base_rtt=11685600 _base_bdp=146070 _bdp=146070 _min_cwnd=4150 _maxwnd=219105 _cwnd=219105
Initialize per-instance NSCC parameters: flowid 122 _base_rtt=11685600 _base_bdp=146070 _bdp=146070 _min_cwnd=4150 _maxwnd=219105 _cwnd=219105
Initialize per-instance NSCC parameters: flowid 123 _base_rtt=11685600 _base_bdp=146070 _bdp=146070 _min_cwnd=4150 _maxwnd=219105 _cwnd=219105
Initialize per-instance NSCC parameters: flowid 124 _base_rtt=11685600 _base_bdp=146070 _bdp=146070 _min_cwnd=4150 _maxwnd=219105 _cwnd=219105
Initialize per-instance NSCC parameters: flowid 125 _base_rtt=11685600 _base_bdp=146070 _bdp=146070 _min_cwnd=4150 _maxwnd=219105 _cwnd=219105
Initialize per-instance NSCC parameters: flowid 126 _base_rtt=11685600 _base_bdp=146070 _bdp=146070 _min_cwnd=4150 _maxwnd=219105 _cwnd=219105
Initialize per-instance NSCC parameters: flowid 127 _base_rtt=11685600 _base_bdp=146070 _bdp=146070 _min_cwnd=4150 _maxwnd=219105 _cwnd=219105
Initialize per-instance NSCC parameters: flowid 128 _base_rtt=11685600 _base_bdp=146070 _bdp=146070 _min_cwnd=4150 _maxwnd=219105 _cwnd=219105
Initialize per-instance NSCC parameters: flowid 129 _base_rtt=11685600 _base_bdp=146070 _bdp=146070 _min_cwnd=4150 _maxwnd=219105 _cwnd=219105
Initialize per-instance NSCC parameters: flowid 130 _base_rtt=11685600 _base_bdp=146070 _bdp=146070 _min_cwnd=4150 _maxwnd=219105 _cwnd=219105
Initialize per-instance NSCC parameters: flowid 131 _base_rtt=11685600 _base_bdp=146070 _bdp=146070 _min_cwnd=4150 _maxwnd=219105 _cwnd=219105
Initialize per-instance NSCC parameters: flowid 132 _base_rtt=11685600 _base_bdp=146070 _bdp=146070 _min_cwnd=4150 _maxwnd=219105 _cwnd=219105
Initialize per-instance NSCC parameters: flowid 133 _base_rtt=11685600 _base_bdp=146070 _bdp=146070 _min_cwnd=4150 _maxwnd=219105 _cwnd=219105
Initialize per-instance NSCC parameters: flowid 134 _base_rtt=11685600 _base_bdp=146070 _bdp=146070 _min_cwnd=4150 _maxwnd=219105 _cwnd=219105
Initialize per-instance NSCC parameters: flowid 135 _base_rtt=11685600 _base_bdp=146070 _bdp=146070 _min_cwnd=4150 _maxwnd=219105 _cwnd=219105
Initialize per-instance NSCC parameters: flowid 136 _base_rtt=11685600 _base_bdp=146070 _bdp=146070 _min_cwnd=4150 _maxwnd=219105 _cwnd=219105
Initialize per-instance NSCC parameters: flowid 137 _base_rtt=11685600 _base_bdp=146070 _bdp=146070 _min_cwnd=4150 _maxwnd=219105 _cwnd=219105
Initialize per-instance NSCC parameters: flowid 138 _base_rtt=11685600 _base_bdp=146070 _bdp=146070 _min_cwnd=4150 _maxwnd=219105 _cwnd=219105
Initialize per-instance NSCC parameters: flowid 139 _base_rtt=11685600 _base_bdp=146070 _bdp=146070 _min_cwnd=4150 _maxwnd=219105 _cwnd=219105
Initialize per-instance NSCC parameters: flowid 140 _base_rtt=11685600 _base_bdp=146070 _bdp=146070 _min_cwnd=4150 _maxwnd=219105 _cwnd=219105
Initialize per-instance NSCC parameters: flowid 141 _base_rtt=11685600 _base_bdp=146070 _bdp=146070 _min_cwnd=4150 _maxwnd=219105 _cwnd=219105
Initialize per-instance NSCC parameters: flowid 142 _base_rtt=11685600 _base_bdp=146070 _bdp=146070 _min_cwnd=4150 _maxwnd=219105 _cwnd=219105
Initialize per-instance NSCC parameters: flowid 143 _base_rtt=11685600 _base_bdp=146070 _bdp=146070 _min_cwnd=4150 _maxwnd=219105 _cwnd=219105
Initialize per-instance NSCC parameters: flowid 144 _base_rtt=11685600 _base_bdp=146070 _bdp=146070 _min_cwnd=4150 _maxwnd=219105 _cwnd=219105
Starting simulation
Flow Uec_533_223 flowId 1 uecSrc 0 starting at 0
Flow Uec_263_553 flowId 2 uecSrc 1 starting at 0
Flow Uec_98_358 flowId 3 uecSrc 2 starting at 0
Flow Uec_189_445 flowId 4 uecSrc 3 starting at 0
Flow Uec_502_180 flowId 5 uecSrc 4 starting at 0
Flow Uec_9_298 flowId 6 uecSrc 5 starting at 0
Flow Uec_550_217 flowId 7 uecSrc 6 starting at 0
Flow Uec_524_220 flowId 8 uecSrc 7 starting at 0
Flow Uec_286_538 flowId 9 uecSrc 8 starting at 0
Flow Uec_33_307 flowId 10 uecSrc 9 starting at 0
Flow Uec_95_334 flowId 11 uecSrc 10 starting at 0
Flow Uec_407_91 flowId 12 uecSrc 11 starting at 0
Flow Uec_22_280 flowId 13 uecSrc 12 starting at 0
Flow Uec_441_114 flowId 14 uecSrc 13 starting at 0
Flow Uec_381_35 flowId 15 uecSrc 14 starting at 0
Flow Uec_333_44 flowId 16 uecSrc 15 starting at 0
Flow Uec_508_185 flowId 17 uecSrc 16 starting at 0
Flow Uec_96_323 flowId 18 uecSrc 17 starting at 0
Flow Uec_556_196 flowId 19 uecSrc 18 starting at 0
Flow Uec_575_208 flowId 20 uecSrc 19 starting at 0
Flow Uec_378_55 flowId 21 uecSrc 20 starting at 0
Flow Uec_210_483 flowId 22 uecSrc 21 starting at 0
Flow Uec_427_83 flowId 23 uecSrc 22 starting at 0
Flow Uec_514_232 flowId 24 uecSrc 23 starting at 0
Flow Uec_558_222 flowId 25 uecSrc 24 starting at 0
Flow Uec_371_21 flowId 26 uecSrc 25 starting at 0
Flow Uec_467_128 flowId 27 uecSrc 26 starting at 0
Flow Uec_162_415 flowId 28 uecSrc 27 starting at 0
Flow Uec_238_479 flowId 29 uecSrc 28 starting at 0
Flow Uec_215_454 flowId 30 uecSrc 29 starting at 0
Flow Uec_264_525 flowId 31 uecSrc 30 starting at 0
Flow Uec_120_354 flowId 32 uecSrc 31 starting at 0
Flow Uec_518_245 flowId 33 uecSrc 32 starting at 0
Flow Uec_234_461 flowId 34 uecSrc 33 starting at 0
Flow Uec_199_476 flowId 35 uecSrc 34 starting at 0
Flow Uec_54_257 flowId 36 uecSrc 35 starting at 0
Flow Uec_259_530 flowId 37 uecSrc 36 starting at 0
Flow Uec_349_40 flowId 38 uecSrc 37 starting at 0
Flow Uec_175_390 flowId 39 uecSrc 38 starting at 0
Flow Uec_320_12 flowId 40 uecSrc 39 starting at 0
Flow Uec_180_440 flowId 41 uecSrc 40 starting at 0
Flow Uec_292_556 flowId 42 uecSrc 41 starting at 0
Flow Uec_14_314 flowId 43 uecSrc 42 starting at 0
Flow Uec_109_379 flowId 44 uecSrc 43 starting at 0
Flow Uec_157_410 flowId 45 uecSrc 44 starting at 0
Flow Uec_266_549 flowId 46 uecSrc 45 starting at 0
Flow Uec_355_4 flowId 47 uecSrc 46 starting at 0
Flow Uec_461_181 flowId 48 uecSrc 47 starting at 0
Flow Uec_32_301 flowId 49 uecSrc 48 starting at 0
Flow Uec_197_486 flowId 50 uecSrc 49 starting at 0
Flow Uec_481_143 flowId 51 uecSrc 50 starting at 0
Flow Uec_167_424 flowId 52 uecSrc 51 starting at 0
Flow Uec_89_352 flowId 53 uecSrc 52 starting at 0
Flow Uec_288_512 flowId 54 uecSrc 53 starting at 0
Flow Uec_385_90 flowId 55 uecSrc 54 starting at 0
Flow Uec_434_105 flowId 56 uecSrc 55 starting at 0
Flow Uec_267_546 flowId 57 uecSrc 56 starting at 0
Flow Uec_414_111 flowId 58 uecSrc 57 starting at 0
Flow Uec_155_421 flowId 59 uecSrc 58 starting at 0
Flow Uec_249_451 flowId 60 uecSrc 59 starting at 0
Flow Uec_158_423 flowId 61 uecSrc 60 starting at 0
Flow Uec_75_333 flowId 62 uecSrc 61 starting at 0
Flow Uec_348_24 flowId 63 uecSrc 62 starting at 0
Flow Uec_560_205 flowId 64 uecSrc 63 starting at 0
Flow Uec_308_564 flowId 65 uecSrc 64 starting at 0
Flow Uec_337_54 flowId 66 uecSrc 65 starting at 0
Flow Uec_124_349 flowId 67 uecSrc 66 starting at 0
Flow Uec_437_69 flowId 68 uecSrc 67 starting at 0
Flow Uec_88_330 flowId 69 uecSrc 68 starting at 0
Flow Uec_258_516 flowId 70 uecSrc 69 starting at 0
Flow Uec_152_416 flowId 71 uecSrc 70 starting at 0
Flow Uec_3_278 flowId 72 uecSrc 71 starting at 0
Flow Uec_390_96 flowId 73 uecSrc 72 starting at 0
Flow Uec_482_176 flowId 74 uecSrc 73 starting at 0
Flow Uec_122_337 flowId 75 uecSrc 74 starting at 0
Flow Uec_128_430 flowId 76 uecSrc 75 starting at 0
Flow Uec_135_428 flowId 77 uecSrc 76 starting at 0
Flow Uec_458_189 flowId 78 uecSrc 77 starting at 0
Flow Uec_429_84 flowId 79 uecSrc 78 starting at 0
Flow Uec_369_34 flowId 80 uecSrc 79 starting at 0
Flow Uec_554_202 flowId 81 uecSrc 80 starting at 0
Flow Uec_103_347 flowId 82 uecSrc 81 starting at 0
Flow Uec_202_497 flowId 83 uecSrc 82 starting at 0
Flow Uec_471_159 flowId 84 uecSrc 83 starting at 0
Flow Uec_127_325 flowId 85 uecSrc 84 starting at 0
Flow Uec_332_29 flowId 86 uecSrc 85 starting at 0
Flow Uec_284_562 flowId 87 uecSrc 86 starting at 0
Flow Uec_452_138 flowId 88 uecSrc 87 starting at 0
Flow Uec_415_71 flowId 89 uecSrc 88 starting at 0
Flow Uec_46_290 flowId 90 uecSrc 89 starting at 0
Flow Uec_247_484 flowId 91 uecSrc 90 starting at 0
Flow Uec_563_224 flowId 92 uecSrc 91 starting at 0
Flow Uec_211_452 flowId 93 uecSrc 92 starting at 0
Flow Uec_257_551 flowId 94 uecSrc 93 starting at 0
Flow Uec_242_499 flowId 95 uecSrc 94 starting at 0
Flow Uec_522_209 flowId 96 uecSrc 95 starting at 0
Flow Uec_113_332 flowId 97 uecSrc 96 starting at 0
Flow Uec_126_383 flowId 98 uecSrc 97 starting at 0
Flow Uec_28_308 flowId 99 uecSrc 98 starting at 0
Flow Uec_454_179 flowId 100 uecSrc 99 starting at 0
Flow Uec_271_559 flowId 101 uecSrc 100 starting at 0
Flow Uec_393_77 flowId 102 uecSrc 101 starting at 0
Flow Uec_426_65 flowId 103 uecSrc 102 starting at 0
Flow Uec_117_364 flowId 104 uecSrc 103 starting at 0
Flow Uec_567_192 flowId 105 uecSrc 104 starting at 0
Flow Uec_484_170 flowId 106 uecSrc 105 starting at 0
Flow Uec_571_197 flowId 107 uecSrc 106 starting at 0
Flow Uec_52_291 flowId 108 uecSrc 107 starting at 0
Flow Uec_7_282 flowId 109 uecSrc 108 starting at 0
Flow Uec_225_490 flowId 110 uecSrc 109 starting at 0
Flow Uec_12_311 flowId 111 uecSrc 110 starting at 0
Flow Uec_5_296 flowId 112 uecSrc 111 starting at 0
Flow Uec_101_340 flowId 113 uecSrc 112 starting at 0
Flow Uec_172_411 flowId 114 uecSrc 113 starting at 0
Flow Uec_203_471 flowId 115 uecSrc 114 starting at 0
Flow Uec_64_336 flowId 116 uecSrc 115 starting at 0
Flow Uec_287_531 flowId 117 uecSrc 116 starting at 0
Flow Uec_55_260 flowId 118 uecSrc 117 starting at 0
Flow Uec_559_211 flowId 119 uecSrc 118 starting at 0
Flow Uec_56_261 flowId 120 uecSrc 119 starting at 0
Flow Uec_270_558 flowId 121 uecSrc 120 starting at 0
Flow Uec_374_9 flowId 122 uecSrc 121 starting at 0
Flow Uec_573_237 flowId 123 uecSrc 122 starting at 0
Flow Uec_399_98 flowId 124 uecSrc 123 starting at 0
Flow Uec_516_204 flowId 125 uecSrc 124 starting at 0
Flow Uec_404_88 flowId 126 uecSrc 125 starting at 0
Flow Uec_456_141 flowId 127 uecSrc 126 starting at 0
Flow Uec_62_275 flowId 128 uecSrc 127 starting at 0
Flow Uec_370_16 flowId 129 uecSrc 128 starting at 0
Flow Uec_138_403 flowId 130 uecSrc 129 starting at 0
Flow Uec_232_458 flowId 131 uecSrc 130 starting at 0
Flow Uec_188_394 flowId 132 uecSrc 131 starting at 0
Flow Uec_304_545 flowId 133 uecSrc 132 starting at 0
Flow Uec_224_465 flowId 134 uecSrc 133 starting at 0
Flow Uec_250_468 flowId 135 uecSrc 134 starting at 0
Flow Uec_79_380 flowId 136 uecSrc 135 starting at 0
Flow Uec_421_120 flowId 137 uecSrc 136 starting at 0
Flow Uec_383_15 flowId 138 uecSrc 137 starting at 0
Flow Uec_45_279 flowId 139 uecSrc 138 starting at 0
Flow Uec_475_140 flowId 140 uecSrc 139 starting at 0
Flow Uec_476_188 flowId 141 uecSrc 140 starting at 0
Flow Uec_59_281 flowId 142 uecSrc 141 starting at 0
Flow Uec_356_33 flowId 143 uecSrc 142 starting at 0
Flow Uec_485_142 flowId 144 uecSrc 143 starting at 0
Flow Uec_286_538 flowId 9 uecSrc 8 finished at 826.293 total messages 1 total packets 2448 RTS 0 total bytes 10002528 in_flight now 0 fair_inc 0 prop_inc 393081 fast_inc 0 eta_inc 39932 multi_dec -0 quick_dec -0 nack_dec -0
Flow Uec_456_141 flowId 127 uecSrc 126 finished at 826.547 total messages 1 total packets 2448 RTS 0 total bytes 10002528 in_flight now 0 fair_inc 0 prop_inc 315393 fast_inc 0 eta_inc 39932 multi_dec -0 quick_dec -0 nack_dec -0
Flow Uec_441_114 flowId 14 uecSrc 13 finished at 826.547 total messages 1 total packets 2448 RTS 0 total bytes 10002528 in_flight now 0 fair_inc 2981 prop_inc 345749 fast_inc 0 eta_inc 39932 multi_dec -0 quick_dec -0 nack_dec -0
Flow Uec_567_192 flowId 105 uecSrc 104 finished at 826.547 total messages 1 total packets 2448 RTS 0 total bytes 10002528 in_flight now 0 fair_inc 0 prop_inc 428841 fast_inc 0 eta_inc 39336 multi_dec -0 quick_dec -0 nack_dec -0
Flow Uec_250_468 flowId 135 uecSrc 134 finished at 826.547 total messages 1 total packets 2448 RTS 0 total bytes 10002528 in_flight now 0 fair_inc 0 prop_inc 338470 fast_inc 0 eta_inc 39932 multi_dec -0 quick_dec -0 nack_dec -0
Flow Uec_152_416 flowId 71 uecSrc 70 finished at 826.547 total messages 1 total packets 2448 RTS 0 total bytes 10002528 in_flight now 0 fair_inc 0 prop_inc 337495 fast_inc 0 eta_inc 40528 multi_dec -0 quick_dec -0 nack_dec -0
Flow Uec_550_217 flowId 7 uecSrc 6 finished at 826.551 total messages 1 total packets 2448 RTS 0 total bytes 10002528 in_flight now 0 fair_inc 0 prop_inc 326484 fast_inc 0 eta_inc 39932 multi_dec -0 quick_dec -0 nack_dec -0
Flow Uec_287_531 flowId 117 uecSrc 116 finished at 826.582 total messages 1 total packets 2448 RTS 0 total bytes 10002528 in_flight now 0 fair_inc 0 prop_inc 338101 fast_inc 0 eta_inc 39932 multi_dec -0 quick_dec -0 nack_dec -0
Flow Uec_437_69 flowId 68 uecSrc 67 finished at 826.63 total messages 1 total packets 2448 RTS 0 total bytes 10002528 in_flight now 0 fair_inc 1496 prop_inc 319141 fast_inc 0 eta_inc 39932 multi_dec -0 quick_dec -0 nack_dec -0
Flow Uec_385_90 flowId 55 uecSrc 54 finished at 826.647 total messages 1 total packets 2448 RTS 0 total bytes 10002528 in_flight now 0 fair_inc 1489 prop_inc 313898 fast_inc 0 eta_inc 39932 multi_dec -0 quick_dec -0 nack_dec -0
Flow Uec_482_176 flowId 74 uecSrc 73 finished at 826.675 total messages 1 total packets 2448 RTS 0 total bytes 10002528 in_flight now 0 fair_inc 0 prop_inc 298202 fast_inc 0 eta_inc 40528 multi_dec -0 quick_dec -0 nack_dec -0
Flow Uec_103_347 flowId 82 uecSrc 81 finished at 826.743 total messages 1 total packets 2448 RTS 0 total bytes 10002528 in_flight now 0 fair_inc 0 prop_inc 297450 fast_inc 0 eta_inc 40528 multi_dec -0 quick_dec -0 nack_dec -0
Flow Uec_109_379 flowId 44 uecSrc 43 finished at 826.748 total messages 1 total packets 2448 RTS 0 total bytes 10002528 in_flight now 0 fair_inc 0 prop_inc 325050 fast_inc 0 eta_inc 39932 multi_dec -0 quick_dec -0 nack_dec -0
Flow Uec_393_77 flowId 102 uecSrc 101 finished at 826.749 total messages 1 total packets 2448 RTS 0 total bytes 10002528 in_flight now 0 fair_inc 0 prop_inc 320439 fast_inc 0 eta_inc 39932 multi_dec -0 quick_dec -0 nack_dec -0
Flow Uec_426_65 flowId 103 uecSrc 102 finished at 826.758 total messages 1 total packets 2448 RTS 0 total bytes 10002528 in_flight now 0 fair_inc 2981 prop_inc 334831 fast_inc 0 eta_inc 39932 multi_dec -0 quick_dec -0 nack_dec -0
Flow Uec_167_424 flowId 52 uecSrc 51 finished at 826.77 total messages 1 total packets 2448 RTS 0 total bytes 10002528 in_flight now 0 fair_inc 0 prop_inc 340429 fast_inc 0 eta_inc 40528 multi_dec -0 quick_dec -0 nack_dec -0
Flow Uec_225_490 flowId 110 uecSrc 109 finished at 826.795 total messages 1 total packets 2448 RTS 0 total bytes 10002528 in_flight now 0 fair_inc 0 prop_inc 324406 fast_inc 0 eta_inc 39932 multi_dec -0 quick_dec -0 nack_dec -0
Flow Uec_95_334 flowId 11 uecSrc 10 finished at 826.875 total messages 1 total packets 2448 RTS 0 total bytes 10002528 in_flight now 0 fair_inc 0 prop_inc 342737 fast_inc 0 eta_inc 39336 multi_dec -0 quick_dec -0 nack_dec -0
Flow Uec_249_451 flowId 60 uecSrc 59 finished at 826.875 total messages 1 total packets 2448 RTS 0 total bytes 10002528 in_flight now 0 fair_inc 1487 prop_inc 325978 fast_inc 0 eta_inc 39932 multi_dec -0 quick_dec -0 nack_dec -0
Flow Uec_46_290 flowId 90 uecSrc 89 finished at 826.875 total messages 1 total packets 2448 RTS 0 total bytes 10002528 in_flight now 0 fair_inc 0 prop_inc 299312 fast_inc 0 eta_inc 39336 multi_dec -0 quick_dec -0 nack_dec -0
Flow Uec_485_142 flowId 144 uecSrc 143 finished at 826.879 total messages 1 total packets 2448 RTS 0 total bytes 10002528 in_flight now 0 fair_inc 0 prop_inc 387865 fast_inc 0 eta_inc 39932 multi_dec -0 quick_dec -0 nack_dec -0
Flow Uec_238_479 flowId 29 uecSrc 28 finished at 826.879 total messages 1 total packets 2448 RTS 0 total bytes 10002528 in_flight now 0 fair_inc 4457 prop_inc 304483 fast_inc 0 eta_inc 39336 multi_dec -0 quick_dec -0 nack_dec -0
Flow Uec_172_411 flowId 114 uecSrc 113 finished at 826.879 total messages 1 total packets 2448 RTS 0 total bytes 10002528 in_flight now 0 fair_inc 0 prop_inc 326881 fast_inc 0 eta_inc 39932 multi_dec -0 quick_dec -0 nack_dec -0
Flow Uec_475_140 flowId 140 uecSrc 139 finished at 826.879 total messages 1 total packets 2448 RTS 0 total bytes 10002528 in_flight now 0 fair_inc 0 prop_inc 344761 fast_inc 0 eta_inc 39932 multi_dec -0 quick_dec -0 nack_dec -0
Flow Uec_434_105 flowId 56 uecSrc 55 finished at 826.879 total messages 1 total packets 2448 RTS 0 total bytes 10002528 in_flight now 0 fair_inc 0 prop_inc 310501 fast_inc 0 eta_inc 39932 multi_dec -0 quick_dec -0 nack_dec -0
Flow Uec_242_499 flowId 95 uecSrc 94 finished at 826.88 total messages 1 total packets 2448 RTS 0 total bytes 10002528 in_flight now 0 fair_inc 1490 prop_inc 326844 fast_inc 0 eta_inc 39932 multi_dec -0 quick_dec -0 nack_dec -0
Flow Uec_52_291 flowId 108 uecSrc 107 finished at 826.883 total messages 1 total packets 2448 RTS 0 total bytes 10002528 in_flight now 0 fair_inc 0 prop_inc 305181 fast_inc 0 eta_inc 39932 multi_dec -0 quick_dec -0 nack_dec -0
Flow Uec_59_281 flowId 142 uecSrc 141 finished at 826.891 total messages 1 total packets 2448 RTS 0 total bytes 10002528 in_flight now 0 fair_inc 1487 prop_inc 299965 fast_inc 0 eta_inc 39336 multi_dec -0 quick_dec -0 nack_dec -0
Flow Uec_157_410 flowId 45 uecSrc 44 finished at 826.907 total messages 1 total packets 2448 RTS 0 total bytes 10002528 in_flight now 0 fair_inc 0 prop_inc 322859 fast_inc 0 eta_inc 39932 multi_dec -0 quick_dec -0 nack_dec -0
Flow Uec_89_352 flowId 53 uecSrc 52 finished at 826.92 total messages 1 total packets 2448 RTS 0 total bytes 10002528 in_flight now 0 fair_inc 1487 prop_inc 339658 fast_inc 0 eta_inc 39336 multi_dec -0 quick_dec -0 nack_dec -0
Flow Uec_45_279 flowId 139 uecSrc 138 finished at 826.929 total messages 1 total packets 2448 RTS 0 total bytes 10002528 in_flight now 0 fair_inc 0 prop_inc 309728 fast_inc 0 eta_inc 40528 multi_dec -0 quick_dec -0 nack_dec -0
Flow Uec_62_275 flowId 128 uecSrc 127 finished at 826.948 total messages 1 total packets 2448 RTS 0 total bytes 10002528 in_flight now 0 fair_inc 0 prop_inc 344337 fast_inc 0 eta_inc 40528 multi_dec -0 quick_dec -0 nack_dec -0
Flow Uec_304_545 flowId 133 uecSrc 132 finished at 826.966 total messages 1 total packets 2448 RTS 0 total bytes 10002528 in_flight now 0 fair_inc 0 prop_inc 318239 fast_inc 0 eta_inc 39932 multi_dec -0 quick_dec -0 nack_dec -0
Flow Uec_429_84 flowId 79 uecSrc 78 finished at 827.008 total messages 1 total packets 2448 RTS 0 total bytes 10002528 in_flight now 0 fair_inc 1489 prop_inc 320651 fast_inc 0 eta_inc 39932 multi_dec -0 quick_dec -0 nack_dec -0
Flow Uec_56_261 flowId 120 uecSrc 119 finished at 827.082 total messages 1 total packets 2448 RTS 0 total bytes 10002528 in_flight now 0 fair_inc 0 prop_inc 327695 fast_inc 0 eta_inc 39932 multi_dec -0 quick_dec -0 nack_dec -0
Flow Uec_14_314 flowId 43 uecSrc 42 finished at 827.171 total messages 1 total packets 2448 RTS 0 total bytes 10002528 in_flight now 0 fair_inc 0 prop_inc 344435 fast_inc 0 eta_inc 39932 multi_dec -0 quick_dec -0 nack_dec -0
Flow Uec_7_282 flowId 109 uecSrc 108 finished at 827.203 total messages 1 total packets 2448 RTS 0 total bytes 10002528 in_flight now 0 fair_inc 0 prop_inc 325619 fast_inc 0 eta_inc 39932 multi_dec -0 quick_dec -0 nack_dec -0
Flow Uec_427_83 flowId 23 uecSrc 22 finished at 827.207 total messages 1 total packets 2448 RTS 0 total bytes 10002528 in_flight now 0 fair_inc 0 prop_inc 310441 fast_inc 0 eta_inc 39932 multi_dec -0 quick_dec -0 nack_dec -0
Flow Uec_518_245 flowId 33 uecSrc 32 finished at 827.211 total messages 1 total packets 2448 RTS 0 total bytes 10002528 in_flight now 0 fair_inc 0 prop_inc 286942 fast_inc 0 eta_inc 39336 multi_dec -0 quick_dec -0 nack_dec -0
Flow Uec_522_209 flowId 96 uecSrc 95 finished at 827.211 total messages 1 total packets 2448 RTS 0 total bytes 10002528 in_flight now 0 fair_inc 2979 prop_inc 314145 fast_inc 0 eta_inc 39932 multi_dec -0 quick_dec -0 nack_dec -0
Flow Uec_64_336 flowId 116 uecSrc 115 finished at 827.215 total messages 1 total packets 2448 RTS 0 total bytes 10002528 in_flight now 0 fair_inc 1488 prop_inc 354727 fast_inc 0 eta_inc 39932 multi_dec -0 quick_dec -0 nack_dec -0
Flow Uec_263_553 flowId 2 uecSrc 1 finished at 827.218 total messages 1 total packets 2448 RTS 0 total bytes 10002528 in_flight now 0 fair_inc 1490 prop_inc 304071 fast_inc 0 eta_inc 39932 multi_dec -0 quick_dec -0 nack_dec -0
Flow Uec_524_220 flowId 8 uecSrc 7 finished at 827.247 total messages 1 total packets 2448 RTS 0 total bytes 10002528 in_flight now 0 fair_inc 0 prop_inc 344261 fast_inc 0 eta_inc 39932 multi_dec -0 quick_dec -0 nack_dec -0
Flow Uec_266_549 flowId 46 uecSrc 45 finished at 827.271 total messages 1 total packets 2448 RTS 0 total bytes 10002528 in_flight now 0 fair_inc 0 prop_inc 318227 fast_inc 0 eta_inc 40528 multi_dec -0 quick_dec -0 nack_dec -0
Flow Uec_259_530 flowId 37 uecSrc 36 finished at 827.288 total messages 1 total packets 2448 RTS 0 total bytes 10002528 in_flight now 0 fair_inc 0 prop_inc 301513 fast_inc 0 eta_inc 39932 multi_dec -0 quick_dec -0 nack_dec -0
Flow Uec_414_111 flowId 58 uecSrc 57 finished at 827.422 total messages 1 total packets 2448 RTS 0 total bytes 10002528 in_flight now 0 fair_inc 0 prop_inc 323797 fast_inc 0 eta_inc 39932 multi_dec -0 quick_dec -0 nack_dec -0
Flow Uec_135_428 flowId 77 uecSrc 76 finished at 827.422 total messages 1 total packets 2448 RTS 0 total bytes 10002528 in_flight now 0 fair_inc 0 prop_inc 324879 fast_inc 0 eta_inc 39932 multi_dec -0 quick_dec -0 nack_dec -0
Flow Uec_508_185 flowId 17 uecSrc 16 finished at 827.426 total messages 1 total packets 2448 RTS 0 total bytes 10002528 in_flight now 0 fair_inc 0 prop_inc 327714 fast_inc 0 eta_inc 39932 multi_dec -0 quick_dec -0 nack_dec -0
Flow Uec_573_237 flowId 123 uecSrc 122 finished at 827.446 total messages 1 total packets 2448 RTS 0 total bytes 10002528 in_flight now 0 fair_inc 1489 prop_inc 335721 fast_inc 0 eta_inc 39336 multi_dec -0 quick_dec -0 nack_dec -0
Flow Uec_22_280 flowId 13 uecSrc 12 finished at 827.489 total messages 1 total packets 2448 RTS 0 total bytes 10002528 in_flight now 0 fair_inc 0 prop_inc 332535 fast_inc 0 eta_inc 39932 multi_dec -0 quick_dec -0 nack_dec -0
Flow Uec_79_380 flowId 136 uecSrc 135 finished at 827.492 total messages 1 total packets 2448 RTS 0 total bytes 10002528 in_flight now 0 fair_inc 0 prop_inc 328860 fast_inc 0 eta_inc 39932 multi_dec -0 quick_dec -0 nack_dec -0
Flow Uec_32_301 flowId 49 uecSrc 48 finished at 827.492 total messages 1 total packets 2448 RTS 0 total bytes 10002528 in_flight now 0 fair_inc 0 prop_inc 344497 fast_inc 0 eta_inc 39932 multi_dec -0 quick_dec -0 nack_dec -0
Flow Uec_3_278 flowId 72 uecSrc 71 finished at 827.513 total messages 1 total packets 2448 RTS 0 total bytes 10002528 in_flight now 0 fair_inc 0 prop_inc 309725 fast_inc 0 eta_inc 40528 multi_dec -0 quick_dec -0 nack_dec -0
Flow Uec_5_296 flowId 112 uecSrc 111 finished at 827.518 total messages 1 total packets 2448 RTS 0 total bytes 10002528 in_flight now 0 fair_inc 2979 prop_inc 295718 fast_inc 0 eta_inc 39932 multi_dec -0 quick_dec -0 nack_dec -0
Flow Uec_481_143 flowId 51 uecSrc 50 finished at 827.539 total messages 1 total packets 2448 RTS 0 total bytes 10002528 in_flight now 0 fair_inc 0 prop_inc 304806 fast_inc 0 eta_inc 39932 multi_dec -0 quick_dec -0 nack_dec -0
Flow Uec_407_91 flowId 12 uecSrc 11 finished at 827.546 total messages 1 total packets 2448 RTS 0 total bytes 10002528 in_flight now 0 fair_inc 0 prop_inc 309008 fast_inc 0 eta_inc 39336 multi_dec -0 quick_dec -0 nack_dec -0
Flow Uec_284_562 flowId 87 uecSrc 86 finished at 827.581 total messages 1 total packets 2448 RTS 0 total bytes 10002528 in_flight now 0 fair_inc 2968 prop_inc 336315 fast_inc 0 eta_inc 39336 multi_dec -0 quick_dec -0 nack_dec -0
Flow Uec_560_205 flowId 64 uecSrc 63 finished at 827.589 total messages 1 total packets 2448 RTS 0 total bytes 10002528 in_flight now 0 fair_inc 2978 prop_inc 338657 fast_inc 0 eta_inc 39932 multi_dec -0 quick_dec -0 nack_dec -0
Flow Uec_264_525 flowId 31 uecSrc 30 finished at 827.746 total messages 1 total packets 2448 RTS 0 total bytes 10002528 in_flight now 0 fair_inc 1489 prop_inc 313923 fast_inc 0 eta_inc 39932 multi_dec -0 quick_dec -0 nack_dec -0
Flow Uec_117_364 flowId 104 uecSrc 103 finished at 827.758 total messages 1 total packets 2448 RTS 0 total bytes 10002528 in_flight now 0 fair_inc 0 prop_inc 330851 fast_inc 0 eta_inc 39932 multi_dec -0 quick_dec -0 nack_dec -0
Flow Uec_348_24 flowId 63 uecSrc 62 finished at 827.786 total messages 1 total packets 2448 RTS 0 total bytes 10002528 in_flight now 0 fair_inc 0 prop_inc 398167 fast_inc 0 eta_inc 38740 multi_dec -0 quick_dec -0 nack_dec -0
Flow Uec_288_512 flowId 54 uecSrc 53 finished at 827.811 total messages 1 total packets 2448 RTS 0 total bytes 10002528 in_flight now 0 fair_inc 0 prop_inc 324039 fast_inc 0 eta_inc 39932 multi_dec -0 quick_dec -0 nack_dec -0
Flow Uec_101_340 flowId 113 uecSrc 112 finished at 827.831 total messages 1 total packets 2448 RTS 0 total bytes 10002528 in_flight now 0 fair_inc 1487 prop_inc 380440 fast_inc 0 eta_inc 39932 multi_dec -0 quick_dec -0 nack_dec -0
Flow Uec_127_325 flowId 85 uecSrc 84 finished at 827.875 total messages 1 total packets 2448 RTS 0 total bytes 10002528 in_flight now 0 fair_inc 2979 prop_inc 309727 fast_inc 0 eta_inc 39336 multi_dec -0 quick_dec -0 nack_dec -0
Flow Uec_210_483 flowId 22 uecSrc 21 finished at 827.875 total messages 1 total packets 2448 RTS 0 total bytes 10002528 in_flight now 0 fair_inc 1488 prop_inc 353210 fast_inc 0 eta_inc 39336 multi_dec -0 quick_dec -0 nack_dec -0
Flow Uec_267_546 flowId 57 uecSrc 56 finished at 828.183 total messages 1 total packets 2448 RTS 0 total bytes 10002528 in_flight now 0 fair_inc 1488 prop_inc 331742 fast_inc 0 eta_inc 39932 multi_dec -0 quick_dec -0 nack_dec -0
Flow Uec_533_223 flowId 1 uecSrc 0 finished at 828.214 total messages 1 total packets 2448 RTS 0 total bytes 10002528 in_flight now 0 fair_inc 2981 prop_inc 325348 fast_inc 0 eta_inc 39932 multi_dec -0 quick_dec -0 nack_dec -0
Flow Uec_355_4 flowId 47 uecSrc 46 finished at 828.396 total messages 1 total packets 2448 RTS 0 total bytes 10002528 in_flight now 0 fair_inc 0 prop_inc 357795 fast_inc 0 eta_inc 39336 multi_dec -0 quick_dec -0 nack_dec -0
Flow Uec_575_208 flowId 20 uecSrc 19 finished at 828.519 total messages 1 total packets 2448 RTS 0 total bytes 10002528 in_flight now 0 fair_inc 0 prop_inc 323133 fast_inc 0 eta_inc 39932 multi_dec -0 quick_dec -0 nack_dec -0
Flow Uec_158_423 flowId 61 uecSrc 60 finished at 828.879 total messages 1 total packets 2448 RTS 0 total bytes 10002528 in_flight now 0 fair_inc 0 prop_inc 313551 fast_inc 0 eta_inc 39932 multi_dec -0 quick_dec -0 nack_dec -0
Flow Uec_138_403 flowId 130 uecSrc 129 finished at 828.934 total messages 1 total packets 2448 RTS 0 total bytes 10002528 in_flight now 0 fair_inc 0 prop_inc 362877 fast_inc 0 eta_inc 39336 multi_dec -0 quick_dec -0 nack_dec -0
Flow Uec_199_476 flowId 35 uecSrc 34 finished at 828.996 total messages 1 total packets 2448 RTS 0 total bytes 10002528 in_flight now 0 fair_inc 1120 prop_inc 320742 fast_inc 0 eta_inc 39336 multi_dec -0 quick_dec -0 nack_dec -0
Flow Uec_234_461 flowId 34 uecSrc 33 finished at 829.058 total messages 1 total packets 2448 RTS 0 total bytes 10002528 in_flight now 0 fair_inc 0 prop_inc 341028 fast_inc 0 eta_inc 39336 multi_dec -0 quick_dec -0 nack_dec -0
Flow Uec_162_415 flowId 28 uecSrc 27 finished at 829.2 total messages 1 total packets 2448 RTS 0 total bytes 10002528 in_flight now 0 fair_inc 2985 prop_inc 287473 fast_inc 0 eta_inc 39336 multi_dec -0 quick_dec -0 nack_dec -0
Flow Uec_188_394 flowId 132 uecSrc 131 finished at 829.21 total messages 1 total packets 2448 RTS 0 total bytes 10002528 in_flight now 0 fair_inc 0 prop_inc 335325 fast_inc 0 eta_inc 39336 multi_dec -0 quick_dec -0 nack_dec -0
Flow Uec_189_445 flowId 4 uecSrc 3 finished at 829.233 total messages 1 total packets 2448 RTS 0 total bytes 10002528 in_flight now 0 fair_inc 0 prop_inc 340575 fast_inc 0 eta_inc 39336 multi_dec -0 quick_dec -0 nack_dec -0
Flow Uec_247_484 flowId 91 uecSrc 90 finished at 829.275 total messages 1 total packets 2448 RTS 0 total bytes 10002528 in_flight now 0 fair_inc 1121 prop_inc 292115 fast_inc 0 eta_inc 39932 multi_dec -0 quick_dec -0 nack_dec -0
Flow Uec_203_471 flowId 115 uecSrc 114 finished at 829.296 total messages 1 total packets 2448 RTS 0 total bytes 10002528 in_flight now 0 fair_inc 2989 prop_inc 282206 fast_inc 0 eta_inc 39336 multi_dec -0 quick_dec -0 nack_dec -0
Flow Uec_175_390 flowId 39 uecSrc 38 finished at 829.318 total messages 1 total packets 2448 RTS 0 total bytes 10002528 in_flight now 0 fair_inc 0 prop_inc 304436 fast_inc 0 eta_inc 39932 multi_dec -0 quick_dec -0 nack_dec -0
Flow Uec_554_202 flowId 81 uecSrc 80 finished at 829.319 total messages 1 total packets 2448 RTS 0 total bytes 10002528 in_flight now 0 fair_inc 0 prop_inc 286896 fast_inc 0 eta_inc 39932 multi_dec -0 quick_dec -0 nack_dec -0
Flow Uec_502_180 flowId 5 uecSrc 4 finished at 829.323 total messages 1 total packets 2448 RTS 0 total bytes 10002528 in_flight now 0 fair_inc 0 prop_inc 285503 fast_inc 0 eta_inc 39336 multi_dec -0 quick_dec -0 nack_dec -0
Flow Uec_404_88 flowId 126 uecSrc 125 finished at 829.333 total messages 1 total packets 2448 RTS 0 total bytes 10002528 in_flight now 0 fair_inc 3344 prop_inc 266210 fast_inc 0 eta_inc 39336 multi_dec -0 quick_dec -0 nack_dec -0
Flow Uec_454_179 flowId 100 uecSrc 99 finished at 829.343 total messages 1 total packets 2448 RTS 0 total bytes 10002528 in_flight now 0 fair_inc 0 prop_inc 331690 fast_inc 0 eta_inc 39336 multi_dec -0 quick_dec -0 nack_dec -0
Flow Uec_458_189 flowId 78 uecSrc 77 finished at 829.35 total messages 1 total packets 2448 RTS 0 total bytes 10002528 in_flight now 0 fair_inc 0 prop_inc 420485 fast_inc 0 eta_inc 39336 multi_dec -0 quick_dec -0 nack_dec -0
Flow Uec_476_188 flowId 141 uecSrc 140 finished at 829.38 total messages 1 total packets 2448 RTS 0 total bytes 10002528 in_flight now 0 fair_inc 0 prop_inc 351197 fast_inc 0 eta_inc 38740 multi_dec -0 quick_dec -0 nack_dec -0
Flow Uec_96_323 flowId 18 uecSrc 17 finished at 829.439 total messages 1 total packets 2448 RTS 0 total bytes 10002528 in_flight now 0 fair_inc 0 prop_inc 382743 fast_inc 0 eta_inc 39336 multi_dec -0 quick_dec -0 nack_dec -0
Flow Uec_180_440 flowId 41 uecSrc 40 finished at 829.44 total messages 1 total packets 2448 RTS 0 total bytes 10002528 in_flight now 0 fair_inc 0 prop_inc 348698 fast_inc 0 eta_inc 39336 multi_dec -0 quick_dec -0 nack_dec -0
Flow Uec_257_551 flowId 94 uecSrc 93 finished at 829.457 total messages 1 total packets 2448 RTS 0 total bytes 10002528 in_flight now 0 fair_inc 0 prop_inc 329411 fast_inc 0 eta_inc 39336 multi_dec -0 quick_dec -0 nack_dec -0
Flow Uec_484_170 flowId 106 uecSrc 105 finished at 829.464 total messages 1 total packets 2448 RTS 0 total bytes 10002528 in_flight now 0 fair_inc 0 prop_inc 316498 fast_inc 0 eta_inc 39336 multi_dec -0 quick_dec -0 nack_dec -0
Flow Uec_571_197 flowId 107 uecSrc 106 finished at 829.508 total messages 1 total packets 2448 RTS 0 total bytes 10002528 in_flight now 0 fair_inc 1120 prop_inc 281763 fast_inc 0 eta_inc 39336 multi_dec -0 quick_dec -0 nack_dec -0
Flow Uec_399_98 flowId 124 uecSrc 123 finished at 829.514 total messages 1 total packets 2448 RTS 0 total bytes 10002528 in_flight now 0 fair_inc 2616 prop_inc 304373 fast_inc 0 eta_inc 39932 multi_dec -0 quick_dec -0 nack_dec -0
Flow Uec_128_430 flowId 76 uecSrc 75 finished at 829.535 total messages 1 total packets 2448 RTS 0 total bytes 10002528 in_flight now 0 fair_inc 0 prop_inc 352085 fast_inc 0 eta_inc 39336 multi_dec -0 quick_dec -0 nack_dec -0
Flow Uec_516_204 flowId 125 uecSrc 124 finished at 829.574 total messages 1 total packets 2448 RTS 0 total bytes 10002528 in_flight now 0 fair_inc 2990 prop_inc 311390 fast_inc 0 eta_inc 38740 multi_dec -0 quick_dec -0 nack_dec -0
Flow Uec_88_330 flowId 69 uecSrc 68 finished at 829.578 total messages 1 total packets 2448 RTS 0 total bytes 10002528 in_flight now 0 fair_inc 0 prop_inc 364747 fast_inc 0 eta_inc 39336 multi_dec -0 quick_dec -0 nack_dec -0
Flow Uec_471_159 flowId 84 uecSrc 83 finished at 829.579 total messages 1 total packets 2448 RTS 0 total bytes 10002528 in_flight now 0 fair_inc 0 prop_inc 320320 fast_inc 0 eta_inc 39336 multi_dec -0 quick_dec -0 nack_dec -0
Flow Uec_270_558 flowId 121 uecSrc 120 finished at 829.604 total messages 1 total packets 2448 RTS 0 total bytes 10002528 in_flight now 0 fair_inc 373 prop_inc 366238 fast_inc 0 eta_inc 39336 multi_dec -0 quick_dec -0 nack_dec -0
Flow Uec_55_260 flowId 118 uecSrc 117 finished at 829.627 total messages 1 total packets 2448 RTS 0 total bytes 10002528 in_flight now 0 fair_inc 0 prop_inc 379029 fast_inc 0 eta_inc 39336 multi_dec -0 quick_dec -0 nack_dec -0
Flow Uec_197_486 flowId 50 uecSrc 49 finished at 829.64 total messages 1 total packets 2448 RTS 0 total bytes 10002528 in_flight now 0 fair_inc 1490 prop_inc 320634 fast_inc 0 eta_inc 39336 multi_dec -0 quick_dec -0 nack_dec -0
Flow Uec_563_224 flowId 92 uecSrc 91 finished at 829.654 total messages 1 total packets 2448 RTS 0 total bytes 10002528 in_flight now 0 fair_inc 4850 prop_inc 279617 fast_inc 0 eta_inc 39932 multi_dec -0 quick_dec -0 nack_dec -0
Flow Uec_215_454 flowId 30 uecSrc 29 finished at 829.654 total messages 1 total packets 2448 RTS 0 total bytes 10002528 in_flight now 0 fair_inc 1489 prop_inc 297722 fast_inc 0 eta_inc 39932 multi_dec -0 quick_dec -0 nack_dec -0
Flow Uec_258_516 flowId 70 uecSrc 69 finished at 829.665 total messages 1 total packets 2448 RTS 0 total bytes 10002528 in_flight now 0 fair_inc 0 prop_inc 281517 fast_inc 0 eta_inc 39336 multi_dec -0 quick_dec -0 nack_dec -0
Flow Uec_514_232 flowId 24 uecSrc 23 finished at 829.708 total messages 1 total packets 2448 RTS 0 total bytes 10002528 in_flight now 0 fair_inc 1490 prop_inc 309357 fast_inc 0 eta_inc 39336 multi_dec -0 quick_dec -0 nack_dec -0
Flow Uec_122_337 flowId 75 uecSrc 74 finished at 829.732 total messages 1 total packets 2448 RTS 0 total bytes 10002528 in_flight now 0 fair_inc 3726 prop_inc 302846 fast_inc 0 eta_inc 39932 multi_dec -0 quick_dec -0 nack_dec -0
Flow Uec_12_311 flowId 111 uecSrc 110 finished at 829.744 total messages 1 total packets 2448 RTS 0 total bytes 10002528 in_flight now 0 fair_inc 0 prop_inc 440988 fast_inc 0 eta_inc 39336 multi_dec -0 quick_dec -0 nack_dec -0
Flow Uec_155_421 flowId 59 uecSrc 58 finished at 829.784 total messages 1 total packets 2448 RTS 0 total bytes 10002528 in_flight now 0 fair_inc 1864 prop_inc 269004 fast_inc 0 eta_inc 39932 multi_dec -0 quick_dec -0 nack_dec -0
Flow Uec_54_257 flowId 36 uecSrc 35 finished at 829.794 total messages 1 total packets 2448 RTS 0 total bytes 10002528 in_flight now 0 fair_inc 0 prop_inc 310385 fast_inc 0 eta_inc 39336 multi_dec -0 quick_dec -0 nack_dec -0
Flow Uec_415_71 flowId 89 uecSrc 88 finished at 829.857 total messages 1 total packets 2448 RTS 0 total bytes 10002528 in_flight now 0 fair_inc 0 prop_inc 367875 fast_inc 0 eta_inc 39336 multi_dec -0 quick_dec -0 nack_dec -0
Flow Uec_390_96 flowId 73 uecSrc 72 finished at 829.869 total messages 1 total packets 2448 RTS 0 total bytes 10002528 in_flight now 0 fair_inc 1489 prop_inc 314908 fast_inc 0 eta_inc 38144 multi_dec -0 quick_dec -0 nack_dec -0
Flow Uec_202_497 flowId 83 uecSrc 82 finished at 829.875 total messages 1 total packets 2448 RTS 0 total bytes 10002528 in_flight now 0 fair_inc 1490 prop_inc 328291 fast_inc 0 eta_inc 39336 multi_dec -0 quick_dec -0 nack_dec -0
Flow Uec_28_308 flowId 99 uecSrc 98 finished at 829.916 total messages 1 total packets 2448 RTS 0 total bytes 10002528 in_flight now 0 fair_inc 1493 prop_inc 297033 fast_inc 0 eta_inc 39932 multi_dec -0 quick_dec -0 nack_dec -0
Flow Uec_467_128 flowId 27 uecSrc 26 finished at 829.926 total messages 1 total packets 2448 RTS 0 total bytes 10002528 in_flight now 0 fair_inc 0 prop_inc 278824 fast_inc 0 eta_inc 39336 multi_dec -0 quick_dec -0 nack_dec -0
Flow Uec_98_358 flowId 3 uecSrc 2 finished at 829.955 total messages 1 total packets 2448 RTS 0 total bytes 10002528 in_flight now 0 fair_inc 0 prop_inc 331971 fast_inc 0 eta_inc 39336 multi_dec -0 quick_dec -0 nack_dec -0
Flow Uec_349_40 flowId 38 uecSrc 37 finished at 829.972 total messages 1 total packets 2448 RTS 0 total bytes 10002528 in_flight now 0 fair_inc 0 prop_inc 356674 fast_inc 0 eta_inc 38740 multi_dec -0 quick_dec -0 nack_dec -0
Flow Uec_452_138 flowId 88 uecSrc 87 finished at 829.978 total messages 1 total packets 2448 RTS 0 total bytes 10002528 in_flight now 0 fair_inc 0 prop_inc 310170 fast_inc 0 eta_inc 39336 multi_dec -0 quick_dec -0 nack_dec -0
Flow Uec_461_181 flowId 48 uecSrc 47 finished at 829.996 total messages 1 total packets 2448 RTS 0 total bytes 10002528 in_flight now 0 fair_inc 0 prop_inc 330705 fast_inc 0 eta_inc 39336 multi_dec -0 quick_dec -0 nack_dec -0
Flow Uec_124_349 flowId 67 uecSrc 66 finished at 830.04 total messages 1 total packets 2448 RTS 0 total bytes 10002528 in_flight now 0 fair_inc 0 prop_inc 303555 fast_inc 0 eta_inc 39336 multi_dec -0 quick_dec -0 nack_dec -0
Flow Uec_120_354 flowId 32 uecSrc 31 finished at 830.075 total messages 1 total packets 2448 RTS 0 total bytes 10002528 in_flight now 0 fair_inc 0 prop_inc 336046 fast_inc 0 eta_inc 39336 multi_dec -0 quick_dec -0 nack_dec -0
Flow Uec_374_9 flowId 122 uecSrc 121 finished at 830.11 total messages 1 total packets 2448 RTS 0 total bytes 10002528 in_flight now 0 fair_inc 1491 prop_inc 307044 fast_inc 0 eta_inc 39336 multi_dec -0 quick_dec -0 nack_dec -0
Flow Uec_308_564 flowId 65 uecSrc 64 finished at 830.127 total messages 1 total packets 2448 RTS 0 total bytes 10002528 in_flight now 0 fair_inc 0 prop_inc 327922 fast_inc 0 eta_inc 39336 multi_dec -0 quick_dec -0 nack_dec -0
Flow Uec_271_559 flowId 101 uecSrc 100 finished at 830.145 total messages 1 total packets 2448 RTS 0 total bytes 10002528 in_flight now 0 fair_inc 0 prop_inc 313084 fast_inc 0 eta_inc 39932 multi_dec -0 quick_dec -0 nack_dec -0
Flow Uec_33_307 flowId 10 uecSrc 9 finished at 830.162 total messages 1 total packets 2448 RTS 0 total bytes 10002528 in_flight now 0 fair_inc 0 prop_inc 317247 fast_inc 0 eta_inc 39336 multi_dec -0 quick_dec -0 nack_dec -0
Flow Uec_558_222 flowId 25 uecSrc 24 finished at 830.199 total messages 1 total packets 2448 RTS 0 total bytes 10002528 in_flight now 0 fair_inc 2987 prop_inc 332806 fast_inc 0 eta_inc 39932 multi_dec -0 quick_dec -0 nack_dec -0
Flow Uec_75_333 flowId 62 uecSrc 61 finished at 830.21 total messages 1 total packets 2448 RTS 0 total bytes 10002528 in_flight now 0 fair_inc 0 prop_inc 283549 fast_inc 0 eta_inc 39932 multi_dec -0 quick_dec -0 nack_dec -0
Flow Uec_126_383 flowId 98 uecSrc 97 finished at 830.254 total messages 1 total packets 2448 RTS 0 total bytes 10002528 in_flight now 0 fair_inc 0 prop_inc 281820 fast_inc 0 eta_inc 39336 multi_dec -0 quick_dec -0 nack_dec -0
Flow Uec_9_298 flowId 6 uecSrc 5 finished at 830.341 total messages 1 total packets 2448 RTS 0 total bytes 10002528 in_flight now 0 fair_inc 1491 prop_inc 329156 fast_inc 0 eta_inc 39336 multi_dec -0 quick_dec -0 nack_dec -0
Flow Uec_113_332 flowId 97 uecSrc 96 finished at 830.547 total messages 1 total packets 2448 RTS 0 total bytes 10002528 in_flight now 0 fair_inc 0 prop_inc 290845 fast_inc 0 eta_inc 39932 multi_dec -0 quick_dec -0 nack_dec -0
Flow Uec_292_556 flowId 42 uecSrc 41 finished at 830.673 total messages 1 total packets 2448 RTS 0 total bytes 10002528 in_flight now 0 fair_inc 4102 prop_inc 308752 fast_inc 0 eta_inc 39932 multi_dec -0 quick_dec -0 nack_dec -0
Flow Uec_211_452 flowId 93 uecSrc 92 finished at 830.688 total messages 1 total packets 2448 RTS 0 total bytes 10002528 in_flight now 0 fair_inc 374 prop_inc 301739 fast_inc 0 eta_inc 39336 multi_dec -0 quick_dec -0 nack_dec -0
Flow Uec_332_29 flowId 86 uecSrc 85 finished at 830.856 total messages 1 total packets 2448 RTS 0 total bytes 10002528 in_flight now 0 fair_inc 0 prop_inc 303657 fast_inc 0 eta_inc 38740 multi_dec -0 quick_dec -0 nack_dec -0
Flow Uec_232_458 flowId 131 uecSrc 130 finished at 830.993 total messages 1 total packets 2448 RTS 0 total bytes 10002528 in_flight now 0 fair_inc 0 prop_inc 321817 fast_inc 0 eta_inc 39336 multi_dec -0 quick_dec -0 nack_dec -0
Flow Uec_559_211 flowId 119 uecSrc 118 finished at 831.106 total messages 1 total packets 2448 RTS 0 total bytes 10002528 in_flight now 0 fair_inc 2983 prop_inc 301445 fast_inc 0 eta_inc 39336 multi_dec -0 quick_dec -0 nack_dec -0
Flow Uec_421_120 flowId 137 uecSrc 136 finished at 831.19 total messages 1 total packets 2448 RTS 0 total bytes 10002528 in_flight now 0 fair_inc 1489 prop_inc 328394 fast_inc 0 eta_inc 39336 multi_dec -0 quick_dec -0 nack_dec -0
Flow Uec_556_196 flowId 19 uecSrc 18 finished at 831.21 total messages 1 total packets 2448 RTS 0 total bytes 10002528 in_flight now 0 fair_inc 4486 prop_inc 319514 fast_inc 0 eta_inc 38740 multi_dec -0 quick_dec -0 nack_dec -0
Flow Uec_224_465 flowId 134 uecSrc 133 finished at 831.271 total messages 1 total packets 2448 RTS 0 total bytes 10002528 in_flight now 0 fair_inc 0 prop_inc 346956 fast_inc 0 eta_inc 39336 multi_dec -0 quick_dec -0 nack_dec -0
Flow Uec_369_34 flowId 80 uecSrc 79 finished at 834.315 total messages 1 total packets 2448 RTS 0 total bytes 10002528 in_flight now 0 fair_inc 0 prop_inc 307961 fast_inc 0 eta_inc 39336 multi_dec -0 quick_dec -0 nack_dec -0
Flow Uec_337_54 flowId 66 uecSrc 65 finished at 834.695 total messages 1 total packets 2448 RTS 0 total bytes 10002528 in_flight now 0 fair_inc 0 prop_inc 337990 fast_inc 0 eta_inc 38144 multi_dec -0 quick_dec -0 nack_dec -0
Flow Uec_383_15 flowId 138 uecSrc 137 finished at 835.957 total messages 1 total packets 2448 RTS 0 total bytes 10002528 in_flight now 0 fair_inc 1493 prop_inc 318128 fast_inc 0 eta_inc 38740 multi_dec -0 quick_dec -0 nack_dec -0
Flow Uec_381_35 flowId 15 uecSrc 14 finished at 836.18 total messages 1 total packets 2448 RTS 0 total bytes 10002528 in_flight now 0 fair_inc 0 prop_inc 319235 fast_inc 0 eta_inc 39336 multi_dec -0 quick_dec -0 nack_dec -0
Flow Uec_370_16 flowId 129 uecSrc 128 finished at 836.234 total messages 1 total packets 2448 RTS 0 total bytes 10002528 in_flight now 0 fair_inc 0 prop_inc 337256 fast_inc 0 eta_inc 39336 multi_dec -0 quick_dec -0 nack_dec -0
Flow Uec_320_12 flowId 40 uecSrc 39 finished at 837.133 total messages 1 total packets 2448 RTS 0 total bytes 10002528 in_flight now 0 fair_inc 746 prop_inc 288108 fast_inc 0 eta_inc 38740 multi_dec -0 quick_dec -0 nack_dec -0
Flow Uec_378_55 flowId 21 uecSrc 20 finished at 839.439 total messages 1 total packets 2448 RTS 0 total bytes 10002528 in_flight now 0 fair_inc 1494 prop_inc 289668 fast_inc 0 eta_inc 39336 multi_dec -0 quick_dec -0 nack_dec -0
Flow Uec_356_33 flowId 143 uecSrc 142 finished at 841.966 total messages 1 total packets 2448 RTS 0 total bytes 10002528 in_flight now 0 fair_inc 0 prop_inc 356055 fast_inc 0 eta_inc 39336 multi_dec -0 quick_dec -0 nack_dec -0
Flow Uec_333_44 flowId 16 uecSrc 15 finished at 843.868 total messages 1 total packets 2448 RTS 0 total bytes 10002528 in_flight now 0 fair_inc 2982 prop_inc 338603 fast_inc 0 eta_inc 39336 multi_dec -0 quick_dec -0 nack_dec -0
Flow Uec_371_21 flowId 26 uecSrc 25 finished at 849.804 total messages 1 total packets 2448 RTS 0 total bytes 10002528 in_flight now 0 fair_inc 2977 prop_inc 295918 fast_inc 0 eta_inc 39932 multi_dec -0 quick_dec -0 nack_dec -0
.Done
New: 352512 Rtx: 0 RTS: 0 Bounced: 0 ACKs: 90946 NACKs: 0 Pulls: 0 sleek_pkts: 0
