Load balancing algorithm set to oblivious
no_of_nodes 576
Dragonfly+ strategy: FPAR
Setting queuesize to 50 packets
endtime(us) 100000
random seed 4
Using generated Dragonfly+ tornado traffic instead of -tm
Tornado active connections 144
Tornado flow size 500000 bytes
queue size threshold 20750
Forcing per-hop RTT normalization OFF regardless of strategy.
Packet size (MTU) is 4150
Parsed args
Logging to 576_nodes/runs/tornado_fpar_tuned_load0.25_fs500000_seed4.dat
Setting ECN low 33200 high 120350
Dragonfly+ with medium topology type
Link latencies: 1 and switch latencies: 0
queue_id 2 ecn_low 33200 ecn_high 120350
DragonFly+ constructor done, 576 nodes created
Generating tornado connection matrix: python3 connection_matrices/gen_tornado_dfp.py /tmp/dfp_tornado_21978.cm 576 144 500000 0.0 4 8 8
Nodes:  576
Connections:  144
Flowsize:  500000 bytes
ExtraStartTime:  0.0 us
Random Seed  4
Dragonfly+ p= 8 l= 8
group_size=64  no_groups=9  opposite group offset=4
Loading generated tornado connection matrix from /tmp/dfp_tornado_21978.cm
Nodes: 576 Connections: 144 Triggers: 0 Failures: 0
network_max_unloaded_rtt 11.6856 us
Setting min RTO to 114.6
Per-hop RTT normalization: OFF (strategy fpar)
Initializing static NSCC parameters: _reference_network_linkspeed=100000000000 _reference_network_rtt=12000000 _reference_network_bdp=150000 _target_Qdelay=8764200 _network_linkspeed=100000000000 _network_rtt=11685600 _network_bdp=146070 _qa_gate=2^3 _qa_threshold=3.50568e+07 _scaling_factor_a=0.9738 _scaling_factor_b=0.73035 _alpha=0.00132632 _fi=19894.7 _eta=596.842 _qa_scaling=1 _gamma=0.8 _fi_scale=0.24345 _delay_alpha=0.0125 _adjust_period_threshold=11685600 _adjust_bytes_threshold=33200
Initialize per-instance NSCC parameters: flowid 1 _base_rtt=11685600 _base_bdp=146070 _bdp=146070 _min_cwnd=4150 _maxwnd=219105 _cwnd=219105
Initialize per-instance NSCC parameters: flowid 2 _base_rtt=11685600 _base_bdp=146070 _bdp=146070 _min_cwnd=4150 _maxwnd=219105 _cwnd=219105
Initialize per-instance NSCC parameters: flowid 3 _base_rtt=11685600 _base_bdp=146070 _bdp=146070 _min_cwnd=4150 _maxwnd=219105 _cwnd=219105
Initialize per-instance NSCC parameters: flowid 4 _base_rtt=11685600 _base_bdp=146070 _bdp=146070 _min_cwnd=4150 _maxwnd=219105 _cwnd=219105
Initialize per-instance NSCC parameters: flowid 5 _base_rtt=11685600 _base_bdp=146070 _bdp=146070 _min_cwnd=4150 _maxwnd=219105 _cwnd=219105
Initialize per-instance NSCC parameters: flowid 6 _base_rtt=11685600 _base_bdp=146070 _bdp=146070 _min_cwnd=4150 _maxwnd=219105 _cwnd=219105
Initialize per-instance NSCC parameters: flowid 7 _base_rtt=11685600 _base_bdp=146070 _bdp=146070 _min_cwnd=4150 _maxwnd=219105 _cwnd=219105
Initialize per-instance NSCC parameters: flowid 8 _base_rtt=11685600 _base_bdp=146070 _bdp=146070 _min_cwnd=4150 _maxwnd=219105 _cwnd=219105
Initialize per-instance NSCC parameters: flowid 9 _base_rtt=11685600 _base_bdp=146070 _bdp=146070 _min_cwnd=4150 _maxwnd=219105 _cwnd=219105
Initialize per-instance NSCC parameters: flowid 10 _base_rtt=11685600 _base_bdp=146070 _bdp=146070 _min_cwnd=4150 _maxwnd=219105 _cwnd=219105
Initialize per-instance NSCC parameters: flowid 11 _base_rtt=11685600 _base_bdp=146070 _bdp=146070 _min_cwnd=4150 _maxwnd=219105 _cwnd=219105
Initialize per-instance NSCC parameters: flowid 12 _base_rtt=11685600 _base_bdp=146070 _bdp=146070 _min_cwnd=4150 _maxwnd=219105 _cwnd=219105
Initialize per-instance NSCC parameters: flowid 13 _base_rtt=11685600 _base_bdp=146070 _bdp=146070 _min_cwnd=4150 _maxwnd=219105 _cwnd=219105
Initialize per-instance NSCC parameters: flowid 14 _base_rtt=11685600 _base_bdp=146070 _bdp=146070 _min_cwnd=4150 _maxwnd=219105 _cwnd=219105
Initialize per-instance NSCC parameters: flowid 15 _base_rtt=11685600 _base_bdp=146070 _bdp=146070 _min_cwnd=4150 _maxwnd=219105 _cwnd=219105
Initialize per-instance NSCC parameters: flowid 16 _base_rtt=11685600 _base_bdp=146070 _bdp=146070 _min_cwnd=4150 _maxwnd=219105 _cwnd=219105
Initialize per-instance NSCC parameters: flowid 17 _base_rtt=11685600 _base_bdp=146070 _bdp=146070 _min_cwnd=4150 _maxwnd=219105 _cwnd=219105
Initialize per-instance NSCC parameters: flowid 18 _base_rtt=11685600 _base_bdp=146070 _bdp=146070 _min_cwnd=4150 _maxwnd=219105 _cwnd=219105
Initialize per-instance NSCC parameters: flowid 19 _base_rtt=11685600 _base_bdp=146070 _bdp=146070 _min_cwnd=4150 _maxwnd=219105 _cwnd=219105
Initialize per-instance NSCC parameters: flowid 20 _base_rtt=11685600 _base_bdp=146070 _bdp=146070 _min_cwnd=4150 _maxwnd=219105 _cwnd=219105
Initialize per-instance NSCC parameters: flowid 21 _base_rtt=11685600 _base_bdp=146070 _bdp=146070 _min_cwnd=4150 _maxwnd=219105 _cwnd=219105
Initialize per-instance NSCC parameters: flowid 22 _base_rtt=11685600 _base_bdp=146070 _bdp=146070 _min_cwnd=4150 _maxwnd=219105 _cwnd=219105
Initialize per-instance NSCC parameters: flowid 23 _base_rtt=11685600 _base_bdp=146070 _bdp=146070 _min_cwnd=4150 _maxwnd=219105 _cwnd=219105
Initialize per-instance NSCC parameters: flowid 24 _base_rtt=11685600 _base_bdp=146070 _bdp=146070 _min_cwnd=4150 _maxwnd=219105 _cwnd=219105
Initialize per-instance NSCC parameters: flowid 25 _base_rtt=11685600 _base_bdp=146070 _bdp=146070 _min_cwnd=4150 _maxwnd=219105 _cwnd=219105
Initialize per-instance NSCC parameters: flowid 26 _base_rtt=11685600 _base_bdp=146070 _bdp=146070 _min_cwnd=4150 _maxwnd=219105 _cwnd=219105
Initialize per-instance NSCC parameters: flowid 27 _base_rtt=11685600 _base_bdp=146070 _bdp=146070 _min_cwnd=4150 _maxwnd=219105 _cwnd=219105
Initialize per-instance NSCC parameters: flowid 28 _base_rtt=11685600 _base_bdp=146070 _bdp=146070 _min_cwnd=4150 _maxwnd=219105 _cwnd=219105
Initialize per-instance NSCC parameters: flowid 29 _base_rtt=11685600 _base_bdp=146070 _bdp=146070 _min_cwnd=4150 _maxwnd=219105 _cwnd=219105
Initialize per-instance NSCC parameters: flowid 30 _base_rtt=11685600 _base_bdp=146070 _bdp=146070 _min_cwnd=4150 _maxwnd=219105 _cwnd=219105
Initialize per-instance NSCC parameters: flowid 31 _base_rtt=11685600 _base_bdp=146070 _bdp=146070 _min_cwnd=4150 _maxwnd=219105 _cwnd=219105
Initialize per-instance NSCC parameters: flowid 32 _base_rtt=11685600 _base_bdp=146070 _bdp=146070 _min_cwnd=4150 _maxwnd=219105 _cwnd=219105
Initialize per-instance NSCC parameters: flowid 33 _base_rtt=11685600 _base_bdp=146070 _bdp=146070 _min_cwnd=4150 _maxwnd=219105 _cwnd=219105
Initialize per-instance NSCC parameters: flowid 34 _base_rtt=11685600 _base_bdp=146070 _bdp=146070 _min_cwnd=4150 _maxwnd=219105 _cwnd=219105
Initialize per-instance NSCC parameters: flowid 35 _base_rtt=11685600 _base_bdp=146070 _bdp=146070 _min_cwnd=4150 _maxwnd=219105 _cwnd=219105
Initialize per-instance NSCC parameters: flowid 36 _base_rtt=11685600 _base_bdp=146070 _bdp=146070 _min_cwnd=4150 _maxwnd=219105 _cwnd=219105
Initialize per-instance NSCC parameters: flowid 37 _base_rtt=11685600 _base_bdp=146070 _bdp=146070 _min_cwnd=4150 _maxwnd=219105 _cwnd=219105
Initialize per-instance NSCC parameters: flowid 38 _base_rtt=11685600 _base_bdp=146070 _bdp=146070 _min_cwnd=4150 _maxwnd=219105 _cwnd=219105
Initialize per-instance NSCC parameters: flowid 39 _base_rtt=11685600 _base_bdp=146070 _bdp=146070 _min_cwnd=4150 _maxwnd=219105 _cwnd=219105
Initialize per-instance NSCC parameters: flowid 40 _base_rtt=11685600 _base_bdp=146070 _bdp=146070 _min_cwnd=4150 _maxwnd=219105 _cwnd=219105
Initialize per-instance NSCC parameters: flowid 41 _base_rtt=11685600 _base_bdp=146070 _bdp=146070 _min_cwnd=4150 _maxwnd=219105 _cwnd=219105
Initialize per-instance NSCC parameters: flowid 42 _base_rtt=11685600 _base_bdp=146070 _bdp=146070 _min_cwnd=4150 _maxwnd=219105 _cwnd=219105
Initialize per-instance NSCC parameters: flowid 43 _base_rtt=11685600 _base_bdp=146070 _bdp=146070 _min_cwnd=4150 _maxwnd=219105 _cwnd=219105
Initialize per-instance NSCC parameters: flowid 44 _base_rtt=11685600 _base_bdp=146070 _bdp=146070 _min_cwnd=4150 _maxwnd=219105 _cwnd=219105
Initialize per-instance NSCC parameters: flowid 45 _base_rtt=11685600 _base_bdp=146070 _bdp=146070 _min_cwnd=4150 _maxwnd=219105 _cwnd=219105
Initialize per-instance NSCC parameters: flowid 46 _base_rtt=11685600 _base_bdp=146070 _bdp=146070 _min_cwnd=4150 _maxwnd=219105 _cwnd=219105
Initialize per-instance NSCC parameters: flowid 47 _base_rtt=11685600 _base_bdp=146070 _bdp=146070 _min_cwnd=4150 _maxwnd=219105 _cwnd=219105
Initialize per-instance NSCC parameters: flowid 48 _base_rtt=11685600 _base_bdp=146070 _bdp=146070 _min_cwnd=4150 _maxwnd=219105 _cwnd=219105
Initialize per-instance NSCC parameters: flowid 49 _base_rtt=11685600 _base_bdp=146070 _bdp=146070 _min_cwnd=4150 _maxwnd=219105 _cwnd=219105
Initialize per-instance NSCC parameters: flowid 50 _base_rtt=11685600 _base_bdp=146070 _bdp=146070 _min_cwnd=4150 _maxwnd=219105 _cwnd=219105
Initialize per-instance NSCC parameters: flowid 51 _base_rtt=11685600 _base_bdp=146070 _bdp=146070 _min_cwnd=4150 _maxwnd=219105 _cwnd=219105
Initialize per-instance NSCC parameters: flowid 52 _base_rtt=11685600 _base_bdp=146070 _bdp=146070 _min_cwnd=4150 _maxwnd=219105 _cwnd=219105
Initialize per-instance NSCC parameters: flowid 53 _base_rtt=11685600 _base_bdp=146070 _bdp=146070 _min_cwnd=4150 _maxwnd=219105 _cwnd=219105
Initialize per-instance NSCC parameters: flowid 54 _base_rtt=11685600 _base_bdp=146070 _bdp=146070 _min_cwnd=4150 _maxwnd=219105 _cwnd=219105
Initialize per-instance NSCC parameters: flowid 55 _base_rtt=11685600 _base_bdp=146070 _bdp=146070 _min_cwnd=4150 _maxwnd=219105 _cwnd=219105
Initialize per-instance NSCC parameters: flowid 56 _base_rtt=11685600 _base_bdp=146070 _bdp=146070 _min_cwnd=4150 _maxwnd=219105 _cwnd=219105
Initialize per-instance NSCC parameters: flowid 57 _base_rtt=11685600 _base_bdp=146070 _bdp=146070 _min_cwnd=4150 _maxwnd=219105 _cwnd=219105
Initialize per-instance NSCC parameters: flowid 58 _base_rtt=11685600 _base_bdp=146070 _bdp=146070 _min_cwnd=4150 _maxwnd=219105 _cwnd=219105
Initialize per-instance NSCC parameters: flowid 59 _base_rtt=11685600 _base_bdp=146070 _bdp=146070 _min_cwnd=4150 _maxwnd=219105 _cwnd=219105
Initialize per-instance NSCC parameters: flowid 60 _base_rtt=11685600 _base_bdp=146070 _bdp=146070 _min_cwnd=4150 _maxwnd=219105 _cwnd=219105
Initialize per-instance NSCC parameters: flowid 61 _base_rtt=11685600 _base_bdp=146070 _bdp=146070 _min_cwnd=4150 _maxwnd=219105 _cwnd=219105
Initialize per-instance NSCC parameters: flowid 62 _base_rtt=11685600 _base_bdp=146070 _bdp=146070 _min_cwnd=4150 _maxwnd=219105 _cwnd=219105
Initialize per-instance NSCC parameters: flowid 63 _base_rtt=11685600 _base_bdp=146070 _bdp=146070 _min_cwnd=4150 _maxwnd=219105 _cwnd=219105
Initialize per-instance NSCC parameters: flowid 64 _base_rtt=11685600 _base_bdp=146070 _bdp=146070 _min_cwnd=4150 _maxwnd=219105 _cwnd=219105
Initialize per-instance NSCC parameters: flowid 65 _base_rtt=11685600 _base_bdp=146070 _bdp=146070 _min_cwnd=4150 _maxwnd=219105 _cwnd=219105
Initialize per-instance NSCC parameters: flowid 66 _base_rtt=11685600 _base_bdp=146070 _bdp=146070 _min_cwnd=4150 _maxwnd=219105 _cwnd=219105
Initialize per-instance NSCC parameters: flowid 67 _base_rtt=11685600 _base_bdp=146070 _bdp=146070 _min_cwnd=4150 _maxwnd=219105 _cwnd=219105
Initialize per-instance NSCC parameters: flowid 68 _base_rtt=11685600 _base_bdp=146070 _bdp=146070 _min_cwnd=4150 _maxwnd=219105 _cwnd=219105
Initialize per-instance NSCC parameters: flowid 69 _base_rtt=11685600 _base_bdp=146070 _bdp=146070 _min_cwnd=4150 _maxwnd=219105 _cwnd=219105
Initialize per-instance NSCC parameters: flowid 70 _base_rtt=11685600 _base_bdp=146070 _bdp=146070 _min_cwnd=4150 _maxwnd=219105 _cwnd=219105
Initialize per-instance NSCC parameters: flowid 71 _base_rtt=11685600 _base_bdp=146070 _bdp=146070 _min_cwnd=4150 _maxwnd=219105 _cwnd=219105
Initialize per-instance NSCC parameters: flowid 72 _base_rtt=11685600 _base_bdp=146070 _bdp=146070 _min_cwnd=4150 _maxwnd=219105 _cwnd=219105
Initialize per-instance NSCC parameters: flowid 73 _base_rtt=11685600 _base_bdp=146070 _bdp=146070 _min_cwnd=4150 _maxwnd=219105 _cwnd=219105
Initialize per-instance NSCC parameters: flowid 74 _base_rtt=11685600 _base_bdp=146070 _bdp=146070 _min_cwnd=4150 _maxwnd=219105 _cwnd=219105
Initialize per-instance NSCC parameters: flowid 75 _base_rtt=11685600 _base_bdp=146070 _bdp=146070 _min_cwnd=4150 _maxwnd=219105 _cwnd=219105
Initialize per-instance NSCC parameters: flowid 76 _base_rtt=11685600 _base_bdp=146070 _bdp=146070 _min_cwnd=4150 _maxwnd=219105 _cwnd=219105
Initialize per-instance NSCC parameters: flowid 77 _base_rtt=11685600 _base_bdp=146070 _bdp=146070 _min_cwnd=4150 _maxwnd=219105 _cwnd=219105
Initialize per-instance NSCC parameters: flowid 78 _base_rtt=11685600 _base_bdp=146070 _bdp=146070 _min_cwnd=4150 _maxwnd=219105 _cwnd=219105
Initialize per-instance NSCC parameters: flowid 79 _base_rtt=11685600 _base_bdp=146070 _bdp=146070 _min_cwnd=4150 _maxwnd=219105 _cwnd=219105
Initialize per-instance NSCC parameters: flowid 80 _base_rtt=11685600 _base_bdp=146070 _bdp=146070 _min_cwnd=4150 _maxwnd=219105 _cwnd=219105
Initialize per-instance NSCC parameters: flowid 81 _base_rtt=11685600 _base_bdp=146070 _bdp=146070 _min_cwnd=4150 _maxwnd=219105 _cwnd=219105
Initialize per-instance NSCC parameters: flowid 82 _base_rtt=11685600 _base_bdp=146070 _bdp=146070 _min_cwnd=4150 _maxwnd=219105 _cwnd=219105
Initialize per-instance NSCC parameters: flowid 83 _base_rtt=11685600 _base_bdp=146070 _bdp=146070 _min_cwnd=4150 _maxwnd=219105 _cwnd=219105
Initialize per-instance NSCC parameters: flowid 84 _base_rtt=11685600 _base_bdp=146070 _bdp=146070 _min_cwnd=4150 _maxwnd=219105 _cwnd=219105
Initialize per-instance NSCC parameters: flowid 85 _base_rtt=11685600 _base_bdp=146070 _bdp=146070 _min_cwnd=4150 _maxwnd=219105 _cwnd=219105
Initialize per-instance NSCC parameters: flowid 86 _base_rtt=11685600 _base_bdp=146070 _bdp=146070 _min_cwnd=4150 _maxwnd=219105 _cwnd=219105
Initialize per-instance NSCC parameters: flowid 87 _base_rtt=11685600 _base_bdp=146070 _bdp=146070 _min_cwnd=4150 _maxwnd=219105 _cwnd=219105
Initialize per-instance NSCC parameters: flowid 88 _base_rtt=11685600 _base_bdp=146070 _bdp=146070 _min_cwnd=4150 _maxwnd=219105 _cwnd=219105
Initialize per-instance NSCC parameters: flowid 89 _base_rtt=11685600 _base_bdp=146070 _bdp=146070 _min_cwnd=4150 _maxwnd=219105 _cwnd=219105
Initialize per-instance NSCC parameters: flowid 90 _base_rtt=11685600 _base_bdp=146070 _bdp=146070 _min_cwnd=4150 _maxwnd=219105 _cwnd=219105
Initialize per-instance NSCC parameters: flowid 91 _base_rtt=11685600 _base_bdp=146070 _bdp=146070 _min_cwnd=4150 _maxwnd=219105 _cwnd=219105
Initialize per-instance NSCC parameters: flowid 92 _base_rtt=11685600 _base_bdp=146070 _bdp=146070 _min_cwnd=4150 _maxwnd=219105 _cwnd=219105
Initialize per-instance NSCC parameters: flowid 93 _base_rtt=11685600 _base_bdp=146070 _bdp=146070 _min_cwnd=4150 _maxwnd=219105 _cwnd=219105
Initialize per-instance NSCC parameters: flowid 94 _base_rtt=11685600 _base_bdp=146070 _bdp=146070 _min_cwnd=4150 _maxwnd=219105 _cwnd=219105
Initialize per-instance NSCC parameters: flowid 95 _base_rtt=11685600 _base_bdp=146070 _bdp=146070 _min_cwnd=4150 _maxwnd=219105 _cwnd=219105
Initialize per-instance NSCC parameters: flowid 96 _base_rtt=11685600 _base_bdp=146070 _bdp=146070 _min_cwnd=4150 _maxwnd=219105 _cwnd=219105
Initialize per-instance NSCC parameters: flowid 97 _base_rtt=11685600 _base_bdp=146070 _bdp=146070 _min_cwnd=4150 _maxwnd=219105 _cwnd=219105
Initialize per-instance NSCC parameters: flowid 98 _base_rtt=11685600 _base_bdp=146070 _bdp=146070 _min_cwnd=4150 _maxwnd=219105 _cwnd=219105
Initialize per-instance NSCC parameters: flowid 99 _base_rtt=11685600 _base_bdp=146070 _bdp=146070 _min_cwnd=4150 _maxwnd=219105 _cwnd=219105
Initialize per-instance NSCC parameters: flowid 100 _base_rtt=11685600 _base_bdp=146070 _bdp=146070 _min_cwnd=4150 _maxwnd=219105 _cwnd=219105
Initialize per-instance NSCC parameters: flowid 101 _base_rtt=11685600 _base_bdp=146070 _bdp=146070 _min_cwnd=4150 _maxwnd=219105 _cwnd=219105
Initialize per-instance NSCC parameters: flowid 102 _base_rtt=11685600 _base_bdp=146070 _bdp=146070 _min_cwnd=4150 _maxwnd=219105 _cwnd=219105
Initialize per-instance NSCC parameters: flowid 103 _base_rtt=11685600 _base_bdp=146070 _bdp=146070 _min_cwnd=4150 _maxwnd=219105 _cwnd=219105
Initialize per-instance NSCC parameters: flowid 104 _base_rtt=11685600 _base_bdp=146070 _bdp=146070 _min_cwnd=4150 _maxwnd=219105 _cwnd=219105
Initialize per-instance NSCC parameters: flowid 105 _base_rtt=11685600 _base_bdp=146070 _bdp=146070 _min_cwnd=4150 _maxwnd=219105 _cwnd=219105
Initialize per-instance NSCC parameters: flowid 106 _base_rtt=11685600 _base_bdp=146070 _bdp=146070 _min_cwnd=4150 _maxwnd=219105 _cwnd=219105
Initialize per-instance NSCC parameters: flowid 107 _base_rtt=11685600 _base_bdp=146070 _bdp=146070 _min_cwnd=4150 _maxwnd=219105 _cwnd=219105
Initialize per-instance NSCC parameters: flowid 108 _base_rtt=11685600 _base_bdp=146070 _bdp=146070 _min_cwnd=4150 _maxwnd=219105 _cwnd=219105
Initialize per-instance NSCC parameters: flowid 109 _base_rtt=11685600 _base_bdp=146070 _bdp=146070 _min_cwnd=4150 _maxwnd=219105 _cwnd=219105
Initialize per-instance NSCC parameters: flowid 110 _base_rtt=11685600 _base_bdp=146070 _bdp=146070 _min_cwnd=4150 _maxwnd=219105 _cwnd=219105
Initialize per-instance NSCC parameters: flowid 111 _base_rtt=11685600 _base_bdp=146070 _bdp=146070 _min_cwnd=4150 _maxwnd=219105 _cwnd=219105
Initialize per-instance NSCC parameters: flowid 112 _base_rtt=11685600 _base_bdp=146070 _bdp=146070 _min_cwnd=4150 _maxwnd=219105 _cwnd=219105
Initialize per-instance NSCC parameters: flowid 113 _base_rtt=11685600 _base_bdp=146070 _bdp=146070 _min_cwnd=4150 _maxwnd=219105 _cwnd=219105
Initialize per-instance NSCC parameters: flowid 114 _base_rtt=11685600 _base_bdp=146070 _bdp=146070 _min_cwnd=4150 _maxwnd=219105 _cwnd=219105
Initialize per-instance NSCC parameters: flowid 115 _base_rtt=11685600 _base_bdp=146070 _bdp=146070 _min_cwnd=4150 _maxwnd=219105 _cwnd=219105
Initialize per-instance NSCC parameters: flowid 116 _base_rtt=11685600 _base_bdp=146070 _bdp=146070 _min_cwnd=4150 _maxwnd=219105 _cwnd=219105
Initialize per-instance NSCC parameters: flowid 117 _base_rtt=11685600 _base_bdp=146070 _bdp=146070 _min_cwnd=4150 _maxwnd=219105 _cwnd=219105
Initialize per-instance NSCC parameters: flowid 118 _base_rtt=11685600 _base_bdp=146070 _bdp=146070 _min_cwnd=4150 _maxwnd=219105 _cwnd=219105
Initialize per-instance NSCC parameters: flowid 119 _base_rtt=11685600 _base_bdp=146070 _bdp=146070 _min_cwnd=4150 _maxwnd=219105 _cwnd=219105
Initialize per-instance NSCC parameters: flowid 120 _base_rtt=11685600 _base_bdp=146070 _bdp=146070 _min_cwnd=4150 _maxwnd=219105 _cwnd=219105
Initialize per-instance NSCC parameters: flowid 121 _base_rtt=11685600 _base_bdp=146070 _bdp=146070 _min_cwnd=4150 _maxwnd=219105 _cwnd=219105
Initialize per-instance NSCC parameters: flowid 122 _base_rtt=11685600 _base_bdp=146070 _bdp=146070 _min_cwnd=4150 _maxwnd=219105 _cwnd=219105
Initialize per-instance NSCC parameters: flowid 123 _base_rtt=11685600 _base_bdp=146070 _bdp=146070 _min_cwnd=4150 _maxwnd=219105 _cwnd=219105
Initialize per-instance NSCC parameters: flowid 124 _base_rtt=11685600 _base_bdp=146070 _bdp=146070 _min_cwnd=4150 _maxwnd=219105 _cwnd=219105
Initialize per-instance NSCC parameters: flowid 125 _base_rtt=11685600 _base_bdp=146070 _bdp=146070 _min_cwnd=4150 _maxwnd=219105 _cwnd=219105
Initialize per-instance NSCC parameters: flowid 126 _base_rtt=11685600 _base_bdp=146070 _bdp=146070 _min_cwnd=4150 _maxwnd=219105 _cwnd=219105
Initialize per-instance NSCC parameters: flowid 127 _base_rtt=11685600 _base_bdp=146070 _bdp=146070 _min_cwnd=4150 _maxwnd=219105 _cwnd=219105
Initialize per-instance NSCC parameters: flowid 128 _base_rtt=11685600 _base_bdp=146070 _bdp=146070 _min_cwnd=4150 _maxwnd=219105 _cwnd=219105
Initialize per-instance NSCC parameters: flowid 129 _base_rtt=11685600 _base_bdp=146070 _bdp=146070 _min_cwnd=4150 _maxwnd=219105 _cwnd=219105
Initialize per-instance NSCC parameters: flowid 130 _base_rtt=11685600 _base_bdp=146070 _bdp=146070 _min_cwnd=4150 _maxwnd=219105 _cwnd=219105
Initialize per-instance NSCC parameters: flowid 131 _base_rtt=11685600 _base_bdp=146070 _bdp=146070 _min_cwnd=4150 _maxwnd=219105 _cwnd=219105
Initialize per-instance NSCC parameters: flowid 132 _base_rtt=11685600 _base_bdp=146070 _bdp=146070 _min_cwnd=4150 _maxwnd=219105 _cwnd=219105
Initialize per-instance NSCC parameters: flowid 133 _base_rtt=11685600 _base_bdp=146070 _bdp=146070 _min_cwnd=4150 _maxwnd=219105 _cwnd=219105
Initialize per-instance NSCC parameters: flowid 134 _base_rtt=11685600 _base_bdp=146070 _bdp=146070 _min_cwnd=4150 _maxwnd=219105 _cwnd=219105
Initialize per-instance NSCC parameters: flowid 135 _base_rtt=11685600 _base_bdp=146070 _bdp=146070 _min_cwnd=4150 _maxwnd=219105 _cwnd=219105
Initialize per-instance NSCC parameters: flowid 136 _base_rtt=11685600 _base_bdp=146070 _bdp=146070 _min_cwnd=4150 _maxwnd=219105 _cwnd=219105
Initialize per-instance NSCC parameters: flowid 137 _base_rtt=11685600 _base_bdp=146070 _bdp=146070 _min_cwnd=4150 _maxwnd=219105 _cwnd=219105
Initialize per-instance NSCC parameters: flowid 138 _base_rtt=11685600 _base_bdp=146070 _bdp=146070 _min_cwnd=4150 _maxwnd=219105 _cwnd=219105
Initialize per-instance NSCC parameters: flowid 139 _base_rtt=11685600 _base_bdp=146070 _bdp=146070 _min_cwnd=4150 _maxwnd=219105 _cwnd=219105
Initialize per-instance NSCC parameters: flowid 140 _base_rtt=11685600 _base_bdp=146070 _bdp=146070 _min_cwnd=4150 _maxwnd=219105 _cwnd=219105
Initialize per-instance NSCC parameters: flowid 141 _base_rtt=11685600 _base_bdp=146070 _bdp=146070 _min_cwnd=4150 _maxwnd=219105 _cwnd=219105
Initialize per-instance NSCC parameters: flowid 142 _base_rtt=11685600 _base_bdp=146070 _bdp=146070 _min_cwnd=4150 _maxwnd=219105 _cwnd=219105
Initialize per-instance NSCC parameters: flowid 143 _base_rtt=11685600 _base_bdp=146070 _bdp=146070 _min_cwnd=4150 _maxwnd=219105 _cwnd=219105
Initialize per-instance NSCC parameters: flowid 144 _base_rtt=11685600 _base_bdp=146070 _bdp=146070 _min_cwnd=4150 _maxwnd=219105 _cwnd=219105
Starting simulation
Flow Uec_533_223 flowId 1 uecSrc 0 starting at 0
Flow Uec_263_553 flowId 2 uecSrc 1 starting at 0
Flow Uec_98_358 flowId 3 uecSrc 2 starting at 0
Flow Uec_189_445 flowId 4 uecSrc 3 starting at 0
Flow Uec_502_180 flowId 5 uecSrc 4 starting at 0
Flow Uec_9_298 flowId 6 uecSrc 5 starting at 0
Flow Uec_550_217 flowId 7 uecSrc 6 starting at 0
Flow Uec_524_220 flowId 8 uecSrc 7 starting at 0
Flow Uec_286_538 flowId 9 uecSrc 8 starting at 0
Flow Uec_33_307 flowId 10 uecSrc 9 starting at 0
Flow Uec_95_334 flowId 11 uecSrc 10 starting at 0
Flow Uec_407_91 flowId 12 uecSrc 11 starting at 0
Flow Uec_22_280 flowId 13 uecSrc 12 starting at 0
Flow Uec_441_114 flowId 14 uecSrc 13 starting at 0
Flow Uec_381_35 flowId 15 uecSrc 14 starting at 0
Flow Uec_333_44 flowId 16 uecSrc 15 starting at 0
Flow Uec_508_185 flowId 17 uecSrc 16 starting at 0
Flow Uec_96_323 flowId 18 uecSrc 17 starting at 0
Flow Uec_556_196 flowId 19 uecSrc 18 starting at 0
Flow Uec_575_208 flowId 20 uecSrc 19 starting at 0
Flow Uec_378_55 flowId 21 uecSrc 20 starting at 0
Flow Uec_210_483 flowId 22 uecSrc 21 starting at 0
Flow Uec_427_83 flowId 23 uecSrc 22 starting at 0
Flow Uec_514_232 flowId 24 uecSrc 23 starting at 0
Flow Uec_558_222 flowId 25 uecSrc 24 starting at 0
Flow Uec_371_21 flowId 26 uecSrc 25 starting at 0
Flow Uec_467_128 flowId 27 uecSrc 26 starting at 0
Flow Uec_162_415 flowId 28 uecSrc 27 starting at 0
Flow Uec_238_479 flowId 29 uecSrc 28 starting at 0
Flow Uec_215_454 flowId 30 uecSrc 29 starting at 0
Flow Uec_264_525 flowId 31 uecSrc 30 starting at 0
Flow Uec_120_354 flowId 32 uecSrc 31 starting at 0
Flow Uec_518_245 flowId 33 uecSrc 32 starting at 0
Flow Uec_234_461 flowId 34 uecSrc 33 starting at 0
Flow Uec_199_476 flowId 35 uecSrc 34 starting at 0
Flow Uec_54_257 flowId 36 uecSrc 35 starting at 0
Flow Uec_259_530 flowId 37 uecSrc 36 starting at 0
Flow Uec_349_40 flowId 38 uecSrc 37 starting at 0
Flow Uec_175_390 flowId 39 uecSrc 38 starting at 0
Flow Uec_320_12 flowId 40 uecSrc 39 starting at 0
Flow Uec_180_440 flowId 41 uecSrc 40 starting at 0
Flow Uec_292_556 flowId 42 uecSrc 41 starting at 0
Flow Uec_14_314 flowId 43 uecSrc 42 starting at 0
Flow Uec_109_379 flowId 44 uecSrc 43 starting at 0
Flow Uec_157_410 flowId 45 uecSrc 44 starting at 0
Flow Uec_266_549 flowId 46 uecSrc 45 starting at 0
Flow Uec_355_4 flowId 47 uecSrc 46 starting at 0
Flow Uec_461_181 flowId 48 uecSrc 47 starting at 0
Flow Uec_32_301 flowId 49 uecSrc 48 starting at 0
Flow Uec_197_486 flowId 50 uecSrc 49 starting at 0
Flow Uec_481_143 flowId 51 uecSrc 50 starting at 0
Flow Uec_167_424 flowId 52 uecSrc 51 starting at 0
Flow Uec_89_352 flowId 53 uecSrc 52 starting at 0
Flow Uec_288_512 flowId 54 uecSrc 53 starting at 0
Flow Uec_385_90 flowId 55 uecSrc 54 starting at 0
Flow Uec_434_105 flowId 56 uecSrc 55 starting at 0
Flow Uec_267_546 flowId 57 uecSrc 56 starting at 0
Flow Uec_414_111 flowId 58 uecSrc 57 starting at 0
Flow Uec_155_421 flowId 59 uecSrc 58 starting at 0
Flow Uec_249_451 flowId 60 uecSrc 59 starting at 0
Flow Uec_158_423 flowId 61 uecSrc 60 starting at 0
Flow Uec_75_333 flowId 62 uecSrc 61 starting at 0
Flow Uec_348_24 flowId 63 uecSrc 62 starting at 0
Flow Uec_560_205 flowId 64 uecSrc 63 starting at 0
Flow Uec_308_564 flowId 65 uecSrc 64 starting at 0
Flow Uec_337_54 flowId 66 uecSrc 65 starting at 0
Flow Uec_124_349 flowId 67 uecSrc 66 starting at 0
Flow Uec_437_69 flowId 68 uecSrc 67 starting at 0
Flow Uec_88_330 flowId 69 uecSrc 68 starting at 0
Flow Uec_258_516 flowId 70 uecSrc 69 starting at 0
Flow Uec_152_416 flowId 71 uecSrc 70 starting at 0
Flow Uec_3_278 flowId 72 uecSrc 71 starting at 0
Flow Uec_390_96 flowId 73 uecSrc 72 starting at 0
Flow Uec_482_176 flowId 74 uecSrc 73 starting at 0
Flow Uec_122_337 flowId 75 uecSrc 74 starting at 0
Flow Uec_128_430 flowId 76 uecSrc 75 starting at 0
Flow Uec_135_428 flowId 77 uecSrc 76 starting at 0
Flow Uec_458_189 flowId 78 uecSrc 77 starting at 0
Flow Uec_429_84 flowId 79 uecSrc 78 starting at 0
Flow Uec_369_34 flowId 80 uecSrc 79 starting at 0
Flow Uec_554_202 flowId 81 uecSrc 80 starting at 0
Flow Uec_103_347 flowId 82 uecSrc 81 starting at 0
Flow Uec_202_497 flowId 83 uecSrc 82 starting at 0
Flow Uec_471_159 flowId 84 uecSrc 83 starting at 0
Flow Uec_127_325 flowId 85 uecSrc 84 starting at 0
Flow Uec_332_29 flowId 86 uecSrc 85 starting at 0
Flow Uec_284_562 flowId 87 uecSrc 86 starting at 0
Flow Uec_452_138 flowId 88 uecSrc 87 starting at 0
Flow Uec_415_71 flowId 89 uecSrc 88 starting at 0
Flow Uec_46_290 flowId 90 uecSrc 89 starting at 0
Flow Uec_247_484 flowId 91 uecSrc 90 starting at 0
Flow Uec_563_224 flowId 92 uecSrc 91 starting at 0
Flow Uec_211_452 flowId 93 uecSrc 92 starting at 0
Flow Uec_257_551 flowId 94 uecSrc 93 starting at 0
Flow Uec_242_499 flowId 95 uecSrc 94 starting at 0
Flow Uec_522_209 flowId 96 uecSrc 95 starting at 0
Flow Uec_113_332 flowId 97 uecSrc 96 starting at 0
Flow Uec_126_383 flowId 98 uecSrc 97 starting at 0
Flow Uec_28_308 flowId 99 uecSrc 98 starting at 0
Flow Uec_454_179 flowId 100 uecSrc 99 starting at 0
Flow Uec_271_559 flowId 101 uecSrc 100 starting at 0
Flow Uec_393_77 flowId 102 uecSrc 101 starting at 0
Flow Uec_426_65 flowId 103 uecSrc 102 starting at 0
Flow Uec_117_364 flowId 104 uecSrc 103 starting at 0
Flow Uec_567_192 flowId 105 uecSrc 104 starting at 0
Flow Uec_484_170 flowId 106 uecSrc 105 starting at 0
Flow Uec_571_197 flowId 107 uecSrc 106 starting at 0
Flow Uec_52_291 flowId 108 uecSrc 107 starting at 0
Flow Uec_7_282 flowId 109 uecSrc 108 starting at 0
Flow Uec_225_490 flowId 110 uecSrc 109 starting at 0
Flow Uec_12_311 flowId 111 uecSrc 110 starting at 0
Flow Uec_5_296 flowId 112 uecSrc 111 starting at 0
Flow Uec_101_340 flowId 113 uecSrc 112 starting at 0
Flow Uec_172_411 flowId 114 uecSrc 113 starting at 0
Flow Uec_203_471 flowId 115 uecSrc 114 starting at 0
Flow Uec_64_336 flowId 116 uecSrc 115 starting at 0
Flow Uec_287_531 flowId 117 uecSrc 116 starting at 0
Flow Uec_55_260 flowId 118 uecSrc 117 starting at 0
Flow Uec_559_211 flowId 119 uecSrc 118 starting at 0
Flow Uec_56_261 flowId 120 uecSrc 119 starting at 0
Flow Uec_270_558 flowId 121 uecSrc 120 starting at 0
Flow Uec_374_9 flowId 122 uecSrc 121 starting at 0
Flow Uec_573_237 flowId 123 uecSrc 122 starting at 0
Flow Uec_399_98 flowId 124 uecSrc 123 starting at 0
Flow Uec_516_204 flowId 125 uecSrc 124 starting at 0
Flow Uec_404_88 flowId 126 uecSrc 125 starting at 0
Flow Uec_456_141 flowId 127 uecSrc 126 starting at 0
Flow Uec_62_275 flowId 128 uecSrc 127 starting at 0
Flow Uec_370_16 flowId 129 uecSrc 128 starting at 0
Flow Uec_138_403 flowId 130 uecSrc 129 starting at 0
Flow Uec_232_458 flowId 131 uecSrc 130 starting at 0
Flow Uec_188_394 flowId 132 uecSrc 131 starting at 0
Flow Uec_304_545 flowId 133 uecSrc 132 starting at 0
Flow Uec_224_465 flowId 134 uecSrc 133 starting at 0
Flow Uec_250_468 flowId 135 uecSrc 134 starting at 0
Flow Uec_79_380 flowId 136 uecSrc 135 starting at 0
Flow Uec_421_120 flowId 137 uecSrc 136 starting at 0
Flow Uec_383_15 flowId 138 uecSrc 137 starting at 0
Flow Uec_45_279 flowId 139 uecSrc 138 starting at 0
Flow Uec_475_140 flowId 140 uecSrc 139 starting at 0
Flow Uec_476_188 flowId 141 uecSrc 140 starting at 0
Flow Uec_59_281 flowId 142 uecSrc 141 starting at 0
Flow Uec_356_33 flowId 143 uecSrc 142 starting at 0
Flow Uec_485_142 flowId 144 uecSrc 143 starting at 0
Flow Uec_482_176 flowId 74 uecSrc 73 finished at 51.9834 total messages 1 total packets 123 RTS 0 total bytes 502578 in_flight now 0 fair_inc 0 prop_inc 10350 fast_inc 74131 eta_inc 2384 multi_dec -0 quick_dec -0 nack_dec -0
Flow Uec_484_170 flowId 106 uecSrc 105 finished at 53.6434 total messages 1 total packets 123 RTS 0 total bytes 502578 in_flight now 0 fair_inc 0 prop_inc 20865 fast_inc 0 eta_inc 2384 multi_dec -0 quick_dec -0 nack_dec -0
Flow Uec_349_40 flowId 38 uecSrc 37 finished at 53.6434 total messages 1 total packets 123 RTS 0 total bytes 502578 in_flight now 0 fair_inc 0 prop_inc 21642 fast_inc 0 eta_inc 2384 multi_dec -0 quick_dec -0 nack_dec -0
Flow Uec_454_179 flowId 100 uecSrc 99 finished at 53.6434 total messages 1 total packets 123 RTS 0 total bytes 502578 in_flight now 0 fair_inc 0 prop_inc 21529 fast_inc 0 eta_inc 2384 multi_dec -0 quick_dec -0 nack_dec -0
Flow Uec_9_298 flowId 6 uecSrc 5 finished at 53.6434 total messages 1 total packets 123 RTS 0 total bytes 502578 in_flight now 0 fair_inc 0 prop_inc 20819 fast_inc 0 eta_inc 2384 multi_dec -0 quick_dec -0 nack_dec -0
Flow Uec_224_465 flowId 134 uecSrc 133 finished at 53.6434 total messages 1 total packets 123 RTS 0 total bytes 502578 in_flight now 0 fair_inc 0 prop_inc 19882 fast_inc 0 eta_inc 2384 multi_dec -0 quick_dec -0 nack_dec -0
Flow Uec_120_354 flowId 32 uecSrc 31 finished at 53.6434 total messages 1 total packets 123 RTS 0 total bytes 502578 in_flight now 0 fair_inc 0 prop_inc 21594 fast_inc 0 eta_inc 2384 multi_dec -0 quick_dec -0 nack_dec -0
Flow Uec_286_538 flowId 9 uecSrc 8 finished at 53.6434 total messages 1 total packets 123 RTS 0 total bytes 502578 in_flight now 0 fair_inc 0 prop_inc 20568 fast_inc 0 eta_inc 2384 multi_dec -0 quick_dec -0 nack_dec -0
Flow Uec_52_291 flowId 108 uecSrc 107 finished at 53.6434 total messages 1 total packets 123 RTS 0 total bytes 502578 in_flight now 0 fair_inc 0 prop_inc 22084 fast_inc 0 eta_inc 2384 multi_dec -0 quick_dec -0 nack_dec -0
Flow Uec_333_44 flowId 16 uecSrc 15 finished at 53.6434 total messages 1 total packets 123 RTS 0 total bytes 502578 in_flight now 0 fair_inc 0 prop_inc 20055 fast_inc 0 eta_inc 2384 multi_dec -0 quick_dec -0 nack_dec -0
Flow Uec_434_105 flowId 56 uecSrc 55 finished at 53.6434 total messages 1 total packets 123 RTS 0 total bytes 502578 in_flight now 0 fair_inc 0 prop_inc 21544 fast_inc 0 eta_inc 2384 multi_dec -0 quick_dec -0 nack_dec -0
Flow Uec_385_90 flowId 55 uecSrc 54 finished at 53.6434 total messages 1 total packets 123 RTS 0 total bytes 502578 in_flight now 0 fair_inc 0 prop_inc 20436 fast_inc 0 eta_inc 2384 multi_dec -0 quick_dec -0 nack_dec -0
Flow Uec_287_531 flowId 117 uecSrc 116 finished at 53.6434 total messages 1 total packets 123 RTS 0 total bytes 502578 in_flight now 0 fair_inc 0 prop_inc 21045 fast_inc 0 eta_inc 2384 multi_dec -0 quick_dec -0 nack_dec -0
Flow Uec_89_352 flowId 53 uecSrc 52 finished at 53.6434 total messages 1 total packets 123 RTS 0 total bytes 502578 in_flight now 0 fair_inc 0 prop_inc 21384 fast_inc 0 eta_inc 2384 multi_dec -0 quick_dec -0 nack_dec -0
Flow Uec_103_347 flowId 82 uecSrc 81 finished at 53.6474 total messages 1 total packets 123 RTS 0 total bytes 502578 in_flight now 0 fair_inc 0 prop_inc 20492 fast_inc 0 eta_inc 2384 multi_dec -0 quick_dec -0 nack_dec -0
Flow Uec_5_296 flowId 112 uecSrc 111 finished at 53.6474 total messages 1 total packets 123 RTS 0 total bytes 502578 in_flight now 0 fair_inc 0 prop_inc 20583 fast_inc 0 eta_inc 2384 multi_dec -0 quick_dec -0 nack_dec -0
Flow Uec_522_209 flowId 96 uecSrc 95 finished at 53.6474 total messages 1 total packets 123 RTS 0 total bytes 502578 in_flight now 0 fair_inc 0 prop_inc 21678 fast_inc 0 eta_inc 2384 multi_dec -0 quick_dec -0 nack_dec -0
Flow Uec_348_24 flowId 63 uecSrc 62 finished at 53.6474 total messages 1 total packets 123 RTS 0 total bytes 502578 in_flight now 0 fair_inc 0 prop_inc 20976 fast_inc 0 eta_inc 2384 multi_dec -0 quick_dec -0 nack_dec -0
Flow Uec_371_21 flowId 26 uecSrc 25 finished at 53.6474 total messages 1 total packets 123 RTS 0 total bytes 502578 in_flight now 0 fair_inc 0 prop_inc 21597 fast_inc 0 eta_inc 2384 multi_dec -0 quick_dec -0 nack_dec -0
Flow Uec_158_423 flowId 61 uecSrc 60 finished at 53.6474 total messages 1 total packets 123 RTS 0 total bytes 502578 in_flight now 0 fair_inc 0 prop_inc 20731 fast_inc 0 eta_inc 2384 multi_dec -0 quick_dec -0 nack_dec -0
Flow Uec_393_77 flowId 102 uecSrc 101 finished at 53.6485 total messages 1 total packets 123 RTS 0 total bytes 502578 in_flight now 0 fair_inc 0 prop_inc 20266 fast_inc 0 eta_inc 2384 multi_dec -0 quick_dec -0 nack_dec -0
Flow Uec_95_334 flowId 11 uecSrc 10 finished at 53.6485 total messages 1 total packets 123 RTS 0 total bytes 502578 in_flight now 0 fair_inc 0 prop_inc 22241 fast_inc 0 eta_inc 2384 multi_dec -0 quick_dec -0 nack_dec -0
Flow Uec_461_181 flowId 48 uecSrc 47 finished at 53.6485 total messages 1 total packets 123 RTS 0 total bytes 502578 in_flight now 0 fair_inc 0 prop_inc 20674 fast_inc 0 eta_inc 2384 multi_dec -0 quick_dec -0 nack_dec -0
Flow Uec_441_114 flowId 14 uecSrc 13 finished at 53.6485 total messages 1 total packets 123 RTS 0 total bytes 502578 in_flight now 0 fair_inc 0 prop_inc 20285 fast_inc 0 eta_inc 2384 multi_dec -0 quick_dec -0 nack_dec -0
Flow Uec_429_84 flowId 79 uecSrc 78 finished at 53.6525 total messages 1 total packets 123 RTS 0 total bytes 502578 in_flight now 0 fair_inc 0 prop_inc 20987 fast_inc 0 eta_inc 2384 multi_dec -0 quick_dec -0 nack_dec -0
Flow Uec_96_323 flowId 18 uecSrc 17 finished at 53.6536 total messages 1 total packets 123 RTS 0 total bytes 502578 in_flight now 0 fair_inc 0 prop_inc 21755 fast_inc 0 eta_inc 2384 multi_dec -0 quick_dec -0 nack_dec -0
Flow Uec_514_232 flowId 24 uecSrc 23 finished at 53.7253 total messages 1 total packets 123 RTS 0 total bytes 502578 in_flight now 0 fair_inc 0 prop_inc 19821 fast_inc 0 eta_inc 2384 multi_dec -0 quick_dec -0 nack_dec -0
Flow Uec_155_421 flowId 59 uecSrc 58 finished at 53.7355 total messages 1 total packets 123 RTS 0 total bytes 502578 in_flight now 0 fair_inc 0 prop_inc 22209 fast_inc 0 eta_inc 2384 multi_dec -0 quick_dec -0 nack_dec -0
Flow Uec_337_54 flowId 66 uecSrc 65 finished at 53.756 total messages 1 total packets 123 RTS 0 total bytes 502578 in_flight now 0 fair_inc 0 prop_inc 19762 fast_inc 0 eta_inc 2384 multi_dec -0 quick_dec -0 nack_dec -0
Flow Uec_378_55 flowId 21 uecSrc 20 finished at 53.7714 total messages 1 total packets 123 RTS 0 total bytes 502578 in_flight now 0 fair_inc 0 prop_inc 20201 fast_inc 0 eta_inc 2384 multi_dec -0 quick_dec -0 nack_dec -0
Flow Uec_249_451 flowId 60 uecSrc 59 finished at 53.7714 total messages 1 total packets 123 RTS 0 total bytes 502578 in_flight now 0 fair_inc 0 prop_inc 21559 fast_inc 0 eta_inc 2384 multi_dec -0 quick_dec -0 nack_dec -0
Flow Uec_263_553 flowId 2 uecSrc 1 finished at 53.7805 total messages 1 total packets 123 RTS 0 total bytes 502578 in_flight now 0 fair_inc 0 prop_inc 19798 fast_inc 0 eta_inc 2384 multi_dec -0 quick_dec -0 nack_dec -0
Flow Uec_284_562 flowId 87 uecSrc 86 finished at 53.7805 total messages 1 total packets 123 RTS 0 total bytes 502578 in_flight now 0 fair_inc 0 prop_inc 21093 fast_inc 0 eta_inc 2384 multi_dec -0 quick_dec -0 nack_dec -0
Flow Uec_180_440 flowId 41 uecSrc 40 finished at 53.7816 total messages 1 total packets 123 RTS 0 total bytes 502578 in_flight now 0 fair_inc 0 prop_inc 19924 fast_inc 0 eta_inc 2384 multi_dec -0 quick_dec -0 nack_dec -0
Flow Uec_563_224 flowId 92 uecSrc 91 finished at 53.7816 total messages 1 total packets 123 RTS 0 total bytes 502578 in_flight now 0 fair_inc 0 prop_inc 19458 fast_inc 0 eta_inc 2384 multi_dec -0 quick_dec -0 nack_dec -0
Flow Uec_215_454 flowId 30 uecSrc 29 finished at 53.7816 total messages 1 total packets 123 RTS 0 total bytes 502578 in_flight now 0 fair_inc 0 prop_inc 20547 fast_inc 0 eta_inc 2384 multi_dec -0 quick_dec -0 nack_dec -0
Flow Uec_502_180 flowId 5 uecSrc 4 finished at 53.7816 total messages 1 total packets 123 RTS 0 total bytes 502578 in_flight now 0 fair_inc 0 prop_inc 20165 fast_inc 0 eta_inc 2384 multi_dec -0 quick_dec -0 nack_dec -0
Flow Uec_75_333 flowId 62 uecSrc 61 finished at 53.7816 total messages 1 total packets 123 RTS 0 total bytes 502578 in_flight now 0 fair_inc 0 prop_inc 20453 fast_inc 0 eta_inc 2384 multi_dec -0 quick_dec -0 nack_dec -0
Flow Uec_189_445 flowId 4 uecSrc 3 finished at 53.9002 total messages 1 total packets 123 RTS 0 total bytes 502578 in_flight now 0 fair_inc 0 prop_inc 21954 fast_inc 0 eta_inc 2384 multi_dec -0 quick_dec -0 nack_dec -0
Flow Uec_407_91 flowId 12 uecSrc 11 finished at 53.9096 total messages 1 total packets 123 RTS 0 total bytes 502578 in_flight now 0 fair_inc 0 prop_inc 20092 fast_inc 0 eta_inc 2384 multi_dec -0 quick_dec -0 nack_dec -0
Flow Uec_232_458 flowId 131 uecSrc 130 finished at 53.9341 total messages 1 total packets 123 RTS 0 total bytes 502578 in_flight now 0 fair_inc 0 prop_inc 19401 fast_inc 0 eta_inc 2384 multi_dec -0 quick_dec -0 nack_dec -0
Flow Uec_383_15 flowId 138 uecSrc 137 finished at 53.973 total messages 1 total packets 123 RTS 0 total bytes 502578 in_flight now 0 fair_inc 0 prop_inc 19393 fast_inc 0 eta_inc 2384 multi_dec -0 quick_dec -0 nack_dec -0
Flow Uec_225_490 flowId 110 uecSrc 109 finished at 53.9754 total messages 1 total packets 123 RTS 0 total bytes 502578 in_flight now 0 fair_inc 0 prop_inc 19827 fast_inc 0 eta_inc 2384 multi_dec -0 quick_dec -0 nack_dec -0
Flow Uec_98_358 flowId 3 uecSrc 2 finished at 53.9754 total messages 1 total packets 123 RTS 0 total bytes 502578 in_flight now 0 fair_inc 0 prop_inc 20385 fast_inc 0 eta_inc 2384 multi_dec -0 quick_dec -0 nack_dec -0
Flow Uec_210_483 flowId 22 uecSrc 21 finished at 53.9754 total messages 1 total packets 123 RTS 0 total bytes 502578 in_flight now 0 fair_inc 0 prop_inc 20667 fast_inc 0 eta_inc 2384 multi_dec -0 quick_dec -0 nack_dec -0
Flow Uec_304_545 flowId 133 uecSrc 132 finished at 53.9754 total messages 1 total packets 123 RTS 0 total bytes 502578 in_flight now 0 fair_inc 0 prop_inc 19833 fast_inc 0 eta_inc 2384 multi_dec -0 quick_dec -0 nack_dec -0
Flow Uec_288_512 flowId 54 uecSrc 53 finished at 53.9754 total messages 1 total packets 123 RTS 0 total bytes 502578 in_flight now 0 fair_inc 0 prop_inc 19514 fast_inc 0 eta_inc 2384 multi_dec -0 quick_dec -0 nack_dec -0
Flow Uec_46_290 flowId 90 uecSrc 89 finished at 53.9754 total messages 1 total packets 123 RTS 0 total bytes 502578 in_flight now 0 fair_inc 0 prop_inc 19974 fast_inc 0 eta_inc 2384 multi_dec -0 quick_dec -0 nack_dec -0
Flow Uec_117_364 flowId 104 uecSrc 103 finished at 53.9754 total messages 1 total packets 123 RTS 0 total bytes 502578 in_flight now 0 fair_inc 0 prop_inc 20301 fast_inc 0 eta_inc 2384 multi_dec -0 quick_dec -0 nack_dec -0
Flow Uec_101_340 flowId 113 uecSrc 112 finished at 53.9754 total messages 1 total packets 123 RTS 0 total bytes 502578 in_flight now 0 fair_inc 0 prop_inc 20146 fast_inc 0 eta_inc 2384 multi_dec -0 quick_dec -0 nack_dec -0
Flow Uec_308_564 flowId 65 uecSrc 64 finished at 53.9754 total messages 1 total packets 123 RTS 0 total bytes 502578 in_flight now 0 fair_inc 0 prop_inc 19470 fast_inc 0 eta_inc 2384 multi_dec -0 quick_dec -0 nack_dec -0
Flow Uec_518_245 flowId 33 uecSrc 32 finished at 53.9794 total messages 1 total packets 123 RTS 0 total bytes 502578 in_flight now 0 fair_inc 0 prop_inc 20333 fast_inc 0 eta_inc 2384 multi_dec -0 quick_dec -0 nack_dec -0
Flow Uec_127_325 flowId 85 uecSrc 84 finished at 53.9794 total messages 1 total packets 123 RTS 0 total bytes 502578 in_flight now 0 fair_inc 0 prop_inc 20268 fast_inc 0 eta_inc 2384 multi_dec -0 quick_dec -0 nack_dec -0
Flow Uec_414_111 flowId 58 uecSrc 57 finished at 53.9805 total messages 1 total packets 123 RTS 0 total bytes 502578 in_flight now 0 fair_inc 0 prop_inc 20392 fast_inc 0 eta_inc 2384 multi_dec -0 quick_dec -0 nack_dec -0
Flow Uec_64_336 flowId 116 uecSrc 115 finished at 53.9805 total messages 1 total packets 123 RTS 0 total bytes 502578 in_flight now 0 fair_inc 0 prop_inc 20058 fast_inc 0 eta_inc 2384 multi_dec -0 quick_dec -0 nack_dec -0
Flow Uec_3_278 flowId 72 uecSrc 71 finished at 53.9805 total messages 1 total packets 123 RTS 0 total bytes 502578 in_flight now 0 fair_inc 0 prop_inc 19717 fast_inc 0 eta_inc 2384 multi_dec -0 quick_dec -0 nack_dec -0
Flow Uec_259_530 flowId 37 uecSrc 36 finished at 53.9805 total messages 1 total packets 123 RTS 0 total bytes 502578 in_flight now 0 fair_inc 0 prop_inc 19301 fast_inc 0 eta_inc 2384 multi_dec -0 quick_dec -0 nack_dec -0
Flow Uec_32_301 flowId 49 uecSrc 48 finished at 53.9856 total messages 1 total packets 123 RTS 0 total bytes 502578 in_flight now 0 fair_inc 0 prop_inc 20391 fast_inc 0 eta_inc 2384 multi_dec -0 quick_dec -0 nack_dec -0
Flow Uec_404_88 flowId 126 uecSrc 125 finished at 54.0646 total messages 1 total packets 123 RTS 0 total bytes 502578 in_flight now 0 fair_inc 0 prop_inc 21811 fast_inc 0 eta_inc 2384 multi_dec -0 quick_dec -0 nack_dec -0
Flow Uec_471_159 flowId 84 uecSrc 83 finished at 54.0778 total messages 1 total packets 123 RTS 0 total bytes 502578 in_flight now 0 fair_inc 0 prop_inc 20439 fast_inc 0 eta_inc 2384 multi_dec -0 quick_dec -0 nack_dec -0
Flow Uec_188_394 flowId 132 uecSrc 131 finished at 54.088 total messages 1 total packets 123 RTS 0 total bytes 502578 in_flight now 0 fair_inc 0 prop_inc 20939 fast_inc 0 eta_inc 2384 multi_dec -0 quick_dec -0 nack_dec -0
Flow Uec_264_525 flowId 31 uecSrc 30 finished at 54.1011 total messages 1 total packets 123 RTS 0 total bytes 502578 in_flight now 0 fair_inc 0 prop_inc 19799 fast_inc 0 eta_inc 2384 multi_dec -0 quick_dec -0 nack_dec -0
Flow Uec_467_128 flowId 27 uecSrc 26 finished at 54.1085 total messages 1 total packets 123 RTS 0 total bytes 502578 in_flight now 0 fair_inc 0 prop_inc 19282 fast_inc 0 eta_inc 2384 multi_dec -0 quick_dec -0 nack_dec -0
Flow Uec_247_484 flowId 91 uecSrc 90 finished at 54.1085 total messages 1 total packets 123 RTS 0 total bytes 502578 in_flight now 0 fair_inc 0 prop_inc 18885 fast_inc 0 eta_inc 2384 multi_dec -0 quick_dec -0 nack_dec -0
Flow Uec_390_96 flowId 73 uecSrc 72 finished at 54.1136 total messages 1 total packets 123 RTS 0 total bytes 502578 in_flight now 0 fair_inc 0 prop_inc 18780 fast_inc 0 eta_inc 2384 multi_dec -0 quick_dec -0 nack_dec -0
Flow Uec_421_120 flowId 137 uecSrc 136 finished at 54.1136 total messages 1 total packets 123 RTS 0 total bytes 502578 in_flight now 0 fair_inc 0 prop_inc 17903 fast_inc 0 eta_inc 2384 multi_dec -0 quick_dec -0 nack_dec -0
Flow Uec_476_188 flowId 141 uecSrc 140 finished at 54.1136 total messages 1 total packets 123 RTS 0 total bytes 502578 in_flight now 0 fair_inc 0 prop_inc 18808 fast_inc 0 eta_inc 2384 multi_dec -0 quick_dec -0 nack_dec -0
Flow Uec_211_452 flowId 93 uecSrc 92 finished at 54.1534 total messages 1 total packets 123 RTS 0 total bytes 502578 in_flight now 0 fair_inc 0 prop_inc 18750 fast_inc 0 eta_inc 2384 multi_dec -0 quick_dec -0 nack_dec -0
Flow Uec_292_556 flowId 42 uecSrc 41 finished at 54.2314 total messages 1 total packets 123 RTS 0 total bytes 502578 in_flight now 0 fair_inc 0 prop_inc 19343 fast_inc 0 eta_inc 2384 multi_dec -0 quick_dec -0 nack_dec -0
Flow Uec_258_516 flowId 70 uecSrc 69 finished at 54.2518 total messages 1 total packets 123 RTS 0 total bytes 502578 in_flight now 0 fair_inc 0 prop_inc 19078 fast_inc 0 eta_inc 2384 multi_dec -0 quick_dec -0 nack_dec -0
Flow Uec_138_403 flowId 130 uecSrc 129 finished at 54.2998 total messages 1 total packets 123 RTS 0 total bytes 502578 in_flight now 0 fair_inc 0 prop_inc 19541 fast_inc 0 eta_inc 2384 multi_dec -0 quick_dec -0 nack_dec -0
Flow Uec_516_204 flowId 125 uecSrc 124 finished at 54.304 total messages 1 total packets 123 RTS 0 total bytes 502578 in_flight now 0 fair_inc 0 prop_inc 18262 fast_inc 0 eta_inc 2384 multi_dec -0 quick_dec -0 nack_dec -0
Flow Uec_355_4 flowId 47 uecSrc 46 finished at 54.3074 total messages 1 total packets 123 RTS 0 total bytes 502578 in_flight now 0 fair_inc 0 prop_inc 19462 fast_inc 0 eta_inc 2384 multi_dec -0 quick_dec -0 nack_dec -0
Flow Uec_427_83 flowId 23 uecSrc 22 finished at 54.3074 total messages 1 total packets 123 RTS 0 total bytes 502578 in_flight now 0 fair_inc 0 prop_inc 18669 fast_inc 0 eta_inc 2384 multi_dec -0 quick_dec -0 nack_dec -0
Flow Uec_550_217 flowId 7 uecSrc 6 finished at 54.3074 total messages 1 total packets 123 RTS 0 total bytes 502578 in_flight now 0 fair_inc 0 prop_inc 20461 fast_inc 0 eta_inc 2384 multi_dec -0 quick_dec -0 nack_dec -0
Flow Uec_12_311 flowId 111 uecSrc 110 finished at 54.3074 total messages 1 total packets 123 RTS 0 total bytes 502578 in_flight now 0 fair_inc 0 prop_inc 18481 fast_inc 0 eta_inc 2384 multi_dec -0 quick_dec -0 nack_dec -0
Flow Uec_573_237 flowId 123 uecSrc 122 finished at 54.3114 total messages 1 total packets 123 RTS 0 total bytes 502578 in_flight now 0 fair_inc 0 prop_inc 18790 fast_inc 0 eta_inc 2384 multi_dec -0 quick_dec -0 nack_dec -0
Flow Uec_14_314 flowId 43 uecSrc 42 finished at 54.3114 total messages 1 total packets 123 RTS 0 total bytes 502578 in_flight now 0 fair_inc 0 prop_inc 18755 fast_inc 0 eta_inc 2384 multi_dec -0 quick_dec -0 nack_dec -0
Flow Uec_560_205 flowId 64 uecSrc 63 finished at 54.3198 total messages 1 total packets 123 RTS 0 total bytes 502578 in_flight now 0 fair_inc 0 prop_inc 19001 fast_inc 0 eta_inc 2384 multi_dec -0 quick_dec -0 nack_dec -0
Flow Uec_234_461 flowId 34 uecSrc 33 finished at 54.3296 total messages 1 total packets 123 RTS 0 total bytes 502578 in_flight now 0 fair_inc 0 prop_inc 18941 fast_inc 0 eta_inc 2384 multi_dec -0 quick_dec -0 nack_dec -0
Flow Uec_270_558 flowId 121 uecSrc 120 finished at 54.3659 total messages 1 total packets 123 RTS 0 total bytes 502578 in_flight now 0 fair_inc 0 prop_inc 19721 fast_inc 0 eta_inc 2384 multi_dec -0 quick_dec -0 nack_dec -0
Flow Uec_356_33 flowId 143 uecSrc 142 finished at 54.4274 total messages 1 total packets 123 RTS 0 total bytes 502578 in_flight now 0 fair_inc 0 prop_inc 19302 fast_inc 0 eta_inc 2384 multi_dec -0 quick_dec -0 nack_dec -0
Flow Uec_124_349 flowId 67 uecSrc 66 finished at 54.4405 total messages 1 total packets 123 RTS 0 total bytes 502578 in_flight now 0 fair_inc 0 prop_inc 18283 fast_inc 0 eta_inc 2384 multi_dec -0 quick_dec -0 nack_dec -0
Flow Uec_374_9 flowId 122 uecSrc 121 finished at 54.4405 total messages 1 total packets 123 RTS 0 total bytes 502578 in_flight now 0 fair_inc 0 prop_inc 18934 fast_inc 0 eta_inc 2384 multi_dec -0 quick_dec -0 nack_dec -0
Flow Uec_122_337 flowId 75 uecSrc 74 finished at 54.4405 total messages 1 total packets 123 RTS 0 total bytes 502578 in_flight now 0 fair_inc 0 prop_inc 17057 fast_inc 0 eta_inc 2384 multi_dec -0 quick_dec -0 nack_dec -0
Flow Uec_320_12 flowId 40 uecSrc 39 finished at 54.4405 total messages 1 total packets 123 RTS 0 total bytes 502578 in_flight now 0 fair_inc 0 prop_inc 18208 fast_inc 0 eta_inc 2384 multi_dec -0 quick_dec -0 nack_dec -0
Flow Uec_399_98 flowId 124 uecSrc 123 finished at 54.4456 total messages 1 total packets 123 RTS 0 total bytes 502578 in_flight now 0 fair_inc 0 prop_inc 16892 fast_inc 0 eta_inc 2384 multi_dec -0 quick_dec -0 nack_dec -0
Flow Uec_175_390 flowId 39 uecSrc 38 finished at 54.4456 total messages 1 total packets 123 RTS 0 total bytes 502578 in_flight now 0 fair_inc 0 prop_inc 18198 fast_inc 0 eta_inc 2384 multi_dec -0 quick_dec -0 nack_dec -0
Flow Uec_370_16 flowId 129 uecSrc 128 finished at 54.5136 total messages 1 total packets 123 RTS 0 total bytes 502578 in_flight now 0 fair_inc 0 prop_inc 19201 fast_inc 0 eta_inc 2384 multi_dec -0 quick_dec -0 nack_dec -0
Flow Uec_332_29 flowId 86 uecSrc 85 finished at 54.559 total messages 1 total packets 123 RTS 0 total bytes 502578 in_flight now 0 fair_inc 0 prop_inc 19095 fast_inc 0 eta_inc 2384 multi_dec -0 quick_dec -0 nack_dec -0
Flow Uec_271_559 flowId 101 uecSrc 100 finished at 54.5787 total messages 1 total packets 123 RTS 0 total bytes 502578 in_flight now 0 fair_inc 0 prop_inc 18413 fast_inc 0 eta_inc 2384 multi_dec -0 quick_dec -0 nack_dec -0
Flow Uec_152_416 flowId 71 uecSrc 70 finished at 54.6394 total messages 1 total packets 123 RTS 0 total bytes 502578 in_flight now 0 fair_inc 0 prop_inc 19491 fast_inc 0 eta_inc 2384 multi_dec -0 quick_dec -0 nack_dec -0
Flow Uec_554_202 flowId 81 uecSrc 80 finished at 54.657 total messages 1 total packets 123 RTS 0 total bytes 502578 in_flight now 0 fair_inc 0 prop_inc 20040 fast_inc 0 eta_inc 2384 multi_dec -0 quick_dec -0 nack_dec -0
Flow Uec_369_34 flowId 80 uecSrc 79 finished at 54.9714 total messages 1 total packets 123 RTS 0 total bytes 502578 in_flight now 0 fair_inc 0 prop_inc 18106 fast_inc 0 eta_inc 2384 multi_dec -0 quick_dec -0 nack_dec -0
Flow Uec_199_476 flowId 35 uecSrc 34 finished at 55.0043 total messages 1 total packets 123 RTS 0 total bytes 502578 in_flight now 0 fair_inc 0 prop_inc 18085 fast_inc 0 eta_inc 2384 multi_dec -0 quick_dec -0 nack_dec -0
Flow Uec_197_486 flowId 50 uecSrc 49 finished at 55.3074 total messages 1 total packets 123 RTS 0 total bytes 502578 in_flight now 0 fair_inc 0 prop_inc 15744 fast_inc 0 eta_inc 2384 multi_dec -0 quick_dec -0 nack_dec -0
Flow Uec_135_428 flowId 77 uecSrc 76 finished at 55.3074 total messages 1 total packets 123 RTS 0 total bytes 502578 in_flight now 0 fair_inc 0 prop_inc 16826 fast_inc 0 eta_inc 2384 multi_dec -0 quick_dec -0 nack_dec -0
Flow Uec_556_196 flowId 19 uecSrc 18 finished at 55.9714 total messages 1 total packets 123 RTS 0 total bytes 502578 in_flight now 0 fair_inc 0 prop_inc 15200 fast_inc 0 eta_inc 2384 multi_dec -0 quick_dec -0 nack_dec -0
Flow Uec_7_282 flowId 109 uecSrc 108 finished at 55.9714 total messages 1 total packets 123 RTS 0 total bytes 502578 in_flight now 0 fair_inc 0 prop_inc 17681 fast_inc 0 eta_inc 2384 multi_dec -0 quick_dec -0 nack_dec -0
Flow Uec_54_257 flowId 36 uecSrc 35 finished at 56.0493 total messages 1 total packets 123 RTS 0 total bytes 502578 in_flight now 0 fair_inc 0 prop_inc 16921 fast_inc 0 eta_inc 2384 multi_dec -0 quick_dec -0 nack_dec -0
Flow Uec_56_261 flowId 120 uecSrc 119 finished at 56.1776 total messages 1 total packets 123 RTS 0 total bytes 502578 in_flight now 0 fair_inc 0 prop_inc 18524 fast_inc 0 eta_inc 2384 multi_dec -0 quick_dec -0 nack_dec -0
Flow Uec_59_281 flowId 142 uecSrc 141 finished at 56.317 total messages 1 total packets 123 RTS 0 total bytes 502578 in_flight now 0 fair_inc 0 prop_inc 16467 fast_inc 0 eta_inc 2384 multi_dec -0 quick_dec -0 nack_dec -0
Flow Uec_426_65 flowId 103 uecSrc 102 finished at 56.5056 total messages 1 total packets 123 RTS 0 total bytes 502578 in_flight now 0 fair_inc 0 prop_inc 17411 fast_inc 0 eta_inc 2384 multi_dec -0 quick_dec -0 nack_dec -0
Flow Uec_109_379 flowId 44 uecSrc 43 finished at 56.6314 total messages 1 total packets 123 RTS 0 total bytes 502578 in_flight now 0 fair_inc 0 prop_inc 18171 fast_inc 0 eta_inc 2384 multi_dec -0 quick_dec -0 nack_dec -0
Flow Uec_524_220 flowId 8 uecSrc 7 finished at 56.6314 total messages 1 total packets 123 RTS 0 total bytes 502578 in_flight now 0 fair_inc 0 prop_inc 15132 fast_inc 0 eta_inc 2384 multi_dec -0 quick_dec -0 nack_dec -0
Flow Uec_437_69 flowId 68 uecSrc 67 finished at 56.6314 total messages 1 total packets 123 RTS 0 total bytes 502578 in_flight now 0 fair_inc 0 prop_inc 15506 fast_inc 0 eta_inc 2384 multi_dec -0 quick_dec -0 nack_dec -0
Flow Uec_238_479 flowId 29 uecSrc 28 finished at 56.7952 total messages 1 total packets 123 RTS 0 total bytes 502578 in_flight now 0 fair_inc 0 prop_inc 18382 fast_inc 0 eta_inc 2384 multi_dec -0 quick_dec -0 nack_dec -0
Flow Uec_128_430 flowId 76 uecSrc 75 finished at 56.8416 total messages 1 total packets 123 RTS 0 total bytes 502578 in_flight now 0 fair_inc 0 prop_inc 18057 fast_inc 0 eta_inc 2384 multi_dec -0 quick_dec -0 nack_dec -0
Flow Uec_157_410 flowId 45 uecSrc 44 finished at 57.2954 total messages 1 total packets 123 RTS 0 total bytes 502578 in_flight now 0 fair_inc 0 prop_inc 16416 fast_inc 0 eta_inc 2384 multi_dec -0 quick_dec -0 nack_dec -0
Flow Uec_55_260 flowId 118 uecSrc 117 finished at 57.2994 total messages 1 total packets 123 RTS 0 total bytes 502578 in_flight now 0 fair_inc 0 prop_inc 15909 fast_inc 0 eta_inc 2384 multi_dec -0 quick_dec -0 nack_dec -0
Flow Uec_162_415 flowId 28 uecSrc 27 finished at 57.3312 total messages 1 total packets 123 RTS 0 total bytes 502578 in_flight now 0 fair_inc 0 prop_inc 14485 fast_inc 0 eta_inc 2384 multi_dec -0 quick_dec -0 nack_dec -0
Flow Uec_22_280 flowId 13 uecSrc 12 finished at 57.4438 total messages 1 total packets 123 RTS 0 total bytes 502578 in_flight now 0 fair_inc 0 prop_inc 13464 fast_inc 0 eta_inc 2384 multi_dec -0 quick_dec -0 nack_dec -0
Flow Uec_172_411 flowId 114 uecSrc 113 finished at 57.6274 total messages 1 total packets 123 RTS 0 total bytes 502578 in_flight now 0 fair_inc 0 prop_inc 15974 fast_inc 0 eta_inc 2384 multi_dec -0 quick_dec -0 nack_dec -0
Flow Uec_381_35 flowId 15 uecSrc 14 finished at 57.6274 total messages 1 total packets 123 RTS 0 total bytes 502578 in_flight now 0 fair_inc 0 prop_inc 13428 fast_inc 0 eta_inc 2384 multi_dec -0 quick_dec -0 nack_dec -0
Flow Uec_415_71 flowId 89 uecSrc 88 finished at 57.6274 total messages 1 total packets 123 RTS 0 total bytes 502578 in_flight now 0 fair_inc 0 prop_inc 12751 fast_inc 0 eta_inc 2384 multi_dec -0 quick_dec -0 nack_dec -0
Flow Uec_567_192 flowId 105 uecSrc 104 finished at 57.7798 total messages 1 total packets 123 RTS 0 total bytes 502578 in_flight now 0 fair_inc 0 prop_inc 12409 fast_inc 0 eta_inc 2384 multi_dec -0 quick_dec -0 nack_dec -0
Flow Uec_267_546 flowId 57 uecSrc 56 finished at 58.5938 total messages 1 total packets 123 RTS 0 total bytes 502578 in_flight now 0 fair_inc 0 prop_inc 19469 fast_inc 0 eta_inc 2384 multi_dec -0 quick_dec -0 nack_dec -0
Flow Uec_167_424 flowId 52 uecSrc 51 finished at 58.9594 total messages 1 total packets 123 RTS 0 total bytes 502578 in_flight now 0 fair_inc 0 prop_inc 10960 fast_inc 0 eta_inc 2384 multi_dec -0 quick_dec -0 nack_dec -0
Flow Uec_571_197 flowId 107 uecSrc 106 finished at 58.9758 total messages 1 total packets 123 RTS 0 total bytes 502578 in_flight now 0 fair_inc 0 prop_inc 12776 fast_inc 0 eta_inc 2384 multi_dec -0 quick_dec -0 nack_dec -0
Flow Uec_126_383 flowId 98 uecSrc 97 finished at 58.9883 total messages 1 total packets 123 RTS 0 total bytes 502578 in_flight now 0 fair_inc 0 prop_inc 13362 fast_inc 0 eta_inc 2384 multi_dec -0 quick_dec -0 nack_dec -0
Flow Uec_79_380 flowId 136 uecSrc 135 finished at 60.1152 total messages 1 total packets 123 RTS 0 total bytes 502578 in_flight now 0 fair_inc 0 prop_inc 8899 fast_inc 0 eta_inc 2384 multi_dec -0 quick_dec -0 nack_dec -0
Flow Uec_475_140 flowId 140 uecSrc 139 finished at 60.6194 total messages 1 total packets 123 RTS 0 total bytes 502578 in_flight now 0 fair_inc 0 prop_inc 10982 fast_inc 0 eta_inc 2384 multi_dec -0 quick_dec -0 nack_dec -0
Flow Uec_485_142 flowId 144 uecSrc 143 finished at 60.9514 total messages 1 total packets 123 RTS 0 total bytes 502578 in_flight now 0 fair_inc 0 prop_inc 16047 fast_inc 0 eta_inc 2980 multi_dec -0 quick_dec -0 nack_dec -4150
Flow Uec_452_138 flowId 88 uecSrc 87 finished at 62.4392 total messages 1 total packets 123 RTS 0 total bytes 502578 in_flight now 0 fair_inc 1875 prop_inc 7133 fast_inc 0 eta_inc 2980 multi_dec -0 quick_dec -0 nack_dec -0
Flow Uec_558_222 flowId 25 uecSrc 24 finished at 78.0552 total messages 1 total packets 123 RTS 0 total bytes 502578 in_flight now 0 fair_inc 410 prop_inc 4889 fast_inc 0 eta_inc 3576 multi_dec -0 quick_dec -0 nack_dec -20750
Flow Uec_533_223 flowId 1 uecSrc 0 finished at 78.7192 total messages 1 total packets 123 RTS 0 total bytes 502578 in_flight now 0 fair_inc 4526 prop_inc 2629 fast_inc 0 eta_inc 3576 multi_dec -0 quick_dec -0 nack_dec -16600
Flow Uec_481_143 flowId 51 uecSrc 50 finished at 89.6069 total messages 1 total packets 123 RTS 0 total bytes 502578 in_flight now 0 fair_inc 0 prop_inc 1513 fast_inc 0 eta_inc 4172 multi_dec -62924 quick_dec -0 nack_dec -29050
Flow Uec_33_307 flowId 10 uecSrc 9 finished at 89.7224 total messages 1 total packets 123 RTS 0 total bytes 502578 in_flight now 0 fair_inc 2048 prop_inc 889 fast_inc 0 eta_inc 4172 multi_dec -63066 quick_dec -0 nack_dec -24900
Flow Uec_257_551 flowId 94 uecSrc 93 finished at 90.2698 total messages 1 total packets 123 RTS 0 total bytes 502578 in_flight now 0 fair_inc 0 prop_inc 1386 fast_inc 0 eta_inc 4172 multi_dec -67400 quick_dec -0 nack_dec -24900
Flow Uec_62_275 flowId 128 uecSrc 127 finished at 92.5042 total messages 1 total packets 123 RTS 0 total bytes 502578 in_flight now 0 fair_inc 2937 prop_inc 1868 fast_inc 0 eta_inc 4172 multi_dec -58823 quick_dec -0 nack_dec -30622
Flow Uec_45_279 flowId 139 uecSrc 138 finished at 92.5846 total messages 1 total packets 123 RTS 0 total bytes 502578 in_flight now 0 fair_inc 2672 prop_inc 1597 fast_inc 0 eta_inc 4172 multi_dec -24677 quick_dec -0 nack_dec -45650
Flow Uec_242_499 flowId 95 uecSrc 94 finished at 93.167 total messages 1 total packets 123 RTS 0 total bytes 502578 in_flight now 0 fair_inc 2908 prop_inc 857 fast_inc 0 eta_inc 4172 multi_dec -62092 quick_dec -0 nack_dec -26472
Flow Uec_202_497 flowId 83 uecSrc 82 finished at 93.2475 total messages 1 total packets 123 RTS 0 total bytes 502578 in_flight now 0 fair_inc 7321 prop_inc 1233 fast_inc 0 eta_inc 4172 multi_dec -54190 quick_dec -0 nack_dec -45650
Flow Uec_458_189 flowId 78 uecSrc 77 finished at 93.3784 total messages 1 total packets 123 RTS 0 total bytes 502578 in_flight now 0 fair_inc 5087 prop_inc 1074 fast_inc 0 eta_inc 4172 multi_dec -56051 quick_dec -0 nack_dec -41500
Flow Uec_456_141 flowId 127 uecSrc 126 finished at 93.3846 total messages 1 total packets 123 RTS 0 total bytes 502578 in_flight now 0 fair_inc 7317 prop_inc 1497 fast_inc 0 eta_inc 4172 multi_dec -50072 quick_dec -0 nack_dec -53950
Flow Uec_575_208 flowId 20 uecSrc 19 finished at 93.495 total messages 1 total packets 123 RTS 0 total bytes 502578 in_flight now 0 fair_inc 2487 prop_inc 1230 fast_inc 0 eta_inc 4172 multi_dec -61246 quick_dec -0 nack_dec -30622
Flow Uec_88_330 flowId 69 uecSrc 68 finished at 93.5042 total messages 1 total packets 123 RTS 0 total bytes 502578 in_flight now 0 fair_inc 3895 prop_inc 971 fast_inc 0 eta_inc 4172 multi_dec -64191 quick_dec -0 nack_dec -34772
Flow Uec_559_211 flowId 119 uecSrc 118 finished at 93.5755 total messages 1 total packets 123 RTS 0 total bytes 502578 in_flight now 0 fair_inc 4438 prop_inc 728 fast_inc 0 eta_inc 4172 multi_dec -54973 quick_dec -0 nack_dec -41500
Flow Uec_113_332 flowId 97 uecSrc 96 finished at 93.5846 total messages 1 total packets 123 RTS 0 total bytes 502578 in_flight now 0 fair_inc 2115 prop_inc 857 fast_inc 0 eta_inc 4172 multi_dec -26604 quick_dec -0 nack_dec -41500
Flow Uec_203_471 flowId 115 uecSrc 114 finished at 93.7013 total messages 1 total packets 123 RTS 0 total bytes 502578 in_flight now 0 fair_inc 3882 prop_inc 724 fast_inc 0 eta_inc 4172 multi_dec -61154 quick_dec -0 nack_dec -37350
Flow Uec_28_308 flowId 99 uecSrc 98 finished at 93.7064 total messages 1 total packets 123 RTS 0 total bytes 502578 in_flight now 0 fair_inc 5921 prop_inc 1155 fast_inc 0 eta_inc 4172 multi_dec -52965 quick_dec -0 nack_dec -53950
Flow Uec_508_185 flowId 17 uecSrc 16 finished at 93.7104 total messages 1 total packets 123 RTS 0 total bytes 502578 in_flight now 0 fair_inc 3068 prop_inc 1441 fast_inc 0 eta_inc 4172 multi_dec -25161 quick_dec -0 nack_dec -37350
Flow Uec_250_468 flowId 135 uecSrc 134 finished at 94.0333 total messages 1 total packets 123 RTS 0 total bytes 502578 in_flight now 0 fair_inc 2570 prop_inc 1228 fast_inc 0 eta_inc 4172 multi_dec -58861 quick_dec -0 nack_dec -37350
Flow Uec_266_549 flowId 46 uecSrc 45 finished at 94.0475 total messages 1 total packets 123 RTS 0 total bytes 502578 in_flight now 0 fair_inc 5327 prop_inc 1444 fast_inc 0 eta_inc 4172 multi_dec -47763 quick_dec -0 nack_dec -58100
.Done
New: 17712 Rtx: 180 RTS: 0 Bounced: 0 ACKs: 6342 NACKs: 180 Pulls: 0 sleek_pkts: 0
