Load balancing algorithm set to oblivious
no_of_nodes 576
Dragonfly+ strategy: FPAR
Setting queuesize to 50 packets
endtime(us) 100000
random seed 1
Using generated Dragonfly+ tornado traffic instead of -tm
Tornado active connections 144
Tornado flow size 10000000 bytes
queue size threshold 20750
Forcing per-hop RTT normalization OFF regardless of strategy.
Packet size (MTU) is 4150
Parsed args
Logging to 576_nodes/runs/tornado_fpar_tuned_load0.25_fs10000000_seed1.dat
Setting ECN low 33200 high 120350
Dragonfly+ with medium topology type
Link latencies: 1 and switch latencies: 0
queue_id 2 ecn_low 33200 ecn_high 120350
DragonFly+ constructor done, 576 nodes created
Generating tornado connection matrix: python3 connection_matrices/gen_tornado_dfp.py /tmp/dfp_tornado_22174.cm 576 144 10000000 0.0 1 8 8
Nodes:  576
Connections:  144
Flowsize:  10000000 bytes
ExtraStartTime:  0.0 us
Random Seed  1
Dragonfly+ p= 8 l= 8
group_size=64  no_groups=9  opposite group offset=4
Loading generated tornado connection matrix from /tmp/dfp_tornado_22174.cm
Nodes: 576 Connections: 144 Triggers: 0 Failures: 0
network_max_unloaded_rtt 11.6856 us
Setting min RTO to 114.6
Per-hop RTT normalization: OFF (strategy fpar)
Initializing static NSCC parameters: _reference_network_linkspeed=100000000000 _reference_network_rtt=12000000 _reference_network_bdp=150000 _target_Qdelay=8764200 _network_linkspeed=100000000000 _network_rtt=11685600 _network_bdp=146070 _qa_gate=2^3 _qa_threshold=3.50568e+07 _scaling_factor_a=0.9738 _scaling_factor_b=0.73035 _alpha=0.00132632 _fi=19894.7 _eta=596.842 _qa_scaling=1 _gamma=0.8 _fi_scale=0.24345 _delay_alpha=0.0125 _adjust_period_threshold=11685600 _adjust_bytes_threshold=33200
Initialize per-instance NSCC parameters: flowid 1 _base_rtt=11685600 _base_bdp=146070 _bdp=146070 _min_cwnd=4150 _maxwnd=219105 _cwnd=219105
Initialize per-instance NSCC parameters: flowid 2 _base_rtt=11685600 _base_bdp=146070 _bdp=146070 _min_cwnd=4150 _maxwnd=219105 _cwnd=219105
Initialize per-instance NSCC parameters: flowid 3 _base_rtt=11685600 _base_bdp=146070 _bdp=146070 _min_cwnd=4150 _maxwnd=219105 _cwnd=219105
Initialize per-instance NSCC parameters: flowid 4 _base_rtt=11685600 _base_bdp=146070 _bdp=146070 _min_cwnd=4150 _maxwnd=219105 _cwnd=219105
Initialize per-instance NSCC parameters: flowid 5 _base_rtt=11685600 _base_bdp=146070 _bdp=146070 _min_cwnd=4150 _maxwnd=219105 _cwnd=219105
Initialize per-instance NSCC parameters: flowid 6 _base_rtt=11685600 _base_bdp=146070 _bdp=146070 _min_cwnd=4150 _maxwnd=219105 _cwnd=219105
Initialize per-instance NSCC parameters: flowid 7 _base_rtt=11685600 _base_bdp=146070 _bdp=146070 _min_cwnd=4150 _maxwnd=219105 _cwnd=219105
Initialize per-instance NSCC parameters: flowid 8 _base_rtt=11685600 _base_bdp=146070 _bdp=146070 _min_cwnd=4150 _maxwnd=219105 _cwnd=219105
Initialize per-instance NSCC parameters: flowid 9 _base_rtt=11685600 _base_bdp=146070 _bdp=146070 _min_cwnd=4150 _maxwnd=219105 _cwnd=219105
Initialize per-instance NSCC parameters: flowid 10 _base_rtt=11685600 _base_bdp=146070 _bdp=146070 _min_cwnd=4150 _maxwnd=219105 _cwnd=219105
Initialize per-instance NSCC parameters: flowid 11 _base_rtt=11685600 _base_bdp=146070 _bdp=146070 _min_cwnd=4150 _maxwnd=219105 _cwnd=219105
Initialize per-instance NSCC parameters: flowid 12 _base_rtt=11685600 _base_bdp=146070 _bdp=146070 _min_cwnd=4150 _maxwnd=219105 _cwnd=219105
Initialize per-instance NSCC parameters: flowid 13 _base_rtt=11685600 _base_bdp=146070 _bdp=146070 _min_cwnd=4150 _maxwnd=219105 _cwnd=219105
Initialize per-instance NSCC parameters: flowid 14 _base_rtt=11685600 _base_bdp=146070 _bdp=146070 _min_cwnd=4150 _maxwnd=219105 _cwnd=219105
Initialize per-instance NSCC parameters: flowid 15 _base_rtt=11685600 _base_bdp=146070 _bdp=146070 _min_cwnd=4150 _maxwnd=219105 _cwnd=219105
Initialize per-instance NSCC parameters: flowid 16 _base_rtt=11685600 _base_bdp=146070 _bdp=146070 _min_cwnd=4150 _maxwnd=219105 _cwnd=219105
Initialize per-instance NSCC parameters: flowid 17 _base_rtt=11685600 _base_bdp=146070 _bdp=146070 _min_cwnd=4150 _maxwnd=219105 _cwnd=219105
Initialize per-instance NSCC parameters: flowid 18 _base_rtt=11685600 _base_bdp=146070 _bdp=146070 _min_cwnd=4150 _maxwnd=219105 _cwnd=219105
Initialize per-instance NSCC parameters: flowid 19 _base_rtt=11685600 _base_bdp=146070 _bdp=146070 _min_cwnd=4150 _maxwnd=219105 _cwnd=219105
Initialize per-instance NSCC parameters: flowid 20 _base_rtt=11685600 _base_bdp=146070 _bdp=146070 _min_cwnd=4150 _maxwnd=219105 _cwnd=219105
Initialize per-instance NSCC parameters: flowid 21 _base_rtt=11685600 _base_bdp=146070 _bdp=146070 _min_cwnd=4150 _maxwnd=219105 _cwnd=219105
Initialize per-instance NSCC parameters: flowid 22 _base_rtt=11685600 _base_bdp=146070 _bdp=146070 _min_cwnd=4150 _maxwnd=219105 _cwnd=219105
Initialize per-instance NSCC parameters: flowid 23 _base_rtt=11685600 _base_bdp=146070 _bdp=146070 _min_cwnd=4150 _maxwnd=219105 _cwnd=219105
Initialize per-instance NSCC parameters: flowid 24 _base_rtt=11685600 _base_bdp=146070 _bdp=146070 _min_cwnd=4150 _maxwnd=219105 _cwnd=219105
Initialize per-instance NSCC parameters: flowid 25 _base_rtt=11685600 _base_bdp=146070 _bdp=146070 _min_cwnd=4150 _maxwnd=219105 _cwnd=219105
Initialize per-instance NSCC parameters: flowid 26 _base_rtt=11685600 _base_bdp=146070 _bdp=146070 _min_cwnd=4150 _maxwnd=219105 _cwnd=219105
Initialize per-instance NSCC parameters: flowid 27 _base_rtt=11685600 _base_bdp=146070 _bdp=146070 _min_cwnd=4150 _maxwnd=219105 _cwnd=219105
Initialize per-instance NSCC parameters: flowid 28 _base_rtt=11685600 _base_bdp=146070 _bdp=146070 _min_cwnd=4150 _maxwnd=219105 _cwnd=219105
Initialize per-instance NSCC parameters: flowid 29 _base_rtt=11685600 _base_bdp=146070 _bdp=146070 _min_cwnd=4150 _maxwnd=219105 _cwnd=219105
Initialize per-instance NSCC parameters: flowid 30 _base_rtt=11685600 _base_bdp=146070 _bdp=146070 _min_cwnd=4150 _maxwnd=219105 _cwnd=219105
Initialize per-instance NSCC parameters: flowid 31 _base_rtt=11685600 _base_bdp=146070 _bdp=146070 _min_cwnd=4150 _maxwnd=219105 _cwnd=219105
Initialize per-instance NSCC parameters: flowid 32 _base_rtt=11685600 _base_bdp=146070 _bdp=146070 _min_cwnd=4150 _maxwnd=219105 _cwnd=219105
Initialize per-instance NSCC parameters: flowid 33 _base_rtt=11685600 _base_bdp=146070 _bdp=146070 _min_cwnd=4150 _maxwnd=219105 _cwnd=219105
Initialize per-instance NSCC parameters: flowid 34 _base_rtt=11685600 _base_bdp=146070 _bdp=146070 _min_cwnd=4150 _maxwnd=219105 _cwnd=219105
Initialize per-instance NSCC parameters: flowid 35 _base_rtt=11685600 _base_bdp=146070 _bdp=146070 _min_cwnd=4150 _maxwnd=219105 _cwnd=219105
Initialize per-instance NSCC parameters: flowid 36 _base_rtt=11685600 _base_bdp=146070 _bdp=146070 _min_cwnd=4150 _maxwnd=219105 _cwnd=219105
Initialize per-instance NSCC parameters: flowid 37 _base_rtt=11685600 _base_bdp=146070 _bdp=146070 _min_cwnd=4150 _maxwnd=219105 _cwnd=219105
Initialize per-instance NSCC parameters: flowid 38 _base_rtt=11685600 _base_bdp=146070 _bdp=146070 _min_cwnd=4150 _maxwnd=219105 _cwnd=219105
Initialize per-instance NSCC parameters: flowid 39 _base_rtt=11685600 _base_bdp=146070 _bdp=146070 _min_cwnd=4150 _maxwnd=219105 _cwnd=219105
Initialize per-instance NSCC parameters: flowid 40 _base_rtt=11685600 _base_bdp=146070 _bdp=146070 _min_cwnd=4150 _maxwnd=219105 _cwnd=219105
Initialize per-instance NSCC parameters: flowid 41 _base_rtt=11685600 _base_bdp=146070 _bdp=146070 _min_cwnd=4150 _maxwnd=219105 _cwnd=219105
Initialize per-instance NSCC parameters: flowid 42 _base_rtt=11685600 _base_bdp=146070 _bdp=146070 _min_cwnd=4150 _maxwnd=219105 _cwnd=219105
Initialize per-instance NSCC parameters: flowid 43 _base_rtt=11685600 _base_bdp=146070 _bdp=146070 _min_cwnd=4150 _maxwnd=219105 _cwnd=219105
Initialize per-instance NSCC parameters: flowid 44 _base_rtt=11685600 _base_bdp=146070 _bdp=146070 _min_cwnd=4150 _maxwnd=219105 _cwnd=219105
Initialize per-instance NSCC parameters: flowid 45 _base_rtt=11685600 _base_bdp=146070 _bdp=146070 _min_cwnd=4150 _maxwnd=219105 _cwnd=219105
Initialize per-instance NSCC parameters: flowid 46 _base_rtt=11685600 _base_bdp=146070 _bdp=146070 _min_cwnd=4150 _maxwnd=219105 _cwnd=219105
Initialize per-instance NSCC parameters: flowid 47 _base_rtt=11685600 _base_bdp=146070 _bdp=146070 _min_cwnd=4150 _maxwnd=219105 _cwnd=219105
Initialize per-instance NSCC parameters: flowid 48 _base_rtt=11685600 _base_bdp=146070 _bdp=146070 _min_cwnd=4150 _maxwnd=219105 _cwnd=219105
Initialize per-instance NSCC parameters: flowid 49 _base_rtt=11685600 _base_bdp=146070 _bdp=146070 _min_cwnd=4150 _maxwnd=219105 _cwnd=219105
Initialize per-instance NSCC parameters: flowid 50 _base_rtt=11685600 _base_bdp=146070 _bdp=146070 _min_cwnd=4150 _maxwnd=219105 _cwnd=219105
Initialize per-instance NSCC parameters: flowid 51 _base_rtt=11685600 _base_bdp=146070 _bdp=146070 _min_cwnd=4150 _maxwnd=219105 _cwnd=219105
Initialize per-instance NSCC parameters: flowid 52 _base_rtt=11685600 _base_bdp=146070 _bdp=146070 _min_cwnd=4150 _maxwnd=219105 _cwnd=219105
Initialize per-instance NSCC parameters: flowid 53 _base_rtt=11685600 _base_bdp=146070 _bdp=146070 _min_cwnd=4150 _maxwnd=219105 _cwnd=219105
Initialize per-instance NSCC parameters: flowid 54 _base_rtt=11685600 _base_bdp=146070 _bdp=146070 _min_cwnd=4150 _maxwnd=219105 _cwnd=219105
Initialize per-instance NSCC parameters: flowid 55 _base_rtt=11685600 _base_bdp=146070 _bdp=146070 _min_cwnd=4150 _maxwnd=219105 _cwnd=219105
Initialize per-instance NSCC parameters: flowid 56 _base_rtt=11685600 _base_bdp=146070 _bdp=146070 _min_cwnd=4150 _maxwnd=219105 _cwnd=219105
Initialize per-instance NSCC parameters: flowid 57 _base_rtt=11685600 _base_bdp=146070 _bdp=146070 _min_cwnd=4150 _maxwnd=219105 _cwnd=219105
Initialize per-instance NSCC parameters: flowid 58 _base_rtt=11685600 _base_bdp=146070 _bdp=146070 _min_cwnd=4150 _maxwnd=219105 _cwnd=219105
Initialize per-instance NSCC parameters: flowid 59 _base_rtt=11685600 _base_bdp=146070 _bdp=146070 _min_cwnd=4150 _maxwnd=219105 _cwnd=219105
Initialize per-instance NSCC parameters: flowid 60 _base_rtt=11685600 _base_bdp=146070 _bdp=146070 _min_cwnd=4150 _maxwnd=219105 _cwnd=219105
Initialize per-instance NSCC parameters: flowid 61 _base_rtt=11685600 _base_bdp=146070 _bdp=146070 _min_cwnd=4150 _maxwnd=219105 _cwnd=219105
Initialize per-instance NSCC parameters: flowid 62 _base_rtt=11685600 _base_bdp=146070 _bdp=146070 _min_cwnd=4150 _maxwnd=219105 _cwnd=219105
Initialize per-instance NSCC parameters: flowid 63 _base_rtt=11685600 _base_bdp=146070 _bdp=146070 _min_cwnd=4150 _maxwnd=219105 _cwnd=219105
Initialize per-instance NSCC parameters: flowid 64 _base_rtt=11685600 _base_bdp=146070 _bdp=146070 _min_cwnd=4150 _maxwnd=219105 _cwnd=219105
Initialize per-instance NSCC parameters: flowid 65 _base_rtt=11685600 _base_bdp=146070 _bdp=146070 _min_cwnd=4150 _maxwnd=219105 _cwnd=219105
Initialize per-instance NSCC parameters: flowid 66 _base_rtt=11685600 _base_bdp=146070 _bdp=146070 _min_cwnd=4150 _maxwnd=219105 _cwnd=219105
Initialize per-instance NSCC parameters: flowid 67 _base_rtt=11685600 _base_bdp=146070 _bdp=146070 _min_cwnd=4150 _maxwnd=219105 _cwnd=219105
Initialize per-instance NSCC parameters: flowid 68 _base_rtt=11685600 _base_bdp=146070 _bdp=146070 _min_cwnd=4150 _maxwnd=219105 _cwnd=219105
Initialize per-instance NSCC parameters: flowid 69 _base_rtt=11685600 _base_bdp=146070 _bdp=146070 _min_cwnd=4150 _maxwnd=219105 _cwnd=219105
Initialize per-instance NSCC parameters: flowid 70 _base_rtt=11685600 _base_bdp=146070 _bdp=146070 _min_cwnd=4150 _maxwnd=219105 _cwnd=219105
Initialize per-instance NSCC parameters: flowid 71 _base_rtt=11685600 _base_bdp=146070 _bdp=146070 _min_cwnd=4150 _maxwnd=219105 _cwnd=219105
Initialize per-instance NSCC parameters: flowid 72 _base_rtt=11685600 _base_bdp=146070 _bdp=146070 _min_cwnd=4150 _maxwnd=219105 _cwnd=219105
Initialize per-instance NSCC parameters: flowid 73 _base_rtt=11685600 _base_bdp=146070 _bdp=146070 _min_cwnd=4150 _maxwnd=219105 _cwnd=219105
Initialize per-instance NSCC parameters: flowid 74 _base_rtt=11685600 _base_bdp=146070 _bdp=146070 _min_cwnd=4150 _maxwnd=219105 _cwnd=219105
Initialize per-instance NSCC parameters: flowid 75 _base_rtt=11685600 _base_bdp=146070 _bdp=146070 _min_cwnd=4150 _maxwnd=219105 _cwnd=219105
Initialize per-instance NSCC parameters: flowid 76 _base_rtt=11685600 _base_bdp=146070 _bdp=146070 _min_cwnd=4150 _maxwnd=219105 _cwnd=219105
Initialize per-instance NSCC parameters: flowid 77 _base_rtt=11685600 _base_bdp=146070 _bdp=146070 _min_cwnd=4150 _maxwnd=219105 _cwnd=219105
Initialize per-instance NSCC parameters: flowid 78 _base_rtt=11685600 _base_bdp=146070 _bdp=146070 _min_cwnd=4150 _maxwnd=219105 _cwnd=219105
Initialize per-instance NSCC parameters: flowid 79 _base_rtt=11685600 _base_bdp=146070 _bdp=146070 _min_cwnd=4150 _maxwnd=219105 _cwnd=219105
Initialize per-instance NSCC parameters: flowid 80 _base_rtt=11685600 _base_bdp=146070 _bdp=146070 _min_cwnd=4150 _maxwnd=219105 _cwnd=219105
Initialize per-instance NSCC parameters: flowid 81 _base_rtt=11685600 _base_bdp=146070 _bdp=146070 _min_cwnd=4150 _maxwnd=219105 _cwnd=219105
Initialize per-instance NSCC parameters: flowid 82 _base_rtt=11685600 _base_bdp=146070 _bdp=146070 _min_cwnd=4150 _maxwnd=219105 _cwnd=219105
Initialize per-instance NSCC parameters: flowid 83 _base_rtt=11685600 _base_bdp=146070 _bdp=146070 _min_cwnd=4150 _maxwnd=219105 _cwnd=219105
Initialize per-instance NSCC parameters: flowid 84 _base_rtt=11685600 _base_bdp=146070 _bdp=146070 _min_cwnd=4150 _maxwnd=219105 _cwnd=219105
Initialize per-instance NSCC parameters: flowid 85 _base_rtt=11685600 _base_bdp=146070 _bdp=146070 _min_cwnd=4150 _maxwnd=219105 _cwnd=219105
Initialize per-instance NSCC parameters: flowid 86 _base_rtt=11685600 _base_bdp=146070 _bdp=146070 _min_cwnd=4150 _maxwnd=219105 _cwnd=219105
Initialize per-instance NSCC parameters: flowid 87 _base_rtt=11685600 _base_bdp=146070 _bdp=146070 _min_cwnd=4150 _maxwnd=219105 _cwnd=219105
Initialize per-instance NSCC parameters: flowid 88 _base_rtt=11685600 _base_bdp=146070 _bdp=146070 _min_cwnd=4150 _maxwnd=219105 _cwnd=219105
Initialize per-instance NSCC parameters: flowid 89 _base_rtt=11685600 _base_bdp=146070 _bdp=146070 _min_cwnd=4150 _maxwnd=219105 _cwnd=219105
Initialize per-instance NSCC parameters: flowid 90 _base_rtt=11685600 _base_bdp=146070 _bdp=146070 _min_cwnd=4150 _maxwnd=219105 _cwnd=219105
Initialize per-instance NSCC parameters: flowid 91 _base_rtt=11685600 _base_bdp=146070 _bdp=146070 _min_cwnd=4150 _maxwnd=219105 _cwnd=219105
Initialize per-instance NSCC parameters: flowid 92 _base_rtt=11685600 _base_bdp=146070 _bdp=146070 _min_cwnd=4150 _maxwnd=219105 _cwnd=219105
Initialize per-instance NSCC parameters: flowid 93 _base_rtt=11685600 _base_bdp=146070 _bdp=146070 _min_cwnd=4150 _maxwnd=219105 _cwnd=219105
Initialize per-instance NSCC parameters: flowid 94 _base_rtt=11685600 _base_bdp=146070 _bdp=146070 _min_cwnd=4150 _maxwnd=219105 _cwnd=219105
Initialize per-instance NSCC parameters: flowid 95 _base_rtt=11685600 _base_bdp=146070 _bdp=146070 _min_cwnd=4150 _maxwnd=219105 _cwnd=219105
Initialize per-instance NSCC parameters: flowid 96 _base_rtt=11685600 _base_bdp=146070 _bdp=146070 _min_cwnd=4150 _maxwnd=219105 _cwnd=219105
Initialize per-instance NSCC parameters: flowid 97 _base_rtt=11685600 _base_bdp=146070 _bdp=146070 _min_cwnd=4150 _maxwnd=219105 _cwnd=219105
Initialize per-instance NSCC parameters: flowid 98 _base_rtt=11685600 _base_bdp=146070 _bdp=146070 _min_cwnd=4150 _maxwnd=219105 _cwnd=219105
Initialize per-instance NSCC parameters: flowid 99 _base_rtt=11685600 _base_bdp=146070 _bdp=146070 _min_cwnd=4150 _maxwnd=219105 _cwnd=219105
Initialize per-instance NSCC parameters: flowid 100 _base_rtt=11685600 _base_bdp=146070 _bdp=146070 _min_cwnd=4150 _maxwnd=219105 _cwnd=219105
Initialize per-instance NSCC parameters: flowid 101 _base_rtt=11685600 _base_bdp=146070 _bdp=146070 _min_cwnd=4150 _maxwnd=219105 _cwnd=219105
Initialize per-instance NSCC parameters: flowid 102 _base_rtt=11685600 _base_bdp=146070 _bdp=146070 _min_cwnd=4150 _maxwnd=219105 _cwnd=219105
Initialize per-instance NSCC parameters: flowid 103 _base_rtt=11685600 _base_bdp=146070 _bdp=146070 _min_cwnd=4150 _maxwnd=219105 _cwnd=219105
Initialize per-instance NSCC parameters: flowid 104 _base_rtt=11685600 _base_bdp=146070 _bdp=146070 _min_cwnd=4150 _maxwnd=219105 _cwnd=219105
Initialize per-instance NSCC parameters: flowid 105 _base_rtt=11685600 _base_bdp=146070 _bdp=146070 _min_cwnd=4150 _maxwnd=219105 _cwnd=219105
Initialize per-instance NSCC parameters: flowid 106 _base_rtt=11685600 _base_bdp=146070 _bdp=146070 _min_cwnd=4150 _maxwnd=219105 _cwnd=219105
Initialize per-instance NSCC parameters: flowid 107 _base_rtt=11685600 _base_bdp=146070 _bdp=146070 _min_cwnd=4150 _maxwnd=219105 _cwnd=219105
Initialize per-instance NSCC parameters: flowid 108 _base_rtt=11685600 _base_bdp=146070 _bdp=146070 _min_cwnd=4150 _maxwnd=219105 _cwnd=219105
Initialize per-instance NSCC parameters: flowid 109 _base_rtt=11685600 _base_bdp=146070 _bdp=146070 _min_cwnd=4150 _maxwnd=219105 _cwnd=219105
Initialize per-instance NSCC parameters: flowid 110 _base_rtt=11685600 _base_bdp=146070 _bdp=146070 _min_cwnd=4150 _maxwnd=219105 _cwnd=219105
Initialize per-instance NSCC parameters: flowid 111 _base_rtt=11685600 _base_bdp=146070 _bdp=146070 _min_cwnd=4150 _maxwnd=219105 _cwnd=219105
Initialize per-instance NSCC parameters: flowid 112 _base_rtt=11685600 _base_bdp=146070 _bdp=146070 _min_cwnd=4150 _maxwnd=219105 _cwnd=219105
Initialize per-instance NSCC parameters: flowid 113 _base_rtt=11685600 _base_bdp=146070 _bdp=146070 _min_cwnd=4150 _maxwnd=219105 _cwnd=219105
Initialize per-instance NSCC parameters: flowid 114 _base_rtt=11685600 _base_bdp=146070 _bdp=146070 _min_cwnd=4150 _maxwnd=219105 _cwnd=219105
Initialize per-instance NSCC parameters: flowid 115 _base_rtt=11685600 _base_bdp=146070 _bdp=146070 _min_cwnd=4150 _maxwnd=219105 _cwnd=219105
Initialize per-instance NSCC parameters: flowid 116 _base_rtt=11685600 _base_bdp=146070 _bdp=146070 _min_cwnd=4150 _maxwnd=219105 _cwnd=219105
Initialize per-instance NSCC parameters: flowid 117 _base_rtt=11685600 _base_bdp=146070 _bdp=146070 _min_cwnd=4150 _maxwnd=219105 _cwnd=219105
Initialize per-instance NSCC parameters: flowid 118 _base_rtt=11685600 _base_bdp=146070 _bdp=146070 _min_cwnd=4150 _maxwnd=219105 _cwnd=219105
Initialize per-instance NSCC parameters: flowid 119 _base_rtt=11685600 _base_bdp=146070 _bdp=146070 _min_cwnd=4150 _maxwnd=219105 _cwnd=219105
Initialize per-instance NSCC parameters: flowid 120 _base_rtt=11685600 _base_bdp=146070 _bdp=146070 _min_cwnd=4150 _maxwnd=219105 _cwnd=219105
Initialize per-instance NSCC parameters: flowid 121 _base_rtt=11685600 _base_bdp=146070 _bdp=146070 _min_cwnd=4150 _maxwnd=219105 _cwnd=219105
Initialize per-instance NSCC parameters: flowid 122 _base_rtt=11685600 _base_bdp=146070 _bdp=146070 _min_cwnd=4150 _maxwnd=219105 _cwnd=219105
Initialize per-instance NSCC parameters: flowid 123 _base_rtt=11685600 _base_bdp=146070 _bdp=146070 _min_cwnd=4150 _maxwnd=219105 _cwnd=219105
Initialize per-instance NSCC parameters: flowid 124 _base_rtt=11685600 _base_bdp=146070 _bdp=146070 _min_cwnd=4150 _maxwnd=219105 _cwnd=219105
Initialize per-instance NSCC parameters: flowid 125 _base_rtt=11685600 _base_bdp=146070 _bdp=146070 _min_cwnd=4150 _maxwnd=219105 _cwnd=219105
Initialize per-instance NSCC parameters: flowid 126 _base_rtt=11685600 _base_bdp=146070 _bdp=146070 _min_cwnd=4150 _maxwnd=219105 _cwnd=219105
Initialize per-instance NSCC parameters: flowid 127 _base_rtt=11685600 _base_bdp=146070 _bdp=146070 _min_cwnd=4150 _maxwnd=219105 _cwnd=219105
Initialize per-instance NSCC parameters: flowid 128 _base_rtt=11685600 _base_bdp=146070 _bdp=146070 _min_cwnd=4150 _maxwnd=219105 _cwnd=219105
Initialize per-instance NSCC parameters: flowid 129 _base_rtt=11685600 _base_bdp=146070 _bdp=146070 _min_cwnd=4150 _maxwnd=219105 _cwnd=219105
Initialize per-instance NSCC parameters: flowid 130 _base_rtt=11685600 _base_bdp=146070 _bdp=146070 _min_cwnd=4150 _maxwnd=219105 _cwnd=219105
Initialize per-instance NSCC parameters: flowid 131 _base_rtt=11685600 _base_bdp=146070 _bdp=146070 _min_cwnd=4150 _maxwnd=219105 _cwnd=219105
Initialize per-instance NSCC parameters: flowid 132 _base_rtt=11685600 _base_bdp=146070 _bdp=146070 _min_cwnd=4150 _maxwnd=219105 _cwnd=219105
Initialize per-instance NSCC parameters: flowid 133 _base_rtt=11685600 _base_bdp=146070 _bdp=146070 _min_cwnd=4150 _maxwnd=219105 _cwnd=219105
Initialize per-instance NSCC parameters: flowid 134 _base_rtt=11685600 _base_bdp=146070 _bdp=146070 _min_cwnd=4150 _maxwnd=219105 _cwnd=219105
Initialize per-instance NSCC parameters: flowid 135 _base_rtt=11685600 _base_bdp=146070 _bdp=146070 _min_cwnd=4150 _maxwnd=219105 _cwnd=219105
Initialize per-instance NSCC parameters: flowid 136 _base_rtt=11685600 _base_bdp=146070 _bdp=146070 _min_cwnd=4150 _maxwnd=219105 _cwnd=219105
Initialize per-instance NSCC parameters: flowid 137 _base_rtt=11685600 _base_bdp=146070 _bdp=146070 _min_cwnd=4150 _maxwnd=219105 _cwnd=219105
Initialize per-instance NSCC parameters: flowid 138 _base_rtt=11685600 _base_bdp=146070 _bdp=146070 _min_cwnd=4150 _maxwnd=219105 _cwnd=219105
Initialize per-instance NSCC parameters: flowid 139 _base_rtt=11685600 _base_bdp=146070 _bdp=146070 _min_cwnd=4150 _maxwnd=219105 _cwnd=219105
Initialize per-instance NSCC parameters: flowid 140 _base_rtt=11685600 _base_bdp=146070 _bdp=146070 _min_cwnd=4150 _maxwnd=219105 _cwnd=219105
Initialize per-instance NSCC parameters: flowid 141 _base_rtt=11685600 _base_bdp=146070 _bdp=146070 _min_cwnd=4150 _maxwnd=219105 _cwnd=219105
Initialize per-instance NSCC parameters: flowid 142 _base_rtt=11685600 _base_bdp=146070 _bdp=146070 _min_cwnd=4150 _maxwnd=219105 _cwnd=219105
Initialize per-instance NSCC parameters: flowid 143 _base_rtt=11685600 _base_bdp=146070 _bdp=146070 _min_cwnd=4150 _maxwnd=219105 _cwnd=219105
Initialize per-instance NSCC parameters: flowid 144 _base_rtt=11685600 _base_bdp=146070 _bdp=146070 _min_cwnd=4150 _maxwnd=219105 _cwnd=219105
Starting simulation
Flow Uec_22_271 flowId 1 uecSrc 0 starting at 0
Flow Uec_242_475 flowId 2 uecSrc 1 starting at 0
Flow Uec_505_163 flowId 3 uecSrc 2 starting at 0
Flow Uec_420_86 flowId 4 uecSrc 3 starting at 0
Flow Uec_27_279 flowId 5 uecSrc 4 starting at 0
Flow Uec_423_125 flowId 6 uecSrc 5 starting at 0
Flow Uec_294_572 flowId 7 uecSrc 6 starting at 0
Flow Uec_419_127 flowId 8 uecSrc 7 starting at 0
Flow Uec_440_64 flowId 9 uecSrc 8 starting at 0
Flow Uec_234_476 flowId 10 uecSrc 9 starting at 0
Flow Uec_567_242 flowId 11 uecSrc 10 starting at 0
Flow Uec_96_321 flowId 12 uecSrc 11 starting at 0
Flow Uec_245_480 flowId 13 uecSrc 12 starting at 0
Flow Uec_2_308 flowId 14 uecSrc 13 starting at 0
Flow Uec_76_360 flowId 15 uecSrc 14 starting at 0
Flow Uec_56_263 flowId 16 uecSrc 15 starting at 0
Flow Uec_556_238 flowId 17 uecSrc 16 starting at 0
Flow Uec_115_335 flowId 18 uecSrc 17 starting at 0
Flow Uec_58_260 flowId 19 uecSrc 18 starting at 0
Flow Uec_471_138 flowId 20 uecSrc 19 starting at 0
Flow Uec_213_489 flowId 21 uecSrc 20 starting at 0
Flow Uec_548_197 flowId 22 uecSrc 21 starting at 0
Flow Uec_563_248 flowId 23 uecSrc 22 starting at 0
Flow Uec_19_267 flowId 24 uecSrc 23 starting at 0
Flow Uec_171_405 flowId 25 uecSrc 24 starting at 0
Flow Uec_500_129 flowId 26 uecSrc 25 starting at 0
Flow Uec_78_368 flowId 27 uecSrc 26 starting at 0
Flow Uec_390_96 flowId 28 uecSrc 27 starting at 0
Flow Uec_183_396 flowId 29 uecSrc 28 starting at 0
Flow Uec_268_528 flowId 30 uecSrc 29 starting at 0
Flow Uec_100_353 flowId 31 uecSrc 30 starting at 0
Flow Uec_289_529 flowId 32 uecSrc 31 starting at 0
Flow Uec_341_13 flowId 33 uecSrc 32 starting at 0
Flow Uec_153_434 flowId 34 uecSrc 33 starting at 0
Flow Uec_542_234 flowId 35 uecSrc 34 starting at 0
Flow Uec_351_59 flowId 36 uecSrc 35 starting at 0
Flow Uec_243_486 flowId 37 uecSrc 36 starting at 0
Flow Uec_39_270 flowId 38 uecSrc 37 starting at 0
Flow Uec_323_15 flowId 39 uecSrc 38 starting at 0
Flow Uec_111_362 flowId 40 uecSrc 39 starting at 0
Flow Uec_552_254 flowId 41 uecSrc 40 starting at 0
Flow Uec_72_324 flowId 42 uecSrc 41 starting at 0
Flow Uec_354_60 flowId 43 uecSrc 42 starting at 0
Flow Uec_147_436 flowId 44 uecSrc 43 starting at 0
Flow Uec_29_299 flowId 45 uecSrc 44 starting at 0
Flow Uec_202_456 flowId 46 uecSrc 45 starting at 0
Flow Uec_186_407 flowId 47 uecSrc 46 starting at 0
Flow Uec_286_541 flowId 48 uecSrc 47 starting at 0
Flow Uec_409_119 flowId 49 uecSrc 48 starting at 0
Flow Uec_36_276 flowId 50 uecSrc 49 starting at 0
Flow Uec_197_503 flowId 51 uecSrc 50 starting at 0
Flow Uec_343_28 flowId 52 uecSrc 51 starting at 0
Flow Uec_543_212 flowId 53 uecSrc 52 starting at 0
Flow Uec_46_257 flowId 54 uecSrc 53 starting at 0
Flow Uec_187_439 flowId 55 uecSrc 54 starting at 0
Flow Uec_531_230 flowId 56 uecSrc 55 starting at 0
Flow Uec_295_558 flowId 57 uecSrc 56 starting at 0
Flow Uec_553_209 flowId 58 uecSrc 57 starting at 0
Flow Uec_472_180 flowId 59 uecSrc 58 starting at 0
Flow Uec_139_412 flowId 60 uecSrc 59 starting at 0
Flow Uec_117_322 flowId 61 uecSrc 60 starting at 0
Flow Uec_571_202 flowId 62 uecSrc 61 starting at 0
Flow Uec_475_173 flowId 63 uecSrc 62 starting at 0
Flow Uec_540_226 flowId 64 uecSrc 63 starting at 0
Flow Uec_495_150 flowId 65 uecSrc 64 starting at 0
Flow Uec_480_171 flowId 66 uecSrc 65 starting at 0
Flow Uec_484_172 flowId 67 uecSrc 66 starting at 0
Flow Uec_395_99 flowId 68 uecSrc 67 starting at 0
Flow Uec_566_233 flowId 69 uecSrc 68 starting at 0
Flow Uec_146_441 flowId 70 uecSrc 69 starting at 0
Flow Uec_432_115 flowId 71 uecSrc 70 starting at 0
Flow Uec_319_556 flowId 72 uecSrc 71 starting at 0
Flow Uec_547_206 flowId 73 uecSrc 72 starting at 0
Flow Uec_315_555 flowId 74 uecSrc 73 starting at 0
Flow Uec_237_457 flowId 75 uecSrc 74 starting at 0
Flow Uec_335_40 flowId 76 uecSrc 75 starting at 0
Flow Uec_176_384 flowId 77 uecSrc 76 starting at 0
Flow Uec_344_53 flowId 78 uecSrc 77 starting at 0
Flow Uec_112_346 flowId 79 uecSrc 78 starting at 0
Flow Uec_558_200 flowId 80 uecSrc 79 starting at 0
Flow Uec_272_535 flowId 81 uecSrc 80 starting at 0
Flow Uec_124_376 flowId 82 uecSrc 81 starting at 0
Flow Uec_360_5 flowId 83 uecSrc 82 starting at 0
Flow Uec_559_229 flowId 84 uecSrc 83 starting at 0
Flow Uec_215_504 flowId 85 uecSrc 84 starting at 0
Flow Uec_479_177 flowId 86 uecSrc 85 starting at 0
Flow Uec_478_190 flowId 87 uecSrc 86 starting at 0
Flow Uec_160_388 flowId 88 uecSrc 87 starting at 0
Flow Uec_298_559 flowId 89 uecSrc 88 starting at 0
Flow Uec_192_506 flowId 90 uecSrc 89 starting at 0
Flow Uec_240_462 flowId 91 uecSrc 90 starting at 0
Flow Uec_453_191 flowId 92 uecSrc 91 starting at 0
Flow Uec_67_356 flowId 93 uecSrc 92 starting at 0
Flow Uec_515_196 flowId 94 uecSrc 93 starting at 0
Flow Uec_541_220 flowId 95 uecSrc 94 starting at 0
Flow Uec_214_488 flowId 96 uecSrc 95 starting at 0
Flow Uec_149_445 flowId 97 uecSrc 96 starting at 0
Flow Uec_61_310 flowId 98 uecSrc 97 starting at 0
Flow Uec_74_354 flowId 99 uecSrc 98 starting at 0
Flow Uec_260_560 flowId 100 uecSrc 99 starting at 0
Flow Uec_429_117 flowId 101 uecSrc 100 starting at 0
Flow Uec_43_294 flowId 102 uecSrc 101 starting at 0
Flow Uec_42_256 flowId 103 uecSrc 102 starting at 0
Flow Uec_26_288 flowId 104 uecSrc 103 starting at 0
Flow Uec_265_526 flowId 105 uecSrc 104 starting at 0
Flow Uec_130_446 flowId 106 uecSrc 105 starting at 0
Flow Uec_573_245 flowId 107 uecSrc 106 starting at 0
Flow Uec_107_363 flowId 108 uecSrc 107 starting at 0
Flow Uec_250_460 flowId 109 uecSrc 108 starting at 0
Flow Uec_497_146 flowId 110 uecSrc 109 starting at 0
Flow Uec_463_182 flowId 111 uecSrc 110 starting at 0
Flow Uec_510_179 flowId 112 uecSrc 111 starting at 0
Flow Uec_522_211 flowId 113 uecSrc 112 starting at 0
Flow Uec_220_500 flowId 114 uecSrc 113 starting at 0
Flow Uec_554_250 flowId 115 uecSrc 114 starting at 0
Flow Uec_241_449 flowId 116 uecSrc 115 starting at 0
Flow Uec_489_148 flowId 117 uecSrc 116 starting at 0
Flow Uec_572_213 flowId 118 uecSrc 117 starting at 0
Flow Uec_16_300 flowId 119 uecSrc 118 starting at 0
Flow Uec_244_461 flowId 120 uecSrc 119 starting at 0
Flow Uec_233_501 flowId 121 uecSrc 120 starting at 0
Flow Uec_454_140 flowId 122 uecSrc 121 starting at 0
Flow Uec_93_329 flowId 123 uecSrc 122 starting at 0
Flow Uec_198_470 flowId 124 uecSrc 123 starting at 0
Flow Uec_483_164 flowId 125 uecSrc 124 starting at 0
Flow Uec_201_459 flowId 126 uecSrc 125 starting at 0
Flow Uec_530_240 flowId 127 uecSrc 126 starting at 0
Flow Uec_212_492 flowId 128 uecSrc 127 starting at 0
Flow Uec_561_236 flowId 129 uecSrc 128 starting at 0
Flow Uec_444_105 flowId 130 uecSrc 129 starting at 0
Flow Uec_157_432 flowId 131 uecSrc 130 starting at 0
Flow Uec_238_473 flowId 132 uecSrc 131 starting at 0
Flow Uec_486_139 flowId 133 uecSrc 132 starting at 0
Flow Uec_493_158 flowId 134 uecSrc 133 starting at 0
Flow Uec_189_387 flowId 135 uecSrc 134 starting at 0
Flow Uec_439_114 flowId 136 uecSrc 135 starting at 0
Flow Uec_167_398 flowId 137 uecSrc 136 starting at 0
Flow Uec_277_514 flowId 138 uecSrc 137 starting at 0
Flow Uec_8_258 flowId 139 uecSrc 138 starting at 0
Flow Uec_136_401 flowId 140 uecSrc 139 starting at 0
Flow Uec_32_298 flowId 141 uecSrc 140 starting at 0
Flow Uec_355_34 flowId 142 uecSrc 141 starting at 0
Flow Uec_80_383 flowId 143 uecSrc 142 starting at 0
Flow Uec_339_33 flowId 144 uecSrc 143 starting at 0
Flow Uec_277_514 flowId 138 uecSrc 137 finished at 823.887 total messages 1 total packets 2448 RTS 0 total bytes 10002528 in_flight now 0 fair_inc 0 prop_inc 10563 fast_inc 2422974 eta_inc 39932 multi_dec -0 quick_dec -0 nack_dec -0
Flow Uec_420_86 flowId 4 uecSrc 3 finished at 824.551 total messages 1 total packets 2448 RTS 0 total bytes 10002528 in_flight now 0 fair_inc 0 prop_inc 10642 fast_inc 2422974 eta_inc 40528 multi_dec -0 quick_dec -0 nack_dec -0
Flow Uec_440_64 flowId 9 uecSrc 8 finished at 825.239 total messages 1 total packets 2448 RTS 0 total bytes 10002528 in_flight now 0 fair_inc 0 prop_inc 384183 fast_inc 371772 eta_inc 40528 multi_dec -0 quick_dec -0 nack_dec -0
Flow Uec_343_28 flowId 52 uecSrc 51 finished at 825.547 total messages 1 total packets 2448 RTS 0 total bytes 10002528 in_flight now 0 fair_inc 0 prop_inc 429563 fast_inc 0 eta_inc 39932 multi_dec -0 quick_dec -0 nack_dec -0
Flow Uec_189_387 flowId 135 uecSrc 134 finished at 825.547 total messages 1 total packets 2448 RTS 0 total bytes 10002528 in_flight now 0 fair_inc 0 prop_inc 431913 fast_inc 0 eta_inc 40528 multi_dec -0 quick_dec -0 nack_dec -0
Flow Uec_124_376 flowId 82 uecSrc 81 finished at 825.551 total messages 1 total packets 2448 RTS 0 total bytes 10002528 in_flight now 0 fair_inc 0 prop_inc 421840 fast_inc 0 eta_inc 39932 multi_dec -0 quick_dec -0 nack_dec -0
Flow Uec_344_53 flowId 78 uecSrc 77 finished at 825.552 total messages 1 total packets 2448 RTS 0 total bytes 10002528 in_flight now 0 fair_inc 0 prop_inc 425151 fast_inc 0 eta_inc 39336 multi_dec -0 quick_dec -0 nack_dec -0
Flow Uec_395_99 flowId 68 uecSrc 67 finished at 825.583 total messages 1 total packets 2448 RTS 0 total bytes 10002528 in_flight now 0 fair_inc 0 prop_inc 428240 fast_inc 0 eta_inc 40528 multi_dec -0 quick_dec -0 nack_dec -0
Flow Uec_323_15 flowId 39 uecSrc 38 finished at 825.839 total messages 1 total packets 2448 RTS 0 total bytes 10002528 in_flight now 0 fair_inc 0 prop_inc 415534 fast_inc 0 eta_inc 39932 multi_dec -0 quick_dec -0 nack_dec -0
Flow Uec_341_13 flowId 33 uecSrc 32 finished at 825.879 total messages 1 total packets 2448 RTS 0 total bytes 10002528 in_flight now 0 fair_inc 0 prop_inc 412401 fast_inc 0 eta_inc 40528 multi_dec -0 quick_dec -0 nack_dec -0
Flow Uec_27_279 flowId 5 uecSrc 4 finished at 825.879 total messages 1 total packets 2448 RTS 0 total bytes 10002528 in_flight now 0 fair_inc 0 prop_inc 410672 fast_inc 0 eta_inc 40528 multi_dec -0 quick_dec -0 nack_dec -0
Flow Uec_419_127 flowId 8 uecSrc 7 finished at 825.883 total messages 1 total packets 2448 RTS 0 total bytes 10002528 in_flight now 0 fair_inc 0 prop_inc 403244 fast_inc 0 eta_inc 39932 multi_dec -0 quick_dec -0 nack_dec -0
Flow Uec_36_276 flowId 50 uecSrc 49 finished at 825.883 total messages 1 total packets 2448 RTS 0 total bytes 10002528 in_flight now 0 fair_inc 0 prop_inc 409233 fast_inc 0 eta_inc 40528 multi_dec -0 quick_dec -0 nack_dec -0
Flow Uec_479_177 flowId 86 uecSrc 85 finished at 825.883 total messages 1 total packets 2448 RTS 0 total bytes 10002528 in_flight now 0 fair_inc 0 prop_inc 396554 fast_inc 0 eta_inc 39932 multi_dec -0 quick_dec -0 nack_dec -0
Flow Uec_265_526 flowId 105 uecSrc 104 finished at 825.883 total messages 1 total packets 2448 RTS 0 total bytes 10002528 in_flight now 0 fair_inc 0 prop_inc 401786 fast_inc 0 eta_inc 39336 multi_dec -0 quick_dec -0 nack_dec -0
Flow Uec_29_299 flowId 45 uecSrc 44 finished at 825.884 total messages 1 total packets 2448 RTS 0 total bytes 10002528 in_flight now 0 fair_inc 0 prop_inc 408197 fast_inc 0 eta_inc 40528 multi_dec -0 quick_dec -0 nack_dec -0
Flow Uec_198_470 flowId 124 uecSrc 123 finished at 826.096 total messages 1 total packets 2448 RTS 0 total bytes 10002528 in_flight now 0 fair_inc 0 prop_inc 398359 fast_inc 0 eta_inc 40528 multi_dec -0 quick_dec -0 nack_dec -0
Flow Uec_153_434 flowId 34 uecSrc 33 finished at 826.211 total messages 1 total packets 2448 RTS 0 total bytes 10002528 in_flight now 0 fair_inc 0 prop_inc 413991 fast_inc 0 eta_inc 40528 multi_dec -0 quick_dec -0 nack_dec -0
Flow Uec_42_256 flowId 103 uecSrc 102 finished at 826.211 total messages 1 total packets 2448 RTS 0 total bytes 10002528 in_flight now 0 fair_inc 0 prop_inc 370635 fast_inc 0 eta_inc 39932 multi_dec -0 quick_dec -0 nack_dec -0
Flow Uec_80_383 flowId 143 uecSrc 142 finished at 826.215 total messages 1 total packets 2448 RTS 0 total bytes 10002528 in_flight now 0 fair_inc 0 prop_inc 391198 fast_inc 0 eta_inc 41124 multi_dec -0 quick_dec -0 nack_dec -0
Flow Uec_112_346 flowId 79 uecSrc 78 finished at 826.215 total messages 1 total packets 2448 RTS 0 total bytes 10002528 in_flight now 0 fair_inc 0 prop_inc 391576 fast_inc 0 eta_inc 40528 multi_dec -0 quick_dec -0 nack_dec -0
Flow Uec_563_248 flowId 23 uecSrc 22 finished at 826.215 total messages 1 total packets 2448 RTS 0 total bytes 10002528 in_flight now 0 fair_inc 0 prop_inc 406720 fast_inc 0 eta_inc 40528 multi_dec -0 quick_dec -0 nack_dec -0
Flow Uec_2_308 flowId 14 uecSrc 13 finished at 826.222 total messages 1 total packets 2448 RTS 0 total bytes 10002528 in_flight now 0 fair_inc 0 prop_inc 387567 fast_inc 0 eta_inc 39932 multi_dec -0 quick_dec -0 nack_dec -0
Flow Uec_61_310 flowId 98 uecSrc 97 finished at 826.506 total messages 1 total packets 2448 RTS 0 total bytes 10002528 in_flight now 0 fair_inc 0 prop_inc 383945 fast_inc 0 eta_inc 39932 multi_dec -0 quick_dec -0 nack_dec -0
Flow Uec_214_488 flowId 96 uecSrc 95 finished at 826.543 total messages 1 total packets 2448 RTS 0 total bytes 10002528 in_flight now 0 fair_inc 0 prop_inc 354078 fast_inc 0 eta_inc 39932 multi_dec -0 quick_dec -0 nack_dec -0
Flow Uec_167_398 flowId 137 uecSrc 136 finished at 826.548 total messages 1 total packets 2448 RTS 0 total bytes 10002528 in_flight now 0 fair_inc 0 prop_inc 386918 fast_inc 0 eta_inc 39932 multi_dec -0 quick_dec -0 nack_dec -0
Flow Uec_315_555 flowId 74 uecSrc 73 finished at 826.638 total messages 1 total packets 2448 RTS 0 total bytes 10002528 in_flight now 0 fair_inc 0 prop_inc 402435 fast_inc 0 eta_inc 40528 multi_dec -0 quick_dec -0 nack_dec -0
Flow Uec_478_190 flowId 87 uecSrc 86 finished at 826.697 total messages 1 total packets 2448 RTS 0 total bytes 10002528 in_flight now 0 fair_inc 0 prop_inc 355848 fast_inc 0 eta_inc 40528 multi_dec -0 quick_dec -0 nack_dec -0
Flow Uec_493_158 flowId 134 uecSrc 133 finished at 826.875 total messages 1 total packets 2448 RTS 0 total bytes 10002528 in_flight now 0 fair_inc 0 prop_inc 362983 fast_inc 0 eta_inc 39932 multi_dec -0 quick_dec -0 nack_dec -0
Flow Uec_78_368 flowId 27 uecSrc 26 finished at 826.88 total messages 1 total packets 2448 RTS 0 total bytes 10002528 in_flight now 0 fair_inc 0 prop_inc 352281 fast_inc 0 eta_inc 41124 multi_dec -0 quick_dec -0 nack_dec -0
Flow Uec_439_114 flowId 136 uecSrc 135 finished at 827 total messages 1 total packets 2448 RTS 0 total bytes 10002528 in_flight now 0 fair_inc 0 prop_inc 10210 fast_inc 2422974 eta_inc 39932 multi_dec -0 quick_dec -0 nack_dec -0
Flow Uec_423_125 flowId 6 uecSrc 5 finished at 827.005 total messages 1 total packets 2448 RTS 0 total bytes 10002528 in_flight now 0 fair_inc 0 prop_inc 283139 fast_inc 755667 eta_inc 40528 multi_dec -0 quick_dec -0 nack_dec -0
Flow Uec_183_396 flowId 29 uecSrc 28 finished at 827.207 total messages 1 total packets 2448 RTS 0 total bytes 10002528 in_flight now 0 fair_inc 0 prop_inc 340864 fast_inc 0 eta_inc 40528 multi_dec -0 quick_dec -0 nack_dec -0
Flow Uec_147_436 flowId 44 uecSrc 43 finished at 827.212 total messages 1 total packets 2448 RTS 0 total bytes 10002528 in_flight now 0 fair_inc 0 prop_inc 345529 fast_inc 0 eta_inc 39932 multi_dec -0 quick_dec -0 nack_dec -0
Flow Uec_552_254 flowId 41 uecSrc 40 finished at 827.349 total messages 1 total packets 2448 RTS 0 total bytes 10002528 in_flight now 0 fair_inc 0 prop_inc 342187 fast_inc 0 eta_inc 39336 multi_dec -0 quick_dec -0 nack_dec -0
Flow Uec_107_363 flowId 108 uecSrc 107 finished at 827.539 total messages 1 total packets 2448 RTS 0 total bytes 10002528 in_flight now 0 fair_inc 0 prop_inc 313174 fast_inc 0 eta_inc 41124 multi_dec -0 quick_dec -0 nack_dec -0
Flow Uec_289_529 flowId 32 uecSrc 31 finished at 827.637 total messages 1 total packets 2448 RTS 0 total bytes 10002528 in_flight now 0 fair_inc 0 prop_inc 347394 fast_inc 250542 eta_inc 40528 multi_dec -0 quick_dec -0 nack_dec -0
Flow Uec_483_164 flowId 125 uecSrc 124 finished at 827.8 total messages 1 total packets 2448 RTS 0 total bytes 10002528 in_flight now 0 fair_inc 1490 prop_inc 296723 fast_inc 0 eta_inc 41124 multi_dec -0 quick_dec -0 nack_dec -0
Flow Uec_390_96 flowId 28 uecSrc 27 finished at 827.82 total messages 1 total packets 2448 RTS 0 total bytes 10002528 in_flight now 0 fair_inc 0 prop_inc 340921 fast_inc 230337 eta_inc 39932 multi_dec -0 quick_dec -0 nack_dec -0
Flow Uec_294_572 flowId 7 uecSrc 6 finished at 828.109 total messages 1 total packets 2448 RTS 0 total bytes 10002528 in_flight now 0 fair_inc 0 prop_inc 272833 fast_inc 1095111 eta_inc 39932 multi_dec -0 quick_dec -0 nack_dec -0
Flow Uec_19_267 flowId 24 uecSrc 23 finished at 828.203 total messages 1 total packets 2448 RTS 0 total bytes 10002528 in_flight now 0 fair_inc 1496 prop_inc 280526 fast_inc 0 eta_inc 39932 multi_dec -0 quick_dec -0 nack_dec -0
Flow Uec_46_257 flowId 54 uecSrc 53 finished at 828.207 total messages 1 total packets 2448 RTS 0 total bytes 10002528 in_flight now 0 fair_inc 0 prop_inc 277679 fast_inc 0 eta_inc 39336 multi_dec -0 quick_dec -0 nack_dec -0
Flow Uec_146_441 flowId 70 uecSrc 69 finished at 828.535 total messages 1 total packets 2448 RTS 0 total bytes 10002528 in_flight now 0 fair_inc 0 prop_inc 403217 fast_inc 0 eta_inc 39932 multi_dec -0 quick_dec -0 nack_dec -0
Flow Uec_489_148 flowId 117 uecSrc 116 finished at 828.535 total messages 1 total packets 2448 RTS 0 total bytes 10002528 in_flight now 0 fair_inc 0 prop_inc 423006 fast_inc 0 eta_inc 39336 multi_dec -0 quick_dec -0 nack_dec -0
Flow Uec_495_150 flowId 65 uecSrc 64 finished at 828.664 total messages 1 total packets 2448 RTS 0 total bytes 10002528 in_flight now 0 fair_inc 0 prop_inc 319889 fast_inc 0 eta_inc 39932 multi_dec -0 quick_dec -0 nack_dec -0
Flow Uec_432_115 flowId 71 uecSrc 70 finished at 828.668 total messages 1 total packets 2448 RTS 0 total bytes 10002528 in_flight now 0 fair_inc 0 prop_inc 400237 fast_inc 0 eta_inc 38740 multi_dec -0 quick_dec -0 nack_dec -0
Flow Uec_93_329 flowId 123 uecSrc 122 finished at 828.747 total messages 1 total packets 2448 RTS 0 total bytes 10002528 in_flight now 0 fair_inc 0 prop_inc 324745 fast_inc 0 eta_inc 40528 multi_dec -0 quick_dec -0 nack_dec -0
Flow Uec_187_439 flowId 55 uecSrc 54 finished at 828.986 total messages 1 total packets 2448 RTS 0 total bytes 10002528 in_flight now 0 fair_inc 0 prop_inc 322831 fast_inc 0 eta_inc 39336 multi_dec -0 quick_dec -0 nack_dec -0
Flow Uec_497_146 flowId 110 uecSrc 109 finished at 828.987 total messages 1 total packets 2448 RTS 0 total bytes 10002528 in_flight now 0 fair_inc 0 prop_inc 317214 fast_inc 0 eta_inc 39932 multi_dec -0 quick_dec -0 nack_dec -0
Flow Uec_335_40 flowId 76 uecSrc 75 finished at 829.003 total messages 1 total packets 2448 RTS 0 total bytes 10002528 in_flight now 0 fair_inc 0 prop_inc 387349 fast_inc 0 eta_inc 39336 multi_dec -0 quick_dec -0 nack_dec -0
Flow Uec_22_271 flowId 1 uecSrc 0 finished at 829.075 total messages 1 total packets 2448 RTS 0 total bytes 10002528 in_flight now 0 fair_inc 27198 prop_inc 267614 fast_inc 0 eta_inc 39336 multi_dec -0 quick_dec -0 nack_dec -0
Flow Uec_286_541 flowId 48 uecSrc 47 finished at 829.115 total messages 1 total packets 2448 RTS 0 total bytes 10002528 in_flight now 0 fair_inc 0 prop_inc 319900 fast_inc 0 eta_inc 39932 multi_dec -0 quick_dec -0 nack_dec -0
Flow Uec_157_432 flowId 131 uecSrc 130 finished at 829.329 total messages 1 total packets 2448 RTS 0 total bytes 10002528 in_flight now 0 fair_inc 0 prop_inc 298525 fast_inc 0 eta_inc 39932 multi_dec -0 quick_dec -0 nack_dec -0
Flow Uec_295_558 flowId 57 uecSrc 56 finished at 829.436 total messages 1 total packets 2448 RTS 0 total bytes 10002528 in_flight now 0 fair_inc 0 prop_inc 301051 fast_inc 0 eta_inc 39336 multi_dec -0 quick_dec -0 nack_dec -0
Flow Uec_100_353 flowId 31 uecSrc 30 finished at 829.535 total messages 1 total packets 2448 RTS 0 total bytes 10002528 in_flight now 0 fair_inc 18657 prop_inc 247867 fast_inc 0 eta_inc 39932 multi_dec -0 quick_dec -0 nack_dec -0
Flow Uec_486_139 flowId 133 uecSrc 132 finished at 829.637 total messages 1 total packets 2448 RTS 0 total bytes 10002528 in_flight now 0 fair_inc 0 prop_inc 368395 fast_inc 0 eta_inc 40528 multi_dec -0 quick_dec -0 nack_dec -0
Flow Uec_192_506 flowId 90 uecSrc 89 finished at 830.07 total messages 1 total packets 2448 RTS 0 total bytes 10002528 in_flight now 0 fair_inc 41739 prop_inc 262831 fast_inc 0 eta_inc 39336 multi_dec -0 quick_dec -0 nack_dec -0
Flow Uec_213_489 flowId 21 uecSrc 20 finished at 830.07 total messages 1 total packets 2448 RTS 0 total bytes 10002528 in_flight now 0 fair_inc 0 prop_inc 378057 fast_inc 0 eta_inc 39336 multi_dec -0 quick_dec -0 nack_dec -0
Flow Uec_139_412 flowId 60 uecSrc 59 finished at 830.195 total messages 1 total packets 2448 RTS 0 total bytes 10002528 in_flight now 0 fair_inc 0 prop_inc 328502 fast_inc 0 eta_inc 39932 multi_dec -0 quick_dec -0 nack_dec -0
Flow Uec_360_5 flowId 83 uecSrc 82 finished at 830.195 total messages 1 total packets 2448 RTS 0 total bytes 10002528 in_flight now 0 fair_inc 0 prop_inc 437913 fast_inc 0 eta_inc 40528 multi_dec -0 quick_dec -0 nack_dec -0
Flow Uec_115_335 flowId 18 uecSrc 17 finished at 830.267 total messages 1 total packets 2448 RTS 0 total bytes 10002528 in_flight now 0 fair_inc 0 prop_inc 328500 fast_inc 0 eta_inc 39932 multi_dec -0 quick_dec -0 nack_dec -0
Flow Uec_43_294 flowId 102 uecSrc 101 finished at 830.377 total messages 1 total packets 2448 RTS 0 total bytes 10002528 in_flight now 0 fair_inc 40246 prop_inc 238620 fast_inc 0 eta_inc 39932 multi_dec -0 quick_dec -0 nack_dec -0
Flow Uec_136_401 flowId 140 uecSrc 139 finished at 830.398 total messages 1 total packets 2448 RTS 0 total bytes 10002528 in_flight now 0 fair_inc 8586 prop_inc 257340 fast_inc 0 eta_inc 39932 multi_dec -0 quick_dec -0 nack_dec -0
Flow Uec_319_556 flowId 72 uecSrc 71 finished at 830.686 total messages 1 total packets 2448 RTS 0 total bytes 10002528 in_flight now 0 fair_inc 0 prop_inc 261946 fast_inc 28287 eta_inc 39932 multi_dec -0 quick_dec -0 nack_dec -0
Flow Uec_500_129 flowId 26 uecSrc 25 finished at 831.04 total messages 1 total packets 2448 RTS 0 total bytes 10002528 in_flight now 0 fair_inc 0 prop_inc 414590 fast_inc 0 eta_inc 39932 multi_dec -0 quick_dec -0 nack_dec -0
Flow Uec_453_191 flowId 92 uecSrc 91 finished at 831.21 total messages 1 total packets 2448 RTS 0 total bytes 10002528 in_flight now 0 fair_inc 0 prop_inc 279963 fast_inc 0 eta_inc 39932 multi_dec -0 quick_dec -0 nack_dec -0
Flow Uec_260_560 flowId 100 uecSrc 99 finished at 831.316 total messages 1 total packets 2448 RTS 0 total bytes 10002528 in_flight now 0 fair_inc 0 prop_inc 358646 fast_inc 0 eta_inc 40528 multi_dec -0 quick_dec -0 nack_dec -0
Flow Uec_241_449 flowId 116 uecSrc 115 finished at 831.965 total messages 1 total packets 2448 RTS 0 total bytes 10002528 in_flight now 0 fair_inc 0 prop_inc 258769 fast_inc 0 eta_inc 40528 multi_dec -0 quick_dec -0 nack_dec -0
Flow Uec_234_476 flowId 10 uecSrc 9 finished at 832.133 total messages 1 total packets 2448 RTS 0 total bytes 10002528 in_flight now 0 fair_inc 2615 prop_inc 285925 fast_inc 0 eta_inc 40528 multi_dec -0 quick_dec -0 nack_dec -0
Flow Uec_355_34 flowId 142 uecSrc 141 finished at 832.39 total messages 1 total packets 2448 RTS 0 total bytes 10002528 in_flight now 0 fair_inc 8583 prop_inc 270859 fast_inc 0 eta_inc 39932 multi_dec -0 quick_dec -0 nack_dec -0
Flow Uec_444_105 flowId 130 uecSrc 129 finished at 832.72 total messages 1 total packets 2448 RTS 0 total bytes 10002528 in_flight now 0 fair_inc 0 prop_inc 251085 fast_inc 0 eta_inc 40528 multi_dec -0 quick_dec -0 nack_dec -0
Flow Uec_245_480 flowId 13 uecSrc 12 finished at 832.771 total messages 1 total packets 2448 RTS 0 total bytes 10002528 in_flight now 0 fair_inc 0 prop_inc 331963 fast_inc 0 eta_inc 39932 multi_dec -0 quick_dec -0 nack_dec -0
Flow Uec_354_60 flowId 43 uecSrc 42 finished at 832.891 total messages 1 total packets 2448 RTS 0 total bytes 10002528 in_flight now 0 fair_inc 0 prop_inc 303075 fast_inc 0 eta_inc 39932 multi_dec -0 quick_dec -0 nack_dec -0
Flow Uec_554_250 flowId 115 uecSrc 114 finished at 832.995 total messages 1 total packets 2448 RTS 0 total bytes 10002528 in_flight now 0 fair_inc 0 prop_inc 286360 fast_inc 0 eta_inc 40528 multi_dec -0 quick_dec -0 nack_dec -0
Flow Uec_541_220 flowId 95 uecSrc 94 finished at 832.998 total messages 1 total packets 2448 RTS 0 total bytes 10002528 in_flight now 0 fair_inc 0 prop_inc 280204 fast_inc 0 eta_inc 39932 multi_dec -0 quick_dec -0 nack_dec -0
Flow Uec_238_473 flowId 132 uecSrc 131 finished at 833.175 total messages 1 total packets 2448 RTS 0 total bytes 10002528 in_flight now 0 fair_inc 0 prop_inc 300163 fast_inc 0 eta_inc 40528 multi_dec -0 quick_dec -0 nack_dec -0
Flow Uec_212_492 flowId 128 uecSrc 127 finished at 833.345 total messages 1 total packets 2448 RTS 0 total bytes 10002528 in_flight now 0 fair_inc 0 prop_inc 308622 fast_inc 0 eta_inc 39932 multi_dec -0 quick_dec -0 nack_dec -0
Flow Uec_480_171 flowId 66 uecSrc 65 finished at 833.362 total messages 1 total packets 2448 RTS 0 total bytes 10002528 in_flight now 0 fair_inc 0 prop_inc 277216 fast_inc 0 eta_inc 39932 multi_dec -0 quick_dec -0 nack_dec -0
Flow Uec_530_240 flowId 127 uecSrc 126 finished at 833.365 total messages 1 total packets 2448 RTS 0 total bytes 10002528 in_flight now 0 fair_inc 11188 prop_inc 265574 fast_inc 0 eta_inc 39336 multi_dec -0 quick_dec -0 nack_dec -8300
Flow Uec_96_321 flowId 12 uecSrc 11 finished at 833.516 total messages 1 total packets 2448 RTS 0 total bytes 10002528 in_flight now 0 fair_inc 5231 prop_inc 253905 fast_inc 0 eta_inc 39932 multi_dec -0 quick_dec -0 nack_dec -0
Flow Uec_243_486 flowId 37 uecSrc 36 finished at 833.758 total messages 1 total packets 2448 RTS 0 total bytes 10002528 in_flight now 0 fair_inc 0 prop_inc 278986 fast_inc 0 eta_inc 39932 multi_dec -0 quick_dec -0 nack_dec -0
Flow Uec_233_501 flowId 121 uecSrc 120 finished at 834.462 total messages 1 total packets 2448 RTS 0 total bytes 10002528 in_flight now 0 fair_inc 0 prop_inc 278014 fast_inc 0 eta_inc 40528 multi_dec -0 quick_dec -0 nack_dec -0
Flow Uec_556_238 flowId 17 uecSrc 16 finished at 834.606 total messages 1 total packets 2448 RTS 0 total bytes 10002528 in_flight now 0 fair_inc 0 prop_inc 293215 fast_inc 0 eta_inc 41124 multi_dec -0 quick_dec -0 nack_dec -0
Flow Uec_475_173 flowId 63 uecSrc 62 finished at 835.065 total messages 1 total packets 2448 RTS 0 total bytes 10002528 in_flight now 0 fair_inc 13420 prop_inc 268813 fast_inc 0 eta_inc 39932 multi_dec -0 quick_dec -0 nack_dec -0
Flow Uec_505_163 flowId 3 uecSrc 2 finished at 835.179 total messages 1 total packets 2448 RTS 0 total bytes 10002528 in_flight now 0 fair_inc 0 prop_inc 231774 fast_inc 0 eta_inc 39932 multi_dec -0 quick_dec -0 nack_dec -0
Flow Uec_298_559 flowId 89 uecSrc 88 finished at 835.497 total messages 1 total packets 2448 RTS 0 total bytes 10002528 in_flight now 0 fair_inc 0 prop_inc 303217 fast_inc 0 eta_inc 39932 multi_dec -0 quick_dec -0 nack_dec -0
Flow Uec_8_258 flowId 139 uecSrc 138 finished at 835.511 total messages 1 total packets 2448 RTS 0 total bytes 10002528 in_flight now 0 fair_inc 0 prop_inc 198261 fast_inc 0 eta_inc 40528 multi_dec -0 quick_dec -0 nack_dec -0
Flow Uec_558_200 flowId 80 uecSrc 79 finished at 836.969 total messages 1 total packets 2448 RTS 0 total bytes 10002528 in_flight now 0 fair_inc 8211 prop_inc 263106 fast_inc 0 eta_inc 40528 multi_dec -0 quick_dec -0 nack_dec -0
Flow Uec_56_263 flowId 16 uecSrc 15 finished at 837.551 total messages 1 total packets 2448 RTS 0 total bytes 10002528 in_flight now 0 fair_inc 0 prop_inc 254011 fast_inc 0 eta_inc 40528 multi_dec -0 quick_dec -0 nack_dec -0
Flow Uec_58_260 flowId 19 uecSrc 18 finished at 837.8 total messages 1 total packets 2448 RTS 0 total bytes 10002528 in_flight now 0 fair_inc 0 prop_inc 256005 fast_inc 0 eta_inc 39932 multi_dec -0 quick_dec -0 nack_dec -0
Flow Uec_244_461 flowId 120 uecSrc 119 finished at 838.698 total messages 1 total packets 2448 RTS 0 total bytes 10002528 in_flight now 0 fair_inc 13071 prop_inc 242041 fast_inc 0 eta_inc 39932 multi_dec -0 quick_dec -0 nack_dec -0
Flow Uec_240_462 flowId 91 uecSrc 90 finished at 842.811 total messages 1 total packets 2448 RTS 0 total bytes 10002528 in_flight now 0 fair_inc 16025 prop_inc 229447 fast_inc 0 eta_inc 40528 multi_dec -0 quick_dec -0 nack_dec -0
Flow Uec_472_180 flowId 59 uecSrc 58 finished at 842.974 total messages 1 total packets 2448 RTS 0 total bytes 10002528 in_flight now 0 fair_inc 27217 prop_inc 210847 fast_inc 0 eta_inc 41124 multi_dec -0 quick_dec -0 nack_dec -0
Flow Uec_531_230 flowId 56 uecSrc 55 finished at 844.71 total messages 1 total packets 2448 RTS 0 total bytes 10002528 in_flight now 0 fair_inc 12303 prop_inc 231382 fast_inc 0 eta_inc 40528 multi_dec -0 quick_dec -0 nack_dec -0
Flow Uec_572_213 flowId 118 uecSrc 117 finished at 845.849 total messages 1 total packets 2448 RTS 0 total bytes 10002528 in_flight now 0 fair_inc 19400 prop_inc 234531 fast_inc 0 eta_inc 40528 multi_dec -0 quick_dec -0 nack_dec -4150
Flow Uec_559_229 flowId 84 uecSrc 83 finished at 861.019 total messages 1 total packets 2448 RTS 0 total bytes 10002528 in_flight now 0 fair_inc 19381 prop_inc 200364 fast_inc 0 eta_inc 41720 multi_dec -0 quick_dec -0 nack_dec -0
Flow Uec_67_356 flowId 93 uecSrc 92 finished at 867.047 total messages 1 total packets 2448 RTS 0 total bytes 10002528 in_flight now 0 fair_inc 1500 prop_inc 184577 fast_inc 0 eta_inc 42316 multi_dec -0 quick_dec -0 nack_dec -0
Flow Uec_74_354 flowId 99 uecSrc 98 finished at 875.23 total messages 1 total packets 2448 RTS 0 total bytes 10002528 in_flight now 0 fair_inc 10870 prop_inc 169727 fast_inc 0 eta_inc 42316 multi_dec -0 quick_dec -0 nack_dec -0
Flow Uec_571_202 flowId 62 uecSrc 61 finished at 875.362 total messages 1 total packets 2448 RTS 0 total bytes 10002528 in_flight now 0 fair_inc 41058 prop_inc 198248 fast_inc 0 eta_inc 41720 multi_dec -0 quick_dec -0 nack_dec -0
Flow Uec_186_407 flowId 47 uecSrc 46 finished at 876.343 total messages 1 total packets 2448 RTS 0 total bytes 10002528 in_flight now 0 fair_inc 2627 prop_inc 142776 fast_inc 0 eta_inc 42316 multi_dec -0 quick_dec -0 nack_dec -0
Flow Uec_171_405 flowId 25 uecSrc 24 finished at 876.679 total messages 1 total packets 2448 RTS 0 total bytes 10002528 in_flight now 0 fair_inc 6379 prop_inc 148350 fast_inc 0 eta_inc 42316 multi_dec -0 quick_dec -0 nack_dec -0
Flow Uec_547_206 flowId 73 uecSrc 72 finished at 878.801 total messages 1 total packets 2448 RTS 0 total bytes 10002528 in_flight now 0 fair_inc 5627 prop_inc 135909 fast_inc 0 eta_inc 42316 multi_dec -0 quick_dec -0 nack_dec -0
Flow Uec_339_33 flowId 144 uecSrc 143 finished at 882.983 total messages 1 total packets 2448 RTS 0 total bytes 10002528 in_flight now 0 fair_inc 3002 prop_inc 107346 fast_inc 0 eta_inc 42316 multi_dec -0 quick_dec -0 nack_dec -0
Flow Uec_351_59 flowId 36 uecSrc 35 finished at 887.853 total messages 1 total packets 2448 RTS 0 total bytes 10002528 in_flight now 0 fair_inc 2973 prop_inc 122660 fast_inc 0 eta_inc 42912 multi_dec -0 quick_dec -0 nack_dec -0
Flow Uec_220_500 flowId 114 uecSrc 113 finished at 888.652 total messages 1 total packets 2448 RTS 0 total bytes 10002528 in_flight now 0 fair_inc 0 prop_inc 119302 fast_inc 0 eta_inc 43508 multi_dec -0 quick_dec -0 nack_dec -0
Flow Uec_197_503 flowId 51 uecSrc 50 finished at 893.943 total messages 1 total packets 2448 RTS 0 total bytes 10002528 in_flight now 0 fair_inc 5993 prop_inc 164415 fast_inc 0 eta_inc 42912 multi_dec -0 quick_dec -0 nack_dec -0
Flow Uec_117_322 flowId 61 uecSrc 60 finished at 895.968 total messages 1 total packets 2448 RTS 0 total bytes 10002528 in_flight now 0 fair_inc 17192 prop_inc 172268 fast_inc 0 eta_inc 43508 multi_dec -0 quick_dec -0 nack_dec -0
Flow Uec_242_475 flowId 2 uecSrc 1 finished at 900.806 total messages 1 total packets 2448 RTS 0 total bytes 10002528 in_flight now 0 fair_inc 6754 prop_inc 120300 fast_inc 0 eta_inc 43508 multi_dec -0 quick_dec -0 nack_dec -0
Flow Uec_484_172 flowId 67 uecSrc 66 finished at 901.575 total messages 1 total packets 2448 RTS 0 total bytes 10002528 in_flight now 0 fair_inc 7879 prop_inc 105224 fast_inc 0 eta_inc 43508 multi_dec -7571 quick_dec -0 nack_dec -0
Flow Uec_463_182 flowId 111 uecSrc 110 finished at 903.582 total messages 1 total packets 2448 RTS 0 total bytes 10002528 in_flight now 0 fair_inc 16874 prop_inc 97852 fast_inc 0 eta_inc 44104 multi_dec -0 quick_dec -0 nack_dec -0
Flow Uec_72_324 flowId 42 uecSrc 41 finished at 904.029 total messages 1 total packets 2448 RTS 0 total bytes 10002528 in_flight now 0 fair_inc 16491 prop_inc 122783 fast_inc 0 eta_inc 44104 multi_dec -0 quick_dec -0 nack_dec -0
Flow Uec_510_179 flowId 112 uecSrc 111 finished at 923.438 total messages 1 total packets 2448 RTS 0 total bytes 10002528 in_flight now 0 fair_inc 35610 prop_inc 72303 fast_inc 0 eta_inc 45296 multi_dec -0 quick_dec -0 nack_dec -0
Flow Uec_39_270 flowId 38 uecSrc 37 finished at 944.071 total messages 1 total packets 2448 RTS 0 total bytes 10002528 in_flight now 0 fair_inc 57704 prop_inc 50202 fast_inc 0 eta_inc 45892 multi_dec -0 quick_dec -0 nack_dec -0
Flow Uec_215_504 flowId 85 uecSrc 84 finished at 944.407 total messages 1 total packets 2448 RTS 0 total bytes 10002528 in_flight now 0 fair_inc 44254 prop_inc 49402 fast_inc 0 eta_inc 45892 multi_dec -0 quick_dec -0 nack_dec -0
Flow Uec_522_211 flowId 113 uecSrc 112 finished at 944.407 total messages 1 total packets 2448 RTS 0 total bytes 10002528 in_flight now 0 fair_inc 43637 prop_inc 50513 fast_inc 0 eta_inc 45892 multi_dec -19029 quick_dec -0 nack_dec -0
Flow Uec_26_288 flowId 104 uecSrc 103 finished at 953.636 total messages 1 total packets 2448 RTS 0 total bytes 10002528 in_flight now 0 fair_inc 101969 prop_inc 45380 fast_inc 0 eta_inc 46488 multi_dec -0 quick_dec -0 nack_dec -0
Flow Uec_540_226 flowId 64 uecSrc 63 finished at 978.337 total messages 1 total packets 2448 RTS 0 total bytes 10002528 in_flight now 0 fair_inc 58194 prop_inc 116830 fast_inc 0 eta_inc 47680 multi_dec -134563 quick_dec -0 nack_dec -0
Flow Uec_250_460 flowId 109 uecSrc 108 finished at 1063.59 total messages 1 total packets 2448 RTS 0 total bytes 10002528 in_flight now 0 fair_inc 52336 prop_inc 205038 fast_inc 0 eta_inc 51852 multi_dec -216606 quick_dec -0 nack_dec -0
Flow Uec_543_212 flowId 53 uecSrc 52 finished at 1252.83 total messages 1 total packets 2448 RTS 0 total bytes 10002528 in_flight now 0 fair_inc 82767 prop_inc 156793 fast_inc 0 eta_inc 60792 multi_dec -282797 quick_dec -0 nack_dec -37350
Flow Uec_553_209 flowId 58 uecSrc 57 finished at 1358.74 total messages 1 total packets 2448 RTS 0 total bytes 10002528 in_flight now 0 fair_inc 99132 prop_inc 199232 fast_inc 0 eta_inc 66752 multi_dec -307558 quick_dec -0 nack_dec -24900
Flow Uec_111_362 flowId 40 uecSrc 39 finished at 1427.54 total messages 1 total packets 2448 RTS 0 total bytes 10002528 in_flight now 0 fair_inc 76552 prop_inc 48713 fast_inc 0 eta_inc 69732 multi_dec -248416 quick_dec -0 nack_dec -20750
Flow Uec_471_138 flowId 20 uecSrc 19 finished at 1551.06 total messages 1 total packets 2448 RTS 0 total bytes 10002528 in_flight now 0 fair_inc 78154 prop_inc 49314 fast_inc 0 eta_inc 74500 multi_dec -259196 quick_dec -0 nack_dec -37350
Flow Uec_130_446 flowId 106 uecSrc 105 finished at 1551.12 total messages 1 total packets 2448 RTS 0 total bytes 10002528 in_flight now 0 fair_inc 72801 prop_inc 49528 fast_inc 0 eta_inc 74500 multi_dec -242677 quick_dec -0 nack_dec -45650
Flow Uec_573_245 flowId 107 uecSrc 106 finished at 1583.9 total messages 1 total packets 2448 RTS 0 total bytes 10002528 in_flight now 0 fair_inc 97242 prop_inc 59904 fast_inc 0 eta_inc 76884 multi_dec -266361 quick_dec -0 nack_dec -53950
Flow Uec_16_300 flowId 119 uecSrc 118 finished at 1584.83 total messages 1 total packets 2448 RTS 0 total bytes 10002528 in_flight now 0 fair_inc 70739 prop_inc 60267 fast_inc 0 eta_inc 75692 multi_dec -230424 quick_dec -0 nack_dec -45650
Flow Uec_409_119 flowId 49 uecSrc 48 finished at 1588.7 total messages 1 total packets 2448 RTS 0 total bytes 10002528 in_flight now 0 fair_inc 82302 prop_inc 47455 fast_inc 0 eta_inc 76884 multi_dec -255856 quick_dec -0 nack_dec -45650
Flow Uec_515_196 flowId 94 uecSrc 93 finished at 1620.19 total messages 1 total packets 2448 RTS 0 total bytes 10002528 in_flight now 0 fair_inc 62550 prop_inc 61096 fast_inc 0 eta_inc 78076 multi_dec -256724 quick_dec -0 nack_dec -41500
Flow Uec_76_360 flowId 15 uecSrc 14 finished at 1628.06 total messages 1 total packets 2448 RTS 0 total bytes 10002528 in_flight now 0 fair_inc 143294 prop_inc 51465 fast_inc 547947 eta_inc 78672 multi_dec -299210 quick_dec -0 nack_dec -41500
Flow Uec_272_535 flowId 81 uecSrc 80 finished at 1629.65 total messages 1 total packets 2448 RTS 0 total bytes 10002528 in_flight now 0 fair_inc 77241 prop_inc 58967 fast_inc 0 eta_inc 77480 multi_dec -285737 quick_dec -0 nack_dec -29050
Flow Uec_176_384 flowId 77 uecSrc 76 finished at 1633.4 total messages 1 total packets 2448 RTS 0 total bytes 10002528 in_flight now 0 fair_inc 79342 prop_inc 47639 fast_inc 0 eta_inc 78672 multi_dec -267214 quick_dec -0 nack_dec -24900
Flow Uec_268_528 flowId 30 uecSrc 29 finished at 1637.42 total messages 1 total packets 2448 RTS 0 total bytes 10002528 in_flight now 0 fair_inc 90274 prop_inc 60195 fast_inc 0 eta_inc 78672 multi_dec -274432 quick_dec -0 nack_dec -45650
Flow Uec_32_298 flowId 141 uecSrc 140 finished at 1638.61 total messages 1 total packets 2448 RTS 0 total bytes 10002528 in_flight now 0 fair_inc 75451 prop_inc 69924 fast_inc 89291 eta_inc 75692 multi_dec -257945 quick_dec -0 nack_dec -29050
Flow Uec_548_197 flowId 22 uecSrc 21 finished at 1639.97 total messages 1 total packets 2448 RTS 0 total bytes 10002528 in_flight now 0 fair_inc 73997 prop_inc 73392 fast_inc 0 eta_inc 78672 multi_dec -281721 quick_dec -0 nack_dec -33200
Flow Uec_160_388 flowId 88 uecSrc 87 finished at 1640.43 total messages 1 total packets 2448 RTS 0 total bytes 10002528 in_flight now 0 fair_inc 87539 prop_inc 47618 fast_inc 0 eta_inc 78672 multi_dec -265625 quick_dec -0 nack_dec -49800
Flow Uec_149_445 flowId 97 uecSrc 96 finished at 1643.94 total messages 1 total packets 2448 RTS 0 total bytes 10002528 in_flight now 0 fair_inc 74822 prop_inc 65904 fast_inc 204464 eta_inc 76288 multi_dec -267105 quick_dec -0 nack_dec -29050
Flow Uec_454_140 flowId 122 uecSrc 121 finished at 1644.35 total messages 1 total packets 2448 RTS 0 total bytes 10002528 in_flight now 0 fair_inc 74900 prop_inc 62602 fast_inc 214565 eta_inc 79268 multi_dec -261208 quick_dec -0 nack_dec -37350
Flow Uec_429_117 flowId 101 uecSrc 100 finished at 1649.11 total messages 1 total packets 2448 RTS 0 total bytes 10002528 in_flight now 0 fair_inc 83490 prop_inc 57289 fast_inc 114548 eta_inc 79864 multi_dec -268444 quick_dec -0 nack_dec -29050
Flow Uec_567_242 flowId 11 uecSrc 10 finished at 1687.88 total messages 1 total packets 2448 RTS 0 total bytes 10002528 in_flight now 0 fair_inc 84417 prop_inc 74488 fast_inc 238808 eta_inc 81056 multi_dec -289534 quick_dec -0 nack_dec -37350
Flow Uec_202_456 flowId 46 uecSrc 45 finished at 2327.21 total messages 1 total packets 2448 RTS 0 total bytes 10002528 in_flight now 0 fair_inc 150068 prop_inc 34515 fast_inc 0 eta_inc 104896 multi_dec -350127 quick_dec -0 nack_dec -83000
Flow Uec_566_233 flowId 69 uecSrc 68 finished at 2327.64 total messages 1 total packets 2448 RTS 0 total bytes 10002528 in_flight now 0 fair_inc 140717 prop_inc 47258 fast_inc 0 eta_inc 106684 multi_dec -340512 quick_dec -0 nack_dec -87150
Flow Uec_201_459 flowId 126 uecSrc 125 finished at 2381.59 total messages 1 total packets 2448 RTS 0 total bytes 10002528 in_flight now 0 fair_inc 143557 prop_inc 60752 fast_inc 0 eta_inc 109664 multi_dec -350453 quick_dec -0 nack_dec -74700
Flow Uec_561_236 flowId 129 uecSrc 128 finished at 2399.48 total messages 1 total packets 2448 RTS 0 total bytes 10002528 in_flight now 0 fair_inc 123545 prop_inc 79168 fast_inc 0 eta_inc 112048 multi_dec -317073 quick_dec -0 nack_dec -107900
Flow Uec_237_457 flowId 75 uecSrc 74 finished at 2430.79 total messages 1 total packets 2448 RTS 0 total bytes 10002528 in_flight now 0 fair_inc 118958 prop_inc 72236 fast_inc 85253 eta_inc 100128 multi_dec -251323 quick_dec -0 nack_dec -132800
Flow Uec_542_234 flowId 35 uecSrc 34 finished at 2433.6 total messages 1 total packets 2448 RTS 0 total bytes 10002528 in_flight now 0 fair_inc 130422 prop_inc 93166 fast_inc 45855 eta_inc 107876 multi_dec -318549 quick_dec -0 nack_dec -99600
.Done
New: 352512 Rtx: 322 RTS: 0 Bounced: 0 ACKs: 150457 NACKs: 322 Pulls: 0 sleek_pkts: 0
