Load balancing algorithm set to reps
no_of_nodes 576
Dragonfly+ strategy: REPS_DFP
Setting queuesize to 50 packets
endtime(us) 100000
random seed 1
Using generated Dragonfly+ tornado traffic instead of -tm
Tornado active connections 144
Tornado flow size 2000000 bytes
REPS partition entropy enabled.
REPS open-tier escalation threshold 0.2
REPS warmup explore duration 1.0 x this flow's base RTT
REPS continuous explore probability 70%
Packet size (MTU) is 4150
Parsed args
Logging to 576_nodes/runs/tornado_reps_partition_load0.25_fs2000000_seed1.dat
Setting ECN low 33200 high 120350
Dragonfly+ with medium topology type
Link latencies: 1 and switch latencies: 0
queue_id 2 ecn_low 33200 ecn_high 120350
DragonFly+ constructor done, 576 nodes created
Generating tornado connection matrix: python3 connection_matrices/gen_tornado_dfp.py /tmp/dfp_tornado_22014.cm 576 144 2000000 0.0 1 8 8
Nodes:  576
Connections:  144
Flowsize:  2000000 bytes
ExtraStartTime:  0.0 us
Random Seed  1
Dragonfly+ p= 8 l= 8
group_size=64  no_groups=9  opposite group offset=4
Loading generated tornado connection matrix from /tmp/dfp_tornado_22014.cm
Nodes: 576 Connections: 144 Triggers: 0 Failures: 0
network_max_unloaded_rtt 11.6856 us
Setting min RTO to 114.6
Per-hop RTT normalization: ON (strategy reps_dfp)
Initializing static NSCC parameters: _reference_network_linkspeed=100000000000 _reference_network_rtt=12000000 _reference_network_bdp=150000 _target_Qdelay=8764200 _network_linkspeed=100000000000 _network_rtt=11685600 _network_bdp=146070 _qa_gate=2^3 _qa_threshold=3.50568e+07 _scaling_factor_a=0.9738 _scaling_factor_b=0.73035 _alpha=0.00132632 _fi=19894.7 _eta=596.842 _qa_scaling=1 _gamma=0.8 _fi_scale=0.24345 _delay_alpha=0.0125 _adjust_period_threshold=11685600 _adjust_bytes_threshold=33200
Initialize per-instance NSCC parameters: flowid 1 _base_rtt=11685600 _base_bdp=146070 _bdp=146070 _min_cwnd=4150 _maxwnd=219105 _cwnd=219105
Initialize per-instance NSCC parameters: flowid 2 _base_rtt=11685600 _base_bdp=146070 _bdp=146070 _min_cwnd=4150 _maxwnd=219105 _cwnd=219105
Initialize per-instance NSCC parameters: flowid 3 _base_rtt=11685600 _base_bdp=146070 _bdp=146070 _min_cwnd=4150 _maxwnd=219105 _cwnd=219105
Initialize per-instance NSCC parameters: flowid 4 _base_rtt=11685600 _base_bdp=146070 _bdp=146070 _min_cwnd=4150 _maxwnd=219105 _cwnd=219105
Initialize per-instance NSCC parameters: flowid 5 _base_rtt=11685600 _base_bdp=146070 _bdp=146070 _min_cwnd=4150 _maxwnd=219105 _cwnd=219105
Initialize per-instance NSCC parameters: flowid 6 _base_rtt=11685600 _base_bdp=146070 _bdp=146070 _min_cwnd=4150 _maxwnd=219105 _cwnd=219105
Initialize per-instance NSCC parameters: flowid 7 _base_rtt=11685600 _base_bdp=146070 _bdp=146070 _min_cwnd=4150 _maxwnd=219105 _cwnd=219105
Initialize per-instance NSCC parameters: flowid 8 _base_rtt=11685600 _base_bdp=146070 _bdp=146070 _min_cwnd=4150 _maxwnd=219105 _cwnd=219105
Initialize per-instance NSCC parameters: flowid 9 _base_rtt=11685600 _base_bdp=146070 _bdp=146070 _min_cwnd=4150 _maxwnd=219105 _cwnd=219105
Initialize per-instance NSCC parameters: flowid 10 _base_rtt=11685600 _base_bdp=146070 _bdp=146070 _min_cwnd=4150 _maxwnd=219105 _cwnd=219105
Initialize per-instance NSCC parameters: flowid 11 _base_rtt=11685600 _base_bdp=146070 _bdp=146070 _min_cwnd=4150 _maxwnd=219105 _cwnd=219105
Initialize per-instance NSCC parameters: flowid 12 _base_rtt=11685600 _base_bdp=146070 _bdp=146070 _min_cwnd=4150 _maxwnd=219105 _cwnd=219105
Initialize per-instance NSCC parameters: flowid 13 _base_rtt=11685600 _base_bdp=146070 _bdp=146070 _min_cwnd=4150 _maxwnd=219105 _cwnd=219105
Initialize per-instance NSCC parameters: flowid 14 _base_rtt=11685600 _base_bdp=146070 _bdp=146070 _min_cwnd=4150 _maxwnd=219105 _cwnd=219105
Initialize per-instance NSCC parameters: flowid 15 _base_rtt=11685600 _base_bdp=146070 _bdp=146070 _min_cwnd=4150 _maxwnd=219105 _cwnd=219105
Initialize per-instance NSCC parameters: flowid 16 _base_rtt=11685600 _base_bdp=146070 _bdp=146070 _min_cwnd=4150 _maxwnd=219105 _cwnd=219105
Initialize per-instance NSCC parameters: flowid 17 _base_rtt=11685600 _base_bdp=146070 _bdp=146070 _min_cwnd=4150 _maxwnd=219105 _cwnd=219105
Initialize per-instance NSCC parameters: flowid 18 _base_rtt=11685600 _base_bdp=146070 _bdp=146070 _min_cwnd=4150 _maxwnd=219105 _cwnd=219105
Initialize per-instance NSCC parameters: flowid 19 _base_rtt=11685600 _base_bdp=146070 _bdp=146070 _min_cwnd=4150 _maxwnd=219105 _cwnd=219105
Initialize per-instance NSCC parameters: flowid 20 _base_rtt=11685600 _base_bdp=146070 _bdp=146070 _min_cwnd=4150 _maxwnd=219105 _cwnd=219105
Initialize per-instance NSCC parameters: flowid 21 _base_rtt=11685600 _base_bdp=146070 _bdp=146070 _min_cwnd=4150 _maxwnd=219105 _cwnd=219105
Initialize per-instance NSCC parameters: flowid 22 _base_rtt=11685600 _base_bdp=146070 _bdp=146070 _min_cwnd=4150 _maxwnd=219105 _cwnd=219105
Initialize per-instance NSCC parameters: flowid 23 _base_rtt=11685600 _base_bdp=146070 _bdp=146070 _min_cwnd=4150 _maxwnd=219105 _cwnd=219105
Initialize per-instance NSCC parameters: flowid 24 _base_rtt=11685600 _base_bdp=146070 _bdp=146070 _min_cwnd=4150 _maxwnd=219105 _cwnd=219105
Initialize per-instance NSCC parameters: flowid 25 _base_rtt=11685600 _base_bdp=146070 _bdp=146070 _min_cwnd=4150 _maxwnd=219105 _cwnd=219105
Initialize per-instance NSCC parameters: flowid 26 _base_rtt=11685600 _base_bdp=146070 _bdp=146070 _min_cwnd=4150 _maxwnd=219105 _cwnd=219105
Initialize per-instance NSCC parameters: flowid 27 _base_rtt=11685600 _base_bdp=146070 _bdp=146070 _min_cwnd=4150 _maxwnd=219105 _cwnd=219105
Initialize per-instance NSCC parameters: flowid 28 _base_rtt=11685600 _base_bdp=146070 _bdp=146070 _min_cwnd=4150 _maxwnd=219105 _cwnd=219105
Initialize per-instance NSCC parameters: flowid 29 _base_rtt=11685600 _base_bdp=146070 _bdp=146070 _min_cwnd=4150 _maxwnd=219105 _cwnd=219105
Initialize per-instance NSCC parameters: flowid 30 _base_rtt=11685600 _base_bdp=146070 _bdp=146070 _min_cwnd=4150 _maxwnd=219105 _cwnd=219105
Initialize per-instance NSCC parameters: flowid 31 _base_rtt=11685600 _base_bdp=146070 _bdp=146070 _min_cwnd=4150 _maxwnd=219105 _cwnd=219105
Initialize per-instance NSCC parameters: flowid 32 _base_rtt=11685600 _base_bdp=146070 _bdp=146070 _min_cwnd=4150 _maxwnd=219105 _cwnd=219105
Initialize per-instance NSCC parameters: flowid 33 _base_rtt=11685600 _base_bdp=146070 _bdp=146070 _min_cwnd=4150 _maxwnd=219105 _cwnd=219105
Initialize per-instance NSCC parameters: flowid 34 _base_rtt=11685600 _base_bdp=146070 _bdp=146070 _min_cwnd=4150 _maxwnd=219105 _cwnd=219105
Initialize per-instance NSCC parameters: flowid 35 _base_rtt=11685600 _base_bdp=146070 _bdp=146070 _min_cwnd=4150 _maxwnd=219105 _cwnd=219105
Initialize per-instance NSCC parameters: flowid 36 _base_rtt=11685600 _base_bdp=146070 _bdp=146070 _min_cwnd=4150 _maxwnd=219105 _cwnd=219105
Initialize per-instance NSCC parameters: flowid 37 _base_rtt=11685600 _base_bdp=146070 _bdp=146070 _min_cwnd=4150 _maxwnd=219105 _cwnd=219105
Initialize per-instance NSCC parameters: flowid 38 _base_rtt=11685600 _base_bdp=146070 _bdp=146070 _min_cwnd=4150 _maxwnd=219105 _cwnd=219105
Initialize per-instance NSCC parameters: flowid 39 _base_rtt=11685600 _base_bdp=146070 _bdp=146070 _min_cwnd=4150 _maxwnd=219105 _cwnd=219105
Initialize per-instance NSCC parameters: flowid 40 _base_rtt=11685600 _base_bdp=146070 _bdp=146070 _min_cwnd=4150 _maxwnd=219105 _cwnd=219105
Initialize per-instance NSCC parameters: flowid 41 _base_rtt=11685600 _base_bdp=146070 _bdp=146070 _min_cwnd=4150 _maxwnd=219105 _cwnd=219105
Initialize per-instance NSCC parameters: flowid 42 _base_rtt=11685600 _base_bdp=146070 _bdp=146070 _min_cwnd=4150 _maxwnd=219105 _cwnd=219105
Initialize per-instance NSCC parameters: flowid 43 _base_rtt=11685600 _base_bdp=146070 _bdp=146070 _min_cwnd=4150 _maxwnd=219105 _cwnd=219105
Initialize per-instance NSCC parameters: flowid 44 _base_rtt=11685600 _base_bdp=146070 _bdp=146070 _min_cwnd=4150 _maxwnd=219105 _cwnd=219105
Initialize per-instance NSCC parameters: flowid 45 _base_rtt=11685600 _base_bdp=146070 _bdp=146070 _min_cwnd=4150 _maxwnd=219105 _cwnd=219105
Initialize per-instance NSCC parameters: flowid 46 _base_rtt=11685600 _base_bdp=146070 _bdp=146070 _min_cwnd=4150 _maxwnd=219105 _cwnd=219105
Initialize per-instance NSCC parameters: flowid 47 _base_rtt=11685600 _base_bdp=146070 _bdp=146070 _min_cwnd=4150 _maxwnd=219105 _cwnd=219105
Initialize per-instance NSCC parameters: flowid 48 _base_rtt=11685600 _base_bdp=146070 _bdp=146070 _min_cwnd=4150 _maxwnd=219105 _cwnd=219105
Initialize per-instance NSCC parameters: flowid 49 _base_rtt=11685600 _base_bdp=146070 _bdp=146070 _min_cwnd=4150 _maxwnd=219105 _cwnd=219105
Initialize per-instance NSCC parameters: flowid 50 _base_rtt=11685600 _base_bdp=146070 _bdp=146070 _min_cwnd=4150 _maxwnd=219105 _cwnd=219105
Initialize per-instance NSCC parameters: flowid 51 _base_rtt=11685600 _base_bdp=146070 _bdp=146070 _min_cwnd=4150 _maxwnd=219105 _cwnd=219105
Initialize per-instance NSCC parameters: flowid 52 _base_rtt=11685600 _base_bdp=146070 _bdp=146070 _min_cwnd=4150 _maxwnd=219105 _cwnd=219105
Initialize per-instance NSCC parameters: flowid 53 _base_rtt=11685600 _base_bdp=146070 _bdp=146070 _min_cwnd=4150 _maxwnd=219105 _cwnd=219105
Initialize per-instance NSCC parameters: flowid 54 _base_rtt=11685600 _base_bdp=146070 _bdp=146070 _min_cwnd=4150 _maxwnd=219105 _cwnd=219105
Initialize per-instance NSCC parameters: flowid 55 _base_rtt=11685600 _base_bdp=146070 _bdp=146070 _min_cwnd=4150 _maxwnd=219105 _cwnd=219105
Initialize per-instance NSCC parameters: flowid 56 _base_rtt=11685600 _base_bdp=146070 _bdp=146070 _min_cwnd=4150 _maxwnd=219105 _cwnd=219105
Initialize per-instance NSCC parameters: flowid 57 _base_rtt=11685600 _base_bdp=146070 _bdp=146070 _min_cwnd=4150 _maxwnd=219105 _cwnd=219105
Initialize per-instance NSCC parameters: flowid 58 _base_rtt=11685600 _base_bdp=146070 _bdp=146070 _min_cwnd=4150 _maxwnd=219105 _cwnd=219105
Initialize per-instance NSCC parameters: flowid 59 _base_rtt=11685600 _base_bdp=146070 _bdp=146070 _min_cwnd=4150 _maxwnd=219105 _cwnd=219105
Initialize per-instance NSCC parameters: flowid 60 _base_rtt=11685600 _base_bdp=146070 _bdp=146070 _min_cwnd=4150 _maxwnd=219105 _cwnd=219105
Initialize per-instance NSCC parameters: flowid 61 _base_rtt=11685600 _base_bdp=146070 _bdp=146070 _min_cwnd=4150 _maxwnd=219105 _cwnd=219105
Initialize per-instance NSCC parameters: flowid 62 _base_rtt=11685600 _base_bdp=146070 _bdp=146070 _min_cwnd=4150 _maxwnd=219105 _cwnd=219105
Initialize per-instance NSCC parameters: flowid 63 _base_rtt=11685600 _base_bdp=146070 _bdp=146070 _min_cwnd=4150 _maxwnd=219105 _cwnd=219105
Initialize per-instance NSCC parameters: flowid 64 _base_rtt=11685600 _base_bdp=146070 _bdp=146070 _min_cwnd=4150 _maxwnd=219105 _cwnd=219105
Initialize per-instance NSCC parameters: flowid 65 _base_rtt=11685600 _base_bdp=146070 _bdp=146070 _min_cwnd=4150 _maxwnd=219105 _cwnd=219105
Initialize per-instance NSCC parameters: flowid 66 _base_rtt=11685600 _base_bdp=146070 _bdp=146070 _min_cwnd=4150 _maxwnd=219105 _cwnd=219105
Initialize per-instance NSCC parameters: flowid 67 _base_rtt=11685600 _base_bdp=146070 _bdp=146070 _min_cwnd=4150 _maxwnd=219105 _cwnd=219105
Initialize per-instance NSCC parameters: flowid 68 _base_rtt=11685600 _base_bdp=146070 _bdp=146070 _min_cwnd=4150 _maxwnd=219105 _cwnd=219105
Initialize per-instance NSCC parameters: flowid 69 _base_rtt=11685600 _base_bdp=146070 _bdp=146070 _min_cwnd=4150 _maxwnd=219105 _cwnd=219105
Initialize per-instance NSCC parameters: flowid 70 _base_rtt=11685600 _base_bdp=146070 _bdp=146070 _min_cwnd=4150 _maxwnd=219105 _cwnd=219105
Initialize per-instance NSCC parameters: flowid 71 _base_rtt=11685600 _base_bdp=146070 _bdp=146070 _min_cwnd=4150 _maxwnd=219105 _cwnd=219105
Initialize per-instance NSCC parameters: flowid 72 _base_rtt=11685600 _base_bdp=146070 _bdp=146070 _min_cwnd=4150 _maxwnd=219105 _cwnd=219105
Initialize per-instance NSCC parameters: flowid 73 _base_rtt=11685600 _base_bdp=146070 _bdp=146070 _min_cwnd=4150 _maxwnd=219105 _cwnd=219105
Initialize per-instance NSCC parameters: flowid 74 _base_rtt=11685600 _base_bdp=146070 _bdp=146070 _min_cwnd=4150 _maxwnd=219105 _cwnd=219105
Initialize per-instance NSCC parameters: flowid 75 _base_rtt=11685600 _base_bdp=146070 _bdp=146070 _min_cwnd=4150 _maxwnd=219105 _cwnd=219105
Initialize per-instance NSCC parameters: flowid 76 _base_rtt=11685600 _base_bdp=146070 _bdp=146070 _min_cwnd=4150 _maxwnd=219105 _cwnd=219105
Initialize per-instance NSCC parameters: flowid 77 _base_rtt=11685600 _base_bdp=146070 _bdp=146070 _min_cwnd=4150 _maxwnd=219105 _cwnd=219105
Initialize per-instance NSCC parameters: flowid 78 _base_rtt=11685600 _base_bdp=146070 _bdp=146070 _min_cwnd=4150 _maxwnd=219105 _cwnd=219105
Initialize per-instance NSCC parameters: flowid 79 _base_rtt=11685600 _base_bdp=146070 _bdp=146070 _min_cwnd=4150 _maxwnd=219105 _cwnd=219105
Initialize per-instance NSCC parameters: flowid 80 _base_rtt=11685600 _base_bdp=146070 _bdp=146070 _min_cwnd=4150 _maxwnd=219105 _cwnd=219105
Initialize per-instance NSCC parameters: flowid 81 _base_rtt=11685600 _base_bdp=146070 _bdp=146070 _min_cwnd=4150 _maxwnd=219105 _cwnd=219105
Initialize per-instance NSCC parameters: flowid 82 _base_rtt=11685600 _base_bdp=146070 _bdp=146070 _min_cwnd=4150 _maxwnd=219105 _cwnd=219105
Initialize per-instance NSCC parameters: flowid 83 _base_rtt=11685600 _base_bdp=146070 _bdp=146070 _min_cwnd=4150 _maxwnd=219105 _cwnd=219105
Initialize per-instance NSCC parameters: flowid 84 _base_rtt=11685600 _base_bdp=146070 _bdp=146070 _min_cwnd=4150 _maxwnd=219105 _cwnd=219105
Initialize per-instance NSCC parameters: flowid 85 _base_rtt=11685600 _base_bdp=146070 _bdp=146070 _min_cwnd=4150 _maxwnd=219105 _cwnd=219105
Initialize per-instance NSCC parameters: flowid 86 _base_rtt=11685600 _base_bdp=146070 _bdp=146070 _min_cwnd=4150 _maxwnd=219105 _cwnd=219105
Initialize per-instance NSCC parameters: flowid 87 _base_rtt=11685600 _base_bdp=146070 _bdp=146070 _min_cwnd=4150 _maxwnd=219105 _cwnd=219105
Initialize per-instance NSCC parameters: flowid 88 _base_rtt=11685600 _base_bdp=146070 _bdp=146070 _min_cwnd=4150 _maxwnd=219105 _cwnd=219105
Initialize per-instance NSCC parameters: flowid 89 _base_rtt=11685600 _base_bdp=146070 _bdp=146070 _min_cwnd=4150 _maxwnd=219105 _cwnd=219105
Initialize per-instance NSCC parameters: flowid 90 _base_rtt=11685600 _base_bdp=146070 _bdp=146070 _min_cwnd=4150 _maxwnd=219105 _cwnd=219105
Initialize per-instance NSCC parameters: flowid 91 _base_rtt=11685600 _base_bdp=146070 _bdp=146070 _min_cwnd=4150 _maxwnd=219105 _cwnd=219105
Initialize per-instance NSCC parameters: flowid 92 _base_rtt=11685600 _base_bdp=146070 _bdp=146070 _min_cwnd=4150 _maxwnd=219105 _cwnd=219105
Initialize per-instance NSCC parameters: flowid 93 _base_rtt=11685600 _base_bdp=146070 _bdp=146070 _min_cwnd=4150 _maxwnd=219105 _cwnd=219105
Initialize per-instance NSCC parameters: flowid 94 _base_rtt=11685600 _base_bdp=146070 _bdp=146070 _min_cwnd=4150 _maxwnd=219105 _cwnd=219105
Initialize per-instance NSCC parameters: flowid 95 _base_rtt=11685600 _base_bdp=146070 _bdp=146070 _min_cwnd=4150 _maxwnd=219105 _cwnd=219105
Initialize per-instance NSCC parameters: flowid 96 _base_rtt=11685600 _base_bdp=146070 _bdp=146070 _min_cwnd=4150 _maxwnd=219105 _cwnd=219105
Initialize per-instance NSCC parameters: flowid 97 _base_rtt=11685600 _base_bdp=146070 _bdp=146070 _min_cwnd=4150 _maxwnd=219105 _cwnd=219105
Initialize per-instance NSCC parameters: flowid 98 _base_rtt=11685600 _base_bdp=146070 _bdp=146070 _min_cwnd=4150 _maxwnd=219105 _cwnd=219105
Initialize per-instance NSCC parameters: flowid 99 _base_rtt=11685600 _base_bdp=146070 _bdp=146070 _min_cwnd=4150 _maxwnd=219105 _cwnd=219105
Initialize per-instance NSCC parameters: flowid 100 _base_rtt=11685600 _base_bdp=146070 _bdp=146070 _min_cwnd=4150 _maxwnd=219105 _cwnd=219105
Initialize per-instance NSCC parameters: flowid 101 _base_rtt=11685600 _base_bdp=146070 _bdp=146070 _min_cwnd=4150 _maxwnd=219105 _cwnd=219105
Initialize per-instance NSCC parameters: flowid 102 _base_rtt=11685600 _base_bdp=146070 _bdp=146070 _min_cwnd=4150 _maxwnd=219105 _cwnd=219105
Initialize per-instance NSCC parameters: flowid 103 _base_rtt=11685600 _base_bdp=146070 _bdp=146070 _min_cwnd=4150 _maxwnd=219105 _cwnd=219105
Initialize per-instance NSCC parameters: flowid 104 _base_rtt=11685600 _base_bdp=146070 _bdp=146070 _min_cwnd=4150 _maxwnd=219105 _cwnd=219105
Initialize per-instance NSCC parameters: flowid 105 _base_rtt=11685600 _base_bdp=146070 _bdp=146070 _min_cwnd=4150 _maxwnd=219105 _cwnd=219105
Initialize per-instance NSCC parameters: flowid 106 _base_rtt=11685600 _base_bdp=146070 _bdp=146070 _min_cwnd=4150 _maxwnd=219105 _cwnd=219105
Initialize per-instance NSCC parameters: flowid 107 _base_rtt=11685600 _base_bdp=146070 _bdp=146070 _min_cwnd=4150 _maxwnd=219105 _cwnd=219105
Initialize per-instance NSCC parameters: flowid 108 _base_rtt=11685600 _base_bdp=146070 _bdp=146070 _min_cwnd=4150 _maxwnd=219105 _cwnd=219105
Initialize per-instance NSCC parameters: flowid 109 _base_rtt=11685600 _base_bdp=146070 _bdp=146070 _min_cwnd=4150 _maxwnd=219105 _cwnd=219105
Initialize per-instance NSCC parameters: flowid 110 _base_rtt=11685600 _base_bdp=146070 _bdp=146070 _min_cwnd=4150 _maxwnd=219105 _cwnd=219105
Initialize per-instance NSCC parameters: flowid 111 _base_rtt=11685600 _base_bdp=146070 _bdp=146070 _min_cwnd=4150 _maxwnd=219105 _cwnd=219105
Initialize per-instance NSCC parameters: flowid 112 _base_rtt=11685600 _base_bdp=146070 _bdp=146070 _min_cwnd=4150 _maxwnd=219105 _cwnd=219105
Initialize per-instance NSCC parameters: flowid 113 _base_rtt=11685600 _base_bdp=146070 _bdp=146070 _min_cwnd=4150 _maxwnd=219105 _cwnd=219105
Initialize per-instance NSCC parameters: flowid 114 _base_rtt=11685600 _base_bdp=146070 _bdp=146070 _min_cwnd=4150 _maxwnd=219105 _cwnd=219105
Initialize per-instance NSCC parameters: flowid 115 _base_rtt=11685600 _base_bdp=146070 _bdp=146070 _min_cwnd=4150 _maxwnd=219105 _cwnd=219105
Initialize per-instance NSCC parameters: flowid 116 _base_rtt=11685600 _base_bdp=146070 _bdp=146070 _min_cwnd=4150 _maxwnd=219105 _cwnd=219105
Initialize per-instance NSCC parameters: flowid 117 _base_rtt=11685600 _base_bdp=146070 _bdp=146070 _min_cwnd=4150 _maxwnd=219105 _cwnd=219105
Initialize per-instance NSCC parameters: flowid 118 _base_rtt=11685600 _base_bdp=146070 _bdp=146070 _min_cwnd=4150 _maxwnd=219105 _cwnd=219105
Initialize per-instance NSCC parameters: flowid 119 _base_rtt=11685600 _base_bdp=146070 _bdp=146070 _min_cwnd=4150 _maxwnd=219105 _cwnd=219105
Initialize per-instance NSCC parameters: flowid 120 _base_rtt=11685600 _base_bdp=146070 _bdp=146070 _min_cwnd=4150 _maxwnd=219105 _cwnd=219105
Initialize per-instance NSCC parameters: flowid 121 _base_rtt=11685600 _base_bdp=146070 _bdp=146070 _min_cwnd=4150 _maxwnd=219105 _cwnd=219105
Initialize per-instance NSCC parameters: flowid 122 _base_rtt=11685600 _base_bdp=146070 _bdp=146070 _min_cwnd=4150 _maxwnd=219105 _cwnd=219105
Initialize per-instance NSCC parameters: flowid 123 _base_rtt=11685600 _base_bdp=146070 _bdp=146070 _min_cwnd=4150 _maxwnd=219105 _cwnd=219105
Initialize per-instance NSCC parameters: flowid 124 _base_rtt=11685600 _base_bdp=146070 _bdp=146070 _min_cwnd=4150 _maxwnd=219105 _cwnd=219105
Initialize per-instance NSCC parameters: flowid 125 _base_rtt=11685600 _base_bdp=146070 _bdp=146070 _min_cwnd=4150 _maxwnd=219105 _cwnd=219105
Initialize per-instance NSCC parameters: flowid 126 _base_rtt=11685600 _base_bdp=146070 _bdp=146070 _min_cwnd=4150 _maxwnd=219105 _cwnd=219105
Initialize per-instance NSCC parameters: flowid 127 _base_rtt=11685600 _base_bdp=146070 _bdp=146070 _min_cwnd=4150 _maxwnd=219105 _cwnd=219105
Initialize per-instance NSCC parameters: flowid 128 _base_rtt=11685600 _base_bdp=146070 _bdp=146070 _min_cwnd=4150 _maxwnd=219105 _cwnd=219105
Initialize per-instance NSCC parameters: flowid 129 _base_rtt=11685600 _base_bdp=146070 _bdp=146070 _min_cwnd=4150 _maxwnd=219105 _cwnd=219105
Initialize per-instance NSCC parameters: flowid 130 _base_rtt=11685600 _base_bdp=146070 _bdp=146070 _min_cwnd=4150 _maxwnd=219105 _cwnd=219105
Initialize per-instance NSCC parameters: flowid 131 _base_rtt=11685600 _base_bdp=146070 _bdp=146070 _min_cwnd=4150 _maxwnd=219105 _cwnd=219105
Initialize per-instance NSCC parameters: flowid 132 _base_rtt=11685600 _base_bdp=146070 _bdp=146070 _min_cwnd=4150 _maxwnd=219105 _cwnd=219105
Initialize per-instance NSCC parameters: flowid 133 _base_rtt=11685600 _base_bdp=146070 _bdp=146070 _min_cwnd=4150 _maxwnd=219105 _cwnd=219105
Initialize per-instance NSCC parameters: flowid 134 _base_rtt=11685600 _base_bdp=146070 _bdp=146070 _min_cwnd=4150 _maxwnd=219105 _cwnd=219105
Initialize per-instance NSCC parameters: flowid 135 _base_rtt=11685600 _base_bdp=146070 _bdp=146070 _min_cwnd=4150 _maxwnd=219105 _cwnd=219105
Initialize per-instance NSCC parameters: flowid 136 _base_rtt=11685600 _base_bdp=146070 _bdp=146070 _min_cwnd=4150 _maxwnd=219105 _cwnd=219105
Initialize per-instance NSCC parameters: flowid 137 _base_rtt=11685600 _base_bdp=146070 _bdp=146070 _min_cwnd=4150 _maxwnd=219105 _cwnd=219105
Initialize per-instance NSCC parameters: flowid 138 _base_rtt=11685600 _base_bdp=146070 _bdp=146070 _min_cwnd=4150 _maxwnd=219105 _cwnd=219105
Initialize per-instance NSCC parameters: flowid 139 _base_rtt=11685600 _base_bdp=146070 _bdp=146070 _min_cwnd=4150 _maxwnd=219105 _cwnd=219105
Initialize per-instance NSCC parameters: flowid 140 _base_rtt=11685600 _base_bdp=146070 _bdp=146070 _min_cwnd=4150 _maxwnd=219105 _cwnd=219105
Initialize per-instance NSCC parameters: flowid 141 _base_rtt=11685600 _base_bdp=146070 _bdp=146070 _min_cwnd=4150 _maxwnd=219105 _cwnd=219105
Initialize per-instance NSCC parameters: flowid 142 _base_rtt=11685600 _base_bdp=146070 _bdp=146070 _min_cwnd=4150 _maxwnd=219105 _cwnd=219105
Initialize per-instance NSCC parameters: flowid 143 _base_rtt=11685600 _base_bdp=146070 _bdp=146070 _min_cwnd=4150 _maxwnd=219105 _cwnd=219105
Initialize per-instance NSCC parameters: flowid 144 _base_rtt=11685600 _base_bdp=146070 _bdp=146070 _min_cwnd=4150 _maxwnd=219105 _cwnd=219105
Starting simulation
Flow Uec_22_271 flowId 1 uecSrc 0 starting at 0
Flow Uec_242_475 flowId 2 uecSrc 1 starting at 0
Flow Uec_505_163 flowId 3 uecSrc 2 starting at 0
Flow Uec_420_86 flowId 4 uecSrc 3 starting at 0
Flow Uec_27_279 flowId 5 uecSrc 4 starting at 0
Flow Uec_423_125 flowId 6 uecSrc 5 starting at 0
Flow Uec_294_572 flowId 7 uecSrc 6 starting at 0
Flow Uec_419_127 flowId 8 uecSrc 7 starting at 0
Flow Uec_440_64 flowId 9 uecSrc 8 starting at 0
Flow Uec_234_476 flowId 10 uecSrc 9 starting at 0
Flow Uec_567_242 flowId 11 uecSrc 10 starting at 0
Flow Uec_96_321 flowId 12 uecSrc 11 starting at 0
Flow Uec_245_480 flowId 13 uecSrc 12 starting at 0
Flow Uec_2_308 flowId 14 uecSrc 13 starting at 0
Flow Uec_76_360 flowId 15 uecSrc 14 starting at 0
Flow Uec_56_263 flowId 16 uecSrc 15 starting at 0
Flow Uec_556_238 flowId 17 uecSrc 16 starting at 0
Flow Uec_115_335 flowId 18 uecSrc 17 starting at 0
Flow Uec_58_260 flowId 19 uecSrc 18 starting at 0
Flow Uec_471_138 flowId 20 uecSrc 19 starting at 0
Flow Uec_213_489 flowId 21 uecSrc 20 starting at 0
Flow Uec_548_197 flowId 22 uecSrc 21 starting at 0
Flow Uec_563_248 flowId 23 uecSrc 22 starting at 0
Flow Uec_19_267 flowId 24 uecSrc 23 starting at 0
Flow Uec_171_405 flowId 25 uecSrc 24 starting at 0
Flow Uec_500_129 flowId 26 uecSrc 25 starting at 0
Flow Uec_78_368 flowId 27 uecSrc 26 starting at 0
Flow Uec_390_96 flowId 28 uecSrc 27 starting at 0
Flow Uec_183_396 flowId 29 uecSrc 28 starting at 0
Flow Uec_268_528 flowId 30 uecSrc 29 starting at 0
Flow Uec_100_353 flowId 31 uecSrc 30 starting at 0
Flow Uec_289_529 flowId 32 uecSrc 31 starting at 0
Flow Uec_341_13 flowId 33 uecSrc 32 starting at 0
Flow Uec_153_434 flowId 34 uecSrc 33 starting at 0
Flow Uec_542_234 flowId 35 uecSrc 34 starting at 0
Flow Uec_351_59 flowId 36 uecSrc 35 starting at 0
Flow Uec_243_486 flowId 37 uecSrc 36 starting at 0
Flow Uec_39_270 flowId 38 uecSrc 37 starting at 0
Flow Uec_323_15 flowId 39 uecSrc 38 starting at 0
Flow Uec_111_362 flowId 40 uecSrc 39 starting at 0
Flow Uec_552_254 flowId 41 uecSrc 40 starting at 0
Flow Uec_72_324 flowId 42 uecSrc 41 starting at 0
Flow Uec_354_60 flowId 43 uecSrc 42 starting at 0
Flow Uec_147_436 flowId 44 uecSrc 43 starting at 0
Flow Uec_29_299 flowId 45 uecSrc 44 starting at 0
Flow Uec_202_456 flowId 46 uecSrc 45 starting at 0
Flow Uec_186_407 flowId 47 uecSrc 46 starting at 0
Flow Uec_286_541 flowId 48 uecSrc 47 starting at 0
Flow Uec_409_119 flowId 49 uecSrc 48 starting at 0
Flow Uec_36_276 flowId 50 uecSrc 49 starting at 0
Flow Uec_197_503 flowId 51 uecSrc 50 starting at 0
Flow Uec_343_28 flowId 52 uecSrc 51 starting at 0
Flow Uec_543_212 flowId 53 uecSrc 52 starting at 0
Flow Uec_46_257 flowId 54 uecSrc 53 starting at 0
Flow Uec_187_439 flowId 55 uecSrc 54 starting at 0
Flow Uec_531_230 flowId 56 uecSrc 55 starting at 0
Flow Uec_295_558 flowId 57 uecSrc 56 starting at 0
Flow Uec_553_209 flowId 58 uecSrc 57 starting at 0
Flow Uec_472_180 flowId 59 uecSrc 58 starting at 0
Flow Uec_139_412 flowId 60 uecSrc 59 starting at 0
Flow Uec_117_322 flowId 61 uecSrc 60 starting at 0
Flow Uec_571_202 flowId 62 uecSrc 61 starting at 0
Flow Uec_475_173 flowId 63 uecSrc 62 starting at 0
Flow Uec_540_226 flowId 64 uecSrc 63 starting at 0
Flow Uec_495_150 flowId 65 uecSrc 64 starting at 0
Flow Uec_480_171 flowId 66 uecSrc 65 starting at 0
Flow Uec_484_172 flowId 67 uecSrc 66 starting at 0
Flow Uec_395_99 flowId 68 uecSrc 67 starting at 0
Flow Uec_566_233 flowId 69 uecSrc 68 starting at 0
Flow Uec_146_441 flowId 70 uecSrc 69 starting at 0
Flow Uec_432_115 flowId 71 uecSrc 70 starting at 0
Flow Uec_319_556 flowId 72 uecSrc 71 starting at 0
Flow Uec_547_206 flowId 73 uecSrc 72 starting at 0
Flow Uec_315_555 flowId 74 uecSrc 73 starting at 0
Flow Uec_237_457 flowId 75 uecSrc 74 starting at 0
Flow Uec_335_40 flowId 76 uecSrc 75 starting at 0
Flow Uec_176_384 flowId 77 uecSrc 76 starting at 0
Flow Uec_344_53 flowId 78 uecSrc 77 starting at 0
Flow Uec_112_346 flowId 79 uecSrc 78 starting at 0
Flow Uec_558_200 flowId 80 uecSrc 79 starting at 0
Flow Uec_272_535 flowId 81 uecSrc 80 starting at 0
Flow Uec_124_376 flowId 82 uecSrc 81 starting at 0
Flow Uec_360_5 flowId 83 uecSrc 82 starting at 0
Flow Uec_559_229 flowId 84 uecSrc 83 starting at 0
Flow Uec_215_504 flowId 85 uecSrc 84 starting at 0
Flow Uec_479_177 flowId 86 uecSrc 85 starting at 0
Flow Uec_478_190 flowId 87 uecSrc 86 starting at 0
Flow Uec_160_388 flowId 88 uecSrc 87 starting at 0
Flow Uec_298_559 flowId 89 uecSrc 88 starting at 0
Flow Uec_192_506 flowId 90 uecSrc 89 starting at 0
Flow Uec_240_462 flowId 91 uecSrc 90 starting at 0
Flow Uec_453_191 flowId 92 uecSrc 91 starting at 0
Flow Uec_67_356 flowId 93 uecSrc 92 starting at 0
Flow Uec_515_196 flowId 94 uecSrc 93 starting at 0
Flow Uec_541_220 flowId 95 uecSrc 94 starting at 0
Flow Uec_214_488 flowId 96 uecSrc 95 starting at 0
Flow Uec_149_445 flowId 97 uecSrc 96 starting at 0
Flow Uec_61_310 flowId 98 uecSrc 97 starting at 0
Flow Uec_74_354 flowId 99 uecSrc 98 starting at 0
Flow Uec_260_560 flowId 100 uecSrc 99 starting at 0
Flow Uec_429_117 flowId 101 uecSrc 100 starting at 0
Flow Uec_43_294 flowId 102 uecSrc 101 starting at 0
Flow Uec_42_256 flowId 103 uecSrc 102 starting at 0
Flow Uec_26_288 flowId 104 uecSrc 103 starting at 0
Flow Uec_265_526 flowId 105 uecSrc 104 starting at 0
Flow Uec_130_446 flowId 106 uecSrc 105 starting at 0
Flow Uec_573_245 flowId 107 uecSrc 106 starting at 0
Flow Uec_107_363 flowId 108 uecSrc 107 starting at 0
Flow Uec_250_460 flowId 109 uecSrc 108 starting at 0
Flow Uec_497_146 flowId 110 uecSrc 109 starting at 0
Flow Uec_463_182 flowId 111 uecSrc 110 starting at 0
Flow Uec_510_179 flowId 112 uecSrc 111 starting at 0
Flow Uec_522_211 flowId 113 uecSrc 112 starting at 0
Flow Uec_220_500 flowId 114 uecSrc 113 starting at 0
Flow Uec_554_250 flowId 115 uecSrc 114 starting at 0
Flow Uec_241_449 flowId 116 uecSrc 115 starting at 0
Flow Uec_489_148 flowId 117 uecSrc 116 starting at 0
Flow Uec_572_213 flowId 118 uecSrc 117 starting at 0
Flow Uec_16_300 flowId 119 uecSrc 118 starting at 0
Flow Uec_244_461 flowId 120 uecSrc 119 starting at 0
Flow Uec_233_501 flowId 121 uecSrc 120 starting at 0
Flow Uec_454_140 flowId 122 uecSrc 121 starting at 0
Flow Uec_93_329 flowId 123 uecSrc 122 starting at 0
Flow Uec_198_470 flowId 124 uecSrc 123 starting at 0
Flow Uec_483_164 flowId 125 uecSrc 124 starting at 0
Flow Uec_201_459 flowId 126 uecSrc 125 starting at 0
Flow Uec_530_240 flowId 127 uecSrc 126 starting at 0
Flow Uec_212_492 flowId 128 uecSrc 127 starting at 0
Flow Uec_561_236 flowId 129 uecSrc 128 starting at 0
Flow Uec_444_105 flowId 130 uecSrc 129 starting at 0
Flow Uec_157_432 flowId 131 uecSrc 130 starting at 0
Flow Uec_238_473 flowId 132 uecSrc 131 starting at 0
Flow Uec_486_139 flowId 133 uecSrc 132 starting at 0
Flow Uec_493_158 flowId 134 uecSrc 133 starting at 0
Flow Uec_189_387 flowId 135 uecSrc 134 starting at 0
Flow Uec_439_114 flowId 136 uecSrc 135 starting at 0
Flow Uec_167_398 flowId 137 uecSrc 136 starting at 0
Flow Uec_277_514 flowId 138 uecSrc 137 starting at 0
Flow Uec_8_258 flowId 139 uecSrc 138 starting at 0
Flow Uec_136_401 flowId 140 uecSrc 139 starting at 0
Flow Uec_32_298 flowId 141 uecSrc 140 starting at 0
Flow Uec_355_34 flowId 142 uecSrc 141 starting at 0
Flow Uec_80_383 flowId 143 uecSrc 142 starting at 0
Flow Uec_339_33 flowId 144 uecSrc 143 starting at 0
Flow Uec_100_353 flowId 31 uecSrc 30 finished at 175.858 total messages 1 total packets 490 RTS 0 total bytes 2002140 in_flight now 0 fair_inc 0 prop_inc 87341 fast_inc 0 eta_inc 8344 multi_dec -0 quick_dec -0 nack_dec -0
Flow Uec_419_127 flowId 8 uecSrc 7 finished at 175.908 total messages 1 total packets 490 RTS 0 total bytes 2002140 in_flight now 0 fair_inc 0 prop_inc 76513 fast_inc 0 eta_inc 8344 multi_dec -0 quick_dec -0 nack_dec -0
Flow Uec_472_180 flowId 59 uecSrc 58 finished at 176.192 total messages 1 total packets 490 RTS 0 total bytes 2002140 in_flight now 0 fair_inc 0 prop_inc 84811 fast_inc 0 eta_inc 8344 multi_dec -0 quick_dec -0 nack_dec -0
Flow Uec_27_279 flowId 5 uecSrc 4 finished at 176.197 total messages 1 total packets 490 RTS 0 total bytes 2002140 in_flight now 0 fair_inc 1489 prop_inc 69566 fast_inc 0 eta_inc 8344 multi_dec -0 quick_dec -0 nack_dec -0
Flow Uec_272_535 flowId 81 uecSrc 80 finished at 176.202 total messages 1 total packets 490 RTS 0 total bytes 2002140 in_flight now 0 fair_inc 0 prop_inc 78484 fast_inc 0 eta_inc 8344 multi_dec -0 quick_dec -0 nack_dec -0
Flow Uec_268_528 flowId 30 uecSrc 29 finished at 176.219 total messages 1 total packets 490 RTS 0 total bytes 2002140 in_flight now 0 fair_inc 0 prop_inc 80045 fast_inc 0 eta_inc 8344 multi_dec -0 quick_dec -0 nack_dec -0
Flow Uec_112_346 flowId 79 uecSrc 78 finished at 176.257 total messages 1 total packets 490 RTS 0 total bytes 2002140 in_flight now 0 fair_inc 0 prop_inc 77829 fast_inc 0 eta_inc 8344 multi_dec -0 quick_dec -0 nack_dec -0
Flow Uec_315_555 flowId 74 uecSrc 73 finished at 176.362 total messages 1 total packets 490 RTS 0 total bytes 2002140 in_flight now 0 fair_inc 0 prop_inc 87050 fast_inc 0 eta_inc 8344 multi_dec -0 quick_dec -0 nack_dec -0
Flow Uec_39_270 flowId 38 uecSrc 37 finished at 176.518 total messages 1 total packets 490 RTS 0 total bytes 2002140 in_flight now 0 fair_inc 0 prop_inc 75110 fast_inc 0 eta_inc 8344 multi_dec -0 quick_dec -0 nack_dec -0
Flow Uec_124_376 flowId 82 uecSrc 81 finished at 176.518 total messages 1 total packets 490 RTS 0 total bytes 2002140 in_flight now 0 fair_inc 0 prop_inc 70630 fast_inc 0 eta_inc 8344 multi_dec -0 quick_dec -0 nack_dec -0
Flow Uec_147_436 flowId 44 uecSrc 43 finished at 176.518 total messages 1 total packets 490 RTS 0 total bytes 2002140 in_flight now 0 fair_inc 0 prop_inc 80466 fast_inc 0 eta_inc 8344 multi_dec -0 quick_dec -0 nack_dec -0
Flow Uec_439_114 flowId 136 uecSrc 135 finished at 176.522 total messages 1 total packets 490 RTS 0 total bytes 2002140 in_flight now 0 fair_inc 0 prop_inc 71964 fast_inc 0 eta_inc 8344 multi_dec -0 quick_dec -0 nack_dec -0
Flow Uec_26_288 flowId 104 uecSrc 103 finished at 176.524 total messages 1 total packets 490 RTS 0 total bytes 2002140 in_flight now 0 fair_inc 0 prop_inc 72294 fast_inc 0 eta_inc 8344 multi_dec -0 quick_dec -0 nack_dec -0
Flow Uec_189_387 flowId 135 uecSrc 134 finished at 176.526 total messages 1 total packets 490 RTS 0 total bytes 2002140 in_flight now 0 fair_inc 0 prop_inc 76775 fast_inc 0 eta_inc 8344 multi_dec -0 quick_dec -0 nack_dec -0
Flow Uec_29_299 flowId 45 uecSrc 44 finished at 176.528 total messages 1 total packets 490 RTS 0 total bytes 2002140 in_flight now 0 fair_inc 0 prop_inc 80500 fast_inc 0 eta_inc 8344 multi_dec -0 quick_dec -0 nack_dec -0
Flow Uec_453_191 flowId 92 uecSrc 91 finished at 176.532 total messages 1 total packets 490 RTS 0 total bytes 2002140 in_flight now 0 fair_inc 2976 prop_inc 72157 fast_inc 0 eta_inc 8344 multi_dec -0 quick_dec -0 nack_dec -0
Flow Uec_130_446 flowId 106 uecSrc 105 finished at 176.553 total messages 1 total packets 490 RTS 0 total bytes 2002140 in_flight now 0 fair_inc 0 prop_inc 60645 fast_inc 0 eta_inc 8344 multi_dec -0 quick_dec -0 nack_dec -0
Flow Uec_294_572 flowId 7 uecSrc 6 finished at 176.564 total messages 1 total packets 490 RTS 0 total bytes 2002140 in_flight now 0 fair_inc 0 prop_inc 83467 fast_inc 0 eta_inc 8344 multi_dec -0 quick_dec -0 nack_dec -0
Flow Uec_478_190 flowId 87 uecSrc 86 finished at 176.596 total messages 1 total packets 490 RTS 0 total bytes 2002140 in_flight now 0 fair_inc 0 prop_inc 79241 fast_inc 0 eta_inc 8344 multi_dec -0 quick_dec -0 nack_dec -0
Flow Uec_420_86 flowId 4 uecSrc 3 finished at 176.621 total messages 1 total packets 490 RTS 0 total bytes 2002140 in_flight now 0 fair_inc 0 prop_inc 75241 fast_inc 0 eta_inc 8344 multi_dec -0 quick_dec -0 nack_dec -0
Flow Uec_111_362 flowId 40 uecSrc 39 finished at 176.622 total messages 1 total packets 490 RTS 0 total bytes 2002140 in_flight now 0 fair_inc 0 prop_inc 71783 fast_inc 0 eta_inc 8344 multi_dec -0 quick_dec -0 nack_dec -0
Flow Uec_2_308 flowId 14 uecSrc 13 finished at 176.663 total messages 1 total packets 490 RTS 0 total bytes 2002140 in_flight now 0 fair_inc 0 prop_inc 72148 fast_inc 0 eta_inc 8344 multi_dec -0 quick_dec -0 nack_dec -0
Flow Uec_444_105 flowId 130 uecSrc 129 finished at 176.702 total messages 1 total packets 490 RTS 0 total bytes 2002140 in_flight now 0 fair_inc 0 prop_inc 71492 fast_inc 0 eta_inc 7748 multi_dec -0 quick_dec -0 nack_dec -0
Flow Uec_149_445 flowId 97 uecSrc 96 finished at 176.722 total messages 1 total packets 490 RTS 0 total bytes 2002140 in_flight now 0 fair_inc 0 prop_inc 67179 fast_inc 0 eta_inc 8344 multi_dec -0 quick_dec -0 nack_dec -0
Flow Uec_289_529 flowId 32 uecSrc 31 finished at 176.733 total messages 1 total packets 490 RTS 0 total bytes 2002140 in_flight now 0 fair_inc 0 prop_inc 69424 fast_inc 0 eta_inc 8344 multi_dec -0 quick_dec -0 nack_dec -0
Flow Uec_260_560 flowId 100 uecSrc 99 finished at 176.744 total messages 1 total packets 490 RTS 0 total bytes 2002140 in_flight now 0 fair_inc 0 prop_inc 74909 fast_inc 0 eta_inc 8344 multi_dec -0 quick_dec -0 nack_dec -0
Flow Uec_187_439 flowId 55 uecSrc 54 finished at 176.796 total messages 1 total packets 490 RTS 0 total bytes 2002140 in_flight now 0 fair_inc 0 prop_inc 70547 fast_inc 0 eta_inc 8344 multi_dec -0 quick_dec -0 nack_dec -0
Flow Uec_115_335 flowId 18 uecSrc 17 finished at 176.799 total messages 1 total packets 490 RTS 0 total bytes 2002140 in_flight now 0 fair_inc 0 prop_inc 77786 fast_inc 0 eta_inc 8344 multi_dec -0 quick_dec -0 nack_dec -0
Flow Uec_390_96 flowId 28 uecSrc 27 finished at 176.799 total messages 1 total packets 490 RTS 0 total bytes 2002140 in_flight now 0 fair_inc 0 prop_inc 74604 fast_inc 0 eta_inc 8344 multi_dec -0 quick_dec -0 nack_dec -0
Flow Uec_454_140 flowId 122 uecSrc 121 finished at 176.804 total messages 1 total packets 490 RTS 0 total bytes 2002140 in_flight now 0 fair_inc 0 prop_inc 62466 fast_inc 0 eta_inc 8344 multi_dec -0 quick_dec -0 nack_dec -0
Flow Uec_286_541 flowId 48 uecSrc 47 finished at 176.826 total messages 1 total packets 490 RTS 0 total bytes 2002140 in_flight now 0 fair_inc 0 prop_inc 72888 fast_inc 0 eta_inc 8344 multi_dec -0 quick_dec -0 nack_dec -0
Flow Uec_471_138 flowId 20 uecSrc 19 finished at 176.85 total messages 1 total packets 490 RTS 0 total bytes 2002140 in_flight now 0 fair_inc 0 prop_inc 67530 fast_inc 0 eta_inc 8344 multi_dec -0 quick_dec -0 nack_dec -0
Flow Uec_409_119 flowId 49 uecSrc 48 finished at 176.85 total messages 1 total packets 490 RTS 0 total bytes 2002140 in_flight now 0 fair_inc 0 prop_inc 70536 fast_inc 0 eta_inc 8344 multi_dec -0 quick_dec -0 nack_dec -0
Flow Uec_265_526 flowId 105 uecSrc 104 finished at 176.85 total messages 1 total packets 490 RTS 0 total bytes 2002140 in_flight now 0 fair_inc 0 prop_inc 63327 fast_inc 0 eta_inc 8344 multi_dec -0 quick_dec -0 nack_dec -0
Flow Uec_489_148 flowId 117 uecSrc 116 finished at 176.854 total messages 1 total packets 490 RTS 0 total bytes 2002140 in_flight now 0 fair_inc 1490 prop_inc 69576 fast_inc 0 eta_inc 8344 multi_dec -0 quick_dec -0 nack_dec -0
Flow Uec_176_384 flowId 77 uecSrc 76 finished at 176.854 total messages 1 total packets 490 RTS 0 total bytes 2002140 in_flight now 0 fair_inc 0 prop_inc 61757 fast_inc 0 eta_inc 8344 multi_dec -0 quick_dec -0 nack_dec -0
Flow Uec_186_407 flowId 47 uecSrc 46 finished at 176.854 total messages 1 total packets 490 RTS 0 total bytes 2002140 in_flight now 0 fair_inc 0 prop_inc 70695 fast_inc 0 eta_inc 8344 multi_dec -0 quick_dec -0 nack_dec -0
Flow Uec_42_256 flowId 103 uecSrc 102 finished at 176.854 total messages 1 total packets 490 RTS 0 total bytes 2002140 in_flight now 0 fair_inc 0 prop_inc 74945 fast_inc 0 eta_inc 8344 multi_dec -0 quick_dec -0 nack_dec -0
Flow Uec_93_329 flowId 123 uecSrc 122 finished at 176.856 total messages 1 total packets 490 RTS 0 total bytes 2002140 in_flight now 0 fair_inc 0 prop_inc 65254 fast_inc 0 eta_inc 8344 multi_dec -0 quick_dec -0 nack_dec -0
Flow Uec_483_164 flowId 125 uecSrc 124 finished at 176.858 total messages 1 total packets 490 RTS 0 total bytes 2002140 in_flight now 0 fair_inc 1488 prop_inc 71190 fast_inc 0 eta_inc 8344 multi_dec -0 quick_dec -0 nack_dec -0
Flow Uec_505_163 flowId 3 uecSrc 2 finished at 176.865 total messages 1 total packets 490 RTS 0 total bytes 2002140 in_flight now 0 fair_inc 1493 prop_inc 64595 fast_inc 0 eta_inc 8344 multi_dec -0 quick_dec -0 nack_dec -0
Flow Uec_423_125 flowId 6 uecSrc 5 finished at 176.87 total messages 1 total packets 490 RTS 0 total bytes 2002140 in_flight now 0 fair_inc 0 prop_inc 64665 fast_inc 0 eta_inc 8344 multi_dec -0 quick_dec -0 nack_dec -0
Flow Uec_183_396 flowId 29 uecSrc 28 finished at 176.885 total messages 1 total packets 490 RTS 0 total bytes 2002140 in_flight now 0 fair_inc 0 prop_inc 70863 fast_inc 0 eta_inc 8344 multi_dec -0 quick_dec -0 nack_dec -0
Flow Uec_8_258 flowId 139 uecSrc 138 finished at 176.936 total messages 1 total packets 490 RTS 0 total bytes 2002140 in_flight now 0 fair_inc 1490 prop_inc 65758 fast_inc 0 eta_inc 8344 multi_dec -0 quick_dec -0 nack_dec -0
Flow Uec_360_5 flowId 83 uecSrc 82 finished at 176.945 total messages 1 total packets 490 RTS 0 total bytes 2002140 in_flight now 0 fair_inc 0 prop_inc 85242 fast_inc 0 eta_inc 7748 multi_dec -0 quick_dec -0 nack_dec -0
Flow Uec_341_13 flowId 33 uecSrc 32 finished at 176.952 total messages 1 total packets 490 RTS 0 total bytes 2002140 in_flight now 0 fair_inc 0 prop_inc 79739 fast_inc 0 eta_inc 8344 multi_dec -0 quick_dec -0 nack_dec -0
Flow Uec_96_321 flowId 12 uecSrc 11 finished at 176.958 total messages 1 total packets 490 RTS 0 total bytes 2002140 in_flight now 0 fair_inc 0 prop_inc 73526 fast_inc 0 eta_inc 8344 multi_dec -0 quick_dec -0 nack_dec -0
Flow Uec_212_492 flowId 128 uecSrc 127 finished at 176.989 total messages 1 total packets 490 RTS 0 total bytes 2002140 in_flight now 0 fair_inc 0 prop_inc 79958 fast_inc 0 eta_inc 8344 multi_dec -0 quick_dec -0 nack_dec -0
Flow Uec_36_276 flowId 50 uecSrc 49 finished at 177.034 total messages 1 total packets 490 RTS 0 total bytes 2002140 in_flight now 0 fair_inc 0 prop_inc 69615 fast_inc 0 eta_inc 8344 multi_dec -0 quick_dec -0 nack_dec -0
Flow Uec_160_388 flowId 88 uecSrc 87 finished at 177.035 total messages 1 total packets 490 RTS 0 total bytes 2002140 in_flight now 0 fair_inc 0 prop_inc 70257 fast_inc 0 eta_inc 7748 multi_dec -0 quick_dec -0 nack_dec -0
Flow Uec_493_158 flowId 134 uecSrc 133 finished at 177.054 total messages 1 total packets 490 RTS 0 total bytes 2002140 in_flight now 0 fair_inc 0 prop_inc 67421 fast_inc 0 eta_inc 8344 multi_dec -0 quick_dec -0 nack_dec -0
Flow Uec_319_556 flowId 72 uecSrc 71 finished at 177.086 total messages 1 total packets 490 RTS 0 total bytes 2002140 in_flight now 0 fair_inc 0 prop_inc 67327 fast_inc 0 eta_inc 8344 multi_dec -0 quick_dec -0 nack_dec -0
Flow Uec_43_294 flowId 102 uecSrc 101 finished at 177.104 total messages 1 total packets 490 RTS 0 total bytes 2002140 in_flight now 0 fair_inc 0 prop_inc 76123 fast_inc 0 eta_inc 8344 multi_dec -0 quick_dec -0 nack_dec -0
Flow Uec_277_514 flowId 138 uecSrc 137 finished at 177.114 total messages 1 total packets 490 RTS 0 total bytes 2002140 in_flight now 0 fair_inc 0 prop_inc 73264 fast_inc 0 eta_inc 8344 multi_dec -0 quick_dec -0 nack_dec -0
Flow Uec_80_383 flowId 143 uecSrc 142 finished at 177.117 total messages 1 total packets 490 RTS 0 total bytes 2002140 in_flight now 0 fair_inc 0 prop_inc 69885 fast_inc 0 eta_inc 8344 multi_dec -0 quick_dec -0 nack_dec -0
Flow Uec_497_146 flowId 110 uecSrc 109 finished at 177.121 total messages 1 total packets 490 RTS 0 total bytes 2002140 in_flight now 0 fair_inc 0 prop_inc 66737 fast_inc 0 eta_inc 8344 multi_dec -0 quick_dec -0 nack_dec -0
Flow Uec_76_360 flowId 15 uecSrc 14 finished at 177.138 total messages 1 total packets 490 RTS 0 total bytes 2002140 in_flight now 0 fair_inc 0 prop_inc 58771 fast_inc 0 eta_inc 8344 multi_dec -0 quick_dec -0 nack_dec -0
Flow Uec_74_354 flowId 99 uecSrc 98 finished at 177.162 total messages 1 total packets 490 RTS 0 total bytes 2002140 in_flight now 0 fair_inc 0 prop_inc 70550 fast_inc 0 eta_inc 8344 multi_dec -0 quick_dec -0 nack_dec -0
Flow Uec_295_558 flowId 57 uecSrc 56 finished at 177.163 total messages 1 total packets 490 RTS 0 total bytes 2002140 in_flight now 0 fair_inc 0 prop_inc 71889 fast_inc 0 eta_inc 8344 multi_dec -0 quick_dec -0 nack_dec -0
Flow Uec_479_177 flowId 86 uecSrc 85 finished at 177.182 total messages 1 total packets 490 RTS 0 total bytes 2002140 in_flight now 0 fair_inc 0 prop_inc 69490 fast_inc 0 eta_inc 8344 multi_dec -0 quick_dec -0 nack_dec -0
Flow Uec_547_206 flowId 73 uecSrc 72 finished at 177.182 total messages 1 total packets 490 RTS 0 total bytes 2002140 in_flight now 0 fair_inc 2981 prop_inc 64942 fast_inc 0 eta_inc 8344 multi_dec -0 quick_dec -0 nack_dec -0
Flow Uec_153_434 flowId 34 uecSrc 33 finished at 177.182 total messages 1 total packets 490 RTS 0 total bytes 2002140 in_flight now 0 fair_inc 0 prop_inc 73734 fast_inc 0 eta_inc 8344 multi_dec -0 quick_dec -0 nack_dec -0
Flow Uec_16_300 flowId 119 uecSrc 118 finished at 177.182 total messages 1 total packets 490 RTS 0 total bytes 2002140 in_flight now 0 fair_inc 0 prop_inc 64865 fast_inc 0 eta_inc 8344 multi_dec -0 quick_dec -0 nack_dec -0
Flow Uec_167_398 flowId 137 uecSrc 136 finished at 177.186 total messages 1 total packets 490 RTS 0 total bytes 2002140 in_flight now 0 fair_inc 0 prop_inc 66878 fast_inc 0 eta_inc 8344 multi_dec -0 quick_dec -0 nack_dec -0
Flow Uec_61_310 flowId 98 uecSrc 97 finished at 177.186 total messages 1 total packets 490 RTS 0 total bytes 2002140 in_flight now 0 fair_inc 2978 prop_inc 66900 fast_inc 0 eta_inc 8344 multi_dec -0 quick_dec -0 nack_dec -0
Flow Uec_56_263 flowId 16 uecSrc 15 finished at 177.197 total messages 1 total packets 490 RTS 0 total bytes 2002140 in_flight now 0 fair_inc 2967 prop_inc 67445 fast_inc 0 eta_inc 8344 multi_dec -0 quick_dec -0 nack_dec -0
Flow Uec_46_257 flowId 54 uecSrc 53 finished at 177.223 total messages 1 total packets 490 RTS 0 total bytes 2002140 in_flight now 0 fair_inc 2981 prop_inc 64174 fast_inc 0 eta_inc 8344 multi_dec -0 quick_dec -0 nack_dec -0
Flow Uec_192_506 flowId 90 uecSrc 89 finished at 177.252 total messages 1 total packets 490 RTS 0 total bytes 2002140 in_flight now 0 fair_inc 0 prop_inc 73614 fast_inc 0 eta_inc 8344 multi_dec -0 quick_dec -0 nack_dec -0
Flow Uec_146_441 flowId 70 uecSrc 69 finished at 177.254 total messages 1 total packets 490 RTS 0 total bytes 2002140 in_flight now 0 fair_inc 0 prop_inc 69777 fast_inc 0 eta_inc 8344 multi_dec -0 quick_dec -0 nack_dec -0
Flow Uec_107_363 flowId 108 uecSrc 107 finished at 177.29 total messages 1 total packets 490 RTS 0 total bytes 2002140 in_flight now 0 fair_inc 0 prop_inc 64438 fast_inc 0 eta_inc 8344 multi_dec -0 quick_dec -0 nack_dec -0
Flow Uec_463_182 flowId 111 uecSrc 110 finished at 177.291 total messages 1 total packets 490 RTS 0 total bytes 2002140 in_flight now 0 fair_inc 2978 prop_inc 70068 fast_inc 0 eta_inc 8344 multi_dec -0 quick_dec -0 nack_dec -0
Flow Uec_157_432 flowId 131 uecSrc 130 finished at 177.296 total messages 1 total packets 490 RTS 0 total bytes 2002140 in_flight now 0 fair_inc 0 prop_inc 62927 fast_inc 0 eta_inc 8344 multi_dec -0 quick_dec -0 nack_dec -0
Flow Uec_542_234 flowId 35 uecSrc 34 finished at 177.308 total messages 1 total packets 490 RTS 0 total bytes 2002140 in_flight now 0 fair_inc 1492 prop_inc 69036 fast_inc 0 eta_inc 8344 multi_dec -0 quick_dec -0 nack_dec -0
Flow Uec_484_172 flowId 67 uecSrc 66 finished at 177.355 total messages 1 total packets 490 RTS 0 total bytes 2002140 in_flight now 0 fair_inc 1489 prop_inc 70067 fast_inc 0 eta_inc 8344 multi_dec -0 quick_dec -0 nack_dec -0
Flow Uec_548_197 flowId 22 uecSrc 21 finished at 177.355 total messages 1 total packets 490 RTS 0 total bytes 2002140 in_flight now 0 fair_inc 3352 prop_inc 66196 fast_inc 0 eta_inc 8344 multi_dec -0 quick_dec -0 nack_dec -0
Flow Uec_67_356 flowId 93 uecSrc 92 finished at 177.366 total messages 1 total packets 490 RTS 0 total bytes 2002140 in_flight now 0 fair_inc 0 prop_inc 75918 fast_inc 0 eta_inc 8344 multi_dec -0 quick_dec -0 nack_dec -0
Flow Uec_117_322 flowId 61 uecSrc 60 finished at 177.366 total messages 1 total packets 490 RTS 0 total bytes 2002140 in_flight now 0 fair_inc 0 prop_inc 73595 fast_inc 0 eta_inc 8344 multi_dec -0 quick_dec -0 nack_dec -0
Flow Uec_530_240 flowId 127 uecSrc 126 finished at 177.366 total messages 1 total packets 490 RTS 0 total bytes 2002140 in_flight now 0 fair_inc 0 prop_inc 73756 fast_inc 0 eta_inc 8344 multi_dec -0 quick_dec -0 nack_dec -0
Flow Uec_72_324 flowId 42 uecSrc 41 finished at 177.371 total messages 1 total packets 490 RTS 0 total bytes 2002140 in_flight now 0 fair_inc 0 prop_inc 66527 fast_inc 0 eta_inc 8344 multi_dec -0 quick_dec -0 nack_dec -0
Flow Uec_440_64 flowId 9 uecSrc 8 finished at 177.378 total messages 1 total packets 490 RTS 0 total bytes 2002140 in_flight now 0 fair_inc 0 prop_inc 77147 fast_inc 0 eta_inc 8344 multi_dec -0 quick_dec -0 nack_dec -0
Flow Uec_136_401 flowId 140 uecSrc 139 finished at 177.378 total messages 1 total packets 490 RTS 0 total bytes 2002140 in_flight now 0 fair_inc 0 prop_inc 70856 fast_inc 0 eta_inc 8344 multi_dec -0 quick_dec -0 nack_dec -0
Flow Uec_429_117 flowId 101 uecSrc 100 finished at 177.392 total messages 1 total packets 490 RTS 0 total bytes 2002140 in_flight now 0 fair_inc 0 prop_inc 62576 fast_inc 0 eta_inc 8344 multi_dec -0 quick_dec -0 nack_dec -0
Flow Uec_198_470 flowId 124 uecSrc 123 finished at 177.443 total messages 1 total packets 490 RTS 0 total bytes 2002140 in_flight now 0 fair_inc 0 prop_inc 67841 fast_inc 0 eta_inc 8344 multi_dec -0 quick_dec -0 nack_dec -0
Flow Uec_515_196 flowId 94 uecSrc 93 finished at 177.463 total messages 1 total packets 490 RTS 0 total bytes 2002140 in_flight now 0 fair_inc 1495 prop_inc 70254 fast_inc 0 eta_inc 8344 multi_dec -0 quick_dec -0 nack_dec -0
Flow Uec_510_179 flowId 112 uecSrc 111 finished at 177.514 total messages 1 total packets 490 RTS 0 total bytes 2002140 in_flight now 0 fair_inc 5950 prop_inc 67876 fast_inc 0 eta_inc 8344 multi_dec -0 quick_dec -0 nack_dec -0
Flow Uec_540_226 flowId 64 uecSrc 63 finished at 177.514 total messages 1 total packets 490 RTS 0 total bytes 2002140 in_flight now 0 fair_inc 0 prop_inc 64618 fast_inc 0 eta_inc 8344 multi_dec -0 quick_dec -0 nack_dec -0
Flow Uec_475_173 flowId 63 uecSrc 62 finished at 177.514 total messages 1 total packets 490 RTS 0 total bytes 2002140 in_flight now 0 fair_inc 1488 prop_inc 67513 fast_inc 0 eta_inc 8344 multi_dec -0 quick_dec -0 nack_dec -0
Flow Uec_335_40 flowId 76 uecSrc 75 finished at 177.518 total messages 1 total packets 490 RTS 0 total bytes 2002140 in_flight now 0 fair_inc 0 prop_inc 81021 fast_inc 0 eta_inc 7748 multi_dec -0 quick_dec -0 nack_dec -0
Flow Uec_214_488 flowId 96 uecSrc 95 finished at 177.518 total messages 1 total packets 490 RTS 0 total bytes 2002140 in_flight now 0 fair_inc 2979 prop_inc 58899 fast_inc 0 eta_inc 8344 multi_dec -0 quick_dec -0 nack_dec -0
Flow Uec_233_501 flowId 121 uecSrc 120 finished at 177.533 total messages 1 total packets 490 RTS 0 total bytes 2002140 in_flight now 0 fair_inc 0 prop_inc 71769 fast_inc 0 eta_inc 8344 multi_dec -0 quick_dec -0 nack_dec -0
Flow Uec_234_476 flowId 10 uecSrc 9 finished at 177.565 total messages 1 total packets 490 RTS 0 total bytes 2002140 in_flight now 0 fair_inc 1488 prop_inc 68319 fast_inc 0 eta_inc 8344 multi_dec -0 quick_dec -0 nack_dec -0
Flow Uec_197_503 flowId 51 uecSrc 50 finished at 177.585 total messages 1 total packets 490 RTS 0 total bytes 2002140 in_flight now 0 fair_inc 0 prop_inc 79398 fast_inc 0 eta_inc 8344 multi_dec -0 quick_dec -0 nack_dec -0
Flow Uec_563_248 flowId 23 uecSrc 22 finished at 177.596 total messages 1 total packets 490 RTS 0 total bytes 2002140 in_flight now 0 fair_inc 4471 prop_inc 65259 fast_inc 0 eta_inc 8344 multi_dec -0 quick_dec -0 nack_dec -0
Flow Uec_215_504 flowId 85 uecSrc 84 finished at 177.653 total messages 1 total packets 490 RTS 0 total bytes 2002140 in_flight now 0 fair_inc 1491 prop_inc 65485 fast_inc 0 eta_inc 8344 multi_dec -0 quick_dec -0 nack_dec -0
Flow Uec_139_412 flowId 60 uecSrc 59 finished at 177.658 total messages 1 total packets 490 RTS 0 total bytes 2002140 in_flight now 0 fair_inc 0 prop_inc 72420 fast_inc 0 eta_inc 8344 multi_dec -0 quick_dec -0 nack_dec -0
Flow Uec_78_368 flowId 27 uecSrc 26 finished at 177.698 total messages 1 total packets 490 RTS 0 total bytes 2002140 in_flight now 0 fair_inc 0 prop_inc 76701 fast_inc 0 eta_inc 8344 multi_dec -0 quick_dec -0 nack_dec -0
Flow Uec_171_405 flowId 25 uecSrc 24 finished at 177.698 total messages 1 total packets 490 RTS 0 total bytes 2002140 in_flight now 0 fair_inc 0 prop_inc 84557 fast_inc 0 eta_inc 8344 multi_dec -0 quick_dec -0 nack_dec -0
Flow Uec_573_245 flowId 107 uecSrc 106 finished at 177.714 total messages 1 total packets 490 RTS 0 total bytes 2002140 in_flight now 0 fair_inc 0 prop_inc 67277 fast_inc 0 eta_inc 8344 multi_dec -0 quick_dec -0 nack_dec -0
Flow Uec_572_213 flowId 118 uecSrc 117 finished at 177.739 total messages 1 total packets 490 RTS 0 total bytes 2002140 in_flight now 0 fair_inc 1491 prop_inc 75055 fast_inc 0 eta_inc 8344 multi_dec -0 quick_dec -0 nack_dec -0
Flow Uec_220_500 flowId 114 uecSrc 113 finished at 177.747 total messages 1 total packets 490 RTS 0 total bytes 2002140 in_flight now 0 fair_inc 1494 prop_inc 70191 fast_inc 0 eta_inc 8344 multi_dec -0 quick_dec -0 nack_dec -0
Flow Uec_32_298 flowId 141 uecSrc 140 finished at 177.771 total messages 1 total packets 490 RTS 0 total bytes 2002140 in_flight now 0 fair_inc 0 prop_inc 59083 fast_inc 0 eta_inc 8344 multi_dec -0 quick_dec -0 nack_dec -0
Flow Uec_58_260 flowId 19 uecSrc 18 finished at 177.781 total messages 1 total packets 490 RTS 0 total bytes 2002140 in_flight now 0 fair_inc 0 prop_inc 67881 fast_inc 0 eta_inc 8344 multi_dec -0 quick_dec -0 nack_dec -0
Flow Uec_480_171 flowId 66 uecSrc 65 finished at 177.792 total messages 1 total packets 490 RTS 0 total bytes 2002140 in_flight now 0 fair_inc 1490 prop_inc 63890 fast_inc 0 eta_inc 8344 multi_dec -0 quick_dec -0 nack_dec -0
Flow Uec_395_99 flowId 68 uecSrc 67 finished at 177.858 total messages 1 total packets 490 RTS 0 total bytes 2002140 in_flight now 0 fair_inc 0 prop_inc 76089 fast_inc 0 eta_inc 8344 multi_dec -0 quick_dec -0 nack_dec -0
Flow Uec_486_139 flowId 133 uecSrc 132 finished at 177.944 total messages 1 total packets 490 RTS 0 total bytes 2002140 in_flight now 0 fair_inc 0 prop_inc 72461 fast_inc 0 eta_inc 8344 multi_dec -0 quick_dec -0 nack_dec -0
Flow Uec_571_202 flowId 62 uecSrc 61 finished at 177.95 total messages 1 total packets 490 RTS 0 total bytes 2002140 in_flight now 0 fair_inc 0 prop_inc 63711 fast_inc 0 eta_inc 8344 multi_dec -0 quick_dec -0 nack_dec -0
Flow Uec_500_129 flowId 26 uecSrc 25 finished at 178.066 total messages 1 total packets 490 RTS 0 total bytes 2002140 in_flight now 0 fair_inc 0 prop_inc 80841 fast_inc 0 eta_inc 8344 multi_dec -0 quick_dec -0 nack_dec -0
Flow Uec_495_150 flowId 65 uecSrc 64 finished at 178.134 total messages 1 total packets 490 RTS 0 total bytes 2002140 in_flight now 0 fair_inc 2984 prop_inc 69208 fast_inc 0 eta_inc 8344 multi_dec -0 quick_dec -0 nack_dec -0
Flow Uec_245_480 flowId 13 uecSrc 12 finished at 178.169 total messages 1 total packets 490 RTS 0 total bytes 2002140 in_flight now 0 fair_inc 0 prop_inc 66802 fast_inc 0 eta_inc 8344 multi_dec -0 quick_dec -0 nack_dec -0
Flow Uec_241_449 flowId 116 uecSrc 115 finished at 178.178 total messages 1 total packets 490 RTS 0 total bytes 2002140 in_flight now 0 fair_inc 0 prop_inc 70766 fast_inc 0 eta_inc 8344 multi_dec -0 quick_dec -0 nack_dec -0
Flow Uec_351_59 flowId 36 uecSrc 35 finished at 178.227 total messages 1 total packets 490 RTS 0 total bytes 2002140 in_flight now 0 fair_inc 0 prop_inc 75036 fast_inc 0 eta_inc 7748 multi_dec -0 quick_dec -0 nack_dec -0
Flow Uec_298_559 flowId 89 uecSrc 88 finished at 178.406 total messages 1 total packets 490 RTS 0 total bytes 2002140 in_flight now 0 fair_inc 0 prop_inc 66408 fast_inc 0 eta_inc 7748 multi_dec -0 quick_dec -0 nack_dec -0
Flow Uec_242_475 flowId 2 uecSrc 1 finished at 178.432 total messages 1 total packets 490 RTS 0 total bytes 2002140 in_flight now 0 fair_inc 4857 prop_inc 52575 fast_inc 0 eta_inc 8344 multi_dec -0 quick_dec -0 nack_dec -0
Flow Uec_339_33 flowId 144 uecSrc 143 finished at 178.55 total messages 1 total packets 490 RTS 0 total bytes 2002140 in_flight now 0 fair_inc 0 prop_inc 72388 fast_inc 0 eta_inc 7748 multi_dec -0 quick_dec -0 nack_dec -0
Flow Uec_238_473 flowId 132 uecSrc 131 finished at 178.552 total messages 1 total packets 490 RTS 0 total bytes 2002140 in_flight now 0 fair_inc 0 prop_inc 66528 fast_inc 0 eta_inc 8344 multi_dec -0 quick_dec -0 nack_dec -0
Flow Uec_561_236 flowId 129 uecSrc 128 finished at 178.614 total messages 1 total packets 490 RTS 0 total bytes 2002140 in_flight now 0 fair_inc 4469 prop_inc 63126 fast_inc 0 eta_inc 8344 multi_dec -0 quick_dec -0 nack_dec -0
Flow Uec_432_115 flowId 71 uecSrc 70 finished at 178.624 total messages 1 total packets 490 RTS 0 total bytes 2002140 in_flight now 0 fair_inc 0 prop_inc 71968 fast_inc 0 eta_inc 8344 multi_dec -0 quick_dec -0 nack_dec -0
Flow Uec_323_15 flowId 39 uecSrc 38 finished at 178.969 total messages 1 total packets 490 RTS 0 total bytes 2002140 in_flight now 0 fair_inc 0 prop_inc 76833 fast_inc 0 eta_inc 8344 multi_dec -0 quick_dec -0 nack_dec -0
Flow Uec_237_457 flowId 75 uecSrc 74 finished at 179.014 total messages 1 total packets 490 RTS 0 total bytes 2002140 in_flight now 0 fair_inc 1488 prop_inc 58477 fast_inc 0 eta_inc 8344 multi_dec -0 quick_dec -0 nack_dec -0
Flow Uec_19_267 flowId 24 uecSrc 23 finished at 179.026 total messages 1 total packets 490 RTS 0 total bytes 2002140 in_flight now 0 fair_inc 0 prop_inc 68928 fast_inc 0 eta_inc 8344 multi_dec -0 quick_dec -0 nack_dec -0
Flow Uec_558_200 flowId 80 uecSrc 79 finished at 179.169 total messages 1 total packets 490 RTS 0 total bytes 2002140 in_flight now 0 fair_inc 6341 prop_inc 50768 fast_inc 0 eta_inc 8344 multi_dec -0 quick_dec -0 nack_dec -0
Flow Uec_355_34 flowId 142 uecSrc 141 finished at 179.193 total messages 1 total packets 490 RTS 0 total bytes 2002140 in_flight now 0 fair_inc 0 prop_inc 70054 fast_inc 0 eta_inc 8344 multi_dec -0 quick_dec -0 nack_dec -0
Flow Uec_344_53 flowId 78 uecSrc 77 finished at 179.313 total messages 1 total packets 490 RTS 0 total bytes 2002140 in_flight now 0 fair_inc 0 prop_inc 74226 fast_inc 0 eta_inc 8344 multi_dec -0 quick_dec -0 nack_dec -0
Flow Uec_213_489 flowId 21 uecSrc 20 finished at 179.401 total messages 1 total packets 490 RTS 0 total bytes 2002140 in_flight now 0 fair_inc 1493 prop_inc 66823 fast_inc 0 eta_inc 8344 multi_dec -0 quick_dec -0 nack_dec -0
Flow Uec_343_28 flowId 52 uecSrc 51 finished at 179.506 total messages 1 total packets 490 RTS 0 total bytes 2002140 in_flight now 0 fair_inc 0 prop_inc 71551 fast_inc 0 eta_inc 8344 multi_dec -0 quick_dec -0 nack_dec -0
Flow Uec_553_209 flowId 58 uecSrc 57 finished at 179.506 total messages 1 total packets 490 RTS 0 total bytes 2002140 in_flight now 0 fair_inc 2239 prop_inc 59702 fast_inc 0 eta_inc 8344 multi_dec -0 quick_dec -0 nack_dec -0
Flow Uec_541_220 flowId 95 uecSrc 94 finished at 179.512 total messages 1 total packets 490 RTS 0 total bytes 2002140 in_flight now 0 fair_inc 1487 prop_inc 67074 fast_inc 0 eta_inc 8344 multi_dec -0 quick_dec -0 nack_dec -0
Flow Uec_243_486 flowId 37 uecSrc 36 finished at 179.724 total messages 1 total packets 490 RTS 0 total bytes 2002140 in_flight now 0 fair_inc 374 prop_inc 62439 fast_inc 0 eta_inc 8344 multi_dec -0 quick_dec -0 nack_dec -0
Flow Uec_522_211 flowId 113 uecSrc 112 finished at 179.737 total messages 1 total packets 490 RTS 0 total bytes 2002140 in_flight now 0 fair_inc 0 prop_inc 65778 fast_inc 0 eta_inc 8344 multi_dec -0 quick_dec -0 nack_dec -0
Flow Uec_552_254 flowId 41 uecSrc 40 finished at 179.859 total messages 1 total packets 490 RTS 0 total bytes 2002140 in_flight now 0 fair_inc 2240 prop_inc 51435 fast_inc 0 eta_inc 8344 multi_dec -0 quick_dec -0 nack_dec -0
Flow Uec_22_271 flowId 1 uecSrc 0 finished at 180.302 total messages 1 total packets 490 RTS 0 total bytes 2002140 in_flight now 0 fair_inc 0 prop_inc 79047 fast_inc 0 eta_inc 8344 multi_dec -0 quick_dec -0 nack_dec -0
Flow Uec_354_60 flowId 43 uecSrc 42 finished at 180.86 total messages 1 total packets 490 RTS 0 total bytes 2002140 in_flight now 0 fair_inc 0 prop_inc 75054 fast_inc 0 eta_inc 7748 multi_dec -0 quick_dec -0 nack_dec -0
Flow Uec_567_242 flowId 11 uecSrc 10 finished at 181.065 total messages 1 total packets 490 RTS 0 total bytes 2002140 in_flight now 0 fair_inc 0 prop_inc 71376 fast_inc 0 eta_inc 8344 multi_dec -0 quick_dec -0 nack_dec -0
Flow Uec_559_229 flowId 84 uecSrc 83 finished at 181.087 total messages 1 total packets 490 RTS 0 total bytes 2002140 in_flight now 0 fair_inc 5233 prop_inc 52952 fast_inc 0 eta_inc 8344 multi_dec -0 quick_dec -0 nack_dec -0
Flow Uec_201_459 flowId 126 uecSrc 125 finished at 181.659 total messages 1 total packets 490 RTS 0 total bytes 2002140 in_flight now 0 fair_inc 2979 prop_inc 54416 fast_inc 0 eta_inc 8344 multi_dec -0 quick_dec -0 nack_dec -0
Flow Uec_543_212 flowId 53 uecSrc 52 finished at 181.729 total messages 1 total packets 490 RTS 0 total bytes 2002140 in_flight now 0 fair_inc 4457 prop_inc 61918 fast_inc 0 eta_inc 8344 multi_dec -0 quick_dec -0 nack_dec -0
Flow Uec_566_233 flowId 69 uecSrc 68 finished at 182.066 total messages 1 total packets 490 RTS 0 total bytes 2002140 in_flight now 0 fair_inc 2992 prop_inc 57829 fast_inc 0 eta_inc 8344 multi_dec -0 quick_dec -0 nack_dec -0
Flow Uec_554_250 flowId 115 uecSrc 114 finished at 182.58 total messages 1 total packets 490 RTS 0 total bytes 2002140 in_flight now 0 fair_inc 4855 prop_inc 48938 fast_inc 0 eta_inc 8344 multi_dec -0 quick_dec -0 nack_dec -0
Flow Uec_250_460 flowId 109 uecSrc 108 finished at 183.158 total messages 1 total packets 490 RTS 0 total bytes 2002140 in_flight now 0 fair_inc 3356 prop_inc 57431 fast_inc 0 eta_inc 8344 multi_dec -0 quick_dec -0 nack_dec -0
Flow Uec_556_238 flowId 17 uecSrc 16 finished at 183.572 total messages 1 total packets 490 RTS 0 total bytes 2002140 in_flight now 0 fair_inc 4104 prop_inc 56370 fast_inc 0 eta_inc 8344 multi_dec -0 quick_dec -0 nack_dec -0
Flow Uec_531_230 flowId 56 uecSrc 55 finished at 184.061 total messages 1 total packets 490 RTS 0 total bytes 2002140 in_flight now 0 fair_inc 0 prop_inc 63529 fast_inc 0 eta_inc 8344 multi_dec -0 quick_dec -0 nack_dec -0
Flow Uec_202_456 flowId 46 uecSrc 45 finished at 184.154 total messages 1 total packets 490 RTS 0 total bytes 2002140 in_flight now 0 fair_inc 1496 prop_inc 61210 fast_inc 0 eta_inc 8344 multi_dec -0 quick_dec -0 nack_dec -0
Flow Uec_240_462 flowId 91 uecSrc 90 finished at 184.486 total messages 1 total packets 490 RTS 0 total bytes 2002140 in_flight now 0 fair_inc 1865 prop_inc 54454 fast_inc 0 eta_inc 8344 multi_dec -0 quick_dec -0 nack_dec -0
Flow Uec_244_461 flowId 120 uecSrc 119 finished at 184.818 total messages 1 total packets 490 RTS 0 total bytes 2002140 in_flight now 0 fair_inc 2990 prop_inc 60461 fast_inc 0 eta_inc 8344 multi_dec -0 quick_dec -0 nack_dec -0
.Done
New: 70560 Rtx: 0 RTS: 0 Bounced: 0 ACKs: 18559 NACKs: 0 Pulls: 0 sleek_pkts: 0
