Load balancing algorithm set to oblivious
no_of_nodes 576
Dragonfly+ strategy: FPAR
Setting queuesize to 50 packets
endtime(us) 100000
random seed 5
Using generated Dragonfly+ tornado traffic instead of -tm
Tornado active connections 144
Tornado flow size 2000000 bytes
queue size threshold 20750
Forcing per-hop RTT normalization OFF regardless of strategy.
Packet size (MTU) is 4150
Parsed args
Logging to 576_nodes/runs/tornado_fpar_tuned_load0.25_fs2000000_seed5.dat
Setting ECN low 33200 high 120350
Dragonfly+ with medium topology type
Link latencies: 1 and switch latencies: 0
queue_id 2 ecn_low 33200 ecn_high 120350
DragonFly+ constructor done, 576 nodes created
Generating tornado connection matrix: python3 connection_matrices/gen_tornado_dfp.py /tmp/dfp_tornado_22151.cm 576 144 2000000 0.0 5 8 8
Nodes:  576
Connections:  144
Flowsize:  2000000 bytes
ExtraStartTime:  0.0 us
Random Seed  5
Dragonfly+ p= 8 l= 8
group_size=64  no_groups=9  opposite group offset=4
Loading generated tornado connection matrix from /tmp/dfp_tornado_22151.cm
Nodes: 576 Connections: 144 Triggers: 0 Failures: 0
network_max_unloaded_rtt 11.6856 us
Setting min RTO to 114.6
Per-hop RTT normalization: OFF (strategy fpar)
Initializing static NSCC parameters: _reference_network_linkspeed=100000000000 _reference_network_rtt=12000000 _reference_network_bdp=150000 _target_Qdelay=8764200 _network_linkspeed=100000000000 _network_rtt=11685600 _network_bdp=146070 _qa_gate=2^3 _qa_threshold=3.50568e+07 _scaling_factor_a=0.9738 _scaling_factor_b=0.73035 _alpha=0.00132632 _fi=19894.7 _eta=596.842 _qa_scaling=1 _gamma=0.8 _fi_scale=0.24345 _delay_alpha=0.0125 _adjust_period_threshold=11685600 _adjust_bytes_threshold=33200
Initialize per-instance NSCC parameters: flowid 1 _base_rtt=11685600 _base_bdp=146070 _bdp=146070 _min_cwnd=4150 _maxwnd=219105 _cwnd=219105
Initialize per-instance NSCC parameters: flowid 2 _base_rtt=11685600 _base_bdp=146070 _bdp=146070 _min_cwnd=4150 _maxwnd=219105 _cwnd=219105
Initialize per-instance NSCC parameters: flowid 3 _base_rtt=11685600 _base_bdp=146070 _bdp=146070 _min_cwnd=4150 _maxwnd=219105 _cwnd=219105
Initialize per-instance NSCC parameters: flowid 4 _base_rtt=11685600 _base_bdp=146070 _bdp=146070 _min_cwnd=4150 _maxwnd=219105 _cwnd=219105
Initialize per-instance NSCC parameters: flowid 5 _base_rtt=11685600 _base_bdp=146070 _bdp=146070 _min_cwnd=4150 _maxwnd=219105 _cwnd=219105
Initialize per-instance NSCC parameters: flowid 6 _base_rtt=11685600 _base_bdp=146070 _bdp=146070 _min_cwnd=4150 _maxwnd=219105 _cwnd=219105
Initialize per-instance NSCC parameters: flowid 7 _base_rtt=11685600 _base_bdp=146070 _bdp=146070 _min_cwnd=4150 _maxwnd=219105 _cwnd=219105
Initialize per-instance NSCC parameters: flowid 8 _base_rtt=11685600 _base_bdp=146070 _bdp=146070 _min_cwnd=4150 _maxwnd=219105 _cwnd=219105
Initialize per-instance NSCC parameters: flowid 9 _base_rtt=11685600 _base_bdp=146070 _bdp=146070 _min_cwnd=4150 _maxwnd=219105 _cwnd=219105
Initialize per-instance NSCC parameters: flowid 10 _base_rtt=11685600 _base_bdp=146070 _bdp=146070 _min_cwnd=4150 _maxwnd=219105 _cwnd=219105
Initialize per-instance NSCC parameters: flowid 11 _base_rtt=11685600 _base_bdp=146070 _bdp=146070 _min_cwnd=4150 _maxwnd=219105 _cwnd=219105
Initialize per-instance NSCC parameters: flowid 12 _base_rtt=11685600 _base_bdp=146070 _bdp=146070 _min_cwnd=4150 _maxwnd=219105 _cwnd=219105
Initialize per-instance NSCC parameters: flowid 13 _base_rtt=11685600 _base_bdp=146070 _bdp=146070 _min_cwnd=4150 _maxwnd=219105 _cwnd=219105
Initialize per-instance NSCC parameters: flowid 14 _base_rtt=11685600 _base_bdp=146070 _bdp=146070 _min_cwnd=4150 _maxwnd=219105 _cwnd=219105
Initialize per-instance NSCC parameters: flowid 15 _base_rtt=11685600 _base_bdp=146070 _bdp=146070 _min_cwnd=4150 _maxwnd=219105 _cwnd=219105
Initialize per-instance NSCC parameters: flowid 16 _base_rtt=11685600 _base_bdp=146070 _bdp=146070 _min_cwnd=4150 _maxwnd=219105 _cwnd=219105
Initialize per-instance NSCC parameters: flowid 17 _base_rtt=11685600 _base_bdp=146070 _bdp=146070 _min_cwnd=4150 _maxwnd=219105 _cwnd=219105
Initialize per-instance NSCC parameters: flowid 18 _base_rtt=11685600 _base_bdp=146070 _bdp=146070 _min_cwnd=4150 _maxwnd=219105 _cwnd=219105
Initialize per-instance NSCC parameters: flowid 19 _base_rtt=11685600 _base_bdp=146070 _bdp=146070 _min_cwnd=4150 _maxwnd=219105 _cwnd=219105
Initialize per-instance NSCC parameters: flowid 20 _base_rtt=11685600 _base_bdp=146070 _bdp=146070 _min_cwnd=4150 _maxwnd=219105 _cwnd=219105
Initialize per-instance NSCC parameters: flowid 21 _base_rtt=11685600 _base_bdp=146070 _bdp=146070 _min_cwnd=4150 _maxwnd=219105 _cwnd=219105
Initialize per-instance NSCC parameters: flowid 22 _base_rtt=11685600 _base_bdp=146070 _bdp=146070 _min_cwnd=4150 _maxwnd=219105 _cwnd=219105
Initialize per-instance NSCC parameters: flowid 23 _base_rtt=11685600 _base_bdp=146070 _bdp=146070 _min_cwnd=4150 _maxwnd=219105 _cwnd=219105
Initialize per-instance NSCC parameters: flowid 24 _base_rtt=11685600 _base_bdp=146070 _bdp=146070 _min_cwnd=4150 _maxwnd=219105 _cwnd=219105
Initialize per-instance NSCC parameters: flowid 25 _base_rtt=11685600 _base_bdp=146070 _bdp=146070 _min_cwnd=4150 _maxwnd=219105 _cwnd=219105
Initialize per-instance NSCC parameters: flowid 26 _base_rtt=11685600 _base_bdp=146070 _bdp=146070 _min_cwnd=4150 _maxwnd=219105 _cwnd=219105
Initialize per-instance NSCC parameters: flowid 27 _base_rtt=11685600 _base_bdp=146070 _bdp=146070 _min_cwnd=4150 _maxwnd=219105 _cwnd=219105
Initialize per-instance NSCC parameters: flowid 28 _base_rtt=11685600 _base_bdp=146070 _bdp=146070 _min_cwnd=4150 _maxwnd=219105 _cwnd=219105
Initialize per-instance NSCC parameters: flowid 29 _base_rtt=11685600 _base_bdp=146070 _bdp=146070 _min_cwnd=4150 _maxwnd=219105 _cwnd=219105
Initialize per-instance NSCC parameters: flowid 30 _base_rtt=11685600 _base_bdp=146070 _bdp=146070 _min_cwnd=4150 _maxwnd=219105 _cwnd=219105
Initialize per-instance NSCC parameters: flowid 31 _base_rtt=11685600 _base_bdp=146070 _bdp=146070 _min_cwnd=4150 _maxwnd=219105 _cwnd=219105
Initialize per-instance NSCC parameters: flowid 32 _base_rtt=11685600 _base_bdp=146070 _bdp=146070 _min_cwnd=4150 _maxwnd=219105 _cwnd=219105
Initialize per-instance NSCC parameters: flowid 33 _base_rtt=11685600 _base_bdp=146070 _bdp=146070 _min_cwnd=4150 _maxwnd=219105 _cwnd=219105
Initialize per-instance NSCC parameters: flowid 34 _base_rtt=11685600 _base_bdp=146070 _bdp=146070 _min_cwnd=4150 _maxwnd=219105 _cwnd=219105
Initialize per-instance NSCC parameters: flowid 35 _base_rtt=11685600 _base_bdp=146070 _bdp=146070 _min_cwnd=4150 _maxwnd=219105 _cwnd=219105
Initialize per-instance NSCC parameters: flowid 36 _base_rtt=11685600 _base_bdp=146070 _bdp=146070 _min_cwnd=4150 _maxwnd=219105 _cwnd=219105
Initialize per-instance NSCC parameters: flowid 37 _base_rtt=11685600 _base_bdp=146070 _bdp=146070 _min_cwnd=4150 _maxwnd=219105 _cwnd=219105
Initialize per-instance NSCC parameters: flowid 38 _base_rtt=11685600 _base_bdp=146070 _bdp=146070 _min_cwnd=4150 _maxwnd=219105 _cwnd=219105
Initialize per-instance NSCC parameters: flowid 39 _base_rtt=11685600 _base_bdp=146070 _bdp=146070 _min_cwnd=4150 _maxwnd=219105 _cwnd=219105
Initialize per-instance NSCC parameters: flowid 40 _base_rtt=11685600 _base_bdp=146070 _bdp=146070 _min_cwnd=4150 _maxwnd=219105 _cwnd=219105
Initialize per-instance NSCC parameters: flowid 41 _base_rtt=11685600 _base_bdp=146070 _bdp=146070 _min_cwnd=4150 _maxwnd=219105 _cwnd=219105
Initialize per-instance NSCC parameters: flowid 42 _base_rtt=11685600 _base_bdp=146070 _bdp=146070 _min_cwnd=4150 _maxwnd=219105 _cwnd=219105
Initialize per-instance NSCC parameters: flowid 43 _base_rtt=11685600 _base_bdp=146070 _bdp=146070 _min_cwnd=4150 _maxwnd=219105 _cwnd=219105
Initialize per-instance NSCC parameters: flowid 44 _base_rtt=11685600 _base_bdp=146070 _bdp=146070 _min_cwnd=4150 _maxwnd=219105 _cwnd=219105
Initialize per-instance NSCC parameters: flowid 45 _base_rtt=11685600 _base_bdp=146070 _bdp=146070 _min_cwnd=4150 _maxwnd=219105 _cwnd=219105
Initialize per-instance NSCC parameters: flowid 46 _base_rtt=11685600 _base_bdp=146070 _bdp=146070 _min_cwnd=4150 _maxwnd=219105 _cwnd=219105
Initialize per-instance NSCC parameters: flowid 47 _base_rtt=11685600 _base_bdp=146070 _bdp=146070 _min_cwnd=4150 _maxwnd=219105 _cwnd=219105
Initialize per-instance NSCC parameters: flowid 48 _base_rtt=11685600 _base_bdp=146070 _bdp=146070 _min_cwnd=4150 _maxwnd=219105 _cwnd=219105
Initialize per-instance NSCC parameters: flowid 49 _base_rtt=11685600 _base_bdp=146070 _bdp=146070 _min_cwnd=4150 _maxwnd=219105 _cwnd=219105
Initialize per-instance NSCC parameters: flowid 50 _base_rtt=11685600 _base_bdp=146070 _bdp=146070 _min_cwnd=4150 _maxwnd=219105 _cwnd=219105
Initialize per-instance NSCC parameters: flowid 51 _base_rtt=11685600 _base_bdp=146070 _bdp=146070 _min_cwnd=4150 _maxwnd=219105 _cwnd=219105
Initialize per-instance NSCC parameters: flowid 52 _base_rtt=11685600 _base_bdp=146070 _bdp=146070 _min_cwnd=4150 _maxwnd=219105 _cwnd=219105
Initialize per-instance NSCC parameters: flowid 53 _base_rtt=11685600 _base_bdp=146070 _bdp=146070 _min_cwnd=4150 _maxwnd=219105 _cwnd=219105
Initialize per-instance NSCC parameters: flowid 54 _base_rtt=11685600 _base_bdp=146070 _bdp=146070 _min_cwnd=4150 _maxwnd=219105 _cwnd=219105
Initialize per-instance NSCC parameters: flowid 55 _base_rtt=11685600 _base_bdp=146070 _bdp=146070 _min_cwnd=4150 _maxwnd=219105 _cwnd=219105
Initialize per-instance NSCC parameters: flowid 56 _base_rtt=11685600 _base_bdp=146070 _bdp=146070 _min_cwnd=4150 _maxwnd=219105 _cwnd=219105
Initialize per-instance NSCC parameters: flowid 57 _base_rtt=11685600 _base_bdp=146070 _bdp=146070 _min_cwnd=4150 _maxwnd=219105 _cwnd=219105
Initialize per-instance NSCC parameters: flowid 58 _base_rtt=11685600 _base_bdp=146070 _bdp=146070 _min_cwnd=4150 _maxwnd=219105 _cwnd=219105
Initialize per-instance NSCC parameters: flowid 59 _base_rtt=11685600 _base_bdp=146070 _bdp=146070 _min_cwnd=4150 _maxwnd=219105 _cwnd=219105
Initialize per-instance NSCC parameters: flowid 60 _base_rtt=11685600 _base_bdp=146070 _bdp=146070 _min_cwnd=4150 _maxwnd=219105 _cwnd=219105
Initialize per-instance NSCC parameters: flowid 61 _base_rtt=11685600 _base_bdp=146070 _bdp=146070 _min_cwnd=4150 _maxwnd=219105 _cwnd=219105
Initialize per-instance NSCC parameters: flowid 62 _base_rtt=11685600 _base_bdp=146070 _bdp=146070 _min_cwnd=4150 _maxwnd=219105 _cwnd=219105
Initialize per-instance NSCC parameters: flowid 63 _base_rtt=11685600 _base_bdp=146070 _bdp=146070 _min_cwnd=4150 _maxwnd=219105 _cwnd=219105
Initialize per-instance NSCC parameters: flowid 64 _base_rtt=11685600 _base_bdp=146070 _bdp=146070 _min_cwnd=4150 _maxwnd=219105 _cwnd=219105
Initialize per-instance NSCC parameters: flowid 65 _base_rtt=11685600 _base_bdp=146070 _bdp=146070 _min_cwnd=4150 _maxwnd=219105 _cwnd=219105
Initialize per-instance NSCC parameters: flowid 66 _base_rtt=11685600 _base_bdp=146070 _bdp=146070 _min_cwnd=4150 _maxwnd=219105 _cwnd=219105
Initialize per-instance NSCC parameters: flowid 67 _base_rtt=11685600 _base_bdp=146070 _bdp=146070 _min_cwnd=4150 _maxwnd=219105 _cwnd=219105
Initialize per-instance NSCC parameters: flowid 68 _base_rtt=11685600 _base_bdp=146070 _bdp=146070 _min_cwnd=4150 _maxwnd=219105 _cwnd=219105
Initialize per-instance NSCC parameters: flowid 69 _base_rtt=11685600 _base_bdp=146070 _bdp=146070 _min_cwnd=4150 _maxwnd=219105 _cwnd=219105
Initialize per-instance NSCC parameters: flowid 70 _base_rtt=11685600 _base_bdp=146070 _bdp=146070 _min_cwnd=4150 _maxwnd=219105 _cwnd=219105
Initialize per-instance NSCC parameters: flowid 71 _base_rtt=11685600 _base_bdp=146070 _bdp=146070 _min_cwnd=4150 _maxwnd=219105 _cwnd=219105
Initialize per-instance NSCC parameters: flowid 72 _base_rtt=11685600 _base_bdp=146070 _bdp=146070 _min_cwnd=4150 _maxwnd=219105 _cwnd=219105
Initialize per-instance NSCC parameters: flowid 73 _base_rtt=11685600 _base_bdp=146070 _bdp=146070 _min_cwnd=4150 _maxwnd=219105 _cwnd=219105
Initialize per-instance NSCC parameters: flowid 74 _base_rtt=11685600 _base_bdp=146070 _bdp=146070 _min_cwnd=4150 _maxwnd=219105 _cwnd=219105
Initialize per-instance NSCC parameters: flowid 75 _base_rtt=11685600 _base_bdp=146070 _bdp=146070 _min_cwnd=4150 _maxwnd=219105 _cwnd=219105
Initialize per-instance NSCC parameters: flowid 76 _base_rtt=11685600 _base_bdp=146070 _bdp=146070 _min_cwnd=4150 _maxwnd=219105 _cwnd=219105
Initialize per-instance NSCC parameters: flowid 77 _base_rtt=11685600 _base_bdp=146070 _bdp=146070 _min_cwnd=4150 _maxwnd=219105 _cwnd=219105
Initialize per-instance NSCC parameters: flowid 78 _base_rtt=11685600 _base_bdp=146070 _bdp=146070 _min_cwnd=4150 _maxwnd=219105 _cwnd=219105
Initialize per-instance NSCC parameters: flowid 79 _base_rtt=11685600 _base_bdp=146070 _bdp=146070 _min_cwnd=4150 _maxwnd=219105 _cwnd=219105
Initialize per-instance NSCC parameters: flowid 80 _base_rtt=11685600 _base_bdp=146070 _bdp=146070 _min_cwnd=4150 _maxwnd=219105 _cwnd=219105
Initialize per-instance NSCC parameters: flowid 81 _base_rtt=11685600 _base_bdp=146070 _bdp=146070 _min_cwnd=4150 _maxwnd=219105 _cwnd=219105
Initialize per-instance NSCC parameters: flowid 82 _base_rtt=11685600 _base_bdp=146070 _bdp=146070 _min_cwnd=4150 _maxwnd=219105 _cwnd=219105
Initialize per-instance NSCC parameters: flowid 83 _base_rtt=11685600 _base_bdp=146070 _bdp=146070 _min_cwnd=4150 _maxwnd=219105 _cwnd=219105
Initialize per-instance NSCC parameters: flowid 84 _base_rtt=11685600 _base_bdp=146070 _bdp=146070 _min_cwnd=4150 _maxwnd=219105 _cwnd=219105
Initialize per-instance NSCC parameters: flowid 85 _base_rtt=11685600 _base_bdp=146070 _bdp=146070 _min_cwnd=4150 _maxwnd=219105 _cwnd=219105
Initialize per-instance NSCC parameters: flowid 86 _base_rtt=11685600 _base_bdp=146070 _bdp=146070 _min_cwnd=4150 _maxwnd=219105 _cwnd=219105
Initialize per-instance NSCC parameters: flowid 87 _base_rtt=11685600 _base_bdp=146070 _bdp=146070 _min_cwnd=4150 _maxwnd=219105 _cwnd=219105
Initialize per-instance NSCC parameters: flowid 88 _base_rtt=11685600 _base_bdp=146070 _bdp=146070 _min_cwnd=4150 _maxwnd=219105 _cwnd=219105
Initialize per-instance NSCC parameters: flowid 89 _base_rtt=11685600 _base_bdp=146070 _bdp=146070 _min_cwnd=4150 _maxwnd=219105 _cwnd=219105
Initialize per-instance NSCC parameters: flowid 90 _base_rtt=11685600 _base_bdp=146070 _bdp=146070 _min_cwnd=4150 _maxwnd=219105 _cwnd=219105
Initialize per-instance NSCC parameters: flowid 91 _base_rtt=11685600 _base_bdp=146070 _bdp=146070 _min_cwnd=4150 _maxwnd=219105 _cwnd=219105
Initialize per-instance NSCC parameters: flowid 92 _base_rtt=11685600 _base_bdp=146070 _bdp=146070 _min_cwnd=4150 _maxwnd=219105 _cwnd=219105
Initialize per-instance NSCC parameters: flowid 93 _base_rtt=11685600 _base_bdp=146070 _bdp=146070 _min_cwnd=4150 _maxwnd=219105 _cwnd=219105
Initialize per-instance NSCC parameters: flowid 94 _base_rtt=11685600 _base_bdp=146070 _bdp=146070 _min_cwnd=4150 _maxwnd=219105 _cwnd=219105
Initialize per-instance NSCC parameters: flowid 95 _base_rtt=11685600 _base_bdp=146070 _bdp=146070 _min_cwnd=4150 _maxwnd=219105 _cwnd=219105
Initialize per-instance NSCC parameters: flowid 96 _base_rtt=11685600 _base_bdp=146070 _bdp=146070 _min_cwnd=4150 _maxwnd=219105 _cwnd=219105
Initialize per-instance NSCC parameters: flowid 97 _base_rtt=11685600 _base_bdp=146070 _bdp=146070 _min_cwnd=4150 _maxwnd=219105 _cwnd=219105
Initialize per-instance NSCC parameters: flowid 98 _base_rtt=11685600 _base_bdp=146070 _bdp=146070 _min_cwnd=4150 _maxwnd=219105 _cwnd=219105
Initialize per-instance NSCC parameters: flowid 99 _base_rtt=11685600 _base_bdp=146070 _bdp=146070 _min_cwnd=4150 _maxwnd=219105 _cwnd=219105
Initialize per-instance NSCC parameters: flowid 100 _base_rtt=11685600 _base_bdp=146070 _bdp=146070 _min_cwnd=4150 _maxwnd=219105 _cwnd=219105
Initialize per-instance NSCC parameters: flowid 101 _base_rtt=11685600 _base_bdp=146070 _bdp=146070 _min_cwnd=4150 _maxwnd=219105 _cwnd=219105
Initialize per-instance NSCC parameters: flowid 102 _base_rtt=11685600 _base_bdp=146070 _bdp=146070 _min_cwnd=4150 _maxwnd=219105 _cwnd=219105
Initialize per-instance NSCC parameters: flowid 103 _base_rtt=11685600 _base_bdp=146070 _bdp=146070 _min_cwnd=4150 _maxwnd=219105 _cwnd=219105
Initialize per-instance NSCC parameters: flowid 104 _base_rtt=11685600 _base_bdp=146070 _bdp=146070 _min_cwnd=4150 _maxwnd=219105 _cwnd=219105
Initialize per-instance NSCC parameters: flowid 105 _base_rtt=11685600 _base_bdp=146070 _bdp=146070 _min_cwnd=4150 _maxwnd=219105 _cwnd=219105
Initialize per-instance NSCC parameters: flowid 106 _base_rtt=11685600 _base_bdp=146070 _bdp=146070 _min_cwnd=4150 _maxwnd=219105 _cwnd=219105
Initialize per-instance NSCC parameters: flowid 107 _base_rtt=11685600 _base_bdp=146070 _bdp=146070 _min_cwnd=4150 _maxwnd=219105 _cwnd=219105
Initialize per-instance NSCC parameters: flowid 108 _base_rtt=11685600 _base_bdp=146070 _bdp=146070 _min_cwnd=4150 _maxwnd=219105 _cwnd=219105
Initialize per-instance NSCC parameters: flowid 109 _base_rtt=11685600 _base_bdp=146070 _bdp=146070 _min_cwnd=4150 _maxwnd=219105 _cwnd=219105
Initialize per-instance NSCC parameters: flowid 110 _base_rtt=11685600 _base_bdp=146070 _bdp=146070 _min_cwnd=4150 _maxwnd=219105 _cwnd=219105
Initialize per-instance NSCC parameters: flowid 111 _base_rtt=11685600 _base_bdp=146070 _bdp=146070 _min_cwnd=4150 _maxwnd=219105 _cwnd=219105
Initialize per-instance NSCC parameters: flowid 112 _base_rtt=11685600 _base_bdp=146070 _bdp=146070 _min_cwnd=4150 _maxwnd=219105 _cwnd=219105
Initialize per-instance NSCC parameters: flowid 113 _base_rtt=11685600 _base_bdp=146070 _bdp=146070 _min_cwnd=4150 _maxwnd=219105 _cwnd=219105
Initialize per-instance NSCC parameters: flowid 114 _base_rtt=11685600 _base_bdp=146070 _bdp=146070 _min_cwnd=4150 _maxwnd=219105 _cwnd=219105
Initialize per-instance NSCC parameters: flowid 115 _base_rtt=11685600 _base_bdp=146070 _bdp=146070 _min_cwnd=4150 _maxwnd=219105 _cwnd=219105
Initialize per-instance NSCC parameters: flowid 116 _base_rtt=11685600 _base_bdp=146070 _bdp=146070 _min_cwnd=4150 _maxwnd=219105 _cwnd=219105
Initialize per-instance NSCC parameters: flowid 117 _base_rtt=11685600 _base_bdp=146070 _bdp=146070 _min_cwnd=4150 _maxwnd=219105 _cwnd=219105
Initialize per-instance NSCC parameters: flowid 118 _base_rtt=11685600 _base_bdp=146070 _bdp=146070 _min_cwnd=4150 _maxwnd=219105 _cwnd=219105
Initialize per-instance NSCC parameters: flowid 119 _base_rtt=11685600 _base_bdp=146070 _bdp=146070 _min_cwnd=4150 _maxwnd=219105 _cwnd=219105
Initialize per-instance NSCC parameters: flowid 120 _base_rtt=11685600 _base_bdp=146070 _bdp=146070 _min_cwnd=4150 _maxwnd=219105 _cwnd=219105
Initialize per-instance NSCC parameters: flowid 121 _base_rtt=11685600 _base_bdp=146070 _bdp=146070 _min_cwnd=4150 _maxwnd=219105 _cwnd=219105
Initialize per-instance NSCC parameters: flowid 122 _base_rtt=11685600 _base_bdp=146070 _bdp=146070 _min_cwnd=4150 _maxwnd=219105 _cwnd=219105
Initialize per-instance NSCC parameters: flowid 123 _base_rtt=11685600 _base_bdp=146070 _bdp=146070 _min_cwnd=4150 _maxwnd=219105 _cwnd=219105
Initialize per-instance NSCC parameters: flowid 124 _base_rtt=11685600 _base_bdp=146070 _bdp=146070 _min_cwnd=4150 _maxwnd=219105 _cwnd=219105
Initialize per-instance NSCC parameters: flowid 125 _base_rtt=11685600 _base_bdp=146070 _bdp=146070 _min_cwnd=4150 _maxwnd=219105 _cwnd=219105
Initialize per-instance NSCC parameters: flowid 126 _base_rtt=11685600 _base_bdp=146070 _bdp=146070 _min_cwnd=4150 _maxwnd=219105 _cwnd=219105
Initialize per-instance NSCC parameters: flowid 127 _base_rtt=11685600 _base_bdp=146070 _bdp=146070 _min_cwnd=4150 _maxwnd=219105 _cwnd=219105
Initialize per-instance NSCC parameters: flowid 128 _base_rtt=11685600 _base_bdp=146070 _bdp=146070 _min_cwnd=4150 _maxwnd=219105 _cwnd=219105
Initialize per-instance NSCC parameters: flowid 129 _base_rtt=11685600 _base_bdp=146070 _bdp=146070 _min_cwnd=4150 _maxwnd=219105 _cwnd=219105
Initialize per-instance NSCC parameters: flowid 130 _base_rtt=11685600 _base_bdp=146070 _bdp=146070 _min_cwnd=4150 _maxwnd=219105 _cwnd=219105
Initialize per-instance NSCC parameters: flowid 131 _base_rtt=11685600 _base_bdp=146070 _bdp=146070 _min_cwnd=4150 _maxwnd=219105 _cwnd=219105
Initialize per-instance NSCC parameters: flowid 132 _base_rtt=11685600 _base_bdp=146070 _bdp=146070 _min_cwnd=4150 _maxwnd=219105 _cwnd=219105
Initialize per-instance NSCC parameters: flowid 133 _base_rtt=11685600 _base_bdp=146070 _bdp=146070 _min_cwnd=4150 _maxwnd=219105 _cwnd=219105
Initialize per-instance NSCC parameters: flowid 134 _base_rtt=11685600 _base_bdp=146070 _bdp=146070 _min_cwnd=4150 _maxwnd=219105 _cwnd=219105
Initialize per-instance NSCC parameters: flowid 135 _base_rtt=11685600 _base_bdp=146070 _bdp=146070 _min_cwnd=4150 _maxwnd=219105 _cwnd=219105
Initialize per-instance NSCC parameters: flowid 136 _base_rtt=11685600 _base_bdp=146070 _bdp=146070 _min_cwnd=4150 _maxwnd=219105 _cwnd=219105
Initialize per-instance NSCC parameters: flowid 137 _base_rtt=11685600 _base_bdp=146070 _bdp=146070 _min_cwnd=4150 _maxwnd=219105 _cwnd=219105
Initialize per-instance NSCC parameters: flowid 138 _base_rtt=11685600 _base_bdp=146070 _bdp=146070 _min_cwnd=4150 _maxwnd=219105 _cwnd=219105
Initialize per-instance NSCC parameters: flowid 139 _base_rtt=11685600 _base_bdp=146070 _bdp=146070 _min_cwnd=4150 _maxwnd=219105 _cwnd=219105
Initialize per-instance NSCC parameters: flowid 140 _base_rtt=11685600 _base_bdp=146070 _bdp=146070 _min_cwnd=4150 _maxwnd=219105 _cwnd=219105
Initialize per-instance NSCC parameters: flowid 141 _base_rtt=11685600 _base_bdp=146070 _bdp=146070 _min_cwnd=4150 _maxwnd=219105 _cwnd=219105
Initialize per-instance NSCC parameters: flowid 142 _base_rtt=11685600 _base_bdp=146070 _bdp=146070 _min_cwnd=4150 _maxwnd=219105 _cwnd=219105
Initialize per-instance NSCC parameters: flowid 143 _base_rtt=11685600 _base_bdp=146070 _bdp=146070 _min_cwnd=4150 _maxwnd=219105 _cwnd=219105
Initialize per-instance NSCC parameters: flowid 144 _base_rtt=11685600 _base_bdp=146070 _bdp=146070 _min_cwnd=4150 _maxwnd=219105 _cwnd=219105
Starting simulation
Flow Uec_460_160 flowId 1 uecSrc 0 starting at 0
Flow Uec_235_452 flowId 2 uecSrc 1 starting at 0
Flow Uec_273_569 flowId 3 uecSrc 2 starting at 0
Flow Uec_312_538 flowId 4 uecSrc 3 starting at 0
Flow Uec_470_140 flowId 5 uecSrc 4 starting at 0
Flow Uec_258_520 flowId 6 uecSrc 5 starting at 0
Flow Uec_496_158 flowId 7 uecSrc 6 starting at 0
Flow Uec_557_223 flowId 8 uecSrc 7 starting at 0
Flow Uec_380_32 flowId 9 uecSrc 8 starting at 0
Flow Uec_172_387 flowId 10 uecSrc 9 starting at 0
Flow Uec_49_312 flowId 11 uecSrc 10 starting at 0
Flow Uec_372_53 flowId 12 uecSrc 11 starting at 0
Flow Uec_450_161 flowId 13 uecSrc 12 starting at 0
Flow Uec_474_173 flowId 14 uecSrc 13 starting at 0
Flow Uec_1_317 flowId 15 uecSrc 14 starting at 0
Flow Uec_209_489 flowId 16 uecSrc 15 starting at 0
Flow Uec_447_95 flowId 17 uecSrc 16 starting at 0
Flow Uec_309_561 flowId 18 uecSrc 17 starting at 0
Flow Uec_310_551 flowId 19 uecSrc 18 starting at 0
Flow Uec_46_263 flowId 20 uecSrc 19 starting at 0
Flow Uec_526_193 flowId 21 uecSrc 20 starting at 0
Flow Uec_145_405 flowId 22 uecSrc 21 starting at 0
Flow Uec_56_297 flowId 23 uecSrc 22 starting at 0
Flow Uec_471_190 flowId 24 uecSrc 23 starting at 0
Flow Uec_302_547 flowId 25 uecSrc 24 starting at 0
Flow Uec_515_222 flowId 26 uecSrc 25 starting at 0
Flow Uec_211_511 flowId 27 uecSrc 26 starting at 0
Flow Uec_74_351 flowId 28 uecSrc 27 starting at 0
Flow Uec_505_189 flowId 29 uecSrc 28 starting at 0
Flow Uec_197_491 flowId 30 uecSrc 29 starting at 0
Flow Uec_524_207 flowId 31 uecSrc 30 starting at 0
Flow Uec_167_386 flowId 32 uecSrc 31 starting at 0
Flow Uec_538_216 flowId 33 uecSrc 32 starting at 0
Flow Uec_566_217 flowId 34 uecSrc 33 starting at 0
Flow Uec_498_169 flowId 35 uecSrc 34 starting at 0
Flow Uec_58_309 flowId 36 uecSrc 35 starting at 0
Flow Uec_111_369 flowId 37 uecSrc 36 starting at 0
Flow Uec_224_509 flowId 38 uecSrc 37 starting at 0
Flow Uec_286_559 flowId 39 uecSrc 38 starting at 0
Flow Uec_520_220 flowId 40 uecSrc 39 starting at 0
Flow Uec_65_330 flowId 41 uecSrc 40 starting at 0
Flow Uec_187_389 flowId 42 uecSrc 41 starting at 0
Flow Uec_488_162 flowId 43 uecSrc 42 starting at 0
Flow Uec_263_534 flowId 44 uecSrc 43 starting at 0
Flow Uec_255_508 flowId 45 uecSrc 44 starting at 0
Flow Uec_551_244 flowId 46 uecSrc 45 starting at 0
Flow Uec_57_318 flowId 47 uecSrc 46 starting at 0
Flow Uec_135_417 flowId 48 uecSrc 47 starting at 0
Flow Uec_337_58 flowId 49 uecSrc 48 starting at 0
Flow Uec_140_411 flowId 50 uecSrc 49 starting at 0
Flow Uec_369_61 flowId 51 uecSrc 50 starting at 0
Flow Uec_363_24 flowId 52 uecSrc 51 starting at 0
Flow Uec_75_329 flowId 53 uecSrc 52 starting at 0
Flow Uec_95_344 flowId 54 uecSrc 53 starting at 0
Flow Uec_68_322 flowId 55 uecSrc 54 starting at 0
Flow Uec_180_446 flowId 56 uecSrc 55 starting at 0
Flow Uec_238_483 flowId 57 uecSrc 56 starting at 0
Flow Uec_117_363 flowId 58 uecSrc 57 starting at 0
Flow Uec_20_277 flowId 59 uecSrc 58 starting at 0
Flow Uec_4_276 flowId 60 uecSrc 59 starting at 0
Flow Uec_318_530 flowId 61 uecSrc 60 starting at 0
Flow Uec_475_184 flowId 62 uecSrc 61 starting at 0
Flow Uec_381_34 flowId 63 uecSrc 62 starting at 0
Flow Uec_304_531 flowId 64 uecSrc 63 starting at 0
Flow Uec_7_294 flowId 65 uecSrc 64 starting at 0
Flow Uec_275_548 flowId 66 uecSrc 65 starting at 0
Flow Uec_449_136 flowId 67 uecSrc 66 starting at 0
Flow Uec_13_304 flowId 68 uecSrc 67 starting at 0
Flow Uec_403_92 flowId 69 uecSrc 68 starting at 0
Flow Uec_325_3 flowId 70 uecSrc 69 starting at 0
Flow Uec_346_40 flowId 71 uecSrc 70 starting at 0
Flow Uec_110_350 flowId 72 uecSrc 71 starting at 0
Flow Uec_429_73 flowId 73 uecSrc 72 starting at 0
Flow Uec_104_373 flowId 74 uecSrc 73 starting at 0
Flow Uec_178_393 flowId 75 uecSrc 74 starting at 0
Flow Uec_305_568 flowId 76 uecSrc 75 starting at 0
Flow Uec_502_177 flowId 77 uecSrc 76 starting at 0
Flow Uec_153_388 flowId 78 uecSrc 77 starting at 0
Flow Uec_84_327 flowId 79 uecSrc 78 starting at 0
Flow Uec_379_21 flowId 80 uecSrc 79 starting at 0
Flow Uec_42_280 flowId 81 uecSrc 80 starting at 0
Flow Uec_364_38 flowId 82 uecSrc 81 starting at 0
Flow Uec_10_311 flowId 83 uecSrc 82 starting at 0
Flow Uec_35_282 flowId 84 uecSrc 83 starting at 0
Flow Uec_168_409 flowId 85 uecSrc 84 starting at 0
Flow Uec_389_121 flowId 86 uecSrc 85 starting at 0
Flow Uec_457_167 flowId 87 uecSrc 86 starting at 0
Flow Uec_147_416 flowId 88 uecSrc 87 starting at 0
Flow Uec_332_33 flowId 89 uecSrc 88 starting at 0
Flow Uec_431_127 flowId 90 uecSrc 89 starting at 0
Flow Uec_323_16 flowId 91 uecSrc 90 starting at 0
Flow Uec_29_281 flowId 92 uecSrc 91 starting at 0
Flow Uec_213_510 flowId 93 uecSrc 92 starting at 0
Flow Uec_517_232 flowId 94 uecSrc 93 starting at 0
Flow Uec_459_183 flowId 95 uecSrc 94 starting at 0
Flow Uec_69_352 flowId 96 uecSrc 95 starting at 0
Flow Uec_565_231 flowId 97 uecSrc 96 starting at 0
Flow Uec_234_470 flowId 98 uecSrc 97 starting at 0
Flow Uec_314_554 flowId 99 uecSrc 98 starting at 0
Flow Uec_163_413 flowId 100 uecSrc 99 starting at 0
Flow Uec_298_524 flowId 101 uecSrc 100 starting at 0
Flow Uec_321_27 flowId 102 uecSrc 101 starting at 0
Flow Uec_28_258 flowId 103 uecSrc 102 starting at 0
Flow Uec_441_89 flowId 104 uecSrc 103 starting at 0
Flow Uec_129_420 flowId 105 uecSrc 104 starting at 0
Flow Uec_386_113 flowId 106 uecSrc 105 starting at 0
Flow Uec_80_361 flowId 107 uecSrc 106 starting at 0
Flow Uec_573_196 flowId 108 uecSrc 107 starting at 0
Flow Uec_21_293 flowId 109 uecSrc 108 starting at 0
Flow Uec_487_174 flowId 110 uecSrc 109 starting at 0
Flow Uec_546_238 flowId 111 uecSrc 110 starting at 0
Flow Uec_253_505 flowId 112 uecSrc 111 starting at 0
Flow Uec_462_156 flowId 113 uecSrc 112 starting at 0
Flow Uec_177_430 flowId 114 uecSrc 113 starting at 0
Flow Uec_39_292 flowId 115 uecSrc 114 starting at 0
Flow Uec_308_549 flowId 116 uecSrc 115 starting at 0
Flow Uec_485_180 flowId 117 uecSrc 116 starting at 0
Flow Uec_478_153 flowId 118 uecSrc 117 starting at 0
Flow Uec_420_65 flowId 119 uecSrc 118 starting at 0
Flow Uec_347_57 flowId 120 uecSrc 119 starting at 0
Flow Uec_350_45 flowId 121 uecSrc 120 starting at 0
Flow Uec_262_532 flowId 122 uecSrc 121 starting at 0
Flow Uec_221_475 flowId 123 uecSrc 122 starting at 0
Flow Uec_152_407 flowId 124 uecSrc 123 starting at 0
Flow Uec_113_379 flowId 125 uecSrc 124 starting at 0
Flow Uec_88_325 flowId 126 uecSrc 125 starting at 0
Flow Uec_107_331 flowId 127 uecSrc 126 starting at 0
Flow Uec_422_105 flowId 128 uecSrc 127 starting at 0
Flow Uec_412_120 flowId 129 uecSrc 128 starting at 0
Flow Uec_301_552 flowId 130 uecSrc 129 starting at 0
Flow Uec_237_495 flowId 131 uecSrc 130 starting at 0
Flow Uec_463_164 flowId 132 uecSrc 131 starting at 0
Flow Uec_45_279 flowId 133 uecSrc 132 starting at 0
Flow Uec_199_468 flowId 134 uecSrc 133 starting at 0
Flow Uec_540_245 flowId 135 uecSrc 134 starting at 0
Flow Uec_259_574 flowId 136 uecSrc 135 starting at 0
Flow Uec_313_571 flowId 137 uecSrc 136 starting at 0
Flow Uec_108_340 flowId 138 uecSrc 137 starting at 0
Flow Uec_335_59 flowId 139 uecSrc 138 starting at 0
Flow Uec_442_116 flowId 140 uecSrc 139 starting at 0
Flow Uec_414_87 flowId 141 uecSrc 140 starting at 0
Flow Uec_355_0 flowId 142 uecSrc 141 starting at 0
Flow Uec_245_479 flowId 143 uecSrc 142 starting at 0
Flow Uec_456_154 flowId 144 uecSrc 143 starting at 0
Flow Uec_526_193 flowId 21 uecSrc 20 finished at 173.862 total messages 1 total packets 490 RTS 0 total bytes 2002140 in_flight now 0 fair_inc 0 prop_inc 10358 fast_inc 444999 eta_inc 8344 multi_dec -0 quick_dec -0 nack_dec -0
Flow Uec_7_294 flowId 65 uecSrc 64 finished at 175.522 total messages 1 total packets 490 RTS 0 total bytes 2002140 in_flight now 0 fair_inc 0 prop_inc 87002 fast_inc 0 eta_inc 8344 multi_dec -0 quick_dec -0 nack_dec -0
Flow Uec_346_40 flowId 71 uecSrc 70 finished at 175.526 total messages 1 total packets 490 RTS 0 total bytes 2002140 in_flight now 0 fair_inc 0 prop_inc 84013 fast_inc 0 eta_inc 8344 multi_dec -0 quick_dec -0 nack_dec -0
Flow Uec_414_87 flowId 141 uecSrc 140 finished at 175.526 total messages 1 total packets 490 RTS 0 total bytes 2002140 in_flight now 0 fair_inc 0 prop_inc 84329 fast_inc 0 eta_inc 8344 multi_dec -0 quick_dec -0 nack_dec -0
Flow Uec_235_452 flowId 2 uecSrc 1 finished at 175.526 total messages 1 total packets 490 RTS 0 total bytes 2002140 in_flight now 0 fair_inc 0 prop_inc 85283 fast_inc 0 eta_inc 8344 multi_dec -0 quick_dec -0 nack_dec -0
Flow Uec_20_277 flowId 59 uecSrc 58 finished at 175.665 total messages 1 total packets 490 RTS 0 total bytes 2002140 in_flight now 0 fair_inc 0 prop_inc 84462 fast_inc 0 eta_inc 8344 multi_dec -0 quick_dec -0 nack_dec -0
Flow Uec_447_95 flowId 17 uecSrc 16 finished at 175.671 total messages 1 total packets 490 RTS 0 total bytes 2002140 in_flight now 0 fair_inc 0 prop_inc 56052 fast_inc 202050 eta_inc 8344 multi_dec -0 quick_dec -0 nack_dec -0
Flow Uec_565_231 flowId 97 uecSrc 96 finished at 175.854 total messages 1 total packets 490 RTS 0 total bytes 2002140 in_flight now 0 fair_inc 0 prop_inc 81337 fast_inc 0 eta_inc 8344 multi_dec -0 quick_dec -0 nack_dec -0
Flow Uec_471_190 flowId 24 uecSrc 23 finished at 175.854 total messages 1 total packets 490 RTS 0 total bytes 2002140 in_flight now 0 fair_inc 0 prop_inc 82418 fast_inc 0 eta_inc 8344 multi_dec -0 quick_dec -0 nack_dec -0
Flow Uec_69_352 flowId 96 uecSrc 95 finished at 175.854 total messages 1 total packets 490 RTS 0 total bytes 2002140 in_flight now 0 fair_inc 0 prop_inc 82303 fast_inc 0 eta_inc 8344 multi_dec -0 quick_dec -0 nack_dec -0
Flow Uec_1_317 flowId 15 uecSrc 14 finished at 175.854 total messages 1 total packets 490 RTS 0 total bytes 2002140 in_flight now 0 fair_inc 0 prop_inc 81941 fast_inc 0 eta_inc 8344 multi_dec -0 quick_dec -0 nack_dec -0
Flow Uec_68_322 flowId 55 uecSrc 54 finished at 175.854 total messages 1 total packets 490 RTS 0 total bytes 2002140 in_flight now 0 fair_inc 0 prop_inc 80212 fast_inc 0 eta_inc 8344 multi_dec -0 quick_dec -0 nack_dec -0
Flow Uec_403_92 flowId 69 uecSrc 68 finished at 175.854 total messages 1 total packets 490 RTS 0 total bytes 2002140 in_flight now 0 fair_inc 0 prop_inc 85474 fast_inc 0 eta_inc 8344 multi_dec -0 quick_dec -0 nack_dec -0
Flow Uec_460_160 flowId 1 uecSrc 0 finished at 175.854 total messages 1 total packets 490 RTS 0 total bytes 2002140 in_flight now 0 fair_inc 0 prop_inc 80934 fast_inc 0 eta_inc 8344 multi_dec -0 quick_dec -0 nack_dec -0
Flow Uec_442_116 flowId 140 uecSrc 139 finished at 175.86 total messages 1 total packets 490 RTS 0 total bytes 2002140 in_flight now 0 fair_inc 0 prop_inc 80239 fast_inc 0 eta_inc 8344 multi_dec -0 quick_dec -0 nack_dec -0
Flow Uec_21_293 flowId 109 uecSrc 108 finished at 175.86 total messages 1 total packets 490 RTS 0 total bytes 2002140 in_flight now 0 fair_inc 0 prop_inc 79225 fast_inc 0 eta_inc 8344 multi_dec -0 quick_dec -0 nack_dec -0
Flow Uec_325_3 flowId 70 uecSrc 69 finished at 175.864 total messages 1 total packets 490 RTS 0 total bytes 2002140 in_flight now 0 fair_inc 0 prop_inc 82041 fast_inc 0 eta_inc 8344 multi_dec -0 quick_dec -0 nack_dec -0
Flow Uec_551_244 flowId 46 uecSrc 45 finished at 175.921 total messages 1 total packets 490 RTS 0 total bytes 2002140 in_flight now 0 fair_inc 0 prop_inc 79405 fast_inc 0 eta_inc 8344 multi_dec -0 quick_dec -0 nack_dec -0
Flow Uec_335_59 flowId 139 uecSrc 138 finished at 176.072 total messages 1 total packets 490 RTS 0 total bytes 2002140 in_flight now 0 fair_inc 0 prop_inc 80603 fast_inc 0 eta_inc 8344 multi_dec -0 quick_dec -0 nack_dec -0
Flow Uec_56_297 flowId 23 uecSrc 22 finished at 176.076 total messages 1 total packets 490 RTS 0 total bytes 2002140 in_flight now 0 fair_inc 0 prop_inc 80444 fast_inc 0 eta_inc 8344 multi_dec -0 quick_dec -0 nack_dec -0
Flow Uec_199_468 flowId 134 uecSrc 133 finished at 176.125 total messages 1 total packets 490 RTS 0 total bytes 2002140 in_flight now 0 fair_inc 0 prop_inc 81224 fast_inc 0 eta_inc 8344 multi_dec -0 quick_dec -0 nack_dec -0
Flow Uec_441_89 flowId 104 uecSrc 103 finished at 176.127 total messages 1 total packets 490 RTS 0 total bytes 2002140 in_flight now 0 fair_inc 0 prop_inc 79242 fast_inc 0 eta_inc 8344 multi_dec -0 quick_dec -0 nack_dec -0
Flow Uec_369_61 flowId 51 uecSrc 50 finished at 176.17 total messages 1 total packets 490 RTS 0 total bytes 2002140 in_flight now 0 fair_inc 0 prop_inc 84080 fast_inc 0 eta_inc 8344 multi_dec -0 quick_dec -0 nack_dec -0
Flow Uec_372_53 flowId 12 uecSrc 11 finished at 176.175 total messages 1 total packets 490 RTS 0 total bytes 2002140 in_flight now 0 fair_inc 0 prop_inc 82884 fast_inc 0 eta_inc 8344 multi_dec -0 quick_dec -0 nack_dec -0
Flow Uec_39_292 flowId 115 uecSrc 114 finished at 176.185 total messages 1 total packets 490 RTS 0 total bytes 2002140 in_flight now 0 fair_inc 0 prop_inc 79351 fast_inc 0 eta_inc 8344 multi_dec -0 quick_dec -0 nack_dec -0
Flow Uec_104_373 flowId 74 uecSrc 73 finished at 176.186 total messages 1 total packets 490 RTS 0 total bytes 2002140 in_flight now 0 fair_inc 0 prop_inc 78160 fast_inc 0 eta_inc 8344 multi_dec -0 quick_dec -0 nack_dec -0
Flow Uec_35_282 flowId 84 uecSrc 83 finished at 176.186 total messages 1 total packets 490 RTS 0 total bytes 2002140 in_flight now 0 fair_inc 0 prop_inc 76682 fast_inc 0 eta_inc 8344 multi_dec -0 quick_dec -0 nack_dec -0
Flow Uec_10_311 flowId 83 uecSrc 82 finished at 176.186 total messages 1 total packets 490 RTS 0 total bytes 2002140 in_flight now 0 fair_inc 0 prop_inc 77007 fast_inc 0 eta_inc 8344 multi_dec -0 quick_dec -0 nack_dec -0
Flow Uec_475_184 flowId 62 uecSrc 61 finished at 176.186 total messages 1 total packets 490 RTS 0 total bytes 2002140 in_flight now 0 fair_inc 0 prop_inc 79202 fast_inc 0 eta_inc 8344 multi_dec -0 quick_dec -0 nack_dec -0
Flow Uec_355_0 flowId 142 uecSrc 141 finished at 176.19 total messages 1 total packets 490 RTS 0 total bytes 2002140 in_flight now 0 fair_inc 0 prop_inc 76462 fast_inc 0 eta_inc 8344 multi_dec -0 quick_dec -0 nack_dec -0
Flow Uec_111_369 flowId 37 uecSrc 36 finished at 176.248 total messages 1 total packets 490 RTS 0 total bytes 2002140 in_flight now 0 fair_inc 0 prop_inc 81198 fast_inc 0 eta_inc 8344 multi_dec -0 quick_dec -0 nack_dec -0
Flow Uec_49_312 flowId 11 uecSrc 10 finished at 176.265 total messages 1 total packets 490 RTS 0 total bytes 2002140 in_flight now 0 fair_inc 0 prop_inc 77850 fast_inc 0 eta_inc 8344 multi_dec -0 quick_dec -0 nack_dec -0
Flow Uec_84_327 flowId 79 uecSrc 78 finished at 176.269 total messages 1 total packets 490 RTS 0 total bytes 2002140 in_flight now 0 fair_inc 0 prop_inc 82099 fast_inc 0 eta_inc 8344 multi_dec -0 quick_dec -0 nack_dec -0
Flow Uec_573_196 flowId 108 uecSrc 107 finished at 176.283 total messages 1 total packets 490 RTS 0 total bytes 2002140 in_flight now 0 fair_inc 0 prop_inc 78119 fast_inc 0 eta_inc 8344 multi_dec -0 quick_dec -0 nack_dec -0
Flow Uec_221_475 flowId 123 uecSrc 122 finished at 176.288 total messages 1 total packets 490 RTS 0 total bytes 2002140 in_flight now 0 fair_inc 0 prop_inc 78633 fast_inc 0 eta_inc 8344 multi_dec -0 quick_dec -0 nack_dec -0
Flow Uec_180_446 flowId 56 uecSrc 55 finished at 176.322 total messages 1 total packets 490 RTS 0 total bytes 2002140 in_flight now 0 fair_inc 0 prop_inc 84757 fast_inc 0 eta_inc 8344 multi_dec -0 quick_dec -0 nack_dec -0
Flow Uec_524_207 flowId 31 uecSrc 30 finished at 176.342 total messages 1 total packets 490 RTS 0 total bytes 2002140 in_flight now 0 fair_inc 0 prop_inc 82902 fast_inc 0 eta_inc 8344 multi_dec -0 quick_dec -0 nack_dec -0
Flow Uec_245_479 flowId 143 uecSrc 142 finished at 176.367 total messages 1 total packets 490 RTS 0 total bytes 2002140 in_flight now 0 fair_inc 0 prop_inc 78490 fast_inc 0 eta_inc 8344 multi_dec -0 quick_dec -0 nack_dec -0
Flow Uec_429_73 flowId 73 uecSrc 72 finished at 176.402 total messages 1 total packets 490 RTS 0 total bytes 2002140 in_flight now 0 fair_inc 0 prop_inc 81729 fast_inc 0 eta_inc 8344 multi_dec -0 quick_dec -0 nack_dec -0
Flow Uec_449_136 flowId 67 uecSrc 66 finished at 176.443 total messages 1 total packets 490 RTS 0 total bytes 2002140 in_flight now 0 fair_inc 0 prop_inc 79327 fast_inc 0 eta_inc 8344 multi_dec -0 quick_dec -0 nack_dec -0
Flow Uec_234_470 flowId 98 uecSrc 97 finished at 176.453 total messages 1 total packets 490 RTS 0 total bytes 2002140 in_flight now 0 fair_inc 0 prop_inc 76359 fast_inc 0 eta_inc 8344 multi_dec -0 quick_dec -0 nack_dec -0
Flow Uec_80_361 flowId 107 uecSrc 106 finished at 176.459 total messages 1 total packets 490 RTS 0 total bytes 2002140 in_flight now 0 fair_inc 0 prop_inc 78164 fast_inc 0 eta_inc 8344 multi_dec -0 quick_dec -0 nack_dec -0
Flow Uec_117_363 flowId 58 uecSrc 57 finished at 176.459 total messages 1 total packets 490 RTS 0 total bytes 2002140 in_flight now 0 fair_inc 0 prop_inc 75428 fast_inc 0 eta_inc 8344 multi_dec -0 quick_dec -0 nack_dec -0
Flow Uec_88_325 flowId 126 uecSrc 125 finished at 176.459 total messages 1 total packets 490 RTS 0 total bytes 2002140 in_flight now 0 fair_inc 0 prop_inc 72397 fast_inc 0 eta_inc 8344 multi_dec -0 quick_dec -0 nack_dec -0
Flow Uec_540_245 flowId 135 uecSrc 134 finished at 176.464 total messages 1 total packets 490 RTS 0 total bytes 2002140 in_flight now 0 fair_inc 0 prop_inc 77461 fast_inc 0 eta_inc 8344 multi_dec -0 quick_dec -0 nack_dec -0
Flow Uec_113_379 flowId 125 uecSrc 124 finished at 176.505 total messages 1 total packets 490 RTS 0 total bytes 2002140 in_flight now 0 fair_inc 0 prop_inc 78116 fast_inc 0 eta_inc 8344 multi_dec -0 quick_dec -0 nack_dec -0
Flow Uec_4_276 flowId 60 uecSrc 59 finished at 176.518 total messages 1 total packets 490 RTS 0 total bytes 2002140 in_flight now 0 fair_inc 0 prop_inc 81147 fast_inc 0 eta_inc 8344 multi_dec -0 quick_dec -0 nack_dec -0
Flow Uec_309_561 flowId 18 uecSrc 17 finished at 176.518 total messages 1 total packets 490 RTS 0 total bytes 2002140 in_flight now 0 fair_inc 0 prop_inc 85293 fast_inc 0 eta_inc 8344 multi_dec -0 quick_dec -0 nack_dec -0
Flow Uec_108_340 flowId 138 uecSrc 137 finished at 176.524 total messages 1 total packets 490 RTS 0 total bytes 2002140 in_flight now 0 fair_inc 0 prop_inc 74940 fast_inc 0 eta_inc 8344 multi_dec -0 quick_dec -0 nack_dec -0
Flow Uec_178_393 flowId 75 uecSrc 74 finished at 176.534 total messages 1 total packets 490 RTS 0 total bytes 2002140 in_flight now 0 fair_inc 0 prop_inc 79507 fast_inc 0 eta_inc 8344 multi_dec -0 quick_dec -0 nack_dec -0
Flow Uec_470_140 flowId 5 uecSrc 4 finished at 176.55 total messages 1 total packets 490 RTS 0 total bytes 2002140 in_flight now 0 fair_inc 0 prop_inc 72030 fast_inc 0 eta_inc 8344 multi_dec -0 quick_dec -0 nack_dec -0
Flow Uec_310_551 flowId 19 uecSrc 18 finished at 176.688 total messages 1 total packets 490 RTS 0 total bytes 2002140 in_flight now 0 fair_inc 0 prop_inc 79088 fast_inc 0 eta_inc 8344 multi_dec -0 quick_dec -0 nack_dec -0
Flow Uec_546_238 flowId 111 uecSrc 110 finished at 176.791 total messages 1 total packets 490 RTS 0 total bytes 2002140 in_flight now 0 fair_inc 0 prop_inc 70658 fast_inc 0 eta_inc 8344 multi_dec -0 quick_dec -0 nack_dec -0
Flow Uec_177_430 flowId 114 uecSrc 113 finished at 176.81 total messages 1 total packets 490 RTS 0 total bytes 2002140 in_flight now 0 fair_inc 0 prop_inc 82811 fast_inc 0 eta_inc 8344 multi_dec -0 quick_dec -0 nack_dec -0
Flow Uec_420_65 flowId 119 uecSrc 118 finished at 176.866 total messages 1 total packets 490 RTS 0 total bytes 2002140 in_flight now 0 fair_inc 0 prop_inc 74923 fast_inc 0 eta_inc 8344 multi_dec -0 quick_dec -0 nack_dec -0
Flow Uec_57_318 flowId 47 uecSrc 46 finished at 176.888 total messages 1 total packets 490 RTS 0 total bytes 2002140 in_flight now 0 fair_inc 0 prop_inc 79115 fast_inc 0 eta_inc 8344 multi_dec -0 quick_dec -0 nack_dec -0
Flow Uec_386_113 flowId 106 uecSrc 105 finished at 176.927 total messages 1 total packets 490 RTS 0 total bytes 2002140 in_flight now 0 fair_inc 0 prop_inc 82399 fast_inc 0 eta_inc 8344 multi_dec -0 quick_dec -0 nack_dec -0
Flow Uec_422_105 flowId 128 uecSrc 127 finished at 176.93 total messages 1 total packets 490 RTS 0 total bytes 2002140 in_flight now 0 fair_inc 0 prop_inc 77628 fast_inc 0 eta_inc 8344 multi_dec -0 quick_dec -0 nack_dec -0
Flow Uec_505_189 flowId 29 uecSrc 28 finished at 176.986 total messages 1 total packets 490 RTS 0 total bytes 2002140 in_flight now 0 fair_inc 0 prop_inc 81992 fast_inc 0 eta_inc 8344 multi_dec -0 quick_dec -0 nack_dec -0
Flow Uec_238_483 flowId 57 uecSrc 56 finished at 177.011 total messages 1 total packets 490 RTS 0 total bytes 2002140 in_flight now 0 fair_inc 0 prop_inc 77606 fast_inc 0 eta_inc 8344 multi_dec -0 quick_dec -0 nack_dec -0
Flow Uec_517_232 flowId 94 uecSrc 93 finished at 177.097 total messages 1 total packets 490 RTS 0 total bytes 2002140 in_flight now 0 fair_inc 0 prop_inc 72482 fast_inc 0 eta_inc 8344 multi_dec -0 quick_dec -0 nack_dec -0
Flow Uec_323_16 flowId 91 uecSrc 90 finished at 177.127 total messages 1 total packets 490 RTS 0 total bytes 2002140 in_flight now 0 fair_inc 0 prop_inc 69069 fast_inc 0 eta_inc 8344 multi_dec -0 quick_dec -0 nack_dec -0
Flow Uec_255_508 flowId 45 uecSrc 44 finished at 177.186 total messages 1 total packets 490 RTS 0 total bytes 2002140 in_flight now 0 fair_inc 0 prop_inc 78647 fast_inc 0 eta_inc 8344 multi_dec -0 quick_dec -0 nack_dec -0
Flow Uec_45_279 flowId 133 uecSrc 132 finished at 177.491 total messages 1 total packets 490 RTS 0 total bytes 2002140 in_flight now 0 fair_inc 0 prop_inc 71990 fast_inc 0 eta_inc 8344 multi_dec -0 quick_dec -0 nack_dec -0
Flow Uec_237_495 flowId 131 uecSrc 130 finished at 177.514 total messages 1 total packets 490 RTS 0 total bytes 2002140 in_flight now 0 fair_inc 0 prop_inc 61576 fast_inc 0 eta_inc 8344 multi_dec -0 quick_dec -0 nack_dec -0
Flow Uec_42_280 flowId 81 uecSrc 80 finished at 177.514 total messages 1 total packets 490 RTS 0 total bytes 2002140 in_flight now 0 fair_inc 0 prop_inc 62369 fast_inc 0 eta_inc 8344 multi_dec -0 quick_dec -0 nack_dec -0
Flow Uec_145_405 flowId 22 uecSrc 21 finished at 177.518 total messages 1 total packets 490 RTS 0 total bytes 2002140 in_flight now 0 fair_inc 0 prop_inc 65175 fast_inc 0 eta_inc 8344 multi_dec -0 quick_dec -0 nack_dec -0
Flow Uec_187_389 flowId 42 uecSrc 41 finished at 177.607 total messages 1 total packets 490 RTS 0 total bytes 2002140 in_flight now 0 fair_inc 0 prop_inc 69214 fast_inc 0 eta_inc 8344 multi_dec -0 quick_dec -0 nack_dec -0
Flow Uec_379_21 flowId 80 uecSrc 79 finished at 177.781 total messages 1 total packets 490 RTS 0 total bytes 2002140 in_flight now 0 fair_inc 0 prop_inc 64503 fast_inc 0 eta_inc 8344 multi_dec -0 quick_dec -0 nack_dec -0
Flow Uec_363_24 flowId 52 uecSrc 51 finished at 177.846 total messages 1 total packets 490 RTS 0 total bytes 2002140 in_flight now 0 fair_inc 1493 prop_inc 54614 fast_inc 0 eta_inc 8344 multi_dec -0 quick_dec -0 nack_dec -0
Flow Uec_380_32 flowId 9 uecSrc 8 finished at 177.85 total messages 1 total packets 490 RTS 0 total bytes 2002140 in_flight now 0 fair_inc 1488 prop_inc 71201 fast_inc 0 eta_inc 8344 multi_dec -0 quick_dec -0 nack_dec -8300
Flow Uec_129_420 flowId 105 uecSrc 104 finished at 178.119 total messages 1 total packets 490 RTS 0 total bytes 2002140 in_flight now 0 fair_inc 0 prop_inc 58622 fast_inc 0 eta_inc 8344 multi_dec -0 quick_dec -0 nack_dec -0
Flow Uec_312_538 flowId 4 uecSrc 3 finished at 178.252 total messages 1 total packets 490 RTS 0 total bytes 2002140 in_flight now 0 fair_inc 0 prop_inc 57508 fast_inc 0 eta_inc 8344 multi_dec -0 quick_dec -0 nack_dec -0
Flow Uec_172_387 flowId 10 uecSrc 9 finished at 178.51 total messages 1 total packets 490 RTS 0 total bytes 2002140 in_flight now 0 fair_inc 0 prop_inc 62249 fast_inc 0 eta_inc 8344 multi_dec -0 quick_dec -0 nack_dec -0
Flow Uec_350_45 flowId 121 uecSrc 120 finished at 178.648 total messages 1 total packets 490 RTS 0 total bytes 2002140 in_flight now 0 fair_inc 0 prop_inc 60747 fast_inc 0 eta_inc 8344 multi_dec -0 quick_dec -0 nack_dec -0
Flow Uec_140_411 flowId 50 uecSrc 49 finished at 179.838 total messages 1 total packets 490 RTS 0 total bytes 2002140 in_flight now 0 fair_inc 0 prop_inc 53256 fast_inc 0 eta_inc 8344 multi_dec -0 quick_dec -0 nack_dec -0
Flow Uec_197_491 flowId 30 uecSrc 29 finished at 180.17 total messages 1 total packets 490 RTS 0 total bytes 2002140 in_flight now 0 fair_inc 0 prop_inc 56348 fast_inc 0 eta_inc 8344 multi_dec -0 quick_dec -0 nack_dec -0
Flow Uec_474_173 flowId 14 uecSrc 13 finished at 180.17 total messages 1 total packets 490 RTS 0 total bytes 2002140 in_flight now 0 fair_inc 0 prop_inc 55092 fast_inc 0 eta_inc 8344 multi_dec -0 quick_dec -0 nack_dec -20750
Flow Uec_520_220 flowId 40 uecSrc 39 finished at 180.342 total messages 1 total packets 490 RTS 0 total bytes 2002140 in_flight now 0 fair_inc 0 prop_inc 62795 fast_inc 0 eta_inc 8344 multi_dec -0 quick_dec -0 nack_dec -0
Flow Uec_364_38 flowId 82 uecSrc 81 finished at 180.728 total messages 1 total packets 490 RTS 0 total bytes 2002140 in_flight now 0 fair_inc 0 prop_inc 55793 fast_inc 0 eta_inc 8344 multi_dec -0 quick_dec -0 nack_dec -20750
Flow Uec_456_154 flowId 144 uecSrc 143 finished at 180.838 total messages 1 total packets 490 RTS 0 total bytes 2002140 in_flight now 0 fair_inc 1492 prop_inc 51181 fast_inc 0 eta_inc 8344 multi_dec -0 quick_dec -0 nack_dec -8300
Flow Uec_213_510 flowId 93 uecSrc 92 finished at 181.488 total messages 1 total packets 490 RTS 0 total bytes 2002140 in_flight now 0 fair_inc 1864 prop_inc 51602 fast_inc 0 eta_inc 8344 multi_dec -0 quick_dec -0 nack_dec -0
Flow Uec_321_27 flowId 102 uecSrc 101 finished at 181.498 total messages 1 total packets 490 RTS 0 total bytes 2002140 in_flight now 0 fair_inc 0 prop_inc 54067 fast_inc 0 eta_inc 8344 multi_dec -0 quick_dec -0 nack_dec -0
Flow Uec_308_549 flowId 116 uecSrc 115 finished at 181.83 total messages 1 total packets 490 RTS 0 total bytes 2002140 in_flight now 0 fair_inc 0 prop_inc 54496 fast_inc 0 eta_inc 8344 multi_dec -0 quick_dec -0 nack_dec -24900
Flow Uec_305_568 flowId 76 uecSrc 75 finished at 182.162 total messages 1 total packets 490 RTS 0 total bytes 2002140 in_flight now 0 fair_inc 0 prop_inc 49103 fast_inc 0 eta_inc 8344 multi_dec -0 quick_dec -0 nack_dec -0
Flow Uec_259_574 flowId 136 uecSrc 135 finished at 182.299 total messages 1 total packets 490 RTS 0 total bytes 2002140 in_flight now 0 fair_inc 1870 prop_inc 49641 fast_inc 0 eta_inc 8344 multi_dec -0 quick_dec -0 nack_dec -0
Flow Uec_318_530 flowId 61 uecSrc 60 finished at 182.494 total messages 1 total packets 490 RTS 0 total bytes 2002140 in_flight now 0 fair_inc 0 prop_inc 46967 fast_inc 0 eta_inc 8940 multi_dec -0 quick_dec -0 nack_dec -0
Flow Uec_211_511 flowId 27 uecSrc 26 finished at 182.666 total messages 1 total packets 490 RTS 0 total bytes 2002140 in_flight now 0 fair_inc 2245 prop_inc 46598 fast_inc 0 eta_inc 8344 multi_dec -0 quick_dec -0 nack_dec -0
Flow Uec_538_216 flowId 33 uecSrc 32 finished at 183.842 total messages 1 total packets 490 RTS 0 total bytes 2002140 in_flight now 0 fair_inc 0 prop_inc 41989 fast_inc 0 eta_inc 8940 multi_dec -0 quick_dec -0 nack_dec -0
Flow Uec_566_217 flowId 34 uecSrc 33 finished at 184.818 total messages 1 total packets 490 RTS 0 total bytes 2002140 in_flight now 0 fair_inc 0 prop_inc 40675 fast_inc 0 eta_inc 8344 multi_dec -0 quick_dec -0 nack_dec -0
Flow Uec_557_223 flowId 8 uecSrc 7 finished at 185.121 total messages 1 total packets 490 RTS 0 total bytes 2002140 in_flight now 0 fair_inc 0 prop_inc 33874 fast_inc 0 eta_inc 8940 multi_dec -0 quick_dec -0 nack_dec -0
Flow Uec_463_164 flowId 132 uecSrc 131 finished at 185.154 total messages 1 total packets 490 RTS 0 total bytes 2002140 in_flight now 0 fair_inc 0 prop_inc 36993 fast_inc 0 eta_inc 8940 multi_dec -0 quick_dec -0 nack_dec -0
Flow Uec_152_407 flowId 124 uecSrc 123 finished at 185.818 total messages 1 total packets 490 RTS 0 total bytes 2002140 in_flight now 0 fair_inc 0 prop_inc 32591 fast_inc 0 eta_inc 8940 multi_dec -0 quick_dec -0 nack_dec -0
Flow Uec_478_153 flowId 118 uecSrc 117 finished at 186.437 total messages 1 total packets 490 RTS 0 total bytes 2002140 in_flight now 0 fair_inc 4472 prop_inc 45245 fast_inc 0 eta_inc 8940 multi_dec -0 quick_dec -0 nack_dec -16600
Flow Uec_286_559 flowId 39 uecSrc 38 finished at 186.478 total messages 1 total packets 490 RTS 0 total bytes 2002140 in_flight now 0 fair_inc 0 prop_inc 49119 fast_inc 0 eta_inc 8940 multi_dec -0 quick_dec -0 nack_dec -0
Flow Uec_209_489 flowId 16 uecSrc 15 finished at 186.809 total messages 1 total packets 490 RTS 0 total bytes 2002140 in_flight now 0 fair_inc 0 prop_inc 27745 fast_inc 0 eta_inc 8940 multi_dec -0 quick_dec -0 nack_dec -0
Flow Uec_314_554 flowId 99 uecSrc 98 finished at 186.81 total messages 1 total packets 490 RTS 0 total bytes 2002140 in_flight now 0 fair_inc 7078 prop_inc 44756 fast_inc 0 eta_inc 8940 multi_dec -0 quick_dec -0 nack_dec -0
Flow Uec_515_222 flowId 26 uecSrc 25 finished at 186.81 total messages 1 total packets 490 RTS 0 total bytes 2002140 in_flight now 0 fair_inc 0 prop_inc 39168 fast_inc 0 eta_inc 8344 multi_dec -0 quick_dec -0 nack_dec -0
Flow Uec_75_329 flowId 53 uecSrc 52 finished at 186.814 total messages 1 total packets 490 RTS 0 total bytes 2002140 in_flight now 0 fair_inc 0 prop_inc 29419 fast_inc 0 eta_inc 8940 multi_dec -0 quick_dec -0 nack_dec -0
Flow Uec_457_167 flowId 87 uecSrc 86 finished at 187.314 total messages 1 total packets 490 RTS 0 total bytes 2002140 in_flight now 0 fair_inc 6801 prop_inc 33417 fast_inc 0 eta_inc 8940 multi_dec -0 quick_dec -0 nack_dec -0
Flow Uec_29_281 flowId 92 uecSrc 91 finished at 188.47 total messages 1 total packets 490 RTS 0 total bytes 2002140 in_flight now 0 fair_inc 0 prop_inc 30684 fast_inc 0 eta_inc 8940 multi_dec -0 quick_dec -0 nack_dec -0
Flow Uec_74_351 flowId 28 uecSrc 27 finished at 188.806 total messages 1 total packets 490 RTS 0 total bytes 2002140 in_flight now 0 fair_inc 0 prop_inc 30189 fast_inc 0 eta_inc 8940 multi_dec -0 quick_dec -0 nack_dec -0
Flow Uec_313_571 flowId 137 uecSrc 136 finished at 192.42 total messages 1 total packets 490 RTS 0 total bytes 2002140 in_flight now 0 fair_inc 1877 prop_inc 20957 fast_inc 0 eta_inc 8940 multi_dec -0 quick_dec -0 nack_dec -0
Flow Uec_485_180 flowId 117 uecSrc 116 finished at 193.45 total messages 1 total packets 490 RTS 0 total bytes 2002140 in_flight now 0 fair_inc 4129 prop_inc 27974 fast_inc 0 eta_inc 8940 multi_dec -0 quick_dec -0 nack_dec -0
Flow Uec_273_569 flowId 3 uecSrc 2 finished at 196.267 total messages 1 total packets 490 RTS 0 total bytes 2002140 in_flight now 0 fair_inc 4863 prop_inc 21265 fast_inc 0 eta_inc 9536 multi_dec -0 quick_dec -0 nack_dec -0
Flow Uec_224_509 flowId 38 uecSrc 37 finished at 202.404 total messages 1 total packets 490 RTS 0 total bytes 2002140 in_flight now 0 fair_inc 14976 prop_inc 12799 fast_inc 0 eta_inc 9536 multi_dec -0 quick_dec -0 nack_dec -0
Flow Uec_253_505 flowId 112 uecSrc 111 finished at 202.746 total messages 1 total packets 490 RTS 0 total bytes 2002140 in_flight now 0 fair_inc 14246 prop_inc 9761 fast_inc 0 eta_inc 9536 multi_dec -0 quick_dec -0 nack_dec -0
Flow Uec_301_552 flowId 130 uecSrc 129 finished at 204.406 total messages 1 total packets 490 RTS 0 total bytes 2002140 in_flight now 0 fair_inc 11246 prop_inc 13408 fast_inc 0 eta_inc 9536 multi_dec -94 quick_dec -0 nack_dec -0
Flow Uec_258_520 flowId 6 uecSrc 5 finished at 213.089 total messages 1 total packets 490 RTS 0 total bytes 2002140 in_flight now 0 fair_inc 1996 prop_inc 37147 fast_inc 0 eta_inc 10132 multi_dec -55165 quick_dec -0 nack_dec -31060
Flow Uec_459_183 flowId 95 uecSrc 94 finished at 214.517 total messages 1 total packets 490 RTS 0 total bytes 2002140 in_flight now 0 fair_inc 7463 prop_inc 36774 fast_inc 0 eta_inc 10132 multi_dec -26227 quick_dec -0 nack_dec -20750
Flow Uec_488_162 flowId 43 uecSrc 42 finished at 218.682 total messages 1 total packets 490 RTS 0 total bytes 2002140 in_flight now 0 fair_inc 19226 prop_inc 23290 fast_inc 0 eta_inc 10728 multi_dec -58579 quick_dec -0 nack_dec -0
Flow Uec_298_524 flowId 101 uecSrc 100 finished at 222.334 total messages 1 total packets 490 RTS 0 total bytes 2002140 in_flight now 0 fair_inc 17464 prop_inc 30746 fast_inc 0 eta_inc 10728 multi_dec -89750 quick_dec -0 nack_dec -24900
Flow Uec_110_350 flowId 72 uecSrc 71 finished at 223.337 total messages 1 total packets 490 RTS 0 total bytes 2002140 in_flight now 0 fair_inc 10746 prop_inc 33031 fast_inc 0 eta_inc 10728 multi_dec -66391 quick_dec -0 nack_dec -8300
Flow Uec_450_161 flowId 13 uecSrc 12 finished at 223.785 total messages 1 total packets 490 RTS 0 total bytes 2002140 in_flight now 0 fair_inc 16998 prop_inc 18947 fast_inc 40898 eta_inc 10728 multi_dec -90784 quick_dec -0 nack_dec -0
Flow Uec_107_331 flowId 127 uecSrc 126 finished at 235.946 total messages 1 total packets 490 RTS 0 total bytes 2002140 in_flight now 0 fair_inc 10639 prop_inc 51402 fast_inc 0 eta_inc 11324 multi_dec -80903 quick_dec -0 nack_dec -20750
Flow Uec_502_177 flowId 77 uecSrc 76 finished at 254.382 total messages 1 total packets 490 RTS 0 total bytes 2002140 in_flight now 0 fair_inc 10208 prop_inc 51763 fast_inc 45950 eta_inc 11920 multi_dec -93508 quick_dec -0 nack_dec -33200
Flow Uec_163_413 flowId 100 uecSrc 99 finished at 266.31 total messages 1 total packets 490 RTS 0 total bytes 2002140 in_flight now 0 fair_inc 5754 prop_inc 69104 fast_inc 0 eta_inc 12516 multi_dec -93941 quick_dec -0 nack_dec -33200
Flow Uec_95_344 flowId 54 uecSrc 53 finished at 283.729 total messages 1 total packets 490 RTS 0 total bytes 2002140 in_flight now 0 fair_inc 18574 prop_inc 45259 fast_inc 0 eta_inc 13708 multi_dec -134009 quick_dec -0 nack_dec -12450
Flow Uec_168_409 flowId 85 uecSrc 84 finished at 290.043 total messages 1 total packets 490 RTS 0 total bytes 2002140 in_flight now 0 fair_inc 4489 prop_inc 72280 fast_inc 0 eta_inc 13112 multi_dec -119402 quick_dec -0 nack_dec -33200
Flow Uec_65_330 flowId 41 uecSrc 40 finished at 290.479 total messages 1 total packets 490 RTS 0 total bytes 2002140 in_flight now 0 fair_inc 13688 prop_inc 63644 fast_inc 0 eta_inc 13708 multi_dec -119733 quick_dec -0 nack_dec -33200
Flow Uec_167_386 flowId 32 uecSrc 31 finished at 293.458 total messages 1 total packets 490 RTS 0 total bytes 2002140 in_flight now 0 fair_inc 22853 prop_inc 28083 fast_inc 0 eta_inc 14304 multi_dec -90501 quick_dec -0 nack_dec -24900
Flow Uec_135_417 flowId 48 uecSrc 47 finished at 297.038 total messages 1 total packets 490 RTS 0 total bytes 2002140 in_flight now 0 fair_inc 4211 prop_inc 38087 fast_inc 0 eta_inc 14304 multi_dec -99002 quick_dec -0 nack_dec -29050
Flow Uec_302_547 flowId 25 uecSrc 24 finished at 297.602 total messages 1 total packets 490 RTS 0 total bytes 2002140 in_flight now 0 fair_inc 17297 prop_inc 48866 fast_inc 0 eta_inc 13708 multi_dec -83445 quick_dec -0 nack_dec -49800
Flow Uec_13_304 flowId 68 uecSrc 67 finished at 304.607 total messages 1 total packets 490 RTS 0 total bytes 2002140 in_flight now 0 fair_inc 2532 prop_inc 38009 fast_inc 0 eta_inc 14304 multi_dec -98091 quick_dec -0 nack_dec -29050
Flow Uec_337_58 flowId 49 uecSrc 48 finished at 307.42 total messages 1 total packets 490 RTS 0 total bytes 2002140 in_flight now 0 fair_inc 3391 prop_inc 36711 fast_inc 0 eta_inc 14900 multi_dec -98852 quick_dec -0 nack_dec -29050
Flow Uec_498_169 flowId 35 uecSrc 34 finished at 314.789 total messages 1 total packets 490 RTS 0 total bytes 2002140 in_flight now 0 fair_inc 2632 prop_inc 40548 fast_inc 0 eta_inc 14900 multi_dec -89927 quick_dec -0 nack_dec -41500
Flow Uec_28_258 flowId 103 uecSrc 102 finished at 315.219 total messages 1 total packets 490 RTS 0 total bytes 2002140 in_flight now 0 fair_inc 7382 prop_inc 38171 fast_inc 0 eta_inc 14304 multi_dec -93546 quick_dec -0 nack_dec -45650
Flow Uec_153_388 flowId 78 uecSrc 77 finished at 321.638 total messages 1 total packets 490 RTS 0 total bytes 2002140 in_flight now 0 fair_inc 14274 prop_inc 35925 fast_inc 19682 eta_inc 14900 multi_dec -106739 quick_dec -0 nack_dec -33200
Flow Uec_275_548 flowId 66 uecSrc 65 finished at 328.116 total messages 1 total packets 490 RTS 0 total bytes 2002140 in_flight now 0 fair_inc 15777 prop_inc 57140 fast_inc 32812 eta_inc 15496 multi_dec -109416 quick_dec -0 nack_dec -49800
Flow Uec_46_263 flowId 20 uecSrc 19 finished at 330.406 total messages 1 total packets 490 RTS 0 total bytes 2002140 in_flight now 0 fair_inc 10991 prop_inc 46520 fast_inc 0 eta_inc 16092 multi_dec -131793 quick_dec -0 nack_dec -24900
Flow Uec_147_416 flowId 88 uecSrc 87 finished at 331.194 total messages 1 total packets 490 RTS 0 total bytes 2002140 in_flight now 0 fair_inc 12206 prop_inc 46185 fast_inc 39882 eta_inc 15496 multi_dec -123790 quick_dec -0 nack_dec -37350
Flow Uec_496_158 flowId 7 uecSrc 6 finished at 343.887 total messages 1 total packets 490 RTS 0 total bytes 2002140 in_flight now 0 fair_inc 9296 prop_inc 42723 fast_inc 0 eta_inc 16688 multi_dec -99848 quick_dec -0 nack_dec -53950
Flow Uec_58_309 flowId 36 uecSrc 35 finished at 344.628 total messages 1 total packets 490 RTS 0 total bytes 2002140 in_flight now 0 fair_inc 3395 prop_inc 49968 fast_inc 53015 eta_inc 16092 multi_dec -113738 quick_dec -0 nack_dec -45650
Flow Uec_262_532 flowId 122 uecSrc 121 finished at 346.861 total messages 1 total packets 490 RTS 0 total bytes 2002140 in_flight now 0 fair_inc 20531 prop_inc 23764 fast_inc 0 eta_inc 16092 multi_dec -69273 quick_dec -0 nack_dec -70550
Flow Uec_347_57 flowId 120 uecSrc 119 finished at 350.808 total messages 1 total packets 490 RTS 0 total bytes 2002140 in_flight now 0 fair_inc 4419 prop_inc 59764 fast_inc 0 eta_inc 16688 multi_dec -112555 quick_dec -0 nack_dec -45650
Flow Uec_487_174 flowId 110 uecSrc 109 finished at 353.327 total messages 1 total packets 490 RTS 0 total bytes 2002140 in_flight now 0 fair_inc 5030 prop_inc 52051 fast_inc 52006 eta_inc 16092 multi_dec -95898 quick_dec -0 nack_dec -66400
Flow Uec_332_33 flowId 89 uecSrc 88 finished at 357.327 total messages 1 total packets 490 RTS 0 total bytes 2002140 in_flight now 0 fair_inc 7917 prop_inc 49540 fast_inc 0 eta_inc 16688 multi_dec -90637 quick_dec -0 nack_dec -70550
Flow Uec_462_156 flowId 113 uecSrc 112 finished at 363.037 total messages 1 total packets 490 RTS 0 total bytes 2002140 in_flight now 0 fair_inc 6046 prop_inc 53412 fast_inc 1499 eta_inc 17284 multi_dec -80965 quick_dec -0 nack_dec -78850
Flow Uec_381_34 flowId 63 uecSrc 62 finished at 366.119 total messages 1 total packets 490 RTS 0 total bytes 2002140 in_flight now 0 fair_inc 9128 prop_inc 48333 fast_inc 0 eta_inc 16688 multi_dec -79070 quick_dec -0 nack_dec -83000
Flow Uec_304_531 flowId 64 uecSrc 63 finished at 461.562 total messages 1 total packets 490 RTS 0 total bytes 2002140 in_flight now 0 fair_inc 16270 prop_inc 49224 fast_inc 0 eta_inc 22052 multi_dec -47501 quick_dec -0 nack_dec -128650
Flow Uec_263_534 flowId 44 uecSrc 43 finished at 471.898 total messages 1 total packets 490 RTS 0 total bytes 2002140 in_flight now 0 fair_inc 23865 prop_inc 48014 fast_inc 0 eta_inc 17880 multi_dec -93684 quick_dec -0 nack_dec -91300
Flow Uec_412_120 flowId 129 uecSrc 128 finished at 480.33 total messages 1 total packets 490 RTS 0 total bytes 2002140 in_flight now 0 fair_inc 16708 prop_inc 21425 fast_inc 0 eta_inc 22648 multi_dec -67482 quick_dec -0 nack_dec -116200
Flow Uec_431_127 flowId 90 uecSrc 89 finished at 489.455 total messages 1 total packets 490 RTS 0 total bytes 2002140 in_flight now 0 fair_inc 14501 prop_inc 22594 fast_inc 0 eta_inc 22648 multi_dec -112030 quick_dec -0 nack_dec -78850
Flow Uec_389_121 flowId 86 uecSrc 85 finished at 505.285 total messages 1 total packets 490 RTS 0 total bytes 2002140 in_flight now 0 fair_inc 14452 prop_inc 34432 fast_inc 0 eta_inc 23840 multi_dec -97230 quick_dec -0 nack_dec -99600
.Done
New: 70560 Rtx: 428 RTS: 0 Bounced: 0 ACKs: 29093 NACKs: 428 Pulls: 0 sleek_pkts: 0
