traffic matrix input file: connection_matrices/load_sweep/load0.75_n256_seed3.cm
Load balancing algorithm set to oblivious
no_of_nodes 256
Dragonfly+ strategy: FPAR
Setting queuesize to 50 packets
endtime(us) 100000
random seed 3
Packet size (MTU) is 4150
Parsed args
Logging to reps_dfp_results/reps_final_sweep/load0.75_oblivious_seed3.dat
Loading connection matrix from connection_matrices/load_sweep/load0.75_n256_seed3.cm
Nodes: 256 Connections: 192 Triggers: 0 Failures: 0
Setting ECN low 33200 high 120350
Dragonfly+ with medium topology type
Link latencies: 1 and switch latencies: 0
queue_id 2 ecn_low 33200 ecn_high 120350
DragonFly+ constructor done, 392 nodes created
Note: topology supports 392 hosts; 136 host port(s) will be unused.
network_max_unloaded_rtt 11.6856 us
Setting min RTO to 114.6
Per-hop RTT normalization: ON (strategy fpar)
Initializing static NSCC parameters: _reference_network_linkspeed=100000000000 _reference_network_rtt=12000000 _reference_network_bdp=150000 _target_Qdelay=8764200 _network_linkspeed=100000000000 _network_rtt=11685600 _network_bdp=146070 _qa_gate=2^3 _qa_threshold=3.50568e+07 _scaling_factor_a=0.9738 _scaling_factor_b=0.73035 _alpha=0.00132632 _fi=19894.7 _eta=596.842 _qa_scaling=1 _gamma=0.8 _fi_scale=0.24345 _delay_alpha=0.0125 _adjust_period_threshold=11685600 _adjust_bytes_threshold=33200
Initialize per-instance NSCC parameters: flowid 1 _base_rtt=11685600 _base_bdp=146070 _bdp=146070 _min_cwnd=4150 _maxwnd=219105 _cwnd=219105
Initialize per-instance NSCC parameters: flowid 2 _base_rtt=11685600 _base_bdp=146070 _bdp=146070 _min_cwnd=4150 _maxwnd=219105 _cwnd=219105
Initialize per-instance NSCC parameters: flowid 3 _base_rtt=11685600 _base_bdp=146070 _bdp=146070 _min_cwnd=4150 _maxwnd=219105 _cwnd=219105
Initialize per-instance NSCC parameters: flowid 4 _base_rtt=11685600 _base_bdp=146070 _bdp=146070 _min_cwnd=4150 _maxwnd=219105 _cwnd=219105
Initialize per-instance NSCC parameters: flowid 5 _base_rtt=11685600 _base_bdp=146070 _bdp=146070 _min_cwnd=4150 _maxwnd=219105 _cwnd=219105
Initialize per-instance NSCC parameters: flowid 6 _base_rtt=11685600 _base_bdp=146070 _bdp=146070 _min_cwnd=4150 _maxwnd=219105 _cwnd=219105
Initialize per-instance NSCC parameters: flowid 7 _base_rtt=11685600 _base_bdp=146070 _bdp=146070 _min_cwnd=4150 _maxwnd=219105 _cwnd=219105
Initialize per-instance NSCC parameters: flowid 8 _base_rtt=11685600 _base_bdp=146070 _bdp=146070 _min_cwnd=4150 _maxwnd=219105 _cwnd=219105
Initialize per-instance NSCC parameters: flowid 9 _base_rtt=11685600 _base_bdp=146070 _bdp=146070 _min_cwnd=4150 _maxwnd=219105 _cwnd=219105
Initialize per-instance NSCC parameters: flowid 10 _base_rtt=11685600 _base_bdp=146070 _bdp=146070 _min_cwnd=4150 _maxwnd=219105 _cwnd=219105
Initialize per-instance NSCC parameters: flowid 11 _base_rtt=11685600 _base_bdp=146070 _bdp=146070 _min_cwnd=4150 _maxwnd=219105 _cwnd=219105
Initialize per-instance NSCC parameters: flowid 12 _base_rtt=11685600 _base_bdp=146070 _bdp=146070 _min_cwnd=4150 _maxwnd=219105 _cwnd=219105
Initialize per-instance NSCC parameters: flowid 13 _base_rtt=11685600 _base_bdp=146070 _bdp=146070 _min_cwnd=4150 _maxwnd=219105 _cwnd=219105
Initialize per-instance NSCC parameters: flowid 14 _base_rtt=11685600 _base_bdp=146070 _bdp=146070 _min_cwnd=4150 _maxwnd=219105 _cwnd=219105
Initialize per-instance NSCC parameters: flowid 15 _base_rtt=11685600 _base_bdp=146070 _bdp=146070 _min_cwnd=4150 _maxwnd=219105 _cwnd=219105
Initialize per-instance NSCC parameters: flowid 16 _base_rtt=11685600 _base_bdp=146070 _bdp=146070 _min_cwnd=4150 _maxwnd=219105 _cwnd=219105
Initialize per-instance NSCC parameters: flowid 17 _base_rtt=11685600 _base_bdp=146070 _bdp=146070 _min_cwnd=4150 _maxwnd=219105 _cwnd=219105
Initialize per-instance NSCC parameters: flowid 18 _base_rtt=11685600 _base_bdp=146070 _bdp=146070 _min_cwnd=4150 _maxwnd=219105 _cwnd=219105
Initialize per-instance NSCC parameters: flowid 19 _base_rtt=11685600 _base_bdp=146070 _bdp=146070 _min_cwnd=4150 _maxwnd=219105 _cwnd=219105
Initialize per-instance NSCC parameters: flowid 20 _base_rtt=11685600 _base_bdp=146070 _bdp=146070 _min_cwnd=4150 _maxwnd=219105 _cwnd=219105
Initialize per-instance NSCC parameters: flowid 21 _base_rtt=11685600 _base_bdp=146070 _bdp=146070 _min_cwnd=4150 _maxwnd=219105 _cwnd=219105
Initialize per-instance NSCC parameters: flowid 22 _base_rtt=11685600 _base_bdp=146070 _bdp=146070 _min_cwnd=4150 _maxwnd=219105 _cwnd=219105
Initialize per-instance NSCC parameters: flowid 23 _base_rtt=11685600 _base_bdp=146070 _bdp=146070 _min_cwnd=4150 _maxwnd=219105 _cwnd=219105
Initialize per-instance NSCC parameters: flowid 24 _base_rtt=11685600 _base_bdp=146070 _bdp=146070 _min_cwnd=4150 _maxwnd=219105 _cwnd=219105
Initialize per-instance NSCC parameters: flowid 25 _base_rtt=11685600 _base_bdp=146070 _bdp=146070 _min_cwnd=4150 _maxwnd=219105 _cwnd=219105
Initialize per-instance NSCC parameters: flowid 26 _base_rtt=11685600 _base_bdp=146070 _bdp=146070 _min_cwnd=4150 _maxwnd=219105 _cwnd=219105
Initialize per-instance NSCC parameters: flowid 27 _base_rtt=11685600 _base_bdp=146070 _bdp=146070 _min_cwnd=4150 _maxwnd=219105 _cwnd=219105
Initialize per-instance NSCC parameters: flowid 28 _base_rtt=11685600 _base_bdp=146070 _bdp=146070 _min_cwnd=4150 _maxwnd=219105 _cwnd=219105
Initialize per-instance NSCC parameters: flowid 29 _base_rtt=11685600 _base_bdp=146070 _bdp=146070 _min_cwnd=4150 _maxwnd=219105 _cwnd=219105
Initialize per-instance NSCC parameters: flowid 30 _base_rtt=11685600 _base_bdp=146070 _bdp=146070 _min_cwnd=4150 _maxwnd=219105 _cwnd=219105
Initialize per-instance NSCC parameters: flowid 31 _base_rtt=11685600 _base_bdp=146070 _bdp=146070 _min_cwnd=4150 _maxwnd=219105 _cwnd=219105
Initialize per-instance NSCC parameters: flowid 32 _base_rtt=11685600 _base_bdp=146070 _bdp=146070 _min_cwnd=4150 _maxwnd=219105 _cwnd=219105
Initialize per-instance NSCC parameters: flowid 33 _base_rtt=11685600 _base_bdp=146070 _bdp=146070 _min_cwnd=4150 _maxwnd=219105 _cwnd=219105
Initialize per-instance NSCC parameters: flowid 34 _base_rtt=11685600 _base_bdp=146070 _bdp=146070 _min_cwnd=4150 _maxwnd=219105 _cwnd=219105
Initialize per-instance NSCC parameters: flowid 35 _base_rtt=11685600 _base_bdp=146070 _bdp=146070 _min_cwnd=4150 _maxwnd=219105 _cwnd=219105
Initialize per-instance NSCC parameters: flowid 36 _base_rtt=11685600 _base_bdp=146070 _bdp=146070 _min_cwnd=4150 _maxwnd=219105 _cwnd=219105
Initialize per-instance NSCC parameters: flowid 37 _base_rtt=11685600 _base_bdp=146070 _bdp=146070 _min_cwnd=4150 _maxwnd=219105 _cwnd=219105
Initialize per-instance NSCC parameters: flowid 38 _base_rtt=11685600 _base_bdp=146070 _bdp=146070 _min_cwnd=4150 _maxwnd=219105 _cwnd=219105
Initialize per-instance NSCC parameters: flowid 39 _base_rtt=11685600 _base_bdp=146070 _bdp=146070 _min_cwnd=4150 _maxwnd=219105 _cwnd=219105
Initialize per-instance NSCC parameters: flowid 40 _base_rtt=11685600 _base_bdp=146070 _bdp=146070 _min_cwnd=4150 _maxwnd=219105 _cwnd=219105
Initialize per-instance NSCC parameters: flowid 41 _base_rtt=11685600 _base_bdp=146070 _bdp=146070 _min_cwnd=4150 _maxwnd=219105 _cwnd=219105
Initialize per-instance NSCC parameters: flowid 42 _base_rtt=11685600 _base_bdp=146070 _bdp=146070 _min_cwnd=4150 _maxwnd=219105 _cwnd=219105
Initialize per-instance NSCC parameters: flowid 43 _base_rtt=11685600 _base_bdp=146070 _bdp=146070 _min_cwnd=4150 _maxwnd=219105 _cwnd=219105
Initialize per-instance NSCC parameters: flowid 44 _base_rtt=11685600 _base_bdp=146070 _bdp=146070 _min_cwnd=4150 _maxwnd=219105 _cwnd=219105
Initialize per-instance NSCC parameters: flowid 45 _base_rtt=11685600 _base_bdp=146070 _bdp=146070 _min_cwnd=4150 _maxwnd=219105 _cwnd=219105
Initialize per-instance NSCC parameters: flowid 46 _base_rtt=11685600 _base_bdp=146070 _bdp=146070 _min_cwnd=4150 _maxwnd=219105 _cwnd=219105
Initialize per-instance NSCC parameters: flowid 47 _base_rtt=11685600 _base_bdp=146070 _bdp=146070 _min_cwnd=4150 _maxwnd=219105 _cwnd=219105
Initialize per-instance NSCC parameters: flowid 48 _base_rtt=11685600 _base_bdp=146070 _bdp=146070 _min_cwnd=4150 _maxwnd=219105 _cwnd=219105
Initialize per-instance NSCC parameters: flowid 49 _base_rtt=11685600 _base_bdp=146070 _bdp=146070 _min_cwnd=4150 _maxwnd=219105 _cwnd=219105
Initialize per-instance NSCC parameters: flowid 50 _base_rtt=11685600 _base_bdp=146070 _bdp=146070 _min_cwnd=4150 _maxwnd=219105 _cwnd=219105
Initialize per-instance NSCC parameters: flowid 51 _base_rtt=11685600 _base_bdp=146070 _bdp=146070 _min_cwnd=4150 _maxwnd=219105 _cwnd=219105
Initialize per-instance NSCC parameters: flowid 52 _base_rtt=11685600 _base_bdp=146070 _bdp=146070 _min_cwnd=4150 _maxwnd=219105 _cwnd=219105
Initialize per-instance NSCC parameters: flowid 53 _base_rtt=11685600 _base_bdp=146070 _bdp=146070 _min_cwnd=4150 _maxwnd=219105 _cwnd=219105
Initialize per-instance NSCC parameters: flowid 54 _base_rtt=11685600 _base_bdp=146070 _bdp=146070 _min_cwnd=4150 _maxwnd=219105 _cwnd=219105
Initialize per-instance NSCC parameters: flowid 55 _base_rtt=11685600 _base_bdp=146070 _bdp=146070 _min_cwnd=4150 _maxwnd=219105 _cwnd=219105
Initialize per-instance NSCC parameters: flowid 56 _base_rtt=11685600 _base_bdp=146070 _bdp=146070 _min_cwnd=4150 _maxwnd=219105 _cwnd=219105
Initialize per-instance NSCC parameters: flowid 57 _base_rtt=11685600 _base_bdp=146070 _bdp=146070 _min_cwnd=4150 _maxwnd=219105 _cwnd=219105
Initialize per-instance NSCC parameters: flowid 58 _base_rtt=11685600 _base_bdp=146070 _bdp=146070 _min_cwnd=4150 _maxwnd=219105 _cwnd=219105
Initialize per-instance NSCC parameters: flowid 59 _base_rtt=11685600 _base_bdp=146070 _bdp=146070 _min_cwnd=4150 _maxwnd=219105 _cwnd=219105
Initialize per-instance NSCC parameters: flowid 60 _base_rtt=11685600 _base_bdp=146070 _bdp=146070 _min_cwnd=4150 _maxwnd=219105 _cwnd=219105
Initialize per-instance NSCC parameters: flowid 61 _base_rtt=11685600 _base_bdp=146070 _bdp=146070 _min_cwnd=4150 _maxwnd=219105 _cwnd=219105
Initialize per-instance NSCC parameters: flowid 62 _base_rtt=11685600 _base_bdp=146070 _bdp=146070 _min_cwnd=4150 _maxwnd=219105 _cwnd=219105
Initialize per-instance NSCC parameters: flowid 63 _base_rtt=11685600 _base_bdp=146070 _bdp=146070 _min_cwnd=4150 _maxwnd=219105 _cwnd=219105
Initialize per-instance NSCC parameters: flowid 64 _base_rtt=11685600 _base_bdp=146070 _bdp=146070 _min_cwnd=4150 _maxwnd=219105 _cwnd=219105
Initialize per-instance NSCC parameters: flowid 65 _base_rtt=11685600 _base_bdp=146070 _bdp=146070 _min_cwnd=4150 _maxwnd=219105 _cwnd=219105
Initialize per-instance NSCC parameters: flowid 66 _base_rtt=11685600 _base_bdp=146070 _bdp=146070 _min_cwnd=4150 _maxwnd=219105 _cwnd=219105
Initialize per-instance NSCC parameters: flowid 67 _base_rtt=11685600 _base_bdp=146070 _bdp=146070 _min_cwnd=4150 _maxwnd=219105 _cwnd=219105
Initialize per-instance NSCC parameters: flowid 68 _base_rtt=11685600 _base_bdp=146070 _bdp=146070 _min_cwnd=4150 _maxwnd=219105 _cwnd=219105
Initialize per-instance NSCC parameters: flowid 69 _base_rtt=11685600 _base_bdp=146070 _bdp=146070 _min_cwnd=4150 _maxwnd=219105 _cwnd=219105
Initialize per-instance NSCC parameters: flowid 70 _base_rtt=11685600 _base_bdp=146070 _bdp=146070 _min_cwnd=4150 _maxwnd=219105 _cwnd=219105
Initialize per-instance NSCC parameters: flowid 71 _base_rtt=11685600 _base_bdp=146070 _bdp=146070 _min_cwnd=4150 _maxwnd=219105 _cwnd=219105
Initialize per-instance NSCC parameters: flowid 72 _base_rtt=11685600 _base_bdp=146070 _bdp=146070 _min_cwnd=4150 _maxwnd=219105 _cwnd=219105
Initialize per-instance NSCC parameters: flowid 73 _base_rtt=11685600 _base_bdp=146070 _bdp=146070 _min_cwnd=4150 _maxwnd=219105 _cwnd=219105
Initialize per-instance NSCC parameters: flowid 74 _base_rtt=11685600 _base_bdp=146070 _bdp=146070 _min_cwnd=4150 _maxwnd=219105 _cwnd=219105
Initialize per-instance NSCC parameters: flowid 75 _base_rtt=11685600 _base_bdp=146070 _bdp=146070 _min_cwnd=4150 _maxwnd=219105 _cwnd=219105
Initialize per-instance NSCC parameters: flowid 76 _base_rtt=11685600 _base_bdp=146070 _bdp=146070 _min_cwnd=4150 _maxwnd=219105 _cwnd=219105
Initialize per-instance NSCC parameters: flowid 77 _base_rtt=11685600 _base_bdp=146070 _bdp=146070 _min_cwnd=4150 _maxwnd=219105 _cwnd=219105
Initialize per-instance NSCC parameters: flowid 78 _base_rtt=11685600 _base_bdp=146070 _bdp=146070 _min_cwnd=4150 _maxwnd=219105 _cwnd=219105
Initialize per-instance NSCC parameters: flowid 79 _base_rtt=11685600 _base_bdp=146070 _bdp=146070 _min_cwnd=4150 _maxwnd=219105 _cwnd=219105
Initialize per-instance NSCC parameters: flowid 80 _base_rtt=11685600 _base_bdp=146070 _bdp=146070 _min_cwnd=4150 _maxwnd=219105 _cwnd=219105
Initialize per-instance NSCC parameters: flowid 81 _base_rtt=11685600 _base_bdp=146070 _bdp=146070 _min_cwnd=4150 _maxwnd=219105 _cwnd=219105
Initialize per-instance NSCC parameters: flowid 82 _base_rtt=11685600 _base_bdp=146070 _bdp=146070 _min_cwnd=4150 _maxwnd=219105 _cwnd=219105
Initialize per-instance NSCC parameters: flowid 83 _base_rtt=11685600 _base_bdp=146070 _bdp=146070 _min_cwnd=4150 _maxwnd=219105 _cwnd=219105
Initialize per-instance NSCC parameters: flowid 84 _base_rtt=11685600 _base_bdp=146070 _bdp=146070 _min_cwnd=4150 _maxwnd=219105 _cwnd=219105
Initialize per-instance NSCC parameters: flowid 85 _base_rtt=11685600 _base_bdp=146070 _bdp=146070 _min_cwnd=4150 _maxwnd=219105 _cwnd=219105
Initialize per-instance NSCC parameters: flowid 86 _base_rtt=11685600 _base_bdp=146070 _bdp=146070 _min_cwnd=4150 _maxwnd=219105 _cwnd=219105
Initialize per-instance NSCC parameters: flowid 87 _base_rtt=11685600 _base_bdp=146070 _bdp=146070 _min_cwnd=4150 _maxwnd=219105 _cwnd=219105
Initialize per-instance NSCC parameters: flowid 88 _base_rtt=11685600 _base_bdp=146070 _bdp=146070 _min_cwnd=4150 _maxwnd=219105 _cwnd=219105
Initialize per-instance NSCC parameters: flowid 89 _base_rtt=11685600 _base_bdp=146070 _bdp=146070 _min_cwnd=4150 _maxwnd=219105 _cwnd=219105
Initialize per-instance NSCC parameters: flowid 90 _base_rtt=11685600 _base_bdp=146070 _bdp=146070 _min_cwnd=4150 _maxwnd=219105 _cwnd=219105
Initialize per-instance NSCC parameters: flowid 91 _base_rtt=11685600 _base_bdp=146070 _bdp=146070 _min_cwnd=4150 _maxwnd=219105 _cwnd=219105
Initialize per-instance NSCC parameters: flowid 92 _base_rtt=11685600 _base_bdp=146070 _bdp=146070 _min_cwnd=4150 _maxwnd=219105 _cwnd=219105
Initialize per-instance NSCC parameters: flowid 93 _base_rtt=11685600 _base_bdp=146070 _bdp=146070 _min_cwnd=4150 _maxwnd=219105 _cwnd=219105
Initialize per-instance NSCC parameters: flowid 94 _base_rtt=11685600 _base_bdp=146070 _bdp=146070 _min_cwnd=4150 _maxwnd=219105 _cwnd=219105
Initialize per-instance NSCC parameters: flowid 95 _base_rtt=11685600 _base_bdp=146070 _bdp=146070 _min_cwnd=4150 _maxwnd=219105 _cwnd=219105
Initialize per-instance NSCC parameters: flowid 96 _base_rtt=11685600 _base_bdp=146070 _bdp=146070 _min_cwnd=4150 _maxwnd=219105 _cwnd=219105
Initialize per-instance NSCC parameters: flowid 97 _base_rtt=11685600 _base_bdp=146070 _bdp=146070 _min_cwnd=4150 _maxwnd=219105 _cwnd=219105
Initialize per-instance NSCC parameters: flowid 98 _base_rtt=11685600 _base_bdp=146070 _bdp=146070 _min_cwnd=4150 _maxwnd=219105 _cwnd=219105
Initialize per-instance NSCC parameters: flowid 99 _base_rtt=11685600 _base_bdp=146070 _bdp=146070 _min_cwnd=4150 _maxwnd=219105 _cwnd=219105
Initialize per-instance NSCC parameters: flowid 100 _base_rtt=11685600 _base_bdp=146070 _bdp=146070 _min_cwnd=4150 _maxwnd=219105 _cwnd=219105
Initialize per-instance NSCC parameters: flowid 101 _base_rtt=11685600 _base_bdp=146070 _bdp=146070 _min_cwnd=4150 _maxwnd=219105 _cwnd=219105
Initialize per-instance NSCC parameters: flowid 102 _base_rtt=11685600 _base_bdp=146070 _bdp=146070 _min_cwnd=4150 _maxwnd=219105 _cwnd=219105
Initialize per-instance NSCC parameters: flowid 103 _base_rtt=11685600 _base_bdp=146070 _bdp=146070 _min_cwnd=4150 _maxwnd=219105 _cwnd=219105
Initialize per-instance NSCC parameters: flowid 104 _base_rtt=11685600 _base_bdp=146070 _bdp=146070 _min_cwnd=4150 _maxwnd=219105 _cwnd=219105
Initialize per-instance NSCC parameters: flowid 105 _base_rtt=11685600 _base_bdp=146070 _bdp=146070 _min_cwnd=4150 _maxwnd=219105 _cwnd=219105
Initialize per-instance NSCC parameters: flowid 106 _base_rtt=11685600 _base_bdp=146070 _bdp=146070 _min_cwnd=4150 _maxwnd=219105 _cwnd=219105
Initialize per-instance NSCC parameters: flowid 107 _base_rtt=11685600 _base_bdp=146070 _bdp=146070 _min_cwnd=4150 _maxwnd=219105 _cwnd=219105
Initialize per-instance NSCC parameters: flowid 108 _base_rtt=11685600 _base_bdp=146070 _bdp=146070 _min_cwnd=4150 _maxwnd=219105 _cwnd=219105
Initialize per-instance NSCC parameters: flowid 109 _base_rtt=11685600 _base_bdp=146070 _bdp=146070 _min_cwnd=4150 _maxwnd=219105 _cwnd=219105
Initialize per-instance NSCC parameters: flowid 110 _base_rtt=11685600 _base_bdp=146070 _bdp=146070 _min_cwnd=4150 _maxwnd=219105 _cwnd=219105
Initialize per-instance NSCC parameters: flowid 111 _base_rtt=11685600 _base_bdp=146070 _bdp=146070 _min_cwnd=4150 _maxwnd=219105 _cwnd=219105
Initialize per-instance NSCC parameters: flowid 112 _base_rtt=11685600 _base_bdp=146070 _bdp=146070 _min_cwnd=4150 _maxwnd=219105 _cwnd=219105
Initialize per-instance NSCC parameters: flowid 113 _base_rtt=11685600 _base_bdp=146070 _bdp=146070 _min_cwnd=4150 _maxwnd=219105 _cwnd=219105
Initialize per-instance NSCC parameters: flowid 114 _base_rtt=11685600 _base_bdp=146070 _bdp=146070 _min_cwnd=4150 _maxwnd=219105 _cwnd=219105
Initialize per-instance NSCC parameters: flowid 115 _base_rtt=11685600 _base_bdp=146070 _bdp=146070 _min_cwnd=4150 _maxwnd=219105 _cwnd=219105
Initialize per-instance NSCC parameters: flowid 116 _base_rtt=11685600 _base_bdp=146070 _bdp=146070 _min_cwnd=4150 _maxwnd=219105 _cwnd=219105
Initialize per-instance NSCC parameters: flowid 117 _base_rtt=11685600 _base_bdp=146070 _bdp=146070 _min_cwnd=4150 _maxwnd=219105 _cwnd=219105
Initialize per-instance NSCC parameters: flowid 118 _base_rtt=11685600 _base_bdp=146070 _bdp=146070 _min_cwnd=4150 _maxwnd=219105 _cwnd=219105
Initialize per-instance NSCC parameters: flowid 119 _base_rtt=11685600 _base_bdp=146070 _bdp=146070 _min_cwnd=4150 _maxwnd=219105 _cwnd=219105
Initialize per-instance NSCC parameters: flowid 120 _base_rtt=11685600 _base_bdp=146070 _bdp=146070 _min_cwnd=4150 _maxwnd=219105 _cwnd=219105
Initialize per-instance NSCC parameters: flowid 121 _base_rtt=11685600 _base_bdp=146070 _bdp=146070 _min_cwnd=4150 _maxwnd=219105 _cwnd=219105
Initialize per-instance NSCC parameters: flowid 122 _base_rtt=11685600 _base_bdp=146070 _bdp=146070 _min_cwnd=4150 _maxwnd=219105 _cwnd=219105
Initialize per-instance NSCC parameters: flowid 123 _base_rtt=11685600 _base_bdp=146070 _bdp=146070 _min_cwnd=4150 _maxwnd=219105 _cwnd=219105
Initialize per-instance NSCC parameters: flowid 124 _base_rtt=11685600 _base_bdp=146070 _bdp=146070 _min_cwnd=4150 _maxwnd=219105 _cwnd=219105
Initialize per-instance NSCC parameters: flowid 125 _base_rtt=11685600 _base_bdp=146070 _bdp=146070 _min_cwnd=4150 _maxwnd=219105 _cwnd=219105
Initialize per-instance NSCC parameters: flowid 126 _base_rtt=11685600 _base_bdp=146070 _bdp=146070 _min_cwnd=4150 _maxwnd=219105 _cwnd=219105
Initialize per-instance NSCC parameters: flowid 127 _base_rtt=11685600 _base_bdp=146070 _bdp=146070 _min_cwnd=4150 _maxwnd=219105 _cwnd=219105
Initialize per-instance NSCC parameters: flowid 128 _base_rtt=11685600 _base_bdp=146070 _bdp=146070 _min_cwnd=4150 _maxwnd=219105 _cwnd=219105
Initialize per-instance NSCC parameters: flowid 129 _base_rtt=11685600 _base_bdp=146070 _bdp=146070 _min_cwnd=4150 _maxwnd=219105 _cwnd=219105
Initialize per-instance NSCC parameters: flowid 130 _base_rtt=11685600 _base_bdp=146070 _bdp=146070 _min_cwnd=4150 _maxwnd=219105 _cwnd=219105
Initialize per-instance NSCC parameters: flowid 131 _base_rtt=11685600 _base_bdp=146070 _bdp=146070 _min_cwnd=4150 _maxwnd=219105 _cwnd=219105
Initialize per-instance NSCC parameters: flowid 132 _base_rtt=11685600 _base_bdp=146070 _bdp=146070 _min_cwnd=4150 _maxwnd=219105 _cwnd=219105
Initialize per-instance NSCC parameters: flowid 133 _base_rtt=11685600 _base_bdp=146070 _bdp=146070 _min_cwnd=4150 _maxwnd=219105 _cwnd=219105
Initialize per-instance NSCC parameters: flowid 134 _base_rtt=11685600 _base_bdp=146070 _bdp=146070 _min_cwnd=4150 _maxwnd=219105 _cwnd=219105
Initialize per-instance NSCC parameters: flowid 135 _base_rtt=11685600 _base_bdp=146070 _bdp=146070 _min_cwnd=4150 _maxwnd=219105 _cwnd=219105
Initialize per-instance NSCC parameters: flowid 136 _base_rtt=11685600 _base_bdp=146070 _bdp=146070 _min_cwnd=4150 _maxwnd=219105 _cwnd=219105
Initialize per-instance NSCC parameters: flowid 137 _base_rtt=11685600 _base_bdp=146070 _bdp=146070 _min_cwnd=4150 _maxwnd=219105 _cwnd=219105
Initialize per-instance NSCC parameters: flowid 138 _base_rtt=11685600 _base_bdp=146070 _bdp=146070 _min_cwnd=4150 _maxwnd=219105 _cwnd=219105
Initialize per-instance NSCC parameters: flowid 139 _base_rtt=11685600 _base_bdp=146070 _bdp=146070 _min_cwnd=4150 _maxwnd=219105 _cwnd=219105
Initialize per-instance NSCC parameters: flowid 140 _base_rtt=11685600 _base_bdp=146070 _bdp=146070 _min_cwnd=4150 _maxwnd=219105 _cwnd=219105
Initialize per-instance NSCC parameters: flowid 141 _base_rtt=11685600 _base_bdp=146070 _bdp=146070 _min_cwnd=4150 _maxwnd=219105 _cwnd=219105
Initialize per-instance NSCC parameters: flowid 142 _base_rtt=11685600 _base_bdp=146070 _bdp=146070 _min_cwnd=4150 _maxwnd=219105 _cwnd=219105
Initialize per-instance NSCC parameters: flowid 143 _base_rtt=11685600 _base_bdp=146070 _bdp=146070 _min_cwnd=4150 _maxwnd=219105 _cwnd=219105
Initialize per-instance NSCC parameters: flowid 144 _base_rtt=11685600 _base_bdp=146070 _bdp=146070 _min_cwnd=4150 _maxwnd=219105 _cwnd=219105
Initialize per-instance NSCC parameters: flowid 145 _base_rtt=11685600 _base_bdp=146070 _bdp=146070 _min_cwnd=4150 _maxwnd=219105 _cwnd=219105
Initialize per-instance NSCC parameters: flowid 146 _base_rtt=11685600 _base_bdp=146070 _bdp=146070 _min_cwnd=4150 _maxwnd=219105 _cwnd=219105
Initialize per-instance NSCC parameters: flowid 147 _base_rtt=11685600 _base_bdp=146070 _bdp=146070 _min_cwnd=4150 _maxwnd=219105 _cwnd=219105
Initialize per-instance NSCC parameters: flowid 148 _base_rtt=11685600 _base_bdp=146070 _bdp=146070 _min_cwnd=4150 _maxwnd=219105 _cwnd=219105
Initialize per-instance NSCC parameters: flowid 149 _base_rtt=11685600 _base_bdp=146070 _bdp=146070 _min_cwnd=4150 _maxwnd=219105 _cwnd=219105
Initialize per-instance NSCC parameters: flowid 150 _base_rtt=11685600 _base_bdp=146070 _bdp=146070 _min_cwnd=4150 _maxwnd=219105 _cwnd=219105
Initialize per-instance NSCC parameters: flowid 151 _base_rtt=11685600 _base_bdp=146070 _bdp=146070 _min_cwnd=4150 _maxwnd=219105 _cwnd=219105
Initialize per-instance NSCC parameters: flowid 152 _base_rtt=11685600 _base_bdp=146070 _bdp=146070 _min_cwnd=4150 _maxwnd=219105 _cwnd=219105
Initialize per-instance NSCC parameters: flowid 153 _base_rtt=11685600 _base_bdp=146070 _bdp=146070 _min_cwnd=4150 _maxwnd=219105 _cwnd=219105
Initialize per-instance NSCC parameters: flowid 154 _base_rtt=11685600 _base_bdp=146070 _bdp=146070 _min_cwnd=4150 _maxwnd=219105 _cwnd=219105
Initialize per-instance NSCC parameters: flowid 155 _base_rtt=11685600 _base_bdp=146070 _bdp=146070 _min_cwnd=4150 _maxwnd=219105 _cwnd=219105
Initialize per-instance NSCC parameters: flowid 156 _base_rtt=11685600 _base_bdp=146070 _bdp=146070 _min_cwnd=4150 _maxwnd=219105 _cwnd=219105
Initialize per-instance NSCC parameters: flowid 157 _base_rtt=11685600 _base_bdp=146070 _bdp=146070 _min_cwnd=4150 _maxwnd=219105 _cwnd=219105
Initialize per-instance NSCC parameters: flowid 158 _base_rtt=11685600 _base_bdp=146070 _bdp=146070 _min_cwnd=4150 _maxwnd=219105 _cwnd=219105
Initialize per-instance NSCC parameters: flowid 159 _base_rtt=11685600 _base_bdp=146070 _bdp=146070 _min_cwnd=4150 _maxwnd=219105 _cwnd=219105
Initialize per-instance NSCC parameters: flowid 160 _base_rtt=11685600 _base_bdp=146070 _bdp=146070 _min_cwnd=4150 _maxwnd=219105 _cwnd=219105
Initialize per-instance NSCC parameters: flowid 161 _base_rtt=11685600 _base_bdp=146070 _bdp=146070 _min_cwnd=4150 _maxwnd=219105 _cwnd=219105
Initialize per-instance NSCC parameters: flowid 162 _base_rtt=11685600 _base_bdp=146070 _bdp=146070 _min_cwnd=4150 _maxwnd=219105 _cwnd=219105
Initialize per-instance NSCC parameters: flowid 163 _base_rtt=11685600 _base_bdp=146070 _bdp=146070 _min_cwnd=4150 _maxwnd=219105 _cwnd=219105
Initialize per-instance NSCC parameters: flowid 164 _base_rtt=11685600 _base_bdp=146070 _bdp=146070 _min_cwnd=4150 _maxwnd=219105 _cwnd=219105
Initialize per-instance NSCC parameters: flowid 165 _base_rtt=11685600 _base_bdp=146070 _bdp=146070 _min_cwnd=4150 _maxwnd=219105 _cwnd=219105
Initialize per-instance NSCC parameters: flowid 166 _base_rtt=11685600 _base_bdp=146070 _bdp=146070 _min_cwnd=4150 _maxwnd=219105 _cwnd=219105
Initialize per-instance NSCC parameters: flowid 167 _base_rtt=11685600 _base_bdp=146070 _bdp=146070 _min_cwnd=4150 _maxwnd=219105 _cwnd=219105
Initialize per-instance NSCC parameters: flowid 168 _base_rtt=11685600 _base_bdp=146070 _bdp=146070 _min_cwnd=4150 _maxwnd=219105 _cwnd=219105
Initialize per-instance NSCC parameters: flowid 169 _base_rtt=11685600 _base_bdp=146070 _bdp=146070 _min_cwnd=4150 _maxwnd=219105 _cwnd=219105
Initialize per-instance NSCC parameters: flowid 170 _base_rtt=11685600 _base_bdp=146070 _bdp=146070 _min_cwnd=4150 _maxwnd=219105 _cwnd=219105
Initialize per-instance NSCC parameters: flowid 171 _base_rtt=11685600 _base_bdp=146070 _bdp=146070 _min_cwnd=4150 _maxwnd=219105 _cwnd=219105
Initialize per-instance NSCC parameters: flowid 172 _base_rtt=11685600 _base_bdp=146070 _bdp=146070 _min_cwnd=4150 _maxwnd=219105 _cwnd=219105
Initialize per-instance NSCC parameters: flowid 173 _base_rtt=11685600 _base_bdp=146070 _bdp=146070 _min_cwnd=4150 _maxwnd=219105 _cwnd=219105
Initialize per-instance NSCC parameters: flowid 174 _base_rtt=11685600 _base_bdp=146070 _bdp=146070 _min_cwnd=4150 _maxwnd=219105 _cwnd=219105
Initialize per-instance NSCC parameters: flowid 175 _base_rtt=11685600 _base_bdp=146070 _bdp=146070 _min_cwnd=4150 _maxwnd=219105 _cwnd=219105
Initialize per-instance NSCC parameters: flowid 176 _base_rtt=11685600 _base_bdp=146070 _bdp=146070 _min_cwnd=4150 _maxwnd=219105 _cwnd=219105
Initialize per-instance NSCC parameters: flowid 177 _base_rtt=11685600 _base_bdp=146070 _bdp=146070 _min_cwnd=4150 _maxwnd=219105 _cwnd=219105
Initialize per-instance NSCC parameters: flowid 178 _base_rtt=11685600 _base_bdp=146070 _bdp=146070 _min_cwnd=4150 _maxwnd=219105 _cwnd=219105
Initialize per-instance NSCC parameters: flowid 179 _base_rtt=11685600 _base_bdp=146070 _bdp=146070 _min_cwnd=4150 _maxwnd=219105 _cwnd=219105
Initialize per-instance NSCC parameters: flowid 180 _base_rtt=11685600 _base_bdp=146070 _bdp=146070 _min_cwnd=4150 _maxwnd=219105 _cwnd=219105
Initialize per-instance NSCC parameters: flowid 181 _base_rtt=11685600 _base_bdp=146070 _bdp=146070 _min_cwnd=4150 _maxwnd=219105 _cwnd=219105
Initialize per-instance NSCC parameters: flowid 182 _base_rtt=11685600 _base_bdp=146070 _bdp=146070 _min_cwnd=4150 _maxwnd=219105 _cwnd=219105
Initialize per-instance NSCC parameters: flowid 183 _base_rtt=11685600 _base_bdp=146070 _bdp=146070 _min_cwnd=4150 _maxwnd=219105 _cwnd=219105
Initialize per-instance NSCC parameters: flowid 184 _base_rtt=11685600 _base_bdp=146070 _bdp=146070 _min_cwnd=4150 _maxwnd=219105 _cwnd=219105
Initialize per-instance NSCC parameters: flowid 185 _base_rtt=11685600 _base_bdp=146070 _bdp=146070 _min_cwnd=4150 _maxwnd=219105 _cwnd=219105
Initialize per-instance NSCC parameters: flowid 186 _base_rtt=11685600 _base_bdp=146070 _bdp=146070 _min_cwnd=4150 _maxwnd=219105 _cwnd=219105
Initialize per-instance NSCC parameters: flowid 187 _base_rtt=11685600 _base_bdp=146070 _bdp=146070 _min_cwnd=4150 _maxwnd=219105 _cwnd=219105
Initialize per-instance NSCC parameters: flowid 188 _base_rtt=11685600 _base_bdp=146070 _bdp=146070 _min_cwnd=4150 _maxwnd=219105 _cwnd=219105
Initialize per-instance NSCC parameters: flowid 189 _base_rtt=11685600 _base_bdp=146070 _bdp=146070 _min_cwnd=4150 _maxwnd=219105 _cwnd=219105
Initialize per-instance NSCC parameters: flowid 190 _base_rtt=11685600 _base_bdp=146070 _bdp=146070 _min_cwnd=4150 _maxwnd=219105 _cwnd=219105
Initialize per-instance NSCC parameters: flowid 191 _base_rtt=11685600 _base_bdp=146070 _bdp=146070 _min_cwnd=4150 _maxwnd=219105 _cwnd=219105
Initialize per-instance NSCC parameters: flowid 192 _base_rtt=11685600 _base_bdp=146070 _bdp=146070 _min_cwnd=4150 _maxwnd=219105 _cwnd=219105
Starting simulation
Flow Uec_58_186 flowId 1 uecSrc 0 starting at 0
Flow Uec_130_2 flowId 2 uecSrc 1 starting at 0
Flow Uec_20_148 flowId 3 uecSrc 2 starting at 0
Flow Uec_212_84 flowId 4 uecSrc 3 starting at 0
Flow Uec_159_31 flowId 5 uecSrc 4 starting at 0
Flow Uec_33_161 flowId 6 uecSrc 5 starting at 0
Flow Uec_244_116 flowId 7 uecSrc 6 starting at 0
Flow Uec_137_9 flowId 8 uecSrc 7 starting at 0
Flow Uec_79_207 flowId 9 uecSrc 8 starting at 0
Flow Uec_186_58 flowId 10 uecSrc 9 starting at 0
Flow Uec_248_120 flowId 11 uecSrc 10 starting at 0
Flow Uec_223_95 flowId 12 uecSrc 11 starting at 0
Flow Uec_87_215 flowId 13 uecSrc 12 starting at 0
Flow Uec_199_71 flowId 14 uecSrc 13 starting at 0
Flow Uec_187_59 flowId 15 uecSrc 14 starting at 0
Flow Uec_10_138 flowId 16 uecSrc 15 starting at 0
Flow Uec_109_237 flowId 17 uecSrc 16 starting at 0
Flow Uec_94_222 flowId 18 uecSrc 17 starting at 0
Flow Uec_39_167 flowId 19 uecSrc 18 starting at 0
Flow Uec_24_152 flowId 20 uecSrc 19 starting at 0
Flow Uec_93_221 flowId 21 uecSrc 20 starting at 0
Flow Uec_161_33 flowId 22 uecSrc 21 starting at 0
Flow Uec_65_193 flowId 23 uecSrc 22 starting at 0
Flow Uec_211_83 flowId 24 uecSrc 23 starting at 0
Flow Uec_225_97 flowId 25 uecSrc 24 starting at 0
Flow Uec_143_15 flowId 26 uecSrc 25 starting at 0
Flow Uec_51_179 flowId 27 uecSrc 26 starting at 0
Flow Uec_102_230 flowId 28 uecSrc 27 starting at 0
Flow Uec_54_182 flowId 29 uecSrc 28 starting at 0
Flow Uec_242_114 flowId 30 uecSrc 29 starting at 0
Flow Uec_56_184 flowId 31 uecSrc 30 starting at 0
Flow Uec_214_86 flowId 32 uecSrc 31 starting at 0
Flow Uec_27_155 flowId 33 uecSrc 32 starting at 0
Flow Uec_251_123 flowId 34 uecSrc 33 starting at 0
Flow Uec_84_212 flowId 35 uecSrc 34 starting at 0
Flow Uec_61_189 flowId 36 uecSrc 35 starting at 0
Flow Uec_142_14 flowId 37 uecSrc 36 starting at 0
Flow Uec_68_196 flowId 38 uecSrc 37 starting at 0
Flow Uec_91_219 flowId 39 uecSrc 38 starting at 0
Flow Uec_215_87 flowId 40 uecSrc 39 starting at 0
Flow Uec_203_75 flowId 41 uecSrc 40 starting at 0
Flow Uec_165_37 flowId 42 uecSrc 41 starting at 0
Flow Uec_19_147 flowId 43 uecSrc 42 starting at 0
Flow Uec_92_220 flowId 44 uecSrc 43 starting at 0
Flow Uec_149_21 flowId 45 uecSrc 44 starting at 0
Flow Uec_115_243 flowId 46 uecSrc 45 starting at 0
Flow Uec_13_141 flowId 47 uecSrc 46 starting at 0
Flow Uec_227_99 flowId 48 uecSrc 47 starting at 0
Flow Uec_73_201 flowId 49 uecSrc 48 starting at 0
Flow Uec_135_7 flowId 50 uecSrc 49 starting at 0
Flow Uec_173_45 flowId 51 uecSrc 50 starting at 0
Flow Uec_152_24 flowId 52 uecSrc 51 starting at 0
Flow Uec_52_180 flowId 53 uecSrc 52 starting at 0
Flow Uec_190_62 flowId 54 uecSrc 53 starting at 0
Flow Uec_208_80 flowId 55 uecSrc 54 starting at 0
Flow Uec_31_159 flowId 56 uecSrc 55 starting at 0
Flow Uec_235_107 flowId 57 uecSrc 56 starting at 0
Flow Uec_0_128 flowId 58 uecSrc 57 starting at 0
Flow Uec_75_203 flowId 59 uecSrc 58 starting at 0
Flow Uec_110_238 flowId 60 uecSrc 59 starting at 0
Flow Uec_129_1 flowId 61 uecSrc 60 starting at 0
Flow Uec_249_121 flowId 62 uecSrc 61 starting at 0
Flow Uec_63_191 flowId 63 uecSrc 62 starting at 0
Flow Uec_6_134 flowId 64 uecSrc 63 starting at 0
Flow Uec_36_164 flowId 65 uecSrc 64 starting at 0
Flow Uec_209_81 flowId 66 uecSrc 65 starting at 0
Flow Uec_44_172 flowId 67 uecSrc 66 starting at 0
Flow Uec_29_157 flowId 68 uecSrc 67 starting at 0
Flow Uec_206_78 flowId 69 uecSrc 68 starting at 0
Flow Uec_141_13 flowId 70 uecSrc 69 starting at 0
Flow Uec_236_108 flowId 71 uecSrc 70 starting at 0
Flow Uec_254_126 flowId 72 uecSrc 71 starting at 0
Flow Uec_194_66 flowId 73 uecSrc 72 starting at 0
Flow Uec_232_104 flowId 74 uecSrc 73 starting at 0
Flow Uec_26_154 flowId 75 uecSrc 74 starting at 0
Flow Uec_204_76 flowId 76 uecSrc 75 starting at 0
Flow Uec_47_175 flowId 77 uecSrc 76 starting at 0
Flow Uec_66_194 flowId 78 uecSrc 77 starting at 0
Flow Uec_147_19 flowId 79 uecSrc 78 starting at 0
Flow Uec_126_254 flowId 80 uecSrc 79 starting at 0
Flow Uec_192_64 flowId 81 uecSrc 80 starting at 0
Flow Uec_132_4 flowId 82 uecSrc 81 starting at 0
Flow Uec_164_36 flowId 83 uecSrc 82 starting at 0
Flow Uec_125_253 flowId 84 uecSrc 83 starting at 0
Flow Uec_4_132 flowId 85 uecSrc 84 starting at 0
Flow Uec_157_29 flowId 86 uecSrc 85 starting at 0
Flow Uec_156_28 flowId 87 uecSrc 86 starting at 0
Flow Uec_195_67 flowId 88 uecSrc 87 starting at 0
Flow Uec_124_252 flowId 89 uecSrc 88 starting at 0
Flow Uec_183_55 flowId 90 uecSrc 89 starting at 0
Flow Uec_178_50 flowId 91 uecSrc 90 starting at 0
Flow Uec_226_98 flowId 92 uecSrc 91 starting at 0
Flow Uec_139_11 flowId 93 uecSrc 92 starting at 0
Flow Uec_123_251 flowId 94 uecSrc 93 starting at 0
Flow Uec_67_195 flowId 95 uecSrc 94 starting at 0
Flow Uec_182_54 flowId 96 uecSrc 95 starting at 0
Flow Uec_38_166 flowId 97 uecSrc 96 starting at 0
Flow Uec_189_61 flowId 98 uecSrc 97 starting at 0
Flow Uec_185_57 flowId 99 uecSrc 98 starting at 0
Flow Uec_153_25 flowId 100 uecSrc 99 starting at 0
Flow Uec_246_118 flowId 101 uecSrc 100 starting at 0
Flow Uec_228_100 flowId 102 uecSrc 101 starting at 0
Flow Uec_238_110 flowId 103 uecSrc 102 starting at 0
Flow Uec_83_211 flowId 104 uecSrc 103 starting at 0
Flow Uec_188_60 flowId 105 uecSrc 104 starting at 0
Flow Uec_80_208 flowId 106 uecSrc 105 starting at 0
Flow Uec_55_183 flowId 107 uecSrc 106 starting at 0
Flow Uec_196_68 flowId 108 uecSrc 107 starting at 0
Flow Uec_234_106 flowId 109 uecSrc 108 starting at 0
Flow Uec_12_140 flowId 110 uecSrc 109 starting at 0
Flow Uec_177_49 flowId 111 uecSrc 110 starting at 0
Flow Uec_179_51 flowId 112 uecSrc 111 starting at 0
Flow Uec_240_112 flowId 113 uecSrc 112 starting at 0
Flow Uec_77_205 flowId 114 uecSrc 113 starting at 0
Flow Uec_163_35 flowId 115 uecSrc 114 starting at 0
Flow Uec_28_156 flowId 116 uecSrc 115 starting at 0
Flow Uec_146_18 flowId 117 uecSrc 116 starting at 0
Flow Uec_169_41 flowId 118 uecSrc 117 starting at 0
Flow Uec_162_34 flowId 119 uecSrc 118 starting at 0
Flow Uec_122_250 flowId 120 uecSrc 119 starting at 0
Flow Uec_252_124 flowId 121 uecSrc 120 starting at 0
Flow Uec_138_10 flowId 122 uecSrc 121 starting at 0
Flow Uec_220_92 flowId 123 uecSrc 122 starting at 0
Flow Uec_144_16 flowId 124 uecSrc 123 starting at 0
Flow Uec_219_91 flowId 125 uecSrc 124 starting at 0
Flow Uec_111_239 flowId 126 uecSrc 125 starting at 0
Flow Uec_3_131 flowId 127 uecSrc 126 starting at 0
Flow Uec_170_42 flowId 128 uecSrc 127 starting at 0
Flow Uec_237_109 flowId 129 uecSrc 128 starting at 0
Flow Uec_1_129 flowId 130 uecSrc 129 starting at 0
Flow Uec_82_210 flowId 131 uecSrc 130 starting at 0
Flow Uec_117_245 flowId 132 uecSrc 131 starting at 0
Flow Uec_18_146 flowId 133 uecSrc 132 starting at 0
Flow Uec_120_248 flowId 134 uecSrc 133 starting at 0
Flow Uec_200_72 flowId 135 uecSrc 134 starting at 0
Flow Uec_181_53 flowId 136 uecSrc 135 starting at 0
Flow Uec_180_52 flowId 137 uecSrc 136 starting at 0
Flow Uec_97_225 flowId 138 uecSrc 137 starting at 0
Flow Uec_14_142 flowId 139 uecSrc 138 starting at 0
Flow Uec_171_43 flowId 140 uecSrc 139 starting at 0
Flow Uec_155_27 flowId 141 uecSrc 140 starting at 0
Flow Uec_37_165 flowId 142 uecSrc 141 starting at 0
Flow Uec_217_89 flowId 143 uecSrc 142 starting at 0
Flow Uec_145_17 flowId 144 uecSrc 143 starting at 0
Flow Uec_78_206 flowId 145 uecSrc 144 starting at 0
Flow Uec_9_137 flowId 146 uecSrc 145 starting at 0
Flow Uec_2_130 flowId 147 uecSrc 146 starting at 0
Flow Uec_205_77 flowId 148 uecSrc 147 starting at 0
Flow Uec_250_122 flowId 149 uecSrc 148 starting at 0
Flow Uec_5_133 flowId 150 uecSrc 149 starting at 0
Flow Uec_191_63 flowId 151 uecSrc 150 starting at 0
Flow Uec_230_102 flowId 152 uecSrc 151 starting at 0
Flow Uec_134_6 flowId 153 uecSrc 152 starting at 0
Flow Uec_131_3 flowId 154 uecSrc 153 starting at 0
Flow Uec_30_158 flowId 155 uecSrc 154 starting at 0
Flow Uec_160_32 flowId 156 uecSrc 155 starting at 0
Flow Uec_104_232 flowId 157 uecSrc 156 starting at 0
Flow Uec_35_163 flowId 158 uecSrc 157 starting at 0
Flow Uec_119_247 flowId 159 uecSrc 158 starting at 0
Flow Uec_7_135 flowId 160 uecSrc 159 starting at 0
Flow Uec_221_93 flowId 161 uecSrc 160 starting at 0
Flow Uec_23_151 flowId 162 uecSrc 161 starting at 0
Flow Uec_71_199 flowId 163 uecSrc 162 starting at 0
Flow Uec_193_65 flowId 164 uecSrc 163 starting at 0
Flow Uec_140_12 flowId 165 uecSrc 164 starting at 0
Flow Uec_213_85 flowId 166 uecSrc 165 starting at 0
Flow Uec_210_82 flowId 167 uecSrc 166 starting at 0
Flow Uec_99_227 flowId 168 uecSrc 167 starting at 0
Flow Uec_202_74 flowId 169 uecSrc 168 starting at 0
Flow Uec_98_226 flowId 170 uecSrc 169 starting at 0
Flow Uec_166_38 flowId 171 uecSrc 170 starting at 0
Flow Uec_62_190 flowId 172 uecSrc 171 starting at 0
Flow Uec_105_233 flowId 173 uecSrc 172 starting at 0
Flow Uec_127_255 flowId 174 uecSrc 173 starting at 0
Flow Uec_118_246 flowId 175 uecSrc 174 starting at 0
Flow Uec_25_153 flowId 176 uecSrc 175 starting at 0
Flow Uec_154_26 flowId 177 uecSrc 176 starting at 0
Flow Uec_43_171 flowId 178 uecSrc 177 starting at 0
Flow Uec_74_202 flowId 179 uecSrc 178 starting at 0
Flow Uec_11_139 flowId 180 uecSrc 179 starting at 0
Flow Uec_158_30 flowId 181 uecSrc 180 starting at 0
Flow Uec_90_218 flowId 182 uecSrc 181 starting at 0
Flow Uec_95_223 flowId 183 uecSrc 182 starting at 0
Flow Uec_172_44 flowId 184 uecSrc 183 starting at 0
Flow Uec_70_198 flowId 185 uecSrc 184 starting at 0
Flow Uec_168_40 flowId 186 uecSrc 185 starting at 0
Flow Uec_34_162 flowId 187 uecSrc 186 starting at 0
Flow Uec_148_20 flowId 188 uecSrc 187 starting at 0
Flow Uec_218_90 flowId 189 uecSrc 188 starting at 0
Flow Uec_46_174 flowId 190 uecSrc 189 starting at 0
Flow Uec_8_136 flowId 191 uecSrc 190 starting at 0
Flow Uec_245_117 flowId 192 uecSrc 191 starting at 0
137.179 flowid 146 Spurious 33
137.988 flowid 105 Spurious 13
138.662 flowid 105 Spurious 16
141.929 flowid 85 Spurious 29
142.582 flowid 190 Spurious 51
145.408 flowid 98 Spurious 55
145.601 flowid 85 Spurious 44
145.846 flowid 15 Spurious 53
146.078 flowid 98 Spurious 56
146.51 flowid 15 Spurious 57
147.174 flowid 15 Spurious 60
147.899 flowid 176 Spurious 53
148.17 flowid 15 Spurious 62
148.947 flowid 85 Spurious 66
149.498 flowid 15 Spurious 64
151.405 flowid 98 Spurious 57
151.618 flowid 85 Spurious 72
152.069 flowid 98 Spurious 58
152.62 flowid 85 Spurious 73
152.738 flowid 98 Spurious 59
152.908 flowid 139 Spurious 74
153.577 flowid 139 Spurious 84
153.739 flowid 98 Spurious 61
154.617 flowid 85 Spurious 88
154.751 flowid 98 Spurious 65
155.752 flowid 98 Spurious 69
156.089 flowid 98 Spurious 70
159.726 flowid 87 Spurious 27
Flow Uec_177_49 flowId 111 uecSrc 110 finished at 173.862 total messages 1 total packets 490 RTS 0 total bytes 2002140 in_flight now 0 fair_inc 0 prop_inc 10545 fast_inc 444999 eta_inc 8344 multi_dec -0 quick_dec -0 nack_dec -0
Flow Uec_119_247 flowId 159 uecSrc 158 finished at 174.205 total messages 1 total packets 490 RTS 0 total bytes 2002140 in_flight now 0 fair_inc 0 prop_inc 10578 fast_inc 444999 eta_inc 8344 multi_dec -0 quick_dec -0 nack_dec -0
Flow Uec_105_233 flowId 173 uecSrc 172 finished at 175.702 total messages 1 total packets 490 RTS 0 total bytes 2002140 in_flight now 0 fair_inc 0 prop_inc 72858 fast_inc 96984 eta_inc 8344 multi_dec -0 quick_dec -0 nack_dec -0
Flow Uec_194_66 flowId 73 uecSrc 72 finished at 175.708 total messages 1 total packets 490 RTS 0 total bytes 2002140 in_flight now 0 fair_inc 0 prop_inc 82071 fast_inc 76779 eta_inc 8344 multi_dec -0 quick_dec -0 nack_dec -0
Flow Uec_104_232 flowId 157 uecSrc 156 finished at 177.795 total messages 1 total packets 490 RTS 0 total bytes 2002140 in_flight now 0 fair_inc 0 prop_inc 68856 fast_inc 137394 eta_inc 8344 multi_dec -0 quick_dec -0 nack_dec -0
Flow Uec_120_248 flowId 134 uecSrc 133 finished at 178.153 total messages 1 total packets 490 RTS 0 total bytes 2002140 in_flight now 0 fair_inc 0 prop_inc 78908 fast_inc 52533 eta_inc 8344 multi_dec -0 quick_dec -0 nack_dec -0
Flow Uec_109_237 flowId 17 uecSrc 16 finished at 178.19 total messages 1 total packets 490 RTS 0 total bytes 2002140 in_flight now 0 fair_inc 0 prop_inc 85461 fast_inc 16164 eta_inc 8344 multi_dec -0 quick_dec -0 nack_dec -0
Flow Uec_132_4 flowId 82 uecSrc 81 finished at 181.625 total messages 1 total packets 490 RTS 0 total bytes 2002140 in_flight now 0 fair_inc 0 prop_inc 61498 fast_inc 12123 eta_inc 8344 multi_dec -0 quick_dec -0 nack_dec -0
Flow Uec_78_206 flowId 145 uecSrc 144 finished at 182.645 total messages 1 total packets 490 RTS 0 total bytes 2002140 in_flight now 0 fair_inc 0 prop_inc 58879 fast_inc 0 eta_inc 8344 multi_dec -0 quick_dec -0 nack_dec -0
Flow Uec_67_195 flowId 95 uecSrc 94 finished at 182.721 total messages 1 total packets 490 RTS 0 total bytes 2002140 in_flight now 0 fair_inc 0 prop_inc 48353 fast_inc 0 eta_inc 8344 multi_dec -0 quick_dec -0 nack_dec -0
Flow Uec_110_238 flowId 60 uecSrc 59 finished at 184.523 total messages 1 total packets 490 RTS 0 total bytes 2002140 in_flight now 0 fair_inc 0 prop_inc 49626 fast_inc 0 eta_inc 8344 multi_dec -0 quick_dec -0 nack_dec -0
Flow Uec_142_14 flowId 37 uecSrc 36 finished at 185.554 total messages 1 total packets 490 RTS 0 total bytes 2002140 in_flight now 0 fair_inc 0 prop_inc 48999 fast_inc 0 eta_inc 8344 multi_dec -0 quick_dec -0 nack_dec -0
Flow Uec_249_121 flowId 62 uecSrc 61 finished at 191.88 total messages 1 total packets 490 RTS 0 total bytes 2002140 in_flight now 0 fair_inc 0 prop_inc 27948 fast_inc 4041 eta_inc 9536 multi_dec -0 quick_dec -0 nack_dec -0
Flow Uec_228_100 flowId 102 uecSrc 101 finished at 194.927 total messages 1 total packets 490 RTS 0 total bytes 2002140 in_flight now 0 fair_inc 0 prop_inc 20548 fast_inc 0 eta_inc 9536 multi_dec -0 quick_dec -0 nack_dec -0
Flow Uec_43_171 flowId 178 uecSrc 177 finished at 195.815 total messages 1 total packets 490 RTS 0 total bytes 2002140 in_flight now 0 fair_inc 0 prop_inc 26014 fast_inc 4041 eta_inc 8940 multi_dec -0 quick_dec -0 nack_dec -0
Flow Uec_54_182 flowId 29 uecSrc 28 finished at 198.12 total messages 1 total packets 490 RTS 0 total bytes 2002140 in_flight now 0 fair_inc 0 prop_inc 31603 fast_inc 0 eta_inc 9536 multi_dec -0 quick_dec -0 nack_dec -0
198.363 flowid 190 Spurious 184
204.733 flowid 155 Spurious 160
205.755 flowid 155 Spurious 162
Flow Uec_232_104 flowId 74 uecSrc 73 finished at 207.56 total messages 1 total packets 490 RTS 0 total bytes 2002140 in_flight now 0 fair_inc 752 prop_inc 14973 fast_inc 0 eta_inc 10132 multi_dec -0 quick_dec -0 nack_dec -0
Flow Uec_248_120 flowId 11 uecSrc 10 finished at 208.913 total messages 1 total packets 490 RTS 0 total bytes 2002140 in_flight now 0 fair_inc 5255 prop_inc 14536 fast_inc 0 eta_inc 10132 multi_dec -0 quick_dec -0 nack_dec -0
Flow Uec_33_161 flowId 6 uecSrc 5 finished at 214.126 total messages 1 total packets 490 RTS 0 total bytes 2002140 in_flight now 0 fair_inc 5236 prop_inc 24150 fast_inc 0 eta_inc 10132 multi_dec -0 quick_dec -0 nack_dec -0
Flow Uec_236_108 flowId 71 uecSrc 70 finished at 222.076 total messages 1 total packets 490 RTS 0 total bytes 2002140 in_flight now 0 fair_inc 2285 prop_inc 18847 fast_inc 0 eta_inc 10728 multi_dec -47204 quick_dec -0 nack_dec -0
Flow Uec_234_106 flowId 109 uecSrc 108 finished at 223.48 total messages 1 total packets 490 RTS 0 total bytes 2002140 in_flight now 0 fair_inc 6754 prop_inc 14656 fast_inc 0 eta_inc 10728 multi_dec -60667 quick_dec -0 nack_dec -0
Flow Uec_25_153 flowId 176 uecSrc 175 finished at 234.553 total messages 1 total packets 491 RTS 1 total bytes 2002140 in_flight now 0 fair_inc 6060 prop_inc 36496 fast_inc 0 eta_inc 10728 multi_dec -0 quick_dec -0 nack_dec -0
240.359 flowid 150 Spurious 248
240.751 flowid 150 Spurious 250
241.318 flowid 176 Spurious 309
Flow Uec_254_126 flowId 72 uecSrc 71 finished at 245.523 total messages 1 total packets 490 RTS 0 total bytes 2002140 in_flight now 0 fair_inc 4296 prop_inc 70547 fast_inc 0 eta_inc 11324 multi_dec -93047 quick_dec -0 nack_dec -16600
245.945 flowid 162 Spurious 268
246.277 flowid 162 Spurious 269
247.273 flowid 162 Spurious 275
249.28 flowid 162 Spurious 280
250.624 flowid 162 Spurious 286
Flow Uec_34_162 flowId 187 uecSrc 186 finished at 250.705 total messages 1 total packets 490 RTS 0 total bytes 2002140 in_flight now 0 fair_inc 5671 prop_inc 59137 fast_inc 0 eta_inc 11920 multi_dec -92615 quick_dec -0 nack_dec -16600
Flow Uec_127_255 flowId 174 uecSrc 173 finished at 251.977 total messages 1 total packets 490 RTS 0 total bytes 2002140 in_flight now 0 fair_inc 8363 prop_inc 45180 fast_inc 0 eta_inc 11920 multi_dec -79541 quick_dec -0 nack_dec -29050
252.958 flowid 162 Spurious 294
Flow Uec_4_132 flowId 85 uecSrc 84 finished at 265.124 total messages 1 total packets 493 RTS 3 total bytes 2002140 in_flight now 0 fair_inc 13996 prop_inc 58696 fast_inc 8082 eta_inc 12516 multi_dec -95825 quick_dec -0 nack_dec -0
Flow Uec_3_131 flowId 127 uecSrc 126 finished at 282.653 total messages 1 total packets 490 RTS 0 total bytes 2002140 in_flight now 0 fair_inc 5643 prop_inc 61687 fast_inc 0 eta_inc 11920 multi_dec -0 quick_dec -191369 nack_dec -45650
284.358 flowid 130 Spurious 155
289.798 flowid 130 Spurious 152
Flow Uec_29_157 flowId 68 uecSrc 67 finished at 289.896 total messages 1 total packets 490 RTS 0 total bytes 2002140 in_flight now 0 fair_inc 18357 prop_inc 33858 fast_inc 0 eta_inc 13708 multi_dec -119217 quick_dec -0 nack_dec -0
293.595 flowid 98 Spurious 108
294.259 flowid 98 Spurious 147
Flow Uec_187_59 flowId 15 uecSrc 14 finished at 297.717 total messages 1 total packets 491 RTS 1 total bytes 2002140 in_flight now 0 fair_inc 6917 prop_inc 11807 fast_inc 0 eta_inc 13112 multi_dec -0 quick_dec -0 nack_dec -12450
307.007 flowid 3 Spurious 435
308.013 flowid 3 Spurious 437
Flow Uec_31_159 flowId 56 uecSrc 55 finished at 310.159 total messages 1 total packets 494 RTS 4 total bytes 2002140 in_flight now 0 fair_inc 5379 prop_inc 35283 fast_inc 0 eta_inc 13112 multi_dec -0 quick_dec -181513 nack_dec -4150
312.224 flowid 3 Spurious 449
Flow Uec_35_163 flowId 158 uecSrc 157 finished at 314.347 total messages 1 total packets 497 RTS 7 total bytes 2002140 in_flight now 0 fair_inc 12915 prop_inc 59202 fast_inc 0 eta_inc 14900 multi_dec -70257 quick_dec -0 nack_dec -4150
Flow Uec_74_202 flowId 179 uecSrc 178 finished at 314.353 total messages 1 total packets 490 RTS 0 total bytes 2002140 in_flight now 0 fair_inc 3202 prop_inc 31071 fast_inc 0 eta_inc 14900 multi_dec -76732 quick_dec -0 nack_dec -45650
Flow Uec_46_174 flowId 190 uecSrc 189 finished at 316.464 total messages 1 total packets 497 RTS 7 total bytes 2002140 in_flight now -64 fair_inc 6563 prop_inc 56486 fast_inc 0 eta_inc 14304 multi_dec -0 quick_dec -0 nack_dec -0
318.996 flowid 19 Spurious 333
Flow Uec_210_82 flowId 167 uecSrc 166 finished at 318.996 total messages 1 total packets 490 RTS 0 total bytes 2002140 in_flight now 0 fair_inc 4077 prop_inc 31314 fast_inc 0 eta_inc 14900 multi_dec -70490 quick_dec -0 nack_dec -53950
Flow Uec_39_167 flowId 19 uecSrc 18 finished at 319.206 total messages 1 total packets 493 RTS 3 total bytes 2002140 in_flight now 0 fair_inc 13056 prop_inc 30465 fast_inc 0 eta_inc 15496 multi_dec -97047 quick_dec -0 nack_dec -0
319.67 flowid 19 Spurious 336
Flow Uec_209_81 flowId 66 uecSrc 65 finished at 319.744 total messages 1 total packets 490 RTS 0 total bytes 2002140 in_flight now 0 fair_inc 2300 prop_inc 38481 fast_inc 0 eta_inc 14900 multi_dec -117488 quick_dec -0 nack_dec -24900
Flow Uec_20_148 flowId 3 uecSrc 2 finished at 322.453 total messages 1 total packets 491 RTS 1 total bytes 2002140 in_flight now 0 fair_inc 10537 prop_inc 21542 fast_inc 0 eta_inc 11920 multi_dec -0 quick_dec -0 nack_dec -0
Flow Uec_170_42 flowId 128 uecSrc 127 finished at 326.319 total messages 1 total packets 490 RTS 0 total bytes 2002140 in_flight now 0 fair_inc 14493 prop_inc 46837 fast_inc 0 eta_inc 14900 multi_dec -108653 quick_dec -0 nack_dec -41500
Flow Uec_14_142 flowId 139 uecSrc 138 finished at 328.176 total messages 1 total packets 493 RTS 3 total bytes 2002140 in_flight now 0 fair_inc 7013 prop_inc 48544 fast_inc 9091 eta_inc 14900 multi_dec -119116 quick_dec -0 nack_dec -4150
Flow Uec_126_254 flowId 80 uecSrc 79 finished at 328.551 total messages 1 total packets 490 RTS 0 total bytes 2002140 in_flight now 0 fair_inc 3900 prop_inc 19445 fast_inc 0 eta_inc 15496 multi_dec -99611 quick_dec -0 nack_dec -24900
329.565 flowid 65 Spurious 329
329.687 flowid 77 Spurious 472
Flow Uec_138_10 flowId 122 uecSrc 121 finished at 329.787 total messages 1 total packets 490 RTS 0 total bytes 2002140 in_flight now 0 fair_inc 7614 prop_inc 21541 fast_inc 0 eta_inc 15496 multi_dec -89033 quick_dec -0 nack_dec -37350
329.907 flowid 65 Spurious 330
330.019 flowid 77 Spurious 473
Flow Uec_18_146 flowId 133 uecSrc 132 finished at 330.134 total messages 1 total packets 490 RTS 0 total bytes 2002140 in_flight now 0 fair_inc 28642 prop_inc 42297 fast_inc 0 eta_inc 14900 multi_dec -169066 quick_dec -0 nack_dec -4150
330.929 flowid 65 Spurious 331
Flow Uec_186_58 flowId 10 uecSrc 9 finished at 331.49 total messages 1 total packets 492 RTS 2 total bytes 2002140 in_flight now 0 fair_inc 6156 prop_inc 37510 fast_inc 0 eta_inc 13112 multi_dec -15623 quick_dec -0 nack_dec -45650
Flow Uec_79_207 flowId 9 uecSrc 8 finished at 331.626 total messages 1 total packets 490 RTS 0 total bytes 2002140 in_flight now 0 fair_inc 4515 prop_inc 39263 fast_inc 0 eta_inc 16092 multi_dec -106319 quick_dec -0 nack_dec -41500
332.245 flowid 77 Spurious 474
Flow Uec_122_250 flowId 120 uecSrc 119 finished at 334.205 total messages 1 total packets 490 RTS 0 total bytes 2002140 in_flight now 0 fair_inc 3827 prop_inc 46072 fast_inc 0 eta_inc 14900 multi_dec -108380 quick_dec -0 nack_dec -41500
335.431 flowid 77 Spurious 475
Flow Uec_44_172 flowId 67 uecSrc 66 finished at 335.669 total messages 1 total packets 494 RTS 4 total bytes 2002140 in_flight now 0 fair_inc 8882 prop_inc 41870 fast_inc 0 eta_inc 14900 multi_dec -0 quick_dec -181411 nack_dec -16600
Flow Uec_240_112 flowId 113 uecSrc 112 finished at 336.603 total messages 1 total packets 490 RTS 0 total bytes 2002140 in_flight now 0 fair_inc 7777 prop_inc 24892 fast_inc 0 eta_inc 16092 multi_dec -66767 quick_dec -0 nack_dec -66400
Flow Uec_131_3 flowId 154 uecSrc 153 finished at 339.618 total messages 1 total packets 490 RTS 0 total bytes 2002140 in_flight now 0 fair_inc 5927 prop_inc 34064 fast_inc 0 eta_inc 15496 multi_dec -103588 quick_dec -0 nack_dec -33200
Flow Uec_117_245 flowId 132 uecSrc 131 finished at 342.32 total messages 1 total packets 490 RTS 0 total bytes 2002140 in_flight now 0 fair_inc 5346 prop_inc 41883 fast_inc 0 eta_inc 15496 multi_dec -102850 quick_dec -0 nack_dec -49800
Flow Uec_124_252 flowId 89 uecSrc 88 finished at 342.363 total messages 1 total packets 490 RTS 0 total bytes 2002140 in_flight now 0 fair_inc 9433 prop_inc 28948 fast_inc 0 eta_inc 16688 multi_dec -69544 quick_dec -0 nack_dec -62250
Flow Uec_143_15 flowId 26 uecSrc 25 finished at 342.441 total messages 1 total packets 490 RTS 0 total bytes 2002140 in_flight now 0 fair_inc 4363 prop_inc 44172 fast_inc 0 eta_inc 16092 multi_dec -98434 quick_dec -0 nack_dec -45650
Flow Uec_200_72 flowId 135 uecSrc 134 finished at 342.783 total messages 1 total packets 490 RTS 0 total bytes 2002140 in_flight now 0 fair_inc 13807 prop_inc 40631 fast_inc 13619 eta_inc 15496 multi_dec -85985 quick_dec -0 nack_dec -70550
Flow Uec_139_11 flowId 93 uecSrc 92 finished at 343.201 total messages 1 total packets 490 RTS 0 total bytes 2002140 in_flight now 0 fair_inc 13810 prop_inc 33176 fast_inc 0 eta_inc 15496 multi_dec -100961 quick_dec -0 nack_dec -41500
Flow Uec_84_212 flowId 35 uecSrc 34 finished at 343.406 total messages 1 total packets 490 RTS 0 total bytes 2002140 in_flight now 0 fair_inc 10301 prop_inc 38737 fast_inc 0 eta_inc 16092 multi_dec -99106 quick_dec -0 nack_dec -53950
Flow Uec_23_151 flowId 162 uecSrc 161 finished at 343.696 total messages 1 total packets 493 RTS 3 total bytes 2002140 in_flight now 0 fair_inc 25994 prop_inc 23977 fast_inc 0 eta_inc 14304 multi_dec -0 quick_dec -154855 nack_dec -20750
344.982 flowid 146 Spurious 421
347.073 flowid 16 Spurious 426
348.646 flowid 146 Spurious 434
Flow Uec_47_175 flowId 77 uecSrc 76 finished at 348.855 total messages 1 total packets 494 RTS 4 total bytes 2002140 in_flight now -64 fair_inc 8783 prop_inc 54245 fast_inc 0 eta_inc 14304 multi_dec -0 quick_dec -0 nack_dec -0
349.31 flowid 146 Spurious 422
349.642 flowid 146 Spurious 428
Flow Uec_158_30 flowId 181 uecSrc 180 finished at 350.198 total messages 1 total packets 491 RTS 1 total bytes 2002140 in_flight now 0 fair_inc 9462 prop_inc 49998 fast_inc 0 eta_inc 15496 multi_dec -104109 quick_dec -0 nack_dec -33200
351.353 flowid 16 Spurious 429
351.367 flowid 146 Spurious 429
Flow Uec_219_91 flowId 125 uecSrc 124 finished at 352.021 total messages 1 total packets 490 RTS 0 total bytes 2002140 in_flight now 0 fair_inc 9318 prop_inc 47528 fast_inc 0 eta_inc 16688 multi_dec -109100 quick_dec -0 nack_dec -45650
353.301 flowid 16 Spurious 440
353.97 flowid 16 Spurious 441
Flow Uec_90_218 flowId 182 uecSrc 181 finished at 354.584 total messages 1 total packets 490 RTS 0 total bytes 2002140 in_flight now 0 fair_inc 12012 prop_inc 48023 fast_inc 0 eta_inc 16688 multi_dec -98734 quick_dec -0 nack_dec -53950
355.1 flowid 191 Spurious 457
Flow Uec_24_152 flowId 20 uecSrc 19 finished at 355.193 total messages 1 total packets 496 RTS 6 total bytes 2002140 in_flight now 0 fair_inc 8071 prop_inc 51138 fast_inc 0 eta_inc 15496 multi_dec -0 quick_dec -165818 nack_dec -8300
Flow Uec_193_65 flowId 164 uecSrc 163 finished at 357.056 total messages 1 total packets 490 RTS 0 total bytes 2002140 in_flight now 0 fair_inc 17135 prop_inc 62339 fast_inc 0 eta_inc 16688 multi_dec -129801 quick_dec -0 nack_dec -37350
357.788 flowid 191 Spurious 460
358.448 flowid 146 Spurious 438
358.78 flowid 191 Spurious 461
358.78 flowid 146 Spurious 439
360.311 flowid 191 Spurious 467
361.921 flowid 191 Spurious 473
362.253 flowid 191 Spurious 463
363.309 flowid 191 Spurious 468
Flow Uec_227_99 flowId 48 uecSrc 47 finished at 363.369 total messages 1 total packets 490 RTS 0 total bytes 2002140 in_flight now 0 fair_inc 5692 prop_inc 38652 fast_inc 0 eta_inc 17284 multi_dec -94362 quick_dec -0 nack_dec -53950
363.973 flowid 191 Spurious 474
Flow Uec_10_138 flowId 16 uecSrc 15 finished at 365.393 total messages 1 total packets 495 RTS 5 total bytes 2002140 in_flight now 0 fair_inc 7422 prop_inc 15216 fast_inc 0 eta_inc 14900 multi_dec -23139 quick_dec -163897 nack_dec -8300
Flow Uec_37_165 flowId 142 uecSrc 141 finished at 369.232 total messages 1 total packets 494 RTS 4 total bytes 2002140 in_flight now 0 fair_inc 5044 prop_inc 46769 fast_inc 0 eta_inc 15496 multi_dec -0 quick_dec -168659 nack_dec -12450
373.293 flowid 191 Spurious 466
Flow Uec_238_110 flowId 103 uecSrc 102 finished at 375.487 total messages 1 total packets 490 RTS 0 total bytes 2002140 in_flight now 0 fair_inc 11170 prop_inc 94453 fast_inc 0 eta_inc 17284 multi_dec -112618 quick_dec -0 nack_dec -70550
375.896 flowid 191 Spurious 482
Flow Uec_5_133 flowId 150 uecSrc 149 finished at 377.968 total messages 1 total packets 493 RTS 3 total bytes 2002140 in_flight now 0 fair_inc 5072 prop_inc 50141 fast_inc 0 eta_inc 14304 multi_dec -33143 quick_dec -175283 nack_dec -16600
Flow Uec_9_137 flowId 146 uecSrc 145 finished at 381.017 total messages 1 total packets 496 RTS 6 total bytes 2002140 in_flight now 0 fair_inc 3665 prop_inc 63870 fast_inc 0 eta_inc 16092 multi_dec -0 quick_dec -162312 nack_dec -20750
Flow Uec_36_164 flowId 65 uecSrc 64 finished at 385.95 total messages 1 total packets 498 RTS 8 total bytes 2002140 in_flight now -64 fair_inc 21374 prop_inc 33368 fast_inc 0 eta_inc 17284 multi_dec -48989 quick_dec -0 nack_dec -20750
Flow Uec_118_246 flowId 175 uecSrc 174 finished at 390.078 total messages 1 total packets 490 RTS 0 total bytes 2002140 in_flight now 0 fair_inc 15141 prop_inc 25385 fast_inc 0 eta_inc 18476 multi_dec -66141 quick_dec -0 nack_dec -103750
Flow Uec_163_35 flowId 115 uecSrc 114 finished at 408.98 total messages 1 total packets 490 RTS 0 total bytes 2002140 in_flight now 0 fair_inc 34574 prop_inc 16738 fast_inc 0 eta_inc 19072 multi_dec -68895 quick_dec -0 nack_dec -112050
Flow Uec_19_147 flowId 43 uecSrc 42 finished at 414.566 total messages 1 total packets 503 RTS 13 total bytes 2002140 in_flight now 0 fair_inc 10715 prop_inc 74669 fast_inc 0 eta_inc 19072 multi_dec -0 quick_dec -0 nack_dec -20750
418.001 flowid 58 Spurious 326
Flow Uec_206_78 flowId 69 uecSrc 68 finished at 420.157 total messages 1 total packets 490 RTS 0 total bytes 2002140 in_flight now 0 fair_inc 12355 prop_inc 23864 fast_inc 0 eta_inc 19668 multi_dec -77636 quick_dec -0 nack_dec -83000
Flow Uec_11_139 flowId 180 uecSrc 179 finished at 420.335 total messages 1 total packets 496 RTS 6 total bytes 2002140 in_flight now 0 fair_inc 9708 prop_inc 62073 fast_inc 1010 eta_inc 16688 multi_dec -9630 quick_dec -148792 nack_dec -16600
Flow Uec_135_7 flowId 50 uecSrc 49 finished at 427.816 total messages 1 total packets 491 RTS 1 total bytes 2002140 in_flight now 0 fair_inc 9968 prop_inc 52501 fast_inc 0 eta_inc 19072 multi_dec -120695 quick_dec -0 nack_dec -41500
Flow Uec_38_166 flowId 97 uecSrc 96 finished at 428.735 total messages 1 total packets 494 RTS 4 total bytes 2002140 in_flight now 0 fair_inc 20129 prop_inc 113896 fast_inc 0 eta_inc 19072 multi_dec -181370 quick_dec -0 nack_dec -8300
Flow Uec_172_44 flowId 184 uecSrc 183 finished at 430.757 total messages 1 total packets 490 RTS 0 total bytes 2002140 in_flight now 0 fair_inc 19706 prop_inc 33238 fast_inc 0 eta_inc 20264 multi_dec -31732 quick_dec -0 nack_dec -141100
Flow Uec_129_1 flowId 61 uecSrc 60 finished at 438.366 total messages 1 total packets 492 RTS 2 total bytes 2002140 in_flight now 0 fair_inc 13023 prop_inc 24432 fast_inc 0 eta_inc 19668 multi_dec -8094 quick_dec -0 nack_dec -124500
Flow Uec_199_71 flowId 14 uecSrc 13 finished at 438.937 total messages 1 total packets 490 RTS 0 total bytes 2002140 in_flight now 0 fair_inc 23599 prop_inc 29657 fast_inc 0 eta_inc 20264 multi_dec -97515 quick_dec -0 nack_dec -95450
Flow Uec_183_55 flowId 90 uecSrc 89 finished at 442.092 total messages 1 total packets 490 RTS 0 total bytes 2002140 in_flight now 0 fair_inc 16929 prop_inc 102621 fast_inc 0 eta_inc 17880 multi_dec -116936 quick_dec -0 nack_dec -74700
Flow Uec_160_32 flowId 156 uecSrc 155 finished at 445.582 total messages 1 total packets 490 RTS 0 total bytes 2002140 in_flight now 0 fair_inc 27312 prop_inc 22878 fast_inc 0 eta_inc 20860 multi_dec -42075 quick_dec -0 nack_dec -153550
Flow Uec_134_6 flowId 153 uecSrc 152 finished at 447.672 total messages 1 total packets 491 RTS 1 total bytes 2002140 in_flight now 0 fair_inc 22208 prop_inc 49658 fast_inc 0 eta_inc 19668 multi_dec -106263 quick_dec -0 nack_dec -74700
Flow Uec_6_134 flowId 64 uecSrc 63 finished at 450.532 total messages 1 total packets 501 RTS 11 total bytes 2002140 in_flight now -64 fair_inc 2985 prop_inc 77302 fast_inc 0 eta_inc 19668 multi_dec -0 quick_dec -102893 nack_dec -8300
Flow Uec_144_16 flowId 124 uecSrc 123 finished at 454.373 total messages 1 total packets 490 RTS 0 total bytes 2002140 in_flight now 0 fair_inc 23729 prop_inc 34040 fast_inc 0 eta_inc 20860 multi_dec -115203 quick_dec -0 nack_dec -70550
Flow Uec_26_154 flowId 75 uecSrc 74 finished at 456.567 total messages 1 total packets 502 RTS 12 total bytes 2002140 in_flight now -64 fair_inc 15424 prop_inc 52418 fast_inc 1010 eta_inc 19668 multi_dec -22201 quick_dec -102262 nack_dec -16600
Flow Uec_27_155 flowId 33 uecSrc 32 finished at 457.93 total messages 1 total packets 497 RTS 7 total bytes 2002140 in_flight now 0 fair_inc 9879 prop_inc 44167 fast_inc 0 eta_inc 19072 multi_dec -37656 quick_dec -137725 nack_dec -16600
Flow Uec_252_124 flowId 121 uecSrc 120 finished at 459.155 total messages 1 total packets 490 RTS 0 total bytes 2002140 in_flight now 0 fair_inc 25152 prop_inc 25501 fast_inc 0 eta_inc 19668 multi_dec -46146 quick_dec -0 nack_dec -124500
Flow Uec_28_156 flowId 116 uecSrc 115 finished at 459.904 total messages 1 total packets 505 RTS 15 total bytes 2002140 in_flight now -128 fair_inc 12600 prop_inc 79405 fast_inc 0 eta_inc 21456 multi_dec -14639 quick_dec -0 nack_dec -4150
Flow Uec_30_158 flowId 155 uecSrc 154 finished at 467.012 total messages 1 total packets 500 RTS 10 total bytes 2002140 in_flight now 0 fair_inc 18447 prop_inc 42509 fast_inc 3030 eta_inc 18476 multi_dec -29202 quick_dec -119659 nack_dec -4150
Flow Uec_51_179 flowId 27 uecSrc 26 finished at 467.29 total messages 1 total packets 490 RTS 0 total bytes 2002140 in_flight now 0 fair_inc 37222 prop_inc 25509 fast_inc 0 eta_inc 22052 multi_dec -83985 quick_dec -0 nack_dec -103750
Flow Uec_12_140 flowId 110 uecSrc 109 finished at 467.725 total messages 1 total packets 500 RTS 10 total bytes 2002140 in_flight now -64 fair_inc 2525 prop_inc 87155 fast_inc 0 eta_inc 18476 multi_dec -0 quick_dec -120635 nack_dec -37350
Flow Uec_87_215 flowId 13 uecSrc 12 finished at 471.402 total messages 1 total packets 490 RTS 0 total bytes 2002140 in_flight now 0 fair_inc 23318 prop_inc 18429 fast_inc 0 eta_inc 22052 multi_dec -85622 quick_dec -0 nack_dec -99600
Flow Uec_245_117 flowId 192 uecSrc 191 finished at 476.599 total messages 1 total packets 490 RTS 0 total bytes 2002140 in_flight now 0 fair_inc 12757 prop_inc 53322 fast_inc 0 eta_inc 20860 multi_dec -156792 quick_dec -0 nack_dec -41500
Flow Uec_173_45 flowId 51 uecSrc 50 finished at 482.03 total messages 1 total packets 490 RTS 0 total bytes 2002140 in_flight now 0 fair_inc 27278 prop_inc 8521 fast_inc 0 eta_inc 23244 multi_dec -26405 quick_dec -0 nack_dec -132800
Flow Uec_82_210 flowId 131 uecSrc 130 finished at 482.246 total messages 1 total packets 490 RTS 0 total bytes 2002140 in_flight now 0 fair_inc 23013 prop_inc 19423 fast_inc 0 eta_inc 22648 multi_dec -106149 quick_dec -0 nack_dec -74700
Flow Uec_212_84 flowId 4 uecSrc 3 finished at 489.446 total messages 1 total packets 490 RTS 0 total bytes 2002140 in_flight now 0 fair_inc 7680 prop_inc 16391 fast_inc 0 eta_inc 23244 multi_dec -48788 quick_dec -0 nack_dec -120350
Flow Uec_97_225 flowId 138 uecSrc 137 finished at 489.679 total messages 1 total packets 490 RTS 0 total bytes 2002140 in_flight now 0 fair_inc 27852 prop_inc 19307 fast_inc 0 eta_inc 22648 multi_dec -63274 quick_dec -0 nack_dec -136950
Flow Uec_166_38 flowId 171 uecSrc 170 finished at 489.949 total messages 1 total packets 490 RTS 0 total bytes 2002140 in_flight now 0 fair_inc 40612 prop_inc 51773 fast_inc 0 eta_inc 22052 multi_dec -153240 quick_dec -0 nack_dec -78850
Flow Uec_8_136 flowId 191 uecSrc 190 finished at 490.424 total messages 1 total packets 498 RTS 8 total bytes 2002140 in_flight now -64 fair_inc 2654 prop_inc 96974 fast_inc 0 eta_inc 15496 multi_dec -0 quick_dec -148259 nack_dec -12450
Flow Uec_137_9 flowId 8 uecSrc 7 finished at 492.184 total messages 1 total packets 491 RTS 1 total bytes 2002140 in_flight now 0 fair_inc 16026 prop_inc 15221 fast_inc 0 eta_inc 22648 multi_dec -34052 quick_dec -0 nack_dec -128650
Flow Uec_168_40 flowId 186 uecSrc 185 finished at 492.297 total messages 1 total packets 491 RTS 1 total bytes 2002140 in_flight now 0 fair_inc 26748 prop_inc 57157 fast_inc 0 eta_inc 22052 multi_dec -98807 quick_dec -0 nack_dec -103750
Flow Uec_123_251 flowId 94 uecSrc 93 finished at 493.236 total messages 1 total packets 490 RTS 0 total bytes 2002140 in_flight now 0 fair_inc 15331 prop_inc 61213 fast_inc 0 eta_inc 19072 multi_dec -103278 quick_dec -0 nack_dec -91300
Flow Uec_171_43 flowId 140 uecSrc 139 finished at 493.622 total messages 1 total packets 490 RTS 0 total bytes 2002140 in_flight now 0 fair_inc 17392 prop_inc 16152 fast_inc 0 eta_inc 23244 multi_dec -46722 quick_dec -0 nack_dec -145250
Flow Uec_202_74 flowId 169 uecSrc 168 finished at 494.316 total messages 1 total packets 490 RTS 0 total bytes 2002140 in_flight now 0 fair_inc 13948 prop_inc 13926 fast_inc 0 eta_inc 22648 multi_dec -91705 quick_dec -0 nack_dec -87150
Flow Uec_13_141 flowId 47 uecSrc 46 finished at 497.687 total messages 1 total packets 502 RTS 12 total bytes 2002140 in_flight now 0 fair_inc 5863 prop_inc 100607 fast_inc 1010 eta_inc 19072 multi_dec -0 quick_dec -123813 nack_dec -4150
Flow Uec_92_220 flowId 44 uecSrc 43 finished at 497.922 total messages 1 total packets 490 RTS 0 total bytes 2002140 in_flight now 0 fair_inc 35557 prop_inc 21341 fast_inc 0 eta_inc 23244 multi_dec -67195 quick_dec -0 nack_dec -132800
Flow Uec_213_85 flowId 166 uecSrc 165 finished at 498.291 total messages 1 total packets 490 RTS 0 total bytes 2002140 in_flight now 0 fair_inc 28508 prop_inc 10241 fast_inc 0 eta_inc 23244 multi_dec -39765 quick_dec -0 nack_dec -136950
Flow Uec_52_180 flowId 53 uecSrc 52 finished at 500.958 total messages 1 total packets 490 RTS 0 total bytes 2002140 in_flight now 0 fair_inc 32746 prop_inc 20872 fast_inc 0 eta_inc 23244 multi_dec -34420 quick_dec -0 nack_dec -161850
Flow Uec_55_183 flowId 107 uecSrc 106 finished at 511.479 total messages 1 total packets 490 RTS 0 total bytes 2002140 in_flight now 0 fair_inc 42452 prop_inc 43909 fast_inc 0 eta_inc 23840 multi_dec -160800 quick_dec -0 nack_dec -66400
Flow Uec_161_33 flowId 22 uecSrc 21 finished at 511.739 total messages 1 total packets 490 RTS 0 total bytes 2002140 in_flight now 0 fair_inc 52162 prop_inc 16668 fast_inc 0 eta_inc 24436 multi_dec -40269 quick_dec -0 nack_dec -157700
Flow Uec_65_193 flowId 23 uecSrc 22 finished at 511.833 total messages 1 total packets 490 RTS 0 total bytes 2002140 in_flight now 0 fair_inc 19014 prop_inc 25932 fast_inc 0 eta_inc 23840 multi_dec -73977 quick_dec -0 nack_dec -116200
Flow Uec_246_118 flowId 101 uecSrc 100 finished at 511.973 total messages 1 total packets 490 RTS 0 total bytes 2002140 in_flight now 0 fair_inc 19492 prop_inc 60102 fast_inc 0 eta_inc 22052 multi_dec -177598 quick_dec -0 nack_dec -29050
Flow Uec_115_243 flowId 46 uecSrc 45 finished at 512.569 total messages 1 total packets 490 RTS 0 total bytes 2002140 in_flight now 0 fair_inc 48453 prop_inc 1061 fast_inc 0 eta_inc 23244 multi_dec -70772 quick_dec -0 nack_dec -132800
Flow Uec_125_253 flowId 84 uecSrc 83 finished at 513.259 total messages 1 total packets 490 RTS 0 total bytes 2002140 in_flight now 0 fair_inc 31830 prop_inc 68392 fast_inc 0 eta_inc 22052 multi_dec -101212 quick_dec -0 nack_dec -103750
Flow Uec_162_34 flowId 119 uecSrc 118 finished at 514.377 total messages 1 total packets 490 RTS 0 total bytes 2002140 in_flight now 0 fair_inc 21464 prop_inc 22681 fast_inc 0 eta_inc 23840 multi_dec -117651 quick_dec -0 nack_dec -78850
Flow Uec_83_211 flowId 104 uecSrc 103 finished at 515.821 total messages 1 total packets 490 RTS 0 total bytes 2002140 in_flight now 0 fair_inc 29524 prop_inc 39350 fast_inc 7070 eta_inc 23840 multi_dec -101285 quick_dec -0 nack_dec -99600
Flow Uec_66_194 flowId 78 uecSrc 77 finished at 518.206 total messages 1 total packets 490 RTS 0 total bytes 2002140 in_flight now 0 fair_inc 11216 prop_inc 44269 fast_inc 0 eta_inc 23840 multi_dec -53986 quick_dec -0 nack_dec -128650
Flow Uec_154_26 flowId 177 uecSrc 176 finished at 519.481 total messages 1 total packets 491 RTS 1 total bytes 2002140 in_flight now 0 fair_inc 13141 prop_inc 67230 fast_inc 0 eta_inc 22648 multi_dec -119024 quick_dec -0 nack_dec -83000
Flow Uec_164_36 flowId 83 uecSrc 82 finished at 524.01 total messages 1 total packets 490 RTS 0 total bytes 2002140 in_flight now 0 fair_inc 12458 prop_inc 83494 fast_inc 0 eta_inc 22052 multi_dec -160486 quick_dec -0 nack_dec -62250
Flow Uec_68_196 flowId 38 uecSrc 37 finished at 524.45 total messages 1 total packets 490 RTS 0 total bytes 2002140 in_flight now 0 fair_inc 22391 prop_inc 36008 fast_inc 0 eta_inc 25032 multi_dec -115021 quick_dec -0 nack_dec -83000
Flow Uec_63_191 flowId 63 uecSrc 62 finished at 527.697 total messages 1 total packets 490 RTS 0 total bytes 2002140 in_flight now 0 fair_inc 29818 prop_inc 29948 fast_inc 0 eta_inc 22052 multi_dec -136534 quick_dec -0 nack_dec -74700
Flow Uec_218_90 flowId 189 uecSrc 188 finished at 527.995 total messages 1 total packets 490 RTS 0 total bytes 2002140 in_flight now 0 fair_inc 14034 prop_inc 15690 fast_inc 0 eta_inc 24436 multi_dec -129526 quick_dec -0 nack_dec -62250
Flow Uec_196_68 flowId 108 uecSrc 107 finished at 530.3 total messages 1 total packets 490 RTS 0 total bytes 2002140 in_flight now 0 fair_inc 26907 prop_inc 21581 fast_inc 0 eta_inc 25032 multi_dec -45982 quick_dec -0 nack_dec -149400
Flow Uec_188_60 flowId 105 uecSrc 104 finished at 531.532 total messages 1 total packets 493 RTS 3 total bytes 2002140 in_flight now 0 fair_inc 29902 prop_inc 1136 fast_inc 0 eta_inc 21456 multi_dec -24773 quick_dec -0 nack_dec -83000
Flow Uec_223_95 flowId 12 uecSrc 11 finished at 532.44 total messages 1 total packets 490 RTS 0 total bytes 2002140 in_flight now 0 fair_inc 15165 prop_inc 37592 fast_inc 0 eta_inc 21456 multi_dec -86056 quick_dec -0 nack_dec -112050
Flow Uec_7_135 flowId 160 uecSrc 159 finished at 554.94 total messages 1 total packets 500 RTS 10 total bytes 2002140 in_flight now 0 fair_inc 6454 prop_inc 105736 fast_inc 0 eta_inc 23244 multi_dec -89085 quick_dec -86620 nack_dec -12450
Flow Uec_169_41 flowId 118 uecSrc 117 finished at 558.711 total messages 1 total packets 490 RTS 0 total bytes 2002140 in_flight now 0 fair_inc 32877 prop_inc 11312 fast_inc 0 eta_inc 25032 multi_dec -22237 quick_dec -0 nack_dec -166000
Flow Uec_141_13 flowId 70 uecSrc 69 finished at 566.373 total messages 1 total packets 492 RTS 2 total bytes 2002140 in_flight now 0 fair_inc 17722 prop_inc 88387 fast_inc 8082 eta_inc 24436 multi_dec -157501 quick_dec -0 nack_dec -53950
Flow Uec_111_239 flowId 126 uecSrc 125 finished at 567.133 total messages 1 total packets 490 RTS 0 total bytes 2002140 in_flight now 0 fair_inc 25257 prop_inc 14191 fast_inc 0 eta_inc 26820 multi_dec -73488 quick_dec -0 nack_dec -132800
Flow Uec_130_2 flowId 2 uecSrc 1 finished at 567.533 total messages 1 total packets 491 RTS 1 total bytes 2002140 in_flight now 0 fair_inc 18325 prop_inc 93558 fast_inc 40899 eta_inc 23840 multi_dec -112170 quick_dec -0 nack_dec -99600
Flow Uec_159_31 flowId 5 uecSrc 4 finished at 567.836 total messages 1 total packets 491 RTS 1 total bytes 2002140 in_flight now 0 fair_inc 41270 prop_inc 6956 fast_inc 0 eta_inc 25032 multi_dec -94400 quick_dec -0 nack_dec -116200
Flow Uec_250_122 flowId 149 uecSrc 148 finished at 569.92 total messages 1 total packets 490 RTS 0 total bytes 2002140 in_flight now 0 fair_inc 25721 prop_inc 56787 fast_inc 0 eta_inc 25628 multi_dec -90844 quick_dec -0 nack_dec -116200
Flow Uec_251_123 flowId 34 uecSrc 33 finished at 570.745 total messages 1 total packets 490 RTS 0 total bytes 2002140 in_flight now 0 fair_inc 37321 prop_inc 46714 fast_inc 0 eta_inc 21456 multi_dec -79126 quick_dec -0 nack_dec -141100
Flow Uec_225_97 flowId 25 uecSrc 24 finished at 571.931 total messages 1 total packets 490 RTS 0 total bytes 2002140 in_flight now 0 fair_inc 17584 prop_inc 97098 fast_inc 0 eta_inc 21456 multi_dec -75745 quick_dec -0 nack_dec -141100
Flow Uec_145_17 flowId 144 uecSrc 143 finished at 573.99 total messages 1 total packets 491 RTS 1 total bytes 2002140 in_flight now 0 fair_inc 67623 prop_inc 24173 fast_inc 0 eta_inc 25032 multi_dec -83858 quick_dec -0 nack_dec -145250
Flow Uec_208_80 flowId 55 uecSrc 54 finished at 576.443 total messages 1 total packets 490 RTS 0 total bytes 2002140 in_flight now 0 fair_inc 41544 prop_inc 4406 fast_inc 0 eta_inc 26820 multi_dec -75535 quick_dec -0 nack_dec -161850
Flow Uec_152_24 flowId 52 uecSrc 51 finished at 582.648 total messages 1 total packets 491 RTS 1 total bytes 2002140 in_flight now 0 fair_inc 23495 prop_inc 43363 fast_inc 0 eta_inc 26224 multi_dec -93377 quick_dec -0 nack_dec -112050
Flow Uec_2_130 flowId 147 uecSrc 146 finished at 592.585 total messages 1 total packets 503 RTS 13 total bytes 2002140 in_flight now -128 fair_inc 5308 prop_inc 83392 fast_inc 0 eta_inc 22052 multi_dec -0 quick_dec -107387 nack_dec -20750
596.909 flowid 54 Spurious 490
Flow Uec_0_128 flowId 58 uecSrc 57 finished at 599.607 total messages 1 total packets 499 RTS 9 total bytes 2002140 in_flight now -64 fair_inc 3982 prop_inc 112655 fast_inc 0 eta_inc 23244 multi_dec -138132 quick_dec -99121 nack_dec -8300
Flow Uec_190_62 flowId 54 uecSrc 53 finished at 603.964 total messages 1 total packets 491 RTS 1 total bytes 2002140 in_flight now 0 fair_inc 15807 prop_inc 219 fast_inc 0 eta_inc 20264 multi_dec -56249 quick_dec -0 nack_dec -53950
Flow Uec_80_208 flowId 106 uecSrc 105 finished at 615.362 total messages 1 total packets 490 RTS 0 total bytes 2002140 in_flight now 0 fair_inc 47656 prop_inc 5146 fast_inc 0 eta_inc 28012 multi_dec -81048 quick_dec -0 nack_dec -161850
Flow Uec_237_109 flowId 129 uecSrc 128 finished at 615.426 total messages 1 total packets 490 RTS 0 total bytes 2002140 in_flight now 0 fair_inc 16892 prop_inc 25086 fast_inc 0 eta_inc 20264 multi_dec -66266 quick_dec -0 nack_dec -128650
Flow Uec_181_53 flowId 136 uecSrc 135 finished at 617.339 total messages 1 total packets 490 RTS 0 total bytes 2002140 in_flight now 0 fair_inc 40629 prop_inc 18453 fast_inc 0 eta_inc 26820 multi_dec -37343 quick_dec -0 nack_dec -174300
Flow Uec_244_116 flowId 7 uecSrc 6 finished at 626.278 total messages 1 total packets 490 RTS 0 total bytes 2002140 in_flight now 0 fair_inc 74472 prop_inc 90422 fast_inc 13132 eta_inc 24436 multi_dec -157522 quick_dec -12219 nack_dec -116200
Flow Uec_146_18 flowId 117 uecSrc 116 finished at 633.121 total messages 1 total packets 490 RTS 0 total bytes 2002140 in_flight now 0 fair_inc 64900 prop_inc 55664 fast_inc 0 eta_inc 23244 multi_dec -148345 quick_dec -0 nack_dec -112050
Flow Uec_235_107 flowId 57 uecSrc 56 finished at 633.29 total messages 1 total packets 490 RTS 0 total bytes 2002140 in_flight now 0 fair_inc 26269 prop_inc 32179 fast_inc 0 eta_inc 28012 multi_dec -88897 quick_dec -0 nack_dec -124500
Flow Uec_221_93 flowId 161 uecSrc 160 finished at 634.441 total messages 1 total packets 490 RTS 0 total bytes 2002140 in_flight now 0 fair_inc 27335 prop_inc 28214 fast_inc 0 eta_inc 28608 multi_dec -104108 quick_dec -0 nack_dec -116200
Flow Uec_204_76 flowId 76 uecSrc 75 finished at 640.524 total messages 1 total packets 490 RTS 0 total bytes 2002140 in_flight now 0 fair_inc 19919 prop_inc 31311 fast_inc 0 eta_inc 28608 multi_dec -43033 quick_dec -0 nack_dec -174300
Flow Uec_165_37 flowId 42 uecSrc 41 finished at 645.116 total messages 1 total packets 491 RTS 1 total bytes 2002140 in_flight now 0 fair_inc 34148 prop_inc 67149 fast_inc 0 eta_inc 28608 multi_dec -129374 quick_dec -0 nack_dec -112050
Flow Uec_205_77 flowId 148 uecSrc 147 finished at 647.2 total messages 1 total packets 490 RTS 0 total bytes 2002140 in_flight now 0 fair_inc 27361 prop_inc 73635 fast_inc 0 eta_inc 29204 multi_dec -103557 quick_dec -0 nack_dec -124500
Flow Uec_147_19 flowId 79 uecSrc 78 finished at 649.219 total messages 1 total packets 491 RTS 1 total bytes 2002140 in_flight now 0 fair_inc 30853 prop_inc 58698 fast_inc 0 eta_inc 26224 multi_dec -110021 quick_dec -0 nack_dec -99600
Flow Uec_149_21 flowId 45 uecSrc 44 finished at 654.514 total messages 1 total packets 490 RTS 0 total bytes 2002140 in_flight now 0 fair_inc 19865 prop_inc 61237 fast_inc 0 eta_inc 28608 multi_dec -117731 quick_dec -0 nack_dec -99600
Flow Uec_157_29 flowId 86 uecSrc 85 finished at 664.555 total messages 1 total packets 491 RTS 1 total bytes 2002140 in_flight now 0 fair_inc 38464 prop_inc 73720 fast_inc 0 eta_inc 25628 multi_dec -111285 quick_dec -0 nack_dec -128650
Flow Uec_148_20 flowId 188 uecSrc 187 finished at 673.664 total messages 1 total packets 490 RTS 0 total bytes 2002140 in_flight now 0 fair_inc 36948 prop_inc 67430 fast_inc 0 eta_inc 29800 multi_dec -107199 quick_dec -0 nack_dec -124500
Flow Uec_91_219 flowId 39 uecSrc 38 finished at 676.035 total messages 1 total packets 490 RTS 0 total bytes 2002140 in_flight now 0 fair_inc 49389 prop_inc 9763 fast_inc 0 eta_inc 30396 multi_dec -58474 quick_dec -0 nack_dec -153550
Flow Uec_182_54 flowId 96 uecSrc 95 finished at 677.475 total messages 1 total packets 490 RTS 0 total bytes 2002140 in_flight now 0 fair_inc 19271 prop_inc 13640 fast_inc 0 eta_inc 29204 multi_dec -11817 quick_dec -0 nack_dec -178450
Flow Uec_153_25 flowId 100 uecSrc 99 finished at 678.063 total messages 1 total packets 490 RTS 0 total bytes 2002140 in_flight now 0 fair_inc 39780 prop_inc 79713 fast_inc 0 eta_inc 28608 multi_dec -134996 quick_dec -0 nack_dec -116200
Flow Uec_211_83 flowId 24 uecSrc 23 finished at 685.56 total messages 1 total packets 490 RTS 0 total bytes 2002140 in_flight now 0 fair_inc 12381 prop_inc 46262 fast_inc 69179 eta_inc 29800 multi_dec -11747 quick_dec -22289 nack_dec -174300
Flow Uec_156_28 flowId 87 uecSrc 86 finished at 686.641 total messages 1 total packets 490 RTS 0 total bytes 2002140 in_flight now 0 fair_inc 35164 prop_inc 75227 fast_inc 0 eta_inc 22052 multi_dec -4518 quick_dec -47189 nack_dec -153550
Flow Uec_155_27 flowId 141 uecSrc 140 finished at 689.083 total messages 1 total packets 491 RTS 1 total bytes 2002140 in_flight now 0 fair_inc 19299 prop_inc 89745 fast_inc 0 eta_inc 27416 multi_dec -131533 quick_dec -2277 nack_dec -87150
Flow Uec_203_75 flowId 41 uecSrc 40 finished at 704.312 total messages 1 total packets 490 RTS 0 total bytes 2002140 in_flight now 0 fair_inc 28896 prop_inc 97769 fast_inc 0 eta_inc 28012 multi_dec -114295 quick_dec -14159 nack_dec -120350
Flow Uec_242_114 flowId 30 uecSrc 29 finished at 705.224 total messages 1 total packets 490 RTS 0 total bytes 2002140 in_flight now 0 fair_inc 40603 prop_inc 83944 fast_inc 182330 eta_inc 26224 multi_dec -183193 quick_dec -13870 nack_dec -103750
Flow Uec_140_12 flowId 165 uecSrc 164 finished at 705.232 total messages 1 total packets 492 RTS 2 total bytes 2002140 in_flight now 0 fair_inc 32124 prop_inc 100885 fast_inc 0 eta_inc 27416 multi_dec -116042 quick_dec -0 nack_dec -103750
Flow Uec_230_102 flowId 152 uecSrc 151 finished at 725.602 total messages 1 total packets 490 RTS 0 total bytes 2002140 in_flight now 0 fair_inc 53045 prop_inc 74742 fast_inc 0 eta_inc 30992 multi_dec -137859 quick_dec -0 nack_dec -145250
Flow Uec_226_98 flowId 92 uecSrc 91 finished at 732.283 total messages 1 total packets 490 RTS 0 total bytes 2002140 in_flight now 0 fair_inc 37593 prop_inc 80276 fast_inc 0 eta_inc 25628 multi_dec -96518 quick_dec -0 nack_dec -161850
732.835 flowid 98 Spurious 348
Flow Uec_214_86 flowId 32 uecSrc 31 finished at 748.026 total messages 1 total packets 490 RTS 0 total bytes 2002140 in_flight now 0 fair_inc 63501 prop_inc 9156 fast_inc 0 eta_inc 28012 multi_dec -87946 quick_dec -0 nack_dec -153550
Flow Uec_71_199 flowId 163 uecSrc 162 finished at 751.33 total messages 1 total packets 490 RTS 0 total bytes 2002140 in_flight now 0 fair_inc 45555 prop_inc 21502 fast_inc 0 eta_inc 32184 multi_dec -102873 quick_dec -0 nack_dec -149400
Flow Uec_70_198 flowId 185 uecSrc 184 finished at 756.251 total messages 1 total packets 490 RTS 0 total bytes 2002140 in_flight now 0 fair_inc 66739 prop_inc 4785 fast_inc 0 eta_inc 33376 multi_dec -92949 quick_dec -0 nack_dec -166000
Flow Uec_220_92 flowId 123 uecSrc 122 finished at 756.819 total messages 1 total packets 490 RTS 0 total bytes 2002140 in_flight now 0 fair_inc 35663 prop_inc 13592 fast_inc 0 eta_inc 31588 multi_dec -77507 quick_dec -0 nack_dec -141100
Flow Uec_99_227 flowId 168 uecSrc 167 finished at 766.348 total messages 1 total packets 490 RTS 0 total bytes 2002140 in_flight now 0 fair_inc 35729 prop_inc 38533 fast_inc 0 eta_inc 25628 multi_dec -23509 quick_dec -66519 nack_dec -161850
Flow Uec_185_57 flowId 99 uecSrc 98 finished at 769.224 total messages 1 total packets 490 RTS 0 total bytes 2002140 in_flight now 0 fair_inc 26638 prop_inc 46262 fast_inc 0 eta_inc 29204 multi_dec -83733 quick_dec -0 nack_dec -141100
Flow Uec_75_203 flowId 59 uecSrc 58 finished at 774.399 total messages 1 total packets 490 RTS 0 total bytes 2002140 in_flight now 0 fair_inc 52702 prop_inc 25227 fast_inc 0 eta_inc 32184 multi_dec -130046 quick_dec -0 nack_dec -128650
Flow Uec_195_67 flowId 88 uecSrc 87 finished at 779.013 total messages 1 total packets 490 RTS 0 total bytes 2002140 in_flight now 0 fair_inc 8768 prop_inc 50547 fast_inc 0 eta_inc 30396 multi_dec -61815 quick_dec -0 nack_dec -149400
Flow Uec_217_89 flowId 143 uecSrc 142 finished at 779.118 total messages 1 total packets 490 RTS 0 total bytes 2002140 in_flight now 0 fair_inc 51551 prop_inc 26761 fast_inc 0 eta_inc 33972 multi_dec -96027 quick_dec -0 nack_dec -141100
Flow Uec_1_129 flowId 130 uecSrc 129 finished at 792.184 total messages 1 total packets 506 RTS 16 total bytes 2002140 in_flight now -128 fair_inc 13104 prop_inc 124914 fast_inc 0 eta_inc 29204 multi_dec -102856 quick_dec -46652 nack_dec -20750
Flow Uec_189_61 flowId 98 uecSrc 97 finished at 793.168 total messages 1 total packets 495 RTS 5 total bytes 2002140 in_flight now 0 fair_inc 491 prop_inc 120115 fast_inc 0 eta_inc 18476 multi_dec -0 quick_dec -0 nack_dec -53950
Flow Uec_102_230 flowId 28 uecSrc 27 finished at 793.733 total messages 1 total packets 490 RTS 0 total bytes 2002140 in_flight now 0 fair_inc 53999 prop_inc 37361 fast_inc 0 eta_inc 26224 multi_dec -32746 quick_dec -80745 nack_dec -145250
Flow Uec_93_221 flowId 21 uecSrc 20 finished at 797.534 total messages 1 total packets 490 RTS 0 total bytes 2002140 in_flight now 0 fair_inc 60118 prop_inc 40503 fast_inc 0 eta_inc 29204 multi_dec -112373 quick_dec -0 nack_dec -149400
Flow Uec_73_201 flowId 49 uecSrc 48 finished at 807.047 total messages 1 total packets 490 RTS 0 total bytes 2002140 in_flight now 0 fair_inc 63331 prop_inc 14594 fast_inc 0 eta_inc 26820 multi_dec -102436 quick_dec -0 nack_dec -145250
Flow Uec_95_223 flowId 183 uecSrc 182 finished at 817.5 total messages 1 total packets 490 RTS 0 total bytes 2002140 in_flight now 0 fair_inc 48251 prop_inc 21995 fast_inc 0 eta_inc 32184 multi_dec -100433 quick_dec -0 nack_dec -136950
Flow Uec_94_222 flowId 18 uecSrc 17 finished at 845.916 total messages 1 total packets 490 RTS 0 total bytes 2002140 in_flight now 0 fair_inc 70033 prop_inc 37594 fast_inc 0 eta_inc 28608 multi_dec -121498 quick_dec -0 nack_dec -149400
Flow Uec_98_226 flowId 170 uecSrc 169 finished at 848.272 total messages 1 total packets 490 RTS 0 total bytes 2002140 in_flight now 0 fair_inc 44475 prop_inc 49572 fast_inc 89388 eta_inc 28608 multi_dec -48668 quick_dec -83869 nack_dec -141100
Flow Uec_192_64 flowId 81 uecSrc 80 finished at 853.111 total messages 1 total packets 490 RTS 0 total bytes 2002140 in_flight now 0 fair_inc 11153 prop_inc 49175 fast_inc 124747 eta_inc 34568 multi_dec -83164 quick_dec -9526 nack_dec -145250
Flow Uec_215_87 flowId 40 uecSrc 39 finished at 861.45 total messages 1 total packets 490 RTS 0 total bytes 2002140 in_flight now 0 fair_inc 39166 prop_inc 32689 fast_inc 152023 eta_inc 34568 multi_dec -86632 quick_dec -4423 nack_dec -157700
Flow Uec_77_205 flowId 114 uecSrc 113 finished at 870.238 total messages 1 total packets 490 RTS 0 total bytes 2002140 in_flight now 0 fair_inc 25972 prop_inc 45237 fast_inc 140911 eta_inc 29204 multi_dec -28020 quick_dec -4908 nack_dec -199200
Flow Uec_180_52 flowId 137 uecSrc 136 finished at 877.872 total messages 1 total packets 490 RTS 0 total bytes 2002140 in_flight now 0 fair_inc 50320 prop_inc 23571 fast_inc 0 eta_inc 27416 multi_dec -50247 quick_dec -78047 nack_dec -153550
Flow Uec_178_50 flowId 91 uecSrc 90 finished at 969.177 total messages 1 total packets 490 RTS 0 total bytes 2002140 in_flight now 0 fair_inc 52677 prop_inc 25561 fast_inc 0 eta_inc 32184 multi_dec -87302 quick_dec -1352 nack_dec -157700
Flow Uec_191_63 flowId 151 uecSrc 150 finished at 973.499 total messages 1 total packets 490 RTS 0 total bytes 2002140 in_flight now 0 fair_inc 30223 prop_inc 33972 fast_inc 0 eta_inc 37548 multi_dec -65082 quick_dec -11519 nack_dec -166000
Flow Uec_179_51 flowId 112 uecSrc 111 finished at 1012.04 total messages 1 total packets 490 RTS 0 total bytes 2002140 in_flight now 0 fair_inc 46225 prop_inc 39634 fast_inc 46953 eta_inc 31588 multi_dec -60417 quick_dec -46774 nack_dec -145250
3054.88 flowid 31 Spurious 183
4172.32 flowid 31 Spurious 220
5239.38 flowid 36 Spurious 75
6528.01 flowid 172 Spurious 227
6530.9 flowid 172 Spurious 228
6724.65 flowid 31 Spurious 333
10354.6 flowid 1 Spurious 204
Flow Uec_56_184 flowId 31 uecSrc 30 finished at 11263.7 total messages 1 total packets 542 RTS 52 total bytes 2002140 in_flight now -1408 fair_inc 2248 prop_inc 618969 fast_inc 0 eta_inc 154364 multi_dec -0 quick_dec -0 nack_dec -0
Flow Uec_62_190 flowId 172 uecSrc 171 finished at 15125.7 total messages 1 total packets 583 RTS 93 total bytes 2002140 in_flight now -2176 fair_inc 957 prop_inc 741905 fast_inc 0 eta_inc 197276 multi_dec -0 quick_dec -96572 nack_dec -49800
19479.8 flowid 1 Spurious 407
26946.3 flowid 36 Spurious 364
27056.1 flowid 1 Spurious 569
Flow Uec_58_186 flowId 1 uecSrc 0 finished at 28230.2 total messages 1 total packets 586 RTS 96 total bytes 2002140 in_flight now -2816 fair_inc 19894 prop_inc 838835 fast_inc 0 eta_inc 210388 multi_dec -0 quick_dec -162723 nack_dec -24900
.Flow Uec_61_189 flowId 36 uecSrc 35 finished at 50310.5 total messages 1 total packets 678 RTS 188 total bytes 2002140 in_flight now -7616 fair_inc 0 prop_inc 498427 fast_inc 211949 eta_inc 274160 multi_dec -0 quick_dec --8300 nack_dec -29050
Done
New: 94080 Rtx: 7348 RTS: 689 Bounced: 0 ACKs: 71796 NACKs: 3461 Pulls: 0 sleek_pkts: 0
