traffic matrix input file: connection_matrices/load_sweep/load0.75_n256_seed4.cm
Load balancing algorithm set to oblivious
no_of_nodes 256
Dragonfly+ strategy: FPAR
Setting queuesize to 50 packets
endtime(us) 100000
random seed 4
Packet size (MTU) is 4150
Parsed args
Logging to reps_dfp_results/reps_final_sweep/load0.75_oblivious_seed4.dat
Loading connection matrix from connection_matrices/load_sweep/load0.75_n256_seed4.cm
Nodes: 256 Connections: 192 Triggers: 0 Failures: 0
Setting ECN low 33200 high 120350
Dragonfly+ with medium topology type
Link latencies: 1 and switch latencies: 0
queue_id 2 ecn_low 33200 ecn_high 120350
DragonFly+ constructor done, 392 nodes created
Note: topology supports 392 hosts; 136 host port(s) will be unused.
network_max_unloaded_rtt 11.6856 us
Setting min RTO to 114.6
Per-hop RTT normalization: ON (strategy fpar)
Initializing static NSCC parameters: _reference_network_linkspeed=100000000000 _reference_network_rtt=12000000 _reference_network_bdp=150000 _target_Qdelay=8764200 _network_linkspeed=100000000000 _network_rtt=11685600 _network_bdp=146070 _qa_gate=2^3 _qa_threshold=3.50568e+07 _scaling_factor_a=0.9738 _scaling_factor_b=0.73035 _alpha=0.00132632 _fi=19894.7 _eta=596.842 _qa_scaling=1 _gamma=0.8 _fi_scale=0.24345 _delay_alpha=0.0125 _adjust_period_threshold=11685600 _adjust_bytes_threshold=33200
Initialize per-instance NSCC parameters: flowid 1 _base_rtt=11685600 _base_bdp=146070 _bdp=146070 _min_cwnd=4150 _maxwnd=219105 _cwnd=219105
Initialize per-instance NSCC parameters: flowid 2 _base_rtt=11685600 _base_bdp=146070 _bdp=146070 _min_cwnd=4150 _maxwnd=219105 _cwnd=219105
Initialize per-instance NSCC parameters: flowid 3 _base_rtt=11685600 _base_bdp=146070 _bdp=146070 _min_cwnd=4150 _maxwnd=219105 _cwnd=219105
Initialize per-instance NSCC parameters: flowid 4 _base_rtt=11685600 _base_bdp=146070 _bdp=146070 _min_cwnd=4150 _maxwnd=219105 _cwnd=219105
Initialize per-instance NSCC parameters: flowid 5 _base_rtt=11685600 _base_bdp=146070 _bdp=146070 _min_cwnd=4150 _maxwnd=219105 _cwnd=219105
Initialize per-instance NSCC parameters: flowid 6 _base_rtt=11685600 _base_bdp=146070 _bdp=146070 _min_cwnd=4150 _maxwnd=219105 _cwnd=219105
Initialize per-instance NSCC parameters: flowid 7 _base_rtt=11685600 _base_bdp=146070 _bdp=146070 _min_cwnd=4150 _maxwnd=219105 _cwnd=219105
Initialize per-instance NSCC parameters: flowid 8 _base_rtt=11685600 _base_bdp=146070 _bdp=146070 _min_cwnd=4150 _maxwnd=219105 _cwnd=219105
Initialize per-instance NSCC parameters: flowid 9 _base_rtt=11685600 _base_bdp=146070 _bdp=146070 _min_cwnd=4150 _maxwnd=219105 _cwnd=219105
Initialize per-instance NSCC parameters: flowid 10 _base_rtt=11685600 _base_bdp=146070 _bdp=146070 _min_cwnd=4150 _maxwnd=219105 _cwnd=219105
Initialize per-instance NSCC parameters: flowid 11 _base_rtt=11685600 _base_bdp=146070 _bdp=146070 _min_cwnd=4150 _maxwnd=219105 _cwnd=219105
Initialize per-instance NSCC parameters: flowid 12 _base_rtt=11685600 _base_bdp=146070 _bdp=146070 _min_cwnd=4150 _maxwnd=219105 _cwnd=219105
Initialize per-instance NSCC parameters: flowid 13 _base_rtt=11685600 _base_bdp=146070 _bdp=146070 _min_cwnd=4150 _maxwnd=219105 _cwnd=219105
Initialize per-instance NSCC parameters: flowid 14 _base_rtt=11685600 _base_bdp=146070 _bdp=146070 _min_cwnd=4150 _maxwnd=219105 _cwnd=219105
Initialize per-instance NSCC parameters: flowid 15 _base_rtt=11685600 _base_bdp=146070 _bdp=146070 _min_cwnd=4150 _maxwnd=219105 _cwnd=219105
Initialize per-instance NSCC parameters: flowid 16 _base_rtt=11685600 _base_bdp=146070 _bdp=146070 _min_cwnd=4150 _maxwnd=219105 _cwnd=219105
Initialize per-instance NSCC parameters: flowid 17 _base_rtt=11685600 _base_bdp=146070 _bdp=146070 _min_cwnd=4150 _maxwnd=219105 _cwnd=219105
Initialize per-instance NSCC parameters: flowid 18 _base_rtt=11685600 _base_bdp=146070 _bdp=146070 _min_cwnd=4150 _maxwnd=219105 _cwnd=219105
Initialize per-instance NSCC parameters: flowid 19 _base_rtt=11685600 _base_bdp=146070 _bdp=146070 _min_cwnd=4150 _maxwnd=219105 _cwnd=219105
Initialize per-instance NSCC parameters: flowid 20 _base_rtt=11685600 _base_bdp=146070 _bdp=146070 _min_cwnd=4150 _maxwnd=219105 _cwnd=219105
Initialize per-instance NSCC parameters: flowid 21 _base_rtt=11685600 _base_bdp=146070 _bdp=146070 _min_cwnd=4150 _maxwnd=219105 _cwnd=219105
Initialize per-instance NSCC parameters: flowid 22 _base_rtt=11685600 _base_bdp=146070 _bdp=146070 _min_cwnd=4150 _maxwnd=219105 _cwnd=219105
Initialize per-instance NSCC parameters: flowid 23 _base_rtt=11685600 _base_bdp=146070 _bdp=146070 _min_cwnd=4150 _maxwnd=219105 _cwnd=219105
Initialize per-instance NSCC parameters: flowid 24 _base_rtt=11685600 _base_bdp=146070 _bdp=146070 _min_cwnd=4150 _maxwnd=219105 _cwnd=219105
Initialize per-instance NSCC parameters: flowid 25 _base_rtt=11685600 _base_bdp=146070 _bdp=146070 _min_cwnd=4150 _maxwnd=219105 _cwnd=219105
Initialize per-instance NSCC parameters: flowid 26 _base_rtt=11685600 _base_bdp=146070 _bdp=146070 _min_cwnd=4150 _maxwnd=219105 _cwnd=219105
Initialize per-instance NSCC parameters: flowid 27 _base_rtt=11685600 _base_bdp=146070 _bdp=146070 _min_cwnd=4150 _maxwnd=219105 _cwnd=219105
Initialize per-instance NSCC parameters: flowid 28 _base_rtt=11685600 _base_bdp=146070 _bdp=146070 _min_cwnd=4150 _maxwnd=219105 _cwnd=219105
Initialize per-instance NSCC parameters: flowid 29 _base_rtt=11685600 _base_bdp=146070 _bdp=146070 _min_cwnd=4150 _maxwnd=219105 _cwnd=219105
Initialize per-instance NSCC parameters: flowid 30 _base_rtt=11685600 _base_bdp=146070 _bdp=146070 _min_cwnd=4150 _maxwnd=219105 _cwnd=219105
Initialize per-instance NSCC parameters: flowid 31 _base_rtt=11685600 _base_bdp=146070 _bdp=146070 _min_cwnd=4150 _maxwnd=219105 _cwnd=219105
Initialize per-instance NSCC parameters: flowid 32 _base_rtt=11685600 _base_bdp=146070 _bdp=146070 _min_cwnd=4150 _maxwnd=219105 _cwnd=219105
Initialize per-instance NSCC parameters: flowid 33 _base_rtt=11685600 _base_bdp=146070 _bdp=146070 _min_cwnd=4150 _maxwnd=219105 _cwnd=219105
Initialize per-instance NSCC parameters: flowid 34 _base_rtt=11685600 _base_bdp=146070 _bdp=146070 _min_cwnd=4150 _maxwnd=219105 _cwnd=219105
Initialize per-instance NSCC parameters: flowid 35 _base_rtt=11685600 _base_bdp=146070 _bdp=146070 _min_cwnd=4150 _maxwnd=219105 _cwnd=219105
Initialize per-instance NSCC parameters: flowid 36 _base_rtt=11685600 _base_bdp=146070 _bdp=146070 _min_cwnd=4150 _maxwnd=219105 _cwnd=219105
Initialize per-instance NSCC parameters: flowid 37 _base_rtt=11685600 _base_bdp=146070 _bdp=146070 _min_cwnd=4150 _maxwnd=219105 _cwnd=219105
Initialize per-instance NSCC parameters: flowid 38 _base_rtt=11685600 _base_bdp=146070 _bdp=146070 _min_cwnd=4150 _maxwnd=219105 _cwnd=219105
Initialize per-instance NSCC parameters: flowid 39 _base_rtt=11685600 _base_bdp=146070 _bdp=146070 _min_cwnd=4150 _maxwnd=219105 _cwnd=219105
Initialize per-instance NSCC parameters: flowid 40 _base_rtt=11685600 _base_bdp=146070 _bdp=146070 _min_cwnd=4150 _maxwnd=219105 _cwnd=219105
Initialize per-instance NSCC parameters: flowid 41 _base_rtt=11685600 _base_bdp=146070 _bdp=146070 _min_cwnd=4150 _maxwnd=219105 _cwnd=219105
Initialize per-instance NSCC parameters: flowid 42 _base_rtt=11685600 _base_bdp=146070 _bdp=146070 _min_cwnd=4150 _maxwnd=219105 _cwnd=219105
Initialize per-instance NSCC parameters: flowid 43 _base_rtt=11685600 _base_bdp=146070 _bdp=146070 _min_cwnd=4150 _maxwnd=219105 _cwnd=219105
Initialize per-instance NSCC parameters: flowid 44 _base_rtt=11685600 _base_bdp=146070 _bdp=146070 _min_cwnd=4150 _maxwnd=219105 _cwnd=219105
Initialize per-instance NSCC parameters: flowid 45 _base_rtt=11685600 _base_bdp=146070 _bdp=146070 _min_cwnd=4150 _maxwnd=219105 _cwnd=219105
Initialize per-instance NSCC parameters: flowid 46 _base_rtt=11685600 _base_bdp=146070 _bdp=146070 _min_cwnd=4150 _maxwnd=219105 _cwnd=219105
Initialize per-instance NSCC parameters: flowid 47 _base_rtt=11685600 _base_bdp=146070 _bdp=146070 _min_cwnd=4150 _maxwnd=219105 _cwnd=219105
Initialize per-instance NSCC parameters: flowid 48 _base_rtt=11685600 _base_bdp=146070 _bdp=146070 _min_cwnd=4150 _maxwnd=219105 _cwnd=219105
Initialize per-instance NSCC parameters: flowid 49 _base_rtt=11685600 _base_bdp=146070 _bdp=146070 _min_cwnd=4150 _maxwnd=219105 _cwnd=219105
Initialize per-instance NSCC parameters: flowid 50 _base_rtt=11685600 _base_bdp=146070 _bdp=146070 _min_cwnd=4150 _maxwnd=219105 _cwnd=219105
Initialize per-instance NSCC parameters: flowid 51 _base_rtt=11685600 _base_bdp=146070 _bdp=146070 _min_cwnd=4150 _maxwnd=219105 _cwnd=219105
Initialize per-instance NSCC parameters: flowid 52 _base_rtt=11685600 _base_bdp=146070 _bdp=146070 _min_cwnd=4150 _maxwnd=219105 _cwnd=219105
Initialize per-instance NSCC parameters: flowid 53 _base_rtt=11685600 _base_bdp=146070 _bdp=146070 _min_cwnd=4150 _maxwnd=219105 _cwnd=219105
Initialize per-instance NSCC parameters: flowid 54 _base_rtt=11685600 _base_bdp=146070 _bdp=146070 _min_cwnd=4150 _maxwnd=219105 _cwnd=219105
Initialize per-instance NSCC parameters: flowid 55 _base_rtt=11685600 _base_bdp=146070 _bdp=146070 _min_cwnd=4150 _maxwnd=219105 _cwnd=219105
Initialize per-instance NSCC parameters: flowid 56 _base_rtt=11685600 _base_bdp=146070 _bdp=146070 _min_cwnd=4150 _maxwnd=219105 _cwnd=219105
Initialize per-instance NSCC parameters: flowid 57 _base_rtt=11685600 _base_bdp=146070 _bdp=146070 _min_cwnd=4150 _maxwnd=219105 _cwnd=219105
Initialize per-instance NSCC parameters: flowid 58 _base_rtt=11685600 _base_bdp=146070 _bdp=146070 _min_cwnd=4150 _maxwnd=219105 _cwnd=219105
Initialize per-instance NSCC parameters: flowid 59 _base_rtt=11685600 _base_bdp=146070 _bdp=146070 _min_cwnd=4150 _maxwnd=219105 _cwnd=219105
Initialize per-instance NSCC parameters: flowid 60 _base_rtt=11685600 _base_bdp=146070 _bdp=146070 _min_cwnd=4150 _maxwnd=219105 _cwnd=219105
Initialize per-instance NSCC parameters: flowid 61 _base_rtt=11685600 _base_bdp=146070 _bdp=146070 _min_cwnd=4150 _maxwnd=219105 _cwnd=219105
Initialize per-instance NSCC parameters: flowid 62 _base_rtt=11685600 _base_bdp=146070 _bdp=146070 _min_cwnd=4150 _maxwnd=219105 _cwnd=219105
Initialize per-instance NSCC parameters: flowid 63 _base_rtt=11685600 _base_bdp=146070 _bdp=146070 _min_cwnd=4150 _maxwnd=219105 _cwnd=219105
Initialize per-instance NSCC parameters: flowid 64 _base_rtt=11685600 _base_bdp=146070 _bdp=146070 _min_cwnd=4150 _maxwnd=219105 _cwnd=219105
Initialize per-instance NSCC parameters: flowid 65 _base_rtt=11685600 _base_bdp=146070 _bdp=146070 _min_cwnd=4150 _maxwnd=219105 _cwnd=219105
Initialize per-instance NSCC parameters: flowid 66 _base_rtt=11685600 _base_bdp=146070 _bdp=146070 _min_cwnd=4150 _maxwnd=219105 _cwnd=219105
Initialize per-instance NSCC parameters: flowid 67 _base_rtt=11685600 _base_bdp=146070 _bdp=146070 _min_cwnd=4150 _maxwnd=219105 _cwnd=219105
Initialize per-instance NSCC parameters: flowid 68 _base_rtt=11685600 _base_bdp=146070 _bdp=146070 _min_cwnd=4150 _maxwnd=219105 _cwnd=219105
Initialize per-instance NSCC parameters: flowid 69 _base_rtt=11685600 _base_bdp=146070 _bdp=146070 _min_cwnd=4150 _maxwnd=219105 _cwnd=219105
Initialize per-instance NSCC parameters: flowid 70 _base_rtt=11685600 _base_bdp=146070 _bdp=146070 _min_cwnd=4150 _maxwnd=219105 _cwnd=219105
Initialize per-instance NSCC parameters: flowid 71 _base_rtt=11685600 _base_bdp=146070 _bdp=146070 _min_cwnd=4150 _maxwnd=219105 _cwnd=219105
Initialize per-instance NSCC parameters: flowid 72 _base_rtt=11685600 _base_bdp=146070 _bdp=146070 _min_cwnd=4150 _maxwnd=219105 _cwnd=219105
Initialize per-instance NSCC parameters: flowid 73 _base_rtt=11685600 _base_bdp=146070 _bdp=146070 _min_cwnd=4150 _maxwnd=219105 _cwnd=219105
Initialize per-instance NSCC parameters: flowid 74 _base_rtt=11685600 _base_bdp=146070 _bdp=146070 _min_cwnd=4150 _maxwnd=219105 _cwnd=219105
Initialize per-instance NSCC parameters: flowid 75 _base_rtt=11685600 _base_bdp=146070 _bdp=146070 _min_cwnd=4150 _maxwnd=219105 _cwnd=219105
Initialize per-instance NSCC parameters: flowid 76 _base_rtt=11685600 _base_bdp=146070 _bdp=146070 _min_cwnd=4150 _maxwnd=219105 _cwnd=219105
Initialize per-instance NSCC parameters: flowid 77 _base_rtt=11685600 _base_bdp=146070 _bdp=146070 _min_cwnd=4150 _maxwnd=219105 _cwnd=219105
Initialize per-instance NSCC parameters: flowid 78 _base_rtt=11685600 _base_bdp=146070 _bdp=146070 _min_cwnd=4150 _maxwnd=219105 _cwnd=219105
Initialize per-instance NSCC parameters: flowid 79 _base_rtt=11685600 _base_bdp=146070 _bdp=146070 _min_cwnd=4150 _maxwnd=219105 _cwnd=219105
Initialize per-instance NSCC parameters: flowid 80 _base_rtt=11685600 _base_bdp=146070 _bdp=146070 _min_cwnd=4150 _maxwnd=219105 _cwnd=219105
Initialize per-instance NSCC parameters: flowid 81 _base_rtt=11685600 _base_bdp=146070 _bdp=146070 _min_cwnd=4150 _maxwnd=219105 _cwnd=219105
Initialize per-instance NSCC parameters: flowid 82 _base_rtt=11685600 _base_bdp=146070 _bdp=146070 _min_cwnd=4150 _maxwnd=219105 _cwnd=219105
Initialize per-instance NSCC parameters: flowid 83 _base_rtt=11685600 _base_bdp=146070 _bdp=146070 _min_cwnd=4150 _maxwnd=219105 _cwnd=219105
Initialize per-instance NSCC parameters: flowid 84 _base_rtt=11685600 _base_bdp=146070 _bdp=146070 _min_cwnd=4150 _maxwnd=219105 _cwnd=219105
Initialize per-instance NSCC parameters: flowid 85 _base_rtt=11685600 _base_bdp=146070 _bdp=146070 _min_cwnd=4150 _maxwnd=219105 _cwnd=219105
Initialize per-instance NSCC parameters: flowid 86 _base_rtt=11685600 _base_bdp=146070 _bdp=146070 _min_cwnd=4150 _maxwnd=219105 _cwnd=219105
Initialize per-instance NSCC parameters: flowid 87 _base_rtt=11685600 _base_bdp=146070 _bdp=146070 _min_cwnd=4150 _maxwnd=219105 _cwnd=219105
Initialize per-instance NSCC parameters: flowid 88 _base_rtt=11685600 _base_bdp=146070 _bdp=146070 _min_cwnd=4150 _maxwnd=219105 _cwnd=219105
Initialize per-instance NSCC parameters: flowid 89 _base_rtt=11685600 _base_bdp=146070 _bdp=146070 _min_cwnd=4150 _maxwnd=219105 _cwnd=219105
Initialize per-instance NSCC parameters: flowid 90 _base_rtt=11685600 _base_bdp=146070 _bdp=146070 _min_cwnd=4150 _maxwnd=219105 _cwnd=219105
Initialize per-instance NSCC parameters: flowid 91 _base_rtt=11685600 _base_bdp=146070 _bdp=146070 _min_cwnd=4150 _maxwnd=219105 _cwnd=219105
Initialize per-instance NSCC parameters: flowid 92 _base_rtt=11685600 _base_bdp=146070 _bdp=146070 _min_cwnd=4150 _maxwnd=219105 _cwnd=219105
Initialize per-instance NSCC parameters: flowid 93 _base_rtt=11685600 _base_bdp=146070 _bdp=146070 _min_cwnd=4150 _maxwnd=219105 _cwnd=219105
Initialize per-instance NSCC parameters: flowid 94 _base_rtt=11685600 _base_bdp=146070 _bdp=146070 _min_cwnd=4150 _maxwnd=219105 _cwnd=219105
Initialize per-instance NSCC parameters: flowid 95 _base_rtt=11685600 _base_bdp=146070 _bdp=146070 _min_cwnd=4150 _maxwnd=219105 _cwnd=219105
Initialize per-instance NSCC parameters: flowid 96 _base_rtt=11685600 _base_bdp=146070 _bdp=146070 _min_cwnd=4150 _maxwnd=219105 _cwnd=219105
Initialize per-instance NSCC parameters: flowid 97 _base_rtt=11685600 _base_bdp=146070 _bdp=146070 _min_cwnd=4150 _maxwnd=219105 _cwnd=219105
Initialize per-instance NSCC parameters: flowid 98 _base_rtt=11685600 _base_bdp=146070 _bdp=146070 _min_cwnd=4150 _maxwnd=219105 _cwnd=219105
Initialize per-instance NSCC parameters: flowid 99 _base_rtt=11685600 _base_bdp=146070 _bdp=146070 _min_cwnd=4150 _maxwnd=219105 _cwnd=219105
Initialize per-instance NSCC parameters: flowid 100 _base_rtt=11685600 _base_bdp=146070 _bdp=146070 _min_cwnd=4150 _maxwnd=219105 _cwnd=219105
Initialize per-instance NSCC parameters: flowid 101 _base_rtt=11685600 _base_bdp=146070 _bdp=146070 _min_cwnd=4150 _maxwnd=219105 _cwnd=219105
Initialize per-instance NSCC parameters: flowid 102 _base_rtt=11685600 _base_bdp=146070 _bdp=146070 _min_cwnd=4150 _maxwnd=219105 _cwnd=219105
Initialize per-instance NSCC parameters: flowid 103 _base_rtt=11685600 _base_bdp=146070 _bdp=146070 _min_cwnd=4150 _maxwnd=219105 _cwnd=219105
Initialize per-instance NSCC parameters: flowid 104 _base_rtt=11685600 _base_bdp=146070 _bdp=146070 _min_cwnd=4150 _maxwnd=219105 _cwnd=219105
Initialize per-instance NSCC parameters: flowid 105 _base_rtt=11685600 _base_bdp=146070 _bdp=146070 _min_cwnd=4150 _maxwnd=219105 _cwnd=219105
Initialize per-instance NSCC parameters: flowid 106 _base_rtt=11685600 _base_bdp=146070 _bdp=146070 _min_cwnd=4150 _maxwnd=219105 _cwnd=219105
Initialize per-instance NSCC parameters: flowid 107 _base_rtt=11685600 _base_bdp=146070 _bdp=146070 _min_cwnd=4150 _maxwnd=219105 _cwnd=219105
Initialize per-instance NSCC parameters: flowid 108 _base_rtt=11685600 _base_bdp=146070 _bdp=146070 _min_cwnd=4150 _maxwnd=219105 _cwnd=219105
Initialize per-instance NSCC parameters: flowid 109 _base_rtt=11685600 _base_bdp=146070 _bdp=146070 _min_cwnd=4150 _maxwnd=219105 _cwnd=219105
Initialize per-instance NSCC parameters: flowid 110 _base_rtt=11685600 _base_bdp=146070 _bdp=146070 _min_cwnd=4150 _maxwnd=219105 _cwnd=219105
Initialize per-instance NSCC parameters: flowid 111 _base_rtt=11685600 _base_bdp=146070 _bdp=146070 _min_cwnd=4150 _maxwnd=219105 _cwnd=219105
Initialize per-instance NSCC parameters: flowid 112 _base_rtt=11685600 _base_bdp=146070 _bdp=146070 _min_cwnd=4150 _maxwnd=219105 _cwnd=219105
Initialize per-instance NSCC parameters: flowid 113 _base_rtt=11685600 _base_bdp=146070 _bdp=146070 _min_cwnd=4150 _maxwnd=219105 _cwnd=219105
Initialize per-instance NSCC parameters: flowid 114 _base_rtt=11685600 _base_bdp=146070 _bdp=146070 _min_cwnd=4150 _maxwnd=219105 _cwnd=219105
Initialize per-instance NSCC parameters: flowid 115 _base_rtt=11685600 _base_bdp=146070 _bdp=146070 _min_cwnd=4150 _maxwnd=219105 _cwnd=219105
Initialize per-instance NSCC parameters: flowid 116 _base_rtt=11685600 _base_bdp=146070 _bdp=146070 _min_cwnd=4150 _maxwnd=219105 _cwnd=219105
Initialize per-instance NSCC parameters: flowid 117 _base_rtt=11685600 _base_bdp=146070 _bdp=146070 _min_cwnd=4150 _maxwnd=219105 _cwnd=219105
Initialize per-instance NSCC parameters: flowid 118 _base_rtt=11685600 _base_bdp=146070 _bdp=146070 _min_cwnd=4150 _maxwnd=219105 _cwnd=219105
Initialize per-instance NSCC parameters: flowid 119 _base_rtt=11685600 _base_bdp=146070 _bdp=146070 _min_cwnd=4150 _maxwnd=219105 _cwnd=219105
Initialize per-instance NSCC parameters: flowid 120 _base_rtt=11685600 _base_bdp=146070 _bdp=146070 _min_cwnd=4150 _maxwnd=219105 _cwnd=219105
Initialize per-instance NSCC parameters: flowid 121 _base_rtt=11685600 _base_bdp=146070 _bdp=146070 _min_cwnd=4150 _maxwnd=219105 _cwnd=219105
Initialize per-instance NSCC parameters: flowid 122 _base_rtt=11685600 _base_bdp=146070 _bdp=146070 _min_cwnd=4150 _maxwnd=219105 _cwnd=219105
Initialize per-instance NSCC parameters: flowid 123 _base_rtt=11685600 _base_bdp=146070 _bdp=146070 _min_cwnd=4150 _maxwnd=219105 _cwnd=219105
Initialize per-instance NSCC parameters: flowid 124 _base_rtt=11685600 _base_bdp=146070 _bdp=146070 _min_cwnd=4150 _maxwnd=219105 _cwnd=219105
Initialize per-instance NSCC parameters: flowid 125 _base_rtt=11685600 _base_bdp=146070 _bdp=146070 _min_cwnd=4150 _maxwnd=219105 _cwnd=219105
Initialize per-instance NSCC parameters: flowid 126 _base_rtt=11685600 _base_bdp=146070 _bdp=146070 _min_cwnd=4150 _maxwnd=219105 _cwnd=219105
Initialize per-instance NSCC parameters: flowid 127 _base_rtt=11685600 _base_bdp=146070 _bdp=146070 _min_cwnd=4150 _maxwnd=219105 _cwnd=219105
Initialize per-instance NSCC parameters: flowid 128 _base_rtt=11685600 _base_bdp=146070 _bdp=146070 _min_cwnd=4150 _maxwnd=219105 _cwnd=219105
Initialize per-instance NSCC parameters: flowid 129 _base_rtt=11685600 _base_bdp=146070 _bdp=146070 _min_cwnd=4150 _maxwnd=219105 _cwnd=219105
Initialize per-instance NSCC parameters: flowid 130 _base_rtt=11685600 _base_bdp=146070 _bdp=146070 _min_cwnd=4150 _maxwnd=219105 _cwnd=219105
Initialize per-instance NSCC parameters: flowid 131 _base_rtt=11685600 _base_bdp=146070 _bdp=146070 _min_cwnd=4150 _maxwnd=219105 _cwnd=219105
Initialize per-instance NSCC parameters: flowid 132 _base_rtt=11685600 _base_bdp=146070 _bdp=146070 _min_cwnd=4150 _maxwnd=219105 _cwnd=219105
Initialize per-instance NSCC parameters: flowid 133 _base_rtt=11685600 _base_bdp=146070 _bdp=146070 _min_cwnd=4150 _maxwnd=219105 _cwnd=219105
Initialize per-instance NSCC parameters: flowid 134 _base_rtt=11685600 _base_bdp=146070 _bdp=146070 _min_cwnd=4150 _maxwnd=219105 _cwnd=219105
Initialize per-instance NSCC parameters: flowid 135 _base_rtt=11685600 _base_bdp=146070 _bdp=146070 _min_cwnd=4150 _maxwnd=219105 _cwnd=219105
Initialize per-instance NSCC parameters: flowid 136 _base_rtt=11685600 _base_bdp=146070 _bdp=146070 _min_cwnd=4150 _maxwnd=219105 _cwnd=219105
Initialize per-instance NSCC parameters: flowid 137 _base_rtt=11685600 _base_bdp=146070 _bdp=146070 _min_cwnd=4150 _maxwnd=219105 _cwnd=219105
Initialize per-instance NSCC parameters: flowid 138 _base_rtt=11685600 _base_bdp=146070 _bdp=146070 _min_cwnd=4150 _maxwnd=219105 _cwnd=219105
Initialize per-instance NSCC parameters: flowid 139 _base_rtt=11685600 _base_bdp=146070 _bdp=146070 _min_cwnd=4150 _maxwnd=219105 _cwnd=219105
Initialize per-instance NSCC parameters: flowid 140 _base_rtt=11685600 _base_bdp=146070 _bdp=146070 _min_cwnd=4150 _maxwnd=219105 _cwnd=219105
Initialize per-instance NSCC parameters: flowid 141 _base_rtt=11685600 _base_bdp=146070 _bdp=146070 _min_cwnd=4150 _maxwnd=219105 _cwnd=219105
Initialize per-instance NSCC parameters: flowid 142 _base_rtt=11685600 _base_bdp=146070 _bdp=146070 _min_cwnd=4150 _maxwnd=219105 _cwnd=219105
Initialize per-instance NSCC parameters: flowid 143 _base_rtt=11685600 _base_bdp=146070 _bdp=146070 _min_cwnd=4150 _maxwnd=219105 _cwnd=219105
Initialize per-instance NSCC parameters: flowid 144 _base_rtt=11685600 _base_bdp=146070 _bdp=146070 _min_cwnd=4150 _maxwnd=219105 _cwnd=219105
Initialize per-instance NSCC parameters: flowid 145 _base_rtt=11685600 _base_bdp=146070 _bdp=146070 _min_cwnd=4150 _maxwnd=219105 _cwnd=219105
Initialize per-instance NSCC parameters: flowid 146 _base_rtt=11685600 _base_bdp=146070 _bdp=146070 _min_cwnd=4150 _maxwnd=219105 _cwnd=219105
Initialize per-instance NSCC parameters: flowid 147 _base_rtt=11685600 _base_bdp=146070 _bdp=146070 _min_cwnd=4150 _maxwnd=219105 _cwnd=219105
Initialize per-instance NSCC parameters: flowid 148 _base_rtt=11685600 _base_bdp=146070 _bdp=146070 _min_cwnd=4150 _maxwnd=219105 _cwnd=219105
Initialize per-instance NSCC parameters: flowid 149 _base_rtt=11685600 _base_bdp=146070 _bdp=146070 _min_cwnd=4150 _maxwnd=219105 _cwnd=219105
Initialize per-instance NSCC parameters: flowid 150 _base_rtt=11685600 _base_bdp=146070 _bdp=146070 _min_cwnd=4150 _maxwnd=219105 _cwnd=219105
Initialize per-instance NSCC parameters: flowid 151 _base_rtt=11685600 _base_bdp=146070 _bdp=146070 _min_cwnd=4150 _maxwnd=219105 _cwnd=219105
Initialize per-instance NSCC parameters: flowid 152 _base_rtt=11685600 _base_bdp=146070 _bdp=146070 _min_cwnd=4150 _maxwnd=219105 _cwnd=219105
Initialize per-instance NSCC parameters: flowid 153 _base_rtt=11685600 _base_bdp=146070 _bdp=146070 _min_cwnd=4150 _maxwnd=219105 _cwnd=219105
Initialize per-instance NSCC parameters: flowid 154 _base_rtt=11685600 _base_bdp=146070 _bdp=146070 _min_cwnd=4150 _maxwnd=219105 _cwnd=219105
Initialize per-instance NSCC parameters: flowid 155 _base_rtt=11685600 _base_bdp=146070 _bdp=146070 _min_cwnd=4150 _maxwnd=219105 _cwnd=219105
Initialize per-instance NSCC parameters: flowid 156 _base_rtt=11685600 _base_bdp=146070 _bdp=146070 _min_cwnd=4150 _maxwnd=219105 _cwnd=219105
Initialize per-instance NSCC parameters: flowid 157 _base_rtt=11685600 _base_bdp=146070 _bdp=146070 _min_cwnd=4150 _maxwnd=219105 _cwnd=219105
Initialize per-instance NSCC parameters: flowid 158 _base_rtt=11685600 _base_bdp=146070 _bdp=146070 _min_cwnd=4150 _maxwnd=219105 _cwnd=219105
Initialize per-instance NSCC parameters: flowid 159 _base_rtt=11685600 _base_bdp=146070 _bdp=146070 _min_cwnd=4150 _maxwnd=219105 _cwnd=219105
Initialize per-instance NSCC parameters: flowid 160 _base_rtt=11685600 _base_bdp=146070 _bdp=146070 _min_cwnd=4150 _maxwnd=219105 _cwnd=219105
Initialize per-instance NSCC parameters: flowid 161 _base_rtt=11685600 _base_bdp=146070 _bdp=146070 _min_cwnd=4150 _maxwnd=219105 _cwnd=219105
Initialize per-instance NSCC parameters: flowid 162 _base_rtt=11685600 _base_bdp=146070 _bdp=146070 _min_cwnd=4150 _maxwnd=219105 _cwnd=219105
Initialize per-instance NSCC parameters: flowid 163 _base_rtt=11685600 _base_bdp=146070 _bdp=146070 _min_cwnd=4150 _maxwnd=219105 _cwnd=219105
Initialize per-instance NSCC parameters: flowid 164 _base_rtt=11685600 _base_bdp=146070 _bdp=146070 _min_cwnd=4150 _maxwnd=219105 _cwnd=219105
Initialize per-instance NSCC parameters: flowid 165 _base_rtt=11685600 _base_bdp=146070 _bdp=146070 _min_cwnd=4150 _maxwnd=219105 _cwnd=219105
Initialize per-instance NSCC parameters: flowid 166 _base_rtt=11685600 _base_bdp=146070 _bdp=146070 _min_cwnd=4150 _maxwnd=219105 _cwnd=219105
Initialize per-instance NSCC parameters: flowid 167 _base_rtt=11685600 _base_bdp=146070 _bdp=146070 _min_cwnd=4150 _maxwnd=219105 _cwnd=219105
Initialize per-instance NSCC parameters: flowid 168 _base_rtt=11685600 _base_bdp=146070 _bdp=146070 _min_cwnd=4150 _maxwnd=219105 _cwnd=219105
Initialize per-instance NSCC parameters: flowid 169 _base_rtt=11685600 _base_bdp=146070 _bdp=146070 _min_cwnd=4150 _maxwnd=219105 _cwnd=219105
Initialize per-instance NSCC parameters: flowid 170 _base_rtt=11685600 _base_bdp=146070 _bdp=146070 _min_cwnd=4150 _maxwnd=219105 _cwnd=219105
Initialize per-instance NSCC parameters: flowid 171 _base_rtt=11685600 _base_bdp=146070 _bdp=146070 _min_cwnd=4150 _maxwnd=219105 _cwnd=219105
Initialize per-instance NSCC parameters: flowid 172 _base_rtt=11685600 _base_bdp=146070 _bdp=146070 _min_cwnd=4150 _maxwnd=219105 _cwnd=219105
Initialize per-instance NSCC parameters: flowid 173 _base_rtt=11685600 _base_bdp=146070 _bdp=146070 _min_cwnd=4150 _maxwnd=219105 _cwnd=219105
Initialize per-instance NSCC parameters: flowid 174 _base_rtt=11685600 _base_bdp=146070 _bdp=146070 _min_cwnd=4150 _maxwnd=219105 _cwnd=219105
Initialize per-instance NSCC parameters: flowid 175 _base_rtt=11685600 _base_bdp=146070 _bdp=146070 _min_cwnd=4150 _maxwnd=219105 _cwnd=219105
Initialize per-instance NSCC parameters: flowid 176 _base_rtt=11685600 _base_bdp=146070 _bdp=146070 _min_cwnd=4150 _maxwnd=219105 _cwnd=219105
Initialize per-instance NSCC parameters: flowid 177 _base_rtt=11685600 _base_bdp=146070 _bdp=146070 _min_cwnd=4150 _maxwnd=219105 _cwnd=219105
Initialize per-instance NSCC parameters: flowid 178 _base_rtt=11685600 _base_bdp=146070 _bdp=146070 _min_cwnd=4150 _maxwnd=219105 _cwnd=219105
Initialize per-instance NSCC parameters: flowid 179 _base_rtt=11685600 _base_bdp=146070 _bdp=146070 _min_cwnd=4150 _maxwnd=219105 _cwnd=219105
Initialize per-instance NSCC parameters: flowid 180 _base_rtt=11685600 _base_bdp=146070 _bdp=146070 _min_cwnd=4150 _maxwnd=219105 _cwnd=219105
Initialize per-instance NSCC parameters: flowid 181 _base_rtt=11685600 _base_bdp=146070 _bdp=146070 _min_cwnd=4150 _maxwnd=219105 _cwnd=219105
Initialize per-instance NSCC parameters: flowid 182 _base_rtt=11685600 _base_bdp=146070 _bdp=146070 _min_cwnd=4150 _maxwnd=219105 _cwnd=219105
Initialize per-instance NSCC parameters: flowid 183 _base_rtt=11685600 _base_bdp=146070 _bdp=146070 _min_cwnd=4150 _maxwnd=219105 _cwnd=219105
Initialize per-instance NSCC parameters: flowid 184 _base_rtt=11685600 _base_bdp=146070 _bdp=146070 _min_cwnd=4150 _maxwnd=219105 _cwnd=219105
Initialize per-instance NSCC parameters: flowid 185 _base_rtt=11685600 _base_bdp=146070 _bdp=146070 _min_cwnd=4150 _maxwnd=219105 _cwnd=219105
Initialize per-instance NSCC parameters: flowid 186 _base_rtt=11685600 _base_bdp=146070 _bdp=146070 _min_cwnd=4150 _maxwnd=219105 _cwnd=219105
Initialize per-instance NSCC parameters: flowid 187 _base_rtt=11685600 _base_bdp=146070 _bdp=146070 _min_cwnd=4150 _maxwnd=219105 _cwnd=219105
Initialize per-instance NSCC parameters: flowid 188 _base_rtt=11685600 _base_bdp=146070 _bdp=146070 _min_cwnd=4150 _maxwnd=219105 _cwnd=219105
Initialize per-instance NSCC parameters: flowid 189 _base_rtt=11685600 _base_bdp=146070 _bdp=146070 _min_cwnd=4150 _maxwnd=219105 _cwnd=219105
Initialize per-instance NSCC parameters: flowid 190 _base_rtt=11685600 _base_bdp=146070 _bdp=146070 _min_cwnd=4150 _maxwnd=219105 _cwnd=219105
Initialize per-instance NSCC parameters: flowid 191 _base_rtt=11685600 _base_bdp=146070 _bdp=146070 _min_cwnd=4150 _maxwnd=219105 _cwnd=219105
Initialize per-instance NSCC parameters: flowid 192 _base_rtt=11685600 _base_bdp=146070 _bdp=146070 _min_cwnd=4150 _maxwnd=219105 _cwnd=219105
Starting simulation
Flow Uec_212_84 flowId 1 uecSrc 0 starting at 0
Flow Uec_27_155 flowId 2 uecSrc 1 starting at 0
Flow Uec_208_80 flowId 3 uecSrc 2 starting at 0
Flow Uec_74_202 flowId 4 uecSrc 3 starting at 0
Flow Uec_205_77 flowId 5 uecSrc 4 starting at 0
Flow Uec_48_176 flowId 6 uecSrc 5 starting at 0
Flow Uec_180_52 flowId 7 uecSrc 6 starting at 0
Flow Uec_160_32 flowId 8 uecSrc 7 starting at 0
Flow Uec_153_25 flowId 9 uecSrc 8 starting at 0
Flow Uec_34_162 flowId 10 uecSrc 9 starting at 0
Flow Uec_47_175 flowId 11 uecSrc 10 starting at 0
Flow Uec_36_164 flowId 12 uecSrc 11 starting at 0
Flow Uec_224_96 flowId 13 uecSrc 12 starting at 0
Flow Uec_99_227 flowId 14 uecSrc 13 starting at 0
Flow Uec_60_188 flowId 15 uecSrc 14 starting at 0
Flow Uec_0_128 flowId 16 uecSrc 15 starting at 0
Flow Uec_142_14 flowId 17 uecSrc 16 starting at 0
Flow Uec_139_11 flowId 18 uecSrc 17 starting at 0
Flow Uec_8_136 flowId 19 uecSrc 18 starting at 0
Flow Uec_222_94 flowId 20 uecSrc 19 starting at 0
Flow Uec_217_89 flowId 21 uecSrc 20 starting at 0
Flow Uec_69_197 flowId 22 uecSrc 21 starting at 0
Flow Uec_157_29 flowId 23 uecSrc 22 starting at 0
Flow Uec_118_246 flowId 24 uecSrc 23 starting at 0
Flow Uec_214_86 flowId 25 uecSrc 24 starting at 0
Flow Uec_68_196 flowId 26 uecSrc 25 starting at 0
Flow Uec_251_123 flowId 27 uecSrc 26 starting at 0
Flow Uec_66_194 flowId 28 uecSrc 27 starting at 0
Flow Uec_231_103 flowId 29 uecSrc 28 starting at 0
Flow Uec_13_141 flowId 30 uecSrc 29 starting at 0
Flow Uec_88_216 flowId 31 uecSrc 30 starting at 0
Flow Uec_32_160 flowId 32 uecSrc 31 starting at 0
Flow Uec_240_112 flowId 33 uecSrc 32 starting at 0
Flow Uec_163_35 flowId 34 uecSrc 33 starting at 0
Flow Uec_85_213 flowId 35 uecSrc 34 starting at 0
Flow Uec_106_234 flowId 36 uecSrc 35 starting at 0
Flow Uec_137_9 flowId 37 uecSrc 36 starting at 0
Flow Uec_127_255 flowId 38 uecSrc 37 starting at 0
Flow Uec_58_186 flowId 39 uecSrc 38 starting at 0
Flow Uec_188_60 flowId 40 uecSrc 39 starting at 0
Flow Uec_67_195 flowId 41 uecSrc 40 starting at 0
Flow Uec_252_124 flowId 42 uecSrc 41 starting at 0
Flow Uec_190_62 flowId 43 uecSrc 42 starting at 0
Flow Uec_25_153 flowId 44 uecSrc 43 starting at 0
Flow Uec_61_189 flowId 45 uecSrc 44 starting at 0
Flow Uec_82_210 flowId 46 uecSrc 45 starting at 0
Flow Uec_223_95 flowId 47 uecSrc 46 starting at 0
Flow Uec_204_76 flowId 48 uecSrc 47 starting at 0
Flow Uec_95_223 flowId 49 uecSrc 48 starting at 0
Flow Uec_245_117 flowId 50 uecSrc 49 starting at 0
Flow Uec_189_61 flowId 51 uecSrc 50 starting at 0
Flow Uec_156_28 flowId 52 uecSrc 51 starting at 0
Flow Uec_125_253 flowId 53 uecSrc 52 starting at 0
Flow Uec_53_181 flowId 54 uecSrc 53 starting at 0
Flow Uec_117_245 flowId 55 uecSrc 54 starting at 0
Flow Uec_50_178 flowId 56 uecSrc 55 starting at 0
Flow Uec_248_120 flowId 57 uecSrc 56 starting at 0
Flow Uec_228_100 flowId 58 uecSrc 57 starting at 0
Flow Uec_154_26 flowId 59 uecSrc 58 starting at 0
Flow Uec_200_72 flowId 60 uecSrc 59 starting at 0
Flow Uec_30_158 flowId 61 uecSrc 60 starting at 0
Flow Uec_148_20 flowId 62 uecSrc 61 starting at 0
Flow Uec_128_0 flowId 63 uecSrc 62 starting at 0
Flow Uec_43_171 flowId 64 uecSrc 63 starting at 0
Flow Uec_122_250 flowId 65 uecSrc 64 starting at 0
Flow Uec_87_215 flowId 66 uecSrc 65 starting at 0
Flow Uec_213_85 flowId 67 uecSrc 66 starting at 0
Flow Uec_136_8 flowId 68 uecSrc 67 starting at 0
Flow Uec_234_106 flowId 69 uecSrc 68 starting at 0
Flow Uec_98_226 flowId 70 uecSrc 69 starting at 0
Flow Uec_229_101 flowId 71 uecSrc 70 starting at 0
Flow Uec_134_6 flowId 72 uecSrc 71 starting at 0
Flow Uec_185_57 flowId 73 uecSrc 72 starting at 0
Flow Uec_211_83 flowId 74 uecSrc 73 starting at 0
Flow Uec_80_208 flowId 75 uecSrc 74 starting at 0
Flow Uec_20_148 flowId 76 uecSrc 75 starting at 0
Flow Uec_147_19 flowId 77 uecSrc 76 starting at 0
Flow Uec_103_231 flowId 78 uecSrc 77 starting at 0
Flow Uec_107_235 flowId 79 uecSrc 78 starting at 0
Flow Uec_145_17 flowId 80 uecSrc 79 starting at 0
Flow Uec_29_157 flowId 81 uecSrc 80 starting at 0
Flow Uec_182_54 flowId 82 uecSrc 81 starting at 0
Flow Uec_94_222 flowId 83 uecSrc 82 starting at 0
Flow Uec_81_209 flowId 84 uecSrc 83 starting at 0
Flow Uec_15_143 flowId 85 uecSrc 84 starting at 0
Flow Uec_226_98 flowId 86 uecSrc 85 starting at 0
Flow Uec_253_125 flowId 87 uecSrc 86 starting at 0
Flow Uec_93_221 flowId 88 uecSrc 87 starting at 0
Flow Uec_176_48 flowId 89 uecSrc 88 starting at 0
Flow Uec_79_207 flowId 90 uecSrc 89 starting at 0
Flow Uec_170_42 flowId 91 uecSrc 90 starting at 0
Flow Uec_116_244 flowId 92 uecSrc 91 starting at 0
Flow Uec_104_232 flowId 93 uecSrc 92 starting at 0
Flow Uec_174_46 flowId 94 uecSrc 93 starting at 0
Flow Uec_196_68 flowId 95 uecSrc 94 starting at 0
Flow Uec_130_2 flowId 96 uecSrc 95 starting at 0
Flow Uec_219_91 flowId 97 uecSrc 96 starting at 0
Flow Uec_221_93 flowId 98 uecSrc 97 starting at 0
Flow Uec_14_142 flowId 99 uecSrc 98 starting at 0
Flow Uec_89_217 flowId 100 uecSrc 99 starting at 0
Flow Uec_7_135 flowId 101 uecSrc 100 starting at 0
Flow Uec_83_211 flowId 102 uecSrc 101 starting at 0
Flow Uec_143_15 flowId 103 uecSrc 102 starting at 0
Flow Uec_235_107 flowId 104 uecSrc 103 starting at 0
Flow Uec_49_177 flowId 105 uecSrc 104 starting at 0
Flow Uec_186_58 flowId 106 uecSrc 105 starting at 0
Flow Uec_250_122 flowId 107 uecSrc 106 starting at 0
Flow Uec_56_184 flowId 108 uecSrc 107 starting at 0
Flow Uec_123_251 flowId 109 uecSrc 108 starting at 0
Flow Uec_191_63 flowId 110 uecSrc 109 starting at 0
Flow Uec_135_7 flowId 111 uecSrc 110 starting at 0
Flow Uec_207_79 flowId 112 uecSrc 111 starting at 0
Flow Uec_91_219 flowId 113 uecSrc 112 starting at 0
Flow Uec_22_150 flowId 114 uecSrc 113 starting at 0
Flow Uec_54_182 flowId 115 uecSrc 114 starting at 0
Flow Uec_166_38 flowId 116 uecSrc 115 starting at 0
Flow Uec_86_214 flowId 117 uecSrc 116 starting at 0
Flow Uec_45_173 flowId 118 uecSrc 117 starting at 0
Flow Uec_150_22 flowId 119 uecSrc 118 starting at 0
Flow Uec_131_3 flowId 120 uecSrc 119 starting at 0
Flow Uec_230_102 flowId 121 uecSrc 120 starting at 0
Flow Uec_3_131 flowId 122 uecSrc 121 starting at 0
Flow Uec_75_203 flowId 123 uecSrc 122 starting at 0
Flow Uec_114_242 flowId 124 uecSrc 123 starting at 0
Flow Uec_146_18 flowId 125 uecSrc 124 starting at 0
Flow Uec_97_225 flowId 126 uecSrc 125 starting at 0
Flow Uec_152_24 flowId 127 uecSrc 126 starting at 0
Flow Uec_121_249 flowId 128 uecSrc 127 starting at 0
Flow Uec_215_87 flowId 129 uecSrc 128 starting at 0
Flow Uec_209_81 flowId 130 uecSrc 129 starting at 0
Flow Uec_92_220 flowId 131 uecSrc 130 starting at 0
Flow Uec_52_180 flowId 132 uecSrc 131 starting at 0
Flow Uec_239_111 flowId 133 uecSrc 132 starting at 0
Flow Uec_193_65 flowId 134 uecSrc 133 starting at 0
Flow Uec_159_31 flowId 135 uecSrc 134 starting at 0
Flow Uec_167_39 flowId 136 uecSrc 135 starting at 0
Flow Uec_168_40 flowId 137 uecSrc 136 starting at 0
Flow Uec_40_168 flowId 138 uecSrc 137 starting at 0
Flow Uec_31_159 flowId 139 uecSrc 138 starting at 0
Flow Uec_18_146 flowId 140 uecSrc 139 starting at 0
Flow Uec_138_10 flowId 141 uecSrc 140 starting at 0
Flow Uec_44_172 flowId 142 uecSrc 141 starting at 0
Flow Uec_237_109 flowId 143 uecSrc 142 starting at 0
Flow Uec_192_64 flowId 144 uecSrc 143 starting at 0
Flow Uec_111_239 flowId 145 uecSrc 144 starting at 0
Flow Uec_179_51 flowId 146 uecSrc 145 starting at 0
Flow Uec_90_218 flowId 147 uecSrc 146 starting at 0
Flow Uec_11_139 flowId 148 uecSrc 147 starting at 0
Flow Uec_28_156 flowId 149 uecSrc 148 starting at 0
Flow Uec_238_110 flowId 150 uecSrc 149 starting at 0
Flow Uec_24_152 flowId 151 uecSrc 150 starting at 0
Flow Uec_6_134 flowId 152 uecSrc 151 starting at 0
Flow Uec_78_206 flowId 153 uecSrc 152 starting at 0
Flow Uec_21_149 flowId 154 uecSrc 153 starting at 0
Flow Uec_244_116 flowId 155 uecSrc 154 starting at 0
Flow Uec_210_82 flowId 156 uecSrc 155 starting at 0
Flow Uec_109_237 flowId 157 uecSrc 156 starting at 0
Flow Uec_220_92 flowId 158 uecSrc 157 starting at 0
Flow Uec_218_90 flowId 159 uecSrc 158 starting at 0
Flow Uec_37_165 flowId 160 uecSrc 159 starting at 0
Flow Uec_173_45 flowId 161 uecSrc 160 starting at 0
Flow Uec_165_37 flowId 162 uecSrc 161 starting at 0
Flow Uec_119_247 flowId 163 uecSrc 162 starting at 0
Flow Uec_100_228 flowId 164 uecSrc 163 starting at 0
Flow Uec_10_138 flowId 165 uecSrc 164 starting at 0
Flow Uec_225_97 flowId 166 uecSrc 165 starting at 0
Flow Uec_9_137 flowId 167 uecSrc 166 starting at 0
Flow Uec_246_118 flowId 168 uecSrc 167 starting at 0
Flow Uec_62_190 flowId 169 uecSrc 168 starting at 0
Flow Uec_4_132 flowId 170 uecSrc 169 starting at 0
Flow Uec_64_192 flowId 171 uecSrc 170 starting at 0
Flow Uec_73_201 flowId 172 uecSrc 171 starting at 0
Flow Uec_175_47 flowId 173 uecSrc 172 starting at 0
Flow Uec_232_104 flowId 174 uecSrc 173 starting at 0
Flow Uec_255_127 flowId 175 uecSrc 174 starting at 0
Flow Uec_129_1 flowId 176 uecSrc 175 starting at 0
Flow Uec_178_50 flowId 177 uecSrc 176 starting at 0
Flow Uec_70_198 flowId 178 uecSrc 177 starting at 0
Flow Uec_169_41 flowId 179 uecSrc 178 starting at 0
Flow Uec_177_49 flowId 180 uecSrc 179 starting at 0
Flow Uec_46_174 flowId 181 uecSrc 180 starting at 0
Flow Uec_155_27 flowId 182 uecSrc 181 starting at 0
Flow Uec_63_191 flowId 183 uecSrc 182 starting at 0
Flow Uec_17_145 flowId 184 uecSrc 183 starting at 0
Flow Uec_71_199 flowId 185 uecSrc 184 starting at 0
Flow Uec_197_69 flowId 186 uecSrc 185 starting at 0
Flow Uec_162_34 flowId 187 uecSrc 186 starting at 0
Flow Uec_216_88 flowId 188 uecSrc 187 starting at 0
Flow Uec_183_55 flowId 189 uecSrc 188 starting at 0
Flow Uec_19_147 flowId 190 uecSrc 189 starting at 0
Flow Uec_115_243 flowId 191 uecSrc 190 starting at 0
Flow Uec_227_99 flowId 192 uecSrc 191 starting at 0
136.523 flowid 152 Spurious 33
140.252 flowid 181 Spurious 28
141.248 flowid 181 Spurious 31
148.816 flowid 73 Spurious 60
149.159 flowid 73 Spurious 63
149.496 flowid 73 Spurious 65
149.833 flowid 73 Spurious 66
152.632 flowid 73 Spurious 72
152.964 flowid 73 Spurious 73
154.264 flowid 43 Spurious 38
154.869 flowid 73 Spurious 75
163.946 flowid 142 Spurious 94
164.641 flowid 142 Spurious 95
165.888 flowid 122 Spurious 93
166.552 flowid 122 Spurious 95
167.216 flowid 122 Spurious 97
169.606 flowid 122 Spurious 109
169.922 flowid 173 Spurious 35
171.119 flowid 10 Spurious 111
171.598 flowid 122 Spurious 114
172.865 flowid 122 Spurious 117
173.535 flowid 122 Spurious 120
173.707 flowid 173 Spurious 38
173.769 flowid 10 Spurious 113
Flow Uec_169_41 flowId 179 uecSrc 178 finished at 175.47 total messages 1 total packets 490 RTS 0 total bytes 2002140 in_flight now 0 fair_inc 0 prop_inc 84569 fast_inc 60615 eta_inc 7748 multi_dec -0 quick_dec -0 nack_dec -0
Flow Uec_119_247 flowId 163 uecSrc 162 finished at 175.533 total messages 1 total packets 490 RTS 0 total bytes 2002140 in_flight now 0 fair_inc 0 prop_inc 78521 fast_inc 80820 eta_inc 8344 multi_dec -0 quick_dec -0 nack_dec -0
Flow Uec_192_64 flowId 144 uecSrc 143 finished at 175.541 total messages 1 total packets 490 RTS 0 total bytes 2002140 in_flight now 0 fair_inc 0 prop_inc 69884 fast_inc 145476 eta_inc 8344 multi_dec -0 quick_dec -0 nack_dec -0
176.093 flowid 10 Spurious 126
176.757 flowid 10 Spurious 128
Flow Uec_125_253 flowId 53 uecSrc 52 finished at 176.963 total messages 1 total packets 490 RTS 0 total bytes 2002140 in_flight now 0 fair_inc 0 prop_inc 83600 fast_inc 36369 eta_inc 8344 multi_dec -0 quick_dec -0 nack_dec -0
Flow Uec_103_231 flowId 78 uecSrc 77 finished at 177.324 total messages 1 total packets 490 RTS 0 total bytes 2002140 in_flight now 0 fair_inc 0 prop_inc 78177 fast_inc 72738 eta_inc 8344 multi_dec -0 quick_dec -0 nack_dec -0
Flow Uec_123_251 flowId 109 uecSrc 108 finished at 177.817 total messages 1 total packets 490 RTS 0 total bytes 2002140 in_flight now 0 fair_inc 0 prop_inc 61480 fast_inc 133353 eta_inc 8344 multi_dec -0 quick_dec -0 nack_dec -0
Flow Uec_127_255 flowId 38 uecSrc 37 finished at 178.306 total messages 1 total packets 490 RTS 0 total bytes 2002140 in_flight now 0 fair_inc 0 prop_inc 70547 fast_inc 84861 eta_inc 8344 multi_dec -0 quick_dec -0 nack_dec -0
Flow Uec_165_37 flowId 162 uecSrc 161 finished at 178.985 total messages 1 total packets 490 RTS 0 total bytes 2002140 in_flight now 0 fair_inc 0 prop_inc 84156 fast_inc 24246 eta_inc 7748 multi_dec -0 quick_dec -0 nack_dec -0
Flow Uec_99_227 flowId 14 uecSrc 13 finished at 179.326 total messages 1 total packets 490 RTS 0 total bytes 2002140 in_flight now 0 fair_inc 0 prop_inc 80213 fast_inc 0 eta_inc 8344 multi_dec -0 quick_dec -0 nack_dec -0
Flow Uec_95_223 flowId 49 uecSrc 48 finished at 179.681 total messages 1 total packets 490 RTS 0 total bytes 2002140 in_flight now 0 fair_inc 0 prop_inc 55464 fast_inc 0 eta_inc 8344 multi_dec -0 quick_dec -0 nack_dec -0
Flow Uec_138_10 flowId 141 uecSrc 140 finished at 181.645 total messages 1 total packets 490 RTS 0 total bytes 2002140 in_flight now 0 fair_inc 0 prop_inc 90487 fast_inc 0 eta_inc 8344 multi_dec -0 quick_dec -0 nack_dec -0
182.415 flowid 149 Spurious 132
183.735 flowid 10 Spurious 139
Flow Uec_15_143 flowId 85 uecSrc 84 finished at 184.131 total messages 1 total packets 490 RTS 0 total bytes 2002140 in_flight now 0 fair_inc 0 prop_inc 58046 fast_inc 0 eta_inc 8344 multi_dec -0 quick_dec -0 nack_dec -0
186.666 flowid 118 Spurious 125
Flow Uec_215_87 flowId 129 uecSrc 128 finished at 188.372 total messages 1 total packets 490 RTS 0 total bytes 2002140 in_flight now 0 fair_inc 0 prop_inc 29894 fast_inc 0 eta_inc 8940 multi_dec -0 quick_dec -0 nack_dec -0
Flow Uec_50_178 flowId 56 uecSrc 55 finished at 192.492 total messages 1 total packets 490 RTS 0 total bytes 2002140 in_flight now 0 fair_inc 0 prop_inc 33229 fast_inc 0 eta_inc 8940 multi_dec -0 quick_dec -0 nack_dec -0
Flow Uec_52_180 flowId 132 uecSrc 131 finished at 192.619 total messages 1 total packets 490 RTS 0 total bytes 2002140 in_flight now 0 fair_inc 2248 prop_inc 20830 fast_inc 0 eta_inc 8940 multi_dec -0 quick_dec -0 nack_dec -0
Flow Uec_18_146 flowId 140 uecSrc 139 finished at 204.173 total messages 1 total packets 490 RTS 0 total bytes 2002140 in_flight now 0 fair_inc 2627 prop_inc 13345 fast_inc 0 eta_inc 9536 multi_dec -0 quick_dec -0 nack_dec -0
206.381 flowid 151 Spurious 188
Flow Uec_31_159 flowId 139 uecSrc 138 finished at 207.39 total messages 1 total packets 490 RTS 0 total bytes 2002140 in_flight now 0 fair_inc 7878 prop_inc 33302 fast_inc 0 eta_inc 9536 multi_dec -0 quick_dec -0 nack_dec -0
Flow Uec_250_122 flowId 107 uecSrc 106 finished at 207.459 total messages 1 total packets 490 RTS 0 total bytes 2002140 in_flight now 0 fair_inc 1504 prop_inc 13995 fast_inc 0 eta_inc 10132 multi_dec -0 quick_dec -0 nack_dec -0
Flow Uec_230_102 flowId 121 uecSrc 120 finished at 207.561 total messages 1 total packets 490 RTS 0 total bytes 2002140 in_flight now 0 fair_inc 9347 prop_inc 12039 fast_inc 0 eta_inc 10132 multi_dec -0 quick_dec -0 nack_dec -0
Flow Uec_58_186 flowId 39 uecSrc 38 finished at 209.995 total messages 1 total packets 490 RTS 0 total bytes 2002140 in_flight now 0 fair_inc 6864 prop_inc 17393 fast_inc 0 eta_inc 10132 multi_dec -0 quick_dec -0 nack_dec -20750
210.371 flowid 2 Spurious 214
210.391 flowid 61 Spurious 210
210.657 flowid 64 Spurious 221
Flow Uec_37_165 flowId 160 uecSrc 159 finished at 210.949 total messages 1 total packets 490 RTS 0 total bytes 2002140 in_flight now 0 fair_inc 14217 prop_inc 19232 fast_inc 0 eta_inc 10132 multi_dec -0 quick_dec -0 nack_dec -0
212.036 flowid 2 Spurious 217
Flow Uec_54_182 flowId 115 uecSrc 114 finished at 212.481 total messages 1 total packets 490 RTS 0 total bytes 2002140 in_flight now 0 fair_inc 4130 prop_inc 9675 fast_inc 0 eta_inc 10132 multi_dec -0 quick_dec -0 nack_dec -0
Flow Uec_29_157 flowId 81 uecSrc 80 finished at 214.99 total messages 1 total packets 490 RTS 0 total bytes 2002140 in_flight now 0 fair_inc 11246 prop_inc 19391 fast_inc 0 eta_inc 10132 multi_dec -272 quick_dec -0 nack_dec -8300
218.401 flowid 2 Spurious 227
220.725 flowid 2 Spurious 234
222.058 flowid 2 Spurious 243
Flow Uec_3_131 flowId 122 uecSrc 121 finished at 225.366 total messages 1 total packets 491 RTS 1 total bytes 2002140 in_flight now 0 fair_inc 5007 prop_inc 8367 fast_inc 0 eta_inc 10728 multi_dec -0 quick_dec -0 nack_dec -0
226.078 flowid 2 Spurious 255
226.41 flowid 2 Spurious 259
228.085 flowid 2 Spurious 265
Flow Uec_117_245 flowId 55 uecSrc 54 finished at 230.408 total messages 1 total packets 490 RTS 0 total bytes 2002140 in_flight now 0 fair_inc 3225 prop_inc 36864 fast_inc 0 eta_inc 10728 multi_dec -29207 quick_dec -0 nack_dec -41500
Flow Uec_7_135 flowId 101 uecSrc 100 finished at 230.854 total messages 1 total packets 490 RTS 0 total bytes 2002140 in_flight now 0 fair_inc 4642 prop_inc 11177 fast_inc 0 eta_inc 11324 multi_dec -31331 quick_dec -0 nack_dec -0
Flow Uec_100_228 flowId 164 uecSrc 163 finished at 231.019 total messages 1 total packets 490 RTS 0 total bytes 2002140 in_flight now 0 fair_inc 4671 prop_inc 59589 fast_inc 0 eta_inc 10728 multi_dec -97670 quick_dec -0 nack_dec -0
Flow Uec_53_181 flowId 54 uecSrc 53 finished at 231.59 total messages 1 total packets 490 RTS 0 total bytes 2002140 in_flight now 0 fair_inc 6043 prop_inc 75345 fast_inc 0 eta_inc 10728 multi_dec -107765 quick_dec -0 nack_dec -0
232.177 flowid 12 Spurious 257
247.335 flowid 2 Spurious 314
247.667 flowid 2 Spurious 315
Flow Uec_43_171 flowId 64 uecSrc 63 finished at 250.475 total messages 1 total packets 491 RTS 1 total bytes 2002140 in_flight now 0 fair_inc 9766 prop_inc 33351 fast_inc 0 eta_inc 11324 multi_dec -0 quick_dec -0 nack_dec -4150
262.65 flowid 119 Spurious 19
Flow Uec_24_152 flowId 151 uecSrc 150 finished at 262.73 total messages 1 total packets 490 RTS 0 total bytes 2002140 in_flight now 0 fair_inc 11600 prop_inc 18890 fast_inc 0 eta_inc 11324 multi_dec -0 quick_dec -0 nack_dec -0
270.58 flowid 19 Spurious 300
277.096 flowid 19 Spurious 294
279.715 flowid 19 Spurious 307
280.716 flowid 19 Spurious 310
286.321 flowid 149 Spurious 406
287.654 flowid 149 Spurious 409
Flow Uec_28_156 flowId 149 uecSrc 148 finished at 288.037 total messages 1 total packets 490 RTS 0 total bytes 2002140 in_flight now 0 fair_inc 8206 prop_inc 25420 fast_inc 0 eta_inc 11920 multi_dec -0 quick_dec -0 nack_dec -0
289.375 flowid 149 Spurious 411
293.743 flowid 32 Spurious 430
Flow Uec_32_160 flowId 32 uecSrc 31 finished at 294.105 total messages 1 total packets 490 RTS 0 total bytes 2002140 in_flight now 0 fair_inc 8210 prop_inc 33540 fast_inc 0 eta_inc 11324 multi_dec -0 quick_dec -0 nack_dec -0
294.417 flowid 32 Spurious 431
295.091 flowid 32 Spurious 432
295.755 flowid 32 Spurious 433
Flow Uec_209_81 flowId 130 uecSrc 129 finished at 298.773 total messages 1 total packets 490 RTS 0 total bytes 2002140 in_flight now 0 fair_inc 1424 prop_inc 30258 fast_inc 0 eta_inc 14304 multi_dec -75630 quick_dec -0 nack_dec -33200
Flow Uec_193_65 flowId 134 uecSrc 133 finished at 298.892 total messages 1 total packets 490 RTS 0 total bytes 2002140 in_flight now 0 fair_inc 4736 prop_inc 30291 fast_inc 0 eta_inc 14304 multi_dec -96834 quick_dec -0 nack_dec -24900
300.828 flowid 32 Spurious 440
305.704 flowid 2 Spurious 448
Flow Uec_36_164 flowId 12 uecSrc 11 finished at 308.229 total messages 1 total packets 493 RTS 3 total bytes 2002140 in_flight now 0 fair_inc 6646 prop_inc 34443 fast_inc 0 eta_inc 13112 multi_dec -0 quick_dec -0 nack_dec -0
313.409 flowid 51 Spurious 489
Flow Uec_210_82 flowId 156 uecSrc 155 finished at 316.252 total messages 1 total packets 490 RTS 0 total bytes 2002140 in_flight now 0 fair_inc 3429 prop_inc 31908 fast_inc 0 eta_inc 14900 multi_dec -79419 quick_dec -0 nack_dec -49800
Flow Uec_30_158 flowId 61 uecSrc 60 finished at 319.101 total messages 1 total packets 491 RTS 1 total bytes 2002140 in_flight now 0 fair_inc 9453 prop_inc 20206 fast_inc 0 eta_inc 13112 multi_dec -0 quick_dec -0 nack_dec -0
Flow Uec_46_174 flowId 181 uecSrc 180 finished at 323.257 total messages 1 total packets 496 RTS 6 total bytes 2002140 in_flight now 0 fair_inc 7125 prop_inc 35347 fast_inc 0 eta_inc 14304 multi_dec -11739 quick_dec -0 nack_dec -0
Flow Uec_191_63 flowId 110 uecSrc 109 finished at 323.756 total messages 1 total packets 490 RTS 0 total bytes 2002140 in_flight now 0 fair_inc 5186 prop_inc 31249 fast_inc 0 eta_inc 15496 multi_dec -79022 quick_dec -0 nack_dec -49800
Flow Uec_21_149 flowId 154 uecSrc 153 finished at 324.328 total messages 1 total packets 495 RTS 5 total bytes 2002140 in_flight now 0 fair_inc 6888 prop_inc 37893 fast_inc 0 eta_inc 13708 multi_dec -0 quick_dec -192209 nack_dec -20750
Flow Uec_34_162 flowId 10 uecSrc 9 finished at 324.334 total messages 1 total packets 494 RTS 4 total bytes 2002140 in_flight now 0 fair_inc 9408 prop_inc 28022 fast_inc 1010 eta_inc 14304 multi_dec -0 quick_dec -159405 nack_dec -4150
Flow Uec_27_155 flowId 2 uecSrc 1 finished at 328.785 total messages 1 total packets 492 RTS 2 total bytes 2002140 in_flight now -64 fair_inc 10695 prop_inc 24531 fast_inc 0 eta_inc 13112 multi_dec -0 quick_dec -0 nack_dec -0
328.847 flowid 118 Spurious 295
329.522 flowid 190 Spurious 340
Flow Uec_14_142 flowId 99 uecSrc 98 finished at 329.993 total messages 1 total packets 497 RTS 7 total bytes 2002140 in_flight now 0 fair_inc 26713 prop_inc 24284 fast_inc 0 eta_inc 15496 multi_dec -0 quick_dec -164893 nack_dec -24900
Flow Uec_111_239 flowId 145 uecSrc 144 finished at 331.203 total messages 1 total packets 490 RTS 0 total bytes 2002140 in_flight now 0 fair_inc 5401 prop_inc 25782 fast_inc 0 eta_inc 16092 multi_dec -73588 quick_dec -0 nack_dec -53950
331.478 flowid 138 Spurious 428
332.162 flowid 138 Spurious 430
334.186 flowid 138 Spurious 435
Flow Uec_73_201 flowId 172 uecSrc 171 finished at 335.336 total messages 1 total packets 490 RTS 0 total bytes 2002140 in_flight now 0 fair_inc 5773 prop_inc 31838 fast_inc 0 eta_inc 16092 multi_dec -112078 quick_dec -0 nack_dec -33200
Flow Uec_44_172 flowId 142 uecSrc 141 finished at 335.392 total messages 1 total packets 501 RTS 11 total bytes 2002140 in_flight now 0 fair_inc 12127 prop_inc 22390 fast_inc 0 eta_inc 15496 multi_dec -18162 quick_dec -0 nack_dec -0
Flow Uec_40_168 flowId 138 uecSrc 137 finished at 335.425 total messages 1 total packets 497 RTS 7 total bytes 2002140 in_flight now 0 fair_inc 10454 prop_inc 35598 fast_inc 0 eta_inc 13708 multi_dec -0 quick_dec -160355 nack_dec -12450
Flow Uec_179_51 flowId 146 uecSrc 145 finished at 340.845 total messages 1 total packets 490 RTS 0 total bytes 2002140 in_flight now 0 fair_inc 3567 prop_inc 44542 fast_inc 5539 eta_inc 16688 multi_dec -111587 quick_dec -0 nack_dec -41500
Flow Uec_143_15 flowId 103 uecSrc 102 finished at 341.155 total messages 1 total packets 490 RTS 0 total bytes 2002140 in_flight now 0 fair_inc 10309 prop_inc 37037 fast_inc 0 eta_inc 16092 multi_dec -110132 quick_dec -0 nack_dec -37350
Flow Uec_142_14 flowId 17 uecSrc 16 finished at 342.232 total messages 1 total packets 490 RTS 0 total bytes 2002140 in_flight now 0 fair_inc 28758 prop_inc 25663 fast_inc 0 eta_inc 16092 multi_dec -94030 quick_dec -0 nack_dec -58100
Flow Uec_232_104 flowId 174 uecSrc 173 finished at 342.293 total messages 1 total packets 490 RTS 0 total bytes 2002140 in_flight now 0 fair_inc 1941 prop_inc 38409 fast_inc 0 eta_inc 16092 multi_dec -65523 quick_dec -0 nack_dec -74700
Flow Uec_89_217 flowId 100 uecSrc 99 finished at 342.72 total messages 1 total packets 490 RTS 0 total bytes 2002140 in_flight now 0 fair_inc 7489 prop_inc 29341 fast_inc 0 eta_inc 15496 multi_dec -69788 quick_dec -0 nack_dec -66400
Flow Uec_136_8 flowId 68 uecSrc 67 finished at 343.107 total messages 1 total packets 490 RTS 0 total bytes 2002140 in_flight now 0 fair_inc 13111 prop_inc 35973 fast_inc 0 eta_inc 15496 multi_dec -117044 quick_dec -0 nack_dec -24900
Flow Uec_48_176 flowId 6 uecSrc 5 finished at 345.516 total messages 1 total packets 493 RTS 3 total bytes 2002140 in_flight now 0 fair_inc 8176 prop_inc 34867 fast_inc 0 eta_inc 13708 multi_dec -0 quick_dec -0 nack_dec -0
Flow Uec_20_148 flowId 76 uecSrc 75 finished at 347.002 total messages 1 total packets 491 RTS 1 total bytes 2002140 in_flight now 0 fair_inc 23649 prop_inc 42971 fast_inc 0 eta_inc 16092 multi_dec -155614 quick_dec -0 nack_dec -8300
Flow Uec_145_17 flowId 80 uecSrc 79 finished at 347.401 total messages 1 total packets 490 RTS 0 total bytes 2002140 in_flight now 0 fair_inc 19088 prop_inc 33944 fast_inc 0 eta_inc 16092 multi_dec -103624 quick_dec -0 nack_dec -45650
Flow Uec_106_234 flowId 36 uecSrc 35 finished at 347.575 total messages 1 total packets 490 RTS 0 total bytes 2002140 in_flight now 0 fair_inc 7323 prop_inc 38262 fast_inc 0 eta_inc 16092 multi_dec -104456 quick_dec -0 nack_dec -45650
Flow Uec_208_80 flowId 3 uecSrc 2 finished at 348.119 total messages 1 total packets 490 RTS 0 total bytes 2002140 in_flight now 0 fair_inc 4456 prop_inc 46665 fast_inc 0 eta_inc 16688 multi_dec -105814 quick_dec -0 nack_dec -45650
Flow Uec_212_84 flowId 1 uecSrc 0 finished at 349.497 total messages 1 total packets 490 RTS 0 total bytes 2002140 in_flight now 0 fair_inc 19879 prop_inc 29323 fast_inc 87363 eta_inc 16092 multi_dec -88500 quick_dec -0 nack_dec -66400
Flow Uec_227_99 flowId 192 uecSrc 191 finished at 350.035 total messages 1 total packets 490 RTS 0 total bytes 2002140 in_flight now 0 fair_inc 4773 prop_inc 35237 fast_inc 0 eta_inc 16688 multi_dec -61343 quick_dec -0 nack_dec -78850
Flow Uec_128_0 flowId 63 uecSrc 62 finished at 351.203 total messages 1 total packets 491 RTS 1 total bytes 2002140 in_flight now 0 fair_inc 2887 prop_inc 58325 fast_inc 0 eta_inc 16092 multi_dec -110524 quick_dec -0 nack_dec -33200
Flow Uec_178_50 flowId 177 uecSrc 176 finished at 353.456 total messages 1 total packets 490 RTS 0 total bytes 2002140 in_flight now 0 fair_inc 6931 prop_inc 53568 fast_inc 97471 eta_inc 16092 multi_dec -118395 quick_dec -0 nack_dec -53950
Flow Uec_135_7 flowId 111 uecSrc 110 finished at 354.471 total messages 1 total packets 490 RTS 0 total bytes 2002140 in_flight now 0 fair_inc 7078 prop_inc 42654 fast_inc 136864 eta_inc 16092 multi_dec -125678 quick_dec -0 nack_dec -49800
Flow Uec_177_49 flowId 180 uecSrc 179 finished at 354.905 total messages 1 total packets 490 RTS 0 total bytes 2002140 in_flight now 0 fair_inc 4143 prop_inc 62400 fast_inc 0 eta_inc 16092 multi_dec -89089 quick_dec -0 nack_dec -66400
Flow Uec_134_6 flowId 72 uecSrc 71 finished at 354.994 total messages 1 total packets 491 RTS 1 total bytes 2002140 in_flight now 0 fair_inc 7825 prop_inc 47989 fast_inc 0 eta_inc 15496 multi_dec -124294 quick_dec -0 nack_dec -29050
Flow Uec_10_138 flowId 165 uecSrc 164 finished at 355.472 total messages 1 total packets 491 RTS 1 total bytes 2002140 in_flight now 0 fair_inc 6566 prop_inc 36310 fast_inc 0 eta_inc 13112 multi_dec -8822 quick_dec -194526 nack_dec -41500
Flow Uec_116_244 flowId 92 uecSrc 91 finished at 358.436 total messages 1 total packets 490 RTS 0 total bytes 2002140 in_flight now 0 fair_inc 4435 prop_inc 19802 fast_inc 0 eta_inc 17284 multi_dec -67312 quick_dec -0 nack_dec -66400
Flow Uec_231_103 flowId 29 uecSrc 28 finished at 361.057 total messages 1 total packets 490 RTS 0 total bytes 2002140 in_flight now 0 fair_inc 3384 prop_inc 41682 fast_inc 0 eta_inc 17284 multi_dec -99011 quick_dec -0 nack_dec -53950
Flow Uec_240_112 flowId 33 uecSrc 32 finished at 362.388 total messages 1 total packets 490 RTS 0 total bytes 2002140 in_flight now 0 fair_inc 2381 prop_inc 45172 fast_inc 0 eta_inc 17284 multi_dec -93516 quick_dec -0 nack_dec -62250
368.85 flowid 19 Spurious 463
Flow Uec_234_106 flowId 69 uecSrc 68 finished at 369.403 total messages 1 total packets 490 RTS 0 total bytes 2002140 in_flight now 0 fair_inc 10097 prop_inc 27846 fast_inc 0 eta_inc 17284 multi_dec -39377 quick_dec -0 nack_dec -103750
Flow Uec_17_145 flowId 184 uecSrc 183 finished at 372.69 total messages 1 total packets 499 RTS 9 total bytes 2002140 in_flight now -64 fair_inc 6392 prop_inc 55603 fast_inc 0 eta_inc 17284 multi_dec -0 quick_dec -0 nack_dec -0
Flow Uec_246_118 flowId 168 uecSrc 167 finished at 377.808 total messages 1 total packets 490 RTS 0 total bytes 2002140 in_flight now 0 fair_inc 22093 prop_inc 45518 fast_inc 0 eta_inc 17880 multi_dec -138714 quick_dec -0 nack_dec -33200
Flow Uec_251_123 flowId 27 uecSrc 26 finished at 383.698 total messages 1 total packets 490 RTS 0 total bytes 2002140 in_flight now 0 fair_inc 19326 prop_inc 47403 fast_inc 0 eta_inc 17880 multi_dec -131877 quick_dec -0 nack_dec -41500
Flow Uec_19_147 flowId 190 uecSrc 189 finished at 385.817 total messages 1 total packets 497 RTS 7 total bytes 2002140 in_flight now 0 fair_inc 11745 prop_inc 36846 fast_inc 0 eta_inc 16688 multi_dec -92091 quick_dec -0 nack_dec -0
Flow Uec_255_127 flowId 175 uecSrc 174 finished at 387.458 total messages 1 total packets 490 RTS 0 total bytes 2002140 in_flight now 0 fair_inc 16525 prop_inc 47570 fast_inc 0 eta_inc 18476 multi_dec -158150 quick_dec -0 nack_dec -20750
389.426 flowid 37 Spurious 488
389.587 flowid 37 Spurious 489
Flow Uec_121_249 flowId 128 uecSrc 127 finished at 394.106 total messages 1 total packets 490 RTS 0 total bytes 2002140 in_flight now 0 fair_inc 9301 prop_inc 61666 fast_inc 0 eta_inc 17880 multi_dec -144367 quick_dec -0 nack_dec -45650
Flow Uec_253_125 flowId 87 uecSrc 86 finished at 394.259 total messages 1 total packets 490 RTS 0 total bytes 2002140 in_flight now 0 fair_inc 15142 prop_inc 49813 fast_inc 0 eta_inc 17880 multi_dec -141398 quick_dec -0 nack_dec -37350
Flow Uec_114_242 flowId 124 uecSrc 123 finished at 395.851 total messages 1 total packets 490 RTS 0 total bytes 2002140 in_flight now 0 fair_inc 5215 prop_inc 48504 fast_inc 2020 eta_inc 19072 multi_dec -27059 quick_dec -0 nack_dec -124500
396.612 flowid 73 Spurious 490
Flow Uec_122_250 flowId 65 uecSrc 64 finished at 396.762 total messages 1 total packets 490 RTS 0 total bytes 2002140 in_flight now 0 fair_inc 8286 prop_inc 62204 fast_inc 0 eta_inc 18476 multi_dec -146549 quick_dec -0 nack_dec -41500
Flow Uec_137_9 flowId 37 uecSrc 36 finished at 398.742 total messages 1 total packets 490 RTS 0 total bytes 2002140 in_flight now 0 fair_inc 10848 prop_inc 26571 fast_inc 0 eta_inc 13708 multi_dec -68951 quick_dec -0 nack_dec -20750
Flow Uec_8_136 flowId 19 uecSrc 18 finished at 412.233 total messages 1 total packets 496 RTS 6 total bytes 2002140 in_flight now 0 fair_inc 8810 prop_inc 60330 fast_inc 2020 eta_inc 16688 multi_dec -0 quick_dec -149926 nack_dec -37350
Flow Uec_49_177 flowId 105 uecSrc 104 finished at 413.201 total messages 1 total packets 490 RTS 0 total bytes 2002140 in_flight now 0 fair_inc 14080 prop_inc 18242 fast_inc 0 eta_inc 19072 multi_dec -32270 quick_dec -0 nack_dec -128650
Flow Uec_45_173 flowId 118 uecSrc 117 finished at 422.363 total messages 1 total packets 494 RTS 4 total bytes 2002140 in_flight now 0 fair_inc 17294 prop_inc 43013 fast_inc 0 eta_inc 18476 multi_dec -132014 quick_dec -0 nack_dec -4150
Flow Uec_252_124 flowId 42 uecSrc 41 finished at 424.528 total messages 1 total packets 490 RTS 0 total bytes 2002140 in_flight now 0 fair_inc 20623 prop_inc 20463 fast_inc 0 eta_inc 19668 multi_dec -23615 quick_dec -0 nack_dec -136950
Flow Uec_115_243 flowId 191 uecSrc 190 finished at 425.141 total messages 1 total packets 490 RTS 0 total bytes 2002140 in_flight now 0 fair_inc 14145 prop_inc 139639 fast_inc 0 eta_inc 19072 multi_dec -191237 quick_dec -0 nack_dec -29050
Flow Uec_47_175 flowId 11 uecSrc 10 finished at 426.652 total messages 1 total packets 492 RTS 2 total bytes 2002140 in_flight now 0 fair_inc 24314 prop_inc 90181 fast_inc 103042 eta_inc 17880 multi_dec -237596 quick_dec -0 nack_dec -0
428.009 flowid 51 Spurious 489
Flow Uec_22_150 flowId 114 uecSrc 113 finished at 439.351 total messages 1 total packets 498 RTS 8 total bytes 2002140 in_flight now 0 fair_inc 11279 prop_inc 98200 fast_inc 0 eta_inc 19072 multi_dec -112597 quick_dec -0 nack_dec -8300
Flow Uec_186_58 flowId 106 uecSrc 105 finished at 454.725 total messages 1 total packets 490 RTS 0 total bytes 2002140 in_flight now 0 fair_inc 12777 prop_inc 23661 fast_inc 0 eta_inc 20860 multi_dec -59808 quick_dec -0 nack_dec -107900
Flow Uec_237_109 flowId 143 uecSrc 142 finished at 460.215 total messages 1 total packets 490 RTS 0 total bytes 2002140 in_flight now 0 fair_inc 28859 prop_inc 18491 fast_inc 0 eta_inc 21456 multi_dec -69966 quick_dec -0 nack_dec -116200
Flow Uec_13_141 flowId 30 uecSrc 29 finished at 463.949 total messages 1 total packets 498 RTS 8 total bytes 2002140 in_flight now 0 fair_inc 37267 prop_inc 72060 fast_inc 0 eta_inc 18476 multi_dec -47094 quick_dec -120053 nack_dec -49800
Flow Uec_168_40 flowId 137 uecSrc 136 finished at 468.017 total messages 1 total packets 492 RTS 2 total bytes 2002140 in_flight now 0 fair_inc 38906 prop_inc 19244 fast_inc 0 eta_inc 21456 multi_dec -12611 quick_dec -0 nack_dec -145250
Flow Uec_235_107 flowId 104 uecSrc 103 finished at 473.02 total messages 1 total packets 490 RTS 0 total bytes 2002140 in_flight now 0 fair_inc 18719 prop_inc 25744 fast_inc 0 eta_inc 22052 multi_dec -35189 quick_dec -0 nack_dec -149400
Flow Uec_239_111 flowId 133 uecSrc 132 finished at 478.385 total messages 1 total packets 490 RTS 0 total bytes 2002140 in_flight now 0 fair_inc 16253 prop_inc 26298 fast_inc 0 eta_inc 22648 multi_dec -51333 quick_dec -0 nack_dec -120350
Flow Uec_68_196 flowId 26 uecSrc 25 finished at 486.149 total messages 1 total packets 490 RTS 0 total bytes 2002140 in_flight now 0 fair_inc 19299 prop_inc 15988 fast_inc 0 eta_inc 22648 multi_dec -78984 quick_dec -0 nack_dec -103750
486.218 flowid 152 Spurious 489
Flow Uec_183_55 flowId 189 uecSrc 188 finished at 487.83 total messages 1 total packets 490 RTS 0 total bytes 2002140 in_flight now 0 fair_inc 58559 prop_inc 14256 fast_inc 0 eta_inc 22648 multi_dec -114037 quick_dec -0 nack_dec -112050
488.554 flowid 152 Spurious 486
488.886 flowid 152 Spurious 487
489.539 flowid 152 Spurious 488
Flow Uec_182_54 flowId 82 uecSrc 81 finished at 490.496 total messages 1 total packets 490 RTS 0 total bytes 2002140 in_flight now 0 fair_inc 33645 prop_inc 15958 fast_inc 0 eta_inc 22648 multi_dec -134969 quick_dec -0 nack_dec -70550
Flow Uec_196_68 flowId 95 uecSrc 94 finished at 491.443 total messages 1 total packets 490 RTS 0 total bytes 2002140 in_flight now 0 fair_inc 14449 prop_inc 17994 fast_inc 0 eta_inc 23244 multi_dec -96070 quick_dec -0 nack_dec -91300
Flow Uec_64_192 flowId 171 uecSrc 170 finished at 495.432 total messages 1 total packets 490 RTS 0 total bytes 2002140 in_flight now 0 fair_inc 10448 prop_inc 53023 fast_inc 0 eta_inc 22648 multi_dec -84404 quick_dec -0 nack_dec -91300
Flow Uec_71_199 flowId 185 uecSrc 184 finished at 498.295 total messages 1 total packets 490 RTS 0 total bytes 2002140 in_flight now 0 fair_inc 10427 prop_inc 20846 fast_inc 0 eta_inc 22648 multi_dec -62437 quick_dec -0 nack_dec -112050
Flow Uec_218_90 flowId 159 uecSrc 158 finished at 505.013 total messages 1 total packets 490 RTS 0 total bytes 2002140 in_flight now 0 fair_inc 22999 prop_inc 17858 fast_inc 0 eta_inc 23840 multi_dec -64589 quick_dec -0 nack_dec -120350
Flow Uec_91_219 flowId 113 uecSrc 112 finished at 507.175 total messages 1 total packets 490 RTS 0 total bytes 2002140 in_flight now 0 fair_inc 22194 prop_inc 20262 fast_inc 0 eta_inc 23244 multi_dec -88206 quick_dec -0 nack_dec -99600
Flow Uec_228_100 flowId 58 uecSrc 57 finished at 510.943 total messages 1 total packets 490 RTS 0 total bytes 2002140 in_flight now 0 fair_inc 18380 prop_inc 54317 fast_inc 0 eta_inc 23840 multi_dec -81077 quick_dec -0 nack_dec -116200
511.212 flowid 73 Spurious 490
Flow Uec_160_32 flowId 8 uecSrc 7 finished at 511.581 total messages 1 total packets 490 RTS 0 total bytes 2002140 in_flight now 0 fair_inc 31497 prop_inc 8722 fast_inc 0 eta_inc 23840 multi_dec -31130 quick_dec -0 nack_dec -145250
Flow Uec_25_153 flowId 44 uecSrc 43 finished at 512.956 total messages 1 total packets 492 RTS 2 total bytes 2002140 in_flight now 0 fair_inc 7816 prop_inc 125032 fast_inc 13133 eta_inc 21456 multi_dec -227813 quick_dec --1309 nack_dec -4150
Flow Uec_66_194 flowId 28 uecSrc 27 finished at 513.823 total messages 1 total packets 490 RTS 0 total bytes 2002140 in_flight now 0 fair_inc 19347 prop_inc 52916 fast_inc 4530 eta_inc 23244 multi_dec -105467 quick_dec -0 nack_dec -91300
Flow Uec_90_218 flowId 147 uecSrc 146 finished at 514.525 total messages 1 total packets 490 RTS 0 total bytes 2002140 in_flight now 0 fair_inc 27235 prop_inc 5081 fast_inc 0 eta_inc 23840 multi_dec -24882 quick_dec -0 nack_dec -145250
Flow Uec_185_57 flowId 73 uecSrc 72 finished at 516.237 total messages 1 total packets 491 RTS 1 total bytes 2002140 in_flight now 0 fair_inc 7768 prop_inc 23863 fast_inc 0 eta_inc 13112 multi_dec -44977 quick_dec -128104 nack_dec -24900
Flow Uec_213_85 flowId 67 uecSrc 66 finished at 516.778 total messages 1 total packets 490 RTS 0 total bytes 2002140 in_flight now 0 fair_inc 20782 prop_inc 24540 fast_inc 0 eta_inc 23840 multi_dec -75622 quick_dec -0 nack_dec -112050
Flow Uec_188_60 flowId 40 uecSrc 39 finished at 517.384 total messages 1 total packets 490 RTS 0 total bytes 2002140 in_flight now 0 fair_inc 51556 prop_inc 29047 fast_inc 0 eta_inc 23840 multi_dec -98986 quick_dec -0 nack_dec -124500
Flow Uec_80_208 flowId 75 uecSrc 74 finished at 518.511 total messages 1 total packets 490 RTS 0 total bytes 2002140 in_flight now 0 fair_inc 17891 prop_inc 7610 fast_inc 0 eta_inc 24436 multi_dec -20444 quick_dec -0 nack_dec -145250
Flow Uec_67_195 flowId 41 uecSrc 40 finished at 518.726 total messages 1 total packets 490 RTS 0 total bytes 2002140 in_flight now 0 fair_inc 34674 prop_inc 22011 fast_inc 0 eta_inc 23840 multi_dec -89249 quick_dec -0 nack_dec -103750
Flow Uec_180_52 flowId 7 uecSrc 6 finished at 522.566 total messages 1 total packets 490 RTS 0 total bytes 2002140 in_flight now 0 fair_inc 20818 prop_inc 30897 fast_inc 106070 eta_inc 21456 multi_dec -118182 quick_dec -0 nack_dec -78850
Flow Uec_156_28 flowId 52 uecSrc 51 finished at 522.79 total messages 1 total packets 490 RTS 0 total bytes 2002140 in_flight now 0 fair_inc 31882 prop_inc 8141 fast_inc 0 eta_inc 23244 multi_dec -56801 quick_dec -0 nack_dec -153550
Flow Uec_63_191 flowId 183 uecSrc 182 finished at 523.566 total messages 1 total packets 490 RTS 0 total bytes 2002140 in_flight now 0 fair_inc 12733 prop_inc 23463 fast_inc 0 eta_inc 23244 multi_dec -65870 quick_dec -0 nack_dec -116200
Flow Uec_60_188 flowId 15 uecSrc 14 finished at 527.047 total messages 1 total packets 490 RTS 0 total bytes 2002140 in_flight now 0 fair_inc 32549 prop_inc 25126 fast_inc 0 eta_inc 24436 multi_dec -96835 quick_dec -0 nack_dec -107900
Flow Uec_94_222 flowId 83 uecSrc 82 finished at 532.036 total messages 1 total packets 490 RTS 0 total bytes 2002140 in_flight now 0 fair_inc 34321 prop_inc 8295 fast_inc 0 eta_inc 24436 multi_dec -20744 quick_dec -0 nack_dec -157700
536.295 flowid 43 Spurious 492
Flow Uec_152_24 flowId 127 uecSrc 126 finished at 537.405 total messages 1 total packets 490 RTS 0 total bytes 2002140 in_flight now 0 fair_inc 43117 prop_inc 16675 fast_inc 0 eta_inc 24436 multi_dec -89469 quick_dec -0 nack_dec -132800
Flow Uec_146_18 flowId 125 uecSrc 124 finished at 539.805 total messages 1 total packets 490 RTS 0 total bytes 2002140 in_flight now 0 fair_inc 25006 prop_inc 6878 fast_inc 0 eta_inc 25032 multi_dec -49862 quick_dec -0 nack_dec -124500
Flow Uec_248_120 flowId 57 uecSrc 56 finished at 541.956 total messages 1 total packets 490 RTS 0 total bytes 2002140 in_flight now 0 fair_inc 36036 prop_inc 51456 fast_inc 0 eta_inc 23840 multi_dec -89528 quick_dec -0 nack_dec -107900
542.609 flowid 51 Spurious 489
Flow Uec_190_62 flowId 43 uecSrc 42 finished at 542.66 total messages 1 total packets 493 RTS 3 total bytes 2002140 in_flight now 0 fair_inc 6303 prop_inc 8319 fast_inc 0 eta_inc 19072 multi_dec -0 quick_dec -117652 nack_dec -62250
Flow Uec_238_110 flowId 150 uecSrc 149 finished at 547.037 total messages 1 total packets 490 RTS 0 total bytes 2002140 in_flight now 0 fair_inc 32909 prop_inc 46469 fast_inc 0 eta_inc 24436 multi_dec -125465 quick_dec -0 nack_dec -78850
Flow Uec_245_117 flowId 50 uecSrc 49 finished at 556.458 total messages 1 total packets 490 RTS 0 total bytes 2002140 in_flight now 0 fair_inc 26514 prop_inc 62992 fast_inc 0 eta_inc 20264 multi_dec -125583 quick_dec -0 nack_dec -87150
Flow Uec_69_197 flowId 22 uecSrc 21 finished at 557.014 total messages 1 total packets 490 RTS 0 total bytes 2002140 in_flight now 0 fair_inc 27679 prop_inc 18401 fast_inc 0 eta_inc 25032 multi_dec -23052 quick_dec -0 nack_dec -161850
Flow Uec_173_45 flowId 161 uecSrc 160 finished at 558.232 total messages 1 total packets 490 RTS 0 total bytes 2002140 in_flight now 0 fair_inc 50784 prop_inc 13427 fast_inc 0 eta_inc 23840 multi_dec -140580 quick_dec -0 nack_dec -99600
Flow Uec_159_31 flowId 135 uecSrc 134 finished at 564.96 total messages 1 total packets 490 RTS 0 total bytes 2002140 in_flight now 0 fair_inc 48072 prop_inc 11462 fast_inc 0 eta_inc 25628 multi_dec -50366 quick_dec -0 nack_dec -153550
Flow Uec_229_101 flowId 71 uecSrc 70 finished at 572.271 total messages 1 total packets 490 RTS 0 total bytes 2002140 in_flight now 0 fair_inc 33749 prop_inc 73351 fast_inc 41417 eta_inc 22052 multi_dec -128742 quick_dec -0 nack_dec -99600
Flow Uec_226_98 flowId 86 uecSrc 85 finished at 575.471 total messages 1 total packets 490 RTS 0 total bytes 2002140 in_flight now 0 fair_inc 18871 prop_inc 85031 fast_inc 0 eta_inc 23244 multi_dec -105946 quick_dec -0 nack_dec -112050
Flow Uec_0_128 flowId 16 uecSrc 15 finished at 577.094 total messages 1 total packets 504 RTS 14 total bytes 2002140 in_flight now 0 fair_inc 5358 prop_inc 116916 fast_inc 6060 eta_inc 24436 multi_dec -0 quick_dec -79727 nack_dec -16600
Flow Uec_244_116 flowId 155 uecSrc 154 finished at 577.832 total messages 1 total packets 490 RTS 0 total bytes 2002140 in_flight now 0 fair_inc 42299 prop_inc 58780 fast_inc 0 eta_inc 26224 multi_dec -103900 quick_dec -0 nack_dec -107900
Flow Uec_107_235 flowId 79 uecSrc 78 finished at 582.811 total messages 1 total packets 490 RTS 0 total bytes 2002140 in_flight now 0 fair_inc 29307 prop_inc 11154 fast_inc 0 eta_inc 26224 multi_dec -72278 quick_dec -0 nack_dec -132800
Flow Uec_162_34 flowId 187 uecSrc 186 finished at 593.673 total messages 1 total packets 490 RTS 0 total bytes 2002140 in_flight now 0 fair_inc 28715 prop_inc 22852 fast_inc 0 eta_inc 26820 multi_dec -115910 quick_dec -0 nack_dec -99600
Flow Uec_118_246 flowId 24 uecSrc 23 finished at 600.267 total messages 1 total packets 490 RTS 0 total bytes 2002140 in_flight now 0 fair_inc 13604 prop_inc 15167 fast_inc 351037 eta_inc 23244 multi_dec -126365 quick_dec -577 nack_dec -120350
Flow Uec_155_27 flowId 182 uecSrc 181 finished at 609.044 total messages 1 total packets 491 RTS 1 total bytes 2002140 in_flight now 0 fair_inc 39992 prop_inc 34680 fast_inc 0 eta_inc 26224 multi_dec -100949 quick_dec -0 nack_dec -107900
Flow Uec_200_72 flowId 60 uecSrc 59 finished at 614.558 total messages 1 total packets 490 RTS 0 total bytes 2002140 in_flight now 0 fair_inc 45553 prop_inc 5701 fast_inc 0 eta_inc 26820 multi_dec -67580 quick_dec -0 nack_dec -141100
Flow Uec_147_19 flowId 77 uecSrc 76 finished at 618.639 total messages 1 total packets 491 RTS 1 total bytes 2002140 in_flight now 0 fair_inc 35775 prop_inc 38519 fast_inc 0 eta_inc 26224 multi_dec -96463 quick_dec -0 nack_dec -120350
Flow Uec_109_237 flowId 157 uecSrc 156 finished at 626.967 total messages 1 total packets 490 RTS 0 total bytes 2002140 in_flight now 0 fair_inc 37857 prop_inc 17317 fast_inc 0 eta_inc 28012 multi_dec -105444 quick_dec -0 nack_dec -116200
Flow Uec_214_86 flowId 25 uecSrc 24 finished at 631.731 total messages 1 total packets 490 RTS 0 total bytes 2002140 in_flight now 0 fair_inc 32574 prop_inc 6168 fast_inc 0 eta_inc 26224 multi_dec -55960 quick_dec -0 nack_dec -149400
Flow Uec_6_134 flowId 152 uecSrc 151 finished at 632.272 total messages 1 total packets 502 RTS 12 total bytes 2002140 in_flight now -64 fair_inc 7612 prop_inc 107339 fast_inc 1010 eta_inc 21456 multi_dec -0 quick_dec -102163 nack_dec -33200
Flow Uec_87_215 flowId 66 uecSrc 65 finished at 635.713 total messages 1 total packets 490 RTS 0 total bytes 2002140 in_flight now 0 fair_inc 12083 prop_inc 60290 fast_inc 27272 eta_inc 28012 multi_dec -101436 quick_dec -0 nack_dec -112050
Flow Uec_11_139 flowId 148 uecSrc 147 finished at 636.246 total messages 1 total packets 504 RTS 14 total bytes 2002140 in_flight now -64 fair_inc 6402 prop_inc 82373 fast_inc 0 eta_inc 24436 multi_dec -51280 quick_dec -68581 nack_dec -12450
Flow Uec_104_232 flowId 93 uecSrc 92 finished at 638.415 total messages 1 total packets 490 RTS 0 total bytes 2002140 in_flight now 0 fair_inc 32223 prop_inc 24992 fast_inc 0 eta_inc 29204 multi_dec -67670 quick_dec -0 nack_dec -136950
Flow Uec_216_88 flowId 188 uecSrc 187 finished at 639.728 total messages 1 total packets 490 RTS 0 total bytes 2002140 in_flight now 0 fair_inc 39251 prop_inc 1867 fast_inc 0 eta_inc 28608 multi_dec -62761 quick_dec -0 nack_dec -166000
Flow Uec_153_25 flowId 9 uecSrc 8 finished at 644.452 total messages 1 total packets 491 RTS 1 total bytes 2002140 in_flight now 0 fair_inc 47700 prop_inc 24084 fast_inc 0 eta_inc 24436 multi_dec -119769 quick_dec -0 nack_dec -116200
Flow Uec_74_202 flowId 4 uecSrc 3 finished at 645.277 total messages 1 total packets 490 RTS 0 total bytes 2002140 in_flight now 0 fair_inc 30057 prop_inc 60642 fast_inc 0 eta_inc 28012 multi_dec -91743 quick_dec -0 nack_dec -132800
Flow Uec_167_39 flowId 136 uecSrc 135 finished at 646.948 total messages 1 total packets 490 RTS 0 total bytes 2002140 in_flight now 0 fair_inc 22799 prop_inc 37273 fast_inc 0 eta_inc 28608 multi_dec -90231 quick_dec -0 nack_dec -124500
Flow Uec_204_76 flowId 48 uecSrc 47 finished at 651.877 total messages 1 total packets 490 RTS 0 total bytes 2002140 in_flight now 0 fair_inc 53525 prop_inc 2039 fast_inc 0 eta_inc 29800 multi_dec -53601 quick_dec -0 nack_dec -170150
Flow Uec_170_42 flowId 91 uecSrc 90 finished at 655.28 total messages 1 total packets 491 RTS 1 total bytes 2002140 in_flight now 0 fair_inc 36601 prop_inc 53491 fast_inc 0 eta_inc 25628 multi_dec -101824 quick_dec -0 nack_dec -124500
657.209 flowid 51 Spurious 489
Flow Uec_148_20 flowId 62 uecSrc 61 finished at 661.996 total messages 1 total packets 490 RTS 0 total bytes 2002140 in_flight now 0 fair_inc 38013 prop_inc 64582 fast_inc 0 eta_inc 28012 multi_dec -92370 quick_dec -0 nack_dec -141100
Flow Uec_189_61 flowId 51 uecSrc 50 finished at 663.449 total messages 1 total packets 490 RTS 0 total bytes 2002140 in_flight now 0 fair_inc 0 prop_inc 10485 fast_inc 445009 eta_inc 8940 multi_dec -0 quick_dec -0 nack_dec -0
Flow Uec_157_29 flowId 23 uecSrc 22 finished at 667.038 total messages 1 total packets 490 RTS 0 total bytes 2002140 in_flight now 0 fair_inc 23321 prop_inc 61869 fast_inc 0 eta_inc 23840 multi_dec -103347 quick_dec -0 nack_dec -120350
Flow Uec_154_26 flowId 59 uecSrc 58 finished at 667.531 total messages 1 total packets 491 RTS 1 total bytes 2002140 in_flight now 0 fair_inc 53692 prop_inc 54507 fast_inc 0 eta_inc 25628 multi_dec -147905 quick_dec -0 nack_dec -91300
Flow Uec_207_79 flowId 112 uecSrc 111 finished at 674.923 total messages 1 total packets 490 RTS 0 total bytes 2002140 in_flight now 0 fair_inc 26494 prop_inc 37207 fast_inc 0 eta_inc 30396 multi_dec -108251 quick_dec -0 nack_dec -112050
Flow Uec_221_93 flowId 98 uecSrc 97 finished at 678.595 total messages 1 total packets 490 RTS 0 total bytes 2002140 in_flight now 0 fair_inc 34611 prop_inc 37365 fast_inc 0 eta_inc 25628 multi_dec -89368 quick_dec -0 nack_dec -132800
Flow Uec_163_35 flowId 34 uecSrc 33 finished at 681.844 total messages 1 total packets 491 RTS 1 total bytes 2002140 in_flight now 0 fair_inc 33191 prop_inc 57944 fast_inc 0 eta_inc 29800 multi_dec -113421 quick_dec -0 nack_dec -116200
Flow Uec_174_46 flowId 94 uecSrc 93 finished at 682.142 total messages 1 total packets 492 RTS 2 total bytes 2002140 in_flight now 0 fair_inc 30100 prop_inc 70390 fast_inc 0 eta_inc 29204 multi_dec -129835 quick_dec -0 nack_dec -107900
Flow Uec_175_47 flowId 173 uecSrc 172 finished at 688.687 total messages 1 total packets 493 RTS 3 total bytes 2002140 in_flight now 0 fair_inc 30144 prop_inc 76697 fast_inc 0 eta_inc 30396 multi_dec -126240 quick_dec -0 nack_dec -107900
Flow Uec_70_198 flowId 178 uecSrc 177 finished at 689.123 total messages 1 total packets 490 RTS 0 total bytes 2002140 in_flight now 0 fair_inc 46428 prop_inc 70383 fast_inc 79286 eta_inc 25032 multi_dec -136653 quick_dec -4035 nack_dec -103750
Flow Uec_75_203 flowId 123 uecSrc 122 finished at 694.561 total messages 1 total packets 490 RTS 0 total bytes 2002140 in_flight now 0 fair_inc 31495 prop_inc 2344 fast_inc 0 eta_inc 27416 multi_dec -65934 quick_dec -0 nack_dec -153550
Flow Uec_98_226 flowId 70 uecSrc 69 finished at 698.187 total messages 1 total packets 490 RTS 0 total bytes 2002140 in_flight now 0 fair_inc 42001 prop_inc 32859 fast_inc 91406 eta_inc 31588 multi_dec -105400 quick_dec -0 nack_dec -145250
Flow Uec_93_221 flowId 88 uecSrc 87 finished at 706.347 total messages 1 total packets 490 RTS 0 total bytes 2002140 in_flight now 0 fair_inc 42888 prop_inc 3542 fast_inc 0 eta_inc 28608 multi_dec -57751 quick_dec -0 nack_dec -174300
Flow Uec_166_38 flowId 116 uecSrc 115 finished at 712.773 total messages 1 total packets 490 RTS 0 total bytes 2002140 in_flight now 0 fair_inc 37280 prop_inc 38596 fast_inc 0 eta_inc 29800 multi_dec -15005 quick_dec -18743 nack_dec -178450
Flow Uec_88_216 flowId 31 uecSrc 30 finished at 715.695 total messages 1 total packets 490 RTS 0 total bytes 2002140 in_flight now 0 fair_inc 26513 prop_inc 105724 fast_inc 0 eta_inc 30396 multi_dec -121070 quick_dec -0 nack_dec -124500
Flow Uec_197_69 flowId 186 uecSrc 185 finished at 717.662 total messages 1 total packets 490 RTS 0 total bytes 2002140 in_flight now 0 fair_inc 61752 prop_inc 1039 fast_inc 0 eta_inc 30992 multi_dec -83656 quick_dec -0 nack_dec -170150
734.176 flowid 18 Spurious 487
734.84 flowid 18 Spurious 488
735.504 flowid 18 Spurious 489
736.168 flowid 18 Spurious 490
736.328 flowid 18 Spurious 491
Flow Uec_139_11 flowId 18 uecSrc 17 finished at 741.354 total messages 1 total packets 492 RTS 2 total bytes 2002140 in_flight now 0 fair_inc 14485 prop_inc 25485 fast_inc 0 eta_inc 29204 multi_dec -11365 quick_dec -0 nack_dec -153550
Flow Uec_131_3 flowId 120 uecSrc 119 finished at 755.952 total messages 1 total packets 492 RTS 2 total bytes 2002140 in_flight now 0 fair_inc 55362 prop_inc 42550 fast_inc 0 eta_inc 29204 multi_dec -108849 quick_dec -0 nack_dec -128650
Flow Uec_129_1 flowId 176 uecSrc 175 finished at 766.908 total messages 1 total packets 490 RTS 0 total bytes 2002140 in_flight now 0 fair_inc 42658 prop_inc 47933 fast_inc 0 eta_inc 33972 multi_dec -90765 quick_dec -0 nack_dec -145250
Flow Uec_205_77 flowId 5 uecSrc 4 finished at 772.246 total messages 1 total packets 490 RTS 0 total bytes 2002140 in_flight now 0 fair_inc 61092 prop_inc 8967 fast_inc 0 eta_inc 30396 multi_dec -71320 quick_dec -0 nack_dec -166000
Flow Uec_211_83 flowId 74 uecSrc 73 finished at 784.735 total messages 1 total packets 490 RTS 0 total bytes 2002140 in_flight now 0 fair_inc 48742 prop_inc 10447 fast_inc 0 eta_inc 32184 multi_dec -31930 quick_dec -14585 nack_dec -182600
Flow Uec_86_214 flowId 117 uecSrc 116 finished at 813.412 total messages 1 total packets 490 RTS 0 total bytes 2002140 in_flight now 0 fair_inc 47115 prop_inc 8180 fast_inc 0 eta_inc 29204 multi_dec -82891 quick_dec -0 nack_dec -157700
Flow Uec_79_207 flowId 90 uecSrc 89 finished at 816.218 total messages 1 total packets 490 RTS 0 total bytes 2002140 in_flight now 0 fair_inc 57150 prop_inc 11187 fast_inc 0 eta_inc 31588 multi_dec -114495 quick_dec -0 nack_dec -136950
Flow Uec_78_206 flowId 153 uecSrc 152 finished at 819.71 total messages 1 total packets 490 RTS 0 total bytes 2002140 in_flight now 0 fair_inc 84265 prop_inc 8650 fast_inc 0 eta_inc 30396 multi_dec -131632 quick_dec -0 nack_dec -136950
Flow Uec_176_48 flowId 89 uecSrc 88 finished at 831.789 total messages 1 total packets 491 RTS 1 total bytes 2002140 in_flight now 0 fair_inc 25298 prop_inc 53474 fast_inc 0 eta_inc 29204 multi_dec -121393 quick_dec -6727 nack_dec -91300
Flow Uec_150_22 flowId 119 uecSrc 118 finished at 834.274 total messages 1 total packets 490 RTS 0 total bytes 2002140 in_flight now 0 fair_inc 33867 prop_inc 53420 fast_inc 0 eta_inc 21456 multi_dec -0 quick_dec -50743 nack_dec -161850
Flow Uec_85_213 flowId 35 uecSrc 34 finished at 864.299 total messages 1 total packets 490 RTS 0 total bytes 2002140 in_flight now 0 fair_inc 38896 prop_inc 26705 fast_inc 40895 eta_inc 36356 multi_dec -92375 quick_dec -0 nack_dec -153550
Flow Uec_130_2 flowId 96 uecSrc 95 finished at 885.097 total messages 1 total packets 491 RTS 1 total bytes 2002140 in_flight now 0 fair_inc 21318 prop_inc 105581 fast_inc 0 eta_inc 32780 multi_dec -65299 quick_dec -13433 nack_dec -157700
Flow Uec_217_89 flowId 21 uecSrc 20 finished at 906.373 total messages 1 total packets 490 RTS 0 total bytes 2002140 in_flight now 0 fair_inc 33416 prop_inc 26376 fast_inc 0 eta_inc 34568 multi_dec -48556 quick_dec -59043 nack_dec -166000
Flow Uec_81_209 flowId 84 uecSrc 83 finished at 910.372 total messages 1 total packets 490 RTS 0 total bytes 2002140 in_flight now 0 fair_inc 60057 prop_inc 6702 fast_inc 0 eta_inc 33972 multi_dec -81212 quick_dec -0 nack_dec -178450
Flow Uec_97_225 flowId 126 uecSrc 125 finished at 937.025 total messages 1 total packets 490 RTS 0 total bytes 2002140 in_flight now 0 fair_inc 72292 prop_inc 9609 fast_inc 0 eta_inc 29204 multi_dec -138717 quick_dec -0 nack_dec -132800
Flow Uec_220_92 flowId 158 uecSrc 157 finished at 958.133 total messages 1 total packets 490 RTS 0 total bytes 2002140 in_flight now 0 fair_inc 62793 prop_inc 49256 fast_inc 0 eta_inc 32780 multi_dec -149193 quick_dec --800 nack_dec -120350
Flow Uec_83_211 flowId 102 uecSrc 101 finished at 967.243 total messages 1 total packets 490 RTS 0 total bytes 2002140 in_flight now 0 fair_inc 64834 prop_inc 17489 fast_inc 0 eta_inc 28608 multi_dec -66011 quick_dec -16947 nack_dec -182600
Flow Uec_219_91 flowId 97 uecSrc 96 finished at 986.036 total messages 1 total packets 490 RTS 0 total bytes 2002140 in_flight now 0 fair_inc 51930 prop_inc 32899 fast_inc 0 eta_inc 28608 multi_dec -49844 quick_dec -90027 nack_dec -145250
Flow Uec_92_220 flowId 131 uecSrc 130 finished at 986.716 total messages 1 total packets 490 RTS 0 total bytes 2002140 in_flight now 0 fair_inc 62769 prop_inc 27339 fast_inc 0 eta_inc 36952 multi_dec -119686 quick_dec -0 nack_dec -157700
Flow Uec_222_94 flowId 20 uecSrc 19 finished at 991.399 total messages 1 total packets 490 RTS 0 total bytes 2002140 in_flight now 0 fair_inc 58565 prop_inc 63799 fast_inc 0 eta_inc 32780 multi_dec -144241 quick_dec -372 nack_dec -128650
Flow Uec_223_95 flowId 47 uecSrc 46 finished at 993.832 total messages 1 total packets 490 RTS 0 total bytes 2002140 in_flight now 0 fair_inc 24542 prop_inc 45443 fast_inc 0 eta_inc 31588 multi_dec -26472 quick_dec -76891 nack_dec -149400
Flow Uec_225_97 flowId 166 uecSrc 165 finished at 1005.55 total messages 1 total packets 490 RTS 0 total bytes 2002140 in_flight now 0 fair_inc 50970 prop_inc 43268 fast_inc 0 eta_inc 34568 multi_dec -159961 quick_dec -3357 nack_dec -116200
Flow Uec_4_132 flowId 170 uecSrc 169 finished at 1009 total messages 1 total packets 514 RTS 24 total bytes 2002140 in_flight now -256 fair_inc 11264 prop_inc 112221 fast_inc 0 eta_inc 32184 multi_dec -0 quick_dec -40077 nack_dec -37350
Flow Uec_82_210 flowId 46 uecSrc 45 finished at 1016.39 total messages 1 total packets 490 RTS 0 total bytes 2002140 in_flight now 0 fair_inc 37816 prop_inc 42447 fast_inc 41908 eta_inc 32780 multi_dec -39957 quick_dec -78030 nack_dec -153550
Flow Uec_9_137 flowId 167 uecSrc 166 finished at 1026.63 total messages 1 total packets 522 RTS 32 total bytes 2002140 in_flight now -192 fair_inc 8767 prop_inc 143382 fast_inc 0 eta_inc 36356 multi_dec -24916 quick_dec -36267 nack_dec -24900
Flow Uec_224_96 flowId 13 uecSrc 12 finished at 1028.94 total messages 1 total packets 490 RTS 0 total bytes 2002140 in_flight now 0 fair_inc 51857 prop_inc 66314 fast_inc 43924 eta_inc 38740 multi_dec -83877 quick_dec -71493 nack_dec -182600
12560.2 flowid 169 Spurious 215
14216.4 flowid 45 Spurious 222
16072.9 flowid 169 Spurious 274
19755.8 flowid 169 Spurious 339
29060.8 flowid 169 Spurious 518
34212.6 flowid 45 Spurious 649
Flow Uec_62_190 flowId 169 uecSrc 168 finished at 34483.5 total messages 1 total packets 602 RTS 112 total bytes 2002140 in_flight now -4224 fair_inc 0 prop_inc 882620 fast_inc 0 eta_inc 247340 multi_dec -0 quick_dec -190055 nack_dec -24900
Flow Uec_61_189 flowId 45 uecSrc 44 finished at 34596.6 total messages 1 total packets 660 RTS 170 total bytes 2002140 in_flight now -4800 fair_inc 16827 prop_inc 300336 fast_inc 3030 eta_inc 283696 multi_dec -4249 quick_dec -177292 nack_dec -24900
.Flow Uec_56_184 flowId 108 uecSrc 107 finished at 61150.1 total messages 1 total packets 658 RTS 168 total bytes 2002140 in_flight now -7488 fair_inc 0 prop_inc 841442 fast_inc 54589 eta_inc 257472 multi_dec -0 quick_dec -157451 nack_dec -33200
Done
New: 94080 Rtx: 7422 RTS: 670 Bounced: 0 ACKs: 74007 NACKs: 3502 Pulls: 0 sleek_pkts: 0
