traffic matrix input file: connection_matrices/load_sweep/load0.75_n256_seed2.cm
Load balancing algorithm set to reps
no_of_nodes 256
Dragonfly+ strategy: FPAR
Setting queuesize to 50 packets
endtime(us) 100000
random seed 2
Packet size (MTU) is 4150
Parsed args
Logging to reps_dfp_results/reps_final_sweep/load0.75_reps_seed2.dat
Loading connection matrix from connection_matrices/load_sweep/load0.75_n256_seed2.cm
Nodes: 256 Connections: 192 Triggers: 0 Failures: 0
Setting ECN low 33200 high 120350
Dragonfly+ with medium topology type
Link latencies: 1 and switch latencies: 0
queue_id 2 ecn_low 33200 ecn_high 120350
DragonFly+ constructor done, 392 nodes created
Note: topology supports 392 hosts; 136 host port(s) will be unused.
network_max_unloaded_rtt 11.6856 us
Setting min RTO to 114.6
Per-hop RTT normalization: ON (strategy fpar)
Initializing static NSCC parameters: _reference_network_linkspeed=100000000000 _reference_network_rtt=12000000 _reference_network_bdp=150000 _target_Qdelay=8764200 _network_linkspeed=100000000000 _network_rtt=11685600 _network_bdp=146070 _qa_gate=2^3 _qa_threshold=3.50568e+07 _scaling_factor_a=0.9738 _scaling_factor_b=0.73035 _alpha=0.00132632 _fi=19894.7 _eta=596.842 _qa_scaling=1 _gamma=0.8 _fi_scale=0.24345 _delay_alpha=0.0125 _adjust_period_threshold=11685600 _adjust_bytes_threshold=33200
Initialize per-instance NSCC parameters: flowid 1 _base_rtt=11685600 _base_bdp=146070 _bdp=146070 _min_cwnd=4150 _maxwnd=219105 _cwnd=219105
Initialize per-instance NSCC parameters: flowid 2 _base_rtt=11685600 _base_bdp=146070 _bdp=146070 _min_cwnd=4150 _maxwnd=219105 _cwnd=219105
Initialize per-instance NSCC parameters: flowid 3 _base_rtt=11685600 _base_bdp=146070 _bdp=146070 _min_cwnd=4150 _maxwnd=219105 _cwnd=219105
Initialize per-instance NSCC parameters: flowid 4 _base_rtt=11685600 _base_bdp=146070 _bdp=146070 _min_cwnd=4150 _maxwnd=219105 _cwnd=219105
Initialize per-instance NSCC parameters: flowid 5 _base_rtt=11685600 _base_bdp=146070 _bdp=146070 _min_cwnd=4150 _maxwnd=219105 _cwnd=219105
Initialize per-instance NSCC parameters: flowid 6 _base_rtt=11685600 _base_bdp=146070 _bdp=146070 _min_cwnd=4150 _maxwnd=219105 _cwnd=219105
Initialize per-instance NSCC parameters: flowid 7 _base_rtt=11685600 _base_bdp=146070 _bdp=146070 _min_cwnd=4150 _maxwnd=219105 _cwnd=219105
Initialize per-instance NSCC parameters: flowid 8 _base_rtt=11685600 _base_bdp=146070 _bdp=146070 _min_cwnd=4150 _maxwnd=219105 _cwnd=219105
Initialize per-instance NSCC parameters: flowid 9 _base_rtt=11685600 _base_bdp=146070 _bdp=146070 _min_cwnd=4150 _maxwnd=219105 _cwnd=219105
Initialize per-instance NSCC parameters: flowid 10 _base_rtt=11685600 _base_bdp=146070 _bdp=146070 _min_cwnd=4150 _maxwnd=219105 _cwnd=219105
Initialize per-instance NSCC parameters: flowid 11 _base_rtt=11685600 _base_bdp=146070 _bdp=146070 _min_cwnd=4150 _maxwnd=219105 _cwnd=219105
Initialize per-instance NSCC parameters: flowid 12 _base_rtt=11685600 _base_bdp=146070 _bdp=146070 _min_cwnd=4150 _maxwnd=219105 _cwnd=219105
Initialize per-instance NSCC parameters: flowid 13 _base_rtt=11685600 _base_bdp=146070 _bdp=146070 _min_cwnd=4150 _maxwnd=219105 _cwnd=219105
Initialize per-instance NSCC parameters: flowid 14 _base_rtt=11685600 _base_bdp=146070 _bdp=146070 _min_cwnd=4150 _maxwnd=219105 _cwnd=219105
Initialize per-instance NSCC parameters: flowid 15 _base_rtt=11685600 _base_bdp=146070 _bdp=146070 _min_cwnd=4150 _maxwnd=219105 _cwnd=219105
Initialize per-instance NSCC parameters: flowid 16 _base_rtt=11685600 _base_bdp=146070 _bdp=146070 _min_cwnd=4150 _maxwnd=219105 _cwnd=219105
Initialize per-instance NSCC parameters: flowid 17 _base_rtt=11685600 _base_bdp=146070 _bdp=146070 _min_cwnd=4150 _maxwnd=219105 _cwnd=219105
Initialize per-instance NSCC parameters: flowid 18 _base_rtt=11685600 _base_bdp=146070 _bdp=146070 _min_cwnd=4150 _maxwnd=219105 _cwnd=219105
Initialize per-instance NSCC parameters: flowid 19 _base_rtt=11685600 _base_bdp=146070 _bdp=146070 _min_cwnd=4150 _maxwnd=219105 _cwnd=219105
Initialize per-instance NSCC parameters: flowid 20 _base_rtt=11685600 _base_bdp=146070 _bdp=146070 _min_cwnd=4150 _maxwnd=219105 _cwnd=219105
Initialize per-instance NSCC parameters: flowid 21 _base_rtt=11685600 _base_bdp=146070 _bdp=146070 _min_cwnd=4150 _maxwnd=219105 _cwnd=219105
Initialize per-instance NSCC parameters: flowid 22 _base_rtt=11685600 _base_bdp=146070 _bdp=146070 _min_cwnd=4150 _maxwnd=219105 _cwnd=219105
Initialize per-instance NSCC parameters: flowid 23 _base_rtt=11685600 _base_bdp=146070 _bdp=146070 _min_cwnd=4150 _maxwnd=219105 _cwnd=219105
Initialize per-instance NSCC parameters: flowid 24 _base_rtt=11685600 _base_bdp=146070 _bdp=146070 _min_cwnd=4150 _maxwnd=219105 _cwnd=219105
Initialize per-instance NSCC parameters: flowid 25 _base_rtt=11685600 _base_bdp=146070 _bdp=146070 _min_cwnd=4150 _maxwnd=219105 _cwnd=219105
Initialize per-instance NSCC parameters: flowid 26 _base_rtt=11685600 _base_bdp=146070 _bdp=146070 _min_cwnd=4150 _maxwnd=219105 _cwnd=219105
Initialize per-instance NSCC parameters: flowid 27 _base_rtt=11685600 _base_bdp=146070 _bdp=146070 _min_cwnd=4150 _maxwnd=219105 _cwnd=219105
Initialize per-instance NSCC parameters: flowid 28 _base_rtt=11685600 _base_bdp=146070 _bdp=146070 _min_cwnd=4150 _maxwnd=219105 _cwnd=219105
Initialize per-instance NSCC parameters: flowid 29 _base_rtt=11685600 _base_bdp=146070 _bdp=146070 _min_cwnd=4150 _maxwnd=219105 _cwnd=219105
Initialize per-instance NSCC parameters: flowid 30 _base_rtt=11685600 _base_bdp=146070 _bdp=146070 _min_cwnd=4150 _maxwnd=219105 _cwnd=219105
Initialize per-instance NSCC parameters: flowid 31 _base_rtt=11685600 _base_bdp=146070 _bdp=146070 _min_cwnd=4150 _maxwnd=219105 _cwnd=219105
Initialize per-instance NSCC parameters: flowid 32 _base_rtt=11685600 _base_bdp=146070 _bdp=146070 _min_cwnd=4150 _maxwnd=219105 _cwnd=219105
Initialize per-instance NSCC parameters: flowid 33 _base_rtt=11685600 _base_bdp=146070 _bdp=146070 _min_cwnd=4150 _maxwnd=219105 _cwnd=219105
Initialize per-instance NSCC parameters: flowid 34 _base_rtt=11685600 _base_bdp=146070 _bdp=146070 _min_cwnd=4150 _maxwnd=219105 _cwnd=219105
Initialize per-instance NSCC parameters: flowid 35 _base_rtt=11685600 _base_bdp=146070 _bdp=146070 _min_cwnd=4150 _maxwnd=219105 _cwnd=219105
Initialize per-instance NSCC parameters: flowid 36 _base_rtt=11685600 _base_bdp=146070 _bdp=146070 _min_cwnd=4150 _maxwnd=219105 _cwnd=219105
Initialize per-instance NSCC parameters: flowid 37 _base_rtt=11685600 _base_bdp=146070 _bdp=146070 _min_cwnd=4150 _maxwnd=219105 _cwnd=219105
Initialize per-instance NSCC parameters: flowid 38 _base_rtt=11685600 _base_bdp=146070 _bdp=146070 _min_cwnd=4150 _maxwnd=219105 _cwnd=219105
Initialize per-instance NSCC parameters: flowid 39 _base_rtt=11685600 _base_bdp=146070 _bdp=146070 _min_cwnd=4150 _maxwnd=219105 _cwnd=219105
Initialize per-instance NSCC parameters: flowid 40 _base_rtt=11685600 _base_bdp=146070 _bdp=146070 _min_cwnd=4150 _maxwnd=219105 _cwnd=219105
Initialize per-instance NSCC parameters: flowid 41 _base_rtt=11685600 _base_bdp=146070 _bdp=146070 _min_cwnd=4150 _maxwnd=219105 _cwnd=219105
Initialize per-instance NSCC parameters: flowid 42 _base_rtt=11685600 _base_bdp=146070 _bdp=146070 _min_cwnd=4150 _maxwnd=219105 _cwnd=219105
Initialize per-instance NSCC parameters: flowid 43 _base_rtt=11685600 _base_bdp=146070 _bdp=146070 _min_cwnd=4150 _maxwnd=219105 _cwnd=219105
Initialize per-instance NSCC parameters: flowid 44 _base_rtt=11685600 _base_bdp=146070 _bdp=146070 _min_cwnd=4150 _maxwnd=219105 _cwnd=219105
Initialize per-instance NSCC parameters: flowid 45 _base_rtt=11685600 _base_bdp=146070 _bdp=146070 _min_cwnd=4150 _maxwnd=219105 _cwnd=219105
Initialize per-instance NSCC parameters: flowid 46 _base_rtt=11685600 _base_bdp=146070 _bdp=146070 _min_cwnd=4150 _maxwnd=219105 _cwnd=219105
Initialize per-instance NSCC parameters: flowid 47 _base_rtt=11685600 _base_bdp=146070 _bdp=146070 _min_cwnd=4150 _maxwnd=219105 _cwnd=219105
Initialize per-instance NSCC parameters: flowid 48 _base_rtt=11685600 _base_bdp=146070 _bdp=146070 _min_cwnd=4150 _maxwnd=219105 _cwnd=219105
Initialize per-instance NSCC parameters: flowid 49 _base_rtt=11685600 _base_bdp=146070 _bdp=146070 _min_cwnd=4150 _maxwnd=219105 _cwnd=219105
Initialize per-instance NSCC parameters: flowid 50 _base_rtt=11685600 _base_bdp=146070 _bdp=146070 _min_cwnd=4150 _maxwnd=219105 _cwnd=219105
Initialize per-instance NSCC parameters: flowid 51 _base_rtt=11685600 _base_bdp=146070 _bdp=146070 _min_cwnd=4150 _maxwnd=219105 _cwnd=219105
Initialize per-instance NSCC parameters: flowid 52 _base_rtt=11685600 _base_bdp=146070 _bdp=146070 _min_cwnd=4150 _maxwnd=219105 _cwnd=219105
Initialize per-instance NSCC parameters: flowid 53 _base_rtt=11685600 _base_bdp=146070 _bdp=146070 _min_cwnd=4150 _maxwnd=219105 _cwnd=219105
Initialize per-instance NSCC parameters: flowid 54 _base_rtt=11685600 _base_bdp=146070 _bdp=146070 _min_cwnd=4150 _maxwnd=219105 _cwnd=219105
Initialize per-instance NSCC parameters: flowid 55 _base_rtt=11685600 _base_bdp=146070 _bdp=146070 _min_cwnd=4150 _maxwnd=219105 _cwnd=219105
Initialize per-instance NSCC parameters: flowid 56 _base_rtt=11685600 _base_bdp=146070 _bdp=146070 _min_cwnd=4150 _maxwnd=219105 _cwnd=219105
Initialize per-instance NSCC parameters: flowid 57 _base_rtt=11685600 _base_bdp=146070 _bdp=146070 _min_cwnd=4150 _maxwnd=219105 _cwnd=219105
Initialize per-instance NSCC parameters: flowid 58 _base_rtt=11685600 _base_bdp=146070 _bdp=146070 _min_cwnd=4150 _maxwnd=219105 _cwnd=219105
Initialize per-instance NSCC parameters: flowid 59 _base_rtt=11685600 _base_bdp=146070 _bdp=146070 _min_cwnd=4150 _maxwnd=219105 _cwnd=219105
Initialize per-instance NSCC parameters: flowid 60 _base_rtt=11685600 _base_bdp=146070 _bdp=146070 _min_cwnd=4150 _maxwnd=219105 _cwnd=219105
Initialize per-instance NSCC parameters: flowid 61 _base_rtt=11685600 _base_bdp=146070 _bdp=146070 _min_cwnd=4150 _maxwnd=219105 _cwnd=219105
Initialize per-instance NSCC parameters: flowid 62 _base_rtt=11685600 _base_bdp=146070 _bdp=146070 _min_cwnd=4150 _maxwnd=219105 _cwnd=219105
Initialize per-instance NSCC parameters: flowid 63 _base_rtt=11685600 _base_bdp=146070 _bdp=146070 _min_cwnd=4150 _maxwnd=219105 _cwnd=219105
Initialize per-instance NSCC parameters: flowid 64 _base_rtt=11685600 _base_bdp=146070 _bdp=146070 _min_cwnd=4150 _maxwnd=219105 _cwnd=219105
Initialize per-instance NSCC parameters: flowid 65 _base_rtt=11685600 _base_bdp=146070 _bdp=146070 _min_cwnd=4150 _maxwnd=219105 _cwnd=219105
Initialize per-instance NSCC parameters: flowid 66 _base_rtt=11685600 _base_bdp=146070 _bdp=146070 _min_cwnd=4150 _maxwnd=219105 _cwnd=219105
Initialize per-instance NSCC parameters: flowid 67 _base_rtt=11685600 _base_bdp=146070 _bdp=146070 _min_cwnd=4150 _maxwnd=219105 _cwnd=219105
Initialize per-instance NSCC parameters: flowid 68 _base_rtt=11685600 _base_bdp=146070 _bdp=146070 _min_cwnd=4150 _maxwnd=219105 _cwnd=219105
Initialize per-instance NSCC parameters: flowid 69 _base_rtt=11685600 _base_bdp=146070 _bdp=146070 _min_cwnd=4150 _maxwnd=219105 _cwnd=219105
Initialize per-instance NSCC parameters: flowid 70 _base_rtt=11685600 _base_bdp=146070 _bdp=146070 _min_cwnd=4150 _maxwnd=219105 _cwnd=219105
Initialize per-instance NSCC parameters: flowid 71 _base_rtt=11685600 _base_bdp=146070 _bdp=146070 _min_cwnd=4150 _maxwnd=219105 _cwnd=219105
Initialize per-instance NSCC parameters: flowid 72 _base_rtt=11685600 _base_bdp=146070 _bdp=146070 _min_cwnd=4150 _maxwnd=219105 _cwnd=219105
Initialize per-instance NSCC parameters: flowid 73 _base_rtt=11685600 _base_bdp=146070 _bdp=146070 _min_cwnd=4150 _maxwnd=219105 _cwnd=219105
Initialize per-instance NSCC parameters: flowid 74 _base_rtt=11685600 _base_bdp=146070 _bdp=146070 _min_cwnd=4150 _maxwnd=219105 _cwnd=219105
Initialize per-instance NSCC parameters: flowid 75 _base_rtt=11685600 _base_bdp=146070 _bdp=146070 _min_cwnd=4150 _maxwnd=219105 _cwnd=219105
Initialize per-instance NSCC parameters: flowid 76 _base_rtt=11685600 _base_bdp=146070 _bdp=146070 _min_cwnd=4150 _maxwnd=219105 _cwnd=219105
Initialize per-instance NSCC parameters: flowid 77 _base_rtt=11685600 _base_bdp=146070 _bdp=146070 _min_cwnd=4150 _maxwnd=219105 _cwnd=219105
Initialize per-instance NSCC parameters: flowid 78 _base_rtt=11685600 _base_bdp=146070 _bdp=146070 _min_cwnd=4150 _maxwnd=219105 _cwnd=219105
Initialize per-instance NSCC parameters: flowid 79 _base_rtt=11685600 _base_bdp=146070 _bdp=146070 _min_cwnd=4150 _maxwnd=219105 _cwnd=219105
Initialize per-instance NSCC parameters: flowid 80 _base_rtt=11685600 _base_bdp=146070 _bdp=146070 _min_cwnd=4150 _maxwnd=219105 _cwnd=219105
Initialize per-instance NSCC parameters: flowid 81 _base_rtt=11685600 _base_bdp=146070 _bdp=146070 _min_cwnd=4150 _maxwnd=219105 _cwnd=219105
Initialize per-instance NSCC parameters: flowid 82 _base_rtt=11685600 _base_bdp=146070 _bdp=146070 _min_cwnd=4150 _maxwnd=219105 _cwnd=219105
Initialize per-instance NSCC parameters: flowid 83 _base_rtt=11685600 _base_bdp=146070 _bdp=146070 _min_cwnd=4150 _maxwnd=219105 _cwnd=219105
Initialize per-instance NSCC parameters: flowid 84 _base_rtt=11685600 _base_bdp=146070 _bdp=146070 _min_cwnd=4150 _maxwnd=219105 _cwnd=219105
Initialize per-instance NSCC parameters: flowid 85 _base_rtt=11685600 _base_bdp=146070 _bdp=146070 _min_cwnd=4150 _maxwnd=219105 _cwnd=219105
Initialize per-instance NSCC parameters: flowid 86 _base_rtt=11685600 _base_bdp=146070 _bdp=146070 _min_cwnd=4150 _maxwnd=219105 _cwnd=219105
Initialize per-instance NSCC parameters: flowid 87 _base_rtt=11685600 _base_bdp=146070 _bdp=146070 _min_cwnd=4150 _maxwnd=219105 _cwnd=219105
Initialize per-instance NSCC parameters: flowid 88 _base_rtt=11685600 _base_bdp=146070 _bdp=146070 _min_cwnd=4150 _maxwnd=219105 _cwnd=219105
Initialize per-instance NSCC parameters: flowid 89 _base_rtt=11685600 _base_bdp=146070 _bdp=146070 _min_cwnd=4150 _maxwnd=219105 _cwnd=219105
Initialize per-instance NSCC parameters: flowid 90 _base_rtt=11685600 _base_bdp=146070 _bdp=146070 _min_cwnd=4150 _maxwnd=219105 _cwnd=219105
Initialize per-instance NSCC parameters: flowid 91 _base_rtt=11685600 _base_bdp=146070 _bdp=146070 _min_cwnd=4150 _maxwnd=219105 _cwnd=219105
Initialize per-instance NSCC parameters: flowid 92 _base_rtt=11685600 _base_bdp=146070 _bdp=146070 _min_cwnd=4150 _maxwnd=219105 _cwnd=219105
Initialize per-instance NSCC parameters: flowid 93 _base_rtt=11685600 _base_bdp=146070 _bdp=146070 _min_cwnd=4150 _maxwnd=219105 _cwnd=219105
Initialize per-instance NSCC parameters: flowid 94 _base_rtt=11685600 _base_bdp=146070 _bdp=146070 _min_cwnd=4150 _maxwnd=219105 _cwnd=219105
Initialize per-instance NSCC parameters: flowid 95 _base_rtt=11685600 _base_bdp=146070 _bdp=146070 _min_cwnd=4150 _maxwnd=219105 _cwnd=219105
Initialize per-instance NSCC parameters: flowid 96 _base_rtt=11685600 _base_bdp=146070 _bdp=146070 _min_cwnd=4150 _maxwnd=219105 _cwnd=219105
Initialize per-instance NSCC parameters: flowid 97 _base_rtt=11685600 _base_bdp=146070 _bdp=146070 _min_cwnd=4150 _maxwnd=219105 _cwnd=219105
Initialize per-instance NSCC parameters: flowid 98 _base_rtt=11685600 _base_bdp=146070 _bdp=146070 _min_cwnd=4150 _maxwnd=219105 _cwnd=219105
Initialize per-instance NSCC parameters: flowid 99 _base_rtt=11685600 _base_bdp=146070 _bdp=146070 _min_cwnd=4150 _maxwnd=219105 _cwnd=219105
Initialize per-instance NSCC parameters: flowid 100 _base_rtt=11685600 _base_bdp=146070 _bdp=146070 _min_cwnd=4150 _maxwnd=219105 _cwnd=219105
Initialize per-instance NSCC parameters: flowid 101 _base_rtt=11685600 _base_bdp=146070 _bdp=146070 _min_cwnd=4150 _maxwnd=219105 _cwnd=219105
Initialize per-instance NSCC parameters: flowid 102 _base_rtt=11685600 _base_bdp=146070 _bdp=146070 _min_cwnd=4150 _maxwnd=219105 _cwnd=219105
Initialize per-instance NSCC parameters: flowid 103 _base_rtt=11685600 _base_bdp=146070 _bdp=146070 _min_cwnd=4150 _maxwnd=219105 _cwnd=219105
Initialize per-instance NSCC parameters: flowid 104 _base_rtt=11685600 _base_bdp=146070 _bdp=146070 _min_cwnd=4150 _maxwnd=219105 _cwnd=219105
Initialize per-instance NSCC parameters: flowid 105 _base_rtt=11685600 _base_bdp=146070 _bdp=146070 _min_cwnd=4150 _maxwnd=219105 _cwnd=219105
Initialize per-instance NSCC parameters: flowid 106 _base_rtt=11685600 _base_bdp=146070 _bdp=146070 _min_cwnd=4150 _maxwnd=219105 _cwnd=219105
Initialize per-instance NSCC parameters: flowid 107 _base_rtt=11685600 _base_bdp=146070 _bdp=146070 _min_cwnd=4150 _maxwnd=219105 _cwnd=219105
Initialize per-instance NSCC parameters: flowid 108 _base_rtt=11685600 _base_bdp=146070 _bdp=146070 _min_cwnd=4150 _maxwnd=219105 _cwnd=219105
Initialize per-instance NSCC parameters: flowid 109 _base_rtt=11685600 _base_bdp=146070 _bdp=146070 _min_cwnd=4150 _maxwnd=219105 _cwnd=219105
Initialize per-instance NSCC parameters: flowid 110 _base_rtt=11685600 _base_bdp=146070 _bdp=146070 _min_cwnd=4150 _maxwnd=219105 _cwnd=219105
Initialize per-instance NSCC parameters: flowid 111 _base_rtt=11685600 _base_bdp=146070 _bdp=146070 _min_cwnd=4150 _maxwnd=219105 _cwnd=219105
Initialize per-instance NSCC parameters: flowid 112 _base_rtt=11685600 _base_bdp=146070 _bdp=146070 _min_cwnd=4150 _maxwnd=219105 _cwnd=219105
Initialize per-instance NSCC parameters: flowid 113 _base_rtt=11685600 _base_bdp=146070 _bdp=146070 _min_cwnd=4150 _maxwnd=219105 _cwnd=219105
Initialize per-instance NSCC parameters: flowid 114 _base_rtt=11685600 _base_bdp=146070 _bdp=146070 _min_cwnd=4150 _maxwnd=219105 _cwnd=219105
Initialize per-instance NSCC parameters: flowid 115 _base_rtt=11685600 _base_bdp=146070 _bdp=146070 _min_cwnd=4150 _maxwnd=219105 _cwnd=219105
Initialize per-instance NSCC parameters: flowid 116 _base_rtt=11685600 _base_bdp=146070 _bdp=146070 _min_cwnd=4150 _maxwnd=219105 _cwnd=219105
Initialize per-instance NSCC parameters: flowid 117 _base_rtt=11685600 _base_bdp=146070 _bdp=146070 _min_cwnd=4150 _maxwnd=219105 _cwnd=219105
Initialize per-instance NSCC parameters: flowid 118 _base_rtt=11685600 _base_bdp=146070 _bdp=146070 _min_cwnd=4150 _maxwnd=219105 _cwnd=219105
Initialize per-instance NSCC parameters: flowid 119 _base_rtt=11685600 _base_bdp=146070 _bdp=146070 _min_cwnd=4150 _maxwnd=219105 _cwnd=219105
Initialize per-instance NSCC parameters: flowid 120 _base_rtt=11685600 _base_bdp=146070 _bdp=146070 _min_cwnd=4150 _maxwnd=219105 _cwnd=219105
Initialize per-instance NSCC parameters: flowid 121 _base_rtt=11685600 _base_bdp=146070 _bdp=146070 _min_cwnd=4150 _maxwnd=219105 _cwnd=219105
Initialize per-instance NSCC parameters: flowid 122 _base_rtt=11685600 _base_bdp=146070 _bdp=146070 _min_cwnd=4150 _maxwnd=219105 _cwnd=219105
Initialize per-instance NSCC parameters: flowid 123 _base_rtt=11685600 _base_bdp=146070 _bdp=146070 _min_cwnd=4150 _maxwnd=219105 _cwnd=219105
Initialize per-instance NSCC parameters: flowid 124 _base_rtt=11685600 _base_bdp=146070 _bdp=146070 _min_cwnd=4150 _maxwnd=219105 _cwnd=219105
Initialize per-instance NSCC parameters: flowid 125 _base_rtt=11685600 _base_bdp=146070 _bdp=146070 _min_cwnd=4150 _maxwnd=219105 _cwnd=219105
Initialize per-instance NSCC parameters: flowid 126 _base_rtt=11685600 _base_bdp=146070 _bdp=146070 _min_cwnd=4150 _maxwnd=219105 _cwnd=219105
Initialize per-instance NSCC parameters: flowid 127 _base_rtt=11685600 _base_bdp=146070 _bdp=146070 _min_cwnd=4150 _maxwnd=219105 _cwnd=219105
Initialize per-instance NSCC parameters: flowid 128 _base_rtt=11685600 _base_bdp=146070 _bdp=146070 _min_cwnd=4150 _maxwnd=219105 _cwnd=219105
Initialize per-instance NSCC parameters: flowid 129 _base_rtt=11685600 _base_bdp=146070 _bdp=146070 _min_cwnd=4150 _maxwnd=219105 _cwnd=219105
Initialize per-instance NSCC parameters: flowid 130 _base_rtt=11685600 _base_bdp=146070 _bdp=146070 _min_cwnd=4150 _maxwnd=219105 _cwnd=219105
Initialize per-instance NSCC parameters: flowid 131 _base_rtt=11685600 _base_bdp=146070 _bdp=146070 _min_cwnd=4150 _maxwnd=219105 _cwnd=219105
Initialize per-instance NSCC parameters: flowid 132 _base_rtt=11685600 _base_bdp=146070 _bdp=146070 _min_cwnd=4150 _maxwnd=219105 _cwnd=219105
Initialize per-instance NSCC parameters: flowid 133 _base_rtt=11685600 _base_bdp=146070 _bdp=146070 _min_cwnd=4150 _maxwnd=219105 _cwnd=219105
Initialize per-instance NSCC parameters: flowid 134 _base_rtt=11685600 _base_bdp=146070 _bdp=146070 _min_cwnd=4150 _maxwnd=219105 _cwnd=219105
Initialize per-instance NSCC parameters: flowid 135 _base_rtt=11685600 _base_bdp=146070 _bdp=146070 _min_cwnd=4150 _maxwnd=219105 _cwnd=219105
Initialize per-instance NSCC parameters: flowid 136 _base_rtt=11685600 _base_bdp=146070 _bdp=146070 _min_cwnd=4150 _maxwnd=219105 _cwnd=219105
Initialize per-instance NSCC parameters: flowid 137 _base_rtt=11685600 _base_bdp=146070 _bdp=146070 _min_cwnd=4150 _maxwnd=219105 _cwnd=219105
Initialize per-instance NSCC parameters: flowid 138 _base_rtt=11685600 _base_bdp=146070 _bdp=146070 _min_cwnd=4150 _maxwnd=219105 _cwnd=219105
Initialize per-instance NSCC parameters: flowid 139 _base_rtt=11685600 _base_bdp=146070 _bdp=146070 _min_cwnd=4150 _maxwnd=219105 _cwnd=219105
Initialize per-instance NSCC parameters: flowid 140 _base_rtt=11685600 _base_bdp=146070 _bdp=146070 _min_cwnd=4150 _maxwnd=219105 _cwnd=219105
Initialize per-instance NSCC parameters: flowid 141 _base_rtt=11685600 _base_bdp=146070 _bdp=146070 _min_cwnd=4150 _maxwnd=219105 _cwnd=219105
Initialize per-instance NSCC parameters: flowid 142 _base_rtt=11685600 _base_bdp=146070 _bdp=146070 _min_cwnd=4150 _maxwnd=219105 _cwnd=219105
Initialize per-instance NSCC parameters: flowid 143 _base_rtt=11685600 _base_bdp=146070 _bdp=146070 _min_cwnd=4150 _maxwnd=219105 _cwnd=219105
Initialize per-instance NSCC parameters: flowid 144 _base_rtt=11685600 _base_bdp=146070 _bdp=146070 _min_cwnd=4150 _maxwnd=219105 _cwnd=219105
Initialize per-instance NSCC parameters: flowid 145 _base_rtt=11685600 _base_bdp=146070 _bdp=146070 _min_cwnd=4150 _maxwnd=219105 _cwnd=219105
Initialize per-instance NSCC parameters: flowid 146 _base_rtt=11685600 _base_bdp=146070 _bdp=146070 _min_cwnd=4150 _maxwnd=219105 _cwnd=219105
Initialize per-instance NSCC parameters: flowid 147 _base_rtt=11685600 _base_bdp=146070 _bdp=146070 _min_cwnd=4150 _maxwnd=219105 _cwnd=219105
Initialize per-instance NSCC parameters: flowid 148 _base_rtt=11685600 _base_bdp=146070 _bdp=146070 _min_cwnd=4150 _maxwnd=219105 _cwnd=219105
Initialize per-instance NSCC parameters: flowid 149 _base_rtt=11685600 _base_bdp=146070 _bdp=146070 _min_cwnd=4150 _maxwnd=219105 _cwnd=219105
Initialize per-instance NSCC parameters: flowid 150 _base_rtt=11685600 _base_bdp=146070 _bdp=146070 _min_cwnd=4150 _maxwnd=219105 _cwnd=219105
Initialize per-instance NSCC parameters: flowid 151 _base_rtt=11685600 _base_bdp=146070 _bdp=146070 _min_cwnd=4150 _maxwnd=219105 _cwnd=219105
Initialize per-instance NSCC parameters: flowid 152 _base_rtt=11685600 _base_bdp=146070 _bdp=146070 _min_cwnd=4150 _maxwnd=219105 _cwnd=219105
Initialize per-instance NSCC parameters: flowid 153 _base_rtt=11685600 _base_bdp=146070 _bdp=146070 _min_cwnd=4150 _maxwnd=219105 _cwnd=219105
Initialize per-instance NSCC parameters: flowid 154 _base_rtt=11685600 _base_bdp=146070 _bdp=146070 _min_cwnd=4150 _maxwnd=219105 _cwnd=219105
Initialize per-instance NSCC parameters: flowid 155 _base_rtt=11685600 _base_bdp=146070 _bdp=146070 _min_cwnd=4150 _maxwnd=219105 _cwnd=219105
Initialize per-instance NSCC parameters: flowid 156 _base_rtt=11685600 _base_bdp=146070 _bdp=146070 _min_cwnd=4150 _maxwnd=219105 _cwnd=219105
Initialize per-instance NSCC parameters: flowid 157 _base_rtt=11685600 _base_bdp=146070 _bdp=146070 _min_cwnd=4150 _maxwnd=219105 _cwnd=219105
Initialize per-instance NSCC parameters: flowid 158 _base_rtt=11685600 _base_bdp=146070 _bdp=146070 _min_cwnd=4150 _maxwnd=219105 _cwnd=219105
Initialize per-instance NSCC parameters: flowid 159 _base_rtt=11685600 _base_bdp=146070 _bdp=146070 _min_cwnd=4150 _maxwnd=219105 _cwnd=219105
Initialize per-instance NSCC parameters: flowid 160 _base_rtt=11685600 _base_bdp=146070 _bdp=146070 _min_cwnd=4150 _maxwnd=219105 _cwnd=219105
Initialize per-instance NSCC parameters: flowid 161 _base_rtt=11685600 _base_bdp=146070 _bdp=146070 _min_cwnd=4150 _maxwnd=219105 _cwnd=219105
Initialize per-instance NSCC parameters: flowid 162 _base_rtt=11685600 _base_bdp=146070 _bdp=146070 _min_cwnd=4150 _maxwnd=219105 _cwnd=219105
Initialize per-instance NSCC parameters: flowid 163 _base_rtt=11685600 _base_bdp=146070 _bdp=146070 _min_cwnd=4150 _maxwnd=219105 _cwnd=219105
Initialize per-instance NSCC parameters: flowid 164 _base_rtt=11685600 _base_bdp=146070 _bdp=146070 _min_cwnd=4150 _maxwnd=219105 _cwnd=219105
Initialize per-instance NSCC parameters: flowid 165 _base_rtt=11685600 _base_bdp=146070 _bdp=146070 _min_cwnd=4150 _maxwnd=219105 _cwnd=219105
Initialize per-instance NSCC parameters: flowid 166 _base_rtt=11685600 _base_bdp=146070 _bdp=146070 _min_cwnd=4150 _maxwnd=219105 _cwnd=219105
Initialize per-instance NSCC parameters: flowid 167 _base_rtt=11685600 _base_bdp=146070 _bdp=146070 _min_cwnd=4150 _maxwnd=219105 _cwnd=219105
Initialize per-instance NSCC parameters: flowid 168 _base_rtt=11685600 _base_bdp=146070 _bdp=146070 _min_cwnd=4150 _maxwnd=219105 _cwnd=219105
Initialize per-instance NSCC parameters: flowid 169 _base_rtt=11685600 _base_bdp=146070 _bdp=146070 _min_cwnd=4150 _maxwnd=219105 _cwnd=219105
Initialize per-instance NSCC parameters: flowid 170 _base_rtt=11685600 _base_bdp=146070 _bdp=146070 _min_cwnd=4150 _maxwnd=219105 _cwnd=219105
Initialize per-instance NSCC parameters: flowid 171 _base_rtt=11685600 _base_bdp=146070 _bdp=146070 _min_cwnd=4150 _maxwnd=219105 _cwnd=219105
Initialize per-instance NSCC parameters: flowid 172 _base_rtt=11685600 _base_bdp=146070 _bdp=146070 _min_cwnd=4150 _maxwnd=219105 _cwnd=219105
Initialize per-instance NSCC parameters: flowid 173 _base_rtt=11685600 _base_bdp=146070 _bdp=146070 _min_cwnd=4150 _maxwnd=219105 _cwnd=219105
Initialize per-instance NSCC parameters: flowid 174 _base_rtt=11685600 _base_bdp=146070 _bdp=146070 _min_cwnd=4150 _maxwnd=219105 _cwnd=219105
Initialize per-instance NSCC parameters: flowid 175 _base_rtt=11685600 _base_bdp=146070 _bdp=146070 _min_cwnd=4150 _maxwnd=219105 _cwnd=219105
Initialize per-instance NSCC parameters: flowid 176 _base_rtt=11685600 _base_bdp=146070 _bdp=146070 _min_cwnd=4150 _maxwnd=219105 _cwnd=219105
Initialize per-instance NSCC parameters: flowid 177 _base_rtt=11685600 _base_bdp=146070 _bdp=146070 _min_cwnd=4150 _maxwnd=219105 _cwnd=219105
Initialize per-instance NSCC parameters: flowid 178 _base_rtt=11685600 _base_bdp=146070 _bdp=146070 _min_cwnd=4150 _maxwnd=219105 _cwnd=219105
Initialize per-instance NSCC parameters: flowid 179 _base_rtt=11685600 _base_bdp=146070 _bdp=146070 _min_cwnd=4150 _maxwnd=219105 _cwnd=219105
Initialize per-instance NSCC parameters: flowid 180 _base_rtt=11685600 _base_bdp=146070 _bdp=146070 _min_cwnd=4150 _maxwnd=219105 _cwnd=219105
Initialize per-instance NSCC parameters: flowid 181 _base_rtt=11685600 _base_bdp=146070 _bdp=146070 _min_cwnd=4150 _maxwnd=219105 _cwnd=219105
Initialize per-instance NSCC parameters: flowid 182 _base_rtt=11685600 _base_bdp=146070 _bdp=146070 _min_cwnd=4150 _maxwnd=219105 _cwnd=219105
Initialize per-instance NSCC parameters: flowid 183 _base_rtt=11685600 _base_bdp=146070 _bdp=146070 _min_cwnd=4150 _maxwnd=219105 _cwnd=219105
Initialize per-instance NSCC parameters: flowid 184 _base_rtt=11685600 _base_bdp=146070 _bdp=146070 _min_cwnd=4150 _maxwnd=219105 _cwnd=219105
Initialize per-instance NSCC parameters: flowid 185 _base_rtt=11685600 _base_bdp=146070 _bdp=146070 _min_cwnd=4150 _maxwnd=219105 _cwnd=219105
Initialize per-instance NSCC parameters: flowid 186 _base_rtt=11685600 _base_bdp=146070 _bdp=146070 _min_cwnd=4150 _maxwnd=219105 _cwnd=219105
Initialize per-instance NSCC parameters: flowid 187 _base_rtt=11685600 _base_bdp=146070 _bdp=146070 _min_cwnd=4150 _maxwnd=219105 _cwnd=219105
Initialize per-instance NSCC parameters: flowid 188 _base_rtt=11685600 _base_bdp=146070 _bdp=146070 _min_cwnd=4150 _maxwnd=219105 _cwnd=219105
Initialize per-instance NSCC parameters: flowid 189 _base_rtt=11685600 _base_bdp=146070 _bdp=146070 _min_cwnd=4150 _maxwnd=219105 _cwnd=219105
Initialize per-instance NSCC parameters: flowid 190 _base_rtt=11685600 _base_bdp=146070 _bdp=146070 _min_cwnd=4150 _maxwnd=219105 _cwnd=219105
Initialize per-instance NSCC parameters: flowid 191 _base_rtt=11685600 _base_bdp=146070 _bdp=146070 _min_cwnd=4150 _maxwnd=219105 _cwnd=219105
Initialize per-instance NSCC parameters: flowid 192 _base_rtt=11685600 _base_bdp=146070 _bdp=146070 _min_cwnd=4150 _maxwnd=219105 _cwnd=219105
Starting simulation
Flow Uec_59_187 flowId 1 uecSrc 0 starting at 0
Flow Uec_58_186 flowId 2 uecSrc 1 starting at 0
Flow Uec_112_240 flowId 3 uecSrc 2 starting at 0
Flow Uec_8_136 flowId 4 uecSrc 3 starting at 0
Flow Uec_35_163 flowId 5 uecSrc 4 starting at 0
Flow Uec_119_247 flowId 6 uecSrc 5 starting at 0
Flow Uec_140_12 flowId 7 uecSrc 6 starting at 0
Flow Uec_5_133 flowId 8 uecSrc 7 starting at 0
Flow Uec_29_157 flowId 9 uecSrc 8 starting at 0
Flow Uec_158_30 flowId 10 uecSrc 9 starting at 0
Flow Uec_117_245 flowId 11 uecSrc 10 starting at 0
Flow Uec_152_24 flowId 12 uecSrc 11 starting at 0
Flow Uec_251_123 flowId 13 uecSrc 12 starting at 0
Flow Uec_161_33 flowId 14 uecSrc 13 starting at 0
Flow Uec_160_32 flowId 15 uecSrc 14 starting at 0
Flow Uec_183_55 flowId 16 uecSrc 15 starting at 0
Flow Uec_30_158 flowId 17 uecSrc 16 starting at 0
Flow Uec_165_37 flowId 18 uecSrc 17 starting at 0
Flow Uec_204_76 flowId 19 uecSrc 18 starting at 0
Flow Uec_94_222 flowId 20 uecSrc 19 starting at 0
Flow Uec_189_61 flowId 21 uecSrc 20 starting at 0
Flow Uec_202_74 flowId 22 uecSrc 21 starting at 0
Flow Uec_123_251 flowId 23 uecSrc 22 starting at 0
Flow Uec_196_68 flowId 24 uecSrc 23 starting at 0
Flow Uec_127_255 flowId 25 uecSrc 24 starting at 0
Flow Uec_105_233 flowId 26 uecSrc 25 starting at 0
Flow Uec_218_90 flowId 27 uecSrc 26 starting at 0
Flow Uec_39_167 flowId 28 uecSrc 27 starting at 0
Flow Uec_231_103 flowId 29 uecSrc 28 starting at 0
Flow Uec_121_249 flowId 30 uecSrc 29 starting at 0
Flow Uec_120_248 flowId 31 uecSrc 30 starting at 0
Flow Uec_141_13 flowId 32 uecSrc 31 starting at 0
Flow Uec_242_114 flowId 33 uecSrc 32 starting at 0
Flow Uec_215_87 flowId 34 uecSrc 33 starting at 0
Flow Uec_145_17 flowId 35 uecSrc 34 starting at 0
Flow Uec_60_188 flowId 36 uecSrc 35 starting at 0
Flow Uec_11_139 flowId 37 uecSrc 36 starting at 0
Flow Uec_185_57 flowId 38 uecSrc 37 starting at 0
Flow Uec_254_126 flowId 39 uecSrc 38 starting at 0
Flow Uec_203_75 flowId 40 uecSrc 39 starting at 0
Flow Uec_190_62 flowId 41 uecSrc 40 starting at 0
Flow Uec_72_200 flowId 42 uecSrc 41 starting at 0
Flow Uec_76_204 flowId 43 uecSrc 42 starting at 0
Flow Uec_245_117 flowId 44 uecSrc 43 starting at 0
Flow Uec_217_89 flowId 45 uecSrc 44 starting at 0
Flow Uec_191_63 flowId 46 uecSrc 45 starting at 0
Flow Uec_233_105 flowId 47 uecSrc 46 starting at 0
Flow Uec_32_160 flowId 48 uecSrc 47 starting at 0
Flow Uec_22_150 flowId 49 uecSrc 48 starting at 0
Flow Uec_2_130 flowId 50 uecSrc 49 starting at 0
Flow Uec_80_208 flowId 51 uecSrc 50 starting at 0
Flow Uec_240_112 flowId 52 uecSrc 51 starting at 0
Flow Uec_87_215 flowId 53 uecSrc 52 starting at 0
Flow Uec_115_243 flowId 54 uecSrc 53 starting at 0
Flow Uec_0_128 flowId 55 uecSrc 54 starting at 0
Flow Uec_48_176 flowId 56 uecSrc 55 starting at 0
Flow Uec_91_219 flowId 57 uecSrc 56 starting at 0
Flow Uec_9_137 flowId 58 uecSrc 57 starting at 0
Flow Uec_243_115 flowId 59 uecSrc 58 starting at 0
Flow Uec_205_77 flowId 60 uecSrc 59 starting at 0
Flow Uec_207_79 flowId 61 uecSrc 60 starting at 0
Flow Uec_73_201 flowId 62 uecSrc 61 starting at 0
Flow Uec_182_54 flowId 63 uecSrc 62 starting at 0
Flow Uec_56_184 flowId 64 uecSrc 63 starting at 0
Flow Uec_53_181 flowId 65 uecSrc 64 starting at 0
Flow Uec_116_244 flowId 66 uecSrc 65 starting at 0
Flow Uec_149_21 flowId 67 uecSrc 66 starting at 0
Flow Uec_89_217 flowId 68 uecSrc 67 starting at 0
Flow Uec_97_225 flowId 69 uecSrc 68 starting at 0
Flow Uec_170_42 flowId 70 uecSrc 69 starting at 0
Flow Uec_118_246 flowId 71 uecSrc 70 starting at 0
Flow Uec_38_166 flowId 72 uecSrc 71 starting at 0
Flow Uec_244_116 flowId 73 uecSrc 72 starting at 0
Flow Uec_46_174 flowId 74 uecSrc 73 starting at 0
Flow Uec_222_94 flowId 75 uecSrc 74 starting at 0
Flow Uec_79_207 flowId 76 uecSrc 75 starting at 0
Flow Uec_24_152 flowId 77 uecSrc 76 starting at 0
Flow Uec_201_73 flowId 78 uecSrc 77 starting at 0
Flow Uec_169_41 flowId 79 uecSrc 78 starting at 0
Flow Uec_125_253 flowId 80 uecSrc 79 starting at 0
Flow Uec_144_16 flowId 81 uecSrc 80 starting at 0
Flow Uec_175_47 flowId 82 uecSrc 81 starting at 0
Flow Uec_69_197 flowId 83 uecSrc 82 starting at 0
Flow Uec_7_135 flowId 84 uecSrc 83 starting at 0
Flow Uec_6_134 flowId 85 uecSrc 84 starting at 0
Flow Uec_74_202 flowId 86 uecSrc 85 starting at 0
Flow Uec_102_230 flowId 87 uecSrc 86 starting at 0
Flow Uec_34_162 flowId 88 uecSrc 87 starting at 0
Flow Uec_62_190 flowId 89 uecSrc 88 starting at 0
Flow Uec_246_118 flowId 90 uecSrc 89 starting at 0
Flow Uec_164_36 flowId 91 uecSrc 90 starting at 0
Flow Uec_13_141 flowId 92 uecSrc 91 starting at 0
Flow Uec_139_11 flowId 93 uecSrc 92 starting at 0
Flow Uec_206_78 flowId 94 uecSrc 93 starting at 0
Flow Uec_156_28 flowId 95 uecSrc 94 starting at 0
Flow Uec_198_70 flowId 96 uecSrc 95 starting at 0
Flow Uec_186_58 flowId 97 uecSrc 96 starting at 0
Flow Uec_33_161 flowId 98 uecSrc 97 starting at 0
Flow Uec_199_71 flowId 99 uecSrc 98 starting at 0
Flow Uec_228_100 flowId 100 uecSrc 99 starting at 0
Flow Uec_177_49 flowId 101 uecSrc 100 starting at 0
Flow Uec_173_45 flowId 102 uecSrc 101 starting at 0
Flow Uec_65_193 flowId 103 uecSrc 102 starting at 0
Flow Uec_226_98 flowId 104 uecSrc 103 starting at 0
Flow Uec_85_213 flowId 105 uecSrc 104 starting at 0
Flow Uec_67_195 flowId 106 uecSrc 105 starting at 0
Flow Uec_47_175 flowId 107 uecSrc 106 starting at 0
Flow Uec_193_65 flowId 108 uecSrc 107 starting at 0
Flow Uec_168_40 flowId 109 uecSrc 108 starting at 0
Flow Uec_219_91 flowId 110 uecSrc 109 starting at 0
Flow Uec_44_172 flowId 111 uecSrc 110 starting at 0
Flow Uec_147_19 flowId 112 uecSrc 111 starting at 0
Flow Uec_10_138 flowId 113 uecSrc 112 starting at 0
Flow Uec_162_34 flowId 114 uecSrc 113 starting at 0
Flow Uec_230_102 flowId 115 uecSrc 114 starting at 0
Flow Uec_14_142 flowId 116 uecSrc 115 starting at 0
Flow Uec_23_151 flowId 117 uecSrc 116 starting at 0
Flow Uec_234_106 flowId 118 uecSrc 117 starting at 0
Flow Uec_50_178 flowId 119 uecSrc 118 starting at 0
Flow Uec_51_179 flowId 120 uecSrc 119 starting at 0
Flow Uec_81_209 flowId 121 uecSrc 120 starting at 0
Flow Uec_55_183 flowId 122 uecSrc 121 starting at 0
Flow Uec_133_5 flowId 123 uecSrc 122 starting at 0
Flow Uec_18_146 flowId 124 uecSrc 123 starting at 0
Flow Uec_146_18 flowId 125 uecSrc 124 starting at 0
Flow Uec_98_226 flowId 126 uecSrc 125 starting at 0
Flow Uec_253_125 flowId 127 uecSrc 126 starting at 0
Flow Uec_214_86 flowId 128 uecSrc 127 starting at 0
Flow Uec_109_237 flowId 129 uecSrc 128 starting at 0
Flow Uec_143_15 flowId 130 uecSrc 129 starting at 0
Flow Uec_157_29 flowId 131 uecSrc 130 starting at 0
Flow Uec_224_96 flowId 132 uecSrc 131 starting at 0
Flow Uec_134_6 flowId 133 uecSrc 132 starting at 0
Flow Uec_3_131 flowId 134 uecSrc 133 starting at 0
Flow Uec_37_165 flowId 135 uecSrc 134 starting at 0
Flow Uec_114_242 flowId 136 uecSrc 135 starting at 0
Flow Uec_209_81 flowId 137 uecSrc 136 starting at 0
Flow Uec_249_121 flowId 138 uecSrc 137 starting at 0
Flow Uec_45_173 flowId 139 uecSrc 138 starting at 0
Flow Uec_101_229 flowId 140 uecSrc 139 starting at 0
Flow Uec_57_185 flowId 141 uecSrc 140 starting at 0
Flow Uec_49_177 flowId 142 uecSrc 141 starting at 0
Flow Uec_239_111 flowId 143 uecSrc 142 starting at 0
Flow Uec_225_97 flowId 144 uecSrc 143 starting at 0
Flow Uec_52_180 flowId 145 uecSrc 144 starting at 0
Flow Uec_229_101 flowId 146 uecSrc 145 starting at 0
Flow Uec_136_8 flowId 147 uecSrc 146 starting at 0
Flow Uec_180_52 flowId 148 uecSrc 147 starting at 0
Flow Uec_19_147 flowId 149 uecSrc 148 starting at 0
Flow Uec_194_66 flowId 150 uecSrc 149 starting at 0
Flow Uec_95_223 flowId 151 uecSrc 150 starting at 0
Flow Uec_26_154 flowId 152 uecSrc 151 starting at 0
Flow Uec_248_120 flowId 153 uecSrc 152 starting at 0
Flow Uec_113_241 flowId 154 uecSrc 153 starting at 0
Flow Uec_178_50 flowId 155 uecSrc 154 starting at 0
Flow Uec_237_109 flowId 156 uecSrc 155 starting at 0
Flow Uec_83_211 flowId 157 uecSrc 156 starting at 0
Flow Uec_172_44 flowId 158 uecSrc 157 starting at 0
Flow Uec_131_3 flowId 159 uecSrc 158 starting at 0
Flow Uec_40_168 flowId 160 uecSrc 159 starting at 0
Flow Uec_92_220 flowId 161 uecSrc 160 starting at 0
Flow Uec_241_113 flowId 162 uecSrc 161 starting at 0
Flow Uec_250_122 flowId 163 uecSrc 162 starting at 0
Flow Uec_135_7 flowId 164 uecSrc 163 starting at 0
Flow Uec_155_27 flowId 165 uecSrc 164 starting at 0
Flow Uec_227_99 flowId 166 uecSrc 165 starting at 0
Flow Uec_208_80 flowId 167 uecSrc 166 starting at 0
Flow Uec_20_148 flowId 168 uecSrc 167 starting at 0
Flow Uec_238_110 flowId 169 uecSrc 168 starting at 0
Flow Uec_111_239 flowId 170 uecSrc 169 starting at 0
Flow Uec_1_129 flowId 171 uecSrc 170 starting at 0
Flow Uec_70_198 flowId 172 uecSrc 171 starting at 0
Flow Uec_171_43 flowId 173 uecSrc 172 starting at 0
Flow Uec_130_2 flowId 174 uecSrc 173 starting at 0
Flow Uec_159_31 flowId 175 uecSrc 174 starting at 0
Flow Uec_197_69 flowId 176 uecSrc 175 starting at 0
Flow Uec_84_212 flowId 177 uecSrc 176 starting at 0
Flow Uec_221_93 flowId 178 uecSrc 177 starting at 0
Flow Uec_211_83 flowId 179 uecSrc 178 starting at 0
Flow Uec_78_206 flowId 180 uecSrc 179 starting at 0
Flow Uec_247_119 flowId 181 uecSrc 180 starting at 0
Flow Uec_77_205 flowId 182 uecSrc 181 starting at 0
Flow Uec_104_232 flowId 183 uecSrc 182 starting at 0
Flow Uec_61_189 flowId 184 uecSrc 183 starting at 0
Flow Uec_90_218 flowId 185 uecSrc 184 starting at 0
Flow Uec_188_60 flowId 186 uecSrc 185 starting at 0
Flow Uec_210_82 flowId 187 uecSrc 186 starting at 0
Flow Uec_43_171 flowId 188 uecSrc 187 starting at 0
Flow Uec_17_145 flowId 189 uecSrc 188 starting at 0
Flow Uec_138_10 flowId 190 uecSrc 189 starting at 0
Flow Uec_12_140 flowId 191 uecSrc 190 starting at 0
Flow Uec_192_64 flowId 192 uecSrc 191 starting at 0
133.763 flowid 2 Spurious 8
139.847 flowid 111 Spurious 49
143.108 flowid 139 Spurious 39
144.109 flowid 139 Spurious 36
146.346 flowid 186 Spurious 54
146.678 flowid 186 Spurious 56
148.338 flowid 186 Spurious 61
150.662 flowid 186 Spurious 64
151.326 flowid 186 Spurious 65
154.534 flowid 139 Spurious 59
155.974 flowid 186 Spurious 51
156.012 flowid 41 Spurious 49
156.686 flowid 41 Spurious 52
157.37 flowid 41 Spurious 53
157.976 flowid 186 Spurious 52
158.382 flowid 41 Spurious 55
160.969 flowid 186 Spurious 58
Flow Uec_194_66 flowId 150 uecSrc 149 finished at 174.268 total messages 1 total packets 490 RTS 0 total bytes 2002140 in_flight now 0 fair_inc 0 prop_inc 10432 fast_inc 444999 eta_inc 8344 multi_dec -0 quick_dec -0 nack_dec -0
Flow Uec_134_6 flowId 133 uecSrc 132 finished at 178.193 total messages 1 total packets 490 RTS 0 total bytes 2002140 in_flight now 0 fair_inc 0 prop_inc 89776 fast_inc 12123 eta_inc 8344 multi_dec -0 quick_dec -0 nack_dec -0
178.817 flowid 134 Spurious 106
Flow Uec_112_240 flowId 3 uecSrc 2 finished at 179.064 total messages 1 total packets 490 RTS 0 total bytes 2002140 in_flight now 0 fair_inc 0 prop_inc 67378 fast_inc 76779 eta_inc 8344 multi_dec -0 quick_dec -0 nack_dec -0
Flow Uec_101_229 flowId 140 uecSrc 139 finished at 179.085 total messages 1 total packets 490 RTS 0 total bytes 2002140 in_flight now 0 fair_inc 0 prop_inc 70769 fast_inc 68697 eta_inc 8344 multi_dec -0 quick_dec -0 nack_dec -0
Flow Uec_157_29 flowId 131 uecSrc 130 finished at 181.799 total messages 1 total packets 490 RTS 0 total bytes 2002140 in_flight now 0 fair_inc 0 prop_inc 86062 fast_inc 0 eta_inc 8344 multi_dec -0 quick_dec -0 nack_dec -0
Flow Uec_65_193 flowId 103 uecSrc 102 finished at 182.002 total messages 1 total packets 490 RTS 0 total bytes 2002140 in_flight now 0 fair_inc 0 prop_inc 38454 fast_inc 0 eta_inc 8344 multi_dec -0 quick_dec -0 nack_dec -0
Flow Uec_133_5 flowId 123 uecSrc 122 finished at 182.571 total messages 1 total packets 490 RTS 0 total bytes 2002140 in_flight now 0 fair_inc 0 prop_inc 89808 fast_inc 16164 eta_inc 8344 multi_dec -0 quick_dec -0 nack_dec -0
Flow Uec_138_10 flowId 190 uecSrc 189 finished at 184.103 total messages 1 total packets 490 RTS 0 total bytes 2002140 in_flight now 0 fair_inc 0 prop_inc 81469 fast_inc 44451 eta_inc 8344 multi_dec -0 quick_dec -0 nack_dec -0
184.123 flowid 9 Spurious 140
184.787 flowid 9 Spurious 142
Flow Uec_55_183 flowId 122 uecSrc 121 finished at 185.139 total messages 1 total packets 490 RTS 0 total bytes 2002140 in_flight now 0 fair_inc 0 prop_inc 38540 fast_inc 0 eta_inc 8940 multi_dec -0 quick_dec -0 nack_dec -0
185.711 flowid 171 Spurious 156
188.771 flowid 9 Spurious 149
Flow Uec_210_82 flowId 187 uecSrc 186 finished at 189.691 total messages 1 total packets 490 RTS 0 total bytes 2002140 in_flight now 0 fair_inc 0 prop_inc 21438 fast_inc 0 eta_inc 8940 multi_dec -0 quick_dec -0 nack_dec -0
Flow Uec_18_146 flowId 124 uecSrc 123 finished at 193.841 total messages 1 total packets 490 RTS 0 total bytes 2002140 in_flight now 0 fair_inc 0 prop_inc 27294 fast_inc 0 eta_inc 8940 multi_dec -0 quick_dec -0 nack_dec -0
200.516 flowid 56 Spurious 144
Flow Uec_22_150 flowId 49 uecSrc 48 finished at 202.344 total messages 1 total packets 490 RTS 0 total bytes 2002140 in_flight now 0 fair_inc 1304 prop_inc 13534 fast_inc 0 eta_inc 9536 multi_dec -0 quick_dec -0 nack_dec -0
Flow Uec_125_253 flowId 80 uecSrc 79 finished at 207.879 total messages 1 total packets 490 RTS 0 total bytes 2002140 in_flight now 0 fair_inc 751 prop_inc 10496 fast_inc 0 eta_inc 10132 multi_dec -0 quick_dec -0 nack_dec -0
208.235 flowid 152 Spurious 210
208.572 flowid 152 Spurious 211
Flow Uec_197_69 flowId 176 uecSrc 175 finished at 212.889 total messages 1 total packets 490 RTS 0 total bytes 2002140 in_flight now 0 fair_inc 376 prop_inc 9667 fast_inc 0 eta_inc 10132 multi_dec -5555 quick_dec -0 nack_dec -0
Flow Uec_248_120 flowId 153 uecSrc 152 finished at 214.997 total messages 1 total packets 490 RTS 0 total bytes 2002140 in_flight now 0 fair_inc 4497 prop_inc 8781 fast_inc 0 eta_inc 10132 multi_dec -0 quick_dec -0 nack_dec -0
218.287 flowid 56 Spurious 190
Flow Uec_29_157 flowId 9 uecSrc 8 finished at 219.401 total messages 1 total packets 490 RTS 0 total bytes 2002140 in_flight now 0 fair_inc 16698 prop_inc 19199 fast_inc 0 eta_inc 10728 multi_dec -0 quick_dec -0 nack_dec -0
219.866 flowid 160 Spurious 232
220.198 flowid 160 Spurious 233
223.694 flowid 160 Spurious 247
224.234 flowid 160 Spurious 255
Flow Uec_17_145 flowId 189 uecSrc 188 finished at 224.86 total messages 1 total packets 491 RTS 1 total bytes 2002140 in_flight now 0 fair_inc 3023 prop_inc 8162 fast_inc 0 eta_inc 10728 multi_dec -0 quick_dec -0 nack_dec -4150
Flow Uec_37_165 flowId 135 uecSrc 134 finished at 226.059 total messages 1 total packets 491 RTS 1 total bytes 2002140 in_flight now 0 fair_inc 3386 prop_inc 30429 fast_inc 0 eta_inc 10728 multi_dec -0 quick_dec -0 nack_dec -8300
227.504 flowid 117 Spurious 244
Flow Uec_104_232 flowId 183 uecSrc 182 finished at 231.508 total messages 1 total packets 490 RTS 0 total bytes 2002140 in_flight now 0 fair_inc 5837 prop_inc 46220 fast_inc 8082 eta_inc 11324 multi_dec -97898 quick_dec -0 nack_dec -0
232.253 flowid 117 Spurious 249
Flow Uec_118_246 flowId 71 uecSrc 70 finished at 236.871 total messages 1 total packets 490 RTS 0 total bytes 2002140 in_flight now 0 fair_inc 6135 prop_inc 37336 fast_inc 0 eta_inc 11324 multi_dec -49816 quick_dec -0 nack_dec -29050
239.53 flowid 116 Spurious 302
258.987 flowid 55 Spurious 188
Flow Uec_6_134 flowId 85 uecSrc 84 finished at 267.8 total messages 1 total packets 490 RTS 0 total bytes 2002140 in_flight now 0 fair_inc 3155 prop_inc 49247 fast_inc 0 eta_inc 12516 multi_dec -121458 quick_dec -0 nack_dec -0
Flow Uec_26_154 flowId 152 uecSrc 151 finished at 269.682 total messages 1 total packets 490 RTS 0 total bytes 2002140 in_flight now 0 fair_inc 12461 prop_inc 17993 fast_inc 0 eta_inc 10728 multi_dec -0 quick_dec -200482 nack_dec -4150
276.226 flowid 152 Spurious 395
Flow Uec_190_62 flowId 41 uecSrc 40 finished at 280.242 total messages 1 total packets 491 RTS 1 total bytes 2002140 in_flight now 0 fair_inc 6994 prop_inc 9766 fast_inc 0 eta_inc 12516 multi_dec -4444 quick_dec -0 nack_dec -33200
281.04 flowid 48 Spurious 301
Flow Uec_188_60 flowId 186 uecSrc 185 finished at 283.885 total messages 1 total packets 491 RTS 1 total bytes 2002140 in_flight now 0 fair_inc 1447 prop_inc 15481 fast_inc 0 eta_inc 12516 multi_dec -0 quick_dec -0 nack_dec -20750
285.305 flowid 38 Spurious 481
285.637 flowid 38 Spurious 482
285.969 flowid 38 Spurious 483
286.301 flowid 38 Spurious 484
286.633 flowid 38 Spurious 485
286.965 flowid 38 Spurious 486
287.297 flowid 38 Spurious 487
287.629 flowid 38 Spurious 488
287.795 flowid 38 Spurious 489
Flow Uec_185_57 flowId 38 uecSrc 37 finished at 290.895 total messages 1 total packets 490 RTS 0 total bytes 2002140 in_flight now 0 fair_inc 0 prop_inc 10463 fast_inc 445003 eta_inc 8344 multi_dec -0 quick_dec -0 nack_dec -0
Flow Uec_1_129 flowId 171 uecSrc 170 finished at 292.691 total messages 1 total packets 492 RTS 2 total bytes 2002140 in_flight now 0 fair_inc 4207 prop_inc 54364 fast_inc 0 eta_inc 11920 multi_dec -0 quick_dec -181027 nack_dec -33200
293.221 flowid 93 Spurious 488
293.382 flowid 93 Spurious 489
Flow Uec_14_142 flowId 116 uecSrc 115 finished at 298.515 total messages 1 total packets 490 RTS 0 total bytes 2002140 in_flight now 0 fair_inc 12083 prop_inc 10087 fast_inc 0 eta_inc 10728 multi_dec -0 quick_dec -194309 nack_dec -12450
Flow Uec_40_168 flowId 160 uecSrc 159 finished at 300.273 total messages 1 total packets 493 RTS 3 total bytes 2002140 in_flight now 0 fair_inc 8371 prop_inc 25922 fast_inc 0 eta_inc 12516 multi_dec -0 quick_dec -0 nack_dec -0
Flow Uec_139_11 flowId 93 uecSrc 92 finished at 301.519 total messages 1 total packets 490 RTS 0 total bytes 2002140 in_flight now 0 fair_inc 0 prop_inc 95972 fast_inc 0 eta_inc 8940 multi_dec -0 quick_dec -0 nack_dec -0
308.552 flowid 17 Spurious 434
309.564 flowid 17 Spurious 436
Flow Uec_238_110 flowId 169 uecSrc 168 finished at 309.815 total messages 1 total packets 490 RTS 0 total bytes 2002140 in_flight now 0 fair_inc 2690 prop_inc 39764 fast_inc 0 eta_inc 14900 multi_dec -79517 quick_dec -0 nack_dec -53950
310.56 flowid 17 Spurious 439
311.244 flowid 17 Spurious 440
311.893 flowid 17 Spurious 443
315.56 flowid 17 Spurious 454
Flow Uec_39_167 flowId 28 uecSrc 27 finished at 316.556 total messages 1 total packets 495 RTS 5 total bytes 2002140 in_flight now -64 fair_inc 9859 prop_inc 43726 fast_inc 23724 eta_inc 14304 multi_dec -0 quick_dec -185023 nack_dec -8300
317.472 flowid 74 Spurious 432
317.809 flowid 74 Spurious 433
319.132 flowid 74 Spurious 437
Flow Uec_30_158 flowId 17 uecSrc 16 finished at 319.984 total messages 1 total packets 494 RTS 4 total bytes 2002140 in_flight now 0 fair_inc 9818 prop_inc 52490 fast_inc 0 eta_inc 12516 multi_dec -0 quick_dec -140302 nack_dec -29050
Flow Uec_155_27 flowId 165 uecSrc 164 finished at 320.647 total messages 1 total packets 490 RTS 0 total bytes 2002140 in_flight now 0 fair_inc 10042 prop_inc 29930 fast_inc 0 eta_inc 14900 multi_dec -116450 quick_dec -0 nack_dec -16600
Flow Uec_51_179 flowId 120 uecSrc 119 finished at 321.229 total messages 1 total packets 490 RTS 0 total bytes 2002140 in_flight now 0 fair_inc 6341 prop_inc 27503 fast_inc 0 eta_inc 15496 multi_dec -76690 quick_dec -0 nack_dec -53950
321.869 flowid 74 Spurious 443
Flow Uec_91_219 flowId 57 uecSrc 56 finished at 322.934 total messages 1 total packets 490 RTS 0 total bytes 2002140 in_flight now 0 fair_inc 3208 prop_inc 21093 fast_inc 0 eta_inc 15496 multi_dec -97552 quick_dec -0 nack_dec -24900
Flow Uec_180_52 flowId 148 uecSrc 147 finished at 325.418 total messages 1 total packets 490 RTS 0 total bytes 2002140 in_flight now 0 fair_inc 6785 prop_inc 28636 fast_inc 0 eta_inc 15496 multi_dec -76696 quick_dec -0 nack_dec -53950
325.428 flowid 5 Spurious 433
Flow Uec_189_61 flowId 21 uecSrc 20 finished at 327.927 total messages 1 total packets 493 RTS 3 total bytes 2002140 in_flight now 0 fair_inc 2228 prop_inc 8690 fast_inc 0 eta_inc 14304 multi_dec -0 quick_dec -0 nack_dec -33200
Flow Uec_196_68 flowId 24 uecSrc 23 finished at 329.302 total messages 1 total packets 490 RTS 0 total bytes 2002140 in_flight now 0 fair_inc 3613 prop_inc 41986 fast_inc 0 eta_inc 16092 multi_dec -98289 quick_dec -0 nack_dec -45650
Flow Uec_12_140 flowId 191 uecSrc 190 finished at 329.356 total messages 1 total packets 495 RTS 5 total bytes 2002140 in_flight now 0 fair_inc 12658 prop_inc 41735 fast_inc 0 eta_inc 14900 multi_dec -0 quick_dec -0 nack_dec -41500
330.49 flowid 5 Spurious 441
Flow Uec_72_200 flowId 42 uecSrc 41 finished at 333.34 total messages 1 total packets 490 RTS 0 total bytes 2002140 in_flight now 0 fair_inc 7814 prop_inc 18867 fast_inc 0 eta_inc 16092 multi_dec -63772 quick_dec -0 nack_dec -62250
Flow Uec_173_45 flowId 102 uecSrc 101 finished at 335.343 total messages 1 total packets 490 RTS 0 total bytes 2002140 in_flight now 0 fair_inc 20359 prop_inc 18885 fast_inc 0 eta_inc 15496 multi_dec -99966 quick_dec -0 nack_dec -24900
Flow Uec_127_255 flowId 25 uecSrc 24 finished at 337.047 total messages 1 total packets 490 RTS 0 total bytes 2002140 in_flight now 0 fair_inc 3691 prop_inc 41319 fast_inc 0 eta_inc 16092 multi_dec -97022 quick_dec -0 nack_dec -53950
Flow Uec_120_248 flowId 31 uecSrc 30 finished at 339.532 total messages 1 total packets 490 RTS 0 total bytes 2002140 in_flight now 0 fair_inc 4946 prop_inc 38663 fast_inc 0 eta_inc 16688 multi_dec -114470 quick_dec -0 nack_dec -37350
Flow Uec_49_177 flowId 142 uecSrc 141 finished at 341.486 total messages 1 total packets 490 RTS 0 total bytes 2002140 in_flight now 0 fair_inc 26896 prop_inc 43428 fast_inc 0 eta_inc 16092 multi_dec -104982 quick_dec -0 nack_dec -45650
Flow Uec_182_54 flowId 63 uecSrc 62 finished at 341.562 total messages 1 total packets 490 RTS 0 total bytes 2002140 in_flight now 0 fair_inc 1668 prop_inc 41970 fast_inc 0 eta_inc 16688 multi_dec -112769 quick_dec -0 nack_dec -37350
Flow Uec_46_174 flowId 74 uecSrc 73 finished at 341.58 total messages 1 total packets 495 RTS 5 total bytes 2002140 in_flight now 0 fair_inc 3227 prop_inc 59343 fast_inc 0 eta_inc 13708 multi_dec -0 quick_dec -154724 nack_dec -4150
Flow Uec_89_217 flowId 68 uecSrc 67 finished at 342.012 total messages 1 total packets 490 RTS 0 total bytes 2002140 in_flight now 0 fair_inc 11385 prop_inc 25617 fast_inc 0 eta_inc 16092 multi_dec -92646 quick_dec -0 nack_dec -45650
Flow Uec_186_58 flowId 97 uecSrc 96 finished at 342.62 total messages 1 total packets 492 RTS 2 total bytes 2002140 in_flight now 0 fair_inc 11570 prop_inc 8652 fast_inc 0 eta_inc 16092 multi_dec -5028 quick_dec -0 nack_dec -45650
Flow Uec_172_44 flowId 158 uecSrc 157 finished at 343.377 total messages 1 total packets 491 RTS 1 total bytes 2002140 in_flight now 0 fair_inc 17882 prop_inc 22833 fast_inc 0 eta_inc 15496 multi_dec -84094 quick_dec -0 nack_dec -33200
Flow Uec_169_41 flowId 79 uecSrc 78 finished at 343.74 total messages 1 total packets 490 RTS 0 total bytes 2002140 in_flight now 0 fair_inc 8300 prop_inc 41726 fast_inc 0 eta_inc 16092 multi_dec -67974 quick_dec -0 nack_dec -66400
Flow Uec_78_206 flowId 180 uecSrc 179 finished at 343.749 total messages 1 total packets 490 RTS 0 total bytes 2002140 in_flight now 0 fair_inc 6857 prop_inc 32344 fast_inc 0 eta_inc 16092 multi_dec -67274 quick_dec -0 nack_dec -66400
Flow Uec_67_195 flowId 106 uecSrc 105 finished at 344.358 total messages 1 total packets 490 RTS 0 total bytes 2002140 in_flight now 0 fair_inc 2212 prop_inc 44750 fast_inc 1499 eta_inc 16688 multi_dec -104468 quick_dec -0 nack_dec -45650
Flow Uec_218_90 flowId 27 uecSrc 26 finished at 345.444 total messages 1 total packets 490 RTS 0 total bytes 2002140 in_flight now 0 fair_inc 2468 prop_inc 46687 fast_inc 0 eta_inc 16688 multi_dec -98840 quick_dec -0 nack_dec -53950
Flow Uec_45_173 flowId 139 uecSrc 138 finished at 345.581 total messages 1 total packets 498 RTS 8 total bytes 2002140 in_flight now 0 fair_inc 5716 prop_inc 17288 fast_inc 0 eta_inc 16092 multi_dec -337 quick_dec -0 nack_dec -0
Flow Uec_198_70 flowId 96 uecSrc 95 finished at 348.144 total messages 1 total packets 490 RTS 0 total bytes 2002140 in_flight now 0 fair_inc 11761 prop_inc 21674 fast_inc 0 eta_inc 16688 multi_dec -78703 quick_dec -0 nack_dec -53950
Flow Uec_222_94 flowId 75 uecSrc 74 finished at 349.148 total messages 1 total packets 490 RTS 0 total bytes 2002140 in_flight now 0 fair_inc 4569 prop_inc 26574 fast_inc 0 eta_inc 16092 multi_dec -70135 quick_dec -0 nack_dec -66400
Flow Uec_249_121 flowId 138 uecSrc 137 finished at 350.264 total messages 1 total packets 490 RTS 0 total bytes 2002140 in_flight now 0 fair_inc 14105 prop_inc 29901 fast_inc 0 eta_inc 16688 multi_dec -91017 quick_dec -0 nack_dec -49800
Flow Uec_53_181 flowId 65 uecSrc 64 finished at 355.074 total messages 1 total packets 490 RTS 0 total bytes 2002140 in_flight now 0 fair_inc 39169 prop_inc 44286 fast_inc 0 eta_inc 16688 multi_dec -135115 quick_dec -0 nack_dec -29050
Flow Uec_192_64 flowId 192 uecSrc 191 finished at 355.294 total messages 1 total packets 490 RTS 0 total bytes 2002140 in_flight now 0 fair_inc 2259 prop_inc 37275 fast_inc 140904 eta_inc 16092 multi_dec -128838 quick_dec -0 nack_dec -41500
Flow Uec_247_119 flowId 181 uecSrc 180 finished at 361.43 total messages 1 total packets 490 RTS 0 total bytes 2002140 in_flight now 0 fair_inc 31508 prop_inc 32010 fast_inc 0 eta_inc 17284 multi_dec -132914 quick_dec -0 nack_dec -29050
Flow Uec_20_148 flowId 168 uecSrc 167 finished at 361.781 total messages 1 total packets 491 RTS 1 total bytes 2002140 in_flight now 0 fair_inc 15714 prop_inc 54424 fast_inc 0 eta_inc 17284 multi_dec -166614 quick_dec -0 nack_dec -12450
Flow Uec_24_152 flowId 77 uecSrc 76 finished at 362.54 total messages 1 total packets 492 RTS 2 total bytes 2002140 in_flight now 0 fair_inc 5077 prop_inc 61071 fast_inc 0 eta_inc 16688 multi_dec -138247 quick_dec -0 nack_dec -20750
Flow Uec_114_242 flowId 136 uecSrc 135 finished at 363.306 total messages 1 total packets 490 RTS 0 total bytes 2002140 in_flight now 0 fair_inc 10859 prop_inc 23667 fast_inc 0 eta_inc 17284 multi_dec -75747 quick_dec -0 nack_dec -66400
Flow Uec_23_151 flowId 117 uecSrc 116 finished at 363.931 total messages 1 total packets 493 RTS 3 total bytes 2002140 in_flight now 0 fair_inc 7223 prop_inc 38197 fast_inc 7070 eta_inc 14900 multi_dec -0 quick_dec -149112 nack_dec -8300
Flow Uec_141_13 flowId 32 uecSrc 31 finished at 364.649 total messages 1 total packets 493 RTS 3 total bytes 2002140 in_flight now 0 fair_inc 3255 prop_inc 65570 fast_inc 0 eta_inc 16688 multi_dec -113599 quick_dec -0 nack_dec -29050
371.151 flowid 149 Spurious 417
Flow Uec_250_122 flowId 163 uecSrc 162 finished at 371.946 total messages 1 total packets 490 RTS 0 total bytes 2002140 in_flight now 0 fair_inc 21776 prop_inc 47006 fast_inc 0 eta_inc 17284 multi_dec -129940 quick_dec -0 nack_dec -33200
372.088 flowid 113 Spurious 483
372.162 flowid 149 Spurious 419
Flow Uec_177_49 flowId 101 uecSrc 100 finished at 376.217 total messages 1 total packets 490 RTS 0 total bytes 2002140 in_flight now 0 fair_inc 3033 prop_inc 61142 fast_inc 70192 eta_inc 17880 multi_dec -131479 quick_dec -0 nack_dec -37350
Flow Uec_233_105 flowId 47 uecSrc 46 finished at 377.334 total messages 1 total packets 490 RTS 0 total bytes 2002140 in_flight now 0 fair_inc 12606 prop_inc 34443 fast_inc 0 eta_inc 17880 multi_dec -84186 quick_dec -0 nack_dec -70550
Flow Uec_10_138 flowId 113 uecSrc 112 finished at 378.059 total messages 1 total packets 494 RTS 4 total bytes 2002140 in_flight now 0 fair_inc 3964 prop_inc 73486 fast_inc 0 eta_inc 15496 multi_dec -0 quick_dec -167722 nack_dec -33200
Flow Uec_48_176 flowId 56 uecSrc 55 finished at 379.2 total messages 1 total packets 499 RTS 9 total bytes 2002140 in_flight now -128 fair_inc 23790 prop_inc 27272 fast_inc 0 eta_inc 17284 multi_dec -80994 quick_dec -0 nack_dec -20750
Flow Uec_240_112 flowId 52 uecSrc 51 finished at 379.283 total messages 1 total packets 490 RTS 0 total bytes 2002140 in_flight now 0 fair_inc 6717 prop_inc 35466 fast_inc 0 eta_inc 17880 multi_dec -79916 quick_dec -0 nack_dec -78850
Flow Uec_239_111 flowId 143 uecSrc 142 finished at 380.884 total messages 1 total packets 490 RTS 0 total bytes 2002140 in_flight now 0 fair_inc 11806 prop_inc 33253 fast_inc 0 eta_inc 17880 multi_dec -71547 quick_dec -0 nack_dec -83000
Flow Uec_227_99 flowId 166 uecSrc 165 finished at 380.921 total messages 1 total packets 490 RTS 0 total bytes 2002140 in_flight now 0 fair_inc 14017 prop_inc 53114 fast_inc 0 eta_inc 17880 multi_dec -127625 quick_dec -0 nack_dec -45650
383.241 flowid 149 Spurious 441
383.91 flowid 149 Spurious 442
Flow Uec_229_101 flowId 146 uecSrc 145 finished at 384.092 total messages 1 total packets 490 RTS 0 total bytes 2002140 in_flight now 0 fair_inc 3525 prop_inc 36888 fast_inc 0 eta_inc 18476 multi_dec -86193 quick_dec -0 nack_dec -70550
Flow Uec_3_131 flowId 134 uecSrc 133 finished at 387.523 total messages 1 total packets 492 RTS 2 total bytes 2002140 in_flight now 0 fair_inc 7899 prop_inc 88281 fast_inc 0 eta_inc 17880 multi_dec -176127 quick_dec -0 nack_dec -4150
Flow Uec_246_118 flowId 90 uecSrc 89 finished at 391.829 total messages 1 total packets 490 RTS 0 total bytes 2002140 in_flight now 0 fair_inc 5939 prop_inc 55529 fast_inc 0 eta_inc 17284 multi_dec -129356 quick_dec -0 nack_dec -45650
Flow Uec_38_166 flowId 72 uecSrc 71 finished at 393.563 total messages 1 total packets 492 RTS 2 total bytes 2002140 in_flight now 0 fair_inc 4640 prop_inc 53561 fast_inc 0 eta_inc 18476 multi_dec -147497 quick_dec -0 nack_dec -24900
Flow Uec_7_135 flowId 84 uecSrc 83 finished at 395.825 total messages 1 total packets 501 RTS 11 total bytes 2002140 in_flight now -64 fair_inc 5338 prop_inc 60819 fast_inc 0 eta_inc 18476 multi_dec -6302 quick_dec -0 nack_dec -16600
Flow Uec_226_98 flowId 104 uecSrc 103 finished at 396.253 total messages 1 total packets 490 RTS 0 total bytes 2002140 in_flight now 0 fair_inc 15687 prop_inc 52371 fast_inc 0 eta_inc 17880 multi_dec -119604 quick_dec -0 nack_dec -53950
Flow Uec_243_115 flowId 59 uecSrc 58 finished at 396.354 total messages 1 total packets 490 RTS 0 total bytes 2002140 in_flight now 0 fair_inc 10018 prop_inc 24504 fast_inc 0 eta_inc 18476 multi_dec -88547 quick_dec -0 nack_dec -62250
Flow Uec_35_163 flowId 5 uecSrc 4 finished at 397.905 total messages 1 total packets 497 RTS 7 total bytes 2002140 in_flight now -64 fair_inc 6371 prop_inc 41263 fast_inc 0 eta_inc 14304 multi_dec -0 quick_dec -163327 nack_dec -16600
Flow Uec_234_106 flowId 118 uecSrc 117 finished at 398.74 total messages 1 total packets 490 RTS 0 total bytes 2002140 in_flight now 0 fair_inc 2218 prop_inc 26080 fast_inc 0 eta_inc 19072 multi_dec -76433 quick_dec -0 nack_dec -74700
Flow Uec_52_180 flowId 145 uecSrc 144 finished at 408.279 total messages 1 total packets 490 RTS 0 total bytes 2002140 in_flight now 0 fair_inc 10434 prop_inc 54352 fast_inc 0 eta_inc 19072 multi_dec -124032 quick_dec -0 nack_dec -62250
Flow Uec_178_50 flowId 155 uecSrc 154 finished at 408.637 total messages 1 total packets 490 RTS 0 total bytes 2002140 in_flight now 0 fair_inc 20741 prop_inc 48941 fast_inc 0 eta_inc 19668 multi_dec -54093 quick_dec -0 nack_dec -103750
Flow Uec_19_147 flowId 149 uecSrc 148 finished at 410.631 total messages 1 total packets 496 RTS 6 total bytes 2002140 in_flight now -64 fair_inc 12189 prop_inc 30556 fast_inc 0 eta_inc 16092 multi_dec -33959 quick_dec -116268 nack_dec -12450
Flow Uec_113_241 flowId 154 uecSrc 153 finished at 412.663 total messages 1 total packets 490 RTS 0 total bytes 2002140 in_flight now 0 fair_inc 21027 prop_inc 47509 fast_inc 0 eta_inc 19072 multi_dec -39442 quick_dec -0 nack_dec -124500
Flow Uec_60_188 flowId 36 uecSrc 35 finished at 412.943 total messages 1 total packets 491 RTS 1 total bytes 2002140 in_flight now 0 fair_inc 0 prop_inc 90189 fast_inc 254576 eta_inc 17880 multi_dec -0 quick_dec -0 nack_dec -0
413.775 flowid 111 Spurious 367
Flow Uec_160_32 flowId 15 uecSrc 14 finished at 414.662 total messages 1 total packets 492 RTS 2 total bytes 2002140 in_flight now 0 fair_inc 11292 prop_inc 20388 fast_inc 0 eta_inc 19072 multi_dec -71402 quick_dec -0 nack_dec -83000
415.306 flowid 111 Spurious 371
Flow Uec_44_172 flowId 111 uecSrc 110 finished at 416.262 total messages 1 total packets 499 RTS 9 total bytes 2002140 in_flight now 0 fair_inc 18168 prop_inc 32707 fast_inc 0 eta_inc 19072 multi_dec -601 quick_dec -0 nack_dec -4150
416.322 flowid 111 Spurious 373
Flow Uec_115_243 flowId 54 uecSrc 53 finished at 417.528 total messages 1 total packets 490 RTS 0 total bytes 2002140 in_flight now 0 fair_inc 16919 prop_inc 122083 fast_inc 45949 eta_inc 18476 multi_dec -185320 quick_dec -0 nack_dec -33200
Flow Uec_84_212 flowId 177 uecSrc 176 finished at 426.543 total messages 1 total packets 490 RTS 0 total bytes 2002140 in_flight now 0 fair_inc 24333 prop_inc 21043 fast_inc 0 eta_inc 20264 multi_dec -48393 quick_dec -0 nack_dec -128650
Flow Uec_50_178 flowId 119 uecSrc 118 finished at 428.443 total messages 1 total packets 490 RTS 0 total bytes 2002140 in_flight now 0 fair_inc 17528 prop_inc 56759 fast_inc 0 eta_inc 19072 multi_dec -115415 quick_dec -0 nack_dec -66400
429.216 flowid 164 Spurious 490
Flow Uec_73_201 flowId 62 uecSrc 61 finished at 430.256 total messages 1 total packets 490 RTS 0 total bytes 2002140 in_flight now 0 fair_inc 28197 prop_inc 8462 fast_inc 0 eta_inc 20264 multi_dec -52861 quick_dec -0 nack_dec -103750
Flow Uec_62_190 flowId 89 uecSrc 88 finished at 435.626 total messages 1 total packets 491 RTS 1 total bytes 2002140 in_flight now 0 fair_inc 0 prop_inc 50037 fast_inc 410633 eta_inc 14900 multi_dec -0 quick_dec -115355 nack_dec -4150
Flow Uec_59_187 flowId 1 uecSrc 0 finished at 436.34 total messages 1 total packets 491 RTS 1 total bytes 2002140 in_flight now 0 fair_inc 0 prop_inc 138112 fast_inc 163139 eta_inc 15496 multi_dec -0 quick_dec -208166 nack_dec -8300
Flow Uec_58_186 flowId 2 uecSrc 1 finished at 436.773 total messages 1 total packets 493 RTS 3 total bytes 2002140 in_flight now 0 fair_inc 1208 prop_inc 107393 fast_inc 0 eta_inc 19072 multi_dec -0 quick_dec -0 nack_dec -16600
Flow Uec_183_55 flowId 16 uecSrc 15 finished at 436.851 total messages 1 total packets 490 RTS 0 total bytes 2002140 in_flight now 0 fair_inc 4257 prop_inc 56232 fast_inc 36366 eta_inc 20264 multi_dec -24478 quick_dec -0 nack_dec -145250
Flow Uec_228_100 flowId 100 uecSrc 99 finished at 439.44 total messages 1 total packets 490 RTS 0 total bytes 2002140 in_flight now 0 fair_inc 10734 prop_inc 96575 fast_inc 0 eta_inc 20264 multi_dec -61599 quick_dec -0 nack_dec -128650
Flow Uec_102_230 flowId 87 uecSrc 86 finished at 453.965 total messages 1 total packets 490 RTS 0 total bytes 2002140 in_flight now 0 fair_inc 30551 prop_inc 17237 fast_inc 0 eta_inc 21456 multi_dec -47552 quick_dec -0 nack_dec -132800
Flow Uec_165_37 flowId 18 uecSrc 17 finished at 458.39 total messages 1 total packets 490 RTS 0 total bytes 2002140 in_flight now 0 fair_inc 17957 prop_inc 42943 fast_inc 0 eta_inc 20860 multi_dec -99476 quick_dec -0 nack_dec -87150
Flow Uec_5_133 flowId 8 uecSrc 7 finished at 462.248 total messages 1 total packets 502 RTS 12 total bytes 2002140 in_flight now 0 fair_inc 8857 prop_inc 63886 fast_inc 1010 eta_inc 19072 multi_dec -19802 quick_dec -106769 nack_dec -12450
Flow Uec_69_197 flowId 83 uecSrc 82 finished at 462.862 total messages 1 total packets 490 RTS 0 total bytes 2002140 in_flight now 0 fair_inc 18574 prop_inc 13884 fast_inc 0 eta_inc 22052 multi_dec -80592 quick_dec -0 nack_dec -91300
Flow Uec_8_136 flowId 4 uecSrc 3 finished at 465.222 total messages 1 total packets 503 RTS 13 total bytes 2002140 in_flight now 0 fair_inc 416 prop_inc 87418 fast_inc 0 eta_inc 18476 multi_dec -0 quick_dec -119114 nack_dec -29050
Flow Uec_32_160 flowId 48 uecSrc 47 finished at 468.954 total messages 1 total packets 501 RTS 11 total bytes 2002140 in_flight now -64 fair_inc 14564 prop_inc 57638 fast_inc 0 eta_inc 20860 multi_dec -0 quick_dec -82705 nack_dec -4150
Flow Uec_11_139 flowId 37 uecSrc 36 finished at 471.241 total messages 1 total packets 499 RTS 9 total bytes 2002140 in_flight now 0 fair_inc 4307 prop_inc 123250 fast_inc 0 eta_inc 22052 multi_dec -0 quick_dec -0 nack_dec -45650
Flow Uec_70_198 flowId 172 uecSrc 171 finished at 472.793 total messages 1 total packets 490 RTS 0 total bytes 2002140 in_flight now 0 fair_inc 18364 prop_inc 40146 fast_inc 0 eta_inc 22052 multi_dec -100711 quick_dec -0 nack_dec -83000
Flow Uec_43_171 flowId 188 uecSrc 187 finished at 472.99 total messages 1 total packets 500 RTS 10 total bytes 2002140 in_flight now 0 fair_inc 16509 prop_inc 74437 fast_inc 2020 eta_inc 20860 multi_dec -94131 quick_dec -0 nack_dec -16600
Flow Uec_130_2 flowId 174 uecSrc 173 finished at 481.446 total messages 1 total packets 490 RTS 0 total bytes 2002140 in_flight now 0 fair_inc 16257 prop_inc 9199 fast_inc 0 eta_inc 22648 multi_dec -62727 quick_dec -0 nack_dec -120350
Flow Uec_162_34 flowId 114 uecSrc 113 finished at 487.968 total messages 1 total packets 492 RTS 2 total bytes 2002140 in_flight now 0 fair_inc 41878 prop_inc 21542 fast_inc 0 eta_inc 20860 multi_dec -74339 quick_dec -0 nack_dec -153550
Flow Uec_111_239 flowId 170 uecSrc 169 finished at 489.854 total messages 1 total packets 490 RTS 0 total bytes 2002140 in_flight now 0 fair_inc 23917 prop_inc 28883 fast_inc 0 eta_inc 22648 multi_dec -112578 quick_dec -0 nack_dec -74700
Flow Uec_230_102 flowId 115 uecSrc 114 finished at 490.11 total messages 1 total packets 490 RTS 0 total bytes 2002140 in_flight now 0 fair_inc 33535 prop_inc 17674 fast_inc 0 eta_inc 22648 multi_dec -14020 quick_dec -0 nack_dec -161850
Flow Uec_98_226 flowId 126 uecSrc 125 finished at 490.673 total messages 1 total packets 490 RTS 0 total bytes 2002140 in_flight now 0 fair_inc 14113 prop_inc 15565 fast_inc 0 eta_inc 21456 multi_dec -86126 quick_dec -0 nack_dec -91300
Flow Uec_97_225 flowId 69 uecSrc 68 finished at 499.374 total messages 1 total packets 490 RTS 0 total bytes 2002140 in_flight now 0 fair_inc 28892 prop_inc 24767 fast_inc 0 eta_inc 23244 multi_dec -76402 quick_dec -0 nack_dec -107900
Flow Uec_170_42 flowId 70 uecSrc 69 finished at 503.073 total messages 1 total packets 491 RTS 1 total bytes 2002140 in_flight now 0 fair_inc 30396 prop_inc 27243 fast_inc 0 eta_inc 22052 multi_dec -96486 quick_dec -0 nack_dec -83000
Flow Uec_116_244 flowId 66 uecSrc 65 finished at 503.425 total messages 1 total packets 490 RTS 0 total bytes 2002140 in_flight now 0 fair_inc 35050 prop_inc 14565 fast_inc 0 eta_inc 23840 multi_dec -102491 quick_dec -0 nack_dec -99600
Flow Uec_121_249 flowId 30 uecSrc 29 finished at 510.82 total messages 1 total packets 490 RTS 0 total bytes 2002140 in_flight now 0 fair_inc 21143 prop_inc 15120 fast_inc 0 eta_inc 23840 multi_dec -76414 quick_dec -0 nack_dec -107900
Flow Uec_87_215 flowId 53 uecSrc 52 finished at 511.001 total messages 1 total packets 490 RTS 0 total bytes 2002140 in_flight now 0 fair_inc 34022 prop_inc 32674 fast_inc 0 eta_inc 23840 multi_dec -81857 quick_dec -0 nack_dec -120350
Flow Uec_105_233 flowId 26 uecSrc 25 finished at 514.781 total messages 1 total packets 490 RTS 0 total bytes 2002140 in_flight now 0 fair_inc 21349 prop_inc 24180 fast_inc 0 eta_inc 23840 multi_dec -59462 quick_dec -0 nack_dec -124500
Flow Uec_123_251 flowId 23 uecSrc 22 finished at 515.142 total messages 1 total packets 490 RTS 0 total bytes 2002140 in_flight now 0 fair_inc 38728 prop_inc 16320 fast_inc 0 eta_inc 23840 multi_dec -85513 quick_dec -0 nack_dec -112050
Flow Uec_119_247 flowId 6 uecSrc 5 finished at 516.5 total messages 1 total packets 490 RTS 0 total bytes 2002140 in_flight now 0 fair_inc 21902 prop_inc 15970 fast_inc 0 eta_inc 24436 multi_dec -71915 quick_dec -0 nack_dec -112050
Flow Uec_109_237 flowId 129 uecSrc 128 finished at 516.758 total messages 1 total packets 490 RTS 0 total bytes 2002140 in_flight now 0 fair_inc 33407 prop_inc 45385 fast_inc 0 eta_inc 23840 multi_dec -103666 quick_dec -0 nack_dec -95450
Flow Uec_164_36 flowId 91 uecSrc 90 finished at 521.471 total messages 1 total packets 491 RTS 1 total bytes 2002140 in_flight now 0 fair_inc 31166 prop_inc 50843 fast_inc 116666 eta_inc 21456 multi_dec -134793 quick_dec -0 nack_dec -62250
Flow Uec_242_114 flowId 33 uecSrc 32 finished at 529.801 total messages 1 total packets 490 RTS 0 total bytes 2002140 in_flight now 0 fair_inc 25737 prop_inc 22852 fast_inc 0 eta_inc 21456 multi_dec -24733 quick_dec -0 nack_dec -166000
Flow Uec_9_137 flowId 58 uecSrc 57 finished at 530.463 total messages 1 total packets 505 RTS 15 total bytes 2002140 in_flight now -64 fair_inc 2964 prop_inc 94865 fast_inc 0 eta_inc 23244 multi_dec -0 quick_dec -0 nack_dec -41500
Flow Uec_231_103 flowId 29 uecSrc 28 finished at 534.726 total messages 1 total packets 490 RTS 0 total bytes 2002140 in_flight now 0 fair_inc 41556 prop_inc 18892 fast_inc 0 eta_inc 25032 multi_dec -79165 quick_dec -0 nack_dec -112050
Flow Uec_145_17 flowId 35 uecSrc 34 finished at 534.816 total messages 1 total packets 490 RTS 0 total bytes 2002140 in_flight now 0 fair_inc 13733 prop_inc 12636 fast_inc 0 eta_inc 24436 multi_dec -61850 quick_dec -0 nack_dec -103750
Flow Uec_193_65 flowId 108 uecSrc 107 finished at 537.164 total messages 1 total packets 490 RTS 0 total bytes 2002140 in_flight now 0 fair_inc 31001 prop_inc 48549 fast_inc 256079 eta_inc 22052 multi_dec -137055 quick_dec -12551 nack_dec -95450
Flow Uec_244_116 flowId 73 uecSrc 72 finished at 539.424 total messages 1 total packets 490 RTS 0 total bytes 2002140 in_flight now 0 fair_inc 36427 prop_inc 25038 fast_inc 0 eta_inc 25032 multi_dec -105771 quick_dec -0 nack_dec -91300
Flow Uec_158_30 flowId 10 uecSrc 9 finished at 539.965 total messages 1 total packets 490 RTS 0 total bytes 2002140 in_flight now 0 fair_inc 42725 prop_inc 15824 fast_inc 0 eta_inc 23244 multi_dec -65173 quick_dec -0 nack_dec -128650
Flow Uec_201_73 flowId 78 uecSrc 77 finished at 542.434 total messages 1 total packets 490 RTS 0 total bytes 2002140 in_flight now 0 fair_inc 30344 prop_inc 2474 fast_inc 0 eta_inc 25628 multi_dec -44813 quick_dec -0 nack_dec -136950
543.816 flowid 164 Spurious 490
Flow Uec_191_63 flowId 46 uecSrc 45 finished at 545.217 total messages 1 total packets 490 RTS 0 total bytes 2002140 in_flight now 0 fair_inc 42097 prop_inc 120477 fast_inc 0 eta_inc 22052 multi_dec -156256 quick_dec -13601 nack_dec -74700
Flow Uec_61_189 flowId 184 uecSrc 183 finished at 549.17 total messages 1 total packets 491 RTS 1 total bytes 2002140 in_flight now 0 fair_inc 1659 prop_inc 155535 fast_inc 0 eta_inc 22052 multi_dec -0 quick_dec -180981 nack_dec -20750
Flow Uec_135_7 flowId 164 uecSrc 163 finished at 551.857 total messages 1 total packets 491 RTS 1 total bytes 2002140 in_flight now 0 fair_inc 3546 prop_inc 47845 fast_inc 0 eta_inc 16092 multi_dec -114159 quick_dec -0 nack_dec -16600
Flow Uec_74_202 flowId 86 uecSrc 85 finished at 555.021 total messages 1 total packets 490 RTS 0 total bytes 2002140 in_flight now 0 fair_inc 29249 prop_inc 80796 fast_inc 0 eta_inc 23244 multi_dec -117728 quick_dec -0 nack_dec -107900
Flow Uec_237_109 flowId 156 uecSrc 155 finished at 560.914 total messages 1 total packets 490 RTS 0 total bytes 2002140 in_flight now 0 fair_inc 40934 prop_inc 29200 fast_inc 15640 eta_inc 19668 multi_dec -121104 quick_dec -0 nack_dec -91300
Flow Uec_117_245 flowId 11 uecSrc 10 finished at 565.489 total messages 1 total packets 490 RTS 0 total bytes 2002140 in_flight now 0 fair_inc 51654 prop_inc 121290 fast_inc 0 eta_inc 24436 multi_dec -141134 quick_dec --3354 nack_dec -120350
Flow Uec_85_213 flowId 105 uecSrc 104 finished at 570.917 total messages 1 total packets 490 RTS 0 total bytes 2002140 in_flight now 0 fair_inc 23148 prop_inc 7407 fast_inc 0 eta_inc 26224 multi_dec -37366 quick_dec -0 nack_dec -149400
Flow Uec_33_161 flowId 98 uecSrc 97 finished at 572.08 total messages 1 total packets 494 RTS 4 total bytes 2002140 in_flight now 0 fair_inc 3356 prop_inc 68918 fast_inc 0 eta_inc 23244 multi_dec -171875 quick_dec -0 nack_dec -16600
Flow Uec_2_130 flowId 50 uecSrc 49 finished at 574.021 total messages 1 total packets 500 RTS 10 total bytes 2002140 in_flight now -128 fair_inc 7543 prop_inc 56878 fast_inc 1010 eta_inc 19668 multi_dec -8912 quick_dec -123458 nack_dec -20750
Flow Uec_149_21 flowId 67 uecSrc 66 finished at 580.977 total messages 1 total packets 491 RTS 1 total bytes 2002140 in_flight now 0 fair_inc 66283 prop_inc 27203 fast_inc 0 eta_inc 26224 multi_dec -109178 quick_dec -0 nack_dec -132800
Flow Uec_146_18 flowId 125 uecSrc 124 finished at 589.65 total messages 1 total packets 490 RTS 0 total bytes 2002140 in_flight now 0 fair_inc 13412 prop_inc 32471 fast_inc 0 eta_inc 27416 multi_dec -66776 quick_dec -0 nack_dec -120350
Flow Uec_241_113 flowId 162 uecSrc 161 finished at 592.009 total messages 1 total packets 490 RTS 0 total bytes 2002140 in_flight now 0 fair_inc 28712 prop_inc 57288 fast_inc 0 eta_inc 27416 multi_dec -128423 quick_dec -0 nack_dec -87150
Flow Uec_156_28 flowId 95 uecSrc 94 finished at 592.855 total messages 1 total packets 490 RTS 0 total bytes 2002140 in_flight now 0 fair_inc 26236 prop_inc 13089 fast_inc 0 eta_inc 26820 multi_dec -34523 quick_dec -0 nack_dec -166000
Flow Uec_90_218 flowId 185 uecSrc 184 finished at 596.788 total messages 1 total packets 490 RTS 0 total bytes 2002140 in_flight now 0 fair_inc 9109 prop_inc 10713 fast_inc 0 eta_inc 27416 multi_dec -65566 quick_dec -0 nack_dec -112050
Flow Uec_81_209 flowId 121 uecSrc 120 finished at 599.087 total messages 1 total packets 490 RTS 0 total bytes 2002140 in_flight now 0 fair_inc 29093 prop_inc 15438 fast_inc 0 eta_inc 25628 multi_dec -52039 quick_dec -0 nack_dec -166000
Flow Uec_143_15 flowId 130 uecSrc 129 finished at 619.092 total messages 1 total packets 490 RTS 0 total bytes 2002140 in_flight now 0 fair_inc 36401 prop_inc 36193 fast_inc 0 eta_inc 28012 multi_dec -59277 quick_dec -0 nack_dec -145250
Flow Uec_171_43 flowId 173 uecSrc 172 finished at 619.254 total messages 1 total packets 491 RTS 1 total bytes 2002140 in_flight now 0 fair_inc 45267 prop_inc 17454 fast_inc 0 eta_inc 27416 multi_dec -90503 quick_dec -0 nack_dec -120350
Flow Uec_131_3 flowId 159 uecSrc 158 finished at 626.687 total messages 1 total packets 491 RTS 1 total bytes 2002140 in_flight now 0 fair_inc 40382 prop_inc 57797 fast_inc 0 eta_inc 27416 multi_dec -72235 quick_dec -0 nack_dec -166000
Flow Uec_161_33 flowId 14 uecSrc 13 finished at 628.327 total messages 1 total packets 491 RTS 1 total bytes 2002140 in_flight now 0 fair_inc 58374 prop_inc 15933 fast_inc 0 eta_inc 28608 multi_dec -93694 quick_dec -0 nack_dec -153550
Flow Uec_34_162 flowId 88 uecSrc 87 finished at 632.123 total messages 1 total packets 491 RTS 1 total bytes 2002140 in_flight now 0 fair_inc 1363 prop_inc 89773 fast_inc 7071 eta_inc 23244 multi_dec -153631 quick_dec --1729 nack_dec -20750
Flow Uec_199_71 flowId 99 uecSrc 98 finished at 635.75 total messages 1 total packets 490 RTS 0 total bytes 2002140 in_flight now 0 fair_inc 0 prop_inc 14158 fast_inc 0 eta_inc 28012 multi_dec -29760 quick_dec -0 nack_dec -141100
Flow Uec_83_211 flowId 157 uecSrc 156 finished at 637.187 total messages 1 total packets 490 RTS 0 total bytes 2002140 in_flight now 0 fair_inc 30976 prop_inc 28217 fast_inc 0 eta_inc 26224 multi_dec -71456 quick_dec -0 nack_dec -136950
Flow Uec_13_141 flowId 92 uecSrc 91 finished at 637.647 total messages 1 total packets 503 RTS 13 total bytes 2002140 in_flight now -64 fair_inc 3581 prop_inc 87933 fast_inc 0 eta_inc 19668 multi_dec -0 quick_dec -92698 nack_dec -41500
Flow Uec_206_78 flowId 94 uecSrc 93 finished at 638.175 total messages 1 total packets 490 RTS 0 total bytes 2002140 in_flight now 0 fair_inc 34750 prop_inc 19548 fast_inc 0 eta_inc 29204 multi_dec -48774 quick_dec -0 nack_dec -166000
Flow Uec_47_175 flowId 107 uecSrc 106 finished at 644.81 total messages 1 total packets 496 RTS 6 total bytes 2002140 in_flight now -64 fair_inc 40855 prop_inc 72786 fast_inc 0 eta_inc 29204 multi_dec -166620 quick_dec -0 nack_dec -41500
Flow Uec_76_204 flowId 43 uecSrc 42 finished at 645.422 total messages 1 total packets 490 RTS 0 total bytes 2002140 in_flight now 0 fair_inc 44320 prop_inc 19113 fast_inc 0 eta_inc 26820 multi_dec -83847 quick_dec -0 nack_dec -141100
Flow Uec_159_31 flowId 175 uecSrc 174 finished at 645.914 total messages 1 total packets 492 RTS 2 total bytes 2002140 in_flight now 0 fair_inc 48716 prop_inc 64282 fast_inc 0 eta_inc 29204 multi_dec -108858 quick_dec -0 nack_dec -120350
Flow Uec_221_93 flowId 178 uecSrc 177 finished at 651.56 total messages 1 total packets 490 RTS 0 total bytes 2002140 in_flight now 0 fair_inc 52894 prop_inc 18522 fast_inc 0 eta_inc 29800 multi_dec -96531 quick_dec -0 nack_dec -132800
Flow Uec_80_208 flowId 51 uecSrc 50 finished at 652.26 total messages 1 total packets 490 RTS 0 total bytes 2002140 in_flight now 0 fair_inc 36448 prop_inc 18565 fast_inc 0 eta_inc 26224 multi_dec -64135 quick_dec -0 nack_dec -153550
Flow Uec_175_47 flowId 82 uecSrc 81 finished at 660.942 total messages 1 total packets 493 RTS 3 total bytes 2002140 in_flight now 0 fair_inc 39036 prop_inc 68818 fast_inc 0 eta_inc 22648 multi_dec -7462 quick_dec -47189 nack_dec -149400
Flow Uec_92_220 flowId 161 uecSrc 160 finished at 665.215 total messages 1 total packets 490 RTS 0 total bytes 2002140 in_flight now 0 fair_inc 38286 prop_inc 51735 fast_inc 0 eta_inc 26224 multi_dec -110011 quick_dec -0 nack_dec -120350
Flow Uec_79_207 flowId 76 uecSrc 75 finished at 665.969 total messages 1 total packets 490 RTS 0 total bytes 2002140 in_flight now 0 fair_inc 45923 prop_inc 33537 fast_inc 0 eta_inc 29800 multi_dec -88276 quick_dec -0 nack_dec -136950
Flow Uec_0_128 flowId 55 uecSrc 54 finished at 669.631 total messages 1 total packets 506 RTS 16 total bytes 2002140 in_flight now -64 fair_inc 11063 prop_inc 90323 fast_inc 0 eta_inc 23244 multi_dec -8520 quick_dec -71070 nack_dec -53950
Flow Uec_251_123 flowId 13 uecSrc 12 finished at 675.909 total messages 1 total packets 490 RTS 0 total bytes 2002140 in_flight now 0 fair_inc 23370 prop_inc 12726 fast_inc 0 eta_inc 29800 multi_dec -76739 quick_dec -0 nack_dec -124500
678.015 flowid 147 Spurious 490
678.176 flowid 147 Spurious 491
Flow Uec_94_222 flowId 20 uecSrc 19 finished at 679.88 total messages 1 total packets 490 RTS 0 total bytes 2002140 in_flight now 0 fair_inc 21957 prop_inc 65389 fast_inc 0 eta_inc 27416 multi_dec -121403 quick_dec -0 nack_dec -95450
Flow Uec_77_205 flowId 182 uecSrc 181 finished at 680.237 total messages 1 total packets 490 RTS 0 total bytes 2002140 in_flight now 0 fair_inc 40546 prop_inc 42763 fast_inc 0 eta_inc 28608 multi_dec -50397 quick_dec -0 nack_dec -161850
Flow Uec_147_19 flowId 112 uecSrc 111 finished at 684.784 total messages 1 total packets 491 RTS 1 total bytes 2002140 in_flight now 0 fair_inc 46059 prop_inc 87227 fast_inc 0 eta_inc 30992 multi_dec -155112 quick_dec -0 nack_dec -103750
Flow Uec_144_16 flowId 81 uecSrc 80 finished at 685.992 total messages 1 total packets 490 RTS 0 total bytes 2002140 in_flight now 0 fair_inc 39215 prop_inc 42975 fast_inc 125756 eta_inc 25628 multi_dec -107958 quick_dec -0 nack_dec -124500
Flow Uec_136_8 flowId 147 uecSrc 146 finished at 686.056 total messages 1 total packets 492 RTS 2 total bytes 2002140 in_flight now 0 fair_inc 35402 prop_inc 21019 fast_inc 0 eta_inc 25628 multi_dec -5574 quick_dec -0 nack_dec -153550
Flow Uec_95_223 flowId 151 uecSrc 150 finished at 689.205 total messages 1 total packets 490 RTS 0 total bytes 2002140 in_flight now 0 fair_inc 40109 prop_inc 31925 fast_inc 41906 eta_inc 30992 multi_dec -90740 quick_dec -0 nack_dec -145250
Flow Uec_168_40 flowId 109 uecSrc 108 finished at 696.31 total messages 1 total packets 490 RTS 0 total bytes 2002140 in_flight now 0 fair_inc 22224 prop_inc 96843 fast_inc 0 eta_inc 26224 multi_dec -165099 quick_dec --905 nack_dec -87150
Flow Uec_254_126 flowId 39 uecSrc 38 finished at 701.634 total messages 1 total packets 490 RTS 0 total bytes 2002140 in_flight now 0 fair_inc 37567 prop_inc 16399 fast_inc 0 eta_inc 30396 multi_dec -59442 quick_dec -0 nack_dec -166000
Flow Uec_57_185 flowId 141 uecSrc 140 finished at 702.818 total messages 1 total packets 491 RTS 1 total bytes 2002140 in_flight now 0 fair_inc 0 prop_inc 93029 fast_inc 0 eta_inc 26820 multi_dec -0 quick_dec -180871 nack_dec -20750
Flow Uec_152_24 flowId 12 uecSrc 11 finished at 705.636 total messages 1 total packets 490 RTS 0 total bytes 2002140 in_flight now 0 fair_inc 26113 prop_inc 31999 fast_inc 115655 eta_inc 28012 multi_dec -161340 quick_dec -0 nack_dec -74700
Flow Uec_253_125 flowId 127 uecSrc 126 finished at 717.132 total messages 1 total packets 490 RTS 0 total bytes 2002140 in_flight now 0 fair_inc 31180 prop_inc 28912 fast_inc 0 eta_inc 32780 multi_dec -81742 quick_dec -0 nack_dec -136950
Flow Uec_140_12 flowId 7 uecSrc 6 finished at 748.67 total messages 1 total packets 490 RTS 0 total bytes 2002140 in_flight now 0 fair_inc 17522 prop_inc 101532 fast_inc 44940 eta_inc 26224 multi_dec -158676 quick_dec -8857 nack_dec -74700
Flow Uec_245_117 flowId 44 uecSrc 43 finished at 765.706 total messages 1 total packets 490 RTS 0 total bytes 2002140 in_flight now 0 fair_inc 54669 prop_inc 32663 fast_inc 61103 eta_inc 33972 multi_dec -112213 quick_dec -0 nack_dec -157700
Flow Uec_56_184 flowId 64 uecSrc 63 finished at 817.669 total messages 1 total packets 491 RTS 1 total bytes 2002140 in_flight now 0 fair_inc 4373 prop_inc 99327 fast_inc 0 eta_inc 21456 multi_dec -0 quick_dec -178201 nack_dec -16600
Flow Uec_225_97 flowId 144 uecSrc 143 finished at 832.011 total messages 1 total packets 490 RTS 0 total bytes 2002140 in_flight now 0 fair_inc 43731 prop_inc 70425 fast_inc 11112 eta_inc 27416 multi_dec -67125 quick_dec -118681 nack_dec -124500
Flow Uec_224_96 flowId 132 uecSrc 131 finished at 848.173 total messages 1 total packets 490 RTS 0 total bytes 2002140 in_flight now 0 fair_inc 31297 prop_inc 76501 fast_inc 0 eta_inc 28012 multi_dec -35623 quick_dec -56610 nack_dec -149400
Flow Uec_211_83 flowId 179 uecSrc 178 finished at 859.389 total messages 1 total packets 490 RTS 0 total bytes 2002140 in_flight now 0 fair_inc 35680 prop_inc 6024 fast_inc 0 eta_inc 33376 multi_dec -79743 quick_dec -13143 nack_dec -170150
Flow Uec_208_80 flowId 167 uecSrc 166 finished at 906.03 total messages 1 total packets 490 RTS 0 total bytes 2002140 in_flight now 0 fair_inc 45619 prop_inc 8066 fast_inc 0 eta_inc 25628 multi_dec -40244 quick_dec -74935 nack_dec -166000
Flow Uec_209_81 flowId 137 uecSrc 136 finished at 919.129 total messages 1 total packets 490 RTS 0 total bytes 2002140 in_flight now 0 fair_inc 39358 prop_inc 11065 fast_inc 0 eta_inc 26820 multi_dec -29344 quick_dec -25247 nack_dec -174300
Flow Uec_219_91 flowId 110 uecSrc 109 finished at 934.305 total messages 1 total packets 490 RTS 0 total bytes 2002140 in_flight now 0 fair_inc 29921 prop_inc 18841 fast_inc 0 eta_inc 31588 multi_dec -123096 quick_dec -0 nack_dec -116200
Flow Uec_217_89 flowId 45 uecSrc 44 finished at 1011.1 total messages 1 total packets 490 RTS 0 total bytes 2002140 in_flight now 0 fair_inc 30216 prop_inc 47461 fast_inc 22225 eta_inc 33376 multi_dec -104162 quick_dec -12578 nack_dec -136950
Flow Uec_207_79 flowId 61 uecSrc 60 finished at 1021.12 total messages 1 total packets 490 RTS 0 total bytes 2002140 in_flight now 0 fair_inc 33782 prop_inc 59500 fast_inc 12122 eta_inc 30396 multi_dec -54038 quick_dec -71183 nack_dec -157700
Flow Uec_202_74 flowId 22 uecSrc 21 finished at 1025.04 total messages 1 total packets 490 RTS 0 total bytes 2002140 in_flight now 0 fair_inc 54067 prop_inc 10980 fast_inc 0 eta_inc 31588 multi_dec -77511 quick_dec -12187 nack_dec -170150
Flow Uec_204_76 flowId 19 uecSrc 18 finished at 1109.54 total messages 1 total packets 490 RTS 0 total bytes 2002140 in_flight now 0 fair_inc 61161 prop_inc 10897 fast_inc 0 eta_inc 31588 multi_dec -70184 quick_dec -74652 nack_dec -157700
Flow Uec_214_86 flowId 128 uecSrc 127 finished at 1145.55 total messages 1 total packets 490 RTS 0 total bytes 2002140 in_flight now 0 fair_inc 57351 prop_inc 22469 fast_inc 0 eta_inc 36952 multi_dec -85402 quick_dec -18137 nack_dec -170150
Flow Uec_215_87 flowId 34 uecSrc 33 finished at 1161.32 total messages 1 total packets 490 RTS 0 total bytes 2002140 in_flight now 0 fair_inc 51230 prop_inc 27105 fast_inc 0 eta_inc 39336 multi_dec -114730 quick_dec -10485 nack_dec -157700
Flow Uec_203_75 flowId 40 uecSrc 39 finished at 1162.81 total messages 1 total packets 490 RTS 0 total bytes 2002140 in_flight now 0 fair_inc 65900 prop_inc 23749 fast_inc 0 eta_inc 44104 multi_dec -119551 quick_dec --1152 nack_dec -170150
Flow Uec_205_77 flowId 60 uecSrc 59 finished at 1170.02 total messages 1 total packets 490 RTS 0 total bytes 2002140 in_flight now 0 fair_inc 59239 prop_inc 32892 fast_inc 0 eta_inc 41720 multi_dec -89233 quick_dec -75643 nack_dec -174300
.Done
New: 94080 Rtx: 4495 RTS: 249 Bounced: 0 ACKs: 73624 NACKs: 3306 Pulls: 0 sleek_pkts: 0
