traffic matrix input file: connection_matrices/load_sweep/load0.60_n256_seed1.cm
Load balancing algorithm set to reps
no_of_nodes 256
Dragonfly+ strategy: FPAR
Setting queuesize to 50 packets
endtime(us) 100000
random seed 1
Packet size (MTU) is 4150
Parsed args
Logging to reps_dfp_results/reps_final_sweep/load0.60_reps_seed1.dat
Loading connection matrix from connection_matrices/load_sweep/load0.60_n256_seed1.cm
Nodes: 256 Connections: 154 Triggers: 0 Failures: 0
Setting ECN low 33200 high 120350
Dragonfly+ with medium topology type
Link latencies: 1 and switch latencies: 0
queue_id 2 ecn_low 33200 ecn_high 120350
DragonFly+ constructor done, 392 nodes created
Note: topology supports 392 hosts; 136 host port(s) will be unused.
network_max_unloaded_rtt 11.6856 us
Setting min RTO to 114.6
Per-hop RTT normalization: ON (strategy fpar)
Initializing static NSCC parameters: _reference_network_linkspeed=100000000000 _reference_network_rtt=12000000 _reference_network_bdp=150000 _target_Qdelay=8764200 _network_linkspeed=100000000000 _network_rtt=11685600 _network_bdp=146070 _qa_gate=2^3 _qa_threshold=3.50568e+07 _scaling_factor_a=0.9738 _scaling_factor_b=0.73035 _alpha=0.00132632 _fi=19894.7 _eta=596.842 _qa_scaling=1 _gamma=0.8 _fi_scale=0.24345 _delay_alpha=0.0125 _adjust_period_threshold=11685600 _adjust_bytes_threshold=33200
Initialize per-instance NSCC parameters: flowid 1 _base_rtt=11685600 _base_bdp=146070 _bdp=146070 _min_cwnd=4150 _maxwnd=219105 _cwnd=219105
Initialize per-instance NSCC parameters: flowid 2 _base_rtt=11685600 _base_bdp=146070 _bdp=146070 _min_cwnd=4150 _maxwnd=219105 _cwnd=219105
Initialize per-instance NSCC parameters: flowid 3 _base_rtt=11685600 _base_bdp=146070 _bdp=146070 _min_cwnd=4150 _maxwnd=219105 _cwnd=219105
Initialize per-instance NSCC parameters: flowid 4 _base_rtt=11685600 _base_bdp=146070 _bdp=146070 _min_cwnd=4150 _maxwnd=219105 _cwnd=219105
Initialize per-instance NSCC parameters: flowid 5 _base_rtt=11685600 _base_bdp=146070 _bdp=146070 _min_cwnd=4150 _maxwnd=219105 _cwnd=219105
Initialize per-instance NSCC parameters: flowid 6 _base_rtt=11685600 _base_bdp=146070 _bdp=146070 _min_cwnd=4150 _maxwnd=219105 _cwnd=219105
Initialize per-instance NSCC parameters: flowid 7 _base_rtt=11685600 _base_bdp=146070 _bdp=146070 _min_cwnd=4150 _maxwnd=219105 _cwnd=219105
Initialize per-instance NSCC parameters: flowid 8 _base_rtt=11685600 _base_bdp=146070 _bdp=146070 _min_cwnd=4150 _maxwnd=219105 _cwnd=219105
Initialize per-instance NSCC parameters: flowid 9 _base_rtt=11685600 _base_bdp=146070 _bdp=146070 _min_cwnd=4150 _maxwnd=219105 _cwnd=219105
Initialize per-instance NSCC parameters: flowid 10 _base_rtt=11685600 _base_bdp=146070 _bdp=146070 _min_cwnd=4150 _maxwnd=219105 _cwnd=219105
Initialize per-instance NSCC parameters: flowid 11 _base_rtt=11685600 _base_bdp=146070 _bdp=146070 _min_cwnd=4150 _maxwnd=219105 _cwnd=219105
Initialize per-instance NSCC parameters: flowid 12 _base_rtt=11685600 _base_bdp=146070 _bdp=146070 _min_cwnd=4150 _maxwnd=219105 _cwnd=219105
Initialize per-instance NSCC parameters: flowid 13 _base_rtt=11685600 _base_bdp=146070 _bdp=146070 _min_cwnd=4150 _maxwnd=219105 _cwnd=219105
Initialize per-instance NSCC parameters: flowid 14 _base_rtt=11685600 _base_bdp=146070 _bdp=146070 _min_cwnd=4150 _maxwnd=219105 _cwnd=219105
Initialize per-instance NSCC parameters: flowid 15 _base_rtt=11685600 _base_bdp=146070 _bdp=146070 _min_cwnd=4150 _maxwnd=219105 _cwnd=219105
Initialize per-instance NSCC parameters: flowid 16 _base_rtt=11685600 _base_bdp=146070 _bdp=146070 _min_cwnd=4150 _maxwnd=219105 _cwnd=219105
Initialize per-instance NSCC parameters: flowid 17 _base_rtt=11685600 _base_bdp=146070 _bdp=146070 _min_cwnd=4150 _maxwnd=219105 _cwnd=219105
Initialize per-instance NSCC parameters: flowid 18 _base_rtt=11685600 _base_bdp=146070 _bdp=146070 _min_cwnd=4150 _maxwnd=219105 _cwnd=219105
Initialize per-instance NSCC parameters: flowid 19 _base_rtt=11685600 _base_bdp=146070 _bdp=146070 _min_cwnd=4150 _maxwnd=219105 _cwnd=219105
Initialize per-instance NSCC parameters: flowid 20 _base_rtt=11685600 _base_bdp=146070 _bdp=146070 _min_cwnd=4150 _maxwnd=219105 _cwnd=219105
Initialize per-instance NSCC parameters: flowid 21 _base_rtt=11685600 _base_bdp=146070 _bdp=146070 _min_cwnd=4150 _maxwnd=219105 _cwnd=219105
Initialize per-instance NSCC parameters: flowid 22 _base_rtt=11685600 _base_bdp=146070 _bdp=146070 _min_cwnd=4150 _maxwnd=219105 _cwnd=219105
Initialize per-instance NSCC parameters: flowid 23 _base_rtt=11685600 _base_bdp=146070 _bdp=146070 _min_cwnd=4150 _maxwnd=219105 _cwnd=219105
Initialize per-instance NSCC parameters: flowid 24 _base_rtt=11685600 _base_bdp=146070 _bdp=146070 _min_cwnd=4150 _maxwnd=219105 _cwnd=219105
Initialize per-instance NSCC parameters: flowid 25 _base_rtt=11685600 _base_bdp=146070 _bdp=146070 _min_cwnd=4150 _maxwnd=219105 _cwnd=219105
Initialize per-instance NSCC parameters: flowid 26 _base_rtt=11685600 _base_bdp=146070 _bdp=146070 _min_cwnd=4150 _maxwnd=219105 _cwnd=219105
Initialize per-instance NSCC parameters: flowid 27 _base_rtt=11685600 _base_bdp=146070 _bdp=146070 _min_cwnd=4150 _maxwnd=219105 _cwnd=219105
Initialize per-instance NSCC parameters: flowid 28 _base_rtt=11685600 _base_bdp=146070 _bdp=146070 _min_cwnd=4150 _maxwnd=219105 _cwnd=219105
Initialize per-instance NSCC parameters: flowid 29 _base_rtt=11685600 _base_bdp=146070 _bdp=146070 _min_cwnd=4150 _maxwnd=219105 _cwnd=219105
Initialize per-instance NSCC parameters: flowid 30 _base_rtt=11685600 _base_bdp=146070 _bdp=146070 _min_cwnd=4150 _maxwnd=219105 _cwnd=219105
Initialize per-instance NSCC parameters: flowid 31 _base_rtt=11685600 _base_bdp=146070 _bdp=146070 _min_cwnd=4150 _maxwnd=219105 _cwnd=219105
Initialize per-instance NSCC parameters: flowid 32 _base_rtt=11685600 _base_bdp=146070 _bdp=146070 _min_cwnd=4150 _maxwnd=219105 _cwnd=219105
Initialize per-instance NSCC parameters: flowid 33 _base_rtt=11685600 _base_bdp=146070 _bdp=146070 _min_cwnd=4150 _maxwnd=219105 _cwnd=219105
Initialize per-instance NSCC parameters: flowid 34 _base_rtt=11685600 _base_bdp=146070 _bdp=146070 _min_cwnd=4150 _maxwnd=219105 _cwnd=219105
Initialize per-instance NSCC parameters: flowid 35 _base_rtt=11685600 _base_bdp=146070 _bdp=146070 _min_cwnd=4150 _maxwnd=219105 _cwnd=219105
Initialize per-instance NSCC parameters: flowid 36 _base_rtt=11685600 _base_bdp=146070 _bdp=146070 _min_cwnd=4150 _maxwnd=219105 _cwnd=219105
Initialize per-instance NSCC parameters: flowid 37 _base_rtt=11685600 _base_bdp=146070 _bdp=146070 _min_cwnd=4150 _maxwnd=219105 _cwnd=219105
Initialize per-instance NSCC parameters: flowid 38 _base_rtt=11685600 _base_bdp=146070 _bdp=146070 _min_cwnd=4150 _maxwnd=219105 _cwnd=219105
Initialize per-instance NSCC parameters: flowid 39 _base_rtt=11685600 _base_bdp=146070 _bdp=146070 _min_cwnd=4150 _maxwnd=219105 _cwnd=219105
Initialize per-instance NSCC parameters: flowid 40 _base_rtt=11685600 _base_bdp=146070 _bdp=146070 _min_cwnd=4150 _maxwnd=219105 _cwnd=219105
Initialize per-instance NSCC parameters: flowid 41 _base_rtt=11685600 _base_bdp=146070 _bdp=146070 _min_cwnd=4150 _maxwnd=219105 _cwnd=219105
Initialize per-instance NSCC parameters: flowid 42 _base_rtt=11685600 _base_bdp=146070 _bdp=146070 _min_cwnd=4150 _maxwnd=219105 _cwnd=219105
Initialize per-instance NSCC parameters: flowid 43 _base_rtt=11685600 _base_bdp=146070 _bdp=146070 _min_cwnd=4150 _maxwnd=219105 _cwnd=219105
Initialize per-instance NSCC parameters: flowid 44 _base_rtt=11685600 _base_bdp=146070 _bdp=146070 _min_cwnd=4150 _maxwnd=219105 _cwnd=219105
Initialize per-instance NSCC parameters: flowid 45 _base_rtt=11685600 _base_bdp=146070 _bdp=146070 _min_cwnd=4150 _maxwnd=219105 _cwnd=219105
Initialize per-instance NSCC parameters: flowid 46 _base_rtt=11685600 _base_bdp=146070 _bdp=146070 _min_cwnd=4150 _maxwnd=219105 _cwnd=219105
Initialize per-instance NSCC parameters: flowid 47 _base_rtt=11685600 _base_bdp=146070 _bdp=146070 _min_cwnd=4150 _maxwnd=219105 _cwnd=219105
Initialize per-instance NSCC parameters: flowid 48 _base_rtt=11685600 _base_bdp=146070 _bdp=146070 _min_cwnd=4150 _maxwnd=219105 _cwnd=219105
Initialize per-instance NSCC parameters: flowid 49 _base_rtt=11685600 _base_bdp=146070 _bdp=146070 _min_cwnd=4150 _maxwnd=219105 _cwnd=219105
Initialize per-instance NSCC parameters: flowid 50 _base_rtt=11685600 _base_bdp=146070 _bdp=146070 _min_cwnd=4150 _maxwnd=219105 _cwnd=219105
Initialize per-instance NSCC parameters: flowid 51 _base_rtt=11685600 _base_bdp=146070 _bdp=146070 _min_cwnd=4150 _maxwnd=219105 _cwnd=219105
Initialize per-instance NSCC parameters: flowid 52 _base_rtt=11685600 _base_bdp=146070 _bdp=146070 _min_cwnd=4150 _maxwnd=219105 _cwnd=219105
Initialize per-instance NSCC parameters: flowid 53 _base_rtt=11685600 _base_bdp=146070 _bdp=146070 _min_cwnd=4150 _maxwnd=219105 _cwnd=219105
Initialize per-instance NSCC parameters: flowid 54 _base_rtt=11685600 _base_bdp=146070 _bdp=146070 _min_cwnd=4150 _maxwnd=219105 _cwnd=219105
Initialize per-instance NSCC parameters: flowid 55 _base_rtt=11685600 _base_bdp=146070 _bdp=146070 _min_cwnd=4150 _maxwnd=219105 _cwnd=219105
Initialize per-instance NSCC parameters: flowid 56 _base_rtt=11685600 _base_bdp=146070 _bdp=146070 _min_cwnd=4150 _maxwnd=219105 _cwnd=219105
Initialize per-instance NSCC parameters: flowid 57 _base_rtt=11685600 _base_bdp=146070 _bdp=146070 _min_cwnd=4150 _maxwnd=219105 _cwnd=219105
Initialize per-instance NSCC parameters: flowid 58 _base_rtt=11685600 _base_bdp=146070 _bdp=146070 _min_cwnd=4150 _maxwnd=219105 _cwnd=219105
Initialize per-instance NSCC parameters: flowid 59 _base_rtt=11685600 _base_bdp=146070 _bdp=146070 _min_cwnd=4150 _maxwnd=219105 _cwnd=219105
Initialize per-instance NSCC parameters: flowid 60 _base_rtt=11685600 _base_bdp=146070 _bdp=146070 _min_cwnd=4150 _maxwnd=219105 _cwnd=219105
Initialize per-instance NSCC parameters: flowid 61 _base_rtt=11685600 _base_bdp=146070 _bdp=146070 _min_cwnd=4150 _maxwnd=219105 _cwnd=219105
Initialize per-instance NSCC parameters: flowid 62 _base_rtt=11685600 _base_bdp=146070 _bdp=146070 _min_cwnd=4150 _maxwnd=219105 _cwnd=219105
Initialize per-instance NSCC parameters: flowid 63 _base_rtt=11685600 _base_bdp=146070 _bdp=146070 _min_cwnd=4150 _maxwnd=219105 _cwnd=219105
Initialize per-instance NSCC parameters: flowid 64 _base_rtt=11685600 _base_bdp=146070 _bdp=146070 _min_cwnd=4150 _maxwnd=219105 _cwnd=219105
Initialize per-instance NSCC parameters: flowid 65 _base_rtt=11685600 _base_bdp=146070 _bdp=146070 _min_cwnd=4150 _maxwnd=219105 _cwnd=219105
Initialize per-instance NSCC parameters: flowid 66 _base_rtt=11685600 _base_bdp=146070 _bdp=146070 _min_cwnd=4150 _maxwnd=219105 _cwnd=219105
Initialize per-instance NSCC parameters: flowid 67 _base_rtt=11685600 _base_bdp=146070 _bdp=146070 _min_cwnd=4150 _maxwnd=219105 _cwnd=219105
Initialize per-instance NSCC parameters: flowid 68 _base_rtt=11685600 _base_bdp=146070 _bdp=146070 _min_cwnd=4150 _maxwnd=219105 _cwnd=219105
Initialize per-instance NSCC parameters: flowid 69 _base_rtt=11685600 _base_bdp=146070 _bdp=146070 _min_cwnd=4150 _maxwnd=219105 _cwnd=219105
Initialize per-instance NSCC parameters: flowid 70 _base_rtt=11685600 _base_bdp=146070 _bdp=146070 _min_cwnd=4150 _maxwnd=219105 _cwnd=219105
Initialize per-instance NSCC parameters: flowid 71 _base_rtt=11685600 _base_bdp=146070 _bdp=146070 _min_cwnd=4150 _maxwnd=219105 _cwnd=219105
Initialize per-instance NSCC parameters: flowid 72 _base_rtt=11685600 _base_bdp=146070 _bdp=146070 _min_cwnd=4150 _maxwnd=219105 _cwnd=219105
Initialize per-instance NSCC parameters: flowid 73 _base_rtt=11685600 _base_bdp=146070 _bdp=146070 _min_cwnd=4150 _maxwnd=219105 _cwnd=219105
Initialize per-instance NSCC parameters: flowid 74 _base_rtt=11685600 _base_bdp=146070 _bdp=146070 _min_cwnd=4150 _maxwnd=219105 _cwnd=219105
Initialize per-instance NSCC parameters: flowid 75 _base_rtt=11685600 _base_bdp=146070 _bdp=146070 _min_cwnd=4150 _maxwnd=219105 _cwnd=219105
Initialize per-instance NSCC parameters: flowid 76 _base_rtt=11685600 _base_bdp=146070 _bdp=146070 _min_cwnd=4150 _maxwnd=219105 _cwnd=219105
Initialize per-instance NSCC parameters: flowid 77 _base_rtt=11685600 _base_bdp=146070 _bdp=146070 _min_cwnd=4150 _maxwnd=219105 _cwnd=219105
Initialize per-instance NSCC parameters: flowid 78 _base_rtt=11685600 _base_bdp=146070 _bdp=146070 _min_cwnd=4150 _maxwnd=219105 _cwnd=219105
Initialize per-instance NSCC parameters: flowid 79 _base_rtt=11685600 _base_bdp=146070 _bdp=146070 _min_cwnd=4150 _maxwnd=219105 _cwnd=219105
Initialize per-instance NSCC parameters: flowid 80 _base_rtt=11685600 _base_bdp=146070 _bdp=146070 _min_cwnd=4150 _maxwnd=219105 _cwnd=219105
Initialize per-instance NSCC parameters: flowid 81 _base_rtt=11685600 _base_bdp=146070 _bdp=146070 _min_cwnd=4150 _maxwnd=219105 _cwnd=219105
Initialize per-instance NSCC parameters: flowid 82 _base_rtt=11685600 _base_bdp=146070 _bdp=146070 _min_cwnd=4150 _maxwnd=219105 _cwnd=219105
Initialize per-instance NSCC parameters: flowid 83 _base_rtt=11685600 _base_bdp=146070 _bdp=146070 _min_cwnd=4150 _maxwnd=219105 _cwnd=219105
Initialize per-instance NSCC parameters: flowid 84 _base_rtt=11685600 _base_bdp=146070 _bdp=146070 _min_cwnd=4150 _maxwnd=219105 _cwnd=219105
Initialize per-instance NSCC parameters: flowid 85 _base_rtt=11685600 _base_bdp=146070 _bdp=146070 _min_cwnd=4150 _maxwnd=219105 _cwnd=219105
Initialize per-instance NSCC parameters: flowid 86 _base_rtt=11685600 _base_bdp=146070 _bdp=146070 _min_cwnd=4150 _maxwnd=219105 _cwnd=219105
Initialize per-instance NSCC parameters: flowid 87 _base_rtt=11685600 _base_bdp=146070 _bdp=146070 _min_cwnd=4150 _maxwnd=219105 _cwnd=219105
Initialize per-instance NSCC parameters: flowid 88 _base_rtt=11685600 _base_bdp=146070 _bdp=146070 _min_cwnd=4150 _maxwnd=219105 _cwnd=219105
Initialize per-instance NSCC parameters: flowid 89 _base_rtt=11685600 _base_bdp=146070 _bdp=146070 _min_cwnd=4150 _maxwnd=219105 _cwnd=219105
Initialize per-instance NSCC parameters: flowid 90 _base_rtt=11685600 _base_bdp=146070 _bdp=146070 _min_cwnd=4150 _maxwnd=219105 _cwnd=219105
Initialize per-instance NSCC parameters: flowid 91 _base_rtt=11685600 _base_bdp=146070 _bdp=146070 _min_cwnd=4150 _maxwnd=219105 _cwnd=219105
Initialize per-instance NSCC parameters: flowid 92 _base_rtt=11685600 _base_bdp=146070 _bdp=146070 _min_cwnd=4150 _maxwnd=219105 _cwnd=219105
Initialize per-instance NSCC parameters: flowid 93 _base_rtt=11685600 _base_bdp=146070 _bdp=146070 _min_cwnd=4150 _maxwnd=219105 _cwnd=219105
Initialize per-instance NSCC parameters: flowid 94 _base_rtt=11685600 _base_bdp=146070 _bdp=146070 _min_cwnd=4150 _maxwnd=219105 _cwnd=219105
Initialize per-instance NSCC parameters: flowid 95 _base_rtt=11685600 _base_bdp=146070 _bdp=146070 _min_cwnd=4150 _maxwnd=219105 _cwnd=219105
Initialize per-instance NSCC parameters: flowid 96 _base_rtt=11685600 _base_bdp=146070 _bdp=146070 _min_cwnd=4150 _maxwnd=219105 _cwnd=219105
Initialize per-instance NSCC parameters: flowid 97 _base_rtt=11685600 _base_bdp=146070 _bdp=146070 _min_cwnd=4150 _maxwnd=219105 _cwnd=219105
Initialize per-instance NSCC parameters: flowid 98 _base_rtt=11685600 _base_bdp=146070 _bdp=146070 _min_cwnd=4150 _maxwnd=219105 _cwnd=219105
Initialize per-instance NSCC parameters: flowid 99 _base_rtt=11685600 _base_bdp=146070 _bdp=146070 _min_cwnd=4150 _maxwnd=219105 _cwnd=219105
Initialize per-instance NSCC parameters: flowid 100 _base_rtt=11685600 _base_bdp=146070 _bdp=146070 _min_cwnd=4150 _maxwnd=219105 _cwnd=219105
Initialize per-instance NSCC parameters: flowid 101 _base_rtt=11685600 _base_bdp=146070 _bdp=146070 _min_cwnd=4150 _maxwnd=219105 _cwnd=219105
Initialize per-instance NSCC parameters: flowid 102 _base_rtt=11685600 _base_bdp=146070 _bdp=146070 _min_cwnd=4150 _maxwnd=219105 _cwnd=219105
Initialize per-instance NSCC parameters: flowid 103 _base_rtt=11685600 _base_bdp=146070 _bdp=146070 _min_cwnd=4150 _maxwnd=219105 _cwnd=219105
Initialize per-instance NSCC parameters: flowid 104 _base_rtt=11685600 _base_bdp=146070 _bdp=146070 _min_cwnd=4150 _maxwnd=219105 _cwnd=219105
Initialize per-instance NSCC parameters: flowid 105 _base_rtt=11685600 _base_bdp=146070 _bdp=146070 _min_cwnd=4150 _maxwnd=219105 _cwnd=219105
Initialize per-instance NSCC parameters: flowid 106 _base_rtt=11685600 _base_bdp=146070 _bdp=146070 _min_cwnd=4150 _maxwnd=219105 _cwnd=219105
Initialize per-instance NSCC parameters: flowid 107 _base_rtt=11685600 _base_bdp=146070 _bdp=146070 _min_cwnd=4150 _maxwnd=219105 _cwnd=219105
Initialize per-instance NSCC parameters: flowid 108 _base_rtt=11685600 _base_bdp=146070 _bdp=146070 _min_cwnd=4150 _maxwnd=219105 _cwnd=219105
Initialize per-instance NSCC parameters: flowid 109 _base_rtt=11685600 _base_bdp=146070 _bdp=146070 _min_cwnd=4150 _maxwnd=219105 _cwnd=219105
Initialize per-instance NSCC parameters: flowid 110 _base_rtt=11685600 _base_bdp=146070 _bdp=146070 _min_cwnd=4150 _maxwnd=219105 _cwnd=219105
Initialize per-instance NSCC parameters: flowid 111 _base_rtt=11685600 _base_bdp=146070 _bdp=146070 _min_cwnd=4150 _maxwnd=219105 _cwnd=219105
Initialize per-instance NSCC parameters: flowid 112 _base_rtt=11685600 _base_bdp=146070 _bdp=146070 _min_cwnd=4150 _maxwnd=219105 _cwnd=219105
Initialize per-instance NSCC parameters: flowid 113 _base_rtt=11685600 _base_bdp=146070 _bdp=146070 _min_cwnd=4150 _maxwnd=219105 _cwnd=219105
Initialize per-instance NSCC parameters: flowid 114 _base_rtt=11685600 _base_bdp=146070 _bdp=146070 _min_cwnd=4150 _maxwnd=219105 _cwnd=219105
Initialize per-instance NSCC parameters: flowid 115 _base_rtt=11685600 _base_bdp=146070 _bdp=146070 _min_cwnd=4150 _maxwnd=219105 _cwnd=219105
Initialize per-instance NSCC parameters: flowid 116 _base_rtt=11685600 _base_bdp=146070 _bdp=146070 _min_cwnd=4150 _maxwnd=219105 _cwnd=219105
Initialize per-instance NSCC parameters: flowid 117 _base_rtt=11685600 _base_bdp=146070 _bdp=146070 _min_cwnd=4150 _maxwnd=219105 _cwnd=219105
Initialize per-instance NSCC parameters: flowid 118 _base_rtt=11685600 _base_bdp=146070 _bdp=146070 _min_cwnd=4150 _maxwnd=219105 _cwnd=219105
Initialize per-instance NSCC parameters: flowid 119 _base_rtt=11685600 _base_bdp=146070 _bdp=146070 _min_cwnd=4150 _maxwnd=219105 _cwnd=219105
Initialize per-instance NSCC parameters: flowid 120 _base_rtt=11685600 _base_bdp=146070 _bdp=146070 _min_cwnd=4150 _maxwnd=219105 _cwnd=219105
Initialize per-instance NSCC parameters: flowid 121 _base_rtt=11685600 _base_bdp=146070 _bdp=146070 _min_cwnd=4150 _maxwnd=219105 _cwnd=219105
Initialize per-instance NSCC parameters: flowid 122 _base_rtt=11685600 _base_bdp=146070 _bdp=146070 _min_cwnd=4150 _maxwnd=219105 _cwnd=219105
Initialize per-instance NSCC parameters: flowid 123 _base_rtt=11685600 _base_bdp=146070 _bdp=146070 _min_cwnd=4150 _maxwnd=219105 _cwnd=219105
Initialize per-instance NSCC parameters: flowid 124 _base_rtt=11685600 _base_bdp=146070 _bdp=146070 _min_cwnd=4150 _maxwnd=219105 _cwnd=219105
Initialize per-instance NSCC parameters: flowid 125 _base_rtt=11685600 _base_bdp=146070 _bdp=146070 _min_cwnd=4150 _maxwnd=219105 _cwnd=219105
Initialize per-instance NSCC parameters: flowid 126 _base_rtt=11685600 _base_bdp=146070 _bdp=146070 _min_cwnd=4150 _maxwnd=219105 _cwnd=219105
Initialize per-instance NSCC parameters: flowid 127 _base_rtt=11685600 _base_bdp=146070 _bdp=146070 _min_cwnd=4150 _maxwnd=219105 _cwnd=219105
Initialize per-instance NSCC parameters: flowid 128 _base_rtt=11685600 _base_bdp=146070 _bdp=146070 _min_cwnd=4150 _maxwnd=219105 _cwnd=219105
Initialize per-instance NSCC parameters: flowid 129 _base_rtt=11685600 _base_bdp=146070 _bdp=146070 _min_cwnd=4150 _maxwnd=219105 _cwnd=219105
Initialize per-instance NSCC parameters: flowid 130 _base_rtt=11685600 _base_bdp=146070 _bdp=146070 _min_cwnd=4150 _maxwnd=219105 _cwnd=219105
Initialize per-instance NSCC parameters: flowid 131 _base_rtt=11685600 _base_bdp=146070 _bdp=146070 _min_cwnd=4150 _maxwnd=219105 _cwnd=219105
Initialize per-instance NSCC parameters: flowid 132 _base_rtt=11685600 _base_bdp=146070 _bdp=146070 _min_cwnd=4150 _maxwnd=219105 _cwnd=219105
Initialize per-instance NSCC parameters: flowid 133 _base_rtt=11685600 _base_bdp=146070 _bdp=146070 _min_cwnd=4150 _maxwnd=219105 _cwnd=219105
Initialize per-instance NSCC parameters: flowid 134 _base_rtt=11685600 _base_bdp=146070 _bdp=146070 _min_cwnd=4150 _maxwnd=219105 _cwnd=219105
Initialize per-instance NSCC parameters: flowid 135 _base_rtt=11685600 _base_bdp=146070 _bdp=146070 _min_cwnd=4150 _maxwnd=219105 _cwnd=219105
Initialize per-instance NSCC parameters: flowid 136 _base_rtt=11685600 _base_bdp=146070 _bdp=146070 _min_cwnd=4150 _maxwnd=219105 _cwnd=219105
Initialize per-instance NSCC parameters: flowid 137 _base_rtt=11685600 _base_bdp=146070 _bdp=146070 _min_cwnd=4150 _maxwnd=219105 _cwnd=219105
Initialize per-instance NSCC parameters: flowid 138 _base_rtt=11685600 _base_bdp=146070 _bdp=146070 _min_cwnd=4150 _maxwnd=219105 _cwnd=219105
Initialize per-instance NSCC parameters: flowid 139 _base_rtt=11685600 _base_bdp=146070 _bdp=146070 _min_cwnd=4150 _maxwnd=219105 _cwnd=219105
Initialize per-instance NSCC parameters: flowid 140 _base_rtt=11685600 _base_bdp=146070 _bdp=146070 _min_cwnd=4150 _maxwnd=219105 _cwnd=219105
Initialize per-instance NSCC parameters: flowid 141 _base_rtt=11685600 _base_bdp=146070 _bdp=146070 _min_cwnd=4150 _maxwnd=219105 _cwnd=219105
Initialize per-instance NSCC parameters: flowid 142 _base_rtt=11685600 _base_bdp=146070 _bdp=146070 _min_cwnd=4150 _maxwnd=219105 _cwnd=219105
Initialize per-instance NSCC parameters: flowid 143 _base_rtt=11685600 _base_bdp=146070 _bdp=146070 _min_cwnd=4150 _maxwnd=219105 _cwnd=219105
Initialize per-instance NSCC parameters: flowid 144 _base_rtt=11685600 _base_bdp=146070 _bdp=146070 _min_cwnd=4150 _maxwnd=219105 _cwnd=219105
Initialize per-instance NSCC parameters: flowid 145 _base_rtt=11685600 _base_bdp=146070 _bdp=146070 _min_cwnd=4150 _maxwnd=219105 _cwnd=219105
Initialize per-instance NSCC parameters: flowid 146 _base_rtt=11685600 _base_bdp=146070 _bdp=146070 _min_cwnd=4150 _maxwnd=219105 _cwnd=219105
Initialize per-instance NSCC parameters: flowid 147 _base_rtt=11685600 _base_bdp=146070 _bdp=146070 _min_cwnd=4150 _maxwnd=219105 _cwnd=219105
Initialize per-instance NSCC parameters: flowid 148 _base_rtt=11685600 _base_bdp=146070 _bdp=146070 _min_cwnd=4150 _maxwnd=219105 _cwnd=219105
Initialize per-instance NSCC parameters: flowid 149 _base_rtt=11685600 _base_bdp=146070 _bdp=146070 _min_cwnd=4150 _maxwnd=219105 _cwnd=219105
Initialize per-instance NSCC parameters: flowid 150 _base_rtt=11685600 _base_bdp=146070 _bdp=146070 _min_cwnd=4150 _maxwnd=219105 _cwnd=219105
Initialize per-instance NSCC parameters: flowid 151 _base_rtt=11685600 _base_bdp=146070 _bdp=146070 _min_cwnd=4150 _maxwnd=219105 _cwnd=219105
Initialize per-instance NSCC parameters: flowid 152 _base_rtt=11685600 _base_bdp=146070 _bdp=146070 _min_cwnd=4150 _maxwnd=219105 _cwnd=219105
Initialize per-instance NSCC parameters: flowid 153 _base_rtt=11685600 _base_bdp=146070 _bdp=146070 _min_cwnd=4150 _maxwnd=219105 _cwnd=219105
Initialize per-instance NSCC parameters: flowid 154 _base_rtt=11685600 _base_bdp=146070 _bdp=146070 _min_cwnd=4150 _maxwnd=219105 _cwnd=219105
Starting simulation
Flow Uec_103_231 flowId 1 uecSrc 0 starting at 0
Flow Uec_9_137 flowId 2 uecSrc 1 starting at 0
Flow Uec_121_249 flowId 3 uecSrc 2 starting at 0
Flow Uec_157_29 flowId 4 uecSrc 3 starting at 0
Flow Uec_92_220 flowId 5 uecSrc 4 starting at 0
Flow Uec_101_229 flowId 6 uecSrc 5 starting at 0
Flow Uec_5_133 flowId 7 uecSrc 6 starting at 0
Flow Uec_20_148 flowId 8 uecSrc 7 starting at 0
Flow Uec_156_28 flowId 9 uecSrc 8 starting at 0
Flow Uec_3_131 flowId 10 uecSrc 9 starting at 0
Flow Uec_89_217 flowId 11 uecSrc 10 starting at 0
Flow Uec_204_76 flowId 12 uecSrc 11 starting at 0
Flow Uec_70_198 flowId 13 uecSrc 12 starting at 0
Flow Uec_61_189 flowId 14 uecSrc 13 starting at 0
Flow Uec_197_69 flowId 15 uecSrc 14 starting at 0
Flow Uec_138_10 flowId 16 uecSrc 15 starting at 0
Flow Uec_93_221 flowId 17 uecSrc 16 starting at 0
Flow Uec_109_237 flowId 18 uecSrc 17 starting at 0
Flow Uec_104_232 flowId 19 uecSrc 18 starting at 0
Flow Uec_133_5 flowId 20 uecSrc 19 starting at 0
Flow Uec_129_1 flowId 21 uecSrc 20 starting at 0
Flow Uec_105_233 flowId 22 uecSrc 21 starting at 0
Flow Uec_45_173 flowId 23 uecSrc 22 starting at 0
Flow Uec_213_85 flowId 24 uecSrc 23 starting at 0
Flow Uec_88_216 flowId 25 uecSrc 24 starting at 0
Flow Uec_192_64 flowId 26 uecSrc 25 starting at 0
Flow Uec_63_191 flowId 27 uecSrc 26 starting at 0
Flow Uec_95_223 flowId 28 uecSrc 27 starting at 0
Flow Uec_77_205 flowId 29 uecSrc 28 starting at 0
Flow Uec_22_150 flowId 30 uecSrc 29 starting at 0
Flow Uec_37_165 flowId 31 uecSrc 30 starting at 0
Flow Uec_249_121 flowId 32 uecSrc 31 starting at 0
Flow Uec_151_23 flowId 33 uecSrc 32 starting at 0
Flow Uec_179_51 flowId 34 uecSrc 33 starting at 0
Flow Uec_147_19 flowId 35 uecSrc 34 starting at 0
Flow Uec_7_135 flowId 36 uecSrc 35 starting at 0
Flow Uec_169_41 flowId 37 uecSrc 36 starting at 0
Flow Uec_168_40 flowId 38 uecSrc 37 starting at 0
Flow Uec_231_103 flowId 39 uecSrc 38 starting at 0
Flow Uec_36_164 flowId 40 uecSrc 39 starting at 0
Flow Uec_51_179 flowId 41 uecSrc 40 starting at 0
Flow Uec_47_175 flowId 42 uecSrc 41 starting at 0
Flow Uec_170_42 flowId 43 uecSrc 42 starting at 0
Flow Uec_215_87 flowId 44 uecSrc 43 starting at 0
Flow Uec_144_16 flowId 45 uecSrc 44 starting at 0
Flow Uec_38_166 flowId 46 uecSrc 45 starting at 0
Flow Uec_119_247 flowId 47 uecSrc 46 starting at 0
Flow Uec_236_108 flowId 48 uecSrc 47 starting at 0
Flow Uec_73_201 flowId 49 uecSrc 48 starting at 0
Flow Uec_187_59 flowId 50 uecSrc 49 starting at 0
Flow Uec_165_37 flowId 51 uecSrc 50 starting at 0
Flow Uec_81_209 flowId 52 uecSrc 51 starting at 0
Flow Uec_91_219 flowId 53 uecSrc 52 starting at 0
Flow Uec_53_181 flowId 54 uecSrc 53 starting at 0
Flow Uec_162_34 flowId 55 uecSrc 54 starting at 0
Flow Uec_176_48 flowId 56 uecSrc 55 starting at 0
Flow Uec_78_206 flowId 57 uecSrc 56 starting at 0
Flow Uec_55_183 flowId 58 uecSrc 57 starting at 0
Flow Uec_127_255 flowId 59 uecSrc 58 starting at 0
Flow Uec_145_17 flowId 60 uecSrc 59 starting at 0
Flow Uec_111_239 flowId 61 uecSrc 60 starting at 0
Flow Uec_54_182 flowId 62 uecSrc 61 starting at 0
Flow Uec_186_58 flowId 63 uecSrc 62 starting at 0
Flow Uec_134_6 flowId 64 uecSrc 63 starting at 0
Flow Uec_163_35 flowId 65 uecSrc 64 starting at 0
Flow Uec_82_210 flowId 66 uecSrc 65 starting at 0
Flow Uec_219_91 flowId 67 uecSrc 66 starting at 0
Flow Uec_191_63 flowId 68 uecSrc 67 starting at 0
Flow Uec_183_55 flowId 69 uecSrc 68 starting at 0
Flow Uec_242_114 flowId 70 uecSrc 69 starting at 0
Flow Uec_83_211 flowId 71 uecSrc 70 starting at 0
Flow Uec_0_128 flowId 72 uecSrc 71 starting at 0
Flow Uec_202_74 flowId 73 uecSrc 72 starting at 0
Flow Uec_239_111 flowId 74 uecSrc 73 starting at 0
Flow Uec_209_81 flowId 75 uecSrc 74 starting at 0
Flow Uec_85_213 flowId 76 uecSrc 75 starting at 0
Flow Uec_217_89 flowId 77 uecSrc 76 starting at 0
Flow Uec_154_26 flowId 78 uecSrc 77 starting at 0
Flow Uec_243_115 flowId 79 uecSrc 78 starting at 0
Flow Uec_94_222 flowId 80 uecSrc 79 starting at 0
Flow Uec_206_78 flowId 81 uecSrc 80 starting at 0
Flow Uec_194_66 flowId 82 uecSrc 81 starting at 0
Flow Uec_178_50 flowId 83 uecSrc 82 starting at 0
Flow Uec_254_126 flowId 84 uecSrc 83 starting at 0
Flow Uec_40_168 flowId 85 uecSrc 84 starting at 0
Flow Uec_17_145 flowId 86 uecSrc 85 starting at 0
Flow Uec_34_162 flowId 87 uecSrc 86 starting at 0
Flow Uec_182_54 flowId 88 uecSrc 87 starting at 0
Flow Uec_90_218 flowId 89 uecSrc 88 starting at 0
Flow Uec_238_110 flowId 90 uecSrc 89 starting at 0
Flow Uec_4_132 flowId 91 uecSrc 90 starting at 0
Flow Uec_240_112 flowId 92 uecSrc 91 starting at 0
Flow Uec_171_43 flowId 93 uecSrc 92 starting at 0
Flow Uec_153_25 flowId 94 uecSrc 93 starting at 0
Flow Uec_230_102 flowId 95 uecSrc 94 starting at 0
Flow Uec_180_52 flowId 96 uecSrc 95 starting at 0
Flow Uec_185_57 flowId 97 uecSrc 96 starting at 0
Flow Uec_188_60 flowId 98 uecSrc 97 starting at 0
Flow Uec_125_253 flowId 99 uecSrc 98 starting at 0
Flow Uec_174_46 flowId 100 uecSrc 99 starting at 0
Flow Uec_221_93 flowId 101 uecSrc 100 starting at 0
Flow Uec_128_0 flowId 102 uecSrc 101 starting at 0
Flow Uec_175_47 flowId 103 uecSrc 102 starting at 0
Flow Uec_159_31 flowId 104 uecSrc 103 starting at 0
Flow Uec_173_45 flowId 105 uecSrc 104 starting at 0
Flow Uec_131_3 flowId 106 uecSrc 105 starting at 0
Flow Uec_253_125 flowId 107 uecSrc 106 starting at 0
Flow Uec_139_11 flowId 108 uecSrc 107 starting at 0
Flow Uec_62_190 flowId 109 uecSrc 108 starting at 0
Flow Uec_31_159 flowId 110 uecSrc 109 starting at 0
Flow Uec_181_53 flowId 111 uecSrc 110 starting at 0
Flow Uec_198_70 flowId 112 uecSrc 111 starting at 0
Flow Uec_184_56 flowId 113 uecSrc 112 starting at 0
Flow Uec_120_248 flowId 114 uecSrc 113 starting at 0
Flow Uec_100_228 flowId 115 uecSrc 114 starting at 0
Flow Uec_60_188 flowId 116 uecSrc 115 starting at 0
Flow Uec_24_152 flowId 117 uecSrc 116 starting at 0
Flow Uec_143_15 flowId 118 uecSrc 117 starting at 0
Flow Uec_33_161 flowId 119 uecSrc 118 starting at 0
Flow Uec_79_207 flowId 120 uecSrc 119 starting at 0
Flow Uec_233_105 flowId 121 uecSrc 120 starting at 0
Flow Uec_218_90 flowId 122 uecSrc 121 starting at 0
Flow Uec_75_203 flowId 123 uecSrc 122 starting at 0
Flow Uec_65_193 flowId 124 uecSrc 123 starting at 0
Flow Uec_27_155 flowId 125 uecSrc 124 starting at 0
Flow Uec_214_86 flowId 126 uecSrc 125 starting at 0
Flow Uec_57_185 flowId 127 uecSrc 126 starting at 0
Flow Uec_67_195 flowId 128 uecSrc 127 starting at 0
Flow Uec_152_24 flowId 129 uecSrc 128 starting at 0
Flow Uec_135_7 flowId 130 uecSrc 129 starting at 0
Flow Uec_177_49 flowId 131 uecSrc 130 starting at 0
Flow Uec_71_199 flowId 132 uecSrc 131 starting at 0
Flow Uec_146_18 flowId 133 uecSrc 132 starting at 0
Flow Uec_48_176 flowId 134 uecSrc 133 starting at 0
Flow Uec_161_33 flowId 135 uecSrc 134 starting at 0
Flow Uec_237_109 flowId 136 uecSrc 135 starting at 0
Flow Uec_211_83 flowId 137 uecSrc 136 starting at 0
Flow Uec_59_187 flowId 138 uecSrc 137 starting at 0
Flow Uec_245_117 flowId 139 uecSrc 138 starting at 0
Flow Uec_102_230 flowId 140 uecSrc 139 starting at 0
Flow Uec_200_72 flowId 141 uecSrc 140 starting at 0
Flow Uec_246_118 flowId 142 uecSrc 141 starting at 0
Flow Uec_84_212 flowId 143 uecSrc 142 starting at 0
Flow Uec_124_252 flowId 144 uecSrc 143 starting at 0
Flow Uec_28_156 flowId 145 uecSrc 144 starting at 0
Flow Uec_18_146 flowId 146 uecSrc 145 starting at 0
Flow Uec_123_251 flowId 147 uecSrc 146 starting at 0
Flow Uec_126_254 flowId 148 uecSrc 147 starting at 0
Flow Uec_42_170 flowId 149 uecSrc 148 starting at 0
Flow Uec_216_88 flowId 150 uecSrc 149 starting at 0
Flow Uec_244_116 flowId 151 uecSrc 150 starting at 0
Flow Uec_137_9 flowId 152 uecSrc 151 starting at 0
Flow Uec_222_94 flowId 153 uecSrc 152 starting at 0
Flow Uec_223_95 flowId 154 uecSrc 153 starting at 0
137.613 flowid 68 Spurious 25
137.955 flowid 68 Spurious 26
138.629 flowid 68 Spurious 27
138.971 flowid 68 Spurious 31
139.651 flowid 68 Spurious 32
139.993 flowid 68 Spurious 34
143.585 flowid 85 Spurious 48
144.21 flowid 26 Spurious 50
144.386 flowid 68 Spurious 41
145.38 flowid 42 Spurious 38
145.734 flowid 68 Spurious 44
146.071 flowid 68 Spurious 45
148.526 flowid 26 Spurious 52
148.634 flowid 30 Spurious 46
148.858 flowid 26 Spurious 53
150.518 flowid 26 Spurious 56
150.85 flowid 26 Spurious 57
151.182 flowid 15 Spurious 53
151.514 flowid 26 Spurious 58
153.179 flowid 26 Spurious 61
153.511 flowid 15 Spurious 56
154.844 flowid 15 Spurious 57
156.172 flowid 15 Spurious 60
156.836 flowid 15 Spurious 61
158.164 flowid 26 Spurious 64
159.16 flowid 26 Spurious 65
159.492 flowid 15 Spurious 70
159.824 flowid 26 Spurious 66
160.156 flowid 26 Spurious 69
160.488 flowid 26 Spurious 70
161.152 flowid 15 Spurious 73
161.484 flowid 26 Spurious 71
164.804 flowid 26 Spurious 72
165.136 flowid 26 Spurious 73
165.8 flowid 26 Spurious 74
166.464 flowid 15 Spurious 77
166.495 flowid 110 Spurious 110
167.128 flowid 15 Spurious 58
167.792 flowid 15 Spurious 62
168.456 flowid 15 Spurious 78
168.788 flowid 15 Spurious 79
170.448 flowid 15 Spurious 83
170.78 flowid 26 Spurious 76
171.112 flowid 26 Spurious 77
172.108 flowid 15 Spurious 71
173.768 flowid 15 Spurious 85
173.915 flowid 23 Spurious 121
Flow Uec_104_232 flowId 19 uecSrc 18 finished at 174.052 total messages 1 total packets 490 RTS 0 total bytes 2002140 in_flight now 0 fair_inc 0 prop_inc 10274 fast_inc 444999 eta_inc 8344 multi_dec -0 quick_dec -0 nack_dec -0
Flow Uec_186_58 flowId 63 uecSrc 62 finished at 174.425 total messages 1 total packets 490 RTS 0 total bytes 2002140 in_flight now 0 fair_inc 0 prop_inc 10534 fast_inc 444999 eta_inc 8344 multi_dec -0 quick_dec -0 nack_dec -0
174.432 flowid 15 Spurious 86
175.253 flowid 23 Spurious 125
Flow Uec_185_57 flowId 97 uecSrc 96 finished at 175.774 total messages 1 total packets 490 RTS 0 total bytes 2002140 in_flight now 0 fair_inc 0 prop_inc 80657 fast_inc 92943 eta_inc 8344 multi_dec -0 quick_dec -0 nack_dec -0
Flow Uec_124_252 flowId 144 uecSrc 143 finished at 176.275 total messages 1 total packets 490 RTS 0 total bytes 2002140 in_flight now 0 fair_inc 0 prop_inc 80178 fast_inc 32328 eta_inc 8344 multi_dec -0 quick_dec -0 nack_dec -0
Flow Uec_91_219 flowId 53 uecSrc 52 finished at 176.893 total messages 1 total packets 490 RTS 0 total bytes 2002140 in_flight now 0 fair_inc 0 prop_inc 82622 fast_inc 48492 eta_inc 8344 multi_dec -0 quick_dec -0 nack_dec -0
177.176 flowid 110 Spurious 125
Flow Uec_101_229 flowId 6 uecSrc 5 finished at 177.492 total messages 1 total packets 490 RTS 0 total bytes 2002140 in_flight now 0 fair_inc 0 prop_inc 66902 fast_inc 44451 eta_inc 8344 multi_dec -0 quick_dec -0 nack_dec -0
Flow Uec_18_146 flowId 146 uecSrc 145 finished at 177.969 total messages 1 total packets 490 RTS 0 total bytes 2002140 in_flight now 0 fair_inc 0 prop_inc 80382 fast_inc 0 eta_inc 8344 multi_dec -0 quick_dec -0 nack_dec -0
Flow Uec_103_231 flowId 1 uecSrc 0 finished at 178.003 total messages 1 total packets 490 RTS 0 total bytes 2002140 in_flight now 0 fair_inc 0 prop_inc 75283 fast_inc 88902 eta_inc 8344 multi_dec -0 quick_dec -0 nack_dec -0
Flow Uec_105_233 flowId 22 uecSrc 21 finished at 178.148 total messages 1 total packets 490 RTS 0 total bytes 2002140 in_flight now 0 fair_inc 0 prop_inc 85269 fast_inc 36369 eta_inc 8344 multi_dec -0 quick_dec -0 nack_dec -0
178.219 flowid 86 Spurious 131
178.377 flowid 23 Spurious 134
Flow Uec_127_255 flowId 59 uecSrc 58 finished at 178.448 total messages 1 total packets 490 RTS 0 total bytes 2002140 in_flight now 0 fair_inc 0 prop_inc 63048 fast_inc 0 eta_inc 8344 multi_dec -0 quick_dec -0 nack_dec -0
Flow Uec_138_10 flowId 16 uecSrc 15 finished at 178.673 total messages 1 total packets 490 RTS 0 total bytes 2002140 in_flight now 0 fair_inc 0 prop_inc 86882 fast_inc 0 eta_inc 7748 multi_dec -0 quick_dec -0 nack_dec -0
Flow Uec_75_203 flowId 123 uecSrc 122 finished at 178.834 total messages 1 total packets 490 RTS 0 total bytes 2002140 in_flight now 0 fair_inc 0 prop_inc 55242 fast_inc 12123 eta_inc 8344 multi_dec -0 quick_dec -0 nack_dec -0
Flow Uec_214_86 flowId 126 uecSrc 125 finished at 179.618 total messages 1 total packets 490 RTS 0 total bytes 2002140 in_flight now 0 fair_inc 0 prop_inc 53488 fast_inc 24246 eta_inc 8344 multi_dec -0 quick_dec -0 nack_dec -0
Flow Uec_238_110 flowId 90 uecSrc 89 finished at 180.278 total messages 1 total packets 490 RTS 0 total bytes 2002140 in_flight now 0 fair_inc 0 prop_inc 47327 fast_inc 0 eta_inc 8344 multi_dec -0 quick_dec -0 nack_dec -0
Flow Uec_54_182 flowId 62 uecSrc 61 finished at 181.168 total messages 1 total packets 490 RTS 0 total bytes 2002140 in_flight now 0 fair_inc 0 prop_inc 53470 fast_inc 0 eta_inc 8344 multi_dec -0 quick_dec -0 nack_dec -0
Flow Uec_156_28 flowId 9 uecSrc 8 finished at 181.8 total messages 1 total packets 490 RTS 0 total bytes 2002140 in_flight now 0 fair_inc 0 prop_inc 93791 fast_inc 4041 eta_inc 8344 multi_dec -0 quick_dec -0 nack_dec -0
183.104 flowid 23 Spurious 148
Flow Uec_62_190 flowId 109 uecSrc 108 finished at 184.256 total messages 1 total packets 490 RTS 0 total bytes 2002140 in_flight now 0 fair_inc 0 prop_inc 36486 fast_inc 0 eta_inc 8940 multi_dec -0 quick_dec -0 nack_dec -0
Flow Uec_24_152 flowId 117 uecSrc 116 finished at 184.277 total messages 1 total packets 490 RTS 0 total bytes 2002140 in_flight now 0 fair_inc 0 prop_inc 46493 fast_inc 0 eta_inc 8344 multi_dec -0 quick_dec -0 nack_dec -0
186.108 flowid 23 Spurious 153
189.489 flowid 23 Spurious 163
193.455 flowid 149 Spurious 182
195.794 flowid 149 Spurious 184
196.214 flowid 86 Spurious 172
197.494 flowid 42 Spurious 142
Flow Uec_60_188 flowId 116 uecSrc 115 finished at 198.616 total messages 1 total packets 490 RTS 0 total bytes 2002140 in_flight now 0 fair_inc 1875 prop_inc 20110 fast_inc 4041 eta_inc 9536 multi_dec -0 quick_dec -0 nack_dec -0
Flow Uec_236_108 flowId 48 uecSrc 47 finished at 199.301 total messages 1 total packets 490 RTS 0 total bytes 2002140 in_flight now 0 fair_inc 751 prop_inc 18850 fast_inc 0 eta_inc 9536 multi_dec -0 quick_dec -0 nack_dec -0
Flow Uec_36_164 flowId 40 uecSrc 39 finished at 201.857 total messages 1 total packets 490 RTS 0 total bytes 2002140 in_flight now 0 fair_inc 4134 prop_inc 15295 fast_inc 0 eta_inc 9536 multi_dec -0 quick_dec -0 nack_dec -0
Flow Uec_233_105 flowId 121 uecSrc 120 finished at 202.927 total messages 1 total packets 490 RTS 0 total bytes 2002140 in_flight now 0 fair_inc 376 prop_inc 18239 fast_inc 0 eta_inc 9536 multi_dec -0 quick_dec -0 nack_dec -0
203.153 flowid 42 Spurious 152
204.406 flowid 149 Spurious 194
206.745 flowid 149 Spurious 202
209.899 flowid 149 Spurious 212
210.236 flowid 149 Spurious 214
217.575 flowid 86 Spurious 242
220.633 flowid 145 Spurious 225
225.68 flowid 119 Spurious 234
228.371 flowid 119 Spurious 245
228.708 flowid 119 Spurious 248
238.87 flowid 86 Spurious 297
243.403 flowid 110 Spurious 303
244.746 flowid 110 Spurious 307
245.612 flowid 86 Spurious 311
247.423 flowid 110 Spurious 315
247.755 flowid 110 Spurious 316
248.968 flowid 86 Spurious 320
Flow Uec_45_173 flowId 23 uecSrc 22 finished at 249.712 total messages 1 total packets 491 RTS 1 total bytes 2002140 in_flight now 0 fair_inc 10388 prop_inc 12024 fast_inc 0 eta_inc 11324 multi_dec -0 quick_dec -0 nack_dec -0
250.196 flowid 110 Spurious 318
250.483 flowid 86 Spurious 323
252.556 flowid 110 Spurious 322
252.898 flowid 110 Spurious 323
266.828 flowid 119 Spurious 354
267.296 flowid 86 Spurious 365
267.97 flowid 86 Spurious 367
271.205 flowid 119 Spurious 367
Flow Uec_17_145 flowId 86 uecSrc 85 finished at 272.934 total messages 1 total packets 492 RTS 2 total bytes 2002140 in_flight now 0 fair_inc 11092 prop_inc 17823 fast_inc 0 eta_inc 11920 multi_dec -0 quick_dec -191944 nack_dec -12450
289.717 flowid 145 Spurious 396
291.273 flowid 87 Spurious 377
293.497 flowid 2 Spurious 295
293.607 flowid 87 Spurious 383
Flow Uec_27_155 flowId 125 uecSrc 124 finished at 296.2 total messages 1 total packets 492 RTS 2 total bytes 2002140 in_flight now 0 fair_inc 17401 prop_inc 31451 fast_inc 0 eta_inc 14304 multi_dec -127829 quick_dec -0 nack_dec -0
Flow Uec_121_249 flowId 3 uecSrc 2 finished at 310.92 total messages 1 total packets 490 RTS 0 total bytes 2002140 in_flight now 0 fair_inc 804 prop_inc 34869 fast_inc 0 eta_inc 14900 multi_dec -84351 quick_dec -0 nack_dec -37350
Flow Uec_200_72 flowId 141 uecSrc 140 finished at 312.847 total messages 1 total packets 490 RTS 0 total bytes 2002140 in_flight now 0 fair_inc 5708 prop_inc 32683 fast_inc 0 eta_inc 14900 multi_dec -76723 quick_dec -0 nack_dec -49800
Flow Uec_245_117 flowId 139 uecSrc 138 finished at 315.568 total messages 1 total packets 490 RTS 0 total bytes 2002140 in_flight now 0 fair_inc 1658 prop_inc 29510 fast_inc 0 eta_inc 14900 multi_dec -84119 quick_dec -0 nack_dec -41500
Flow Uec_42_170 flowId 149 uecSrc 148 finished at 317.3 total messages 1 total packets 492 RTS 2 total bytes 2002140 in_flight now 0 fair_inc 9648 prop_inc 13237 fast_inc 0 eta_inc 10728 multi_dec -0 quick_dec -181235 nack_dec -4150
317.343 flowid 134 Spurious 328
Flow Uec_20_148 flowId 8 uecSrc 7 finished at 318.369 total messages 1 total packets 494 RTS 4 total bytes 2002140 in_flight now 0 fair_inc 10421 prop_inc 42956 fast_inc 0 eta_inc 13112 multi_dec -74403 quick_dec -0 nack_dec -0
Flow Uec_31_159 flowId 110 uecSrc 109 finished at 319.268 total messages 1 total packets 492 RTS 2 total bytes 2002140 in_flight now -64 fair_inc 5347 prop_inc 22878 fast_inc 0 eta_inc 13112 multi_dec -0 quick_dec -0 nack_dec -0
319.378 flowid 149 Spurious 487
Flow Uec_33_161 flowId 119 uecSrc 118 finished at 324.972 total messages 1 total packets 491 RTS 1 total bytes 2002140 in_flight now 0 fair_inc 16329 prop_inc 29098 fast_inc 1010 eta_inc 13112 multi_dec -0 quick_dec -156092 nack_dec -4150
325.641 flowid 31 Spurious 466
329.833 flowid 31 Spurious 480
Flow Uec_188_60 flowId 98 uecSrc 97 finished at 329.952 total messages 1 total packets 490 RTS 0 total bytes 2002140 in_flight now 0 fair_inc 5178 prop_inc 29241 fast_inc 0 eta_inc 15496 multi_dec -77490 quick_dec -0 nack_dec -53950
330.513 flowid 31 Spurious 481
Flow Uec_176_48 flowId 56 uecSrc 55 finished at 331.159 total messages 1 total packets 491 RTS 1 total bytes 2002140 in_flight now 0 fair_inc 9163 prop_inc 19344 fast_inc 0 eta_inc 14900 multi_dec -77609 quick_dec -0 nack_dec -24900
Flow Uec_102_230 flowId 140 uecSrc 139 finished at 332.381 total messages 1 total packets 490 RTS 0 total bytes 2002140 in_flight now 0 fair_inc 2487 prop_inc 23781 fast_inc 0 eta_inc 16092 multi_dec -88000 quick_dec -0 nack_dec -37350
Flow Uec_204_76 flowId 12 uecSrc 11 finished at 332.547 total messages 1 total packets 490 RTS 0 total bytes 2002140 in_flight now 0 fair_inc 5342 prop_inc 40900 fast_inc 0 eta_inc 16092 multi_dec -104738 quick_dec -0 nack_dec -45650
Flow Uec_119_247 flowId 47 uecSrc 46 finished at 333.804 total messages 1 total packets 490 RTS 0 total bytes 2002140 in_flight now 0 fair_inc 25384 prop_inc 33189 fast_inc 0 eta_inc 16092 multi_dec -108248 quick_dec -0 nack_dec -45650
Flow Uec_125_253 flowId 99 uecSrc 98 finished at 333.809 total messages 1 total packets 490 RTS 0 total bytes 2002140 in_flight now 0 fair_inc 8552 prop_inc 34545 fast_inc 0 eta_inc 16092 multi_dec -118694 quick_dec -0 nack_dec -29050
Flow Uec_217_89 flowId 77 uecSrc 76 finished at 334.086 total messages 1 total packets 490 RTS 0 total bytes 2002140 in_flight now 0 fair_inc 4394 prop_inc 71025 fast_inc 0 eta_inc 15496 multi_dec -118907 quick_dec -0 nack_dec -45650
Flow Uec_145_17 flowId 60 uecSrc 59 finished at 334.565 total messages 1 total packets 490 RTS 0 total bytes 2002140 in_flight now 0 fair_inc 8317 prop_inc 39841 fast_inc 0 eta_inc 15496 multi_dec -104566 quick_dec -0 nack_dec -41500
Flow Uec_59_187 flowId 138 uecSrc 137 finished at 334.867 total messages 1 total packets 490 RTS 0 total bytes 2002140 in_flight now 0 fair_inc 8048 prop_inc 60077 fast_inc 0 eta_inc 16092 multi_dec -111839 quick_dec -0 nack_dec -45650
Flow Uec_28_156 flowId 145 uecSrc 144 finished at 336.483 total messages 1 total packets 492 RTS 2 total bytes 2002140 in_flight now 0 fair_inc 20429 prop_inc 27575 fast_inc 0 eta_inc 13708 multi_dec -0 quick_dec -0 nack_dec -0
Flow Uec_180_52 flowId 96 uecSrc 95 finished at 338.081 total messages 1 total packets 490 RTS 0 total bytes 2002140 in_flight now 0 fair_inc 4746 prop_inc 33892 fast_inc 0 eta_inc 16092 multi_dec -110845 quick_dec -0 nack_dec -37350
Flow Uec_162_34 flowId 55 uecSrc 54 finished at 339.383 total messages 1 total packets 490 RTS 0 total bytes 2002140 in_flight now 0 fair_inc 11696 prop_inc 35407 fast_inc 0 eta_inc 15496 multi_dec -94702 quick_dec -0 nack_dec -41500
Flow Uec_120_248 flowId 114 uecSrc 113 finished at 339.862 total messages 1 total packets 490 RTS 0 total bytes 2002140 in_flight now 0 fair_inc 9141 prop_inc 35562 fast_inc 0 eta_inc 16688 multi_dec -112115 quick_dec -0 nack_dec -37350
Flow Uec_100_228 flowId 115 uecSrc 114 finished at 340.251 total messages 1 total packets 490 RTS 0 total bytes 2002140 in_flight now 0 fair_inc 9296 prop_inc 28475 fast_inc 0 eta_inc 16092 multi_dec -118147 quick_dec -0 nack_dec -29050
340.345 flowid 134 Spurious 361
Flow Uec_37_165 flowId 31 uecSrc 30 finished at 340.532 total messages 1 total packets 491 RTS 1 total bytes 2002140 in_flight now 0 fair_inc 8805 prop_inc 20240 fast_inc 0 eta_inc 13708 multi_dec -0 quick_dec -0 nack_dec -0
Flow Uec_123_251 flowId 147 uecSrc 146 finished at 340.951 total messages 1 total packets 490 RTS 0 total bytes 2002140 in_flight now 0 fair_inc 14029 prop_inc 34771 fast_inc 0 eta_inc 16092 multi_dec -85470 quick_dec -0 nack_dec -62250
Flow Uec_34_162 flowId 87 uecSrc 86 finished at 341.166 total messages 1 total packets 491 RTS 1 total bytes 2002140 in_flight now 0 fair_inc 5961 prop_inc 34137 fast_inc 0 eta_inc 12516 multi_dec -0 quick_dec -0 nack_dec -0
Flow Uec_244_116 flowId 151 uecSrc 150 finished at 341.595 total messages 1 total packets 490 RTS 0 total bytes 2002140 in_flight now 0 fair_inc 2218 prop_inc 44218 fast_inc 16649 eta_inc 16688 multi_dec -100721 quick_dec -0 nack_dec -49800
Flow Uec_221_93 flowId 101 uecSrc 100 finished at 342.083 total messages 1 total packets 490 RTS 0 total bytes 2002140 in_flight now 0 fair_inc 14673 prop_inc 38108 fast_inc 0 eta_inc 16092 multi_dec -99747 quick_dec -0 nack_dec -53950
Flow Uec_240_112 flowId 92 uecSrc 91 finished at 342.315 total messages 1 total packets 490 RTS 0 total bytes 2002140 in_flight now 0 fair_inc 9998 prop_inc 29424 fast_inc 0 eta_inc 16688 multi_dec -107462 quick_dec -0 nack_dec -41500
Flow Uec_109_237 flowId 18 uecSrc 17 finished at 343.258 total messages 1 total packets 490 RTS 0 total bytes 2002140 in_flight now 0 fair_inc 6496 prop_inc 30215 fast_inc 0 eta_inc 16092 multi_dec -70622 quick_dec -0 nack_dec -66400
Flow Uec_147_19 flowId 35 uecSrc 34 finished at 343.749 total messages 1 total packets 490 RTS 0 total bytes 2002140 in_flight now 0 fair_inc 11196 prop_inc 42904 fast_inc 0 eta_inc 16688 multi_dec -90258 quick_dec -0 nack_dec -58100
Flow Uec_192_64 flowId 26 uecSrc 25 finished at 343.863 total messages 1 total packets 492 RTS 2 total bytes 2002140 in_flight now 0 fair_inc 10184 prop_inc 10658 fast_inc 0 eta_inc 15496 multi_dec -0 quick_dec -0 nack_dec -4150
Flow Uec_243_115 flowId 79 uecSrc 78 finished at 344.665 total messages 1 total packets 490 RTS 0 total bytes 2002140 in_flight now 0 fair_inc 12849 prop_inc 28668 fast_inc 0 eta_inc 16688 multi_dec -93276 quick_dec -0 nack_dec -53950
Flow Uec_237_109 flowId 136 uecSrc 135 finished at 344.907 total messages 1 total packets 490 RTS 0 total bytes 2002140 in_flight now 0 fair_inc 4759 prop_inc 36694 fast_inc 0 eta_inc 16092 multi_dec -61896 quick_dec -0 nack_dec -78850
Flow Uec_111_239 flowId 61 uecSrc 60 finished at 344.992 total messages 1 total packets 490 RTS 0 total bytes 2002140 in_flight now 0 fair_inc 5770 prop_inc 26529 fast_inc 0 eta_inc 16688 multi_dec -75691 quick_dec -0 nack_dec -58100
Flow Uec_139_11 flowId 108 uecSrc 107 finished at 345.401 total messages 1 total packets 490 RTS 0 total bytes 2002140 in_flight now 0 fair_inc 2040 prop_inc 42556 fast_inc 0 eta_inc 16092 multi_dec -95907 quick_dec -0 nack_dec -45650
Flow Uec_57_185 flowId 127 uecSrc 126 finished at 346.228 total messages 1 total packets 490 RTS 0 total bytes 2002140 in_flight now 0 fair_inc 3232 prop_inc 44044 fast_inc 0 eta_inc 16688 multi_dec -96252 quick_dec -0 nack_dec -53950
Flow Uec_181_53 flowId 111 uecSrc 110 finished at 346.433 total messages 1 total packets 490 RTS 0 total bytes 2002140 in_flight now 0 fair_inc 20191 prop_inc 1400 fast_inc 0 eta_inc 16688 multi_dec -40888 quick_dec -0 nack_dec -83000
Flow Uec_38_166 flowId 46 uecSrc 45 finished at 347.552 total messages 1 total packets 497 RTS 7 total bytes 2002140 in_flight now 0 fair_inc 28882 prop_inc 34592 fast_inc 0 eta_inc 16688 multi_dec -76623 quick_dec -0 nack_dec -4150
Flow Uec_213_85 flowId 24 uecSrc 23 finished at 348.527 total messages 1 total packets 490 RTS 0 total bytes 2002140 in_flight now 0 fair_inc 5908 prop_inc 45498 fast_inc 0 eta_inc 16092 multi_dec -109590 quick_dec -0 nack_dec -41500
Flow Uec_170_42 flowId 43 uecSrc 42 finished at 348.672 total messages 1 total packets 490 RTS 0 total bytes 2002140 in_flight now 0 fair_inc 12812 prop_inc 36580 fast_inc 0 eta_inc 16092 multi_dec -108635 quick_dec -0 nack_dec -41500
Flow Uec_187_59 flowId 50 uecSrc 49 finished at 349.4 total messages 1 total packets 490 RTS 0 total bytes 2002140 in_flight now 0 fair_inc 17991 prop_inc 30875 fast_inc 0 eta_inc 16688 multi_dec -104524 quick_dec -0 nack_dec -45650
Flow Uec_53_181 flowId 54 uecSrc 53 finished at 350.774 total messages 1 total packets 490 RTS 0 total bytes 2002140 in_flight now 0 fair_inc 16302 prop_inc 32837 fast_inc 0 eta_inc 16688 multi_dec -109922 quick_dec -0 nack_dec -45650
Flow Uec_22_150 flowId 30 uecSrc 29 finished at 354.024 total messages 1 total packets 498 RTS 8 total bytes 2002140 in_flight now 0 fair_inc 7084 prop_inc 52836 fast_inc 37374 eta_inc 16092 multi_dec -80805 quick_dec -0 nack_dec -0
Flow Uec_126_254 flowId 148 uecSrc 147 finished at 356.385 total messages 1 total packets 490 RTS 0 total bytes 2002140 in_flight now 0 fair_inc 5225 prop_inc 55877 fast_inc 0 eta_inc 16688 multi_dec -100349 quick_dec -0 nack_dec -53950
Flow Uec_55_183 flowId 58 uecSrc 57 finished at 361.632 total messages 1 total packets 490 RTS 0 total bytes 2002140 in_flight now 0 fair_inc 32772 prop_inc 53567 fast_inc 0 eta_inc 17284 multi_dec -140239 quick_dec -0 nack_dec -33200
Flow Uec_51_179 flowId 41 uecSrc 40 finished at 363.922 total messages 1 total packets 490 RTS 0 total bytes 2002140 in_flight now 0 fair_inc 23985 prop_inc 58602 fast_inc 0 eta_inc 16092 multi_dec -135093 quick_dec -0 nack_dec -37350
Flow Uec_48_176 flowId 134 uecSrc 133 finished at 366.88 total messages 1 total packets 498 RTS 8 total bytes 2002140 in_flight now 0 fair_inc 10522 prop_inc 25493 fast_inc 0 eta_inc 16092 multi_dec -12913 quick_dec -150960 nack_dec -4150
Flow Uec_67_195 flowId 128 uecSrc 127 finished at 367.312 total messages 1 total packets 495 RTS 5 total bytes 2002140 in_flight now 0 fair_inc 3899 prop_inc 68164 fast_inc 0 eta_inc 17284 multi_dec -0 quick_dec -0 nack_dec -16600
Flow Uec_197_69 flowId 15 uecSrc 14 finished at 370.226 total messages 1 total packets 492 RTS 2 total bytes 2002140 in_flight now 0 fair_inc 7203 prop_inc 52026 fast_inc 16649 eta_inc 17284 multi_dec -62185 quick_dec -0 nack_dec -16600
Flow Uec_230_102 flowId 95 uecSrc 94 finished at 371.764 total messages 1 total packets 490 RTS 0 total bytes 2002140 in_flight now 0 fair_inc 4524 prop_inc 45929 fast_inc 0 eta_inc 16092 multi_dec -92147 quick_dec -0 nack_dec -66400
Flow Uec_246_118 flowId 142 uecSrc 141 finished at 374.275 total messages 1 total packets 490 RTS 0 total bytes 2002140 in_flight now 0 fair_inc 15758 prop_inc 29823 fast_inc 0 eta_inc 17880 multi_dec -91302 quick_dec -0 nack_dec -66400
Flow Uec_178_50 flowId 83 uecSrc 82 finished at 374.82 total messages 1 total packets 490 RTS 0 total bytes 2002140 in_flight now 0 fair_inc 25288 prop_inc 15847 fast_inc 15639 eta_inc 17880 multi_dec -18570 quick_dec -0 nack_dec -116200
378.113 flowid 10 Spurious 487
Flow Uec_253_125 flowId 107 uecSrc 106 finished at 379.426 total messages 1 total packets 490 RTS 0 total bytes 2002140 in_flight now 0 fair_inc 6666 prop_inc 40068 fast_inc 0 eta_inc 17284 multi_dec -86879 quick_dec -0 nack_dec -70550
Flow Uec_249_121 flowId 32 uecSrc 31 finished at 379.509 total messages 1 total packets 490 RTS 0 total bytes 2002140 in_flight now 0 fair_inc 12506 prop_inc 32021 fast_inc 0 eta_inc 17880 multi_dec -84205 quick_dec -0 nack_dec -74700
380.792 flowid 7 Spurious 433
Flow Uec_146_18 flowId 133 uecSrc 132 finished at 382.732 total messages 1 total packets 490 RTS 0 total bytes 2002140 in_flight now 0 fair_inc 3550 prop_inc 45177 fast_inc 0 eta_inc 18476 multi_dec -28021 quick_dec -0 nack_dec -128650
Flow Uec_3_131 flowId 10 uecSrc 9 finished at 383.293 total messages 1 total packets 495 RTS 5 total bytes 2002140 in_flight now -64 fair_inc 3086 prop_inc 77459 fast_inc 1010 eta_inc 14900 multi_dec -0 quick_dec -177300 nack_dec -8300
Flow Uec_254_126 flowId 84 uecSrc 83 finished at 391.688 total messages 1 total packets 490 RTS 0 total bytes 2002140 in_flight now 0 fair_inc 9442 prop_inc 39809 fast_inc 0 eta_inc 17880 multi_dec -65579 quick_dec -0 nack_dec -99600
393.262 flowid 7 Spurious 492
Flow Uec_152_24 flowId 129 uecSrc 128 finished at 393.685 total messages 1 total packets 490 RTS 0 total bytes 2002140 in_flight now 0 fair_inc 7288 prop_inc 38295 fast_inc 0 eta_inc 18476 multi_dec -26252 quick_dec -0 nack_dec -132800
Flow Uec_184_56 flowId 113 uecSrc 112 finished at 400.971 total messages 1 total packets 490 RTS 0 total bytes 2002140 in_flight now 0 fair_inc 27338 prop_inc 15458 fast_inc 0 eta_inc 19072 multi_dec -48119 quick_dec -0 nack_dec -112050
Flow Uec_61_189 flowId 14 uecSrc 13 finished at 406.519 total messages 1 total packets 490 RTS 0 total bytes 2002140 in_flight now 0 fair_inc 35661 prop_inc 68138 fast_inc 0 eta_inc 17880 multi_dec -181885 quick_dec -0 nack_dec -20750
Flow Uec_77_205 flowId 29 uecSrc 28 finished at 408.861 total messages 1 total packets 490 RTS 0 total bytes 2002140 in_flight now 0 fair_inc 26608 prop_inc 16699 fast_inc 0 eta_inc 19668 multi_dec -53533 quick_dec -0 nack_dec -116200
Flow Uec_4_132 flowId 91 uecSrc 90 finished at 410.205 total messages 1 total packets 496 RTS 6 total bytes 2002140 in_flight now -64 fair_inc 748 prop_inc 89385 fast_inc 15 eta_inc 14304 multi_dec -0 quick_dec -148831 nack_dec -4150
Flow Uec_40_168 flowId 85 uecSrc 84 finished at 411.519 total messages 1 total packets 498 RTS 8 total bytes 2002140 in_flight now 0 fair_inc 15685 prop_inc 40911 fast_inc 0 eta_inc 16688 multi_dec -49247 quick_dec -0 nack_dec -0
415.155 flowid 85 Spurious 452
417.489 flowid 85 Spurious 455
Flow Uec_202_74 flowId 73 uecSrc 72 finished at 423.453 total messages 1 total packets 490 RTS 0 total bytes 2002140 in_flight now 0 fair_inc 23391 prop_inc 16290 fast_inc 0 eta_inc 20264 multi_dec -54176 quick_dec -0 nack_dec -128650
Flow Uec_5_133 flowId 7 uecSrc 6 finished at 426.805 total messages 1 total packets 496 RTS 6 total bytes 2002140 in_flight now -64 fair_inc 16835 prop_inc 95937 fast_inc 0 eta_inc 16688 multi_dec -0 quick_dec -158070 nack_dec -33200
Flow Uec_231_103 flowId 39 uecSrc 38 finished at 428.219 total messages 1 total packets 490 RTS 0 total bytes 2002140 in_flight now 0 fair_inc 15657 prop_inc 16300 fast_inc 0 eta_inc 20264 multi_dec -28993 quick_dec -0 nack_dec -124500
Flow Uec_165_37 flowId 51 uecSrc 50 finished at 429.05 total messages 1 total packets 492 RTS 2 total bytes 2002140 in_flight now 0 fair_inc 18479 prop_inc 19539 fast_inc 0 eta_inc 19668 multi_dec -24697 quick_dec -0 nack_dec -120350
Flow Uec_47_175 flowId 42 uecSrc 41 finished at 431.184 total messages 1 total packets 498 RTS 8 total bytes 2002140 in_flight now 0 fair_inc 19050 prop_inc 84104 fast_inc 0 eta_inc 19668 multi_dec -130682 quick_dec -0 nack_dec -8300
Flow Uec_144_16 flowId 45 uecSrc 44 finished at 433.3 total messages 1 total packets 490 RTS 0 total bytes 2002140 in_flight now 0 fair_inc 16407 prop_inc 26498 fast_inc 0 eta_inc 20860 multi_dec -49680 quick_dec -0 nack_dec -116200
435.792 flowid 72 Spurious 475
436.124 flowid 72 Spurious 476
440.262 flowid 72 Spurious 487
440.6 flowid 72 Spurious 486
Flow Uec_0_128 flowId 72 uecSrc 71 finished at 442.304 total messages 1 total packets 500 RTS 10 total bytes 2002140 in_flight now 0 fair_inc 2563 prop_inc 105104 fast_inc 0 eta_inc 17880 multi_dec -0 quick_dec -109654 nack_dec -4150
451.663 flowid 72 Spurious 488
Flow Uec_154_26 flowId 78 uecSrc 77 finished at 459.091 total messages 1 total packets 490 RTS 0 total bytes 2002140 in_flight now 0 fair_inc 17425 prop_inc 39182 fast_inc 0 eta_inc 20860 multi_dec -109428 quick_dec -0 nack_dec -66400
Flow Uec_222_94 flowId 153 uecSrc 152 finished at 461.952 total messages 1 total packets 490 RTS 0 total bytes 2002140 in_flight now 0 fair_inc 11115 prop_inc 15799 fast_inc 0 eta_inc 20860 multi_dec -61248 quick_dec -0 nack_dec -103750
Flow Uec_134_6 flowId 64 uecSrc 63 finished at 469.004 total messages 1 total packets 490 RTS 0 total bytes 2002140 in_flight now 0 fair_inc 9771 prop_inc 31923 fast_inc 0 eta_inc 20860 multi_dec -102040 quick_dec -0 nack_dec -78850
Flow Uec_219_91 flowId 67 uecSrc 66 finished at 469.38 total messages 1 total packets 490 RTS 0 total bytes 2002140 in_flight now 0 fair_inc 11903 prop_inc 40770 fast_inc 10101 eta_inc 22052 multi_dec -75883 quick_dec -0 nack_dec -95450
Flow Uec_173_45 flowId 105 uecSrc 104 finished at 475.599 total messages 1 total packets 490 RTS 0 total bytes 2002140 in_flight now 0 fair_inc 19825 prop_inc 57532 fast_inc 0 eta_inc 22648 multi_dec -131616 quick_dec -0 nack_dec -66400
Flow Uec_93_221 flowId 17 uecSrc 16 finished at 479.093 total messages 1 total packets 490 RTS 0 total bytes 2002140 in_flight now 0 fair_inc 12102 prop_inc 49076 fast_inc 0 eta_inc 22648 multi_dec -83494 quick_dec -0 nack_dec -95450
Flow Uec_143_15 flowId 118 uecSrc 117 finished at 485.67 total messages 1 total packets 490 RTS 0 total bytes 2002140 in_flight now 0 fair_inc 19692 prop_inc 29053 fast_inc 0 eta_inc 22052 multi_dec -58986 quick_dec -0 nack_dec -141100
Flow Uec_65_193 flowId 124 uecSrc 123 finished at 488.769 total messages 1 total packets 491 RTS 1 total bytes 2002140 in_flight now 0 fair_inc 0 prop_inc 128348 fast_inc 45451 eta_inc 20264 multi_dec -0 quick_dec -0 nack_dec -0
Flow Uec_89_217 flowId 11 uecSrc 10 finished at 493.204 total messages 1 total packets 490 RTS 0 total bytes 2002140 in_flight now 0 fair_inc 12713 prop_inc 22573 fast_inc 0 eta_inc 22648 multi_dec -112085 quick_dec -0 nack_dec -70550
Flow Uec_90_218 flowId 89 uecSrc 88 finished at 494.328 total messages 1 total packets 490 RTS 0 total bytes 2002140 in_flight now 0 fair_inc 19582 prop_inc 21825 fast_inc 0 eta_inc 22648 multi_dec -121280 quick_dec -0 nack_dec -70550
Flow Uec_177_49 flowId 131 uecSrc 130 finished at 494.76 total messages 1 total packets 490 RTS 0 total bytes 2002140 in_flight now 0 fair_inc 22058 prop_inc 43509 fast_inc 0 eta_inc 22648 multi_dec -107603 quick_dec -0 nack_dec -78850
Flow Uec_211_83 flowId 137 uecSrc 136 finished at 495.536 total messages 1 total packets 490 RTS 0 total bytes 2002140 in_flight now 0 fair_inc 23886 prop_inc 27185 fast_inc 0 eta_inc 22648 multi_dec -96275 quick_dec -0 nack_dec -95450
Flow Uec_239_111 flowId 74 uecSrc 73 finished at 496.465 total messages 1 total packets 490 RTS 0 total bytes 2002140 in_flight now 0 fair_inc 24672 prop_inc 40528 fast_inc 0 eta_inc 22648 multi_dec -79610 quick_dec -0 nack_dec -99600
Flow Uec_137_9 flowId 152 uecSrc 151 finished at 498.344 total messages 1 total packets 490 RTS 0 total bytes 2002140 in_flight now 0 fair_inc 17909 prop_inc 68738 fast_inc 0 eta_inc 22052 multi_dec -111422 quick_dec -0 nack_dec -74700
Flow Uec_7_135 flowId 36 uecSrc 35 finished at 499.153 total messages 1 total packets 505 RTS 15 total bytes 2002140 in_flight now -64 fair_inc 8592 prop_inc 89239 fast_inc 0 eta_inc 22052 multi_dec -0 quick_dec -0 nack_dec -16600
Flow Uec_194_66 flowId 82 uecSrc 81 finished at 499.697 total messages 1 total packets 493 RTS 3 total bytes 2002140 in_flight now 0 fair_inc 6928 prop_inc 7999 fast_inc 0 eta_inc 23244 multi_dec -28181 quick_dec -0 nack_dec -91300
Flow Uec_179_51 flowId 34 uecSrc 33 finished at 501.561 total messages 1 total packets 490 RTS 0 total bytes 2002140 in_flight now 0 fair_inc 25340 prop_inc 46167 fast_inc 0 eta_inc 22648 multi_dec -81827 quick_dec -0 nack_dec -112050
Flow Uec_82_210 flowId 66 uecSrc 65 finished at 509.037 total messages 1 total packets 490 RTS 0 total bytes 2002140 in_flight now 0 fair_inc 34967 prop_inc 30575 fast_inc 0 eta_inc 23244 multi_dec -48270 quick_dec -0 nack_dec -166000
Flow Uec_171_43 flowId 93 uecSrc 92 finished at 515.796 total messages 1 total packets 490 RTS 0 total bytes 2002140 in_flight now 0 fair_inc 32929 prop_inc 68538 fast_inc 0 eta_inc 21456 multi_dec -115742 quick_dec -0 nack_dec -99600
Flow Uec_92_220 flowId 5 uecSrc 4 finished at 519.728 total messages 1 total packets 490 RTS 0 total bytes 2002140 in_flight now 0 fair_inc 35893 prop_inc 63092 fast_inc 0 eta_inc 23244 multi_dec -107856 quick_dec -0 nack_dec -95450
Flow Uec_71_199 flowId 132 uecSrc 131 finished at 520.208 total messages 1 total packets 490 RTS 0 total bytes 2002140 in_flight now 0 fair_inc 14660 prop_inc 8420 fast_inc 0 eta_inc 24436 multi_dec -63671 quick_dec -0 nack_dec -116200
Flow Uec_198_70 flowId 112 uecSrc 111 finished at 520.826 total messages 1 total packets 490 RTS 0 total bytes 2002140 in_flight now 0 fair_inc 22962 prop_inc 43561 fast_inc 0 eta_inc 23840 multi_dec -86050 quick_dec -0 nack_dec -116200
Flow Uec_84_212 flowId 143 uecSrc 142 finished at 521.38 total messages 1 total packets 490 RTS 0 total bytes 2002140 in_flight now 0 fair_inc 29916 prop_inc 7961 fast_inc 0 eta_inc 23840 multi_dec -64584 quick_dec -0 nack_dec -128650
Flow Uec_191_63 flowId 68 uecSrc 67 finished at 526.076 total messages 1 total packets 493 RTS 3 total bytes 2002140 in_flight now 0 fair_inc 5360 prop_inc 19276 fast_inc 0 eta_inc 23840 multi_dec -0 quick_dec -0 nack_dec -20750
Flow Uec_133_5 flowId 20 uecSrc 19 finished at 527.411 total messages 1 total packets 490 RTS 0 total bytes 2002140 in_flight now 0 fair_inc 20585 prop_inc 46730 fast_inc 0 eta_inc 23840 multi_dec -129664 quick_dec -0 nack_dec -78850
Flow Uec_159_31 flowId 104 uecSrc 103 finished at 529.205 total messages 1 total packets 490 RTS 0 total bytes 2002140 in_flight now 0 fair_inc 37080 prop_inc 75359 fast_inc 0 eta_inc 22052 multi_dec -126702 quick_dec -0 nack_dec -99600
Flow Uec_223_95 flowId 154 uecSrc 153 finished at 536.613 total messages 1 total packets 490 RTS 0 total bytes 2002140 in_flight now 0 fair_inc 26172 prop_inc 74732 fast_inc 0 eta_inc 24436 multi_dec -137968 quick_dec -0 nack_dec -78850
Flow Uec_163_35 flowId 65 uecSrc 64 finished at 537.996 total messages 1 total packets 490 RTS 0 total bytes 2002140 in_flight now 0 fair_inc 19541 prop_inc 10133 fast_inc 0 eta_inc 25032 multi_dec -97565 quick_dec -0 nack_dec -87150
Flow Uec_174_46 flowId 100 uecSrc 99 finished at 540.813 total messages 1 total packets 490 RTS 0 total bytes 2002140 in_flight now 0 fair_inc 41674 prop_inc 8741 fast_inc 0 eta_inc 25032 multi_dec -53159 quick_dec -0 nack_dec -145250
Flow Uec_135_7 flowId 130 uecSrc 129 finished at 541.722 total messages 1 total packets 491 RTS 1 total bytes 2002140 in_flight now 0 fair_inc 4076 prop_inc 95704 fast_inc 4041 eta_inc 22052 multi_dec -130405 quick_dec -0 nack_dec -74700
Flow Uec_242_114 flowId 70 uecSrc 69 finished at 544.963 total messages 1 total packets 490 RTS 0 total bytes 2002140 in_flight now 0 fair_inc 35975 prop_inc 47960 fast_inc 60094 eta_inc 24436 multi_dec -114530 quick_dec -0 nack_dec -87150
Flow Uec_9_137 flowId 2 uecSrc 1 finished at 546.055 total messages 1 total packets 499 RTS 9 total bytes 2002140 in_flight now 0 fair_inc 12985 prop_inc 56205 fast_inc 0 eta_inc 19072 multi_dec -1888 quick_dec -160003 nack_dec -20750
Flow Uec_79_207 flowId 120 uecSrc 119 finished at 548.095 total messages 1 total packets 490 RTS 0 total bytes 2002140 in_flight now 0 fair_inc 19049 prop_inc 22846 fast_inc 0 eta_inc 23840 multi_dec -100981 quick_dec -0 nack_dec -91300
Flow Uec_83_211 flowId 71 uecSrc 70 finished at 563.778 total messages 1 total packets 490 RTS 0 total bytes 2002140 in_flight now 0 fair_inc 23452 prop_inc 9268 fast_inc 0 eta_inc 26224 multi_dec -28016 quick_dec -0 nack_dec -161850
Flow Uec_129_1 flowId 21 uecSrc 20 finished at 585.906 total messages 1 total packets 491 RTS 1 total bytes 2002140 in_flight now 0 fair_inc 16773 prop_inc 40476 fast_inc 0 eta_inc 26224 multi_dec -56419 quick_dec -0 nack_dec -128650
Flow Uec_88_216 flowId 25 uecSrc 24 finished at 598.257 total messages 1 total packets 490 RTS 0 total bytes 2002140 in_flight now 0 fair_inc 38456 prop_inc 13200 fast_inc 0 eta_inc 25032 multi_dec -84235 quick_dec -0 nack_dec -145250
Flow Uec_95_223 flowId 28 uecSrc 27 finished at 606.371 total messages 1 total packets 490 RTS 0 total bytes 2002140 in_flight now 0 fair_inc 20858 prop_inc 31685 fast_inc 0 eta_inc 21456 multi_dec -76958 quick_dec -0 nack_dec -107900
Flow Uec_151_23 flowId 33 uecSrc 32 finished at 609.996 total messages 1 total packets 490 RTS 0 total bytes 2002140 in_flight now 0 fair_inc 43977 prop_inc 11690 fast_inc 0 eta_inc 25628 multi_dec -82414 quick_dec -0 nack_dec -145250
Flow Uec_182_54 flowId 88 uecSrc 87 finished at 619.085 total messages 1 total packets 490 RTS 0 total bytes 2002140 in_flight now 0 fair_inc 10323 prop_inc 71272 fast_inc 0 eta_inc 26820 multi_dec -57946 quick_dec -0 nack_dec -141100
Flow Uec_157_29 flowId 4 uecSrc 3 finished at 645.816 total messages 1 total packets 490 RTS 0 total bytes 2002140 in_flight now 0 fair_inc 47423 prop_inc 57295 fast_inc 0 eta_inc 22052 multi_dec -31405 quick_dec -21116 nack_dec -174300
Flow Uec_128_0 flowId 102 uecSrc 101 finished at 661.908 total messages 1 total packets 490 RTS 0 total bytes 2002140 in_flight now 0 fair_inc 14990 prop_inc 70902 fast_inc 0 eta_inc 27416 multi_dec -94770 quick_dec -0 nack_dec -120350
Flow Uec_131_3 flowId 106 uecSrc 105 finished at 685.264 total messages 1 total packets 491 RTS 1 total bytes 2002140 in_flight now 0 fair_inc 9182 prop_inc 97896 fast_inc 0 eta_inc 28012 multi_dec -86655 quick_dec -0 nack_dec -128650
Flow Uec_183_55 flowId 69 uecSrc 68 finished at 692.173 total messages 1 total packets 490 RTS 0 total bytes 2002140 in_flight now 0 fair_inc 36998 prop_inc 70869 fast_inc 161117 eta_inc 25628 multi_dec -112352 quick_dec -18971 nack_dec -116200
Flow Uec_161_33 flowId 135 uecSrc 134 finished at 692.558 total messages 1 total packets 490 RTS 0 total bytes 2002140 in_flight now 0 fair_inc 41053 prop_inc 86104 fast_inc 0 eta_inc 26820 multi_dec -143306 quick_dec -0 nack_dec -107900
Flow Uec_94_222 flowId 80 uecSrc 79 finished at 702.769 total messages 1 total packets 490 RTS 0 total bytes 2002140 in_flight now 0 fair_inc 35189 prop_inc 31052 fast_inc 186369 eta_inc 29800 multi_dec -129764 quick_dec -0 nack_dec -120350
Flow Uec_168_40 flowId 38 uecSrc 37 finished at 716.729 total messages 1 total packets 492 RTS 2 total bytes 2002140 in_flight now 0 fair_inc 64589 prop_inc 19285 fast_inc 0 eta_inc 30992 multi_dec -121816 quick_dec -0 nack_dec -107900
Flow Uec_169_41 flowId 37 uecSrc 36 finished at 718.217 total messages 1 total packets 490 RTS 0 total bytes 2002140 in_flight now 0 fair_inc 40282 prop_inc 24009 fast_inc 0 eta_inc 32184 multi_dec -103000 quick_dec -0 nack_dec -132800
Flow Uec_63_191 flowId 27 uecSrc 26 finished at 718.452 total messages 1 total packets 491 RTS 1 total bytes 2002140 in_flight now 0 fair_inc 3433 prop_inc 10529 fast_inc 392977 eta_inc 19072 multi_dec -0 quick_dec -101735 nack_dec -20750
Flow Uec_153_25 flowId 94 uecSrc 93 finished at 721.774 total messages 1 total packets 491 RTS 1 total bytes 2002140 in_flight now 0 fair_inc 76650 prop_inc 17606 fast_inc 0 eta_inc 32780 multi_dec -117870 quick_dec -0 nack_dec -149400
Flow Uec_218_90 flowId 122 uecSrc 121 finished at 740.798 total messages 1 total packets 490 RTS 0 total bytes 2002140 in_flight now 0 fair_inc 46905 prop_inc 2822 fast_inc 0 eta_inc 31588 multi_dec -53589 quick_dec -0 nack_dec -182600
Flow Uec_215_87 flowId 44 uecSrc 43 finished at 748.991 total messages 1 total packets 490 RTS 0 total bytes 2002140 in_flight now 0 fair_inc 57668 prop_inc 2252 fast_inc 0 eta_inc 23244 multi_dec -104831 quick_dec -0 nack_dec -141100
Flow Uec_81_209 flowId 52 uecSrc 51 finished at 761.985 total messages 1 total packets 490 RTS 0 total bytes 2002140 in_flight now 0 fair_inc 59891 prop_inc 5814 fast_inc 0 eta_inc 31588 multi_dec -104615 quick_dec -0 nack_dec -170150
Flow Uec_209_81 flowId 75 uecSrc 74 finished at 769.672 total messages 1 total packets 490 RTS 0 total bytes 2002140 in_flight now 0 fair_inc 59365 prop_inc 14560 fast_inc 0 eta_inc 28608 multi_dec -68168 quick_dec -0 nack_dec -178450
Flow Uec_85_213 flowId 76 uecSrc 75 finished at 770.693 total messages 1 total packets 490 RTS 0 total bytes 2002140 in_flight now 0 fair_inc 40996 prop_inc 5485 fast_inc 0 eta_inc 33972 multi_dec -32642 quick_dec -0 nack_dec -190900
Flow Uec_78_206 flowId 57 uecSrc 56 finished at 782.334 total messages 1 total packets 490 RTS 0 total bytes 2002140 in_flight now 0 fair_inc 54551 prop_inc 7045 fast_inc 0 eta_inc 35164 multi_dec -90334 quick_dec -0 nack_dec -157700
Flow Uec_216_88 flowId 150 uecSrc 149 finished at 808.175 total messages 1 total packets 490 RTS 0 total bytes 2002140 in_flight now 0 fair_inc 65208 prop_inc 43682 fast_inc 0 eta_inc 35760 multi_dec -128057 quick_dec -0 nack_dec -149400
Flow Uec_73_201 flowId 49 uecSrc 48 finished at 820.379 total messages 1 total packets 490 RTS 0 total bytes 2002140 in_flight now 0 fair_inc 61374 prop_inc 26843 fast_inc 0 eta_inc 36356 multi_dec -153556 quick_dec -0 nack_dec -128650
Flow Uec_70_198 flowId 13 uecSrc 12 finished at 862.629 total messages 1 total packets 490 RTS 0 total bytes 2002140 in_flight now 0 fair_inc 58553 prop_inc 44940 fast_inc 60091 eta_inc 31588 multi_dec -155020 quick_dec --649 nack_dec -107900
Flow Uec_206_78 flowId 81 uecSrc 80 finished at 882.901 total messages 1 total packets 490 RTS 0 total bytes 2002140 in_flight now 0 fair_inc 41504 prop_inc 59483 fast_inc 71205 eta_inc 29204 multi_dec -148938 quick_dec -4124 nack_dec -112050
Flow Uec_175_47 flowId 103 uecSrc 102 finished at 907.285 total messages 1 total packets 490 RTS 0 total bytes 2002140 in_flight now 0 fair_inc 40176 prop_inc 128735 fast_inc 0 eta_inc 29204 multi_dec -61783 quick_dec -47189 nack_dec -149400
.Done
New: 75460 Rtx: 3071 RTS: 134 Bounced: 0 ACKs: 57077 NACKs: 2363 Pulls: 0 sleek_pkts: 0
