traffic matrix input file: connection_matrices/load_sweep/load0.65_n256_seed2.cm
Load balancing algorithm set to reps
no_of_nodes 256
Dragonfly+ strategy: FPAR
Setting queuesize to 50 packets
endtime(us) 100000
random seed 2
Packet size (MTU) is 4150
Parsed args
Logging to reps_dfp_results/reps_final_sweep/load0.65_reps_seed2.dat
Loading connection matrix from connection_matrices/load_sweep/load0.65_n256_seed2.cm
Nodes: 256 Connections: 166 Triggers: 0 Failures: 0
Setting ECN low 33200 high 120350
Dragonfly+ with medium topology type
Link latencies: 1 and switch latencies: 0
queue_id 2 ecn_low 33200 ecn_high 120350
DragonFly+ constructor done, 392 nodes created
Note: topology supports 392 hosts; 136 host port(s) will be unused.
network_max_unloaded_rtt 11.6856 us
Setting min RTO to 114.6
Per-hop RTT normalization: ON (strategy fpar)
Initializing static NSCC parameters: _reference_network_linkspeed=100000000000 _reference_network_rtt=12000000 _reference_network_bdp=150000 _target_Qdelay=8764200 _network_linkspeed=100000000000 _network_rtt=11685600 _network_bdp=146070 _qa_gate=2^3 _qa_threshold=3.50568e+07 _scaling_factor_a=0.9738 _scaling_factor_b=0.73035 _alpha=0.00132632 _fi=19894.7 _eta=596.842 _qa_scaling=1 _gamma=0.8 _fi_scale=0.24345 _delay_alpha=0.0125 _adjust_period_threshold=11685600 _adjust_bytes_threshold=33200
Initialize per-instance NSCC parameters: flowid 1 _base_rtt=11685600 _base_bdp=146070 _bdp=146070 _min_cwnd=4150 _maxwnd=219105 _cwnd=219105
Initialize per-instance NSCC parameters: flowid 2 _base_rtt=11685600 _base_bdp=146070 _bdp=146070 _min_cwnd=4150 _maxwnd=219105 _cwnd=219105
Initialize per-instance NSCC parameters: flowid 3 _base_rtt=11685600 _base_bdp=146070 _bdp=146070 _min_cwnd=4150 _maxwnd=219105 _cwnd=219105
Initialize per-instance NSCC parameters: flowid 4 _base_rtt=11685600 _base_bdp=146070 _bdp=146070 _min_cwnd=4150 _maxwnd=219105 _cwnd=219105
Initialize per-instance NSCC parameters: flowid 5 _base_rtt=11685600 _base_bdp=146070 _bdp=146070 _min_cwnd=4150 _maxwnd=219105 _cwnd=219105
Initialize per-instance NSCC parameters: flowid 6 _base_rtt=11685600 _base_bdp=146070 _bdp=146070 _min_cwnd=4150 _maxwnd=219105 _cwnd=219105
Initialize per-instance NSCC parameters: flowid 7 _base_rtt=11685600 _base_bdp=146070 _bdp=146070 _min_cwnd=4150 _maxwnd=219105 _cwnd=219105
Initialize per-instance NSCC parameters: flowid 8 _base_rtt=11685600 _base_bdp=146070 _bdp=146070 _min_cwnd=4150 _maxwnd=219105 _cwnd=219105
Initialize per-instance NSCC parameters: flowid 9 _base_rtt=11685600 _base_bdp=146070 _bdp=146070 _min_cwnd=4150 _maxwnd=219105 _cwnd=219105
Initialize per-instance NSCC parameters: flowid 10 _base_rtt=11685600 _base_bdp=146070 _bdp=146070 _min_cwnd=4150 _maxwnd=219105 _cwnd=219105
Initialize per-instance NSCC parameters: flowid 11 _base_rtt=11685600 _base_bdp=146070 _bdp=146070 _min_cwnd=4150 _maxwnd=219105 _cwnd=219105
Initialize per-instance NSCC parameters: flowid 12 _base_rtt=11685600 _base_bdp=146070 _bdp=146070 _min_cwnd=4150 _maxwnd=219105 _cwnd=219105
Initialize per-instance NSCC parameters: flowid 13 _base_rtt=11685600 _base_bdp=146070 _bdp=146070 _min_cwnd=4150 _maxwnd=219105 _cwnd=219105
Initialize per-instance NSCC parameters: flowid 14 _base_rtt=11685600 _base_bdp=146070 _bdp=146070 _min_cwnd=4150 _maxwnd=219105 _cwnd=219105
Initialize per-instance NSCC parameters: flowid 15 _base_rtt=11685600 _base_bdp=146070 _bdp=146070 _min_cwnd=4150 _maxwnd=219105 _cwnd=219105
Initialize per-instance NSCC parameters: flowid 16 _base_rtt=11685600 _base_bdp=146070 _bdp=146070 _min_cwnd=4150 _maxwnd=219105 _cwnd=219105
Initialize per-instance NSCC parameters: flowid 17 _base_rtt=11685600 _base_bdp=146070 _bdp=146070 _min_cwnd=4150 _maxwnd=219105 _cwnd=219105
Initialize per-instance NSCC parameters: flowid 18 _base_rtt=11685600 _base_bdp=146070 _bdp=146070 _min_cwnd=4150 _maxwnd=219105 _cwnd=219105
Initialize per-instance NSCC parameters: flowid 19 _base_rtt=11685600 _base_bdp=146070 _bdp=146070 _min_cwnd=4150 _maxwnd=219105 _cwnd=219105
Initialize per-instance NSCC parameters: flowid 20 _base_rtt=11685600 _base_bdp=146070 _bdp=146070 _min_cwnd=4150 _maxwnd=219105 _cwnd=219105
Initialize per-instance NSCC parameters: flowid 21 _base_rtt=11685600 _base_bdp=146070 _bdp=146070 _min_cwnd=4150 _maxwnd=219105 _cwnd=219105
Initialize per-instance NSCC parameters: flowid 22 _base_rtt=11685600 _base_bdp=146070 _bdp=146070 _min_cwnd=4150 _maxwnd=219105 _cwnd=219105
Initialize per-instance NSCC parameters: flowid 23 _base_rtt=11685600 _base_bdp=146070 _bdp=146070 _min_cwnd=4150 _maxwnd=219105 _cwnd=219105
Initialize per-instance NSCC parameters: flowid 24 _base_rtt=11685600 _base_bdp=146070 _bdp=146070 _min_cwnd=4150 _maxwnd=219105 _cwnd=219105
Initialize per-instance NSCC parameters: flowid 25 _base_rtt=11685600 _base_bdp=146070 _bdp=146070 _min_cwnd=4150 _maxwnd=219105 _cwnd=219105
Initialize per-instance NSCC parameters: flowid 26 _base_rtt=11685600 _base_bdp=146070 _bdp=146070 _min_cwnd=4150 _maxwnd=219105 _cwnd=219105
Initialize per-instance NSCC parameters: flowid 27 _base_rtt=11685600 _base_bdp=146070 _bdp=146070 _min_cwnd=4150 _maxwnd=219105 _cwnd=219105
Initialize per-instance NSCC parameters: flowid 28 _base_rtt=11685600 _base_bdp=146070 _bdp=146070 _min_cwnd=4150 _maxwnd=219105 _cwnd=219105
Initialize per-instance NSCC parameters: flowid 29 _base_rtt=11685600 _base_bdp=146070 _bdp=146070 _min_cwnd=4150 _maxwnd=219105 _cwnd=219105
Initialize per-instance NSCC parameters: flowid 30 _base_rtt=11685600 _base_bdp=146070 _bdp=146070 _min_cwnd=4150 _maxwnd=219105 _cwnd=219105
Initialize per-instance NSCC parameters: flowid 31 _base_rtt=11685600 _base_bdp=146070 _bdp=146070 _min_cwnd=4150 _maxwnd=219105 _cwnd=219105
Initialize per-instance NSCC parameters: flowid 32 _base_rtt=11685600 _base_bdp=146070 _bdp=146070 _min_cwnd=4150 _maxwnd=219105 _cwnd=219105
Initialize per-instance NSCC parameters: flowid 33 _base_rtt=11685600 _base_bdp=146070 _bdp=146070 _min_cwnd=4150 _maxwnd=219105 _cwnd=219105
Initialize per-instance NSCC parameters: flowid 34 _base_rtt=11685600 _base_bdp=146070 _bdp=146070 _min_cwnd=4150 _maxwnd=219105 _cwnd=219105
Initialize per-instance NSCC parameters: flowid 35 _base_rtt=11685600 _base_bdp=146070 _bdp=146070 _min_cwnd=4150 _maxwnd=219105 _cwnd=219105
Initialize per-instance NSCC parameters: flowid 36 _base_rtt=11685600 _base_bdp=146070 _bdp=146070 _min_cwnd=4150 _maxwnd=219105 _cwnd=219105
Initialize per-instance NSCC parameters: flowid 37 _base_rtt=11685600 _base_bdp=146070 _bdp=146070 _min_cwnd=4150 _maxwnd=219105 _cwnd=219105
Initialize per-instance NSCC parameters: flowid 38 _base_rtt=11685600 _base_bdp=146070 _bdp=146070 _min_cwnd=4150 _maxwnd=219105 _cwnd=219105
Initialize per-instance NSCC parameters: flowid 39 _base_rtt=11685600 _base_bdp=146070 _bdp=146070 _min_cwnd=4150 _maxwnd=219105 _cwnd=219105
Initialize per-instance NSCC parameters: flowid 40 _base_rtt=11685600 _base_bdp=146070 _bdp=146070 _min_cwnd=4150 _maxwnd=219105 _cwnd=219105
Initialize per-instance NSCC parameters: flowid 41 _base_rtt=11685600 _base_bdp=146070 _bdp=146070 _min_cwnd=4150 _maxwnd=219105 _cwnd=219105
Initialize per-instance NSCC parameters: flowid 42 _base_rtt=11685600 _base_bdp=146070 _bdp=146070 _min_cwnd=4150 _maxwnd=219105 _cwnd=219105
Initialize per-instance NSCC parameters: flowid 43 _base_rtt=11685600 _base_bdp=146070 _bdp=146070 _min_cwnd=4150 _maxwnd=219105 _cwnd=219105
Initialize per-instance NSCC parameters: flowid 44 _base_rtt=11685600 _base_bdp=146070 _bdp=146070 _min_cwnd=4150 _maxwnd=219105 _cwnd=219105
Initialize per-instance NSCC parameters: flowid 45 _base_rtt=11685600 _base_bdp=146070 _bdp=146070 _min_cwnd=4150 _maxwnd=219105 _cwnd=219105
Initialize per-instance NSCC parameters: flowid 46 _base_rtt=11685600 _base_bdp=146070 _bdp=146070 _min_cwnd=4150 _maxwnd=219105 _cwnd=219105
Initialize per-instance NSCC parameters: flowid 47 _base_rtt=11685600 _base_bdp=146070 _bdp=146070 _min_cwnd=4150 _maxwnd=219105 _cwnd=219105
Initialize per-instance NSCC parameters: flowid 48 _base_rtt=11685600 _base_bdp=146070 _bdp=146070 _min_cwnd=4150 _maxwnd=219105 _cwnd=219105
Initialize per-instance NSCC parameters: flowid 49 _base_rtt=11685600 _base_bdp=146070 _bdp=146070 _min_cwnd=4150 _maxwnd=219105 _cwnd=219105
Initialize per-instance NSCC parameters: flowid 50 _base_rtt=11685600 _base_bdp=146070 _bdp=146070 _min_cwnd=4150 _maxwnd=219105 _cwnd=219105
Initialize per-instance NSCC parameters: flowid 51 _base_rtt=11685600 _base_bdp=146070 _bdp=146070 _min_cwnd=4150 _maxwnd=219105 _cwnd=219105
Initialize per-instance NSCC parameters: flowid 52 _base_rtt=11685600 _base_bdp=146070 _bdp=146070 _min_cwnd=4150 _maxwnd=219105 _cwnd=219105
Initialize per-instance NSCC parameters: flowid 53 _base_rtt=11685600 _base_bdp=146070 _bdp=146070 _min_cwnd=4150 _maxwnd=219105 _cwnd=219105
Initialize per-instance NSCC parameters: flowid 54 _base_rtt=11685600 _base_bdp=146070 _bdp=146070 _min_cwnd=4150 _maxwnd=219105 _cwnd=219105
Initialize per-instance NSCC parameters: flowid 55 _base_rtt=11685600 _base_bdp=146070 _bdp=146070 _min_cwnd=4150 _maxwnd=219105 _cwnd=219105
Initialize per-instance NSCC parameters: flowid 56 _base_rtt=11685600 _base_bdp=146070 _bdp=146070 _min_cwnd=4150 _maxwnd=219105 _cwnd=219105
Initialize per-instance NSCC parameters: flowid 57 _base_rtt=11685600 _base_bdp=146070 _bdp=146070 _min_cwnd=4150 _maxwnd=219105 _cwnd=219105
Initialize per-instance NSCC parameters: flowid 58 _base_rtt=11685600 _base_bdp=146070 _bdp=146070 _min_cwnd=4150 _maxwnd=219105 _cwnd=219105
Initialize per-instance NSCC parameters: flowid 59 _base_rtt=11685600 _base_bdp=146070 _bdp=146070 _min_cwnd=4150 _maxwnd=219105 _cwnd=219105
Initialize per-instance NSCC parameters: flowid 60 _base_rtt=11685600 _base_bdp=146070 _bdp=146070 _min_cwnd=4150 _maxwnd=219105 _cwnd=219105
Initialize per-instance NSCC parameters: flowid 61 _base_rtt=11685600 _base_bdp=146070 _bdp=146070 _min_cwnd=4150 _maxwnd=219105 _cwnd=219105
Initialize per-instance NSCC parameters: flowid 62 _base_rtt=11685600 _base_bdp=146070 _bdp=146070 _min_cwnd=4150 _maxwnd=219105 _cwnd=219105
Initialize per-instance NSCC parameters: flowid 63 _base_rtt=11685600 _base_bdp=146070 _bdp=146070 _min_cwnd=4150 _maxwnd=219105 _cwnd=219105
Initialize per-instance NSCC parameters: flowid 64 _base_rtt=11685600 _base_bdp=146070 _bdp=146070 _min_cwnd=4150 _maxwnd=219105 _cwnd=219105
Initialize per-instance NSCC parameters: flowid 65 _base_rtt=11685600 _base_bdp=146070 _bdp=146070 _min_cwnd=4150 _maxwnd=219105 _cwnd=219105
Initialize per-instance NSCC parameters: flowid 66 _base_rtt=11685600 _base_bdp=146070 _bdp=146070 _min_cwnd=4150 _maxwnd=219105 _cwnd=219105
Initialize per-instance NSCC parameters: flowid 67 _base_rtt=11685600 _base_bdp=146070 _bdp=146070 _min_cwnd=4150 _maxwnd=219105 _cwnd=219105
Initialize per-instance NSCC parameters: flowid 68 _base_rtt=11685600 _base_bdp=146070 _bdp=146070 _min_cwnd=4150 _maxwnd=219105 _cwnd=219105
Initialize per-instance NSCC parameters: flowid 69 _base_rtt=11685600 _base_bdp=146070 _bdp=146070 _min_cwnd=4150 _maxwnd=219105 _cwnd=219105
Initialize per-instance NSCC parameters: flowid 70 _base_rtt=11685600 _base_bdp=146070 _bdp=146070 _min_cwnd=4150 _maxwnd=219105 _cwnd=219105
Initialize per-instance NSCC parameters: flowid 71 _base_rtt=11685600 _base_bdp=146070 _bdp=146070 _min_cwnd=4150 _maxwnd=219105 _cwnd=219105
Initialize per-instance NSCC parameters: flowid 72 _base_rtt=11685600 _base_bdp=146070 _bdp=146070 _min_cwnd=4150 _maxwnd=219105 _cwnd=219105
Initialize per-instance NSCC parameters: flowid 73 _base_rtt=11685600 _base_bdp=146070 _bdp=146070 _min_cwnd=4150 _maxwnd=219105 _cwnd=219105
Initialize per-instance NSCC parameters: flowid 74 _base_rtt=11685600 _base_bdp=146070 _bdp=146070 _min_cwnd=4150 _maxwnd=219105 _cwnd=219105
Initialize per-instance NSCC parameters: flowid 75 _base_rtt=11685600 _base_bdp=146070 _bdp=146070 _min_cwnd=4150 _maxwnd=219105 _cwnd=219105
Initialize per-instance NSCC parameters: flowid 76 _base_rtt=11685600 _base_bdp=146070 _bdp=146070 _min_cwnd=4150 _maxwnd=219105 _cwnd=219105
Initialize per-instance NSCC parameters: flowid 77 _base_rtt=11685600 _base_bdp=146070 _bdp=146070 _min_cwnd=4150 _maxwnd=219105 _cwnd=219105
Initialize per-instance NSCC parameters: flowid 78 _base_rtt=11685600 _base_bdp=146070 _bdp=146070 _min_cwnd=4150 _maxwnd=219105 _cwnd=219105
Initialize per-instance NSCC parameters: flowid 79 _base_rtt=11685600 _base_bdp=146070 _bdp=146070 _min_cwnd=4150 _maxwnd=219105 _cwnd=219105
Initialize per-instance NSCC parameters: flowid 80 _base_rtt=11685600 _base_bdp=146070 _bdp=146070 _min_cwnd=4150 _maxwnd=219105 _cwnd=219105
Initialize per-instance NSCC parameters: flowid 81 _base_rtt=11685600 _base_bdp=146070 _bdp=146070 _min_cwnd=4150 _maxwnd=219105 _cwnd=219105
Initialize per-instance NSCC parameters: flowid 82 _base_rtt=11685600 _base_bdp=146070 _bdp=146070 _min_cwnd=4150 _maxwnd=219105 _cwnd=219105
Initialize per-instance NSCC parameters: flowid 83 _base_rtt=11685600 _base_bdp=146070 _bdp=146070 _min_cwnd=4150 _maxwnd=219105 _cwnd=219105
Initialize per-instance NSCC parameters: flowid 84 _base_rtt=11685600 _base_bdp=146070 _bdp=146070 _min_cwnd=4150 _maxwnd=219105 _cwnd=219105
Initialize per-instance NSCC parameters: flowid 85 _base_rtt=11685600 _base_bdp=146070 _bdp=146070 _min_cwnd=4150 _maxwnd=219105 _cwnd=219105
Initialize per-instance NSCC parameters: flowid 86 _base_rtt=11685600 _base_bdp=146070 _bdp=146070 _min_cwnd=4150 _maxwnd=219105 _cwnd=219105
Initialize per-instance NSCC parameters: flowid 87 _base_rtt=11685600 _base_bdp=146070 _bdp=146070 _min_cwnd=4150 _maxwnd=219105 _cwnd=219105
Initialize per-instance NSCC parameters: flowid 88 _base_rtt=11685600 _base_bdp=146070 _bdp=146070 _min_cwnd=4150 _maxwnd=219105 _cwnd=219105
Initialize per-instance NSCC parameters: flowid 89 _base_rtt=11685600 _base_bdp=146070 _bdp=146070 _min_cwnd=4150 _maxwnd=219105 _cwnd=219105
Initialize per-instance NSCC parameters: flowid 90 _base_rtt=11685600 _base_bdp=146070 _bdp=146070 _min_cwnd=4150 _maxwnd=219105 _cwnd=219105
Initialize per-instance NSCC parameters: flowid 91 _base_rtt=11685600 _base_bdp=146070 _bdp=146070 _min_cwnd=4150 _maxwnd=219105 _cwnd=219105
Initialize per-instance NSCC parameters: flowid 92 _base_rtt=11685600 _base_bdp=146070 _bdp=146070 _min_cwnd=4150 _maxwnd=219105 _cwnd=219105
Initialize per-instance NSCC parameters: flowid 93 _base_rtt=11685600 _base_bdp=146070 _bdp=146070 _min_cwnd=4150 _maxwnd=219105 _cwnd=219105
Initialize per-instance NSCC parameters: flowid 94 _base_rtt=11685600 _base_bdp=146070 _bdp=146070 _min_cwnd=4150 _maxwnd=219105 _cwnd=219105
Initialize per-instance NSCC parameters: flowid 95 _base_rtt=11685600 _base_bdp=146070 _bdp=146070 _min_cwnd=4150 _maxwnd=219105 _cwnd=219105
Initialize per-instance NSCC parameters: flowid 96 _base_rtt=11685600 _base_bdp=146070 _bdp=146070 _min_cwnd=4150 _maxwnd=219105 _cwnd=219105
Initialize per-instance NSCC parameters: flowid 97 _base_rtt=11685600 _base_bdp=146070 _bdp=146070 _min_cwnd=4150 _maxwnd=219105 _cwnd=219105
Initialize per-instance NSCC parameters: flowid 98 _base_rtt=11685600 _base_bdp=146070 _bdp=146070 _min_cwnd=4150 _maxwnd=219105 _cwnd=219105
Initialize per-instance NSCC parameters: flowid 99 _base_rtt=11685600 _base_bdp=146070 _bdp=146070 _min_cwnd=4150 _maxwnd=219105 _cwnd=219105
Initialize per-instance NSCC parameters: flowid 100 _base_rtt=11685600 _base_bdp=146070 _bdp=146070 _min_cwnd=4150 _maxwnd=219105 _cwnd=219105
Initialize per-instance NSCC parameters: flowid 101 _base_rtt=11685600 _base_bdp=146070 _bdp=146070 _min_cwnd=4150 _maxwnd=219105 _cwnd=219105
Initialize per-instance NSCC parameters: flowid 102 _base_rtt=11685600 _base_bdp=146070 _bdp=146070 _min_cwnd=4150 _maxwnd=219105 _cwnd=219105
Initialize per-instance NSCC parameters: flowid 103 _base_rtt=11685600 _base_bdp=146070 _bdp=146070 _min_cwnd=4150 _maxwnd=219105 _cwnd=219105
Initialize per-instance NSCC parameters: flowid 104 _base_rtt=11685600 _base_bdp=146070 _bdp=146070 _min_cwnd=4150 _maxwnd=219105 _cwnd=219105
Initialize per-instance NSCC parameters: flowid 105 _base_rtt=11685600 _base_bdp=146070 _bdp=146070 _min_cwnd=4150 _maxwnd=219105 _cwnd=219105
Initialize per-instance NSCC parameters: flowid 106 _base_rtt=11685600 _base_bdp=146070 _bdp=146070 _min_cwnd=4150 _maxwnd=219105 _cwnd=219105
Initialize per-instance NSCC parameters: flowid 107 _base_rtt=11685600 _base_bdp=146070 _bdp=146070 _min_cwnd=4150 _maxwnd=219105 _cwnd=219105
Initialize per-instance NSCC parameters: flowid 108 _base_rtt=11685600 _base_bdp=146070 _bdp=146070 _min_cwnd=4150 _maxwnd=219105 _cwnd=219105
Initialize per-instance NSCC parameters: flowid 109 _base_rtt=11685600 _base_bdp=146070 _bdp=146070 _min_cwnd=4150 _maxwnd=219105 _cwnd=219105
Initialize per-instance NSCC parameters: flowid 110 _base_rtt=11685600 _base_bdp=146070 _bdp=146070 _min_cwnd=4150 _maxwnd=219105 _cwnd=219105
Initialize per-instance NSCC parameters: flowid 111 _base_rtt=11685600 _base_bdp=146070 _bdp=146070 _min_cwnd=4150 _maxwnd=219105 _cwnd=219105
Initialize per-instance NSCC parameters: flowid 112 _base_rtt=11685600 _base_bdp=146070 _bdp=146070 _min_cwnd=4150 _maxwnd=219105 _cwnd=219105
Initialize per-instance NSCC parameters: flowid 113 _base_rtt=11685600 _base_bdp=146070 _bdp=146070 _min_cwnd=4150 _maxwnd=219105 _cwnd=219105
Initialize per-instance NSCC parameters: flowid 114 _base_rtt=11685600 _base_bdp=146070 _bdp=146070 _min_cwnd=4150 _maxwnd=219105 _cwnd=219105
Initialize per-instance NSCC parameters: flowid 115 _base_rtt=11685600 _base_bdp=146070 _bdp=146070 _min_cwnd=4150 _maxwnd=219105 _cwnd=219105
Initialize per-instance NSCC parameters: flowid 116 _base_rtt=11685600 _base_bdp=146070 _bdp=146070 _min_cwnd=4150 _maxwnd=219105 _cwnd=219105
Initialize per-instance NSCC parameters: flowid 117 _base_rtt=11685600 _base_bdp=146070 _bdp=146070 _min_cwnd=4150 _maxwnd=219105 _cwnd=219105
Initialize per-instance NSCC parameters: flowid 118 _base_rtt=11685600 _base_bdp=146070 _bdp=146070 _min_cwnd=4150 _maxwnd=219105 _cwnd=219105
Initialize per-instance NSCC parameters: flowid 119 _base_rtt=11685600 _base_bdp=146070 _bdp=146070 _min_cwnd=4150 _maxwnd=219105 _cwnd=219105
Initialize per-instance NSCC parameters: flowid 120 _base_rtt=11685600 _base_bdp=146070 _bdp=146070 _min_cwnd=4150 _maxwnd=219105 _cwnd=219105
Initialize per-instance NSCC parameters: flowid 121 _base_rtt=11685600 _base_bdp=146070 _bdp=146070 _min_cwnd=4150 _maxwnd=219105 _cwnd=219105
Initialize per-instance NSCC parameters: flowid 122 _base_rtt=11685600 _base_bdp=146070 _bdp=146070 _min_cwnd=4150 _maxwnd=219105 _cwnd=219105
Initialize per-instance NSCC parameters: flowid 123 _base_rtt=11685600 _base_bdp=146070 _bdp=146070 _min_cwnd=4150 _maxwnd=219105 _cwnd=219105
Initialize per-instance NSCC parameters: flowid 124 _base_rtt=11685600 _base_bdp=146070 _bdp=146070 _min_cwnd=4150 _maxwnd=219105 _cwnd=219105
Initialize per-instance NSCC parameters: flowid 125 _base_rtt=11685600 _base_bdp=146070 _bdp=146070 _min_cwnd=4150 _maxwnd=219105 _cwnd=219105
Initialize per-instance NSCC parameters: flowid 126 _base_rtt=11685600 _base_bdp=146070 _bdp=146070 _min_cwnd=4150 _maxwnd=219105 _cwnd=219105
Initialize per-instance NSCC parameters: flowid 127 _base_rtt=11685600 _base_bdp=146070 _bdp=146070 _min_cwnd=4150 _maxwnd=219105 _cwnd=219105
Initialize per-instance NSCC parameters: flowid 128 _base_rtt=11685600 _base_bdp=146070 _bdp=146070 _min_cwnd=4150 _maxwnd=219105 _cwnd=219105
Initialize per-instance NSCC parameters: flowid 129 _base_rtt=11685600 _base_bdp=146070 _bdp=146070 _min_cwnd=4150 _maxwnd=219105 _cwnd=219105
Initialize per-instance NSCC parameters: flowid 130 _base_rtt=11685600 _base_bdp=146070 _bdp=146070 _min_cwnd=4150 _maxwnd=219105 _cwnd=219105
Initialize per-instance NSCC parameters: flowid 131 _base_rtt=11685600 _base_bdp=146070 _bdp=146070 _min_cwnd=4150 _maxwnd=219105 _cwnd=219105
Initialize per-instance NSCC parameters: flowid 132 _base_rtt=11685600 _base_bdp=146070 _bdp=146070 _min_cwnd=4150 _maxwnd=219105 _cwnd=219105
Initialize per-instance NSCC parameters: flowid 133 _base_rtt=11685600 _base_bdp=146070 _bdp=146070 _min_cwnd=4150 _maxwnd=219105 _cwnd=219105
Initialize per-instance NSCC parameters: flowid 134 _base_rtt=11685600 _base_bdp=146070 _bdp=146070 _min_cwnd=4150 _maxwnd=219105 _cwnd=219105
Initialize per-instance NSCC parameters: flowid 135 _base_rtt=11685600 _base_bdp=146070 _bdp=146070 _min_cwnd=4150 _maxwnd=219105 _cwnd=219105
Initialize per-instance NSCC parameters: flowid 136 _base_rtt=11685600 _base_bdp=146070 _bdp=146070 _min_cwnd=4150 _maxwnd=219105 _cwnd=219105
Initialize per-instance NSCC parameters: flowid 137 _base_rtt=11685600 _base_bdp=146070 _bdp=146070 _min_cwnd=4150 _maxwnd=219105 _cwnd=219105
Initialize per-instance NSCC parameters: flowid 138 _base_rtt=11685600 _base_bdp=146070 _bdp=146070 _min_cwnd=4150 _maxwnd=219105 _cwnd=219105
Initialize per-instance NSCC parameters: flowid 139 _base_rtt=11685600 _base_bdp=146070 _bdp=146070 _min_cwnd=4150 _maxwnd=219105 _cwnd=219105
Initialize per-instance NSCC parameters: flowid 140 _base_rtt=11685600 _base_bdp=146070 _bdp=146070 _min_cwnd=4150 _maxwnd=219105 _cwnd=219105
Initialize per-instance NSCC parameters: flowid 141 _base_rtt=11685600 _base_bdp=146070 _bdp=146070 _min_cwnd=4150 _maxwnd=219105 _cwnd=219105
Initialize per-instance NSCC parameters: flowid 142 _base_rtt=11685600 _base_bdp=146070 _bdp=146070 _min_cwnd=4150 _maxwnd=219105 _cwnd=219105
Initialize per-instance NSCC parameters: flowid 143 _base_rtt=11685600 _base_bdp=146070 _bdp=146070 _min_cwnd=4150 _maxwnd=219105 _cwnd=219105
Initialize per-instance NSCC parameters: flowid 144 _base_rtt=11685600 _base_bdp=146070 _bdp=146070 _min_cwnd=4150 _maxwnd=219105 _cwnd=219105
Initialize per-instance NSCC parameters: flowid 145 _base_rtt=11685600 _base_bdp=146070 _bdp=146070 _min_cwnd=4150 _maxwnd=219105 _cwnd=219105
Initialize per-instance NSCC parameters: flowid 146 _base_rtt=11685600 _base_bdp=146070 _bdp=146070 _min_cwnd=4150 _maxwnd=219105 _cwnd=219105
Initialize per-instance NSCC parameters: flowid 147 _base_rtt=11685600 _base_bdp=146070 _bdp=146070 _min_cwnd=4150 _maxwnd=219105 _cwnd=219105
Initialize per-instance NSCC parameters: flowid 148 _base_rtt=11685600 _base_bdp=146070 _bdp=146070 _min_cwnd=4150 _maxwnd=219105 _cwnd=219105
Initialize per-instance NSCC parameters: flowid 149 _base_rtt=11685600 _base_bdp=146070 _bdp=146070 _min_cwnd=4150 _maxwnd=219105 _cwnd=219105
Initialize per-instance NSCC parameters: flowid 150 _base_rtt=11685600 _base_bdp=146070 _bdp=146070 _min_cwnd=4150 _maxwnd=219105 _cwnd=219105
Initialize per-instance NSCC parameters: flowid 151 _base_rtt=11685600 _base_bdp=146070 _bdp=146070 _min_cwnd=4150 _maxwnd=219105 _cwnd=219105
Initialize per-instance NSCC parameters: flowid 152 _base_rtt=11685600 _base_bdp=146070 _bdp=146070 _min_cwnd=4150 _maxwnd=219105 _cwnd=219105
Initialize per-instance NSCC parameters: flowid 153 _base_rtt=11685600 _base_bdp=146070 _bdp=146070 _min_cwnd=4150 _maxwnd=219105 _cwnd=219105
Initialize per-instance NSCC parameters: flowid 154 _base_rtt=11685600 _base_bdp=146070 _bdp=146070 _min_cwnd=4150 _maxwnd=219105 _cwnd=219105
Initialize per-instance NSCC parameters: flowid 155 _base_rtt=11685600 _base_bdp=146070 _bdp=146070 _min_cwnd=4150 _maxwnd=219105 _cwnd=219105
Initialize per-instance NSCC parameters: flowid 156 _base_rtt=11685600 _base_bdp=146070 _bdp=146070 _min_cwnd=4150 _maxwnd=219105 _cwnd=219105
Initialize per-instance NSCC parameters: flowid 157 _base_rtt=11685600 _base_bdp=146070 _bdp=146070 _min_cwnd=4150 _maxwnd=219105 _cwnd=219105
Initialize per-instance NSCC parameters: flowid 158 _base_rtt=11685600 _base_bdp=146070 _bdp=146070 _min_cwnd=4150 _maxwnd=219105 _cwnd=219105
Initialize per-instance NSCC parameters: flowid 159 _base_rtt=11685600 _base_bdp=146070 _bdp=146070 _min_cwnd=4150 _maxwnd=219105 _cwnd=219105
Initialize per-instance NSCC parameters: flowid 160 _base_rtt=11685600 _base_bdp=146070 _bdp=146070 _min_cwnd=4150 _maxwnd=219105 _cwnd=219105
Initialize per-instance NSCC parameters: flowid 161 _base_rtt=11685600 _base_bdp=146070 _bdp=146070 _min_cwnd=4150 _maxwnd=219105 _cwnd=219105
Initialize per-instance NSCC parameters: flowid 162 _base_rtt=11685600 _base_bdp=146070 _bdp=146070 _min_cwnd=4150 _maxwnd=219105 _cwnd=219105
Initialize per-instance NSCC parameters: flowid 163 _base_rtt=11685600 _base_bdp=146070 _bdp=146070 _min_cwnd=4150 _maxwnd=219105 _cwnd=219105
Initialize per-instance NSCC parameters: flowid 164 _base_rtt=11685600 _base_bdp=146070 _bdp=146070 _min_cwnd=4150 _maxwnd=219105 _cwnd=219105
Initialize per-instance NSCC parameters: flowid 165 _base_rtt=11685600 _base_bdp=146070 _bdp=146070 _min_cwnd=4150 _maxwnd=219105 _cwnd=219105
Initialize per-instance NSCC parameters: flowid 166 _base_rtt=11685600 _base_bdp=146070 _bdp=146070 _min_cwnd=4150 _maxwnd=219105 _cwnd=219105
Starting simulation
Flow Uec_1_129 flowId 1 uecSrc 0 starting at 0
Flow Uec_85_213 flowId 2 uecSrc 1 starting at 0
Flow Uec_76_204 flowId 3 uecSrc 2 starting at 0
Flow Uec_72_200 flowId 4 uecSrc 3 starting at 0
Flow Uec_207_79 flowId 5 uecSrc 4 starting at 0
Flow Uec_198_70 flowId 6 uecSrc 5 starting at 0
Flow Uec_4_132 flowId 7 uecSrc 6 starting at 0
Flow Uec_0_128 flowId 8 uecSrc 7 starting at 0
Flow Uec_180_52 flowId 9 uecSrc 8 starting at 0
Flow Uec_37_165 flowId 10 uecSrc 9 starting at 0
Flow Uec_62_190 flowId 11 uecSrc 10 starting at 0
Flow Uec_194_66 flowId 12 uecSrc 11 starting at 0
Flow Uec_252_124 flowId 13 uecSrc 12 starting at 0
Flow Uec_195_67 flowId 14 uecSrc 13 starting at 0
Flow Uec_81_209 flowId 15 uecSrc 14 starting at 0
Flow Uec_69_197 flowId 16 uecSrc 15 starting at 0
Flow Uec_159_31 flowId 17 uecSrc 16 starting at 0
Flow Uec_255_127 flowId 18 uecSrc 17 starting at 0
Flow Uec_103_231 flowId 19 uecSrc 18 starting at 0
Flow Uec_40_168 flowId 20 uecSrc 19 starting at 0
Flow Uec_7_135 flowId 21 uecSrc 20 starting at 0
Flow Uec_122_250 flowId 22 uecSrc 21 starting at 0
Flow Uec_8_136 flowId 23 uecSrc 22 starting at 0
Flow Uec_116_244 flowId 24 uecSrc 23 starting at 0
Flow Uec_68_196 flowId 25 uecSrc 24 starting at 0
Flow Uec_217_89 flowId 26 uecSrc 25 starting at 0
Flow Uec_102_230 flowId 27 uecSrc 26 starting at 0
Flow Uec_216_88 flowId 28 uecSrc 27 starting at 0
Flow Uec_86_214 flowId 29 uecSrc 28 starting at 0
Flow Uec_211_83 flowId 30 uecSrc 29 starting at 0
Flow Uec_113_241 flowId 31 uecSrc 30 starting at 0
Flow Uec_33_161 flowId 32 uecSrc 31 starting at 0
Flow Uec_79_207 flowId 33 uecSrc 32 starting at 0
Flow Uec_63_191 flowId 34 uecSrc 33 starting at 0
Flow Uec_25_153 flowId 35 uecSrc 34 starting at 0
Flow Uec_139_11 flowId 36 uecSrc 35 starting at 0
Flow Uec_186_58 flowId 37 uecSrc 36 starting at 0
Flow Uec_202_74 flowId 38 uecSrc 37 starting at 0
Flow Uec_83_211 flowId 39 uecSrc 38 starting at 0
Flow Uec_236_108 flowId 40 uecSrc 39 starting at 0
Flow Uec_189_61 flowId 41 uecSrc 40 starting at 0
Flow Uec_144_16 flowId 42 uecSrc 41 starting at 0
Flow Uec_15_143 flowId 43 uecSrc 42 starting at 0
Flow Uec_91_219 flowId 44 uecSrc 43 starting at 0
Flow Uec_22_150 flowId 45 uecSrc 44 starting at 0
Flow Uec_155_27 flowId 46 uecSrc 45 starting at 0
Flow Uec_166_38 flowId 47 uecSrc 46 starting at 0
Flow Uec_162_34 flowId 48 uecSrc 47 starting at 0
Flow Uec_209_81 flowId 49 uecSrc 48 starting at 0
Flow Uec_183_55 flowId 50 uecSrc 49 starting at 0
Flow Uec_190_62 flowId 51 uecSrc 50 starting at 0
Flow Uec_42_170 flowId 52 uecSrc 51 starting at 0
Flow Uec_134_6 flowId 53 uecSrc 52 starting at 0
Flow Uec_135_7 flowId 54 uecSrc 53 starting at 0
Flow Uec_126_254 flowId 55 uecSrc 54 starting at 0
Flow Uec_244_116 flowId 56 uecSrc 55 starting at 0
Flow Uec_133_5 flowId 57 uecSrc 56 starting at 0
Flow Uec_171_43 flowId 58 uecSrc 57 starting at 0
Flow Uec_13_141 flowId 59 uecSrc 58 starting at 0
Flow Uec_117_245 flowId 60 uecSrc 59 starting at 0
Flow Uec_238_110 flowId 61 uecSrc 60 starting at 0
Flow Uec_35_163 flowId 62 uecSrc 61 starting at 0
Flow Uec_231_103 flowId 63 uecSrc 62 starting at 0
Flow Uec_149_21 flowId 64 uecSrc 63 starting at 0
Flow Uec_185_57 flowId 65 uecSrc 64 starting at 0
Flow Uec_49_177 flowId 66 uecSrc 65 starting at 0
Flow Uec_28_156 flowId 67 uecSrc 66 starting at 0
Flow Uec_92_220 flowId 68 uecSrc 67 starting at 0
Flow Uec_147_19 flowId 69 uecSrc 68 starting at 0
Flow Uec_175_47 flowId 70 uecSrc 69 starting at 0
Flow Uec_74_202 flowId 71 uecSrc 70 starting at 0
Flow Uec_43_171 flowId 72 uecSrc 71 starting at 0
Flow Uec_78_206 flowId 73 uecSrc 72 starting at 0
Flow Uec_220_92 flowId 74 uecSrc 73 starting at 0
Flow Uec_233_105 flowId 75 uecSrc 74 starting at 0
Flow Uec_21_149 flowId 76 uecSrc 75 starting at 0
Flow Uec_146_18 flowId 77 uecSrc 76 starting at 0
Flow Uec_160_32 flowId 78 uecSrc 77 starting at 0
Flow Uec_199_71 flowId 79 uecSrc 78 starting at 0
Flow Uec_100_228 flowId 80 uecSrc 79 starting at 0
Flow Uec_16_144 flowId 81 uecSrc 80 starting at 0
Flow Uec_130_2 flowId 82 uecSrc 81 starting at 0
Flow Uec_226_98 flowId 83 uecSrc 82 starting at 0
Flow Uec_106_234 flowId 84 uecSrc 83 starting at 0
Flow Uec_101_229 flowId 85 uecSrc 84 starting at 0
Flow Uec_179_51 flowId 86 uecSrc 85 starting at 0
Flow Uec_90_218 flowId 87 uecSrc 86 starting at 0
Flow Uec_23_151 flowId 88 uecSrc 87 starting at 0
Flow Uec_167_39 flowId 89 uecSrc 88 starting at 0
Flow Uec_248_120 flowId 90 uecSrc 89 starting at 0
Flow Uec_56_184 flowId 91 uecSrc 90 starting at 0
Flow Uec_125_253 flowId 92 uecSrc 91 starting at 0
Flow Uec_38_166 flowId 93 uecSrc 92 starting at 0
Flow Uec_205_77 flowId 94 uecSrc 93 starting at 0
Flow Uec_48_176 flowId 95 uecSrc 94 starting at 0
Flow Uec_219_91 flowId 96 uecSrc 95 starting at 0
Flow Uec_170_42 flowId 97 uecSrc 96 starting at 0
Flow Uec_34_162 flowId 98 uecSrc 97 starting at 0
Flow Uec_52_180 flowId 99 uecSrc 98 starting at 0
Flow Uec_77_205 flowId 100 uecSrc 99 starting at 0
Flow Uec_203_75 flowId 101 uecSrc 100 starting at 0
Flow Uec_168_40 flowId 102 uecSrc 101 starting at 0
Flow Uec_136_8 flowId 103 uecSrc 102 starting at 0
Flow Uec_20_148 flowId 104 uecSrc 103 starting at 0
Flow Uec_32_160 flowId 105 uecSrc 104 starting at 0
Flow Uec_67_195 flowId 106 uecSrc 105 starting at 0
Flow Uec_104_232 flowId 107 uecSrc 106 starting at 0
Flow Uec_114_242 flowId 108 uecSrc 107 starting at 0
Flow Uec_98_226 flowId 109 uecSrc 108 starting at 0
Flow Uec_105_233 flowId 110 uecSrc 109 starting at 0
Flow Uec_161_33 flowId 111 uecSrc 110 starting at 0
Flow Uec_212_84 flowId 112 uecSrc 111 starting at 0
Flow Uec_30_158 flowId 113 uecSrc 112 starting at 0
Flow Uec_206_78 flowId 114 uecSrc 113 starting at 0
Flow Uec_235_107 flowId 115 uecSrc 114 starting at 0
Flow Uec_80_208 flowId 116 uecSrc 115 starting at 0
Flow Uec_60_188 flowId 117 uecSrc 116 starting at 0
Flow Uec_17_145 flowId 118 uecSrc 117 starting at 0
Flow Uec_84_212 flowId 119 uecSrc 118 starting at 0
Flow Uec_197_69 flowId 120 uecSrc 119 starting at 0
Flow Uec_142_14 flowId 121 uecSrc 120 starting at 0
Flow Uec_234_106 flowId 122 uecSrc 121 starting at 0
Flow Uec_2_130 flowId 123 uecSrc 122 starting at 0
Flow Uec_173_45 flowId 124 uecSrc 123 starting at 0
Flow Uec_246_118 flowId 125 uecSrc 124 starting at 0
Flow Uec_121_249 flowId 126 uecSrc 125 starting at 0
Flow Uec_47_175 flowId 127 uecSrc 126 starting at 0
Flow Uec_5_133 flowId 128 uecSrc 127 starting at 0
Flow Uec_230_102 flowId 129 uecSrc 128 starting at 0
Flow Uec_50_178 flowId 130 uecSrc 129 starting at 0
Flow Uec_154_26 flowId 131 uecSrc 130 starting at 0
Flow Uec_93_221 flowId 132 uecSrc 131 starting at 0
Flow Uec_66_194 flowId 133 uecSrc 132 starting at 0
Flow Uec_200_72 flowId 134 uecSrc 133 starting at 0
Flow Uec_140_12 flowId 135 uecSrc 134 starting at 0
Flow Uec_152_24 flowId 136 uecSrc 135 starting at 0
Flow Uec_182_54 flowId 137 uecSrc 136 starting at 0
Flow Uec_29_157 flowId 138 uecSrc 137 starting at 0
Flow Uec_124_252 flowId 139 uecSrc 138 starting at 0
Flow Uec_178_50 flowId 140 uecSrc 139 starting at 0
Flow Uec_177_49 flowId 141 uecSrc 140 starting at 0
Flow Uec_181_53 flowId 142 uecSrc 141 starting at 0
Flow Uec_54_182 flowId 143 uecSrc 142 starting at 0
Flow Uec_210_82 flowId 144 uecSrc 143 starting at 0
Flow Uec_57_185 flowId 145 uecSrc 144 starting at 0
Flow Uec_95_223 flowId 146 uecSrc 145 starting at 0
Flow Uec_188_60 flowId 147 uecSrc 146 starting at 0
Flow Uec_247_119 flowId 148 uecSrc 147 starting at 0
Flow Uec_119_247 flowId 149 uecSrc 148 starting at 0
Flow Uec_165_37 flowId 150 uecSrc 149 starting at 0
Flow Uec_26_154 flowId 151 uecSrc 150 starting at 0
Flow Uec_132_4 flowId 152 uecSrc 151 starting at 0
Flow Uec_239_111 flowId 153 uecSrc 152 starting at 0
Flow Uec_241_113 flowId 154 uecSrc 153 starting at 0
Flow Uec_204_76 flowId 155 uecSrc 154 starting at 0
Flow Uec_164_36 flowId 156 uecSrc 155 starting at 0
Flow Uec_193_65 flowId 157 uecSrc 156 starting at 0
Flow Uec_55_183 flowId 158 uecSrc 157 starting at 0
Flow Uec_61_189 flowId 159 uecSrc 158 starting at 0
Flow Uec_94_222 flowId 160 uecSrc 159 starting at 0
Flow Uec_127_255 flowId 161 uecSrc 160 starting at 0
Flow Uec_172_44 flowId 162 uecSrc 161 starting at 0
Flow Uec_229_101 flowId 163 uecSrc 162 starting at 0
Flow Uec_150_22 flowId 164 uecSrc 163 starting at 0
Flow Uec_174_46 flowId 165 uecSrc 164 starting at 0
Flow Uec_158_30 flowId 166 uecSrc 165 starting at 0
138.327 flowid 151 Spurious 37
141.249 flowid 151 Spurious 32
145.174 flowid 151 Spurious 46
147.171 flowid 151 Spurious 49
148.836 flowid 151 Spurious 52
153.173 flowid 151 Spurious 55
159.159 flowid 95 Spurious 84
160.193 flowid 151 Spurious 63
161.716 flowid 151 Spurious 92
162.388 flowid 43 Spurious 100
164.048 flowid 43 Spurious 105
166.372 flowid 43 Spurious 112
Flow Uec_100_228 flowId 80 uecSrc 79 finished at 174.118 total messages 1 total packets 490 RTS 0 total bytes 2002140 in_flight now 0 fair_inc 0 prop_inc 10389 fast_inc 444999 eta_inc 8344 multi_dec -0 quick_dec -0 nack_dec -0
Flow Uec_186_58 flowId 37 uecSrc 36 finished at 174.299 total messages 1 total packets 490 RTS 0 total bytes 2002140 in_flight now 0 fair_inc 0 prop_inc 10562 fast_inc 444999 eta_inc 8344 multi_dec -0 quick_dec -0 nack_dec -0
Flow Uec_119_247 flowId 149 uecSrc 148 finished at 175.53 total messages 1 total packets 490 RTS 0 total bytes 2002140 in_flight now 0 fair_inc 0 prop_inc 56716 fast_inc 214173 eta_inc 8344 multi_dec -0 quick_dec -0 nack_dec -0
Flow Uec_180_52 flowId 9 uecSrc 8 finished at 176.068 total messages 1 total packets 490 RTS 0 total bytes 2002140 in_flight now 0 fair_inc 0 prop_inc 93954 fast_inc 0 eta_inc 7748 multi_dec -0 quick_dec -0 nack_dec -0
Flow Uec_114_242 flowId 108 uecSrc 107 finished at 176.444 total messages 1 total packets 490 RTS 0 total bytes 2002140 in_flight now 0 fair_inc 0 prop_inc 81490 fast_inc 32328 eta_inc 8344 multi_dec -0 quick_dec -0 nack_dec -0
Flow Uec_103_231 flowId 19 uecSrc 18 finished at 176.988 total messages 1 total packets 490 RTS 0 total bytes 2002140 in_flight now 0 fair_inc 0 prop_inc 86620 fast_inc 20205 eta_inc 8344 multi_dec -0 quick_dec -0 nack_dec -0
Flow Uec_126_254 flowId 55 uecSrc 54 finished at 177.269 total messages 1 total packets 490 RTS 0 total bytes 2002140 in_flight now 0 fair_inc 0 prop_inc 65355 fast_inc 105066 eta_inc 8344 multi_dec -0 quick_dec -0 nack_dec -0
Flow Uec_144_16 flowId 42 uecSrc 41 finished at 177.713 total messages 1 total packets 490 RTS 0 total bytes 2002140 in_flight now 0 fair_inc 0 prop_inc 63427 fast_inc 149517 eta_inc 8344 multi_dec -0 quick_dec -0 nack_dec -0
Flow Uec_105_233 flowId 110 uecSrc 109 finished at 178.015 total messages 1 total packets 490 RTS 0 total bytes 2002140 in_flight now 0 fair_inc 0 prop_inc 66018 fast_inc 72738 eta_inc 8344 multi_dec -0 quick_dec -0 nack_dec -0
Flow Uec_124_252 flowId 139 uecSrc 138 finished at 179.866 total messages 1 total packets 490 RTS 0 total bytes 2002140 in_flight now 0 fair_inc 0 prop_inc 67384 fast_inc 16164 eta_inc 8344 multi_dec -0 quick_dec -0 nack_dec -0
Flow Uec_209_81 flowId 49 uecSrc 48 finished at 180.063 total messages 1 total packets 490 RTS 0 total bytes 2002140 in_flight now 0 fair_inc 0 prop_inc 78463 fast_inc 0 eta_inc 8344 multi_dec -0 quick_dec -0 nack_dec -0
Flow Uec_200_72 flowId 134 uecSrc 133 finished at 180.576 total messages 1 total packets 490 RTS 0 total bytes 2002140 in_flight now 0 fair_inc 0 prop_inc 64275 fast_inc 0 eta_inc 8344 multi_dec -0 quick_dec -0 nack_dec -0
181.015 flowid 162 Spurious 108
Flow Uec_135_7 flowId 54 uecSrc 53 finished at 183.801 total messages 1 total packets 490 RTS 0 total bytes 2002140 in_flight now 0 fair_inc 0 prop_inc 82662 fast_inc 0 eta_inc 8344 multi_dec -0 quick_dec -0 nack_dec -0
Flow Uec_132_4 flowId 152 uecSrc 151 finished at 184.7 total messages 1 total packets 490 RTS 0 total bytes 2002140 in_flight now 0 fair_inc 0 prop_inc 91524 fast_inc 0 eta_inc 8344 multi_dec -0 quick_dec -0 nack_dec -0
Flow Uec_16_144 flowId 81 uecSrc 80 finished at 186.884 total messages 1 total packets 490 RTS 0 total bytes 2002140 in_flight now 0 fair_inc 0 prop_inc 43078 fast_inc 0 eta_inc 8940 multi_dec -0 quick_dec -0 nack_dec -0
189.839 flowid 151 Spurious 143
Flow Uec_226_98 flowId 83 uecSrc 82 finished at 199.835 total messages 1 total packets 490 RTS 0 total bytes 2002140 in_flight now 0 fair_inc 0 prop_inc 23209 fast_inc 0 eta_inc 9536 multi_dec -0 quick_dec -0 nack_dec -0
Flow Uec_30_158 flowId 113 uecSrc 112 finished at 201.159 total messages 1 total packets 490 RTS 0 total bytes 2002140 in_flight now 0 fair_inc 0 prop_inc 20375 fast_inc 0 eta_inc 9536 multi_dec -0 quick_dec -0 nack_dec -0
Flow Uec_20_148 flowId 104 uecSrc 103 finished at 204.204 total messages 1 total packets 490 RTS 0 total bytes 2002140 in_flight now 0 fair_inc 7876 prop_inc 12580 fast_inc 0 eta_inc 9536 multi_dec -0 quick_dec -0 nack_dec -0
Flow Uec_25_153 flowId 35 uecSrc 34 finished at 206.103 total messages 1 total packets 490 RTS 0 total bytes 2002140 in_flight now 0 fair_inc 7874 prop_inc 16556 fast_inc 0 eta_inc 10132 multi_dec -0 quick_dec -0 nack_dec -0
Flow Uec_23_151 flowId 88 uecSrc 87 finished at 211.192 total messages 1 total packets 491 RTS 1 total bytes 2002140 in_flight now 0 fair_inc 11998 prop_inc 26956 fast_inc 0 eta_inc 10132 multi_dec -0 quick_dec -0 nack_dec -12450
Flow Uec_67_195 flowId 106 uecSrc 105 finished at 217.556 total messages 1 total packets 490 RTS 0 total bytes 2002140 in_flight now 0 fair_inc 5658 prop_inc 8368 fast_inc 0 eta_inc 10132 multi_dec -11607 quick_dec -0 nack_dec -12450
Flow Uec_244_116 flowId 56 uecSrc 55 finished at 221.41 total messages 1 total packets 490 RTS 0 total bytes 2002140 in_flight now 0 fair_inc 1625 prop_inc 13177 fast_inc 0 eta_inc 10132 multi_dec -26527 quick_dec -0 nack_dec -0
Flow Uec_1_129 flowId 1 uecSrc 0 finished at 224.094 total messages 1 total packets 490 RTS 0 total bytes 2002140 in_flight now 0 fair_inc 6158 prop_inc 26204 fast_inc 0 eta_inc 10728 multi_dec -0 quick_dec -0 nack_dec -24900
228.662 flowid 52 Spurious 209
228.994 flowid 52 Spurious 210
229.326 flowid 52 Spurious 228
230.327 flowid 52 Spurious 214
235.312 flowid 52 Spurious 219
Flow Uec_34_162 flowId 98 uecSrc 97 finished at 244.833 total messages 1 total packets 490 RTS 0 total bytes 2002140 in_flight now 0 fair_inc 5684 prop_inc 39912 fast_inc 0 eta_inc 10728 multi_dec -0 quick_dec -0 nack_dec -24900
249.001 flowid 95 Spurious 249
250.192 flowid 127 Spurious 214
250.535 flowid 127 Spurious 215
251.546 flowid 98 Spurious 324
253.21 flowid 62 Spurious 322
254.922 flowid 98 Spurious 331
263.344 flowid 62 Spurious 340
271.71 flowid 62 Spurious 354
272.39 flowid 62 Spurious 356
Flow Uec_188_60 flowId 147 uecSrc 146 finished at 272.656 total messages 1 total packets 490 RTS 0 total bytes 2002140 in_flight now 0 fair_inc 4661 prop_inc 28353 fast_inc 0 eta_inc 13112 multi_dec -51924 quick_dec -0 nack_dec -49800
272.727 flowid 62 Spurious 357
273.499 flowid 52 Spurious 314
Flow Uec_32_160 flowId 105 uecSrc 104 finished at 295.74 total messages 1 total packets 490 RTS 0 total bytes 2002140 in_flight now 0 fair_inc 22126 prop_inc 21669 fast_inc 0 eta_inc 14304 multi_dec -101714 quick_dec -0 nack_dec -12450
303.652 flowid 7 Spurious 304
304.316 flowid 7 Spurious 306
304.978 flowid 7 Spurious 301
305.652 flowid 7 Spurious 302
Flow Uec_17_145 flowId 118 uecSrc 117 finished at 306.024 total messages 1 total packets 493 RTS 3 total bytes 2002140 in_flight now 0 fair_inc 12776 prop_inc 38163 fast_inc 0 eta_inc 13708 multi_dec -139398 quick_dec -0 nack_dec -4150
307.312 flowid 7 Spurious 307
Flow Uec_101_229 flowId 85 uecSrc 84 finished at 310.733 total messages 1 total packets 490 RTS 0 total bytes 2002140 in_flight now 0 fair_inc 6064 prop_inc 26238 fast_inc 0 eta_inc 14900 multi_dec -88265 quick_dec -0 nack_dec -33200
Flow Uec_35_163 flowId 62 uecSrc 61 finished at 312.001 total messages 1 total packets 492 RTS 2 total bytes 2002140 in_flight now 0 fair_inc 7873 prop_inc 54509 fast_inc 0 eta_inc 13112 multi_dec -0 quick_dec -153798 nack_dec -8300
Flow Uec_248_120 flowId 90 uecSrc 89 finished at 312.462 total messages 1 total packets 490 RTS 0 total bytes 2002140 in_flight now 0 fair_inc 6990 prop_inc 41061 fast_inc 0 eta_inc 14900 multi_dec -68263 quick_dec -0 nack_dec -66400
Flow Uec_15_143 flowId 43 uecSrc 42 finished at 313.489 total messages 1 total packets 492 RTS 2 total bytes 2002140 in_flight now 0 fair_inc 19540 prop_inc 44482 fast_inc 0 eta_inc 14900 multi_dec -108183 quick_dec -0 nack_dec -8300
Flow Uec_74_202 flowId 71 uecSrc 70 finished at 314.824 total messages 1 total packets 490 RTS 0 total bytes 2002140 in_flight now 0 fair_inc 3248 prop_inc 27069 fast_inc 0 eta_inc 14304 multi_dec -91071 quick_dec -0 nack_dec -33200
Flow Uec_33_161 flowId 32 uecSrc 31 finished at 315.161 total messages 1 total packets 492 RTS 2 total bytes 2002140 in_flight now 0 fair_inc 7303 prop_inc 42572 fast_inc 0 eta_inc 11920 multi_dec -0 quick_dec -181831 nack_dec -12450
Flow Uec_62_190 flowId 11 uecSrc 10 finished at 315.369 total messages 1 total packets 490 RTS 0 total bytes 2002140 in_flight now 0 fair_inc 8011 prop_inc 45441 fast_inc 0 eta_inc 14900 multi_dec -110491 quick_dec -0 nack_dec -24900
316.56 flowid 95 Spurious 371
Flow Uec_26_154 flowId 151 uecSrc 150 finished at 317.34 total messages 1 total packets 495 RTS 5 total bytes 2002140 in_flight now -64 fair_inc 8350 prop_inc 22668 fast_inc 0 eta_inc 14304 multi_dec -0 quick_dec -0 nack_dec -0
Flow Uec_81_209 flowId 15 uecSrc 14 finished at 317.385 total messages 1 total packets 490 RTS 0 total bytes 2002140 in_flight now 0 fair_inc 3293 prop_inc 30555 fast_inc 0 eta_inc 14900 multi_dec -79622 quick_dec -0 nack_dec -45650
Flow Uec_183_55 flowId 50 uecSrc 49 finished at 319.112 total messages 1 total packets 490 RTS 0 total bytes 2002140 in_flight now 0 fair_inc 844 prop_inc 29922 fast_inc 0 eta_inc 15496 multi_dec -84279 quick_dec -0 nack_dec -41500
Flow Uec_29_157 flowId 138 uecSrc 137 finished at 319.16 total messages 1 total packets 491 RTS 1 total bytes 2002140 in_flight now 0 fair_inc 9750 prop_inc 22128 fast_inc 0 eta_inc 12516 multi_dec -0 quick_dec -203101 nack_dec -8300
Flow Uec_38_166 flowId 93 uecSrc 92 finished at 319.857 total messages 1 total packets 498 RTS 8 total bytes 2002140 in_flight now 0 fair_inc 4223 prop_inc 65357 fast_inc 0 eta_inc 14304 multi_dec -0 quick_dec -0 nack_dec -16600
Flow Uec_168_40 flowId 102 uecSrc 101 finished at 320.035 total messages 1 total packets 490 RTS 0 total bytes 2002140 in_flight now 0 fair_inc 14203 prop_inc 34469 fast_inc 0 eta_inc 14900 multi_dec -87724 quick_dec -0 nack_dec -37350
Flow Uec_136_8 flowId 103 uecSrc 102 finished at 324.942 total messages 1 total packets 490 RTS 0 total bytes 2002140 in_flight now 0 fair_inc 2141 prop_inc 39686 fast_inc 0 eta_inc 14900 multi_dec -79319 quick_dec -0 nack_dec -49800
Flow Uec_217_89 flowId 26 uecSrc 25 finished at 325.893 total messages 1 total packets 490 RTS 0 total bytes 2002140 in_flight now 0 fair_inc 6771 prop_inc 20571 fast_inc 0 eta_inc 16092 multi_dec -84557 quick_dec -0 nack_dec -41500
Flow Uec_106_234 flowId 84 uecSrc 83 finished at 326.721 total messages 1 total packets 490 RTS 0 total bytes 2002140 in_flight now 0 fair_inc 12276 prop_inc 21709 fast_inc 0 eta_inc 16092 multi_dec -92529 quick_dec -0 nack_dec -33200
Flow Uec_72_200 flowId 4 uecSrc 3 finished at 330.148 total messages 1 total packets 490 RTS 0 total bytes 2002140 in_flight now 0 fair_inc 17816 prop_inc 25772 fast_inc 0 eta_inc 15496 multi_dec -95924 quick_dec -0 nack_dec -33200
Flow Uec_86_214 flowId 29 uecSrc 28 finished at 330.428 total messages 1 total packets 490 RTS 0 total bytes 2002140 in_flight now 0 fair_inc 2402 prop_inc 33487 fast_inc 0 eta_inc 16092 multi_dec -79405 quick_dec -0 nack_dec -53950
Flow Uec_5_133 flowId 128 uecSrc 127 finished at 331.117 total messages 1 total packets 497 RTS 7 total bytes 2002140 in_flight now -64 fair_inc 2615 prop_inc 98205 fast_inc 0 eta_inc 14304 multi_dec -0 quick_dec -141893 nack_dec -12450
Flow Uec_160_32 flowId 78 uecSrc 77 finished at 331.145 total messages 1 total packets 491 RTS 1 total bytes 2002140 in_flight now 0 fair_inc 4498 prop_inc 33521 fast_inc 0 eta_inc 15496 multi_dec -94095 quick_dec -0 nack_dec -29050
Flow Uec_43_171 flowId 72 uecSrc 71 finished at 333.031 total messages 1 total packets 499 RTS 9 total bytes 2002140 in_flight now 0 fair_inc 8807 prop_inc 27028 fast_inc 0 eta_inc 15496 multi_dec -45427 quick_dec -0 nack_dec -20750
Flow Uec_158_30 flowId 166 uecSrc 165 finished at 338.528 total messages 1 total packets 490 RTS 0 total bytes 2002140 in_flight now 0 fair_inc 2743 prop_inc 32333 fast_inc 0 eta_inc 15496 multi_dec -76885 quick_dec -0 nack_dec -58100
Flow Uec_152_24 flowId 136 uecSrc 135 finished at 340.017 total messages 1 total packets 490 RTS 0 total bytes 2002140 in_flight now 0 fair_inc 4321 prop_inc 34197 fast_inc 0 eta_inc 16092 multi_dec -121597 quick_dec -0 nack_dec -29050
Flow Uec_154_26 flowId 131 uecSrc 130 finished at 341.848 total messages 1 total packets 490 RTS 0 total bytes 2002140 in_flight now 0 fair_inc 22814 prop_inc 29403 fast_inc 0 eta_inc 16092 multi_dec -98990 quick_dec -0 nack_dec -45650
Flow Uec_76_204 flowId 3 uecSrc 2 finished at 342.37 total messages 1 total packets 490 RTS 0 total bytes 2002140 in_flight now 0 fair_inc 31253 prop_inc 21246 fast_inc 0 eta_inc 16092 multi_dec -93058 quick_dec -0 nack_dec -41500
Flow Uec_94_222 flowId 160 uecSrc 159 finished at 342.909 total messages 1 total packets 490 RTS 0 total bytes 2002140 in_flight now 0 fair_inc 4193 prop_inc 42621 fast_inc 15640 eta_inc 16688 multi_dec -105109 quick_dec -0 nack_dec -41500
Flow Uec_212_84 flowId 112 uecSrc 111 finished at 344.067 total messages 1 total packets 490 RTS 0 total bytes 2002140 in_flight now 0 fair_inc 11402 prop_inc 29897 fast_inc 0 eta_inc 16092 multi_dec -73928 quick_dec -0 nack_dec -62250
Flow Uec_113_241 flowId 31 uecSrc 30 finished at 344.173 total messages 1 total packets 490 RTS 0 total bytes 2002140 in_flight now 0 fair_inc 8900 prop_inc 29432 fast_inc 0 eta_inc 16688 multi_dec -74252 quick_dec -0 nack_dec -58100
Flow Uec_190_62 flowId 51 uecSrc 50 finished at 345.2 total messages 1 total packets 490 RTS 0 total bytes 2002140 in_flight now 0 fair_inc 12034 prop_inc 45045 fast_inc 0 eta_inc 16688 multi_dec -106873 quick_dec -0 nack_dec -41500
Flow Uec_79_207 flowId 33 uecSrc 32 finished at 345.429 total messages 1 total packets 490 RTS 0 total bytes 2002140 in_flight now 0 fair_inc 5852 prop_inc 40438 fast_inc 0 eta_inc 16688 multi_dec -109517 quick_dec -0 nack_dec -41500
Flow Uec_80_208 flowId 116 uecSrc 115 finished at 346.768 total messages 1 total packets 490 RTS 0 total bytes 2002140 in_flight now 0 fair_inc 3046 prop_inc 49635 fast_inc 7070 eta_inc 16688 multi_dec -88583 quick_dec -0 nack_dec -62250
Flow Uec_172_44 flowId 162 uecSrc 161 finished at 348.124 total messages 1 total packets 491 RTS 1 total bytes 2002140 in_flight now 0 fair_inc 23914 prop_inc 40350 fast_inc 0 eta_inc 16092 multi_dec -111393 quick_dec -0 nack_dec -37350
Flow Uec_165_37 flowId 150 uecSrc 149 finished at 349.05 total messages 1 total packets 491 RTS 1 total bytes 2002140 in_flight now 0 fair_inc 9646 prop_inc 52731 fast_inc 0 eta_inc 16092 multi_dec -122093 quick_dec -0 nack_dec -29050
Flow Uec_104_232 flowId 107 uecSrc 106 finished at 349.58 total messages 1 total packets 490 RTS 0 total bytes 2002140 in_flight now 0 fair_inc 7003 prop_inc 51951 fast_inc 0 eta_inc 16688 multi_dec -89288 quick_dec -0 nack_dec -53950
Flow Uec_164_36 flowId 156 uecSrc 155 finished at 351.068 total messages 1 total packets 491 RTS 1 total bytes 2002140 in_flight now 0 fair_inc 13752 prop_inc 42107 fast_inc 0 eta_inc 16092 multi_dec -112618 quick_dec -0 nack_dec -33200
351.561 flowid 23 Spurious 467
Flow Uec_238_110 flowId 61 uecSrc 60 finished at 352.274 total messages 1 total packets 490 RTS 0 total bytes 2002140 in_flight now 0 fair_inc 9840 prop_inc 37009 fast_inc 0 eta_inc 15496 multi_dec -85608 quick_dec -0 nack_dec -70550
Flow Uec_241_113 flowId 154 uecSrc 153 finished at 354.672 total messages 1 total packets 490 RTS 0 total bytes 2002140 in_flight now 0 fair_inc 6172 prop_inc 37905 fast_inc 0 eta_inc 16688 multi_dec -94154 quick_dec -0 nack_dec -53950
Flow Uec_230_102 flowId 129 uecSrc 128 finished at 356.107 total messages 1 total packets 490 RTS 0 total bytes 2002140 in_flight now 0 fair_inc 4899 prop_inc 42170 fast_inc 0 eta_inc 16092 multi_dec -102482 quick_dec -0 nack_dec -53950
Flow Uec_133_5 flowId 57 uecSrc 56 finished at 357.465 total messages 1 total packets 490 RTS 0 total bytes 2002140 in_flight now 0 fair_inc 4333 prop_inc 48957 fast_inc 0 eta_inc 16092 multi_dec -104046 quick_dec -0 nack_dec -37350
Flow Uec_2_130 flowId 123 uecSrc 122 finished at 358.114 total messages 1 total packets 497 RTS 7 total bytes 2002140 in_flight now 0 fair_inc 14243 prop_inc 35315 fast_inc 0 eta_inc 16688 multi_dec -53182 quick_dec -0 nack_dec -20750
Flow Uec_8_136 flowId 23 uecSrc 22 finished at 360.037 total messages 1 total packets 493 RTS 3 total bytes 2002140 in_flight now 0 fair_inc 2401 prop_inc 15193 fast_inc 0 eta_inc 14900 multi_dec -1036 quick_dec -0 nack_dec -0
Flow Uec_56_184 flowId 91 uecSrc 90 finished at 362.384 total messages 1 total packets 490 RTS 0 total bytes 2002140 in_flight now 0 fair_inc 15100 prop_inc 71732 fast_inc 0 eta_inc 16092 multi_dec -109188 quick_dec -0 nack_dec -53950
Flow Uec_47_175 flowId 127 uecSrc 126 finished at 364.628 total messages 1 total packets 496 RTS 6 total bytes 2002140 in_flight now -64 fair_inc 15792 prop_inc 43702 fast_inc 0 eta_inc 17284 multi_dec -95036 quick_dec -0 nack_dec -12450
Flow Uec_22_150 flowId 45 uecSrc 44 finished at 364.944 total messages 1 total packets 497 RTS 7 total bytes 2002140 in_flight now 0 fair_inc 18069 prop_inc 34244 fast_inc 0 eta_inc 17284 multi_dec -96298 quick_dec -0 nack_dec -0
Flow Uec_177_49 flowId 141 uecSrc 140 finished at 367.937 total messages 1 total packets 490 RTS 0 total bytes 2002140 in_flight now 0 fair_inc 2667 prop_inc 84506 fast_inc 0 eta_inc 17284 multi_dec -128566 quick_dec -0 nack_dec -37350
Flow Uec_0_128 flowId 8 uecSrc 7 finished at 367.968 total messages 1 total packets 492 RTS 2 total bytes 2002140 in_flight now 0 fair_inc 4244 prop_inc 61398 fast_inc 1010 eta_inc 14304 multi_dec -0 quick_dec -190638 nack_dec -29050
Flow Uec_42_170 flowId 52 uecSrc 51 finished at 371.964 total messages 1 total packets 494 RTS 4 total bytes 2002140 in_flight now 0 fair_inc 12482 prop_inc 22178 fast_inc 0 eta_inc 16092 multi_dec -127614 quick_dec -26905 nack_dec -8300
Flow Uec_229_101 flowId 163 uecSrc 162 finished at 373.158 total messages 1 total packets 490 RTS 0 total bytes 2002140 in_flight now 0 fair_inc 5768 prop_inc 41981 fast_inc 0 eta_inc 17880 multi_dec -104091 quick_dec -0 nack_dec -53950
Flow Uec_21_149 flowId 76 uecSrc 75 finished at 376.958 total messages 1 total packets 500 RTS 10 total bytes 2002140 in_flight now 0 fair_inc 17701 prop_inc 35267 fast_inc 0 eta_inc 17880 multi_dec -62558 quick_dec -0 nack_dec -0
Flow Uec_77_205 flowId 100 uecSrc 99 finished at 377.56 total messages 1 total packets 490 RTS 0 total bytes 2002140 in_flight now 0 fair_inc 15028 prop_inc 34097 fast_inc 0 eta_inc 17880 multi_dec -72986 quick_dec -0 nack_dec -83000
Flow Uec_139_11 flowId 36 uecSrc 35 finished at 384.714 total messages 1 total packets 490 RTS 0 total bytes 2002140 in_flight now 0 fair_inc 21667 prop_inc 4529 fast_inc 0 eta_inc 17880 multi_dec -42717 quick_dec -0 nack_dec -99600
Flow Uec_40_168 flowId 20 uecSrc 19 finished at 386.764 total messages 1 total packets 496 RTS 6 total bytes 2002140 in_flight now -64 fair_inc 31857 prop_inc 27890 fast_inc 0 eta_inc 17284 multi_dec -90386 quick_dec -115590 nack_dec -12450
Flow Uec_93_221 flowId 132 uecSrc 131 finished at 388.424 total messages 1 total packets 490 RTS 0 total bytes 2002140 in_flight now 0 fair_inc 19861 prop_inc 34815 fast_inc 0 eta_inc 18476 multi_dec -64856 quick_dec -0 nack_dec -91300
Flow Uec_13_141 flowId 59 uecSrc 58 finished at 389.347 total messages 1 total packets 495 RTS 5 total bytes 2002140 in_flight now -64 fair_inc 21343 prop_inc 24123 fast_inc 0 eta_inc 14900 multi_dec -25902 quick_dec -148288 nack_dec -8300
Flow Uec_48_176 flowId 95 uecSrc 94 finished at 392.536 total messages 1 total packets 498 RTS 8 total bytes 2002140 in_flight now 0 fair_inc 20141 prop_inc 27728 fast_inc 0 eta_inc 17284 multi_dec -89608 quick_dec -61318 nack_dec -20750
393.008 flowid 59 Spurious 491
Flow Uec_28_156 flowId 67 uecSrc 66 finished at 394.228 total messages 1 total packets 498 RTS 8 total bytes 2002140 in_flight now 0 fair_inc 34997 prop_inc 43698 fast_inc 0 eta_inc 19072 multi_dec -117470 quick_dec -0 nack_dec -4150
Flow Uec_239_111 flowId 153 uecSrc 152 finished at 400.304 total messages 1 total packets 490 RTS 0 total bytes 2002140 in_flight now 0 fair_inc 14702 prop_inc 28633 fast_inc 0 eta_inc 19668 multi_dec -77826 quick_dec -0 nack_dec -95450
Flow Uec_37_165 flowId 10 uecSrc 9 finished at 400.624 total messages 1 total packets 496 RTS 6 total bytes 2002140 in_flight now 0 fair_inc 18575 prop_inc 32830 fast_inc 0 eta_inc 17880 multi_dec -75512 quick_dec -0 nack_dec -12450
Flow Uec_255_127 flowId 18 uecSrc 17 finished at 427.887 total messages 1 total packets 490 RTS 0 total bytes 2002140 in_flight now 0 fair_inc 35017 prop_inc 99375 fast_inc 15153 eta_inc 19668 multi_dec -165280 quick_dec -0 nack_dec -53950
Flow Uec_199_71 flowId 79 uecSrc 78 finished at 444.904 total messages 1 total packets 490 RTS 0 total bytes 2002140 in_flight now 0 fair_inc 23403 prop_inc 21233 fast_inc 0 eta_inc 20860 multi_dec -58585 quick_dec -0 nack_dec -124500
Flow Uec_54_182 flowId 143 uecSrc 142 finished at 450.771 total messages 1 total packets 490 RTS 0 total bytes 2002140 in_flight now 0 fair_inc 13642 prop_inc 21495 fast_inc 0 eta_inc 21456 multi_dec -51915 quick_dec -0 nack_dec -128650
Flow Uec_134_6 flowId 53 uecSrc 52 finished at 455.976 total messages 1 total packets 490 RTS 0 total bytes 2002140 in_flight now 0 fair_inc 13694 prop_inc 25935 fast_inc 0 eta_inc 20264 multi_dec -68932 quick_dec -0 nack_dec -91300
Flow Uec_252_124 flowId 13 uecSrc 12 finished at 456.575 total messages 1 total packets 490 RTS 0 total bytes 2002140 in_flight now 0 fair_inc 11566 prop_inc 15787 fast_inc 0 eta_inc 21456 multi_dec -25586 quick_dec -0 nack_dec -145250
Flow Uec_116_244 flowId 24 uecSrc 23 finished at 469.189 total messages 1 total packets 490 RTS 0 total bytes 2002140 in_flight now 0 fair_inc 14896 prop_inc 21285 fast_inc 0 eta_inc 22648 multi_dec -15273 quick_dec -0 nack_dec -161850
Flow Uec_142_14 flowId 121 uecSrc 120 finished at 475.908 total messages 1 total packets 490 RTS 0 total bytes 2002140 in_flight now 0 fair_inc 33817 prop_inc 45382 fast_inc 0 eta_inc 22052 multi_dec -97967 quick_dec -0 nack_dec -95450
Flow Uec_211_83 flowId 30 uecSrc 29 finished at 476.17 total messages 1 total packets 490 RTS 0 total bytes 2002140 in_flight now 0 fair_inc 24679 prop_inc 16078 fast_inc 0 eta_inc 22648 multi_dec -93811 quick_dec -0 nack_dec -95450
Flow Uec_57_185 flowId 145 uecSrc 144 finished at 478.277 total messages 1 total packets 490 RTS 0 total bytes 2002140 in_flight now 0 fair_inc 40094 prop_inc 19700 fast_inc 0 eta_inc 22052 multi_dec -32559 quick_dec -0 nack_dec -145250
Flow Uec_155_27 flowId 46 uecSrc 45 finished at 481.381 total messages 1 total packets 490 RTS 0 total bytes 2002140 in_flight now 0 fair_inc 20893 prop_inc 27985 fast_inc 0 eta_inc 22052 multi_dec -107363 quick_dec -0 nack_dec -87150
Flow Uec_178_50 flowId 140 uecSrc 139 finished at 483.682 total messages 1 total packets 490 RTS 0 total bytes 2002140 in_flight now 0 fair_inc 23853 prop_inc 20134 fast_inc 0 eta_inc 22648 multi_dec -121489 quick_dec -0 nack_dec -66400
Flow Uec_236_108 flowId 40 uecSrc 39 finished at 485.683 total messages 1 total packets 490 RTS 0 total bytes 2002140 in_flight now 0 fair_inc 12389 prop_inc 55809 fast_inc 0 eta_inc 22648 multi_dec -78470 quick_dec -0 nack_dec -107900
Flow Uec_4_132 flowId 7 uecSrc 6 finished at 488.243 total messages 1 total packets 499 RTS 9 total bytes 2002140 in_flight now -64 fair_inc 3925 prop_inc 62179 fast_inc 2020 eta_inc 17284 multi_dec -0 quick_dec -115362 nack_dec -4150
Flow Uec_179_51 flowId 86 uecSrc 85 finished at 488.913 total messages 1 total packets 490 RTS 0 total bytes 2002140 in_flight now 0 fair_inc 37878 prop_inc 18647 fast_inc 0 eta_inc 23244 multi_dec -124516 quick_dec -0 nack_dec -78850
Flow Uec_98_226 flowId 109 uecSrc 108 finished at 489.269 total messages 1 total packets 490 RTS 0 total bytes 2002140 in_flight now 0 fair_inc 10374 prop_inc 26632 fast_inc 0 eta_inc 22648 multi_dec -110593 quick_dec -0 nack_dec -66400
Flow Uec_198_70 flowId 6 uecSrc 5 finished at 490.805 total messages 1 total packets 490 RTS 0 total bytes 2002140 in_flight now 0 fair_inc 37154 prop_inc 20891 fast_inc 0 eta_inc 22648 multi_dec -89357 quick_dec -0 nack_dec -99600
Flow Uec_206_78 flowId 114 uecSrc 113 finished at 495.54 total messages 1 total packets 490 RTS 0 total bytes 2002140 in_flight now 0 fair_inc 20572 prop_inc 13498 fast_inc 0 eta_inc 23244 multi_dec -86875 quick_dec -0 nack_dec -91300
Flow Uec_246_118 flowId 125 uecSrc 124 finished at 500.731 total messages 1 total packets 490 RTS 0 total bytes 2002140 in_flight now 0 fair_inc 21790 prop_inc 36762 fast_inc 0 eta_inc 22648 multi_dec -120404 quick_dec -0 nack_dec -74700
Flow Uec_207_79 flowId 5 uecSrc 4 finished at 501.173 total messages 1 total packets 490 RTS 0 total bytes 2002140 in_flight now 0 fair_inc 16797 prop_inc 48991 fast_inc 0 eta_inc 23244 multi_dec -92284 quick_dec -0 nack_dec -99600
Flow Uec_202_74 flowId 38 uecSrc 37 finished at 502.073 total messages 1 total packets 490 RTS 0 total bytes 2002140 in_flight now 0 fair_inc 8879 prop_inc 13585 fast_inc 0 eta_inc 23840 multi_dec -44190 quick_dec -0 nack_dec -124500
Flow Uec_60_188 flowId 117 uecSrc 116 finished at 502.696 total messages 1 total packets 490 RTS 0 total bytes 2002140 in_flight now 0 fair_inc 10420 prop_inc 45665 fast_inc 0 eta_inc 23244 multi_dec -51818 quick_dec -0 nack_dec -124500
Flow Uec_173_45 flowId 124 uecSrc 123 finished at 503.454 total messages 1 total packets 491 RTS 1 total bytes 2002140 in_flight now 0 fair_inc 28685 prop_inc 31507 fast_inc 0 eta_inc 22052 multi_dec -58263 quick_dec -0 nack_dec -132800
Flow Uec_140_12 flowId 135 uecSrc 134 finished at 506.03 total messages 1 total packets 491 RTS 1 total bytes 2002140 in_flight now 0 fair_inc 22624 prop_inc 47538 fast_inc 0 eta_inc 22052 multi_dec -80162 quick_dec -0 nack_dec -99600
Flow Uec_55_183 flowId 158 uecSrc 157 finished at 507.138 total messages 1 total packets 490 RTS 0 total bytes 2002140 in_flight now 0 fair_inc 18192 prop_inc 33756 fast_inc 0 eta_inc 23840 multi_dec -95600 quick_dec -0 nack_dec -91300
Flow Uec_146_18 flowId 77 uecSrc 76 finished at 507.58 total messages 1 total packets 490 RTS 0 total bytes 2002140 in_flight now 0 fair_inc 22982 prop_inc 62548 fast_inc 28775 eta_inc 23244 multi_dec -103880 quick_dec -0 nack_dec -95450
Flow Uec_220_92 flowId 74 uecSrc 73 finished at 507.625 total messages 1 total packets 490 RTS 0 total bytes 2002140 in_flight now 0 fair_inc 35232 prop_inc 13143 fast_inc 0 eta_inc 23244 multi_dec -98262 quick_dec -0 nack_dec -99600
Flow Uec_204_76 flowId 155 uecSrc 154 finished at 508.853 total messages 1 total packets 490 RTS 0 total bytes 2002140 in_flight now 0 fair_inc 14668 prop_inc 51553 fast_inc 0 eta_inc 23244 multi_dec -130840 quick_dec -0 nack_dec -66400
Flow Uec_130_2 flowId 82 uecSrc 81 finished at 509.775 total messages 1 total packets 492 RTS 2 total bytes 2002140 in_flight now 0 fair_inc 1456 prop_inc 52106 fast_inc 0 eta_inc 22648 multi_dec -89515 quick_dec -0 nack_dec -74700
Flow Uec_150_22 flowId 164 uecSrc 163 finished at 511.819 total messages 1 total packets 491 RTS 1 total bytes 2002140 in_flight now 0 fair_inc 26704 prop_inc 37341 fast_inc 0 eta_inc 18476 multi_dec -137006 quick_dec -0 nack_dec -66400
Flow Uec_234_106 flowId 122 uecSrc 121 finished at 514.699 total messages 1 total packets 490 RTS 0 total bytes 2002140 in_flight now 0 fair_inc 15450 prop_inc 70504 fast_inc 20693 eta_inc 23840 multi_dec -93525 quick_dec -0 nack_dec -112050
Flow Uec_219_91 flowId 96 uecSrc 95 finished at 515.312 total messages 1 total packets 490 RTS 0 total bytes 2002140 in_flight now 0 fair_inc 28473 prop_inc 34641 fast_inc 0 eta_inc 23840 multi_dec -93841 quick_dec -0 nack_dec -107900
Flow Uec_247_119 flowId 148 uecSrc 147 finished at 518.554 total messages 1 total packets 490 RTS 0 total bytes 2002140 in_flight now 0 fair_inc 3590 prop_inc 52619 fast_inc 13621 eta_inc 23840 multi_dec -79229 quick_dec -0 nack_dec -95450
Flow Uec_189_61 flowId 41 uecSrc 40 finished at 519.456 total messages 1 total packets 490 RTS 0 total bytes 2002140 in_flight now 0 fair_inc 33292 prop_inc 38318 fast_inc 0 eta_inc 24436 multi_dec -55145 quick_dec -0 nack_dec -166000
Flow Uec_102_230 flowId 27 uecSrc 26 finished at 521.67 total messages 1 total packets 490 RTS 0 total bytes 2002140 in_flight now 0 fair_inc 29114 prop_inc 38761 fast_inc 31804 eta_inc 23840 multi_dec -145615 quick_dec -0 nack_dec -74700
Flow Uec_69_197 flowId 16 uecSrc 15 finished at 527.147 total messages 1 total packets 490 RTS 0 total bytes 2002140 in_flight now 0 fair_inc 20257 prop_inc 5123 fast_inc 0 eta_inc 23840 multi_dec -38339 quick_dec -0 nack_dec -145250
Flow Uec_50_178 flowId 130 uecSrc 129 finished at 531.254 total messages 1 total packets 490 RTS 0 total bytes 2002140 in_flight now 0 fair_inc 36103 prop_inc 38917 fast_inc 17662 eta_inc 25032 multi_dec -119324 quick_dec -0 nack_dec -99600
Flow Uec_233_105 flowId 75 uecSrc 74 finished at 532.121 total messages 1 total packets 490 RTS 0 total bytes 2002140 in_flight now 0 fair_inc 22051 prop_inc 25394 fast_inc 0 eta_inc 25032 multi_dec -119483 quick_dec -0 nack_dec -78850
Flow Uec_182_54 flowId 137 uecSrc 136 finished at 532.773 total messages 1 total packets 490 RTS 0 total bytes 2002140 in_flight now 0 fair_inc 0 prop_inc 5689 fast_inc 0 eta_inc 25032 multi_dec -31033 quick_dec -0 nack_dec -116200
Flow Uec_61_189 flowId 159 uecSrc 158 finished at 535.643 total messages 1 total packets 490 RTS 0 total bytes 2002140 in_flight now 0 fair_inc 23802 prop_inc 52469 fast_inc 17662 eta_inc 23840 multi_dec -101375 quick_dec -0 nack_dec -107900
Flow Uec_231_103 flowId 63 uecSrc 62 finished at 547.952 total messages 1 total packets 490 RTS 0 total bytes 2002140 in_flight now 0 fair_inc 27198 prop_inc 30256 fast_inc 0 eta_inc 23840 multi_dec -101310 quick_dec -0 nack_dec -107900
Flow Uec_235_107 flowId 115 uecSrc 114 finished at 556.252 total messages 1 total packets 490 RTS 0 total bytes 2002140 in_flight now 0 fair_inc 45311 prop_inc 36992 fast_inc 0 eta_inc 25628 multi_dec -139359 quick_dec -0 nack_dec -103750
Flow Uec_52_180 flowId 99 uecSrc 98 finished at 579.7 total messages 1 total packets 490 RTS 0 total bytes 2002140 in_flight now 0 fair_inc 7037 prop_inc 17679 fast_inc 0 eta_inc 26820 multi_dec -43365 quick_dec -0 nack_dec -132800
Flow Uec_95_223 flowId 146 uecSrc 145 finished at 582.324 total messages 1 total packets 490 RTS 0 total bytes 2002140 in_flight now 0 fair_inc 21595 prop_inc 19584 fast_inc 0 eta_inc 26224 multi_dec -45882 quick_dec -0 nack_dec -149400
Flow Uec_127_255 flowId 161 uecSrc 160 finished at 592.766 total messages 1 total packets 490 RTS 0 total bytes 2002140 in_flight now 0 fair_inc 23738 prop_inc 4073 fast_inc 0 eta_inc 25032 multi_dec -38855 quick_dec -0 nack_dec -153550
Flow Uec_68_196 flowId 25 uecSrc 24 finished at 593.501 total messages 1 total packets 490 RTS 0 total bytes 2002140 in_flight now 0 fair_inc 37860 prop_inc 136024 fast_inc 4041 eta_inc 23244 multi_dec -127142 quick_dec -16242 nack_dec -116200
Flow Uec_117_245 flowId 60 uecSrc 59 finished at 605.875 total messages 1 total packets 490 RTS 0 total bytes 2002140 in_flight now 0 fair_inc 41391 prop_inc 4852 fast_inc 0 eta_inc 28608 multi_dec -71694 quick_dec -0 nack_dec -145250
Flow Uec_63_191 flowId 34 uecSrc 33 finished at 632.284 total messages 1 total packets 490 RTS 0 total bytes 2002140 in_flight now 0 fair_inc 67947 prop_inc 23104 fast_inc 0 eta_inc 26820 multi_dec -114601 quick_dec -0 nack_dec -124500
Flow Uec_197_69 flowId 120 uecSrc 119 finished at 660.203 total messages 1 total packets 490 RTS 0 total bytes 2002140 in_flight now 0 fair_inc 41809 prop_inc 5314 fast_inc 0 eta_inc 25032 multi_dec -65793 quick_dec -0 nack_dec -149400
Flow Uec_7_135 flowId 21 uecSrc 20 finished at 663.019 total messages 1 total packets 510 RTS 20 total bytes 2002140 in_flight now -256 fair_inc 2955 prop_inc 115848 fast_inc 0 eta_inc 24436 multi_dec -0 quick_dec -0 nack_dec -0
Flow Uec_85_213 flowId 2 uecSrc 1 finished at 665.877 total messages 1 total packets 490 RTS 0 total bytes 2002140 in_flight now 0 fair_inc 39597 prop_inc 57386 fast_inc 0 eta_inc 26820 multi_dec -106782 quick_dec -0 nack_dec -128650
Flow Uec_90_218 flowId 87 uecSrc 86 finished at 666.707 total messages 1 total packets 490 RTS 0 total bytes 2002140 in_flight now 0 fair_inc 31496 prop_inc 61439 fast_inc 0 eta_inc 25628 multi_dec -117411 quick_dec -0 nack_dec -107900
Flow Uec_66_194 flowId 133 uecSrc 132 finished at 672.021 total messages 1 total packets 490 RTS 0 total bytes 2002140 in_flight now 0 fair_inc 60940 prop_inc 40121 fast_inc 0 eta_inc 28012 multi_dec -119726 quick_dec -0 nack_dec -136950
Flow Uec_49_177 flowId 66 uecSrc 65 finished at 679.872 total messages 1 total packets 490 RTS 0 total bytes 2002140 in_flight now 0 fair_inc 33666 prop_inc 54677 fast_inc 0 eta_inc 29204 multi_dec -106641 quick_dec -0 nack_dec -136950
Flow Uec_205_77 flowId 94 uecSrc 93 finished at 697.774 total messages 1 total packets 490 RTS 0 total bytes 2002140 in_flight now 0 fair_inc 35021 prop_inc 15412 fast_inc 0 eta_inc 30992 multi_dec -70277 quick_dec -0 nack_dec -141100
Flow Uec_83_211 flowId 39 uecSrc 38 finished at 711.388 total messages 1 total packets 490 RTS 0 total bytes 2002140 in_flight now 0 fair_inc 50572 prop_inc 8946 fast_inc 0 eta_inc 28012 multi_dec -92265 quick_dec -0 nack_dec -141100
Flow Uec_161_33 flowId 111 uecSrc 110 finished at 740.358 total messages 1 total packets 491 RTS 1 total bytes 2002140 in_flight now 0 fair_inc 65001 prop_inc 8414 fast_inc 0 eta_inc 29800 multi_dec -109768 quick_dec -0 nack_dec -145250
Flow Uec_181_53 flowId 142 uecSrc 141 finished at 741.595 total messages 1 total packets 490 RTS 0 total bytes 2002140 in_flight now 0 fair_inc 47346 prop_inc 12149 fast_inc 0 eta_inc 31588 multi_dec -60514 quick_dec -0 nack_dec -170150
Flow Uec_92_220 flowId 68 uecSrc 67 finished at 756.701 total messages 1 total packets 490 RTS 0 total bytes 2002140 in_flight now 0 fair_inc 49700 prop_inc 17826 fast_inc 0 eta_inc 33972 multi_dec -83328 quick_dec -0 nack_dec -174300
Flow Uec_210_82 flowId 144 uecSrc 143 finished at 770.935 total messages 1 total packets 490 RTS 0 total bytes 2002140 in_flight now 0 fair_inc 62722 prop_inc 36889 fast_inc 0 eta_inc 28608 multi_dec -95238 quick_dec -0 nack_dec -161850
Flow Uec_91_219 flowId 44 uecSrc 43 finished at 771.802 total messages 1 total packets 490 RTS 0 total bytes 2002140 in_flight now 0 fair_inc 61618 prop_inc 23516 fast_inc 0 eta_inc 31588 multi_dec -136279 quick_dec -0 nack_dec -136950
Flow Uec_159_31 flowId 17 uecSrc 16 finished at 773.23 total messages 1 total packets 490 RTS 0 total bytes 2002140 in_flight now 0 fair_inc 43626 prop_inc 7090 fast_inc 0 eta_inc 31588 multi_dec -50460 quick_dec -16947 nack_dec -178450
Flow Uec_125_253 flowId 92 uecSrc 91 finished at 788.158 total messages 1 total packets 490 RTS 0 total bytes 2002140 in_flight now 0 fair_inc 61091 prop_inc 35544 fast_inc 0 eta_inc 30992 multi_dec -102477 quick_dec -0 nack_dec -145250
Flow Uec_171_43 flowId 58 uecSrc 57 finished at 788.995 total messages 1 total packets 491 RTS 1 total bytes 2002140 in_flight now 0 fair_inc 67580 prop_inc 2136 fast_inc 0 eta_inc 29800 multi_dec -116697 quick_dec -0 nack_dec -153550
Flow Uec_162_34 flowId 48 uecSrc 47 finished at 794.293 total messages 1 total packets 491 RTS 1 total bytes 2002140 in_flight now 0 fair_inc 85108 prop_inc 8312 fast_inc 0 eta_inc 33376 multi_dec -117642 quick_dec -0 nack_dec -157700
Flow Uec_122_250 flowId 22 uecSrc 21 finished at 794.969 total messages 1 total packets 490 RTS 0 total bytes 2002140 in_flight now 0 fair_inc 53093 prop_inc 35693 fast_inc 0 eta_inc 28608 multi_dec -92499 quick_dec -0 nack_dec -141100
Flow Uec_84_212 flowId 119 uecSrc 118 finished at 806.622 total messages 1 total packets 490 RTS 0 total bytes 2002140 in_flight now 0 fair_inc 13480 prop_inc 45205 fast_inc 22222 eta_inc 35760 multi_dec -16346 quick_dec -19331 nack_dec -182600
Flow Uec_203_75 flowId 101 uecSrc 100 finished at 807.757 total messages 1 total packets 490 RTS 0 total bytes 2002140 in_flight now 0 fair_inc 40943 prop_inc 56564 fast_inc 5051 eta_inc 29800 multi_dec -89820 quick_dec -0 nack_dec -161850
Flow Uec_170_42 flowId 97 uecSrc 96 finished at 818.7 total messages 1 total packets 491 RTS 1 total bytes 2002140 in_flight now 0 fair_inc 67266 prop_inc 17759 fast_inc 0 eta_inc 34568 multi_dec -141968 quick_dec -0 nack_dec -128650
Flow Uec_174_46 flowId 165 uecSrc 164 finished at 824.505 total messages 1 total packets 490 RTS 0 total bytes 2002140 in_flight now 0 fair_inc 91651 prop_inc 17955 fast_inc 0 eta_inc 29204 multi_dec -149654 quick_dec -0 nack_dec -128650
Flow Uec_167_39 flowId 89 uecSrc 88 finished at 842.403 total messages 1 total packets 490 RTS 0 total bytes 2002140 in_flight now 0 fair_inc 92941 prop_inc 27630 fast_inc 0 eta_inc 35760 multi_dec -155812 quick_dec -0 nack_dec -153550
Flow Uec_121_249 flowId 126 uecSrc 125 finished at 852.733 total messages 1 total packets 490 RTS 0 total bytes 2002140 in_flight now 0 fair_inc 55387 prop_inc 72429 fast_inc 0 eta_inc 29800 multi_dec -127754 quick_dec -6914 nack_dec -116200
Flow Uec_216_88 flowId 28 uecSrc 27 finished at 861.205 total messages 1 total packets 490 RTS 0 total bytes 2002140 in_flight now 0 fair_inc 47984 prop_inc 88454 fast_inc 0 eta_inc 36356 multi_dec -130960 quick_dec -4454 nack_dec -141100
Flow Uec_78_206 flowId 73 uecSrc 72 finished at 865.05 total messages 1 total packets 490 RTS 0 total bytes 2002140 in_flight now 0 fair_inc 44039 prop_inc 51213 fast_inc 101512 eta_inc 32780 multi_dec -142221 quick_dec -6047 nack_dec -120350
Flow Uec_195_67 flowId 14 uecSrc 13 finished at 879.214 total messages 1 total packets 490 RTS 0 total bytes 2002140 in_flight now 0 fair_inc 59476 prop_inc 20686 fast_inc 0 eta_inc 28608 multi_dec -73254 quick_dec -4035 nack_dec -161850
Flow Uec_147_19 flowId 69 uecSrc 68 finished at 956.152 total messages 1 total packets 490 RTS 0 total bytes 2002140 in_flight now 0 fair_inc 45131 prop_inc 22546 fast_inc 0 eta_inc 28012 multi_dec -59162 quick_dec -115951 nack_dec -107900
Flow Uec_193_65 flowId 157 uecSrc 156 finished at 957.063 total messages 1 total packets 490 RTS 0 total bytes 2002140 in_flight now 0 fair_inc 68953 prop_inc 23114 fast_inc 0 eta_inc 32184 multi_dec -60429 quick_dec -20251 nack_dec -178450
Flow Uec_175_47 flowId 70 uecSrc 69 finished at 969.924 total messages 1 total packets 491 RTS 1 total bytes 2002140 in_flight now 0 fair_inc 72953 prop_inc 12937 fast_inc 0 eta_inc 36952 multi_dec -155894 quick_dec -6750 nack_dec -128650
Flow Uec_194_66 flowId 12 uecSrc 11 finished at 973.225 total messages 1 total packets 490 RTS 0 total bytes 2002140 in_flight now 0 fair_inc 46009 prop_inc 34891 fast_inc 0 eta_inc 33972 multi_dec -37188 quick_dec -25247 nack_dec -182600
Flow Uec_149_21 flowId 64 uecSrc 63 finished at 985.357 total messages 1 total packets 490 RTS 0 total bytes 2002140 in_flight now 0 fair_inc 72279 prop_inc 20564 fast_inc 0 eta_inc 32184 multi_dec -69528 quick_dec -123834 nack_dec -136950
Flow Uec_166_38 flowId 47 uecSrc 46 finished at 1001.19 total messages 1 total packets 490 RTS 0 total bytes 2002140 in_flight now 0 fair_inc 54305 prop_inc 30249 fast_inc 0 eta_inc 25628 multi_dec -15858 quick_dec -51339 nack_dec -145250
Flow Uec_185_57 flowId 65 uecSrc 64 finished at 1018.91 total messages 1 total packets 490 RTS 0 total bytes 2002140 in_flight now 0 fair_inc 27815 prop_inc 43540 fast_inc 58072 eta_inc 35760 multi_dec -89189 quick_dec -3274 nack_dec -157700
.Done
New: 81340 Rtx: 3413 RTS: 155 Bounced: 0 ACKs: 64148 NACKs: 2895 Pulls: 0 sleek_pkts: 0
