traffic matrix input file: connection_matrices/load_sweep/load0.60_n256_seed5.cm
Load balancing algorithm set to reps
no_of_nodes 256
Dragonfly+ strategy: FPAR
Setting queuesize to 50 packets
endtime(us) 100000
random seed 5
Packet size (MTU) is 4150
Parsed args
Logging to reps_dfp_results/reps_final_sweep/load0.60_reps_seed5.dat
Loading connection matrix from connection_matrices/load_sweep/load0.60_n256_seed5.cm
Nodes: 256 Connections: 154 Triggers: 0 Failures: 0
Setting ECN low 33200 high 120350
Dragonfly+ with medium topology type
Link latencies: 1 and switch latencies: 0
queue_id 2 ecn_low 33200 ecn_high 120350
DragonFly+ constructor done, 392 nodes created
Note: topology supports 392 hosts; 136 host port(s) will be unused.
network_max_unloaded_rtt 11.6856 us
Setting min RTO to 114.6
Per-hop RTT normalization: ON (strategy fpar)
Initializing static NSCC parameters: _reference_network_linkspeed=100000000000 _reference_network_rtt=12000000 _reference_network_bdp=150000 _target_Qdelay=8764200 _network_linkspeed=100000000000 _network_rtt=11685600 _network_bdp=146070 _qa_gate=2^3 _qa_threshold=3.50568e+07 _scaling_factor_a=0.9738 _scaling_factor_b=0.73035 _alpha=0.00132632 _fi=19894.7 _eta=596.842 _qa_scaling=1 _gamma=0.8 _fi_scale=0.24345 _delay_alpha=0.0125 _adjust_period_threshold=11685600 _adjust_bytes_threshold=33200
Initialize per-instance NSCC parameters: flowid 1 _base_rtt=11685600 _base_bdp=146070 _bdp=146070 _min_cwnd=4150 _maxwnd=219105 _cwnd=219105
Initialize per-instance NSCC parameters: flowid 2 _base_rtt=11685600 _base_bdp=146070 _bdp=146070 _min_cwnd=4150 _maxwnd=219105 _cwnd=219105
Initialize per-instance NSCC parameters: flowid 3 _base_rtt=11685600 _base_bdp=146070 _bdp=146070 _min_cwnd=4150 _maxwnd=219105 _cwnd=219105
Initialize per-instance NSCC parameters: flowid 4 _base_rtt=11685600 _base_bdp=146070 _bdp=146070 _min_cwnd=4150 _maxwnd=219105 _cwnd=219105
Initialize per-instance NSCC parameters: flowid 5 _base_rtt=11685600 _base_bdp=146070 _bdp=146070 _min_cwnd=4150 _maxwnd=219105 _cwnd=219105
Initialize per-instance NSCC parameters: flowid 6 _base_rtt=11685600 _base_bdp=146070 _bdp=146070 _min_cwnd=4150 _maxwnd=219105 _cwnd=219105
Initialize per-instance NSCC parameters: flowid 7 _base_rtt=11685600 _base_bdp=146070 _bdp=146070 _min_cwnd=4150 _maxwnd=219105 _cwnd=219105
Initialize per-instance NSCC parameters: flowid 8 _base_rtt=11685600 _base_bdp=146070 _bdp=146070 _min_cwnd=4150 _maxwnd=219105 _cwnd=219105
Initialize per-instance NSCC parameters: flowid 9 _base_rtt=11685600 _base_bdp=146070 _bdp=146070 _min_cwnd=4150 _maxwnd=219105 _cwnd=219105
Initialize per-instance NSCC parameters: flowid 10 _base_rtt=11685600 _base_bdp=146070 _bdp=146070 _min_cwnd=4150 _maxwnd=219105 _cwnd=219105
Initialize per-instance NSCC parameters: flowid 11 _base_rtt=11685600 _base_bdp=146070 _bdp=146070 _min_cwnd=4150 _maxwnd=219105 _cwnd=219105
Initialize per-instance NSCC parameters: flowid 12 _base_rtt=11685600 _base_bdp=146070 _bdp=146070 _min_cwnd=4150 _maxwnd=219105 _cwnd=219105
Initialize per-instance NSCC parameters: flowid 13 _base_rtt=11685600 _base_bdp=146070 _bdp=146070 _min_cwnd=4150 _maxwnd=219105 _cwnd=219105
Initialize per-instance NSCC parameters: flowid 14 _base_rtt=11685600 _base_bdp=146070 _bdp=146070 _min_cwnd=4150 _maxwnd=219105 _cwnd=219105
Initialize per-instance NSCC parameters: flowid 15 _base_rtt=11685600 _base_bdp=146070 _bdp=146070 _min_cwnd=4150 _maxwnd=219105 _cwnd=219105
Initialize per-instance NSCC parameters: flowid 16 _base_rtt=11685600 _base_bdp=146070 _bdp=146070 _min_cwnd=4150 _maxwnd=219105 _cwnd=219105
Initialize per-instance NSCC parameters: flowid 17 _base_rtt=11685600 _base_bdp=146070 _bdp=146070 _min_cwnd=4150 _maxwnd=219105 _cwnd=219105
Initialize per-instance NSCC parameters: flowid 18 _base_rtt=11685600 _base_bdp=146070 _bdp=146070 _min_cwnd=4150 _maxwnd=219105 _cwnd=219105
Initialize per-instance NSCC parameters: flowid 19 _base_rtt=11685600 _base_bdp=146070 _bdp=146070 _min_cwnd=4150 _maxwnd=219105 _cwnd=219105
Initialize per-instance NSCC parameters: flowid 20 _base_rtt=11685600 _base_bdp=146070 _bdp=146070 _min_cwnd=4150 _maxwnd=219105 _cwnd=219105
Initialize per-instance NSCC parameters: flowid 21 _base_rtt=11685600 _base_bdp=146070 _bdp=146070 _min_cwnd=4150 _maxwnd=219105 _cwnd=219105
Initialize per-instance NSCC parameters: flowid 22 _base_rtt=11685600 _base_bdp=146070 _bdp=146070 _min_cwnd=4150 _maxwnd=219105 _cwnd=219105
Initialize per-instance NSCC parameters: flowid 23 _base_rtt=11685600 _base_bdp=146070 _bdp=146070 _min_cwnd=4150 _maxwnd=219105 _cwnd=219105
Initialize per-instance NSCC parameters: flowid 24 _base_rtt=11685600 _base_bdp=146070 _bdp=146070 _min_cwnd=4150 _maxwnd=219105 _cwnd=219105
Initialize per-instance NSCC parameters: flowid 25 _base_rtt=11685600 _base_bdp=146070 _bdp=146070 _min_cwnd=4150 _maxwnd=219105 _cwnd=219105
Initialize per-instance NSCC parameters: flowid 26 _base_rtt=11685600 _base_bdp=146070 _bdp=146070 _min_cwnd=4150 _maxwnd=219105 _cwnd=219105
Initialize per-instance NSCC parameters: flowid 27 _base_rtt=11685600 _base_bdp=146070 _bdp=146070 _min_cwnd=4150 _maxwnd=219105 _cwnd=219105
Initialize per-instance NSCC parameters: flowid 28 _base_rtt=11685600 _base_bdp=146070 _bdp=146070 _min_cwnd=4150 _maxwnd=219105 _cwnd=219105
Initialize per-instance NSCC parameters: flowid 29 _base_rtt=11685600 _base_bdp=146070 _bdp=146070 _min_cwnd=4150 _maxwnd=219105 _cwnd=219105
Initialize per-instance NSCC parameters: flowid 30 _base_rtt=11685600 _base_bdp=146070 _bdp=146070 _min_cwnd=4150 _maxwnd=219105 _cwnd=219105
Initialize per-instance NSCC parameters: flowid 31 _base_rtt=11685600 _base_bdp=146070 _bdp=146070 _min_cwnd=4150 _maxwnd=219105 _cwnd=219105
Initialize per-instance NSCC parameters: flowid 32 _base_rtt=11685600 _base_bdp=146070 _bdp=146070 _min_cwnd=4150 _maxwnd=219105 _cwnd=219105
Initialize per-instance NSCC parameters: flowid 33 _base_rtt=11685600 _base_bdp=146070 _bdp=146070 _min_cwnd=4150 _maxwnd=219105 _cwnd=219105
Initialize per-instance NSCC parameters: flowid 34 _base_rtt=11685600 _base_bdp=146070 _bdp=146070 _min_cwnd=4150 _maxwnd=219105 _cwnd=219105
Initialize per-instance NSCC parameters: flowid 35 _base_rtt=11685600 _base_bdp=146070 _bdp=146070 _min_cwnd=4150 _maxwnd=219105 _cwnd=219105
Initialize per-instance NSCC parameters: flowid 36 _base_rtt=11685600 _base_bdp=146070 _bdp=146070 _min_cwnd=4150 _maxwnd=219105 _cwnd=219105
Initialize per-instance NSCC parameters: flowid 37 _base_rtt=11685600 _base_bdp=146070 _bdp=146070 _min_cwnd=4150 _maxwnd=219105 _cwnd=219105
Initialize per-instance NSCC parameters: flowid 38 _base_rtt=11685600 _base_bdp=146070 _bdp=146070 _min_cwnd=4150 _maxwnd=219105 _cwnd=219105
Initialize per-instance NSCC parameters: flowid 39 _base_rtt=11685600 _base_bdp=146070 _bdp=146070 _min_cwnd=4150 _maxwnd=219105 _cwnd=219105
Initialize per-instance NSCC parameters: flowid 40 _base_rtt=11685600 _base_bdp=146070 _bdp=146070 _min_cwnd=4150 _maxwnd=219105 _cwnd=219105
Initialize per-instance NSCC parameters: flowid 41 _base_rtt=11685600 _base_bdp=146070 _bdp=146070 _min_cwnd=4150 _maxwnd=219105 _cwnd=219105
Initialize per-instance NSCC parameters: flowid 42 _base_rtt=11685600 _base_bdp=146070 _bdp=146070 _min_cwnd=4150 _maxwnd=219105 _cwnd=219105
Initialize per-instance NSCC parameters: flowid 43 _base_rtt=11685600 _base_bdp=146070 _bdp=146070 _min_cwnd=4150 _maxwnd=219105 _cwnd=219105
Initialize per-instance NSCC parameters: flowid 44 _base_rtt=11685600 _base_bdp=146070 _bdp=146070 _min_cwnd=4150 _maxwnd=219105 _cwnd=219105
Initialize per-instance NSCC parameters: flowid 45 _base_rtt=11685600 _base_bdp=146070 _bdp=146070 _min_cwnd=4150 _maxwnd=219105 _cwnd=219105
Initialize per-instance NSCC parameters: flowid 46 _base_rtt=11685600 _base_bdp=146070 _bdp=146070 _min_cwnd=4150 _maxwnd=219105 _cwnd=219105
Initialize per-instance NSCC parameters: flowid 47 _base_rtt=11685600 _base_bdp=146070 _bdp=146070 _min_cwnd=4150 _maxwnd=219105 _cwnd=219105
Initialize per-instance NSCC parameters: flowid 48 _base_rtt=11685600 _base_bdp=146070 _bdp=146070 _min_cwnd=4150 _maxwnd=219105 _cwnd=219105
Initialize per-instance NSCC parameters: flowid 49 _base_rtt=11685600 _base_bdp=146070 _bdp=146070 _min_cwnd=4150 _maxwnd=219105 _cwnd=219105
Initialize per-instance NSCC parameters: flowid 50 _base_rtt=11685600 _base_bdp=146070 _bdp=146070 _min_cwnd=4150 _maxwnd=219105 _cwnd=219105
Initialize per-instance NSCC parameters: flowid 51 _base_rtt=11685600 _base_bdp=146070 _bdp=146070 _min_cwnd=4150 _maxwnd=219105 _cwnd=219105
Initialize per-instance NSCC parameters: flowid 52 _base_rtt=11685600 _base_bdp=146070 _bdp=146070 _min_cwnd=4150 _maxwnd=219105 _cwnd=219105
Initialize per-instance NSCC parameters: flowid 53 _base_rtt=11685600 _base_bdp=146070 _bdp=146070 _min_cwnd=4150 _maxwnd=219105 _cwnd=219105
Initialize per-instance NSCC parameters: flowid 54 _base_rtt=11685600 _base_bdp=146070 _bdp=146070 _min_cwnd=4150 _maxwnd=219105 _cwnd=219105
Initialize per-instance NSCC parameters: flowid 55 _base_rtt=11685600 _base_bdp=146070 _bdp=146070 _min_cwnd=4150 _maxwnd=219105 _cwnd=219105
Initialize per-instance NSCC parameters: flowid 56 _base_rtt=11685600 _base_bdp=146070 _bdp=146070 _min_cwnd=4150 _maxwnd=219105 _cwnd=219105
Initialize per-instance NSCC parameters: flowid 57 _base_rtt=11685600 _base_bdp=146070 _bdp=146070 _min_cwnd=4150 _maxwnd=219105 _cwnd=219105
Initialize per-instance NSCC parameters: flowid 58 _base_rtt=11685600 _base_bdp=146070 _bdp=146070 _min_cwnd=4150 _maxwnd=219105 _cwnd=219105
Initialize per-instance NSCC parameters: flowid 59 _base_rtt=11685600 _base_bdp=146070 _bdp=146070 _min_cwnd=4150 _maxwnd=219105 _cwnd=219105
Initialize per-instance NSCC parameters: flowid 60 _base_rtt=11685600 _base_bdp=146070 _bdp=146070 _min_cwnd=4150 _maxwnd=219105 _cwnd=219105
Initialize per-instance NSCC parameters: flowid 61 _base_rtt=11685600 _base_bdp=146070 _bdp=146070 _min_cwnd=4150 _maxwnd=219105 _cwnd=219105
Initialize per-instance NSCC parameters: flowid 62 _base_rtt=11685600 _base_bdp=146070 _bdp=146070 _min_cwnd=4150 _maxwnd=219105 _cwnd=219105
Initialize per-instance NSCC parameters: flowid 63 _base_rtt=11685600 _base_bdp=146070 _bdp=146070 _min_cwnd=4150 _maxwnd=219105 _cwnd=219105
Initialize per-instance NSCC parameters: flowid 64 _base_rtt=11685600 _base_bdp=146070 _bdp=146070 _min_cwnd=4150 _maxwnd=219105 _cwnd=219105
Initialize per-instance NSCC parameters: flowid 65 _base_rtt=11685600 _base_bdp=146070 _bdp=146070 _min_cwnd=4150 _maxwnd=219105 _cwnd=219105
Initialize per-instance NSCC parameters: flowid 66 _base_rtt=11685600 _base_bdp=146070 _bdp=146070 _min_cwnd=4150 _maxwnd=219105 _cwnd=219105
Initialize per-instance NSCC parameters: flowid 67 _base_rtt=11685600 _base_bdp=146070 _bdp=146070 _min_cwnd=4150 _maxwnd=219105 _cwnd=219105
Initialize per-instance NSCC parameters: flowid 68 _base_rtt=11685600 _base_bdp=146070 _bdp=146070 _min_cwnd=4150 _maxwnd=219105 _cwnd=219105
Initialize per-instance NSCC parameters: flowid 69 _base_rtt=11685600 _base_bdp=146070 _bdp=146070 _min_cwnd=4150 _maxwnd=219105 _cwnd=219105
Initialize per-instance NSCC parameters: flowid 70 _base_rtt=11685600 _base_bdp=146070 _bdp=146070 _min_cwnd=4150 _maxwnd=219105 _cwnd=219105
Initialize per-instance NSCC parameters: flowid 71 _base_rtt=11685600 _base_bdp=146070 _bdp=146070 _min_cwnd=4150 _maxwnd=219105 _cwnd=219105
Initialize per-instance NSCC parameters: flowid 72 _base_rtt=11685600 _base_bdp=146070 _bdp=146070 _min_cwnd=4150 _maxwnd=219105 _cwnd=219105
Initialize per-instance NSCC parameters: flowid 73 _base_rtt=11685600 _base_bdp=146070 _bdp=146070 _min_cwnd=4150 _maxwnd=219105 _cwnd=219105
Initialize per-instance NSCC parameters: flowid 74 _base_rtt=11685600 _base_bdp=146070 _bdp=146070 _min_cwnd=4150 _maxwnd=219105 _cwnd=219105
Initialize per-instance NSCC parameters: flowid 75 _base_rtt=11685600 _base_bdp=146070 _bdp=146070 _min_cwnd=4150 _maxwnd=219105 _cwnd=219105
Initialize per-instance NSCC parameters: flowid 76 _base_rtt=11685600 _base_bdp=146070 _bdp=146070 _min_cwnd=4150 _maxwnd=219105 _cwnd=219105
Initialize per-instance NSCC parameters: flowid 77 _base_rtt=11685600 _base_bdp=146070 _bdp=146070 _min_cwnd=4150 _maxwnd=219105 _cwnd=219105
Initialize per-instance NSCC parameters: flowid 78 _base_rtt=11685600 _base_bdp=146070 _bdp=146070 _min_cwnd=4150 _maxwnd=219105 _cwnd=219105
Initialize per-instance NSCC parameters: flowid 79 _base_rtt=11685600 _base_bdp=146070 _bdp=146070 _min_cwnd=4150 _maxwnd=219105 _cwnd=219105
Initialize per-instance NSCC parameters: flowid 80 _base_rtt=11685600 _base_bdp=146070 _bdp=146070 _min_cwnd=4150 _maxwnd=219105 _cwnd=219105
Initialize per-instance NSCC parameters: flowid 81 _base_rtt=11685600 _base_bdp=146070 _bdp=146070 _min_cwnd=4150 _maxwnd=219105 _cwnd=219105
Initialize per-instance NSCC parameters: flowid 82 _base_rtt=11685600 _base_bdp=146070 _bdp=146070 _min_cwnd=4150 _maxwnd=219105 _cwnd=219105
Initialize per-instance NSCC parameters: flowid 83 _base_rtt=11685600 _base_bdp=146070 _bdp=146070 _min_cwnd=4150 _maxwnd=219105 _cwnd=219105
Initialize per-instance NSCC parameters: flowid 84 _base_rtt=11685600 _base_bdp=146070 _bdp=146070 _min_cwnd=4150 _maxwnd=219105 _cwnd=219105
Initialize per-instance NSCC parameters: flowid 85 _base_rtt=11685600 _base_bdp=146070 _bdp=146070 _min_cwnd=4150 _maxwnd=219105 _cwnd=219105
Initialize per-instance NSCC parameters: flowid 86 _base_rtt=11685600 _base_bdp=146070 _bdp=146070 _min_cwnd=4150 _maxwnd=219105 _cwnd=219105
Initialize per-instance NSCC parameters: flowid 87 _base_rtt=11685600 _base_bdp=146070 _bdp=146070 _min_cwnd=4150 _maxwnd=219105 _cwnd=219105
Initialize per-instance NSCC parameters: flowid 88 _base_rtt=11685600 _base_bdp=146070 _bdp=146070 _min_cwnd=4150 _maxwnd=219105 _cwnd=219105
Initialize per-instance NSCC parameters: flowid 89 _base_rtt=11685600 _base_bdp=146070 _bdp=146070 _min_cwnd=4150 _maxwnd=219105 _cwnd=219105
Initialize per-instance NSCC parameters: flowid 90 _base_rtt=11685600 _base_bdp=146070 _bdp=146070 _min_cwnd=4150 _maxwnd=219105 _cwnd=219105
Initialize per-instance NSCC parameters: flowid 91 _base_rtt=11685600 _base_bdp=146070 _bdp=146070 _min_cwnd=4150 _maxwnd=219105 _cwnd=219105
Initialize per-instance NSCC parameters: flowid 92 _base_rtt=11685600 _base_bdp=146070 _bdp=146070 _min_cwnd=4150 _maxwnd=219105 _cwnd=219105
Initialize per-instance NSCC parameters: flowid 93 _base_rtt=11685600 _base_bdp=146070 _bdp=146070 _min_cwnd=4150 _maxwnd=219105 _cwnd=219105
Initialize per-instance NSCC parameters: flowid 94 _base_rtt=11685600 _base_bdp=146070 _bdp=146070 _min_cwnd=4150 _maxwnd=219105 _cwnd=219105
Initialize per-instance NSCC parameters: flowid 95 _base_rtt=11685600 _base_bdp=146070 _bdp=146070 _min_cwnd=4150 _maxwnd=219105 _cwnd=219105
Initialize per-instance NSCC parameters: flowid 96 _base_rtt=11685600 _base_bdp=146070 _bdp=146070 _min_cwnd=4150 _maxwnd=219105 _cwnd=219105
Initialize per-instance NSCC parameters: flowid 97 _base_rtt=11685600 _base_bdp=146070 _bdp=146070 _min_cwnd=4150 _maxwnd=219105 _cwnd=219105
Initialize per-instance NSCC parameters: flowid 98 _base_rtt=11685600 _base_bdp=146070 _bdp=146070 _min_cwnd=4150 _maxwnd=219105 _cwnd=219105
Initialize per-instance NSCC parameters: flowid 99 _base_rtt=11685600 _base_bdp=146070 _bdp=146070 _min_cwnd=4150 _maxwnd=219105 _cwnd=219105
Initialize per-instance NSCC parameters: flowid 100 _base_rtt=11685600 _base_bdp=146070 _bdp=146070 _min_cwnd=4150 _maxwnd=219105 _cwnd=219105
Initialize per-instance NSCC parameters: flowid 101 _base_rtt=11685600 _base_bdp=146070 _bdp=146070 _min_cwnd=4150 _maxwnd=219105 _cwnd=219105
Initialize per-instance NSCC parameters: flowid 102 _base_rtt=11685600 _base_bdp=146070 _bdp=146070 _min_cwnd=4150 _maxwnd=219105 _cwnd=219105
Initialize per-instance NSCC parameters: flowid 103 _base_rtt=11685600 _base_bdp=146070 _bdp=146070 _min_cwnd=4150 _maxwnd=219105 _cwnd=219105
Initialize per-instance NSCC parameters: flowid 104 _base_rtt=11685600 _base_bdp=146070 _bdp=146070 _min_cwnd=4150 _maxwnd=219105 _cwnd=219105
Initialize per-instance NSCC parameters: flowid 105 _base_rtt=11685600 _base_bdp=146070 _bdp=146070 _min_cwnd=4150 _maxwnd=219105 _cwnd=219105
Initialize per-instance NSCC parameters: flowid 106 _base_rtt=11685600 _base_bdp=146070 _bdp=146070 _min_cwnd=4150 _maxwnd=219105 _cwnd=219105
Initialize per-instance NSCC parameters: flowid 107 _base_rtt=11685600 _base_bdp=146070 _bdp=146070 _min_cwnd=4150 _maxwnd=219105 _cwnd=219105
Initialize per-instance NSCC parameters: flowid 108 _base_rtt=11685600 _base_bdp=146070 _bdp=146070 _min_cwnd=4150 _maxwnd=219105 _cwnd=219105
Initialize per-instance NSCC parameters: flowid 109 _base_rtt=11685600 _base_bdp=146070 _bdp=146070 _min_cwnd=4150 _maxwnd=219105 _cwnd=219105
Initialize per-instance NSCC parameters: flowid 110 _base_rtt=11685600 _base_bdp=146070 _bdp=146070 _min_cwnd=4150 _maxwnd=219105 _cwnd=219105
Initialize per-instance NSCC parameters: flowid 111 _base_rtt=11685600 _base_bdp=146070 _bdp=146070 _min_cwnd=4150 _maxwnd=219105 _cwnd=219105
Initialize per-instance NSCC parameters: flowid 112 _base_rtt=11685600 _base_bdp=146070 _bdp=146070 _min_cwnd=4150 _maxwnd=219105 _cwnd=219105
Initialize per-instance NSCC parameters: flowid 113 _base_rtt=11685600 _base_bdp=146070 _bdp=146070 _min_cwnd=4150 _maxwnd=219105 _cwnd=219105
Initialize per-instance NSCC parameters: flowid 114 _base_rtt=11685600 _base_bdp=146070 _bdp=146070 _min_cwnd=4150 _maxwnd=219105 _cwnd=219105
Initialize per-instance NSCC parameters: flowid 115 _base_rtt=11685600 _base_bdp=146070 _bdp=146070 _min_cwnd=4150 _maxwnd=219105 _cwnd=219105
Initialize per-instance NSCC parameters: flowid 116 _base_rtt=11685600 _base_bdp=146070 _bdp=146070 _min_cwnd=4150 _maxwnd=219105 _cwnd=219105
Initialize per-instance NSCC parameters: flowid 117 _base_rtt=11685600 _base_bdp=146070 _bdp=146070 _min_cwnd=4150 _maxwnd=219105 _cwnd=219105
Initialize per-instance NSCC parameters: flowid 118 _base_rtt=11685600 _base_bdp=146070 _bdp=146070 _min_cwnd=4150 _maxwnd=219105 _cwnd=219105
Initialize per-instance NSCC parameters: flowid 119 _base_rtt=11685600 _base_bdp=146070 _bdp=146070 _min_cwnd=4150 _maxwnd=219105 _cwnd=219105
Initialize per-instance NSCC parameters: flowid 120 _base_rtt=11685600 _base_bdp=146070 _bdp=146070 _min_cwnd=4150 _maxwnd=219105 _cwnd=219105
Initialize per-instance NSCC parameters: flowid 121 _base_rtt=11685600 _base_bdp=146070 _bdp=146070 _min_cwnd=4150 _maxwnd=219105 _cwnd=219105
Initialize per-instance NSCC parameters: flowid 122 _base_rtt=11685600 _base_bdp=146070 _bdp=146070 _min_cwnd=4150 _maxwnd=219105 _cwnd=219105
Initialize per-instance NSCC parameters: flowid 123 _base_rtt=11685600 _base_bdp=146070 _bdp=146070 _min_cwnd=4150 _maxwnd=219105 _cwnd=219105
Initialize per-instance NSCC parameters: flowid 124 _base_rtt=11685600 _base_bdp=146070 _bdp=146070 _min_cwnd=4150 _maxwnd=219105 _cwnd=219105
Initialize per-instance NSCC parameters: flowid 125 _base_rtt=11685600 _base_bdp=146070 _bdp=146070 _min_cwnd=4150 _maxwnd=219105 _cwnd=219105
Initialize per-instance NSCC parameters: flowid 126 _base_rtt=11685600 _base_bdp=146070 _bdp=146070 _min_cwnd=4150 _maxwnd=219105 _cwnd=219105
Initialize per-instance NSCC parameters: flowid 127 _base_rtt=11685600 _base_bdp=146070 _bdp=146070 _min_cwnd=4150 _maxwnd=219105 _cwnd=219105
Initialize per-instance NSCC parameters: flowid 128 _base_rtt=11685600 _base_bdp=146070 _bdp=146070 _min_cwnd=4150 _maxwnd=219105 _cwnd=219105
Initialize per-instance NSCC parameters: flowid 129 _base_rtt=11685600 _base_bdp=146070 _bdp=146070 _min_cwnd=4150 _maxwnd=219105 _cwnd=219105
Initialize per-instance NSCC parameters: flowid 130 _base_rtt=11685600 _base_bdp=146070 _bdp=146070 _min_cwnd=4150 _maxwnd=219105 _cwnd=219105
Initialize per-instance NSCC parameters: flowid 131 _base_rtt=11685600 _base_bdp=146070 _bdp=146070 _min_cwnd=4150 _maxwnd=219105 _cwnd=219105
Initialize per-instance NSCC parameters: flowid 132 _base_rtt=11685600 _base_bdp=146070 _bdp=146070 _min_cwnd=4150 _maxwnd=219105 _cwnd=219105
Initialize per-instance NSCC parameters: flowid 133 _base_rtt=11685600 _base_bdp=146070 _bdp=146070 _min_cwnd=4150 _maxwnd=219105 _cwnd=219105
Initialize per-instance NSCC parameters: flowid 134 _base_rtt=11685600 _base_bdp=146070 _bdp=146070 _min_cwnd=4150 _maxwnd=219105 _cwnd=219105
Initialize per-instance NSCC parameters: flowid 135 _base_rtt=11685600 _base_bdp=146070 _bdp=146070 _min_cwnd=4150 _maxwnd=219105 _cwnd=219105
Initialize per-instance NSCC parameters: flowid 136 _base_rtt=11685600 _base_bdp=146070 _bdp=146070 _min_cwnd=4150 _maxwnd=219105 _cwnd=219105
Initialize per-instance NSCC parameters: flowid 137 _base_rtt=11685600 _base_bdp=146070 _bdp=146070 _min_cwnd=4150 _maxwnd=219105 _cwnd=219105
Initialize per-instance NSCC parameters: flowid 138 _base_rtt=11685600 _base_bdp=146070 _bdp=146070 _min_cwnd=4150 _maxwnd=219105 _cwnd=219105
Initialize per-instance NSCC parameters: flowid 139 _base_rtt=11685600 _base_bdp=146070 _bdp=146070 _min_cwnd=4150 _maxwnd=219105 _cwnd=219105
Initialize per-instance NSCC parameters: flowid 140 _base_rtt=11685600 _base_bdp=146070 _bdp=146070 _min_cwnd=4150 _maxwnd=219105 _cwnd=219105
Initialize per-instance NSCC parameters: flowid 141 _base_rtt=11685600 _base_bdp=146070 _bdp=146070 _min_cwnd=4150 _maxwnd=219105 _cwnd=219105
Initialize per-instance NSCC parameters: flowid 142 _base_rtt=11685600 _base_bdp=146070 _bdp=146070 _min_cwnd=4150 _maxwnd=219105 _cwnd=219105
Initialize per-instance NSCC parameters: flowid 143 _base_rtt=11685600 _base_bdp=146070 _bdp=146070 _min_cwnd=4150 _maxwnd=219105 _cwnd=219105
Initialize per-instance NSCC parameters: flowid 144 _base_rtt=11685600 _base_bdp=146070 _bdp=146070 _min_cwnd=4150 _maxwnd=219105 _cwnd=219105
Initialize per-instance NSCC parameters: flowid 145 _base_rtt=11685600 _base_bdp=146070 _bdp=146070 _min_cwnd=4150 _maxwnd=219105 _cwnd=219105
Initialize per-instance NSCC parameters: flowid 146 _base_rtt=11685600 _base_bdp=146070 _bdp=146070 _min_cwnd=4150 _maxwnd=219105 _cwnd=219105
Initialize per-instance NSCC parameters: flowid 147 _base_rtt=11685600 _base_bdp=146070 _bdp=146070 _min_cwnd=4150 _maxwnd=219105 _cwnd=219105
Initialize per-instance NSCC parameters: flowid 148 _base_rtt=11685600 _base_bdp=146070 _bdp=146070 _min_cwnd=4150 _maxwnd=219105 _cwnd=219105
Initialize per-instance NSCC parameters: flowid 149 _base_rtt=11685600 _base_bdp=146070 _bdp=146070 _min_cwnd=4150 _maxwnd=219105 _cwnd=219105
Initialize per-instance NSCC parameters: flowid 150 _base_rtt=11685600 _base_bdp=146070 _bdp=146070 _min_cwnd=4150 _maxwnd=219105 _cwnd=219105
Initialize per-instance NSCC parameters: flowid 151 _base_rtt=11685600 _base_bdp=146070 _bdp=146070 _min_cwnd=4150 _maxwnd=219105 _cwnd=219105
Initialize per-instance NSCC parameters: flowid 152 _base_rtt=11685600 _base_bdp=146070 _bdp=146070 _min_cwnd=4150 _maxwnd=219105 _cwnd=219105
Initialize per-instance NSCC parameters: flowid 153 _base_rtt=11685600 _base_bdp=146070 _bdp=146070 _min_cwnd=4150 _maxwnd=219105 _cwnd=219105
Initialize per-instance NSCC parameters: flowid 154 _base_rtt=11685600 _base_bdp=146070 _bdp=146070 _min_cwnd=4150 _maxwnd=219105 _cwnd=219105
Starting simulation
Flow Uec_170_42 flowId 1 uecSrc 0 starting at 0
Flow Uec_13_141 flowId 2 uecSrc 1 starting at 0
Flow Uec_20_148 flowId 3 uecSrc 2 starting at 0
Flow Uec_220_92 flowId 4 uecSrc 3 starting at 0
Flow Uec_136_8 flowId 5 uecSrc 4 starting at 0
Flow Uec_209_81 flowId 6 uecSrc 5 starting at 0
Flow Uec_187_59 flowId 7 uecSrc 6 starting at 0
Flow Uec_36_164 flowId 8 uecSrc 7 starting at 0
Flow Uec_79_207 flowId 9 uecSrc 8 starting at 0
Flow Uec_129_1 flowId 10 uecSrc 9 starting at 0
Flow Uec_201_73 flowId 11 uecSrc 10 starting at 0
Flow Uec_140_12 flowId 12 uecSrc 11 starting at 0
Flow Uec_122_250 flowId 13 uecSrc 12 starting at 0
Flow Uec_7_135 flowId 14 uecSrc 13 starting at 0
Flow Uec_153_25 flowId 15 uecSrc 14 starting at 0
Flow Uec_67_195 flowId 16 uecSrc 15 starting at 0
Flow Uec_242_114 flowId 17 uecSrc 16 starting at 0
Flow Uec_93_221 flowId 18 uecSrc 17 starting at 0
Flow Uec_177_49 flowId 19 uecSrc 18 starting at 0
Flow Uec_244_116 flowId 20 uecSrc 19 starting at 0
Flow Uec_144_16 flowId 21 uecSrc 20 starting at 0
Flow Uec_11_139 flowId 22 uecSrc 21 starting at 0
Flow Uec_200_72 flowId 23 uecSrc 22 starting at 0
Flow Uec_42_170 flowId 24 uecSrc 23 starting at 0
Flow Uec_246_118 flowId 25 uecSrc 24 starting at 0
Flow Uec_243_115 flowId 26 uecSrc 25 starting at 0
Flow Uec_120_248 flowId 27 uecSrc 26 starting at 0
Flow Uec_112_240 flowId 28 uecSrc 27 starting at 0
Flow Uec_186_58 flowId 29 uecSrc 28 starting at 0
Flow Uec_46_174 flowId 30 uecSrc 29 starting at 0
Flow Uec_181_53 flowId 31 uecSrc 30 starting at 0
Flow Uec_133_5 flowId 32 uecSrc 31 starting at 0
Flow Uec_118_246 flowId 33 uecSrc 32 starting at 0
Flow Uec_71_199 flowId 34 uecSrc 33 starting at 0
Flow Uec_97_225 flowId 35 uecSrc 34 starting at 0
Flow Uec_183_55 flowId 36 uecSrc 35 starting at 0
Flow Uec_218_90 flowId 37 uecSrc 36 starting at 0
Flow Uec_22_150 flowId 38 uecSrc 37 starting at 0
Flow Uec_92_220 flowId 39 uecSrc 38 starting at 0
Flow Uec_184_56 flowId 40 uecSrc 39 starting at 0
Flow Uec_255_127 flowId 41 uecSrc 40 starting at 0
Flow Uec_150_22 flowId 42 uecSrc 41 starting at 0
Flow Uec_141_13 flowId 43 uecSrc 42 starting at 0
Flow Uec_100_228 flowId 44 uecSrc 43 starting at 0
Flow Uec_72_200 flowId 45 uecSrc 44 starting at 0
Flow Uec_154_26 flowId 46 uecSrc 45 starting at 0
Flow Uec_123_251 flowId 47 uecSrc 46 starting at 0
Flow Uec_166_38 flowId 48 uecSrc 47 starting at 0
Flow Uec_224_96 flowId 49 uecSrc 48 starting at 0
Flow Uec_210_82 flowId 50 uecSrc 49 starting at 0
Flow Uec_108_236 flowId 51 uecSrc 50 starting at 0
Flow Uec_199_71 flowId 52 uecSrc 51 starting at 0
Flow Uec_57_185 flowId 53 uecSrc 52 starting at 0
Flow Uec_106_234 flowId 54 uecSrc 53 starting at 0
Flow Uec_119_247 flowId 55 uecSrc 54 starting at 0
Flow Uec_51_179 flowId 56 uecSrc 55 starting at 0
Flow Uec_198_70 flowId 57 uecSrc 56 starting at 0
Flow Uec_148_20 flowId 58 uecSrc 57 starting at 0
Flow Uec_125_253 flowId 59 uecSrc 58 starting at 0
Flow Uec_193_65 flowId 60 uecSrc 59 starting at 0
Flow Uec_172_44 flowId 61 uecSrc 60 starting at 0
Flow Uec_48_176 flowId 62 uecSrc 61 starting at 0
Flow Uec_56_184 flowId 63 uecSrc 62 starting at 0
Flow Uec_204_76 flowId 64 uecSrc 63 starting at 0
Flow Uec_147_19 flowId 65 uecSrc 64 starting at 0
Flow Uec_219_91 flowId 66 uecSrc 65 starting at 0
Flow Uec_230_102 flowId 67 uecSrc 66 starting at 0
Flow Uec_84_212 flowId 68 uecSrc 67 starting at 0
Flow Uec_169_41 flowId 69 uecSrc 68 starting at 0
Flow Uec_32_160 flowId 70 uecSrc 69 starting at 0
Flow Uec_149_21 flowId 71 uecSrc 70 starting at 0
Flow Uec_96_224 flowId 72 uecSrc 71 starting at 0
Flow Uec_160_32 flowId 73 uecSrc 72 starting at 0
Flow Uec_190_62 flowId 74 uecSrc 73 starting at 0
Flow Uec_215_87 flowId 75 uecSrc 74 starting at 0
Flow Uec_171_43 flowId 76 uecSrc 75 starting at 0
Flow Uec_138_10 flowId 77 uecSrc 76 starting at 0
Flow Uec_185_57 flowId 78 uecSrc 77 starting at 0
Flow Uec_212_84 flowId 79 uecSrc 78 starting at 0
Flow Uec_24_152 flowId 80 uecSrc 79 starting at 0
Flow Uec_103_231 flowId 81 uecSrc 80 starting at 0
Flow Uec_29_157 flowId 82 uecSrc 81 starting at 0
Flow Uec_74_202 flowId 83 uecSrc 82 starting at 0
Flow Uec_152_24 flowId 84 uecSrc 83 starting at 0
Flow Uec_55_183 flowId 85 uecSrc 84 starting at 0
Flow Uec_28_156 flowId 86 uecSrc 85 starting at 0
Flow Uec_3_131 flowId 87 uecSrc 86 starting at 0
Flow Uec_232_104 flowId 88 uecSrc 87 starting at 0
Flow Uec_231_103 flowId 89 uecSrc 88 starting at 0
Flow Uec_241_113 flowId 90 uecSrc 89 starting at 0
Flow Uec_245_117 flowId 91 uecSrc 90 starting at 0
Flow Uec_18_146 flowId 92 uecSrc 91 starting at 0
Flow Uec_21_149 flowId 93 uecSrc 92 starting at 0
Flow Uec_59_187 flowId 94 uecSrc 93 starting at 0
Flow Uec_222_94 flowId 95 uecSrc 94 starting at 0
Flow Uec_0_128 flowId 96 uecSrc 95 starting at 0
Flow Uec_134_6 flowId 97 uecSrc 96 starting at 0
Flow Uec_229_101 flowId 98 uecSrc 97 starting at 0
Flow Uec_158_30 flowId 99 uecSrc 98 starting at 0
Flow Uec_102_230 flowId 100 uecSrc 99 starting at 0
Flow Uec_70_198 flowId 101 uecSrc 100 starting at 0
Flow Uec_8_136 flowId 102 uecSrc 101 starting at 0
Flow Uec_105_233 flowId 103 uecSrc 102 starting at 0
Flow Uec_207_79 flowId 104 uecSrc 103 starting at 0
Flow Uec_165_37 flowId 105 uecSrc 104 starting at 0
Flow Uec_197_69 flowId 106 uecSrc 105 starting at 0
Flow Uec_107_235 flowId 107 uecSrc 106 starting at 0
Flow Uec_73_201 flowId 108 uecSrc 107 starting at 0
Flow Uec_159_31 flowId 109 uecSrc 108 starting at 0
Flow Uec_142_14 flowId 110 uecSrc 109 starting at 0
Flow Uec_161_33 flowId 111 uecSrc 110 starting at 0
Flow Uec_233_105 flowId 112 uecSrc 111 starting at 0
Flow Uec_248_120 flowId 113 uecSrc 112 starting at 0
Flow Uec_86_214 flowId 114 uecSrc 113 starting at 0
Flow Uec_250_122 flowId 115 uecSrc 114 starting at 0
Flow Uec_115_243 flowId 116 uecSrc 115 starting at 0
Flow Uec_208_80 flowId 117 uecSrc 116 starting at 0
Flow Uec_76_204 flowId 118 uecSrc 117 starting at 0
Flow Uec_10_138 flowId 119 uecSrc 118 starting at 0
Flow Uec_162_34 flowId 120 uecSrc 119 starting at 0
Flow Uec_163_35 flowId 121 uecSrc 120 starting at 0
Flow Uec_2_130 flowId 122 uecSrc 121 starting at 0
Flow Uec_180_52 flowId 123 uecSrc 122 starting at 0
Flow Uec_182_54 flowId 124 uecSrc 123 starting at 0
Flow Uec_228_100 flowId 125 uecSrc 124 starting at 0
Flow Uec_39_167 flowId 126 uecSrc 125 starting at 0
Flow Uec_60_188 flowId 127 uecSrc 126 starting at 0
Flow Uec_75_203 flowId 128 uecSrc 127 starting at 0
Flow Uec_43_171 flowId 129 uecSrc 128 starting at 0
Flow Uec_37_165 flowId 130 uecSrc 129 starting at 0
Flow Uec_77_205 flowId 131 uecSrc 130 starting at 0
Flow Uec_4_132 flowId 132 uecSrc 131 starting at 0
Flow Uec_83_211 flowId 133 uecSrc 132 starting at 0
Flow Uec_139_11 flowId 134 uecSrc 133 starting at 0
Flow Uec_99_227 flowId 135 uecSrc 134 starting at 0
Flow Uec_254_126 flowId 136 uecSrc 135 starting at 0
Flow Uec_34_162 flowId 137 uecSrc 136 starting at 0
Flow Uec_91_219 flowId 138 uecSrc 137 starting at 0
Flow Uec_237_109 flowId 139 uecSrc 138 starting at 0
Flow Uec_14_142 flowId 140 uecSrc 139 starting at 0
Flow Uec_156_28 flowId 141 uecSrc 140 starting at 0
Flow Uec_234_106 flowId 142 uecSrc 141 starting at 0
Flow Uec_127_255 flowId 143 uecSrc 142 starting at 0
Flow Uec_223_95 flowId 144 uecSrc 143 starting at 0
Flow Uec_216_88 flowId 145 uecSrc 144 starting at 0
Flow Uec_47_175 flowId 146 uecSrc 145 starting at 0
Flow Uec_95_223 flowId 147 uecSrc 146 starting at 0
Flow Uec_53_181 flowId 148 uecSrc 147 starting at 0
Flow Uec_80_208 flowId 149 uecSrc 148 starting at 0
Flow Uec_6_134 flowId 150 uecSrc 149 starting at 0
Flow Uec_146_18 flowId 151 uecSrc 150 starting at 0
Flow Uec_1_129 flowId 152 uecSrc 151 starting at 0
Flow Uec_33_161 flowId 153 uecSrc 152 starting at 0
Flow Uec_168_40 flowId 154 uecSrc 153 starting at 0
134.176 flowid 71 Spurious 15
145.801 flowid 60 Spurious 53
146.848 flowid 106 Spurious 50
147.517 flowid 106 Spurious 52
147.849 flowid 106 Spurious 54
148.181 flowid 106 Spurious 55
148.518 flowid 106 Spurious 56
149.524 flowid 106 Spurious 62
149.856 flowid 106 Spurious 63
150.188 flowid 106 Spurious 64
155.828 flowid 60 Spurious 51
157.883 flowid 137 Spurious 73
158.858 flowid 137 Spurious 72
162.16 flowid 106 Spurious 66
162.824 flowid 106 Spurious 67
163.488 flowid 106 Spurious 68
164.816 flowid 106 Spurious 70
165.486 flowid 106 Spurious 71
165.818 flowid 106 Spurious 72
166.15 flowid 106 Spurious 73
166.487 flowid 106 Spurious 74
167.151 flowid 106 Spurious 76
171.963 flowid 86 Spurious 126
Flow Uec_122_250 flowId 13 uecSrc 12 finished at 175.635 total messages 1 total packets 490 RTS 0 total bytes 2002140 in_flight now 0 fair_inc 0 prop_inc 34522 fast_inc 323280 eta_inc 8344 multi_dec -0 quick_dec -0 nack_dec -0
Flow Uec_180_52 flowId 123 uecSrc 122 finished at 175.648 total messages 1 total packets 490 RTS 0 total bytes 2002140 in_flight now 0 fair_inc 0 prop_inc 44346 fast_inc 258624 eta_inc 8344 multi_dec -0 quick_dec -0 nack_dec -0
Flow Uec_72_200 flowId 45 uecSrc 44 finished at 176.167 total messages 1 total packets 490 RTS 0 total bytes 2002140 in_flight now 0 fair_inc 0 prop_inc 89392 fast_inc 28287 eta_inc 8344 multi_dec -0 quick_dec -0 nack_dec -0
Flow Uec_99_227 flowId 135 uecSrc 134 finished at 176.689 total messages 1 total packets 490 RTS 0 total bytes 2002140 in_flight now 0 fair_inc 0 prop_inc 82971 fast_inc 20205 eta_inc 8344 multi_dec -0 quick_dec -0 nack_dec -0
Flow Uec_185_57 flowId 78 uecSrc 77 finished at 177.177 total messages 1 total packets 490 RTS 0 total bytes 2002140 in_flight now 0 fair_inc 0 prop_inc 59560 fast_inc 181845 eta_inc 8344 multi_dec -0 quick_dec -0 nack_dec -0
Flow Uec_209_81 flowId 6 uecSrc 5 finished at 178.34 total messages 1 total packets 490 RTS 0 total bytes 2002140 in_flight now 0 fair_inc 0 prop_inc 54926 fast_inc 105066 eta_inc 8344 multi_dec -0 quick_dec -0 nack_dec -0
Flow Uec_183_55 flowId 36 uecSrc 35 finished at 178.927 total messages 1 total packets 490 RTS 0 total bytes 2002140 in_flight now 0 fair_inc 0 prop_inc 81126 fast_inc 0 eta_inc 8344 multi_dec -0 quick_dec -0 nack_dec -0
Flow Uec_133_5 flowId 32 uecSrc 31 finished at 179.426 total messages 1 total packets 490 RTS 0 total bytes 2002140 in_flight now 0 fair_inc 0 prop_inc 91677 fast_inc 0 eta_inc 8344 multi_dec -0 quick_dec -0 nack_dec -0
Flow Uec_120_248 flowId 27 uecSrc 26 finished at 180.967 total messages 1 total packets 490 RTS 0 total bytes 2002140 in_flight now 0 fair_inc 0 prop_inc 58220 fast_inc 16164 eta_inc 8344 multi_dec -0 quick_dec -0 nack_dec -0
Flow Uec_139_11 flowId 134 uecSrc 133 finished at 181.962 total messages 1 total packets 490 RTS 0 total bytes 2002140 in_flight now 0 fair_inc 0 prop_inc 88944 fast_inc 0 eta_inc 7748 multi_dec -0 quick_dec -0 nack_dec -0
Flow Uec_74_202 flowId 83 uecSrc 82 finished at 182.521 total messages 1 total packets 490 RTS 0 total bytes 2002140 in_flight now 0 fair_inc 0 prop_inc 37709 fast_inc 0 eta_inc 8940 multi_dec -0 quick_dec -0 nack_dec -0
Flow Uec_162_34 flowId 120 uecSrc 119 finished at 183.663 total messages 1 total packets 490 RTS 0 total bytes 2002140 in_flight now 0 fair_inc 0 prop_inc 91059 fast_inc 4041 eta_inc 8344 multi_dec -0 quick_dec -0 nack_dec -0
Flow Uec_199_71 flowId 52 uecSrc 51 finished at 185.486 total messages 1 total packets 490 RTS 0 total bytes 2002140 in_flight now 0 fair_inc 0 prop_inc 39143 fast_inc 0 eta_inc 8940 multi_dec -0 quick_dec -0 nack_dec -0
Flow Uec_57_185 flowId 53 uecSrc 52 finished at 187.017 total messages 1 total packets 490 RTS 0 total bytes 2002140 in_flight now 0 fair_inc 0 prop_inc 42017 fast_inc 0 eta_inc 8940 multi_dec -0 quick_dec -0 nack_dec -0
188.578 flowid 86 Spurious 141
Flow Uec_42_170 flowId 24 uecSrc 23 finished at 198.009 total messages 1 total packets 490 RTS 0 total bytes 2002140 in_flight now 0 fair_inc 0 prop_inc 21986 fast_inc 0 eta_inc 9536 multi_dec -0 quick_dec -0 nack_dec -0
Flow Uec_229_101 flowId 98 uecSrc 97 finished at 206.98 total messages 1 total packets 490 RTS 0 total bytes 2002140 in_flight now 0 fair_inc 3005 prop_inc 9184 fast_inc 0 eta_inc 10132 multi_dec -0 quick_dec -0 nack_dec -0
207.323 flowid 82 Spurious 186
Flow Uec_46_174 flowId 30 uecSrc 29 finished at 212.736 total messages 1 total packets 490 RTS 0 total bytes 2002140 in_flight now 0 fair_inc 3425 prop_inc 44485 fast_inc 0 eta_inc 10132 multi_dec -0 quick_dec -0 nack_dec -8300
213.247 flowid 86 Spurious 171
Flow Uec_18_146 flowId 92 uecSrc 91 finished at 213.889 total messages 1 total packets 490 RTS 0 total bytes 2002140 in_flight now 0 fair_inc 17854 prop_inc 5192 fast_inc 0 eta_inc 10132 multi_dec -0 quick_dec -0 nack_dec -16600
Flow Uec_7_135 flowId 14 uecSrc 13 finished at 214.584 total messages 1 total packets 490 RTS 0 total bytes 2002140 in_flight now 0 fair_inc 10466 prop_inc 18351 fast_inc 0 eta_inc 10132 multi_dec -0 quick_dec -0 nack_dec -0
215.64 flowid 102 Spurious 193
Flow Uec_14_142 flowId 140 uecSrc 139 finished at 215.912 total messages 1 total packets 490 RTS 0 total bytes 2002140 in_flight now 0 fair_inc 5853 prop_inc 14582 fast_inc 0 eta_inc 10132 multi_dec -0 quick_dec -0 nack_dec -8300
Flow Uec_47_175 flowId 146 uecSrc 145 finished at 223.074 total messages 1 total packets 490 RTS 0 total bytes 2002140 in_flight now 0 fair_inc 4342 prop_inc 55843 fast_inc 0 eta_inc 10728 multi_dec -85027 quick_dec -0 nack_dec -0
224.555 flowid 62 Spurious 247
228.24 flowid 129 Spurious 278
Flow Uec_246_118 flowId 25 uecSrc 24 finished at 232.434 total messages 1 total packets 490 RTS 0 total bytes 2002140 in_flight now 0 fair_inc 4195 prop_inc 49831 fast_inc 0 eta_inc 10728 multi_dec -75310 quick_dec -0 nack_dec -0
241.836 flowid 38 Spurious 277
Flow Uec_254_126 flowId 136 uecSrc 135 finished at 243.082 total messages 1 total packets 490 RTS 0 total bytes 2002140 in_flight now 0 fair_inc 5397 prop_inc 13860 fast_inc 0 eta_inc 11324 multi_dec -65145 quick_dec -0 nack_dec -0
248.183 flowid 3 Spurious 324
Flow Uec_39_167 flowId 126 uecSrc 125 finished at 248.659 total messages 1 total packets 491 RTS 1 total bytes 2002140 in_flight now 0 fair_inc 12012 prop_inc 18767 fast_inc 0 eta_inc 10728 multi_dec -0 quick_dec -0 nack_dec -4150
251.669 flowid 38 Spurious 278
Flow Uec_36_164 flowId 8 uecSrc 7 finished at 257.914 total messages 1 total packets 490 RTS 0 total bytes 2002140 in_flight now 0 fair_inc 10113 prop_inc 45359 fast_inc 0 eta_inc 11324 multi_dec -0 quick_dec -0 nack_dec -0
Flow Uec_13_141 flowId 2 uecSrc 1 finished at 260.278 total messages 1 total packets 490 RTS 0 total bytes 2002140 in_flight now 0 fair_inc 5915 prop_inc 14051 fast_inc 0 eta_inc 11920 multi_dec -3374 quick_dec -0 nack_dec -20750
263.361 flowid 130 Spurious 287
Flow Uec_28_156 flowId 86 uecSrc 85 finished at 269.218 total messages 1 total packets 494 RTS 4 total bytes 2002140 in_flight now 0 fair_inc 11205 prop_inc 25562 fast_inc 0 eta_inc 12516 multi_dec -59323 quick_dec -0 nack_dec -8300
271.588 flowid 130 Spurious 316
Flow Uec_20_148 flowId 3 uecSrc 2 finished at 271.863 total messages 1 total packets 490 RTS 0 total bytes 2002140 in_flight now 0 fair_inc 9547 prop_inc 18717 fast_inc 0 eta_inc 10728 multi_dec -0 quick_dec -0 nack_dec -4150
Flow Uec_22_150 flowId 38 uecSrc 37 finished at 272.063 total messages 1 total packets 495 RTS 5 total bytes 2002140 in_flight now 0 fair_inc 5530 prop_inc 49259 fast_inc 0 eta_inc 12516 multi_dec -0 quick_dec -0 nack_dec -0
Flow Uec_24_152 flowId 80 uecSrc 79 finished at 274.392 total messages 1 total packets 490 RTS 0 total bytes 2002140 in_flight now 0 fair_inc 8510 prop_inc 17737 fast_inc 0 eta_inc 10728 multi_dec -0 quick_dec -208471 nack_dec -4150
Flow Uec_193_65 flowId 60 uecSrc 59 finished at 274.451 total messages 1 total packets 493 RTS 3 total bytes 2002140 in_flight now 0 fair_inc 1646 prop_inc 6416 fast_inc 0 eta_inc 12516 multi_dec -0 quick_dec -0 nack_dec -8300
Flow Uec_230_102 flowId 67 uecSrc 66 finished at 278.04 total messages 1 total packets 490 RTS 0 total bytes 2002140 in_flight now 0 fair_inc 3997 prop_inc 42289 fast_inc 0 eta_inc 13112 multi_dec -74900 quick_dec -0 nack_dec -37350
Flow Uec_48_176 flowId 62 uecSrc 61 finished at 284.042 total messages 1 total packets 492 RTS 2 total bytes 2002140 in_flight now 0 fair_inc 1529 prop_inc 41132 fast_inc 0 eta_inc 11920 multi_dec -0 quick_dec -0 nack_dec -0
293.933 flowid 137 Spurious 296
Flow Uec_79_207 flowId 9 uecSrc 8 finished at 296.939 total messages 1 total packets 490 RTS 0 total bytes 2002140 in_flight now 0 fair_inc 2305 prop_inc 31108 fast_inc 0 eta_inc 14304 multi_dec -96689 quick_dec -0 nack_dec -20750
Flow Uec_197_69 flowId 106 uecSrc 105 finished at 298.418 total messages 1 total packets 492 RTS 2 total bytes 2002140 in_flight now 0 fair_inc 3723 prop_inc 25348 fast_inc 0 eta_inc 12516 multi_dec -0 quick_dec -0 nack_dec -4150
Flow Uec_37_165 flowId 130 uecSrc 129 finished at 301.391 total messages 1 total packets 493 RTS 3 total bytes 2002140 in_flight now 0 fair_inc 3483 prop_inc 45403 fast_inc 0 eta_inc 13708 multi_dec -0 quick_dec -155970 nack_dec -20750
Flow Uec_160_32 flowId 73 uecSrc 72 finished at 305.15 total messages 1 total packets 490 RTS 0 total bytes 2002140 in_flight now 0 fair_inc 8152 prop_inc 34551 fast_inc 0 eta_inc 14304 multi_dec -87628 quick_dec -0 nack_dec -33200
Flow Uec_255_127 flowId 41 uecSrc 40 finished at 305.373 total messages 1 total packets 490 RTS 0 total bytes 2002140 in_flight now 0 fair_inc 4327 prop_inc 66982 fast_inc 0 eta_inc 14304 multi_dec -112352 quick_dec -0 nack_dec -37350
Flow Uec_43_171 flowId 129 uecSrc 128 finished at 306.857 total messages 1 total packets 490 RTS 0 total bytes 2002140 in_flight now 0 fair_inc 9776 prop_inc 20297 fast_inc 0 eta_inc 11920 multi_dec -0 quick_dec -0 nack_dec -0
Flow Uec_2_130 flowId 122 uecSrc 121 finished at 309.962 total messages 1 total packets 491 RTS 1 total bytes 2002140 in_flight now 0 fair_inc 15454 prop_inc 10472 fast_inc 0 eta_inc 11324 multi_dec -0 quick_dec -0 nack_dec -4150
314.602 flowid 119 Spurious 474
316.223 flowid 119 Spurious 478
316.937 flowid 119 Spurious 481
Flow Uec_10_138 flowId 119 uecSrc 118 finished at 316.979 total messages 1 total packets 490 RTS 0 total bytes 2002140 in_flight now 0 fair_inc 2999 prop_inc 62455 fast_inc 0 eta_inc 11324 multi_dec -0 quick_dec -179376 nack_dec -12450
318.265 flowid 119 Spurious 485
320.059 flowid 119 Spurious 488
Flow Uec_184_56 flowId 40 uecSrc 39 finished at 321.738 total messages 1 total packets 490 RTS 0 total bytes 2002140 in_flight now 0 fair_inc 3883 prop_inc 28970 fast_inc 0 eta_inc 15496 multi_dec -79977 quick_dec -0 nack_dec -45650
Flow Uec_186_58 flowId 29 uecSrc 28 finished at 322.047 total messages 1 total packets 490 RTS 0 total bytes 2002140 in_flight now 0 fair_inc 2596 prop_inc 28847 fast_inc 0 eta_inc 15496 multi_dec -75410 quick_dec -0 nack_dec -53950
Flow Uec_91_219 flowId 138 uecSrc 137 finished at 323.633 total messages 1 total packets 490 RTS 0 total bytes 2002140 in_flight now 0 fair_inc 1461 prop_inc 32706 fast_inc 0 eta_inc 14900 multi_dec -78016 quick_dec -0 nack_dec -49800
Flow Uec_169_41 flowId 69 uecSrc 68 finished at 326.16 total messages 1 total packets 490 RTS 0 total bytes 2002140 in_flight now 0 fair_inc 7149 prop_inc 42737 fast_inc 0 eta_inc 15496 multi_dec -93086 quick_dec -0 nack_dec -53950
Flow Uec_33_161 flowId 153 uecSrc 152 finished at 327.12 total messages 1 total packets 494 RTS 4 total bytes 2002140 in_flight now 0 fair_inc 15138 prop_inc 30869 fast_inc 0 eta_inc 13112 multi_dec -28737 quick_dec -105921 nack_dec -8300
Flow Uec_181_53 flowId 31 uecSrc 30 finished at 327.877 total messages 1 total packets 490 RTS 0 total bytes 2002140 in_flight now 0 fair_inc 2664 prop_inc 42067 fast_inc 0 eta_inc 16092 multi_dec -109282 quick_dec -0 nack_dec -37350
Flow Uec_118_246 flowId 33 uecSrc 32 finished at 329.602 total messages 1 total packets 490 RTS 0 total bytes 2002140 in_flight now 0 fair_inc 4310 prop_inc 29997 fast_inc 0 eta_inc 15496 multi_dec -72720 quick_dec -0 nack_dec -58100
Flow Uec_103_231 flowId 81 uecSrc 80 finished at 330.427 total messages 1 total packets 490 RTS 0 total bytes 2002140 in_flight now 0 fair_inc 3996 prop_inc 45051 fast_inc 0 eta_inc 15496 multi_dec -116127 quick_dec -0 nack_dec -33200
Flow Uec_56_184 flowId 63 uecSrc 62 finished at 330.673 total messages 1 total packets 490 RTS 0 total bytes 2002140 in_flight now 0 fair_inc 2401 prop_inc 34606 fast_inc 0 eta_inc 15496 multi_dec -74193 quick_dec -0 nack_dec -58100
Flow Uec_83_211 flowId 133 uecSrc 132 finished at 331.599 total messages 1 total packets 490 RTS 0 total bytes 2002140 in_flight now 0 fair_inc 7434 prop_inc 30011 fast_inc 0 eta_inc 16092 multi_dec -100870 quick_dec -0 nack_dec -41500
Flow Uec_241_113 flowId 90 uecSrc 89 finished at 334.576 total messages 1 total packets 490 RTS 0 total bytes 2002140 in_flight now 0 fair_inc 7008 prop_inc 39011 fast_inc 0 eta_inc 16092 multi_dec -109931 quick_dec -0 nack_dec -41500
Flow Uec_190_62 flowId 74 uecSrc 73 finished at 339.211 total messages 1 total packets 490 RTS 0 total bytes 2002140 in_flight now 0 fair_inc 4545 prop_inc 38704 fast_inc 0 eta_inc 16092 multi_dec -112471 quick_dec -0 nack_dec -37350
Flow Uec_125_253 flowId 59 uecSrc 58 finished at 339.278 total messages 1 total packets 490 RTS 0 total bytes 2002140 in_flight now 0 fair_inc 4012 prop_inc 33859 fast_inc 0 eta_inc 16092 multi_dec -114570 quick_dec -0 nack_dec -33200
Flow Uec_67_195 flowId 16 uecSrc 15 finished at 339.442 total messages 1 total packets 494 RTS 4 total bytes 2002140 in_flight now 0 fair_inc 0 prop_inc 122698 fast_inc 32320 eta_inc 15496 multi_dec -0 quick_dec -0 nack_dec -4150
341.313 flowid 82 Spurious 463
Flow Uec_177_49 flowId 19 uecSrc 18 finished at 341.664 total messages 1 total packets 490 RTS 0 total bytes 2002140 in_flight now 0 fair_inc 4097 prop_inc 45056 fast_inc 2509 eta_inc 16688 multi_dec -107569 quick_dec -0 nack_dec -37350
341.998 flowid 82 Spurious 481
Flow Uec_77_205 flowId 131 uecSrc 130 finished at 342.806 total messages 1 total packets 490 RTS 0 total bytes 2002140 in_flight now 0 fair_inc 18803 prop_inc 30545 fast_inc 0 eta_inc 16092 multi_dec -82111 quick_dec -0 nack_dec -58100
Flow Uec_165_37 flowId 105 uecSrc 104 finished at 342.826 total messages 1 total packets 490 RTS 0 total bytes 2002140 in_flight now 0 fair_inc 15057 prop_inc 36291 fast_inc 0 eta_inc 15496 multi_dec -110680 quick_dec -0 nack_dec -29050
Flow Uec_187_59 flowId 7 uecSrc 6 finished at 345.3 total messages 1 total packets 490 RTS 0 total bytes 2002140 in_flight now 0 fair_inc 8925 prop_inc 46560 fast_inc 0 eta_inc 16092 multi_dec -101174 quick_dec -0 nack_dec -53950
Flow Uec_32_160 flowId 70 uecSrc 69 finished at 345.816 total messages 1 total packets 492 RTS 2 total bytes 2002140 in_flight now 0 fair_inc 18167 prop_inc 32959 fast_inc 0 eta_inc 16092 multi_dec -149732 quick_dec -0 nack_dec -0
Flow Uec_76_204 flowId 118 uecSrc 117 finished at 346.274 total messages 1 total packets 490 RTS 0 total bytes 2002140 in_flight now 0 fair_inc 7587 prop_inc 39808 fast_inc 0 eta_inc 16688 multi_dec -104160 quick_dec -0 nack_dec -45650
Flow Uec_29_157 flowId 82 uecSrc 81 finished at 346.676 total messages 1 total packets 491 RTS 1 total bytes 2002140 in_flight now 0 fair_inc 9845 prop_inc 45097 fast_inc 0 eta_inc 13112 multi_dec -10493 quick_dec -196345 nack_dec -12450
Flow Uec_138_10 flowId 77 uecSrc 76 finished at 346.786 total messages 1 total packets 490 RTS 0 total bytes 2002140 in_flight now 0 fair_inc 1854 prop_inc 59390 fast_inc 0 eta_inc 15496 multi_dec -104971 quick_dec -0 nack_dec -41500
Flow Uec_237_109 flowId 139 uecSrc 138 finished at 348.451 total messages 1 total packets 490 RTS 0 total bytes 2002140 in_flight now 0 fair_inc 1010 prop_inc 36657 fast_inc 0 eta_inc 16092 multi_dec -59676 quick_dec -0 nack_dec -83000
Flow Uec_106_234 flowId 54 uecSrc 53 finished at 349.173 total messages 1 total packets 490 RTS 0 total bytes 2002140 in_flight now 0 fair_inc 1865 prop_inc 55683 fast_inc 0 eta_inc 15496 multi_dec -98506 quick_dec -0 nack_dec -58100
Flow Uec_93_221 flowId 18 uecSrc 17 finished at 350.299 total messages 1 total packets 490 RTS 0 total bytes 2002140 in_flight now 0 fair_inc 3551 prop_inc 44698 fast_inc 62628 eta_inc 16688 multi_dec -78442 quick_dec -0 nack_dec -78850
Flow Uec_168_40 flowId 154 uecSrc 153 finished at 351.265 total messages 1 total packets 490 RTS 0 total bytes 2002140 in_flight now 0 fair_inc 3514 prop_inc 55079 fast_inc 60087 eta_inc 16688 multi_dec -114648 quick_dec -0 nack_dec -58100
Flow Uec_51_179 flowId 56 uecSrc 55 finished at 352.024 total messages 1 total packets 490 RTS 0 total bytes 2002140 in_flight now 0 fair_inc 26401 prop_inc 41687 fast_inc 0 eta_inc 16688 multi_dec -91406 quick_dec -0 nack_dec -66400
Flow Uec_11_139 flowId 22 uecSrc 21 finished at 355.936 total messages 1 total packets 494 RTS 4 total bytes 2002140 in_flight now 0 fair_inc 2636 prop_inc 83086 fast_inc 3030 eta_inc 14900 multi_dec -0 quick_dec -172204 nack_dec -8300
Flow Uec_182_54 flowId 124 uecSrc 123 finished at 360.194 total messages 1 total packets 490 RTS 0 total bytes 2002140 in_flight now 0 fair_inc 2487 prop_inc 22102 fast_inc 168180 eta_inc 17284 multi_dec -125198 quick_dec -0 nack_dec -41500
Flow Uec_242_114 flowId 17 uecSrc 16 finished at 360.317 total messages 1 total packets 490 RTS 0 total bytes 2002140 in_flight now 0 fair_inc 5560 prop_inc 38835 fast_inc 0 eta_inc 17284 multi_dec -84266 quick_dec -0 nack_dec -70550
Flow Uec_220_92 flowId 4 uecSrc 3 finished at 365.636 total messages 1 total packets 490 RTS 0 total bytes 2002140 in_flight now 0 fair_inc 7632 prop_inc 70055 fast_inc 0 eta_inc 16688 multi_dec -111706 quick_dec -0 nack_dec -53950
Flow Uec_228_100 flowId 125 uecSrc 124 finished at 368.009 total messages 1 total packets 490 RTS 0 total bytes 2002140 in_flight now 0 fair_inc 8194 prop_inc 53047 fast_inc 0 eta_inc 16688 multi_dec -78671 quick_dec -0 nack_dec -83000
Flow Uec_127_255 flowId 143 uecSrc 142 finished at 372.311 total messages 1 total packets 490 RTS 0 total bytes 2002140 in_flight now 0 fair_inc 18956 prop_inc 23252 fast_inc 0 eta_inc 17880 multi_dec -44310 quick_dec -0 nack_dec -107900
Flow Uec_8_136 flowId 102 uecSrc 101 finished at 372.667 total messages 1 total packets 494 RTS 4 total bytes 2002140 in_flight now 0 fair_inc 12792 prop_inc 24368 fast_inc 1010 eta_inc 13708 multi_dec -333 quick_dec -184212 nack_dec -33200
Flow Uec_34_162 flowId 137 uecSrc 136 finished at 374.008 total messages 1 total packets 496 RTS 6 total bytes 2002140 in_flight now 0 fair_inc 14885 prop_inc 22813 fast_inc 0 eta_inc 16092 multi_dec -1351 quick_dec -0 nack_dec -0
Flow Uec_231_103 flowId 89 uecSrc 88 finished at 382.594 total messages 1 total packets 490 RTS 0 total bytes 2002140 in_flight now 0 fair_inc 9469 prop_inc 67484 fast_inc 0 eta_inc 16688 multi_dec -154329 quick_dec -0 nack_dec -29050
391.607 flowid 93 Spurious 379
Flow Uec_234_106 flowId 142 uecSrc 141 finished at 393.284 total messages 1 total packets 490 RTS 0 total bytes 2002140 in_flight now 0 fair_inc 6579 prop_inc 66214 fast_inc 0 eta_inc 16688 multi_dec -149597 quick_dec -0 nack_dec -33200
Flow Uec_134_6 flowId 97 uecSrc 96 finished at 396.204 total messages 1 total packets 491 RTS 1 total bytes 2002140 in_flight now 0 fair_inc 5337 prop_inc 30200 fast_inc 0 eta_inc 17880 multi_dec -429 quick_dec -0 nack_dec -120350
Flow Uec_21_149 flowId 93 uecSrc 92 finished at 396.789 total messages 1 total packets 500 RTS 10 total bytes 2002140 in_flight now -64 fair_inc 16246 prop_inc 60872 fast_inc 0 eta_inc 17880 multi_dec -0 quick_dec -0 nack_dec -8300
Flow Uec_129_1 flowId 10 uecSrc 9 finished at 405.104 total messages 1 total packets 491 RTS 1 total bytes 2002140 in_flight now 0 fair_inc 13797 prop_inc 12939 fast_inc 0 eta_inc 18476 multi_dec -29112 quick_dec -0 nack_dec -99600
Flow Uec_3_131 flowId 87 uecSrc 86 finished at 407.902 total messages 1 total packets 492 RTS 2 total bytes 2002140 in_flight now 0 fair_inc 20972 prop_inc 76562 fast_inc 63639 eta_inc 17880 multi_dec -181463 quick_dec -0 nack_dec -20750
Flow Uec_1_129 flowId 152 uecSrc 151 finished at 422.082 total messages 1 total packets 497 RTS 7 total bytes 2002140 in_flight now -64 fair_inc 4036 prop_inc 71664 fast_inc 6060 eta_inc 17284 multi_dec -0 quick_dec -146500 nack_dec -20750
Flow Uec_198_70 flowId 57 uecSrc 56 finished at 429.809 total messages 1 total packets 490 RTS 0 total bytes 2002140 in_flight now 0 fair_inc 27891 prop_inc 16253 fast_inc 0 eta_inc 20264 multi_dec -65035 quick_dec -0 nack_dec -120350
431.55 flowid 132 Spurious 487
437.048 flowid 132 Spurious 491
Flow Uec_4_132 flowId 132 uecSrc 131 finished at 437.283 total messages 1 total packets 499 RTS 9 total bytes 2002140 in_flight now 0 fair_inc 4690 prop_inc 77947 fast_inc 4040 eta_inc 18476 multi_dec -0 quick_dec -130854 nack_dec -16600
Flow Uec_224_96 flowId 49 uecSrc 48 finished at 442.918 total messages 1 total packets 490 RTS 0 total bytes 2002140 in_flight now 0 fair_inc 22344 prop_inc 19859 fast_inc 0 eta_inc 20860 multi_dec -45062 quick_dec -0 nack_dec -132800
Flow Uec_243_115 flowId 26 uecSrc 25 finished at 443.936 total messages 1 total packets 490 RTS 0 total bytes 2002140 in_flight now 0 fair_inc 34853 prop_inc 121885 fast_inc 0 eta_inc 19072 multi_dec -200003 quick_dec -0 nack_dec -45650
Flow Uec_144_16 flowId 21 uecSrc 20 finished at 447.414 total messages 1 total packets 490 RTS 0 total bytes 2002140 in_flight now 0 fair_inc 36637 prop_inc 51836 fast_inc 0 eta_inc 20264 multi_dec -105595 quick_dec -0 nack_dec -87150
461.909 flowid 5 Spurious 486
462.241 flowid 5 Spurious 487
462.573 flowid 5 Spurious 488
462.734 flowid 5 Spurious 489
Flow Uec_244_116 flowId 20 uecSrc 19 finished at 465.271 total messages 1 total packets 490 RTS 0 total bytes 2002140 in_flight now 0 fair_inc 16380 prop_inc 26658 fast_inc 0 eta_inc 21456 multi_dec -10440 quick_dec -0 nack_dec -149400
Flow Uec_136_8 flowId 5 uecSrc 4 finished at 467.267 total messages 1 total packets 490 RTS 0 total bytes 2002140 in_flight now 0 fair_inc 1799 prop_inc 49906 fast_inc 0 eta_inc 16092 multi_dec -113021 quick_dec -0 nack_dec -41500
Flow Uec_102_230 flowId 100 uecSrc 99 finished at 474.057 total messages 1 total packets 490 RTS 0 total bytes 2002140 in_flight now 0 fair_inc 15053 prop_inc 12684 fast_inc 0 eta_inc 22052 multi_dec -69874 quick_dec -0 nack_dec -95450
Flow Uec_210_82 flowId 50 uecSrc 49 finished at 480.801 total messages 1 total packets 490 RTS 0 total bytes 2002140 in_flight now 0 fair_inc 34946 prop_inc 34960 fast_inc 0 eta_inc 22052 multi_dec -106531 quick_dec -0 nack_dec -74700
Flow Uec_215_87 flowId 75 uecSrc 74 finished at 483.516 total messages 1 total packets 490 RTS 0 total bytes 2002140 in_flight now 0 fair_inc 18931 prop_inc 41072 fast_inc 0 eta_inc 22648 multi_dec -91996 quick_dec -0 nack_dec -95450
Flow Uec_112_240 flowId 28 uecSrc 27 finished at 490.951 total messages 1 total packets 490 RTS 0 total bytes 2002140 in_flight now 0 fair_inc 31362 prop_inc 17234 fast_inc 0 eta_inc 23244 multi_dec -75210 quick_dec -0 nack_dec -107900
Flow Uec_123_251 flowId 47 uecSrc 46 finished at 500.821 total messages 1 total packets 490 RTS 0 total bytes 2002140 in_flight now 0 fair_inc 14605 prop_inc 64360 fast_inc 0 eta_inc 23244 multi_dec -93116 quick_dec -0 nack_dec -99600
Flow Uec_158_30 flowId 99 uecSrc 98 finished at 501.902 total messages 1 total packets 490 RTS 0 total bytes 2002140 in_flight now 0 fair_inc 25616 prop_inc 13801 fast_inc 0 eta_inc 23244 multi_dec -49035 quick_dec -0 nack_dec -132800
Flow Uec_119_247 flowId 55 uecSrc 54 finished at 504.965 total messages 1 total packets 490 RTS 0 total bytes 2002140 in_flight now 0 fair_inc 20314 prop_inc 59387 fast_inc 0 eta_inc 23244 multi_dec -119099 quick_dec -0 nack_dec -78850
Flow Uec_204_76 flowId 64 uecSrc 63 finished at 510.016 total messages 1 total packets 490 RTS 0 total bytes 2002140 in_flight now 0 fair_inc 20995 prop_inc 5276 fast_inc 0 eta_inc 23244 multi_dec -25264 quick_dec -0 nack_dec -149400
Flow Uec_59_187 flowId 94 uecSrc 93 finished at 516.979 total messages 1 total packets 490 RTS 0 total bytes 2002140 in_flight now 0 fair_inc 22296 prop_inc 21126 fast_inc 0 eta_inc 23840 multi_dec -37186 quick_dec -0 nack_dec -149400
Flow Uec_105_233 flowId 103 uecSrc 102 finished at 520.349 total messages 1 total packets 490 RTS 0 total bytes 2002140 in_flight now 0 fair_inc 21088 prop_inc 37284 fast_inc 0 eta_inc 24436 multi_dec -101289 quick_dec -0 nack_dec -99600
Flow Uec_216_88 flowId 145 uecSrc 144 finished at 520.693 total messages 1 total packets 490 RTS 0 total bytes 2002140 in_flight now 0 fair_inc 10814 prop_inc 63495 fast_inc 0 eta_inc 23840 multi_dec -82469 quick_dec -0 nack_dec -107900
Flow Uec_55_183 flowId 85 uecSrc 84 finished at 524.947 total messages 1 total packets 490 RTS 0 total bytes 2002140 in_flight now 0 fair_inc 14396 prop_inc 21500 fast_inc 0 eta_inc 24436 multi_dec -66245 quick_dec -0 nack_dec -112050
Flow Uec_233_105 flowId 112 uecSrc 111 finished at 527.859 total messages 1 total packets 490 RTS 0 total bytes 2002140 in_flight now 0 fair_inc 31314 prop_inc 45898 fast_inc 0 eta_inc 23840 multi_dec -96008 quick_dec -0 nack_dec -103750
Flow Uec_80_208 flowId 149 uecSrc 148 finished at 528.957 total messages 1 total packets 490 RTS 0 total bytes 2002140 in_flight now 0 fair_inc 33295 prop_inc 5266 fast_inc 0 eta_inc 24436 multi_dec -49205 quick_dec -0 nack_dec -153550
Flow Uec_212_84 flowId 79 uecSrc 78 finished at 529.87 total messages 1 total packets 490 RTS 0 total bytes 2002140 in_flight now 0 fair_inc 34119 prop_inc 61804 fast_inc 0 eta_inc 19072 multi_dec -124493 quick_dec -0 nack_dec -78850
Flow Uec_200_72 flowId 23 uecSrc 22 finished at 530.932 total messages 1 total packets 490 RTS 0 total bytes 2002140 in_flight now 0 fair_inc 9182 prop_inc 16450 fast_inc 0 eta_inc 24436 multi_dec -352 quick_dec -0 nack_dec -161850
Flow Uec_250_122 flowId 115 uecSrc 114 finished at 531.96 total messages 1 total packets 490 RTS 0 total bytes 2002140 in_flight now 0 fair_inc 18689 prop_inc 26353 fast_inc 0 eta_inc 24436 multi_dec -128403 quick_dec -0 nack_dec -78850
Flow Uec_248_120 flowId 113 uecSrc 112 finished at 540.421 total messages 1 total packets 490 RTS 0 total bytes 2002140 in_flight now 0 fair_inc 37545 prop_inc 21997 fast_inc 0 eta_inc 25032 multi_dec -92933 quick_dec -0 nack_dec -107900
Flow Uec_115_243 flowId 116 uecSrc 115 finished at 543.742 total messages 1 total packets 490 RTS 0 total bytes 2002140 in_flight now 0 fair_inc 32423 prop_inc 6847 fast_inc 0 eta_inc 25032 multi_dec -91940 quick_dec -0 nack_dec -112050
Flow Uec_166_38 flowId 48 uecSrc 47 finished at 549.611 total messages 1 total packets 491 RTS 1 total bytes 2002140 in_flight now 0 fair_inc 34558 prop_inc 5182 fast_inc 0 eta_inc 25032 multi_dec -76432 quick_dec -0 nack_dec -132800
Flow Uec_140_12 flowId 12 uecSrc 11 finished at 552.392 total messages 1 total packets 490 RTS 0 total bytes 2002140 in_flight now 0 fair_inc 1890 prop_inc 111768 fast_inc 13133 eta_inc 24436 multi_dec -155394 quick_dec -0 nack_dec -66400
Flow Uec_245_117 flowId 91 uecSrc 90 finished at 553.927 total messages 1 total packets 490 RTS 0 total bytes 2002140 in_flight now 0 fair_inc 48343 prop_inc 29641 fast_inc 0 eta_inc 26224 multi_dec -142177 quick_dec -0 nack_dec -99600
Flow Uec_60_188 flowId 127 uecSrc 126 finished at 561.996 total messages 1 total packets 490 RTS 0 total bytes 2002140 in_flight now 0 fair_inc 31885 prop_inc 45354 fast_inc 0 eta_inc 26224 multi_dec -76049 quick_dec -0 nack_dec -136950
Flow Uec_0_128 flowId 96 uecSrc 95 finished at 571.467 total messages 1 total packets 506 RTS 16 total bytes 2002140 in_flight now -64 fair_inc 2919 prop_inc 116808 fast_inc 0 eta_inc 23840 multi_dec -0 quick_dec -114000 nack_dec -16600
Flow Uec_232_104 flowId 88 uecSrc 87 finished at 577.584 total messages 1 total packets 490 RTS 0 total bytes 2002140 in_flight now 0 fair_inc 24364 prop_inc 78716 fast_inc 0 eta_inc 22052 multi_dec -94242 quick_dec -0 nack_dec -112050
Flow Uec_142_14 flowId 110 uecSrc 109 finished at 577.815 total messages 1 total packets 490 RTS 0 total bytes 2002140 in_flight now 0 fair_inc 32561 prop_inc 36146 fast_inc 0 eta_inc 26224 multi_dec -73445 quick_dec -0 nack_dec -124500
Flow Uec_84_212 flowId 68 uecSrc 67 finished at 588.013 total messages 1 total packets 490 RTS 0 total bytes 2002140 in_flight now 0 fair_inc 22397 prop_inc 19335 fast_inc 0 eta_inc 26224 multi_dec -18349 quick_dec -0 nack_dec -170150
Flow Uec_100_228 flowId 44 uecSrc 43 finished at 608.311 total messages 1 total packets 490 RTS 0 total bytes 2002140 in_flight now 0 fair_inc 13145 prop_inc 28938 fast_inc 0 eta_inc 26820 multi_dec -28983 quick_dec -0 nack_dec -166000
Flow Uec_146_18 flowId 151 uecSrc 150 finished at 608.757 total messages 1 total packets 490 RTS 0 total bytes 2002140 in_flight now 0 fair_inc 39851 prop_inc 41290 fast_inc 0 eta_inc 26820 multi_dec -59829 quick_dec -0 nack_dec -145250
Flow Uec_218_90 flowId 37 uecSrc 36 finished at 620.965 total messages 1 total packets 490 RTS 0 total bytes 2002140 in_flight now 0 fair_inc 50313 prop_inc 64181 fast_inc 4041 eta_inc 29204 multi_dec -137293 quick_dec -0 nack_dec -107900
Flow Uec_219_91 flowId 66 uecSrc 65 finished at 623.692 total messages 1 total packets 490 RTS 0 total bytes 2002140 in_flight now 0 fair_inc 24644 prop_inc 7906 fast_inc 0 eta_inc 26820 multi_dec -40698 quick_dec -0 nack_dec -157700
Flow Uec_96_224 flowId 72 uecSrc 71 finished at 648.831 total messages 1 total packets 490 RTS 0 total bytes 2002140 in_flight now 0 fair_inc 35350 prop_inc 51467 fast_inc 0 eta_inc 28608 multi_dec -115893 quick_dec -0 nack_dec -107900
Flow Uec_6_134 flowId 150 uecSrc 149 finished at 650.775 total messages 1 total packets 513 RTS 23 total bytes 2002140 in_flight now -64 fair_inc 14215 prop_inc 85671 fast_inc 0 eta_inc 27416 multi_dec -0 quick_dec -47625 nack_dec -24900
Flow Uec_172_44 flowId 61 uecSrc 60 finished at 654.684 total messages 1 total packets 491 RTS 1 total bytes 2002140 in_flight now 0 fair_inc 44025 prop_inc 9551 fast_inc 0 eta_inc 28608 multi_dec -55880 quick_dec -0 nack_dec -157700
Flow Uec_108_236 flowId 51 uecSrc 50 finished at 664.711 total messages 1 total packets 490 RTS 0 total bytes 2002140 in_flight now 0 fair_inc 29783 prop_inc 58940 fast_inc 0 eta_inc 23244 multi_dec -101185 quick_dec -0 nack_dec -116200
Flow Uec_107_235 flowId 107 uecSrc 106 finished at 675.733 total messages 1 total packets 490 RTS 0 total bytes 2002140 in_flight now 0 fair_inc 23199 prop_inc 59497 fast_inc 0 eta_inc 28012 multi_dec -83879 quick_dec -0 nack_dec -141100
Flow Uec_92_220 flowId 39 uecSrc 38 finished at 682.992 total messages 1 total packets 490 RTS 0 total bytes 2002140 in_flight now 0 fair_inc 23956 prop_inc 69398 fast_inc 32817 eta_inc 27416 multi_dec -119966 quick_dec -0 nack_dec -103750
Flow Uec_147_19 flowId 65 uecSrc 64 finished at 687.651 total messages 1 total packets 490 RTS 0 total bytes 2002140 in_flight now 0 fair_inc 48987 prop_inc 26181 fast_inc 0 eta_inc 20860 multi_dec -31614 quick_dec -32336 nack_dec -161850
Flow Uec_222_94 flowId 95 uecSrc 94 finished at 700.309 total messages 1 total packets 490 RTS 0 total bytes 2002140 in_flight now 0 fair_inc 18737 prop_inc 62883 fast_inc 166168 eta_inc 27416 multi_dec -116807 quick_dec -5458 nack_dec -116200
Flow Uec_170_42 flowId 1 uecSrc 0 finished at 722.064 total messages 1 total packets 490 RTS 0 total bytes 2002140 in_flight now 0 fair_inc 19653 prop_inc 5586 fast_inc 0 eta_inc 30992 multi_dec -42204 quick_dec -0 nack_dec -153550
Flow Uec_141_13 flowId 43 uecSrc 42 finished at 725.377 total messages 1 total packets 491 RTS 1 total bytes 2002140 in_flight now 0 fair_inc 9971 prop_inc 106702 fast_inc 0 eta_inc 30396 multi_dec -86746 quick_dec -0 nack_dec -132800
Flow Uec_53_181 flowId 148 uecSrc 147 finished at 725.894 total messages 1 total packets 490 RTS 0 total bytes 2002140 in_flight now 0 fair_inc 20366 prop_inc 27731 fast_inc 359126 eta_inc 26224 multi_dec -120721 quick_dec -18372 nack_dec -120350
Flow Uec_153_25 flowId 15 uecSrc 14 finished at 742.825 total messages 1 total packets 492 RTS 2 total bytes 2002140 in_flight now 0 fair_inc 22426 prop_inc 20464 fast_inc 0 eta_inc 25032 multi_dec -92913 quick_dec -0 nack_dec -99600
Flow Uec_207_79 flowId 104 uecSrc 103 finished at 748.726 total messages 1 total packets 490 RTS 0 total bytes 2002140 in_flight now 0 fair_inc 27037 prop_inc 24126 fast_inc 0 eta_inc 32184 multi_dec -84961 quick_dec -0 nack_dec -141100
Flow Uec_86_214 flowId 114 uecSrc 113 finished at 761.204 total messages 1 total packets 490 RTS 0 total bytes 2002140 in_flight now 0 fair_inc 44205 prop_inc 1497 fast_inc 0 eta_inc 32780 multi_dec -63065 quick_dec -0 nack_dec -178450
Flow Uec_154_26 flowId 46 uecSrc 45 finished at 766.558 total messages 1 total packets 490 RTS 0 total bytes 2002140 in_flight now 0 fair_inc 61081 prop_inc 26387 fast_inc 0 eta_inc 22648 multi_dec -1208 quick_dec -16947 nack_dec -178450
Flow Uec_149_21 flowId 71 uecSrc 70 finished at 788.74 total messages 1 total packets 491 RTS 1 total bytes 2002140 in_flight now 0 fair_inc 56168 prop_inc 38101 fast_inc 0 eta_inc 32184 multi_dec -114693 quick_dec -0 nack_dec -112050
Flow Uec_208_80 flowId 117 uecSrc 116 finished at 812.826 total messages 1 total packets 490 RTS 0 total bytes 2002140 in_flight now 0 fair_inc 38361 prop_inc 32489 fast_inc 0 eta_inc 28012 multi_dec -116599 quick_dec -0 nack_dec -120350
Flow Uec_150_22 flowId 42 uecSrc 41 finished at 823.494 total messages 1 total packets 492 RTS 2 total bytes 2002140 in_flight now 0 fair_inc 31213 prop_inc 45750 fast_inc 0 eta_inc 28012 multi_dec -77363 quick_dec -0 nack_dec -136950
Flow Uec_152_24 flowId 84 uecSrc 83 finished at 832.524 total messages 1 total packets 490 RTS 0 total bytes 2002140 in_flight now 0 fair_inc 37777 prop_inc 64275 fast_inc 0 eta_inc 29204 multi_dec -119718 quick_dec -0 nack_dec -128650
Flow Uec_201_73 flowId 11 uecSrc 10 finished at 837.54 total messages 1 total packets 490 RTS 0 total bytes 2002140 in_flight now 0 fair_inc 30052 prop_inc 33904 fast_inc 0 eta_inc 26224 multi_dec -30110 quick_dec -12549 nack_dec -182600
Flow Uec_223_95 flowId 144 uecSrc 143 finished at 841.244 total messages 1 total packets 490 RTS 0 total bytes 2002140 in_flight now 0 fair_inc 58833 prop_inc 36789 fast_inc 0 eta_inc 36952 multi_dec -114218 quick_dec -0 nack_dec -149400
Flow Uec_148_20 flowId 58 uecSrc 57 finished at 868.675 total messages 1 total packets 491 RTS 1 total bytes 2002140 in_flight now 0 fair_inc 37012 prop_inc 93256 fast_inc 0 eta_inc 30396 multi_dec -128037 quick_dec -6018 nack_dec -112050
Flow Uec_159_31 flowId 109 uecSrc 108 finished at 874.109 total messages 1 total packets 491 RTS 1 total bytes 2002140 in_flight now 0 fair_inc 74052 prop_inc 12247 fast_inc 0 eta_inc 28012 multi_dec -91584 quick_dec -0 nack_dec -170150
Flow Uec_70_198 flowId 101 uecSrc 100 finished at 879.62 total messages 1 total packets 490 RTS 0 total bytes 2002140 in_flight now 0 fair_inc 50915 prop_inc 6502 fast_inc 0 eta_inc 36356 multi_dec -49727 quick_dec -54893 nack_dec -170150
Flow Uec_171_43 flowId 76 uecSrc 75 finished at 879.753 total messages 1 total packets 491 RTS 1 total bytes 2002140 in_flight now 0 fair_inc 75495 prop_inc 11412 fast_inc 0 eta_inc 29204 multi_dec -139199 quick_dec -0 nack_dec -145250
Flow Uec_156_28 flowId 141 uecSrc 140 finished at 894.256 total messages 1 total packets 490 RTS 0 total bytes 2002140 in_flight now 0 fair_inc 69722 prop_inc 17352 fast_inc 0 eta_inc 35164 multi_dec -62731 quick_dec -29397 nack_dec -174300
Flow Uec_161_33 flowId 111 uecSrc 110 finished at 996.376 total messages 1 total packets 492 RTS 2 total bytes 2002140 in_flight now 0 fair_inc 53771 prop_inc 64379 fast_inc 0 eta_inc 34568 multi_dec -97199 quick_dec -14904 nack_dec -149400
Flow Uec_97_225 flowId 35 uecSrc 34 finished at 1010.26 total messages 1 total packets 490 RTS 0 total bytes 2002140 in_flight now 0 fair_inc 74982 prop_inc 5917 fast_inc 0 eta_inc 32184 multi_dec -120724 quick_dec -1503 nack_dec -141100
Flow Uec_163_35 flowId 121 uecSrc 120 finished at 1011.21 total messages 1 total packets 490 RTS 0 total bytes 2002140 in_flight now 0 fair_inc 54448 prop_inc 73334 fast_inc 0 eta_inc 36952 multi_dec -115047 quick_dec -16153 nack_dec -149400
Flow Uec_95_223 flowId 147 uecSrc 146 finished at 1103.04 total messages 1 total packets 490 RTS 0 total bytes 2002140 in_flight now 0 fair_inc 41156 prop_inc 14220 fast_inc 0 eta_inc 35164 multi_dec -96101 quick_dec -12133 nack_dec -149400
Flow Uec_71_199 flowId 34 uecSrc 33 finished at 1106.19 total messages 1 total packets 490 RTS 0 total bytes 2002140 in_flight now 0 fair_inc 26345 prop_inc 19203 fast_inc 0 eta_inc 36356 multi_dec -23429 quick_dec -50659 nack_dec -166000
Flow Uec_75_203 flowId 128 uecSrc 127 finished at 1154.03 total messages 1 total packets 490 RTS 0 total bytes 2002140 in_flight now 0 fair_inc 59752 prop_inc 37509 fast_inc 0 eta_inc 36952 multi_dec -59076 quick_dec -50734 nack_dec -153550
Flow Uec_73_201 flowId 108 uecSrc 107 finished at 1184.44 total messages 1 total packets 490 RTS 0 total bytes 2002140 in_flight now 0 fair_inc 42853 prop_inc 51289 fast_inc 25743 eta_inc 36356 multi_dec -56117 quick_dec -70933 nack_dec -161850
.Done
New: 75460 Rtx: 3180 RTS: 128 Bounced: 0 ACKs: 56934 NACKs: 2626 Pulls: 0 sleek_pkts: 0
