traffic matrix input file: connection_matrices/load_sweep/load0.75_n256_seed4.cm
Load balancing algorithm set to reps
no_of_nodes 256
Dragonfly+ strategy: FPAR
Setting queuesize to 50 packets
endtime(us) 100000
random seed 4
Packet size (MTU) is 4150
Parsed args
Logging to reps_dfp_results/reps_final_sweep/load0.75_reps_seed4.dat
Loading connection matrix from connection_matrices/load_sweep/load0.75_n256_seed4.cm
Nodes: 256 Connections: 192 Triggers: 0 Failures: 0
Setting ECN low 33200 high 120350
Dragonfly+ with medium topology type
Link latencies: 1 and switch latencies: 0
queue_id 2 ecn_low 33200 ecn_high 120350
DragonFly+ constructor done, 392 nodes created
Note: topology supports 392 hosts; 136 host port(s) will be unused.
network_max_unloaded_rtt 11.6856 us
Setting min RTO to 114.6
Per-hop RTT normalization: ON (strategy fpar)
Initializing static NSCC parameters: _reference_network_linkspeed=100000000000 _reference_network_rtt=12000000 _reference_network_bdp=150000 _target_Qdelay=8764200 _network_linkspeed=100000000000 _network_rtt=11685600 _network_bdp=146070 _qa_gate=2^3 _qa_threshold=3.50568e+07 _scaling_factor_a=0.9738 _scaling_factor_b=0.73035 _alpha=0.00132632 _fi=19894.7 _eta=596.842 _qa_scaling=1 _gamma=0.8 _fi_scale=0.24345 _delay_alpha=0.0125 _adjust_period_threshold=11685600 _adjust_bytes_threshold=33200
Initialize per-instance NSCC parameters: flowid 1 _base_rtt=11685600 _base_bdp=146070 _bdp=146070 _min_cwnd=4150 _maxwnd=219105 _cwnd=219105
Initialize per-instance NSCC parameters: flowid 2 _base_rtt=11685600 _base_bdp=146070 _bdp=146070 _min_cwnd=4150 _maxwnd=219105 _cwnd=219105
Initialize per-instance NSCC parameters: flowid 3 _base_rtt=11685600 _base_bdp=146070 _bdp=146070 _min_cwnd=4150 _maxwnd=219105 _cwnd=219105
Initialize per-instance NSCC parameters: flowid 4 _base_rtt=11685600 _base_bdp=146070 _bdp=146070 _min_cwnd=4150 _maxwnd=219105 _cwnd=219105
Initialize per-instance NSCC parameters: flowid 5 _base_rtt=11685600 _base_bdp=146070 _bdp=146070 _min_cwnd=4150 _maxwnd=219105 _cwnd=219105
Initialize per-instance NSCC parameters: flowid 6 _base_rtt=11685600 _base_bdp=146070 _bdp=146070 _min_cwnd=4150 _maxwnd=219105 _cwnd=219105
Initialize per-instance NSCC parameters: flowid 7 _base_rtt=11685600 _base_bdp=146070 _bdp=146070 _min_cwnd=4150 _maxwnd=219105 _cwnd=219105
Initialize per-instance NSCC parameters: flowid 8 _base_rtt=11685600 _base_bdp=146070 _bdp=146070 _min_cwnd=4150 _maxwnd=219105 _cwnd=219105
Initialize per-instance NSCC parameters: flowid 9 _base_rtt=11685600 _base_bdp=146070 _bdp=146070 _min_cwnd=4150 _maxwnd=219105 _cwnd=219105
Initialize per-instance NSCC parameters: flowid 10 _base_rtt=11685600 _base_bdp=146070 _bdp=146070 _min_cwnd=4150 _maxwnd=219105 _cwnd=219105
Initialize per-instance NSCC parameters: flowid 11 _base_rtt=11685600 _base_bdp=146070 _bdp=146070 _min_cwnd=4150 _maxwnd=219105 _cwnd=219105
Initialize per-instance NSCC parameters: flowid 12 _base_rtt=11685600 _base_bdp=146070 _bdp=146070 _min_cwnd=4150 _maxwnd=219105 _cwnd=219105
Initialize per-instance NSCC parameters: flowid 13 _base_rtt=11685600 _base_bdp=146070 _bdp=146070 _min_cwnd=4150 _maxwnd=219105 _cwnd=219105
Initialize per-instance NSCC parameters: flowid 14 _base_rtt=11685600 _base_bdp=146070 _bdp=146070 _min_cwnd=4150 _maxwnd=219105 _cwnd=219105
Initialize per-instance NSCC parameters: flowid 15 _base_rtt=11685600 _base_bdp=146070 _bdp=146070 _min_cwnd=4150 _maxwnd=219105 _cwnd=219105
Initialize per-instance NSCC parameters: flowid 16 _base_rtt=11685600 _base_bdp=146070 _bdp=146070 _min_cwnd=4150 _maxwnd=219105 _cwnd=219105
Initialize per-instance NSCC parameters: flowid 17 _base_rtt=11685600 _base_bdp=146070 _bdp=146070 _min_cwnd=4150 _maxwnd=219105 _cwnd=219105
Initialize per-instance NSCC parameters: flowid 18 _base_rtt=11685600 _base_bdp=146070 _bdp=146070 _min_cwnd=4150 _maxwnd=219105 _cwnd=219105
Initialize per-instance NSCC parameters: flowid 19 _base_rtt=11685600 _base_bdp=146070 _bdp=146070 _min_cwnd=4150 _maxwnd=219105 _cwnd=219105
Initialize per-instance NSCC parameters: flowid 20 _base_rtt=11685600 _base_bdp=146070 _bdp=146070 _min_cwnd=4150 _maxwnd=219105 _cwnd=219105
Initialize per-instance NSCC parameters: flowid 21 _base_rtt=11685600 _base_bdp=146070 _bdp=146070 _min_cwnd=4150 _maxwnd=219105 _cwnd=219105
Initialize per-instance NSCC parameters: flowid 22 _base_rtt=11685600 _base_bdp=146070 _bdp=146070 _min_cwnd=4150 _maxwnd=219105 _cwnd=219105
Initialize per-instance NSCC parameters: flowid 23 _base_rtt=11685600 _base_bdp=146070 _bdp=146070 _min_cwnd=4150 _maxwnd=219105 _cwnd=219105
Initialize per-instance NSCC parameters: flowid 24 _base_rtt=11685600 _base_bdp=146070 _bdp=146070 _min_cwnd=4150 _maxwnd=219105 _cwnd=219105
Initialize per-instance NSCC parameters: flowid 25 _base_rtt=11685600 _base_bdp=146070 _bdp=146070 _min_cwnd=4150 _maxwnd=219105 _cwnd=219105
Initialize per-instance NSCC parameters: flowid 26 _base_rtt=11685600 _base_bdp=146070 _bdp=146070 _min_cwnd=4150 _maxwnd=219105 _cwnd=219105
Initialize per-instance NSCC parameters: flowid 27 _base_rtt=11685600 _base_bdp=146070 _bdp=146070 _min_cwnd=4150 _maxwnd=219105 _cwnd=219105
Initialize per-instance NSCC parameters: flowid 28 _base_rtt=11685600 _base_bdp=146070 _bdp=146070 _min_cwnd=4150 _maxwnd=219105 _cwnd=219105
Initialize per-instance NSCC parameters: flowid 29 _base_rtt=11685600 _base_bdp=146070 _bdp=146070 _min_cwnd=4150 _maxwnd=219105 _cwnd=219105
Initialize per-instance NSCC parameters: flowid 30 _base_rtt=11685600 _base_bdp=146070 _bdp=146070 _min_cwnd=4150 _maxwnd=219105 _cwnd=219105
Initialize per-instance NSCC parameters: flowid 31 _base_rtt=11685600 _base_bdp=146070 _bdp=146070 _min_cwnd=4150 _maxwnd=219105 _cwnd=219105
Initialize per-instance NSCC parameters: flowid 32 _base_rtt=11685600 _base_bdp=146070 _bdp=146070 _min_cwnd=4150 _maxwnd=219105 _cwnd=219105
Initialize per-instance NSCC parameters: flowid 33 _base_rtt=11685600 _base_bdp=146070 _bdp=146070 _min_cwnd=4150 _maxwnd=219105 _cwnd=219105
Initialize per-instance NSCC parameters: flowid 34 _base_rtt=11685600 _base_bdp=146070 _bdp=146070 _min_cwnd=4150 _maxwnd=219105 _cwnd=219105
Initialize per-instance NSCC parameters: flowid 35 _base_rtt=11685600 _base_bdp=146070 _bdp=146070 _min_cwnd=4150 _maxwnd=219105 _cwnd=219105
Initialize per-instance NSCC parameters: flowid 36 _base_rtt=11685600 _base_bdp=146070 _bdp=146070 _min_cwnd=4150 _maxwnd=219105 _cwnd=219105
Initialize per-instance NSCC parameters: flowid 37 _base_rtt=11685600 _base_bdp=146070 _bdp=146070 _min_cwnd=4150 _maxwnd=219105 _cwnd=219105
Initialize per-instance NSCC parameters: flowid 38 _base_rtt=11685600 _base_bdp=146070 _bdp=146070 _min_cwnd=4150 _maxwnd=219105 _cwnd=219105
Initialize per-instance NSCC parameters: flowid 39 _base_rtt=11685600 _base_bdp=146070 _bdp=146070 _min_cwnd=4150 _maxwnd=219105 _cwnd=219105
Initialize per-instance NSCC parameters: flowid 40 _base_rtt=11685600 _base_bdp=146070 _bdp=146070 _min_cwnd=4150 _maxwnd=219105 _cwnd=219105
Initialize per-instance NSCC parameters: flowid 41 _base_rtt=11685600 _base_bdp=146070 _bdp=146070 _min_cwnd=4150 _maxwnd=219105 _cwnd=219105
Initialize per-instance NSCC parameters: flowid 42 _base_rtt=11685600 _base_bdp=146070 _bdp=146070 _min_cwnd=4150 _maxwnd=219105 _cwnd=219105
Initialize per-instance NSCC parameters: flowid 43 _base_rtt=11685600 _base_bdp=146070 _bdp=146070 _min_cwnd=4150 _maxwnd=219105 _cwnd=219105
Initialize per-instance NSCC parameters: flowid 44 _base_rtt=11685600 _base_bdp=146070 _bdp=146070 _min_cwnd=4150 _maxwnd=219105 _cwnd=219105
Initialize per-instance NSCC parameters: flowid 45 _base_rtt=11685600 _base_bdp=146070 _bdp=146070 _min_cwnd=4150 _maxwnd=219105 _cwnd=219105
Initialize per-instance NSCC parameters: flowid 46 _base_rtt=11685600 _base_bdp=146070 _bdp=146070 _min_cwnd=4150 _maxwnd=219105 _cwnd=219105
Initialize per-instance NSCC parameters: flowid 47 _base_rtt=11685600 _base_bdp=146070 _bdp=146070 _min_cwnd=4150 _maxwnd=219105 _cwnd=219105
Initialize per-instance NSCC parameters: flowid 48 _base_rtt=11685600 _base_bdp=146070 _bdp=146070 _min_cwnd=4150 _maxwnd=219105 _cwnd=219105
Initialize per-instance NSCC parameters: flowid 49 _base_rtt=11685600 _base_bdp=146070 _bdp=146070 _min_cwnd=4150 _maxwnd=219105 _cwnd=219105
Initialize per-instance NSCC parameters: flowid 50 _base_rtt=11685600 _base_bdp=146070 _bdp=146070 _min_cwnd=4150 _maxwnd=219105 _cwnd=219105
Initialize per-instance NSCC parameters: flowid 51 _base_rtt=11685600 _base_bdp=146070 _bdp=146070 _min_cwnd=4150 _maxwnd=219105 _cwnd=219105
Initialize per-instance NSCC parameters: flowid 52 _base_rtt=11685600 _base_bdp=146070 _bdp=146070 _min_cwnd=4150 _maxwnd=219105 _cwnd=219105
Initialize per-instance NSCC parameters: flowid 53 _base_rtt=11685600 _base_bdp=146070 _bdp=146070 _min_cwnd=4150 _maxwnd=219105 _cwnd=219105
Initialize per-instance NSCC parameters: flowid 54 _base_rtt=11685600 _base_bdp=146070 _bdp=146070 _min_cwnd=4150 _maxwnd=219105 _cwnd=219105
Initialize per-instance NSCC parameters: flowid 55 _base_rtt=11685600 _base_bdp=146070 _bdp=146070 _min_cwnd=4150 _maxwnd=219105 _cwnd=219105
Initialize per-instance NSCC parameters: flowid 56 _base_rtt=11685600 _base_bdp=146070 _bdp=146070 _min_cwnd=4150 _maxwnd=219105 _cwnd=219105
Initialize per-instance NSCC parameters: flowid 57 _base_rtt=11685600 _base_bdp=146070 _bdp=146070 _min_cwnd=4150 _maxwnd=219105 _cwnd=219105
Initialize per-instance NSCC parameters: flowid 58 _base_rtt=11685600 _base_bdp=146070 _bdp=146070 _min_cwnd=4150 _maxwnd=219105 _cwnd=219105
Initialize per-instance NSCC parameters: flowid 59 _base_rtt=11685600 _base_bdp=146070 _bdp=146070 _min_cwnd=4150 _maxwnd=219105 _cwnd=219105
Initialize per-instance NSCC parameters: flowid 60 _base_rtt=11685600 _base_bdp=146070 _bdp=146070 _min_cwnd=4150 _maxwnd=219105 _cwnd=219105
Initialize per-instance NSCC parameters: flowid 61 _base_rtt=11685600 _base_bdp=146070 _bdp=146070 _min_cwnd=4150 _maxwnd=219105 _cwnd=219105
Initialize per-instance NSCC parameters: flowid 62 _base_rtt=11685600 _base_bdp=146070 _bdp=146070 _min_cwnd=4150 _maxwnd=219105 _cwnd=219105
Initialize per-instance NSCC parameters: flowid 63 _base_rtt=11685600 _base_bdp=146070 _bdp=146070 _min_cwnd=4150 _maxwnd=219105 _cwnd=219105
Initialize per-instance NSCC parameters: flowid 64 _base_rtt=11685600 _base_bdp=146070 _bdp=146070 _min_cwnd=4150 _maxwnd=219105 _cwnd=219105
Initialize per-instance NSCC parameters: flowid 65 _base_rtt=11685600 _base_bdp=146070 _bdp=146070 _min_cwnd=4150 _maxwnd=219105 _cwnd=219105
Initialize per-instance NSCC parameters: flowid 66 _base_rtt=11685600 _base_bdp=146070 _bdp=146070 _min_cwnd=4150 _maxwnd=219105 _cwnd=219105
Initialize per-instance NSCC parameters: flowid 67 _base_rtt=11685600 _base_bdp=146070 _bdp=146070 _min_cwnd=4150 _maxwnd=219105 _cwnd=219105
Initialize per-instance NSCC parameters: flowid 68 _base_rtt=11685600 _base_bdp=146070 _bdp=146070 _min_cwnd=4150 _maxwnd=219105 _cwnd=219105
Initialize per-instance NSCC parameters: flowid 69 _base_rtt=11685600 _base_bdp=146070 _bdp=146070 _min_cwnd=4150 _maxwnd=219105 _cwnd=219105
Initialize per-instance NSCC parameters: flowid 70 _base_rtt=11685600 _base_bdp=146070 _bdp=146070 _min_cwnd=4150 _maxwnd=219105 _cwnd=219105
Initialize per-instance NSCC parameters: flowid 71 _base_rtt=11685600 _base_bdp=146070 _bdp=146070 _min_cwnd=4150 _maxwnd=219105 _cwnd=219105
Initialize per-instance NSCC parameters: flowid 72 _base_rtt=11685600 _base_bdp=146070 _bdp=146070 _min_cwnd=4150 _maxwnd=219105 _cwnd=219105
Initialize per-instance NSCC parameters: flowid 73 _base_rtt=11685600 _base_bdp=146070 _bdp=146070 _min_cwnd=4150 _maxwnd=219105 _cwnd=219105
Initialize per-instance NSCC parameters: flowid 74 _base_rtt=11685600 _base_bdp=146070 _bdp=146070 _min_cwnd=4150 _maxwnd=219105 _cwnd=219105
Initialize per-instance NSCC parameters: flowid 75 _base_rtt=11685600 _base_bdp=146070 _bdp=146070 _min_cwnd=4150 _maxwnd=219105 _cwnd=219105
Initialize per-instance NSCC parameters: flowid 76 _base_rtt=11685600 _base_bdp=146070 _bdp=146070 _min_cwnd=4150 _maxwnd=219105 _cwnd=219105
Initialize per-instance NSCC parameters: flowid 77 _base_rtt=11685600 _base_bdp=146070 _bdp=146070 _min_cwnd=4150 _maxwnd=219105 _cwnd=219105
Initialize per-instance NSCC parameters: flowid 78 _base_rtt=11685600 _base_bdp=146070 _bdp=146070 _min_cwnd=4150 _maxwnd=219105 _cwnd=219105
Initialize per-instance NSCC parameters: flowid 79 _base_rtt=11685600 _base_bdp=146070 _bdp=146070 _min_cwnd=4150 _maxwnd=219105 _cwnd=219105
Initialize per-instance NSCC parameters: flowid 80 _base_rtt=11685600 _base_bdp=146070 _bdp=146070 _min_cwnd=4150 _maxwnd=219105 _cwnd=219105
Initialize per-instance NSCC parameters: flowid 81 _base_rtt=11685600 _base_bdp=146070 _bdp=146070 _min_cwnd=4150 _maxwnd=219105 _cwnd=219105
Initialize per-instance NSCC parameters: flowid 82 _base_rtt=11685600 _base_bdp=146070 _bdp=146070 _min_cwnd=4150 _maxwnd=219105 _cwnd=219105
Initialize per-instance NSCC parameters: flowid 83 _base_rtt=11685600 _base_bdp=146070 _bdp=146070 _min_cwnd=4150 _maxwnd=219105 _cwnd=219105
Initialize per-instance NSCC parameters: flowid 84 _base_rtt=11685600 _base_bdp=146070 _bdp=146070 _min_cwnd=4150 _maxwnd=219105 _cwnd=219105
Initialize per-instance NSCC parameters: flowid 85 _base_rtt=11685600 _base_bdp=146070 _bdp=146070 _min_cwnd=4150 _maxwnd=219105 _cwnd=219105
Initialize per-instance NSCC parameters: flowid 86 _base_rtt=11685600 _base_bdp=146070 _bdp=146070 _min_cwnd=4150 _maxwnd=219105 _cwnd=219105
Initialize per-instance NSCC parameters: flowid 87 _base_rtt=11685600 _base_bdp=146070 _bdp=146070 _min_cwnd=4150 _maxwnd=219105 _cwnd=219105
Initialize per-instance NSCC parameters: flowid 88 _base_rtt=11685600 _base_bdp=146070 _bdp=146070 _min_cwnd=4150 _maxwnd=219105 _cwnd=219105
Initialize per-instance NSCC parameters: flowid 89 _base_rtt=11685600 _base_bdp=146070 _bdp=146070 _min_cwnd=4150 _maxwnd=219105 _cwnd=219105
Initialize per-instance NSCC parameters: flowid 90 _base_rtt=11685600 _base_bdp=146070 _bdp=146070 _min_cwnd=4150 _maxwnd=219105 _cwnd=219105
Initialize per-instance NSCC parameters: flowid 91 _base_rtt=11685600 _base_bdp=146070 _bdp=146070 _min_cwnd=4150 _maxwnd=219105 _cwnd=219105
Initialize per-instance NSCC parameters: flowid 92 _base_rtt=11685600 _base_bdp=146070 _bdp=146070 _min_cwnd=4150 _maxwnd=219105 _cwnd=219105
Initialize per-instance NSCC parameters: flowid 93 _base_rtt=11685600 _base_bdp=146070 _bdp=146070 _min_cwnd=4150 _maxwnd=219105 _cwnd=219105
Initialize per-instance NSCC parameters: flowid 94 _base_rtt=11685600 _base_bdp=146070 _bdp=146070 _min_cwnd=4150 _maxwnd=219105 _cwnd=219105
Initialize per-instance NSCC parameters: flowid 95 _base_rtt=11685600 _base_bdp=146070 _bdp=146070 _min_cwnd=4150 _maxwnd=219105 _cwnd=219105
Initialize per-instance NSCC parameters: flowid 96 _base_rtt=11685600 _base_bdp=146070 _bdp=146070 _min_cwnd=4150 _maxwnd=219105 _cwnd=219105
Initialize per-instance NSCC parameters: flowid 97 _base_rtt=11685600 _base_bdp=146070 _bdp=146070 _min_cwnd=4150 _maxwnd=219105 _cwnd=219105
Initialize per-instance NSCC parameters: flowid 98 _base_rtt=11685600 _base_bdp=146070 _bdp=146070 _min_cwnd=4150 _maxwnd=219105 _cwnd=219105
Initialize per-instance NSCC parameters: flowid 99 _base_rtt=11685600 _base_bdp=146070 _bdp=146070 _min_cwnd=4150 _maxwnd=219105 _cwnd=219105
Initialize per-instance NSCC parameters: flowid 100 _base_rtt=11685600 _base_bdp=146070 _bdp=146070 _min_cwnd=4150 _maxwnd=219105 _cwnd=219105
Initialize per-instance NSCC parameters: flowid 101 _base_rtt=11685600 _base_bdp=146070 _bdp=146070 _min_cwnd=4150 _maxwnd=219105 _cwnd=219105
Initialize per-instance NSCC parameters: flowid 102 _base_rtt=11685600 _base_bdp=146070 _bdp=146070 _min_cwnd=4150 _maxwnd=219105 _cwnd=219105
Initialize per-instance NSCC parameters: flowid 103 _base_rtt=11685600 _base_bdp=146070 _bdp=146070 _min_cwnd=4150 _maxwnd=219105 _cwnd=219105
Initialize per-instance NSCC parameters: flowid 104 _base_rtt=11685600 _base_bdp=146070 _bdp=146070 _min_cwnd=4150 _maxwnd=219105 _cwnd=219105
Initialize per-instance NSCC parameters: flowid 105 _base_rtt=11685600 _base_bdp=146070 _bdp=146070 _min_cwnd=4150 _maxwnd=219105 _cwnd=219105
Initialize per-instance NSCC parameters: flowid 106 _base_rtt=11685600 _base_bdp=146070 _bdp=146070 _min_cwnd=4150 _maxwnd=219105 _cwnd=219105
Initialize per-instance NSCC parameters: flowid 107 _base_rtt=11685600 _base_bdp=146070 _bdp=146070 _min_cwnd=4150 _maxwnd=219105 _cwnd=219105
Initialize per-instance NSCC parameters: flowid 108 _base_rtt=11685600 _base_bdp=146070 _bdp=146070 _min_cwnd=4150 _maxwnd=219105 _cwnd=219105
Initialize per-instance NSCC parameters: flowid 109 _base_rtt=11685600 _base_bdp=146070 _bdp=146070 _min_cwnd=4150 _maxwnd=219105 _cwnd=219105
Initialize per-instance NSCC parameters: flowid 110 _base_rtt=11685600 _base_bdp=146070 _bdp=146070 _min_cwnd=4150 _maxwnd=219105 _cwnd=219105
Initialize per-instance NSCC parameters: flowid 111 _base_rtt=11685600 _base_bdp=146070 _bdp=146070 _min_cwnd=4150 _maxwnd=219105 _cwnd=219105
Initialize per-instance NSCC parameters: flowid 112 _base_rtt=11685600 _base_bdp=146070 _bdp=146070 _min_cwnd=4150 _maxwnd=219105 _cwnd=219105
Initialize per-instance NSCC parameters: flowid 113 _base_rtt=11685600 _base_bdp=146070 _bdp=146070 _min_cwnd=4150 _maxwnd=219105 _cwnd=219105
Initialize per-instance NSCC parameters: flowid 114 _base_rtt=11685600 _base_bdp=146070 _bdp=146070 _min_cwnd=4150 _maxwnd=219105 _cwnd=219105
Initialize per-instance NSCC parameters: flowid 115 _base_rtt=11685600 _base_bdp=146070 _bdp=146070 _min_cwnd=4150 _maxwnd=219105 _cwnd=219105
Initialize per-instance NSCC parameters: flowid 116 _base_rtt=11685600 _base_bdp=146070 _bdp=146070 _min_cwnd=4150 _maxwnd=219105 _cwnd=219105
Initialize per-instance NSCC parameters: flowid 117 _base_rtt=11685600 _base_bdp=146070 _bdp=146070 _min_cwnd=4150 _maxwnd=219105 _cwnd=219105
Initialize per-instance NSCC parameters: flowid 118 _base_rtt=11685600 _base_bdp=146070 _bdp=146070 _min_cwnd=4150 _maxwnd=219105 _cwnd=219105
Initialize per-instance NSCC parameters: flowid 119 _base_rtt=11685600 _base_bdp=146070 _bdp=146070 _min_cwnd=4150 _maxwnd=219105 _cwnd=219105
Initialize per-instance NSCC parameters: flowid 120 _base_rtt=11685600 _base_bdp=146070 _bdp=146070 _min_cwnd=4150 _maxwnd=219105 _cwnd=219105
Initialize per-instance NSCC parameters: flowid 121 _base_rtt=11685600 _base_bdp=146070 _bdp=146070 _min_cwnd=4150 _maxwnd=219105 _cwnd=219105
Initialize per-instance NSCC parameters: flowid 122 _base_rtt=11685600 _base_bdp=146070 _bdp=146070 _min_cwnd=4150 _maxwnd=219105 _cwnd=219105
Initialize per-instance NSCC parameters: flowid 123 _base_rtt=11685600 _base_bdp=146070 _bdp=146070 _min_cwnd=4150 _maxwnd=219105 _cwnd=219105
Initialize per-instance NSCC parameters: flowid 124 _base_rtt=11685600 _base_bdp=146070 _bdp=146070 _min_cwnd=4150 _maxwnd=219105 _cwnd=219105
Initialize per-instance NSCC parameters: flowid 125 _base_rtt=11685600 _base_bdp=146070 _bdp=146070 _min_cwnd=4150 _maxwnd=219105 _cwnd=219105
Initialize per-instance NSCC parameters: flowid 126 _base_rtt=11685600 _base_bdp=146070 _bdp=146070 _min_cwnd=4150 _maxwnd=219105 _cwnd=219105
Initialize per-instance NSCC parameters: flowid 127 _base_rtt=11685600 _base_bdp=146070 _bdp=146070 _min_cwnd=4150 _maxwnd=219105 _cwnd=219105
Initialize per-instance NSCC parameters: flowid 128 _base_rtt=11685600 _base_bdp=146070 _bdp=146070 _min_cwnd=4150 _maxwnd=219105 _cwnd=219105
Initialize per-instance NSCC parameters: flowid 129 _base_rtt=11685600 _base_bdp=146070 _bdp=146070 _min_cwnd=4150 _maxwnd=219105 _cwnd=219105
Initialize per-instance NSCC parameters: flowid 130 _base_rtt=11685600 _base_bdp=146070 _bdp=146070 _min_cwnd=4150 _maxwnd=219105 _cwnd=219105
Initialize per-instance NSCC parameters: flowid 131 _base_rtt=11685600 _base_bdp=146070 _bdp=146070 _min_cwnd=4150 _maxwnd=219105 _cwnd=219105
Initialize per-instance NSCC parameters: flowid 132 _base_rtt=11685600 _base_bdp=146070 _bdp=146070 _min_cwnd=4150 _maxwnd=219105 _cwnd=219105
Initialize per-instance NSCC parameters: flowid 133 _base_rtt=11685600 _base_bdp=146070 _bdp=146070 _min_cwnd=4150 _maxwnd=219105 _cwnd=219105
Initialize per-instance NSCC parameters: flowid 134 _base_rtt=11685600 _base_bdp=146070 _bdp=146070 _min_cwnd=4150 _maxwnd=219105 _cwnd=219105
Initialize per-instance NSCC parameters: flowid 135 _base_rtt=11685600 _base_bdp=146070 _bdp=146070 _min_cwnd=4150 _maxwnd=219105 _cwnd=219105
Initialize per-instance NSCC parameters: flowid 136 _base_rtt=11685600 _base_bdp=146070 _bdp=146070 _min_cwnd=4150 _maxwnd=219105 _cwnd=219105
Initialize per-instance NSCC parameters: flowid 137 _base_rtt=11685600 _base_bdp=146070 _bdp=146070 _min_cwnd=4150 _maxwnd=219105 _cwnd=219105
Initialize per-instance NSCC parameters: flowid 138 _base_rtt=11685600 _base_bdp=146070 _bdp=146070 _min_cwnd=4150 _maxwnd=219105 _cwnd=219105
Initialize per-instance NSCC parameters: flowid 139 _base_rtt=11685600 _base_bdp=146070 _bdp=146070 _min_cwnd=4150 _maxwnd=219105 _cwnd=219105
Initialize per-instance NSCC parameters: flowid 140 _base_rtt=11685600 _base_bdp=146070 _bdp=146070 _min_cwnd=4150 _maxwnd=219105 _cwnd=219105
Initialize per-instance NSCC parameters: flowid 141 _base_rtt=11685600 _base_bdp=146070 _bdp=146070 _min_cwnd=4150 _maxwnd=219105 _cwnd=219105
Initialize per-instance NSCC parameters: flowid 142 _base_rtt=11685600 _base_bdp=146070 _bdp=146070 _min_cwnd=4150 _maxwnd=219105 _cwnd=219105
Initialize per-instance NSCC parameters: flowid 143 _base_rtt=11685600 _base_bdp=146070 _bdp=146070 _min_cwnd=4150 _maxwnd=219105 _cwnd=219105
Initialize per-instance NSCC parameters: flowid 144 _base_rtt=11685600 _base_bdp=146070 _bdp=146070 _min_cwnd=4150 _maxwnd=219105 _cwnd=219105
Initialize per-instance NSCC parameters: flowid 145 _base_rtt=11685600 _base_bdp=146070 _bdp=146070 _min_cwnd=4150 _maxwnd=219105 _cwnd=219105
Initialize per-instance NSCC parameters: flowid 146 _base_rtt=11685600 _base_bdp=146070 _bdp=146070 _min_cwnd=4150 _maxwnd=219105 _cwnd=219105
Initialize per-instance NSCC parameters: flowid 147 _base_rtt=11685600 _base_bdp=146070 _bdp=146070 _min_cwnd=4150 _maxwnd=219105 _cwnd=219105
Initialize per-instance NSCC parameters: flowid 148 _base_rtt=11685600 _base_bdp=146070 _bdp=146070 _min_cwnd=4150 _maxwnd=219105 _cwnd=219105
Initialize per-instance NSCC parameters: flowid 149 _base_rtt=11685600 _base_bdp=146070 _bdp=146070 _min_cwnd=4150 _maxwnd=219105 _cwnd=219105
Initialize per-instance NSCC parameters: flowid 150 _base_rtt=11685600 _base_bdp=146070 _bdp=146070 _min_cwnd=4150 _maxwnd=219105 _cwnd=219105
Initialize per-instance NSCC parameters: flowid 151 _base_rtt=11685600 _base_bdp=146070 _bdp=146070 _min_cwnd=4150 _maxwnd=219105 _cwnd=219105
Initialize per-instance NSCC parameters: flowid 152 _base_rtt=11685600 _base_bdp=146070 _bdp=146070 _min_cwnd=4150 _maxwnd=219105 _cwnd=219105
Initialize per-instance NSCC parameters: flowid 153 _base_rtt=11685600 _base_bdp=146070 _bdp=146070 _min_cwnd=4150 _maxwnd=219105 _cwnd=219105
Initialize per-instance NSCC parameters: flowid 154 _base_rtt=11685600 _base_bdp=146070 _bdp=146070 _min_cwnd=4150 _maxwnd=219105 _cwnd=219105
Initialize per-instance NSCC parameters: flowid 155 _base_rtt=11685600 _base_bdp=146070 _bdp=146070 _min_cwnd=4150 _maxwnd=219105 _cwnd=219105
Initialize per-instance NSCC parameters: flowid 156 _base_rtt=11685600 _base_bdp=146070 _bdp=146070 _min_cwnd=4150 _maxwnd=219105 _cwnd=219105
Initialize per-instance NSCC parameters: flowid 157 _base_rtt=11685600 _base_bdp=146070 _bdp=146070 _min_cwnd=4150 _maxwnd=219105 _cwnd=219105
Initialize per-instance NSCC parameters: flowid 158 _base_rtt=11685600 _base_bdp=146070 _bdp=146070 _min_cwnd=4150 _maxwnd=219105 _cwnd=219105
Initialize per-instance NSCC parameters: flowid 159 _base_rtt=11685600 _base_bdp=146070 _bdp=146070 _min_cwnd=4150 _maxwnd=219105 _cwnd=219105
Initialize per-instance NSCC parameters: flowid 160 _base_rtt=11685600 _base_bdp=146070 _bdp=146070 _min_cwnd=4150 _maxwnd=219105 _cwnd=219105
Initialize per-instance NSCC parameters: flowid 161 _base_rtt=11685600 _base_bdp=146070 _bdp=146070 _min_cwnd=4150 _maxwnd=219105 _cwnd=219105
Initialize per-instance NSCC parameters: flowid 162 _base_rtt=11685600 _base_bdp=146070 _bdp=146070 _min_cwnd=4150 _maxwnd=219105 _cwnd=219105
Initialize per-instance NSCC parameters: flowid 163 _base_rtt=11685600 _base_bdp=146070 _bdp=146070 _min_cwnd=4150 _maxwnd=219105 _cwnd=219105
Initialize per-instance NSCC parameters: flowid 164 _base_rtt=11685600 _base_bdp=146070 _bdp=146070 _min_cwnd=4150 _maxwnd=219105 _cwnd=219105
Initialize per-instance NSCC parameters: flowid 165 _base_rtt=11685600 _base_bdp=146070 _bdp=146070 _min_cwnd=4150 _maxwnd=219105 _cwnd=219105
Initialize per-instance NSCC parameters: flowid 166 _base_rtt=11685600 _base_bdp=146070 _bdp=146070 _min_cwnd=4150 _maxwnd=219105 _cwnd=219105
Initialize per-instance NSCC parameters: flowid 167 _base_rtt=11685600 _base_bdp=146070 _bdp=146070 _min_cwnd=4150 _maxwnd=219105 _cwnd=219105
Initialize per-instance NSCC parameters: flowid 168 _base_rtt=11685600 _base_bdp=146070 _bdp=146070 _min_cwnd=4150 _maxwnd=219105 _cwnd=219105
Initialize per-instance NSCC parameters: flowid 169 _base_rtt=11685600 _base_bdp=146070 _bdp=146070 _min_cwnd=4150 _maxwnd=219105 _cwnd=219105
Initialize per-instance NSCC parameters: flowid 170 _base_rtt=11685600 _base_bdp=146070 _bdp=146070 _min_cwnd=4150 _maxwnd=219105 _cwnd=219105
Initialize per-instance NSCC parameters: flowid 171 _base_rtt=11685600 _base_bdp=146070 _bdp=146070 _min_cwnd=4150 _maxwnd=219105 _cwnd=219105
Initialize per-instance NSCC parameters: flowid 172 _base_rtt=11685600 _base_bdp=146070 _bdp=146070 _min_cwnd=4150 _maxwnd=219105 _cwnd=219105
Initialize per-instance NSCC parameters: flowid 173 _base_rtt=11685600 _base_bdp=146070 _bdp=146070 _min_cwnd=4150 _maxwnd=219105 _cwnd=219105
Initialize per-instance NSCC parameters: flowid 174 _base_rtt=11685600 _base_bdp=146070 _bdp=146070 _min_cwnd=4150 _maxwnd=219105 _cwnd=219105
Initialize per-instance NSCC parameters: flowid 175 _base_rtt=11685600 _base_bdp=146070 _bdp=146070 _min_cwnd=4150 _maxwnd=219105 _cwnd=219105
Initialize per-instance NSCC parameters: flowid 176 _base_rtt=11685600 _base_bdp=146070 _bdp=146070 _min_cwnd=4150 _maxwnd=219105 _cwnd=219105
Initialize per-instance NSCC parameters: flowid 177 _base_rtt=11685600 _base_bdp=146070 _bdp=146070 _min_cwnd=4150 _maxwnd=219105 _cwnd=219105
Initialize per-instance NSCC parameters: flowid 178 _base_rtt=11685600 _base_bdp=146070 _bdp=146070 _min_cwnd=4150 _maxwnd=219105 _cwnd=219105
Initialize per-instance NSCC parameters: flowid 179 _base_rtt=11685600 _base_bdp=146070 _bdp=146070 _min_cwnd=4150 _maxwnd=219105 _cwnd=219105
Initialize per-instance NSCC parameters: flowid 180 _base_rtt=11685600 _base_bdp=146070 _bdp=146070 _min_cwnd=4150 _maxwnd=219105 _cwnd=219105
Initialize per-instance NSCC parameters: flowid 181 _base_rtt=11685600 _base_bdp=146070 _bdp=146070 _min_cwnd=4150 _maxwnd=219105 _cwnd=219105
Initialize per-instance NSCC parameters: flowid 182 _base_rtt=11685600 _base_bdp=146070 _bdp=146070 _min_cwnd=4150 _maxwnd=219105 _cwnd=219105
Initialize per-instance NSCC parameters: flowid 183 _base_rtt=11685600 _base_bdp=146070 _bdp=146070 _min_cwnd=4150 _maxwnd=219105 _cwnd=219105
Initialize per-instance NSCC parameters: flowid 184 _base_rtt=11685600 _base_bdp=146070 _bdp=146070 _min_cwnd=4150 _maxwnd=219105 _cwnd=219105
Initialize per-instance NSCC parameters: flowid 185 _base_rtt=11685600 _base_bdp=146070 _bdp=146070 _min_cwnd=4150 _maxwnd=219105 _cwnd=219105
Initialize per-instance NSCC parameters: flowid 186 _base_rtt=11685600 _base_bdp=146070 _bdp=146070 _min_cwnd=4150 _maxwnd=219105 _cwnd=219105
Initialize per-instance NSCC parameters: flowid 187 _base_rtt=11685600 _base_bdp=146070 _bdp=146070 _min_cwnd=4150 _maxwnd=219105 _cwnd=219105
Initialize per-instance NSCC parameters: flowid 188 _base_rtt=11685600 _base_bdp=146070 _bdp=146070 _min_cwnd=4150 _maxwnd=219105 _cwnd=219105
Initialize per-instance NSCC parameters: flowid 189 _base_rtt=11685600 _base_bdp=146070 _bdp=146070 _min_cwnd=4150 _maxwnd=219105 _cwnd=219105
Initialize per-instance NSCC parameters: flowid 190 _base_rtt=11685600 _base_bdp=146070 _bdp=146070 _min_cwnd=4150 _maxwnd=219105 _cwnd=219105
Initialize per-instance NSCC parameters: flowid 191 _base_rtt=11685600 _base_bdp=146070 _bdp=146070 _min_cwnd=4150 _maxwnd=219105 _cwnd=219105
Initialize per-instance NSCC parameters: flowid 192 _base_rtt=11685600 _base_bdp=146070 _bdp=146070 _min_cwnd=4150 _maxwnd=219105 _cwnd=219105
Starting simulation
Flow Uec_212_84 flowId 1 uecSrc 0 starting at 0
Flow Uec_27_155 flowId 2 uecSrc 1 starting at 0
Flow Uec_208_80 flowId 3 uecSrc 2 starting at 0
Flow Uec_74_202 flowId 4 uecSrc 3 starting at 0
Flow Uec_205_77 flowId 5 uecSrc 4 starting at 0
Flow Uec_48_176 flowId 6 uecSrc 5 starting at 0
Flow Uec_180_52 flowId 7 uecSrc 6 starting at 0
Flow Uec_160_32 flowId 8 uecSrc 7 starting at 0
Flow Uec_153_25 flowId 9 uecSrc 8 starting at 0
Flow Uec_34_162 flowId 10 uecSrc 9 starting at 0
Flow Uec_47_175 flowId 11 uecSrc 10 starting at 0
Flow Uec_36_164 flowId 12 uecSrc 11 starting at 0
Flow Uec_224_96 flowId 13 uecSrc 12 starting at 0
Flow Uec_99_227 flowId 14 uecSrc 13 starting at 0
Flow Uec_60_188 flowId 15 uecSrc 14 starting at 0
Flow Uec_0_128 flowId 16 uecSrc 15 starting at 0
Flow Uec_142_14 flowId 17 uecSrc 16 starting at 0
Flow Uec_139_11 flowId 18 uecSrc 17 starting at 0
Flow Uec_8_136 flowId 19 uecSrc 18 starting at 0
Flow Uec_222_94 flowId 20 uecSrc 19 starting at 0
Flow Uec_217_89 flowId 21 uecSrc 20 starting at 0
Flow Uec_69_197 flowId 22 uecSrc 21 starting at 0
Flow Uec_157_29 flowId 23 uecSrc 22 starting at 0
Flow Uec_118_246 flowId 24 uecSrc 23 starting at 0
Flow Uec_214_86 flowId 25 uecSrc 24 starting at 0
Flow Uec_68_196 flowId 26 uecSrc 25 starting at 0
Flow Uec_251_123 flowId 27 uecSrc 26 starting at 0
Flow Uec_66_194 flowId 28 uecSrc 27 starting at 0
Flow Uec_231_103 flowId 29 uecSrc 28 starting at 0
Flow Uec_13_141 flowId 30 uecSrc 29 starting at 0
Flow Uec_88_216 flowId 31 uecSrc 30 starting at 0
Flow Uec_32_160 flowId 32 uecSrc 31 starting at 0
Flow Uec_240_112 flowId 33 uecSrc 32 starting at 0
Flow Uec_163_35 flowId 34 uecSrc 33 starting at 0
Flow Uec_85_213 flowId 35 uecSrc 34 starting at 0
Flow Uec_106_234 flowId 36 uecSrc 35 starting at 0
Flow Uec_137_9 flowId 37 uecSrc 36 starting at 0
Flow Uec_127_255 flowId 38 uecSrc 37 starting at 0
Flow Uec_58_186 flowId 39 uecSrc 38 starting at 0
Flow Uec_188_60 flowId 40 uecSrc 39 starting at 0
Flow Uec_67_195 flowId 41 uecSrc 40 starting at 0
Flow Uec_252_124 flowId 42 uecSrc 41 starting at 0
Flow Uec_190_62 flowId 43 uecSrc 42 starting at 0
Flow Uec_25_153 flowId 44 uecSrc 43 starting at 0
Flow Uec_61_189 flowId 45 uecSrc 44 starting at 0
Flow Uec_82_210 flowId 46 uecSrc 45 starting at 0
Flow Uec_223_95 flowId 47 uecSrc 46 starting at 0
Flow Uec_204_76 flowId 48 uecSrc 47 starting at 0
Flow Uec_95_223 flowId 49 uecSrc 48 starting at 0
Flow Uec_245_117 flowId 50 uecSrc 49 starting at 0
Flow Uec_189_61 flowId 51 uecSrc 50 starting at 0
Flow Uec_156_28 flowId 52 uecSrc 51 starting at 0
Flow Uec_125_253 flowId 53 uecSrc 52 starting at 0
Flow Uec_53_181 flowId 54 uecSrc 53 starting at 0
Flow Uec_117_245 flowId 55 uecSrc 54 starting at 0
Flow Uec_50_178 flowId 56 uecSrc 55 starting at 0
Flow Uec_248_120 flowId 57 uecSrc 56 starting at 0
Flow Uec_228_100 flowId 58 uecSrc 57 starting at 0
Flow Uec_154_26 flowId 59 uecSrc 58 starting at 0
Flow Uec_200_72 flowId 60 uecSrc 59 starting at 0
Flow Uec_30_158 flowId 61 uecSrc 60 starting at 0
Flow Uec_148_20 flowId 62 uecSrc 61 starting at 0
Flow Uec_128_0 flowId 63 uecSrc 62 starting at 0
Flow Uec_43_171 flowId 64 uecSrc 63 starting at 0
Flow Uec_122_250 flowId 65 uecSrc 64 starting at 0
Flow Uec_87_215 flowId 66 uecSrc 65 starting at 0
Flow Uec_213_85 flowId 67 uecSrc 66 starting at 0
Flow Uec_136_8 flowId 68 uecSrc 67 starting at 0
Flow Uec_234_106 flowId 69 uecSrc 68 starting at 0
Flow Uec_98_226 flowId 70 uecSrc 69 starting at 0
Flow Uec_229_101 flowId 71 uecSrc 70 starting at 0
Flow Uec_134_6 flowId 72 uecSrc 71 starting at 0
Flow Uec_185_57 flowId 73 uecSrc 72 starting at 0
Flow Uec_211_83 flowId 74 uecSrc 73 starting at 0
Flow Uec_80_208 flowId 75 uecSrc 74 starting at 0
Flow Uec_20_148 flowId 76 uecSrc 75 starting at 0
Flow Uec_147_19 flowId 77 uecSrc 76 starting at 0
Flow Uec_103_231 flowId 78 uecSrc 77 starting at 0
Flow Uec_107_235 flowId 79 uecSrc 78 starting at 0
Flow Uec_145_17 flowId 80 uecSrc 79 starting at 0
Flow Uec_29_157 flowId 81 uecSrc 80 starting at 0
Flow Uec_182_54 flowId 82 uecSrc 81 starting at 0
Flow Uec_94_222 flowId 83 uecSrc 82 starting at 0
Flow Uec_81_209 flowId 84 uecSrc 83 starting at 0
Flow Uec_15_143 flowId 85 uecSrc 84 starting at 0
Flow Uec_226_98 flowId 86 uecSrc 85 starting at 0
Flow Uec_253_125 flowId 87 uecSrc 86 starting at 0
Flow Uec_93_221 flowId 88 uecSrc 87 starting at 0
Flow Uec_176_48 flowId 89 uecSrc 88 starting at 0
Flow Uec_79_207 flowId 90 uecSrc 89 starting at 0
Flow Uec_170_42 flowId 91 uecSrc 90 starting at 0
Flow Uec_116_244 flowId 92 uecSrc 91 starting at 0
Flow Uec_104_232 flowId 93 uecSrc 92 starting at 0
Flow Uec_174_46 flowId 94 uecSrc 93 starting at 0
Flow Uec_196_68 flowId 95 uecSrc 94 starting at 0
Flow Uec_130_2 flowId 96 uecSrc 95 starting at 0
Flow Uec_219_91 flowId 97 uecSrc 96 starting at 0
Flow Uec_221_93 flowId 98 uecSrc 97 starting at 0
Flow Uec_14_142 flowId 99 uecSrc 98 starting at 0
Flow Uec_89_217 flowId 100 uecSrc 99 starting at 0
Flow Uec_7_135 flowId 101 uecSrc 100 starting at 0
Flow Uec_83_211 flowId 102 uecSrc 101 starting at 0
Flow Uec_143_15 flowId 103 uecSrc 102 starting at 0
Flow Uec_235_107 flowId 104 uecSrc 103 starting at 0
Flow Uec_49_177 flowId 105 uecSrc 104 starting at 0
Flow Uec_186_58 flowId 106 uecSrc 105 starting at 0
Flow Uec_250_122 flowId 107 uecSrc 106 starting at 0
Flow Uec_56_184 flowId 108 uecSrc 107 starting at 0
Flow Uec_123_251 flowId 109 uecSrc 108 starting at 0
Flow Uec_191_63 flowId 110 uecSrc 109 starting at 0
Flow Uec_135_7 flowId 111 uecSrc 110 starting at 0
Flow Uec_207_79 flowId 112 uecSrc 111 starting at 0
Flow Uec_91_219 flowId 113 uecSrc 112 starting at 0
Flow Uec_22_150 flowId 114 uecSrc 113 starting at 0
Flow Uec_54_182 flowId 115 uecSrc 114 starting at 0
Flow Uec_166_38 flowId 116 uecSrc 115 starting at 0
Flow Uec_86_214 flowId 117 uecSrc 116 starting at 0
Flow Uec_45_173 flowId 118 uecSrc 117 starting at 0
Flow Uec_150_22 flowId 119 uecSrc 118 starting at 0
Flow Uec_131_3 flowId 120 uecSrc 119 starting at 0
Flow Uec_230_102 flowId 121 uecSrc 120 starting at 0
Flow Uec_3_131 flowId 122 uecSrc 121 starting at 0
Flow Uec_75_203 flowId 123 uecSrc 122 starting at 0
Flow Uec_114_242 flowId 124 uecSrc 123 starting at 0
Flow Uec_146_18 flowId 125 uecSrc 124 starting at 0
Flow Uec_97_225 flowId 126 uecSrc 125 starting at 0
Flow Uec_152_24 flowId 127 uecSrc 126 starting at 0
Flow Uec_121_249 flowId 128 uecSrc 127 starting at 0
Flow Uec_215_87 flowId 129 uecSrc 128 starting at 0
Flow Uec_209_81 flowId 130 uecSrc 129 starting at 0
Flow Uec_92_220 flowId 131 uecSrc 130 starting at 0
Flow Uec_52_180 flowId 132 uecSrc 131 starting at 0
Flow Uec_239_111 flowId 133 uecSrc 132 starting at 0
Flow Uec_193_65 flowId 134 uecSrc 133 starting at 0
Flow Uec_159_31 flowId 135 uecSrc 134 starting at 0
Flow Uec_167_39 flowId 136 uecSrc 135 starting at 0
Flow Uec_168_40 flowId 137 uecSrc 136 starting at 0
Flow Uec_40_168 flowId 138 uecSrc 137 starting at 0
Flow Uec_31_159 flowId 139 uecSrc 138 starting at 0
Flow Uec_18_146 flowId 140 uecSrc 139 starting at 0
Flow Uec_138_10 flowId 141 uecSrc 140 starting at 0
Flow Uec_44_172 flowId 142 uecSrc 141 starting at 0
Flow Uec_237_109 flowId 143 uecSrc 142 starting at 0
Flow Uec_192_64 flowId 144 uecSrc 143 starting at 0
Flow Uec_111_239 flowId 145 uecSrc 144 starting at 0
Flow Uec_179_51 flowId 146 uecSrc 145 starting at 0
Flow Uec_90_218 flowId 147 uecSrc 146 starting at 0
Flow Uec_11_139 flowId 148 uecSrc 147 starting at 0
Flow Uec_28_156 flowId 149 uecSrc 148 starting at 0
Flow Uec_238_110 flowId 150 uecSrc 149 starting at 0
Flow Uec_24_152 flowId 151 uecSrc 150 starting at 0
Flow Uec_6_134 flowId 152 uecSrc 151 starting at 0
Flow Uec_78_206 flowId 153 uecSrc 152 starting at 0
Flow Uec_21_149 flowId 154 uecSrc 153 starting at 0
Flow Uec_244_116 flowId 155 uecSrc 154 starting at 0
Flow Uec_210_82 flowId 156 uecSrc 155 starting at 0
Flow Uec_109_237 flowId 157 uecSrc 156 starting at 0
Flow Uec_220_92 flowId 158 uecSrc 157 starting at 0
Flow Uec_218_90 flowId 159 uecSrc 158 starting at 0
Flow Uec_37_165 flowId 160 uecSrc 159 starting at 0
Flow Uec_173_45 flowId 161 uecSrc 160 starting at 0
Flow Uec_165_37 flowId 162 uecSrc 161 starting at 0
Flow Uec_119_247 flowId 163 uecSrc 162 starting at 0
Flow Uec_100_228 flowId 164 uecSrc 163 starting at 0
Flow Uec_10_138 flowId 165 uecSrc 164 starting at 0
Flow Uec_225_97 flowId 166 uecSrc 165 starting at 0
Flow Uec_9_137 flowId 167 uecSrc 166 starting at 0
Flow Uec_246_118 flowId 168 uecSrc 167 starting at 0
Flow Uec_62_190 flowId 169 uecSrc 168 starting at 0
Flow Uec_4_132 flowId 170 uecSrc 169 starting at 0
Flow Uec_64_192 flowId 171 uecSrc 170 starting at 0
Flow Uec_73_201 flowId 172 uecSrc 171 starting at 0
Flow Uec_175_47 flowId 173 uecSrc 172 starting at 0
Flow Uec_232_104 flowId 174 uecSrc 173 starting at 0
Flow Uec_255_127 flowId 175 uecSrc 174 starting at 0
Flow Uec_129_1 flowId 176 uecSrc 175 starting at 0
Flow Uec_178_50 flowId 177 uecSrc 176 starting at 0
Flow Uec_70_198 flowId 178 uecSrc 177 starting at 0
Flow Uec_169_41 flowId 179 uecSrc 178 starting at 0
Flow Uec_177_49 flowId 180 uecSrc 179 starting at 0
Flow Uec_46_174 flowId 181 uecSrc 180 starting at 0
Flow Uec_155_27 flowId 182 uecSrc 181 starting at 0
Flow Uec_63_191 flowId 183 uecSrc 182 starting at 0
Flow Uec_17_145 flowId 184 uecSrc 183 starting at 0
Flow Uec_71_199 flowId 185 uecSrc 184 starting at 0
Flow Uec_197_69 flowId 186 uecSrc 185 starting at 0
Flow Uec_162_34 flowId 187 uecSrc 186 starting at 0
Flow Uec_216_88 flowId 188 uecSrc 187 starting at 0
Flow Uec_183_55 flowId 189 uecSrc 188 starting at 0
Flow Uec_19_147 flowId 190 uecSrc 189 starting at 0
Flow Uec_115_243 flowId 191 uecSrc 190 starting at 0
Flow Uec_227_99 flowId 192 uecSrc 191 starting at 0
124.445 flowid 15 Spurious 3
129.844 flowid 39 Spurious 6
138.414 flowid 167 Spurious 23
139.499 flowid 43 Spurious 31
140.832 flowid 43 Spurious 33
140.93 flowid 167 Spurious 22
141.164 flowid 43 Spurious 34
141.833 flowid 43 Spurious 36
142.176 flowid 43 Spurious 39
142.508 flowid 43 Spurious 41
145.302 flowid 106 Spurious 59
145.506 flowid 43 Spurious 42
146.175 flowid 43 Spurious 44
146.507 flowid 43 Spurious 47
146.977 flowid 106 Spurious 65
147.181 flowid 43 Spurious 49
147.309 flowid 106 Spurious 66
151.077 flowid 73 Spurious 50
151.339 flowid 106 Spurious 70
151.409 flowid 73 Spurious 51
152.688 flowid 106 Spurious 72
153.02 flowid 106 Spurious 73
153.352 flowid 106 Spurious 74
153.684 flowid 106 Spurious 75
154.021 flowid 106 Spurious 77
154.027 flowid 63 Spurious 28
154.076 flowid 73 Spurious 52
155.027 flowid 106 Spurious 79
155.696 flowid 106 Spurious 61
155.746 flowid 73 Spurious 55
156.41 flowid 73 Spurious 56
157.748 flowid 73 Spurious 59
160.082 flowid 73 Spurious 60
160.414 flowid 73 Spurious 61
161.415 flowid 73 Spurious 64
161.747 flowid 73 Spurious 65
162.079 flowid 51 Spurious 53
162.411 flowid 51 Spurious 54
162.743 flowid 51 Spurious 55
163.075 flowid 51 Spurious 56
163.412 flowid 51 Spurious 57
163.744 flowid 51 Spurious 58
164.076 flowid 73 Spurious 66
164.408 flowid 73 Spurious 67
164.746 flowid 73 Spurious 68
165.083 flowid 73 Spurious 69
165.415 flowid 51 Spurious 59
165.747 flowid 51 Spurious 64
166.079 flowid 51 Spurious 65
166.411 flowid 51 Spurious 68
166.743 flowid 73 Spurious 70
167.08 flowid 51 Spurious 69
167.412 flowid 73 Spurious 71
167.744 flowid 51 Spurious 71
168.081 flowid 73 Spurious 72
168.413 flowid 51 Spurious 72
168.745 flowid 73 Spurious 73
169.077 flowid 51 Spurious 74
170.078 flowid 73 Spurious 76
170.742 flowid 73 Spurious 79
172.075 flowid 73 Spurious 81
172.407 flowid 73 Spurious 83
172.739 flowid 73 Spurious 84
173.577 flowid 81 Spurious 130
174.736 flowid 73 Spurious 87
175.068 flowid 73 Spurious 88
176.596 flowid 81 Spurious 129
Flow Uec_123_251 flowId 109 uecSrc 108 finished at 177.271 total messages 1 total packets 490 RTS 0 total bytes 2002140 in_flight now 0 fair_inc 0 prop_inc 81065 fast_inc 28287 eta_inc 8344 multi_dec -0 quick_dec -0 nack_dec -0
Flow Uec_122_250 flowId 65 uecSrc 64 finished at 177.33 total messages 1 total packets 490 RTS 0 total bytes 2002140 in_flight now 0 fair_inc 0 prop_inc 57257 fast_inc 185886 eta_inc 8344 multi_dec -0 quick_dec -0 nack_dec -0
Flow Uec_168_40 flowId 137 uecSrc 136 finished at 177.691 total messages 1 total packets 490 RTS 0 total bytes 2002140 in_flight now 0 fair_inc 0 prop_inc 80541 fast_inc 48492 eta_inc 8344 multi_dec -0 quick_dec -0 nack_dec -0
Flow Uec_114_242 flowId 124 uecSrc 123 finished at 177.799 total messages 1 total packets 490 RTS 0 total bytes 2002140 in_flight now 0 fair_inc 0 prop_inc 53925 fast_inc 56574 eta_inc 8344 multi_dec -0 quick_dec -0 nack_dec -0
179.602 flowid 10 Spurious 114
180.248 flowid 81 Spurious 138
Flow Uec_138_10 flowId 141 uecSrc 140 finished at 180.845 total messages 1 total packets 490 RTS 0 total bytes 2002140 in_flight now 0 fair_inc 0 prop_inc 92708 fast_inc 0 eta_inc 8344 multi_dec -0 quick_dec -0 nack_dec -0
181.405 flowid 81 Spurious 135
Flow Uec_111_239 flowId 145 uecSrc 144 finished at 181.535 total messages 1 total packets 490 RTS 0 total bytes 2002140 in_flight now 0 fair_inc 0 prop_inc 72465 fast_inc 0 eta_inc 8344 multi_dec -0 quick_dec -0 nack_dec -0
183.397 flowid 40 Spurious 134
Flow Uec_137_9 flowId 37 uecSrc 36 finished at 183.706 total messages 1 total packets 490 RTS 0 total bytes 2002140 in_flight now 0 fair_inc 0 prop_inc 84516 fast_inc 0 eta_inc 8344 multi_dec -0 quick_dec -0 nack_dec -0
183.734 flowid 40 Spurious 136
184.414 flowid 40 Spurious 138
185.435 flowid 40 Spurious 141
Flow Uec_146_18 flowId 125 uecSrc 124 finished at 185.504 total messages 1 total packets 490 RTS 0 total bytes 2002140 in_flight now 0 fair_inc 0 prop_inc 89150 fast_inc 0 eta_inc 8344 multi_dec -0 quick_dec -0 nack_dec -0
187.739 flowid 81 Spurious 151
189.067 flowid 81 Spurious 155
189.133 flowid 40 Spurious 145
190.078 flowid 81 Spurious 157
191.146 flowid 40 Spurious 147
193.077 flowid 81 Spurious 166
198.716 flowid 64 Spurious 176
Flow Uec_230_102 flowId 121 uecSrc 120 finished at 199.892 total messages 1 total packets 490 RTS 0 total bytes 2002140 in_flight now 0 fair_inc 2629 prop_inc 19062 fast_inc 0 eta_inc 9536 multi_dec -0 quick_dec -0 nack_dec -0
Flow Uec_15_143 flowId 85 uecSrc 84 finished at 200.19 total messages 1 total packets 490 RTS 0 total bytes 2002140 in_flight now 0 fair_inc 1503 prop_inc 18258 fast_inc 0 eta_inc 9536 multi_dec -0 quick_dec -0 nack_dec -0
200.713 flowid 64 Spurious 182
202.524 flowid 51 Spurious 140
202.928 flowid 11 Spurious 184
203.188 flowid 51 Spurious 141
203.852 flowid 51 Spurious 142
Flow Uec_52_180 flowId 132 uecSrc 131 finished at 204.464 total messages 1 total packets 490 RTS 0 total bytes 2002140 in_flight now 0 fair_inc 750 prop_inc 21739 fast_inc 0 eta_inc 9536 multi_dec -0 quick_dec -0 nack_dec -0
205.849 flowid 51 Spurious 144
Flow Uec_40_168 flowId 138 uecSrc 137 finished at 206.174 total messages 1 total packets 490 RTS 0 total bytes 2002140 in_flight now 0 fair_inc 9739 prop_inc 15698 fast_inc 0 eta_inc 10132 multi_dec -0 quick_dec -0 nack_dec -0
209.179 flowid 51 Spurious 148
209.843 flowid 51 Spurious 149
Flow Uec_253_125 flowId 87 uecSrc 86 finished at 217.536 total messages 1 total packets 490 RTS 0 total bytes 2002140 in_flight now 0 fair_inc 8654 prop_inc 9216 fast_inc 0 eta_inc 10728 multi_dec -3990 quick_dec -0 nack_dec -0
Flow Uec_99_227 flowId 14 uecSrc 13 finished at 223.76 total messages 1 total packets 490 RTS 0 total bytes 2002140 in_flight now 0 fair_inc 3254 prop_inc 20531 fast_inc 0 eta_inc 10728 multi_dec -45815 quick_dec -0 nack_dec -0
Flow Uec_29_157 flowId 81 uecSrc 80 finished at 224.156 total messages 1 total packets 491 RTS 1 total bytes 2002140 in_flight now 0 fair_inc 11580 prop_inc 20962 fast_inc 0 eta_inc 10728 multi_dec -0 quick_dec -0 nack_dec -4150
Flow Uec_31_159 flowId 139 uecSrc 138 finished at 224.164 total messages 1 total packets 490 RTS 0 total bytes 2002140 in_flight now 0 fair_inc 11306 prop_inc 17530 fast_inc 0 eta_inc 10728 multi_dec -442 quick_dec -0 nack_dec -4150
229.53 flowid 148 Spurious 216
230.09 flowid 149 Spurious 245
230.672 flowid 140 Spurious 231
231.004 flowid 140 Spurious 235
233.433 flowid 190 Spurious 195
236.202 flowid 149 Spurious 252
Flow Uec_22_150 flowId 114 uecSrc 113 finished at 244.991 total messages 1 total packets 492 RTS 2 total bytes 2002140 in_flight now 0 fair_inc 8410 prop_inc 39574 fast_inc 0 eta_inc 11324 multi_dec -0 quick_dec -0 nack_dec -4150
Flow Uec_188_60 flowId 40 uecSrc 39 finished at 245.336 total messages 1 total packets 492 RTS 2 total bytes 2002140 in_flight now 0 fair_inc 2845 prop_inc 17986 fast_inc 0 eta_inc 11324 multi_dec -708 quick_dec -0 nack_dec -20750
Flow Uec_49_177 flowId 105 uecSrc 104 finished at 254.398 total messages 1 total packets 490 RTS 0 total bytes 2002140 in_flight now 0 fair_inc 6527 prop_inc 64385 fast_inc 0 eta_inc 11920 multi_dec -90498 quick_dec -0 nack_dec -29050
Flow Uec_8_136 flowId 19 uecSrc 18 finished at 262.407 total messages 1 total packets 490 RTS 0 total bytes 2002140 in_flight now 0 fair_inc 12112 prop_inc 14615 fast_inc 0 eta_inc 11920 multi_dec -0 quick_dec -0 nack_dec -12450
262.455 flowid 11 Spurious 325
262.65 flowid 19 Spurious 327
Flow Uec_17_145 flowId 184 uecSrc 183 finished at 263.746 total messages 1 total packets 491 RTS 1 total bytes 2002140 in_flight now 0 fair_inc 2254 prop_inc 16368 fast_inc 0 eta_inc 10728 multi_dec -0 quick_dec -210805 nack_dec -4150
Flow Uec_21_149 flowId 154 uecSrc 153 finished at 264.043 total messages 1 total packets 492 RTS 2 total bytes 2002140 in_flight now 0 fair_inc 9060 prop_inc 30553 fast_inc 0 eta_inc 11920 multi_dec -0 quick_dec -0 nack_dec -4150
264.264 flowid 142 Spurious 294
269.917 flowid 11 Spurious 340
271.582 flowid 11 Spurious 345
271.925 flowid 11 Spurious 346
273.585 flowid 11 Spurious 350
Flow Uec_238_110 flowId 150 uecSrc 149 finished at 283.341 total messages 1 total packets 490 RTS 0 total bytes 2002140 in_flight now 0 fair_inc 7819 prop_inc 39182 fast_inc 0 eta_inc 13112 multi_dec -89606 quick_dec -0 nack_dec -37350
285.582 flowid 17 Spurious 489
Flow Uec_142_14 flowId 17 uecSrc 16 finished at 290.608 total messages 1 total packets 490 RTS 0 total bytes 2002140 in_flight now 0 fair_inc 0 prop_inc 84906 fast_inc 32328 eta_inc 8344 multi_dec -0 quick_dec -0 nack_dec -0
Flow Uec_54_182 flowId 115 uecSrc 114 finished at 294.958 total messages 1 total packets 490 RTS 0 total bytes 2002140 in_flight now 0 fair_inc 9069 prop_inc 33544 fast_inc 0 eta_inc 14304 multi_dec -76270 quick_dec -0 nack_dec -49800
Flow Uec_24_152 flowId 151 uecSrc 150 finished at 296.013 total messages 1 total packets 490 RTS 0 total bytes 2002140 in_flight now 0 fair_inc 8236 prop_inc 16876 fast_inc 0 eta_inc 10728 multi_dec -235 quick_dec -0 nack_dec -0
Flow Uec_9_137 flowId 167 uecSrc 166 finished at 297.643 total messages 1 total packets 494 RTS 4 total bytes 2002140 in_flight now 0 fair_inc 15618 prop_inc 9203 fast_inc 0 eta_inc 14304 multi_dec -9527 quick_dec -0 nack_dec -16600
297.964 flowid 64 Spurious 428
Flow Uec_43_171 flowId 64 uecSrc 63 finished at 298.033 total messages 1 total packets 492 RTS 2 total bytes 2002140 in_flight now 0 fair_inc 9102 prop_inc 27960 fast_inc 1010 eta_inc 11920 multi_dec -0 quick_dec -171335 nack_dec -4150
298.96 flowid 64 Spurious 431
299.423 flowid 62 Spurious 34
301.762 flowid 151 Spurious 451
Flow Uec_186_58 flowId 106 uecSrc 105 finished at 301.858 total messages 1 total packets 491 RTS 1 total bytes 2002140 in_flight now 0 fair_inc 13335 prop_inc 30758 fast_inc 0 eta_inc 13708 multi_dec -48585 quick_dec -0 nack_dec -16600
302.609 flowid 44 Spurious 326
302.924 flowid 32 Spurious 317
304.614 flowid 99 Spurious 409
Flow Uec_4_132 flowId 170 uecSrc 169 finished at 308.852 total messages 1 total packets 496 RTS 6 total bytes 2002140 in_flight now -64 fair_inc 13938 prop_inc 29982 fast_inc 0 eta_inc 14304 multi_dec -18940 quick_dec -0 nack_dec -0
Flow Uec_37_165 flowId 160 uecSrc 159 finished at 315.68 total messages 1 total packets 491 RTS 1 total bytes 2002140 in_flight now 0 fair_inc 7489 prop_inc 48435 fast_inc 0 eta_inc 12516 multi_dec -0 quick_dec -0 nack_dec -0
Flow Uec_104_232 flowId 93 uecSrc 92 finished at 320.856 total messages 1 total packets 490 RTS 0 total bytes 2002140 in_flight now 0 fair_inc 4930 prop_inc 28807 fast_inc 0 eta_inc 15496 multi_dec -89931 quick_dec -0 nack_dec -37350
Flow Uec_18_146 flowId 140 uecSrc 139 finished at 325.094 total messages 1 total packets 494 RTS 4 total bytes 2002140 in_flight now 0 fair_inc 21728 prop_inc 21823 fast_inc 2020 eta_inc 13112 multi_dec -0 quick_dec -173704 nack_dec -20750
Flow Uec_223_95 flowId 47 uecSrc 46 finished at 328.859 total messages 1 total packets 490 RTS 0 total bytes 2002140 in_flight now 0 fair_inc 4895 prop_inc 32193 fast_inc 0 eta_inc 15496 multi_dec -67674 quick_dec -0 nack_dec -62250
Flow Uec_182_54 flowId 82 uecSrc 81 finished at 329.134 total messages 1 total packets 490 RTS 0 total bytes 2002140 in_flight now 0 fair_inc 5915 prop_inc 28833 fast_inc 0 eta_inc 15496 multi_dec -71893 quick_dec -0 nack_dec -58100
Flow Uec_250_122 flowId 107 uecSrc 106 finished at 329.136 total messages 1 total packets 490 RTS 0 total bytes 2002140 in_flight now 0 fair_inc 8611 prop_inc 32334 fast_inc 0 eta_inc 15496 multi_dec -87714 quick_dec -0 nack_dec -45650
Flow Uec_127_255 flowId 38 uecSrc 37 finished at 332.325 total messages 1 total packets 490 RTS 0 total bytes 2002140 in_flight now 0 fair_inc 6414 prop_inc 36592 fast_inc 0 eta_inc 16092 multi_dec -120872 quick_dec -0 nack_dec -29050
Flow Uec_14_142 flowId 99 uecSrc 98 finished at 333.159 total messages 1 total packets 496 RTS 6 total bytes 2002140 in_flight now -64 fair_inc 5788 prop_inc 28227 fast_inc 0 eta_inc 13708 multi_dec -0 quick_dec -171652 nack_dec -8300
333.674 flowid 149 Spurious 435
Flow Uec_28_156 flowId 149 uecSrc 148 finished at 334.328 total messages 1 total packets 496 RTS 6 total bytes 2002140 in_flight now 0 fair_inc 8630 prop_inc 49097 fast_inc 0 eta_inc 14304 multi_dec -0 quick_dec -0 nack_dec -0
Flow Uec_196_68 flowId 95 uecSrc 94 finished at 334.477 total messages 1 total packets 490 RTS 0 total bytes 2002140 in_flight now 0 fair_inc 6884 prop_inc 30498 fast_inc 0 eta_inc 16092 multi_dec -114765 quick_dec -0 nack_dec -29050
Flow Uec_78_206 flowId 153 uecSrc 152 finished at 334.724 total messages 1 total packets 490 RTS 0 total bytes 2002140 in_flight now 0 fair_inc 7194 prop_inc 36974 fast_inc 0 eta_inc 16092 multi_dec -91390 quick_dec -0 nack_dec -58100
Flow Uec_185_57 flowId 73 uecSrc 72 finished at 336.153 total messages 1 total packets 493 RTS 3 total bytes 2002140 in_flight now 0 fair_inc 6360 prop_inc 50604 fast_inc 0 eta_inc 14900 multi_dec -0 quick_dec -0 nack_dec -8300
336.576 flowid 149 Spurious 438
Flow Uec_74_202 flowId 4 uecSrc 3 finished at 337.752 total messages 1 total packets 490 RTS 0 total bytes 2002140 in_flight now 0 fair_inc 8211 prop_inc 18482 fast_inc 0 eta_inc 16092 multi_dec -63853 quick_dec -0 nack_dec -62250
339.43 flowid 149 Spurious 443
Flow Uec_119_247 flowId 163 uecSrc 162 finished at 340.436 total messages 1 total packets 490 RTS 0 total bytes 2002140 in_flight now 0 fair_inc 7016 prop_inc 41043 fast_inc 0 eta_inc 16092 multi_dec -92034 quick_dec -0 nack_dec -62250
Flow Uec_167_39 flowId 136 uecSrc 135 finished at 341.019 total messages 1 total packets 490 RTS 0 total bytes 2002140 in_flight now 0 fair_inc 2556 prop_inc 44297 fast_inc 0 eta_inc 15496 multi_dec -103969 quick_dec -0 nack_dec -45650
Flow Uec_86_214 flowId 117 uecSrc 116 finished at 341.557 total messages 1 total packets 490 RTS 0 total bytes 2002140 in_flight now 0 fair_inc 27588 prop_inc 44288 fast_inc 0 eta_inc 16092 multi_dec -134303 quick_dec -0 nack_dec -20750
Flow Uec_93_221 flowId 88 uecSrc 87 finished at 343.326 total messages 1 total packets 490 RTS 0 total bytes 2002140 in_flight now 0 fair_inc 14245 prop_inc 14849 fast_inc 0 eta_inc 16092 multi_dec -86236 quick_dec -0 nack_dec -41500
Flow Uec_94_222 flowId 83 uecSrc 82 finished at 343.714 total messages 1 total packets 490 RTS 0 total bytes 2002140 in_flight now 0 fair_inc 2511 prop_inc 36604 fast_inc 0 eta_inc 16688 multi_dec -102999 quick_dec -0 nack_dec -45650
Flow Uec_116_244 flowId 92 uecSrc 91 finished at 344.002 total messages 1 total packets 490 RTS 0 total bytes 2002140 in_flight now 0 fair_inc 8725 prop_inc 40960 fast_inc 8082 eta_inc 16688 multi_dec -97745 quick_dec -0 nack_dec -53950
Flow Uec_47_175 flowId 11 uecSrc 10 finished at 344.513 total messages 1 total packets 496 RTS 6 total bytes 2002140 in_flight now 0 fair_inc 3504 prop_inc 44563 fast_inc 0 eta_inc 14304 multi_dec -0 quick_dec -157282 nack_dec -4150
Flow Uec_192_64 flowId 144 uecSrc 143 finished at 344.83 total messages 1 total packets 490 RTS 0 total bytes 2002140 in_flight now 0 fair_inc 19951 prop_inc 32393 fast_inc 0 eta_inc 16688 multi_dec -112573 quick_dec -0 nack_dec -37350
Flow Uec_32_160 flowId 32 uecSrc 31 finished at 344.871 total messages 1 total packets 493 RTS 3 total bytes 2002140 in_flight now 0 fair_inc 5548 prop_inc 27525 fast_inc 0 eta_inc 14304 multi_dec -111717 quick_dec -0 nack_dec -12450
Flow Uec_216_88 flowId 188 uecSrc 187 finished at 347.875 total messages 1 total packets 490 RTS 0 total bytes 2002140 in_flight now 0 fair_inc 5970 prop_inc 44873 fast_inc 1010 eta_inc 15496 multi_dec -107432 quick_dec -0 nack_dec -41500
Flow Uec_222_94 flowId 20 uecSrc 19 finished at 349.232 total messages 1 total packets 490 RTS 0 total bytes 2002140 in_flight now 0 fair_inc 11046 prop_inc 30811 fast_inc 0 eta_inc 16092 multi_dec -68227 quick_dec -0 nack_dec -70550
Flow Uec_44_172 flowId 142 uecSrc 141 finished at 349.322 total messages 1 total packets 494 RTS 4 total bytes 2002140 in_flight now -64 fair_inc 17547 prop_inc 20173 fast_inc 0 eta_inc 15496 multi_dec -108166 quick_dec -0 nack_dec -0
Flow Uec_19_147 flowId 190 uecSrc 189 finished at 349.784 total messages 1 total packets 496 RTS 6 total bytes 2002140 in_flight now 0 fair_inc 9048 prop_inc 36398 fast_inc 0 eta_inc 15496 multi_dec -48929 quick_dec -0 nack_dec -4150
Flow Uec_153_25 flowId 9 uecSrc 8 finished at 351.871 total messages 1 total packets 492 RTS 2 total bytes 2002140 in_flight now 0 fair_inc 4286 prop_inc 49602 fast_inc 0 eta_inc 16092 multi_dec -109794 quick_dec -0 nack_dec -29050
Flow Uec_248_120 flowId 57 uecSrc 56 finished at 353.171 total messages 1 total packets 490 RTS 0 total bytes 2002140 in_flight now 0 fair_inc 20921 prop_inc 36970 fast_inc 0 eta_inc 16688 multi_dec -112040 quick_dec -0 nack_dec -41500
Flow Uec_177_49 flowId 180 uecSrc 179 finished at 355.325 total messages 1 total packets 490 RTS 0 total bytes 2002140 in_flight now 0 fair_inc 5819 prop_inc 51846 fast_inc 97471 eta_inc 16092 multi_dec -118333 quick_dec -0 nack_dec -53950
Flow Uec_63_191 flowId 183 uecSrc 182 finished at 361.759 total messages 1 total packets 490 RTS 0 total bytes 2002140 in_flight now 0 fair_inc 22063 prop_inc 46846 fast_inc 0 eta_inc 17284 multi_dec -166235 quick_dec -0 nack_dec -20750
Flow Uec_88_216 flowId 31 uecSrc 30 finished at 362.457 total messages 1 total packets 490 RTS 0 total bytes 2002140 in_flight now 0 fair_inc 21844 prop_inc 53056 fast_inc 489 eta_inc 17284 multi_dec -125185 quick_dec -0 nack_dec -41500
Flow Uec_190_62 flowId 43 uecSrc 42 finished at 370.833 total messages 1 total packets 492 RTS 2 total bytes 2002140 in_flight now 0 fair_inc 16052 prop_inc 8111 fast_inc 0 eta_inc 17284 multi_dec -0 quick_dec -0 nack_dec -37350
Flow Uec_36_164 flowId 12 uecSrc 11 finished at 374.386 total messages 1 total packets 495 RTS 5 total bytes 2002140 in_flight now 0 fair_inc 1213 prop_inc 63779 fast_inc 0 eta_inc 13112 multi_dec -0 quick_dec -162354 nack_dec -12450
Flow Uec_30_158 flowId 61 uecSrc 60 finished at 374.396 total messages 1 total packets 492 RTS 2 total bytes 2002140 in_flight now 0 fair_inc 15714 prop_inc 58890 fast_inc 0 eta_inc 14304 multi_dec -0 quick_dec -179773 nack_dec -16600
Flow Uec_135_7 flowId 111 uecSrc 110 finished at 379.64 total messages 1 total packets 490 RTS 0 total bytes 2002140 in_flight now 0 fair_inc 7780 prop_inc 35808 fast_inc 0 eta_inc 17284 multi_dec -10344 quick_dec -0 nack_dec -128650
Flow Uec_34_162 flowId 10 uecSrc 9 finished at 381.973 total messages 1 total packets 496 RTS 6 total bytes 2002140 in_flight now 0 fair_inc 8801 prop_inc 40382 fast_inc 0 eta_inc 17880 multi_dec -143801 quick_dec -0 nack_dec -0
Flow Uec_240_112 flowId 33 uecSrc 32 finished at 382.639 total messages 1 total packets 490 RTS 0 total bytes 2002140 in_flight now 0 fair_inc 4829 prop_inc 37283 fast_inc 0 eta_inc 17880 multi_dec -72966 quick_dec -0 nack_dec -87150
Flow Uec_13_141 flowId 30 uecSrc 29 finished at 383.42 total messages 1 total packets 495 RTS 5 total bytes 2002140 in_flight now -64 fair_inc 420 prop_inc 69819 fast_inc 15 eta_inc 14900 multi_dec -0 quick_dec -164794 nack_dec -37350
Flow Uec_189_61 flowId 51 uecSrc 50 finished at 386.146 total messages 1 total packets 495 RTS 5 total bytes 2002140 in_flight now 0 fair_inc 2850 prop_inc 80589 fast_inc 6061 eta_inc 16092 multi_dec -27813 quick_dec -0 nack_dec -16600
Flow Uec_228_100 flowId 58 uecSrc 57 finished at 386.646 total messages 1 total packets 490 RTS 0 total bytes 2002140 in_flight now 0 fair_inc 0 prop_inc 93959 fast_inc 0 eta_inc 16688 multi_dec -109073 quick_dec -0 nack_dec -62250
Flow Uec_109_237 flowId 157 uecSrc 156 finished at 391.068 total messages 1 total packets 490 RTS 0 total bytes 2002140 in_flight now 0 fair_inc 19290 prop_inc 25848 fast_inc 0 eta_inc 18476 multi_dec -35533 quick_dec -0 nack_dec -116200
Flow Uec_7_135 flowId 101 uecSrc 100 finished at 394.627 total messages 1 total packets 497 RTS 7 total bytes 2002140 in_flight now 0 fair_inc 1819 prop_inc 83217 fast_inc 0 eta_inc 14304 multi_dec -0 quick_dec -148223 nack_dec -4150
Flow Uec_232_104 flowId 174 uecSrc 173 finished at 400.663 total messages 1 total packets 490 RTS 0 total bytes 2002140 in_flight now 0 fair_inc 1287 prop_inc 47669 fast_inc 0 eta_inc 18476 multi_dec -60897 quick_dec -0 nack_dec -99600
Flow Uec_66_194 flowId 28 uecSrc 27 finished at 402.952 total messages 1 total packets 490 RTS 0 total bytes 2002140 in_flight now 0 fair_inc 0 prop_inc 89762 fast_inc 0 eta_inc 18476 multi_dec -79134 quick_dec -0 nack_dec -95450
Flow Uec_67_195 flowId 41 uecSrc 40 finished at 404.193 total messages 1 total packets 490 RTS 0 total bytes 2002140 in_flight now 0 fair_inc 27915 prop_inc 66410 fast_inc 0 eta_inc 19072 multi_dec -184851 quick_dec -0 nack_dec -37350
Flow Uec_25_153 flowId 44 uecSrc 43 finished at 408.478 total messages 1 total packets 495 RTS 5 total bytes 2002140 in_flight now 0 fair_inc 8568 prop_inc 30340 fast_inc 0 eta_inc 16688 multi_dec -62445 quick_dec -0 nack_dec -0
Flow Uec_178_50 flowId 177 uecSrc 176 finished at 408.503 total messages 1 total packets 490 RTS 0 total bytes 2002140 in_flight now 0 fair_inc 0 prop_inc 113627 fast_inc 0 eta_inc 17284 multi_dec -164100 quick_dec -0 nack_dec -24900
412.745 flowid 148 Spurious 477
Flow Uec_48_176 flowId 6 uecSrc 5 finished at 418.088 total messages 1 total packets 494 RTS 4 total bytes 2002140 in_flight now 0 fair_inc 14891 prop_inc 83290 fast_inc 0 eta_inc 19072 multi_dec -169132 quick_dec -0 nack_dec -29050
Flow Uec_60_188 flowId 15 uecSrc 14 finished at 425.349 total messages 1 total packets 496 RTS 6 total bytes 2002140 in_flight now 0 fair_inc 2158 prop_inc 101053 fast_inc 0 eta_inc 19668 multi_dec -0 quick_dec -0 nack_dec -20750
Flow Uec_229_101 flowId 71 uecSrc 70 finished at 431.145 total messages 1 total packets 490 RTS 0 total bytes 2002140 in_flight now 0 fair_inc 13291 prop_inc 33607 fast_inc 0 eta_inc 20860 multi_dec -101361 quick_dec -0 nack_dec -74700
Flow Uec_100_228 flowId 164 uecSrc 163 finished at 432.712 total messages 1 total packets 490 RTS 0 total bytes 2002140 in_flight now 0 fair_inc 30760 prop_inc 19685 fast_inc 0 eta_inc 20860 multi_dec -10382 quick_dec -0 nack_dec -149400
Flow Uec_239_111 flowId 133 uecSrc 132 finished at 434.287 total messages 1 total packets 490 RTS 0 total bytes 2002140 in_flight now 0 fair_inc 5830 prop_inc 26946 fast_inc 0 eta_inc 20860 multi_dec -21358 quick_dec -0 nack_dec -136950
Flow Uec_251_123 flowId 27 uecSrc 26 finished at 434.328 total messages 1 total packets 490 RTS 0 total bytes 2002140 in_flight now 0 fair_inc 4912 prop_inc 27823 fast_inc 0 eta_inc 20264 multi_dec -30677 quick_dec -0 nack_dec -128650
Flow Uec_246_118 flowId 168 uecSrc 167 finished at 437.417 total messages 1 total packets 490 RTS 0 total bytes 2002140 in_flight now 0 fair_inc 8432 prop_inc 59400 fast_inc 0 eta_inc 19668 multi_dec -181272 quick_dec -0 nack_dec -16600
Flow Uec_179_51 flowId 146 uecSrc 145 finished at 438.326 total messages 1 total packets 490 RTS 0 total bytes 2002140 in_flight now 0 fair_inc 20959 prop_inc 43509 fast_inc 0 eta_inc 20860 multi_dec -40909 quick_dec -0 nack_dec -128650
Flow Uec_212_84 flowId 1 uecSrc 0 finished at 439.846 total messages 1 total packets 490 RTS 0 total bytes 2002140 in_flight now 0 fair_inc 17913 prop_inc 14946 fast_inc 0 eta_inc 20860 multi_dec -40702 quick_dec -0 nack_dec -124500
Flow Uec_209_81 flowId 130 uecSrc 129 finished at 441.665 total messages 1 total packets 490 RTS 0 total bytes 2002140 in_flight now 0 fair_inc 18224 prop_inc 13300 fast_inc 0 eta_inc 20860 multi_dec -57366 quick_dec -0 nack_dec -112050
Flow Uec_245_117 flowId 50 uecSrc 49 finished at 444.819 total messages 1 total packets 490 RTS 0 total bytes 2002140 in_flight now 0 fair_inc 10005 prop_inc 55118 fast_inc 0 eta_inc 19668 multi_dec -171512 quick_dec -0 nack_dec -24900
Flow Uec_166_38 flowId 116 uecSrc 115 finished at 447.524 total messages 1 total packets 490 RTS 0 total bytes 2002140 in_flight now 0 fair_inc 26368 prop_inc 35888 fast_inc 0 eta_inc 20264 multi_dec -141871 quick_dec -0 nack_dec -66400
Flow Uec_180_52 flowId 7 uecSrc 6 finished at 451.342 total messages 1 total packets 490 RTS 0 total bytes 2002140 in_flight now 0 fair_inc 19560 prop_inc 14897 fast_inc 0 eta_inc 20264 multi_dec -81228 quick_dec -0 nack_dec -83000
Flow Uec_27_155 flowId 2 uecSrc 1 finished at 452.669 total messages 1 total packets 506 RTS 16 total bytes 2002140 in_flight now -128 fair_inc 26194 prop_inc 40773 fast_inc 0 eta_inc 20860 multi_dec -30253 quick_dec -0 nack_dec -4150
Flow Uec_115_243 flowId 191 uecSrc 190 finished at 453.111 total messages 1 total packets 490 RTS 0 total bytes 2002140 in_flight now 0 fair_inc 4731 prop_inc 87700 fast_inc 0 eta_inc 20264 multi_dec -86914 quick_dec -0 nack_dec -107900
Flow Uec_227_99 flowId 192 uecSrc 191 finished at 459.615 total messages 1 total packets 490 RTS 0 total bytes 2002140 in_flight now 0 fair_inc 4430 prop_inc 54850 fast_inc 0 eta_inc 21456 multi_dec -85976 quick_dec -0 nack_dec -91300
Flow Uec_163_35 flowId 34 uecSrc 33 finished at 463.864 total messages 1 total packets 492 RTS 2 total bytes 2002140 in_flight now 0 fair_inc 25790 prop_inc 38386 fast_inc 0 eta_inc 20860 multi_dec -124113 quick_dec -0 nack_dec -66400
Flow Uec_130_2 flowId 96 uecSrc 95 finished at 464.308 total messages 1 total packets 490 RTS 0 total bytes 2002140 in_flight now 0 fair_inc 15325 prop_inc 71339 fast_inc 0 eta_inc 20860 multi_dec -99169 quick_dec -0 nack_dec -87150
Flow Uec_103_231 flowId 78 uecSrc 77 finished at 467.614 total messages 1 total packets 490 RTS 0 total bytes 2002140 in_flight now 0 fair_inc 17420 prop_inc 49151 fast_inc 0 eta_inc 22052 multi_dec -66866 quick_dec -0 nack_dec -99600
Flow Uec_143_15 flowId 103 uecSrc 102 finished at 470.425 total messages 1 total packets 490 RTS 0 total bytes 2002140 in_flight now 0 fair_inc 13206 prop_inc 24048 fast_inc 0 eta_inc 22052 multi_dec -104920 quick_dec -0 nack_dec -70550
Flow Uec_89_217 flowId 100 uecSrc 99 finished at 471.194 total messages 1 total packets 490 RTS 0 total bytes 2002140 in_flight now 0 fair_inc 40957 prop_inc 20929 fast_inc 0 eta_inc 22648 multi_dec -38620 quick_dec -0 nack_dec -157700
Flow Uec_131_3 flowId 120 uecSrc 119 finished at 471.413 total messages 1 total packets 491 RTS 1 total bytes 2002140 in_flight now 0 fair_inc 7197 prop_inc 17202 fast_inc 0 eta_inc 21456 multi_dec -51129 quick_dec -0 nack_dec -95450
Flow Uec_45_173 flowId 118 uecSrc 117 finished at 476.681 total messages 1 total packets 503 RTS 13 total bytes 2002140 in_flight now -128 fair_inc 38335 prop_inc 41263 fast_inc 0 eta_inc 22052 multi_dec -0 quick_dec -0 nack_dec -29050
Flow Uec_6_134 flowId 152 uecSrc 151 finished at 478.628 total messages 1 total packets 494 RTS 4 total bytes 2002140 in_flight now 0 fair_inc 808 prop_inc 79092 fast_inc 0 eta_inc 14304 multi_dec -0 quick_dec -170438 nack_dec -37350
Flow Uec_58_186 flowId 39 uecSrc 38 finished at 480.408 total messages 1 total packets 492 RTS 2 total bytes 2002140 in_flight now 0 fair_inc 3569 prop_inc 109359 fast_inc 46465 eta_inc 21456 multi_dec -0 quick_dec -0 nack_dec -24900
Flow Uec_157_29 flowId 23 uecSrc 22 finished at 481.864 total messages 1 total packets 491 RTS 1 total bytes 2002140 in_flight now 0 fair_inc 33723 prop_inc 17155 fast_inc 0 eta_inc 22052 multi_dec -78838 quick_dec -0 nack_dec -99600
Flow Uec_64_192 flowId 171 uecSrc 170 finished at 485.1 total messages 1 total packets 490 RTS 0 total bytes 2002140 in_flight now 0 fair_inc 29700 prop_inc 15517 fast_inc 0 eta_inc 22648 multi_dec -11946 quick_dec -0 nack_dec -166000
Flow Uec_150_22 flowId 119 uecSrc 118 finished at 488.333 total messages 1 total packets 490 RTS 0 total bytes 2002140 in_flight now 0 fair_inc 37100 prop_inc 16711 fast_inc 0 eta_inc 21456 multi_dec -122925 quick_dec -0 nack_dec -78850
Flow Uec_134_6 flowId 72 uecSrc 71 finished at 493.49 total messages 1 total packets 491 RTS 1 total bytes 2002140 in_flight now 0 fair_inc 0 prop_inc 9730 fast_inc 0 eta_inc 22648 multi_dec -51106 quick_dec -0 nack_dec -78850
Flow Uec_255_127 flowId 175 uecSrc 174 finished at 496.583 total messages 1 total packets 490 RTS 0 total bytes 2002140 in_flight now 0 fair_inc 7428 prop_inc 50698 fast_inc 0 eta_inc 23244 multi_dec -70149 quick_dec -0 nack_dec -103750
Flow Uec_183_55 flowId 189 uecSrc 188 finished at 498.646 total messages 1 total packets 490 RTS 0 total bytes 2002140 in_flight now 0 fair_inc 17034 prop_inc 31204 fast_inc 0 eta_inc 22648 multi_dec -73667 quick_dec -0 nack_dec -103750
Flow Uec_53_181 flowId 54 uecSrc 53 finished at 499.869 total messages 1 total packets 490 RTS 0 total bytes 2002140 in_flight now 0 fair_inc 35869 prop_inc 16572 fast_inc 0 eta_inc 23840 multi_dec -116912 quick_dec -0 nack_dec -78850
Flow Uec_162_34 flowId 187 uecSrc 186 finished at 500.009 total messages 1 total packets 491 RTS 1 total bytes 2002140 in_flight now 0 fair_inc 52473 prop_inc 9233 fast_inc 0 eta_inc 22648 multi_dec -45094 quick_dec -0 nack_dec -141100
Flow Uec_193_65 flowId 134 uecSrc 133 finished at 500.467 total messages 1 total packets 490 RTS 0 total bytes 2002140 in_flight now 0 fair_inc 35470 prop_inc 33169 fast_inc 0 eta_inc 22648 multi_dec -80514 quick_dec -0 nack_dec -120350
Flow Uec_79_207 flowId 90 uecSrc 89 finished at 506.828 total messages 1 total packets 490 RTS 0 total bytes 2002140 in_flight now 0 fair_inc 25325 prop_inc 31637 fast_inc 0 eta_inc 23840 multi_dec -107837 quick_dec -0 nack_dec -87150
Flow Uec_107_235 flowId 79 uecSrc 78 finished at 509.218 total messages 1 total packets 490 RTS 0 total bytes 2002140 in_flight now 0 fair_inc 28376 prop_inc 47545 fast_inc 0 eta_inc 22648 multi_dec -153975 quick_dec -0 nack_dec -58100
Flow Uec_92_220 flowId 131 uecSrc 130 finished at 509.54 total messages 1 total packets 490 RTS 0 total bytes 2002140 in_flight now 0 fair_inc 16474 prop_inc 8524 fast_inc 0 eta_inc 23244 multi_dec -37526 quick_dec -0 nack_dec -132800
Flow Uec_237_109 flowId 143 uecSrc 142 finished at 511.106 total messages 1 total packets 490 RTS 0 total bytes 2002140 in_flight now 0 fair_inc 10438 prop_inc 62008 fast_inc 0 eta_inc 23244 multi_dec -99527 quick_dec -0 nack_dec -91300
Flow Uec_10_138 flowId 165 uecSrc 164 finished at 513.516 total messages 1 total packets 500 RTS 10 total bytes 2002140 in_flight now -64 fair_inc 14900 prop_inc 53682 fast_inc 0 eta_inc 22052 multi_dec -23464 quick_dec -92392 nack_dec -33200
Flow Uec_106_234 flowId 36 uecSrc 35 finished at 515.489 total messages 1 total packets 490 RTS 0 total bytes 2002140 in_flight now 0 fair_inc 21759 prop_inc 58329 fast_inc 0 eta_inc 24436 multi_dec -107497 quick_dec -0 nack_dec -95450
Flow Uec_174_46 flowId 94 uecSrc 93 finished at 516.825 total messages 1 total packets 491 RTS 1 total bytes 2002140 in_flight now 0 fair_inc 19994 prop_inc 35995 fast_inc 0 eta_inc 23244 multi_dec -78924 quick_dec -0 nack_dec -116200
Flow Uec_11_139 flowId 148 uecSrc 147 finished at 520.679 total messages 1 total packets 494 RTS 4 total bytes 2002140 in_flight now -64 fair_inc 5157 prop_inc 83427 fast_inc 0 eta_inc 17284 multi_dec -0 quick_dec -173684 nack_dec -41500
Flow Uec_46_174 flowId 181 uecSrc 180 finished at 521.82 total messages 1 total packets 504 RTS 14 total bytes 2002140 in_flight now -64 fair_inc 25046 prop_inc 25468 fast_inc 0 eta_inc 21456 multi_dec -211 quick_dec -80773 nack_dec -4150
Flow Uec_81_209 flowId 84 uecSrc 83 finished at 523.155 total messages 1 total packets 490 RTS 0 total bytes 2002140 in_flight now 0 fair_inc 14896 prop_inc 47795 fast_inc 7560 eta_inc 24436 multi_dec -83450 quick_dec -0 nack_dec -107900
Flow Uec_50_178 flowId 56 uecSrc 55 finished at 527.942 total messages 1 total packets 490 RTS 0 total bytes 2002140 in_flight now 0 fair_inc 36653 prop_inc 27919 fast_inc 27761 eta_inc 24436 multi_dec -145498 quick_dec -0 nack_dec -62250
Flow Uec_98_226 flowId 70 uecSrc 69 finished at 530.496 total messages 1 total packets 490 RTS 0 total bytes 2002140 in_flight now 0 fair_inc 31526 prop_inc 83533 fast_inc 0 eta_inc 23840 multi_dec -137294 quick_dec -0 nack_dec -74700
Flow Uec_176_48 flowId 89 uecSrc 88 finished at 541.382 total messages 1 total packets 491 RTS 1 total bytes 2002140 in_flight now 0 fair_inc 24499 prop_inc 94544 fast_inc 0 eta_inc 23840 multi_dec -99210 quick_dec -0 nack_dec -128650
Flow Uec_224_96 flowId 13 uecSrc 12 finished at 542.995 total messages 1 total packets 490 RTS 0 total bytes 2002140 in_flight now 0 fair_inc 32027 prop_inc 40828 fast_inc 109589 eta_inc 25032 multi_dec -174500 quick_dec -0 nack_dec -66400
Flow Uec_191_63 flowId 110 uecSrc 109 finished at 543.114 total messages 1 total packets 490 RTS 0 total bytes 2002140 in_flight now 0 fair_inc 28039 prop_inc 103951 fast_inc 0 eta_inc 20860 multi_dec -127789 quick_dec -0 nack_dec -95450
Flow Uec_234_106 flowId 69 uecSrc 68 finished at 545.31 total messages 1 total packets 490 RTS 0 total bytes 2002140 in_flight now 0 fair_inc 60162 prop_inc 20497 fast_inc 0 eta_inc 24436 multi_dec -103847 quick_dec -0 nack_dec -132800
Flow Uec_90_218 flowId 147 uecSrc 146 finished at 546.133 total messages 1 total packets 490 RTS 0 total bytes 2002140 in_flight now 0 fair_inc 36708 prop_inc 19323 fast_inc 0 eta_inc 25032 multi_dec -45642 quick_dec -0 nack_dec -153550
Flow Uec_139_11 flowId 18 uecSrc 17 finished at 547.626 total messages 1 total packets 491 RTS 1 total bytes 2002140 in_flight now 0 fair_inc 14592 prop_inc 60268 fast_inc 0 eta_inc 24436 multi_dec -103963 quick_dec -0 nack_dec -99600
Flow Uec_252_124 flowId 42 uecSrc 41 finished at 549.799 total messages 1 total packets 490 RTS 0 total bytes 2002140 in_flight now 0 fair_inc 24002 prop_inc 54824 fast_inc 72736 eta_inc 24436 multi_dec -118173 quick_dec -0 nack_dec -87150
Flow Uec_235_107 flowId 104 uecSrc 103 finished at 549.808 total messages 1 total packets 490 RTS 0 total bytes 2002140 in_flight now 0 fair_inc 39809 prop_inc 69242 fast_inc 0 eta_inc 23840 multi_dec -110279 quick_dec -0 nack_dec -103750
Flow Uec_62_190 flowId 169 uecSrc 168 finished at 549.955 total messages 1 total packets 491 RTS 1 total bytes 2002140 in_flight now 0 fair_inc 7634 prop_inc 63910 fast_inc 333864 eta_inc 19668 multi_dec -0 quick_dec -152705 nack_dec -4150
Flow Uec_155_27 flowId 182 uecSrc 181 finished at 550.559 total messages 1 total packets 492 RTS 2 total bytes 2002140 in_flight now 0 fair_inc 22219 prop_inc 28719 fast_inc 0 eta_inc 23840 multi_dec -25627 quick_dec -0 nack_dec -132800
Flow Uec_129_1 flowId 176 uecSrc 175 finished at 551.659 total messages 1 total packets 491 RTS 1 total bytes 2002140 in_flight now 0 fair_inc 2679 prop_inc 127434 fast_inc 0 eta_inc 22648 multi_dec -153703 quick_dec -0 nack_dec -70550
Flow Uec_61_189 flowId 45 uecSrc 44 finished at 557.162 total messages 1 total packets 490 RTS 0 total bytes 2002140 in_flight now 0 fair_inc 0 prop_inc 57584 fast_inc 383370 eta_inc 16688 multi_dec -0 quick_dec -175243 nack_dec -24900
Flow Uec_175_47 flowId 173 uecSrc 172 finished at 558.887 total messages 1 total packets 491 RTS 1 total bytes 2002140 in_flight now 0 fair_inc 44769 prop_inc 4371 fast_inc 0 eta_inc 26224 multi_dec -54246 quick_dec -0 nack_dec -136950
Flow Uec_56_184 flowId 108 uecSrc 107 finished at 565.554 total messages 1 total packets 491 RTS 1 total bytes 2002140 in_flight now 0 fair_inc 1825 prop_inc 118017 fast_inc 0 eta_inc 23840 multi_dec -0 quick_dec -0 nack_dec -0
Flow Uec_20_148 flowId 76 uecSrc 75 finished at 567.532 total messages 1 total packets 505 RTS 15 total bytes 2002140 in_flight now -128 fair_inc 16966 prop_inc 93866 fast_inc 0 eta_inc 25032 multi_dec -0 quick_dec -0 nack_dec -12450
Flow Uec_244_116 flowId 155 uecSrc 154 finished at 568.757 total messages 1 total packets 490 RTS 0 total bytes 2002140 in_flight now 0 fair_inc 57537 prop_inc 29008 fast_inc 220720 eta_inc 25628 multi_dec -156315 quick_dec -0 nack_dec -124500
Flow Uec_231_103 flowId 29 uecSrc 28 finished at 569.938 total messages 1 total packets 490 RTS 0 total bytes 2002140 in_flight now 0 fair_inc 28941 prop_inc 38049 fast_inc 0 eta_inc 25628 multi_dec -97590 quick_dec -0 nack_dec -116200
Flow Uec_121_249 flowId 128 uecSrc 127 finished at 571.164 total messages 1 total packets 490 RTS 0 total bytes 2002140 in_flight now 0 fair_inc 39092 prop_inc 22499 fast_inc 0 eta_inc 26224 multi_dec -109955 quick_dec -0 nack_dec -87150
Flow Uec_145_17 flowId 80 uecSrc 79 finished at 576.455 total messages 1 total packets 490 RTS 0 total bytes 2002140 in_flight now 0 fair_inc 38756 prop_inc 23445 fast_inc 0 eta_inc 26820 multi_dec -64372 quick_dec -0 nack_dec -157700
Flow Uec_125_253 flowId 53 uecSrc 52 finished at 585.944 total messages 1 total packets 490 RTS 0 total bytes 2002140 in_flight now 0 fair_inc 21908 prop_inc 27519 fast_inc 0 eta_inc 26224 multi_dec -98322 quick_dec -0 nack_dec -99600
Flow Uec_226_98 flowId 86 uecSrc 85 finished at 591.489 total messages 1 total packets 490 RTS 0 total bytes 2002140 in_flight now 0 fair_inc 19016 prop_inc 53073 fast_inc 7559 eta_inc 27416 multi_dec -100661 quick_dec -0 nack_dec -116200
Flow Uec_165_37 flowId 162 uecSrc 161 finished at 598.936 total messages 1 total packets 491 RTS 1 total bytes 2002140 in_flight now 0 fair_inc 41388 prop_inc 6464 fast_inc 0 eta_inc 25032 multi_dec -90538 quick_dec -0 nack_dec -136950
Flow Uec_152_24 flowId 127 uecSrc 126 finished at 613.816 total messages 1 total packets 491 RTS 1 total bytes 2002140 in_flight now 0 fair_inc 40764 prop_inc 67493 fast_inc 0 eta_inc 26224 multi_dec -119114 quick_dec -0 nack_dec -112050
Flow Uec_169_41 flowId 179 uecSrc 178 finished at 615.365 total messages 1 total packets 490 RTS 0 total bytes 2002140 in_flight now 0 fair_inc 56286 prop_inc 8227 fast_inc 0 eta_inc 28012 multi_dec -70257 quick_dec -0 nack_dec -174300
Flow Uec_128_0 flowId 63 uecSrc 62 finished at 625.942 total messages 1 total packets 492 RTS 2 total bytes 2002140 in_flight now 0 fair_inc 26686 prop_inc 36482 fast_inc 0 eta_inc 24436 multi_dec -3017 quick_dec -0 nack_dec -157700
Flow Uec_0_128 flowId 16 uecSrc 15 finished at 628.966 total messages 1 total packets 508 RTS 18 total bytes 2002140 in_flight now -64 fair_inc 2230 prop_inc 130018 fast_inc 0 eta_inc 27416 multi_dec -0 quick_dec -97043 nack_dec -45650
Flow Uec_3_131 flowId 122 uecSrc 121 finished at 632.058 total messages 1 total packets 508 RTS 18 total bytes 2002140 in_flight now -64 fair_inc 3857 prop_inc 121448 fast_inc 1010 eta_inc 26224 multi_dec -0 quick_dec -119730 nack_dec -29050
Flow Uec_82_210 flowId 46 uecSrc 45 finished at 657.52 total messages 1 total packets 490 RTS 0 total bytes 2002140 in_flight now 0 fair_inc 42322 prop_inc 65403 fast_inc 0 eta_inc 29204 multi_dec -99150 quick_dec -0 nack_dec -132800
Flow Uec_173_45 flowId 161 uecSrc 160 finished at 665.287 total messages 1 total packets 491 RTS 1 total bytes 2002140 in_flight now 0 fair_inc 50983 prop_inc 11290 fast_inc 0 eta_inc 26224 multi_dec -72616 quick_dec -0 nack_dec -136950
Flow Uec_117_245 flowId 55 uecSrc 54 finished at 677.999 total messages 1 total packets 490 RTS 0 total bytes 2002140 in_flight now 0 fair_inc 53416 prop_inc 60759 fast_inc 14141 eta_inc 26820 multi_dec -97575 quick_dec -0 nack_dec -157700
Flow Uec_200_72 flowId 60 uecSrc 59 finished at 678.461 total messages 1 total packets 490 RTS 0 total bytes 2002140 in_flight now 0 fair_inc 35330 prop_inc 3064 fast_inc 0 eta_inc 30992 multi_dec -49680 quick_dec -0 nack_dec -166000
Flow Uec_118_246 flowId 24 uecSrc 23 finished at 681.384 total messages 1 total packets 490 RTS 0 total bytes 2002140 in_flight now 0 fair_inc 52774 prop_inc 63137 fast_inc 12123 eta_inc 28608 multi_dec -136343 quick_dec -0 nack_dec -141100
Flow Uec_83_211 flowId 102 uecSrc 101 finished at 685.726 total messages 1 total packets 490 RTS 0 total bytes 2002140 in_flight now 0 fair_inc 35455 prop_inc 76869 fast_inc 0 eta_inc 25032 multi_dec -122610 quick_dec -0 nack_dec -116200
Flow Uec_213_85 flowId 67 uecSrc 66 finished at 693.575 total messages 1 total packets 490 RTS 0 total bytes 2002140 in_flight now 0 fair_inc 57367 prop_inc 3894 fast_inc 0 eta_inc 31588 multi_dec -81488 quick_dec -0 nack_dec -161850
Flow Uec_154_26 flowId 59 uecSrc 58 finished at 694 total messages 1 total packets 490 RTS 0 total bytes 2002140 in_flight now 0 fair_inc 46256 prop_inc 29540 fast_inc 0 eta_inc 28608 multi_dec -65688 quick_dec -0 nack_dec -161850
Flow Uec_136_8 flowId 68 uecSrc 67 finished at 700.837 total messages 1 total packets 490 RTS 0 total bytes 2002140 in_flight now 0 fair_inc 46523 prop_inc 94744 fast_inc 0 eta_inc 24436 multi_dec -154168 quick_dec -405 nack_dec -99600
Flow Uec_147_19 flowId 77 uecSrc 76 finished at 712.281 total messages 1 total packets 491 RTS 1 total bytes 2002140 in_flight now 0 fair_inc 13097 prop_inc 125415 fast_inc 0 eta_inc 28012 multi_dec -157610 quick_dec -4273 nack_dec -83000
Flow Uec_221_93 flowId 98 uecSrc 97 finished at 718.923 total messages 1 total packets 490 RTS 0 total bytes 2002140 in_flight now 0 fair_inc 43871 prop_inc 22684 fast_inc 0 eta_inc 32184 multi_dec -74050 quick_dec -0 nack_dec -166000
Flow Uec_91_219 flowId 113 uecSrc 112 finished at 722.339 total messages 1 total packets 490 RTS 0 total bytes 2002140 in_flight now 0 fair_inc 50305 prop_inc 644 fast_inc 0 eta_inc 26820 multi_dec -74639 quick_dec -0 nack_dec -161850
Flow Uec_204_76 flowId 48 uecSrc 47 finished at 730.009 total messages 1 total packets 490 RTS 0 total bytes 2002140 in_flight now 0 fair_inc 39653 prop_inc 26386 fast_inc 0 eta_inc 32184 multi_dec -68955 quick_dec -0 nack_dec -161850
Flow Uec_159_31 flowId 135 uecSrc 134 finished at 751.711 total messages 1 total packets 491 RTS 1 total bytes 2002140 in_flight now 0 fair_inc 54599 prop_inc 30288 fast_inc 0 eta_inc 27416 multi_dec -139473 quick_dec -0 nack_dec -107900
Flow Uec_156_28 flowId 52 uecSrc 51 finished at 757.516 total messages 1 total packets 492 RTS 2 total bytes 2002140 in_flight now 0 fair_inc 52355 prop_inc 30813 fast_inc 0 eta_inc 27416 multi_dec -117588 quick_dec -0 nack_dec -99600
Flow Uec_87_215 flowId 66 uecSrc 65 finished at 765.137 total messages 1 total packets 490 RTS 0 total bytes 2002140 in_flight now 0 fair_inc 53521 prop_inc 2151 fast_inc 0 eta_inc 32780 multi_dec -67762 quick_dec -0 nack_dec -170150
Flow Uec_170_42 flowId 91 uecSrc 90 finished at 779.587 total messages 1 total packets 490 RTS 0 total bytes 2002140 in_flight now 0 fair_inc 29336 prop_inc 77525 fast_inc 0 eta_inc 28012 multi_dec -79985 quick_dec -0 nack_dec -149400
Flow Uec_69_197 flowId 22 uecSrc 21 finished at 784.117 total messages 1 total packets 490 RTS 0 total bytes 2002140 in_flight now 0 fair_inc 59346 prop_inc 3175 fast_inc 0 eta_inc 34568 multi_dec -103116 quick_dec -0 nack_dec -157700
Flow Uec_214_86 flowId 25 uecSrc 24 finished at 788.755 total messages 1 total packets 490 RTS 0 total bytes 2002140 in_flight now 0 fair_inc 61339 prop_inc 7943 fast_inc 0 eta_inc 34568 multi_dec -113512 quick_dec -0 nack_dec -153550
Flow Uec_217_89 flowId 21 uecSrc 20 finished at 793.911 total messages 1 total packets 490 RTS 0 total bytes 2002140 in_flight now 0 fair_inc 42833 prop_inc 9670 fast_inc 0 eta_inc 33972 multi_dec -20361 quick_dec -18139 nack_dec -182600
Flow Uec_205_77 flowId 5 uecSrc 4 finished at 798.227 total messages 1 total packets 490 RTS 0 total bytes 2002140 in_flight now 0 fair_inc 49967 prop_inc 8204 fast_inc 0 eta_inc 29800 multi_dec -86379 quick_dec -0 nack_dec -161850
Flow Uec_210_82 flowId 156 uecSrc 155 finished at 834.446 total messages 1 total packets 490 RTS 0 total bytes 2002140 in_flight now 0 fair_inc 47246 prop_inc 29176 fast_inc 0 eta_inc 35760 multi_dec -130351 quick_dec -0 nack_dec -145250
Flow Uec_68_196 flowId 26 uecSrc 25 finished at 849.603 total messages 1 total packets 490 RTS 0 total bytes 2002140 in_flight now 0 fair_inc 41749 prop_inc 20310 fast_inc 0 eta_inc 25032 multi_dec -16747 quick_dec -99178 nack_dec -153550
Flow Uec_160_32 flowId 8 uecSrc 7 finished at 862.145 total messages 1 total packets 491 RTS 1 total bytes 2002140 in_flight now 0 fair_inc 21820 prop_inc 118998 fast_inc 0 eta_inc 31588 multi_dec -116435 quick_dec -13336 nack_dec -124500
Flow Uec_148_20 flowId 62 uecSrc 61 finished at 866.671 total messages 1 total packets 490 RTS 0 total bytes 2002140 in_flight now 0 fair_inc 17442 prop_inc 97726 fast_inc 0 eta_inc 21456 multi_dec -0 quick_dec -58447 nack_dec -136950
Flow Uec_97_225 flowId 126 uecSrc 125 finished at 870.811 total messages 1 total packets 490 RTS 0 total bytes 2002140 in_flight now 0 fair_inc 69312 prop_inc 6122 fast_inc 0 eta_inc 31588 multi_dec -98075 quick_dec -0 nack_dec -166000
Flow Uec_208_80 flowId 3 uecSrc 2 finished at 877.769 total messages 1 total packets 490 RTS 0 total bytes 2002140 in_flight now 0 fair_inc 45288 prop_inc 55117 fast_inc 4041 eta_inc 30992 multi_dec -144357 quick_dec -0 nack_dec -120350
Flow Uec_85_213 flowId 35 uecSrc 34 finished at 907.743 total messages 1 total packets 490 RTS 0 total bytes 2002140 in_flight now 0 fair_inc 47657 prop_inc 12016 fast_inc 0 eta_inc 26820 multi_dec -39437 quick_dec -8647 nack_dec -190900
Flow Uec_80_208 flowId 75 uecSrc 74 finished at 927.96 total messages 1 total packets 490 RTS 0 total bytes 2002140 in_flight now 0 fair_inc 41107 prop_inc 36690 fast_inc 0 eta_inc 38740 multi_dec -61553 quick_dec -9469 nack_dec -186750
Flow Uec_225_97 flowId 166 uecSrc 165 finished at 939.311 total messages 1 total packets 490 RTS 0 total bytes 2002140 in_flight now 0 fair_inc 4252 prop_inc 145899 fast_inc 0 eta_inc 33376 multi_dec -138914 quick_dec -2679 nack_dec -99600
Flow Uec_75_203 flowId 123 uecSrc 122 finished at 970.771 total messages 1 total packets 490 RTS 0 total bytes 2002140 in_flight now 0 fair_inc 61039 prop_inc 30112 fast_inc 0 eta_inc 39336 multi_dec -119094 quick_dec -0 nack_dec -161850
Flow Uec_71_199 flowId 185 uecSrc 184 finished at 984.821 total messages 1 total packets 490 RTS 0 total bytes 2002140 in_flight now 0 fair_inc 50862 prop_inc 62981 fast_inc 0 eta_inc 31588 multi_dec -60640 quick_dec -88941 nack_dec -141100
Flow Uec_70_198 flowId 178 uecSrc 177 finished at 988.911 total messages 1 total packets 490 RTS 0 total bytes 2002140 in_flight now 0 fair_inc 59467 prop_inc 47403 fast_inc 0 eta_inc 33376 multi_dec -101592 quick_dec -10920 nack_dec -153550
Flow Uec_73_201 flowId 172 uecSrc 171 finished at 1007.55 total messages 1 total packets 490 RTS 0 total bytes 2002140 in_flight now 0 fair_inc 37914 prop_inc 74718 fast_inc 13622 eta_inc 34568 multi_dec -119381 quick_dec -322 nack_dec -132800
Flow Uec_95_223 flowId 49 uecSrc 48 finished at 1014.45 total messages 1 total packets 490 RTS 0 total bytes 2002140 in_flight now 0 fair_inc 37871 prop_inc 48857 fast_inc 24734 eta_inc 34568 multi_dec -97804 quick_dec -2998 nack_dec -149400
Flow Uec_220_92 flowId 158 uecSrc 157 finished at 1036.31 total messages 1 total packets 490 RTS 0 total bytes 2002140 in_flight now 0 fair_inc 59802 prop_inc 1852 fast_inc 0 eta_inc 28608 multi_dec -68713 quick_dec -66747 nack_dec -166000
Flow Uec_211_83 flowId 74 uecSrc 73 finished at 1086.27 total messages 1 total packets 490 RTS 0 total bytes 2002140 in_flight now 0 fair_inc 71849 prop_inc 3981 fast_inc 0 eta_inc 43508 multi_dec -148823 quick_dec -0 nack_dec -153550
Flow Uec_197_69 flowId 186 uecSrc 185 finished at 1111.33 total messages 1 total packets 490 RTS 0 total bytes 2002140 in_flight now 0 fair_inc 58564 prop_inc 7559 fast_inc 0 eta_inc 38144 multi_dec -91195 quick_dec -4107 nack_dec -182600
Flow Uec_219_91 flowId 97 uecSrc 96 finished at 1135.73 total messages 1 total packets 490 RTS 0 total bytes 2002140 in_flight now 0 fair_inc 82764 prop_inc 15450 fast_inc 0 eta_inc 32780 multi_dec -81075 quick_dec -75643 nack_dec -170150
Flow Uec_218_90 flowId 159 uecSrc 158 finished at 1143.53 total messages 1 total packets 490 RTS 0 total bytes 2002140 in_flight now 0 fair_inc 76502 prop_inc 15877 fast_inc 0 eta_inc 33376 multi_dec -89499 quick_dec -70712 nack_dec -170150
Flow Uec_207_79 flowId 112 uecSrc 111 finished at 1144.02 total messages 1 total packets 490 RTS 0 total bytes 2002140 in_flight now 0 fair_inc 60266 prop_inc 21130 fast_inc 0 eta_inc 45892 multi_dec -84692 quick_dec -14040 nack_dec -186750
Flow Uec_215_87 flowId 129 uecSrc 128 finished at 1214.97 total messages 1 total packets 490 RTS 0 total bytes 2002140 in_flight now 0 fair_inc 56951 prop_inc 25738 fast_inc 78278 eta_inc 40528 multi_dec -181914 quick_dec --3274 nack_dec -120350
.Done
New: 94080 Rtx: 4660 RTS: 248 Bounced: 0 ACKs: 72865 NACKs: 3547 Pulls: 0 sleek_pkts: 0
