traffic matrix input file: connection_matrices/load_sweep/load0.65_n256_seed2.cm
Load balancing algorithm set to oblivious
no_of_nodes 256
Dragonfly+ strategy: FPAR
Setting queuesize to 50 packets
endtime(us) 100000
random seed 2
Packet size (MTU) is 4150
Parsed args
Logging to reps_dfp_results/reps_final_sweep/load0.65_oblivious_seed2.dat
Loading connection matrix from connection_matrices/load_sweep/load0.65_n256_seed2.cm
Nodes: 256 Connections: 166 Triggers: 0 Failures: 0
Setting ECN low 33200 high 120350
Dragonfly+ with medium topology type
Link latencies: 1 and switch latencies: 0
queue_id 2 ecn_low 33200 ecn_high 120350
DragonFly+ constructor done, 392 nodes created
Note: topology supports 392 hosts; 136 host port(s) will be unused.
network_max_unloaded_rtt 11.6856 us
Setting min RTO to 114.6
Per-hop RTT normalization: ON (strategy fpar)
Initializing static NSCC parameters: _reference_network_linkspeed=100000000000 _reference_network_rtt=12000000 _reference_network_bdp=150000 _target_Qdelay=8764200 _network_linkspeed=100000000000 _network_rtt=11685600 _network_bdp=146070 _qa_gate=2^3 _qa_threshold=3.50568e+07 _scaling_factor_a=0.9738 _scaling_factor_b=0.73035 _alpha=0.00132632 _fi=19894.7 _eta=596.842 _qa_scaling=1 _gamma=0.8 _fi_scale=0.24345 _delay_alpha=0.0125 _adjust_period_threshold=11685600 _adjust_bytes_threshold=33200
Initialize per-instance NSCC parameters: flowid 1 _base_rtt=11685600 _base_bdp=146070 _bdp=146070 _min_cwnd=4150 _maxwnd=219105 _cwnd=219105
Initialize per-instance NSCC parameters: flowid 2 _base_rtt=11685600 _base_bdp=146070 _bdp=146070 _min_cwnd=4150 _maxwnd=219105 _cwnd=219105
Initialize per-instance NSCC parameters: flowid 3 _base_rtt=11685600 _base_bdp=146070 _bdp=146070 _min_cwnd=4150 _maxwnd=219105 _cwnd=219105
Initialize per-instance NSCC parameters: flowid 4 _base_rtt=11685600 _base_bdp=146070 _bdp=146070 _min_cwnd=4150 _maxwnd=219105 _cwnd=219105
Initialize per-instance NSCC parameters: flowid 5 _base_rtt=11685600 _base_bdp=146070 _bdp=146070 _min_cwnd=4150 _maxwnd=219105 _cwnd=219105
Initialize per-instance NSCC parameters: flowid 6 _base_rtt=11685600 _base_bdp=146070 _bdp=146070 _min_cwnd=4150 _maxwnd=219105 _cwnd=219105
Initialize per-instance NSCC parameters: flowid 7 _base_rtt=11685600 _base_bdp=146070 _bdp=146070 _min_cwnd=4150 _maxwnd=219105 _cwnd=219105
Initialize per-instance NSCC parameters: flowid 8 _base_rtt=11685600 _base_bdp=146070 _bdp=146070 _min_cwnd=4150 _maxwnd=219105 _cwnd=219105
Initialize per-instance NSCC parameters: flowid 9 _base_rtt=11685600 _base_bdp=146070 _bdp=146070 _min_cwnd=4150 _maxwnd=219105 _cwnd=219105
Initialize per-instance NSCC parameters: flowid 10 _base_rtt=11685600 _base_bdp=146070 _bdp=146070 _min_cwnd=4150 _maxwnd=219105 _cwnd=219105
Initialize per-instance NSCC parameters: flowid 11 _base_rtt=11685600 _base_bdp=146070 _bdp=146070 _min_cwnd=4150 _maxwnd=219105 _cwnd=219105
Initialize per-instance NSCC parameters: flowid 12 _base_rtt=11685600 _base_bdp=146070 _bdp=146070 _min_cwnd=4150 _maxwnd=219105 _cwnd=219105
Initialize per-instance NSCC parameters: flowid 13 _base_rtt=11685600 _base_bdp=146070 _bdp=146070 _min_cwnd=4150 _maxwnd=219105 _cwnd=219105
Initialize per-instance NSCC parameters: flowid 14 _base_rtt=11685600 _base_bdp=146070 _bdp=146070 _min_cwnd=4150 _maxwnd=219105 _cwnd=219105
Initialize per-instance NSCC parameters: flowid 15 _base_rtt=11685600 _base_bdp=146070 _bdp=146070 _min_cwnd=4150 _maxwnd=219105 _cwnd=219105
Initialize per-instance NSCC parameters: flowid 16 _base_rtt=11685600 _base_bdp=146070 _bdp=146070 _min_cwnd=4150 _maxwnd=219105 _cwnd=219105
Initialize per-instance NSCC parameters: flowid 17 _base_rtt=11685600 _base_bdp=146070 _bdp=146070 _min_cwnd=4150 _maxwnd=219105 _cwnd=219105
Initialize per-instance NSCC parameters: flowid 18 _base_rtt=11685600 _base_bdp=146070 _bdp=146070 _min_cwnd=4150 _maxwnd=219105 _cwnd=219105
Initialize per-instance NSCC parameters: flowid 19 _base_rtt=11685600 _base_bdp=146070 _bdp=146070 _min_cwnd=4150 _maxwnd=219105 _cwnd=219105
Initialize per-instance NSCC parameters: flowid 20 _base_rtt=11685600 _base_bdp=146070 _bdp=146070 _min_cwnd=4150 _maxwnd=219105 _cwnd=219105
Initialize per-instance NSCC parameters: flowid 21 _base_rtt=11685600 _base_bdp=146070 _bdp=146070 _min_cwnd=4150 _maxwnd=219105 _cwnd=219105
Initialize per-instance NSCC parameters: flowid 22 _base_rtt=11685600 _base_bdp=146070 _bdp=146070 _min_cwnd=4150 _maxwnd=219105 _cwnd=219105
Initialize per-instance NSCC parameters: flowid 23 _base_rtt=11685600 _base_bdp=146070 _bdp=146070 _min_cwnd=4150 _maxwnd=219105 _cwnd=219105
Initialize per-instance NSCC parameters: flowid 24 _base_rtt=11685600 _base_bdp=146070 _bdp=146070 _min_cwnd=4150 _maxwnd=219105 _cwnd=219105
Initialize per-instance NSCC parameters: flowid 25 _base_rtt=11685600 _base_bdp=146070 _bdp=146070 _min_cwnd=4150 _maxwnd=219105 _cwnd=219105
Initialize per-instance NSCC parameters: flowid 26 _base_rtt=11685600 _base_bdp=146070 _bdp=146070 _min_cwnd=4150 _maxwnd=219105 _cwnd=219105
Initialize per-instance NSCC parameters: flowid 27 _base_rtt=11685600 _base_bdp=146070 _bdp=146070 _min_cwnd=4150 _maxwnd=219105 _cwnd=219105
Initialize per-instance NSCC parameters: flowid 28 _base_rtt=11685600 _base_bdp=146070 _bdp=146070 _min_cwnd=4150 _maxwnd=219105 _cwnd=219105
Initialize per-instance NSCC parameters: flowid 29 _base_rtt=11685600 _base_bdp=146070 _bdp=146070 _min_cwnd=4150 _maxwnd=219105 _cwnd=219105
Initialize per-instance NSCC parameters: flowid 30 _base_rtt=11685600 _base_bdp=146070 _bdp=146070 _min_cwnd=4150 _maxwnd=219105 _cwnd=219105
Initialize per-instance NSCC parameters: flowid 31 _base_rtt=11685600 _base_bdp=146070 _bdp=146070 _min_cwnd=4150 _maxwnd=219105 _cwnd=219105
Initialize per-instance NSCC parameters: flowid 32 _base_rtt=11685600 _base_bdp=146070 _bdp=146070 _min_cwnd=4150 _maxwnd=219105 _cwnd=219105
Initialize per-instance NSCC parameters: flowid 33 _base_rtt=11685600 _base_bdp=146070 _bdp=146070 _min_cwnd=4150 _maxwnd=219105 _cwnd=219105
Initialize per-instance NSCC parameters: flowid 34 _base_rtt=11685600 _base_bdp=146070 _bdp=146070 _min_cwnd=4150 _maxwnd=219105 _cwnd=219105
Initialize per-instance NSCC parameters: flowid 35 _base_rtt=11685600 _base_bdp=146070 _bdp=146070 _min_cwnd=4150 _maxwnd=219105 _cwnd=219105
Initialize per-instance NSCC parameters: flowid 36 _base_rtt=11685600 _base_bdp=146070 _bdp=146070 _min_cwnd=4150 _maxwnd=219105 _cwnd=219105
Initialize per-instance NSCC parameters: flowid 37 _base_rtt=11685600 _base_bdp=146070 _bdp=146070 _min_cwnd=4150 _maxwnd=219105 _cwnd=219105
Initialize per-instance NSCC parameters: flowid 38 _base_rtt=11685600 _base_bdp=146070 _bdp=146070 _min_cwnd=4150 _maxwnd=219105 _cwnd=219105
Initialize per-instance NSCC parameters: flowid 39 _base_rtt=11685600 _base_bdp=146070 _bdp=146070 _min_cwnd=4150 _maxwnd=219105 _cwnd=219105
Initialize per-instance NSCC parameters: flowid 40 _base_rtt=11685600 _base_bdp=146070 _bdp=146070 _min_cwnd=4150 _maxwnd=219105 _cwnd=219105
Initialize per-instance NSCC parameters: flowid 41 _base_rtt=11685600 _base_bdp=146070 _bdp=146070 _min_cwnd=4150 _maxwnd=219105 _cwnd=219105
Initialize per-instance NSCC parameters: flowid 42 _base_rtt=11685600 _base_bdp=146070 _bdp=146070 _min_cwnd=4150 _maxwnd=219105 _cwnd=219105
Initialize per-instance NSCC parameters: flowid 43 _base_rtt=11685600 _base_bdp=146070 _bdp=146070 _min_cwnd=4150 _maxwnd=219105 _cwnd=219105
Initialize per-instance NSCC parameters: flowid 44 _base_rtt=11685600 _base_bdp=146070 _bdp=146070 _min_cwnd=4150 _maxwnd=219105 _cwnd=219105
Initialize per-instance NSCC parameters: flowid 45 _base_rtt=11685600 _base_bdp=146070 _bdp=146070 _min_cwnd=4150 _maxwnd=219105 _cwnd=219105
Initialize per-instance NSCC parameters: flowid 46 _base_rtt=11685600 _base_bdp=146070 _bdp=146070 _min_cwnd=4150 _maxwnd=219105 _cwnd=219105
Initialize per-instance NSCC parameters: flowid 47 _base_rtt=11685600 _base_bdp=146070 _bdp=146070 _min_cwnd=4150 _maxwnd=219105 _cwnd=219105
Initialize per-instance NSCC parameters: flowid 48 _base_rtt=11685600 _base_bdp=146070 _bdp=146070 _min_cwnd=4150 _maxwnd=219105 _cwnd=219105
Initialize per-instance NSCC parameters: flowid 49 _base_rtt=11685600 _base_bdp=146070 _bdp=146070 _min_cwnd=4150 _maxwnd=219105 _cwnd=219105
Initialize per-instance NSCC parameters: flowid 50 _base_rtt=11685600 _base_bdp=146070 _bdp=146070 _min_cwnd=4150 _maxwnd=219105 _cwnd=219105
Initialize per-instance NSCC parameters: flowid 51 _base_rtt=11685600 _base_bdp=146070 _bdp=146070 _min_cwnd=4150 _maxwnd=219105 _cwnd=219105
Initialize per-instance NSCC parameters: flowid 52 _base_rtt=11685600 _base_bdp=146070 _bdp=146070 _min_cwnd=4150 _maxwnd=219105 _cwnd=219105
Initialize per-instance NSCC parameters: flowid 53 _base_rtt=11685600 _base_bdp=146070 _bdp=146070 _min_cwnd=4150 _maxwnd=219105 _cwnd=219105
Initialize per-instance NSCC parameters: flowid 54 _base_rtt=11685600 _base_bdp=146070 _bdp=146070 _min_cwnd=4150 _maxwnd=219105 _cwnd=219105
Initialize per-instance NSCC parameters: flowid 55 _base_rtt=11685600 _base_bdp=146070 _bdp=146070 _min_cwnd=4150 _maxwnd=219105 _cwnd=219105
Initialize per-instance NSCC parameters: flowid 56 _base_rtt=11685600 _base_bdp=146070 _bdp=146070 _min_cwnd=4150 _maxwnd=219105 _cwnd=219105
Initialize per-instance NSCC parameters: flowid 57 _base_rtt=11685600 _base_bdp=146070 _bdp=146070 _min_cwnd=4150 _maxwnd=219105 _cwnd=219105
Initialize per-instance NSCC parameters: flowid 58 _base_rtt=11685600 _base_bdp=146070 _bdp=146070 _min_cwnd=4150 _maxwnd=219105 _cwnd=219105
Initialize per-instance NSCC parameters: flowid 59 _base_rtt=11685600 _base_bdp=146070 _bdp=146070 _min_cwnd=4150 _maxwnd=219105 _cwnd=219105
Initialize per-instance NSCC parameters: flowid 60 _base_rtt=11685600 _base_bdp=146070 _bdp=146070 _min_cwnd=4150 _maxwnd=219105 _cwnd=219105
Initialize per-instance NSCC parameters: flowid 61 _base_rtt=11685600 _base_bdp=146070 _bdp=146070 _min_cwnd=4150 _maxwnd=219105 _cwnd=219105
Initialize per-instance NSCC parameters: flowid 62 _base_rtt=11685600 _base_bdp=146070 _bdp=146070 _min_cwnd=4150 _maxwnd=219105 _cwnd=219105
Initialize per-instance NSCC parameters: flowid 63 _base_rtt=11685600 _base_bdp=146070 _bdp=146070 _min_cwnd=4150 _maxwnd=219105 _cwnd=219105
Initialize per-instance NSCC parameters: flowid 64 _base_rtt=11685600 _base_bdp=146070 _bdp=146070 _min_cwnd=4150 _maxwnd=219105 _cwnd=219105
Initialize per-instance NSCC parameters: flowid 65 _base_rtt=11685600 _base_bdp=146070 _bdp=146070 _min_cwnd=4150 _maxwnd=219105 _cwnd=219105
Initialize per-instance NSCC parameters: flowid 66 _base_rtt=11685600 _base_bdp=146070 _bdp=146070 _min_cwnd=4150 _maxwnd=219105 _cwnd=219105
Initialize per-instance NSCC parameters: flowid 67 _base_rtt=11685600 _base_bdp=146070 _bdp=146070 _min_cwnd=4150 _maxwnd=219105 _cwnd=219105
Initialize per-instance NSCC parameters: flowid 68 _base_rtt=11685600 _base_bdp=146070 _bdp=146070 _min_cwnd=4150 _maxwnd=219105 _cwnd=219105
Initialize per-instance NSCC parameters: flowid 69 _base_rtt=11685600 _base_bdp=146070 _bdp=146070 _min_cwnd=4150 _maxwnd=219105 _cwnd=219105
Initialize per-instance NSCC parameters: flowid 70 _base_rtt=11685600 _base_bdp=146070 _bdp=146070 _min_cwnd=4150 _maxwnd=219105 _cwnd=219105
Initialize per-instance NSCC parameters: flowid 71 _base_rtt=11685600 _base_bdp=146070 _bdp=146070 _min_cwnd=4150 _maxwnd=219105 _cwnd=219105
Initialize per-instance NSCC parameters: flowid 72 _base_rtt=11685600 _base_bdp=146070 _bdp=146070 _min_cwnd=4150 _maxwnd=219105 _cwnd=219105
Initialize per-instance NSCC parameters: flowid 73 _base_rtt=11685600 _base_bdp=146070 _bdp=146070 _min_cwnd=4150 _maxwnd=219105 _cwnd=219105
Initialize per-instance NSCC parameters: flowid 74 _base_rtt=11685600 _base_bdp=146070 _bdp=146070 _min_cwnd=4150 _maxwnd=219105 _cwnd=219105
Initialize per-instance NSCC parameters: flowid 75 _base_rtt=11685600 _base_bdp=146070 _bdp=146070 _min_cwnd=4150 _maxwnd=219105 _cwnd=219105
Initialize per-instance NSCC parameters: flowid 76 _base_rtt=11685600 _base_bdp=146070 _bdp=146070 _min_cwnd=4150 _maxwnd=219105 _cwnd=219105
Initialize per-instance NSCC parameters: flowid 77 _base_rtt=11685600 _base_bdp=146070 _bdp=146070 _min_cwnd=4150 _maxwnd=219105 _cwnd=219105
Initialize per-instance NSCC parameters: flowid 78 _base_rtt=11685600 _base_bdp=146070 _bdp=146070 _min_cwnd=4150 _maxwnd=219105 _cwnd=219105
Initialize per-instance NSCC parameters: flowid 79 _base_rtt=11685600 _base_bdp=146070 _bdp=146070 _min_cwnd=4150 _maxwnd=219105 _cwnd=219105
Initialize per-instance NSCC parameters: flowid 80 _base_rtt=11685600 _base_bdp=146070 _bdp=146070 _min_cwnd=4150 _maxwnd=219105 _cwnd=219105
Initialize per-instance NSCC parameters: flowid 81 _base_rtt=11685600 _base_bdp=146070 _bdp=146070 _min_cwnd=4150 _maxwnd=219105 _cwnd=219105
Initialize per-instance NSCC parameters: flowid 82 _base_rtt=11685600 _base_bdp=146070 _bdp=146070 _min_cwnd=4150 _maxwnd=219105 _cwnd=219105
Initialize per-instance NSCC parameters: flowid 83 _base_rtt=11685600 _base_bdp=146070 _bdp=146070 _min_cwnd=4150 _maxwnd=219105 _cwnd=219105
Initialize per-instance NSCC parameters: flowid 84 _base_rtt=11685600 _base_bdp=146070 _bdp=146070 _min_cwnd=4150 _maxwnd=219105 _cwnd=219105
Initialize per-instance NSCC parameters: flowid 85 _base_rtt=11685600 _base_bdp=146070 _bdp=146070 _min_cwnd=4150 _maxwnd=219105 _cwnd=219105
Initialize per-instance NSCC parameters: flowid 86 _base_rtt=11685600 _base_bdp=146070 _bdp=146070 _min_cwnd=4150 _maxwnd=219105 _cwnd=219105
Initialize per-instance NSCC parameters: flowid 87 _base_rtt=11685600 _base_bdp=146070 _bdp=146070 _min_cwnd=4150 _maxwnd=219105 _cwnd=219105
Initialize per-instance NSCC parameters: flowid 88 _base_rtt=11685600 _base_bdp=146070 _bdp=146070 _min_cwnd=4150 _maxwnd=219105 _cwnd=219105
Initialize per-instance NSCC parameters: flowid 89 _base_rtt=11685600 _base_bdp=146070 _bdp=146070 _min_cwnd=4150 _maxwnd=219105 _cwnd=219105
Initialize per-instance NSCC parameters: flowid 90 _base_rtt=11685600 _base_bdp=146070 _bdp=146070 _min_cwnd=4150 _maxwnd=219105 _cwnd=219105
Initialize per-instance NSCC parameters: flowid 91 _base_rtt=11685600 _base_bdp=146070 _bdp=146070 _min_cwnd=4150 _maxwnd=219105 _cwnd=219105
Initialize per-instance NSCC parameters: flowid 92 _base_rtt=11685600 _base_bdp=146070 _bdp=146070 _min_cwnd=4150 _maxwnd=219105 _cwnd=219105
Initialize per-instance NSCC parameters: flowid 93 _base_rtt=11685600 _base_bdp=146070 _bdp=146070 _min_cwnd=4150 _maxwnd=219105 _cwnd=219105
Initialize per-instance NSCC parameters: flowid 94 _base_rtt=11685600 _base_bdp=146070 _bdp=146070 _min_cwnd=4150 _maxwnd=219105 _cwnd=219105
Initialize per-instance NSCC parameters: flowid 95 _base_rtt=11685600 _base_bdp=146070 _bdp=146070 _min_cwnd=4150 _maxwnd=219105 _cwnd=219105
Initialize per-instance NSCC parameters: flowid 96 _base_rtt=11685600 _base_bdp=146070 _bdp=146070 _min_cwnd=4150 _maxwnd=219105 _cwnd=219105
Initialize per-instance NSCC parameters: flowid 97 _base_rtt=11685600 _base_bdp=146070 _bdp=146070 _min_cwnd=4150 _maxwnd=219105 _cwnd=219105
Initialize per-instance NSCC parameters: flowid 98 _base_rtt=11685600 _base_bdp=146070 _bdp=146070 _min_cwnd=4150 _maxwnd=219105 _cwnd=219105
Initialize per-instance NSCC parameters: flowid 99 _base_rtt=11685600 _base_bdp=146070 _bdp=146070 _min_cwnd=4150 _maxwnd=219105 _cwnd=219105
Initialize per-instance NSCC parameters: flowid 100 _base_rtt=11685600 _base_bdp=146070 _bdp=146070 _min_cwnd=4150 _maxwnd=219105 _cwnd=219105
Initialize per-instance NSCC parameters: flowid 101 _base_rtt=11685600 _base_bdp=146070 _bdp=146070 _min_cwnd=4150 _maxwnd=219105 _cwnd=219105
Initialize per-instance NSCC parameters: flowid 102 _base_rtt=11685600 _base_bdp=146070 _bdp=146070 _min_cwnd=4150 _maxwnd=219105 _cwnd=219105
Initialize per-instance NSCC parameters: flowid 103 _base_rtt=11685600 _base_bdp=146070 _bdp=146070 _min_cwnd=4150 _maxwnd=219105 _cwnd=219105
Initialize per-instance NSCC parameters: flowid 104 _base_rtt=11685600 _base_bdp=146070 _bdp=146070 _min_cwnd=4150 _maxwnd=219105 _cwnd=219105
Initialize per-instance NSCC parameters: flowid 105 _base_rtt=11685600 _base_bdp=146070 _bdp=146070 _min_cwnd=4150 _maxwnd=219105 _cwnd=219105
Initialize per-instance NSCC parameters: flowid 106 _base_rtt=11685600 _base_bdp=146070 _bdp=146070 _min_cwnd=4150 _maxwnd=219105 _cwnd=219105
Initialize per-instance NSCC parameters: flowid 107 _base_rtt=11685600 _base_bdp=146070 _bdp=146070 _min_cwnd=4150 _maxwnd=219105 _cwnd=219105
Initialize per-instance NSCC parameters: flowid 108 _base_rtt=11685600 _base_bdp=146070 _bdp=146070 _min_cwnd=4150 _maxwnd=219105 _cwnd=219105
Initialize per-instance NSCC parameters: flowid 109 _base_rtt=11685600 _base_bdp=146070 _bdp=146070 _min_cwnd=4150 _maxwnd=219105 _cwnd=219105
Initialize per-instance NSCC parameters: flowid 110 _base_rtt=11685600 _base_bdp=146070 _bdp=146070 _min_cwnd=4150 _maxwnd=219105 _cwnd=219105
Initialize per-instance NSCC parameters: flowid 111 _base_rtt=11685600 _base_bdp=146070 _bdp=146070 _min_cwnd=4150 _maxwnd=219105 _cwnd=219105
Initialize per-instance NSCC parameters: flowid 112 _base_rtt=11685600 _base_bdp=146070 _bdp=146070 _min_cwnd=4150 _maxwnd=219105 _cwnd=219105
Initialize per-instance NSCC parameters: flowid 113 _base_rtt=11685600 _base_bdp=146070 _bdp=146070 _min_cwnd=4150 _maxwnd=219105 _cwnd=219105
Initialize per-instance NSCC parameters: flowid 114 _base_rtt=11685600 _base_bdp=146070 _bdp=146070 _min_cwnd=4150 _maxwnd=219105 _cwnd=219105
Initialize per-instance NSCC parameters: flowid 115 _base_rtt=11685600 _base_bdp=146070 _bdp=146070 _min_cwnd=4150 _maxwnd=219105 _cwnd=219105
Initialize per-instance NSCC parameters: flowid 116 _base_rtt=11685600 _base_bdp=146070 _bdp=146070 _min_cwnd=4150 _maxwnd=219105 _cwnd=219105
Initialize per-instance NSCC parameters: flowid 117 _base_rtt=11685600 _base_bdp=146070 _bdp=146070 _min_cwnd=4150 _maxwnd=219105 _cwnd=219105
Initialize per-instance NSCC parameters: flowid 118 _base_rtt=11685600 _base_bdp=146070 _bdp=146070 _min_cwnd=4150 _maxwnd=219105 _cwnd=219105
Initialize per-instance NSCC parameters: flowid 119 _base_rtt=11685600 _base_bdp=146070 _bdp=146070 _min_cwnd=4150 _maxwnd=219105 _cwnd=219105
Initialize per-instance NSCC parameters: flowid 120 _base_rtt=11685600 _base_bdp=146070 _bdp=146070 _min_cwnd=4150 _maxwnd=219105 _cwnd=219105
Initialize per-instance NSCC parameters: flowid 121 _base_rtt=11685600 _base_bdp=146070 _bdp=146070 _min_cwnd=4150 _maxwnd=219105 _cwnd=219105
Initialize per-instance NSCC parameters: flowid 122 _base_rtt=11685600 _base_bdp=146070 _bdp=146070 _min_cwnd=4150 _maxwnd=219105 _cwnd=219105
Initialize per-instance NSCC parameters: flowid 123 _base_rtt=11685600 _base_bdp=146070 _bdp=146070 _min_cwnd=4150 _maxwnd=219105 _cwnd=219105
Initialize per-instance NSCC parameters: flowid 124 _base_rtt=11685600 _base_bdp=146070 _bdp=146070 _min_cwnd=4150 _maxwnd=219105 _cwnd=219105
Initialize per-instance NSCC parameters: flowid 125 _base_rtt=11685600 _base_bdp=146070 _bdp=146070 _min_cwnd=4150 _maxwnd=219105 _cwnd=219105
Initialize per-instance NSCC parameters: flowid 126 _base_rtt=11685600 _base_bdp=146070 _bdp=146070 _min_cwnd=4150 _maxwnd=219105 _cwnd=219105
Initialize per-instance NSCC parameters: flowid 127 _base_rtt=11685600 _base_bdp=146070 _bdp=146070 _min_cwnd=4150 _maxwnd=219105 _cwnd=219105
Initialize per-instance NSCC parameters: flowid 128 _base_rtt=11685600 _base_bdp=146070 _bdp=146070 _min_cwnd=4150 _maxwnd=219105 _cwnd=219105
Initialize per-instance NSCC parameters: flowid 129 _base_rtt=11685600 _base_bdp=146070 _bdp=146070 _min_cwnd=4150 _maxwnd=219105 _cwnd=219105
Initialize per-instance NSCC parameters: flowid 130 _base_rtt=11685600 _base_bdp=146070 _bdp=146070 _min_cwnd=4150 _maxwnd=219105 _cwnd=219105
Initialize per-instance NSCC parameters: flowid 131 _base_rtt=11685600 _base_bdp=146070 _bdp=146070 _min_cwnd=4150 _maxwnd=219105 _cwnd=219105
Initialize per-instance NSCC parameters: flowid 132 _base_rtt=11685600 _base_bdp=146070 _bdp=146070 _min_cwnd=4150 _maxwnd=219105 _cwnd=219105
Initialize per-instance NSCC parameters: flowid 133 _base_rtt=11685600 _base_bdp=146070 _bdp=146070 _min_cwnd=4150 _maxwnd=219105 _cwnd=219105
Initialize per-instance NSCC parameters: flowid 134 _base_rtt=11685600 _base_bdp=146070 _bdp=146070 _min_cwnd=4150 _maxwnd=219105 _cwnd=219105
Initialize per-instance NSCC parameters: flowid 135 _base_rtt=11685600 _base_bdp=146070 _bdp=146070 _min_cwnd=4150 _maxwnd=219105 _cwnd=219105
Initialize per-instance NSCC parameters: flowid 136 _base_rtt=11685600 _base_bdp=146070 _bdp=146070 _min_cwnd=4150 _maxwnd=219105 _cwnd=219105
Initialize per-instance NSCC parameters: flowid 137 _base_rtt=11685600 _base_bdp=146070 _bdp=146070 _min_cwnd=4150 _maxwnd=219105 _cwnd=219105
Initialize per-instance NSCC parameters: flowid 138 _base_rtt=11685600 _base_bdp=146070 _bdp=146070 _min_cwnd=4150 _maxwnd=219105 _cwnd=219105
Initialize per-instance NSCC parameters: flowid 139 _base_rtt=11685600 _base_bdp=146070 _bdp=146070 _min_cwnd=4150 _maxwnd=219105 _cwnd=219105
Initialize per-instance NSCC parameters: flowid 140 _base_rtt=11685600 _base_bdp=146070 _bdp=146070 _min_cwnd=4150 _maxwnd=219105 _cwnd=219105
Initialize per-instance NSCC parameters: flowid 141 _base_rtt=11685600 _base_bdp=146070 _bdp=146070 _min_cwnd=4150 _maxwnd=219105 _cwnd=219105
Initialize per-instance NSCC parameters: flowid 142 _base_rtt=11685600 _base_bdp=146070 _bdp=146070 _min_cwnd=4150 _maxwnd=219105 _cwnd=219105
Initialize per-instance NSCC parameters: flowid 143 _base_rtt=11685600 _base_bdp=146070 _bdp=146070 _min_cwnd=4150 _maxwnd=219105 _cwnd=219105
Initialize per-instance NSCC parameters: flowid 144 _base_rtt=11685600 _base_bdp=146070 _bdp=146070 _min_cwnd=4150 _maxwnd=219105 _cwnd=219105
Initialize per-instance NSCC parameters: flowid 145 _base_rtt=11685600 _base_bdp=146070 _bdp=146070 _min_cwnd=4150 _maxwnd=219105 _cwnd=219105
Initialize per-instance NSCC parameters: flowid 146 _base_rtt=11685600 _base_bdp=146070 _bdp=146070 _min_cwnd=4150 _maxwnd=219105 _cwnd=219105
Initialize per-instance NSCC parameters: flowid 147 _base_rtt=11685600 _base_bdp=146070 _bdp=146070 _min_cwnd=4150 _maxwnd=219105 _cwnd=219105
Initialize per-instance NSCC parameters: flowid 148 _base_rtt=11685600 _base_bdp=146070 _bdp=146070 _min_cwnd=4150 _maxwnd=219105 _cwnd=219105
Initialize per-instance NSCC parameters: flowid 149 _base_rtt=11685600 _base_bdp=146070 _bdp=146070 _min_cwnd=4150 _maxwnd=219105 _cwnd=219105
Initialize per-instance NSCC parameters: flowid 150 _base_rtt=11685600 _base_bdp=146070 _bdp=146070 _min_cwnd=4150 _maxwnd=219105 _cwnd=219105
Initialize per-instance NSCC parameters: flowid 151 _base_rtt=11685600 _base_bdp=146070 _bdp=146070 _min_cwnd=4150 _maxwnd=219105 _cwnd=219105
Initialize per-instance NSCC parameters: flowid 152 _base_rtt=11685600 _base_bdp=146070 _bdp=146070 _min_cwnd=4150 _maxwnd=219105 _cwnd=219105
Initialize per-instance NSCC parameters: flowid 153 _base_rtt=11685600 _base_bdp=146070 _bdp=146070 _min_cwnd=4150 _maxwnd=219105 _cwnd=219105
Initialize per-instance NSCC parameters: flowid 154 _base_rtt=11685600 _base_bdp=146070 _bdp=146070 _min_cwnd=4150 _maxwnd=219105 _cwnd=219105
Initialize per-instance NSCC parameters: flowid 155 _base_rtt=11685600 _base_bdp=146070 _bdp=146070 _min_cwnd=4150 _maxwnd=219105 _cwnd=219105
Initialize per-instance NSCC parameters: flowid 156 _base_rtt=11685600 _base_bdp=146070 _bdp=146070 _min_cwnd=4150 _maxwnd=219105 _cwnd=219105
Initialize per-instance NSCC parameters: flowid 157 _base_rtt=11685600 _base_bdp=146070 _bdp=146070 _min_cwnd=4150 _maxwnd=219105 _cwnd=219105
Initialize per-instance NSCC parameters: flowid 158 _base_rtt=11685600 _base_bdp=146070 _bdp=146070 _min_cwnd=4150 _maxwnd=219105 _cwnd=219105
Initialize per-instance NSCC parameters: flowid 159 _base_rtt=11685600 _base_bdp=146070 _bdp=146070 _min_cwnd=4150 _maxwnd=219105 _cwnd=219105
Initialize per-instance NSCC parameters: flowid 160 _base_rtt=11685600 _base_bdp=146070 _bdp=146070 _min_cwnd=4150 _maxwnd=219105 _cwnd=219105
Initialize per-instance NSCC parameters: flowid 161 _base_rtt=11685600 _base_bdp=146070 _bdp=146070 _min_cwnd=4150 _maxwnd=219105 _cwnd=219105
Initialize per-instance NSCC parameters: flowid 162 _base_rtt=11685600 _base_bdp=146070 _bdp=146070 _min_cwnd=4150 _maxwnd=219105 _cwnd=219105
Initialize per-instance NSCC parameters: flowid 163 _base_rtt=11685600 _base_bdp=146070 _bdp=146070 _min_cwnd=4150 _maxwnd=219105 _cwnd=219105
Initialize per-instance NSCC parameters: flowid 164 _base_rtt=11685600 _base_bdp=146070 _bdp=146070 _min_cwnd=4150 _maxwnd=219105 _cwnd=219105
Initialize per-instance NSCC parameters: flowid 165 _base_rtt=11685600 _base_bdp=146070 _bdp=146070 _min_cwnd=4150 _maxwnd=219105 _cwnd=219105
Initialize per-instance NSCC parameters: flowid 166 _base_rtt=11685600 _base_bdp=146070 _bdp=146070 _min_cwnd=4150 _maxwnd=219105 _cwnd=219105
Starting simulation
Flow Uec_1_129 flowId 1 uecSrc 0 starting at 0
Flow Uec_85_213 flowId 2 uecSrc 1 starting at 0
Flow Uec_76_204 flowId 3 uecSrc 2 starting at 0
Flow Uec_72_200 flowId 4 uecSrc 3 starting at 0
Flow Uec_207_79 flowId 5 uecSrc 4 starting at 0
Flow Uec_198_70 flowId 6 uecSrc 5 starting at 0
Flow Uec_4_132 flowId 7 uecSrc 6 starting at 0
Flow Uec_0_128 flowId 8 uecSrc 7 starting at 0
Flow Uec_180_52 flowId 9 uecSrc 8 starting at 0
Flow Uec_37_165 flowId 10 uecSrc 9 starting at 0
Flow Uec_62_190 flowId 11 uecSrc 10 starting at 0
Flow Uec_194_66 flowId 12 uecSrc 11 starting at 0
Flow Uec_252_124 flowId 13 uecSrc 12 starting at 0
Flow Uec_195_67 flowId 14 uecSrc 13 starting at 0
Flow Uec_81_209 flowId 15 uecSrc 14 starting at 0
Flow Uec_69_197 flowId 16 uecSrc 15 starting at 0
Flow Uec_159_31 flowId 17 uecSrc 16 starting at 0
Flow Uec_255_127 flowId 18 uecSrc 17 starting at 0
Flow Uec_103_231 flowId 19 uecSrc 18 starting at 0
Flow Uec_40_168 flowId 20 uecSrc 19 starting at 0
Flow Uec_7_135 flowId 21 uecSrc 20 starting at 0
Flow Uec_122_250 flowId 22 uecSrc 21 starting at 0
Flow Uec_8_136 flowId 23 uecSrc 22 starting at 0
Flow Uec_116_244 flowId 24 uecSrc 23 starting at 0
Flow Uec_68_196 flowId 25 uecSrc 24 starting at 0
Flow Uec_217_89 flowId 26 uecSrc 25 starting at 0
Flow Uec_102_230 flowId 27 uecSrc 26 starting at 0
Flow Uec_216_88 flowId 28 uecSrc 27 starting at 0
Flow Uec_86_214 flowId 29 uecSrc 28 starting at 0
Flow Uec_211_83 flowId 30 uecSrc 29 starting at 0
Flow Uec_113_241 flowId 31 uecSrc 30 starting at 0
Flow Uec_33_161 flowId 32 uecSrc 31 starting at 0
Flow Uec_79_207 flowId 33 uecSrc 32 starting at 0
Flow Uec_63_191 flowId 34 uecSrc 33 starting at 0
Flow Uec_25_153 flowId 35 uecSrc 34 starting at 0
Flow Uec_139_11 flowId 36 uecSrc 35 starting at 0
Flow Uec_186_58 flowId 37 uecSrc 36 starting at 0
Flow Uec_202_74 flowId 38 uecSrc 37 starting at 0
Flow Uec_83_211 flowId 39 uecSrc 38 starting at 0
Flow Uec_236_108 flowId 40 uecSrc 39 starting at 0
Flow Uec_189_61 flowId 41 uecSrc 40 starting at 0
Flow Uec_144_16 flowId 42 uecSrc 41 starting at 0
Flow Uec_15_143 flowId 43 uecSrc 42 starting at 0
Flow Uec_91_219 flowId 44 uecSrc 43 starting at 0
Flow Uec_22_150 flowId 45 uecSrc 44 starting at 0
Flow Uec_155_27 flowId 46 uecSrc 45 starting at 0
Flow Uec_166_38 flowId 47 uecSrc 46 starting at 0
Flow Uec_162_34 flowId 48 uecSrc 47 starting at 0
Flow Uec_209_81 flowId 49 uecSrc 48 starting at 0
Flow Uec_183_55 flowId 50 uecSrc 49 starting at 0
Flow Uec_190_62 flowId 51 uecSrc 50 starting at 0
Flow Uec_42_170 flowId 52 uecSrc 51 starting at 0
Flow Uec_134_6 flowId 53 uecSrc 52 starting at 0
Flow Uec_135_7 flowId 54 uecSrc 53 starting at 0
Flow Uec_126_254 flowId 55 uecSrc 54 starting at 0
Flow Uec_244_116 flowId 56 uecSrc 55 starting at 0
Flow Uec_133_5 flowId 57 uecSrc 56 starting at 0
Flow Uec_171_43 flowId 58 uecSrc 57 starting at 0
Flow Uec_13_141 flowId 59 uecSrc 58 starting at 0
Flow Uec_117_245 flowId 60 uecSrc 59 starting at 0
Flow Uec_238_110 flowId 61 uecSrc 60 starting at 0
Flow Uec_35_163 flowId 62 uecSrc 61 starting at 0
Flow Uec_231_103 flowId 63 uecSrc 62 starting at 0
Flow Uec_149_21 flowId 64 uecSrc 63 starting at 0
Flow Uec_185_57 flowId 65 uecSrc 64 starting at 0
Flow Uec_49_177 flowId 66 uecSrc 65 starting at 0
Flow Uec_28_156 flowId 67 uecSrc 66 starting at 0
Flow Uec_92_220 flowId 68 uecSrc 67 starting at 0
Flow Uec_147_19 flowId 69 uecSrc 68 starting at 0
Flow Uec_175_47 flowId 70 uecSrc 69 starting at 0
Flow Uec_74_202 flowId 71 uecSrc 70 starting at 0
Flow Uec_43_171 flowId 72 uecSrc 71 starting at 0
Flow Uec_78_206 flowId 73 uecSrc 72 starting at 0
Flow Uec_220_92 flowId 74 uecSrc 73 starting at 0
Flow Uec_233_105 flowId 75 uecSrc 74 starting at 0
Flow Uec_21_149 flowId 76 uecSrc 75 starting at 0
Flow Uec_146_18 flowId 77 uecSrc 76 starting at 0
Flow Uec_160_32 flowId 78 uecSrc 77 starting at 0
Flow Uec_199_71 flowId 79 uecSrc 78 starting at 0
Flow Uec_100_228 flowId 80 uecSrc 79 starting at 0
Flow Uec_16_144 flowId 81 uecSrc 80 starting at 0
Flow Uec_130_2 flowId 82 uecSrc 81 starting at 0
Flow Uec_226_98 flowId 83 uecSrc 82 starting at 0
Flow Uec_106_234 flowId 84 uecSrc 83 starting at 0
Flow Uec_101_229 flowId 85 uecSrc 84 starting at 0
Flow Uec_179_51 flowId 86 uecSrc 85 starting at 0
Flow Uec_90_218 flowId 87 uecSrc 86 starting at 0
Flow Uec_23_151 flowId 88 uecSrc 87 starting at 0
Flow Uec_167_39 flowId 89 uecSrc 88 starting at 0
Flow Uec_248_120 flowId 90 uecSrc 89 starting at 0
Flow Uec_56_184 flowId 91 uecSrc 90 starting at 0
Flow Uec_125_253 flowId 92 uecSrc 91 starting at 0
Flow Uec_38_166 flowId 93 uecSrc 92 starting at 0
Flow Uec_205_77 flowId 94 uecSrc 93 starting at 0
Flow Uec_48_176 flowId 95 uecSrc 94 starting at 0
Flow Uec_219_91 flowId 96 uecSrc 95 starting at 0
Flow Uec_170_42 flowId 97 uecSrc 96 starting at 0
Flow Uec_34_162 flowId 98 uecSrc 97 starting at 0
Flow Uec_52_180 flowId 99 uecSrc 98 starting at 0
Flow Uec_77_205 flowId 100 uecSrc 99 starting at 0
Flow Uec_203_75 flowId 101 uecSrc 100 starting at 0
Flow Uec_168_40 flowId 102 uecSrc 101 starting at 0
Flow Uec_136_8 flowId 103 uecSrc 102 starting at 0
Flow Uec_20_148 flowId 104 uecSrc 103 starting at 0
Flow Uec_32_160 flowId 105 uecSrc 104 starting at 0
Flow Uec_67_195 flowId 106 uecSrc 105 starting at 0
Flow Uec_104_232 flowId 107 uecSrc 106 starting at 0
Flow Uec_114_242 flowId 108 uecSrc 107 starting at 0
Flow Uec_98_226 flowId 109 uecSrc 108 starting at 0
Flow Uec_105_233 flowId 110 uecSrc 109 starting at 0
Flow Uec_161_33 flowId 111 uecSrc 110 starting at 0
Flow Uec_212_84 flowId 112 uecSrc 111 starting at 0
Flow Uec_30_158 flowId 113 uecSrc 112 starting at 0
Flow Uec_206_78 flowId 114 uecSrc 113 starting at 0
Flow Uec_235_107 flowId 115 uecSrc 114 starting at 0
Flow Uec_80_208 flowId 116 uecSrc 115 starting at 0
Flow Uec_60_188 flowId 117 uecSrc 116 starting at 0
Flow Uec_17_145 flowId 118 uecSrc 117 starting at 0
Flow Uec_84_212 flowId 119 uecSrc 118 starting at 0
Flow Uec_197_69 flowId 120 uecSrc 119 starting at 0
Flow Uec_142_14 flowId 121 uecSrc 120 starting at 0
Flow Uec_234_106 flowId 122 uecSrc 121 starting at 0
Flow Uec_2_130 flowId 123 uecSrc 122 starting at 0
Flow Uec_173_45 flowId 124 uecSrc 123 starting at 0
Flow Uec_246_118 flowId 125 uecSrc 124 starting at 0
Flow Uec_121_249 flowId 126 uecSrc 125 starting at 0
Flow Uec_47_175 flowId 127 uecSrc 126 starting at 0
Flow Uec_5_133 flowId 128 uecSrc 127 starting at 0
Flow Uec_230_102 flowId 129 uecSrc 128 starting at 0
Flow Uec_50_178 flowId 130 uecSrc 129 starting at 0
Flow Uec_154_26 flowId 131 uecSrc 130 starting at 0
Flow Uec_93_221 flowId 132 uecSrc 131 starting at 0
Flow Uec_66_194 flowId 133 uecSrc 132 starting at 0
Flow Uec_200_72 flowId 134 uecSrc 133 starting at 0
Flow Uec_140_12 flowId 135 uecSrc 134 starting at 0
Flow Uec_152_24 flowId 136 uecSrc 135 starting at 0
Flow Uec_182_54 flowId 137 uecSrc 136 starting at 0
Flow Uec_29_157 flowId 138 uecSrc 137 starting at 0
Flow Uec_124_252 flowId 139 uecSrc 138 starting at 0
Flow Uec_178_50 flowId 140 uecSrc 139 starting at 0
Flow Uec_177_49 flowId 141 uecSrc 140 starting at 0
Flow Uec_181_53 flowId 142 uecSrc 141 starting at 0
Flow Uec_54_182 flowId 143 uecSrc 142 starting at 0
Flow Uec_210_82 flowId 144 uecSrc 143 starting at 0
Flow Uec_57_185 flowId 145 uecSrc 144 starting at 0
Flow Uec_95_223 flowId 146 uecSrc 145 starting at 0
Flow Uec_188_60 flowId 147 uecSrc 146 starting at 0
Flow Uec_247_119 flowId 148 uecSrc 147 starting at 0
Flow Uec_119_247 flowId 149 uecSrc 148 starting at 0
Flow Uec_165_37 flowId 150 uecSrc 149 starting at 0
Flow Uec_26_154 flowId 151 uecSrc 150 starting at 0
Flow Uec_132_4 flowId 152 uecSrc 151 starting at 0
Flow Uec_239_111 flowId 153 uecSrc 152 starting at 0
Flow Uec_241_113 flowId 154 uecSrc 153 starting at 0
Flow Uec_204_76 flowId 155 uecSrc 154 starting at 0
Flow Uec_164_36 flowId 156 uecSrc 155 starting at 0
Flow Uec_193_65 flowId 157 uecSrc 156 starting at 0
Flow Uec_55_183 flowId 158 uecSrc 157 starting at 0
Flow Uec_61_189 flowId 159 uecSrc 158 starting at 0
Flow Uec_94_222 flowId 160 uecSrc 159 starting at 0
Flow Uec_127_255 flowId 161 uecSrc 160 starting at 0
Flow Uec_172_44 flowId 162 uecSrc 161 starting at 0
Flow Uec_229_101 flowId 163 uecSrc 162 starting at 0
Flow Uec_150_22 flowId 164 uecSrc 163 starting at 0
Flow Uec_174_46 flowId 165 uecSrc 164 starting at 0
Flow Uec_158_30 flowId 166 uecSrc 165 starting at 0
128.326 flowid 7 Spurious 19
129.654 flowid 7 Spurious 21
132.678 flowid 7 Spurious 20
149.558 flowid 45 Spurious 44
161.312 flowid 76 Spurious 66
172.97 flowid 105 Spurious 124
173.332 flowid 105 Spurious 126
Flow Uec_104_232 flowId 107 uecSrc 106 finished at 173.942 total messages 1 total packets 490 RTS 0 total bytes 2002140 in_flight now 0 fair_inc 0 prop_inc 10533 fast_inc 444999 eta_inc 8344 multi_dec -0 quick_dec -0 nack_dec -0
Flow Uec_181_53 flowId 142 uecSrc 141 finished at 174.013 total messages 1 total packets 490 RTS 0 total bytes 2002140 in_flight now 0 fair_inc 0 prop_inc 10576 fast_inc 444999 eta_inc 8344 multi_dec -0 quick_dec -0 nack_dec -0
Flow Uec_126_254 flowId 55 uecSrc 54 finished at 174.194 total messages 1 total packets 490 RTS 0 total bytes 2002140 in_flight now 0 fair_inc 0 prop_inc 10456 fast_inc 444999 eta_inc 8344 multi_dec -0 quick_dec -0 nack_dec -0
Flow Uec_146_18 flowId 77 uecSrc 76 finished at 174.315 total messages 1 total packets 490 RTS 0 total bytes 2002140 in_flight now 0 fair_inc 0 prop_inc 10242 fast_inc 444999 eta_inc 8344 multi_dec -0 quick_dec -0 nack_dec -0
Flow Uec_179_51 flowId 86 uecSrc 85 finished at 174.616 total messages 1 total packets 490 RTS 0 total bytes 2002140 in_flight now 0 fair_inc 0 prop_inc 21621 fast_inc 388425 eta_inc 8344 multi_dec -0 quick_dec -0 nack_dec -0
Flow Uec_98_226 flowId 109 uecSrc 108 finished at 177.104 total messages 1 total packets 490 RTS 0 total bytes 2002140 in_flight now 0 fair_inc 0 prop_inc 75185 fast_inc 101025 eta_inc 8344 multi_dec -0 quick_dec -0 nack_dec -0
Flow Uec_106_234 flowId 84 uecSrc 83 finished at 177.576 total messages 1 total packets 490 RTS 0 total bytes 2002140 in_flight now 0 fair_inc 0 prop_inc 84237 fast_inc 0 eta_inc 8344 multi_dec -0 quick_dec -0 nack_dec -0
Flow Uec_100_228 flowId 80 uecSrc 79 finished at 177.934 total messages 1 total packets 490 RTS 0 total bytes 2002140 in_flight now 0 fair_inc 0 prop_inc 76884 fast_inc 28287 eta_inc 8344 multi_dec -0 quick_dec -0 nack_dec -0
Flow Uec_125_253 flowId 92 uecSrc 91 finished at 177.957 total messages 1 total packets 490 RTS 0 total bytes 2002140 in_flight now 0 fair_inc 0 prop_inc 65120 fast_inc 36369 eta_inc 8344 multi_dec -0 quick_dec -0 nack_dec -0
Flow Uec_101_229 flowId 85 uecSrc 84 finished at 178.25 total messages 1 total packets 490 RTS 0 total bytes 2002140 in_flight now 0 fair_inc 0 prop_inc 84554 fast_inc 0 eta_inc 8344 multi_dec -0 quick_dec -0 nack_dec -0
Flow Uec_79_207 flowId 33 uecSrc 32 finished at 181.702 total messages 1 total packets 490 RTS 0 total bytes 2002140 in_flight now 0 fair_inc 0 prop_inc 49044 fast_inc 0 eta_inc 8344 multi_dec -0 quick_dec -0 nack_dec -0
Flow Uec_78_206 flowId 73 uecSrc 72 finished at 182.029 total messages 1 total packets 490 RTS 0 total bytes 2002140 in_flight now 0 fair_inc 0 prop_inc 55517 fast_inc 4041 eta_inc 8344 multi_dec -0 quick_dec -0 nack_dec -0
Flow Uec_236_108 flowId 40 uecSrc 39 finished at 185.559 total messages 1 total packets 490 RTS 0 total bytes 2002140 in_flight now 0 fair_inc 0 prop_inc 43631 fast_inc 4041 eta_inc 8344 multi_dec -0 quick_dec -0 nack_dec -0
Flow Uec_247_119 flowId 148 uecSrc 147 finished at 190.902 total messages 1 total packets 490 RTS 0 total bytes 2002140 in_flight now 0 fair_inc 0 prop_inc 37960 fast_inc 0 eta_inc 8940 multi_dec -0 quick_dec -0 nack_dec -0
Flow Uec_248_120 flowId 90 uecSrc 89 finished at 192.021 total messages 1 total packets 490 RTS 0 total bytes 2002140 in_flight now 0 fair_inc 0 prop_inc 25584 fast_inc 0 eta_inc 8940 multi_dec -0 quick_dec -0 nack_dec -0
197.28 flowid 88 Spurious 170
Flow Uec_60_188 flowId 117 uecSrc 116 finished at 197.505 total messages 1 total packets 490 RTS 0 total bytes 2002140 in_flight now 0 fair_inc 376 prop_inc 21531 fast_inc 0 eta_inc 9536 multi_dec -0 quick_dec -0 nack_dec -0
197.612 flowid 88 Spurious 181
198.9 flowid 113 Spurious 174
200.897 flowid 113 Spurious 179
201.348 flowid 88 Spurious 193
202.562 flowid 113 Spurious 181
203.231 flowid 113 Spurious 194
203.895 flowid 113 Spurious 184
203.935 flowid 88 Spurious 188
Flow Uec_252_124 flowId 13 uecSrc 12 finished at 204.026 total messages 1 total packets 490 RTS 0 total bytes 2002140 in_flight now 0 fair_inc 4861 prop_inc 16039 fast_inc 0 eta_inc 9536 multi_dec -0 quick_dec -0 nack_dec -0
206.229 flowid 113 Spurious 192
209.584 flowid 88 Spurious 203
Flow Uec_246_118 flowId 125 uecSrc 124 finished at 212.906 total messages 1 total packets 490 RTS 0 total bytes 2002140 in_flight now 0 fair_inc 8817 prop_inc 11598 fast_inc 0 eta_inc 10132 multi_dec -26908 quick_dec -0 nack_dec -0
Flow Uec_26_154 flowId 151 uecSrc 150 finished at 214.071 total messages 1 total packets 490 RTS 0 total bytes 2002140 in_flight now 0 fair_inc 11255 prop_inc 10774 fast_inc 0 eta_inc 10132 multi_dec -0 quick_dec -0 nack_dec -0
214.55 flowid 35 Spurious 240
Flow Uec_13_141 flowId 59 uecSrc 58 finished at 214.704 total messages 1 total packets 490 RTS 0 total bytes 2002140 in_flight now 0 fair_inc 10277 prop_inc 10557 fast_inc 0 eta_inc 10132 multi_dec -0 quick_dec -0 nack_dec -16600
214.882 flowid 35 Spurious 241
216.961 flowid 62 Spurious 220
230.847 flowid 52 Spurious 249
231.179 flowid 52 Spurious 250
Flow Uec_255_127 flowId 18 uecSrc 17 finished at 232.88 total messages 1 total packets 490 RTS 0 total bytes 2002140 in_flight now 0 fair_inc 4687 prop_inc 14618 fast_inc 0 eta_inc 10728 multi_dec -63289 quick_dec -0 nack_dec -0
233.835 flowid 52 Spurious 243
Flow Uec_119_247 flowId 149 uecSrc 148 finished at 238.247 total messages 1 total packets 490 RTS 0 total bytes 2002140 in_flight now 0 fair_inc 3041 prop_inc 18781 fast_inc 0 eta_inc 11324 multi_dec -60475 quick_dec -0 nack_dec -0
Flow Uec_33_161 flowId 32 uecSrc 31 finished at 244.242 total messages 1 total packets 491 RTS 1 total bytes 2002140 in_flight now 0 fair_inc 5727 prop_inc 29356 fast_inc 0 eta_inc 11324 multi_dec -0 quick_dec -0 nack_dec -20750
250.731 flowid 105 Spurious 317
253.117 flowid 10 Spurious 324
254.465 flowid 10 Spurious 328
Flow Uec_52_180 flowId 99 uecSrc 98 finished at 255.718 total messages 1 total packets 490 RTS 0 total bytes 2002140 in_flight now 0 fair_inc 8505 prop_inc 78923 fast_inc 0 eta_inc 11920 multi_dec -122820 quick_dec -0 nack_dec -8300
255.749 flowid 76 Spurious 233
255.809 flowid 10 Spurious 330
261.588 flowid 118 Spurious 368
Flow Uec_37_165 flowId 10 uecSrc 9 finished at 262.243 total messages 1 total packets 491 RTS 1 total bytes 2002140 in_flight now 0 fair_inc 10492 prop_inc 22449 fast_inc 0 eta_inc 11324 multi_dec -0 quick_dec -0 nack_dec -8300
Flow Uec_17_145 flowId 118 uecSrc 117 finished at 264.479 total messages 1 total packets 490 RTS 0 total bytes 2002140 in_flight now 0 fair_inc 17889 prop_inc 7975 fast_inc 0 eta_inc 10728 multi_dec -0 quick_dec -0 nack_dec -4150
266.573 flowid 118 Spurious 382
267.083 flowid 62 Spurious 353
267.569 flowid 118 Spurious 384
267.758 flowid 62 Spurious 354
268.774 flowid 62 Spurious 356
270.475 flowid 62 Spurious 360
271.154 flowid 62 Spurious 361
272.171 flowid 62 Spurious 363
273.995 flowid 20 Spurious 382
274.338 flowid 20 Spurious 383
276.427 flowid 20 Spurious 388
Flow Uec_30_158 flowId 113 uecSrc 112 finished at 276.947 total messages 1 total packets 490 RTS 0 total bytes 2002140 in_flight now 0 fair_inc 11810 prop_inc 10523 fast_inc 0 eta_inc 11324 multi_dec -0 quick_dec -0 nack_dec -8300
282.019 flowid 62 Spurious 379
282.215 flowid 136 Spurious 16
282.698 flowid 62 Spurious 380
283.791 flowid 8 Spurious 406
284.399 flowid 62 Spurious 384
284.787 flowid 8 Spurious 409
292.374 flowid 105 Spurious 414
Flow Uec_8_136 flowId 23 uecSrc 22 finished at 293.951 total messages 1 total packets 490 RTS 0 total bytes 2002140 in_flight now 0 fair_inc 0 prop_inc 60440 fast_inc 0 eta_inc 10132 multi_dec -0 quick_dec -201998 nack_dec -16600
Flow Uec_15_143 flowId 43 uecSrc 42 finished at 296.76 total messages 1 total packets 490 RTS 0 total bytes 2002140 in_flight now 0 fair_inc 4326 prop_inc 56390 fast_inc 0 eta_inc 13708 multi_dec -142377 quick_dec -0 nack_dec -8300
Flow Uec_150_22 flowId 164 uecSrc 163 finished at 306.185 total messages 1 total packets 491 RTS 1 total bytes 2002140 in_flight now 0 fair_inc 13933 prop_inc 34569 fast_inc 0 eta_inc 13708 multi_dec -86130 quick_dec -0 nack_dec -16600
Flow Uec_35_163 flowId 62 uecSrc 61 finished at 306.211 total messages 1 total packets 491 RTS 1 total bytes 2002140 in_flight now 0 fair_inc 19932 prop_inc 19149 fast_inc 0 eta_inc 12516 multi_dec -0 quick_dec -163321 nack_dec -16600
Flow Uec_0_128 flowId 8 uecSrc 7 finished at 308.482 total messages 1 total packets 491 RTS 1 total bytes 2002140 in_flight now 0 fair_inc 10713 prop_inc 19649 fast_inc 0 eta_inc 10728 multi_dec -0 quick_dec -190772 nack_dec -16600
Flow Uec_7_135 flowId 21 uecSrc 20 finished at 312.892 total messages 1 total packets 493 RTS 3 total bytes 2002140 in_flight now 0 fair_inc 373 prop_inc 75995 fast_inc 0 eta_inc 11324 multi_dec -0 quick_dec -194205 nack_dec -4150
Flow Uec_25_153 flowId 35 uecSrc 34 finished at 313.626 total messages 1 total packets 492 RTS 2 total bytes 2002140 in_flight now 0 fair_inc 13628 prop_inc 20572 fast_inc 0 eta_inc 11324 multi_dec -0 quick_dec -203090 nack_dec -12450
Flow Uec_77_205 flowId 100 uecSrc 99 finished at 315.114 total messages 1 total packets 490 RTS 0 total bytes 2002140 in_flight now 0 fair_inc 3313 prop_inc 31680 fast_inc 0 eta_inc 14900 multi_dec -79940 quick_dec -0 nack_dec -45650
Flow Uec_40_168 flowId 20 uecSrc 19 finished at 315.618 total messages 1 total packets 490 RTS 0 total bytes 2002140 in_flight now 0 fair_inc 7527 prop_inc 16913 fast_inc 0 eta_inc 10728 multi_dec -0 quick_dec -195211 nack_dec -4150
Flow Uec_149_21 flowId 64 uecSrc 63 finished at 317.33 total messages 1 total packets 490 RTS 0 total bytes 2002140 in_flight now 0 fair_inc 20146 prop_inc 27181 fast_inc 0 eta_inc 14900 multi_dec -88142 quick_dec -0 nack_dec -37350
Flow Uec_23_151 flowId 88 uecSrc 87 finished at 318.145 total messages 1 total packets 494 RTS 4 total bytes 2002140 in_flight now 0 fair_inc 3636 prop_inc 51401 fast_inc 0 eta_inc 13112 multi_dec -0 quick_dec -164980 nack_dec -4150
318.761 flowid 93 Spurious 408
Flow Uec_180_52 flowId 9 uecSrc 8 finished at 320.785 total messages 1 total packets 490 RTS 0 total bytes 2002140 in_flight now 0 fair_inc 3961 prop_inc 22397 fast_inc 0 eta_inc 15496 multi_dec -92487 quick_dec -0 nack_dec -29050
Flow Uec_32_160 flowId 105 uecSrc 104 finished at 324.528 total messages 1 total packets 492 RTS 2 total bytes 2002140 in_flight now 0 fair_inc 4931 prop_inc 27130 fast_inc 0 eta_inc 13112 multi_dec -0 quick_dec -0 nack_dec -0
Flow Uec_28_156 flowId 67 uecSrc 66 finished at 324.7 total messages 1 total packets 494 RTS 4 total bytes 2002140 in_flight now 0 fair_inc 6024 prop_inc 48503 fast_inc 0 eta_inc 13112 multi_dec -0 quick_dec -145475 nack_dec -8300
Flow Uec_188_60 flowId 147 uecSrc 146 finished at 325.119 total messages 1 total packets 490 RTS 0 total bytes 2002140 in_flight now 0 fair_inc 5257 prop_inc 33533 fast_inc 0 eta_inc 15496 multi_dec -79111 quick_dec -0 nack_dec -53950
Flow Uec_47_175 flowId 127 uecSrc 126 finished at 325.672 total messages 1 total packets 494 RTS 4 total bytes 2002140 in_flight now 0 fair_inc 14050 prop_inc 36489 fast_inc 0 eta_inc 14304 multi_dec -0 quick_dec -146960 nack_dec -24900
326.584 flowid 93 Spurious 430
326.916 flowid 93 Spurious 433
327.585 flowid 93 Spurious 435
Flow Uec_20_148 flowId 104 uecSrc 103 finished at 327.68 total messages 1 total packets 500 RTS 10 total bytes 2002140 in_flight now -128 fair_inc 7810 prop_inc 67204 fast_inc 0 eta_inc 15496 multi_dec -14707 quick_dec -0 nack_dec -0
Flow Uec_168_40 flowId 102 uecSrc 101 finished at 328.104 total messages 1 total packets 490 RTS 0 total bytes 2002140 in_flight now 0 fair_inc 15651 prop_inc 24152 fast_inc 0 eta_inc 15496 multi_dec -100970 quick_dec -0 nack_dec -41500
328.928 flowid 93 Spurious 452
329.597 flowid 93 Spurious 453
329.934 flowid 93 Spurious 454
330.272 flowid 93 Spurious 456
330.941 flowid 93 Spurious 457
331.61 flowid 93 Spurious 461
332.279 flowid 93 Spurious 462
Flow Uec_134_6 flowId 53 uecSrc 52 finished at 332.454 total messages 1 total packets 490 RTS 0 total bytes 2002140 in_flight now 0 fair_inc 8988 prop_inc 29077 fast_inc 0 eta_inc 15496 multi_dec -89071 quick_dec -0 nack_dec -37350
Flow Uec_21_149 flowId 76 uecSrc 75 finished at 333.108 total messages 1 total packets 494 RTS 4 total bytes 2002140 in_flight now 0 fair_inc 14346 prop_inc 56414 fast_inc 0 eta_inc 15496 multi_dec -92684 quick_dec -0 nack_dec -0
Flow Uec_102_230 flowId 27 uecSrc 26 finished at 333.365 total messages 1 total packets 490 RTS 0 total bytes 2002140 in_flight now 0 fair_inc 5392 prop_inc 22164 fast_inc 0 eta_inc 16092 multi_dec -76736 quick_dec -0 nack_dec -49800
Flow Uec_183_55 flowId 50 uecSrc 49 finished at 335.676 total messages 1 total packets 490 RTS 0 total bytes 2002140 in_flight now 0 fair_inc 7762 prop_inc 19413 fast_inc 0 eta_inc 16092 multi_dec -89223 quick_dec -0 nack_dec -37350
Flow Uec_55_183 flowId 158 uecSrc 157 finished at 337.351 total messages 1 total packets 490 RTS 0 total bytes 2002140 in_flight now 0 fair_inc 3558 prop_inc 29691 fast_inc 0 eta_inc 16092 multi_dec -74484 quick_dec -0 nack_dec -58100
Flow Uec_133_5 flowId 57 uecSrc 56 finished at 337.942 total messages 1 total packets 490 RTS 0 total bytes 2002140 in_flight now 0 fair_inc 6938 prop_inc 51081 fast_inc 0 eta_inc 14900 multi_dec -86642 quick_dec -0 nack_dec -49800
Flow Uec_216_88 flowId 28 uecSrc 27 finished at 338.55 total messages 1 total packets 490 RTS 0 total bytes 2002140 in_flight now 0 fair_inc 5977 prop_inc 29173 fast_inc 0 eta_inc 16092 multi_dec -124760 quick_dec -0 nack_dec -24900
Flow Uec_186_58 flowId 37 uecSrc 36 finished at 339.164 total messages 1 total packets 490 RTS 0 total bytes 2002140 in_flight now 0 fair_inc 6861 prop_inc 20907 fast_inc 0 eta_inc 16092 multi_dec -76304 quick_dec -0 nack_dec -53950
Flow Uec_174_46 flowId 165 uecSrc 164 finished at 340.585 total messages 1 total packets 490 RTS 0 total bytes 2002140 in_flight now 0 fair_inc 15693 prop_inc 39165 fast_inc 0 eta_inc 16092 multi_dec -101127 quick_dec -0 nack_dec -37350
Flow Uec_144_16 flowId 42 uecSrc 41 finished at 341.166 total messages 1 total packets 490 RTS 0 total bytes 2002140 in_flight now 0 fair_inc 32055 prop_inc 32475 fast_inc 0 eta_inc 15496 multi_dec -103888 quick_dec -0 nack_dec -49800
Flow Uec_16_144 flowId 81 uecSrc 80 finished at 341.317 total messages 1 total packets 491 RTS 1 total bytes 2002140 in_flight now 0 fair_inc 4647 prop_inc 79509 fast_inc 0 eta_inc 14304 multi_dec -160404 quick_dec -0 nack_dec -4150
Flow Uec_178_50 flowId 140 uecSrc 139 finished at 343.204 total messages 1 total packets 490 RTS 0 total bytes 2002140 in_flight now 0 fair_inc 15396 prop_inc 38882 fast_inc 0 eta_inc 16092 multi_dec -118146 quick_dec -0 nack_dec -33200
Flow Uec_205_77 flowId 94 uecSrc 93 finished at 343.334 total messages 1 total packets 490 RTS 0 total bytes 2002140 in_flight now 0 fair_inc 1850 prop_inc 33385 fast_inc 0 eta_inc 16092 multi_dec -60504 quick_dec -0 nack_dec -74700
Flow Uec_177_49 flowId 141 uecSrc 140 finished at 344.052 total messages 1 total packets 490 RTS 0 total bytes 2002140 in_flight now 0 fair_inc 16876 prop_inc 32318 fast_inc 0 eta_inc 16092 multi_dec -72872 quick_dec -0 nack_dec -62250
Flow Uec_226_98 flowId 83 uecSrc 82 finished at 344.32 total messages 1 total packets 490 RTS 0 total bytes 2002140 in_flight now 0 fair_inc 2825 prop_inc 36740 fast_inc 0 eta_inc 16688 multi_dec -59703 quick_dec -0 nack_dec -78850
Flow Uec_29_157 flowId 138 uecSrc 137 finished at 344.463 total messages 1 total packets 493 RTS 3 total bytes 2002140 in_flight now 0 fair_inc 16284 prop_inc 39193 fast_inc 0 eta_inc 15496 multi_dec -131065 quick_dec -0 nack_dec -20750
Flow Uec_164_36 flowId 156 uecSrc 155 finished at 344.93 total messages 1 total packets 490 RTS 0 total bytes 2002140 in_flight now 0 fair_inc 23732 prop_inc 27656 fast_inc 0 eta_inc 16092 multi_dec -113744 quick_dec -0 nack_dec -45650
Flow Uec_135_7 flowId 54 uecSrc 53 finished at 346.06 total messages 1 total packets 490 RTS 0 total bytes 2002140 in_flight now 0 fair_inc 8316 prop_inc 47924 fast_inc 0 eta_inc 15496 multi_dec -17615 quick_dec -0 nack_dec -112050
Flow Uec_167_39 flowId 89 uecSrc 88 finished at 346.563 total messages 1 total packets 491 RTS 1 total bytes 2002140 in_flight now 0 fair_inc 19508 prop_inc 46507 fast_inc 0 eta_inc 15496 multi_dec -113635 quick_dec -0 nack_dec -37350
Flow Uec_171_43 flowId 58 uecSrc 57 finished at 346.759 total messages 1 total packets 491 RTS 1 total bytes 2002140 in_flight now 0 fair_inc 22639 prop_inc 35129 fast_inc 0 eta_inc 15496 multi_dec -111518 quick_dec -0 nack_dec -29050
Flow Uec_158_30 flowId 166 uecSrc 165 finished at 347.054 total messages 1 total packets 490 RTS 0 total bytes 2002140 in_flight now 0 fair_inc 17175 prop_inc 38350 fast_inc 0 eta_inc 16092 multi_dec -122028 quick_dec -0 nack_dec -37350
Flow Uec_113_241 flowId 31 uecSrc 30 finished at 348.51 total messages 1 total packets 490 RTS 0 total bytes 2002140 in_flight now 0 fair_inc 4530 prop_inc 27415 fast_inc 0 eta_inc 16688 multi_dec -84108 quick_dec -0 nack_dec -49800
Flow Uec_160_32 flowId 78 uecSrc 77 finished at 349.28 total messages 1 total packets 490 RTS 0 total bytes 2002140 in_flight now 0 fair_inc 12440 prop_inc 32761 fast_inc 0 eta_inc 15496 multi_dec -102773 quick_dec -0 nack_dec -41500
Flow Uec_140_12 flowId 135 uecSrc 134 finished at 349.444 total messages 1 total packets 490 RTS 0 total bytes 2002140 in_flight now 0 fair_inc 1748 prop_inc 48911 fast_inc 0 eta_inc 16092 multi_dec -123092 quick_dec -0 nack_dec -33200
Flow Uec_154_26 flowId 131 uecSrc 130 finished at 349.444 total messages 1 total packets 490 RTS 0 total bytes 2002140 in_flight now 0 fair_inc 11905 prop_inc 60432 fast_inc 4041 eta_inc 15496 multi_dec -123863 quick_dec -0 nack_dec -37350
Flow Uec_76_204 flowId 3 uecSrc 2 finished at 349.709 total messages 1 total packets 490 RTS 0 total bytes 2002140 in_flight now 0 fair_inc 1722 prop_inc 51120 fast_inc 0 eta_inc 16688 multi_dec -106886 quick_dec -0 nack_dec -45650
Flow Uec_231_103 flowId 63 uecSrc 62 finished at 353.718 total messages 1 total packets 490 RTS 0 total bytes 2002140 in_flight now 0 fair_inc 2818 prop_inc 28831 fast_inc 0 eta_inc 17284 multi_dec -63007 quick_dec -0 nack_dec -74700
Flow Uec_63_191 flowId 34 uecSrc 33 finished at 353.817 total messages 1 total packets 490 RTS 0 total bytes 2002140 in_flight now 0 fair_inc 13196 prop_inc 33179 fast_inc 0 eta_inc 16688 multi_dec -82801 quick_dec -0 nack_dec -70550
Flow Uec_43_171 flowId 72 uecSrc 71 finished at 355.298 total messages 1 total packets 495 RTS 5 total bytes 2002140 in_flight now -64 fair_inc 8990 prop_inc 47844 fast_inc 0 eta_inc 14900 multi_dec -0 quick_dec -128978 nack_dec -8300
Flow Uec_38_166 flowId 93 uecSrc 92 finished at 357.09 total messages 1 total packets 494 RTS 4 total bytes 2002140 in_flight now 0 fair_inc 2677 prop_inc 66676 fast_inc 0 eta_inc 13708 multi_dec -0 quick_dec -192536 nack_dec -16600
Flow Uec_234_106 flowId 122 uecSrc 121 finished at 357.627 total messages 1 total packets 490 RTS 0 total bytes 2002140 in_flight now 0 fair_inc 6671 prop_inc 48153 fast_inc 0 eta_inc 16688 multi_dec -81369 quick_dec -0 nack_dec -74700
Flow Uec_34_162 flowId 98 uecSrc 97 finished at 360.436 total messages 1 total packets 496 RTS 6 total bytes 2002140 in_flight now -64 fair_inc 15113 prop_inc 34911 fast_inc 0 eta_inc 16688 multi_dec -97537 quick_dec -0 nack_dec -8300
Flow Uec_238_110 flowId 61 uecSrc 60 finished at 362.361 total messages 1 total packets 490 RTS 0 total bytes 2002140 in_flight now 0 fair_inc 4105 prop_inc 36340 fast_inc 0 eta_inc 17284 multi_dec -90932 quick_dec -0 nack_dec -58100
Flow Uec_233_105 flowId 75 uecSrc 74 finished at 366.155 total messages 1 total packets 490 RTS 0 total bytes 2002140 in_flight now 0 fair_inc 4294 prop_inc 41847 fast_inc 0 eta_inc 17284 multi_dec -92220 quick_dec -0 nack_dec -62250
372.946 flowid 128 Spurious 484
373.472 flowid 128 Spurious 490
Flow Uec_42_170 flowId 52 uecSrc 51 finished at 373.741 total messages 1 total packets 496 RTS 6 total bytes 2002140 in_flight now -64 fair_inc 6216 prop_inc 49609 fast_inc 0 eta_inc 14304 multi_dec -0 quick_dec -154241 nack_dec -12450
374.259 flowid 128 Spurious 492
Flow Uec_229_101 flowId 163 uecSrc 162 finished at 375.117 total messages 1 total packets 490 RTS 0 total bytes 2002140 in_flight now 0 fair_inc 9575 prop_inc 52029 fast_inc 0 eta_inc 17284 multi_dec -111376 quick_dec -0 nack_dec -62250
376.971 flowid 128 Spurious 493
Flow Uec_5_133 flowId 128 uecSrc 127 finished at 377.639 total messages 1 total packets 496 RTS 6 total bytes 2002140 in_flight now 0 fair_inc 1599 prop_inc 95014 fast_inc 1010 eta_inc 14900 multi_dec -0 quick_dec -174004 nack_dec -37350
Flow Uec_235_107 flowId 115 uecSrc 114 finished at 381.791 total messages 1 total packets 490 RTS 0 total bytes 2002140 in_flight now 0 fair_inc 2506 prop_inc 40035 fast_inc 0 eta_inc 18476 multi_dec -81445 quick_dec -0 nack_dec -74700
Flow Uec_117_245 flowId 60 uecSrc 59 finished at 390.228 total messages 1 total packets 490 RTS 0 total bytes 2002140 in_flight now 0 fair_inc 6772 prop_inc 99345 fast_inc 0 eta_inc 18476 multi_dec -98644 quick_dec -0 nack_dec -78850
Flow Uec_142_14 flowId 121 uecSrc 120 finished at 394.743 total messages 1 total packets 490 RTS 0 total bytes 2002140 in_flight now 0 fair_inc 13613 prop_inc 29088 fast_inc 0 eta_inc 18476 multi_dec -26991 quick_dec -0 nack_dec -120350
Flow Uec_239_111 flowId 153 uecSrc 152 finished at 394.81 total messages 1 total packets 490 RTS 0 total bytes 2002140 in_flight now 0 fair_inc 3509 prop_inc 51666 fast_inc 0 eta_inc 18476 multi_dec -97453 quick_dec -0 nack_dec -74700
Flow Uec_22_150 flowId 45 uecSrc 44 finished at 412.362 total messages 1 total packets 497 RTS 7 total bytes 2002140 in_flight now -64 fair_inc 6991 prop_inc 68025 fast_inc 146974 eta_inc 18476 multi_dec -74020 quick_dec -0 nack_dec -8300
Flow Uec_48_176 flowId 95 uecSrc 94 finished at 413.393 total messages 1 total packets 492 RTS 2 total bytes 2002140 in_flight now 0 fair_inc 12454 prop_inc 114883 fast_inc 0 eta_inc 17880 multi_dec -189611 quick_dec -0 nack_dec -29050
Flow Uec_127_255 flowId 161 uecSrc 160 finished at 420.003 total messages 1 total packets 490 RTS 0 total bytes 2002140 in_flight now 0 fair_inc 31039 prop_inc 11687 fast_inc 0 eta_inc 19668 multi_dec -34256 quick_dec -0 nack_dec -120350
Flow Uec_204_76 flowId 155 uecSrc 154 finished at 444.187 total messages 1 total packets 490 RTS 0 total bytes 2002140 in_flight now 0 fair_inc 22807 prop_inc 17529 fast_inc 0 eta_inc 20860 multi_dec -41951 quick_dec -0 nack_dec -124500
Flow Uec_194_66 flowId 12 uecSrc 11 finished at 449.274 total messages 1 total packets 490 RTS 0 total bytes 2002140 in_flight now 0 fair_inc 12059 prop_inc 16807 fast_inc 0 eta_inc 21456 multi_dec -95524 quick_dec -0 nack_dec -78850
Flow Uec_139_11 flowId 36 uecSrc 35 finished at 453.456 total messages 1 total packets 491 RTS 1 total bytes 2002140 in_flight now 0 fair_inc 20656 prop_inc 52663 fast_inc 0 eta_inc 19668 multi_dec -82487 quick_dec -0 nack_dec -83000
Flow Uec_159_31 flowId 17 uecSrc 16 finished at 468.31 total messages 1 total packets 491 RTS 1 total bytes 2002140 in_flight now 0 fair_inc 31075 prop_inc 19545 fast_inc 0 eta_inc 17284 multi_dec -76685 quick_dec -0 nack_dec -91300
Flow Uec_105_233 flowId 110 uecSrc 109 finished at 469.323 total messages 1 total packets 490 RTS 0 total bytes 2002140 in_flight now 0 fair_inc 24192 prop_inc 13812 fast_inc 0 eta_inc 22648 multi_dec -49117 quick_dec -0 nack_dec -124500
Flow Uec_230_102 flowId 129 uecSrc 128 finished at 475.106 total messages 1 total packets 490 RTS 0 total bytes 2002140 in_flight now 0 fair_inc 27789 prop_inc 19392 fast_inc 0 eta_inc 22052 multi_dec -38362 quick_dec -0 nack_dec -141100
Flow Uec_62_190 flowId 11 uecSrc 10 finished at 479.182 total messages 1 total packets 490 RTS 0 total bytes 2002140 in_flight now 0 fair_inc 21138 prop_inc 28270 fast_inc 0 eta_inc 22648 multi_dec -118366 quick_dec -0 nack_dec -78850
Flow Uec_57_185 flowId 145 uecSrc 144 finished at 479.365 total messages 1 total packets 490 RTS 0 total bytes 2002140 in_flight now 0 fair_inc 19492 prop_inc 20949 fast_inc 0 eta_inc 22052 multi_dec -46255 quick_dec -0 nack_dec -136950
Flow Uec_49_177 flowId 66 uecSrc 65 finished at 482.036 total messages 1 total packets 490 RTS 0 total bytes 2002140 in_flight now 0 fair_inc 19721 prop_inc 12714 fast_inc 0 eta_inc 22052 multi_dec -82019 quick_dec -0 nack_dec -99600
Flow Uec_219_91 flowId 96 uecSrc 95 finished at 482.231 total messages 1 total packets 490 RTS 0 total bytes 2002140 in_flight now 0 fair_inc 14004 prop_inc 12857 fast_inc 0 eta_inc 22648 multi_dec -93525 quick_dec -0 nack_dec -78850
Flow Uec_74_202 flowId 71 uecSrc 70 finished at 485.071 total messages 1 total packets 490 RTS 0 total bytes 2002140 in_flight now 0 fair_inc 17315 prop_inc 14942 fast_inc 0 eta_inc 23244 multi_dec -84805 quick_dec -0 nack_dec -95450
Flow Uec_173_45 flowId 124 uecSrc 123 finished at 485.081 total messages 1 total packets 490 RTS 0 total bytes 2002140 in_flight now 0 fair_inc 16539 prop_inc 22637 fast_inc 0 eta_inc 22052 multi_dec -85601 quick_dec -0 nack_dec -99600
Flow Uec_92_220 flowId 68 uecSrc 67 finished at 489.451 total messages 1 total packets 490 RTS 0 total bytes 2002140 in_flight now 0 fair_inc 27358 prop_inc 14238 fast_inc 0 eta_inc 23244 multi_dec -88939 quick_dec -0 nack_dec -107900
Flow Uec_50_178 flowId 130 uecSrc 129 finished at 490.037 total messages 1 total packets 490 RTS 0 total bytes 2002140 in_flight now 0 fair_inc 28392 prop_inc 21620 fast_inc 0 eta_inc 23244 multi_dec -99359 quick_dec -0 nack_dec -87150
Flow Uec_193_65 flowId 157 uecSrc 156 finished at 492.398 total messages 1 total packets 490 RTS 0 total bytes 2002140 in_flight now 0 fair_inc 17426 prop_inc 37396 fast_inc 0 eta_inc 23244 multi_dec -75195 quick_dec -0 nack_dec -107900
Flow Uec_103_231 flowId 19 uecSrc 18 finished at 492.504 total messages 1 total packets 490 RTS 0 total bytes 2002140 in_flight now 0 fair_inc 21452 prop_inc 22124 fast_inc 0 eta_inc 23244 multi_dec -62481 quick_dec -0 nack_dec -120350
Flow Uec_241_113 flowId 154 uecSrc 153 finished at 492.588 total messages 1 total packets 490 RTS 0 total bytes 2002140 in_flight now 0 fair_inc 1784 prop_inc 35862 fast_inc 0 eta_inc 22648 multi_dec -74328 quick_dec -0 nack_dec -95450
Flow Uec_69_197 flowId 16 uecSrc 15 finished at 493.197 total messages 1 total packets 490 RTS 0 total bytes 2002140 in_flight now 0 fair_inc 21089 prop_inc 18170 fast_inc 0 eta_inc 22052 multi_dec -76927 quick_dec -0 nack_dec -103750
Flow Uec_81_209 flowId 15 uecSrc 14 finished at 494.193 total messages 1 total packets 490 RTS 0 total bytes 2002140 in_flight now 0 fair_inc 32655 prop_inc 14419 fast_inc 0 eta_inc 22052 multi_dec -91768 quick_dec -0 nack_dec -103750
Flow Uec_2_130 flowId 123 uecSrc 122 finished at 504.256 total messages 1 total packets 495 RTS 5 total bytes 2002140 in_flight now 0 fair_inc 3566 prop_inc 74167 fast_inc 1010 eta_inc 15496 multi_dec -0 quick_dec -169644 nack_dec -20750
Flow Uec_132_4 flowId 152 uecSrc 151 finished at 505.652 total messages 1 total packets 492 RTS 2 total bytes 2002140 in_flight now 0 fair_inc 5864 prop_inc 108318 fast_inc 0 eta_inc 21456 multi_dec -148853 quick_dec -0 nack_dec -66400
Flow Uec_67_195 flowId 106 uecSrc 105 finished at 505.732 total messages 1 total packets 490 RTS 0 total bytes 2002140 in_flight now 0 fair_inc 16671 prop_inc 20498 fast_inc 0 eta_inc 22052 multi_dec -49467 quick_dec -0 nack_dec -132800
Flow Uec_209_81 flowId 49 uecSrc 48 finished at 507.284 total messages 1 total packets 490 RTS 0 total bytes 2002140 in_flight now 0 fair_inc 20523 prop_inc 24103 fast_inc 0 eta_inc 23840 multi_dec -59162 quick_dec -0 nack_dec -128650
Flow Uec_190_62 flowId 51 uecSrc 50 finished at 509.502 total messages 1 total packets 490 RTS 0 total bytes 2002140 in_flight now 0 fair_inc 21122 prop_inc 41926 fast_inc 0 eta_inc 23244 multi_dec -74361 quick_dec -0 nack_dec -120350
Flow Uec_211_83 flowId 30 uecSrc 29 finished at 509.685 total messages 1 total packets 490 RTS 0 total bytes 2002140 in_flight now 0 fair_inc 22278 prop_inc 24129 fast_inc 0 eta_inc 24436 multi_dec -75456 quick_dec -0 nack_dec -112050
Flow Uec_90_218 flowId 87 uecSrc 86 finished at 509.742 total messages 1 total packets 490 RTS 0 total bytes 2002140 in_flight now 0 fair_inc 31236 prop_inc 27487 fast_inc 0 eta_inc 23840 multi_dec -100081 quick_dec -0 nack_dec -107900
Flow Uec_165_37 flowId 150 uecSrc 149 finished at 515.158 total messages 1 total packets 490 RTS 0 total bytes 2002140 in_flight now 0 fair_inc 42155 prop_inc 39411 fast_inc 0 eta_inc 19072 multi_dec -105587 quick_dec -0 nack_dec -99600
Flow Uec_56_184 flowId 91 uecSrc 90 finished at 515.337 total messages 1 total packets 490 RTS 0 total bytes 2002140 in_flight now 0 fair_inc 23411 prop_inc 44068 fast_inc 0 eta_inc 23840 multi_dec -86019 quick_dec -0 nack_dec -107900
Flow Uec_66_194 flowId 133 uecSrc 132 finished at 519.155 total messages 1 total packets 490 RTS 0 total bytes 2002140 in_flight now 0 fair_inc 20244 prop_inc 49590 fast_inc 0 eta_inc 23840 multi_dec -73531 quick_dec -0 nack_dec -136950
Flow Uec_84_212 flowId 119 uecSrc 118 finished at 524.175 total messages 1 total packets 490 RTS 0 total bytes 2002140 in_flight now 0 fair_inc 17376 prop_inc 36568 fast_inc 0 eta_inc 22648 multi_dec -78822 quick_dec -0 nack_dec -112050
Flow Uec_136_8 flowId 103 uecSrc 102 finished at 524.582 total messages 1 total packets 490 RTS 0 total bytes 2002140 in_flight now 0 fair_inc 9614 prop_inc 92627 fast_inc 17173 eta_inc 22648 multi_dec -117540 quick_dec -0 nack_dec -78850
Flow Uec_61_189 flowId 159 uecSrc 158 finished at 528.829 total messages 1 total packets 490 RTS 0 total bytes 2002140 in_flight now 0 fair_inc 30531 prop_inc 36418 fast_inc 0 eta_inc 23840 multi_dec -65638 quick_dec -0 nack_dec -136950
Flow Uec_130_2 flowId 82 uecSrc 81 finished at 541.834 total messages 1 total packets 490 RTS 0 total bytes 2002140 in_flight now 0 fair_inc 0 prop_inc 130427 fast_inc 0 eta_inc 22052 multi_dec -140569 quick_dec -0 nack_dec -87150
Flow Uec_72_200 flowId 4 uecSrc 3 finished at 557.876 total messages 1 total packets 490 RTS 0 total bytes 2002140 in_flight now 0 fair_inc 35948 prop_inc 4278 fast_inc 0 eta_inc 25628 multi_dec -43542 quick_dec -0 nack_dec -149400
Flow Uec_54_182 flowId 143 uecSrc 142 finished at 558.148 total messages 1 total packets 490 RTS 0 total bytes 2002140 in_flight now 0 fair_inc 20878 prop_inc 66818 fast_inc 4041 eta_inc 25032 multi_dec -110618 quick_dec -0 nack_dec -103750
Flow Uec_244_116 flowId 56 uecSrc 55 finished at 565.403 total messages 1 total packets 490 RTS 0 total bytes 2002140 in_flight now 0 fair_inc 45123 prop_inc 68627 fast_inc 0 eta_inc 24436 multi_dec -145146 quick_dec -0 nack_dec -91300
Flow Uec_200_72 flowId 134 uecSrc 133 finished at 576.113 total messages 1 total packets 490 RTS 0 total bytes 2002140 in_flight now 0 fair_inc 41858 prop_inc 7605 fast_inc 0 eta_inc 26224 multi_dec -70860 quick_dec -0 nack_dec -136950
Flow Uec_86_214 flowId 29 uecSrc 28 finished at 580.799 total messages 1 total packets 490 RTS 0 total bytes 2002140 in_flight now 0 fair_inc 33592 prop_inc 12965 fast_inc 0 eta_inc 25628 multi_dec -55563 quick_dec -0 nack_dec -145250
Flow Uec_203_75 flowId 101 uecSrc 100 finished at 586.463 total messages 1 total packets 490 RTS 0 total bytes 2002140 in_flight now 0 fair_inc 37309 prop_inc 9042 fast_inc 0 eta_inc 26820 multi_dec -59737 quick_dec -0 nack_dec -153550
Flow Uec_198_70 flowId 6 uecSrc 5 finished at 597.162 total messages 1 total packets 490 RTS 0 total bytes 2002140 in_flight now 0 fair_inc 35703 prop_inc 31215 fast_inc 0 eta_inc 22052 multi_dec -59920 quick_dec -0 nack_dec -149400
Flow Uec_189_61 flowId 41 uecSrc 40 finished at 615.448 total messages 1 total packets 490 RTS 0 total bytes 2002140 in_flight now 0 fair_inc 25567 prop_inc 17272 fast_inc 0 eta_inc 28608 multi_dec -99953 quick_dec -0 nack_dec -120350
Flow Uec_122_250 flowId 22 uecSrc 21 finished at 620.093 total messages 1 total packets 490 RTS 0 total bytes 2002140 in_flight now 0 fair_inc 35104 prop_inc 33938 fast_inc 0 eta_inc 28012 multi_dec -72384 quick_dec -0 nack_dec -136950
Flow Uec_185_57 flowId 65 uecSrc 64 finished at 624.904 total messages 1 total packets 490 RTS 0 total bytes 2002140 in_flight now 0 fair_inc 22819 prop_inc 17021 fast_inc 0 eta_inc 29204 multi_dec -61279 quick_dec -0 nack_dec -145250
Flow Uec_121_249 flowId 126 uecSrc 125 finished at 639.51 total messages 1 total packets 490 RTS 0 total bytes 2002140 in_flight now 0 fair_inc 40493 prop_inc 37114 fast_inc 0 eta_inc 24436 multi_dec -45971 quick_dec -0 nack_dec -149400
Flow Uec_212_84 flowId 112 uecSrc 111 finished at 643.432 total messages 1 total packets 490 RTS 0 total bytes 2002140 in_flight now 0 fair_inc 29751 prop_inc 27830 fast_inc 42425 eta_inc 28608 multi_dec -101668 quick_dec -0 nack_dec -116200
Flow Uec_199_71 flowId 79 uecSrc 78 finished at 645.86 total messages 1 total packets 490 RTS 0 total bytes 2002140 in_flight now 0 fair_inc 31521 prop_inc 61141 fast_inc 0 eta_inc 29204 multi_dec -98287 quick_dec -0 nack_dec -128650
Flow Uec_91_219 flowId 44 uecSrc 43 finished at 652.641 total messages 1 total packets 490 RTS 0 total bytes 2002140 in_flight now 0 fair_inc 49947 prop_inc 1545 fast_inc 0 eta_inc 29800 multi_dec -57438 quick_dec -0 nack_dec -170150
Flow Uec_114_242 flowId 108 uecSrc 107 finished at 659.566 total messages 1 total packets 490 RTS 0 total bytes 2002140 in_flight now 0 fair_inc 30524 prop_inc 73124 fast_inc 0 eta_inc 26820 multi_dec -82739 quick_dec -0 nack_dec -149400
Flow Uec_85_213 flowId 2 uecSrc 1 finished at 663.758 total messages 1 total packets 490 RTS 0 total bytes 2002140 in_flight now 0 fair_inc 52308 prop_inc 1635 fast_inc 0 eta_inc 28012 multi_dec -48812 quick_dec -0 nack_dec -170150
Flow Uec_182_54 flowId 137 uecSrc 136 finished at 672.245 total messages 1 total packets 490 RTS 0 total bytes 2002140 in_flight now 0 fair_inc 41289 prop_inc 45731 fast_inc 4041 eta_inc 30396 multi_dec -79818 quick_dec -0 nack_dec -157700
Flow Uec_206_78 flowId 114 uecSrc 113 finished at 673.63 total messages 1 total packets 490 RTS 0 total bytes 2002140 in_flight now 0 fair_inc 28347 prop_inc 7666 fast_inc 0 eta_inc 30992 multi_dec -32291 quick_dec -0 nack_dec -178450
Flow Uec_202_74 flowId 38 uecSrc 37 finished at 681.249 total messages 1 total packets 490 RTS 0 total bytes 2002140 in_flight now 0 fair_inc 20795 prop_inc 71998 fast_inc 38877 eta_inc 28012 multi_dec -115034 quick_dec -0 nack_dec -120350
Flow Uec_4_132 flowId 7 uecSrc 6 finished at 683.281 total messages 1 total packets 503 RTS 13 total bytes 2002140 in_flight now -64 fair_inc 4101 prop_inc 92056 fast_inc 1010 eta_inc 21456 multi_dec -21807 quick_dec -105881 nack_dec -4150
Flow Uec_124_252 flowId 139 uecSrc 138 finished at 683.928 total messages 1 total packets 490 RTS 0 total bytes 2002140 in_flight now 0 fair_inc 22755 prop_inc 46568 fast_inc 65143 eta_inc 26820 multi_dec -134078 quick_dec -0 nack_dec -91300
Flow Uec_195_67 flowId 14 uecSrc 13 finished at 684.165 total messages 1 total packets 490 RTS 0 total bytes 2002140 in_flight now 0 fair_inc 63629 prop_inc 46564 fast_inc 0 eta_inc 29800 multi_dec -158976 quick_dec -0 nack_dec -103750
Flow Uec_116_244 flowId 24 uecSrc 23 finished at 690.07 total messages 1 total packets 490 RTS 0 total bytes 2002140 in_flight now 0 fair_inc 36184 prop_inc 85894 fast_inc 27764 eta_inc 25032 multi_dec -102849 quick_dec -6423 nack_dec -124500
Flow Uec_210_82 flowId 144 uecSrc 143 finished at 691.17 total messages 1 total packets 490 RTS 0 total bytes 2002140 in_flight now 0 fair_inc 29292 prop_inc 43189 fast_inc 89386 eta_inc 30396 multi_dec -102859 quick_dec -0 nack_dec -132800
Flow Uec_207_79 flowId 5 uecSrc 4 finished at 709.464 total messages 1 total packets 490 RTS 0 total bytes 2002140 in_flight now 0 fair_inc 18143 prop_inc 13205 fast_inc 0 eta_inc 30992 multi_dec -72590 quick_dec -0 nack_dec -136950
Flow Uec_197_69 flowId 120 uecSrc 119 finished at 724.795 total messages 1 total packets 490 RTS 0 total bytes 2002140 in_flight now 0 fair_inc 57399 prop_inc 21063 fast_inc 0 eta_inc 32780 multi_dec -48263 quick_dec -19331 nack_dec -178450
Flow Uec_1_129 flowId 1 uecSrc 0 finished at 742.373 total messages 1 total packets 509 RTS 19 total bytes 2002140 in_flight now -64 fair_inc 3962 prop_inc 108329 fast_inc 5066 eta_inc 25628 multi_dec -2417 quick_dec -79449 nack_dec -33200
Flow Uec_93_221 flowId 132 uecSrc 131 finished at 753.764 total messages 1 total packets 490 RTS 0 total bytes 2002140 in_flight now 0 fair_inc 56545 prop_inc 33915 fast_inc 0 eta_inc 26224 multi_dec -66485 quick_dec -0 nack_dec -161850
Flow Uec_83_211 flowId 39 uecSrc 38 finished at 778.258 total messages 1 total packets 490 RTS 0 total bytes 2002140 in_flight now 0 fair_inc 53555 prop_inc 37062 fast_inc 0 eta_inc 34568 multi_dec -124214 quick_dec -0 nack_dec -128650
Flow Uec_68_196 flowId 25 uecSrc 24 finished at 803.384 total messages 1 total packets 490 RTS 0 total bytes 2002140 in_flight now 0 fair_inc 49239 prop_inc 41785 fast_inc 0 eta_inc 29204 multi_dec -84143 quick_dec -0 nack_dec -166000
Flow Uec_95_223 flowId 146 uecSrc 145 finished at 812.586 total messages 1 total packets 490 RTS 0 total bytes 2002140 in_flight now 0 fair_inc 57732 prop_inc 46383 fast_inc 0 eta_inc 30992 multi_dec -79863 quick_dec -0 nack_dec -166000
Flow Uec_217_89 flowId 26 uecSrc 25 finished at 819.261 total messages 1 total packets 490 RTS 0 total bytes 2002140 in_flight now 0 fair_inc 54801 prop_inc 66464 fast_inc 0 eta_inc 29800 multi_dec -133554 quick_dec -0 nack_dec -128650
Flow Uec_94_222 flowId 160 uecSrc 159 finished at 840.589 total messages 1 total packets 490 RTS 0 total bytes 2002140 in_flight now 0 fair_inc 45043 prop_inc 62115 fast_inc 0 eta_inc 29204 multi_dec -127469 quick_dec -1702 nack_dec -103750
Flow Uec_80_208 flowId 116 uecSrc 115 finished at 852.119 total messages 1 total packets 490 RTS 0 total bytes 2002140 in_flight now 0 fair_inc 57550 prop_inc 75268 fast_inc 0 eta_inc 30396 multi_dec -156069 quick_dec -4036 nack_dec -107900
Flow Uec_220_92 flowId 74 uecSrc 73 finished at 867.743 total messages 1 total packets 490 RTS 0 total bytes 2002140 in_flight now 0 fair_inc 56981 prop_inc 84243 fast_inc 61102 eta_inc 32184 multi_dec -143914 quick_dec -2041 nack_dec -132800
Flow Uec_175_47 flowId 70 uecSrc 69 finished at 1256.87 total messages 1 total packets 491 RTS 1 total bytes 2002140 in_flight now 0 fair_inc 73232 prop_inc 10126 fast_inc 0 eta_inc 41124 multi_dec -130441 quick_dec -8699 nack_dec -178450
Flow Uec_161_33 flowId 111 uecSrc 110 finished at 1307.17 total messages 1 total packets 490 RTS 0 total bytes 2002140 in_flight now 0 fair_inc 90708 prop_inc 11321 fast_inc 0 eta_inc 39932 multi_dec -130162 quick_dec -70053 nack_dec -182600
Flow Uec_172_44 flowId 162 uecSrc 161 finished at 1323.6 total messages 1 total packets 491 RTS 1 total bytes 2002140 in_flight now 0 fair_inc 48429 prop_inc 13589 fast_inc 0 eta_inc 43508 multi_dec -165035 quick_dec -5216 nack_dec -136950
Flow Uec_155_27 flowId 46 uecSrc 45 finished at 1345.34 total messages 1 total packets 490 RTS 0 total bytes 2002140 in_flight now 0 fair_inc 98810 prop_inc 12499 fast_inc 0 eta_inc 39932 multi_dec -131891 quick_dec -347 nack_dec -203350
Flow Uec_147_19 flowId 69 uecSrc 68 finished at 1387 total messages 1 total packets 490 RTS 0 total bytes 2002140 in_flight now 0 fair_inc 83317 prop_inc 9259 fast_inc 0 eta_inc 39932 multi_dec -98543 quick_dec -106424 nack_dec -174300
Flow Uec_166_38 flowId 47 uecSrc 46 finished at 1431.65 total messages 1 total packets 490 RTS 0 total bytes 2002140 in_flight now 0 fair_inc 77173 prop_inc 30887 fast_inc 0 eta_inc 41720 multi_dec -106764 quick_dec -95649 nack_dec -178450
Flow Uec_170_42 flowId 97 uecSrc 96 finished at 1436.79 total messages 1 total packets 490 RTS 0 total bytes 2002140 in_flight now 0 fair_inc 52855 prop_inc 28845 fast_inc 0 eta_inc 39932 multi_dec -80335 quick_dec -129206 nack_dec -153550
Flow Uec_152_24 flowId 136 uecSrc 135 finished at 1491.99 total messages 1 total packets 490 RTS 0 total bytes 2002140 in_flight now 0 fair_inc 68300 prop_inc 49707 fast_inc 0 eta_inc 39336 multi_dec -82260 quick_dec -114395 nack_dec -149400
Flow Uec_162_34 flowId 48 uecSrc 47 finished at 1496.31 total messages 1 total packets 490 RTS 0 total bytes 2002140 in_flight now 0 fair_inc 72611 prop_inc 57449 fast_inc 0 eta_inc 44700 multi_dec -110072 quick_dec -73156 nack_dec -153550
.Done
New: 81340 Rtx: 3427 RTS: 123 Bounced: 0 ACKs: 62989 NACKs: 2899 Pulls: 0 sleek_pkts: 0
