traffic matrix input file: connection_matrices/load_sweep/load0.60_n256_seed2.cm
Load balancing algorithm set to oblivious
no_of_nodes 256
Dragonfly+ strategy: FPAR
Setting queuesize to 50 packets
endtime(us) 100000
random seed 2
Packet size (MTU) is 4150
Parsed args
Logging to reps_dfp_results/reps_withoutnorm256/load0.60_oblivious_seed2.dat
Loading connection matrix from connection_matrices/load_sweep/load0.60_n256_seed2.cm
Nodes: 256 Connections: 154 Triggers: 0 Failures: 0
Setting ECN low 33200 high 120350
Dragonfly+ with medium topology type
Link latencies: 1 and switch latencies: 0
queue_id 2 ecn_low 33200 ecn_high 120350
DragonFly+ constructor done, 392 nodes created
Note: topology supports 392 hosts; 136 host port(s) will be unused.
network_max_unloaded_rtt 11.6856 us
Setting min RTO to 114.6
Per-hop RTT normalization: OFF (strategy fpar)
Initializing static NSCC parameters: _reference_network_linkspeed=100000000000 _reference_network_rtt=12000000 _reference_network_bdp=150000 _target_Qdelay=8764200 _network_linkspeed=100000000000 _network_rtt=11685600 _network_bdp=146070 _qa_gate=2^3 _qa_threshold=3.50568e+07 _scaling_factor_a=0.9738 _scaling_factor_b=0.73035 _alpha=0.00132632 _fi=19894.7 _eta=596.842 _qa_scaling=1 _gamma=0.8 _fi_scale=0.24345 _delay_alpha=0.0125 _adjust_period_threshold=11685600 _adjust_bytes_threshold=33200
Initialize per-instance NSCC parameters: flowid 1 _base_rtt=11685600 _base_bdp=146070 _bdp=146070 _min_cwnd=4150 _maxwnd=219105 _cwnd=219105
Initialize per-instance NSCC parameters: flowid 2 _base_rtt=11685600 _base_bdp=146070 _bdp=146070 _min_cwnd=4150 _maxwnd=219105 _cwnd=219105
Initialize per-instance NSCC parameters: flowid 3 _base_rtt=11685600 _base_bdp=146070 _bdp=146070 _min_cwnd=4150 _maxwnd=219105 _cwnd=219105
Initialize per-instance NSCC parameters: flowid 4 _base_rtt=11685600 _base_bdp=146070 _bdp=146070 _min_cwnd=4150 _maxwnd=219105 _cwnd=219105
Initialize per-instance NSCC parameters: flowid 5 _base_rtt=11685600 _base_bdp=146070 _bdp=146070 _min_cwnd=4150 _maxwnd=219105 _cwnd=219105
Initialize per-instance NSCC parameters: flowid 6 _base_rtt=11685600 _base_bdp=146070 _bdp=146070 _min_cwnd=4150 _maxwnd=219105 _cwnd=219105
Initialize per-instance NSCC parameters: flowid 7 _base_rtt=11685600 _base_bdp=146070 _bdp=146070 _min_cwnd=4150 _maxwnd=219105 _cwnd=219105
Initialize per-instance NSCC parameters: flowid 8 _base_rtt=11685600 _base_bdp=146070 _bdp=146070 _min_cwnd=4150 _maxwnd=219105 _cwnd=219105
Initialize per-instance NSCC parameters: flowid 9 _base_rtt=11685600 _base_bdp=146070 _bdp=146070 _min_cwnd=4150 _maxwnd=219105 _cwnd=219105
Initialize per-instance NSCC parameters: flowid 10 _base_rtt=11685600 _base_bdp=146070 _bdp=146070 _min_cwnd=4150 _maxwnd=219105 _cwnd=219105
Initialize per-instance NSCC parameters: flowid 11 _base_rtt=11685600 _base_bdp=146070 _bdp=146070 _min_cwnd=4150 _maxwnd=219105 _cwnd=219105
Initialize per-instance NSCC parameters: flowid 12 _base_rtt=11685600 _base_bdp=146070 _bdp=146070 _min_cwnd=4150 _maxwnd=219105 _cwnd=219105
Initialize per-instance NSCC parameters: flowid 13 _base_rtt=11685600 _base_bdp=146070 _bdp=146070 _min_cwnd=4150 _maxwnd=219105 _cwnd=219105
Initialize per-instance NSCC parameters: flowid 14 _base_rtt=11685600 _base_bdp=146070 _bdp=146070 _min_cwnd=4150 _maxwnd=219105 _cwnd=219105
Initialize per-instance NSCC parameters: flowid 15 _base_rtt=11685600 _base_bdp=146070 _bdp=146070 _min_cwnd=4150 _maxwnd=219105 _cwnd=219105
Initialize per-instance NSCC parameters: flowid 16 _base_rtt=11685600 _base_bdp=146070 _bdp=146070 _min_cwnd=4150 _maxwnd=219105 _cwnd=219105
Initialize per-instance NSCC parameters: flowid 17 _base_rtt=11685600 _base_bdp=146070 _bdp=146070 _min_cwnd=4150 _maxwnd=219105 _cwnd=219105
Initialize per-instance NSCC parameters: flowid 18 _base_rtt=11685600 _base_bdp=146070 _bdp=146070 _min_cwnd=4150 _maxwnd=219105 _cwnd=219105
Initialize per-instance NSCC parameters: flowid 19 _base_rtt=11685600 _base_bdp=146070 _bdp=146070 _min_cwnd=4150 _maxwnd=219105 _cwnd=219105
Initialize per-instance NSCC parameters: flowid 20 _base_rtt=11685600 _base_bdp=146070 _bdp=146070 _min_cwnd=4150 _maxwnd=219105 _cwnd=219105
Initialize per-instance NSCC parameters: flowid 21 _base_rtt=11685600 _base_bdp=146070 _bdp=146070 _min_cwnd=4150 _maxwnd=219105 _cwnd=219105
Initialize per-instance NSCC parameters: flowid 22 _base_rtt=11685600 _base_bdp=146070 _bdp=146070 _min_cwnd=4150 _maxwnd=219105 _cwnd=219105
Initialize per-instance NSCC parameters: flowid 23 _base_rtt=11685600 _base_bdp=146070 _bdp=146070 _min_cwnd=4150 _maxwnd=219105 _cwnd=219105
Initialize per-instance NSCC parameters: flowid 24 _base_rtt=11685600 _base_bdp=146070 _bdp=146070 _min_cwnd=4150 _maxwnd=219105 _cwnd=219105
Initialize per-instance NSCC parameters: flowid 25 _base_rtt=11685600 _base_bdp=146070 _bdp=146070 _min_cwnd=4150 _maxwnd=219105 _cwnd=219105
Initialize per-instance NSCC parameters: flowid 26 _base_rtt=11685600 _base_bdp=146070 _bdp=146070 _min_cwnd=4150 _maxwnd=219105 _cwnd=219105
Initialize per-instance NSCC parameters: flowid 27 _base_rtt=11685600 _base_bdp=146070 _bdp=146070 _min_cwnd=4150 _maxwnd=219105 _cwnd=219105
Initialize per-instance NSCC parameters: flowid 28 _base_rtt=11685600 _base_bdp=146070 _bdp=146070 _min_cwnd=4150 _maxwnd=219105 _cwnd=219105
Initialize per-instance NSCC parameters: flowid 29 _base_rtt=11685600 _base_bdp=146070 _bdp=146070 _min_cwnd=4150 _maxwnd=219105 _cwnd=219105
Initialize per-instance NSCC parameters: flowid 30 _base_rtt=11685600 _base_bdp=146070 _bdp=146070 _min_cwnd=4150 _maxwnd=219105 _cwnd=219105
Initialize per-instance NSCC parameters: flowid 31 _base_rtt=11685600 _base_bdp=146070 _bdp=146070 _min_cwnd=4150 _maxwnd=219105 _cwnd=219105
Initialize per-instance NSCC parameters: flowid 32 _base_rtt=11685600 _base_bdp=146070 _bdp=146070 _min_cwnd=4150 _maxwnd=219105 _cwnd=219105
Initialize per-instance NSCC parameters: flowid 33 _base_rtt=11685600 _base_bdp=146070 _bdp=146070 _min_cwnd=4150 _maxwnd=219105 _cwnd=219105
Initialize per-instance NSCC parameters: flowid 34 _base_rtt=11685600 _base_bdp=146070 _bdp=146070 _min_cwnd=4150 _maxwnd=219105 _cwnd=219105
Initialize per-instance NSCC parameters: flowid 35 _base_rtt=11685600 _base_bdp=146070 _bdp=146070 _min_cwnd=4150 _maxwnd=219105 _cwnd=219105
Initialize per-instance NSCC parameters: flowid 36 _base_rtt=11685600 _base_bdp=146070 _bdp=146070 _min_cwnd=4150 _maxwnd=219105 _cwnd=219105
Initialize per-instance NSCC parameters: flowid 37 _base_rtt=11685600 _base_bdp=146070 _bdp=146070 _min_cwnd=4150 _maxwnd=219105 _cwnd=219105
Initialize per-instance NSCC parameters: flowid 38 _base_rtt=11685600 _base_bdp=146070 _bdp=146070 _min_cwnd=4150 _maxwnd=219105 _cwnd=219105
Initialize per-instance NSCC parameters: flowid 39 _base_rtt=11685600 _base_bdp=146070 _bdp=146070 _min_cwnd=4150 _maxwnd=219105 _cwnd=219105
Initialize per-instance NSCC parameters: flowid 40 _base_rtt=11685600 _base_bdp=146070 _bdp=146070 _min_cwnd=4150 _maxwnd=219105 _cwnd=219105
Initialize per-instance NSCC parameters: flowid 41 _base_rtt=11685600 _base_bdp=146070 _bdp=146070 _min_cwnd=4150 _maxwnd=219105 _cwnd=219105
Initialize per-instance NSCC parameters: flowid 42 _base_rtt=11685600 _base_bdp=146070 _bdp=146070 _min_cwnd=4150 _maxwnd=219105 _cwnd=219105
Initialize per-instance NSCC parameters: flowid 43 _base_rtt=11685600 _base_bdp=146070 _bdp=146070 _min_cwnd=4150 _maxwnd=219105 _cwnd=219105
Initialize per-instance NSCC parameters: flowid 44 _base_rtt=11685600 _base_bdp=146070 _bdp=146070 _min_cwnd=4150 _maxwnd=219105 _cwnd=219105
Initialize per-instance NSCC parameters: flowid 45 _base_rtt=11685600 _base_bdp=146070 _bdp=146070 _min_cwnd=4150 _maxwnd=219105 _cwnd=219105
Initialize per-instance NSCC parameters: flowid 46 _base_rtt=11685600 _base_bdp=146070 _bdp=146070 _min_cwnd=4150 _maxwnd=219105 _cwnd=219105
Initialize per-instance NSCC parameters: flowid 47 _base_rtt=11685600 _base_bdp=146070 _bdp=146070 _min_cwnd=4150 _maxwnd=219105 _cwnd=219105
Initialize per-instance NSCC parameters: flowid 48 _base_rtt=11685600 _base_bdp=146070 _bdp=146070 _min_cwnd=4150 _maxwnd=219105 _cwnd=219105
Initialize per-instance NSCC parameters: flowid 49 _base_rtt=11685600 _base_bdp=146070 _bdp=146070 _min_cwnd=4150 _maxwnd=219105 _cwnd=219105
Initialize per-instance NSCC parameters: flowid 50 _base_rtt=11685600 _base_bdp=146070 _bdp=146070 _min_cwnd=4150 _maxwnd=219105 _cwnd=219105
Initialize per-instance NSCC parameters: flowid 51 _base_rtt=11685600 _base_bdp=146070 _bdp=146070 _min_cwnd=4150 _maxwnd=219105 _cwnd=219105
Initialize per-instance NSCC parameters: flowid 52 _base_rtt=11685600 _base_bdp=146070 _bdp=146070 _min_cwnd=4150 _maxwnd=219105 _cwnd=219105
Initialize per-instance NSCC parameters: flowid 53 _base_rtt=11685600 _base_bdp=146070 _bdp=146070 _min_cwnd=4150 _maxwnd=219105 _cwnd=219105
Initialize per-instance NSCC parameters: flowid 54 _base_rtt=11685600 _base_bdp=146070 _bdp=146070 _min_cwnd=4150 _maxwnd=219105 _cwnd=219105
Initialize per-instance NSCC parameters: flowid 55 _base_rtt=11685600 _base_bdp=146070 _bdp=146070 _min_cwnd=4150 _maxwnd=219105 _cwnd=219105
Initialize per-instance NSCC parameters: flowid 56 _base_rtt=11685600 _base_bdp=146070 _bdp=146070 _min_cwnd=4150 _maxwnd=219105 _cwnd=219105
Initialize per-instance NSCC parameters: flowid 57 _base_rtt=11685600 _base_bdp=146070 _bdp=146070 _min_cwnd=4150 _maxwnd=219105 _cwnd=219105
Initialize per-instance NSCC parameters: flowid 58 _base_rtt=11685600 _base_bdp=146070 _bdp=146070 _min_cwnd=4150 _maxwnd=219105 _cwnd=219105
Initialize per-instance NSCC parameters: flowid 59 _base_rtt=11685600 _base_bdp=146070 _bdp=146070 _min_cwnd=4150 _maxwnd=219105 _cwnd=219105
Initialize per-instance NSCC parameters: flowid 60 _base_rtt=11685600 _base_bdp=146070 _bdp=146070 _min_cwnd=4150 _maxwnd=219105 _cwnd=219105
Initialize per-instance NSCC parameters: flowid 61 _base_rtt=11685600 _base_bdp=146070 _bdp=146070 _min_cwnd=4150 _maxwnd=219105 _cwnd=219105
Initialize per-instance NSCC parameters: flowid 62 _base_rtt=11685600 _base_bdp=146070 _bdp=146070 _min_cwnd=4150 _maxwnd=219105 _cwnd=219105
Initialize per-instance NSCC parameters: flowid 63 _base_rtt=11685600 _base_bdp=146070 _bdp=146070 _min_cwnd=4150 _maxwnd=219105 _cwnd=219105
Initialize per-instance NSCC parameters: flowid 64 _base_rtt=11685600 _base_bdp=146070 _bdp=146070 _min_cwnd=4150 _maxwnd=219105 _cwnd=219105
Initialize per-instance NSCC parameters: flowid 65 _base_rtt=11685600 _base_bdp=146070 _bdp=146070 _min_cwnd=4150 _maxwnd=219105 _cwnd=219105
Initialize per-instance NSCC parameters: flowid 66 _base_rtt=11685600 _base_bdp=146070 _bdp=146070 _min_cwnd=4150 _maxwnd=219105 _cwnd=219105
Initialize per-instance NSCC parameters: flowid 67 _base_rtt=11685600 _base_bdp=146070 _bdp=146070 _min_cwnd=4150 _maxwnd=219105 _cwnd=219105
Initialize per-instance NSCC parameters: flowid 68 _base_rtt=11685600 _base_bdp=146070 _bdp=146070 _min_cwnd=4150 _maxwnd=219105 _cwnd=219105
Initialize per-instance NSCC parameters: flowid 69 _base_rtt=11685600 _base_bdp=146070 _bdp=146070 _min_cwnd=4150 _maxwnd=219105 _cwnd=219105
Initialize per-instance NSCC parameters: flowid 70 _base_rtt=11685600 _base_bdp=146070 _bdp=146070 _min_cwnd=4150 _maxwnd=219105 _cwnd=219105
Initialize per-instance NSCC parameters: flowid 71 _base_rtt=11685600 _base_bdp=146070 _bdp=146070 _min_cwnd=4150 _maxwnd=219105 _cwnd=219105
Initialize per-instance NSCC parameters: flowid 72 _base_rtt=11685600 _base_bdp=146070 _bdp=146070 _min_cwnd=4150 _maxwnd=219105 _cwnd=219105
Initialize per-instance NSCC parameters: flowid 73 _base_rtt=11685600 _base_bdp=146070 _bdp=146070 _min_cwnd=4150 _maxwnd=219105 _cwnd=219105
Initialize per-instance NSCC parameters: flowid 74 _base_rtt=11685600 _base_bdp=146070 _bdp=146070 _min_cwnd=4150 _maxwnd=219105 _cwnd=219105
Initialize per-instance NSCC parameters: flowid 75 _base_rtt=11685600 _base_bdp=146070 _bdp=146070 _min_cwnd=4150 _maxwnd=219105 _cwnd=219105
Initialize per-instance NSCC parameters: flowid 76 _base_rtt=11685600 _base_bdp=146070 _bdp=146070 _min_cwnd=4150 _maxwnd=219105 _cwnd=219105
Initialize per-instance NSCC parameters: flowid 77 _base_rtt=11685600 _base_bdp=146070 _bdp=146070 _min_cwnd=4150 _maxwnd=219105 _cwnd=219105
Initialize per-instance NSCC parameters: flowid 78 _base_rtt=11685600 _base_bdp=146070 _bdp=146070 _min_cwnd=4150 _maxwnd=219105 _cwnd=219105
Initialize per-instance NSCC parameters: flowid 79 _base_rtt=11685600 _base_bdp=146070 _bdp=146070 _min_cwnd=4150 _maxwnd=219105 _cwnd=219105
Initialize per-instance NSCC parameters: flowid 80 _base_rtt=11685600 _base_bdp=146070 _bdp=146070 _min_cwnd=4150 _maxwnd=219105 _cwnd=219105
Initialize per-instance NSCC parameters: flowid 81 _base_rtt=11685600 _base_bdp=146070 _bdp=146070 _min_cwnd=4150 _maxwnd=219105 _cwnd=219105
Initialize per-instance NSCC parameters: flowid 82 _base_rtt=11685600 _base_bdp=146070 _bdp=146070 _min_cwnd=4150 _maxwnd=219105 _cwnd=219105
Initialize per-instance NSCC parameters: flowid 83 _base_rtt=11685600 _base_bdp=146070 _bdp=146070 _min_cwnd=4150 _maxwnd=219105 _cwnd=219105
Initialize per-instance NSCC parameters: flowid 84 _base_rtt=11685600 _base_bdp=146070 _bdp=146070 _min_cwnd=4150 _maxwnd=219105 _cwnd=219105
Initialize per-instance NSCC parameters: flowid 85 _base_rtt=11685600 _base_bdp=146070 _bdp=146070 _min_cwnd=4150 _maxwnd=219105 _cwnd=219105
Initialize per-instance NSCC parameters: flowid 86 _base_rtt=11685600 _base_bdp=146070 _bdp=146070 _min_cwnd=4150 _maxwnd=219105 _cwnd=219105
Initialize per-instance NSCC parameters: flowid 87 _base_rtt=11685600 _base_bdp=146070 _bdp=146070 _min_cwnd=4150 _maxwnd=219105 _cwnd=219105
Initialize per-instance NSCC parameters: flowid 88 _base_rtt=11685600 _base_bdp=146070 _bdp=146070 _min_cwnd=4150 _maxwnd=219105 _cwnd=219105
Initialize per-instance NSCC parameters: flowid 89 _base_rtt=11685600 _base_bdp=146070 _bdp=146070 _min_cwnd=4150 _maxwnd=219105 _cwnd=219105
Initialize per-instance NSCC parameters: flowid 90 _base_rtt=11685600 _base_bdp=146070 _bdp=146070 _min_cwnd=4150 _maxwnd=219105 _cwnd=219105
Initialize per-instance NSCC parameters: flowid 91 _base_rtt=11685600 _base_bdp=146070 _bdp=146070 _min_cwnd=4150 _maxwnd=219105 _cwnd=219105
Initialize per-instance NSCC parameters: flowid 92 _base_rtt=11685600 _base_bdp=146070 _bdp=146070 _min_cwnd=4150 _maxwnd=219105 _cwnd=219105
Initialize per-instance NSCC parameters: flowid 93 _base_rtt=11685600 _base_bdp=146070 _bdp=146070 _min_cwnd=4150 _maxwnd=219105 _cwnd=219105
Initialize per-instance NSCC parameters: flowid 94 _base_rtt=11685600 _base_bdp=146070 _bdp=146070 _min_cwnd=4150 _maxwnd=219105 _cwnd=219105
Initialize per-instance NSCC parameters: flowid 95 _base_rtt=11685600 _base_bdp=146070 _bdp=146070 _min_cwnd=4150 _maxwnd=219105 _cwnd=219105
Initialize per-instance NSCC parameters: flowid 96 _base_rtt=11685600 _base_bdp=146070 _bdp=146070 _min_cwnd=4150 _maxwnd=219105 _cwnd=219105
Initialize per-instance NSCC parameters: flowid 97 _base_rtt=11685600 _base_bdp=146070 _bdp=146070 _min_cwnd=4150 _maxwnd=219105 _cwnd=219105
Initialize per-instance NSCC parameters: flowid 98 _base_rtt=11685600 _base_bdp=146070 _bdp=146070 _min_cwnd=4150 _maxwnd=219105 _cwnd=219105
Initialize per-instance NSCC parameters: flowid 99 _base_rtt=11685600 _base_bdp=146070 _bdp=146070 _min_cwnd=4150 _maxwnd=219105 _cwnd=219105
Initialize per-instance NSCC parameters: flowid 100 _base_rtt=11685600 _base_bdp=146070 _bdp=146070 _min_cwnd=4150 _maxwnd=219105 _cwnd=219105
Initialize per-instance NSCC parameters: flowid 101 _base_rtt=11685600 _base_bdp=146070 _bdp=146070 _min_cwnd=4150 _maxwnd=219105 _cwnd=219105
Initialize per-instance NSCC parameters: flowid 102 _base_rtt=11685600 _base_bdp=146070 _bdp=146070 _min_cwnd=4150 _maxwnd=219105 _cwnd=219105
Initialize per-instance NSCC parameters: flowid 103 _base_rtt=11685600 _base_bdp=146070 _bdp=146070 _min_cwnd=4150 _maxwnd=219105 _cwnd=219105
Initialize per-instance NSCC parameters: flowid 104 _base_rtt=11685600 _base_bdp=146070 _bdp=146070 _min_cwnd=4150 _maxwnd=219105 _cwnd=219105
Initialize per-instance NSCC parameters: flowid 105 _base_rtt=11685600 _base_bdp=146070 _bdp=146070 _min_cwnd=4150 _maxwnd=219105 _cwnd=219105
Initialize per-instance NSCC parameters: flowid 106 _base_rtt=11685600 _base_bdp=146070 _bdp=146070 _min_cwnd=4150 _maxwnd=219105 _cwnd=219105
Initialize per-instance NSCC parameters: flowid 107 _base_rtt=11685600 _base_bdp=146070 _bdp=146070 _min_cwnd=4150 _maxwnd=219105 _cwnd=219105
Initialize per-instance NSCC parameters: flowid 108 _base_rtt=11685600 _base_bdp=146070 _bdp=146070 _min_cwnd=4150 _maxwnd=219105 _cwnd=219105
Initialize per-instance NSCC parameters: flowid 109 _base_rtt=11685600 _base_bdp=146070 _bdp=146070 _min_cwnd=4150 _maxwnd=219105 _cwnd=219105
Initialize per-instance NSCC parameters: flowid 110 _base_rtt=11685600 _base_bdp=146070 _bdp=146070 _min_cwnd=4150 _maxwnd=219105 _cwnd=219105
Initialize per-instance NSCC parameters: flowid 111 _base_rtt=11685600 _base_bdp=146070 _bdp=146070 _min_cwnd=4150 _maxwnd=219105 _cwnd=219105
Initialize per-instance NSCC parameters: flowid 112 _base_rtt=11685600 _base_bdp=146070 _bdp=146070 _min_cwnd=4150 _maxwnd=219105 _cwnd=219105
Initialize per-instance NSCC parameters: flowid 113 _base_rtt=11685600 _base_bdp=146070 _bdp=146070 _min_cwnd=4150 _maxwnd=219105 _cwnd=219105
Initialize per-instance NSCC parameters: flowid 114 _base_rtt=11685600 _base_bdp=146070 _bdp=146070 _min_cwnd=4150 _maxwnd=219105 _cwnd=219105
Initialize per-instance NSCC parameters: flowid 115 _base_rtt=11685600 _base_bdp=146070 _bdp=146070 _min_cwnd=4150 _maxwnd=219105 _cwnd=219105
Initialize per-instance NSCC parameters: flowid 116 _base_rtt=11685600 _base_bdp=146070 _bdp=146070 _min_cwnd=4150 _maxwnd=219105 _cwnd=219105
Initialize per-instance NSCC parameters: flowid 117 _base_rtt=11685600 _base_bdp=146070 _bdp=146070 _min_cwnd=4150 _maxwnd=219105 _cwnd=219105
Initialize per-instance NSCC parameters: flowid 118 _base_rtt=11685600 _base_bdp=146070 _bdp=146070 _min_cwnd=4150 _maxwnd=219105 _cwnd=219105
Initialize per-instance NSCC parameters: flowid 119 _base_rtt=11685600 _base_bdp=146070 _bdp=146070 _min_cwnd=4150 _maxwnd=219105 _cwnd=219105
Initialize per-instance NSCC parameters: flowid 120 _base_rtt=11685600 _base_bdp=146070 _bdp=146070 _min_cwnd=4150 _maxwnd=219105 _cwnd=219105
Initialize per-instance NSCC parameters: flowid 121 _base_rtt=11685600 _base_bdp=146070 _bdp=146070 _min_cwnd=4150 _maxwnd=219105 _cwnd=219105
Initialize per-instance NSCC parameters: flowid 122 _base_rtt=11685600 _base_bdp=146070 _bdp=146070 _min_cwnd=4150 _maxwnd=219105 _cwnd=219105
Initialize per-instance NSCC parameters: flowid 123 _base_rtt=11685600 _base_bdp=146070 _bdp=146070 _min_cwnd=4150 _maxwnd=219105 _cwnd=219105
Initialize per-instance NSCC parameters: flowid 124 _base_rtt=11685600 _base_bdp=146070 _bdp=146070 _min_cwnd=4150 _maxwnd=219105 _cwnd=219105
Initialize per-instance NSCC parameters: flowid 125 _base_rtt=11685600 _base_bdp=146070 _bdp=146070 _min_cwnd=4150 _maxwnd=219105 _cwnd=219105
Initialize per-instance NSCC parameters: flowid 126 _base_rtt=11685600 _base_bdp=146070 _bdp=146070 _min_cwnd=4150 _maxwnd=219105 _cwnd=219105
Initialize per-instance NSCC parameters: flowid 127 _base_rtt=11685600 _base_bdp=146070 _bdp=146070 _min_cwnd=4150 _maxwnd=219105 _cwnd=219105
Initialize per-instance NSCC parameters: flowid 128 _base_rtt=11685600 _base_bdp=146070 _bdp=146070 _min_cwnd=4150 _maxwnd=219105 _cwnd=219105
Initialize per-instance NSCC parameters: flowid 129 _base_rtt=11685600 _base_bdp=146070 _bdp=146070 _min_cwnd=4150 _maxwnd=219105 _cwnd=219105
Initialize per-instance NSCC parameters: flowid 130 _base_rtt=11685600 _base_bdp=146070 _bdp=146070 _min_cwnd=4150 _maxwnd=219105 _cwnd=219105
Initialize per-instance NSCC parameters: flowid 131 _base_rtt=11685600 _base_bdp=146070 _bdp=146070 _min_cwnd=4150 _maxwnd=219105 _cwnd=219105
Initialize per-instance NSCC parameters: flowid 132 _base_rtt=11685600 _base_bdp=146070 _bdp=146070 _min_cwnd=4150 _maxwnd=219105 _cwnd=219105
Initialize per-instance NSCC parameters: flowid 133 _base_rtt=11685600 _base_bdp=146070 _bdp=146070 _min_cwnd=4150 _maxwnd=219105 _cwnd=219105
Initialize per-instance NSCC parameters: flowid 134 _base_rtt=11685600 _base_bdp=146070 _bdp=146070 _min_cwnd=4150 _maxwnd=219105 _cwnd=219105
Initialize per-instance NSCC parameters: flowid 135 _base_rtt=11685600 _base_bdp=146070 _bdp=146070 _min_cwnd=4150 _maxwnd=219105 _cwnd=219105
Initialize per-instance NSCC parameters: flowid 136 _base_rtt=11685600 _base_bdp=146070 _bdp=146070 _min_cwnd=4150 _maxwnd=219105 _cwnd=219105
Initialize per-instance NSCC parameters: flowid 137 _base_rtt=11685600 _base_bdp=146070 _bdp=146070 _min_cwnd=4150 _maxwnd=219105 _cwnd=219105
Initialize per-instance NSCC parameters: flowid 138 _base_rtt=11685600 _base_bdp=146070 _bdp=146070 _min_cwnd=4150 _maxwnd=219105 _cwnd=219105
Initialize per-instance NSCC parameters: flowid 139 _base_rtt=11685600 _base_bdp=146070 _bdp=146070 _min_cwnd=4150 _maxwnd=219105 _cwnd=219105
Initialize per-instance NSCC parameters: flowid 140 _base_rtt=11685600 _base_bdp=146070 _bdp=146070 _min_cwnd=4150 _maxwnd=219105 _cwnd=219105
Initialize per-instance NSCC parameters: flowid 141 _base_rtt=11685600 _base_bdp=146070 _bdp=146070 _min_cwnd=4150 _maxwnd=219105 _cwnd=219105
Initialize per-instance NSCC parameters: flowid 142 _base_rtt=11685600 _base_bdp=146070 _bdp=146070 _min_cwnd=4150 _maxwnd=219105 _cwnd=219105
Initialize per-instance NSCC parameters: flowid 143 _base_rtt=11685600 _base_bdp=146070 _bdp=146070 _min_cwnd=4150 _maxwnd=219105 _cwnd=219105
Initialize per-instance NSCC parameters: flowid 144 _base_rtt=11685600 _base_bdp=146070 _bdp=146070 _min_cwnd=4150 _maxwnd=219105 _cwnd=219105
Initialize per-instance NSCC parameters: flowid 145 _base_rtt=11685600 _base_bdp=146070 _bdp=146070 _min_cwnd=4150 _maxwnd=219105 _cwnd=219105
Initialize per-instance NSCC parameters: flowid 146 _base_rtt=11685600 _base_bdp=146070 _bdp=146070 _min_cwnd=4150 _maxwnd=219105 _cwnd=219105
Initialize per-instance NSCC parameters: flowid 147 _base_rtt=11685600 _base_bdp=146070 _bdp=146070 _min_cwnd=4150 _maxwnd=219105 _cwnd=219105
Initialize per-instance NSCC parameters: flowid 148 _base_rtt=11685600 _base_bdp=146070 _bdp=146070 _min_cwnd=4150 _maxwnd=219105 _cwnd=219105
Initialize per-instance NSCC parameters: flowid 149 _base_rtt=11685600 _base_bdp=146070 _bdp=146070 _min_cwnd=4150 _maxwnd=219105 _cwnd=219105
Initialize per-instance NSCC parameters: flowid 150 _base_rtt=11685600 _base_bdp=146070 _bdp=146070 _min_cwnd=4150 _maxwnd=219105 _cwnd=219105
Initialize per-instance NSCC parameters: flowid 151 _base_rtt=11685600 _base_bdp=146070 _bdp=146070 _min_cwnd=4150 _maxwnd=219105 _cwnd=219105
Initialize per-instance NSCC parameters: flowid 152 _base_rtt=11685600 _base_bdp=146070 _bdp=146070 _min_cwnd=4150 _maxwnd=219105 _cwnd=219105
Initialize per-instance NSCC parameters: flowid 153 _base_rtt=11685600 _base_bdp=146070 _bdp=146070 _min_cwnd=4150 _maxwnd=219105 _cwnd=219105
Initialize per-instance NSCC parameters: flowid 154 _base_rtt=11685600 _base_bdp=146070 _bdp=146070 _min_cwnd=4150 _maxwnd=219105 _cwnd=219105
Starting simulation
Flow Uec_100_228 flowId 1 uecSrc 0 starting at 0
Flow Uec_244_116 flowId 2 uecSrc 1 starting at 0
Flow Uec_102_230 flowId 3 uecSrc 2 starting at 0
Flow Uec_47_175 flowId 4 uecSrc 3 starting at 0
Flow Uec_150_22 flowId 5 uecSrc 4 starting at 0
Flow Uec_67_195 flowId 6 uecSrc 5 starting at 0
Flow Uec_105_233 flowId 7 uecSrc 6 starting at 0
Flow Uec_39_167 flowId 8 uecSrc 7 starting at 0
Flow Uec_164_36 flowId 9 uecSrc 8 starting at 0
Flow Uec_13_141 flowId 10 uecSrc 9 starting at 0
Flow Uec_7_135 flowId 11 uecSrc 10 starting at 0
Flow Uec_170_42 flowId 12 uecSrc 11 starting at 0
Flow Uec_0_128 flowId 13 uecSrc 12 starting at 0
Flow Uec_165_37 flowId 14 uecSrc 13 starting at 0
Flow Uec_203_75 flowId 15 uecSrc 14 starting at 0
Flow Uec_70_198 flowId 16 uecSrc 15 starting at 0
Flow Uec_254_126 flowId 17 uecSrc 16 starting at 0
Flow Uec_156_28 flowId 18 uecSrc 17 starting at 0
Flow Uec_192_64 flowId 19 uecSrc 18 starting at 0
Flow Uec_79_207 flowId 20 uecSrc 19 starting at 0
Flow Uec_227_99 flowId 21 uecSrc 20 starting at 0
Flow Uec_197_69 flowId 22 uecSrc 21 starting at 0
Flow Uec_216_88 flowId 23 uecSrc 22 starting at 0
Flow Uec_208_80 flowId 24 uecSrc 23 starting at 0
Flow Uec_108_236 flowId 25 uecSrc 24 starting at 0
Flow Uec_175_47 flowId 26 uecSrc 25 starting at 0
Flow Uec_5_133 flowId 27 uecSrc 26 starting at 0
Flow Uec_220_92 flowId 28 uecSrc 27 starting at 0
Flow Uec_111_239 flowId 29 uecSrc 28 starting at 0
Flow Uec_113_241 flowId 30 uecSrc 29 starting at 0
Flow Uec_196_68 flowId 31 uecSrc 30 starting at 0
Flow Uec_72_200 flowId 32 uecSrc 31 starting at 0
Flow Uec_82_210 flowId 33 uecSrc 32 starting at 0
Flow Uec_232_104 flowId 34 uecSrc 33 starting at 0
Flow Uec_4_132 flowId 35 uecSrc 34 starting at 0
Flow Uec_18_146 flowId 36 uecSrc 35 starting at 0
Flow Uec_104_232 flowId 37 uecSrc 36 starting at 0
Flow Uec_234_106 flowId 38 uecSrc 37 starting at 0
Flow Uec_122_250 flowId 39 uecSrc 38 starting at 0
Flow Uec_228_100 flowId 40 uecSrc 39 starting at 0
Flow Uec_41_169 flowId 41 uecSrc 40 starting at 0
Flow Uec_202_74 flowId 42 uecSrc 41 starting at 0
Flow Uec_160_32 flowId 43 uecSrc 42 starting at 0
Flow Uec_200_72 flowId 44 uecSrc 43 starting at 0
Flow Uec_94_222 flowId 45 uecSrc 44 starting at 0
Flow Uec_52_180 flowId 46 uecSrc 45 starting at 0
Flow Uec_144_16 flowId 47 uecSrc 46 starting at 0
Flow Uec_124_252 flowId 48 uecSrc 47 starting at 0
Flow Uec_77_205 flowId 49 uecSrc 48 starting at 0
Flow Uec_11_139 flowId 50 uecSrc 49 starting at 0
Flow Uec_60_188 flowId 51 uecSrc 50 starting at 0
Flow Uec_33_161 flowId 52 uecSrc 51 starting at 0
Flow Uec_29_157 flowId 53 uecSrc 52 starting at 0
Flow Uec_20_148 flowId 54 uecSrc 53 starting at 0
Flow Uec_73_201 flowId 55 uecSrc 54 starting at 0
Flow Uec_99_227 flowId 56 uecSrc 55 starting at 0
Flow Uec_251_123 flowId 57 uecSrc 56 starting at 0
Flow Uec_9_137 flowId 58 uecSrc 57 starting at 0
Flow Uec_209_81 flowId 59 uecSrc 58 starting at 0
Flow Uec_128_0 flowId 60 uecSrc 59 starting at 0
Flow Uec_75_203 flowId 61 uecSrc 60 starting at 0
Flow Uec_149_21 flowId 62 uecSrc 61 starting at 0
Flow Uec_151_23 flowId 63 uecSrc 62 starting at 0
Flow Uec_65_193 flowId 64 uecSrc 63 starting at 0
Flow Uec_174_46 flowId 65 uecSrc 64 starting at 0
Flow Uec_212_84 flowId 66 uecSrc 65 starting at 0
Flow Uec_195_67 flowId 67 uecSrc 66 starting at 0
Flow Uec_233_105 flowId 68 uecSrc 67 starting at 0
Flow Uec_38_166 flowId 69 uecSrc 68 starting at 0
Flow Uec_25_153 flowId 70 uecSrc 69 starting at 0
Flow Uec_23_151 flowId 71 uecSrc 70 starting at 0
Flow Uec_16_144 flowId 72 uecSrc 71 starting at 0
Flow Uec_110_238 flowId 73 uecSrc 72 starting at 0
Flow Uec_218_90 flowId 74 uecSrc 73 starting at 0
Flow Uec_96_224 flowId 75 uecSrc 74 starting at 0
Flow Uec_148_20 flowId 76 uecSrc 75 starting at 0
Flow Uec_43_171 flowId 77 uecSrc 76 starting at 0
Flow Uec_91_219 flowId 78 uecSrc 77 starting at 0
Flow Uec_58_186 flowId 79 uecSrc 78 starting at 0
Flow Uec_155_27 flowId 80 uecSrc 79 starting at 0
Flow Uec_204_76 flowId 81 uecSrc 80 starting at 0
Flow Uec_123_251 flowId 82 uecSrc 81 starting at 0
Flow Uec_188_60 flowId 83 uecSrc 82 starting at 0
Flow Uec_181_53 flowId 84 uecSrc 83 starting at 0
Flow Uec_189_61 flowId 85 uecSrc 84 starting at 0
Flow Uec_176_48 flowId 86 uecSrc 85 starting at 0
Flow Uec_191_63 flowId 87 uecSrc 86 starting at 0
Flow Uec_250_122 flowId 88 uecSrc 87 starting at 0
Flow Uec_235_107 flowId 89 uecSrc 88 starting at 0
Flow Uec_86_214 flowId 90 uecSrc 89 starting at 0
Flow Uec_215_87 flowId 91 uecSrc 90 starting at 0
Flow Uec_62_190 flowId 92 uecSrc 91 starting at 0
Flow Uec_46_174 flowId 93 uecSrc 92 starting at 0
Flow Uec_107_235 flowId 94 uecSrc 93 starting at 0
Flow Uec_245_117 flowId 95 uecSrc 94 starting at 0
Flow Uec_185_57 flowId 96 uecSrc 95 starting at 0
Flow Uec_217_89 flowId 97 uecSrc 96 starting at 0
Flow Uec_162_34 flowId 98 uecSrc 97 starting at 0
Flow Uec_19_147 flowId 99 uecSrc 98 starting at 0
Flow Uec_187_59 flowId 100 uecSrc 99 starting at 0
Flow Uec_125_253 flowId 101 uecSrc 100 starting at 0
Flow Uec_240_112 flowId 102 uecSrc 101 starting at 0
Flow Uec_2_130 flowId 103 uecSrc 102 starting at 0
Flow Uec_93_221 flowId 104 uecSrc 103 starting at 0
Flow Uec_54_182 flowId 105 uecSrc 104 starting at 0
Flow Uec_49_177 flowId 106 uecSrc 105 starting at 0
Flow Uec_154_26 flowId 107 uecSrc 106 starting at 0
Flow Uec_143_15 flowId 108 uecSrc 107 starting at 0
Flow Uec_81_209 flowId 109 uecSrc 108 starting at 0
Flow Uec_134_6 flowId 110 uecSrc 109 starting at 0
Flow Uec_112_240 flowId 111 uecSrc 110 starting at 0
Flow Uec_152_24 flowId 112 uecSrc 111 starting at 0
Flow Uec_248_120 flowId 113 uecSrc 112 starting at 0
Flow Uec_56_184 flowId 114 uecSrc 113 starting at 0
Flow Uec_194_66 flowId 115 uecSrc 114 starting at 0
Flow Uec_193_65 flowId 116 uecSrc 115 starting at 0
Flow Uec_121_249 flowId 117 uecSrc 116 starting at 0
Flow Uec_115_243 flowId 118 uecSrc 117 starting at 0
Flow Uec_28_156 flowId 119 uecSrc 118 starting at 0
Flow Uec_130_2 flowId 120 uecSrc 119 starting at 0
Flow Uec_63_191 flowId 121 uecSrc 120 starting at 0
Flow Uec_116_244 flowId 122 uecSrc 121 starting at 0
Flow Uec_221_93 flowId 123 uecSrc 122 starting at 0
Flow Uec_44_172 flowId 124 uecSrc 123 starting at 0
Flow Uec_50_178 flowId 125 uecSrc 124 starting at 0
Flow Uec_224_96 flowId 126 uecSrc 125 starting at 0
Flow Uec_37_165 flowId 127 uecSrc 126 starting at 0
Flow Uec_159_31 flowId 128 uecSrc 127 starting at 0
Flow Uec_1_129 flowId 129 uecSrc 128 starting at 0
Flow Uec_140_12 flowId 130 uecSrc 129 starting at 0
Flow Uec_133_5 flowId 131 uecSrc 130 starting at 0
Flow Uec_32_160 flowId 132 uecSrc 131 starting at 0
Flow Uec_48_176 flowId 133 uecSrc 132 starting at 0
Flow Uec_238_110 flowId 134 uecSrc 133 starting at 0
Flow Uec_21_149 flowId 135 uecSrc 134 starting at 0
Flow Uec_76_204 flowId 136 uecSrc 135 starting at 0
Flow Uec_8_136 flowId 137 uecSrc 136 starting at 0
Flow Uec_92_220 flowId 138 uecSrc 137 starting at 0
Flow Uec_186_58 flowId 139 uecSrc 138 starting at 0
Flow Uec_55_183 flowId 140 uecSrc 139 starting at 0
Flow Uec_88_216 flowId 141 uecSrc 140 starting at 0
Flow Uec_198_70 flowId 142 uecSrc 141 starting at 0
Flow Uec_145_17 flowId 143 uecSrc 142 starting at 0
Flow Uec_239_111 flowId 144 uecSrc 143 starting at 0
Flow Uec_249_121 flowId 145 uecSrc 144 starting at 0
Flow Uec_158_30 flowId 146 uecSrc 145 starting at 0
Flow Uec_180_52 flowId 147 uecSrc 146 starting at 0
Flow Uec_87_215 flowId 148 uecSrc 147 starting at 0
Flow Uec_6_134 flowId 149 uecSrc 148 starting at 0
Flow Uec_211_83 flowId 150 uecSrc 149 starting at 0
Flow Uec_22_150 flowId 151 uecSrc 150 starting at 0
Flow Uec_142_14 flowId 152 uecSrc 151 starting at 0
Flow Uec_241_113 flowId 153 uecSrc 152 starting at 0
Flow Uec_210_82 flowId 154 uecSrc 153 starting at 0
134.813 flowid 13 Spurious 5
136.812 flowid 13 Spurious 21
137.461 flowid 4 Spurious 36
139.256 flowid 4 Spurious 41
140.76 flowid 71 Spurious 32
141.144 flowid 4 Spurious 45
141.808 flowid 4 Spurious 46
143.037 flowid 13 Spurious 10
143.798 flowid 4 Spurious 52
143.863 flowid 13 Spurious 12
144.135 flowid 4 Spurious 54
148.598 flowid 4 Spurious 63
148.93 flowid 4 Spurious 64
152.965 flowid 4 Spurious 73
153.297 flowid 4 Spurious 75
154.562 flowid 72 Spurious 71
155.564 flowid 72 Spurious 75
164.923 flowid 87 Spurious 27
165.075 flowid 31 Spurious 51
166.071 flowid 31 Spurious 60
168.284 flowid 87 Spurious 31
Flow Uec_159_31 flowId 128 uecSrc 127 finished at 173.862 total messages 1 total packets 490 RTS 0 total bytes 2002140 in_flight now 0 fair_inc 0 prop_inc 10314 fast_inc 444999 eta_inc 8344 multi_dec -0 quick_dec -0 nack_dec -0
175.035 flowid 31 Spurious 69
175.367 flowid 31 Spurious 70
Flow Uec_105_233 flowId 7 uecSrc 6 finished at 175.419 total messages 1 total packets 490 RTS 0 total bytes 2002140 in_flight now 0 fair_inc 0 prop_inc 87534 fast_inc 32328 eta_inc 8344 multi_dec -0 quick_dec -0 nack_dec -0
Flow Uec_186_58 flowId 139 uecSrc 138 finished at 175.481 total messages 1 total packets 490 RTS 0 total bytes 2002140 in_flight now 0 fair_inc 0 prop_inc 88975 fast_inc 40410 eta_inc 7748 multi_dec -0 quick_dec -0 nack_dec -0
175.581 flowid 124 Spurious 128
175.699 flowid 31 Spurious 71
176.031 flowid 31 Spurious 72
Flow Uec_111_239 flowId 29 uecSrc 28 finished at 176.083 total messages 1 total packets 490 RTS 0 total bytes 2002140 in_flight now 0 fair_inc 0 prop_inc 84976 fast_inc 52533 eta_inc 8344 multi_dec -0 quick_dec -0 nack_dec -0
176.363 flowid 31 Spurious 74
Flow Uec_217_89 flowId 97 uecSrc 96 finished at 176.495 total messages 1 total packets 490 RTS 0 total bytes 2002140 in_flight now 0 fair_inc 0 prop_inc 83942 fast_inc 4041 eta_inc 8344 multi_dec -0 quick_dec -0 nack_dec -0
176.577 flowid 124 Spurious 131
176.695 flowid 31 Spurious 78
Flow Uec_122_250 flowId 39 uecSrc 38 finished at 176.959 total messages 1 total packets 490 RTS 0 total bytes 2002140 in_flight now 0 fair_inc 0 prop_inc 92491 fast_inc 0 eta_inc 8344 multi_dec -0 quick_dec -0 nack_dec -0
177.359 flowid 31 Spurious 80
Flow Uec_124_252 flowId 48 uecSrc 47 finished at 177.463 total messages 1 total packets 490 RTS 0 total bytes 2002140 in_flight now 0 fair_inc 0 prop_inc 76391 fast_inc 40410 eta_inc 8344 multi_dec -0 quick_dec -0 nack_dec -0
177.691 flowid 31 Spurious 82
178.355 flowid 31 Spurious 83
Flow Uec_142_14 flowId 152 uecSrc 151 finished at 178.946 total messages 1 total packets 490 RTS 0 total bytes 2002140 in_flight now 0 fair_inc 0 prop_inc 75980 fast_inc 0 eta_inc 8344 multi_dec -0 quick_dec -0 nack_dec -0
179.019 flowid 31 Spurious 84
Flow Uec_88_216 flowId 141 uecSrc 140 finished at 179.064 total messages 1 total packets 490 RTS 0 total bytes 2002140 in_flight now 0 fair_inc 0 prop_inc 60658 fast_inc 0 eta_inc 8344 multi_dec -0 quick_dec -0 nack_dec -0
179.683 flowid 31 Spurious 85
Flow Uec_123_251 flowId 82 uecSrc 81 finished at 179.746 total messages 1 total packets 490 RTS 0 total bytes 2002140 in_flight now 0 fair_inc 0 prop_inc 71251 fast_inc 0 eta_inc 8344 multi_dec -0 quick_dec -0 nack_dec -0
180.679 flowid 31 Spurious 86
181.53 flowid 124 Spurious 142
Flow Uec_144_16 flowId 47 uecSrc 46 finished at 181.617 total messages 1 total packets 490 RTS 0 total bytes 2002140 in_flight now 0 fair_inc 0 prop_inc 74593 fast_inc 0 eta_inc 8344 multi_dec -0 quick_dec -0 nack_dec -0
Flow Uec_133_5 flowId 131 uecSrc 130 finished at 181.732 total messages 1 total packets 490 RTS 0 total bytes 2002140 in_flight now 0 fair_inc 0 prop_inc 80142 fast_inc 0 eta_inc 8344 multi_dec -0 quick_dec -0 nack_dec -0
182.339 flowid 31 Spurious 87
Flow Uec_37_165 flowId 127 uecSrc 126 finished at 184.728 total messages 1 total packets 490 RTS 0 total bytes 2002140 in_flight now 0 fair_inc 0 prop_inc 37446 fast_inc 0 eta_inc 8344 multi_dec -0 quick_dec -0 nack_dec -0
185.056 flowid 124 Spurious 151
Flow Uec_227_99 flowId 21 uecSrc 20 finished at 185.166 total messages 1 total packets 490 RTS 0 total bytes 2002140 in_flight now 0 fair_inc 0 prop_inc 44748 fast_inc 0 eta_inc 8940 multi_dec -0 quick_dec -0 nack_dec -0
Flow Uec_96_224 flowId 75 uecSrc 74 finished at 186.557 total messages 1 total packets 490 RTS 0 total bytes 2002140 in_flight now 0 fair_inc 0 prop_inc 29057 fast_inc 0 eta_inc 8940 multi_dec -0 quick_dec -0 nack_dec -0
Flow Uec_55_183 flowId 140 uecSrc 139 finished at 186.738 total messages 1 total packets 490 RTS 0 total bytes 2002140 in_flight now 0 fair_inc 0 prop_inc 21305 fast_inc 0 eta_inc 8940 multi_dec -0 quick_dec -0 nack_dec -0
188.049 flowid 124 Spurious 162
188.381 flowid 124 Spurious 163
189.771 flowid 133 Spurious 152
Flow Uec_56_184 flowId 114 uecSrc 113 finished at 191.182 total messages 1 total packets 490 RTS 0 total bytes 2002140 in_flight now 0 fair_inc 0 prop_inc 16076 fast_inc 0 eta_inc 8940 multi_dec -0 quick_dec -0 nack_dec -0
192.488 flowid 124 Spurious 173
Flow Uec_1_129 flowId 129 uecSrc 128 finished at 193.231 total messages 1 total packets 490 RTS 0 total bytes 2002140 in_flight now 0 fair_inc 0 prop_inc 20401 fast_inc 0 eta_inc 8940 multi_dec -0 quick_dec -0 nack_dec -0
194.439 flowid 133 Spurious 174
Flow Uec_248_120 flowId 113 uecSrc 112 finished at 194.539 total messages 1 total packets 490 RTS 0 total bytes 2002140 in_flight now 0 fair_inc 0 prop_inc 17329 fast_inc 0 eta_inc 8940 multi_dec -0 quick_dec -0 nack_dec -0
Flow Uec_234_106 flowId 38 uecSrc 37 finished at 197.73 total messages 1 total packets 490 RTS 0 total bytes 2002140 in_flight now 0 fair_inc 5247 prop_inc 12197 fast_inc 0 eta_inc 9536 multi_dec -0 quick_dec -0 nack_dec -0
201.884 flowid 133 Spurious 187
202.283 flowid 69 Spurious 208
Flow Uec_21_149 flowId 135 uecSrc 134 finished at 203.388 total messages 1 total packets 490 RTS 0 total bytes 2002140 in_flight now 0 fair_inc 2629 prop_inc 10600 fast_inc 0 eta_inc 9536 multi_dec -0 quick_dec -0 nack_dec -0
Flow Uec_251_123 flowId 57 uecSrc 56 finished at 203.53 total messages 1 total packets 490 RTS 0 total bytes 2002140 in_flight now 0 fair_inc 8997 prop_inc 17216 fast_inc 0 eta_inc 9536 multi_dec -0 quick_dec -0 nack_dec -0
Flow Uec_254_126 flowId 17 uecSrc 16 finished at 203.544 total messages 1 total packets 490 RTS 0 total bytes 2002140 in_flight now 0 fair_inc 13439 prop_inc 17367 fast_inc 0 eta_inc 9536 multi_dec -0 quick_dec -0 nack_dec -0
Flow Uec_29_157 flowId 53 uecSrc 52 finished at 203.592 total messages 1 total packets 490 RTS 0 total bytes 2002140 in_flight now 0 fair_inc 5621 prop_inc 14495 fast_inc 0 eta_inc 9536 multi_dec -0 quick_dec -0 nack_dec -4150
Flow Uec_235_107 flowId 89 uecSrc 88 finished at 206.781 total messages 1 total packets 490 RTS 0 total bytes 2002140 in_flight now 0 fair_inc 3752 prop_inc 15104 fast_inc 0 eta_inc 10132 multi_dec -0 quick_dec -0 nack_dec -0
207.553 flowid 133 Spurious 203
207.885 flowid 133 Spurious 205
211.418 flowid 4 Spurious 215
Flow Uec_245_117 flowId 95 uecSrc 94 finished at 212.143 total messages 1 total packets 490 RTS 0 total bytes 2002140 in_flight now 0 fair_inc 6714 prop_inc 10449 fast_inc 0 eta_inc 10132 multi_dec -45056 quick_dec -0 nack_dec -0
Flow Uec_244_116 flowId 2 uecSrc 1 finished at 212.19 total messages 1 total packets 490 RTS 0 total bytes 2002140 in_flight now 0 fair_inc 8180 prop_inc 13982 fast_inc 0 eta_inc 10132 multi_dec -17141 quick_dec -0 nack_dec -0
Flow Uec_44_172 flowId 124 uecSrc 123 finished at 213.312 total messages 1 total packets 493 RTS 3 total bytes 2002140 in_flight now 0 fair_inc 5244 prop_inc 11509 fast_inc 0 eta_inc 10132 multi_dec -0 quick_dec -0 nack_dec -0
Flow Uec_38_166 flowId 69 uecSrc 68 finished at 213.775 total messages 1 total packets 492 RTS 2 total bytes 2002140 in_flight now 0 fair_inc 11652 prop_inc 16406 fast_inc 0 eta_inc 10132 multi_dec -0 quick_dec -0 nack_dec -4150
Flow Uec_241_113 flowId 153 uecSrc 152 finished at 213.779 total messages 1 total packets 490 RTS 0 total bytes 2002140 in_flight now 0 fair_inc 12355 prop_inc 12108 fast_inc 0 eta_inc 10132 multi_dec -20551 quick_dec -0 nack_dec -0
Flow Uec_193_65 flowId 116 uecSrc 115 finished at 219.581 total messages 1 total packets 490 RTS 0 total bytes 2002140 in_flight now 0 fair_inc 0 prop_inc 84052 fast_inc 48494 eta_inc 8344 multi_dec -0 quick_dec -0 nack_dec -0
Flow Uec_16_144 flowId 72 uecSrc 71 finished at 222.675 total messages 1 total packets 492 RTS 2 total bytes 2002140 in_flight now 0 fair_inc 13547 prop_inc 6834 fast_inc 0 eta_inc 10728 multi_dec -0 quick_dec -0 nack_dec -8300
Flow Uec_195_67 flowId 67 uecSrc 66 finished at 223.035 total messages 1 total packets 490 RTS 0 total bytes 2002140 in_flight now 0 fair_inc 0 prop_inc 93757 fast_inc 0 eta_inc 7152 multi_dec -0 quick_dec -0 nack_dec -0
Flow Uec_6_134 flowId 149 uecSrc 148 finished at 224.59 total messages 1 total packets 490 RTS 0 total bytes 2002140 in_flight now 0 fair_inc 17405 prop_inc 18940 fast_inc 0 eta_inc 10132 multi_dec -63238 quick_dec -0 nack_dec -24900
227.6 flowid 93 Spurious 220
232.109 flowid 132 Spurious 259
237.135 flowid 132 Spurious 276
237.193 flowid 133 Spurious 287
237.884 flowid 93 Spurious 222
Flow Uec_48_176 flowId 133 uecSrc 132 finished at 238.969 total messages 1 total packets 492 RTS 2 total bytes 2002140 in_flight now 0 fair_inc 8088 prop_inc 7905 fast_inc 0 eta_inc 11324 multi_dec -0 quick_dec -0 nack_dec -0
241.269 flowid 133 Spurious 298
244.324 flowid 133 Spurious 307
245.054 flowid 50 Spurious 293
246.05 flowid 50 Spurious 294
254.436 flowid 71 Spurious 269
255.094 flowid 71 Spurious 264
Flow Uec_220_92 flowId 28 uecSrc 27 finished at 257.154 total messages 1 total packets 490 RTS 0 total bytes 2002140 in_flight now 0 fair_inc 2413 prop_inc 78214 fast_inc 0 eta_inc 11920 multi_dec -97659 quick_dec -0 nack_dec -24900
Flow Uec_192_64 flowId 19 uecSrc 18 finished at 274.803 total messages 1 total packets 493 RTS 3 total bytes 2002140 in_flight now 0 fair_inc 0 prop_inc 13773 fast_inc 0 eta_inc 11920 multi_dec -0 quick_dec -0 nack_dec -8300
276.469 flowid 132 Spurious 378
Flow Uec_47_175 flowId 4 uecSrc 3 finished at 281.314 total messages 1 total packets 494 RTS 4 total bytes 2002140 in_flight now 0 fair_inc 7771 prop_inc 14704 fast_inc 0 eta_inc 13112 multi_dec -0 quick_dec -0 nack_dec -0
281.531 flowid 132 Spurious 390
283.402 flowid 87 Spurious 32
286.277 flowid 50 Spurious 384
287.937 flowid 50 Spurious 387
294.716 flowid 50 Spurious 407
295.053 flowid 50 Spurious 408
306.451 flowid 99 Spurious 387
Flow Uec_140_12 flowId 130 uecSrc 129 finished at 307.762 total messages 1 total packets 490 RTS 0 total bytes 2002140 in_flight now 0 fair_inc 13638 prop_inc 29930 fast_inc 0 eta_inc 14304 multi_dec -61299 quick_dec -0 nack_dec -53950
309.432 flowid 99 Spurious 390
Flow Uec_212_84 flowId 66 uecSrc 65 finished at 311.219 total messages 1 total packets 490 RTS 0 total bytes 2002140 in_flight now 0 fair_inc 7843 prop_inc 19819 fast_inc 0 eta_inc 14900 multi_dec -94113 quick_dec -0 nack_dec -29050
311.792 flowid 99 Spurious 396
Flow Uec_108_236 flowId 25 uecSrc 24 finished at 312.186 total messages 1 total packets 490 RTS 0 total bytes 2002140 in_flight now 0 fair_inc 7026 prop_inc 19041 fast_inc 0 eta_inc 14900 multi_dec -92528 quick_dec -0 nack_dec -29050
313.83 flowid 99 Spurious 401
Flow Uec_116_244 flowId 122 uecSrc 121 finished at 315.815 total messages 1 total packets 490 RTS 0 total bytes 2002140 in_flight now 0 fair_inc 5578 prop_inc 22252 fast_inc 0 eta_inc 14900 multi_dec -102463 quick_dec -0 nack_dec -20750
Flow Uec_18_146 flowId 36 uecSrc 35 finished at 317.27 total messages 1 total packets 491 RTS 1 total bytes 2002140 in_flight now 0 fair_inc 17004 prop_inc 8339 fast_inc 0 eta_inc 11324 multi_dec -0 quick_dec -207466 nack_dec -12450
Flow Uec_11_139 flowId 50 uecSrc 49 finished at 317.617 total messages 1 total packets 491 RTS 1 total bytes 2002140 in_flight now 0 fair_inc 17682 prop_inc 10221 fast_inc 0 eta_inc 13112 multi_dec -24636 quick_dec -0 nack_dec -0
Flow Uec_49_177 flowId 106 uecSrc 105 finished at 318.106 total messages 1 total packets 490 RTS 0 total bytes 2002140 in_flight now 0 fair_inc 2652 prop_inc 33105 fast_inc 0 eta_inc 14900 multi_dec -65038 quick_dec -0 nack_dec -66400
Flow Uec_187_59 flowId 100 uecSrc 99 finished at 320.44 total messages 1 total packets 490 RTS 0 total bytes 2002140 in_flight now 0 fair_inc 3386 prop_inc 27408 fast_inc 0 eta_inc 15496 multi_dec -77735 quick_dec -0 nack_dec -49800
Flow Uec_19_147 flowId 99 uecSrc 98 finished at 321.249 total messages 1 total packets 494 RTS 4 total bytes 2002140 in_flight now 0 fair_inc 5764 prop_inc 21712 fast_inc 0 eta_inc 13112 multi_dec -0 quick_dec -0 nack_dec -12450
Flow Uec_39_167 flowId 8 uecSrc 7 finished at 322.845 total messages 1 total packets 490 RTS 0 total bytes 2002140 in_flight now 0 fair_inc 17941 prop_inc 24133 fast_inc 0 eta_inc 13708 multi_dec -124445 quick_dec -0 nack_dec -0
Flow Uec_79_207 flowId 20 uecSrc 19 finished at 325.228 total messages 1 total packets 490 RTS 0 total bytes 2002140 in_flight now 0 fair_inc 2436 prop_inc 42601 fast_inc 0 eta_inc 15496 multi_dec -110773 quick_dec -0 nack_dec -37350
Flow Uec_107_235 flowId 94 uecSrc 93 finished at 325.806 total messages 1 total packets 490 RTS 0 total bytes 2002140 in_flight now 0 fair_inc 7812 prop_inc 29644 fast_inc 0 eta_inc 15496 multi_dec -83688 quick_dec -0 nack_dec -49800
Flow Uec_155_27 flowId 80 uecSrc 79 finished at 326.515 total messages 1 total packets 490 RTS 0 total bytes 2002140 in_flight now 0 fair_inc 4742 prop_inc 23813 fast_inc 0 eta_inc 14900 multi_dec -91387 quick_dec -0 nack_dec -37350
Flow Uec_100_228 flowId 1 uecSrc 0 finished at 329.681 total messages 1 total packets 490 RTS 0 total bytes 2002140 in_flight now 0 fair_inc 8620 prop_inc 29902 fast_inc 0 eta_inc 16092 multi_dec -74252 quick_dec -0 nack_dec -58100
Flow Uec_170_42 flowId 12 uecSrc 11 finished at 333.671 total messages 1 total packets 490 RTS 0 total bytes 2002140 in_flight now 0 fair_inc 9119 prop_inc 50205 fast_inc 0 eta_inc 15496 multi_dec -98477 quick_dec -0 nack_dec -58100
Flow Uec_125_253 flowId 101 uecSrc 100 finished at 336.583 total messages 1 total packets 490 RTS 0 total bytes 2002140 in_flight now 0 fair_inc 4848 prop_inc 37990 fast_inc 0 eta_inc 16092 multi_dec -106490 quick_dec -0 nack_dec -41500
Flow Uec_154_26 flowId 107 uecSrc 106 finished at 337.794 total messages 1 total packets 490 RTS 0 total bytes 2002140 in_flight now 0 fair_inc 14278 prop_inc 31692 fast_inc 0 eta_inc 15496 multi_dec -108520 quick_dec -0 nack_dec -41500
Flow Uec_121_249 flowId 117 uecSrc 116 finished at 340.382 total messages 1 total packets 490 RTS 0 total bytes 2002140 in_flight now 0 fair_inc 11837 prop_inc 39120 fast_inc 0 eta_inc 16092 multi_dec -105405 quick_dec -0 nack_dec -45650
Flow Uec_164_36 flowId 9 uecSrc 8 finished at 341.153 total messages 1 total packets 490 RTS 0 total bytes 2002140 in_flight now 0 fair_inc 2807 prop_inc 30489 fast_inc 0 eta_inc 16092 multi_dec -84605 quick_dec -0 nack_dec -53950
Flow Uec_99_227 flowId 56 uecSrc 55 finished at 341.694 total messages 1 total packets 490 RTS 0 total bytes 2002140 in_flight now 0 fair_inc 6223 prop_inc 31507 fast_inc 16160 eta_inc 16092 multi_dec -76700 quick_dec -0 nack_dec -58100
Flow Uec_113_241 flowId 30 uecSrc 29 finished at 342.145 total messages 1 total packets 490 RTS 0 total bytes 2002140 in_flight now 0 fair_inc 6687 prop_inc 36278 fast_inc 0 eta_inc 16092 multi_dec -117975 quick_dec -0 nack_dec -33200
Flow Uec_189_61 flowId 85 uecSrc 84 finished at 342.465 total messages 1 total packets 490 RTS 0 total bytes 2002140 in_flight now 0 fair_inc 5969 prop_inc 40614 fast_inc 0 eta_inc 16092 multi_dec -106553 quick_dec -0 nack_dec -41500
343.189 flowid 31 Spurious 183
Flow Uec_62_190 flowId 92 uecSrc 91 finished at 343.307 total messages 1 total packets 490 RTS 0 total bytes 2002140 in_flight now 0 fair_inc 4134 prop_inc 37964 fast_inc 0 eta_inc 16688 multi_dec -84597 quick_dec -0 nack_dec -62250
Flow Uec_104_232 flowId 37 uecSrc 36 finished at 343.839 total messages 1 total packets 490 RTS 0 total bytes 2002140 in_flight now 0 fair_inc 13248 prop_inc 38464 fast_inc 0 eta_inc 16092 multi_dec -112943 quick_dec -0 nack_dec -37350
Flow Uec_87_215 flowId 148 uecSrc 147 finished at 343.883 total messages 1 total packets 490 RTS 0 total bytes 2002140 in_flight now 0 fair_inc 9467 prop_inc 46959 fast_inc 0 eta_inc 16092 multi_dec -97903 quick_dec -0 nack_dec -58100
Flow Uec_5_133 flowId 27 uecSrc 26 finished at 344.103 total messages 1 total packets 495 RTS 5 total bytes 2002140 in_flight now 0 fair_inc 26116 prop_inc 69803 fast_inc 20202 eta_inc 15496 multi_dec -175694 quick_dec -0 nack_dec -4150
Flow Uec_32_160 flowId 132 uecSrc 131 finished at 346.129 total messages 1 total packets 491 RTS 1 total bytes 2002140 in_flight now 0 fair_inc 12334 prop_inc 24043 fast_inc 1010 eta_inc 13708 multi_dec -0 quick_dec -165067 nack_dec -8300
Flow Uec_58_186 flowId 79 uecSrc 78 finished at 346.286 total messages 1 total packets 490 RTS 0 total bytes 2002140 in_flight now 0 fair_inc 4332 prop_inc 43725 fast_inc 19679 eta_inc 16688 multi_dec -101685 quick_dec -0 nack_dec -49800
Flow Uec_203_75 flowId 15 uecSrc 14 finished at 346.909 total messages 1 total packets 490 RTS 0 total bytes 2002140 in_flight now 0 fair_inc 6344 prop_inc 43607 fast_inc 0 eta_inc 16092 multi_dec -112322 quick_dec -0 nack_dec -41500
Flow Uec_211_83 flowId 150 uecSrc 149 finished at 347.101 total messages 1 total packets 490 RTS 0 total bytes 2002140 in_flight now 0 fair_inc 2918 prop_inc 34330 fast_inc 42912 eta_inc 16688 multi_dec -61802 quick_dec -0 nack_dec -78850
Flow Uec_204_76 flowId 81 uecSrc 80 finished at 348.252 total messages 1 total packets 490 RTS 0 total bytes 2002140 in_flight now 0 fair_inc 11371 prop_inc 41747 fast_inc 0 eta_inc 16688 multi_dec -109564 quick_dec -0 nack_dec -45650
Flow Uec_110_238 flowId 73 uecSrc 72 finished at 348.728 total messages 1 total packets 490 RTS 0 total bytes 2002140 in_flight now 0 fair_inc 11910 prop_inc 38083 fast_inc 0 eta_inc 16092 multi_dec -70487 quick_dec -0 nack_dec -66400
Flow Uec_54_182 flowId 105 uecSrc 104 finished at 350.108 total messages 1 total packets 490 RTS 0 total bytes 2002140 in_flight now 0 fair_inc 3321 prop_inc 38742 fast_inc 0 eta_inc 16688 multi_dec -89693 quick_dec -0 nack_dec -62250
Flow Uec_176_48 flowId 86 uecSrc 85 finished at 351.301 total messages 1 total packets 490 RTS 0 total bytes 2002140 in_flight now 0 fair_inc 6913 prop_inc 37359 fast_inc 0 eta_inc 16092 multi_dec -96425 quick_dec -0 nack_dec -49800
Flow Uec_151_23 flowId 63 uecSrc 62 finished at 353.349 total messages 1 total packets 490 RTS 0 total bytes 2002140 in_flight now 0 fair_inc 13765 prop_inc 48177 fast_inc 0 eta_inc 16092 multi_dec -142903 quick_dec -0 nack_dec -29050
Flow Uec_145_17 flowId 143 uecSrc 142 finished at 354.148 total messages 1 total packets 490 RTS 0 total bytes 2002140 in_flight now 0 fair_inc 16845 prop_inc 48871 fast_inc 46958 eta_inc 16688 multi_dec -134983 quick_dec -0 nack_dec -37350
357.395 flowid 93 Spurious 385
358.873 flowid 115 Spurious 489
Flow Uec_46_174 flowId 93 uecSrc 92 finished at 361.251 total messages 1 total packets 496 RTS 6 total bytes 2002140 in_flight now 0 fair_inc 25587 prop_inc 14777 fast_inc 0 eta_inc 16688 multi_dec -106897 quick_dec -0 nack_dec -0
Flow Uec_194_66 flowId 115 uecSrc 114 finished at 363.899 total messages 1 total packets 490 RTS 0 total bytes 2002140 in_flight now 0 fair_inc 3203 prop_inc 35781 fast_inc 0 eta_inc 11324 multi_dec -65277 quick_dec -185930 nack_dec -4150
365.486 flowid 71 Spurious 489
366.16 flowid 71 Spurious 490
Flow Uec_23_151 flowId 71 uecSrc 70 finished at 366.456 total messages 1 total packets 494 RTS 4 total bytes 2002140 in_flight now -128 fair_inc 21115 prop_inc 11136 fast_inc 0 eta_inc 14900 multi_dec -0 quick_dec -0 nack_dec -0
Flow Uec_20_148 flowId 54 uecSrc 53 finished at 371.473 total messages 1 total packets 491 RTS 1 total bytes 2002140 in_flight now 0 fair_inc 21826 prop_inc 78439 fast_inc 62111 eta_inc 17284 multi_dec -195466 quick_dec -0 nack_dec -12450
Flow Uec_188_60 flowId 83 uecSrc 82 finished at 372.305 total messages 1 total packets 490 RTS 0 total bytes 2002140 in_flight now 0 fair_inc 3082 prop_inc 87574 fast_inc 0 eta_inc 17284 multi_dec -127174 quick_dec -0 nack_dec -45650
Flow Uec_240_112 flowId 102 uecSrc 101 finished at 376.857 total messages 1 total packets 490 RTS 0 total bytes 2002140 in_flight now 0 fair_inc 6632 prop_inc 39178 fast_inc 0 eta_inc 17880 multi_dec -82237 quick_dec -0 nack_dec -74700
Flow Uec_232_104 flowId 34 uecSrc 33 finished at 384.578 total messages 1 total packets 490 RTS 0 total bytes 2002140 in_flight now 0 fair_inc 1226 prop_inc 41755 fast_inc 0 eta_inc 17880 multi_dec -74219 quick_dec -0 nack_dec -83000
Flow Uec_25_153 flowId 70 uecSrc 69 finished at 387.598 total messages 1 total packets 496 RTS 6 total bytes 2002140 in_flight now 0 fair_inc 29347 prop_inc 79785 fast_inc 0 eta_inc 17880 multi_dec -169724 quick_dec -0 nack_dec -4150
395.078 flowid 87 Spurious 32
Flow Uec_249_121 flowId 145 uecSrc 144 finished at 405.831 total messages 1 total packets 490 RTS 0 total bytes 2002140 in_flight now 0 fair_inc 14633 prop_inc 72921 fast_inc 0 eta_inc 19072 multi_dec -158768 quick_dec -0 nack_dec -33200
Flow Uec_250_122 flowId 88 uecSrc 87 finished at 406.827 total messages 1 total packets 490 RTS 0 total bytes 2002140 in_flight now 0 fair_inc 8223 prop_inc 74532 fast_inc 0 eta_inc 18476 multi_dec -159345 quick_dec -0 nack_dec -33200
Flow Uec_185_57 flowId 96 uecSrc 95 finished at 422.258 total messages 1 total packets 490 RTS 0 total bytes 2002140 in_flight now 0 fair_inc 16041 prop_inc 17427 fast_inc 0 eta_inc 19668 multi_dec -38197 quick_dec -0 nack_dec -124500
Flow Uec_82_210 flowId 33 uecSrc 32 finished at 428.473 total messages 1 total packets 490 RTS 0 total bytes 2002140 in_flight now 0 fair_inc 19546 prop_inc 16983 fast_inc 0 eta_inc 20264 multi_dec -41645 quick_dec -0 nack_dec -128650
Flow Uec_43_171 flowId 77 uecSrc 76 finished at 442.828 total messages 1 total packets 502 RTS 12 total bytes 2002140 in_flight now -320 fair_inc 27135 prop_inc 24259 fast_inc 0 eta_inc 20860 multi_dec -62050 quick_dec -0 nack_dec -24900
Flow Uec_162_34 flowId 98 uecSrc 97 finished at 443.601 total messages 1 total packets 491 RTS 1 total bytes 2002140 in_flight now 0 fair_inc 16478 prop_inc 40797 fast_inc 0 eta_inc 20264 multi_dec -96608 quick_dec -0 nack_dec -95450
Flow Uec_160_32 flowId 43 uecSrc 42 finished at 443.973 total messages 1 total packets 491 RTS 1 total bytes 2002140 in_flight now 0 fair_inc 24938 prop_inc 17639 fast_inc 0 eta_inc 20264 multi_dec -38612 quick_dec -0 nack_dec -128650
Flow Uec_93_221 flowId 104 uecSrc 103 finished at 444.086 total messages 1 total packets 490 RTS 0 total bytes 2002140 in_flight now 0 fair_inc 33654 prop_inc 17845 fast_inc 0 eta_inc 20264 multi_dec -61044 quick_dec -0 nack_dec -128650
Flow Uec_102_230 flowId 3 uecSrc 2 finished at 447.437 total messages 1 total packets 490 RTS 0 total bytes 2002140 in_flight now 0 fair_inc 22680 prop_inc 21718 fast_inc 0 eta_inc 21456 multi_dec -31951 quick_dec -0 nack_dec -136950
Flow Uec_60_188 flowId 51 uecSrc 50 finished at 447.488 total messages 1 total packets 490 RTS 0 total bytes 2002140 in_flight now 0 fair_inc 31443 prop_inc 16277 fast_inc 0 eta_inc 20860 multi_dec -48073 quick_dec -0 nack_dec -128650
Flow Uec_7_135 flowId 11 uecSrc 10 finished at 450.687 total messages 1 total packets 499 RTS 9 total bytes 2002140 in_flight now -64 fair_inc 6785 prop_inc 59795 fast_inc 0 eta_inc 17880 multi_dec -0 quick_dec -104127 nack_dec -4150
Flow Uec_41_169 flowId 41 uecSrc 40 finished at 454.815 total messages 1 total packets 497 RTS 7 total bytes 2002140 in_flight now 0 fair_inc 10474 prop_inc 30092 fast_inc 261127 eta_inc 19668 multi_dec -104740 quick_dec -10086 nack_dec -20750
Flow Uec_33_161 flowId 52 uecSrc 51 finished at 457.683 total messages 1 total packets 504 RTS 14 total bytes 2002140 in_flight now 0 fair_inc 25839 prop_inc 34563 fast_inc 0 eta_inc 21456 multi_dec -79404 quick_dec -0 nack_dec -8300
Flow Uec_81_209 flowId 109 uecSrc 108 finished at 459.108 total messages 1 total packets 490 RTS 0 total bytes 2002140 in_flight now 0 fair_inc 24181 prop_inc 17577 fast_inc 0 eta_inc 22052 multi_dec -61882 quick_dec -0 nack_dec -132800
Flow Uec_134_6 flowId 110 uecSrc 109 finished at 472.351 total messages 1 total packets 490 RTS 0 total bytes 2002140 in_flight now 0 fair_inc 28445 prop_inc 9273 fast_inc 0 eta_inc 22052 multi_dec -28140 quick_dec -0 nack_dec -145250
Flow Uec_28_156 flowId 119 uecSrc 118 finished at 475.712 total messages 1 total packets 503 RTS 13 total bytes 2002140 in_flight now -64 fair_inc 27761 prop_inc 50119 fast_inc 0 eta_inc 20860 multi_dec -92432 quick_dec -0 nack_dec -4150
Flow Uec_156_28 flowId 18 uecSrc 17 finished at 478.213 total messages 1 total packets 491 RTS 1 total bytes 2002140 in_flight now 0 fair_inc 16015 prop_inc 52750 fast_inc 0 eta_inc 20264 multi_dec -76394 quick_dec -0 nack_dec -103750
Flow Uec_22_150 flowId 151 uecSrc 150 finished at 478.831 total messages 1 total packets 495 RTS 5 total bytes 2002140 in_flight now 0 fair_inc 16431 prop_inc 109947 fast_inc 51000 eta_inc 20264 multi_dec -175984 quick_dec -0 nack_dec -0
Flow Uec_50_178 flowId 125 uecSrc 124 finished at 481.962 total messages 1 total packets 490 RTS 0 total bytes 2002140 in_flight now 0 fair_inc 29126 prop_inc 28941 fast_inc 0 eta_inc 22052 multi_dec -111466 quick_dec -0 nack_dec -66400
Flow Uec_112_240 flowId 111 uecSrc 110 finished at 488.766 total messages 1 total packets 490 RTS 0 total bytes 2002140 in_flight now 0 fair_inc 18143 prop_inc 40754 fast_inc 5051 eta_inc 21456 multi_dec -110006 quick_dec -0 nack_dec -78850
Flow Uec_224_96 flowId 126 uecSrc 125 finished at 493.525 total messages 1 total packets 490 RTS 0 total bytes 2002140 in_flight now 0 fair_inc 5006 prop_inc 68813 fast_inc 0 eta_inc 22648 multi_dec -72784 quick_dec -0 nack_dec -124500
Flow Uec_148_20 flowId 76 uecSrc 75 finished at 494.016 total messages 1 total packets 490 RTS 0 total bytes 2002140 in_flight now 0 fair_inc 17912 prop_inc 45081 fast_inc 0 eta_inc 22648 multi_dec -103154 quick_dec -0 nack_dec -87150
Flow Uec_73_201 flowId 55 uecSrc 54 finished at 494.734 total messages 1 total packets 490 RTS 0 total bytes 2002140 in_flight now 0 fair_inc 36199 prop_inc 38803 fast_inc 0 eta_inc 22648 multi_dec -116955 quick_dec -0 nack_dec -70550
Flow Uec_92_220 flowId 138 uecSrc 137 finished at 497.937 total messages 1 total packets 490 RTS 0 total bytes 2002140 in_flight now 0 fair_inc 21058 prop_inc 29257 fast_inc 0 eta_inc 23244 multi_dec -97545 quick_dec -0 nack_dec -87150
500.603 flowid 35 Spurious 392
Flow Uec_75_203 flowId 61 uecSrc 60 finished at 502.26 total messages 1 total packets 490 RTS 0 total bytes 2002140 in_flight now 0 fair_inc 16781 prop_inc 46330 fast_inc 0 eta_inc 22648 multi_dec -120593 quick_dec -0 nack_dec -74700
Flow Uec_91_219 flowId 78 uecSrc 77 finished at 503.042 total messages 1 total packets 490 RTS 0 total bytes 2002140 in_flight now 0 fair_inc 32029 prop_inc 31143 fast_inc 0 eta_inc 23244 multi_dec -116849 quick_dec -0 nack_dec -78850
503.839 flowid 35 Spurious 400
Flow Uec_76_204 flowId 136 uecSrc 135 finished at 506.928 total messages 1 total packets 490 RTS 0 total bytes 2002140 in_flight now 0 fair_inc 16773 prop_inc 48314 fast_inc 0 eta_inc 23840 multi_dec -92872 quick_dec -0 nack_dec -99600
Flow Uec_149_21 flowId 62 uecSrc 61 finished at 508.756 total messages 1 total packets 490 RTS 0 total bytes 2002140 in_flight now 0 fair_inc 7450 prop_inc 56395 fast_inc 0 eta_inc 23840 multi_dec -117275 quick_dec -0 nack_dec -70550
Flow Uec_180_52 flowId 147 uecSrc 146 finished at 509.687 total messages 1 total packets 490 RTS 0 total bytes 2002140 in_flight now 0 fair_inc 29448 prop_inc 49479 fast_inc 0 eta_inc 22052 multi_dec -77349 quick_dec -0 nack_dec -124500
Flow Uec_72_200 flowId 32 uecSrc 31 finished at 510.269 total messages 1 total packets 490 RTS 0 total bytes 2002140 in_flight now 0 fair_inc 16766 prop_inc 54729 fast_inc 0 eta_inc 23244 multi_dec -103379 quick_dec -0 nack_dec -91300
Flow Uec_115_243 flowId 118 uecSrc 117 finished at 510.705 total messages 1 total packets 490 RTS 0 total bytes 2002140 in_flight now 0 fair_inc 15757 prop_inc 49366 fast_inc 16651 eta_inc 22648 multi_dec -112735 quick_dec -0 nack_dec -91300
521.725 flowid 87 Spurious 34
Flow Uec_198_70 flowId 142 uecSrc 141 finished at 521.742 total messages 1 total packets 490 RTS 0 total bytes 2002140 in_flight now 0 fair_inc 30133 prop_inc 70187 fast_inc 0 eta_inc 22648 multi_dec -146452 quick_dec -0 nack_dec -74700
524.044 flowid 22 Spurious 490
524.204 flowid 22 Spurious 491
Flow Uec_197_69 flowId 22 uecSrc 21 finished at 529.23 total messages 1 total packets 492 RTS 2 total bytes 2002140 in_flight now 0 fair_inc 8313 prop_inc 15985 fast_inc 0 eta_inc 17284 multi_dec -99611 quick_dec -0 nack_dec -20750
Flow Uec_152_24 flowId 112 uecSrc 111 finished at 529.93 total messages 1 total packets 491 RTS 1 total bytes 2002140 in_flight now 0 fair_inc 9704 prop_inc 61309 fast_inc 78796 eta_inc 22052 multi_dec -125688 quick_dec -0 nack_dec -83000
Flow Uec_181_53 flowId 84 uecSrc 83 finished at 536.388 total messages 1 total packets 490 RTS 0 total bytes 2002140 in_flight now 0 fair_inc 21079 prop_inc 74084 fast_inc 0 eta_inc 21456 multi_dec -101360 quick_dec -0 nack_dec -112050
Flow Uec_52_180 flowId 46 uecSrc 45 finished at 538.345 total messages 1 total packets 490 RTS 0 total bytes 2002140 in_flight now 0 fair_inc 41751 prop_inc 59689 fast_inc 0 eta_inc 25032 multi_dec -98220 quick_dec -0 nack_dec -116200
548.608 flowid 103 Spurious 499
549.272 flowid 103 Spurious 500
552.272 flowid 103 Spurious 495
Flow Uec_143_15 flowId 108 uecSrc 107 finished at 569.202 total messages 1 total packets 490 RTS 0 total bytes 2002140 in_flight now 0 fair_inc 15606 prop_inc 56363 fast_inc 0 eta_inc 25628 multi_dec -0 quick_dec -18139 nack_dec -178450
Flow Uec_130_2 flowId 120 uecSrc 119 finished at 601.421 total messages 1 total packets 491 RTS 1 total bytes 2002140 in_flight now 0 fair_inc 36970 prop_inc 41375 fast_inc 0 eta_inc 26224 multi_dec -119373 quick_dec -0 nack_dec -103750
Flow Uec_208_80 flowId 24 uecSrc 23 finished at 610.525 total messages 1 total packets 490 RTS 0 total bytes 2002140 in_flight now 0 fair_inc 36369 prop_inc 16460 fast_inc 0 eta_inc 28608 multi_dec -114703 quick_dec -0 nack_dec -116200
Flow Uec_94_222 flowId 45 uecSrc 44 finished at 612.906 total messages 1 total packets 490 RTS 0 total bytes 2002140 in_flight now 0 fair_inc 46128 prop_inc 7481 fast_inc 0 eta_inc 26224 multi_dec -65501 quick_dec -0 nack_dec -141100
Flow Uec_2_130 flowId 103 uecSrc 102 finished at 613.122 total messages 1 total packets 506 RTS 16 total bytes 2002140 in_flight now -128 fair_inc 28989 prop_inc 75110 fast_inc 0 eta_inc 23244 multi_dec -56927 quick_dec -80777 nack_dec -4150
Flow Uec_4_132 flowId 35 uecSrc 34 finished at 620.273 total messages 1 total packets 504 RTS 14 total bytes 2002140 in_flight now -128 fair_inc 20872 prop_inc 102480 fast_inc 0 eta_inc 25032 multi_dec -144696 quick_dec -87922 nack_dec -8300
Flow Uec_0_128 flowId 13 uecSrc 12 finished at 622.422 total messages 1 total packets 499 RTS 9 total bytes 2002140 in_flight now -64 fair_inc 32428 prop_inc 86518 fast_inc 0 eta_inc 23840 multi_dec -133871 quick_dec -101973 nack_dec -4150
634.39 flowid 31 Spurious 458
634.722 flowid 31 Spurious 459
635.054 flowid 31 Spurious 460
635.386 flowid 31 Spurious 461
635.718 flowid 31 Spurious 462
636.05 flowid 31 Spurious 463
636.382 flowid 31 Spurious 464
Flow Uec_86_214 flowId 90 uecSrc 89 finished at 639.948 total messages 1 total packets 490 RTS 0 total bytes 2002140 in_flight now 0 fair_inc 26624 prop_inc 13413 fast_inc 0 eta_inc 27416 multi_dec -60647 quick_dec -0 nack_dec -141100
Flow Uec_221_93 flowId 123 uecSrc 122 finished at 644.389 total messages 1 total packets 490 RTS 0 total bytes 2002140 in_flight now 0 fair_inc 26279 prop_inc 25826 fast_inc 0 eta_inc 29204 multi_dec -80568 quick_dec -0 nack_dec -141100
Flow Uec_218_90 flowId 74 uecSrc 73 finished at 644.881 total messages 1 total packets 490 RTS 0 total bytes 2002140 in_flight now 0 fair_inc 58247 prop_inc 22299 fast_inc 0 eta_inc 26224 multi_dec -105168 quick_dec -0 nack_dec -124500
Flow Uec_13_141 flowId 10 uecSrc 9 finished at 653.503 total messages 1 total packets 505 RTS 15 total bytes 2002140 in_flight now -256 fair_inc 10129 prop_inc 85992 fast_inc 0 eta_inc 22648 multi_dec -44625 quick_dec -80564 nack_dec -4150
Flow Uec_239_111 flowId 144 uecSrc 143 finished at 662.876 total messages 1 total packets 490 RTS 0 total bytes 2002140 in_flight now 0 fair_inc 14910 prop_inc 14254 fast_inc 0 eta_inc 29800 multi_dec -88101 quick_dec -0 nack_dec -124500
Flow Uec_70_198 flowId 16 uecSrc 15 finished at 667.475 total messages 1 total packets 490 RTS 0 total bytes 2002140 in_flight now 0 fair_inc 21348 prop_inc 34302 fast_inc 0 eta_inc 29204 multi_dec -101849 quick_dec -0 nack_dec -112050
Flow Uec_77_205 flowId 49 uecSrc 48 finished at 668.3 total messages 1 total packets 490 RTS 0 total bytes 2002140 in_flight now 0 fair_inc 26624 prop_inc 29885 fast_inc 0 eta_inc 30396 multi_dec -79381 quick_dec -0 nack_dec -136950
Flow Uec_228_100 flowId 40 uecSrc 39 finished at 668.681 total messages 1 total packets 490 RTS 0 total bytes 2002140 in_flight now 0 fair_inc 22183 prop_inc 13648 fast_inc 0 eta_inc 30396 multi_dec -57786 quick_dec -0 nack_dec -161850
Flow Uec_150_22 flowId 5 uecSrc 4 finished at 671.245 total messages 1 total packets 491 RTS 1 total bytes 2002140 in_flight now 0 fair_inc 30921 prop_inc 7532 fast_inc 0 eta_inc 28608 multi_dec -72690 quick_dec -0 nack_dec -153550
Flow Uec_165_37 flowId 14 uecSrc 13 finished at 676.396 total messages 1 total packets 490 RTS 0 total bytes 2002140 in_flight now 0 fair_inc 24607 prop_inc 13526 fast_inc 0 eta_inc 30396 multi_dec -83454 quick_dec -0 nack_dec -116200
Flow Uec_209_81 flowId 59 uecSrc 58 finished at 687.147 total messages 1 total packets 490 RTS 0 total bytes 2002140 in_flight now 0 fair_inc 24686 prop_inc 35010 fast_inc 53018 eta_inc 26820 multi_dec -110230 quick_dec -0 nack_dec -116200
Flow Uec_9_137 flowId 58 uecSrc 57 finished at 715.399 total messages 1 total packets 511 RTS 21 total bytes 2002140 in_flight now -192 fair_inc 23612 prop_inc 89956 fast_inc 0 eta_inc 29800 multi_dec -97288 quick_dec -41237 nack_dec -24900
Flow Uec_216_88 flowId 23 uecSrc 22 finished at 715.973 total messages 1 total packets 490 RTS 0 total bytes 2002140 in_flight now 0 fair_inc 38489 prop_inc 14092 fast_inc 0 eta_inc 29204 multi_dec -96044 quick_dec -0 nack_dec -128650
717.034 flowid 87 Spurious 89
Flow Uec_238_110 flowId 134 uecSrc 133 finished at 718.175 total messages 1 total packets 490 RTS 0 total bytes 2002140 in_flight now 0 fair_inc 17142 prop_inc 42674 fast_inc 7070 eta_inc 32184 multi_dec -106592 quick_dec -0 nack_dec -124500
Flow Uec_233_105 flowId 68 uecSrc 67 finished at 722.491 total messages 1 total packets 490 RTS 0 total bytes 2002140 in_flight now 0 fair_inc 6825 prop_inc 45593 fast_inc 19191 eta_inc 28012 multi_dec -10895 quick_dec -13989 nack_dec -186750
Flow Uec_158_30 flowId 146 uecSrc 145 finished at 736.051 total messages 1 total packets 490 RTS 0 total bytes 2002140 in_flight now 0 fair_inc 32753 prop_inc 29896 fast_inc 0 eta_inc 24436 multi_dec -68868 quick_dec -0 nack_dec -157700
749.679 flowid 31 Spurious 493
Flow Uec_196_68 flowId 31 uecSrc 30 finished at 754.705 total messages 1 total packets 494 RTS 4 total bytes 2002140 in_flight now 0 fair_inc 7612 prop_inc 88934 fast_inc 34840 eta_inc 17880 multi_dec -129951 quick_dec --3554 nack_dec -16600
Flow Uec_128_0 flowId 60 uecSrc 59 finished at 761.537 total messages 1 total packets 490 RTS 0 total bytes 2002140 in_flight now 0 fair_inc 58875 prop_inc 109030 fast_inc 0 eta_inc 26224 multi_dec -174083 quick_dec -15403 nack_dec -87150
Flow Uec_200_72 flowId 44 uecSrc 43 finished at 761.618 total messages 1 total packets 490 RTS 0 total bytes 2002140 in_flight now 0 fair_inc 64743 prop_inc 20589 fast_inc 0 eta_inc 24436 multi_dec -93939 quick_dec -0 nack_dec -157700
Flow Uec_175_47 flowId 26 uecSrc 25 finished at 764.497 total messages 1 total packets 490 RTS 0 total bytes 2002140 in_flight now 0 fair_inc 26093 prop_inc 53458 fast_inc 13622 eta_inc 30992 multi_dec -58112 quick_dec -0 nack_dec -157700
Flow Uec_202_74 flowId 42 uecSrc 41 finished at 802.947 total messages 1 total packets 490 RTS 0 total bytes 2002140 in_flight now 0 fair_inc 50191 prop_inc 42441 fast_inc 0 eta_inc 33376 multi_dec -109911 quick_dec -0 nack_dec -149400
Flow Uec_215_87 flowId 91 uecSrc 90 finished at 812.972 total messages 1 total packets 490 RTS 0 total bytes 2002140 in_flight now 0 fair_inc 59004 prop_inc 43535 fast_inc 0 eta_inc 36952 multi_dec -149643 quick_dec -0 nack_dec -124500
831.634 flowid 87 Spurious 89
Flow Uec_174_46 flowId 65 uecSrc 64 finished at 858.61 total messages 1 total packets 490 RTS 0 total bytes 2002140 in_flight now 0 fair_inc 26657 prop_inc 48333 fast_inc 199506 eta_inc 30992 multi_dec -106053 quick_dec -1285 nack_dec -141100
Flow Uec_210_82 flowId 154 uecSrc 153 finished at 859.146 total messages 1 total packets 490 RTS 0 total bytes 2002140 in_flight now 0 fair_inc 32067 prop_inc 55649 fast_inc 53020 eta_inc 34568 multi_dec -81463 quick_dec -0 nack_dec -174300
965.887 flowid 87 Spurious 103
Flow Uec_8_136 flowId 137 uecSrc 136 finished at 1012.79 total messages 1 total packets 508 RTS 18 total bytes 2002140 in_flight now -64 fair_inc 9704 prop_inc 131196 fast_inc 0 eta_inc 33376 multi_dec -0 quick_dec -23961 nack_dec -29050
1244.51 flowid 87 Spurious 469
1244.84 flowid 87 Spurious 470
1245.17 flowid 87 Spurious 471
1245.5 flowid 87 Spurious 472
1245.84 flowid 87 Spurious 473
1246.17 flowid 87 Spurious 474
1246.5 flowid 87 Spurious 475
1246.83 flowid 87 Spurious 476
1247.16 flowid 87 Spurious 477
1247.5 flowid 87 Spurious 478
1247.83 flowid 87 Spurious 479
1248.16 flowid 87 Spurious 480
1248.49 flowid 87 Spurious 481
1248.82 flowid 87 Spurious 482
1249.16 flowid 87 Spurious 483
1249.49 flowid 87 Spurious 484
1249.82 flowid 87 Spurious 485
1250.15 flowid 87 Spurious 486
1250.48 flowid 87 Spurious 487
1250.82 flowid 87 Spurious 488
1251.15 flowid 87 Spurious 489
1251.48 flowid 87 Spurious 490
1251.81 flowid 87 Spurious 491
1251.97 flowid 87 Spurious 492
Flow Uec_191_63 flowId 87 uecSrc 86 finished at 1252.69 total messages 1 total packets 493 RTS 3 total bytes 2002140 in_flight now 0 fair_inc 0 prop_inc 114333 fast_inc 0 eta_inc 13708 multi_dec -0 quick_dec -162197 nack_dec -37350
15132 flowid 64 Spurious 169
21171.7 flowid 64 Spurious 242
24916.5 flowid 64 Spurious 274
43522.6 flowid 64 Spurious 506
44395.7 flowid 6 Spurious 302
44775.8 flowid 64 Spurious 528
Flow Uec_65_193 flowId 64 uecSrc 63 finished at 49301.9 total messages 1 total packets 618 RTS 128 total bytes 2002140 in_flight now -6080 fair_inc 4972 prop_inc 731100 fast_inc 2020 eta_inc 241976 multi_dec -0 quick_dec -180427 nack_dec -8300
.52246.4 flowid 121 Spurious 472
55819.2 flowid 121 Spurious 522
56766.3 flowid 121 Spurious 540
58508.6 flowid 121 Spurious 549
60603.8 flowid 121 Spurious 583
Flow Uec_63_191 flowId 121 uecSrc 120 finished at 63945.5 total messages 1 total packets 628 RTS 138 total bytes 2002140 in_flight now -6016 fair_inc 388 prop_inc 682655 fast_inc 0 eta_inc 256280 multi_dec -0 quick_dec -200532 nack_dec -8300
70871.2 flowid 6 Spurious 551
Flow Uec_67_195 flowId 6 uecSrc 5 finished at 76066.3 total messages 1 total packets 617 RTS 127 total bytes 2002140 in_flight now -5696 fair_inc 0 prop_inc 865821 fast_inc 2020 eta_inc 237804 multi_dec -0 quick_dec -204105 nack_dec -4150
Done
New: 75460 Rtx: 6835 RTS: 606 Bounced: 0 ACKs: 56154 NACKs: 2000 Pulls: 0 sleek_pkts: 0
