traffic matrix input file: connection_matrices/load_sweep/load0.85_n256_seed2.cm
Load balancing algorithm set to reps
no_of_nodes 256
Dragonfly+ strategy: FPAR
Setting queuesize to 50 packets
endtime(us) 100000
random seed 2
Packet size (MTU) is 4150
Parsed args
Logging to reps_dfp_results/reps_withoutnorm256/load0.85_reps_seed2.dat
Loading connection matrix from connection_matrices/load_sweep/load0.85_n256_seed2.cm
Nodes: 256 Connections: 218 Triggers: 0 Failures: 0
Setting ECN low 33200 high 120350
Dragonfly+ with medium topology type
Link latencies: 1 and switch latencies: 0
queue_id 2 ecn_low 33200 ecn_high 120350
DragonFly+ constructor done, 392 nodes created
Note: topology supports 392 hosts; 136 host port(s) will be unused.
network_max_unloaded_rtt 11.6856 us
Setting min RTO to 114.6
Per-hop RTT normalization: OFF (strategy fpar)
Initializing static NSCC parameters: _reference_network_linkspeed=100000000000 _reference_network_rtt=12000000 _reference_network_bdp=150000 _target_Qdelay=8764200 _network_linkspeed=100000000000 _network_rtt=11685600 _network_bdp=146070 _qa_gate=2^3 _qa_threshold=3.50568e+07 _scaling_factor_a=0.9738 _scaling_factor_b=0.73035 _alpha=0.00132632 _fi=19894.7 _eta=596.842 _qa_scaling=1 _gamma=0.8 _fi_scale=0.24345 _delay_alpha=0.0125 _adjust_period_threshold=11685600 _adjust_bytes_threshold=33200
Initialize per-instance NSCC parameters: flowid 1 _base_rtt=11685600 _base_bdp=146070 _bdp=146070 _min_cwnd=4150 _maxwnd=219105 _cwnd=219105
Initialize per-instance NSCC parameters: flowid 2 _base_rtt=11685600 _base_bdp=146070 _bdp=146070 _min_cwnd=4150 _maxwnd=219105 _cwnd=219105
Initialize per-instance NSCC parameters: flowid 3 _base_rtt=11685600 _base_bdp=146070 _bdp=146070 _min_cwnd=4150 _maxwnd=219105 _cwnd=219105
Initialize per-instance NSCC parameters: flowid 4 _base_rtt=11685600 _base_bdp=146070 _bdp=146070 _min_cwnd=4150 _maxwnd=219105 _cwnd=219105
Initialize per-instance NSCC parameters: flowid 5 _base_rtt=11685600 _base_bdp=146070 _bdp=146070 _min_cwnd=4150 _maxwnd=219105 _cwnd=219105
Initialize per-instance NSCC parameters: flowid 6 _base_rtt=11685600 _base_bdp=146070 _bdp=146070 _min_cwnd=4150 _maxwnd=219105 _cwnd=219105
Initialize per-instance NSCC parameters: flowid 7 _base_rtt=11685600 _base_bdp=146070 _bdp=146070 _min_cwnd=4150 _maxwnd=219105 _cwnd=219105
Initialize per-instance NSCC parameters: flowid 8 _base_rtt=11685600 _base_bdp=146070 _bdp=146070 _min_cwnd=4150 _maxwnd=219105 _cwnd=219105
Initialize per-instance NSCC parameters: flowid 9 _base_rtt=11685600 _base_bdp=146070 _bdp=146070 _min_cwnd=4150 _maxwnd=219105 _cwnd=219105
Initialize per-instance NSCC parameters: flowid 10 _base_rtt=11685600 _base_bdp=146070 _bdp=146070 _min_cwnd=4150 _maxwnd=219105 _cwnd=219105
Initialize per-instance NSCC parameters: flowid 11 _base_rtt=11685600 _base_bdp=146070 _bdp=146070 _min_cwnd=4150 _maxwnd=219105 _cwnd=219105
Initialize per-instance NSCC parameters: flowid 12 _base_rtt=11685600 _base_bdp=146070 _bdp=146070 _min_cwnd=4150 _maxwnd=219105 _cwnd=219105
Initialize per-instance NSCC parameters: flowid 13 _base_rtt=11685600 _base_bdp=146070 _bdp=146070 _min_cwnd=4150 _maxwnd=219105 _cwnd=219105
Initialize per-instance NSCC parameters: flowid 14 _base_rtt=11685600 _base_bdp=146070 _bdp=146070 _min_cwnd=4150 _maxwnd=219105 _cwnd=219105
Initialize per-instance NSCC parameters: flowid 15 _base_rtt=11685600 _base_bdp=146070 _bdp=146070 _min_cwnd=4150 _maxwnd=219105 _cwnd=219105
Initialize per-instance NSCC parameters: flowid 16 _base_rtt=11685600 _base_bdp=146070 _bdp=146070 _min_cwnd=4150 _maxwnd=219105 _cwnd=219105
Initialize per-instance NSCC parameters: flowid 17 _base_rtt=11685600 _base_bdp=146070 _bdp=146070 _min_cwnd=4150 _maxwnd=219105 _cwnd=219105
Initialize per-instance NSCC parameters: flowid 18 _base_rtt=11685600 _base_bdp=146070 _bdp=146070 _min_cwnd=4150 _maxwnd=219105 _cwnd=219105
Initialize per-instance NSCC parameters: flowid 19 _base_rtt=11685600 _base_bdp=146070 _bdp=146070 _min_cwnd=4150 _maxwnd=219105 _cwnd=219105
Initialize per-instance NSCC parameters: flowid 20 _base_rtt=11685600 _base_bdp=146070 _bdp=146070 _min_cwnd=4150 _maxwnd=219105 _cwnd=219105
Initialize per-instance NSCC parameters: flowid 21 _base_rtt=11685600 _base_bdp=146070 _bdp=146070 _min_cwnd=4150 _maxwnd=219105 _cwnd=219105
Initialize per-instance NSCC parameters: flowid 22 _base_rtt=11685600 _base_bdp=146070 _bdp=146070 _min_cwnd=4150 _maxwnd=219105 _cwnd=219105
Initialize per-instance NSCC parameters: flowid 23 _base_rtt=11685600 _base_bdp=146070 _bdp=146070 _min_cwnd=4150 _maxwnd=219105 _cwnd=219105
Initialize per-instance NSCC parameters: flowid 24 _base_rtt=11685600 _base_bdp=146070 _bdp=146070 _min_cwnd=4150 _maxwnd=219105 _cwnd=219105
Initialize per-instance NSCC parameters: flowid 25 _base_rtt=11685600 _base_bdp=146070 _bdp=146070 _min_cwnd=4150 _maxwnd=219105 _cwnd=219105
Initialize per-instance NSCC parameters: flowid 26 _base_rtt=11685600 _base_bdp=146070 _bdp=146070 _min_cwnd=4150 _maxwnd=219105 _cwnd=219105
Initialize per-instance NSCC parameters: flowid 27 _base_rtt=11685600 _base_bdp=146070 _bdp=146070 _min_cwnd=4150 _maxwnd=219105 _cwnd=219105
Initialize per-instance NSCC parameters: flowid 28 _base_rtt=11685600 _base_bdp=146070 _bdp=146070 _min_cwnd=4150 _maxwnd=219105 _cwnd=219105
Initialize per-instance NSCC parameters: flowid 29 _base_rtt=11685600 _base_bdp=146070 _bdp=146070 _min_cwnd=4150 _maxwnd=219105 _cwnd=219105
Initialize per-instance NSCC parameters: flowid 30 _base_rtt=11685600 _base_bdp=146070 _bdp=146070 _min_cwnd=4150 _maxwnd=219105 _cwnd=219105
Initialize per-instance NSCC parameters: flowid 31 _base_rtt=11685600 _base_bdp=146070 _bdp=146070 _min_cwnd=4150 _maxwnd=219105 _cwnd=219105
Initialize per-instance NSCC parameters: flowid 32 _base_rtt=11685600 _base_bdp=146070 _bdp=146070 _min_cwnd=4150 _maxwnd=219105 _cwnd=219105
Initialize per-instance NSCC parameters: flowid 33 _base_rtt=11685600 _base_bdp=146070 _bdp=146070 _min_cwnd=4150 _maxwnd=219105 _cwnd=219105
Initialize per-instance NSCC parameters: flowid 34 _base_rtt=11685600 _base_bdp=146070 _bdp=146070 _min_cwnd=4150 _maxwnd=219105 _cwnd=219105
Initialize per-instance NSCC parameters: flowid 35 _base_rtt=11685600 _base_bdp=146070 _bdp=146070 _min_cwnd=4150 _maxwnd=219105 _cwnd=219105
Initialize per-instance NSCC parameters: flowid 36 _base_rtt=11685600 _base_bdp=146070 _bdp=146070 _min_cwnd=4150 _maxwnd=219105 _cwnd=219105
Initialize per-instance NSCC parameters: flowid 37 _base_rtt=11685600 _base_bdp=146070 _bdp=146070 _min_cwnd=4150 _maxwnd=219105 _cwnd=219105
Initialize per-instance NSCC parameters: flowid 38 _base_rtt=11685600 _base_bdp=146070 _bdp=146070 _min_cwnd=4150 _maxwnd=219105 _cwnd=219105
Initialize per-instance NSCC parameters: flowid 39 _base_rtt=11685600 _base_bdp=146070 _bdp=146070 _min_cwnd=4150 _maxwnd=219105 _cwnd=219105
Initialize per-instance NSCC parameters: flowid 40 _base_rtt=11685600 _base_bdp=146070 _bdp=146070 _min_cwnd=4150 _maxwnd=219105 _cwnd=219105
Initialize per-instance NSCC parameters: flowid 41 _base_rtt=11685600 _base_bdp=146070 _bdp=146070 _min_cwnd=4150 _maxwnd=219105 _cwnd=219105
Initialize per-instance NSCC parameters: flowid 42 _base_rtt=11685600 _base_bdp=146070 _bdp=146070 _min_cwnd=4150 _maxwnd=219105 _cwnd=219105
Initialize per-instance NSCC parameters: flowid 43 _base_rtt=11685600 _base_bdp=146070 _bdp=146070 _min_cwnd=4150 _maxwnd=219105 _cwnd=219105
Initialize per-instance NSCC parameters: flowid 44 _base_rtt=11685600 _base_bdp=146070 _bdp=146070 _min_cwnd=4150 _maxwnd=219105 _cwnd=219105
Initialize per-instance NSCC parameters: flowid 45 _base_rtt=11685600 _base_bdp=146070 _bdp=146070 _min_cwnd=4150 _maxwnd=219105 _cwnd=219105
Initialize per-instance NSCC parameters: flowid 46 _base_rtt=11685600 _base_bdp=146070 _bdp=146070 _min_cwnd=4150 _maxwnd=219105 _cwnd=219105
Initialize per-instance NSCC parameters: flowid 47 _base_rtt=11685600 _base_bdp=146070 _bdp=146070 _min_cwnd=4150 _maxwnd=219105 _cwnd=219105
Initialize per-instance NSCC parameters: flowid 48 _base_rtt=11685600 _base_bdp=146070 _bdp=146070 _min_cwnd=4150 _maxwnd=219105 _cwnd=219105
Initialize per-instance NSCC parameters: flowid 49 _base_rtt=11685600 _base_bdp=146070 _bdp=146070 _min_cwnd=4150 _maxwnd=219105 _cwnd=219105
Initialize per-instance NSCC parameters: flowid 50 _base_rtt=11685600 _base_bdp=146070 _bdp=146070 _min_cwnd=4150 _maxwnd=219105 _cwnd=219105
Initialize per-instance NSCC parameters: flowid 51 _base_rtt=11685600 _base_bdp=146070 _bdp=146070 _min_cwnd=4150 _maxwnd=219105 _cwnd=219105
Initialize per-instance NSCC parameters: flowid 52 _base_rtt=11685600 _base_bdp=146070 _bdp=146070 _min_cwnd=4150 _maxwnd=219105 _cwnd=219105
Initialize per-instance NSCC parameters: flowid 53 _base_rtt=11685600 _base_bdp=146070 _bdp=146070 _min_cwnd=4150 _maxwnd=219105 _cwnd=219105
Initialize per-instance NSCC parameters: flowid 54 _base_rtt=11685600 _base_bdp=146070 _bdp=146070 _min_cwnd=4150 _maxwnd=219105 _cwnd=219105
Initialize per-instance NSCC parameters: flowid 55 _base_rtt=11685600 _base_bdp=146070 _bdp=146070 _min_cwnd=4150 _maxwnd=219105 _cwnd=219105
Initialize per-instance NSCC parameters: flowid 56 _base_rtt=11685600 _base_bdp=146070 _bdp=146070 _min_cwnd=4150 _maxwnd=219105 _cwnd=219105
Initialize per-instance NSCC parameters: flowid 57 _base_rtt=11685600 _base_bdp=146070 _bdp=146070 _min_cwnd=4150 _maxwnd=219105 _cwnd=219105
Initialize per-instance NSCC parameters: flowid 58 _base_rtt=11685600 _base_bdp=146070 _bdp=146070 _min_cwnd=4150 _maxwnd=219105 _cwnd=219105
Initialize per-instance NSCC parameters: flowid 59 _base_rtt=11685600 _base_bdp=146070 _bdp=146070 _min_cwnd=4150 _maxwnd=219105 _cwnd=219105
Initialize per-instance NSCC parameters: flowid 60 _base_rtt=11685600 _base_bdp=146070 _bdp=146070 _min_cwnd=4150 _maxwnd=219105 _cwnd=219105
Initialize per-instance NSCC parameters: flowid 61 _base_rtt=11685600 _base_bdp=146070 _bdp=146070 _min_cwnd=4150 _maxwnd=219105 _cwnd=219105
Initialize per-instance NSCC parameters: flowid 62 _base_rtt=11685600 _base_bdp=146070 _bdp=146070 _min_cwnd=4150 _maxwnd=219105 _cwnd=219105
Initialize per-instance NSCC parameters: flowid 63 _base_rtt=11685600 _base_bdp=146070 _bdp=146070 _min_cwnd=4150 _maxwnd=219105 _cwnd=219105
Initialize per-instance NSCC parameters: flowid 64 _base_rtt=11685600 _base_bdp=146070 _bdp=146070 _min_cwnd=4150 _maxwnd=219105 _cwnd=219105
Initialize per-instance NSCC parameters: flowid 65 _base_rtt=11685600 _base_bdp=146070 _bdp=146070 _min_cwnd=4150 _maxwnd=219105 _cwnd=219105
Initialize per-instance NSCC parameters: flowid 66 _base_rtt=11685600 _base_bdp=146070 _bdp=146070 _min_cwnd=4150 _maxwnd=219105 _cwnd=219105
Initialize per-instance NSCC parameters: flowid 67 _base_rtt=11685600 _base_bdp=146070 _bdp=146070 _min_cwnd=4150 _maxwnd=219105 _cwnd=219105
Initialize per-instance NSCC parameters: flowid 68 _base_rtt=11685600 _base_bdp=146070 _bdp=146070 _min_cwnd=4150 _maxwnd=219105 _cwnd=219105
Initialize per-instance NSCC parameters: flowid 69 _base_rtt=11685600 _base_bdp=146070 _bdp=146070 _min_cwnd=4150 _maxwnd=219105 _cwnd=219105
Initialize per-instance NSCC parameters: flowid 70 _base_rtt=11685600 _base_bdp=146070 _bdp=146070 _min_cwnd=4150 _maxwnd=219105 _cwnd=219105
Initialize per-instance NSCC parameters: flowid 71 _base_rtt=11685600 _base_bdp=146070 _bdp=146070 _min_cwnd=4150 _maxwnd=219105 _cwnd=219105
Initialize per-instance NSCC parameters: flowid 72 _base_rtt=11685600 _base_bdp=146070 _bdp=146070 _min_cwnd=4150 _maxwnd=219105 _cwnd=219105
Initialize per-instance NSCC parameters: flowid 73 _base_rtt=11685600 _base_bdp=146070 _bdp=146070 _min_cwnd=4150 _maxwnd=219105 _cwnd=219105
Initialize per-instance NSCC parameters: flowid 74 _base_rtt=11685600 _base_bdp=146070 _bdp=146070 _min_cwnd=4150 _maxwnd=219105 _cwnd=219105
Initialize per-instance NSCC parameters: flowid 75 _base_rtt=11685600 _base_bdp=146070 _bdp=146070 _min_cwnd=4150 _maxwnd=219105 _cwnd=219105
Initialize per-instance NSCC parameters: flowid 76 _base_rtt=11685600 _base_bdp=146070 _bdp=146070 _min_cwnd=4150 _maxwnd=219105 _cwnd=219105
Initialize per-instance NSCC parameters: flowid 77 _base_rtt=11685600 _base_bdp=146070 _bdp=146070 _min_cwnd=4150 _maxwnd=219105 _cwnd=219105
Initialize per-instance NSCC parameters: flowid 78 _base_rtt=11685600 _base_bdp=146070 _bdp=146070 _min_cwnd=4150 _maxwnd=219105 _cwnd=219105
Initialize per-instance NSCC parameters: flowid 79 _base_rtt=11685600 _base_bdp=146070 _bdp=146070 _min_cwnd=4150 _maxwnd=219105 _cwnd=219105
Initialize per-instance NSCC parameters: flowid 80 _base_rtt=11685600 _base_bdp=146070 _bdp=146070 _min_cwnd=4150 _maxwnd=219105 _cwnd=219105
Initialize per-instance NSCC parameters: flowid 81 _base_rtt=11685600 _base_bdp=146070 _bdp=146070 _min_cwnd=4150 _maxwnd=219105 _cwnd=219105
Initialize per-instance NSCC parameters: flowid 82 _base_rtt=11685600 _base_bdp=146070 _bdp=146070 _min_cwnd=4150 _maxwnd=219105 _cwnd=219105
Initialize per-instance NSCC parameters: flowid 83 _base_rtt=11685600 _base_bdp=146070 _bdp=146070 _min_cwnd=4150 _maxwnd=219105 _cwnd=219105
Initialize per-instance NSCC parameters: flowid 84 _base_rtt=11685600 _base_bdp=146070 _bdp=146070 _min_cwnd=4150 _maxwnd=219105 _cwnd=219105
Initialize per-instance NSCC parameters: flowid 85 _base_rtt=11685600 _base_bdp=146070 _bdp=146070 _min_cwnd=4150 _maxwnd=219105 _cwnd=219105
Initialize per-instance NSCC parameters: flowid 86 _base_rtt=11685600 _base_bdp=146070 _bdp=146070 _min_cwnd=4150 _maxwnd=219105 _cwnd=219105
Initialize per-instance NSCC parameters: flowid 87 _base_rtt=11685600 _base_bdp=146070 _bdp=146070 _min_cwnd=4150 _maxwnd=219105 _cwnd=219105
Initialize per-instance NSCC parameters: flowid 88 _base_rtt=11685600 _base_bdp=146070 _bdp=146070 _min_cwnd=4150 _maxwnd=219105 _cwnd=219105
Initialize per-instance NSCC parameters: flowid 89 _base_rtt=11685600 _base_bdp=146070 _bdp=146070 _min_cwnd=4150 _maxwnd=219105 _cwnd=219105
Initialize per-instance NSCC parameters: flowid 90 _base_rtt=11685600 _base_bdp=146070 _bdp=146070 _min_cwnd=4150 _maxwnd=219105 _cwnd=219105
Initialize per-instance NSCC parameters: flowid 91 _base_rtt=11685600 _base_bdp=146070 _bdp=146070 _min_cwnd=4150 _maxwnd=219105 _cwnd=219105
Initialize per-instance NSCC parameters: flowid 92 _base_rtt=11685600 _base_bdp=146070 _bdp=146070 _min_cwnd=4150 _maxwnd=219105 _cwnd=219105
Initialize per-instance NSCC parameters: flowid 93 _base_rtt=11685600 _base_bdp=146070 _bdp=146070 _min_cwnd=4150 _maxwnd=219105 _cwnd=219105
Initialize per-instance NSCC parameters: flowid 94 _base_rtt=11685600 _base_bdp=146070 _bdp=146070 _min_cwnd=4150 _maxwnd=219105 _cwnd=219105
Initialize per-instance NSCC parameters: flowid 95 _base_rtt=11685600 _base_bdp=146070 _bdp=146070 _min_cwnd=4150 _maxwnd=219105 _cwnd=219105
Initialize per-instance NSCC parameters: flowid 96 _base_rtt=11685600 _base_bdp=146070 _bdp=146070 _min_cwnd=4150 _maxwnd=219105 _cwnd=219105
Initialize per-instance NSCC parameters: flowid 97 _base_rtt=11685600 _base_bdp=146070 _bdp=146070 _min_cwnd=4150 _maxwnd=219105 _cwnd=219105
Initialize per-instance NSCC parameters: flowid 98 _base_rtt=11685600 _base_bdp=146070 _bdp=146070 _min_cwnd=4150 _maxwnd=219105 _cwnd=219105
Initialize per-instance NSCC parameters: flowid 99 _base_rtt=11685600 _base_bdp=146070 _bdp=146070 _min_cwnd=4150 _maxwnd=219105 _cwnd=219105
Initialize per-instance NSCC parameters: flowid 100 _base_rtt=11685600 _base_bdp=146070 _bdp=146070 _min_cwnd=4150 _maxwnd=219105 _cwnd=219105
Initialize per-instance NSCC parameters: flowid 101 _base_rtt=11685600 _base_bdp=146070 _bdp=146070 _min_cwnd=4150 _maxwnd=219105 _cwnd=219105
Initialize per-instance NSCC parameters: flowid 102 _base_rtt=11685600 _base_bdp=146070 _bdp=146070 _min_cwnd=4150 _maxwnd=219105 _cwnd=219105
Initialize per-instance NSCC parameters: flowid 103 _base_rtt=11685600 _base_bdp=146070 _bdp=146070 _min_cwnd=4150 _maxwnd=219105 _cwnd=219105
Initialize per-instance NSCC parameters: flowid 104 _base_rtt=11685600 _base_bdp=146070 _bdp=146070 _min_cwnd=4150 _maxwnd=219105 _cwnd=219105
Initialize per-instance NSCC parameters: flowid 105 _base_rtt=11685600 _base_bdp=146070 _bdp=146070 _min_cwnd=4150 _maxwnd=219105 _cwnd=219105
Initialize per-instance NSCC parameters: flowid 106 _base_rtt=11685600 _base_bdp=146070 _bdp=146070 _min_cwnd=4150 _maxwnd=219105 _cwnd=219105
Initialize per-instance NSCC parameters: flowid 107 _base_rtt=11685600 _base_bdp=146070 _bdp=146070 _min_cwnd=4150 _maxwnd=219105 _cwnd=219105
Initialize per-instance NSCC parameters: flowid 108 _base_rtt=11685600 _base_bdp=146070 _bdp=146070 _min_cwnd=4150 _maxwnd=219105 _cwnd=219105
Initialize per-instance NSCC parameters: flowid 109 _base_rtt=11685600 _base_bdp=146070 _bdp=146070 _min_cwnd=4150 _maxwnd=219105 _cwnd=219105
Initialize per-instance NSCC parameters: flowid 110 _base_rtt=11685600 _base_bdp=146070 _bdp=146070 _min_cwnd=4150 _maxwnd=219105 _cwnd=219105
Initialize per-instance NSCC parameters: flowid 111 _base_rtt=11685600 _base_bdp=146070 _bdp=146070 _min_cwnd=4150 _maxwnd=219105 _cwnd=219105
Initialize per-instance NSCC parameters: flowid 112 _base_rtt=11685600 _base_bdp=146070 _bdp=146070 _min_cwnd=4150 _maxwnd=219105 _cwnd=219105
Initialize per-instance NSCC parameters: flowid 113 _base_rtt=11685600 _base_bdp=146070 _bdp=146070 _min_cwnd=4150 _maxwnd=219105 _cwnd=219105
Initialize per-instance NSCC parameters: flowid 114 _base_rtt=11685600 _base_bdp=146070 _bdp=146070 _min_cwnd=4150 _maxwnd=219105 _cwnd=219105
Initialize per-instance NSCC parameters: flowid 115 _base_rtt=11685600 _base_bdp=146070 _bdp=146070 _min_cwnd=4150 _maxwnd=219105 _cwnd=219105
Initialize per-instance NSCC parameters: flowid 116 _base_rtt=11685600 _base_bdp=146070 _bdp=146070 _min_cwnd=4150 _maxwnd=219105 _cwnd=219105
Initialize per-instance NSCC parameters: flowid 117 _base_rtt=11685600 _base_bdp=146070 _bdp=146070 _min_cwnd=4150 _maxwnd=219105 _cwnd=219105
Initialize per-instance NSCC parameters: flowid 118 _base_rtt=11685600 _base_bdp=146070 _bdp=146070 _min_cwnd=4150 _maxwnd=219105 _cwnd=219105
Initialize per-instance NSCC parameters: flowid 119 _base_rtt=11685600 _base_bdp=146070 _bdp=146070 _min_cwnd=4150 _maxwnd=219105 _cwnd=219105
Initialize per-instance NSCC parameters: flowid 120 _base_rtt=11685600 _base_bdp=146070 _bdp=146070 _min_cwnd=4150 _maxwnd=219105 _cwnd=219105
Initialize per-instance NSCC parameters: flowid 121 _base_rtt=11685600 _base_bdp=146070 _bdp=146070 _min_cwnd=4150 _maxwnd=219105 _cwnd=219105
Initialize per-instance NSCC parameters: flowid 122 _base_rtt=11685600 _base_bdp=146070 _bdp=146070 _min_cwnd=4150 _maxwnd=219105 _cwnd=219105
Initialize per-instance NSCC parameters: flowid 123 _base_rtt=11685600 _base_bdp=146070 _bdp=146070 _min_cwnd=4150 _maxwnd=219105 _cwnd=219105
Initialize per-instance NSCC parameters: flowid 124 _base_rtt=11685600 _base_bdp=146070 _bdp=146070 _min_cwnd=4150 _maxwnd=219105 _cwnd=219105
Initialize per-instance NSCC parameters: flowid 125 _base_rtt=11685600 _base_bdp=146070 _bdp=146070 _min_cwnd=4150 _maxwnd=219105 _cwnd=219105
Initialize per-instance NSCC parameters: flowid 126 _base_rtt=11685600 _base_bdp=146070 _bdp=146070 _min_cwnd=4150 _maxwnd=219105 _cwnd=219105
Initialize per-instance NSCC parameters: flowid 127 _base_rtt=11685600 _base_bdp=146070 _bdp=146070 _min_cwnd=4150 _maxwnd=219105 _cwnd=219105
Initialize per-instance NSCC parameters: flowid 128 _base_rtt=11685600 _base_bdp=146070 _bdp=146070 _min_cwnd=4150 _maxwnd=219105 _cwnd=219105
Initialize per-instance NSCC parameters: flowid 129 _base_rtt=11685600 _base_bdp=146070 _bdp=146070 _min_cwnd=4150 _maxwnd=219105 _cwnd=219105
Initialize per-instance NSCC parameters: flowid 130 _base_rtt=11685600 _base_bdp=146070 _bdp=146070 _min_cwnd=4150 _maxwnd=219105 _cwnd=219105
Initialize per-instance NSCC parameters: flowid 131 _base_rtt=11685600 _base_bdp=146070 _bdp=146070 _min_cwnd=4150 _maxwnd=219105 _cwnd=219105
Initialize per-instance NSCC parameters: flowid 132 _base_rtt=11685600 _base_bdp=146070 _bdp=146070 _min_cwnd=4150 _maxwnd=219105 _cwnd=219105
Initialize per-instance NSCC parameters: flowid 133 _base_rtt=11685600 _base_bdp=146070 _bdp=146070 _min_cwnd=4150 _maxwnd=219105 _cwnd=219105
Initialize per-instance NSCC parameters: flowid 134 _base_rtt=11685600 _base_bdp=146070 _bdp=146070 _min_cwnd=4150 _maxwnd=219105 _cwnd=219105
Initialize per-instance NSCC parameters: flowid 135 _base_rtt=11685600 _base_bdp=146070 _bdp=146070 _min_cwnd=4150 _maxwnd=219105 _cwnd=219105
Initialize per-instance NSCC parameters: flowid 136 _base_rtt=11685600 _base_bdp=146070 _bdp=146070 _min_cwnd=4150 _maxwnd=219105 _cwnd=219105
Initialize per-instance NSCC parameters: flowid 137 _base_rtt=11685600 _base_bdp=146070 _bdp=146070 _min_cwnd=4150 _maxwnd=219105 _cwnd=219105
Initialize per-instance NSCC parameters: flowid 138 _base_rtt=11685600 _base_bdp=146070 _bdp=146070 _min_cwnd=4150 _maxwnd=219105 _cwnd=219105
Initialize per-instance NSCC parameters: flowid 139 _base_rtt=11685600 _base_bdp=146070 _bdp=146070 _min_cwnd=4150 _maxwnd=219105 _cwnd=219105
Initialize per-instance NSCC parameters: flowid 140 _base_rtt=11685600 _base_bdp=146070 _bdp=146070 _min_cwnd=4150 _maxwnd=219105 _cwnd=219105
Initialize per-instance NSCC parameters: flowid 141 _base_rtt=11685600 _base_bdp=146070 _bdp=146070 _min_cwnd=4150 _maxwnd=219105 _cwnd=219105
Initialize per-instance NSCC parameters: flowid 142 _base_rtt=11685600 _base_bdp=146070 _bdp=146070 _min_cwnd=4150 _maxwnd=219105 _cwnd=219105
Initialize per-instance NSCC parameters: flowid 143 _base_rtt=11685600 _base_bdp=146070 _bdp=146070 _min_cwnd=4150 _maxwnd=219105 _cwnd=219105
Initialize per-instance NSCC parameters: flowid 144 _base_rtt=11685600 _base_bdp=146070 _bdp=146070 _min_cwnd=4150 _maxwnd=219105 _cwnd=219105
Initialize per-instance NSCC parameters: flowid 145 _base_rtt=11685600 _base_bdp=146070 _bdp=146070 _min_cwnd=4150 _maxwnd=219105 _cwnd=219105
Initialize per-instance NSCC parameters: flowid 146 _base_rtt=11685600 _base_bdp=146070 _bdp=146070 _min_cwnd=4150 _maxwnd=219105 _cwnd=219105
Initialize per-instance NSCC parameters: flowid 147 _base_rtt=11685600 _base_bdp=146070 _bdp=146070 _min_cwnd=4150 _maxwnd=219105 _cwnd=219105
Initialize per-instance NSCC parameters: flowid 148 _base_rtt=11685600 _base_bdp=146070 _bdp=146070 _min_cwnd=4150 _maxwnd=219105 _cwnd=219105
Initialize per-instance NSCC parameters: flowid 149 _base_rtt=11685600 _base_bdp=146070 _bdp=146070 _min_cwnd=4150 _maxwnd=219105 _cwnd=219105
Initialize per-instance NSCC parameters: flowid 150 _base_rtt=11685600 _base_bdp=146070 _bdp=146070 _min_cwnd=4150 _maxwnd=219105 _cwnd=219105
Initialize per-instance NSCC parameters: flowid 151 _base_rtt=11685600 _base_bdp=146070 _bdp=146070 _min_cwnd=4150 _maxwnd=219105 _cwnd=219105
Initialize per-instance NSCC parameters: flowid 152 _base_rtt=11685600 _base_bdp=146070 _bdp=146070 _min_cwnd=4150 _maxwnd=219105 _cwnd=219105
Initialize per-instance NSCC parameters: flowid 153 _base_rtt=11685600 _base_bdp=146070 _bdp=146070 _min_cwnd=4150 _maxwnd=219105 _cwnd=219105
Initialize per-instance NSCC parameters: flowid 154 _base_rtt=11685600 _base_bdp=146070 _bdp=146070 _min_cwnd=4150 _maxwnd=219105 _cwnd=219105
Initialize per-instance NSCC parameters: flowid 155 _base_rtt=11685600 _base_bdp=146070 _bdp=146070 _min_cwnd=4150 _maxwnd=219105 _cwnd=219105
Initialize per-instance NSCC parameters: flowid 156 _base_rtt=11685600 _base_bdp=146070 _bdp=146070 _min_cwnd=4150 _maxwnd=219105 _cwnd=219105
Initialize per-instance NSCC parameters: flowid 157 _base_rtt=11685600 _base_bdp=146070 _bdp=146070 _min_cwnd=4150 _maxwnd=219105 _cwnd=219105
Initialize per-instance NSCC parameters: flowid 158 _base_rtt=11685600 _base_bdp=146070 _bdp=146070 _min_cwnd=4150 _maxwnd=219105 _cwnd=219105
Initialize per-instance NSCC parameters: flowid 159 _base_rtt=11685600 _base_bdp=146070 _bdp=146070 _min_cwnd=4150 _maxwnd=219105 _cwnd=219105
Initialize per-instance NSCC parameters: flowid 160 _base_rtt=11685600 _base_bdp=146070 _bdp=146070 _min_cwnd=4150 _maxwnd=219105 _cwnd=219105
Initialize per-instance NSCC parameters: flowid 161 _base_rtt=11685600 _base_bdp=146070 _bdp=146070 _min_cwnd=4150 _maxwnd=219105 _cwnd=219105
Initialize per-instance NSCC parameters: flowid 162 _base_rtt=11685600 _base_bdp=146070 _bdp=146070 _min_cwnd=4150 _maxwnd=219105 _cwnd=219105
Initialize per-instance NSCC parameters: flowid 163 _base_rtt=11685600 _base_bdp=146070 _bdp=146070 _min_cwnd=4150 _maxwnd=219105 _cwnd=219105
Initialize per-instance NSCC parameters: flowid 164 _base_rtt=11685600 _base_bdp=146070 _bdp=146070 _min_cwnd=4150 _maxwnd=219105 _cwnd=219105
Initialize per-instance NSCC parameters: flowid 165 _base_rtt=11685600 _base_bdp=146070 _bdp=146070 _min_cwnd=4150 _maxwnd=219105 _cwnd=219105
Initialize per-instance NSCC parameters: flowid 166 _base_rtt=11685600 _base_bdp=146070 _bdp=146070 _min_cwnd=4150 _maxwnd=219105 _cwnd=219105
Initialize per-instance NSCC parameters: flowid 167 _base_rtt=11685600 _base_bdp=146070 _bdp=146070 _min_cwnd=4150 _maxwnd=219105 _cwnd=219105
Initialize per-instance NSCC parameters: flowid 168 _base_rtt=11685600 _base_bdp=146070 _bdp=146070 _min_cwnd=4150 _maxwnd=219105 _cwnd=219105
Initialize per-instance NSCC parameters: flowid 169 _base_rtt=11685600 _base_bdp=146070 _bdp=146070 _min_cwnd=4150 _maxwnd=219105 _cwnd=219105
Initialize per-instance NSCC parameters: flowid 170 _base_rtt=11685600 _base_bdp=146070 _bdp=146070 _min_cwnd=4150 _maxwnd=219105 _cwnd=219105
Initialize per-instance NSCC parameters: flowid 171 _base_rtt=11685600 _base_bdp=146070 _bdp=146070 _min_cwnd=4150 _maxwnd=219105 _cwnd=219105
Initialize per-instance NSCC parameters: flowid 172 _base_rtt=11685600 _base_bdp=146070 _bdp=146070 _min_cwnd=4150 _maxwnd=219105 _cwnd=219105
Initialize per-instance NSCC parameters: flowid 173 _base_rtt=11685600 _base_bdp=146070 _bdp=146070 _min_cwnd=4150 _maxwnd=219105 _cwnd=219105
Initialize per-instance NSCC parameters: flowid 174 _base_rtt=11685600 _base_bdp=146070 _bdp=146070 _min_cwnd=4150 _maxwnd=219105 _cwnd=219105
Initialize per-instance NSCC parameters: flowid 175 _base_rtt=11685600 _base_bdp=146070 _bdp=146070 _min_cwnd=4150 _maxwnd=219105 _cwnd=219105
Initialize per-instance NSCC parameters: flowid 176 _base_rtt=11685600 _base_bdp=146070 _bdp=146070 _min_cwnd=4150 _maxwnd=219105 _cwnd=219105
Initialize per-instance NSCC parameters: flowid 177 _base_rtt=11685600 _base_bdp=146070 _bdp=146070 _min_cwnd=4150 _maxwnd=219105 _cwnd=219105
Initialize per-instance NSCC parameters: flowid 178 _base_rtt=11685600 _base_bdp=146070 _bdp=146070 _min_cwnd=4150 _maxwnd=219105 _cwnd=219105
Initialize per-instance NSCC parameters: flowid 179 _base_rtt=11685600 _base_bdp=146070 _bdp=146070 _min_cwnd=4150 _maxwnd=219105 _cwnd=219105
Initialize per-instance NSCC parameters: flowid 180 _base_rtt=11685600 _base_bdp=146070 _bdp=146070 _min_cwnd=4150 _maxwnd=219105 _cwnd=219105
Initialize per-instance NSCC parameters: flowid 181 _base_rtt=11685600 _base_bdp=146070 _bdp=146070 _min_cwnd=4150 _maxwnd=219105 _cwnd=219105
Initialize per-instance NSCC parameters: flowid 182 _base_rtt=11685600 _base_bdp=146070 _bdp=146070 _min_cwnd=4150 _maxwnd=219105 _cwnd=219105
Initialize per-instance NSCC parameters: flowid 183 _base_rtt=11685600 _base_bdp=146070 _bdp=146070 _min_cwnd=4150 _maxwnd=219105 _cwnd=219105
Initialize per-instance NSCC parameters: flowid 184 _base_rtt=11685600 _base_bdp=146070 _bdp=146070 _min_cwnd=4150 _maxwnd=219105 _cwnd=219105
Initialize per-instance NSCC parameters: flowid 185 _base_rtt=11685600 _base_bdp=146070 _bdp=146070 _min_cwnd=4150 _maxwnd=219105 _cwnd=219105
Initialize per-instance NSCC parameters: flowid 186 _base_rtt=11685600 _base_bdp=146070 _bdp=146070 _min_cwnd=4150 _maxwnd=219105 _cwnd=219105
Initialize per-instance NSCC parameters: flowid 187 _base_rtt=11685600 _base_bdp=146070 _bdp=146070 _min_cwnd=4150 _maxwnd=219105 _cwnd=219105
Initialize per-instance NSCC parameters: flowid 188 _base_rtt=11685600 _base_bdp=146070 _bdp=146070 _min_cwnd=4150 _maxwnd=219105 _cwnd=219105
Initialize per-instance NSCC parameters: flowid 189 _base_rtt=11685600 _base_bdp=146070 _bdp=146070 _min_cwnd=4150 _maxwnd=219105 _cwnd=219105
Initialize per-instance NSCC parameters: flowid 190 _base_rtt=11685600 _base_bdp=146070 _bdp=146070 _min_cwnd=4150 _maxwnd=219105 _cwnd=219105
Initialize per-instance NSCC parameters: flowid 191 _base_rtt=11685600 _base_bdp=146070 _bdp=146070 _min_cwnd=4150 _maxwnd=219105 _cwnd=219105
Initialize per-instance NSCC parameters: flowid 192 _base_rtt=11685600 _base_bdp=146070 _bdp=146070 _min_cwnd=4150 _maxwnd=219105 _cwnd=219105
Initialize per-instance NSCC parameters: flowid 193 _base_rtt=11685600 _base_bdp=146070 _bdp=146070 _min_cwnd=4150 _maxwnd=219105 _cwnd=219105
Initialize per-instance NSCC parameters: flowid 194 _base_rtt=11685600 _base_bdp=146070 _bdp=146070 _min_cwnd=4150 _maxwnd=219105 _cwnd=219105
Initialize per-instance NSCC parameters: flowid 195 _base_rtt=11685600 _base_bdp=146070 _bdp=146070 _min_cwnd=4150 _maxwnd=219105 _cwnd=219105
Initialize per-instance NSCC parameters: flowid 196 _base_rtt=11685600 _base_bdp=146070 _bdp=146070 _min_cwnd=4150 _maxwnd=219105 _cwnd=219105
Initialize per-instance NSCC parameters: flowid 197 _base_rtt=11685600 _base_bdp=146070 _bdp=146070 _min_cwnd=4150 _maxwnd=219105 _cwnd=219105
Initialize per-instance NSCC parameters: flowid 198 _base_rtt=11685600 _base_bdp=146070 _bdp=146070 _min_cwnd=4150 _maxwnd=219105 _cwnd=219105
Initialize per-instance NSCC parameters: flowid 199 _base_rtt=11685600 _base_bdp=146070 _bdp=146070 _min_cwnd=4150 _maxwnd=219105 _cwnd=219105
Initialize per-instance NSCC parameters: flowid 200 _base_rtt=11685600 _base_bdp=146070 _bdp=146070 _min_cwnd=4150 _maxwnd=219105 _cwnd=219105
Initialize per-instance NSCC parameters: flowid 201 _base_rtt=11685600 _base_bdp=146070 _bdp=146070 _min_cwnd=4150 _maxwnd=219105 _cwnd=219105
Initialize per-instance NSCC parameters: flowid 202 _base_rtt=11685600 _base_bdp=146070 _bdp=146070 _min_cwnd=4150 _maxwnd=219105 _cwnd=219105
Initialize per-instance NSCC parameters: flowid 203 _base_rtt=11685600 _base_bdp=146070 _bdp=146070 _min_cwnd=4150 _maxwnd=219105 _cwnd=219105
Initialize per-instance NSCC parameters: flowid 204 _base_rtt=11685600 _base_bdp=146070 _bdp=146070 _min_cwnd=4150 _maxwnd=219105 _cwnd=219105
Initialize per-instance NSCC parameters: flowid 205 _base_rtt=11685600 _base_bdp=146070 _bdp=146070 _min_cwnd=4150 _maxwnd=219105 _cwnd=219105
Initialize per-instance NSCC parameters: flowid 206 _base_rtt=11685600 _base_bdp=146070 _bdp=146070 _min_cwnd=4150 _maxwnd=219105 _cwnd=219105
Initialize per-instance NSCC parameters: flowid 207 _base_rtt=11685600 _base_bdp=146070 _bdp=146070 _min_cwnd=4150 _maxwnd=219105 _cwnd=219105
Initialize per-instance NSCC parameters: flowid 208 _base_rtt=11685600 _base_bdp=146070 _bdp=146070 _min_cwnd=4150 _maxwnd=219105 _cwnd=219105
Initialize per-instance NSCC parameters: flowid 209 _base_rtt=11685600 _base_bdp=146070 _bdp=146070 _min_cwnd=4150 _maxwnd=219105 _cwnd=219105
Initialize per-instance NSCC parameters: flowid 210 _base_rtt=11685600 _base_bdp=146070 _bdp=146070 _min_cwnd=4150 _maxwnd=219105 _cwnd=219105
Initialize per-instance NSCC parameters: flowid 211 _base_rtt=11685600 _base_bdp=146070 _bdp=146070 _min_cwnd=4150 _maxwnd=219105 _cwnd=219105
Initialize per-instance NSCC parameters: flowid 212 _base_rtt=11685600 _base_bdp=146070 _bdp=146070 _min_cwnd=4150 _maxwnd=219105 _cwnd=219105
Initialize per-instance NSCC parameters: flowid 213 _base_rtt=11685600 _base_bdp=146070 _bdp=146070 _min_cwnd=4150 _maxwnd=219105 _cwnd=219105
Initialize per-instance NSCC parameters: flowid 214 _base_rtt=11685600 _base_bdp=146070 _bdp=146070 _min_cwnd=4150 _maxwnd=219105 _cwnd=219105
Initialize per-instance NSCC parameters: flowid 215 _base_rtt=11685600 _base_bdp=146070 _bdp=146070 _min_cwnd=4150 _maxwnd=219105 _cwnd=219105
Initialize per-instance NSCC parameters: flowid 216 _base_rtt=11685600 _base_bdp=146070 _bdp=146070 _min_cwnd=4150 _maxwnd=219105 _cwnd=219105
Initialize per-instance NSCC parameters: flowid 217 _base_rtt=11685600 _base_bdp=146070 _bdp=146070 _min_cwnd=4150 _maxwnd=219105 _cwnd=219105
Initialize per-instance NSCC parameters: flowid 218 _base_rtt=11685600 _base_bdp=146070 _bdp=146070 _min_cwnd=4150 _maxwnd=219105 _cwnd=219105
Starting simulation
Flow Uec_100_228 flowId 1 uecSrc 0 starting at 0
Flow Uec_144_16 flowId 2 uecSrc 1 starting at 0
Flow Uec_248_120 flowId 3 uecSrc 2 starting at 0
Flow Uec_26_154 flowId 4 uecSrc 3 starting at 0
Flow Uec_109_237 flowId 5 uecSrc 4 starting at 0
Flow Uec_128_0 flowId 6 uecSrc 5 starting at 0
Flow Uec_135_7 flowId 7 uecSrc 6 starting at 0
Flow Uec_130_2 flowId 8 uecSrc 7 starting at 0
Flow Uec_229_101 flowId 9 uecSrc 8 starting at 0
Flow Uec_61_189 flowId 10 uecSrc 9 starting at 0
Flow Uec_102_230 flowId 11 uecSrc 10 starting at 0
Flow Uec_252_124 flowId 12 uecSrc 11 starting at 0
Flow Uec_95_223 flowId 13 uecSrc 12 starting at 0
Flow Uec_197_69 flowId 14 uecSrc 13 starting at 0
Flow Uec_170_42 flowId 15 uecSrc 14 starting at 0
Flow Uec_235_107 flowId 16 uecSrc 15 starting at 0
Flow Uec_22_150 flowId 17 uecSrc 16 starting at 0
Flow Uec_148_20 flowId 18 uecSrc 17 starting at 0
Flow Uec_114_242 flowId 19 uecSrc 18 starting at 0
Flow Uec_1_129 flowId 20 uecSrc 19 starting at 0
Flow Uec_91_219 flowId 21 uecSrc 20 starting at 0
Flow Uec_74_202 flowId 22 uecSrc 21 starting at 0
Flow Uec_209_81 flowId 23 uecSrc 22 starting at 0
Flow Uec_20_148 flowId 24 uecSrc 23 starting at 0
Flow Uec_202_74 flowId 25 uecSrc 24 starting at 0
Flow Uec_4_132 flowId 26 uecSrc 25 starting at 0
Flow Uec_84_212 flowId 27 uecSrc 26 starting at 0
Flow Uec_237_109 flowId 28 uecSrc 27 starting at 0
Flow Uec_189_61 flowId 29 uecSrc 28 starting at 0
Flow Uec_110_238 flowId 30 uecSrc 29 starting at 0
Flow Uec_212_84 flowId 31 uecSrc 30 starting at 0
Flow Uec_232_104 flowId 32 uecSrc 31 starting at 0
Flow Uec_17_145 flowId 33 uecSrc 32 starting at 0
Flow Uec_246_118 flowId 34 uecSrc 33 starting at 0
Flow Uec_184_56 flowId 35 uecSrc 34 starting at 0
Flow Uec_28_156 flowId 36 uecSrc 35 starting at 0
Flow Uec_44_172 flowId 37 uecSrc 36 starting at 0
Flow Uec_14_142 flowId 38 uecSrc 37 starting at 0
Flow Uec_217_89 flowId 39 uecSrc 38 starting at 0
Flow Uec_119_247 flowId 40 uecSrc 39 starting at 0
Flow Uec_154_26 flowId 41 uecSrc 40 starting at 0
Flow Uec_245_117 flowId 42 uecSrc 41 starting at 0
Flow Uec_13_141 flowId 43 uecSrc 42 starting at 0
Flow Uec_0_128 flowId 44 uecSrc 43 starting at 0
Flow Uec_163_35 flowId 45 uecSrc 44 starting at 0
Flow Uec_62_190 flowId 46 uecSrc 45 starting at 0
Flow Uec_96_224 flowId 47 uecSrc 46 starting at 0
Flow Uec_32_160 flowId 48 uecSrc 47 starting at 0
Flow Uec_200_72 flowId 49 uecSrc 48 starting at 0
Flow Uec_168_40 flowId 50 uecSrc 49 starting at 0
Flow Uec_254_126 flowId 51 uecSrc 50 starting at 0
Flow Uec_182_54 flowId 52 uecSrc 51 starting at 0
Flow Uec_115_243 flowId 53 uecSrc 52 starting at 0
Flow Uec_255_127 flowId 54 uecSrc 53 starting at 0
Flow Uec_195_67 flowId 55 uecSrc 54 starting at 0
Flow Uec_81_209 flowId 56 uecSrc 55 starting at 0
Flow Uec_162_34 flowId 57 uecSrc 56 starting at 0
Flow Uec_224_96 flowId 58 uecSrc 57 starting at 0
Flow Uec_187_59 flowId 59 uecSrc 58 starting at 0
Flow Uec_86_214 flowId 60 uecSrc 59 starting at 0
Flow Uec_218_90 flowId 61 uecSrc 60 starting at 0
Flow Uec_77_205 flowId 62 uecSrc 61 starting at 0
Flow Uec_157_29 flowId 63 uecSrc 62 starting at 0
Flow Uec_181_53 flowId 64 uecSrc 63 starting at 0
Flow Uec_85_213 flowId 65 uecSrc 64 starting at 0
Flow Uec_178_50 flowId 66 uecSrc 65 starting at 0
Flow Uec_225_97 flowId 67 uecSrc 66 starting at 0
Flow Uec_142_14 flowId 68 uecSrc 67 starting at 0
Flow Uec_64_192 flowId 69 uecSrc 68 starting at 0
Flow Uec_139_11 flowId 70 uecSrc 69 starting at 0
Flow Uec_206_78 flowId 71 uecSrc 70 starting at 0
Flow Uec_129_1 flowId 72 uecSrc 71 starting at 0
Flow Uec_41_169 flowId 73 uecSrc 72 starting at 0
Flow Uec_72_200 flowId 74 uecSrc 73 starting at 0
Flow Uec_222_94 flowId 75 uecSrc 74 starting at 0
Flow Uec_83_211 flowId 76 uecSrc 75 starting at 0
Flow Uec_80_208 flowId 77 uecSrc 76 starting at 0
Flow Uec_65_193 flowId 78 uecSrc 77 starting at 0
Flow Uec_82_210 flowId 79 uecSrc 78 starting at 0
Flow Uec_93_221 flowId 80 uecSrc 79 starting at 0
Flow Uec_146_18 flowId 81 uecSrc 80 starting at 0
Flow Uec_239_111 flowId 82 uecSrc 81 starting at 0
Flow Uec_6_134 flowId 83 uecSrc 82 starting at 0
Flow Uec_24_152 flowId 84 uecSrc 83 starting at 0
Flow Uec_177_49 flowId 85 uecSrc 84 starting at 0
Flow Uec_48_176 flowId 86 uecSrc 85 starting at 0
Flow Uec_211_83 flowId 87 uecSrc 86 starting at 0
Flow Uec_19_147 flowId 88 uecSrc 87 starting at 0
Flow Uec_226_98 flowId 89 uecSrc 88 starting at 0
Flow Uec_228_100 flowId 90 uecSrc 89 starting at 0
Flow Uec_69_197 flowId 91 uecSrc 90 starting at 0
Flow Uec_152_24 flowId 92 uecSrc 91 starting at 0
Flow Uec_137_9 flowId 93 uecSrc 92 starting at 0
Flow Uec_58_186 flowId 94 uecSrc 93 starting at 0
Flow Uec_151_23 flowId 95 uecSrc 94 starting at 0
Flow Uec_97_225 flowId 96 uecSrc 95 starting at 0
Flow Uec_118_246 flowId 97 uecSrc 96 starting at 0
Flow Uec_167_39 flowId 98 uecSrc 97 starting at 0
Flow Uec_123_251 flowId 99 uecSrc 98 starting at 0
Flow Uec_52_180 flowId 100 uecSrc 99 starting at 0
Flow Uec_94_222 flowId 101 uecSrc 100 starting at 0
Flow Uec_39_167 flowId 102 uecSrc 101 starting at 0
Flow Uec_207_79 flowId 103 uecSrc 102 starting at 0
Flow Uec_99_227 flowId 104 uecSrc 103 starting at 0
Flow Uec_210_82 flowId 105 uecSrc 104 starting at 0
Flow Uec_243_115 flowId 106 uecSrc 105 starting at 0
Flow Uec_141_13 flowId 107 uecSrc 106 starting at 0
Flow Uec_127_255 flowId 108 uecSrc 107 starting at 0
Flow Uec_242_114 flowId 109 uecSrc 108 starting at 0
Flow Uec_117_245 flowId 110 uecSrc 109 starting at 0
Flow Uec_171_43 flowId 111 uecSrc 110 starting at 0
Flow Uec_230_102 flowId 112 uecSrc 111 starting at 0
Flow Uec_79_207 flowId 113 uecSrc 112 starting at 0
Flow Uec_205_77 flowId 114 uecSrc 113 starting at 0
Flow Uec_126_254 flowId 115 uecSrc 114 starting at 0
Flow Uec_150_22 flowId 116 uecSrc 115 starting at 0
Flow Uec_156_28 flowId 117 uecSrc 116 starting at 0
Flow Uec_12_140 flowId 118 uecSrc 117 starting at 0
Flow Uec_188_60 flowId 119 uecSrc 118 starting at 0
Flow Uec_7_135 flowId 120 uecSrc 119 starting at 0
Flow Uec_161_33 flowId 121 uecSrc 120 starting at 0
Flow Uec_2_130 flowId 122 uecSrc 121 starting at 0
Flow Uec_240_112 flowId 123 uecSrc 122 starting at 0
Flow Uec_21_149 flowId 124 uecSrc 123 starting at 0
Flow Uec_132_4 flowId 125 uecSrc 124 starting at 0
Flow Uec_33_161 flowId 126 uecSrc 125 starting at 0
Flow Uec_92_220 flowId 127 uecSrc 126 starting at 0
Flow Uec_108_236 flowId 128 uecSrc 127 starting at 0
Flow Uec_29_157 flowId 129 uecSrc 128 starting at 0
Flow Uec_159_31 flowId 130 uecSrc 129 starting at 0
Flow Uec_49_177 flowId 131 uecSrc 130 starting at 0
Flow Uec_34_162 flowId 132 uecSrc 131 starting at 0
Flow Uec_155_27 flowId 133 uecSrc 132 starting at 0
Flow Uec_105_233 flowId 134 uecSrc 133 starting at 0
Flow Uec_104_232 flowId 135 uecSrc 134 starting at 0
Flow Uec_15_143 flowId 136 uecSrc 135 starting at 0
Flow Uec_234_106 flowId 137 uecSrc 136 starting at 0
Flow Uec_136_8 flowId 138 uecSrc 137 starting at 0
Flow Uec_27_155 flowId 139 uecSrc 138 starting at 0
Flow Uec_54_182 flowId 140 uecSrc 139 starting at 0
Flow Uec_78_206 flowId 141 uecSrc 140 starting at 0
Flow Uec_55_183 flowId 142 uecSrc 141 starting at 0
Flow Uec_121_249 flowId 143 uecSrc 142 starting at 0
Flow Uec_208_80 flowId 144 uecSrc 143 starting at 0
Flow Uec_176_48 flowId 145 uecSrc 144 starting at 0
Flow Uec_57_185 flowId 146 uecSrc 145 starting at 0
Flow Uec_169_41 flowId 147 uecSrc 146 starting at 0
Flow Uec_250_122 flowId 148 uecSrc 147 starting at 0
Flow Uec_3_131 flowId 149 uecSrc 148 starting at 0
Flow Uec_42_170 flowId 150 uecSrc 149 starting at 0
Flow Uec_120_248 flowId 151 uecSrc 150 starting at 0
Flow Uec_241_113 flowId 152 uecSrc 151 starting at 0
Flow Uec_172_44 flowId 153 uecSrc 152 starting at 0
Flow Uec_131_3 flowId 154 uecSrc 153 starting at 0
Flow Uec_193_65 flowId 155 uecSrc 154 starting at 0
Flow Uec_46_174 flowId 156 uecSrc 155 starting at 0
Flow Uec_165_37 flowId 157 uecSrc 156 starting at 0
Flow Uec_51_179 flowId 158 uecSrc 157 starting at 0
Flow Uec_199_71 flowId 159 uecSrc 158 starting at 0
Flow Uec_124_252 flowId 160 uecSrc 159 starting at 0
Flow Uec_60_188 flowId 161 uecSrc 160 starting at 0
Flow Uec_203_75 flowId 162 uecSrc 161 starting at 0
Flow Uec_101_229 flowId 163 uecSrc 162 starting at 0
Flow Uec_116_244 flowId 164 uecSrc 163 starting at 0
Flow Uec_247_119 flowId 165 uecSrc 164 starting at 0
Flow Uec_40_168 flowId 166 uecSrc 165 starting at 0
Flow Uec_194_66 flowId 167 uecSrc 166 starting at 0
Flow Uec_111_239 flowId 168 uecSrc 167 starting at 0
Flow Uec_10_138 flowId 169 uecSrc 168 starting at 0
Flow Uec_138_10 flowId 170 uecSrc 169 starting at 0
Flow Uec_73_201 flowId 171 uecSrc 170 starting at 0
Flow Uec_213_85 flowId 172 uecSrc 171 starting at 0
Flow Uec_220_92 flowId 173 uecSrc 172 starting at 0
Flow Uec_175_47 flowId 174 uecSrc 173 starting at 0
Flow Uec_147_19 flowId 175 uecSrc 174 starting at 0
Flow Uec_50_178 flowId 176 uecSrc 175 starting at 0
Flow Uec_18_146 flowId 177 uecSrc 176 starting at 0
Flow Uec_215_87 flowId 178 uecSrc 177 starting at 0
Flow Uec_76_204 flowId 179 uecSrc 178 starting at 0
Flow Uec_90_218 flowId 180 uecSrc 179 starting at 0
Flow Uec_106_234 flowId 181 uecSrc 180 starting at 0
Flow Uec_31_159 flowId 182 uecSrc 181 starting at 0
Flow Uec_134_6 flowId 183 uecSrc 182 starting at 0
Flow Uec_70_198 flowId 184 uecSrc 183 starting at 0
Flow Uec_9_137 flowId 185 uecSrc 184 starting at 0
Flow Uec_191_63 flowId 186 uecSrc 185 starting at 0
Flow Uec_174_46 flowId 187 uecSrc 186 starting at 0
Flow Uec_112_240 flowId 188 uecSrc 187 starting at 0
Flow Uec_238_110 flowId 189 uecSrc 188 starting at 0
Flow Uec_214_86 flowId 190 uecSrc 189 starting at 0
Flow Uec_16_144 flowId 191 uecSrc 190 starting at 0
Flow Uec_219_91 flowId 192 uecSrc 191 starting at 0
Flow Uec_38_166 flowId 193 uecSrc 192 starting at 0
Flow Uec_98_226 flowId 194 uecSrc 193 starting at 0
Flow Uec_223_95 flowId 195 uecSrc 194 starting at 0
Flow Uec_221_93 flowId 196 uecSrc 195 starting at 0
Flow Uec_11_139 flowId 197 uecSrc 196 starting at 0
Flow Uec_88_216 flowId 198 uecSrc 197 starting at 0
Flow Uec_164_36 flowId 199 uecSrc 198 starting at 0
Flow Uec_140_12 flowId 200 uecSrc 199 starting at 0
Flow Uec_196_68 flowId 201 uecSrc 200 starting at 0
Flow Uec_5_133 flowId 202 uecSrc 201 starting at 0
Flow Uec_35_163 flowId 203 uecSrc 202 starting at 0
Flow Uec_89_217 flowId 204 uecSrc 203 starting at 0
Flow Uec_113_241 flowId 205 uecSrc 204 starting at 0
Flow Uec_143_15 flowId 206 uecSrc 205 starting at 0
Flow Uec_67_195 flowId 207 uecSrc 206 starting at 0
Flow Uec_190_62 flowId 208 uecSrc 207 starting at 0
Flow Uec_45_173 flowId 209 uecSrc 208 starting at 0
Flow Uec_160_32 flowId 210 uecSrc 209 starting at 0
Flow Uec_192_64 flowId 211 uecSrc 210 starting at 0
Flow Uec_173_45 flowId 212 uecSrc 211 starting at 0
Flow Uec_59_187 flowId 213 uecSrc 212 starting at 0
Flow Uec_125_253 flowId 214 uecSrc 213 starting at 0
Flow Uec_133_5 flowId 215 uecSrc 214 starting at 0
Flow Uec_183_55 flowId 216 uecSrc 215 starting at 0
Flow Uec_43_171 flowId 217 uecSrc 216 starting at 0
Flow Uec_236_108 flowId 218 uecSrc 217 starting at 0
127.583 flowid 176 Spurious 5
135.311 flowid 176 Spurious 7
136.963 flowid 174 Spurious 11
138.521 flowid 216 Spurious 26
139.517 flowid 216 Spurious 29
140.181 flowid 216 Spurious 30
141.177 flowid 216 Spurious 35
141.841 flowid 216 Spurious 37
143.501 flowid 216 Spurious 43
144.497 flowid 216 Spurious 45
144.829 flowid 216 Spurious 46
145.161 flowid 216 Spurious 47
149.145 flowid 64 Spurious 54
149.477 flowid 64 Spurious 55
149.915 flowid 209 Spurious 59
150.473 flowid 64 Spurious 60
151.801 flowid 216 Spurious 51
152.465 flowid 64 Spurious 63
153.461 flowid 64 Spurious 68
153.793 flowid 216 Spurious 53
154.457 flowid 216 Spurious 55
154.789 flowid 216 Spurious 56
155.121 flowid 216 Spurious 58
155.453 flowid 216 Spurious 59
155.79 flowid 216 Spurious 60
156.786 flowid 64 Spurious 69
157.118 flowid 64 Spurious 71
157.782 flowid 64 Spurious 72
158.446 flowid 64 Spurious 73
160.627 flowid 209 Spurious 84
162.031 flowid 85 Spurious 15
163.283 flowid 209 Spurious 92
164.427 flowid 64 Spurious 81
167.395 flowid 84 Spurious 116
172.395 flowid 84 Spurious 113
Flow Uec_121_249 flowId 143 uecSrc 142 finished at 175.025 total messages 1 total packets 490 RTS 0 total bytes 2002140 in_flight now 0 fair_inc 0 prop_inc 24912 fast_inc 363690 eta_inc 8344 multi_dec -0 quick_dec -0 nack_dec -0
Flow Uec_124_252 flowId 160 uecSrc 159 finished at 176.793 total messages 1 total packets 490 RTS 0 total bytes 2002140 in_flight now 0 fair_inc 0 prop_inc 80440 fast_inc 0 eta_inc 8344 multi_dec -0 quick_dec -0 nack_dec -0
Flow Uec_64_192 flowId 69 uecSrc 68 finished at 177.078 total messages 1 total packets 490 RTS 0 total bytes 2002140 in_flight now 0 fair_inc 0 prop_inc 86850 fast_inc 0 eta_inc 8344 multi_dec -0 quick_dec -0 nack_dec -0
Flow Uec_110_238 flowId 30 uecSrc 29 finished at 177.486 total messages 1 total packets 490 RTS 0 total bytes 2002140 in_flight now 0 fair_inc 0 prop_inc 84705 fast_inc 0 eta_inc 8344 multi_dec -0 quick_dec -0 nack_dec -0
Flow Uec_154_26 flowId 41 uecSrc 40 finished at 178.906 total messages 1 total packets 490 RTS 0 total bytes 2002140 in_flight now 0 fair_inc 0 prop_inc 77583 fast_inc 0 eta_inc 7748 multi_dec -0 quick_dec -0 nack_dec -0
Flow Uec_100_228 flowId 1 uecSrc 0 finished at 183.62 total messages 1 total packets 490 RTS 0 total bytes 2002140 in_flight now 0 fair_inc 0 prop_inc 33520 fast_inc 0 eta_inc 8344 multi_dec -0 quick_dec -0 nack_dec -0
Flow Uec_252_124 flowId 12 uecSrc 11 finished at 185.32 total messages 1 total packets 490 RTS 0 total bytes 2002140 in_flight now 0 fair_inc 0 prop_inc 38072 fast_inc 0 eta_inc 8344 multi_dec -0 quick_dec -0 nack_dec -0
Flow Uec_206_78 flowId 71 uecSrc 70 finished at 188.142 total messages 1 total packets 490 RTS 0 total bytes 2002140 in_flight now 0 fair_inc 0 prop_inc 26788 fast_inc 0 eta_inc 8940 multi_dec -0 quick_dec -0 nack_dec -0
Flow Uec_67_195 flowId 207 uecSrc 206 finished at 190.611 total messages 1 total packets 490 RTS 0 total bytes 2002140 in_flight now 0 fair_inc 376 prop_inc 20539 fast_inc 0 eta_inc 8940 multi_dec -0 quick_dec -0 nack_dec -0
Flow Uec_15_143 flowId 136 uecSrc 135 finished at 199.414 total messages 1 total packets 490 RTS 0 total bytes 2002140 in_flight now 0 fair_inc 3374 prop_inc 14715 fast_inc 0 eta_inc 9536 multi_dec -0 quick_dec -0 nack_dec -0
Flow Uec_191_63 flowId 186 uecSrc 185 finished at 201.603 total messages 1 total packets 490 RTS 0 total bytes 2002140 in_flight now 0 fair_inc 3006 prop_inc 8148 fast_inc 0 eta_inc 9536 multi_dec -0 quick_dec -0 nack_dec -0
201.663 flowid 102 Spurious 164
Flow Uec_246_118 flowId 34 uecSrc 33 finished at 203.971 total messages 1 total packets 490 RTS 0 total bytes 2002140 in_flight now 0 fair_inc 6378 prop_inc 14561 fast_inc 0 eta_inc 9536 multi_dec -0 quick_dec -0 nack_dec -0
204.751 flowid 129 Spurious 174
Flow Uec_21_149 flowId 124 uecSrc 123 finished at 205.342 total messages 1 total packets 490 RTS 0 total bytes 2002140 in_flight now 0 fair_inc 7108 prop_inc 13392 fast_inc 0 eta_inc 9536 multi_dec -0 quick_dec -0 nack_dec -0
Flow Uec_27_155 flowId 139 uecSrc 138 finished at 208.64 total messages 1 total packets 490 RTS 0 total bytes 2002140 in_flight now 0 fair_inc 4886 prop_inc 16188 fast_inc 0 eta_inc 9536 multi_dec -0 quick_dec -0 nack_dec -4150
209.046 flowid 38 Spurious 207
209.358 flowid 129 Spurious 187
212.666 flowid 38 Spurious 227
Flow Uec_125_253 flowId 214 uecSrc 213 finished at 214.716 total messages 1 total packets 490 RTS 0 total bytes 2002140 in_flight now 0 fair_inc 4415 prop_inc 39085 fast_inc 0 eta_inc 10728 multi_dec -69181 quick_dec -0 nack_dec -0
215.543 flowid 102 Spurious 196
215.875 flowid 102 Spurious 197
Flow Uec_35_163 flowId 203 uecSrc 202 finished at 217.417 total messages 1 total packets 490 RTS 0 total bytes 2002140 in_flight now 0 fair_inc 9762 prop_inc 11853 fast_inc 0 eta_inc 10132 multi_dec -0 quick_dec -0 nack_dec -0
218.021 flowid 203 Spurious 249
Flow Uec_248_120 flowId 3 uecSrc 2 finished at 218.738 total messages 1 total packets 490 RTS 0 total bytes 2002140 in_flight now 0 fair_inc 3501 prop_inc 16544 fast_inc 0 eta_inc 10132 multi_dec -38298 quick_dec -0 nack_dec -0
219.364 flowid 203 Spurious 251
Flow Uec_12_140 flowId 118 uecSrc 117 finished at 223.957 total messages 1 total packets 491 RTS 1 total bytes 2002140 in_flight now 0 fair_inc 12632 prop_inc 39263 fast_inc 0 eta_inc 10728 multi_dec -1876 quick_dec -0 nack_dec -33200
232.628 flowid 48 Spurious 264
236.354 flowid 48 Spurious 277
237.35 flowid 48 Spurious 280
238.712 flowid 37 Spurious 228
239.252 flowid 48 Spurious 284
239.376 flowid 37 Spurious 229
239.708 flowid 37 Spurious 230
240.201 flowid 48 Spurious 287
Flow Uec_14_142 flowId 38 uecSrc 37 finished at 244.688 total messages 1 total packets 490 RTS 0 total bytes 2002140 in_flight now 0 fair_inc 10314 prop_inc 7764 fast_inc 0 eta_inc 10728 multi_dec -0 quick_dec -0 nack_dec -12450
Flow Uec_210_82 flowId 105 uecSrc 104 finished at 245.437 total messages 1 total packets 490 RTS 0 total bytes 2002140 in_flight now 0 fair_inc 9951 prop_inc 40897 fast_inc 0 eta_inc 11920 multi_dec -103693 quick_dec -0 nack_dec -0
Flow Uec_40_168 flowId 166 uecSrc 165 finished at 258.284 total messages 1 total packets 490 RTS 0 total bytes 2002140 in_flight now 0 fair_inc 5747 prop_inc 85669 fast_inc 0 eta_inc 11920 multi_dec -140729 quick_dec -0 nack_dec -0
Flow Uec_9_137 flowId 185 uecSrc 184 finished at 265.052 total messages 1 total packets 490 RTS 0 total bytes 2002140 in_flight now 0 fair_inc 7092 prop_inc 64061 fast_inc 0 eta_inc 12516 multi_dec -128639 quick_dec -0 nack_dec -4150
276.681 flowid 156 Spurious 236
284.833 flowid 156 Spurious 242
Flow Uec_33_161 flowId 126 uecSrc 125 finished at 285.412 total messages 1 total packets 490 RTS 0 total bytes 2002140 in_flight now 0 fair_inc 14363 prop_inc 26905 fast_inc 0 eta_inc 13112 multi_dec -128795 quick_dec -0 nack_dec -0
289.187 flowid 156 Spurious 246
289.739 flowid 102 Spurious 321
Flow Uec_45_173 flowId 209 uecSrc 208 finished at 297.492 total messages 1 total packets 492 RTS 2 total bytes 2002140 in_flight now 0 fair_inc 6852 prop_inc 15920 fast_inc 2020 eta_inc 12516 multi_dec -0 quick_dec -172193 nack_dec -12450
Flow Uec_43_171 flowId 217 uecSrc 216 finished at 298.252 total messages 1 total packets 491 RTS 1 total bytes 2002140 in_flight now 0 fair_inc 17698 prop_inc 42622 fast_inc 0 eta_inc 11920 multi_dec -0 quick_dec -195762 nack_dec -16600
Flow Uec_28_156 flowId 36 uecSrc 35 finished at 299.459 total messages 1 total packets 490 RTS 0 total bytes 2002140 in_flight now 0 fair_inc 6885 prop_inc 30731 fast_inc 0 eta_inc 13708 multi_dec -123326 quick_dec -0 nack_dec -12450
304.174 flowid 102 Spurious 339
Flow Uec_156_28 flowId 117 uecSrc 116 finished at 304.646 total messages 1 total packets 490 RTS 0 total bytes 2002140 in_flight now 0 fair_inc 4857 prop_inc 37238 fast_inc 0 eta_inc 14304 multi_dec -95288 quick_dec -0 nack_dec -33200
Flow Uec_193_65 flowId 155 uecSrc 154 finished at 304.965 total messages 1 total packets 490 RTS 0 total bytes 2002140 in_flight now 0 fair_inc 3269 prop_inc 33187 fast_inc 0 eta_inc 14900 multi_dec -87031 quick_dec -0 nack_dec -37350
Flow Uec_230_102 flowId 112 uecSrc 111 finished at 305.458 total messages 1 total packets 490 RTS 0 total bytes 2002140 in_flight now 0 fair_inc 8167 prop_inc 64607 fast_inc 0 eta_inc 14304 multi_dec -118480 quick_dec -0 nack_dec -29050
Flow Uec_32_160 flowId 48 uecSrc 47 finished at 306.338 total messages 1 total packets 496 RTS 6 total bytes 2002140 in_flight now 0 fair_inc 9728 prop_inc 13504 fast_inc 1010 eta_inc 13112 multi_dec -0 quick_dec -152116 nack_dec -4150
Flow Uec_18_146 flowId 177 uecSrc 176 finished at 307.312 total messages 1 total packets 490 RTS 0 total bytes 2002140 in_flight now 0 fair_inc 13701 prop_inc 11793 fast_inc 0 eta_inc 14900 multi_dec -119169 quick_dec -0 nack_dec -0
Flow Uec_7_135 flowId 120 uecSrc 119 finished at 313.982 total messages 1 total packets 498 RTS 8 total bytes 2002140 in_flight now 0 fair_inc 16803 prop_inc 43202 fast_inc 0 eta_inc 14900 multi_dec -66019 quick_dec -0 nack_dec -4150
315.276 flowid 44 Spurious 235
Flow Uec_10_138 flowId 169 uecSrc 168 finished at 318.482 total messages 1 total packets 493 RTS 3 total bytes 2002140 in_flight now 0 fair_inc 14071 prop_inc 13241 fast_inc 0 eta_inc 15496 multi_dec -77856 quick_dec -0 nack_dec -12450
Flow Uec_24_152 flowId 84 uecSrc 83 finished at 319.292 total messages 1 total packets 491 RTS 1 total bytes 2002140 in_flight now 0 fair_inc 10601 prop_inc 8622 fast_inc 0 eta_inc 10728 multi_dec -0 quick_dec -205889 nack_dec -4150
Flow Uec_126_254 flowId 115 uecSrc 114 finished at 321.382 total messages 1 total packets 490 RTS 0 total bytes 2002140 in_flight now 0 fair_inc 13684 prop_inc 34158 fast_inc 0 eta_inc 15496 multi_dec -0 quick_dec -0 nack_dec -128650
Flow Uec_144_16 flowId 2 uecSrc 1 finished at 330.557 total messages 1 total packets 490 RTS 0 total bytes 2002140 in_flight now 0 fair_inc 2365 prop_inc 38171 fast_inc 0 eta_inc 15496 multi_dec -103424 quick_dec -0 nack_dec -41500
Flow Uec_119_247 flowId 40 uecSrc 39 finished at 332.527 total messages 1 total packets 490 RTS 0 total bytes 2002140 in_flight now 0 fair_inc 4733 prop_inc 28838 fast_inc 0 eta_inc 15496 multi_dec -69085 quick_dec -0 nack_dec -62250
Flow Uec_34_162 flowId 132 uecSrc 131 finished at 333.255 total messages 1 total packets 498 RTS 8 total bytes 2002140 in_flight now 0 fair_inc 7615 prop_inc 40689 fast_inc 0 eta_inc 15496 multi_dec -0 quick_dec -0 nack_dec -4150
Flow Uec_81_209 flowId 56 uecSrc 55 finished at 338.142 total messages 1 total packets 490 RTS 0 total bytes 2002140 in_flight now 0 fair_inc 10103 prop_inc 36872 fast_inc 0 eta_inc 16092 multi_dec -99453 quick_dec -0 nack_dec -41500
Flow Uec_123_251 flowId 99 uecSrc 98 finished at 338.858 total messages 1 total packets 490 RTS 0 total bytes 2002140 in_flight now 0 fair_inc 3778 prop_inc 33278 fast_inc 0 eta_inc 16092 multi_dec -116087 quick_dec -0 nack_dec -33200
Flow Uec_239_111 flowId 82 uecSrc 81 finished at 341.964 total messages 1 total packets 490 RTS 0 total bytes 2002140 in_flight now 0 fair_inc 12111 prop_inc 51898 fast_inc 0 eta_inc 16092 multi_dec -139061 quick_dec -0 nack_dec -24900
Flow Uec_62_190 flowId 46 uecSrc 45 finished at 342.85 total messages 1 total packets 490 RTS 0 total bytes 2002140 in_flight now 0 fair_inc 22596 prop_inc 48740 fast_inc 0 eta_inc 16092 multi_dec -123118 quick_dec -0 nack_dec -33200
345.765 flowid 37 Spurious 392
346.439 flowid 37 Spurious 394
Flow Uec_48_176 flowId 86 uecSrc 85 finished at 347.61 total messages 1 total packets 493 RTS 3 total bytes 2002140 in_flight now 0 fair_inc 24631 prop_inc 45500 fast_inc 0 eta_inc 15496 multi_dec -154744 quick_dec -0 nack_dec -0
Flow Uec_138_10 flowId 170 uecSrc 169 finished at 347.876 total messages 1 total packets 491 RTS 1 total bytes 2002140 in_flight now 0 fair_inc 2984 prop_inc 48277 fast_inc 0 eta_inc 16688 multi_dec -99701 quick_dec -0 nack_dec -49800
Flow Uec_29_157 flowId 129 uecSrc 128 finished at 350.639 total messages 1 total packets 495 RTS 5 total bytes 2002140 in_flight now 0 fair_inc 15272 prop_inc 76090 fast_inc 0 eta_inc 16092 multi_dec -140069 quick_dec -0 nack_dec -4150
Flow Uec_5_133 flowId 202 uecSrc 201 finished at 351.212 total messages 1 total packets 496 RTS 6 total bytes 2002140 in_flight now 0 fair_inc 14788 prop_inc 47781 fast_inc 0 eta_inc 14304 multi_dec -0 quick_dec -164438 nack_dec -53950
Flow Uec_187_59 flowId 59 uecSrc 58 finished at 351.737 total messages 1 total packets 490 RTS 0 total bytes 2002140 in_flight now 0 fair_inc 8597 prop_inc 58685 fast_inc 0 eta_inc 16688 multi_dec -100395 quick_dec -0 nack_dec -58100
Flow Uec_82_210 flowId 79 uecSrc 78 finished at 357.65 total messages 1 total packets 490 RTS 0 total bytes 2002140 in_flight now 0 fair_inc 8713 prop_inc 52566 fast_inc 0 eta_inc 16092 multi_dec -133687 quick_dec -0 nack_dec -29050
Flow Uec_169_41 flowId 147 uecSrc 146 finished at 359.265 total messages 1 total packets 491 RTS 1 total bytes 2002140 in_flight now 0 fair_inc 12003 prop_inc 63069 fast_inc 4530 eta_inc 16688 multi_dec -128776 quick_dec -0 nack_dec -37350
Flow Uec_242_114 flowId 109 uecSrc 108 finished at 361.174 total messages 1 total packets 490 RTS 0 total bytes 2002140 in_flight now 0 fair_inc 13416 prop_inc 58294 fast_inc 0 eta_inc 16688 multi_dec -117981 quick_dec -0 nack_dec -49800
Flow Uec_61_189 flowId 10 uecSrc 9 finished at 366.994 total messages 1 total packets 490 RTS 0 total bytes 2002140 in_flight now 0 fair_inc 28092 prop_inc 43617 fast_inc 0 eta_inc 17284 multi_dec -145955 quick_dec -0 nack_dec -33200
Flow Uec_39_167 flowId 102 uecSrc 101 finished at 367.04 total messages 1 total packets 497 RTS 7 total bytes 2002140 in_flight now 0 fair_inc 17045 prop_inc 18657 fast_inc 0 eta_inc 16688 multi_dec -122405 quick_dec -0 nack_dec -4150
Flow Uec_6_134 flowId 83 uecSrc 82 finished at 367.988 total messages 1 total packets 493 RTS 3 total bytes 2002140 in_flight now 0 fair_inc 17184 prop_inc 33125 fast_inc 0 eta_inc 13708 multi_dec -0 quick_dec -176301 nack_dec -16600
Flow Uec_57_185 flowId 146 uecSrc 145 finished at 368.914 total messages 1 total packets 490 RTS 0 total bytes 2002140 in_flight now 0 fair_inc 26163 prop_inc 60448 fast_inc 0 eta_inc 16688 multi_dec -134820 quick_dec -0 nack_dec -37350
Flow Uec_226_98 flowId 89 uecSrc 88 finished at 369.151 total messages 1 total packets 490 RTS 0 total bytes 2002140 in_flight now 0 fair_inc 10589 prop_inc 37300 fast_inc 0 eta_inc 17284 multi_dec -82920 quick_dec -0 nack_dec -74700
Flow Uec_60_188 flowId 161 uecSrc 160 finished at 374.428 total messages 1 total packets 490 RTS 0 total bytes 2002140 in_flight now 0 fair_inc 14631 prop_inc 49910 fast_inc 0 eta_inc 17284 multi_dec -146523 quick_dec -0 nack_dec -33200
Flow Uec_236_108 flowId 218 uecSrc 217 finished at 383.976 total messages 1 total packets 490 RTS 0 total bytes 2002140 in_flight now 0 fair_inc 11959 prop_inc 41410 fast_inc 0 eta_inc 17880 multi_dec -69505 quick_dec -0 nack_dec -91300
Flow Uec_113_241 flowId 205 uecSrc 204 finished at 386.894 total messages 1 total packets 490 RTS 0 total bytes 2002140 in_flight now 0 fair_inc 8305 prop_inc 20474 fast_inc 0 eta_inc 18476 multi_dec -42216 quick_dec -0 nack_dec -99600
Flow Uec_31_159 flowId 182 uecSrc 181 finished at 388.733 total messages 1 total packets 491 RTS 1 total bytes 2002140 in_flight now 0 fair_inc 13245 prop_inc 76556 fast_inc 34347 eta_inc 16688 multi_dec -203607 quick_dec -0 nack_dec -0
Flow Uec_178_50 flowId 66 uecSrc 65 finished at 393.559 total messages 1 total packets 493 RTS 3 total bytes 2002140 in_flight now 0 fair_inc 22518 prop_inc 7164 fast_inc 0 eta_inc 17284 multi_dec -57729 quick_dec -0 nack_dec -70550
Flow Uec_116_244 flowId 164 uecSrc 163 finished at 394.544 total messages 1 total packets 490 RTS 0 total bytes 2002140 in_flight now 0 fair_inc 4785 prop_inc 24309 fast_inc 0 eta_inc 19072 multi_dec -32875 quick_dec -0 nack_dec -103750
Flow Uec_168_40 flowId 50 uecSrc 49 finished at 397.165 total messages 1 total packets 490 RTS 0 total bytes 2002140 in_flight now 0 fair_inc 9755 prop_inc 42901 fast_inc 0 eta_inc 18476 multi_dec -114644 quick_dec -0 nack_dec -53950
Flow Uec_19_147 flowId 88 uecSrc 87 finished at 404.745 total messages 1 total packets 499 RTS 9 total bytes 2002140 in_flight now 0 fair_inc 7060 prop_inc 39941 fast_inc 0 eta_inc 17880 multi_dec -0 quick_dec -0 nack_dec -0
Flow Uec_3_131 flowId 149 uecSrc 148 finished at 406.284 total messages 1 total packets 497 RTS 7 total bytes 2002140 in_flight now -64 fair_inc 27812 prop_inc 44492 fast_inc 0 eta_inc 16688 multi_dec -46684 quick_dec -122761 nack_dec -37350
Flow Uec_137_9 flowId 93 uecSrc 92 finished at 408.859 total messages 1 total packets 490 RTS 0 total bytes 2002140 in_flight now 0 fair_inc 20069 prop_inc 34072 fast_inc 0 eta_inc 19072 multi_dec -104452 quick_dec -0 nack_dec -66400
Flow Uec_44_172 flowId 37 uecSrc 36 finished at 409.398 total messages 1 total packets 498 RTS 8 total bytes 2002140 in_flight now 0 fair_inc 10564 prop_inc 19057 fast_inc 0 eta_inc 15496 multi_dec -0 quick_dec -98366 nack_dec -8300
Flow Uec_225_97 flowId 67 uecSrc 66 finished at 410.376 total messages 1 total packets 490 RTS 0 total bytes 2002140 in_flight now 0 fair_inc 13232 prop_inc 107305 fast_inc 0 eta_inc 17880 multi_dec -143302 quick_dec -0 nack_dec -53950
Flow Uec_245_117 flowId 42 uecSrc 41 finished at 411.585 total messages 1 total packets 490 RTS 0 total bytes 2002140 in_flight now 0 fair_inc 12631 prop_inc 65844 fast_inc 0 eta_inc 19072 multi_dec -135404 quick_dec -0 nack_dec -53950
Flow Uec_51_179 flowId 158 uecSrc 157 finished at 418.099 total messages 1 total packets 493 RTS 3 total bytes 2002140 in_flight now 0 fair_inc 0 prop_inc 139725 fast_inc 0 eta_inc 18476 multi_dec -0 quick_dec -0 nack_dec -12450
Flow Uec_133_5 flowId 215 uecSrc 214 finished at 421.72 total messages 1 total packets 490 RTS 0 total bytes 2002140 in_flight now 0 fair_inc 20147 prop_inc 22278 fast_inc 0 eta_inc 19668 multi_dec -55014 quick_dec -0 nack_dec -95450
Flow Uec_120_248 flowId 151 uecSrc 150 finished at 423.903 total messages 1 total packets 490 RTS 0 total bytes 2002140 in_flight now 0 fair_inc 11582 prop_inc 14081 fast_inc 0 eta_inc 20264 multi_dec -62089 quick_dec -0 nack_dec -91300
Flow Uec_181_53 flowId 64 uecSrc 63 finished at 424.2 total messages 1 total packets 493 RTS 3 total bytes 2002140 in_flight now 0 fair_inc 16796 prop_inc 29258 fast_inc 0 eta_inc 19668 multi_dec -11031 quick_dec -0 nack_dec -49800
Flow Uec_183_55 flowId 216 uecSrc 215 finished at 425.754 total messages 1 total packets 492 RTS 2 total bytes 2002140 in_flight now 0 fair_inc 22874 prop_inc 27463 fast_inc 0 eta_inc 19668 multi_dec -1835 quick_dec -0 nack_dec -20750
Flow Uec_148_20 flowId 18 uecSrc 17 finished at 429.63 total messages 1 total packets 490 RTS 0 total bytes 2002140 in_flight now 0 fair_inc 18205 prop_inc 29143 fast_inc 0 eta_inc 19668 multi_dec -15588 quick_dec -0 nack_dec -132800
Flow Uec_250_122 flowId 148 uecSrc 147 finished at 430.245 total messages 1 total packets 490 RTS 0 total bytes 2002140 in_flight now 0 fair_inc 15379 prop_inc 71554 fast_inc 0 eta_inc 19668 multi_dec -130858 quick_dec -0 nack_dec -53950
Flow Uec_114_242 flowId 19 uecSrc 18 finished at 434.304 total messages 1 total packets 490 RTS 0 total bytes 2002140 in_flight now 0 fair_inc 25957 prop_inc 16187 fast_inc 0 eta_inc 20264 multi_dec -28046 quick_dec -0 nack_dec -141100
Flow Uec_115_243 flowId 53 uecSrc 52 finished at 436.711 total messages 1 total packets 490 RTS 0 total bytes 2002140 in_flight now 0 fair_inc 15846 prop_inc 21532 fast_inc 0 eta_inc 20264 multi_dec -47085 quick_dec -0 nack_dec -141100
Flow Uec_139_11 flowId 70 uecSrc 69 finished at 441.494 total messages 1 total packets 490 RTS 0 total bytes 2002140 in_flight now 0 fair_inc 30360 prop_inc 20596 fast_inc 0 eta_inc 19668 multi_dec -36471 quick_dec -0 nack_dec -116200
Flow Uec_50_178 flowId 176 uecSrc 175 finished at 445.139 total messages 1 total packets 494 RTS 4 total bytes 2002140 in_flight now 0 fair_inc 421 prop_inc 108895 fast_inc 0 eta_inc 19668 multi_dec -0 quick_dec -0 nack_dec -24900
Flow Uec_165_37 flowId 157 uecSrc 156 finished at 445.708 total messages 1 total packets 490 RTS 0 total bytes 2002140 in_flight now 0 fair_inc 15119 prop_inc 26091 fast_inc 0 eta_inc 20264 multi_dec -108169 quick_dec -0 nack_dec -70550
Flow Uec_22_150 flowId 17 uecSrc 16 finished at 449.34 total messages 1 total packets 496 RTS 6 total bytes 2002140 in_flight now 0 fair_inc 24586 prop_inc 56546 fast_inc 0 eta_inc 20264 multi_dec -116587 quick_dec -0 nack_dec -8300
Flow Uec_52_180 flowId 100 uecSrc 99 finished at 453.628 total messages 1 total packets 491 RTS 1 total bytes 2002140 in_flight now 0 fair_inc 0 prop_inc 80000 fast_inc 325785 eta_inc 16688 multi_dec -0 quick_dec -191622 nack_dec -16600
Flow Uec_54_182 flowId 140 uecSrc 139 finished at 454.494 total messages 1 total packets 494 RTS 4 total bytes 2002140 in_flight now 0 fair_inc 1478 prop_inc 79914 fast_inc 0 eta_inc 20264 multi_dec -0 quick_dec -0 nack_dec -0
Flow Uec_247_119 flowId 165 uecSrc 164 finished at 459.564 total messages 1 total packets 490 RTS 0 total bytes 2002140 in_flight now 0 fair_inc 23212 prop_inc 30145 fast_inc 0 eta_inc 21456 multi_dec -28056 quick_dec -0 nack_dec -149400
Flow Uec_109_237 flowId 5 uecSrc 4 finished at 460.074 total messages 1 total packets 490 RTS 0 total bytes 2002140 in_flight now 0 fair_inc 15295 prop_inc 33778 fast_inc 0 eta_inc 21456 multi_dec -117649 quick_dec -0 nack_dec -74700
Flow Uec_189_61 flowId 29 uecSrc 28 finished at 460.939 total messages 1 total packets 490 RTS 0 total bytes 2002140 in_flight now 0 fair_inc 39902 prop_inc 46277 fast_inc 0 eta_inc 21456 multi_dec -108814 quick_dec -0 nack_dec -83000
Flow Uec_188_60 flowId 119 uecSrc 118 finished at 462.788 total messages 1 total packets 490 RTS 0 total bytes 2002140 in_flight now 0 fair_inc 13461 prop_inc 11752 fast_inc 0 eta_inc 21456 multi_dec -130662 quick_dec -0 nack_dec -53950
Flow Uec_150_22 flowId 116 uecSrc 115 finished at 466.4 total messages 1 total packets 493 RTS 3 total bytes 2002140 in_flight now 0 fair_inc 21592 prop_inc 55982 fast_inc 0 eta_inc 19072 multi_dec -3636 quick_dec -0 nack_dec -136950
Flow Uec_192_64 flowId 211 uecSrc 210 finished at 469.604 total messages 1 total packets 490 RTS 0 total bytes 2002140 in_flight now 0 fair_inc 15785 prop_inc 14913 fast_inc 0 eta_inc 20860 multi_dec -60389 quick_dec -0 nack_dec -107900
Flow Uec_182_54 flowId 52 uecSrc 51 finished at 470.303 total messages 1 total packets 492 RTS 2 total bytes 2002140 in_flight now 0 fair_inc 18156 prop_inc 11425 fast_inc 0 eta_inc 20860 multi_dec -29009 quick_dec -0 nack_dec -95450
Flow Uec_90_218 flowId 180 uecSrc 179 finished at 474.032 total messages 1 total packets 490 RTS 0 total bytes 2002140 in_flight now 0 fair_inc 25831 prop_inc 15115 fast_inc 0 eta_inc 22052 multi_dec -65376 quick_dec -0 nack_dec -103750
Flow Uec_127_255 flowId 108 uecSrc 107 finished at 474.254 total messages 1 total packets 490 RTS 0 total bytes 2002140 in_flight now 0 fair_inc 31798 prop_inc 29353 fast_inc 0 eta_inc 22052 multi_dec -67049 quick_dec -0 nack_dec -124500
Flow Uec_151_23 flowId 95 uecSrc 94 finished at 475.084 total messages 1 total packets 492 RTS 2 total bytes 2002140 in_flight now 0 fair_inc 20388 prop_inc 33498 fast_inc 0 eta_inc 21456 multi_dec -23488 quick_dec -0 nack_dec -141100
Flow Uec_1_129 flowId 20 uecSrc 19 finished at 477.719 total messages 1 total packets 501 RTS 11 total bytes 2002140 in_flight now 0 fair_inc 27574 prop_inc 77569 fast_inc 0 eta_inc 21456 multi_dec -77476 quick_dec -0 nack_dec -29050
Flow Uec_130_2 flowId 8 uecSrc 7 finished at 479.293 total messages 1 total packets 491 RTS 1 total bytes 2002140 in_flight now 0 fair_inc 11267 prop_inc 24263 fast_inc 0 eta_inc 22648 multi_dec -34048 quick_dec -0 nack_dec -128650
Flow Uec_80_208 flowId 77 uecSrc 76 finished at 481.233 total messages 1 total packets 490 RTS 0 total bytes 2002140 in_flight now 0 fair_inc 5737 prop_inc 17701 fast_inc 0 eta_inc 22052 multi_dec -67136 quick_dec -0 nack_dec -99600
Flow Uec_105_233 flowId 134 uecSrc 133 finished at 481.559 total messages 1 total packets 490 RTS 0 total bytes 2002140 in_flight now 0 fair_inc 30346 prop_inc 9526 fast_inc 0 eta_inc 22648 multi_dec -94550 quick_dec -0 nack_dec -112050
Flow Uec_98_226 flowId 194 uecSrc 193 finished at 486.22 total messages 1 total packets 490 RTS 0 total bytes 2002140 in_flight now 0 fair_inc 15274 prop_inc 47814 fast_inc 0 eta_inc 22648 multi_dec -99529 quick_dec -0 nack_dec -91300
Flow Uec_237_109 flowId 28 uecSrc 27 finished at 487.347 total messages 1 total packets 490 RTS 0 total bytes 2002140 in_flight now 0 fair_inc 24698 prop_inc 21726 fast_inc 0 eta_inc 22052 multi_dec -65538 quick_dec -0 nack_dec -128650
Flow Uec_111_239 flowId 168 uecSrc 167 finished at 491.237 total messages 1 total packets 490 RTS 0 total bytes 2002140 in_flight now 0 fair_inc 29711 prop_inc 41751 fast_inc 0 eta_inc 23244 multi_dec -123214 quick_dec -0 nack_dec -78850
Flow Uec_20_148 flowId 24 uecSrc 23 finished at 491.929 total messages 1 total packets 495 RTS 5 total bytes 2002140 in_flight now 0 fair_inc 12399 prop_inc 61437 fast_inc 55557 eta_inc 20264 multi_dec -160812 quick_dec -0 nack_dec -0
Flow Uec_106_234 flowId 181 uecSrc 180 finished at 491.978 total messages 1 total packets 490 RTS 0 total bytes 2002140 in_flight now 0 fair_inc 23047 prop_inc 42625 fast_inc 0 eta_inc 22648 multi_dec -138949 quick_dec -0 nack_dec -70550
Flow Uec_17_145 flowId 33 uecSrc 32 finished at 492.315 total messages 1 total packets 495 RTS 5 total bytes 2002140 in_flight now 0 fair_inc 14081 prop_inc 19766 fast_inc 0 eta_inc 20860 multi_dec -112452 quick_dec -89310 nack_dec -20750
Flow Uec_235_107 flowId 16 uecSrc 15 finished at 492.969 total messages 1 total packets 490 RTS 0 total bytes 2002140 in_flight now 0 fair_inc 65839 prop_inc 17945 fast_inc 0 eta_inc 22052 multi_dec -79259 quick_dec -0 nack_dec -120350
Flow Uec_136_8 flowId 138 uecSrc 137 finished at 496.408 total messages 1 total packets 490 RTS 0 total bytes 2002140 in_flight now 0 fair_inc 19302 prop_inc 64330 fast_inc 0 eta_inc 22052 multi_dec -50075 quick_dec -0 nack_dec -136950
Flow Uec_86_214 flowId 60 uecSrc 59 finished at 496.644 total messages 1 total packets 490 RTS 0 total bytes 2002140 in_flight now 0 fair_inc 14673 prop_inc 19445 fast_inc 0 eta_inc 23244 multi_dec -77439 quick_dec -0 nack_dec -107900
Flow Uec_162_34 flowId 57 uecSrc 56 finished at 497.274 total messages 1 total packets 493 RTS 3 total bytes 2002140 in_flight now 0 fair_inc 37381 prop_inc 49522 fast_inc 0 eta_inc 21456 multi_dec -57471 quick_dec -0 nack_dec -95450
Flow Uec_69_197 flowId 91 uecSrc 90 finished at 498.528 total messages 1 total packets 490 RTS 0 total bytes 2002140 in_flight now 0 fair_inc 31272 prop_inc 22082 fast_inc 0 eta_inc 23244 multi_dec -82641 quick_dec -0 nack_dec -116200
Flow Uec_195_67 flowId 55 uecSrc 54 finished at 502.874 total messages 1 total packets 490 RTS 0 total bytes 2002140 in_flight now 0 fair_inc 17186 prop_inc 31786 fast_inc 0 eta_inc 23244 multi_dec -104639 quick_dec -0 nack_dec -78850
Flow Uec_65_193 flowId 78 uecSrc 77 finished at 503.335 total messages 1 total packets 490 RTS 0 total bytes 2002140 in_flight now 0 fair_inc 23576 prop_inc 16196 fast_inc 0 eta_inc 23244 multi_dec -62229 quick_dec -0 nack_dec -141100
Flow Uec_207_79 flowId 103 uecSrc 102 finished at 508.297 total messages 1 total packets 490 RTS 0 total bytes 2002140 in_flight now 0 fair_inc 26204 prop_inc 18974 fast_inc 0 eta_inc 23840 multi_dec -31253 quick_dec -0 nack_dec -161850
Flow Uec_194_66 flowId 167 uecSrc 166 finished at 508.885 total messages 1 total packets 490 RTS 0 total bytes 2002140 in_flight now 0 fair_inc 36588 prop_inc 36325 fast_inc 0 eta_inc 23244 multi_dec -137109 quick_dec -0 nack_dec -70550
Flow Uec_108_236 flowId 128 uecSrc 127 finished at 509.391 total messages 1 total packets 490 RTS 0 total bytes 2002140 in_flight now 0 fair_inc 28160 prop_inc 52375 fast_inc 3520 eta_inc 22648 multi_dec -112976 quick_dec -0 nack_dec -91300
Flow Uec_219_91 flowId 192 uecSrc 191 finished at 511.912 total messages 1 total packets 490 RTS 0 total bytes 2002140 in_flight now 0 fair_inc 18955 prop_inc 20398 fast_inc 0 eta_inc 24436 multi_dec -111165 quick_dec -0 nack_dec -83000
Flow Uec_234_106 flowId 137 uecSrc 136 finished at 512.161 total messages 1 total packets 490 RTS 0 total bytes 2002140 in_flight now 0 fair_inc 47843 prop_inc 25624 fast_inc 0 eta_inc 17284 multi_dec -108724 quick_dec -0 nack_dec -91300
Flow Uec_93_221 flowId 80 uecSrc 79 finished at 515.1 total messages 1 total packets 490 RTS 0 total bytes 2002140 in_flight now 0 fair_inc 22200 prop_inc 35905 fast_inc 0 eta_inc 25032 multi_dec -89249 quick_dec -0 nack_dec -107900
Flow Uec_41_169 flowId 73 uecSrc 72 finished at 515.402 total messages 1 total packets 495 RTS 5 total bytes 2002140 in_flight now 0 fair_inc 13478 prop_inc 83506 fast_inc 0 eta_inc 21456 multi_dec -135177 quick_dec --2448 nack_dec -8300
Flow Uec_143_15 flowId 206 uecSrc 205 finished at 516.256 total messages 1 total packets 490 RTS 0 total bytes 2002140 in_flight now 0 fair_inc 10155 prop_inc 47665 fast_inc 0 eta_inc 23840 multi_dec -60778 quick_dec -0 nack_dec -124500
Flow Uec_58_186 flowId 94 uecSrc 93 finished at 517.772 total messages 1 total packets 490 RTS 0 total bytes 2002140 in_flight now 0 fair_inc 33787 prop_inc 21447 fast_inc 0 eta_inc 23840 multi_dec -120508 quick_dec -0 nack_dec -83000
Flow Uec_190_62 flowId 208 uecSrc 207 finished at 519.795 total messages 1 total packets 490 RTS 0 total bytes 2002140 in_flight now 0 fair_inc 27862 prop_inc 57967 fast_inc 98481 eta_inc 23840 multi_dec -119957 quick_dec -0 nack_dec -91300
Flow Uec_104_232 flowId 135 uecSrc 134 finished at 520.341 total messages 1 total packets 490 RTS 0 total bytes 2002140 in_flight now 0 fair_inc 19266 prop_inc 66015 fast_inc 0 eta_inc 23840 multi_dec -127232 quick_dec -0 nack_dec -83000
Flow Uec_74_202 flowId 22 uecSrc 21 finished at 521.367 total messages 1 total packets 490 RTS 0 total bytes 2002140 in_flight now 0 fair_inc 31867 prop_inc 34399 fast_inc 0 eta_inc 23840 multi_dec -66315 quick_dec -0 nack_dec -132800
Flow Uec_163_35 flowId 45 uecSrc 44 finished at 521.59 total messages 1 total packets 491 RTS 1 total bytes 2002140 in_flight now 0 fair_inc 13191 prop_inc 46425 fast_inc 68175 eta_inc 20264 multi_dec -151103 quick_dec -0 nack_dec -49800
Flow Uec_134_6 flowId 183 uecSrc 182 finished at 522.508 total messages 1 total packets 491 RTS 1 total bytes 2002140 in_flight now 0 fair_inc 18511 prop_inc 68989 fast_inc 0 eta_inc 22648 multi_dec -121070 quick_dec -0 nack_dec -83000
Flow Uec_26_154 flowId 4 uecSrc 3 finished at 523.299 total messages 1 total packets 496 RTS 6 total bytes 2002140 in_flight now 0 fair_inc 16606 prop_inc 52105 fast_inc 0 eta_inc 19072 multi_dec -168149 quick_dec -0 nack_dec -4150
Flow Uec_2_130 flowId 122 uecSrc 121 finished at 529.558 total messages 1 total packets 492 RTS 2 total bytes 2002140 in_flight now 0 fair_inc 29480 prop_inc 37275 fast_inc 0 eta_inc 23840 multi_dec -202875 quick_dec -0 nack_dec -0
Flow Uec_177_49 flowId 85 uecSrc 84 finished at 529.885 total messages 1 total packets 492 RTS 2 total bytes 2002140 in_flight now 0 fair_inc 28933 prop_inc 38810 fast_inc 0 eta_inc 22052 multi_dec -34413 quick_dec -0 nack_dec -87150
Flow Uec_38_166 flowId 193 uecSrc 192 finished at 530.667 total messages 1 total packets 501 RTS 11 total bytes 2002140 in_flight now 0 fair_inc 15413 prop_inc 85795 fast_inc 0 eta_inc 22648 multi_dec -86662 quick_dec -0 nack_dec -12450
Flow Uec_112_240 flowId 188 uecSrc 187 finished at 531.019 total messages 1 total packets 490 RTS 0 total bytes 2002140 in_flight now 0 fair_inc 38840 prop_inc 42627 fast_inc 0 eta_inc 22052 multi_dec -92852 quick_dec -0 nack_dec -116200
Flow Uec_118_246 flowId 97 uecSrc 96 finished at 531.988 total messages 1 total packets 490 RTS 0 total bytes 2002140 in_flight now 0 fair_inc 23589 prop_inc 53631 fast_inc 0 eta_inc 25032 multi_dec -106057 quick_dec -0 nack_dec -95450
Flow Uec_42_170 flowId 150 uecSrc 149 finished at 533.176 total messages 1 total packets 504 RTS 14 total bytes 2002140 in_flight now 0 fair_inc 1951 prop_inc 75799 fast_inc 0 eta_inc 20860 multi_dec -0 quick_dec -96505 nack_dec -4150
Flow Uec_59_187 flowId 213 uecSrc 212 finished at 534.095 total messages 1 total packets 490 RTS 0 total bytes 2002140 in_flight now 0 fair_inc 10216 prop_inc 34906 fast_inc 4529 eta_inc 25032 multi_dec -120063 quick_dec -0 nack_dec -83000
Flow Uec_241_113 flowId 152 uecSrc 151 finished at 536.991 total messages 1 total packets 490 RTS 0 total bytes 2002140 in_flight now 0 fair_inc 22742 prop_inc 45067 fast_inc 0 eta_inc 25032 multi_dec -83548 quick_dec -0 nack_dec -124500
Flow Uec_16_144 flowId 191 uecSrc 190 finished at 537.785 total messages 1 total packets 493 RTS 3 total bytes 2002140 in_flight now 0 fair_inc 11203 prop_inc 20141 fast_inc 0 eta_inc 20264 multi_dec -149092 quick_dec -73745 nack_dec -12450
Flow Uec_243_115 flowId 106 uecSrc 105 finished at 537.979 total messages 1 total packets 490 RTS 0 total bytes 2002140 in_flight now 0 fair_inc 18192 prop_inc 51352 fast_inc 0 eta_inc 24436 multi_dec -96883 quick_dec -0 nack_dec -107900
Flow Uec_89_217 flowId 204 uecSrc 203 finished at 539.971 total messages 1 total packets 490 RTS 0 total bytes 2002140 in_flight now 0 fair_inc 23737 prop_inc 15680 fast_inc 0 eta_inc 23840 multi_dec -32077 quick_dec -0 nack_dec -149400
Flow Uec_232_104 flowId 32 uecSrc 31 finished at 552.55 total messages 1 total packets 490 RTS 0 total bytes 2002140 in_flight now 0 fair_inc 44544 prop_inc 32712 fast_inc 49989 eta_inc 20860 multi_dec -124934 quick_dec -0 nack_dec -91300
Flow Uec_171_43 flowId 111 uecSrc 110 finished at 556.066 total messages 1 total packets 490 RTS 0 total bytes 2002140 in_flight now 0 fair_inc 32515 prop_inc 88107 fast_inc 0 eta_inc 24436 multi_dec -169683 quick_dec -0 nack_dec -70550
Flow Uec_255_127 flowId 54 uecSrc 53 finished at 558.235 total messages 1 total packets 490 RTS 0 total bytes 2002140 in_flight now 0 fair_inc 13731 prop_inc 80452 fast_inc 0 eta_inc 24436 multi_dec -113398 quick_dec -0 nack_dec -107900
Flow Uec_4_132 flowId 26 uecSrc 25 finished at 561.38 total messages 1 total packets 492 RTS 2 total bytes 2002140 in_flight now 0 fair_inc 30439 prop_inc 52429 fast_inc 28773 eta_inc 25032 multi_dec -193949 quick_dec -0 nack_dec -29050
Flow Uec_46_174 flowId 156 uecSrc 155 finished at 569.895 total messages 1 total packets 505 RTS 15 total bytes 2002140 in_flight now -192 fair_inc 17269 prop_inc 75845 fast_inc 0 eta_inc 23244 multi_dec -100015 quick_dec -53567 nack_dec -8300
Flow Uec_49_177 flowId 131 uecSrc 130 finished at 573.142 total messages 1 total packets 491 RTS 1 total bytes 2002140 in_flight now 0 fair_inc 0 prop_inc 138596 fast_inc 0 eta_inc 21456 multi_dec -0 quick_dec -185599 nack_dec -16600
Flow Uec_254_126 flowId 51 uecSrc 50 finished at 573.733 total messages 1 total packets 490 RTS 0 total bytes 2002140 in_flight now 0 fair_inc 39746 prop_inc 75724 fast_inc 0 eta_inc 20860 multi_dec -136088 quick_dec -0 nack_dec -99600
Flow Uec_184_56 flowId 35 uecSrc 34 finished at 579.073 total messages 1 total packets 490 RTS 0 total bytes 2002140 in_flight now 0 fair_inc 25624 prop_inc 119038 fast_inc 0 eta_inc 22052 multi_dec -150349 quick_dec -8095 nack_dec -78850
Flow Uec_117_245 flowId 110 uecSrc 109 finished at 583.33 total messages 1 total packets 490 RTS 0 total bytes 2002140 in_flight now 0 fair_inc 24836 prop_inc 63082 fast_inc 168708 eta_inc 23244 multi_dec -179907 quick_dec --8259 nack_dec -83000
Flow Uec_135_7 flowId 7 uecSrc 6 finished at 588.22 total messages 1 total packets 490 RTS 0 total bytes 2002140 in_flight now 0 fair_inc 36391 prop_inc 97839 fast_inc 0 eta_inc 25032 multi_dec -166877 quick_dec -0 nack_dec -83000
Flow Uec_101_229 flowId 163 uecSrc 162 finished at 590.3 total messages 1 total packets 490 RTS 0 total bytes 2002140 in_flight now 0 fair_inc 39890 prop_inc 22604 fast_inc 0 eta_inc 28012 multi_dec -59608 quick_dec -0 nack_dec -145250
Flow Uec_222_94 flowId 75 uecSrc 74 finished at 592.621 total messages 1 total packets 490 RTS 0 total bytes 2002140 in_flight now 0 fair_inc 28474 prop_inc 13879 fast_inc 0 eta_inc 25628 multi_dec -75368 quick_dec -0 nack_dec -128650
Flow Uec_92_220 flowId 127 uecSrc 126 finished at 597.876 total messages 1 total packets 490 RTS 0 total bytes 2002140 in_flight now 0 fair_inc 45749 prop_inc 31140 fast_inc 0 eta_inc 26224 multi_dec -99334 quick_dec -0 nack_dec -136950
Flow Uec_220_92 flowId 173 uecSrc 172 finished at 598.192 total messages 1 total packets 490 RTS 0 total bytes 2002140 in_flight now 0 fair_inc 53398 prop_inc 7420 fast_inc 0 eta_inc 26224 multi_dec -61364 quick_dec -0 nack_dec -157700
Flow Uec_223_95 flowId 195 uecSrc 194 finished at 606.534 total messages 1 total packets 490 RTS 0 total bytes 2002140 in_flight now 0 fair_inc 27121 prop_inc 66636 fast_inc 0 eta_inc 26224 multi_dec -104455 quick_dec -0 nack_dec -116200
Flow Uec_228_100 flowId 90 uecSrc 89 finished at 612.5 total messages 1 total packets 490 RTS 0 total bytes 2002140 in_flight now 0 fair_inc 17945 prop_inc 17939 fast_inc 0 eta_inc 28608 multi_dec -59427 quick_dec -0 nack_dec -136950
Flow Uec_142_14 flowId 68 uecSrc 67 finished at 614.55 total messages 1 total packets 490 RTS 0 total bytes 2002140 in_flight now 0 fair_inc 28478 prop_inc 22952 fast_inc 0 eta_inc 28608 multi_dec -54350 quick_dec -0 nack_dec -149400
Flow Uec_146_18 flowId 81 uecSrc 80 finished at 616.216 total messages 1 total packets 490 RTS 0 total bytes 2002140 in_flight now 0 fair_inc 36548 prop_inc 21636 fast_inc 0 eta_inc 28608 multi_dec -44417 quick_dec -0 nack_dec -153550
Flow Uec_202_74 flowId 25 uecSrc 24 finished at 620.604 total messages 1 total packets 490 RTS 0 total bytes 2002140 in_flight now 0 fair_inc 44610 prop_inc 652 fast_inc 0 eta_inc 28012 multi_dec -100541 quick_dec -0 nack_dec -124500
Flow Uec_78_206 flowId 141 uecSrc 140 finished at 621.365 total messages 1 total packets 490 RTS 0 total bytes 2002140 in_flight now 0 fair_inc 14604 prop_inc 10745 fast_inc 0 eta_inc 28012 multi_dec -51403 quick_dec -0 nack_dec -136950
Flow Uec_73_201 flowId 171 uecSrc 170 finished at 626.361 total messages 1 total packets 490 RTS 0 total bytes 2002140 in_flight now 0 fair_inc 42315 prop_inc 7176 fast_inc 0 eta_inc 26820 multi_dec -59115 quick_dec -0 nack_dec -153550
Flow Uec_84_212 flowId 27 uecSrc 26 finished at 633.788 total messages 1 total packets 490 RTS 0 total bytes 2002140 in_flight now 0 fair_inc 52311 prop_inc 7531 fast_inc 0 eta_inc 28608 multi_dec -89786 quick_dec -0 nack_dec -141100
Flow Uec_88_216 flowId 198 uecSrc 197 finished at 636.828 total messages 1 total packets 490 RTS 0 total bytes 2002140 in_flight now 0 fair_inc 52214 prop_inc 6901 fast_inc 0 eta_inc 22052 multi_dec -115698 quick_dec -0 nack_dec -112050
Flow Uec_79_207 flowId 113 uecSrc 112 finished at 639.806 total messages 1 total packets 490 RTS 0 total bytes 2002140 in_flight now 0 fair_inc 27604 prop_inc 9558 fast_inc 0 eta_inc 28608 multi_dec -63404 quick_dec -0 nack_dec -141100
Flow Uec_199_71 flowId 159 uecSrc 158 finished at 647.651 total messages 1 total packets 490 RTS 0 total bytes 2002140 in_flight now 0 fair_inc 43587 prop_inc 9154 fast_inc 0 eta_inc 29204 multi_dec -91900 quick_dec -0 nack_dec -136950
Flow Uec_240_112 flowId 123 uecSrc 122 finished at 648.686 total messages 1 total packets 490 RTS 0 total bytes 2002140 in_flight now 0 fair_inc 37514 prop_inc 27031 fast_inc 0 eta_inc 29800 multi_dec -95523 quick_dec -0 nack_dec -132800
Flow Uec_97_225 flowId 96 uecSrc 95 finished at 648.864 total messages 1 total packets 490 RTS 0 total bytes 2002140 in_flight now 0 fair_inc 41379 prop_inc 65921 fast_inc 0 eta_inc 28012 multi_dec -130415 quick_dec -0 nack_dec -112050
Flow Uec_99_227 flowId 104 uecSrc 103 finished at 653.1 total messages 1 total packets 490 RTS 0 total bytes 2002140 in_flight now 0 fair_inc 39814 prop_inc 45241 fast_inc 0 eta_inc 29800 multi_dec -61158 quick_dec -0 nack_dec -161850
Flow Uec_72_200 flowId 74 uecSrc 73 finished at 655.364 total messages 1 total packets 490 RTS 0 total bytes 2002140 in_flight now 0 fair_inc 33259 prop_inc 21844 fast_inc 0 eta_inc 29800 multi_dec -118044 quick_dec -0 nack_dec -103750
Flow Uec_0_128 flowId 44 uecSrc 43 finished at 656.251 total messages 1 total packets 506 RTS 16 total bytes 2002140 in_flight now -128 fair_inc 17227 prop_inc 94675 fast_inc 0 eta_inc 26224 multi_dec -88419 quick_dec -61914 nack_dec -37350
Flow Uec_238_110 flowId 189 uecSrc 188 finished at 657.71 total messages 1 total packets 490 RTS 0 total bytes 2002140 in_flight now 0 fair_inc 11899 prop_inc 33759 fast_inc 0 eta_inc 29204 multi_dec -61049 quick_dec -0 nack_dec -136950
Flow Uec_224_96 flowId 58 uecSrc 57 finished at 662.466 total messages 1 total packets 490 RTS 0 total bytes 2002140 in_flight now 0 fair_inc 19891 prop_inc 12486 fast_inc 0 eta_inc 30396 multi_dec -79213 quick_dec -0 nack_dec -136950
Flow Uec_217_89 flowId 39 uecSrc 38 finished at 667.795 total messages 1 total packets 490 RTS 0 total bytes 2002140 in_flight now 0 fair_inc 26277 prop_inc 22825 fast_inc 0 eta_inc 21456 multi_dec -65290 quick_dec -0 nack_dec -136950
Flow Uec_209_81 flowId 23 uecSrc 22 finished at 668.708 total messages 1 total packets 490 RTS 0 total bytes 2002140 in_flight now 0 fair_inc 26621 prop_inc 21863 fast_inc 0 eta_inc 29800 multi_dec -93303 quick_dec -0 nack_dec -124500
Flow Uec_221_93 flowId 196 uecSrc 195 finished at 668.779 total messages 1 total packets 490 RTS 0 total bytes 2002140 in_flight now 0 fair_inc 27752 prop_inc 16645 fast_inc 0 eta_inc 29800 multi_dec -92752 quick_dec -0 nack_dec -120350
Flow Uec_102_230 flowId 11 uecSrc 10 finished at 671.497 total messages 1 total packets 490 RTS 0 total bytes 2002140 in_flight now 0 fair_inc 24334 prop_inc 70234 fast_inc 6550 eta_inc 26820 multi_dec -110831 quick_dec -0 nack_dec -112050
Flow Uec_203_75 flowId 162 uecSrc 161 finished at 671.514 total messages 1 total packets 490 RTS 0 total bytes 2002140 in_flight now 0 fair_inc 50946 prop_inc 17832 fast_inc 0 eta_inc 26224 multi_dec -104340 quick_dec -0 nack_dec -136950
Flow Uec_205_77 flowId 114 uecSrc 113 finished at 673.907 total messages 1 total packets 490 RTS 0 total bytes 2002140 in_flight now 0 fair_inc 29387 prop_inc 20329 fast_inc 0 eta_inc 30396 multi_dec -86872 quick_dec -0 nack_dec -141100
Flow Uec_140_12 flowId 200 uecSrc 199 finished at 689.639 total messages 1 total packets 490 RTS 0 total bytes 2002140 in_flight now 0 fair_inc 25841 prop_inc 104616 fast_inc 0 eta_inc 28012 multi_dec -124807 quick_dec -0 nack_dec -124500
Flow Uec_94_222 flowId 101 uecSrc 100 finished at 696.26 total messages 1 total packets 490 RTS 0 total bytes 2002140 in_flight now 0 fair_inc 29925 prop_inc 18684 fast_inc 79279 eta_inc 29800 multi_dec -105607 quick_dec -0 nack_dec -120350
Flow Uec_95_223 flowId 13 uecSrc 12 finished at 696.666 total messages 1 total packets 490 RTS 0 total bytes 2002140 in_flight now 0 fair_inc 38918 prop_inc 87396 fast_inc 0 eta_inc 29204 multi_dec -124024 quick_dec -0 nack_dec -124500
Flow Uec_96_224 flowId 47 uecSrc 46 finished at 699.495 total messages 1 total packets 490 RTS 0 total bytes 2002140 in_flight now 0 fair_inc 36836 prop_inc 36117 fast_inc 37866 eta_inc 27416 multi_dec -74945 quick_dec -0 nack_dec -157700
Flow Uec_196_68 flowId 201 uecSrc 200 finished at 700.676 total messages 1 total packets 490 RTS 0 total bytes 2002140 in_flight now 0 fair_inc 46263 prop_inc 67289 fast_inc 165680 eta_inc 25032 multi_dec -92047 quick_dec -8184 nack_dec -149400
Flow Uec_131_3 flowId 154 uecSrc 153 finished at 710.477 total messages 1 total packets 492 RTS 2 total bytes 2002140 in_flight now 0 fair_inc 29604 prop_inc 103353 fast_inc 0 eta_inc 26224 multi_dec -115247 quick_dec -12857 nack_dec -120350
Flow Uec_211_83 flowId 87 uecSrc 86 finished at 711.045 total messages 1 total packets 490 RTS 0 total bytes 2002140 in_flight now 0 fair_inc 60807 prop_inc 14046 fast_inc 0 eta_inc 30396 multi_dec -25739 quick_dec -17469 nack_dec -182600
Flow Uec_170_42 flowId 15 uecSrc 14 finished at 714.718 total messages 1 total packets 491 RTS 1 total bytes 2002140 in_flight now 0 fair_inc 19455 prop_inc 96392 fast_inc 0 eta_inc 26224 multi_dec -119721 quick_dec -5887 nack_dec -107900
Flow Uec_174_46 flowId 187 uecSrc 186 finished at 715.726 total messages 1 total packets 493 RTS 3 total bytes 2002140 in_flight now 0 fair_inc 49121 prop_inc 102837 fast_inc 0 eta_inc 28608 multi_dec -145321 quick_dec -7282 nack_dec -103750
Flow Uec_55_183 flowId 142 uecSrc 141 finished at 720.063 total messages 1 total packets 490 RTS 0 total bytes 2002140 in_flight now 0 fair_inc 8102 prop_inc 24287 fast_inc 408138 eta_inc 16688 multi_dec -0 quick_dec -194801 nack_dec -16600
Flow Uec_155_27 flowId 133 uecSrc 132 finished at 729.642 total messages 1 total packets 490 RTS 0 total bytes 2002140 in_flight now 0 fair_inc 42174 prop_inc 1583 fast_inc 0 eta_inc 26224 multi_dec -52741 quick_dec -0 nack_dec -170150
Flow Uec_13_141 flowId 43 uecSrc 42 finished at 738.023 total messages 1 total packets 505 RTS 15 total bytes 2002140 in_flight now 0 fair_inc 41769 prop_inc 81260 fast_inc 0 eta_inc 27416 multi_dec -102846 quick_dec -75118 nack_dec -41500
Flow Uec_229_101 flowId 9 uecSrc 8 finished at 746.313 total messages 1 total packets 490 RTS 0 total bytes 2002140 in_flight now 0 fair_inc 46535 prop_inc 34661 fast_inc 115655 eta_inc 30396 multi_dec -130048 quick_dec -0 nack_dec -141100
Flow Uec_83_211 flowId 76 uecSrc 75 finished at 751.245 total messages 1 total packets 490 RTS 0 total bytes 2002140 in_flight now 0 fair_inc 52028 prop_inc 3020 fast_inc 0 eta_inc 32780 multi_dec -87921 quick_dec -0 nack_dec -153550
Flow Uec_208_80 flowId 144 uecSrc 143 finished at 761.831 total messages 1 total packets 490 RTS 0 total bytes 2002140 in_flight now 0 fair_inc 42905 prop_inc 9304 fast_inc 0 eta_inc 27416 multi_dec -104083 quick_dec -0 nack_dec -128650
Flow Uec_218_90 flowId 61 uecSrc 60 finished at 794.448 total messages 1 total packets 490 RTS 0 total bytes 2002140 in_flight now 0 fair_inc 38606 prop_inc 35993 fast_inc 0 eta_inc 28608 multi_dec -99504 quick_dec -0 nack_dec -141100
Flow Uec_147_19 flowId 175 uecSrc 174 finished at 803.175 total messages 1 total packets 492 RTS 2 total bytes 2002140 in_flight now 0 fair_inc 37356 prop_inc 9524 fast_inc 0 eta_inc 29800 multi_dec -87228 quick_dec -0 nack_dec -120350
Flow Uec_200_72 flowId 49 uecSrc 48 finished at 820.976 total messages 1 total packets 490 RTS 0 total bytes 2002140 in_flight now 0 fair_inc 62569 prop_inc 41382 fast_inc 0 eta_inc 35760 multi_dec -105633 quick_dec -0 nack_dec -161850
Flow Uec_159_31 flowId 130 uecSrc 129 finished at 825.694 total messages 1 total packets 490 RTS 0 total bytes 2002140 in_flight now 0 fair_inc 53528 prop_inc 2308 fast_inc 0 eta_inc 32780 multi_dec -33724 quick_dec -21606 nack_dec -190900
Flow Uec_215_87 flowId 178 uecSrc 177 finished at 837.43 total messages 1 total packets 490 RTS 0 total bytes 2002140 in_flight now 0 fair_inc 71492 prop_inc 11767 fast_inc 0 eta_inc 25032 multi_dec -47131 quick_dec -29993 nack_dec -178450
Flow Uec_197_69 flowId 14 uecSrc 13 finished at 860.732 total messages 1 total packets 490 RTS 0 total bytes 2002140 in_flight now 0 fair_inc 48543 prop_inc 58680 fast_inc 55040 eta_inc 32780 multi_dec -149833 quick_dec -967 nack_dec -120350
Flow Uec_132_4 flowId 125 uecSrc 124 finished at 879.812 total messages 1 total packets 490 RTS 0 total bytes 2002140 in_flight now 0 fair_inc 70209 prop_inc 45915 fast_inc 0 eta_inc 35760 multi_dec -112617 quick_dec -7222 nack_dec -157700
Flow Uec_167_39 flowId 98 uecSrc 97 finished at 893.915 total messages 1 total packets 490 RTS 0 total bytes 2002140 in_flight now 0 fair_inc 46624 prop_inc 8679 fast_inc 0 eta_inc 39932 multi_dec -82461 quick_dec -0 nack_dec -170150
Flow Uec_85_213 flowId 65 uecSrc 64 finished at 900.243 total messages 1 total packets 490 RTS 0 total bytes 2002140 in_flight now 0 fair_inc 59184 prop_inc 4973 fast_inc 0 eta_inc 30396 multi_dec -59210 quick_dec -12551 nack_dec -182600
Flow Uec_70_198 flowId 184 uecSrc 183 finished at 909.033 total messages 1 total packets 490 RTS 0 total bytes 2002140 in_flight now 0 fair_inc 55960 prop_inc 5289 fast_inc 0 eta_inc 30992 multi_dec -90108 quick_dec -0 nack_dec -166000
Flow Uec_214_86 flowId 190 uecSrc 189 finished at 914.388 total messages 1 total packets 490 RTS 0 total bytes 2002140 in_flight now 0 fair_inc 74068 prop_inc 30255 fast_inc 0 eta_inc 30396 multi_dec -54572 quick_dec -63844 nack_dec -178450
Flow Uec_77_205 flowId 62 uecSrc 61 finished at 937.869 total messages 1 total packets 490 RTS 0 total bytes 2002140 in_flight now 0 fair_inc 72553 prop_inc 17438 fast_inc 0 eta_inc 35164 multi_dec -123386 quick_dec -0 nack_dec -149400
Flow Uec_141_13 flowId 107 uecSrc 106 finished at 938.402 total messages 1 total packets 491 RTS 1 total bytes 2002140 in_flight now 0 fair_inc 81602 prop_inc 61918 fast_inc 0 eta_inc 35760 multi_dec -173747 quick_dec -10292 nack_dec -128650
Flow Uec_11_139 flowId 197 uecSrc 196 finished at 965.488 total messages 1 total packets 513 RTS 23 total bytes 2002140 in_flight now -64 fair_inc 25075 prop_inc 118408 fast_inc 0 eta_inc 37548 multi_dec -130569 quick_dec -0 nack_dec -0
Flow Uec_91_219 flowId 21 uecSrc 20 finished at 967.05 total messages 1 total packets 490 RTS 0 total bytes 2002140 in_flight now 0 fair_inc 52527 prop_inc 32442 fast_inc 0 eta_inc 41124 multi_dec -64295 quick_dec --3207 nack_dec -199200
Flow Uec_152_24 flowId 92 uecSrc 91 finished at 967.676 total messages 1 total packets 490 RTS 0 total bytes 2002140 in_flight now 0 fair_inc 48444 prop_inc 19180 fast_inc 0 eta_inc 38144 multi_dec -121179 quick_dec -0 nack_dec -141100
Flow Uec_161_33 flowId 121 uecSrc 120 finished at 971.157 total messages 1 total packets 490 RTS 0 total bytes 2002140 in_flight now 0 fair_inc 27666 prop_inc 19052 fast_inc 0 eta_inc 40528 multi_dec -44084 quick_dec -9839 nack_dec -186750
Flow Uec_172_44 flowId 153 uecSrc 152 finished at 996.776 total messages 1 total packets 490 RTS 0 total bytes 2002140 in_flight now 0 fair_inc 59391 prop_inc 29593 fast_inc 0 eta_inc 35164 multi_dec -54792 quick_dec -130925 nack_dec -132800
Flow Uec_173_45 flowId 212 uecSrc 211 finished at 998.607 total messages 1 total packets 490 RTS 0 total bytes 2002140 in_flight now 0 fair_inc 26501 prop_inc 31361 fast_inc 5539 eta_inc 39932 multi_dec -24045 quick_dec -116407 nack_dec -132800
Flow Uec_213_85 flowId 172 uecSrc 171 finished at 998.948 total messages 1 total packets 490 RTS 0 total bytes 2002140 in_flight now 0 fair_inc 38145 prop_inc 67803 fast_inc 0 eta_inc 32184 multi_dec -44421 quick_dec -52764 nack_dec -153550
Flow Uec_129_1 flowId 72 uecSrc 71 finished at 1012.5 total messages 1 total packets 491 RTS 1 total bytes 2002140 in_flight now 0 fair_inc 73670 prop_inc 76000 fast_inc 0 eta_inc 36356 multi_dec -155475 quick_dec --1077 nack_dec -161850
Flow Uec_212_84 flowId 31 uecSrc 30 finished at 1013.99 total messages 1 total packets 490 RTS 0 total bytes 2002140 in_flight now 0 fair_inc 47231 prop_inc 62404 fast_inc 0 eta_inc 36356 multi_dec -62628 quick_dec -58933 nack_dec -166000
Flow Uec_157_29 flowId 63 uecSrc 62 finished at 1031.2 total messages 1 total packets 490 RTS 0 total bytes 2002140 in_flight now 0 fair_inc 40584 prop_inc 22260 fast_inc 0 eta_inc 29800 multi_dec -24135 quick_dec -98169 nack_dec -153550
1031.48 flowid 174 Spurious 343
Flow Uec_76_204 flowId 179 uecSrc 178 finished at 1032.45 total messages 1 total packets 490 RTS 0 total bytes 2002140 in_flight now 0 fair_inc 60189 prop_inc 75978 fast_inc 0 eta_inc 35760 multi_dec -152668 quick_dec -7984 nack_dec -124500
Flow Uec_128_0 flowId 6 uecSrc 5 finished at 1053.47 total messages 1 total packets 490 RTS 0 total bytes 2002140 in_flight now 0 fair_inc 63547 prop_inc 92948 fast_inc 0 eta_inc 34568 multi_dec -157131 quick_dec -3652 nack_dec -157700
Flow Uec_176_48 flowId 145 uecSrc 144 finished at 1062.57 total messages 1 total packets 490 RTS 0 total bytes 2002140 in_flight now 0 fair_inc 35022 prop_inc 33020 fast_inc 0 eta_inc 40528 multi_dec -51077 quick_dec -33547 nack_dec -166000
Flow Uec_160_32 flowId 210 uecSrc 209 finished at 1082.05 total messages 1 total packets 491 RTS 1 total bytes 2002140 in_flight now 0 fair_inc 38592 prop_inc 45993 fast_inc 0 eta_inc 35164 multi_dec -103008 quick_dec -10720 nack_dec -132800
Flow Uec_164_36 flowId 199 uecSrc 198 finished at 1157.44 total messages 1 total packets 492 RTS 2 total bytes 2002140 in_flight now 0 fair_inc 53014 prop_inc 67955 fast_inc 0 eta_inc 39336 multi_dec -134881 quick_dec -3864 nack_dec -132800
1191.7 flowid 174 Spurious 351
Flow Uec_175_47 flowId 174 uecSrc 173 finished at 1362.46 total messages 1 total packets 494 RTS 4 total bytes 2002140 in_flight now 0 fair_inc 52912 prop_inc 79502 fast_inc 0 eta_inc 41720 multi_dec -131696 quick_dec --1156 nack_dec -103750
.Done
New: 106820 Rtx: 5371 RTS: 273 Bounced: 0 ACKs: 83791 NACKs: 4298 Pulls: 0 sleek_pkts: 0
