traffic matrix input file: connection_matrices/load_sweep/load0.65_n256_seed5.cm
Load balancing algorithm set to oblivious
no_of_nodes 256
Dragonfly+ strategy: FPAR
Setting queuesize to 50 packets
endtime(us) 100000
random seed 5
Packet size (MTU) is 4150
Parsed args
Logging to reps_dfp_results/reps_withoutnorm256/load0.65_oblivious_seed5.dat
Loading connection matrix from connection_matrices/load_sweep/load0.65_n256_seed5.cm
Nodes: 256 Connections: 166 Triggers: 0 Failures: 0
Setting ECN low 33200 high 120350
Dragonfly+ with medium topology type
Link latencies: 1 and switch latencies: 0
queue_id 2 ecn_low 33200 ecn_high 120350
DragonFly+ constructor done, 392 nodes created
Note: topology supports 392 hosts; 136 host port(s) will be unused.
network_max_unloaded_rtt 11.6856 us
Setting min RTO to 114.6
Per-hop RTT normalization: OFF (strategy fpar)
Initializing static NSCC parameters: _reference_network_linkspeed=100000000000 _reference_network_rtt=12000000 _reference_network_bdp=150000 _target_Qdelay=8764200 _network_linkspeed=100000000000 _network_rtt=11685600 _network_bdp=146070 _qa_gate=2^3 _qa_threshold=3.50568e+07 _scaling_factor_a=0.9738 _scaling_factor_b=0.73035 _alpha=0.00132632 _fi=19894.7 _eta=596.842 _qa_scaling=1 _gamma=0.8 _fi_scale=0.24345 _delay_alpha=0.0125 _adjust_period_threshold=11685600 _adjust_bytes_threshold=33200
Initialize per-instance NSCC parameters: flowid 1 _base_rtt=11685600 _base_bdp=146070 _bdp=146070 _min_cwnd=4150 _maxwnd=219105 _cwnd=219105
Initialize per-instance NSCC parameters: flowid 2 _base_rtt=11685600 _base_bdp=146070 _bdp=146070 _min_cwnd=4150 _maxwnd=219105 _cwnd=219105
Initialize per-instance NSCC parameters: flowid 3 _base_rtt=11685600 _base_bdp=146070 _bdp=146070 _min_cwnd=4150 _maxwnd=219105 _cwnd=219105
Initialize per-instance NSCC parameters: flowid 4 _base_rtt=11685600 _base_bdp=146070 _bdp=146070 _min_cwnd=4150 _maxwnd=219105 _cwnd=219105
Initialize per-instance NSCC parameters: flowid 5 _base_rtt=11685600 _base_bdp=146070 _bdp=146070 _min_cwnd=4150 _maxwnd=219105 _cwnd=219105
Initialize per-instance NSCC parameters: flowid 6 _base_rtt=11685600 _base_bdp=146070 _bdp=146070 _min_cwnd=4150 _maxwnd=219105 _cwnd=219105
Initialize per-instance NSCC parameters: flowid 7 _base_rtt=11685600 _base_bdp=146070 _bdp=146070 _min_cwnd=4150 _maxwnd=219105 _cwnd=219105
Initialize per-instance NSCC parameters: flowid 8 _base_rtt=11685600 _base_bdp=146070 _bdp=146070 _min_cwnd=4150 _maxwnd=219105 _cwnd=219105
Initialize per-instance NSCC parameters: flowid 9 _base_rtt=11685600 _base_bdp=146070 _bdp=146070 _min_cwnd=4150 _maxwnd=219105 _cwnd=219105
Initialize per-instance NSCC parameters: flowid 10 _base_rtt=11685600 _base_bdp=146070 _bdp=146070 _min_cwnd=4150 _maxwnd=219105 _cwnd=219105
Initialize per-instance NSCC parameters: flowid 11 _base_rtt=11685600 _base_bdp=146070 _bdp=146070 _min_cwnd=4150 _maxwnd=219105 _cwnd=219105
Initialize per-instance NSCC parameters: flowid 12 _base_rtt=11685600 _base_bdp=146070 _bdp=146070 _min_cwnd=4150 _maxwnd=219105 _cwnd=219105
Initialize per-instance NSCC parameters: flowid 13 _base_rtt=11685600 _base_bdp=146070 _bdp=146070 _min_cwnd=4150 _maxwnd=219105 _cwnd=219105
Initialize per-instance NSCC parameters: flowid 14 _base_rtt=11685600 _base_bdp=146070 _bdp=146070 _min_cwnd=4150 _maxwnd=219105 _cwnd=219105
Initialize per-instance NSCC parameters: flowid 15 _base_rtt=11685600 _base_bdp=146070 _bdp=146070 _min_cwnd=4150 _maxwnd=219105 _cwnd=219105
Initialize per-instance NSCC parameters: flowid 16 _base_rtt=11685600 _base_bdp=146070 _bdp=146070 _min_cwnd=4150 _maxwnd=219105 _cwnd=219105
Initialize per-instance NSCC parameters: flowid 17 _base_rtt=11685600 _base_bdp=146070 _bdp=146070 _min_cwnd=4150 _maxwnd=219105 _cwnd=219105
Initialize per-instance NSCC parameters: flowid 18 _base_rtt=11685600 _base_bdp=146070 _bdp=146070 _min_cwnd=4150 _maxwnd=219105 _cwnd=219105
Initialize per-instance NSCC parameters: flowid 19 _base_rtt=11685600 _base_bdp=146070 _bdp=146070 _min_cwnd=4150 _maxwnd=219105 _cwnd=219105
Initialize per-instance NSCC parameters: flowid 20 _base_rtt=11685600 _base_bdp=146070 _bdp=146070 _min_cwnd=4150 _maxwnd=219105 _cwnd=219105
Initialize per-instance NSCC parameters: flowid 21 _base_rtt=11685600 _base_bdp=146070 _bdp=146070 _min_cwnd=4150 _maxwnd=219105 _cwnd=219105
Initialize per-instance NSCC parameters: flowid 22 _base_rtt=11685600 _base_bdp=146070 _bdp=146070 _min_cwnd=4150 _maxwnd=219105 _cwnd=219105
Initialize per-instance NSCC parameters: flowid 23 _base_rtt=11685600 _base_bdp=146070 _bdp=146070 _min_cwnd=4150 _maxwnd=219105 _cwnd=219105
Initialize per-instance NSCC parameters: flowid 24 _base_rtt=11685600 _base_bdp=146070 _bdp=146070 _min_cwnd=4150 _maxwnd=219105 _cwnd=219105
Initialize per-instance NSCC parameters: flowid 25 _base_rtt=11685600 _base_bdp=146070 _bdp=146070 _min_cwnd=4150 _maxwnd=219105 _cwnd=219105
Initialize per-instance NSCC parameters: flowid 26 _base_rtt=11685600 _base_bdp=146070 _bdp=146070 _min_cwnd=4150 _maxwnd=219105 _cwnd=219105
Initialize per-instance NSCC parameters: flowid 27 _base_rtt=11685600 _base_bdp=146070 _bdp=146070 _min_cwnd=4150 _maxwnd=219105 _cwnd=219105
Initialize per-instance NSCC parameters: flowid 28 _base_rtt=11685600 _base_bdp=146070 _bdp=146070 _min_cwnd=4150 _maxwnd=219105 _cwnd=219105
Initialize per-instance NSCC parameters: flowid 29 _base_rtt=11685600 _base_bdp=146070 _bdp=146070 _min_cwnd=4150 _maxwnd=219105 _cwnd=219105
Initialize per-instance NSCC parameters: flowid 30 _base_rtt=11685600 _base_bdp=146070 _bdp=146070 _min_cwnd=4150 _maxwnd=219105 _cwnd=219105
Initialize per-instance NSCC parameters: flowid 31 _base_rtt=11685600 _base_bdp=146070 _bdp=146070 _min_cwnd=4150 _maxwnd=219105 _cwnd=219105
Initialize per-instance NSCC parameters: flowid 32 _base_rtt=11685600 _base_bdp=146070 _bdp=146070 _min_cwnd=4150 _maxwnd=219105 _cwnd=219105
Initialize per-instance NSCC parameters: flowid 33 _base_rtt=11685600 _base_bdp=146070 _bdp=146070 _min_cwnd=4150 _maxwnd=219105 _cwnd=219105
Initialize per-instance NSCC parameters: flowid 34 _base_rtt=11685600 _base_bdp=146070 _bdp=146070 _min_cwnd=4150 _maxwnd=219105 _cwnd=219105
Initialize per-instance NSCC parameters: flowid 35 _base_rtt=11685600 _base_bdp=146070 _bdp=146070 _min_cwnd=4150 _maxwnd=219105 _cwnd=219105
Initialize per-instance NSCC parameters: flowid 36 _base_rtt=11685600 _base_bdp=146070 _bdp=146070 _min_cwnd=4150 _maxwnd=219105 _cwnd=219105
Initialize per-instance NSCC parameters: flowid 37 _base_rtt=11685600 _base_bdp=146070 _bdp=146070 _min_cwnd=4150 _maxwnd=219105 _cwnd=219105
Initialize per-instance NSCC parameters: flowid 38 _base_rtt=11685600 _base_bdp=146070 _bdp=146070 _min_cwnd=4150 _maxwnd=219105 _cwnd=219105
Initialize per-instance NSCC parameters: flowid 39 _base_rtt=11685600 _base_bdp=146070 _bdp=146070 _min_cwnd=4150 _maxwnd=219105 _cwnd=219105
Initialize per-instance NSCC parameters: flowid 40 _base_rtt=11685600 _base_bdp=146070 _bdp=146070 _min_cwnd=4150 _maxwnd=219105 _cwnd=219105
Initialize per-instance NSCC parameters: flowid 41 _base_rtt=11685600 _base_bdp=146070 _bdp=146070 _min_cwnd=4150 _maxwnd=219105 _cwnd=219105
Initialize per-instance NSCC parameters: flowid 42 _base_rtt=11685600 _base_bdp=146070 _bdp=146070 _min_cwnd=4150 _maxwnd=219105 _cwnd=219105
Initialize per-instance NSCC parameters: flowid 43 _base_rtt=11685600 _base_bdp=146070 _bdp=146070 _min_cwnd=4150 _maxwnd=219105 _cwnd=219105
Initialize per-instance NSCC parameters: flowid 44 _base_rtt=11685600 _base_bdp=146070 _bdp=146070 _min_cwnd=4150 _maxwnd=219105 _cwnd=219105
Initialize per-instance NSCC parameters: flowid 45 _base_rtt=11685600 _base_bdp=146070 _bdp=146070 _min_cwnd=4150 _maxwnd=219105 _cwnd=219105
Initialize per-instance NSCC parameters: flowid 46 _base_rtt=11685600 _base_bdp=146070 _bdp=146070 _min_cwnd=4150 _maxwnd=219105 _cwnd=219105
Initialize per-instance NSCC parameters: flowid 47 _base_rtt=11685600 _base_bdp=146070 _bdp=146070 _min_cwnd=4150 _maxwnd=219105 _cwnd=219105
Initialize per-instance NSCC parameters: flowid 48 _base_rtt=11685600 _base_bdp=146070 _bdp=146070 _min_cwnd=4150 _maxwnd=219105 _cwnd=219105
Initialize per-instance NSCC parameters: flowid 49 _base_rtt=11685600 _base_bdp=146070 _bdp=146070 _min_cwnd=4150 _maxwnd=219105 _cwnd=219105
Initialize per-instance NSCC parameters: flowid 50 _base_rtt=11685600 _base_bdp=146070 _bdp=146070 _min_cwnd=4150 _maxwnd=219105 _cwnd=219105
Initialize per-instance NSCC parameters: flowid 51 _base_rtt=11685600 _base_bdp=146070 _bdp=146070 _min_cwnd=4150 _maxwnd=219105 _cwnd=219105
Initialize per-instance NSCC parameters: flowid 52 _base_rtt=11685600 _base_bdp=146070 _bdp=146070 _min_cwnd=4150 _maxwnd=219105 _cwnd=219105
Initialize per-instance NSCC parameters: flowid 53 _base_rtt=11685600 _base_bdp=146070 _bdp=146070 _min_cwnd=4150 _maxwnd=219105 _cwnd=219105
Initialize per-instance NSCC parameters: flowid 54 _base_rtt=11685600 _base_bdp=146070 _bdp=146070 _min_cwnd=4150 _maxwnd=219105 _cwnd=219105
Initialize per-instance NSCC parameters: flowid 55 _base_rtt=11685600 _base_bdp=146070 _bdp=146070 _min_cwnd=4150 _maxwnd=219105 _cwnd=219105
Initialize per-instance NSCC parameters: flowid 56 _base_rtt=11685600 _base_bdp=146070 _bdp=146070 _min_cwnd=4150 _maxwnd=219105 _cwnd=219105
Initialize per-instance NSCC parameters: flowid 57 _base_rtt=11685600 _base_bdp=146070 _bdp=146070 _min_cwnd=4150 _maxwnd=219105 _cwnd=219105
Initialize per-instance NSCC parameters: flowid 58 _base_rtt=11685600 _base_bdp=146070 _bdp=146070 _min_cwnd=4150 _maxwnd=219105 _cwnd=219105
Initialize per-instance NSCC parameters: flowid 59 _base_rtt=11685600 _base_bdp=146070 _bdp=146070 _min_cwnd=4150 _maxwnd=219105 _cwnd=219105
Initialize per-instance NSCC parameters: flowid 60 _base_rtt=11685600 _base_bdp=146070 _bdp=146070 _min_cwnd=4150 _maxwnd=219105 _cwnd=219105
Initialize per-instance NSCC parameters: flowid 61 _base_rtt=11685600 _base_bdp=146070 _bdp=146070 _min_cwnd=4150 _maxwnd=219105 _cwnd=219105
Initialize per-instance NSCC parameters: flowid 62 _base_rtt=11685600 _base_bdp=146070 _bdp=146070 _min_cwnd=4150 _maxwnd=219105 _cwnd=219105
Initialize per-instance NSCC parameters: flowid 63 _base_rtt=11685600 _base_bdp=146070 _bdp=146070 _min_cwnd=4150 _maxwnd=219105 _cwnd=219105
Initialize per-instance NSCC parameters: flowid 64 _base_rtt=11685600 _base_bdp=146070 _bdp=146070 _min_cwnd=4150 _maxwnd=219105 _cwnd=219105
Initialize per-instance NSCC parameters: flowid 65 _base_rtt=11685600 _base_bdp=146070 _bdp=146070 _min_cwnd=4150 _maxwnd=219105 _cwnd=219105
Initialize per-instance NSCC parameters: flowid 66 _base_rtt=11685600 _base_bdp=146070 _bdp=146070 _min_cwnd=4150 _maxwnd=219105 _cwnd=219105
Initialize per-instance NSCC parameters: flowid 67 _base_rtt=11685600 _base_bdp=146070 _bdp=146070 _min_cwnd=4150 _maxwnd=219105 _cwnd=219105
Initialize per-instance NSCC parameters: flowid 68 _base_rtt=11685600 _base_bdp=146070 _bdp=146070 _min_cwnd=4150 _maxwnd=219105 _cwnd=219105
Initialize per-instance NSCC parameters: flowid 69 _base_rtt=11685600 _base_bdp=146070 _bdp=146070 _min_cwnd=4150 _maxwnd=219105 _cwnd=219105
Initialize per-instance NSCC parameters: flowid 70 _base_rtt=11685600 _base_bdp=146070 _bdp=146070 _min_cwnd=4150 _maxwnd=219105 _cwnd=219105
Initialize per-instance NSCC parameters: flowid 71 _base_rtt=11685600 _base_bdp=146070 _bdp=146070 _min_cwnd=4150 _maxwnd=219105 _cwnd=219105
Initialize per-instance NSCC parameters: flowid 72 _base_rtt=11685600 _base_bdp=146070 _bdp=146070 _min_cwnd=4150 _maxwnd=219105 _cwnd=219105
Initialize per-instance NSCC parameters: flowid 73 _base_rtt=11685600 _base_bdp=146070 _bdp=146070 _min_cwnd=4150 _maxwnd=219105 _cwnd=219105
Initialize per-instance NSCC parameters: flowid 74 _base_rtt=11685600 _base_bdp=146070 _bdp=146070 _min_cwnd=4150 _maxwnd=219105 _cwnd=219105
Initialize per-instance NSCC parameters: flowid 75 _base_rtt=11685600 _base_bdp=146070 _bdp=146070 _min_cwnd=4150 _maxwnd=219105 _cwnd=219105
Initialize per-instance NSCC parameters: flowid 76 _base_rtt=11685600 _base_bdp=146070 _bdp=146070 _min_cwnd=4150 _maxwnd=219105 _cwnd=219105
Initialize per-instance NSCC parameters: flowid 77 _base_rtt=11685600 _base_bdp=146070 _bdp=146070 _min_cwnd=4150 _maxwnd=219105 _cwnd=219105
Initialize per-instance NSCC parameters: flowid 78 _base_rtt=11685600 _base_bdp=146070 _bdp=146070 _min_cwnd=4150 _maxwnd=219105 _cwnd=219105
Initialize per-instance NSCC parameters: flowid 79 _base_rtt=11685600 _base_bdp=146070 _bdp=146070 _min_cwnd=4150 _maxwnd=219105 _cwnd=219105
Initialize per-instance NSCC parameters: flowid 80 _base_rtt=11685600 _base_bdp=146070 _bdp=146070 _min_cwnd=4150 _maxwnd=219105 _cwnd=219105
Initialize per-instance NSCC parameters: flowid 81 _base_rtt=11685600 _base_bdp=146070 _bdp=146070 _min_cwnd=4150 _maxwnd=219105 _cwnd=219105
Initialize per-instance NSCC parameters: flowid 82 _base_rtt=11685600 _base_bdp=146070 _bdp=146070 _min_cwnd=4150 _maxwnd=219105 _cwnd=219105
Initialize per-instance NSCC parameters: flowid 83 _base_rtt=11685600 _base_bdp=146070 _bdp=146070 _min_cwnd=4150 _maxwnd=219105 _cwnd=219105
Initialize per-instance NSCC parameters: flowid 84 _base_rtt=11685600 _base_bdp=146070 _bdp=146070 _min_cwnd=4150 _maxwnd=219105 _cwnd=219105
Initialize per-instance NSCC parameters: flowid 85 _base_rtt=11685600 _base_bdp=146070 _bdp=146070 _min_cwnd=4150 _maxwnd=219105 _cwnd=219105
Initialize per-instance NSCC parameters: flowid 86 _base_rtt=11685600 _base_bdp=146070 _bdp=146070 _min_cwnd=4150 _maxwnd=219105 _cwnd=219105
Initialize per-instance NSCC parameters: flowid 87 _base_rtt=11685600 _base_bdp=146070 _bdp=146070 _min_cwnd=4150 _maxwnd=219105 _cwnd=219105
Initialize per-instance NSCC parameters: flowid 88 _base_rtt=11685600 _base_bdp=146070 _bdp=146070 _min_cwnd=4150 _maxwnd=219105 _cwnd=219105
Initialize per-instance NSCC parameters: flowid 89 _base_rtt=11685600 _base_bdp=146070 _bdp=146070 _min_cwnd=4150 _maxwnd=219105 _cwnd=219105
Initialize per-instance NSCC parameters: flowid 90 _base_rtt=11685600 _base_bdp=146070 _bdp=146070 _min_cwnd=4150 _maxwnd=219105 _cwnd=219105
Initialize per-instance NSCC parameters: flowid 91 _base_rtt=11685600 _base_bdp=146070 _bdp=146070 _min_cwnd=4150 _maxwnd=219105 _cwnd=219105
Initialize per-instance NSCC parameters: flowid 92 _base_rtt=11685600 _base_bdp=146070 _bdp=146070 _min_cwnd=4150 _maxwnd=219105 _cwnd=219105
Initialize per-instance NSCC parameters: flowid 93 _base_rtt=11685600 _base_bdp=146070 _bdp=146070 _min_cwnd=4150 _maxwnd=219105 _cwnd=219105
Initialize per-instance NSCC parameters: flowid 94 _base_rtt=11685600 _base_bdp=146070 _bdp=146070 _min_cwnd=4150 _maxwnd=219105 _cwnd=219105
Initialize per-instance NSCC parameters: flowid 95 _base_rtt=11685600 _base_bdp=146070 _bdp=146070 _min_cwnd=4150 _maxwnd=219105 _cwnd=219105
Initialize per-instance NSCC parameters: flowid 96 _base_rtt=11685600 _base_bdp=146070 _bdp=146070 _min_cwnd=4150 _maxwnd=219105 _cwnd=219105
Initialize per-instance NSCC parameters: flowid 97 _base_rtt=11685600 _base_bdp=146070 _bdp=146070 _min_cwnd=4150 _maxwnd=219105 _cwnd=219105
Initialize per-instance NSCC parameters: flowid 98 _base_rtt=11685600 _base_bdp=146070 _bdp=146070 _min_cwnd=4150 _maxwnd=219105 _cwnd=219105
Initialize per-instance NSCC parameters: flowid 99 _base_rtt=11685600 _base_bdp=146070 _bdp=146070 _min_cwnd=4150 _maxwnd=219105 _cwnd=219105
Initialize per-instance NSCC parameters: flowid 100 _base_rtt=11685600 _base_bdp=146070 _bdp=146070 _min_cwnd=4150 _maxwnd=219105 _cwnd=219105
Initialize per-instance NSCC parameters: flowid 101 _base_rtt=11685600 _base_bdp=146070 _bdp=146070 _min_cwnd=4150 _maxwnd=219105 _cwnd=219105
Initialize per-instance NSCC parameters: flowid 102 _base_rtt=11685600 _base_bdp=146070 _bdp=146070 _min_cwnd=4150 _maxwnd=219105 _cwnd=219105
Initialize per-instance NSCC parameters: flowid 103 _base_rtt=11685600 _base_bdp=146070 _bdp=146070 _min_cwnd=4150 _maxwnd=219105 _cwnd=219105
Initialize per-instance NSCC parameters: flowid 104 _base_rtt=11685600 _base_bdp=146070 _bdp=146070 _min_cwnd=4150 _maxwnd=219105 _cwnd=219105
Initialize per-instance NSCC parameters: flowid 105 _base_rtt=11685600 _base_bdp=146070 _bdp=146070 _min_cwnd=4150 _maxwnd=219105 _cwnd=219105
Initialize per-instance NSCC parameters: flowid 106 _base_rtt=11685600 _base_bdp=146070 _bdp=146070 _min_cwnd=4150 _maxwnd=219105 _cwnd=219105
Initialize per-instance NSCC parameters: flowid 107 _base_rtt=11685600 _base_bdp=146070 _bdp=146070 _min_cwnd=4150 _maxwnd=219105 _cwnd=219105
Initialize per-instance NSCC parameters: flowid 108 _base_rtt=11685600 _base_bdp=146070 _bdp=146070 _min_cwnd=4150 _maxwnd=219105 _cwnd=219105
Initialize per-instance NSCC parameters: flowid 109 _base_rtt=11685600 _base_bdp=146070 _bdp=146070 _min_cwnd=4150 _maxwnd=219105 _cwnd=219105
Initialize per-instance NSCC parameters: flowid 110 _base_rtt=11685600 _base_bdp=146070 _bdp=146070 _min_cwnd=4150 _maxwnd=219105 _cwnd=219105
Initialize per-instance NSCC parameters: flowid 111 _base_rtt=11685600 _base_bdp=146070 _bdp=146070 _min_cwnd=4150 _maxwnd=219105 _cwnd=219105
Initialize per-instance NSCC parameters: flowid 112 _base_rtt=11685600 _base_bdp=146070 _bdp=146070 _min_cwnd=4150 _maxwnd=219105 _cwnd=219105
Initialize per-instance NSCC parameters: flowid 113 _base_rtt=11685600 _base_bdp=146070 _bdp=146070 _min_cwnd=4150 _maxwnd=219105 _cwnd=219105
Initialize per-instance NSCC parameters: flowid 114 _base_rtt=11685600 _base_bdp=146070 _bdp=146070 _min_cwnd=4150 _maxwnd=219105 _cwnd=219105
Initialize per-instance NSCC parameters: flowid 115 _base_rtt=11685600 _base_bdp=146070 _bdp=146070 _min_cwnd=4150 _maxwnd=219105 _cwnd=219105
Initialize per-instance NSCC parameters: flowid 116 _base_rtt=11685600 _base_bdp=146070 _bdp=146070 _min_cwnd=4150 _maxwnd=219105 _cwnd=219105
Initialize per-instance NSCC parameters: flowid 117 _base_rtt=11685600 _base_bdp=146070 _bdp=146070 _min_cwnd=4150 _maxwnd=219105 _cwnd=219105
Initialize per-instance NSCC parameters: flowid 118 _base_rtt=11685600 _base_bdp=146070 _bdp=146070 _min_cwnd=4150 _maxwnd=219105 _cwnd=219105
Initialize per-instance NSCC parameters: flowid 119 _base_rtt=11685600 _base_bdp=146070 _bdp=146070 _min_cwnd=4150 _maxwnd=219105 _cwnd=219105
Initialize per-instance NSCC parameters: flowid 120 _base_rtt=11685600 _base_bdp=146070 _bdp=146070 _min_cwnd=4150 _maxwnd=219105 _cwnd=219105
Initialize per-instance NSCC parameters: flowid 121 _base_rtt=11685600 _base_bdp=146070 _bdp=146070 _min_cwnd=4150 _maxwnd=219105 _cwnd=219105
Initialize per-instance NSCC parameters: flowid 122 _base_rtt=11685600 _base_bdp=146070 _bdp=146070 _min_cwnd=4150 _maxwnd=219105 _cwnd=219105
Initialize per-instance NSCC parameters: flowid 123 _base_rtt=11685600 _base_bdp=146070 _bdp=146070 _min_cwnd=4150 _maxwnd=219105 _cwnd=219105
Initialize per-instance NSCC parameters: flowid 124 _base_rtt=11685600 _base_bdp=146070 _bdp=146070 _min_cwnd=4150 _maxwnd=219105 _cwnd=219105
Initialize per-instance NSCC parameters: flowid 125 _base_rtt=11685600 _base_bdp=146070 _bdp=146070 _min_cwnd=4150 _maxwnd=219105 _cwnd=219105
Initialize per-instance NSCC parameters: flowid 126 _base_rtt=11685600 _base_bdp=146070 _bdp=146070 _min_cwnd=4150 _maxwnd=219105 _cwnd=219105
Initialize per-instance NSCC parameters: flowid 127 _base_rtt=11685600 _base_bdp=146070 _bdp=146070 _min_cwnd=4150 _maxwnd=219105 _cwnd=219105
Initialize per-instance NSCC parameters: flowid 128 _base_rtt=11685600 _base_bdp=146070 _bdp=146070 _min_cwnd=4150 _maxwnd=219105 _cwnd=219105
Initialize per-instance NSCC parameters: flowid 129 _base_rtt=11685600 _base_bdp=146070 _bdp=146070 _min_cwnd=4150 _maxwnd=219105 _cwnd=219105
Initialize per-instance NSCC parameters: flowid 130 _base_rtt=11685600 _base_bdp=146070 _bdp=146070 _min_cwnd=4150 _maxwnd=219105 _cwnd=219105
Initialize per-instance NSCC parameters: flowid 131 _base_rtt=11685600 _base_bdp=146070 _bdp=146070 _min_cwnd=4150 _maxwnd=219105 _cwnd=219105
Initialize per-instance NSCC parameters: flowid 132 _base_rtt=11685600 _base_bdp=146070 _bdp=146070 _min_cwnd=4150 _maxwnd=219105 _cwnd=219105
Initialize per-instance NSCC parameters: flowid 133 _base_rtt=11685600 _base_bdp=146070 _bdp=146070 _min_cwnd=4150 _maxwnd=219105 _cwnd=219105
Initialize per-instance NSCC parameters: flowid 134 _base_rtt=11685600 _base_bdp=146070 _bdp=146070 _min_cwnd=4150 _maxwnd=219105 _cwnd=219105
Initialize per-instance NSCC parameters: flowid 135 _base_rtt=11685600 _base_bdp=146070 _bdp=146070 _min_cwnd=4150 _maxwnd=219105 _cwnd=219105
Initialize per-instance NSCC parameters: flowid 136 _base_rtt=11685600 _base_bdp=146070 _bdp=146070 _min_cwnd=4150 _maxwnd=219105 _cwnd=219105
Initialize per-instance NSCC parameters: flowid 137 _base_rtt=11685600 _base_bdp=146070 _bdp=146070 _min_cwnd=4150 _maxwnd=219105 _cwnd=219105
Initialize per-instance NSCC parameters: flowid 138 _base_rtt=11685600 _base_bdp=146070 _bdp=146070 _min_cwnd=4150 _maxwnd=219105 _cwnd=219105
Initialize per-instance NSCC parameters: flowid 139 _base_rtt=11685600 _base_bdp=146070 _bdp=146070 _min_cwnd=4150 _maxwnd=219105 _cwnd=219105
Initialize per-instance NSCC parameters: flowid 140 _base_rtt=11685600 _base_bdp=146070 _bdp=146070 _min_cwnd=4150 _maxwnd=219105 _cwnd=219105
Initialize per-instance NSCC parameters: flowid 141 _base_rtt=11685600 _base_bdp=146070 _bdp=146070 _min_cwnd=4150 _maxwnd=219105 _cwnd=219105
Initialize per-instance NSCC parameters: flowid 142 _base_rtt=11685600 _base_bdp=146070 _bdp=146070 _min_cwnd=4150 _maxwnd=219105 _cwnd=219105
Initialize per-instance NSCC parameters: flowid 143 _base_rtt=11685600 _base_bdp=146070 _bdp=146070 _min_cwnd=4150 _maxwnd=219105 _cwnd=219105
Initialize per-instance NSCC parameters: flowid 144 _base_rtt=11685600 _base_bdp=146070 _bdp=146070 _min_cwnd=4150 _maxwnd=219105 _cwnd=219105
Initialize per-instance NSCC parameters: flowid 145 _base_rtt=11685600 _base_bdp=146070 _bdp=146070 _min_cwnd=4150 _maxwnd=219105 _cwnd=219105
Initialize per-instance NSCC parameters: flowid 146 _base_rtt=11685600 _base_bdp=146070 _bdp=146070 _min_cwnd=4150 _maxwnd=219105 _cwnd=219105
Initialize per-instance NSCC parameters: flowid 147 _base_rtt=11685600 _base_bdp=146070 _bdp=146070 _min_cwnd=4150 _maxwnd=219105 _cwnd=219105
Initialize per-instance NSCC parameters: flowid 148 _base_rtt=11685600 _base_bdp=146070 _bdp=146070 _min_cwnd=4150 _maxwnd=219105 _cwnd=219105
Initialize per-instance NSCC parameters: flowid 149 _base_rtt=11685600 _base_bdp=146070 _bdp=146070 _min_cwnd=4150 _maxwnd=219105 _cwnd=219105
Initialize per-instance NSCC parameters: flowid 150 _base_rtt=11685600 _base_bdp=146070 _bdp=146070 _min_cwnd=4150 _maxwnd=219105 _cwnd=219105
Initialize per-instance NSCC parameters: flowid 151 _base_rtt=11685600 _base_bdp=146070 _bdp=146070 _min_cwnd=4150 _maxwnd=219105 _cwnd=219105
Initialize per-instance NSCC parameters: flowid 152 _base_rtt=11685600 _base_bdp=146070 _bdp=146070 _min_cwnd=4150 _maxwnd=219105 _cwnd=219105
Initialize per-instance NSCC parameters: flowid 153 _base_rtt=11685600 _base_bdp=146070 _bdp=146070 _min_cwnd=4150 _maxwnd=219105 _cwnd=219105
Initialize per-instance NSCC parameters: flowid 154 _base_rtt=11685600 _base_bdp=146070 _bdp=146070 _min_cwnd=4150 _maxwnd=219105 _cwnd=219105
Initialize per-instance NSCC parameters: flowid 155 _base_rtt=11685600 _base_bdp=146070 _bdp=146070 _min_cwnd=4150 _maxwnd=219105 _cwnd=219105
Initialize per-instance NSCC parameters: flowid 156 _base_rtt=11685600 _base_bdp=146070 _bdp=146070 _min_cwnd=4150 _maxwnd=219105 _cwnd=219105
Initialize per-instance NSCC parameters: flowid 157 _base_rtt=11685600 _base_bdp=146070 _bdp=146070 _min_cwnd=4150 _maxwnd=219105 _cwnd=219105
Initialize per-instance NSCC parameters: flowid 158 _base_rtt=11685600 _base_bdp=146070 _bdp=146070 _min_cwnd=4150 _maxwnd=219105 _cwnd=219105
Initialize per-instance NSCC parameters: flowid 159 _base_rtt=11685600 _base_bdp=146070 _bdp=146070 _min_cwnd=4150 _maxwnd=219105 _cwnd=219105
Initialize per-instance NSCC parameters: flowid 160 _base_rtt=11685600 _base_bdp=146070 _bdp=146070 _min_cwnd=4150 _maxwnd=219105 _cwnd=219105
Initialize per-instance NSCC parameters: flowid 161 _base_rtt=11685600 _base_bdp=146070 _bdp=146070 _min_cwnd=4150 _maxwnd=219105 _cwnd=219105
Initialize per-instance NSCC parameters: flowid 162 _base_rtt=11685600 _base_bdp=146070 _bdp=146070 _min_cwnd=4150 _maxwnd=219105 _cwnd=219105
Initialize per-instance NSCC parameters: flowid 163 _base_rtt=11685600 _base_bdp=146070 _bdp=146070 _min_cwnd=4150 _maxwnd=219105 _cwnd=219105
Initialize per-instance NSCC parameters: flowid 164 _base_rtt=11685600 _base_bdp=146070 _bdp=146070 _min_cwnd=4150 _maxwnd=219105 _cwnd=219105
Initialize per-instance NSCC parameters: flowid 165 _base_rtt=11685600 _base_bdp=146070 _bdp=146070 _min_cwnd=4150 _maxwnd=219105 _cwnd=219105
Initialize per-instance NSCC parameters: flowid 166 _base_rtt=11685600 _base_bdp=146070 _bdp=146070 _min_cwnd=4150 _maxwnd=219105 _cwnd=219105
Starting simulation
Flow Uec_86_214 flowId 1 uecSrc 0 starting at 0
Flow Uec_58_186 flowId 2 uecSrc 1 starting at 0
Flow Uec_126_254 flowId 3 uecSrc 2 starting at 0
Flow Uec_0_128 flowId 4 uecSrc 3 starting at 0
Flow Uec_247_119 flowId 5 uecSrc 4 starting at 0
Flow Uec_20_148 flowId 6 uecSrc 5 starting at 0
Flow Uec_177_49 flowId 7 uecSrc 6 starting at 0
Flow Uec_78_206 flowId 8 uecSrc 7 starting at 0
Flow Uec_52_180 flowId 9 uecSrc 8 starting at 0
Flow Uec_196_68 flowId 10 uecSrc 9 starting at 0
Flow Uec_82_210 flowId 11 uecSrc 10 starting at 0
Flow Uec_213_85 flowId 12 uecSrc 11 starting at 0
Flow Uec_90_218 flowId 13 uecSrc 12 starting at 0
Flow Uec_145_17 flowId 14 uecSrc 13 starting at 0
Flow Uec_243_115 flowId 15 uecSrc 14 starting at 0
Flow Uec_43_171 flowId 16 uecSrc 15 starting at 0
Flow Uec_95_223 flowId 17 uecSrc 16 starting at 0
Flow Uec_199_71 flowId 18 uecSrc 17 starting at 0
Flow Uec_85_213 flowId 19 uecSrc 18 starting at 0
Flow Uec_246_118 flowId 20 uecSrc 19 starting at 0
Flow Uec_142_14 flowId 21 uecSrc 20 starting at 0
Flow Uec_98_226 flowId 22 uecSrc 21 starting at 0
Flow Uec_202_74 flowId 23 uecSrc 22 starting at 0
Flow Uec_212_84 flowId 24 uecSrc 23 starting at 0
Flow Uec_205_77 flowId 25 uecSrc 24 starting at 0
Flow Uec_19_147 flowId 26 uecSrc 25 starting at 0
Flow Uec_26_154 flowId 27 uecSrc 26 starting at 0
Flow Uec_69_197 flowId 28 uecSrc 27 starting at 0
Flow Uec_180_52 flowId 29 uecSrc 28 starting at 0
Flow Uec_61_189 flowId 30 uecSrc 29 starting at 0
Flow Uec_88_216 flowId 31 uecSrc 30 starting at 0
Flow Uec_13_141 flowId 32 uecSrc 31 starting at 0
Flow Uec_93_221 flowId 33 uecSrc 32 starting at 0
Flow Uec_244_116 flowId 34 uecSrc 33 starting at 0
Flow Uec_127_255 flowId 35 uecSrc 34 starting at 0
Flow Uec_116_244 flowId 36 uecSrc 35 starting at 0
Flow Uec_22_150 flowId 37 uecSrc 36 starting at 0
Flow Uec_249_121 flowId 38 uecSrc 37 starting at 0
Flow Uec_117_245 flowId 39 uecSrc 38 starting at 0
Flow Uec_81_209 flowId 40 uecSrc 39 starting at 0
Flow Uec_218_90 flowId 41 uecSrc 40 starting at 0
Flow Uec_182_54 flowId 42 uecSrc 41 starting at 0
Flow Uec_234_106 flowId 43 uecSrc 42 starting at 0
Flow Uec_39_167 flowId 44 uecSrc 43 starting at 0
Flow Uec_237_109 flowId 45 uecSrc 44 starting at 0
Flow Uec_201_73 flowId 46 uecSrc 45 starting at 0
Flow Uec_189_61 flowId 47 uecSrc 46 starting at 0
Flow Uec_171_43 flowId 48 uecSrc 47 starting at 0
Flow Uec_187_59 flowId 49 uecSrc 48 starting at 0
Flow Uec_138_10 flowId 50 uecSrc 49 starting at 0
Flow Uec_167_39 flowId 51 uecSrc 50 starting at 0
Flow Uec_226_98 flowId 52 uecSrc 51 starting at 0
Flow Uec_113_241 flowId 53 uecSrc 52 starting at 0
Flow Uec_181_53 flowId 54 uecSrc 53 starting at 0
Flow Uec_41_169 flowId 55 uecSrc 54 starting at 0
Flow Uec_152_24 flowId 56 uecSrc 55 starting at 0
Flow Uec_239_111 flowId 57 uecSrc 56 starting at 0
Flow Uec_60_188 flowId 58 uecSrc 57 starting at 0
Flow Uec_155_27 flowId 59 uecSrc 58 starting at 0
Flow Uec_129_1 flowId 60 uecSrc 59 starting at 0
Flow Uec_149_21 flowId 61 uecSrc 60 starting at 0
Flow Uec_96_224 flowId 62 uecSrc 61 starting at 0
Flow Uec_231_103 flowId 63 uecSrc 62 starting at 0
Flow Uec_173_45 flowId 64 uecSrc 63 starting at 0
Flow Uec_10_138 flowId 65 uecSrc 64 starting at 0
Flow Uec_156_28 flowId 66 uecSrc 65 starting at 0
Flow Uec_176_48 flowId 67 uecSrc 66 starting at 0
Flow Uec_220_92 flowId 68 uecSrc 67 starting at 0
Flow Uec_170_42 flowId 69 uecSrc 68 starting at 0
Flow Uec_151_23 flowId 70 uecSrc 69 starting at 0
Flow Uec_161_33 flowId 71 uecSrc 70 starting at 0
Flow Uec_236_108 flowId 72 uecSrc 71 starting at 0
Flow Uec_94_222 flowId 73 uecSrc 72 starting at 0
Flow Uec_115_243 flowId 74 uecSrc 73 starting at 0
Flow Uec_38_166 flowId 75 uecSrc 74 starting at 0
Flow Uec_33_161 flowId 76 uecSrc 75 starting at 0
Flow Uec_159_31 flowId 77 uecSrc 76 starting at 0
Flow Uec_105_233 flowId 78 uecSrc 77 starting at 0
Flow Uec_34_162 flowId 79 uecSrc 78 starting at 0
Flow Uec_217_89 flowId 80 uecSrc 79 starting at 0
Flow Uec_101_229 flowId 81 uecSrc 80 starting at 0
Flow Uec_229_101 flowId 82 uecSrc 81 starting at 0
Flow Uec_166_38 flowId 83 uecSrc 82 starting at 0
Flow Uec_169_41 flowId 84 uecSrc 83 starting at 0
Flow Uec_139_11 flowId 85 uecSrc 84 starting at 0
Flow Uec_84_212 flowId 86 uecSrc 85 starting at 0
Flow Uec_124_252 flowId 87 uecSrc 86 starting at 0
Flow Uec_192_64 flowId 88 uecSrc 87 starting at 0
Flow Uec_49_177 flowId 89 uecSrc 88 starting at 0
Flow Uec_197_69 flowId 90 uecSrc 89 starting at 0
Flow Uec_195_67 flowId 91 uecSrc 90 starting at 0
Flow Uec_148_20 flowId 92 uecSrc 91 starting at 0
Flow Uec_31_159 flowId 93 uecSrc 92 starting at 0
Flow Uec_21_149 flowId 94 uecSrc 93 starting at 0
Flow Uec_104_232 flowId 95 uecSrc 94 starting at 0
Flow Uec_11_139 flowId 96 uecSrc 95 starting at 0
Flow Uec_230_102 flowId 97 uecSrc 96 starting at 0
Flow Uec_1_129 flowId 98 uecSrc 97 starting at 0
Flow Uec_92_220 flowId 99 uecSrc 98 starting at 0
Flow Uec_18_146 flowId 100 uecSrc 99 starting at 0
Flow Uec_83_211 flowId 101 uecSrc 100 starting at 0
Flow Uec_80_208 flowId 102 uecSrc 101 starting at 0
Flow Uec_16_144 flowId 103 uecSrc 102 starting at 0
Flow Uec_143_15 flowId 104 uecSrc 103 starting at 0
Flow Uec_125_253 flowId 105 uecSrc 104 starting at 0
Flow Uec_250_122 flowId 106 uecSrc 105 starting at 0
Flow Uec_241_113 flowId 107 uecSrc 106 starting at 0
Flow Uec_235_107 flowId 108 uecSrc 107 starting at 0
Flow Uec_216_88 flowId 109 uecSrc 108 starting at 0
Flow Uec_162_34 flowId 110 uecSrc 109 starting at 0
Flow Uec_252_124 flowId 111 uecSrc 110 starting at 0
Flow Uec_255_127 flowId 112 uecSrc 111 starting at 0
Flow Uec_4_132 flowId 113 uecSrc 112 starting at 0
Flow Uec_62_190 flowId 114 uecSrc 113 starting at 0
Flow Uec_112_240 flowId 115 uecSrc 114 starting at 0
Flow Uec_64_192 flowId 116 uecSrc 115 starting at 0
Flow Uec_50_178 flowId 117 uecSrc 116 starting at 0
Flow Uec_222_94 flowId 118 uecSrc 117 starting at 0
Flow Uec_140_12 flowId 119 uecSrc 118 starting at 0
Flow Uec_144_16 flowId 120 uecSrc 119 starting at 0
Flow Uec_178_50 flowId 121 uecSrc 120 starting at 0
Flow Uec_73_201 flowId 122 uecSrc 121 starting at 0
Flow Uec_158_30 flowId 123 uecSrc 122 starting at 0
Flow Uec_221_93 flowId 124 uecSrc 123 starting at 0
Flow Uec_59_187 flowId 125 uecSrc 124 starting at 0
Flow Uec_194_66 flowId 126 uecSrc 125 starting at 0
Flow Uec_76_204 flowId 127 uecSrc 126 starting at 0
Flow Uec_51_179 flowId 128 uecSrc 127 starting at 0
Flow Uec_185_57 flowId 129 uecSrc 128 starting at 0
Flow Uec_223_95 flowId 130 uecSrc 129 starting at 0
Flow Uec_77_205 flowId 131 uecSrc 130 starting at 0
Flow Uec_46_174 flowId 132 uecSrc 131 starting at 0
Flow Uec_242_114 flowId 133 uecSrc 132 starting at 0
Flow Uec_225_97 flowId 134 uecSrc 133 starting at 0
Flow Uec_206_78 flowId 135 uecSrc 134 starting at 0
Flow Uec_136_8 flowId 136 uecSrc 135 starting at 0
Flow Uec_5_133 flowId 137 uecSrc 136 starting at 0
Flow Uec_55_183 flowId 138 uecSrc 137 starting at 0
Flow Uec_9_137 flowId 139 uecSrc 138 starting at 0
Flow Uec_200_72 flowId 140 uecSrc 139 starting at 0
Flow Uec_7_135 flowId 141 uecSrc 140 starting at 0
Flow Uec_203_75 flowId 142 uecSrc 141 starting at 0
Flow Uec_248_120 flowId 143 uecSrc 142 starting at 0
Flow Uec_32_160 flowId 144 uecSrc 143 starting at 0
Flow Uec_224_96 flowId 145 uecSrc 144 starting at 0
Flow Uec_114_242 flowId 146 uecSrc 145 starting at 0
Flow Uec_45_173 flowId 147 uecSrc 146 starting at 0
Flow Uec_191_63 flowId 148 uecSrc 147 starting at 0
Flow Uec_141_13 flowId 149 uecSrc 148 starting at 0
Flow Uec_119_247 flowId 150 uecSrc 149 starting at 0
Flow Uec_110_238 flowId 151 uecSrc 150 starting at 0
Flow Uec_123_251 flowId 152 uecSrc 151 starting at 0
Flow Uec_97_225 flowId 153 uecSrc 152 starting at 0
Flow Uec_193_65 flowId 154 uecSrc 153 starting at 0
Flow Uec_79_207 flowId 155 uecSrc 154 starting at 0
Flow Uec_150_22 flowId 156 uecSrc 155 starting at 0
Flow Uec_184_56 flowId 157 uecSrc 156 starting at 0
Flow Uec_65_193 flowId 158 uecSrc 157 starting at 0
Flow Uec_56_184 flowId 159 uecSrc 158 starting at 0
Flow Uec_122_250 flowId 160 uecSrc 159 starting at 0
Flow Uec_211_83 flowId 161 uecSrc 160 starting at 0
Flow Uec_35_163 flowId 162 uecSrc 161 starting at 0
Flow Uec_37_165 flowId 163 uecSrc 162 starting at 0
Flow Uec_57_185 flowId 164 uecSrc 163 starting at 0
Flow Uec_186_58 flowId 165 uecSrc 164 starting at 0
Flow Uec_48_176 flowId 166 uecSrc 165 starting at 0
147.666 flowid 75 Spurious 53
150.182 flowid 75 Spurious 62
163.897 flowid 103 Spurious 97
Flow Uec_181_53 flowId 54 uecSrc 53 finished at 173.979 total messages 1 total packets 490 RTS 0 total bytes 2002140 in_flight now 0 fair_inc 0 prop_inc 10457 fast_inc 444999 eta_inc 8344 multi_dec -0 quick_dec -0 nack_dec -0
Flow Uec_187_59 flowId 49 uecSrc 48 finished at 175.446 total messages 1 total packets 490 RTS 0 total bytes 2002140 in_flight now 0 fair_inc 0 prop_inc 74322 fast_inc 109107 eta_inc 8344 multi_dec -0 quick_dec -0 nack_dec -0
Flow Uec_143_15 flowId 104 uecSrc 103 finished at 175.778 total messages 1 total packets 490 RTS 0 total bytes 2002140 in_flight now 0 fair_inc 0 prop_inc 83492 fast_inc 28287 eta_inc 8344 multi_dec -0 quick_dec -0 nack_dec -0
Flow Uec_104_232 flowId 95 uecSrc 94 finished at 175.862 total messages 1 total packets 490 RTS 0 total bytes 2002140 in_flight now 0 fair_inc 0 prop_inc 87976 fast_inc 4041 eta_inc 8344 multi_dec -0 quick_dec -0 nack_dec -0
Flow Uec_98_226 flowId 22 uecSrc 21 finished at 176.264 total messages 1 total packets 490 RTS 0 total bytes 2002140 in_flight now 0 fair_inc 0 prop_inc 85743 fast_inc 40410 eta_inc 8344 multi_dec -0 quick_dec -0 nack_dec -0
Flow Uec_126_254 flowId 3 uecSrc 2 finished at 176.529 total messages 1 total packets 490 RTS 0 total bytes 2002140 in_flight now 0 fair_inc 0 prop_inc 80046 fast_inc 20205 eta_inc 8344 multi_dec -0 quick_dec -0 nack_dec -0
Flow Uec_116_244 flowId 36 uecSrc 35 finished at 176.571 total messages 1 total packets 490 RTS 0 total bytes 2002140 in_flight now 0 fair_inc 0 prop_inc 89861 fast_inc 0 eta_inc 8344 multi_dec -0 quick_dec -0 nack_dec -0
176.982 flowid 6 Spurious 118
Flow Uec_189_61 flowId 47 uecSrc 46 finished at 177.984 total messages 1 total packets 490 RTS 0 total bytes 2002140 in_flight now 0 fair_inc 0 prop_inc 85516 fast_inc 0 eta_inc 8344 multi_dec -0 quick_dec -0 nack_dec -0
Flow Uec_136_8 flowId 136 uecSrc 135 finished at 179.769 total messages 1 total packets 490 RTS 0 total bytes 2002140 in_flight now 0 fair_inc 0 prop_inc 76131 fast_inc 0 eta_inc 8344 multi_dec -0 quick_dec -0 nack_dec -0
181.447 flowid 6 Spurious 140
Flow Uec_141_13 flowId 149 uecSrc 148 finished at 181.459 total messages 1 total packets 490 RTS 0 total bytes 2002140 in_flight now 0 fair_inc 0 prop_inc 67434 fast_inc 0 eta_inc 7748 multi_dec -0 quick_dec -0 nack_dec -0
Flow Uec_140_12 flowId 119 uecSrc 118 finished at 181.676 total messages 1 total packets 490 RTS 0 total bytes 2002140 in_flight now 0 fair_inc 0 prop_inc 54876 fast_inc 0 eta_inc 8344 multi_dec -0 quick_dec -0 nack_dec -0
Flow Uec_138_10 flowId 50 uecSrc 49 finished at 182.214 total messages 1 total packets 490 RTS 0 total bytes 2002140 in_flight now 0 fair_inc 0 prop_inc 82446 fast_inc 0 eta_inc 7748 multi_dec -0 quick_dec -0 nack_dec -0
182.79 flowid 6 Spurious 139
Flow Uec_246_118 flowId 20 uecSrc 19 finished at 186.565 total messages 1 total packets 490 RTS 0 total bytes 2002140 in_flight now 0 fair_inc 0 prop_inc 22808 fast_inc 0 eta_inc 8940 multi_dec -0 quick_dec -0 nack_dec -0
188.431 flowid 27 Spurious 164
192.887 flowid 27 Spurious 177
194.672 flowid 94 Spurious 158
196.503 flowid 100 Spurious 188
Flow Uec_236_108 flowId 72 uecSrc 71 finished at 198.517 total messages 1 total packets 490 RTS 0 total bytes 2002140 in_flight now 0 fair_inc 3375 prop_inc 17094 fast_inc 0 eta_inc 9536 multi_dec -0 quick_dec -0 nack_dec -0
Flow Uec_50_178 flowId 117 uecSrc 116 finished at 198.618 total messages 1 total packets 490 RTS 0 total bytes 2002140 in_flight now 0 fair_inc 3751 prop_inc 23054 fast_inc 0 eta_inc 9536 multi_dec -0 quick_dec -0 nack_dec -0
Flow Uec_65_193 flowId 158 uecSrc 157 finished at 199.379 total messages 1 total packets 490 RTS 0 total bytes 2002140 in_flight now 0 fair_inc 3748 prop_inc 12691 fast_inc 0 eta_inc 9536 multi_dec -0 quick_dec -0 nack_dec -0
Flow Uec_32_160 flowId 144 uecSrc 143 finished at 209.057 total messages 1 total packets 490 RTS 0 total bytes 2002140 in_flight now 0 fair_inc 6024 prop_inc 8066 fast_inc 0 eta_inc 10132 multi_dec -0 quick_dec -0 nack_dec -4150
Flow Uec_241_113 flowId 107 uecSrc 106 finished at 209.652 total messages 1 total packets 490 RTS 0 total bytes 2002140 in_flight now 0 fair_inc 18339 prop_inc 6552 fast_inc 0 eta_inc 10132 multi_dec -0 quick_dec -0 nack_dec -0
Flow Uec_0_128 flowId 4 uecSrc 3 finished at 210.718 total messages 1 total packets 490 RTS 0 total bytes 2002140 in_flight now 0 fair_inc 11239 prop_inc 12058 fast_inc 0 eta_inc 10132 multi_dec -0 quick_dec -0 nack_dec -0
214.702 flowid 166 Spurious 226
Flow Uec_41_169 flowId 55 uecSrc 54 finished at 224.256 total messages 1 total packets 490 RTS 0 total bytes 2002140 in_flight now 0 fair_inc 9413 prop_inc 53086 fast_inc 0 eta_inc 10728 multi_dec -96009 quick_dec -0 nack_dec -0
226.57 flowid 27 Spurious 266
242.945 flowid 37 Spurious 262
253.968 flowid 37 Spurious 295
258.449 flowid 93 Spurious 318
Flow Uec_158_30 flowId 123 uecSrc 122 finished at 262.321 total messages 1 total packets 491 RTS 1 total bytes 2002140 in_flight now 0 fair_inc 3620 prop_inc 38279 fast_inc 0 eta_inc 12516 multi_dec -59720 quick_dec -0 nack_dec -33200
265.446 flowid 137 Spurious 286
Flow Uec_18_146 flowId 100 uecSrc 99 finished at 274.091 total messages 1 total packets 490 RTS 0 total bytes 2002140 in_flight now 0 fair_inc 11295 prop_inc 55643 fast_inc 0 eta_inc 12516 multi_dec -141080 quick_dec -0 nack_dec -4150
Flow Uec_234_106 flowId 43 uecSrc 42 finished at 281.217 total messages 1 total packets 490 RTS 0 total bytes 2002140 in_flight now 0 fair_inc 13600 prop_inc 33614 fast_inc 0 eta_inc 13112 multi_dec -81847 quick_dec -0 nack_dec -41500
284.338 flowid 16 Spurious 342
285.671 flowid 16 Spurious 344
Flow Uec_48_176 flowId 166 uecSrc 165 finished at 293.592 total messages 1 total packets 490 RTS 0 total bytes 2002140 in_flight now 0 fair_inc 10545 prop_inc 12514 fast_inc 0 eta_inc 11324 multi_dec -0 quick_dec -199842 nack_dec -4150
Flow Uec_20_148 flowId 6 uecSrc 5 finished at 293.89 total messages 1 total packets 491 RTS 1 total bytes 2002140 in_flight now 0 fair_inc 3461 prop_inc 14014 fast_inc 0 eta_inc 11920 multi_dec -411 quick_dec -0 nack_dec -0
Flow Uec_7_135 flowId 141 uecSrc 140 finished at 302.633 total messages 1 total packets 490 RTS 0 total bytes 2002140 in_flight now 0 fair_inc 9006 prop_inc 58687 fast_inc 13621 eta_inc 14304 multi_dec -130810 quick_dec -0 nack_dec -16600
Flow Uec_243_115 flowId 15 uecSrc 14 finished at 305.029 total messages 1 total packets 490 RTS 0 total bytes 2002140 in_flight now 0 fair_inc 10250 prop_inc 36491 fast_inc 0 eta_inc 14900 multi_dec -77678 quick_dec -0 nack_dec -53950
Flow Uec_37_165 flowId 163 uecSrc 162 finished at 307.239 total messages 1 total packets 491 RTS 1 total bytes 2002140 in_flight now -64 fair_inc 10308 prop_inc 10203 fast_inc 15 eta_inc 11920 multi_dec -0 quick_dec -197461 nack_dec -16600
Flow Uec_144_16 flowId 120 uecSrc 119 finished at 307.435 total messages 1 total packets 491 RTS 1 total bytes 2002140 in_flight now 0 fair_inc 4959 prop_inc 43715 fast_inc 0 eta_inc 14304 multi_dec -86043 quick_dec -0 nack_dec -41500
309.179 flowid 132 Spurious 485
309.562 flowid 27 Spurious 449
310.175 flowid 132 Spurious 488
311.222 flowid 27 Spurious 454
Flow Uec_22_150 flowId 37 uecSrc 36 finished at 311.687 total messages 1 total packets 493 RTS 3 total bytes 2002140 in_flight now 0 fair_inc 14705 prop_inc 18331 fast_inc 0 eta_inc 13708 multi_dec -0 quick_dec -153770 nack_dec -4150
Flow Uec_46_174 flowId 132 uecSrc 131 finished at 312.349 total messages 1 total packets 490 RTS 0 total bytes 2002140 in_flight now 0 fair_inc 7883 prop_inc 13922 fast_inc 0 eta_inc 11324 multi_dec -0 quick_dec -0 nack_dec -4150
313.214 flowid 27 Spurious 460
313.551 flowid 27 Spurious 461
314.542 flowid 27 Spurious 464
Flow Uec_170_42 flowId 69 uecSrc 68 finished at 318.514 total messages 1 total packets 490 RTS 0 total bytes 2002140 in_flight now 0 fair_inc 6627 prop_inc 37960 fast_inc 0 eta_inc 15496 multi_dec -97272 quick_dec -0 nack_dec -45650
Flow Uec_117_245 flowId 39 uecSrc 38 finished at 320.133 total messages 1 total packets 490 RTS 0 total bytes 2002140 in_flight now 0 fair_inc 2392 prop_inc 19898 fast_inc 0 eta_inc 15496 multi_dec -92535 quick_dec -0 nack_dec -29050
Flow Uec_11_139 flowId 96 uecSrc 95 finished at 321.11 total messages 1 total packets 490 RTS 0 total bytes 2002140 in_flight now 0 fair_inc 19252 prop_inc 35834 fast_inc 0 eta_inc 11920 multi_dec -55712 quick_dec -182072 nack_dec -20750
Flow Uec_199_71 flowId 18 uecSrc 17 finished at 323.69 total messages 1 total packets 490 RTS 0 total bytes 2002140 in_flight now 0 fair_inc 1780 prop_inc 34128 fast_inc 0 eta_inc 15496 multi_dec -77720 quick_dec -0 nack_dec -53950
Flow Uec_26_154 flowId 27 uecSrc 26 finished at 324.163 total messages 1 total packets 492 RTS 2 total bytes 2002140 in_flight now 0 fair_inc 6379 prop_inc 12996 fast_inc 0 eta_inc 12516 multi_dec -0 quick_dec -0 nack_dec -0
Flow Uec_180_52 flowId 29 uecSrc 28 finished at 324.245 total messages 1 total packets 490 RTS 0 total bytes 2002140 in_flight now 0 fair_inc 5959 prop_inc 26960 fast_inc 0 eta_inc 15496 multi_dec -77455 quick_dec -0 nack_dec -49800
Flow Uec_81_209 flowId 40 uecSrc 39 finished at 325.734 total messages 1 total packets 490 RTS 0 total bytes 2002140 in_flight now 0 fair_inc 4665 prop_inc 28244 fast_inc 0 eta_inc 15496 multi_dec -75648 quick_dec -0 nack_dec -53950
Flow Uec_38_166 flowId 75 uecSrc 74 finished at 326.577 total messages 1 total packets 498 RTS 8 total bytes 2002140 in_flight now 0 fair_inc 6418 prop_inc 27828 fast_inc 0 eta_inc 14900 multi_dec -0 quick_dec -0 nack_dec -4150
Flow Uec_114_242 flowId 146 uecSrc 145 finished at 326.75 total messages 1 total packets 490 RTS 0 total bytes 2002140 in_flight now 0 fair_inc 5307 prop_inc 29889 fast_inc 0 eta_inc 15496 multi_dec -79345 quick_dec -0 nack_dec -53950
326.831 flowid 96 Spurious 455
Flow Uec_101_229 flowId 81 uecSrc 80 finished at 327.764 total messages 1 total packets 490 RTS 0 total bytes 2002140 in_flight now 0 fair_inc 10612 prop_inc 28115 fast_inc 0 eta_inc 15496 multi_dec -81106 quick_dec -0 nack_dec -49800
Flow Uec_127_255 flowId 35 uecSrc 34 finished at 328.054 total messages 1 total packets 490 RTS 0 total bytes 2002140 in_flight now 0 fair_inc 5021 prop_inc 30819 fast_inc 0 eta_inc 16092 multi_dec -72833 quick_dec -0 nack_dec -58100
Flow Uec_150_22 flowId 156 uecSrc 155 finished at 328.509 total messages 1 total packets 490 RTS 0 total bytes 2002140 in_flight now 0 fair_inc 12001 prop_inc 43762 fast_inc 0 eta_inc 14900 multi_dec -112142 quick_dec -0 nack_dec -29050
Flow Uec_21_149 flowId 94 uecSrc 93 finished at 332.19 total messages 1 total packets 491 RTS 1 total bytes 2002140 in_flight now 0 fair_inc 25866 prop_inc 42047 fast_inc 0 eta_inc 15496 multi_dec -171157 quick_dec -0 nack_dec -4150
Flow Uec_31_159 flowId 93 uecSrc 92 finished at 332.383 total messages 1 total packets 493 RTS 3 total bytes 2002140 in_flight now 0 fair_inc 6336 prop_inc 13714 fast_inc 0 eta_inc 11920 multi_dec -0 quick_dec -189582 nack_dec -4150
Flow Uec_33_161 flowId 76 uecSrc 75 finished at 332.457 total messages 1 total packets 495 RTS 5 total bytes 2002140 in_flight now 0 fair_inc 12622 prop_inc 19238 fast_inc 0 eta_inc 13112 multi_dec -0 quick_dec -157878 nack_dec -24900
Flow Uec_95_223 flowId 17 uecSrc 16 finished at 334.603 total messages 1 total packets 490 RTS 0 total bytes 2002140 in_flight now 0 fair_inc 10110 prop_inc 32444 fast_inc 0 eta_inc 16092 multi_dec -106045 quick_dec -0 nack_dec -41500
Flow Uec_16_144 flowId 103 uecSrc 102 finished at 335.154 total messages 1 total packets 493 RTS 3 total bytes 2002140 in_flight now 0 fair_inc 8449 prop_inc 54604 fast_inc 80297 eta_inc 14304 multi_dec -141406 quick_dec -0 nack_dec -12450
Flow Uec_206_78 flowId 135 uecSrc 134 finished at 335.259 total messages 1 total packets 490 RTS 0 total bytes 2002140 in_flight now 0 fair_inc 7285 prop_inc 28291 fast_inc 0 eta_inc 16092 multi_dec -71066 quick_dec -0 nack_dec -66400
Flow Uec_149_21 flowId 61 uecSrc 60 finished at 335.9 total messages 1 total packets 490 RTS 0 total bytes 2002140 in_flight now 0 fair_inc 10115 prop_inc 33313 fast_inc 0 eta_inc 15496 multi_dec -110295 quick_dec -0 nack_dec -33200
Flow Uec_213_85 flowId 12 uecSrc 11 finished at 336.41 total messages 1 total packets 490 RTS 0 total bytes 2002140 in_flight now 0 fair_inc 5555 prop_inc 33938 fast_inc 0 eta_inc 16092 multi_dec -108168 quick_dec -0 nack_dec -37350
Flow Uec_184_56 flowId 157 uecSrc 156 finished at 336.511 total messages 1 total packets 490 RTS 0 total bytes 2002140 in_flight now 0 fair_inc 5165 prop_inc 35530 fast_inc 0 eta_inc 16092 multi_dec -105758 quick_dec -0 nack_dec -41500
Flow Uec_62_190 flowId 114 uecSrc 113 finished at 337.004 total messages 1 total packets 490 RTS 0 total bytes 2002140 in_flight now 0 fair_inc 4936 prop_inc 37027 fast_inc 0 eta_inc 16092 multi_dec -102340 quick_dec -0 nack_dec -45650
Flow Uec_191_63 flowId 148 uecSrc 147 finished at 340.375 total messages 1 total packets 490 RTS 0 total bytes 2002140 in_flight now 0 fair_inc 9105 prop_inc 35578 fast_inc 0 eta_inc 16092 multi_dec -100124 quick_dec -0 nack_dec -45650
Flow Uec_220_92 flowId 68 uecSrc 67 finished at 341.216 total messages 1 total packets 490 RTS 0 total bytes 2002140 in_flight now 0 fair_inc 8987 prop_inc 36280 fast_inc 0 eta_inc 16092 multi_dec -91919 quick_dec -0 nack_dec -58100
Flow Uec_125_253 flowId 105 uecSrc 104 finished at 342.665 total messages 1 total packets 490 RTS 0 total bytes 2002140 in_flight now 0 fair_inc 2709 prop_inc 32253 fast_inc 8569 eta_inc 16092 multi_dec -70978 quick_dec -0 nack_dec -62250
Flow Uec_97_225 flowId 153 uecSrc 152 finished at 342.694 total messages 1 total packets 490 RTS 0 total bytes 2002140 in_flight now 0 fair_inc 10868 prop_inc 35932 fast_inc 0 eta_inc 16092 multi_dec -106776 quick_dec -0 nack_dec -41500
Flow Uec_119_247 flowId 150 uecSrc 149 finished at 343.007 total messages 1 total packets 490 RTS 0 total bytes 2002140 in_flight now 0 fair_inc 5211 prop_inc 41016 fast_inc 0 eta_inc 16688 multi_dec -115906 quick_dec -0 nack_dec -33200
Flow Uec_211_83 flowId 161 uecSrc 160 finished at 343.33 total messages 1 total packets 490 RTS 0 total bytes 2002140 in_flight now 0 fair_inc 9295 prop_inc 44343 fast_inc 0 eta_inc 16092 multi_dec -109889 quick_dec -0 nack_dec -41500
Flow Uec_169_41 flowId 84 uecSrc 83 finished at 343.554 total messages 1 total packets 490 RTS 0 total bytes 2002140 in_flight now 0 fair_inc 9127 prop_inc 39742 fast_inc 0 eta_inc 16092 multi_dec -103249 quick_dec -0 nack_dec -49800
Flow Uec_222_94 flowId 118 uecSrc 117 finished at 343.823 total messages 1 total packets 490 RTS 0 total bytes 2002140 in_flight now 0 fair_inc 8648 prop_inc 26140 fast_inc 0 eta_inc 16092 multi_dec -108400 quick_dec -0 nack_dec -37350
Flow Uec_115_243 flowId 74 uecSrc 73 finished at 344.656 total messages 1 total packets 490 RTS 0 total bytes 2002140 in_flight now 0 fair_inc 8839 prop_inc 37555 fast_inc 0 eta_inc 16092 multi_dec -104261 quick_dec -0 nack_dec -45650
Flow Uec_49_177 flowId 89 uecSrc 88 finished at 344.814 total messages 1 total packets 490 RTS 0 total bytes 2002140 in_flight now 0 fair_inc 5888 prop_inc 41421 fast_inc 0 eta_inc 16688 multi_dec -94171 quick_dec -0 nack_dec -58100
Flow Uec_171_43 flowId 48 uecSrc 47 finished at 345.253 total messages 1 total packets 491 RTS 1 total bytes 2002140 in_flight now 0 fair_inc 13356 prop_inc 45382 fast_inc 17659 eta_inc 16092 multi_dec -115016 quick_dec -0 nack_dec -37350
Flow Uec_192_64 flowId 88 uecSrc 87 finished at 345.345 total messages 1 total packets 490 RTS 0 total bytes 2002140 in_flight now 0 fair_inc 13352 prop_inc 37615 fast_inc 0 eta_inc 16688 multi_dec -109733 quick_dec -0 nack_dec -41500
Flow Uec_113_241 flowId 53 uecSrc 52 finished at 346.262 total messages 1 total packets 490 RTS 0 total bytes 2002140 in_flight now 0 fair_inc 4017 prop_inc 49902 fast_inc 0 eta_inc 16688 multi_dec -112837 quick_dec -0 nack_dec -41500
Flow Uec_61_189 flowId 30 uecSrc 29 finished at 350.848 total messages 1 total packets 490 RTS 0 total bytes 2002140 in_flight now 0 fair_inc 8829 prop_inc 19415 fast_inc 0 eta_inc 17284 multi_dec -77547 quick_dec -0 nack_dec -58100
Flow Uec_93_221 flowId 33 uecSrc 32 finished at 351.294 total messages 1 total packets 490 RTS 0 total bytes 2002140 in_flight now 0 fair_inc 9680 prop_inc 39527 fast_inc 0 eta_inc 16092 multi_dec -99889 quick_dec -0 nack_dec -45650
Flow Uec_19_147 flowId 26 uecSrc 25 finished at 353.635 total messages 1 total packets 492 RTS 2 total bytes 2002140 in_flight now 0 fair_inc 9287 prop_inc 61540 fast_inc 3519 eta_inc 16688 multi_dec -164726 quick_dec -0 nack_dec -0
Flow Uec_64_192 flowId 116 uecSrc 115 finished at 354.339 total messages 1 total packets 490 RTS 0 total bytes 2002140 in_flight now 0 fair_inc 4775 prop_inc 19657 fast_inc 0 eta_inc 17284 multi_dec -59708 quick_dec -0 nack_dec -70550
Flow Uec_161_33 flowId 71 uecSrc 70 finished at 355.366 total messages 1 total packets 491 RTS 1 total bytes 2002140 in_flight now 0 fair_inc 11175 prop_inc 62589 fast_inc 9579 eta_inc 15496 multi_dec -108397 quick_dec -0 nack_dec -45650
Flow Uec_43_171 flowId 16 uecSrc 15 finished at 356.245 total messages 1 total packets 494 RTS 4 total bytes 2002140 in_flight now 0 fair_inc 18064 prop_inc 10809 fast_inc 0 eta_inc 14900 multi_dec -46859 quick_dec -0 nack_dec -0
Flow Uec_139_11 flowId 85 uecSrc 84 finished at 358.028 total messages 1 total packets 490 RTS 0 total bytes 2002140 in_flight now 0 fair_inc 9936 prop_inc 55407 fast_inc 0 eta_inc 16092 multi_dec -113424 quick_dec -0 nack_dec -41500
Flow Uec_55_183 flowId 138 uecSrc 137 finished at 363.834 total messages 1 total packets 490 RTS 0 total bytes 2002140 in_flight now 0 fair_inc 7592 prop_inc 63484 fast_inc 0 eta_inc 16688 multi_dec -150741 quick_dec -0 nack_dec -24900
Flow Uec_45_173 flowId 147 uecSrc 146 finished at 368.278 total messages 1 total packets 500 RTS 10 total bytes 2002140 in_flight now 0 fair_inc 9750 prop_inc 65973 fast_inc 8082 eta_inc 16092 multi_dec -0 quick_dec -0 nack_dec -12450
Flow Uec_176_48 flowId 67 uecSrc 66 finished at 369.737 total messages 1 total packets 490 RTS 0 total bytes 2002140 in_flight now 0 fair_inc 9944 prop_inc 96127 fast_inc 14141 eta_inc 17284 multi_dec -144821 quick_dec -0 nack_dec -41500
Flow Uec_34_162 flowId 79 uecSrc 78 finished at 369.92 total messages 1 total packets 492 RTS 2 total bytes 2002140 in_flight now 0 fair_inc 10825 prop_inc 38716 fast_inc 0 eta_inc 17284 multi_dec -123010 quick_dec -0 nack_dec -8300
Flow Uec_239_111 flowId 57 uecSrc 56 finished at 381.98 total messages 1 total packets 490 RTS 0 total bytes 2002140 in_flight now 0 fair_inc 15128 prop_inc 30905 fast_inc 0 eta_inc 18476 multi_dec -86343 quick_dec -0 nack_dec -74700
Flow Uec_51_179 flowId 128 uecSrc 127 finished at 382.32 total messages 1 total packets 490 RTS 0 total bytes 2002140 in_flight now 0 fair_inc 8647 prop_inc 68795 fast_inc 0 eta_inc 17880 multi_dec -125089 quick_dec -0 nack_dec -49800
Flow Uec_235_107 flowId 108 uecSrc 107 finished at 386.026 total messages 1 total packets 490 RTS 0 total bytes 2002140 in_flight now 0 fair_inc 5306 prop_inc 37203 fast_inc 0 eta_inc 18476 multi_dec -85093 quick_dec -0 nack_dec -74700
Flow Uec_229_101 flowId 82 uecSrc 81 finished at 391.242 total messages 1 total packets 490 RTS 0 total bytes 2002140 in_flight now 0 fair_inc 4658 prop_inc 79051 fast_inc 4041 eta_inc 17880 multi_dec -107959 quick_dec -0 nack_dec -62250
393.086 flowid 139 Spurious 489
393.234 flowid 32 Spurious 485
396.75 flowid 139 Spurious 488
Flow Uec_230_102 flowId 97 uecSrc 96 finished at 398.382 total messages 1 total packets 490 RTS 0 total bytes 2002140 in_flight now 0 fair_inc 9879 prop_inc 99435 fast_inc 0 eta_inc 18476 multi_dec -121384 quick_dec -0 nack_dec -58100
398.914 flowid 139 Spurious 496
Flow Uec_178_50 flowId 121 uecSrc 120 finished at 401.072 total messages 1 total packets 490 RTS 0 total bytes 2002140 in_flight now 0 fair_inc 10426 prop_inc 16591 fast_inc 0 eta_inc 19072 multi_dec -19858 quick_dec -0 nack_dec -120350
Flow Uec_13_141 flowId 32 uecSrc 31 finished at 407.5 total messages 1 total packets 497 RTS 7 total bytes 2002140 in_flight now 0 fair_inc 8960 prop_inc 45071 fast_inc 0 eta_inc 16092 multi_dec -0 quick_dec -152442 nack_dec -24900
Flow Uec_9_137 flowId 139 uecSrc 138 finished at 408.074 total messages 1 total packets 500 RTS 10 total bytes 2002140 in_flight now 0 fair_inc 12930 prop_inc 55940 fast_inc 0 eta_inc 16092 multi_dec -0 quick_dec -125665 nack_dec -20750
Flow Uec_162_34 flowId 110 uecSrc 109 finished at 410.368 total messages 1 total packets 490 RTS 0 total bytes 2002140 in_flight now 0 fair_inc 15068 prop_inc 31144 fast_inc 0 eta_inc 19668 multi_dec -98042 quick_dec -0 nack_dec -78850
Flow Uec_112_240 flowId 115 uecSrc 114 finished at 411.122 total messages 1 total packets 490 RTS 0 total bytes 2002140 in_flight now 0 fair_inc 18244 prop_inc 24797 fast_inc 0 eta_inc 19668 multi_dec -51985 quick_dec -0 nack_dec -124500
Flow Uec_202_74 flowId 23 uecSrc 22 finished at 412.033 total messages 1 total packets 490 RTS 0 total bytes 2002140 in_flight now 0 fair_inc 24242 prop_inc 17840 fast_inc 0 eta_inc 19668 multi_dec -53006 quick_dec -0 nack_dec -116200
Flow Uec_173_45 flowId 64 uecSrc 63 finished at 418.284 total messages 1 total packets 490 RTS 0 total bytes 2002140 in_flight now 0 fair_inc 12961 prop_inc 25866 fast_inc 0 eta_inc 18476 multi_dec -92357 quick_dec -0 nack_dec -78850
419.439 flowid 113 Spurious 493
420.103 flowid 113 Spurious 496
423.103 flowid 113 Spurious 492
423.767 flowid 113 Spurious 495
Flow Uec_4_132 flowId 113 uecSrc 112 finished at 427.088 total messages 1 total packets 501 RTS 11 total bytes 2002140 in_flight now -64 fair_inc 12113 prop_inc 41558 fast_inc 0 eta_inc 16688 multi_dec -2306 quick_dec -107377 nack_dec -4150
Flow Uec_5_133 flowId 137 uecSrc 136 finished at 441.5 total messages 1 total packets 498 RTS 8 total bytes 2002140 in_flight now 0 fair_inc 13704 prop_inc 49334 fast_inc 0 eta_inc 17284 multi_dec -21398 quick_dec -135077 nack_dec -16600
Flow Uec_248_120 flowId 143 uecSrc 142 finished at 443.384 total messages 1 total packets 490 RTS 0 total bytes 2002140 in_flight now 0 fair_inc 25598 prop_inc 20154 fast_inc 0 eta_inc 21456 multi_dec -83702 quick_dec -0 nack_dec -107900
Flow Uec_52_180 flowId 9 uecSrc 8 finished at 443.599 total messages 1 total packets 490 RTS 0 total bytes 2002140 in_flight now 0 fair_inc 16122 prop_inc 20737 fast_inc 0 eta_inc 20860 multi_dec -42229 quick_dec -0 nack_dec -128650
Flow Uec_39_167 flowId 44 uecSrc 43 finished at 453.8 total messages 1 total packets 491 RTS 1 total bytes 2002140 in_flight now 0 fair_inc 15942 prop_inc 73718 fast_inc 0 eta_inc 16688 multi_dec -195491 quick_dec -0 nack_dec -0
Flow Uec_152_24 flowId 56 uecSrc 55 finished at 461.605 total messages 1 total packets 490 RTS 0 total bytes 2002140 in_flight now 0 fair_inc 17367 prop_inc 47434 fast_inc 0 eta_inc 20860 multi_dec -74954 quick_dec -0 nack_dec -112050
Flow Uec_10_138 flowId 65 uecSrc 64 finished at 485.235 total messages 1 total packets 496 RTS 6 total bytes 2002140 in_flight now -64 fair_inc 15583 prop_inc 60997 fast_inc 0 eta_inc 17284 multi_dec -3729 quick_dec -142207 nack_dec -37350
Flow Uec_94_222 flowId 73 uecSrc 72 finished at 486.024 total messages 1 total packets 490 RTS 0 total bytes 2002140 in_flight now 0 fair_inc 11866 prop_inc 14236 fast_inc 0 eta_inc 22052 multi_dec -38181 quick_dec -0 nack_dec -128650
Flow Uec_255_127 flowId 112 uecSrc 111 finished at 486.277 total messages 1 total packets 490 RTS 0 total bytes 2002140 in_flight now 0 fair_inc 20425 prop_inc 44008 fast_inc 0 eta_inc 22648 multi_dec -68902 quick_dec -0 nack_dec -116200
Flow Uec_142_14 flowId 21 uecSrc 20 finished at 486.406 total messages 1 total packets 490 RTS 0 total bytes 2002140 in_flight now 0 fair_inc 25856 prop_inc 23288 fast_inc 0 eta_inc 22052 multi_dec -97749 quick_dec -0 nack_dec -83000
Flow Uec_148_20 flowId 92 uecSrc 91 finished at 487.244 total messages 1 total packets 490 RTS 0 total bytes 2002140 in_flight now 0 fair_inc 33549 prop_inc 35765 fast_inc 0 eta_inc 22052 multi_dec -113421 quick_dec -0 nack_dec -83000
Flow Uec_110_238 flowId 151 uecSrc 150 finished at 487.975 total messages 1 total packets 490 RTS 0 total bytes 2002140 in_flight now 0 fair_inc 14042 prop_inc 54005 fast_inc 0 eta_inc 21456 multi_dec -116515 quick_dec -0 nack_dec -83000
Flow Uec_124_252 flowId 87 uecSrc 86 finished at 488.27 total messages 1 total packets 490 RTS 0 total bytes 2002140 in_flight now 0 fair_inc 26655 prop_inc 14441 fast_inc 0 eta_inc 22648 multi_dec -77800 quick_dec -0 nack_dec -107900
Flow Uec_69_197 flowId 28 uecSrc 27 finished at 490.482 total messages 1 total packets 490 RTS 0 total bytes 2002140 in_flight now 0 fair_inc 25349 prop_inc 8588 fast_inc 0 eta_inc 21456 multi_dec -99398 quick_dec -0 nack_dec -83000
Flow Uec_58_186 flowId 2 uecSrc 1 finished at 491.081 total messages 1 total packets 490 RTS 0 total bytes 2002140 in_flight now 0 fair_inc 14350 prop_inc 45199 fast_inc 0 eta_inc 23244 multi_dec -109123 quick_dec -0 nack_dec -87150
Flow Uec_195_67 flowId 91 uecSrc 90 finished at 492.171 total messages 1 total packets 490 RTS 0 total bytes 2002140 in_flight now 0 fair_inc 9606 prop_inc 50142 fast_inc 0 eta_inc 21456 multi_dec -109492 quick_dec -0 nack_dec -74700
Flow Uec_1_129 flowId 98 uecSrc 97 finished at 493.259 total messages 1 total packets 502 RTS 12 total bytes 2002140 in_flight now 0 fair_inc 5636 prop_inc 68564 fast_inc 0 eta_inc 19668 multi_dec -0 quick_dec -84727 nack_dec -20750
Flow Uec_122_250 flowId 160 uecSrc 159 finished at 493.497 total messages 1 total packets 490 RTS 0 total bytes 2002140 in_flight now 0 fair_inc 13442 prop_inc 17576 fast_inc 0 eta_inc 22648 multi_dec -99979 quick_dec -0 nack_dec -83000
Flow Uec_35_163 flowId 162 uecSrc 161 finished at 495.927 total messages 1 total packets 491 RTS 1 total bytes 2002140 in_flight now 0 fair_inc 9895 prop_inc 84053 fast_inc 52011 eta_inc 19072 multi_dec -168927 quick_dec -0 nack_dec -33200
Flow Uec_129_1 flowId 60 uecSrc 59 finished at 496.227 total messages 1 total packets 490 RTS 0 total bytes 2002140 in_flight now 0 fair_inc 42433 prop_inc 10272 fast_inc 0 eta_inc 22052 multi_dec -59925 quick_dec -0 nack_dec -136950
Flow Uec_218_90 flowId 41 uecSrc 40 finished at 501.792 total messages 1 total packets 490 RTS 0 total bytes 2002140 in_flight now 0 fair_inc 33226 prop_inc 47832 fast_inc 0 eta_inc 23244 multi_dec -86545 quick_dec -0 nack_dec -116200
Flow Uec_194_66 flowId 126 uecSrc 125 finished at 505.346 total messages 1 total packets 490 RTS 0 total bytes 2002140 in_flight now 0 fair_inc 26806 prop_inc 50224 fast_inc 0 eta_inc 22648 multi_dec -92652 quick_dec -0 nack_dec -95450
Flow Uec_223_95 flowId 130 uecSrc 129 finished at 505.977 total messages 1 total packets 490 RTS 0 total bytes 2002140 in_flight now 0 fair_inc 13105 prop_inc 53797 fast_inc 0 eta_inc 22648 multi_dec -124703 quick_dec -0 nack_dec -74700
Flow Uec_56_184 flowId 159 uecSrc 158 finished at 507.045 total messages 1 total packets 490 RTS 0 total bytes 2002140 in_flight now 0 fair_inc 38110 prop_inc 26802 fast_inc 0 eta_inc 21456 multi_dec -129822 quick_dec -0 nack_dec -87150
Flow Uec_105_233 flowId 78 uecSrc 77 finished at 508.121 total messages 1 total packets 490 RTS 0 total bytes 2002140 in_flight now 0 fair_inc 13178 prop_inc 71355 fast_inc 0 eta_inc 23244 multi_dec -92154 quick_dec -0 nack_dec -103750
Flow Uec_159_31 flowId 77 uecSrc 76 finished at 510.278 total messages 1 total packets 492 RTS 2 total bytes 2002140 in_flight now 0 fair_inc 14038 prop_inc 56115 fast_inc 3519 eta_inc 23244 multi_dec -43554 quick_dec -0 nack_dec -124500
Flow Uec_123_251 flowId 152 uecSrc 151 finished at 510.997 total messages 1 total packets 490 RTS 0 total bytes 2002140 in_flight now 0 fair_inc 24731 prop_inc 26616 fast_inc 10591 eta_inc 24436 multi_dec -72651 quick_dec -0 nack_dec -107900
Flow Uec_145_17 flowId 14 uecSrc 13 finished at 511.266 total messages 1 total packets 490 RTS 0 total bytes 2002140 in_flight now 0 fair_inc 16394 prop_inc 33642 fast_inc 7559 eta_inc 23840 multi_dec -119864 quick_dec -0 nack_dec -74700
Flow Uec_250_122 flowId 106 uecSrc 105 finished at 512.954 total messages 1 total packets 490 RTS 0 total bytes 2002140 in_flight now 0 fair_inc 42882 prop_inc 28399 fast_inc 0 eta_inc 23840 multi_dec -146168 quick_dec -0 nack_dec -91300
Flow Uec_82_210 flowId 11 uecSrc 10 finished at 514.37 total messages 1 total packets 490 RTS 0 total bytes 2002140 in_flight now 0 fair_inc 20242 prop_inc 27564 fast_inc 8569 eta_inc 23840 multi_dec -74287 quick_dec -0 nack_dec -112050
Flow Uec_155_27 flowId 59 uecSrc 58 finished at 519.303 total messages 1 total packets 491 RTS 1 total bytes 2002140 in_flight now 0 fair_inc 25828 prop_inc 60156 fast_inc 99488 eta_inc 22648 multi_dec -120582 quick_dec -0 nack_dec -107900
Flow Uec_57_185 flowId 164 uecSrc 163 finished at 520.103 total messages 1 total packets 490 RTS 0 total bytes 2002140 in_flight now 0 fair_inc 65585 prop_inc 25891 fast_inc 0 eta_inc 24436 multi_dec -161901 quick_dec -0 nack_dec -83000
Flow Uec_212_84 flowId 24 uecSrc 23 finished at 525.564 total messages 1 total packets 490 RTS 0 total bytes 2002140 in_flight now 0 fair_inc 39041 prop_inc 6390 fast_inc 0 eta_inc 23840 multi_dec -48723 quick_dec -0 nack_dec -149400
Flow Uec_249_121 flowId 38 uecSrc 37 finished at 527.391 total messages 1 total packets 490 RTS 0 total bytes 2002140 in_flight now 0 fair_inc 47579 prop_inc 32668 fast_inc 0 eta_inc 24436 multi_dec -130558 quick_dec -0 nack_dec -107900
Flow Uec_60_188 flowId 58 uecSrc 57 finished at 532.23 total messages 1 total packets 490 RTS 0 total bytes 2002140 in_flight now 0 fair_inc 28068 prop_inc 69629 fast_inc 0 eta_inc 23840 multi_dec -95111 quick_dec -0 nack_dec -116200
Flow Uec_216_88 flowId 109 uecSrc 108 finished at 532.303 total messages 1 total packets 490 RTS 0 total bytes 2002140 in_flight now 0 fair_inc 37130 prop_inc 9867 fast_inc 0 eta_inc 24436 multi_dec -97027 quick_dec -0 nack_dec -124500
Flow Uec_80_208 flowId 102 uecSrc 101 finished at 533.13 total messages 1 total packets 490 RTS 0 total bytes 2002140 in_flight now 0 fair_inc 32011 prop_inc 10659 fast_inc 0 eta_inc 25032 multi_dec -42553 quick_dec -0 nack_dec -157700
Flow Uec_252_124 flowId 111 uecSrc 110 finished at 535.033 total messages 1 total packets 490 RTS 0 total bytes 2002140 in_flight now 0 fair_inc 23306 prop_inc 46319 fast_inc 76254 eta_inc 24436 multi_dec -102835 quick_dec -0 nack_dec -112050
Flow Uec_59_187 flowId 125 uecSrc 124 finished at 538.903 total messages 1 total packets 490 RTS 0 total bytes 2002140 in_flight now 0 fair_inc 29510 prop_inc 49823 fast_inc 6550 eta_inc 23244 multi_dec -93928 quick_dec -0 nack_dec -128650
Flow Uec_247_119 flowId 5 uecSrc 4 finished at 556.14 total messages 1 total packets 490 RTS 0 total bytes 2002140 in_flight now 0 fair_inc 51279 prop_inc 39013 fast_inc 32812 eta_inc 25032 multi_dec -145685 quick_dec -0 nack_dec -99600
Flow Uec_193_65 flowId 154 uecSrc 153 finished at 560.803 total messages 1 total packets 490 RTS 0 total bytes 2002140 in_flight now 0 fair_inc 14182 prop_inc 6949 fast_inc 0 eta_inc 26820 multi_dec -2380 quick_dec -0 nack_dec -166000
Flow Uec_156_28 flowId 66 uecSrc 65 finished at 566.202 total messages 1 total packets 490 RTS 0 total bytes 2002140 in_flight now 0 fair_inc 38621 prop_inc 7473 fast_inc 0 eta_inc 23840 multi_dec -43363 quick_dec -0 nack_dec -153550
Flow Uec_167_39 flowId 51 uecSrc 50 finished at 567.369 total messages 1 total packets 491 RTS 1 total bytes 2002140 in_flight now 0 fair_inc 22420 prop_inc 17962 fast_inc 0 eta_inc 25628 multi_dec -106231 quick_dec -0 nack_dec -95450
Flow Uec_151_23 flowId 70 uecSrc 69 finished at 570.518 total messages 1 total packets 490 RTS 0 total bytes 2002140 in_flight now 0 fair_inc 25460 prop_inc 12372 fast_inc 0 eta_inc 25032 multi_dec -44022 quick_dec -0 nack_dec -145250
Flow Uec_78_206 flowId 8 uecSrc 7 finished at 582.532 total messages 1 total packets 490 RTS 0 total bytes 2002140 in_flight now 0 fair_inc 34794 prop_inc 8234 fast_inc 0 eta_inc 26820 multi_dec -110638 quick_dec -0 nack_dec -95450
Flow Uec_205_77 flowId 25 uecSrc 24 finished at 588.628 total messages 1 total packets 490 RTS 0 total bytes 2002140 in_flight now 0 fair_inc 40327 prop_inc 6701 fast_inc 0 eta_inc 26820 multi_dec -95809 quick_dec -0 nack_dec -136950
Flow Uec_200_72 flowId 140 uecSrc 139 finished at 615.683 total messages 1 total packets 490 RTS 0 total bytes 2002140 in_flight now 0 fair_inc 41851 prop_inc 21129 fast_inc 0 eta_inc 26224 multi_dec -105872 quick_dec -0 nack_dec -112050
Flow Uec_88_216 flowId 31 uecSrc 30 finished at 618.676 total messages 1 total packets 490 RTS 0 total bytes 2002140 in_flight now 0 fair_inc 18495 prop_inc 32852 fast_inc 0 eta_inc 28012 multi_dec -69831 quick_dec -0 nack_dec -132800
Flow Uec_203_75 flowId 142 uecSrc 141 finished at 619.495 total messages 1 total packets 490 RTS 0 total bytes 2002140 in_flight now 0 fair_inc 23815 prop_inc 24123 fast_inc 0 eta_inc 28012 multi_dec -23348 quick_dec -0 nack_dec -170150
Flow Uec_83_211 flowId 101 uecSrc 100 finished at 627.181 total messages 1 total packets 490 RTS 0 total bytes 2002140 in_flight now 0 fair_inc 21465 prop_inc 17726 fast_inc 0 eta_inc 28608 multi_dec -133676 quick_dec -0 nack_dec -78850
Flow Uec_197_69 flowId 90 uecSrc 89 finished at 632.229 total messages 1 total packets 490 RTS 0 total bytes 2002140 in_flight now 0 fair_inc 36489 prop_inc 22810 fast_inc 0 eta_inc 22648 multi_dec -62686 quick_dec -0 nack_dec -141100
Flow Uec_225_97 flowId 134 uecSrc 133 finished at 633.728 total messages 1 total packets 490 RTS 0 total bytes 2002140 in_flight now 0 fair_inc 34229 prop_inc 23496 fast_inc 0 eta_inc 28608 multi_dec -81834 quick_dec -0 nack_dec -141100
Flow Uec_221_93 flowId 124 uecSrc 123 finished at 636.785 total messages 1 total packets 490 RTS 0 total bytes 2002140 in_flight now 0 fair_inc 18232 prop_inc 16440 fast_inc 0 eta_inc 28012 multi_dec -78904 quick_dec -0 nack_dec -120350
Flow Uec_217_89 flowId 80 uecSrc 79 finished at 638.616 total messages 1 total packets 490 RTS 0 total bytes 2002140 in_flight now 0 fair_inc 44904 prop_inc 11923 fast_inc 0 eta_inc 29204 multi_dec -93877 quick_dec -0 nack_dec -128650
Flow Uec_86_214 flowId 1 uecSrc 0 finished at 650.933 total messages 1 total packets 490 RTS 0 total bytes 2002140 in_flight now 0 fair_inc 33588 prop_inc 41609 fast_inc 0 eta_inc 26820 multi_dec -108732 quick_dec -0 nack_dec -107900
Flow Uec_84_212 flowId 86 uecSrc 85 finished at 657.021 total messages 1 total packets 490 RTS 0 total bytes 2002140 in_flight now 0 fair_inc 21285 prop_inc 31965 fast_inc 0 eta_inc 26820 multi_dec -38081 quick_dec -0 nack_dec -174300
Flow Uec_185_57 flowId 129 uecSrc 128 finished at 659.911 total messages 1 total packets 490 RTS 0 total bytes 2002140 in_flight now 0 fair_inc 60104 prop_inc 22054 fast_inc 0 eta_inc 29204 multi_dec -76281 quick_dec -0 nack_dec -153550
Flow Uec_76_204 flowId 127 uecSrc 126 finished at 681.056 total messages 1 total packets 490 RTS 0 total bytes 2002140 in_flight now 0 fair_inc 44764 prop_inc 43469 fast_inc 21702 eta_inc 27416 multi_dec -20314 quick_dec -13989 nack_dec -186750
Flow Uec_90_218 flowId 13 uecSrc 12 finished at 681.214 total messages 1 total packets 490 RTS 0 total bytes 2002140 in_flight now 0 fair_inc 34494 prop_inc 53571 fast_inc 29785 eta_inc 25628 multi_dec -114884 quick_dec -0 nack_dec -120350
Flow Uec_224_96 flowId 145 uecSrc 144 finished at 696.122 total messages 1 total packets 490 RTS 0 total bytes 2002140 in_flight now 0 fair_inc 37270 prop_inc 50448 fast_inc 4041 eta_inc 30992 multi_dec -83985 quick_dec -0 nack_dec -145250
Flow Uec_201_73 flowId 46 uecSrc 45 finished at 706.47 total messages 1 total packets 490 RTS 0 total bytes 2002140 in_flight now 0 fair_inc 62613 prop_inc 63736 fast_inc 0 eta_inc 31588 multi_dec -129731 quick_dec -0 nack_dec -128650
Flow Uec_196_68 flowId 10 uecSrc 9 finished at 706.617 total messages 1 total packets 490 RTS 0 total bytes 2002140 in_flight now 0 fair_inc 34739 prop_inc 79007 fast_inc 0 eta_inc 28012 multi_dec -150438 quick_dec -0 nack_dec -95450
Flow Uec_226_98 flowId 52 uecSrc 51 finished at 722.534 total messages 1 total packets 490 RTS 0 total bytes 2002140 in_flight now 0 fair_inc 21339 prop_inc 9277 fast_inc 0 eta_inc 31588 multi_dec -18627 quick_dec -0 nack_dec -186750
Flow Uec_166_38 flowId 83 uecSrc 82 finished at 744.81 total messages 1 total packets 492 RTS 2 total bytes 2002140 in_flight now 0 fair_inc 10455 prop_inc 18148 fast_inc 293977 eta_inc 26820 multi_dec -133965 quick_dec --2724 nack_dec -95450
Flow Uec_242_114 flowId 133 uecSrc 132 finished at 749.094 total messages 1 total packets 490 RTS 0 total bytes 2002140 in_flight now 0 fair_inc 47335 prop_inc 9726 fast_inc 0 eta_inc 33376 multi_dec -81268 quick_dec -0 nack_dec -157700
Flow Uec_177_49 flowId 7 uecSrc 6 finished at 760.999 total messages 1 total packets 490 RTS 0 total bytes 2002140 in_flight now 0 fair_inc 47259 prop_inc 49058 fast_inc 0 eta_inc 30396 multi_dec -117711 quick_dec -0 nack_dec -132800
Flow Uec_182_54 flowId 42 uecSrc 41 finished at 792.831 total messages 1 total packets 490 RTS 0 total bytes 2002140 in_flight now 0 fair_inc 30251 prop_inc 55315 fast_inc 0 eta_inc 32780 multi_dec -94496 quick_dec -0 nack_dec -149400
Flow Uec_244_116 flowId 34 uecSrc 33 finished at 817.979 total messages 1 total packets 490 RTS 0 total bytes 2002140 in_flight now 0 fair_inc 19561 prop_inc 37928 fast_inc 0 eta_inc 28012 multi_dec -96614 quick_dec -0 nack_dec -124500
Flow Uec_231_103 flowId 63 uecSrc 62 finished at 841.777 total messages 1 total packets 490 RTS 0 total bytes 2002140 in_flight now 0 fair_inc 18149 prop_inc 50272 fast_inc 0 eta_inc 28012 multi_dec -12800 quick_dec -29993 nack_dec -166000
Flow Uec_186_58 flowId 165 uecSrc 164 finished at 855.51 total messages 1 total packets 490 RTS 0 total bytes 2002140 in_flight now 0 fair_inc 41477 prop_inc 58068 fast_inc 111612 eta_inc 30992 multi_dec -114765 quick_dec -5094 nack_dec -141100
Flow Uec_85_213 flowId 19 uecSrc 18 finished at 862.043 total messages 1 total packets 490 RTS 0 total bytes 2002140 in_flight now 0 fair_inc 30153 prop_inc 4256 fast_inc 0 eta_inc 38144 multi_dec -36943 quick_dec -10435 nack_dec -186750
Flow Uec_237_109 flowId 45 uecSrc 44 finished at 868.534 total messages 1 total packets 490 RTS 0 total bytes 2002140 in_flight now 0 fair_inc 44842 prop_inc 59312 fast_inc 0 eta_inc 33376 multi_dec -108618 quick_dec -0 nack_dec -157700
Flow Uec_79_207 flowId 155 uecSrc 154 finished at 874.487 total messages 1 total packets 490 RTS 0 total bytes 2002140 in_flight now 0 fair_inc 36919 prop_inc 5729 fast_inc 0 eta_inc 27416 multi_dec -18953 quick_dec -29993 nack_dec -166000
Flow Uec_77_205 flowId 131 uecSrc 130 finished at 909.307 total messages 1 total packets 490 RTS 0 total bytes 2002140 in_flight now 0 fair_inc 40293 prop_inc 20828 fast_inc 0 eta_inc 38144 multi_dec -77263 quick_dec -0 nack_dec -182600
Flow Uec_73_201 flowId 122 uecSrc 121 finished at 922.482 total messages 1 total packets 490 RTS 0 total bytes 2002140 in_flight now 0 fair_inc 54420 prop_inc 28219 fast_inc 0 eta_inc 38740 multi_dec -74705 quick_dec -15726 nack_dec -182600
Flow Uec_96_224 flowId 62 uecSrc 61 finished at 998.375 total messages 1 total packets 490 RTS 0 total bytes 2002140 in_flight now 0 fair_inc 56958 prop_inc 72332 fast_inc 0 eta_inc 35164 multi_dec -170042 quick_dec --306 nack_dec -112050
Flow Uec_92_220 flowId 99 uecSrc 98 finished at 1019.75 total messages 1 total packets 490 RTS 0 total bytes 2002140 in_flight now 0 fair_inc 27186 prop_inc 76783 fast_inc 20694 eta_inc 39336 multi_dec -116375 quick_dec -3138 nack_dec -141100
.Done
New: 81340 Rtx: 3261 RTS: 111 Bounced: 0 ACKs: 63935 NACKs: 2825 Pulls: 0 sleek_pkts: 0
