traffic matrix input file: connection_matrices/load_sweep/load0.65_n256_seed3.cm
Load balancing algorithm set to oblivious
no_of_nodes 256
Dragonfly+ strategy: FPAR
Setting queuesize to 50 packets
endtime(us) 100000
random seed 3
Packet size (MTU) is 4150
Parsed args
Logging to reps_dfp_results/reps_withoutnorm256/load0.65_oblivious_seed3.dat
Loading connection matrix from connection_matrices/load_sweep/load0.65_n256_seed3.cm
Nodes: 256 Connections: 166 Triggers: 0 Failures: 0
Setting ECN low 33200 high 120350
Dragonfly+ with medium topology type
Link latencies: 1 and switch latencies: 0
queue_id 2 ecn_low 33200 ecn_high 120350
DragonFly+ constructor done, 392 nodes created
Note: topology supports 392 hosts; 136 host port(s) will be unused.
network_max_unloaded_rtt 11.6856 us
Setting min RTO to 114.6
Per-hop RTT normalization: OFF (strategy fpar)
Initializing static NSCC parameters: _reference_network_linkspeed=100000000000 _reference_network_rtt=12000000 _reference_network_bdp=150000 _target_Qdelay=8764200 _network_linkspeed=100000000000 _network_rtt=11685600 _network_bdp=146070 _qa_gate=2^3 _qa_threshold=3.50568e+07 _scaling_factor_a=0.9738 _scaling_factor_b=0.73035 _alpha=0.00132632 _fi=19894.7 _eta=596.842 _qa_scaling=1 _gamma=0.8 _fi_scale=0.24345 _delay_alpha=0.0125 _adjust_period_threshold=11685600 _adjust_bytes_threshold=33200
Initialize per-instance NSCC parameters: flowid 1 _base_rtt=11685600 _base_bdp=146070 _bdp=146070 _min_cwnd=4150 _maxwnd=219105 _cwnd=219105
Initialize per-instance NSCC parameters: flowid 2 _base_rtt=11685600 _base_bdp=146070 _bdp=146070 _min_cwnd=4150 _maxwnd=219105 _cwnd=219105
Initialize per-instance NSCC parameters: flowid 3 _base_rtt=11685600 _base_bdp=146070 _bdp=146070 _min_cwnd=4150 _maxwnd=219105 _cwnd=219105
Initialize per-instance NSCC parameters: flowid 4 _base_rtt=11685600 _base_bdp=146070 _bdp=146070 _min_cwnd=4150 _maxwnd=219105 _cwnd=219105
Initialize per-instance NSCC parameters: flowid 5 _base_rtt=11685600 _base_bdp=146070 _bdp=146070 _min_cwnd=4150 _maxwnd=219105 _cwnd=219105
Initialize per-instance NSCC parameters: flowid 6 _base_rtt=11685600 _base_bdp=146070 _bdp=146070 _min_cwnd=4150 _maxwnd=219105 _cwnd=219105
Initialize per-instance NSCC parameters: flowid 7 _base_rtt=11685600 _base_bdp=146070 _bdp=146070 _min_cwnd=4150 _maxwnd=219105 _cwnd=219105
Initialize per-instance NSCC parameters: flowid 8 _base_rtt=11685600 _base_bdp=146070 _bdp=146070 _min_cwnd=4150 _maxwnd=219105 _cwnd=219105
Initialize per-instance NSCC parameters: flowid 9 _base_rtt=11685600 _base_bdp=146070 _bdp=146070 _min_cwnd=4150 _maxwnd=219105 _cwnd=219105
Initialize per-instance NSCC parameters: flowid 10 _base_rtt=11685600 _base_bdp=146070 _bdp=146070 _min_cwnd=4150 _maxwnd=219105 _cwnd=219105
Initialize per-instance NSCC parameters: flowid 11 _base_rtt=11685600 _base_bdp=146070 _bdp=146070 _min_cwnd=4150 _maxwnd=219105 _cwnd=219105
Initialize per-instance NSCC parameters: flowid 12 _base_rtt=11685600 _base_bdp=146070 _bdp=146070 _min_cwnd=4150 _maxwnd=219105 _cwnd=219105
Initialize per-instance NSCC parameters: flowid 13 _base_rtt=11685600 _base_bdp=146070 _bdp=146070 _min_cwnd=4150 _maxwnd=219105 _cwnd=219105
Initialize per-instance NSCC parameters: flowid 14 _base_rtt=11685600 _base_bdp=146070 _bdp=146070 _min_cwnd=4150 _maxwnd=219105 _cwnd=219105
Initialize per-instance NSCC parameters: flowid 15 _base_rtt=11685600 _base_bdp=146070 _bdp=146070 _min_cwnd=4150 _maxwnd=219105 _cwnd=219105
Initialize per-instance NSCC parameters: flowid 16 _base_rtt=11685600 _base_bdp=146070 _bdp=146070 _min_cwnd=4150 _maxwnd=219105 _cwnd=219105
Initialize per-instance NSCC parameters: flowid 17 _base_rtt=11685600 _base_bdp=146070 _bdp=146070 _min_cwnd=4150 _maxwnd=219105 _cwnd=219105
Initialize per-instance NSCC parameters: flowid 18 _base_rtt=11685600 _base_bdp=146070 _bdp=146070 _min_cwnd=4150 _maxwnd=219105 _cwnd=219105
Initialize per-instance NSCC parameters: flowid 19 _base_rtt=11685600 _base_bdp=146070 _bdp=146070 _min_cwnd=4150 _maxwnd=219105 _cwnd=219105
Initialize per-instance NSCC parameters: flowid 20 _base_rtt=11685600 _base_bdp=146070 _bdp=146070 _min_cwnd=4150 _maxwnd=219105 _cwnd=219105
Initialize per-instance NSCC parameters: flowid 21 _base_rtt=11685600 _base_bdp=146070 _bdp=146070 _min_cwnd=4150 _maxwnd=219105 _cwnd=219105
Initialize per-instance NSCC parameters: flowid 22 _base_rtt=11685600 _base_bdp=146070 _bdp=146070 _min_cwnd=4150 _maxwnd=219105 _cwnd=219105
Initialize per-instance NSCC parameters: flowid 23 _base_rtt=11685600 _base_bdp=146070 _bdp=146070 _min_cwnd=4150 _maxwnd=219105 _cwnd=219105
Initialize per-instance NSCC parameters: flowid 24 _base_rtt=11685600 _base_bdp=146070 _bdp=146070 _min_cwnd=4150 _maxwnd=219105 _cwnd=219105
Initialize per-instance NSCC parameters: flowid 25 _base_rtt=11685600 _base_bdp=146070 _bdp=146070 _min_cwnd=4150 _maxwnd=219105 _cwnd=219105
Initialize per-instance NSCC parameters: flowid 26 _base_rtt=11685600 _base_bdp=146070 _bdp=146070 _min_cwnd=4150 _maxwnd=219105 _cwnd=219105
Initialize per-instance NSCC parameters: flowid 27 _base_rtt=11685600 _base_bdp=146070 _bdp=146070 _min_cwnd=4150 _maxwnd=219105 _cwnd=219105
Initialize per-instance NSCC parameters: flowid 28 _base_rtt=11685600 _base_bdp=146070 _bdp=146070 _min_cwnd=4150 _maxwnd=219105 _cwnd=219105
Initialize per-instance NSCC parameters: flowid 29 _base_rtt=11685600 _base_bdp=146070 _bdp=146070 _min_cwnd=4150 _maxwnd=219105 _cwnd=219105
Initialize per-instance NSCC parameters: flowid 30 _base_rtt=11685600 _base_bdp=146070 _bdp=146070 _min_cwnd=4150 _maxwnd=219105 _cwnd=219105
Initialize per-instance NSCC parameters: flowid 31 _base_rtt=11685600 _base_bdp=146070 _bdp=146070 _min_cwnd=4150 _maxwnd=219105 _cwnd=219105
Initialize per-instance NSCC parameters: flowid 32 _base_rtt=11685600 _base_bdp=146070 _bdp=146070 _min_cwnd=4150 _maxwnd=219105 _cwnd=219105
Initialize per-instance NSCC parameters: flowid 33 _base_rtt=11685600 _base_bdp=146070 _bdp=146070 _min_cwnd=4150 _maxwnd=219105 _cwnd=219105
Initialize per-instance NSCC parameters: flowid 34 _base_rtt=11685600 _base_bdp=146070 _bdp=146070 _min_cwnd=4150 _maxwnd=219105 _cwnd=219105
Initialize per-instance NSCC parameters: flowid 35 _base_rtt=11685600 _base_bdp=146070 _bdp=146070 _min_cwnd=4150 _maxwnd=219105 _cwnd=219105
Initialize per-instance NSCC parameters: flowid 36 _base_rtt=11685600 _base_bdp=146070 _bdp=146070 _min_cwnd=4150 _maxwnd=219105 _cwnd=219105
Initialize per-instance NSCC parameters: flowid 37 _base_rtt=11685600 _base_bdp=146070 _bdp=146070 _min_cwnd=4150 _maxwnd=219105 _cwnd=219105
Initialize per-instance NSCC parameters: flowid 38 _base_rtt=11685600 _base_bdp=146070 _bdp=146070 _min_cwnd=4150 _maxwnd=219105 _cwnd=219105
Initialize per-instance NSCC parameters: flowid 39 _base_rtt=11685600 _base_bdp=146070 _bdp=146070 _min_cwnd=4150 _maxwnd=219105 _cwnd=219105
Initialize per-instance NSCC parameters: flowid 40 _base_rtt=11685600 _base_bdp=146070 _bdp=146070 _min_cwnd=4150 _maxwnd=219105 _cwnd=219105
Initialize per-instance NSCC parameters: flowid 41 _base_rtt=11685600 _base_bdp=146070 _bdp=146070 _min_cwnd=4150 _maxwnd=219105 _cwnd=219105
Initialize per-instance NSCC parameters: flowid 42 _base_rtt=11685600 _base_bdp=146070 _bdp=146070 _min_cwnd=4150 _maxwnd=219105 _cwnd=219105
Initialize per-instance NSCC parameters: flowid 43 _base_rtt=11685600 _base_bdp=146070 _bdp=146070 _min_cwnd=4150 _maxwnd=219105 _cwnd=219105
Initialize per-instance NSCC parameters: flowid 44 _base_rtt=11685600 _base_bdp=146070 _bdp=146070 _min_cwnd=4150 _maxwnd=219105 _cwnd=219105
Initialize per-instance NSCC parameters: flowid 45 _base_rtt=11685600 _base_bdp=146070 _bdp=146070 _min_cwnd=4150 _maxwnd=219105 _cwnd=219105
Initialize per-instance NSCC parameters: flowid 46 _base_rtt=11685600 _base_bdp=146070 _bdp=146070 _min_cwnd=4150 _maxwnd=219105 _cwnd=219105
Initialize per-instance NSCC parameters: flowid 47 _base_rtt=11685600 _base_bdp=146070 _bdp=146070 _min_cwnd=4150 _maxwnd=219105 _cwnd=219105
Initialize per-instance NSCC parameters: flowid 48 _base_rtt=11685600 _base_bdp=146070 _bdp=146070 _min_cwnd=4150 _maxwnd=219105 _cwnd=219105
Initialize per-instance NSCC parameters: flowid 49 _base_rtt=11685600 _base_bdp=146070 _bdp=146070 _min_cwnd=4150 _maxwnd=219105 _cwnd=219105
Initialize per-instance NSCC parameters: flowid 50 _base_rtt=11685600 _base_bdp=146070 _bdp=146070 _min_cwnd=4150 _maxwnd=219105 _cwnd=219105
Initialize per-instance NSCC parameters: flowid 51 _base_rtt=11685600 _base_bdp=146070 _bdp=146070 _min_cwnd=4150 _maxwnd=219105 _cwnd=219105
Initialize per-instance NSCC parameters: flowid 52 _base_rtt=11685600 _base_bdp=146070 _bdp=146070 _min_cwnd=4150 _maxwnd=219105 _cwnd=219105
Initialize per-instance NSCC parameters: flowid 53 _base_rtt=11685600 _base_bdp=146070 _bdp=146070 _min_cwnd=4150 _maxwnd=219105 _cwnd=219105
Initialize per-instance NSCC parameters: flowid 54 _base_rtt=11685600 _base_bdp=146070 _bdp=146070 _min_cwnd=4150 _maxwnd=219105 _cwnd=219105
Initialize per-instance NSCC parameters: flowid 55 _base_rtt=11685600 _base_bdp=146070 _bdp=146070 _min_cwnd=4150 _maxwnd=219105 _cwnd=219105
Initialize per-instance NSCC parameters: flowid 56 _base_rtt=11685600 _base_bdp=146070 _bdp=146070 _min_cwnd=4150 _maxwnd=219105 _cwnd=219105
Initialize per-instance NSCC parameters: flowid 57 _base_rtt=11685600 _base_bdp=146070 _bdp=146070 _min_cwnd=4150 _maxwnd=219105 _cwnd=219105
Initialize per-instance NSCC parameters: flowid 58 _base_rtt=11685600 _base_bdp=146070 _bdp=146070 _min_cwnd=4150 _maxwnd=219105 _cwnd=219105
Initialize per-instance NSCC parameters: flowid 59 _base_rtt=11685600 _base_bdp=146070 _bdp=146070 _min_cwnd=4150 _maxwnd=219105 _cwnd=219105
Initialize per-instance NSCC parameters: flowid 60 _base_rtt=11685600 _base_bdp=146070 _bdp=146070 _min_cwnd=4150 _maxwnd=219105 _cwnd=219105
Initialize per-instance NSCC parameters: flowid 61 _base_rtt=11685600 _base_bdp=146070 _bdp=146070 _min_cwnd=4150 _maxwnd=219105 _cwnd=219105
Initialize per-instance NSCC parameters: flowid 62 _base_rtt=11685600 _base_bdp=146070 _bdp=146070 _min_cwnd=4150 _maxwnd=219105 _cwnd=219105
Initialize per-instance NSCC parameters: flowid 63 _base_rtt=11685600 _base_bdp=146070 _bdp=146070 _min_cwnd=4150 _maxwnd=219105 _cwnd=219105
Initialize per-instance NSCC parameters: flowid 64 _base_rtt=11685600 _base_bdp=146070 _bdp=146070 _min_cwnd=4150 _maxwnd=219105 _cwnd=219105
Initialize per-instance NSCC parameters: flowid 65 _base_rtt=11685600 _base_bdp=146070 _bdp=146070 _min_cwnd=4150 _maxwnd=219105 _cwnd=219105
Initialize per-instance NSCC parameters: flowid 66 _base_rtt=11685600 _base_bdp=146070 _bdp=146070 _min_cwnd=4150 _maxwnd=219105 _cwnd=219105
Initialize per-instance NSCC parameters: flowid 67 _base_rtt=11685600 _base_bdp=146070 _bdp=146070 _min_cwnd=4150 _maxwnd=219105 _cwnd=219105
Initialize per-instance NSCC parameters: flowid 68 _base_rtt=11685600 _base_bdp=146070 _bdp=146070 _min_cwnd=4150 _maxwnd=219105 _cwnd=219105
Initialize per-instance NSCC parameters: flowid 69 _base_rtt=11685600 _base_bdp=146070 _bdp=146070 _min_cwnd=4150 _maxwnd=219105 _cwnd=219105
Initialize per-instance NSCC parameters: flowid 70 _base_rtt=11685600 _base_bdp=146070 _bdp=146070 _min_cwnd=4150 _maxwnd=219105 _cwnd=219105
Initialize per-instance NSCC parameters: flowid 71 _base_rtt=11685600 _base_bdp=146070 _bdp=146070 _min_cwnd=4150 _maxwnd=219105 _cwnd=219105
Initialize per-instance NSCC parameters: flowid 72 _base_rtt=11685600 _base_bdp=146070 _bdp=146070 _min_cwnd=4150 _maxwnd=219105 _cwnd=219105
Initialize per-instance NSCC parameters: flowid 73 _base_rtt=11685600 _base_bdp=146070 _bdp=146070 _min_cwnd=4150 _maxwnd=219105 _cwnd=219105
Initialize per-instance NSCC parameters: flowid 74 _base_rtt=11685600 _base_bdp=146070 _bdp=146070 _min_cwnd=4150 _maxwnd=219105 _cwnd=219105
Initialize per-instance NSCC parameters: flowid 75 _base_rtt=11685600 _base_bdp=146070 _bdp=146070 _min_cwnd=4150 _maxwnd=219105 _cwnd=219105
Initialize per-instance NSCC parameters: flowid 76 _base_rtt=11685600 _base_bdp=146070 _bdp=146070 _min_cwnd=4150 _maxwnd=219105 _cwnd=219105
Initialize per-instance NSCC parameters: flowid 77 _base_rtt=11685600 _base_bdp=146070 _bdp=146070 _min_cwnd=4150 _maxwnd=219105 _cwnd=219105
Initialize per-instance NSCC parameters: flowid 78 _base_rtt=11685600 _base_bdp=146070 _bdp=146070 _min_cwnd=4150 _maxwnd=219105 _cwnd=219105
Initialize per-instance NSCC parameters: flowid 79 _base_rtt=11685600 _base_bdp=146070 _bdp=146070 _min_cwnd=4150 _maxwnd=219105 _cwnd=219105
Initialize per-instance NSCC parameters: flowid 80 _base_rtt=11685600 _base_bdp=146070 _bdp=146070 _min_cwnd=4150 _maxwnd=219105 _cwnd=219105
Initialize per-instance NSCC parameters: flowid 81 _base_rtt=11685600 _base_bdp=146070 _bdp=146070 _min_cwnd=4150 _maxwnd=219105 _cwnd=219105
Initialize per-instance NSCC parameters: flowid 82 _base_rtt=11685600 _base_bdp=146070 _bdp=146070 _min_cwnd=4150 _maxwnd=219105 _cwnd=219105
Initialize per-instance NSCC parameters: flowid 83 _base_rtt=11685600 _base_bdp=146070 _bdp=146070 _min_cwnd=4150 _maxwnd=219105 _cwnd=219105
Initialize per-instance NSCC parameters: flowid 84 _base_rtt=11685600 _base_bdp=146070 _bdp=146070 _min_cwnd=4150 _maxwnd=219105 _cwnd=219105
Initialize per-instance NSCC parameters: flowid 85 _base_rtt=11685600 _base_bdp=146070 _bdp=146070 _min_cwnd=4150 _maxwnd=219105 _cwnd=219105
Initialize per-instance NSCC parameters: flowid 86 _base_rtt=11685600 _base_bdp=146070 _bdp=146070 _min_cwnd=4150 _maxwnd=219105 _cwnd=219105
Initialize per-instance NSCC parameters: flowid 87 _base_rtt=11685600 _base_bdp=146070 _bdp=146070 _min_cwnd=4150 _maxwnd=219105 _cwnd=219105
Initialize per-instance NSCC parameters: flowid 88 _base_rtt=11685600 _base_bdp=146070 _bdp=146070 _min_cwnd=4150 _maxwnd=219105 _cwnd=219105
Initialize per-instance NSCC parameters: flowid 89 _base_rtt=11685600 _base_bdp=146070 _bdp=146070 _min_cwnd=4150 _maxwnd=219105 _cwnd=219105
Initialize per-instance NSCC parameters: flowid 90 _base_rtt=11685600 _base_bdp=146070 _bdp=146070 _min_cwnd=4150 _maxwnd=219105 _cwnd=219105
Initialize per-instance NSCC parameters: flowid 91 _base_rtt=11685600 _base_bdp=146070 _bdp=146070 _min_cwnd=4150 _maxwnd=219105 _cwnd=219105
Initialize per-instance NSCC parameters: flowid 92 _base_rtt=11685600 _base_bdp=146070 _bdp=146070 _min_cwnd=4150 _maxwnd=219105 _cwnd=219105
Initialize per-instance NSCC parameters: flowid 93 _base_rtt=11685600 _base_bdp=146070 _bdp=146070 _min_cwnd=4150 _maxwnd=219105 _cwnd=219105
Initialize per-instance NSCC parameters: flowid 94 _base_rtt=11685600 _base_bdp=146070 _bdp=146070 _min_cwnd=4150 _maxwnd=219105 _cwnd=219105
Initialize per-instance NSCC parameters: flowid 95 _base_rtt=11685600 _base_bdp=146070 _bdp=146070 _min_cwnd=4150 _maxwnd=219105 _cwnd=219105
Initialize per-instance NSCC parameters: flowid 96 _base_rtt=11685600 _base_bdp=146070 _bdp=146070 _min_cwnd=4150 _maxwnd=219105 _cwnd=219105
Initialize per-instance NSCC parameters: flowid 97 _base_rtt=11685600 _base_bdp=146070 _bdp=146070 _min_cwnd=4150 _maxwnd=219105 _cwnd=219105
Initialize per-instance NSCC parameters: flowid 98 _base_rtt=11685600 _base_bdp=146070 _bdp=146070 _min_cwnd=4150 _maxwnd=219105 _cwnd=219105
Initialize per-instance NSCC parameters: flowid 99 _base_rtt=11685600 _base_bdp=146070 _bdp=146070 _min_cwnd=4150 _maxwnd=219105 _cwnd=219105
Initialize per-instance NSCC parameters: flowid 100 _base_rtt=11685600 _base_bdp=146070 _bdp=146070 _min_cwnd=4150 _maxwnd=219105 _cwnd=219105
Initialize per-instance NSCC parameters: flowid 101 _base_rtt=11685600 _base_bdp=146070 _bdp=146070 _min_cwnd=4150 _maxwnd=219105 _cwnd=219105
Initialize per-instance NSCC parameters: flowid 102 _base_rtt=11685600 _base_bdp=146070 _bdp=146070 _min_cwnd=4150 _maxwnd=219105 _cwnd=219105
Initialize per-instance NSCC parameters: flowid 103 _base_rtt=11685600 _base_bdp=146070 _bdp=146070 _min_cwnd=4150 _maxwnd=219105 _cwnd=219105
Initialize per-instance NSCC parameters: flowid 104 _base_rtt=11685600 _base_bdp=146070 _bdp=146070 _min_cwnd=4150 _maxwnd=219105 _cwnd=219105
Initialize per-instance NSCC parameters: flowid 105 _base_rtt=11685600 _base_bdp=146070 _bdp=146070 _min_cwnd=4150 _maxwnd=219105 _cwnd=219105
Initialize per-instance NSCC parameters: flowid 106 _base_rtt=11685600 _base_bdp=146070 _bdp=146070 _min_cwnd=4150 _maxwnd=219105 _cwnd=219105
Initialize per-instance NSCC parameters: flowid 107 _base_rtt=11685600 _base_bdp=146070 _bdp=146070 _min_cwnd=4150 _maxwnd=219105 _cwnd=219105
Initialize per-instance NSCC parameters: flowid 108 _base_rtt=11685600 _base_bdp=146070 _bdp=146070 _min_cwnd=4150 _maxwnd=219105 _cwnd=219105
Initialize per-instance NSCC parameters: flowid 109 _base_rtt=11685600 _base_bdp=146070 _bdp=146070 _min_cwnd=4150 _maxwnd=219105 _cwnd=219105
Initialize per-instance NSCC parameters: flowid 110 _base_rtt=11685600 _base_bdp=146070 _bdp=146070 _min_cwnd=4150 _maxwnd=219105 _cwnd=219105
Initialize per-instance NSCC parameters: flowid 111 _base_rtt=11685600 _base_bdp=146070 _bdp=146070 _min_cwnd=4150 _maxwnd=219105 _cwnd=219105
Initialize per-instance NSCC parameters: flowid 112 _base_rtt=11685600 _base_bdp=146070 _bdp=146070 _min_cwnd=4150 _maxwnd=219105 _cwnd=219105
Initialize per-instance NSCC parameters: flowid 113 _base_rtt=11685600 _base_bdp=146070 _bdp=146070 _min_cwnd=4150 _maxwnd=219105 _cwnd=219105
Initialize per-instance NSCC parameters: flowid 114 _base_rtt=11685600 _base_bdp=146070 _bdp=146070 _min_cwnd=4150 _maxwnd=219105 _cwnd=219105
Initialize per-instance NSCC parameters: flowid 115 _base_rtt=11685600 _base_bdp=146070 _bdp=146070 _min_cwnd=4150 _maxwnd=219105 _cwnd=219105
Initialize per-instance NSCC parameters: flowid 116 _base_rtt=11685600 _base_bdp=146070 _bdp=146070 _min_cwnd=4150 _maxwnd=219105 _cwnd=219105
Initialize per-instance NSCC parameters: flowid 117 _base_rtt=11685600 _base_bdp=146070 _bdp=146070 _min_cwnd=4150 _maxwnd=219105 _cwnd=219105
Initialize per-instance NSCC parameters: flowid 118 _base_rtt=11685600 _base_bdp=146070 _bdp=146070 _min_cwnd=4150 _maxwnd=219105 _cwnd=219105
Initialize per-instance NSCC parameters: flowid 119 _base_rtt=11685600 _base_bdp=146070 _bdp=146070 _min_cwnd=4150 _maxwnd=219105 _cwnd=219105
Initialize per-instance NSCC parameters: flowid 120 _base_rtt=11685600 _base_bdp=146070 _bdp=146070 _min_cwnd=4150 _maxwnd=219105 _cwnd=219105
Initialize per-instance NSCC parameters: flowid 121 _base_rtt=11685600 _base_bdp=146070 _bdp=146070 _min_cwnd=4150 _maxwnd=219105 _cwnd=219105
Initialize per-instance NSCC parameters: flowid 122 _base_rtt=11685600 _base_bdp=146070 _bdp=146070 _min_cwnd=4150 _maxwnd=219105 _cwnd=219105
Initialize per-instance NSCC parameters: flowid 123 _base_rtt=11685600 _base_bdp=146070 _bdp=146070 _min_cwnd=4150 _maxwnd=219105 _cwnd=219105
Initialize per-instance NSCC parameters: flowid 124 _base_rtt=11685600 _base_bdp=146070 _bdp=146070 _min_cwnd=4150 _maxwnd=219105 _cwnd=219105
Initialize per-instance NSCC parameters: flowid 125 _base_rtt=11685600 _base_bdp=146070 _bdp=146070 _min_cwnd=4150 _maxwnd=219105 _cwnd=219105
Initialize per-instance NSCC parameters: flowid 126 _base_rtt=11685600 _base_bdp=146070 _bdp=146070 _min_cwnd=4150 _maxwnd=219105 _cwnd=219105
Initialize per-instance NSCC parameters: flowid 127 _base_rtt=11685600 _base_bdp=146070 _bdp=146070 _min_cwnd=4150 _maxwnd=219105 _cwnd=219105
Initialize per-instance NSCC parameters: flowid 128 _base_rtt=11685600 _base_bdp=146070 _bdp=146070 _min_cwnd=4150 _maxwnd=219105 _cwnd=219105
Initialize per-instance NSCC parameters: flowid 129 _base_rtt=11685600 _base_bdp=146070 _bdp=146070 _min_cwnd=4150 _maxwnd=219105 _cwnd=219105
Initialize per-instance NSCC parameters: flowid 130 _base_rtt=11685600 _base_bdp=146070 _bdp=146070 _min_cwnd=4150 _maxwnd=219105 _cwnd=219105
Initialize per-instance NSCC parameters: flowid 131 _base_rtt=11685600 _base_bdp=146070 _bdp=146070 _min_cwnd=4150 _maxwnd=219105 _cwnd=219105
Initialize per-instance NSCC parameters: flowid 132 _base_rtt=11685600 _base_bdp=146070 _bdp=146070 _min_cwnd=4150 _maxwnd=219105 _cwnd=219105
Initialize per-instance NSCC parameters: flowid 133 _base_rtt=11685600 _base_bdp=146070 _bdp=146070 _min_cwnd=4150 _maxwnd=219105 _cwnd=219105
Initialize per-instance NSCC parameters: flowid 134 _base_rtt=11685600 _base_bdp=146070 _bdp=146070 _min_cwnd=4150 _maxwnd=219105 _cwnd=219105
Initialize per-instance NSCC parameters: flowid 135 _base_rtt=11685600 _base_bdp=146070 _bdp=146070 _min_cwnd=4150 _maxwnd=219105 _cwnd=219105
Initialize per-instance NSCC parameters: flowid 136 _base_rtt=11685600 _base_bdp=146070 _bdp=146070 _min_cwnd=4150 _maxwnd=219105 _cwnd=219105
Initialize per-instance NSCC parameters: flowid 137 _base_rtt=11685600 _base_bdp=146070 _bdp=146070 _min_cwnd=4150 _maxwnd=219105 _cwnd=219105
Initialize per-instance NSCC parameters: flowid 138 _base_rtt=11685600 _base_bdp=146070 _bdp=146070 _min_cwnd=4150 _maxwnd=219105 _cwnd=219105
Initialize per-instance NSCC parameters: flowid 139 _base_rtt=11685600 _base_bdp=146070 _bdp=146070 _min_cwnd=4150 _maxwnd=219105 _cwnd=219105
Initialize per-instance NSCC parameters: flowid 140 _base_rtt=11685600 _base_bdp=146070 _bdp=146070 _min_cwnd=4150 _maxwnd=219105 _cwnd=219105
Initialize per-instance NSCC parameters: flowid 141 _base_rtt=11685600 _base_bdp=146070 _bdp=146070 _min_cwnd=4150 _maxwnd=219105 _cwnd=219105
Initialize per-instance NSCC parameters: flowid 142 _base_rtt=11685600 _base_bdp=146070 _bdp=146070 _min_cwnd=4150 _maxwnd=219105 _cwnd=219105
Initialize per-instance NSCC parameters: flowid 143 _base_rtt=11685600 _base_bdp=146070 _bdp=146070 _min_cwnd=4150 _maxwnd=219105 _cwnd=219105
Initialize per-instance NSCC parameters: flowid 144 _base_rtt=11685600 _base_bdp=146070 _bdp=146070 _min_cwnd=4150 _maxwnd=219105 _cwnd=219105
Initialize per-instance NSCC parameters: flowid 145 _base_rtt=11685600 _base_bdp=146070 _bdp=146070 _min_cwnd=4150 _maxwnd=219105 _cwnd=219105
Initialize per-instance NSCC parameters: flowid 146 _base_rtt=11685600 _base_bdp=146070 _bdp=146070 _min_cwnd=4150 _maxwnd=219105 _cwnd=219105
Initialize per-instance NSCC parameters: flowid 147 _base_rtt=11685600 _base_bdp=146070 _bdp=146070 _min_cwnd=4150 _maxwnd=219105 _cwnd=219105
Initialize per-instance NSCC parameters: flowid 148 _base_rtt=11685600 _base_bdp=146070 _bdp=146070 _min_cwnd=4150 _maxwnd=219105 _cwnd=219105
Initialize per-instance NSCC parameters: flowid 149 _base_rtt=11685600 _base_bdp=146070 _bdp=146070 _min_cwnd=4150 _maxwnd=219105 _cwnd=219105
Initialize per-instance NSCC parameters: flowid 150 _base_rtt=11685600 _base_bdp=146070 _bdp=146070 _min_cwnd=4150 _maxwnd=219105 _cwnd=219105
Initialize per-instance NSCC parameters: flowid 151 _base_rtt=11685600 _base_bdp=146070 _bdp=146070 _min_cwnd=4150 _maxwnd=219105 _cwnd=219105
Initialize per-instance NSCC parameters: flowid 152 _base_rtt=11685600 _base_bdp=146070 _bdp=146070 _min_cwnd=4150 _maxwnd=219105 _cwnd=219105
Initialize per-instance NSCC parameters: flowid 153 _base_rtt=11685600 _base_bdp=146070 _bdp=146070 _min_cwnd=4150 _maxwnd=219105 _cwnd=219105
Initialize per-instance NSCC parameters: flowid 154 _base_rtt=11685600 _base_bdp=146070 _bdp=146070 _min_cwnd=4150 _maxwnd=219105 _cwnd=219105
Initialize per-instance NSCC parameters: flowid 155 _base_rtt=11685600 _base_bdp=146070 _bdp=146070 _min_cwnd=4150 _maxwnd=219105 _cwnd=219105
Initialize per-instance NSCC parameters: flowid 156 _base_rtt=11685600 _base_bdp=146070 _bdp=146070 _min_cwnd=4150 _maxwnd=219105 _cwnd=219105
Initialize per-instance NSCC parameters: flowid 157 _base_rtt=11685600 _base_bdp=146070 _bdp=146070 _min_cwnd=4150 _maxwnd=219105 _cwnd=219105
Initialize per-instance NSCC parameters: flowid 158 _base_rtt=11685600 _base_bdp=146070 _bdp=146070 _min_cwnd=4150 _maxwnd=219105 _cwnd=219105
Initialize per-instance NSCC parameters: flowid 159 _base_rtt=11685600 _base_bdp=146070 _bdp=146070 _min_cwnd=4150 _maxwnd=219105 _cwnd=219105
Initialize per-instance NSCC parameters: flowid 160 _base_rtt=11685600 _base_bdp=146070 _bdp=146070 _min_cwnd=4150 _maxwnd=219105 _cwnd=219105
Initialize per-instance NSCC parameters: flowid 161 _base_rtt=11685600 _base_bdp=146070 _bdp=146070 _min_cwnd=4150 _maxwnd=219105 _cwnd=219105
Initialize per-instance NSCC parameters: flowid 162 _base_rtt=11685600 _base_bdp=146070 _bdp=146070 _min_cwnd=4150 _maxwnd=219105 _cwnd=219105
Initialize per-instance NSCC parameters: flowid 163 _base_rtt=11685600 _base_bdp=146070 _bdp=146070 _min_cwnd=4150 _maxwnd=219105 _cwnd=219105
Initialize per-instance NSCC parameters: flowid 164 _base_rtt=11685600 _base_bdp=146070 _bdp=146070 _min_cwnd=4150 _maxwnd=219105 _cwnd=219105
Initialize per-instance NSCC parameters: flowid 165 _base_rtt=11685600 _base_bdp=146070 _bdp=146070 _min_cwnd=4150 _maxwnd=219105 _cwnd=219105
Initialize per-instance NSCC parameters: flowid 166 _base_rtt=11685600 _base_bdp=146070 _bdp=146070 _min_cwnd=4150 _maxwnd=219105 _cwnd=219105
Starting simulation
Flow Uec_178_50 flowId 1 uecSrc 0 starting at 0
Flow Uec_37_165 flowId 2 uecSrc 1 starting at 0
Flow Uec_233_105 flowId 3 uecSrc 2 starting at 0
Flow Uec_192_64 flowId 4 uecSrc 3 starting at 0
Flow Uec_225_97 flowId 5 uecSrc 4 starting at 0
Flow Uec_16_144 flowId 6 uecSrc 5 starting at 0
Flow Uec_174_46 flowId 7 uecSrc 6 starting at 0
Flow Uec_143_15 flowId 8 uecSrc 7 starting at 0
Flow Uec_75_203 flowId 9 uecSrc 8 starting at 0
Flow Uec_76_204 flowId 10 uecSrc 9 starting at 0
Flow Uec_74_202 flowId 11 uecSrc 10 starting at 0
Flow Uec_254_126 flowId 12 uecSrc 11 starting at 0
Flow Uec_142_14 flowId 13 uecSrc 12 starting at 0
Flow Uec_138_10 flowId 14 uecSrc 13 starting at 0
Flow Uec_41_169 flowId 15 uecSrc 14 starting at 0
Flow Uec_35_163 flowId 16 uecSrc 15 starting at 0
Flow Uec_14_142 flowId 17 uecSrc 16 starting at 0
Flow Uec_8_136 flowId 18 uecSrc 17 starting at 0
Flow Uec_56_184 flowId 19 uecSrc 18 starting at 0
Flow Uec_101_229 flowId 20 uecSrc 19 starting at 0
Flow Uec_175_47 flowId 21 uecSrc 20 starting at 0
Flow Uec_202_74 flowId 22 uecSrc 21 starting at 0
Flow Uec_185_57 flowId 23 uecSrc 22 starting at 0
Flow Uec_169_41 flowId 24 uecSrc 23 starting at 0
Flow Uec_201_73 flowId 25 uecSrc 24 starting at 0
Flow Uec_146_18 flowId 26 uecSrc 25 starting at 0
Flow Uec_153_25 flowId 27 uecSrc 26 starting at 0
Flow Uec_130_2 flowId 28 uecSrc 27 starting at 0
Flow Uec_180_52 flowId 29 uecSrc 28 starting at 0
Flow Uec_6_134 flowId 30 uecSrc 29 starting at 0
Flow Uec_231_103 flowId 31 uecSrc 30 starting at 0
Flow Uec_255_127 flowId 32 uecSrc 31 starting at 0
Flow Uec_72_200 flowId 33 uecSrc 32 starting at 0
Flow Uec_245_117 flowId 34 uecSrc 33 starting at 0
Flow Uec_200_72 flowId 35 uecSrc 34 starting at 0
Flow Uec_19_147 flowId 36 uecSrc 35 starting at 0
Flow Uec_24_152 flowId 37 uecSrc 36 starting at 0
Flow Uec_181_53 flowId 38 uecSrc 37 starting at 0
Flow Uec_99_227 flowId 39 uecSrc 38 starting at 0
Flow Uec_135_7 flowId 40 uecSrc 39 starting at 0
Flow Uec_4_132 flowId 41 uecSrc 40 starting at 0
Flow Uec_51_179 flowId 42 uecSrc 41 starting at 0
Flow Uec_43_171 flowId 43 uecSrc 42 starting at 0
Flow Uec_119_247 flowId 44 uecSrc 43 starting at 0
Flow Uec_38_166 flowId 45 uecSrc 44 starting at 0
Flow Uec_208_80 flowId 46 uecSrc 45 starting at 0
Flow Uec_85_213 flowId 47 uecSrc 46 starting at 0
Flow Uec_186_58 flowId 48 uecSrc 47 starting at 0
Flow Uec_131_3 flowId 49 uecSrc 48 starting at 0
Flow Uec_111_239 flowId 50 uecSrc 49 starting at 0
Flow Uec_137_9 flowId 51 uecSrc 50 starting at 0
Flow Uec_49_177 flowId 52 uecSrc 51 starting at 0
Flow Uec_48_176 flowId 53 uecSrc 52 starting at 0
Flow Uec_144_16 flowId 54 uecSrc 53 starting at 0
Flow Uec_12_140 flowId 55 uecSrc 54 starting at 0
Flow Uec_168_40 flowId 56 uecSrc 55 starting at 0
Flow Uec_50_178 flowId 57 uecSrc 56 starting at 0
Flow Uec_5_133 flowId 58 uecSrc 57 starting at 0
Flow Uec_77_205 flowId 59 uecSrc 58 starting at 0
Flow Uec_90_218 flowId 60 uecSrc 59 starting at 0
Flow Uec_34_162 flowId 61 uecSrc 60 starting at 0
Flow Uec_100_228 flowId 62 uecSrc 61 starting at 0
Flow Uec_13_141 flowId 63 uecSrc 62 starting at 0
Flow Uec_57_185 flowId 64 uecSrc 63 starting at 0
Flow Uec_25_153 flowId 65 uecSrc 64 starting at 0
Flow Uec_21_149 flowId 66 uecSrc 65 starting at 0
Flow Uec_53_181 flowId 67 uecSrc 66 starting at 0
Flow Uec_218_90 flowId 68 uecSrc 67 starting at 0
Flow Uec_227_99 flowId 69 uecSrc 68 starting at 0
Flow Uec_140_12 flowId 70 uecSrc 69 starting at 0
Flow Uec_132_4 flowId 71 uecSrc 70 starting at 0
Flow Uec_93_221 flowId 72 uecSrc 71 starting at 0
Flow Uec_141_13 flowId 73 uecSrc 72 starting at 0
Flow Uec_123_251 flowId 74 uecSrc 73 starting at 0
Flow Uec_223_95 flowId 75 uecSrc 74 starting at 0
Flow Uec_239_111 flowId 76 uecSrc 75 starting at 0
Flow Uec_156_28 flowId 77 uecSrc 76 starting at 0
Flow Uec_152_24 flowId 78 uecSrc 77 starting at 0
Flow Uec_92_220 flowId 79 uecSrc 78 starting at 0
Flow Uec_220_92 flowId 80 uecSrc 79 starting at 0
Flow Uec_197_69 flowId 81 uecSrc 80 starting at 0
Flow Uec_78_206 flowId 82 uecSrc 81 starting at 0
Flow Uec_125_253 flowId 83 uecSrc 82 starting at 0
Flow Uec_122_250 flowId 84 uecSrc 83 starting at 0
Flow Uec_166_38 flowId 85 uecSrc 84 starting at 0
Flow Uec_157_29 flowId 86 uecSrc 85 starting at 0
Flow Uec_232_104 flowId 87 uecSrc 86 starting at 0
Flow Uec_18_146 flowId 88 uecSrc 87 starting at 0
Flow Uec_9_137 flowId 89 uecSrc 88 starting at 0
Flow Uec_79_207 flowId 90 uecSrc 89 starting at 0
Flow Uec_82_210 flowId 91 uecSrc 90 starting at 0
Flow Uec_244_116 flowId 92 uecSrc 91 starting at 0
Flow Uec_27_155 flowId 93 uecSrc 92 starting at 0
Flow Uec_209_81 flowId 94 uecSrc 93 starting at 0
Flow Uec_215_87 flowId 95 uecSrc 94 starting at 0
Flow Uec_68_196 flowId 96 uecSrc 95 starting at 0
Flow Uec_114_242 flowId 97 uecSrc 96 starting at 0
Flow Uec_182_54 flowId 98 uecSrc 97 starting at 0
Flow Uec_22_150 flowId 99 uecSrc 98 starting at 0
Flow Uec_29_157 flowId 100 uecSrc 99 starting at 0
Flow Uec_219_91 flowId 101 uecSrc 100 starting at 0
Flow Uec_84_212 flowId 102 uecSrc 101 starting at 0
Flow Uec_127_255 flowId 103 uecSrc 102 starting at 0
Flow Uec_228_100 flowId 104 uecSrc 103 starting at 0
Flow Uec_217_89 flowId 105 uecSrc 104 starting at 0
Flow Uec_216_88 flowId 106 uecSrc 105 starting at 0
Flow Uec_124_252 flowId 107 uecSrc 106 starting at 0
Flow Uec_252_124 flowId 108 uecSrc 107 starting at 0
Flow Uec_58_186 flowId 109 uecSrc 108 starting at 0
Flow Uec_20_148 flowId 110 uecSrc 109 starting at 0
Flow Uec_70_198 flowId 111 uecSrc 110 starting at 0
Flow Uec_121_249 flowId 112 uecSrc 111 starting at 0
Flow Uec_242_114 flowId 113 uecSrc 112 starting at 0
Flow Uec_73_201 flowId 114 uecSrc 113 starting at 0
Flow Uec_214_86 flowId 115 uecSrc 114 starting at 0
Flow Uec_150_22 flowId 116 uecSrc 115 starting at 0
Flow Uec_107_235 flowId 117 uecSrc 116 starting at 0
Flow Uec_211_83 flowId 118 uecSrc 117 starting at 0
Flow Uec_108_236 flowId 119 uecSrc 118 starting at 0
Flow Uec_134_6 flowId 120 uecSrc 119 starting at 0
Flow Uec_195_67 flowId 121 uecSrc 120 starting at 0
Flow Uec_52_180 flowId 122 uecSrc 121 starting at 0
Flow Uec_44_172 flowId 123 uecSrc 122 starting at 0
Flow Uec_251_123 flowId 124 uecSrc 123 starting at 0
Flow Uec_139_11 flowId 125 uecSrc 124 starting at 0
Flow Uec_97_225 flowId 126 uecSrc 125 starting at 0
Flow Uec_234_106 flowId 127 uecSrc 126 starting at 0
Flow Uec_61_189 flowId 128 uecSrc 127 starting at 0
Flow Uec_65_193 flowId 129 uecSrc 128 starting at 0
Flow Uec_126_254 flowId 130 uecSrc 129 starting at 0
Flow Uec_194_66 flowId 131 uecSrc 130 starting at 0
Flow Uec_87_215 flowId 132 uecSrc 131 starting at 0
Flow Uec_165_37 flowId 133 uecSrc 132 starting at 0
Flow Uec_115_243 flowId 134 uecSrc 133 starting at 0
Flow Uec_136_8 flowId 135 uecSrc 134 starting at 0
Flow Uec_116_244 flowId 136 uecSrc 135 starting at 0
Flow Uec_199_71 flowId 137 uecSrc 136 starting at 0
Flow Uec_117_245 flowId 138 uecSrc 137 starting at 0
Flow Uec_243_115 flowId 139 uecSrc 138 starting at 0
Flow Uec_177_49 flowId 140 uecSrc 139 starting at 0
Flow Uec_184_56 flowId 141 uecSrc 140 starting at 0
Flow Uec_62_190 flowId 142 uecSrc 141 starting at 0
Flow Uec_89_217 flowId 143 uecSrc 142 starting at 0
Flow Uec_64_192 flowId 144 uecSrc 143 starting at 0
Flow Uec_91_219 flowId 145 uecSrc 144 starting at 0
Flow Uec_42_170 flowId 146 uecSrc 145 starting at 0
Flow Uec_229_101 flowId 147 uecSrc 146 starting at 0
Flow Uec_0_128 flowId 148 uecSrc 147 starting at 0
Flow Uec_32_160 flowId 149 uecSrc 148 starting at 0
Flow Uec_151_23 flowId 150 uecSrc 149 starting at 0
Flow Uec_47_175 flowId 151 uecSrc 150 starting at 0
Flow Uec_226_98 flowId 152 uecSrc 151 starting at 0
Flow Uec_120_248 flowId 153 uecSrc 152 starting at 0
Flow Uec_103_231 flowId 154 uecSrc 153 starting at 0
Flow Uec_106_234 flowId 155 uecSrc 154 starting at 0
Flow Uec_147_19 flowId 156 uecSrc 155 starting at 0
Flow Uec_253_125 flowId 157 uecSrc 156 starting at 0
Flow Uec_236_108 flowId 158 uecSrc 157 starting at 0
Flow Uec_109_237 flowId 159 uecSrc 158 starting at 0
Flow Uec_60_188 flowId 160 uecSrc 159 starting at 0
Flow Uec_11_139 flowId 161 uecSrc 160 starting at 0
Flow Uec_95_223 flowId 162 uecSrc 161 starting at 0
Flow Uec_188_60 flowId 163 uecSrc 162 starting at 0
Flow Uec_172_44 flowId 164 uecSrc 163 starting at 0
Flow Uec_67_195 flowId 165 uecSrc 164 starting at 0
Flow Uec_205_77 flowId 166 uecSrc 165 starting at 0
171.772 flowid 93 Spurious 112
Flow Uec_192_64 flowId 4 uecSrc 3 finished at 174.71 total messages 1 total packets 490 RTS 0 total bytes 2002140 in_flight now 0 fair_inc 0 prop_inc 73051 fast_inc 125271 eta_inc 8344 multi_dec -0 quick_dec -0 nack_dec -0
Flow Uec_194_66 flowId 131 uecSrc 130 finished at 175.006 total messages 1 total packets 490 RTS 0 total bytes 2002140 in_flight now 0 fair_inc 0 prop_inc 51865 fast_inc 226296 eta_inc 8344 multi_dec -0 quick_dec -0 nack_dec -0
Flow Uec_177_49 flowId 140 uecSrc 139 finished at 176.012 total messages 1 total packets 490 RTS 0 total bytes 2002140 in_flight now 0 fair_inc 0 prop_inc 90399 fast_inc 16164 eta_inc 8344 multi_dec -0 quick_dec -0 nack_dec -0
Flow Uec_140_12 flowId 70 uecSrc 69 finished at 176.148 total messages 1 total packets 490 RTS 0 total bytes 2002140 in_flight now 0 fair_inc 0 prop_inc 92582 fast_inc 0 eta_inc 8344 multi_dec -0 quick_dec -0 nack_dec -0
Flow Uec_116_244 flowId 136 uecSrc 135 finished at 177.177 total messages 1 total packets 490 RTS 0 total bytes 2002140 in_flight now 0 fair_inc 0 prop_inc 90094 fast_inc 0 eta_inc 8344 multi_dec -0 quick_dec -0 nack_dec -0
Flow Uec_185_57 flowId 23 uecSrc 22 finished at 177.852 total messages 1 total packets 490 RTS 0 total bytes 2002140 in_flight now 0 fair_inc 0 prop_inc 84234 fast_inc 0 eta_inc 8344 multi_dec -0 quick_dec -0 nack_dec -0
Flow Uec_107_235 flowId 117 uecSrc 116 finished at 178.399 total messages 1 total packets 490 RTS 0 total bytes 2002140 in_flight now 0 fair_inc 0 prop_inc 61034 fast_inc 24246 eta_inc 8344 multi_dec -0 quick_dec -0 nack_dec -0
Flow Uec_131_3 flowId 49 uecSrc 48 finished at 179.077 total messages 1 total packets 490 RTS 0 total bytes 2002140 in_flight now 0 fair_inc 0 prop_inc 74417 fast_inc 0 eta_inc 8344 multi_dec -0 quick_dec -0 nack_dec -0
Flow Uec_125_253 flowId 83 uecSrc 82 finished at 179.642 total messages 1 total packets 490 RTS 0 total bytes 2002140 in_flight now 0 fair_inc 0 prop_inc 66749 fast_inc 0 eta_inc 8344 multi_dec -0 quick_dec -0 nack_dec -0
Flow Uec_166_38 flowId 85 uecSrc 84 finished at 180.092 total messages 1 total packets 490 RTS 0 total bytes 2002140 in_flight now 0 fair_inc 0 prop_inc 72025 fast_inc 0 eta_inc 7748 multi_dec -0 quick_dec -0 nack_dec -0
Flow Uec_138_10 flowId 14 uecSrc 13 finished at 180.872 total messages 1 total packets 490 RTS 0 total bytes 2002140 in_flight now 0 fair_inc 0 prop_inc 65747 fast_inc 0 eta_inc 8344 multi_dec -0 quick_dec -0 nack_dec -0
Flow Uec_231_103 flowId 31 uecSrc 30 finished at 185.018 total messages 1 total packets 490 RTS 0 total bytes 2002140 in_flight now 0 fair_inc 0 prop_inc 36649 fast_inc 0 eta_inc 8940 multi_dec -0 quick_dec -0 nack_dec -0
Flow Uec_139_11 flowId 125 uecSrc 124 finished at 185.887 total messages 1 total packets 490 RTS 0 total bytes 2002140 in_flight now 0 fair_inc 0 prop_inc 60416 fast_inc 0 eta_inc 8344 multi_dec -0 quick_dec -0 nack_dec -0
186.788 flowid 15 Spurious 134
Flow Uec_255_127 flowId 32 uecSrc 31 finished at 191.749 total messages 1 total packets 490 RTS 0 total bytes 2002140 in_flight now 0 fair_inc 0 prop_inc 23323 fast_inc 0 eta_inc 8940 multi_dec -0 quick_dec -0 nack_dec -0
194.451 flowid 65 Spurious 158
Flow Uec_4_132 flowId 41 uecSrc 40 finished at 196.193 total messages 1 total packets 490 RTS 0 total bytes 2002140 in_flight now 0 fair_inc 0 prop_inc 20925 fast_inc 0 eta_inc 9536 multi_dec -0 quick_dec -0 nack_dec -0
Flow Uec_232_104 flowId 87 uecSrc 86 finished at 197.422 total messages 1 total packets 490 RTS 0 total bytes 2002140 in_flight now 0 fair_inc 1879 prop_inc 13292 fast_inc 0 eta_inc 9536 multi_dec -0 quick_dec -0 nack_dec -0
199.287 flowid 123 Spurious 181
199.809 flowid 65 Spurious 173
Flow Uec_61_189 flowId 128 uecSrc 127 finished at 200.004 total messages 1 total packets 490 RTS 0 total bytes 2002140 in_flight now 0 fair_inc 1879 prop_inc 15027 fast_inc 0 eta_inc 9536 multi_dec -0 quick_dec -0 nack_dec -0
Flow Uec_252_124 flowId 108 uecSrc 107 finished at 206.565 total messages 1 total packets 490 RTS 0 total bytes 2002140 in_flight now 0 fair_inc 14257 prop_inc 12238 fast_inc 0 eta_inc 9536 multi_dec -0 quick_dec -0 nack_dec -0
Flow Uec_251_123 flowId 124 uecSrc 123 finished at 206.819 total messages 1 total packets 490 RTS 0 total bytes 2002140 in_flight now 0 fair_inc 13498 prop_inc 10061 fast_inc 0 eta_inc 10132 multi_dec -0 quick_dec -0 nack_dec -0
Flow Uec_34_162 flowId 61 uecSrc 60 finished at 207.638 total messages 1 total packets 490 RTS 0 total bytes 2002140 in_flight now 0 fair_inc 9224 prop_inc 16134 fast_inc 0 eta_inc 10132 multi_dec -12400 quick_dec -0 nack_dec -0
Flow Uec_32_160 flowId 149 uecSrc 148 finished at 207.991 total messages 1 total packets 490 RTS 0 total bytes 2002140 in_flight now 0 fair_inc 7142 prop_inc 21130 fast_inc 0 eta_inc 9536 multi_dec -0 quick_dec -0 nack_dec -16600
Flow Uec_57_185 flowId 64 uecSrc 63 finished at 209.266 total messages 1 total packets 490 RTS 0 total bytes 2002140 in_flight now 0 fair_inc 12000 prop_inc 9815 fast_inc 0 eta_inc 10132 multi_dec -0 quick_dec -0 nack_dec -0
212.104 flowid 66 Spurious 196
Flow Uec_35_163 flowId 16 uecSrc 15 finished at 216.823 total messages 1 total packets 490 RTS 0 total bytes 2002140 in_flight now 0 fair_inc 6587 prop_inc 30179 fast_inc 0 eta_inc 10132 multi_dec -0 quick_dec -0 nack_dec -33200
Flow Uec_24_152 flowId 37 uecSrc 36 finished at 221.565 total messages 1 total packets 490 RTS 0 total bytes 2002140 in_flight now 0 fair_inc 17996 prop_inc 9099 fast_inc 0 eta_inc 10728 multi_dec -1175 quick_dec -0 nack_dec -4150
222.624 flowid 66 Spurious 227
Flow Uec_228_100 flowId 104 uecSrc 103 finished at 226.552 total messages 1 total packets 490 RTS 0 total bytes 2002140 in_flight now 0 fair_inc 16444 prop_inc 5483 fast_inc 0 eta_inc 10728 multi_dec -27289 quick_dec -0 nack_dec -0
Flow Uec_8_136 flowId 18 uecSrc 17 finished at 228.73 total messages 1 total packets 490 RTS 0 total bytes 2002140 in_flight now 0 fair_inc 15387 prop_inc 41043 fast_inc 0 eta_inc 10728 multi_dec -83174 quick_dec -0 nack_dec -0
230.391 flowid 17 Spurious 240
Flow Uec_25_153 flowId 65 uecSrc 64 finished at 230.963 total messages 1 total packets 491 RTS 1 total bytes 2002140 in_flight now 0 fair_inc 39383 prop_inc 3283 fast_inc 0 eta_inc 10728 multi_dec -0 quick_dec -0 nack_dec -0
232.781 flowid 45 Spurious 275
236.167 flowid 43 Spurious 297
Flow Uec_44_172 flowId 123 uecSrc 122 finished at 236.697 total messages 1 total packets 490 RTS 0 total bytes 2002140 in_flight now 0 fair_inc 9828 prop_inc 10275 fast_inc 0 eta_inc 10728 multi_dec -0 quick_dec -0 nack_dec -8300
238.224 flowid 88 Spurious 281
239.562 flowid 17 Spurious 260
239.819 flowid 43 Spurious 308
240.568 flowid 88 Spurious 287
Flow Uec_229_101 flowId 147 uecSrc 146 finished at 241.283 total messages 1 total packets 490 RTS 0 total bytes 2002140 in_flight now 0 fair_inc 7554 prop_inc 30056 fast_inc 0 eta_inc 11324 multi_dec -45713 quick_dec -0 nack_dec -29050
241.901 flowid 88 Spurious 290
242.692 flowid 43 Spurious 316
Flow Uec_38_166 flowId 45 uecSrc 44 finished at 247.66 total messages 1 total packets 491 RTS 1 total bytes 2002140 in_flight now 0 fair_inc 15063 prop_inc 10309 fast_inc 0 eta_inc 11324 multi_dec -0 quick_dec -0 nack_dec -0
265.48 flowid 17 Spurious 320
266.486 flowid 17 Spurious 322
267.161 flowid 17 Spurious 323
270.516 flowid 17 Spurious 331
271.528 flowid 17 Spurious 333
274.811 flowid 88 Spurious 387
Flow Uec_42_170 flowId 146 uecSrc 145 finished at 277.58 total messages 1 total packets 490 RTS 0 total bytes 2002140 in_flight now 0 fair_inc 12070 prop_inc 24375 fast_inc 0 eta_inc 10728 multi_dec -0 quick_dec -205536 nack_dec -12450
277.766 flowid 53 Spurious 383
278.43 flowid 53 Spurious 384
Flow Uec_22_150 flowId 99 uecSrc 98 finished at 281.032 total messages 1 total packets 491 RTS 1 total bytes 2002140 in_flight now 0 fair_inc 7874 prop_inc 12850 fast_inc 0 eta_inc 11920 multi_dec -0 quick_dec -0 nack_dec -37350
281.091 flowid 99 Spurious 353
281.579 flowid 88 Spurious 401
281.76 flowid 99 Spurious 354
282.402 flowid 88 Spurious 402
282.922 flowid 88 Spurious 403
283.591 flowid 99 Spurious 362
283.928 flowid 88 Spurious 406
285.272 flowid 88 Spurious 409
Flow Uec_6_134 flowId 30 uecSrc 29 finished at 288.419 total messages 1 total packets 490 RTS 0 total bytes 2002140 in_flight now 0 fair_inc 10851 prop_inc 31747 fast_inc 0 eta_inc 11324 multi_dec -0 quick_dec -0 nack_dec -0
292.792 flowid 17 Spurious 373
293.466 flowid 17 Spurious 374
297.204 flowid 17 Spurious 381
Flow Uec_175_47 flowId 21 uecSrc 20 finished at 300.465 total messages 1 total packets 490 RTS 0 total bytes 2002140 in_flight now 0 fair_inc 7474 prop_inc 33440 fast_inc 0 eta_inc 14304 multi_dec -68954 quick_dec -0 nack_dec -49800
Flow Uec_29_157 flowId 100 uecSrc 99 finished at 302.894 total messages 1 total packets 493 RTS 3 total bytes 2002140 in_flight now 0 fair_inc 4699 prop_inc 17456 fast_inc 0 eta_inc 13112 multi_dec -0 quick_dec -0 nack_dec -0
Flow Uec_43_171 flowId 43 uecSrc 42 finished at 303.639 total messages 1 total packets 491 RTS 1 total bytes 2002140 in_flight now 0 fair_inc 9062 prop_inc 29312 fast_inc 0 eta_inc 12516 multi_dec -0 quick_dec -178653 nack_dec -4150
Flow Uec_14_142 flowId 17 uecSrc 16 finished at 304.452 total messages 1 total packets 494 RTS 4 total bytes 2002140 in_flight now 0 fair_inc 12698 prop_inc 17571 fast_inc 0 eta_inc 13708 multi_dec -0 quick_dec -132222 nack_dec -16600
Flow Uec_27_155 flowId 93 uecSrc 92 finished at 307.245 total messages 1 total packets 492 RTS 2 total bytes 2002140 in_flight now 0 fair_inc 8494 prop_inc 6346 fast_inc 2020 eta_inc 13112 multi_dec -0 quick_dec -187649 nack_dec -12450
Flow Uec_202_74 flowId 22 uecSrc 21 finished at 307.477 total messages 1 total packets 490 RTS 0 total bytes 2002140 in_flight now 0 fair_inc 3256 prop_inc 30645 fast_inc 0 eta_inc 14304 multi_dec -86633 quick_dec -0 nack_dec -37350
Flow Uec_20_148 flowId 110 uecSrc 109 finished at 308.365 total messages 1 total packets 492 RTS 2 total bytes 2002140 in_flight now 0 fair_inc 16792 prop_inc 55617 fast_inc 0 eta_inc 14304 multi_dec -116880 quick_dec -0 nack_dec -20750
308.416 flowid 88 Spurious 458
309.388 flowid 148 Spurious 475
310.076 flowid 88 Spurious 463
311.38 flowid 148 Spurious 481
312.181 flowid 88 Spurious 469
Flow Uec_19_147 flowId 36 uecSrc 35 finished at 312.945 total messages 1 total packets 492 RTS 2 total bytes 2002140 in_flight now -64 fair_inc 12751 prop_inc 36632 fast_inc 0 eta_inc 13112 multi_dec -79249 quick_dec -157473 nack_dec -8300
313.282 flowid 148 Spurious 486
313.614 flowid 148 Spurious 487
Flow Uec_0_128 flowId 148 uecSrc 147 finished at 314.8 total messages 1 total packets 491 RTS 1 total bytes 2002140 in_flight now 0 fair_inc 9447 prop_inc 42026 fast_inc 0 eta_inc 10728 multi_dec -0 quick_dec -192195 nack_dec -20750
Flow Uec_21_149 flowId 66 uecSrc 65 finished at 316.215 total messages 1 total packets 492 RTS 2 total bytes 2002140 in_flight now 0 fair_inc 20763 prop_inc 26018 fast_inc 2020 eta_inc 13112 multi_dec -0 quick_dec -188518 nack_dec -12450
Flow Uec_153_25 flowId 27 uecSrc 26 finished at 317.659 total messages 1 total packets 490 RTS 0 total bytes 2002140 in_flight now 0 fair_inc 2320 prop_inc 28698 fast_inc 0 eta_inc 14900 multi_dec -60751 quick_dec -0 nack_dec -58100
Flow Uec_18_146 flowId 88 uecSrc 87 finished at 317.819 total messages 1 total packets 493 RTS 3 total bytes 2002140 in_flight now 0 fair_inc 16375 prop_inc 13979 fast_inc 1010 eta_inc 13112 multi_dec -25722 quick_dec -130835 nack_dec -12450
Flow Uec_92_220 flowId 79 uecSrc 78 finished at 318.355 total messages 1 total packets 490 RTS 0 total bytes 2002140 in_flight now 0 fair_inc 4708 prop_inc 28224 fast_inc 0 eta_inc 14900 multi_dec -84794 quick_dec -0 nack_dec -41500
Flow Uec_109_237 flowId 159 uecSrc 158 finished at 319.679 total messages 1 total packets 490 RTS 0 total bytes 2002140 in_flight now 0 fair_inc 4226 prop_inc 28413 fast_inc 0 eta_inc 15496 multi_dec -70488 quick_dec -0 nack_dec -58100
Flow Uec_165_37 flowId 133 uecSrc 132 finished at 322.864 total messages 1 total packets 491 RTS 1 total bytes 2002140 in_flight now 0 fair_inc 18984 prop_inc 36332 fast_inc 0 eta_inc 14900 multi_dec -102690 quick_dec -0 nack_dec -29050
323.622 flowid 148 Spurious 483
Flow Uec_122_250 flowId 84 uecSrc 83 finished at 324.855 total messages 1 total packets 490 RTS 0 total bytes 2002140 in_flight now 0 fair_inc 4432 prop_inc 30354 fast_inc 0 eta_inc 15496 multi_dec -84512 quick_dec -0 nack_dec -45650
Flow Uec_84_212 flowId 102 uecSrc 101 finished at 326.064 total messages 1 total packets 490 RTS 0 total bytes 2002140 in_flight now 0 fair_inc 1089 prop_inc 42570 fast_inc 0 eta_inc 14900 multi_dec -127290 quick_dec -0 nack_dec -20750
Flow Uec_16_144 flowId 6 uecSrc 5 finished at 326.507 total messages 1 total packets 490 RTS 0 total bytes 2002140 in_flight now 0 fair_inc 8470 prop_inc 71044 fast_inc 0 eta_inc 15496 multi_dec -160192 quick_dec -0 nack_dec -12450
Flow Uec_106_234 flowId 155 uecSrc 154 finished at 326.702 total messages 1 total packets 490 RTS 0 total bytes 2002140 in_flight now 0 fair_inc 5586 prop_inc 44090 fast_inc 0 eta_inc 15496 multi_dec -116639 quick_dec -0 nack_dec -33200
Flow Uec_205_77 flowId 166 uecSrc 165 finished at 326.86 total messages 1 total packets 490 RTS 0 total bytes 2002140 in_flight now 0 fair_inc 2512 prop_inc 45010 fast_inc 0 eta_inc 15496 multi_dec -115081 quick_dec -0 nack_dec -33200
Flow Uec_168_40 flowId 56 uecSrc 55 finished at 327.676 total messages 1 total packets 490 RTS 0 total bytes 2002140 in_flight now 0 fair_inc 5622 prop_inc 24490 fast_inc 0 eta_inc 15496 multi_dec -103203 quick_dec -0 nack_dec -33200
Flow Uec_124_252 flowId 107 uecSrc 106 finished at 329.943 total messages 1 total packets 490 RTS 0 total bytes 2002140 in_flight now 0 fair_inc 5211 prop_inc 26888 fast_inc 0 eta_inc 15496 multi_dec -86169 quick_dec -0 nack_dec -45650
Flow Uec_245_117 flowId 34 uecSrc 33 finished at 330.206 total messages 1 total packets 490 RTS 0 total bytes 2002140 in_flight now 0 fair_inc 4110 prop_inc 30708 fast_inc 0 eta_inc 15496 multi_dec -77350 quick_dec -0 nack_dec -53950
Flow Uec_48_176 flowId 53 uecSrc 52 finished at 330.34 total messages 1 total packets 490 RTS 0 total bytes 2002140 in_flight now 0 fair_inc 14757 prop_inc 10864 fast_inc 0 eta_inc 11324 multi_dec -45851 quick_dec -166614 nack_dec -8300
Flow Uec_253_125 flowId 157 uecSrc 156 finished at 332.535 total messages 1 total packets 490 RTS 0 total bytes 2002140 in_flight now 0 fair_inc 6762 prop_inc 46551 fast_inc 0 eta_inc 16092 multi_dec -109631 quick_dec -0 nack_dec -33200
Flow Uec_181_53 flowId 38 uecSrc 37 finished at 334.779 total messages 1 total packets 490 RTS 0 total bytes 2002140 in_flight now 0 fair_inc 16096 prop_inc 39135 fast_inc 0 eta_inc 16092 multi_dec -107210 quick_dec -0 nack_dec -45650
Flow Uec_208_80 flowId 46 uecSrc 45 finished at 337.298 total messages 1 total packets 490 RTS 0 total bytes 2002140 in_flight now 0 fair_inc 8426 prop_inc 17813 fast_inc 0 eta_inc 16688 multi_dec -79358 quick_dec -0 nack_dec -49800
Flow Uec_151_23 flowId 150 uecSrc 149 finished at 338.233 total messages 1 total packets 490 RTS 0 total bytes 2002140 in_flight now 0 fair_inc 6148 prop_inc 27376 fast_inc 0 eta_inc 16092 multi_dec -80161 quick_dec -0 nack_dec -53950
Flow Uec_119_247 flowId 44 uecSrc 43 finished at 338.641 total messages 1 total packets 490 RTS 0 total bytes 2002140 in_flight now 0 fair_inc 6474 prop_inc 32772 fast_inc 0 eta_inc 16092 multi_dec -104004 quick_dec -0 nack_dec -45650
Flow Uec_123_251 flowId 74 uecSrc 73 finished at 339.826 total messages 1 total packets 490 RTS 0 total bytes 2002140 in_flight now 0 fair_inc 12230 prop_inc 34431 fast_inc 0 eta_inc 16092 multi_dec -102419 quick_dec -0 nack_dec -49800
Flow Uec_103_231 flowId 154 uecSrc 153 finished at 340.158 total messages 1 total packets 490 RTS 0 total bytes 2002140 in_flight now 0 fair_inc 7477 prop_inc 41548 fast_inc 3520 eta_inc 16092 multi_dec -117315 quick_dec -0 nack_dec -33200
Flow Uec_13_141 flowId 63 uecSrc 62 finished at 340.334 total messages 1 total packets 491 RTS 1 total bytes 2002140 in_flight now 0 fair_inc 6011 prop_inc 38002 fast_inc 0 eta_inc 13112 multi_dec -0 quick_dec -161549 nack_dec -20750
Flow Uec_220_92 flowId 80 uecSrc 79 finished at 340.374 total messages 1 total packets 490 RTS 0 total bytes 2002140 in_flight now 0 fair_inc 5649 prop_inc 17514 fast_inc 0 eta_inc 16092 multi_dec -86387 quick_dec -0 nack_dec -41500
Flow Uec_121_249 flowId 112 uecSrc 111 finished at 340.983 total messages 1 total packets 490 RTS 0 total bytes 2002140 in_flight now 0 fair_inc 5310 prop_inc 36450 fast_inc 0 eta_inc 16092 multi_dec -116152 quick_dec -0 nack_dec -37350
Flow Uec_70_198 flowId 111 uecSrc 110 finished at 342.639 total messages 1 total packets 490 RTS 0 total bytes 2002140 in_flight now 0 fair_inc 5459 prop_inc 47141 fast_inc 0 eta_inc 15496 multi_dec -79062 quick_dec -0 nack_dec -74700
Flow Uec_178_50 flowId 1 uecSrc 0 finished at 343.094 total messages 1 total packets 490 RTS 0 total bytes 2002140 in_flight now 0 fair_inc 8952 prop_inc 41244 fast_inc 0 eta_inc 16092 multi_dec -112451 quick_dec -0 nack_dec -41500
Flow Uec_243_115 flowId 139 uecSrc 138 finished at 343.409 total messages 1 total packets 490 RTS 0 total bytes 2002140 in_flight now 0 fair_inc 9040 prop_inc 33691 fast_inc 0 eta_inc 16092 multi_dec -111135 quick_dec -0 nack_dec -37350
Flow Uec_126_254 flowId 130 uecSrc 129 finished at 344.673 total messages 1 total packets 490 RTS 0 total bytes 2002140 in_flight now 0 fair_inc 5861 prop_inc 40724 fast_inc 0 eta_inc 16688 multi_dec -107501 quick_dec -0 nack_dec -41500
Flow Uec_199_71 flowId 137 uecSrc 136 finished at 345.168 total messages 1 total packets 490 RTS 0 total bytes 2002140 in_flight now 0 fair_inc 3499 prop_inc 48409 fast_inc 0 eta_inc 16092 multi_dec -97492 quick_dec -0 nack_dec -58100
Flow Uec_72_200 flowId 33 uecSrc 32 finished at 346.563 total messages 1 total packets 490 RTS 0 total bytes 2002140 in_flight now 0 fair_inc 12013 prop_inc 43845 fast_inc 0 eta_inc 16688 multi_dec -103227 quick_dec -0 nack_dec -49800
Flow Uec_152_24 flowId 78 uecSrc 77 finished at 346.998 total messages 1 total packets 490 RTS 0 total bytes 2002140 in_flight now 0 fair_inc 0 prop_inc 35698 fast_inc 27762 eta_inc 15496 multi_dec -123177 quick_dec -0 nack_dec -24900
Flow Uec_111_239 flowId 50 uecSrc 49 finished at 348.074 total messages 1 total packets 490 RTS 0 total bytes 2002140 in_flight now 0 fair_inc 2155 prop_inc 56494 fast_inc 0 eta_inc 16092 multi_dec -86569 quick_dec -0 nack_dec -70550
Flow Uec_56_184 flowId 19 uecSrc 18 finished at 349.087 total messages 1 total packets 490 RTS 0 total bytes 2002140 in_flight now 0 fair_inc 12143 prop_inc 44173 fast_inc 0 eta_inc 16092 multi_dec -29120 quick_dec -0 nack_dec -124500
Flow Uec_209_81 flowId 94 uecSrc 93 finished at 350.257 total messages 1 total packets 490 RTS 0 total bytes 2002140 in_flight now 0 fair_inc 2095 prop_inc 43778 fast_inc 47964 eta_inc 16688 multi_dec -93034 quick_dec -0 nack_dec -62250
Flow Uec_65_193 flowId 129 uecSrc 128 finished at 351.354 total messages 1 total packets 490 RTS 0 total bytes 2002140 in_flight now 0 fair_inc 3770 prop_inc 35464 fast_inc 0 eta_inc 16688 multi_dec -54636 quick_dec -0 nack_dec -91300
Flow Uec_157_29 flowId 86 uecSrc 85 finished at 355.301 total messages 1 total packets 490 RTS 0 total bytes 2002140 in_flight now 0 fair_inc 20624 prop_inc 46332 fast_inc 24244 eta_inc 16092 multi_dec -118347 quick_dec -0 nack_dec -41500
Flow Uec_41_169 flowId 15 uecSrc 14 finished at 358.254 total messages 1 total packets 494 RTS 4 total bytes 2002140 in_flight now 0 fair_inc 18395 prop_inc 68422 fast_inc 0 eta_inc 16092 multi_dec -154326 quick_dec -0 nack_dec -8300
Flow Uec_169_41 flowId 24 uecSrc 23 finished at 361.18 total messages 1 total packets 491 RTS 1 total bytes 2002140 in_flight now 0 fair_inc 16316 prop_inc 62708 fast_inc 23724 eta_inc 16092 multi_dec -148295 quick_dec -0 nack_dec -29050
Flow Uec_254_126 flowId 12 uecSrc 11 finished at 366.183 total messages 1 total packets 490 RTS 0 total bytes 2002140 in_flight now 0 fair_inc 22780 prop_inc 46174 fast_inc 37867 eta_inc 17284 multi_dec -131250 quick_dec -0 nack_dec -37350
Flow Uec_50_178 flowId 57 uecSrc 56 finished at 366.425 total messages 1 total packets 490 RTS 0 total bytes 2002140 in_flight now 0 fair_inc 14353 prop_inc 28685 fast_inc 0 eta_inc 17284 multi_dec -81398 quick_dec -0 nack_dec -66400
Flow Uec_12_140 flowId 55 uecSrc 54 finished at 379.317 total messages 1 total packets 492 RTS 2 total bytes 2002140 in_flight now 0 fair_inc 4335 prop_inc 104184 fast_inc 4041 eta_inc 17284 multi_dec -172926 quick_dec -0 nack_dec -12450
Flow Uec_47_175 flowId 151 uecSrc 150 finished at 383.688 total messages 1 total packets 491 RTS 1 total bytes 2002140 in_flight now 0 fair_inc 15326 prop_inc 85082 fast_inc 0 eta_inc 17284 multi_dec -199581 quick_dec -0 nack_dec -4150
Flow Uec_143_15 flowId 8 uecSrc 7 finished at 407.068 total messages 1 total packets 490 RTS 0 total bytes 2002140 in_flight now 0 fair_inc 18148 prop_inc 31655 fast_inc 0 eta_inc 19072 multi_dec -10920 quick_dec -0 nack_dec -149400
Flow Uec_37_165 flowId 2 uecSrc 1 finished at 410.308 total messages 1 total packets 496 RTS 6 total bytes 2002140 in_flight now 0 fair_inc 19170 prop_inc 76983 fast_inc 95447 eta_inc 17880 multi_dec -162581 quick_dec -0 nack_dec -4150
Flow Uec_89_217 flowId 143 uecSrc 142 finished at 412.221 total messages 1 total packets 490 RTS 0 total bytes 2002140 in_flight now 0 fair_inc 18792 prop_inc 21759 fast_inc 0 eta_inc 19668 multi_dec -28085 quick_dec -0 nack_dec -132800
Flow Uec_216_88 flowId 106 uecSrc 105 finished at 424.871 total messages 1 total packets 490 RTS 0 total bytes 2002140 in_flight now 0 fair_inc 26945 prop_inc 37670 fast_inc 0 eta_inc 19668 multi_dec -103168 quick_dec -0 nack_dec -78850
Flow Uec_244_116 flowId 92 uecSrc 91 finished at 425.187 total messages 1 total packets 490 RTS 0 total bytes 2002140 in_flight now 0 fair_inc 10479 prop_inc 24224 fast_inc 0 eta_inc 19072 multi_dec -64533 quick_dec -0 nack_dec -103750
Flow Uec_211_83 flowId 118 uecSrc 117 finished at 429.041 total messages 1 total packets 490 RTS 0 total bytes 2002140 in_flight now 0 fair_inc 31411 prop_inc 30653 fast_inc 0 eta_inc 19668 multi_dec -136337 quick_dec -0 nack_dec -45650
Flow Uec_99_227 flowId 39 uecSrc 38 finished at 430.198 total messages 1 total packets 490 RTS 0 total bytes 2002140 in_flight now 0 fair_inc 26860 prop_inc 17228 fast_inc 0 eta_inc 20264 multi_dec -52140 quick_dec -0 nack_dec -116200
Flow Uec_136_8 flowId 135 uecSrc 134 finished at 430.208 total messages 1 total packets 490 RTS 0 total bytes 2002140 in_flight now 0 fair_inc 16242 prop_inc 43136 fast_inc 0 eta_inc 19668 multi_dec -88232 quick_dec -0 nack_dec -78850
Flow Uec_91_219 flowId 145 uecSrc 144 finished at 430.427 total messages 1 total packets 490 RTS 0 total bytes 2002140 in_flight now 0 fair_inc 28448 prop_inc 18275 fast_inc 0 eta_inc 20264 multi_dec -27990 quick_dec -0 nack_dec -132800
Flow Uec_49_177 flowId 52 uecSrc 51 finished at 430.681 total messages 1 total packets 490 RTS 0 total bytes 2002140 in_flight now 0 fair_inc 10343 prop_inc 22815 fast_inc 0 eta_inc 20264 multi_dec -33164 quick_dec -0 nack_dec -124500
Flow Uec_144_16 flowId 54 uecSrc 53 finished at 431.631 total messages 1 total packets 490 RTS 0 total bytes 2002140 in_flight now 0 fair_inc 14328 prop_inc 33219 fast_inc 0 eta_inc 20264 multi_dec -96293 quick_dec -0 nack_dec -74700
Flow Uec_108_236 flowId 119 uecSrc 118 finished at 440.756 total messages 1 total packets 490 RTS 0 total bytes 2002140 in_flight now 0 fair_inc 31561 prop_inc 19921 fast_inc 0 eta_inc 21456 multi_dec -58682 quick_dec -0 nack_dec -136950
Flow Uec_215_87 flowId 95 uecSrc 94 finished at 442.052 total messages 1 total packets 490 RTS 0 total bytes 2002140 in_flight now 0 fair_inc 33420 prop_inc 18191 fast_inc 0 eta_inc 21456 multi_dec -47766 quick_dec -0 nack_dec -120350
Flow Uec_58_186 flowId 109 uecSrc 108 finished at 460.664 total messages 1 total packets 490 RTS 0 total bytes 2002140 in_flight now 0 fair_inc 28410 prop_inc 14675 fast_inc 0 eta_inc 21456 multi_dec -50497 quick_dec -0 nack_dec -141100
Flow Uec_87_215 flowId 132 uecSrc 131 finished at 463.493 total messages 1 total packets 490 RTS 0 total bytes 2002140 in_flight now 0 fair_inc 13909 prop_inc 14995 fast_inc 0 eta_inc 21456 multi_dec -93411 quick_dec -0 nack_dec -78850
Flow Uec_186_58 flowId 48 uecSrc 47 finished at 475.332 total messages 1 total packets 490 RTS 0 total bytes 2002140 in_flight now 0 fair_inc 19850 prop_inc 15996 fast_inc 0 eta_inc 22052 multi_dec -103087 quick_dec -0 nack_dec -87150
Flow Uec_101_229 flowId 20 uecSrc 19 finished at 483.098 total messages 1 total packets 490 RTS 0 total bytes 2002140 in_flight now 0 fair_inc 20997 prop_inc 41326 fast_inc 0 eta_inc 22052 multi_dec -114356 quick_dec -0 nack_dec -74700
Flow Uec_114_242 flowId 97 uecSrc 96 finished at 484.483 total messages 1 total packets 490 RTS 0 total bytes 2002140 in_flight now 0 fair_inc 40096 prop_inc 36404 fast_inc 0 eta_inc 22052 multi_dec -91083 quick_dec -0 nack_dec -91300
Flow Uec_62_190 flowId 142 uecSrc 141 finished at 485.422 total messages 1 total packets 490 RTS 0 total bytes 2002140 in_flight now 0 fair_inc 26550 prop_inc 48855 fast_inc 0 eta_inc 22052 multi_dec -80328 quick_dec -0 nack_dec -112050
Flow Uec_127_255 flowId 103 uecSrc 102 finished at 488.771 total messages 1 total packets 490 RTS 0 total bytes 2002140 in_flight now 0 fair_inc 12896 prop_inc 16184 fast_inc 0 eta_inc 23244 multi_dec -81522 quick_dec -0 nack_dec -91300
Flow Uec_180_52 flowId 29 uecSrc 28 finished at 490.92 total messages 1 total packets 490 RTS 0 total bytes 2002140 in_flight now 0 fair_inc 26200 prop_inc 18243 fast_inc 0 eta_inc 23244 multi_dec -92703 quick_dec -0 nack_dec -99600
Flow Uec_117_245 flowId 138 uecSrc 137 finished at 493.912 total messages 1 total packets 490 RTS 0 total bytes 2002140 in_flight now 0 fair_inc 14639 prop_inc 15137 fast_inc 0 eta_inc 23244 multi_dec -69789 quick_dec -0 nack_dec -107900
Flow Uec_85_213 flowId 47 uecSrc 46 finished at 494.525 total messages 1 total packets 490 RTS 0 total bytes 2002140 in_flight now 0 fair_inc 33662 prop_inc 45793 fast_inc 0 eta_inc 22648 multi_dec -123617 quick_dec -0 nack_dec -74700
Flow Uec_146_18 flowId 26 uecSrc 25 finished at 495.694 total messages 1 total packets 491 RTS 1 total bytes 2002140 in_flight now 0 fair_inc 9218 prop_inc 63980 fast_inc 0 eta_inc 20264 multi_dec -94619 quick_dec -0 nack_dec -83000
Flow Uec_184_56 flowId 141 uecSrc 140 finished at 497.611 total messages 1 total packets 490 RTS 0 total bytes 2002140 in_flight now 0 fair_inc 19286 prop_inc 18224 fast_inc 0 eta_inc 23244 multi_dec -87575 quick_dec -0 nack_dec -95450
Flow Uec_219_91 flowId 101 uecSrc 100 finished at 497.829 total messages 1 total packets 490 RTS 0 total bytes 2002140 in_flight now 0 fair_inc 23824 prop_inc 43466 fast_inc 0 eta_inc 23840 multi_dec -103635 quick_dec -0 nack_dec -91300
Flow Uec_97_225 flowId 126 uecSrc 125 finished at 497.834 total messages 1 total packets 490 RTS 0 total bytes 2002140 in_flight now 0 fair_inc 15455 prop_inc 52478 fast_inc 0 eta_inc 22648 multi_dec -123321 quick_dec -0 nack_dec -70550
Flow Uec_182_54 flowId 98 uecSrc 97 finished at 498.685 total messages 1 total packets 490 RTS 0 total bytes 2002140 in_flight now 0 fair_inc 22290 prop_inc 23576 fast_inc 0 eta_inc 23244 multi_dec -82158 quick_dec -0 nack_dec -99600
Flow Uec_227_99 flowId 69 uecSrc 68 finished at 501.788 total messages 1 total packets 490 RTS 0 total bytes 2002140 in_flight now 0 fair_inc 20307 prop_inc 57416 fast_inc 0 eta_inc 22648 multi_dec -69401 quick_dec -0 nack_dec -124500
Flow Uec_82_210 flowId 91 uecSrc 90 finished at 502.843 total messages 1 total packets 490 RTS 0 total bytes 2002140 in_flight now 0 fair_inc 20884 prop_inc 31358 fast_inc 0 eta_inc 23244 multi_dec -62291 quick_dec -0 nack_dec -120350
Flow Uec_68_196 flowId 96 uecSrc 95 finished at 505.992 total messages 1 total packets 490 RTS 0 total bytes 2002140 in_flight now 0 fair_inc 13320 prop_inc 32058 fast_inc 0 eta_inc 23244 multi_dec -62683 quick_dec -0 nack_dec -116200
Flow Uec_67_195 flowId 165 uecSrc 164 finished at 507.575 total messages 1 total packets 490 RTS 0 total bytes 2002140 in_flight now 0 fair_inc 20512 prop_inc 40611 fast_inc 0 eta_inc 23840 multi_dec -90308 quick_dec -0 nack_dec -107900
Flow Uec_195_67 flowId 121 uecSrc 120 finished at 509.037 total messages 1 total packets 490 RTS 0 total bytes 2002140 in_flight now 0 fair_inc 39934 prop_inc 22138 fast_inc 0 eta_inc 24436 multi_dec -78106 quick_dec -0 nack_dec -116200
Flow Uec_120_248 flowId 153 uecSrc 152 finished at 509.078 total messages 1 total packets 490 RTS 0 total bytes 2002140 in_flight now 0 fair_inc 27323 prop_inc 23620 fast_inc 0 eta_inc 23840 multi_dec -79430 quick_dec -0 nack_dec -116200
Flow Uec_95_223 flowId 162 uecSrc 161 finished at 509.299 total messages 1 total packets 490 RTS 0 total bytes 2002140 in_flight now 0 fair_inc 50747 prop_inc 3581 fast_inc 0 eta_inc 23840 multi_dec -65281 quick_dec -0 nack_dec -149400
Flow Uec_93_221 flowId 72 uecSrc 71 finished at 510.687 total messages 1 total packets 490 RTS 0 total bytes 2002140 in_flight now 0 fair_inc 20263 prop_inc 59827 fast_inc 0 eta_inc 21456 multi_dec -101843 quick_dec -0 nack_dec -99600
Flow Uec_188_60 flowId 163 uecSrc 162 finished at 511.16 total messages 1 total packets 490 RTS 0 total bytes 2002140 in_flight now 0 fair_inc 18360 prop_inc 31390 fast_inc 0 eta_inc 23840 multi_dec -75057 quick_dec -0 nack_dec -116200
Flow Uec_90_218 flowId 60 uecSrc 59 finished at 511.401 total messages 1 total packets 490 RTS 0 total bytes 2002140 in_flight now 0 fair_inc 29930 prop_inc 51317 fast_inc 0 eta_inc 22648 multi_dec -117295 quick_dec -0 nack_dec -95450
Flow Uec_223_95 flowId 75 uecSrc 74 finished at 513.023 total messages 1 total packets 490 RTS 0 total bytes 2002140 in_flight now 0 fair_inc 34606 prop_inc 45874 fast_inc 0 eta_inc 23244 multi_dec -114510 quick_dec -0 nack_dec -95450
Flow Uec_115_243 flowId 134 uecSrc 133 finished at 516.482 total messages 1 total packets 490 RTS 0 total bytes 2002140 in_flight now 0 fair_inc 26330 prop_inc 49275 fast_inc 28774 eta_inc 23840 multi_dec -109162 quick_dec -0 nack_dec -87150
Flow Uec_100_228 flowId 62 uecSrc 61 finished at 516.963 total messages 1 total packets 490 RTS 0 total bytes 2002140 in_flight now 0 fair_inc 9260 prop_inc 53164 fast_inc 33823 eta_inc 23840 multi_dec -104147 quick_dec -0 nack_dec -91300
Flow Uec_134_6 flowId 120 uecSrc 119 finished at 522.135 total messages 1 total packets 490 RTS 0 total bytes 2002140 in_flight now 0 fair_inc 25949 prop_inc 52877 fast_inc 0 eta_inc 22648 multi_dec -76412 quick_dec -0 nack_dec -136950
Flow Uec_78_206 flowId 82 uecSrc 81 finished at 527.307 total messages 1 total packets 490 RTS 0 total bytes 2002140 in_flight now 0 fair_inc 48350 prop_inc 6640 fast_inc 0 eta_inc 24436 multi_dec -32182 quick_dec -0 nack_dec -145250
Flow Uec_226_98 flowId 152 uecSrc 151 finished at 527.48 total messages 1 total packets 490 RTS 0 total bytes 2002140 in_flight now 0 fair_inc 38918 prop_inc 56106 fast_inc 23724 eta_inc 19072 multi_dec -121989 quick_dec -0 nack_dec -99600
Flow Uec_60_188 flowId 160 uecSrc 159 finished at 530.688 total messages 1 total packets 490 RTS 0 total bytes 2002140 in_flight now 0 fair_inc 18899 prop_inc 69697 fast_inc 27765 eta_inc 23840 multi_dec -115075 quick_dec -0 nack_dec -99600
Flow Uec_64_192 flowId 144 uecSrc 143 finished at 532.44 total messages 1 total packets 490 RTS 0 total bytes 2002140 in_flight now 0 fair_inc 7220 prop_inc 54829 fast_inc 24733 eta_inc 23840 multi_dec -91068 quick_dec -0 nack_dec -95450
Flow Uec_5_133 flowId 58 uecSrc 57 finished at 541.077 total messages 1 total packets 506 RTS 16 total bytes 2002140 in_flight now -128 fair_inc 16800 prop_inc 86295 fast_inc 0 eta_inc 22648 multi_dec -0 quick_dec -68721 nack_dec -29050
Flow Uec_142_14 flowId 13 uecSrc 12 finished at 544.056 total messages 1 total packets 491 RTS 1 total bytes 2002140 in_flight now 0 fair_inc 29610 prop_inc 8602 fast_inc 0 eta_inc 25032 multi_dec -30339 quick_dec -0 nack_dec -136950
Flow Uec_9_137 flowId 89 uecSrc 88 finished at 565.912 total messages 1 total packets 502 RTS 12 total bytes 2002140 in_flight now -192 fair_inc 10854 prop_inc 65559 fast_inc 0 eta_inc 21456 multi_dec -0 quick_dec -80373 nack_dec -33200
Flow Uec_225_97 flowId 5 uecSrc 4 finished at 572.938 total messages 1 total packets 490 RTS 0 total bytes 2002140 in_flight now 0 fair_inc 43052 prop_inc 55762 fast_inc 165158 eta_inc 25032 multi_dec -147365 quick_dec -0 nack_dec -112050
Flow Uec_174_46 flowId 7 uecSrc 6 finished at 601.65 total messages 1 total packets 491 RTS 1 total bytes 2002140 in_flight now 0 fair_inc 28013 prop_inc 15854 fast_inc 0 eta_inc 25628 multi_dec -38243 quick_dec -0 nack_dec -149400
Flow Uec_132_4 flowId 71 uecSrc 70 finished at 604.309 total messages 1 total packets 490 RTS 0 total bytes 2002140 in_flight now 0 fair_inc 16650 prop_inc 33031 fast_inc 0 eta_inc 27416 multi_dec -27604 quick_dec -0 nack_dec -161850
Flow Uec_137_9 flowId 51 uecSrc 50 finished at 615.751 total messages 1 total packets 492 RTS 2 total bytes 2002140 in_flight now 0 fair_inc 39140 prop_inc 104884 fast_inc 0 eta_inc 25628 multi_dec -190465 quick_dec -0 nack_dec -53950
Flow Uec_73_201 flowId 114 uecSrc 113 finished at 623.241 total messages 1 total packets 490 RTS 0 total bytes 2002140 in_flight now 0 fair_inc 37719 prop_inc 14115 fast_inc 0 eta_inc 28012 multi_dec -76753 quick_dec -0 nack_dec -136950
Flow Uec_51_179 flowId 42 uecSrc 41 finished at 636.08 total messages 1 total packets 490 RTS 0 total bytes 2002140 in_flight now 0 fair_inc 9600 prop_inc 52258 fast_inc 0 eta_inc 26224 multi_dec -68407 quick_dec -0 nack_dec -136950
Flow Uec_76_204 flowId 10 uecSrc 9 finished at 639.769 total messages 1 total packets 490 RTS 0 total bytes 2002140 in_flight now 0 fair_inc 47492 prop_inc 13294 fast_inc 0 eta_inc 29204 multi_dec -93464 quick_dec -0 nack_dec -124500
Flow Uec_77_205 flowId 59 uecSrc 58 finished at 659.594 total messages 1 total packets 490 RTS 0 total bytes 2002140 in_flight now 0 fair_inc 18554 prop_inc 31180 fast_inc 0 eta_inc 30396 multi_dec -97011 quick_dec -0 nack_dec -107900
Flow Uec_75_203 flowId 9 uecSrc 8 finished at 664.573 total messages 1 total packets 490 RTS 0 total bytes 2002140 in_flight now 0 fair_inc 31931 prop_inc 58918 fast_inc 0 eta_inc 25628 multi_dec -122163 quick_dec -0 nack_dec -107900
Flow Uec_79_207 flowId 90 uecSrc 89 finished at 673.961 total messages 1 total packets 490 RTS 0 total bytes 2002140 in_flight now 0 fair_inc 32880 prop_inc 37710 fast_inc 489 eta_inc 30396 multi_dec -89789 quick_dec -0 nack_dec -124500
Flow Uec_74_202 flowId 11 uecSrc 10 finished at 682.703 total messages 1 total packets 490 RTS 0 total bytes 2002140 in_flight now 0 fair_inc 26108 prop_inc 46662 fast_inc 55040 eta_inc 28012 multi_dec -99554 quick_dec -2403 nack_dec -124500
Flow Uec_53_181 flowId 67 uecSrc 66 finished at 702.641 total messages 1 total packets 490 RTS 0 total bytes 2002140 in_flight now 0 fair_inc 39149 prop_inc 59421 fast_inc 0 eta_inc 26224 multi_dec -94017 quick_dec -0 nack_dec -145250
Flow Uec_172_44 flowId 164 uecSrc 163 finished at 704.404 total messages 1 total packets 492 RTS 2 total bytes 2002140 in_flight now 0 fair_inc 27808 prop_inc 18822 fast_inc 0 eta_inc 29204 multi_dec -72166 quick_dec -0 nack_dec -136950
Flow Uec_52_180 flowId 122 uecSrc 121 finished at 705.629 total messages 1 total packets 490 RTS 0 total bytes 2002140 in_flight now 0 fair_inc 29429 prop_inc 66154 fast_inc 0 eta_inc 28608 multi_dec -118525 quick_dec -3057 nack_dec -120350
Flow Uec_135_7 flowId 40 uecSrc 39 finished at 726.197 total messages 1 total packets 492 RTS 2 total bytes 2002140 in_flight now 0 fair_inc 26516 prop_inc 63696 fast_inc 0 eta_inc 29204 multi_dec -9769 quick_dec -30589 nack_dec -170150
Flow Uec_156_28 flowId 77 uecSrc 76 finished at 741.084 total messages 1 total packets 490 RTS 0 total bytes 2002140 in_flight now 0 fair_inc 46893 prop_inc 27109 fast_inc 0 eta_inc 31588 multi_dec -28860 quick_dec -35931 nack_dec -161850
Flow Uec_234_106 flowId 127 uecSrc 126 finished at 788.475 total messages 1 total packets 490 RTS 0 total bytes 2002140 in_flight now 0 fair_inc 36805 prop_inc 13552 fast_inc 0 eta_inc 34568 multi_dec -70398 quick_dec -0 nack_dec -170150
Flow Uec_147_19 flowId 156 uecSrc 155 finished at 807.781 total messages 1 total packets 490 RTS 0 total bytes 2002140 in_flight now 0 fair_inc 33141 prop_inc 44443 fast_inc 39399 eta_inc 28012 multi_dec -107861 quick_dec -0 nack_dec -136950
Flow Uec_239_111 flowId 76 uecSrc 75 finished at 817.359 total messages 1 total packets 490 RTS 0 total bytes 2002140 in_flight now 0 fair_inc 31348 prop_inc 14512 fast_inc 0 eta_inc 32780 multi_dec -70648 quick_dec -0 nack_dec -161850
Flow Uec_214_86 flowId 115 uecSrc 114 finished at 836.911 total messages 1 total packets 490 RTS 0 total bytes 2002140 in_flight now 0 fair_inc 36274 prop_inc 2285 fast_inc 0 eta_inc 32780 multi_dec -70951 quick_dec -0 nack_dec -182600
Flow Uec_141_13 flowId 73 uecSrc 72 finished at 837.286 total messages 1 total packets 490 RTS 0 total bytes 2002140 in_flight now 0 fair_inc 40842 prop_inc 85480 fast_inc 0 eta_inc 32184 multi_dec -140812 quick_dec -9365 nack_dec -120350
Flow Uec_150_22 flowId 116 uecSrc 115 finished at 840.182 total messages 1 total packets 492 RTS 2 total bytes 2002140 in_flight now 0 fair_inc 46433 prop_inc 56659 fast_inc 62111 eta_inc 29204 multi_dec -95283 quick_dec -6244 nack_dec -141100
Flow Uec_236_108 flowId 158 uecSrc 157 finished at 848.24 total messages 1 total packets 490 RTS 0 total bytes 2002140 in_flight now 0 fair_inc 23446 prop_inc 35172 fast_inc 0 eta_inc 38144 multi_dec -74773 quick_dec -0 nack_dec -170150
Flow Uec_130_2 flowId 28 uecSrc 27 finished at 852.757 total messages 1 total packets 492 RTS 2 total bytes 2002140 in_flight now 0 fair_inc 58255 prop_inc 78325 fast_inc 0 eta_inc 32780 multi_dec -145644 quick_dec -7925 nack_dec -107900
Flow Uec_11_139 flowId 161 uecSrc 160 finished at 852.886 total messages 1 total packets 511 RTS 21 total bytes 2002140 in_flight now -128 fair_inc 23430 prop_inc 109061 fast_inc 0 eta_inc 32184 multi_dec -79422 quick_dec -42747 nack_dec -20750
Flow Uec_233_105 flowId 3 uecSrc 2 finished at 857.601 total messages 1 total packets 490 RTS 0 total bytes 2002140 in_flight now 0 fair_inc 47033 prop_inc 35386 fast_inc 0 eta_inc 29800 multi_dec -99598 quick_dec -0 nack_dec -153550
Flow Uec_242_114 flowId 113 uecSrc 112 finished at 891.093 total messages 1 total packets 490 RTS 0 total bytes 2002140 in_flight now 0 fair_inc 45954 prop_inc 50258 fast_inc 46958 eta_inc 29204 multi_dec -128654 quick_dec -0 nack_dec -124500
Flow Uec_218_90 flowId 68 uecSrc 67 finished at 894.015 total messages 1 total packets 490 RTS 0 total bytes 2002140 in_flight now 0 fair_inc 44605 prop_inc 6470 fast_inc 0 eta_inc 30396 multi_dec -95370 quick_dec -0 nack_dec -136950
Flow Uec_201_73 flowId 25 uecSrc 24 finished at 953.936 total messages 1 total packets 490 RTS 0 total bytes 2002140 in_flight now 0 fair_inc 59160 prop_inc 13136 fast_inc 0 eta_inc 33376 multi_dec -99095 quick_dec -0 nack_dec -170150
Flow Uec_200_72 flowId 35 uecSrc 34 finished at 955.425 total messages 1 total packets 490 RTS 0 total bytes 2002140 in_flight now 0 fair_inc 44154 prop_inc 14655 fast_inc 0 eta_inc 30396 multi_dec -44893 quick_dec -95797 nack_dec -166000
Flow Uec_197_69 flowId 81 uecSrc 80 finished at 971.587 total messages 1 total packets 490 RTS 0 total bytes 2002140 in_flight now 0 fair_inc 60284 prop_inc 21634 fast_inc 0 eta_inc 28012 multi_dec -68115 quick_dec -43694 nack_dec -161850
Flow Uec_217_89 flowId 105 uecSrc 104 finished at 1029.29 total messages 1 total packets 490 RTS 0 total bytes 2002140 in_flight now 0 fair_inc 25833 prop_inc 38736 fast_inc 88378 eta_inc 35164 multi_dec -130898 quick_dec -917 nack_dec -112050
.Done
New: 81340 Rtx: 3112 RTS: 101 Bounced: 0 ACKs: 62923 NACKs: 2727 Pulls: 0 sleek_pkts: 0
