traffic matrix input file: connection_matrices/load_sweep/load0.65_n256_seed4.cm
Load balancing algorithm set to reps
no_of_nodes 256
Dragonfly+ strategy: FPAR
Setting queuesize to 50 packets
endtime(us) 100000
random seed 4
Packet size (MTU) is 4150
Parsed args
Logging to reps_dfp_results/reps_withoutnorm256/load0.65_reps_seed4.dat
Loading connection matrix from connection_matrices/load_sweep/load0.65_n256_seed4.cm
Nodes: 256 Connections: 166 Triggers: 0 Failures: 0
Setting ECN low 33200 high 120350
Dragonfly+ with medium topology type
Link latencies: 1 and switch latencies: 0
queue_id 2 ecn_low 33200 ecn_high 120350
DragonFly+ constructor done, 392 nodes created
Note: topology supports 392 hosts; 136 host port(s) will be unused.
network_max_unloaded_rtt 11.6856 us
Setting min RTO to 114.6
Per-hop RTT normalization: OFF (strategy fpar)
Initializing static NSCC parameters: _reference_network_linkspeed=100000000000 _reference_network_rtt=12000000 _reference_network_bdp=150000 _target_Qdelay=8764200 _network_linkspeed=100000000000 _network_rtt=11685600 _network_bdp=146070 _qa_gate=2^3 _qa_threshold=3.50568e+07 _scaling_factor_a=0.9738 _scaling_factor_b=0.73035 _alpha=0.00132632 _fi=19894.7 _eta=596.842 _qa_scaling=1 _gamma=0.8 _fi_scale=0.24345 _delay_alpha=0.0125 _adjust_period_threshold=11685600 _adjust_bytes_threshold=33200
Initialize per-instance NSCC parameters: flowid 1 _base_rtt=11685600 _base_bdp=146070 _bdp=146070 _min_cwnd=4150 _maxwnd=219105 _cwnd=219105
Initialize per-instance NSCC parameters: flowid 2 _base_rtt=11685600 _base_bdp=146070 _bdp=146070 _min_cwnd=4150 _maxwnd=219105 _cwnd=219105
Initialize per-instance NSCC parameters: flowid 3 _base_rtt=11685600 _base_bdp=146070 _bdp=146070 _min_cwnd=4150 _maxwnd=219105 _cwnd=219105
Initialize per-instance NSCC parameters: flowid 4 _base_rtt=11685600 _base_bdp=146070 _bdp=146070 _min_cwnd=4150 _maxwnd=219105 _cwnd=219105
Initialize per-instance NSCC parameters: flowid 5 _base_rtt=11685600 _base_bdp=146070 _bdp=146070 _min_cwnd=4150 _maxwnd=219105 _cwnd=219105
Initialize per-instance NSCC parameters: flowid 6 _base_rtt=11685600 _base_bdp=146070 _bdp=146070 _min_cwnd=4150 _maxwnd=219105 _cwnd=219105
Initialize per-instance NSCC parameters: flowid 7 _base_rtt=11685600 _base_bdp=146070 _bdp=146070 _min_cwnd=4150 _maxwnd=219105 _cwnd=219105
Initialize per-instance NSCC parameters: flowid 8 _base_rtt=11685600 _base_bdp=146070 _bdp=146070 _min_cwnd=4150 _maxwnd=219105 _cwnd=219105
Initialize per-instance NSCC parameters: flowid 9 _base_rtt=11685600 _base_bdp=146070 _bdp=146070 _min_cwnd=4150 _maxwnd=219105 _cwnd=219105
Initialize per-instance NSCC parameters: flowid 10 _base_rtt=11685600 _base_bdp=146070 _bdp=146070 _min_cwnd=4150 _maxwnd=219105 _cwnd=219105
Initialize per-instance NSCC parameters: flowid 11 _base_rtt=11685600 _base_bdp=146070 _bdp=146070 _min_cwnd=4150 _maxwnd=219105 _cwnd=219105
Initialize per-instance NSCC parameters: flowid 12 _base_rtt=11685600 _base_bdp=146070 _bdp=146070 _min_cwnd=4150 _maxwnd=219105 _cwnd=219105
Initialize per-instance NSCC parameters: flowid 13 _base_rtt=11685600 _base_bdp=146070 _bdp=146070 _min_cwnd=4150 _maxwnd=219105 _cwnd=219105
Initialize per-instance NSCC parameters: flowid 14 _base_rtt=11685600 _base_bdp=146070 _bdp=146070 _min_cwnd=4150 _maxwnd=219105 _cwnd=219105
Initialize per-instance NSCC parameters: flowid 15 _base_rtt=11685600 _base_bdp=146070 _bdp=146070 _min_cwnd=4150 _maxwnd=219105 _cwnd=219105
Initialize per-instance NSCC parameters: flowid 16 _base_rtt=11685600 _base_bdp=146070 _bdp=146070 _min_cwnd=4150 _maxwnd=219105 _cwnd=219105
Initialize per-instance NSCC parameters: flowid 17 _base_rtt=11685600 _base_bdp=146070 _bdp=146070 _min_cwnd=4150 _maxwnd=219105 _cwnd=219105
Initialize per-instance NSCC parameters: flowid 18 _base_rtt=11685600 _base_bdp=146070 _bdp=146070 _min_cwnd=4150 _maxwnd=219105 _cwnd=219105
Initialize per-instance NSCC parameters: flowid 19 _base_rtt=11685600 _base_bdp=146070 _bdp=146070 _min_cwnd=4150 _maxwnd=219105 _cwnd=219105
Initialize per-instance NSCC parameters: flowid 20 _base_rtt=11685600 _base_bdp=146070 _bdp=146070 _min_cwnd=4150 _maxwnd=219105 _cwnd=219105
Initialize per-instance NSCC parameters: flowid 21 _base_rtt=11685600 _base_bdp=146070 _bdp=146070 _min_cwnd=4150 _maxwnd=219105 _cwnd=219105
Initialize per-instance NSCC parameters: flowid 22 _base_rtt=11685600 _base_bdp=146070 _bdp=146070 _min_cwnd=4150 _maxwnd=219105 _cwnd=219105
Initialize per-instance NSCC parameters: flowid 23 _base_rtt=11685600 _base_bdp=146070 _bdp=146070 _min_cwnd=4150 _maxwnd=219105 _cwnd=219105
Initialize per-instance NSCC parameters: flowid 24 _base_rtt=11685600 _base_bdp=146070 _bdp=146070 _min_cwnd=4150 _maxwnd=219105 _cwnd=219105
Initialize per-instance NSCC parameters: flowid 25 _base_rtt=11685600 _base_bdp=146070 _bdp=146070 _min_cwnd=4150 _maxwnd=219105 _cwnd=219105
Initialize per-instance NSCC parameters: flowid 26 _base_rtt=11685600 _base_bdp=146070 _bdp=146070 _min_cwnd=4150 _maxwnd=219105 _cwnd=219105
Initialize per-instance NSCC parameters: flowid 27 _base_rtt=11685600 _base_bdp=146070 _bdp=146070 _min_cwnd=4150 _maxwnd=219105 _cwnd=219105
Initialize per-instance NSCC parameters: flowid 28 _base_rtt=11685600 _base_bdp=146070 _bdp=146070 _min_cwnd=4150 _maxwnd=219105 _cwnd=219105
Initialize per-instance NSCC parameters: flowid 29 _base_rtt=11685600 _base_bdp=146070 _bdp=146070 _min_cwnd=4150 _maxwnd=219105 _cwnd=219105
Initialize per-instance NSCC parameters: flowid 30 _base_rtt=11685600 _base_bdp=146070 _bdp=146070 _min_cwnd=4150 _maxwnd=219105 _cwnd=219105
Initialize per-instance NSCC parameters: flowid 31 _base_rtt=11685600 _base_bdp=146070 _bdp=146070 _min_cwnd=4150 _maxwnd=219105 _cwnd=219105
Initialize per-instance NSCC parameters: flowid 32 _base_rtt=11685600 _base_bdp=146070 _bdp=146070 _min_cwnd=4150 _maxwnd=219105 _cwnd=219105
Initialize per-instance NSCC parameters: flowid 33 _base_rtt=11685600 _base_bdp=146070 _bdp=146070 _min_cwnd=4150 _maxwnd=219105 _cwnd=219105
Initialize per-instance NSCC parameters: flowid 34 _base_rtt=11685600 _base_bdp=146070 _bdp=146070 _min_cwnd=4150 _maxwnd=219105 _cwnd=219105
Initialize per-instance NSCC parameters: flowid 35 _base_rtt=11685600 _base_bdp=146070 _bdp=146070 _min_cwnd=4150 _maxwnd=219105 _cwnd=219105
Initialize per-instance NSCC parameters: flowid 36 _base_rtt=11685600 _base_bdp=146070 _bdp=146070 _min_cwnd=4150 _maxwnd=219105 _cwnd=219105
Initialize per-instance NSCC parameters: flowid 37 _base_rtt=11685600 _base_bdp=146070 _bdp=146070 _min_cwnd=4150 _maxwnd=219105 _cwnd=219105
Initialize per-instance NSCC parameters: flowid 38 _base_rtt=11685600 _base_bdp=146070 _bdp=146070 _min_cwnd=4150 _maxwnd=219105 _cwnd=219105
Initialize per-instance NSCC parameters: flowid 39 _base_rtt=11685600 _base_bdp=146070 _bdp=146070 _min_cwnd=4150 _maxwnd=219105 _cwnd=219105
Initialize per-instance NSCC parameters: flowid 40 _base_rtt=11685600 _base_bdp=146070 _bdp=146070 _min_cwnd=4150 _maxwnd=219105 _cwnd=219105
Initialize per-instance NSCC parameters: flowid 41 _base_rtt=11685600 _base_bdp=146070 _bdp=146070 _min_cwnd=4150 _maxwnd=219105 _cwnd=219105
Initialize per-instance NSCC parameters: flowid 42 _base_rtt=11685600 _base_bdp=146070 _bdp=146070 _min_cwnd=4150 _maxwnd=219105 _cwnd=219105
Initialize per-instance NSCC parameters: flowid 43 _base_rtt=11685600 _base_bdp=146070 _bdp=146070 _min_cwnd=4150 _maxwnd=219105 _cwnd=219105
Initialize per-instance NSCC parameters: flowid 44 _base_rtt=11685600 _base_bdp=146070 _bdp=146070 _min_cwnd=4150 _maxwnd=219105 _cwnd=219105
Initialize per-instance NSCC parameters: flowid 45 _base_rtt=11685600 _base_bdp=146070 _bdp=146070 _min_cwnd=4150 _maxwnd=219105 _cwnd=219105
Initialize per-instance NSCC parameters: flowid 46 _base_rtt=11685600 _base_bdp=146070 _bdp=146070 _min_cwnd=4150 _maxwnd=219105 _cwnd=219105
Initialize per-instance NSCC parameters: flowid 47 _base_rtt=11685600 _base_bdp=146070 _bdp=146070 _min_cwnd=4150 _maxwnd=219105 _cwnd=219105
Initialize per-instance NSCC parameters: flowid 48 _base_rtt=11685600 _base_bdp=146070 _bdp=146070 _min_cwnd=4150 _maxwnd=219105 _cwnd=219105
Initialize per-instance NSCC parameters: flowid 49 _base_rtt=11685600 _base_bdp=146070 _bdp=146070 _min_cwnd=4150 _maxwnd=219105 _cwnd=219105
Initialize per-instance NSCC parameters: flowid 50 _base_rtt=11685600 _base_bdp=146070 _bdp=146070 _min_cwnd=4150 _maxwnd=219105 _cwnd=219105
Initialize per-instance NSCC parameters: flowid 51 _base_rtt=11685600 _base_bdp=146070 _bdp=146070 _min_cwnd=4150 _maxwnd=219105 _cwnd=219105
Initialize per-instance NSCC parameters: flowid 52 _base_rtt=11685600 _base_bdp=146070 _bdp=146070 _min_cwnd=4150 _maxwnd=219105 _cwnd=219105
Initialize per-instance NSCC parameters: flowid 53 _base_rtt=11685600 _base_bdp=146070 _bdp=146070 _min_cwnd=4150 _maxwnd=219105 _cwnd=219105
Initialize per-instance NSCC parameters: flowid 54 _base_rtt=11685600 _base_bdp=146070 _bdp=146070 _min_cwnd=4150 _maxwnd=219105 _cwnd=219105
Initialize per-instance NSCC parameters: flowid 55 _base_rtt=11685600 _base_bdp=146070 _bdp=146070 _min_cwnd=4150 _maxwnd=219105 _cwnd=219105
Initialize per-instance NSCC parameters: flowid 56 _base_rtt=11685600 _base_bdp=146070 _bdp=146070 _min_cwnd=4150 _maxwnd=219105 _cwnd=219105
Initialize per-instance NSCC parameters: flowid 57 _base_rtt=11685600 _base_bdp=146070 _bdp=146070 _min_cwnd=4150 _maxwnd=219105 _cwnd=219105
Initialize per-instance NSCC parameters: flowid 58 _base_rtt=11685600 _base_bdp=146070 _bdp=146070 _min_cwnd=4150 _maxwnd=219105 _cwnd=219105
Initialize per-instance NSCC parameters: flowid 59 _base_rtt=11685600 _base_bdp=146070 _bdp=146070 _min_cwnd=4150 _maxwnd=219105 _cwnd=219105
Initialize per-instance NSCC parameters: flowid 60 _base_rtt=11685600 _base_bdp=146070 _bdp=146070 _min_cwnd=4150 _maxwnd=219105 _cwnd=219105
Initialize per-instance NSCC parameters: flowid 61 _base_rtt=11685600 _base_bdp=146070 _bdp=146070 _min_cwnd=4150 _maxwnd=219105 _cwnd=219105
Initialize per-instance NSCC parameters: flowid 62 _base_rtt=11685600 _base_bdp=146070 _bdp=146070 _min_cwnd=4150 _maxwnd=219105 _cwnd=219105
Initialize per-instance NSCC parameters: flowid 63 _base_rtt=11685600 _base_bdp=146070 _bdp=146070 _min_cwnd=4150 _maxwnd=219105 _cwnd=219105
Initialize per-instance NSCC parameters: flowid 64 _base_rtt=11685600 _base_bdp=146070 _bdp=146070 _min_cwnd=4150 _maxwnd=219105 _cwnd=219105
Initialize per-instance NSCC parameters: flowid 65 _base_rtt=11685600 _base_bdp=146070 _bdp=146070 _min_cwnd=4150 _maxwnd=219105 _cwnd=219105
Initialize per-instance NSCC parameters: flowid 66 _base_rtt=11685600 _base_bdp=146070 _bdp=146070 _min_cwnd=4150 _maxwnd=219105 _cwnd=219105
Initialize per-instance NSCC parameters: flowid 67 _base_rtt=11685600 _base_bdp=146070 _bdp=146070 _min_cwnd=4150 _maxwnd=219105 _cwnd=219105
Initialize per-instance NSCC parameters: flowid 68 _base_rtt=11685600 _base_bdp=146070 _bdp=146070 _min_cwnd=4150 _maxwnd=219105 _cwnd=219105
Initialize per-instance NSCC parameters: flowid 69 _base_rtt=11685600 _base_bdp=146070 _bdp=146070 _min_cwnd=4150 _maxwnd=219105 _cwnd=219105
Initialize per-instance NSCC parameters: flowid 70 _base_rtt=11685600 _base_bdp=146070 _bdp=146070 _min_cwnd=4150 _maxwnd=219105 _cwnd=219105
Initialize per-instance NSCC parameters: flowid 71 _base_rtt=11685600 _base_bdp=146070 _bdp=146070 _min_cwnd=4150 _maxwnd=219105 _cwnd=219105
Initialize per-instance NSCC parameters: flowid 72 _base_rtt=11685600 _base_bdp=146070 _bdp=146070 _min_cwnd=4150 _maxwnd=219105 _cwnd=219105
Initialize per-instance NSCC parameters: flowid 73 _base_rtt=11685600 _base_bdp=146070 _bdp=146070 _min_cwnd=4150 _maxwnd=219105 _cwnd=219105
Initialize per-instance NSCC parameters: flowid 74 _base_rtt=11685600 _base_bdp=146070 _bdp=146070 _min_cwnd=4150 _maxwnd=219105 _cwnd=219105
Initialize per-instance NSCC parameters: flowid 75 _base_rtt=11685600 _base_bdp=146070 _bdp=146070 _min_cwnd=4150 _maxwnd=219105 _cwnd=219105
Initialize per-instance NSCC parameters: flowid 76 _base_rtt=11685600 _base_bdp=146070 _bdp=146070 _min_cwnd=4150 _maxwnd=219105 _cwnd=219105
Initialize per-instance NSCC parameters: flowid 77 _base_rtt=11685600 _base_bdp=146070 _bdp=146070 _min_cwnd=4150 _maxwnd=219105 _cwnd=219105
Initialize per-instance NSCC parameters: flowid 78 _base_rtt=11685600 _base_bdp=146070 _bdp=146070 _min_cwnd=4150 _maxwnd=219105 _cwnd=219105
Initialize per-instance NSCC parameters: flowid 79 _base_rtt=11685600 _base_bdp=146070 _bdp=146070 _min_cwnd=4150 _maxwnd=219105 _cwnd=219105
Initialize per-instance NSCC parameters: flowid 80 _base_rtt=11685600 _base_bdp=146070 _bdp=146070 _min_cwnd=4150 _maxwnd=219105 _cwnd=219105
Initialize per-instance NSCC parameters: flowid 81 _base_rtt=11685600 _base_bdp=146070 _bdp=146070 _min_cwnd=4150 _maxwnd=219105 _cwnd=219105
Initialize per-instance NSCC parameters: flowid 82 _base_rtt=11685600 _base_bdp=146070 _bdp=146070 _min_cwnd=4150 _maxwnd=219105 _cwnd=219105
Initialize per-instance NSCC parameters: flowid 83 _base_rtt=11685600 _base_bdp=146070 _bdp=146070 _min_cwnd=4150 _maxwnd=219105 _cwnd=219105
Initialize per-instance NSCC parameters: flowid 84 _base_rtt=11685600 _base_bdp=146070 _bdp=146070 _min_cwnd=4150 _maxwnd=219105 _cwnd=219105
Initialize per-instance NSCC parameters: flowid 85 _base_rtt=11685600 _base_bdp=146070 _bdp=146070 _min_cwnd=4150 _maxwnd=219105 _cwnd=219105
Initialize per-instance NSCC parameters: flowid 86 _base_rtt=11685600 _base_bdp=146070 _bdp=146070 _min_cwnd=4150 _maxwnd=219105 _cwnd=219105
Initialize per-instance NSCC parameters: flowid 87 _base_rtt=11685600 _base_bdp=146070 _bdp=146070 _min_cwnd=4150 _maxwnd=219105 _cwnd=219105
Initialize per-instance NSCC parameters: flowid 88 _base_rtt=11685600 _base_bdp=146070 _bdp=146070 _min_cwnd=4150 _maxwnd=219105 _cwnd=219105
Initialize per-instance NSCC parameters: flowid 89 _base_rtt=11685600 _base_bdp=146070 _bdp=146070 _min_cwnd=4150 _maxwnd=219105 _cwnd=219105
Initialize per-instance NSCC parameters: flowid 90 _base_rtt=11685600 _base_bdp=146070 _bdp=146070 _min_cwnd=4150 _maxwnd=219105 _cwnd=219105
Initialize per-instance NSCC parameters: flowid 91 _base_rtt=11685600 _base_bdp=146070 _bdp=146070 _min_cwnd=4150 _maxwnd=219105 _cwnd=219105
Initialize per-instance NSCC parameters: flowid 92 _base_rtt=11685600 _base_bdp=146070 _bdp=146070 _min_cwnd=4150 _maxwnd=219105 _cwnd=219105
Initialize per-instance NSCC parameters: flowid 93 _base_rtt=11685600 _base_bdp=146070 _bdp=146070 _min_cwnd=4150 _maxwnd=219105 _cwnd=219105
Initialize per-instance NSCC parameters: flowid 94 _base_rtt=11685600 _base_bdp=146070 _bdp=146070 _min_cwnd=4150 _maxwnd=219105 _cwnd=219105
Initialize per-instance NSCC parameters: flowid 95 _base_rtt=11685600 _base_bdp=146070 _bdp=146070 _min_cwnd=4150 _maxwnd=219105 _cwnd=219105
Initialize per-instance NSCC parameters: flowid 96 _base_rtt=11685600 _base_bdp=146070 _bdp=146070 _min_cwnd=4150 _maxwnd=219105 _cwnd=219105
Initialize per-instance NSCC parameters: flowid 97 _base_rtt=11685600 _base_bdp=146070 _bdp=146070 _min_cwnd=4150 _maxwnd=219105 _cwnd=219105
Initialize per-instance NSCC parameters: flowid 98 _base_rtt=11685600 _base_bdp=146070 _bdp=146070 _min_cwnd=4150 _maxwnd=219105 _cwnd=219105
Initialize per-instance NSCC parameters: flowid 99 _base_rtt=11685600 _base_bdp=146070 _bdp=146070 _min_cwnd=4150 _maxwnd=219105 _cwnd=219105
Initialize per-instance NSCC parameters: flowid 100 _base_rtt=11685600 _base_bdp=146070 _bdp=146070 _min_cwnd=4150 _maxwnd=219105 _cwnd=219105
Initialize per-instance NSCC parameters: flowid 101 _base_rtt=11685600 _base_bdp=146070 _bdp=146070 _min_cwnd=4150 _maxwnd=219105 _cwnd=219105
Initialize per-instance NSCC parameters: flowid 102 _base_rtt=11685600 _base_bdp=146070 _bdp=146070 _min_cwnd=4150 _maxwnd=219105 _cwnd=219105
Initialize per-instance NSCC parameters: flowid 103 _base_rtt=11685600 _base_bdp=146070 _bdp=146070 _min_cwnd=4150 _maxwnd=219105 _cwnd=219105
Initialize per-instance NSCC parameters: flowid 104 _base_rtt=11685600 _base_bdp=146070 _bdp=146070 _min_cwnd=4150 _maxwnd=219105 _cwnd=219105
Initialize per-instance NSCC parameters: flowid 105 _base_rtt=11685600 _base_bdp=146070 _bdp=146070 _min_cwnd=4150 _maxwnd=219105 _cwnd=219105
Initialize per-instance NSCC parameters: flowid 106 _base_rtt=11685600 _base_bdp=146070 _bdp=146070 _min_cwnd=4150 _maxwnd=219105 _cwnd=219105
Initialize per-instance NSCC parameters: flowid 107 _base_rtt=11685600 _base_bdp=146070 _bdp=146070 _min_cwnd=4150 _maxwnd=219105 _cwnd=219105
Initialize per-instance NSCC parameters: flowid 108 _base_rtt=11685600 _base_bdp=146070 _bdp=146070 _min_cwnd=4150 _maxwnd=219105 _cwnd=219105
Initialize per-instance NSCC parameters: flowid 109 _base_rtt=11685600 _base_bdp=146070 _bdp=146070 _min_cwnd=4150 _maxwnd=219105 _cwnd=219105
Initialize per-instance NSCC parameters: flowid 110 _base_rtt=11685600 _base_bdp=146070 _bdp=146070 _min_cwnd=4150 _maxwnd=219105 _cwnd=219105
Initialize per-instance NSCC parameters: flowid 111 _base_rtt=11685600 _base_bdp=146070 _bdp=146070 _min_cwnd=4150 _maxwnd=219105 _cwnd=219105
Initialize per-instance NSCC parameters: flowid 112 _base_rtt=11685600 _base_bdp=146070 _bdp=146070 _min_cwnd=4150 _maxwnd=219105 _cwnd=219105
Initialize per-instance NSCC parameters: flowid 113 _base_rtt=11685600 _base_bdp=146070 _bdp=146070 _min_cwnd=4150 _maxwnd=219105 _cwnd=219105
Initialize per-instance NSCC parameters: flowid 114 _base_rtt=11685600 _base_bdp=146070 _bdp=146070 _min_cwnd=4150 _maxwnd=219105 _cwnd=219105
Initialize per-instance NSCC parameters: flowid 115 _base_rtt=11685600 _base_bdp=146070 _bdp=146070 _min_cwnd=4150 _maxwnd=219105 _cwnd=219105
Initialize per-instance NSCC parameters: flowid 116 _base_rtt=11685600 _base_bdp=146070 _bdp=146070 _min_cwnd=4150 _maxwnd=219105 _cwnd=219105
Initialize per-instance NSCC parameters: flowid 117 _base_rtt=11685600 _base_bdp=146070 _bdp=146070 _min_cwnd=4150 _maxwnd=219105 _cwnd=219105
Initialize per-instance NSCC parameters: flowid 118 _base_rtt=11685600 _base_bdp=146070 _bdp=146070 _min_cwnd=4150 _maxwnd=219105 _cwnd=219105
Initialize per-instance NSCC parameters: flowid 119 _base_rtt=11685600 _base_bdp=146070 _bdp=146070 _min_cwnd=4150 _maxwnd=219105 _cwnd=219105
Initialize per-instance NSCC parameters: flowid 120 _base_rtt=11685600 _base_bdp=146070 _bdp=146070 _min_cwnd=4150 _maxwnd=219105 _cwnd=219105
Initialize per-instance NSCC parameters: flowid 121 _base_rtt=11685600 _base_bdp=146070 _bdp=146070 _min_cwnd=4150 _maxwnd=219105 _cwnd=219105
Initialize per-instance NSCC parameters: flowid 122 _base_rtt=11685600 _base_bdp=146070 _bdp=146070 _min_cwnd=4150 _maxwnd=219105 _cwnd=219105
Initialize per-instance NSCC parameters: flowid 123 _base_rtt=11685600 _base_bdp=146070 _bdp=146070 _min_cwnd=4150 _maxwnd=219105 _cwnd=219105
Initialize per-instance NSCC parameters: flowid 124 _base_rtt=11685600 _base_bdp=146070 _bdp=146070 _min_cwnd=4150 _maxwnd=219105 _cwnd=219105
Initialize per-instance NSCC parameters: flowid 125 _base_rtt=11685600 _base_bdp=146070 _bdp=146070 _min_cwnd=4150 _maxwnd=219105 _cwnd=219105
Initialize per-instance NSCC parameters: flowid 126 _base_rtt=11685600 _base_bdp=146070 _bdp=146070 _min_cwnd=4150 _maxwnd=219105 _cwnd=219105
Initialize per-instance NSCC parameters: flowid 127 _base_rtt=11685600 _base_bdp=146070 _bdp=146070 _min_cwnd=4150 _maxwnd=219105 _cwnd=219105
Initialize per-instance NSCC parameters: flowid 128 _base_rtt=11685600 _base_bdp=146070 _bdp=146070 _min_cwnd=4150 _maxwnd=219105 _cwnd=219105
Initialize per-instance NSCC parameters: flowid 129 _base_rtt=11685600 _base_bdp=146070 _bdp=146070 _min_cwnd=4150 _maxwnd=219105 _cwnd=219105
Initialize per-instance NSCC parameters: flowid 130 _base_rtt=11685600 _base_bdp=146070 _bdp=146070 _min_cwnd=4150 _maxwnd=219105 _cwnd=219105
Initialize per-instance NSCC parameters: flowid 131 _base_rtt=11685600 _base_bdp=146070 _bdp=146070 _min_cwnd=4150 _maxwnd=219105 _cwnd=219105
Initialize per-instance NSCC parameters: flowid 132 _base_rtt=11685600 _base_bdp=146070 _bdp=146070 _min_cwnd=4150 _maxwnd=219105 _cwnd=219105
Initialize per-instance NSCC parameters: flowid 133 _base_rtt=11685600 _base_bdp=146070 _bdp=146070 _min_cwnd=4150 _maxwnd=219105 _cwnd=219105
Initialize per-instance NSCC parameters: flowid 134 _base_rtt=11685600 _base_bdp=146070 _bdp=146070 _min_cwnd=4150 _maxwnd=219105 _cwnd=219105
Initialize per-instance NSCC parameters: flowid 135 _base_rtt=11685600 _base_bdp=146070 _bdp=146070 _min_cwnd=4150 _maxwnd=219105 _cwnd=219105
Initialize per-instance NSCC parameters: flowid 136 _base_rtt=11685600 _base_bdp=146070 _bdp=146070 _min_cwnd=4150 _maxwnd=219105 _cwnd=219105
Initialize per-instance NSCC parameters: flowid 137 _base_rtt=11685600 _base_bdp=146070 _bdp=146070 _min_cwnd=4150 _maxwnd=219105 _cwnd=219105
Initialize per-instance NSCC parameters: flowid 138 _base_rtt=11685600 _base_bdp=146070 _bdp=146070 _min_cwnd=4150 _maxwnd=219105 _cwnd=219105
Initialize per-instance NSCC parameters: flowid 139 _base_rtt=11685600 _base_bdp=146070 _bdp=146070 _min_cwnd=4150 _maxwnd=219105 _cwnd=219105
Initialize per-instance NSCC parameters: flowid 140 _base_rtt=11685600 _base_bdp=146070 _bdp=146070 _min_cwnd=4150 _maxwnd=219105 _cwnd=219105
Initialize per-instance NSCC parameters: flowid 141 _base_rtt=11685600 _base_bdp=146070 _bdp=146070 _min_cwnd=4150 _maxwnd=219105 _cwnd=219105
Initialize per-instance NSCC parameters: flowid 142 _base_rtt=11685600 _base_bdp=146070 _bdp=146070 _min_cwnd=4150 _maxwnd=219105 _cwnd=219105
Initialize per-instance NSCC parameters: flowid 143 _base_rtt=11685600 _base_bdp=146070 _bdp=146070 _min_cwnd=4150 _maxwnd=219105 _cwnd=219105
Initialize per-instance NSCC parameters: flowid 144 _base_rtt=11685600 _base_bdp=146070 _bdp=146070 _min_cwnd=4150 _maxwnd=219105 _cwnd=219105
Initialize per-instance NSCC parameters: flowid 145 _base_rtt=11685600 _base_bdp=146070 _bdp=146070 _min_cwnd=4150 _maxwnd=219105 _cwnd=219105
Initialize per-instance NSCC parameters: flowid 146 _base_rtt=11685600 _base_bdp=146070 _bdp=146070 _min_cwnd=4150 _maxwnd=219105 _cwnd=219105
Initialize per-instance NSCC parameters: flowid 147 _base_rtt=11685600 _base_bdp=146070 _bdp=146070 _min_cwnd=4150 _maxwnd=219105 _cwnd=219105
Initialize per-instance NSCC parameters: flowid 148 _base_rtt=11685600 _base_bdp=146070 _bdp=146070 _min_cwnd=4150 _maxwnd=219105 _cwnd=219105
Initialize per-instance NSCC parameters: flowid 149 _base_rtt=11685600 _base_bdp=146070 _bdp=146070 _min_cwnd=4150 _maxwnd=219105 _cwnd=219105
Initialize per-instance NSCC parameters: flowid 150 _base_rtt=11685600 _base_bdp=146070 _bdp=146070 _min_cwnd=4150 _maxwnd=219105 _cwnd=219105
Initialize per-instance NSCC parameters: flowid 151 _base_rtt=11685600 _base_bdp=146070 _bdp=146070 _min_cwnd=4150 _maxwnd=219105 _cwnd=219105
Initialize per-instance NSCC parameters: flowid 152 _base_rtt=11685600 _base_bdp=146070 _bdp=146070 _min_cwnd=4150 _maxwnd=219105 _cwnd=219105
Initialize per-instance NSCC parameters: flowid 153 _base_rtt=11685600 _base_bdp=146070 _bdp=146070 _min_cwnd=4150 _maxwnd=219105 _cwnd=219105
Initialize per-instance NSCC parameters: flowid 154 _base_rtt=11685600 _base_bdp=146070 _bdp=146070 _min_cwnd=4150 _maxwnd=219105 _cwnd=219105
Initialize per-instance NSCC parameters: flowid 155 _base_rtt=11685600 _base_bdp=146070 _bdp=146070 _min_cwnd=4150 _maxwnd=219105 _cwnd=219105
Initialize per-instance NSCC parameters: flowid 156 _base_rtt=11685600 _base_bdp=146070 _bdp=146070 _min_cwnd=4150 _maxwnd=219105 _cwnd=219105
Initialize per-instance NSCC parameters: flowid 157 _base_rtt=11685600 _base_bdp=146070 _bdp=146070 _min_cwnd=4150 _maxwnd=219105 _cwnd=219105
Initialize per-instance NSCC parameters: flowid 158 _base_rtt=11685600 _base_bdp=146070 _bdp=146070 _min_cwnd=4150 _maxwnd=219105 _cwnd=219105
Initialize per-instance NSCC parameters: flowid 159 _base_rtt=11685600 _base_bdp=146070 _bdp=146070 _min_cwnd=4150 _maxwnd=219105 _cwnd=219105
Initialize per-instance NSCC parameters: flowid 160 _base_rtt=11685600 _base_bdp=146070 _bdp=146070 _min_cwnd=4150 _maxwnd=219105 _cwnd=219105
Initialize per-instance NSCC parameters: flowid 161 _base_rtt=11685600 _base_bdp=146070 _bdp=146070 _min_cwnd=4150 _maxwnd=219105 _cwnd=219105
Initialize per-instance NSCC parameters: flowid 162 _base_rtt=11685600 _base_bdp=146070 _bdp=146070 _min_cwnd=4150 _maxwnd=219105 _cwnd=219105
Initialize per-instance NSCC parameters: flowid 163 _base_rtt=11685600 _base_bdp=146070 _bdp=146070 _min_cwnd=4150 _maxwnd=219105 _cwnd=219105
Initialize per-instance NSCC parameters: flowid 164 _base_rtt=11685600 _base_bdp=146070 _bdp=146070 _min_cwnd=4150 _maxwnd=219105 _cwnd=219105
Initialize per-instance NSCC parameters: flowid 165 _base_rtt=11685600 _base_bdp=146070 _bdp=146070 _min_cwnd=4150 _maxwnd=219105 _cwnd=219105
Initialize per-instance NSCC parameters: flowid 166 _base_rtt=11685600 _base_bdp=146070 _bdp=146070 _min_cwnd=4150 _maxwnd=219105 _cwnd=219105
Starting simulation
Flow Uec_181_53 flowId 1 uecSrc 0 starting at 0
Flow Uec_176_48 flowId 2 uecSrc 1 starting at 0
Flow Uec_14_142 flowId 3 uecSrc 2 starting at 0
Flow Uec_243_115 flowId 4 uecSrc 3 starting at 0
Flow Uec_134_6 flowId 5 uecSrc 4 starting at 0
Flow Uec_103_231 flowId 6 uecSrc 5 starting at 0
Flow Uec_94_222 flowId 7 uecSrc 6 starting at 0
Flow Uec_235_107 flowId 8 uecSrc 7 starting at 0
Flow Uec_116_244 flowId 9 uecSrc 8 starting at 0
Flow Uec_73_201 flowId 10 uecSrc 9 starting at 0
Flow Uec_236_108 flowId 11 uecSrc 10 starting at 0
Flow Uec_211_83 flowId 12 uecSrc 11 starting at 0
Flow Uec_22_150 flowId 13 uecSrc 12 starting at 0
Flow Uec_6_134 flowId 14 uecSrc 13 starting at 0
Flow Uec_214_86 flowId 15 uecSrc 14 starting at 0
Flow Uec_28_156 flowId 16 uecSrc 15 starting at 0
Flow Uec_113_241 flowId 17 uecSrc 16 starting at 0
Flow Uec_135_7 flowId 18 uecSrc 17 starting at 0
Flow Uec_99_227 flowId 19 uecSrc 18 starting at 0
Flow Uec_222_94 flowId 20 uecSrc 19 starting at 0
Flow Uec_161_33 flowId 21 uecSrc 20 starting at 0
Flow Uec_237_109 flowId 22 uecSrc 21 starting at 0
Flow Uec_120_248 flowId 23 uecSrc 22 starting at 0
Flow Uec_133_5 flowId 24 uecSrc 23 starting at 0
Flow Uec_184_56 flowId 25 uecSrc 24 starting at 0
Flow Uec_98_226 flowId 26 uecSrc 25 starting at 0
Flow Uec_182_54 flowId 27 uecSrc 26 starting at 0
Flow Uec_23_151 flowId 28 uecSrc 27 starting at 0
Flow Uec_75_203 flowId 29 uecSrc 28 starting at 0
Flow Uec_234_106 flowId 30 uecSrc 29 starting at 0
Flow Uec_191_63 flowId 31 uecSrc 30 starting at 0
Flow Uec_180_52 flowId 32 uecSrc 31 starting at 0
Flow Uec_187_59 flowId 33 uecSrc 32 starting at 0
Flow Uec_227_99 flowId 34 uecSrc 33 starting at 0
Flow Uec_82_210 flowId 35 uecSrc 34 starting at 0
Flow Uec_148_20 flowId 36 uecSrc 35 starting at 0
Flow Uec_107_235 flowId 37 uecSrc 36 starting at 0
Flow Uec_246_118 flowId 38 uecSrc 37 starting at 0
Flow Uec_35_163 flowId 39 uecSrc 38 starting at 0
Flow Uec_230_102 flowId 40 uecSrc 39 starting at 0
Flow Uec_169_41 flowId 41 uecSrc 40 starting at 0
Flow Uec_40_168 flowId 42 uecSrc 41 starting at 0
Flow Uec_150_22 flowId 43 uecSrc 42 starting at 0
Flow Uec_123_251 flowId 44 uecSrc 43 starting at 0
Flow Uec_163_35 flowId 45 uecSrc 44 starting at 0
Flow Uec_244_116 flowId 46 uecSrc 45 starting at 0
Flow Uec_18_146 flowId 47 uecSrc 46 starting at 0
Flow Uec_34_162 flowId 48 uecSrc 47 starting at 0
Flow Uec_1_129 flowId 49 uecSrc 48 starting at 0
Flow Uec_157_29 flowId 50 uecSrc 49 starting at 0
Flow Uec_159_31 flowId 51 uecSrc 50 starting at 0
Flow Uec_80_208 flowId 52 uecSrc 51 starting at 0
Flow Uec_203_75 flowId 53 uecSrc 52 starting at 0
Flow Uec_146_18 flowId 54 uecSrc 53 starting at 0
Flow Uec_168_40 flowId 55 uecSrc 54 starting at 0
Flow Uec_38_166 flowId 56 uecSrc 55 starting at 0
Flow Uec_48_176 flowId 57 uecSrc 56 starting at 0
Flow Uec_57_185 flowId 58 uecSrc 57 starting at 0
Flow Uec_194_66 flowId 59 uecSrc 58 starting at 0
Flow Uec_81_209 flowId 60 uecSrc 59 starting at 0
Flow Uec_144_16 flowId 61 uecSrc 60 starting at 0
Flow Uec_84_212 flowId 62 uecSrc 61 starting at 0
Flow Uec_201_73 flowId 63 uecSrc 62 starting at 0
Flow Uec_68_196 flowId 64 uecSrc 63 starting at 0
Flow Uec_74_202 flowId 65 uecSrc 64 starting at 0
Flow Uec_17_145 flowId 66 uecSrc 65 starting at 0
Flow Uec_10_138 flowId 67 uecSrc 66 starting at 0
Flow Uec_66_194 flowId 68 uecSrc 67 starting at 0
Flow Uec_21_149 flowId 69 uecSrc 68 starting at 0
Flow Uec_26_154 flowId 70 uecSrc 69 starting at 0
Flow Uec_3_131 flowId 71 uecSrc 70 starting at 0
Flow Uec_70_198 flowId 72 uecSrc 71 starting at 0
Flow Uec_63_191 flowId 73 uecSrc 72 starting at 0
Flow Uec_200_72 flowId 74 uecSrc 73 starting at 0
Flow Uec_199_71 flowId 75 uecSrc 74 starting at 0
Flow Uec_254_126 flowId 76 uecSrc 75 starting at 0
Flow Uec_253_125 flowId 77 uecSrc 76 starting at 0
Flow Uec_226_98 flowId 78 uecSrc 77 starting at 0
Flow Uec_115_243 flowId 79 uecSrc 78 starting at 0
Flow Uec_53_181 flowId 80 uecSrc 79 starting at 0
Flow Uec_242_114 flowId 81 uecSrc 80 starting at 0
Flow Uec_33_161 flowId 82 uecSrc 81 starting at 0
Flow Uec_221_93 flowId 83 uecSrc 82 starting at 0
Flow Uec_158_30 flowId 84 uecSrc 83 starting at 0
Flow Uec_217_89 flowId 85 uecSrc 84 starting at 0
Flow Uec_207_79 flowId 86 uecSrc 85 starting at 0
Flow Uec_126_254 flowId 87 uecSrc 86 starting at 0
Flow Uec_58_186 flowId 88 uecSrc 87 starting at 0
Flow Uec_45_173 flowId 89 uecSrc 88 starting at 0
Flow Uec_122_250 flowId 90 uecSrc 89 starting at 0
Flow Uec_213_85 flowId 91 uecSrc 90 starting at 0
Flow Uec_108_236 flowId 92 uecSrc 91 starting at 0
Flow Uec_195_67 flowId 93 uecSrc 92 starting at 0
Flow Uec_250_122 flowId 94 uecSrc 93 starting at 0
Flow Uec_97_225 flowId 95 uecSrc 94 starting at 0
Flow Uec_174_46 flowId 96 uecSrc 95 starting at 0
Flow Uec_83_211 flowId 97 uecSrc 96 starting at 0
Flow Uec_153_25 flowId 98 uecSrc 97 starting at 0
Flow Uec_142_14 flowId 99 uecSrc 98 starting at 0
Flow Uec_216_88 flowId 100 uecSrc 99 starting at 0
Flow Uec_92_220 flowId 101 uecSrc 100 starting at 0
Flow Uec_198_70 flowId 102 uecSrc 101 starting at 0
Flow Uec_249_121 flowId 103 uecSrc 102 starting at 0
Flow Uec_4_132 flowId 104 uecSrc 103 starting at 0
Flow Uec_96_224 flowId 105 uecSrc 104 starting at 0
Flow Uec_165_37 flowId 106 uecSrc 105 starting at 0
Flow Uec_60_188 flowId 107 uecSrc 106 starting at 0
Flow Uec_44_172 flowId 108 uecSrc 107 starting at 0
Flow Uec_7_135 flowId 109 uecSrc 108 starting at 0
Flow Uec_212_84 flowId 110 uecSrc 109 starting at 0
Flow Uec_13_141 flowId 111 uecSrc 110 starting at 0
Flow Uec_218_90 flowId 112 uecSrc 111 starting at 0
Flow Uec_248_120 flowId 113 uecSrc 112 starting at 0
Flow Uec_111_239 flowId 114 uecSrc 113 starting at 0
Flow Uec_190_62 flowId 115 uecSrc 114 starting at 0
Flow Uec_239_111 flowId 116 uecSrc 115 starting at 0
Flow Uec_12_140 flowId 117 uecSrc 116 starting at 0
Flow Uec_185_57 flowId 118 uecSrc 117 starting at 0
Flow Uec_245_117 flowId 119 uecSrc 118 starting at 0
Flow Uec_143_15 flowId 120 uecSrc 119 starting at 0
Flow Uec_30_158 flowId 121 uecSrc 120 starting at 0
Flow Uec_8_136 flowId 122 uecSrc 121 starting at 0
Flow Uec_11_139 flowId 123 uecSrc 122 starting at 0
Flow Uec_9_137 flowId 124 uecSrc 123 starting at 0
Flow Uec_238_110 flowId 125 uecSrc 124 starting at 0
Flow Uec_118_246 flowId 126 uecSrc 125 starting at 0
Flow Uec_233_105 flowId 127 uecSrc 126 starting at 0
Flow Uec_95_223 flowId 128 uecSrc 127 starting at 0
Flow Uec_128_0 flowId 129 uecSrc 128 starting at 0
Flow Uec_47_175 flowId 130 uecSrc 129 starting at 0
Flow Uec_69_197 flowId 131 uecSrc 130 starting at 0
Flow Uec_5_133 flowId 132 uecSrc 131 starting at 0
Flow Uec_156_28 flowId 133 uecSrc 132 starting at 0
Flow Uec_124_252 flowId 134 uecSrc 133 starting at 0
Flow Uec_138_10 flowId 135 uecSrc 134 starting at 0
Flow Uec_175_47 flowId 136 uecSrc 135 starting at 0
Flow Uec_77_205 flowId 137 uecSrc 136 starting at 0
Flow Uec_71_199 flowId 138 uecSrc 137 starting at 0
Flow Uec_171_43 flowId 139 uecSrc 138 starting at 0
Flow Uec_228_100 flowId 140 uecSrc 139 starting at 0
Flow Uec_42_170 flowId 141 uecSrc 140 starting at 0
Flow Uec_170_42 flowId 142 uecSrc 141 starting at 0
Flow Uec_52_180 flowId 143 uecSrc 142 starting at 0
Flow Uec_210_82 flowId 144 uecSrc 143 starting at 0
Flow Uec_50_178 flowId 145 uecSrc 144 starting at 0
Flow Uec_67_195 flowId 146 uecSrc 145 starting at 0
Flow Uec_105_233 flowId 147 uecSrc 146 starting at 0
Flow Uec_183_55 flowId 148 uecSrc 147 starting at 0
Flow Uec_132_4 flowId 149 uecSrc 148 starting at 0
Flow Uec_178_50 flowId 150 uecSrc 149 starting at 0
Flow Uec_109_237 flowId 151 uecSrc 150 starting at 0
Flow Uec_255_127 flowId 152 uecSrc 151 starting at 0
Flow Uec_140_12 flowId 153 uecSrc 152 starting at 0
Flow Uec_209_81 flowId 154 uecSrc 153 starting at 0
Flow Uec_41_169 flowId 155 uecSrc 154 starting at 0
Flow Uec_91_219 flowId 156 uecSrc 155 starting at 0
Flow Uec_231_103 flowId 157 uecSrc 156 starting at 0
Flow Uec_139_11 flowId 158 uecSrc 157 starting at 0
Flow Uec_125_253 flowId 159 uecSrc 158 starting at 0
Flow Uec_186_58 flowId 160 uecSrc 159 starting at 0
Flow Uec_54_182 flowId 161 uecSrc 160 starting at 0
Flow Uec_100_228 flowId 162 uecSrc 161 starting at 0
Flow Uec_189_61 flowId 163 uecSrc 162 starting at 0
Flow Uec_29_157 flowId 164 uecSrc 163 starting at 0
Flow Uec_114_242 flowId 165 uecSrc 164 starting at 0
Flow Uec_131_3 flowId 166 uecSrc 165 starting at 0
139.866 flowid 56 Spurious 37
140.53 flowid 56 Spurious 38
142.708 flowid 108 Spurious 57
142.854 flowid 56 Spurious 43
149.505 flowid 153 Spurious 22
156.008 flowid 164 Spurious 58
156.939 flowid 13 Spurious 76
Flow Uec_123_251 flowId 44 uecSrc 43 finished at 175.727 total messages 1 total packets 490 RTS 0 total bytes 2002140 in_flight now 0 fair_inc 0 prop_inc 52605 fast_inc 210132 eta_inc 8344 multi_dec -0 quick_dec -0 nack_dec -0
Flow Uec_103_231 flowId 6 uecSrc 5 finished at 175.96 total messages 1 total packets 490 RTS 0 total bytes 2002140 in_flight now 0 fair_inc 0 prop_inc 89218 fast_inc 12123 eta_inc 8344 multi_dec -0 quick_dec -0 nack_dec -0
Flow Uec_113_241 flowId 17 uecSrc 16 finished at 176.059 total messages 1 total packets 490 RTS 0 total bytes 2002140 in_flight now 0 fair_inc 0 prop_inc 68219 fast_inc 109107 eta_inc 8344 multi_dec -0 quick_dec -0 nack_dec -0
Flow Uec_180_52 flowId 32 uecSrc 31 finished at 176.156 total messages 1 total packets 490 RTS 0 total bytes 2002140 in_flight now 0 fair_inc 0 prop_inc 69551 fast_inc 141435 eta_inc 7748 multi_dec -0 quick_dec -0 nack_dec -0
Flow Uec_97_225 flowId 95 uecSrc 94 finished at 176.946 total messages 1 total packets 490 RTS 0 total bytes 2002140 in_flight now 0 fair_inc 0 prop_inc 63344 fast_inc 16164 eta_inc 8344 multi_dec -0 quick_dec -0 nack_dec -0
Flow Uec_222_94 flowId 20 uecSrc 19 finished at 177.408 total messages 1 total packets 490 RTS 0 total bytes 2002140 in_flight now 0 fair_inc 0 prop_inc 84557 fast_inc 0 eta_inc 8344 multi_dec -0 quick_dec -0 nack_dec -0
Flow Uec_114_242 flowId 165 uecSrc 164 finished at 178.117 total messages 1 total packets 490 RTS 0 total bytes 2002140 in_flight now 0 fair_inc 0 prop_inc 85077 fast_inc 0 eta_inc 8344 multi_dec -0 quick_dec -0 nack_dec -0
Flow Uec_126_254 flowId 87 uecSrc 86 finished at 179.41 total messages 1 total packets 490 RTS 0 total bytes 2002140 in_flight now 0 fair_inc 0 prop_inc 55710 fast_inc 0 eta_inc 8344 multi_dec -0 quick_dec -0 nack_dec -0
Flow Uec_132_4 flowId 149 uecSrc 148 finished at 179.598 total messages 1 total packets 490 RTS 0 total bytes 2002140 in_flight now 0 fair_inc 0 prop_inc 81882 fast_inc 0 eta_inc 8344 multi_dec -0 quick_dec -0 nack_dec -0
Flow Uec_122_250 flowId 90 uecSrc 89 finished at 180.036 total messages 1 total packets 490 RTS 0 total bytes 2002140 in_flight now 0 fair_inc 0 prop_inc 68727 fast_inc 0 eta_inc 8344 multi_dec -0 quick_dec -0 nack_dec -0
Flow Uec_153_25 flowId 98 uecSrc 97 finished at 180.16 total messages 1 total packets 490 RTS 0 total bytes 2002140 in_flight now 0 fair_inc 0 prop_inc 77063 fast_inc 0 eta_inc 8344 multi_dec -0 quick_dec -0 nack_dec -0
Flow Uec_131_3 flowId 166 uecSrc 165 finished at 180.272 total messages 1 total packets 490 RTS 0 total bytes 2002140 in_flight now 0 fair_inc 0 prop_inc 71028 fast_inc 0 eta_inc 8344 multi_dec -0 quick_dec -0 nack_dec -0
Flow Uec_71_199 flowId 138 uecSrc 137 finished at 181.449 total messages 1 total packets 490 RTS 0 total bytes 2002140 in_flight now 0 fair_inc 0 prop_inc 61201 fast_inc 0 eta_inc 8344 multi_dec -0 quick_dec -0 nack_dec -0
Flow Uec_92_220 flowId 101 uecSrc 100 finished at 182.221 total messages 1 total packets 490 RTS 0 total bytes 2002140 in_flight now 0 fair_inc 0 prop_inc 40710 fast_inc 0 eta_inc 8344 multi_dec -0 quick_dec -0 nack_dec -0
Flow Uec_138_10 flowId 135 uecSrc 134 finished at 183.655 total messages 1 total packets 490 RTS 0 total bytes 2002140 in_flight now 0 fair_inc 0 prop_inc 76527 fast_inc 0 eta_inc 7748 multi_dec -0 quick_dec -0 nack_dec -0
Flow Uec_23_151 flowId 28 uecSrc 27 finished at 185.033 total messages 1 total packets 490 RTS 0 total bytes 2002140 in_flight now 0 fair_inc 0 prop_inc 30300 fast_inc 12123 eta_inc 8940 multi_dec -0 quick_dec -0 nack_dec -0
Flow Uec_50_178 flowId 145 uecSrc 144 finished at 194.605 total messages 1 total packets 490 RTS 0 total bytes 2002140 in_flight now 0 fair_inc 3002 prop_inc 22628 fast_inc 0 eta_inc 8940 multi_dec -0 quick_dec -0 nack_dec -0
Flow Uec_14_142 flowId 3 uecSrc 2 finished at 197.657 total messages 1 total packets 490 RTS 0 total bytes 2002140 in_flight now 0 fair_inc 3744 prop_inc 19177 fast_inc 0 eta_inc 8940 multi_dec -0 quick_dec -0 nack_dec -0
200.789 flowid 48 Spurious 190
Flow Uec_26_154 flowId 70 uecSrc 69 finished at 200.824 total messages 1 total packets 490 RTS 0 total bytes 2002140 in_flight now 0 fair_inc 14953 prop_inc 12039 fast_inc 0 eta_inc 9536 multi_dec -0 quick_dec -0 nack_dec -0
Flow Uec_233_105 flowId 127 uecSrc 126 finished at 204.609 total messages 1 total packets 490 RTS 0 total bytes 2002140 in_flight now 0 fair_inc 9379 prop_inc 14740 fast_inc 0 eta_inc 9536 multi_dec -0 quick_dec -0 nack_dec -0
Flow Uec_248_120 flowId 113 uecSrc 112 finished at 206.558 total messages 1 total packets 490 RTS 0 total bytes 2002140 in_flight now 0 fair_inc 6367 prop_inc 13270 fast_inc 0 eta_inc 9536 multi_dec -0 quick_dec -0 nack_dec -0
Flow Uec_21_149 flowId 69 uecSrc 68 finished at 210.13 total messages 1 total packets 490 RTS 0 total bytes 2002140 in_flight now 0 fair_inc 9813 prop_inc 12681 fast_inc 0 eta_inc 10132 multi_dec -0 quick_dec -0 nack_dec -8300
Flow Uec_6_134 flowId 14 uecSrc 13 finished at 211.135 total messages 1 total packets 490 RTS 0 total bytes 2002140 in_flight now 0 fair_inc 13141 prop_inc 30882 fast_inc 0 eta_inc 10132 multi_dec -0 quick_dec -0 nack_dec -4150
211.505 flowid 48 Spurious 238
Flow Uec_11_139 flowId 123 uecSrc 122 finished at 214.303 total messages 1 total packets 490 RTS 0 total bytes 2002140 in_flight now 0 fair_inc 12598 prop_inc 5197 fast_inc 0 eta_inc 10132 multi_dec -6278 quick_dec -0 nack_dec -0
216.874 flowid 48 Spurious 254
217.87 flowid 48 Spurious 257
218.534 flowid 48 Spurious 259
Flow Uec_249_121 flowId 103 uecSrc 102 finished at 223.253 total messages 1 total packets 490 RTS 0 total bytes 2002140 in_flight now 0 fair_inc 2935 prop_inc 46984 fast_inc 0 eta_inc 10728 multi_dec -99272 quick_dec -0 nack_dec -0
224.695 flowid 16 Spurious 210
Flow Uec_242_114 flowId 81 uecSrc 80 finished at 228.813 total messages 1 total packets 490 RTS 0 total bytes 2002140 in_flight now 0 fair_inc 12116 prop_inc 5589 fast_inc 0 eta_inc 11324 multi_dec -53877 quick_dec -0 nack_dec -0
237.204 flowid 39 Spurious 275
238.32 flowid 42 Spurious 189
239.341 flowid 39 Spurious 282
239.658 flowid 42 Spurious 190
240.358 flowid 39 Spurious 284
241.706 flowid 39 Spurious 288
243.017 flowid 39 Spurious 292
244.991 flowid 42 Spurious 196
Flow Uec_244_116 flowId 46 uecSrc 45 finished at 263.514 total messages 1 total packets 490 RTS 0 total bytes 2002140 in_flight now 0 fair_inc 8205 prop_inc 40774 fast_inc 0 eta_inc 12516 multi_dec -108858 quick_dec -0 nack_dec -0
Flow Uec_83_211 flowId 97 uecSrc 96 finished at 273.15 total messages 1 total packets 490 RTS 0 total bytes 2002140 in_flight now 0 fair_inc 6525 prop_inc 43007 fast_inc 0 eta_inc 12516 multi_dec -83144 quick_dec -0 nack_dec -37350
Flow Uec_53_181 flowId 80 uecSrc 79 finished at 286.159 total messages 1 total packets 490 RTS 0 total bytes 2002140 in_flight now 0 fair_inc 5005 prop_inc 42608 fast_inc 0 eta_inc 13708 multi_dec -85391 quick_dec -0 nack_dec -41500
Flow Uec_38_166 flowId 56 uecSrc 55 finished at 292.017 total messages 1 total packets 492 RTS 2 total bytes 2002140 in_flight now 0 fair_inc 26031 prop_inc 28063 fast_inc 0 eta_inc 13708 multi_dec -88016 quick_dec -0 nack_dec -4150
Flow Uec_34_162 flowId 48 uecSrc 47 finished at 297.692 total messages 1 total packets 492 RTS 2 total bytes 2002140 in_flight now 0 fair_inc 7201 prop_inc 13721 fast_inc 0 eta_inc 12516 multi_dec -0 quick_dec -0 nack_dec -0
Flow Uec_35_163 flowId 39 uecSrc 38 finished at 298.924 total messages 1 total packets 492 RTS 2 total bytes 2002140 in_flight now 0 fair_inc 10569 prop_inc 12887 fast_inc 0 eta_inc 12516 multi_dec -0 quick_dec -184866 nack_dec -16600
300.172 flowid 48 Spurious 451
300.836 flowid 48 Spurious 453
Flow Uec_139_11 flowId 158 uecSrc 157 finished at 302.051 total messages 1 total packets 490 RTS 0 total bytes 2002140 in_flight now 0 fair_inc 2585 prop_inc 42799 fast_inc 0 eta_inc 14304 multi_dec -91583 quick_dec -0 nack_dec -37350
Flow Uec_250_122 flowId 94 uecSrc 93 finished at 303.129 total messages 1 total packets 490 RTS 0 total bytes 2002140 in_flight now 0 fair_inc 9051 prop_inc 72931 fast_inc 0 eta_inc 14304 multi_dec -110485 quick_dec -0 nack_dec -37350
303.824 flowid 48 Spurious 460
Flow Uec_190_62 flowId 115 uecSrc 114 finished at 306.029 total messages 1 total packets 490 RTS 0 total bytes 2002140 in_flight now 0 fair_inc 3223 prop_inc 28348 fast_inc 0 eta_inc 14900 multi_dec -84632 quick_dec -0 nack_dec -33200
Flow Uec_133_5 flowId 24 uecSrc 23 finished at 317.732 total messages 1 total packets 490 RTS 0 total bytes 2002140 in_flight now 0 fair_inc 18928 prop_inc 24241 fast_inc 0 eta_inc 14304 multi_dec -79512 quick_dec -0 nack_dec -41500
Flow Uec_115_243 flowId 79 uecSrc 78 finished at 322.511 total messages 1 total packets 490 RTS 0 total bytes 2002140 in_flight now 0 fair_inc 4642 prop_inc 42184 fast_inc 0 eta_inc 15496 multi_dec -113207 quick_dec -0 nack_dec -33200
Flow Uec_120_248 flowId 23 uecSrc 22 finished at 323.483 total messages 1 total packets 490 RTS 0 total bytes 2002140 in_flight now 0 fair_inc 8877 prop_inc 31342 fast_inc 0 eta_inc 15496 multi_dec -87547 quick_dec -0 nack_dec -45650
Flow Uec_187_59 flowId 33 uecSrc 32 finished at 324.204 total messages 1 total packets 490 RTS 0 total bytes 2002140 in_flight now 0 fair_inc 4385 prop_inc 32344 fast_inc 0 eta_inc 15496 multi_dec -73810 quick_dec -0 nack_dec -58100
Flow Uec_118_246 flowId 126 uecSrc 125 finished at 324.63 total messages 1 total packets 490 RTS 0 total bytes 2002140 in_flight now 0 fair_inc 4990 prop_inc 31518 fast_inc 0 eta_inc 15496 multi_dec -84265 quick_dec -0 nack_dec -45650
Flow Uec_213_85 flowId 91 uecSrc 90 finished at 326.326 total messages 1 total packets 490 RTS 0 total bytes 2002140 in_flight now 0 fair_inc 7099 prop_inc 39926 fast_inc 0 eta_inc 15496 multi_dec -119502 quick_dec -0 nack_dec -29050
Flow Uec_170_42 flowId 142 uecSrc 141 finished at 327.564 total messages 1 total packets 490 RTS 0 total bytes 2002140 in_flight now 0 fair_inc 10400 prop_inc 37150 fast_inc 0 eta_inc 14900 multi_dec -84910 quick_dec -0 nack_dec -53950
Flow Uec_1_129 flowId 49 uecSrc 48 finished at 329.954 total messages 1 total packets 496 RTS 6 total bytes 2002140 in_flight now 0 fair_inc 6044 prop_inc 52749 fast_inc 0 eta_inc 13708 multi_dec -0 quick_dec -165252 nack_dec -12450
Flow Uec_163_35 flowId 45 uecSrc 44 finished at 330.664 total messages 1 total packets 490 RTS 0 total bytes 2002140 in_flight now 0 fair_inc 9090 prop_inc 31597 fast_inc 0 eta_inc 14900 multi_dec -85915 quick_dec -0 nack_dec -45650
Flow Uec_95_223 flowId 128 uecSrc 127 finished at 330.764 total messages 1 total packets 490 RTS 0 total bytes 2002140 in_flight now 0 fair_inc 8826 prop_inc 41646 fast_inc 0 eta_inc 16092 multi_dec -109490 quick_dec -0 nack_dec -41500
Flow Uec_209_81 flowId 154 uecSrc 153 finished at 331.926 total messages 1 total packets 490 RTS 0 total bytes 2002140 in_flight now 0 fair_inc 5695 prop_inc 37833 fast_inc 0 eta_inc 16092 multi_dec -112498 quick_dec -0 nack_dec -33200
Flow Uec_135_7 flowId 18 uecSrc 17 finished at 332.149 total messages 1 total packets 490 RTS 0 total bytes 2002140 in_flight now 0 fair_inc 14928 prop_inc 14187 fast_inc 0 eta_inc 15496 multi_dec -74133 quick_dec -0 nack_dec -37350
Flow Uec_216_88 flowId 100 uecSrc 99 finished at 332.201 total messages 1 total packets 490 RTS 0 total bytes 2002140 in_flight now 0 fair_inc 6247 prop_inc 29559 fast_inc 0 eta_inc 16092 multi_dec -69839 quick_dec -0 nack_dec -62250
Flow Uec_109_237 flowId 151 uecSrc 150 finished at 333.322 total messages 1 total packets 490 RTS 0 total bytes 2002140 in_flight now 0 fair_inc 5263 prop_inc 43881 fast_inc 0 eta_inc 16092 multi_dec -114335 quick_dec -0 nack_dec -37350
Flow Uec_183_55 flowId 148 uecSrc 147 finished at 333.471 total messages 1 total packets 490 RTS 0 total bytes 2002140 in_flight now 0 fair_inc 8838 prop_inc 32753 fast_inc 0 eta_inc 16092 multi_dec -103992 quick_dec -0 nack_dec -41500
Flow Uec_184_56 flowId 25 uecSrc 24 finished at 336.952 total messages 1 total packets 490 RTS 0 total bytes 2002140 in_flight now 0 fair_inc 845 prop_inc 38881 fast_inc 0 eta_inc 16092 multi_dec -101742 quick_dec -0 nack_dec -45650
Flow Uec_17_145 flowId 66 uecSrc 65 finished at 337.963 total messages 1 total packets 490 RTS 0 total bytes 2002140 in_flight now 0 fair_inc 13378 prop_inc 43994 fast_inc 0 eta_inc 15496 multi_dec -148330 quick_dec -0 nack_dec -16600
Flow Uec_221_93 flowId 83 uecSrc 82 finished at 339.082 total messages 1 total packets 490 RTS 0 total bytes 2002140 in_flight now 0 fair_inc 4241 prop_inc 44922 fast_inc 0 eta_inc 16092 multi_dec -103791 quick_dec -0 nack_dec -49800
Flow Uec_238_110 flowId 125 uecSrc 124 finished at 340.495 total messages 1 total packets 490 RTS 0 total bytes 2002140 in_flight now 0 fair_inc 6933 prop_inc 40427 fast_inc 0 eta_inc 16092 multi_dec -99180 quick_dec -0 nack_dec -49800
Flow Uec_124_252 flowId 134 uecSrc 133 finished at 341.12 total messages 1 total packets 490 RTS 0 total bytes 2002140 in_flight now 0 fair_inc 2797 prop_inc 41215 fast_inc 0 eta_inc 16688 multi_dec -106344 quick_dec -0 nack_dec -37350
342.656 flowid 89 Spurious 488
Flow Uec_105_233 flowId 147 uecSrc 146 finished at 342.744 total messages 1 total packets 490 RTS 0 total bytes 2002140 in_flight now 0 fair_inc 6044 prop_inc 46372 fast_inc 0 eta_inc 15496 multi_dec -101666 quick_dec -0 nack_dec -53950
Flow Uec_210_82 flowId 144 uecSrc 143 finished at 342.96 total messages 1 total packets 490 RTS 0 total bytes 2002140 in_flight now 0 fair_inc 9244 prop_inc 45481 fast_inc 0 eta_inc 15496 multi_dec -82118 quick_dec -0 nack_dec -70550
Flow Uec_44_172 flowId 108 uecSrc 107 finished at 343.539 total messages 1 total packets 493 RTS 3 total bytes 2002140 in_flight now 0 fair_inc 11676 prop_inc 61904 fast_inc 0 eta_inc 15496 multi_dec -129999 quick_dec -0 nack_dec -16600
Flow Uec_125_253 flowId 159 uecSrc 158 finished at 343.833 total messages 1 total packets 490 RTS 0 total bytes 2002140 in_flight now 0 fair_inc 25411 prop_inc 40848 fast_inc 0 eta_inc 16688 multi_dec -111185 quick_dec -0 nack_dec -41500
Flow Uec_207_79 flowId 86 uecSrc 85 finished at 343.966 total messages 1 total packets 490 RTS 0 total bytes 2002140 in_flight now 0 fair_inc 8398 prop_inc 42654 fast_inc 0 eta_inc 16092 multi_dec -93442 quick_dec -0 nack_dec -58100
Flow Uec_228_100 flowId 140 uecSrc 139 finished at 344.438 total messages 1 total packets 490 RTS 0 total bytes 2002140 in_flight now 0 fair_inc 7740 prop_inc 32966 fast_inc 0 eta_inc 16092 multi_dec -54626 quick_dec -0 nack_dec -83000
Flow Uec_45_173 flowId 89 uecSrc 88 finished at 344.702 total messages 1 total packets 491 RTS 1 total bytes 2002140 in_flight now 0 fair_inc 13882 prop_inc 9903 fast_inc 0 eta_inc 11920 multi_dec -37354 quick_dec -172249 nack_dec -12450
344.772 flowid 67 Spurious 276
Flow Uec_186_58 flowId 160 uecSrc 159 finished at 344.863 total messages 1 total packets 490 RTS 0 total bytes 2002140 in_flight now 0 fair_inc 2454 prop_inc 42101 fast_inc 0 eta_inc 16092 multi_dec -115194 quick_dec -0 nack_dec -33200
Flow Uec_63_191 flowId 73 uecSrc 72 finished at 344.956 total messages 1 total packets 490 RTS 0 total bytes 2002140 in_flight now 0 fair_inc 13408 prop_inc 33394 fast_inc 0 eta_inc 16092 multi_dec -87337 quick_dec -0 nack_dec -62250
Flow Uec_203_75 flowId 53 uecSrc 52 finished at 344.987 total messages 1 total packets 490 RTS 0 total bytes 2002140 in_flight now 0 fair_inc 17748 prop_inc 30014 fast_inc 0 eta_inc 16092 multi_dec -115994 quick_dec -0 nack_dec -33200
Flow Uec_99_227 flowId 19 uecSrc 18 finished at 345.36 total messages 1 total packets 490 RTS 0 total bytes 2002140 in_flight now 0 fair_inc 9994 prop_inc 44816 fast_inc 0 eta_inc 16092 multi_dec -91775 quick_dec -0 nack_dec -58100
Flow Uec_33_161 flowId 82 uecSrc 81 finished at 345.541 total messages 1 total packets 496 RTS 6 total bytes 2002140 in_flight now 0 fair_inc 14187 prop_inc 43392 fast_inc 0 eta_inc 16092 multi_dec -108192 quick_dec -0 nack_dec -0
Flow Uec_211_83 flowId 12 uecSrc 11 finished at 345.883 total messages 1 total packets 490 RTS 0 total bytes 2002140 in_flight now 0 fair_inc 3876 prop_inc 38425 fast_inc 0 eta_inc 16688 multi_dec -100770 quick_dec -0 nack_dec -49800
Flow Uec_57_185 flowId 58 uecSrc 57 finished at 346.236 total messages 1 total packets 490 RTS 0 total bytes 2002140 in_flight now 0 fair_inc 10871 prop_inc 40295 fast_inc 0 eta_inc 16688 multi_dec -92111 quick_dec -0 nack_dec -62250
Flow Uec_143_15 flowId 120 uecSrc 119 finished at 346.422 total messages 1 total packets 490 RTS 0 total bytes 2002140 in_flight now 0 fair_inc 24807 prop_inc 31031 fast_inc 0 eta_inc 16688 multi_dec -103437 quick_dec -0 nack_dec -45650
Flow Uec_91_219 flowId 156 uecSrc 155 finished at 346.937 total messages 1 total packets 490 RTS 0 total bytes 2002140 in_flight now 0 fair_inc 3008 prop_inc 51207 fast_inc 0 eta_inc 16688 multi_dec -87315 quick_dec -0 nack_dec -66400
Flow Uec_13_141 flowId 111 uecSrc 110 finished at 348.435 total messages 1 total packets 492 RTS 2 total bytes 2002140 in_flight now 0 fair_inc 15130 prop_inc 46870 fast_inc 0 eta_inc 13708 multi_dec -0 quick_dec -158354 nack_dec -45650
349.484 flowid 121 Spurious 485
Flow Uec_148_20 flowId 36 uecSrc 35 finished at 350.645 total messages 1 total packets 490 RTS 0 total bytes 2002140 in_flight now 0 fair_inc 10567 prop_inc 32156 fast_inc 0 eta_inc 15496 multi_dec -124892 quick_dec -0 nack_dec -24900
350.817 flowid 121 Spurious 490
Flow Uec_54_182 flowId 161 uecSrc 160 finished at 351.277 total messages 1 total packets 490 RTS 0 total bytes 2002140 in_flight now 0 fair_inc 6095 prop_inc 39775 fast_inc 0 eta_inc 16688 multi_dec -86778 quick_dec -0 nack_dec -66400
Flow Uec_195_67 flowId 93 uecSrc 92 finished at 351.301 total messages 1 total packets 490 RTS 0 total bytes 2002140 in_flight now 0 fair_inc 10044 prop_inc 52532 fast_inc 0 eta_inc 16092 multi_dec -95554 quick_dec -0 nack_dec -53950
Flow Uec_18_146 flowId 47 uecSrc 46 finished at 351.498 total messages 1 total packets 491 RTS 1 total bytes 2002140 in_flight now 0 fair_inc 3787 prop_inc 48710 fast_inc 0 eta_inc 15496 multi_dec -145985 quick_dec -0 nack_dec -8300
Flow Uec_237_109 flowId 22 uecSrc 21 finished at 353.005 total messages 1 total packets 490 RTS 0 total bytes 2002140 in_flight now 0 fair_inc 5468 prop_inc 42675 fast_inc 0 eta_inc 16092 multi_dec -99770 quick_dec -0 nack_dec -53950
Flow Uec_22_150 flowId 13 uecSrc 12 finished at 354.624 total messages 1 total packets 495 RTS 5 total bytes 2002140 in_flight now 0 fair_inc 20113 prop_inc 29328 fast_inc 0 eta_inc 14900 multi_dec -0 quick_dec -172142 nack_dec -20750
354.681 flowid 111 Spurious 482
Flow Uec_246_118 flowId 38 uecSrc 37 finished at 356.054 total messages 1 total packets 490 RTS 0 total bytes 2002140 in_flight now 0 fair_inc 11068 prop_inc 41472 fast_inc 0 eta_inc 16688 multi_dec -90645 quick_dec -0 nack_dec -66400
Flow Uec_58_186 flowId 88 uecSrc 87 finished at 356.663 total messages 1 total packets 490 RTS 0 total bytes 2002140 in_flight now 0 fair_inc 10020 prop_inc 37746 fast_inc 0 eta_inc 16688 multi_dec -89198 quick_dec -0 nack_dec -62250
Flow Uec_30_158 flowId 121 uecSrc 120 finished at 356.931 total messages 1 total packets 496 RTS 6 total bytes 2002140 in_flight now 0 fair_inc 4695 prop_inc 40922 fast_inc 0 eta_inc 13708 multi_dec -0 quick_dec -163479 nack_dec -4150
Flow Uec_253_125 flowId 77 uecSrc 76 finished at 358.643 total messages 1 total packets 490 RTS 0 total bytes 2002140 in_flight now 0 fair_inc 4569 prop_inc 60823 fast_inc 0 eta_inc 16092 multi_dec -126390 quick_dec -0 nack_dec -37350
Flow Uec_176_48 flowId 2 uecSrc 1 finished at 359.513 total messages 1 total packets 491 RTS 1 total bytes 2002140 in_flight now 0 fair_inc 5732 prop_inc 58057 fast_inc 0 eta_inc 16688 multi_dec -142752 quick_dec -0 nack_dec -16600
Flow Uec_235_107 flowId 8 uecSrc 7 finished at 362.602 total messages 1 total packets 490 RTS 0 total bytes 2002140 in_flight now 0 fair_inc 16870 prop_inc 40551 fast_inc 0 eta_inc 17284 multi_dec -89254 quick_dec -0 nack_dec -66400
Flow Uec_128_0 flowId 129 uecSrc 128 finished at 363.659 total messages 1 total packets 490 RTS 0 total bytes 2002140 in_flight now 0 fair_inc 27957 prop_inc 51979 fast_inc 0 eta_inc 17284 multi_dec -131452 quick_dec -0 nack_dec -33200
Flow Uec_134_6 flowId 5 uecSrc 4 finished at 366.202 total messages 1 total packets 490 RTS 0 total bytes 2002140 in_flight now 0 fair_inc 1660 prop_inc 68491 fast_inc 0 eta_inc 16688 multi_dec -114832 quick_dec -0 nack_dec -49800
369.251 flowid 130 Spurious 464
Flow Uec_41_169 flowId 155 uecSrc 154 finished at 369.942 total messages 1 total packets 493 RTS 3 total bytes 2002140 in_flight now 0 fair_inc 9545 prop_inc 76766 fast_inc 0 eta_inc 16688 multi_dec -158094 quick_dec -0 nack_dec -12450
370.599 flowid 130 Spurious 467
Flow Uec_47_175 flowId 130 uecSrc 129 finished at 370.611 total messages 1 total packets 495 RTS 5 total bytes 2002140 in_flight now 0 fair_inc 14141 prop_inc 17293 fast_inc 0 eta_inc 13708 multi_dec -0 quick_dec -140343 nack_dec -24900
Flow Uec_69_197 flowId 131 uecSrc 130 finished at 371.397 total messages 1 total packets 490 RTS 0 total bytes 2002140 in_flight now 0 fair_inc 7101 prop_inc 97818 fast_inc 0 eta_inc 17284 multi_dec -137180 quick_dec -0 nack_dec -41500
Flow Uec_40_168 flowId 42 uecSrc 41 finished at 386.991 total messages 1 total packets 492 RTS 2 total bytes 2002140 in_flight now 0 fair_inc 30556 prop_inc 71334 fast_inc 40407 eta_inc 17880 multi_dec -152912 quick_dec -0 nack_dec -33200
Flow Uec_66_194 flowId 68 uecSrc 67 finished at 388.944 total messages 1 total packets 490 RTS 0 total bytes 2002140 in_flight now 0 fair_inc 4941 prop_inc 104951 fast_inc 0 eta_inc 17284 multi_dec -105832 quick_dec -0 nack_dec -83000
Flow Uec_7_135 flowId 109 uecSrc 108 finished at 389.814 total messages 1 total packets 491 RTS 1 total bytes 2002140 in_flight now 0 fair_inc 9463 prop_inc 37550 fast_inc 0 eta_inc 13708 multi_dec -48 quick_dec -196699 nack_dec -4150
Flow Uec_254_126 flowId 76 uecSrc 75 finished at 390.683 total messages 1 total packets 490 RTS 0 total bytes 2002140 in_flight now 0 fair_inc 5442 prop_inc 58328 fast_inc 29783 eta_inc 18476 multi_dec -104881 quick_dec -0 nack_dec -70550
Flow Uec_245_117 flowId 119 uecSrc 118 finished at 392.606 total messages 1 total packets 490 RTS 0 total bytes 2002140 in_flight now 0 fair_inc 15361 prop_inc 67737 fast_inc 128298 eta_inc 17880 multi_dec -197537 quick_dec -0 nack_dec -20750
Flow Uec_48_176 flowId 57 uecSrc 56 finished at 398.664 total messages 1 total packets 494 RTS 4 total bytes 2002140 in_flight now 0 fair_inc 27655 prop_inc 63275 fast_inc 0 eta_inc 19072 multi_dec -152353 quick_dec -0 nack_dec -8300
Flow Uec_60_188 flowId 107 uecSrc 106 finished at 401.307 total messages 1 total packets 490 RTS 0 total bytes 2002140 in_flight now 0 fair_inc 22394 prop_inc 23414 fast_inc 0 eta_inc 19072 multi_dec -66256 quick_dec -0 nack_dec -103750
Flow Uec_171_43 flowId 139 uecSrc 138 finished at 401.734 total messages 1 total packets 490 RTS 0 total bytes 2002140 in_flight now 0 fair_inc 6672 prop_inc 32069 fast_inc 0 eta_inc 18476 multi_dec -22620 quick_dec -0 nack_dec -124500
Flow Uec_116_244 flowId 9 uecSrc 8 finished at 405.073 total messages 1 total packets 490 RTS 0 total bytes 2002140 in_flight now 0 fair_inc 17695 prop_inc 23190 fast_inc 0 eta_inc 19072 multi_dec -50417 quick_dec -0 nack_dec -112050
Flow Uec_255_127 flowId 152 uecSrc 151 finished at 408.06 total messages 1 total packets 490 RTS 0 total bytes 2002140 in_flight now 0 fair_inc 10671 prop_inc 83324 fast_inc 0 eta_inc 17284 multi_dec -132450 quick_dec -0 nack_dec -49800
Flow Uec_42_170 flowId 141 uecSrc 140 finished at 416.76 total messages 1 total packets 494 RTS 4 total bytes 2002140 in_flight now 0 fair_inc 17340 prop_inc 76287 fast_inc 4041 eta_inc 17880 multi_dec -164220 quick_dec -0 nack_dec -0
Flow Uec_10_138 flowId 67 uecSrc 66 finished at 417.264 total messages 1 total packets 496 RTS 6 total bytes 2002140 in_flight now 0 fair_inc 30462 prop_inc 65859 fast_inc 0 eta_inc 19668 multi_dec -135038 quick_dec -0 nack_dec -33200
Flow Uec_169_41 flowId 41 uecSrc 40 finished at 420.296 total messages 1 total packets 491 RTS 1 total bytes 2002140 in_flight now 0 fair_inc 7830 prop_inc 29249 fast_inc 0 eta_inc 20264 multi_dec -46271 quick_dec -0 nack_dec -107900
Flow Uec_8_136 flowId 122 uecSrc 121 finished at 430.537 total messages 1 total packets 496 RTS 6 total bytes 2002140 in_flight now -128 fair_inc 18253 prop_inc 56435 fast_inc 0 eta_inc 16688 multi_dec -0 quick_dec -137996 nack_dec -20750
Flow Uec_159_31 flowId 51 uecSrc 50 finished at 436.725 total messages 1 total packets 490 RTS 0 total bytes 2002140 in_flight now 0 fair_inc 15306 prop_inc 33150 fast_inc 0 eta_inc 19072 multi_dec -68968 quick_dec -0 nack_dec -99600
Flow Uec_29_157 flowId 164 uecSrc 163 finished at 439.595 total messages 1 total packets 496 RTS 6 total bytes 2002140 in_flight now 0 fair_inc 13343 prop_inc 78186 fast_inc 0 eta_inc 19072 multi_dec -141961 quick_dec -0 nack_dec -0
Flow Uec_239_111 flowId 116 uecSrc 115 finished at 445.062 total messages 1 total packets 490 RTS 0 total bytes 2002140 in_flight now 0 fair_inc 30590 prop_inc 21523 fast_inc 0 eta_inc 20860 multi_dec -51264 quick_dec -0 nack_dec -141100
Flow Uec_28_156 flowId 16 uecSrc 15 finished at 447.672 total messages 1 total packets 497 RTS 7 total bytes 2002140 in_flight now 0 fair_inc 21386 prop_inc 85867 fast_inc 0 eta_inc 19072 multi_dec -153976 quick_dec -0 nack_dec -12450
Flow Uec_108_236 flowId 92 uecSrc 91 finished at 450.391 total messages 1 total packets 490 RTS 0 total bytes 2002140 in_flight now 0 fair_inc 18133 prop_inc 21327 fast_inc 0 eta_inc 21456 multi_dec -53869 quick_dec -0 nack_dec -132800
Flow Uec_52_180 flowId 143 uecSrc 142 finished at 458.97 total messages 1 total packets 490 RTS 0 total bytes 2002140 in_flight now 0 fair_inc 15736 prop_inc 48481 fast_inc 0 eta_inc 21456 multi_dec -56003 quick_dec -0 nack_dec -120350
Flow Uec_189_61 flowId 163 uecSrc 162 finished at 462.371 total messages 1 total packets 490 RTS 0 total bytes 2002140 in_flight now 0 fair_inc 28487 prop_inc 17252 fast_inc 0 eta_inc 22052 multi_dec -42316 quick_dec -0 nack_dec -136950
Flow Uec_156_28 flowId 133 uecSrc 132 finished at 493.031 total messages 1 total packets 491 RTS 1 total bytes 2002140 in_flight now 0 fair_inc 17538 prop_inc 49650 fast_inc 0 eta_inc 22052 multi_dec -85632 quick_dec -0 nack_dec -95450
Flow Uec_98_226 flowId 26 uecSrc 25 finished at 493.092 total messages 1 total packets 490 RTS 0 total bytes 2002140 in_flight now 0 fair_inc 29347 prop_inc 37812 fast_inc 0 eta_inc 22648 multi_dec -102482 quick_dec -0 nack_dec -91300
493.163 flowid 71 Spurious 395
Flow Uec_185_57 flowId 118 uecSrc 117 finished at 493.408 total messages 1 total packets 490 RTS 0 total bytes 2002140 in_flight now 0 fair_inc 16511 prop_inc 30599 fast_inc 0 eta_inc 23840 multi_dec -138767 quick_dec -0 nack_dec -53950
Flow Uec_3_131 flowId 71 uecSrc 70 finished at 493.488 total messages 1 total packets 502 RTS 12 total bytes 2002140 in_flight now 0 fair_inc 20948 prop_inc 66779 fast_inc 0 eta_inc 21456 multi_dec -91069 quick_dec -0 nack_dec -16600
Flow Uec_4_132 flowId 104 uecSrc 103 finished at 499.704 total messages 1 total packets 503 RTS 13 total bytes 2002140 in_flight now 0 fair_inc 35373 prop_inc 52311 fast_inc 0 eta_inc 21456 multi_dec -84529 quick_dec -70300 nack_dec -8300
Flow Uec_107_235 flowId 37 uecSrc 36 finished at 504.457 total messages 1 total packets 490 RTS 0 total bytes 2002140 in_flight now 0 fair_inc 8206 prop_inc 61210 fast_inc 2020 eta_inc 23244 multi_dec -88075 quick_dec -0 nack_dec -107900
Flow Uec_182_54 flowId 27 uecSrc 26 finished at 506.915 total messages 1 total packets 490 RTS 0 total bytes 2002140 in_flight now 0 fair_inc 21627 prop_inc 40693 fast_inc 0 eta_inc 23840 multi_dec -71813 quick_dec -0 nack_dec -116200
Flow Uec_150_22 flowId 43 uecSrc 42 finished at 508.197 total messages 1 total packets 490 RTS 0 total bytes 2002140 in_flight now 0 fair_inc 13182 prop_inc 69148 fast_inc 0 eta_inc 22648 multi_dec -128296 quick_dec -0 nack_dec -74700
Flow Uec_100_228 flowId 162 uecSrc 161 finished at 508.613 total messages 1 total packets 490 RTS 0 total bytes 2002140 in_flight now 0 fair_inc 25341 prop_inc 51804 fast_inc 0 eta_inc 23840 multi_dec -131148 quick_dec -0 nack_dec -74700
Flow Uec_111_239 flowId 114 uecSrc 113 finished at 510.914 total messages 1 total packets 490 RTS 0 total bytes 2002140 in_flight now 0 fair_inc 17238 prop_inc 57727 fast_inc 0 eta_inc 23244 multi_dec -115227 quick_dec -0 nack_dec -91300
Flow Uec_227_99 flowId 34 uecSrc 33 finished at 518.907 total messages 1 total packets 490 RTS 0 total bytes 2002140 in_flight now 0 fair_inc 21201 prop_inc 57400 fast_inc 0 eta_inc 23244 multi_dec -135932 quick_dec -0 nack_dec -70550
Flow Uec_67_195 flowId 146 uecSrc 145 finished at 523.706 total messages 1 total packets 490 RTS 0 total bytes 2002140 in_flight now 0 fair_inc 21645 prop_inc 60598 fast_inc 125755 eta_inc 23244 multi_dec -119071 quick_dec -0 nack_dec -103750
Flow Uec_175_47 flowId 136 uecSrc 135 finished at 533.564 total messages 1 total packets 490 RTS 0 total bytes 2002140 in_flight now 0 fair_inc 18658 prop_inc 30333 fast_inc 188388 eta_inc 20264 multi_dec -115998 quick_dec -0 nack_dec -95450
Flow Uec_230_102 flowId 40 uecSrc 39 finished at 538.43 total messages 1 total packets 490 RTS 0 total bytes 2002140 in_flight now 0 fair_inc 34798 prop_inc 60746 fast_inc 4530 eta_inc 21456 multi_dec -95710 quick_dec -0 nack_dec -116200
Flow Uec_80_208 flowId 52 uecSrc 51 finished at 551.904 total messages 1 total packets 490 RTS 0 total bytes 2002140 in_flight now 0 fair_inc 41677 prop_inc 1228 fast_inc 0 eta_inc 25032 multi_dec -49602 quick_dec -0 nack_dec -153550
Flow Uec_218_90 flowId 112 uecSrc 111 finished at 556.01 total messages 1 total packets 490 RTS 0 total bytes 2002140 in_flight now 0 fair_inc 18695 prop_inc 10187 fast_inc 0 eta_inc 26224 multi_dec -31427 quick_dec -0 nack_dec -157700
Flow Uec_142_14 flowId 99 uecSrc 98 finished at 560.523 total messages 1 total packets 490 RTS 0 total bytes 2002140 in_flight now 0 fair_inc 15054 prop_inc 16750 fast_inc 0 eta_inc 26224 multi_dec -91885 quick_dec -0 nack_dec -95450
Flow Uec_144_16 flowId 61 uecSrc 60 finished at 568.486 total messages 1 total packets 490 RTS 0 total bytes 2002140 in_flight now 0 fair_inc 33188 prop_inc 12537 fast_inc 0 eta_inc 26224 multi_dec -67926 quick_dec -0 nack_dec -145250
Flow Uec_212_84 flowId 110 uecSrc 109 finished at 570.361 total messages 1 total packets 490 RTS 0 total bytes 2002140 in_flight now 0 fair_inc 34742 prop_inc 8766 fast_inc 0 eta_inc 25032 multi_dec -56453 quick_dec -0 nack_dec -161850
Flow Uec_243_115 flowId 4 uecSrc 3 finished at 573.621 total messages 1 total packets 490 RTS 0 total bytes 2002140 in_flight now 0 fair_inc 30369 prop_inc 4894 fast_inc 0 eta_inc 26820 multi_dec -43370 quick_dec -0 nack_dec -149400
Flow Uec_217_89 flowId 85 uecSrc 84 finished at 579.059 total messages 1 total packets 490 RTS 0 total bytes 2002140 in_flight now 0 fair_inc 38012 prop_inc 7217 fast_inc 0 eta_inc 26820 multi_dec -89516 quick_dec -0 nack_dec -141100
Flow Uec_146_18 flowId 54 uecSrc 53 finished at 580.342 total messages 1 total packets 491 RTS 1 total bytes 2002140 in_flight now 0 fair_inc 50868 prop_inc 16477 fast_inc 0 eta_inc 26224 multi_dec -75457 quick_dec -0 nack_dec -145250
Flow Uec_5_133 flowId 132 uecSrc 131 finished at 586.056 total messages 1 total packets 500 RTS 10 total bytes 2002140 in_flight now -64 fair_inc 37802 prop_inc 63055 fast_inc 0 eta_inc 23244 multi_dec -71810 quick_dec -110915 nack_dec -29050
Flow Uec_9_137 flowId 124 uecSrc 123 finished at 588.012 total messages 1 total packets 509 RTS 19 total bytes 2002140 in_flight now -64 fair_inc 12666 prop_inc 85557 fast_inc 0 eta_inc 23244 multi_dec -0 quick_dec -62565 nack_dec -29050
Flow Uec_191_63 flowId 31 uecSrc 30 finished at 594.316 total messages 1 total packets 490 RTS 0 total bytes 2002140 in_flight now 0 fair_inc 23767 prop_inc 15372 fast_inc 0 eta_inc 25032 multi_dec -81899 quick_dec -0 nack_dec -128650
Flow Uec_178_50 flowId 150 uecSrc 149 finished at 621.7 total messages 1 total packets 490 RTS 0 total bytes 2002140 in_flight now 0 fair_inc 27494 prop_inc 17312 fast_inc 0 eta_inc 28012 multi_dec -69730 quick_dec -0 nack_dec -128650
Flow Uec_226_98 flowId 78 uecSrc 77 finished at 624.256 total messages 1 total packets 490 RTS 0 total bytes 2002140 in_flight now 0 fair_inc 40726 prop_inc 13039 fast_inc 0 eta_inc 19668 multi_dec -37067 quick_dec -0 nack_dec -166000
Flow Uec_84_212 flowId 62 uecSrc 61 finished at 626.156 total messages 1 total packets 490 RTS 0 total bytes 2002140 in_flight now 0 fair_inc 41329 prop_inc 14219 fast_inc 0 eta_inc 29204 multi_dec -64475 quick_dec -0 nack_dec -161850
Flow Uec_200_72 flowId 74 uecSrc 73 finished at 638.662 total messages 1 total packets 490 RTS 0 total bytes 2002140 in_flight now 0 fair_inc 46006 prop_inc 48648 fast_inc 12123 eta_inc 22052 multi_dec -124413 quick_dec -0 nack_dec -107900
Flow Uec_199_71 flowId 75 uecSrc 74 finished at 642.235 total messages 1 total packets 490 RTS 0 total bytes 2002140 in_flight now 0 fair_inc 14378 prop_inc 18367 fast_inc 0 eta_inc 29204 multi_dec -95421 quick_dec -0 nack_dec -103750
Flow Uec_181_53 flowId 1 uecSrc 0 finished at 650.492 total messages 1 total packets 490 RTS 0 total bytes 2002140 in_flight now 0 fair_inc 25207 prop_inc 35350 fast_inc 5539 eta_inc 28608 multi_dec -66841 quick_dec -0 nack_dec -145250
Flow Uec_201_73 flowId 63 uecSrc 62 finished at 651.165 total messages 1 total packets 490 RTS 0 total bytes 2002140 in_flight now 0 fair_inc 35344 prop_inc 20538 fast_inc 0 eta_inc 28608 multi_dec -127844 quick_dec -0 nack_dec -103750
Flow Uec_214_86 flowId 15 uecSrc 14 finished at 681.432 total messages 1 total packets 490 RTS 0 total bytes 2002140 in_flight now 0 fair_inc 39262 prop_inc 31859 fast_inc 28770 eta_inc 30396 multi_dec -22969 quick_dec -9839 nack_dec -186750
Flow Uec_174_46 flowId 96 uecSrc 95 finished at 685.139 total messages 1 total packets 490 RTS 0 total bytes 2002140 in_flight now 0 fair_inc 28262 prop_inc 10289 fast_inc 0 eta_inc 29800 multi_dec -33561 quick_dec -0 nack_dec -174300
Flow Uec_194_66 flowId 59 uecSrc 58 finished at 688.404 total messages 1 total packets 490 RTS 0 total bytes 2002140 in_flight now 0 fair_inc 38705 prop_inc 40635 fast_inc 45947 eta_inc 30396 multi_dec -117885 quick_dec -0 nack_dec -128650
Flow Uec_198_70 flowId 102 uecSrc 101 finished at 705.413 total messages 1 total packets 490 RTS 0 total bytes 2002140 in_flight now 0 fair_inc 30440 prop_inc 87074 fast_inc 4041 eta_inc 30396 multi_dec -133457 quick_dec -0 nack_dec -107900
Flow Uec_12_140 flowId 117 uecSrc 116 finished at 746.353 total messages 1 total packets 510 RTS 20 total bytes 2002140 in_flight now 0 fair_inc 26849 prop_inc 119072 fast_inc 0 eta_inc 30396 multi_dec -146144 quick_dec -14447 nack_dec -24900
Flow Uec_165_37 flowId 106 uecSrc 105 finished at 780.584 total messages 1 total packets 491 RTS 1 total bytes 2002140 in_flight now 0 fair_inc 25074 prop_inc 19445 fast_inc 0 eta_inc 33972 multi_dec -56583 quick_dec -0 nack_dec -170150
Flow Uec_70_198 flowId 72 uecSrc 71 finished at 798.907 total messages 1 total packets 490 RTS 0 total bytes 2002140 in_flight now 0 fair_inc 31435 prop_inc 31992 fast_inc 0 eta_inc 29800 multi_dec -82554 quick_dec -0 nack_dec -145250
Flow Uec_140_12 flowId 153 uecSrc 152 finished at 800.948 total messages 1 total packets 491 RTS 1 total bytes 2002140 in_flight now 0 fair_inc 39849 prop_inc 101091 fast_inc 0 eta_inc 26820 multi_dec -111275 quick_dec --811 nack_dec -128650
Flow Uec_68_196 flowId 64 uecSrc 63 finished at 807.035 total messages 1 total packets 490 RTS 0 total bytes 2002140 in_flight now 0 fair_inc 49053 prop_inc 38712 fast_inc 0 eta_inc 29204 multi_dec -52521 quick_dec -50743 nack_dec -153550
Flow Uec_74_202 flowId 65 uecSrc 64 finished at 850.885 total messages 1 total packets 490 RTS 0 total bytes 2002140 in_flight now 0 fair_inc 35992 prop_inc 47684 fast_inc 58070 eta_inc 28608 multi_dec -89143 quick_dec -9676 nack_dec -141100
Flow Uec_236_108 flowId 11 uecSrc 10 finished at 853.568 total messages 1 total packets 490 RTS 0 total bytes 2002140 in_flight now 0 fair_inc 35555 prop_inc 36872 fast_inc 0 eta_inc 28608 multi_dec -29187 quick_dec -57641 nack_dec -157700
Flow Uec_231_103 flowId 157 uecSrc 156 finished at 856.385 total messages 1 total packets 490 RTS 0 total bytes 2002140 in_flight now 0 fair_inc 16973 prop_inc 39655 fast_inc 0 eta_inc 26820 multi_dec -13764 quick_dec -81609 nack_dec -149400
Flow Uec_234_106 flowId 30 uecSrc 29 finished at 858.538 total messages 1 total packets 490 RTS 0 total bytes 2002140 in_flight now 0 fair_inc 68048 prop_inc 30779 fast_inc 0 eta_inc 35760 multi_dec -139456 quick_dec -0 nack_dec -124500
Flow Uec_161_33 flowId 21 uecSrc 20 finished at 880.677 total messages 1 total packets 491 RTS 1 total bytes 2002140 in_flight now 0 fair_inc 38814 prop_inc 27755 fast_inc 0 eta_inc 33376 multi_dec -89721 quick_dec -0 nack_dec -145250
Flow Uec_75_203 flowId 29 uecSrc 28 finished at 889.074 total messages 1 total packets 490 RTS 0 total bytes 2002140 in_flight now 0 fair_inc 38005 prop_inc 1508 fast_inc 0 eta_inc 29800 multi_dec -58853 quick_dec -0 nack_dec -174300
Flow Uec_94_222 flowId 7 uecSrc 6 finished at 979.206 total messages 1 total packets 490 RTS 0 total bytes 2002140 in_flight now 0 fair_inc 31762 prop_inc 6098 fast_inc 0 eta_inc 29204 multi_dec -27987 quick_dec -22086 nack_dec -174300
Flow Uec_158_30 flowId 84 uecSrc 83 finished at 979.774 total messages 1 total packets 490 RTS 0 total bytes 2002140 in_flight now 0 fair_inc 17843 prop_inc 43290 fast_inc 0 eta_inc 42912 multi_dec -87273 quick_dec -4023 nack_dec -153550
Flow Uec_157_29 flowId 50 uecSrc 49 finished at 985.91 total messages 1 total packets 492 RTS 2 total bytes 2002140 in_flight now 0 fair_inc 37736 prop_inc 44490 fast_inc 0 eta_inc 32780 multi_dec -89706 quick_dec -2457 nack_dec -141100
Flow Uec_168_40 flowId 55 uecSrc 54 finished at 1003.14 total messages 1 total packets 490 RTS 0 total bytes 2002140 in_flight now 0 fair_inc 41694 prop_inc 49871 fast_inc 8571 eta_inc 35760 multi_dec -106906 quick_dec -3864 nack_dec -149400
Flow Uec_96_224 flowId 105 uecSrc 104 finished at 1024.85 total messages 1 total packets 490 RTS 0 total bytes 2002140 in_flight now 0 fair_inc 81953 prop_inc 8173 fast_inc 0 eta_inc 32184 multi_dec -109663 quick_dec -0 nack_dec -174300
Flow Uec_81_209 flowId 60 uecSrc 59 finished at 1079.45 total messages 1 total packets 490 RTS 0 total bytes 2002140 in_flight now 0 fair_inc 39380 prop_inc 27975 fast_inc 0 eta_inc 35760 multi_dec -90945 quick_dec -0 nack_dec -170150
Flow Uec_73_201 flowId 10 uecSrc 9 finished at 1110.5 total messages 1 total packets 490 RTS 0 total bytes 2002140 in_flight now 0 fair_inc 56983 prop_inc 36512 fast_inc 0 eta_inc 34568 multi_dec -73678 quick_dec -43388 nack_dec -161850
Flow Uec_77_205 flowId 137 uecSrc 136 finished at 1150.79 total messages 1 total packets 490 RTS 0 total bytes 2002140 in_flight now 0 fair_inc 55513 prop_inc 49304 fast_inc 0 eta_inc 40528 multi_dec -100073 quick_dec -15041 nack_dec -170150
Flow Uec_82_210 flowId 35 uecSrc 34 finished at 1171.18 total messages 1 total packets 490 RTS 0 total bytes 2002140 in_flight now 0 fair_inc 39131 prop_inc 68813 fast_inc 24734 eta_inc 40528 multi_dec -92583 quick_dec -3316 nack_dec -166000
.Done
New: 81340 Rtx: 3095 RTS: 163 Bounced: 0 ACKs: 61783 NACKs: 2610 Pulls: 0 sleek_pkts: 0
