traffic matrix input file: connection_matrices/load_sweep/load0.60_n256_seed4.cm
Load balancing algorithm set to oblivious
no_of_nodes 256
Dragonfly+ strategy: FPAR
Setting queuesize to 50 packets
endtime(us) 100000
random seed 4
Packet size (MTU) is 4150
Parsed args
Logging to reps_dfp_results/reps_withoutnorm256/load0.60_oblivious_seed4.dat
Loading connection matrix from connection_matrices/load_sweep/load0.60_n256_seed4.cm
Nodes: 256 Connections: 154 Triggers: 0 Failures: 0
Setting ECN low 33200 high 120350
Dragonfly+ with medium topology type
Link latencies: 1 and switch latencies: 0
queue_id 2 ecn_low 33200 ecn_high 120350
DragonFly+ constructor done, 392 nodes created
Note: topology supports 392 hosts; 136 host port(s) will be unused.
network_max_unloaded_rtt 11.6856 us
Setting min RTO to 114.6
Per-hop RTT normalization: OFF (strategy fpar)
Initializing static NSCC parameters: _reference_network_linkspeed=100000000000 _reference_network_rtt=12000000 _reference_network_bdp=150000 _target_Qdelay=8764200 _network_linkspeed=100000000000 _network_rtt=11685600 _network_bdp=146070 _qa_gate=2^3 _qa_threshold=3.50568e+07 _scaling_factor_a=0.9738 _scaling_factor_b=0.73035 _alpha=0.00132632 _fi=19894.7 _eta=596.842 _qa_scaling=1 _gamma=0.8 _fi_scale=0.24345 _delay_alpha=0.0125 _adjust_period_threshold=11685600 _adjust_bytes_threshold=33200
Initialize per-instance NSCC parameters: flowid 1 _base_rtt=11685600 _base_bdp=146070 _bdp=146070 _min_cwnd=4150 _maxwnd=219105 _cwnd=219105
Initialize per-instance NSCC parameters: flowid 2 _base_rtt=11685600 _base_bdp=146070 _bdp=146070 _min_cwnd=4150 _maxwnd=219105 _cwnd=219105
Initialize per-instance NSCC parameters: flowid 3 _base_rtt=11685600 _base_bdp=146070 _bdp=146070 _min_cwnd=4150 _maxwnd=219105 _cwnd=219105
Initialize per-instance NSCC parameters: flowid 4 _base_rtt=11685600 _base_bdp=146070 _bdp=146070 _min_cwnd=4150 _maxwnd=219105 _cwnd=219105
Initialize per-instance NSCC parameters: flowid 5 _base_rtt=11685600 _base_bdp=146070 _bdp=146070 _min_cwnd=4150 _maxwnd=219105 _cwnd=219105
Initialize per-instance NSCC parameters: flowid 6 _base_rtt=11685600 _base_bdp=146070 _bdp=146070 _min_cwnd=4150 _maxwnd=219105 _cwnd=219105
Initialize per-instance NSCC parameters: flowid 7 _base_rtt=11685600 _base_bdp=146070 _bdp=146070 _min_cwnd=4150 _maxwnd=219105 _cwnd=219105
Initialize per-instance NSCC parameters: flowid 8 _base_rtt=11685600 _base_bdp=146070 _bdp=146070 _min_cwnd=4150 _maxwnd=219105 _cwnd=219105
Initialize per-instance NSCC parameters: flowid 9 _base_rtt=11685600 _base_bdp=146070 _bdp=146070 _min_cwnd=4150 _maxwnd=219105 _cwnd=219105
Initialize per-instance NSCC parameters: flowid 10 _base_rtt=11685600 _base_bdp=146070 _bdp=146070 _min_cwnd=4150 _maxwnd=219105 _cwnd=219105
Initialize per-instance NSCC parameters: flowid 11 _base_rtt=11685600 _base_bdp=146070 _bdp=146070 _min_cwnd=4150 _maxwnd=219105 _cwnd=219105
Initialize per-instance NSCC parameters: flowid 12 _base_rtt=11685600 _base_bdp=146070 _bdp=146070 _min_cwnd=4150 _maxwnd=219105 _cwnd=219105
Initialize per-instance NSCC parameters: flowid 13 _base_rtt=11685600 _base_bdp=146070 _bdp=146070 _min_cwnd=4150 _maxwnd=219105 _cwnd=219105
Initialize per-instance NSCC parameters: flowid 14 _base_rtt=11685600 _base_bdp=146070 _bdp=146070 _min_cwnd=4150 _maxwnd=219105 _cwnd=219105
Initialize per-instance NSCC parameters: flowid 15 _base_rtt=11685600 _base_bdp=146070 _bdp=146070 _min_cwnd=4150 _maxwnd=219105 _cwnd=219105
Initialize per-instance NSCC parameters: flowid 16 _base_rtt=11685600 _base_bdp=146070 _bdp=146070 _min_cwnd=4150 _maxwnd=219105 _cwnd=219105
Initialize per-instance NSCC parameters: flowid 17 _base_rtt=11685600 _base_bdp=146070 _bdp=146070 _min_cwnd=4150 _maxwnd=219105 _cwnd=219105
Initialize per-instance NSCC parameters: flowid 18 _base_rtt=11685600 _base_bdp=146070 _bdp=146070 _min_cwnd=4150 _maxwnd=219105 _cwnd=219105
Initialize per-instance NSCC parameters: flowid 19 _base_rtt=11685600 _base_bdp=146070 _bdp=146070 _min_cwnd=4150 _maxwnd=219105 _cwnd=219105
Initialize per-instance NSCC parameters: flowid 20 _base_rtt=11685600 _base_bdp=146070 _bdp=146070 _min_cwnd=4150 _maxwnd=219105 _cwnd=219105
Initialize per-instance NSCC parameters: flowid 21 _base_rtt=11685600 _base_bdp=146070 _bdp=146070 _min_cwnd=4150 _maxwnd=219105 _cwnd=219105
Initialize per-instance NSCC parameters: flowid 22 _base_rtt=11685600 _base_bdp=146070 _bdp=146070 _min_cwnd=4150 _maxwnd=219105 _cwnd=219105
Initialize per-instance NSCC parameters: flowid 23 _base_rtt=11685600 _base_bdp=146070 _bdp=146070 _min_cwnd=4150 _maxwnd=219105 _cwnd=219105
Initialize per-instance NSCC parameters: flowid 24 _base_rtt=11685600 _base_bdp=146070 _bdp=146070 _min_cwnd=4150 _maxwnd=219105 _cwnd=219105
Initialize per-instance NSCC parameters: flowid 25 _base_rtt=11685600 _base_bdp=146070 _bdp=146070 _min_cwnd=4150 _maxwnd=219105 _cwnd=219105
Initialize per-instance NSCC parameters: flowid 26 _base_rtt=11685600 _base_bdp=146070 _bdp=146070 _min_cwnd=4150 _maxwnd=219105 _cwnd=219105
Initialize per-instance NSCC parameters: flowid 27 _base_rtt=11685600 _base_bdp=146070 _bdp=146070 _min_cwnd=4150 _maxwnd=219105 _cwnd=219105
Initialize per-instance NSCC parameters: flowid 28 _base_rtt=11685600 _base_bdp=146070 _bdp=146070 _min_cwnd=4150 _maxwnd=219105 _cwnd=219105
Initialize per-instance NSCC parameters: flowid 29 _base_rtt=11685600 _base_bdp=146070 _bdp=146070 _min_cwnd=4150 _maxwnd=219105 _cwnd=219105
Initialize per-instance NSCC parameters: flowid 30 _base_rtt=11685600 _base_bdp=146070 _bdp=146070 _min_cwnd=4150 _maxwnd=219105 _cwnd=219105
Initialize per-instance NSCC parameters: flowid 31 _base_rtt=11685600 _base_bdp=146070 _bdp=146070 _min_cwnd=4150 _maxwnd=219105 _cwnd=219105
Initialize per-instance NSCC parameters: flowid 32 _base_rtt=11685600 _base_bdp=146070 _bdp=146070 _min_cwnd=4150 _maxwnd=219105 _cwnd=219105
Initialize per-instance NSCC parameters: flowid 33 _base_rtt=11685600 _base_bdp=146070 _bdp=146070 _min_cwnd=4150 _maxwnd=219105 _cwnd=219105
Initialize per-instance NSCC parameters: flowid 34 _base_rtt=11685600 _base_bdp=146070 _bdp=146070 _min_cwnd=4150 _maxwnd=219105 _cwnd=219105
Initialize per-instance NSCC parameters: flowid 35 _base_rtt=11685600 _base_bdp=146070 _bdp=146070 _min_cwnd=4150 _maxwnd=219105 _cwnd=219105
Initialize per-instance NSCC parameters: flowid 36 _base_rtt=11685600 _base_bdp=146070 _bdp=146070 _min_cwnd=4150 _maxwnd=219105 _cwnd=219105
Initialize per-instance NSCC parameters: flowid 37 _base_rtt=11685600 _base_bdp=146070 _bdp=146070 _min_cwnd=4150 _maxwnd=219105 _cwnd=219105
Initialize per-instance NSCC parameters: flowid 38 _base_rtt=11685600 _base_bdp=146070 _bdp=146070 _min_cwnd=4150 _maxwnd=219105 _cwnd=219105
Initialize per-instance NSCC parameters: flowid 39 _base_rtt=11685600 _base_bdp=146070 _bdp=146070 _min_cwnd=4150 _maxwnd=219105 _cwnd=219105
Initialize per-instance NSCC parameters: flowid 40 _base_rtt=11685600 _base_bdp=146070 _bdp=146070 _min_cwnd=4150 _maxwnd=219105 _cwnd=219105
Initialize per-instance NSCC parameters: flowid 41 _base_rtt=11685600 _base_bdp=146070 _bdp=146070 _min_cwnd=4150 _maxwnd=219105 _cwnd=219105
Initialize per-instance NSCC parameters: flowid 42 _base_rtt=11685600 _base_bdp=146070 _bdp=146070 _min_cwnd=4150 _maxwnd=219105 _cwnd=219105
Initialize per-instance NSCC parameters: flowid 43 _base_rtt=11685600 _base_bdp=146070 _bdp=146070 _min_cwnd=4150 _maxwnd=219105 _cwnd=219105
Initialize per-instance NSCC parameters: flowid 44 _base_rtt=11685600 _base_bdp=146070 _bdp=146070 _min_cwnd=4150 _maxwnd=219105 _cwnd=219105
Initialize per-instance NSCC parameters: flowid 45 _base_rtt=11685600 _base_bdp=146070 _bdp=146070 _min_cwnd=4150 _maxwnd=219105 _cwnd=219105
Initialize per-instance NSCC parameters: flowid 46 _base_rtt=11685600 _base_bdp=146070 _bdp=146070 _min_cwnd=4150 _maxwnd=219105 _cwnd=219105
Initialize per-instance NSCC parameters: flowid 47 _base_rtt=11685600 _base_bdp=146070 _bdp=146070 _min_cwnd=4150 _maxwnd=219105 _cwnd=219105
Initialize per-instance NSCC parameters: flowid 48 _base_rtt=11685600 _base_bdp=146070 _bdp=146070 _min_cwnd=4150 _maxwnd=219105 _cwnd=219105
Initialize per-instance NSCC parameters: flowid 49 _base_rtt=11685600 _base_bdp=146070 _bdp=146070 _min_cwnd=4150 _maxwnd=219105 _cwnd=219105
Initialize per-instance NSCC parameters: flowid 50 _base_rtt=11685600 _base_bdp=146070 _bdp=146070 _min_cwnd=4150 _maxwnd=219105 _cwnd=219105
Initialize per-instance NSCC parameters: flowid 51 _base_rtt=11685600 _base_bdp=146070 _bdp=146070 _min_cwnd=4150 _maxwnd=219105 _cwnd=219105
Initialize per-instance NSCC parameters: flowid 52 _base_rtt=11685600 _base_bdp=146070 _bdp=146070 _min_cwnd=4150 _maxwnd=219105 _cwnd=219105
Initialize per-instance NSCC parameters: flowid 53 _base_rtt=11685600 _base_bdp=146070 _bdp=146070 _min_cwnd=4150 _maxwnd=219105 _cwnd=219105
Initialize per-instance NSCC parameters: flowid 54 _base_rtt=11685600 _base_bdp=146070 _bdp=146070 _min_cwnd=4150 _maxwnd=219105 _cwnd=219105
Initialize per-instance NSCC parameters: flowid 55 _base_rtt=11685600 _base_bdp=146070 _bdp=146070 _min_cwnd=4150 _maxwnd=219105 _cwnd=219105
Initialize per-instance NSCC parameters: flowid 56 _base_rtt=11685600 _base_bdp=146070 _bdp=146070 _min_cwnd=4150 _maxwnd=219105 _cwnd=219105
Initialize per-instance NSCC parameters: flowid 57 _base_rtt=11685600 _base_bdp=146070 _bdp=146070 _min_cwnd=4150 _maxwnd=219105 _cwnd=219105
Initialize per-instance NSCC parameters: flowid 58 _base_rtt=11685600 _base_bdp=146070 _bdp=146070 _min_cwnd=4150 _maxwnd=219105 _cwnd=219105
Initialize per-instance NSCC parameters: flowid 59 _base_rtt=11685600 _base_bdp=146070 _bdp=146070 _min_cwnd=4150 _maxwnd=219105 _cwnd=219105
Initialize per-instance NSCC parameters: flowid 60 _base_rtt=11685600 _base_bdp=146070 _bdp=146070 _min_cwnd=4150 _maxwnd=219105 _cwnd=219105
Initialize per-instance NSCC parameters: flowid 61 _base_rtt=11685600 _base_bdp=146070 _bdp=146070 _min_cwnd=4150 _maxwnd=219105 _cwnd=219105
Initialize per-instance NSCC parameters: flowid 62 _base_rtt=11685600 _base_bdp=146070 _bdp=146070 _min_cwnd=4150 _maxwnd=219105 _cwnd=219105
Initialize per-instance NSCC parameters: flowid 63 _base_rtt=11685600 _base_bdp=146070 _bdp=146070 _min_cwnd=4150 _maxwnd=219105 _cwnd=219105
Initialize per-instance NSCC parameters: flowid 64 _base_rtt=11685600 _base_bdp=146070 _bdp=146070 _min_cwnd=4150 _maxwnd=219105 _cwnd=219105
Initialize per-instance NSCC parameters: flowid 65 _base_rtt=11685600 _base_bdp=146070 _bdp=146070 _min_cwnd=4150 _maxwnd=219105 _cwnd=219105
Initialize per-instance NSCC parameters: flowid 66 _base_rtt=11685600 _base_bdp=146070 _bdp=146070 _min_cwnd=4150 _maxwnd=219105 _cwnd=219105
Initialize per-instance NSCC parameters: flowid 67 _base_rtt=11685600 _base_bdp=146070 _bdp=146070 _min_cwnd=4150 _maxwnd=219105 _cwnd=219105
Initialize per-instance NSCC parameters: flowid 68 _base_rtt=11685600 _base_bdp=146070 _bdp=146070 _min_cwnd=4150 _maxwnd=219105 _cwnd=219105
Initialize per-instance NSCC parameters: flowid 69 _base_rtt=11685600 _base_bdp=146070 _bdp=146070 _min_cwnd=4150 _maxwnd=219105 _cwnd=219105
Initialize per-instance NSCC parameters: flowid 70 _base_rtt=11685600 _base_bdp=146070 _bdp=146070 _min_cwnd=4150 _maxwnd=219105 _cwnd=219105
Initialize per-instance NSCC parameters: flowid 71 _base_rtt=11685600 _base_bdp=146070 _bdp=146070 _min_cwnd=4150 _maxwnd=219105 _cwnd=219105
Initialize per-instance NSCC parameters: flowid 72 _base_rtt=11685600 _base_bdp=146070 _bdp=146070 _min_cwnd=4150 _maxwnd=219105 _cwnd=219105
Initialize per-instance NSCC parameters: flowid 73 _base_rtt=11685600 _base_bdp=146070 _bdp=146070 _min_cwnd=4150 _maxwnd=219105 _cwnd=219105
Initialize per-instance NSCC parameters: flowid 74 _base_rtt=11685600 _base_bdp=146070 _bdp=146070 _min_cwnd=4150 _maxwnd=219105 _cwnd=219105
Initialize per-instance NSCC parameters: flowid 75 _base_rtt=11685600 _base_bdp=146070 _bdp=146070 _min_cwnd=4150 _maxwnd=219105 _cwnd=219105
Initialize per-instance NSCC parameters: flowid 76 _base_rtt=11685600 _base_bdp=146070 _bdp=146070 _min_cwnd=4150 _maxwnd=219105 _cwnd=219105
Initialize per-instance NSCC parameters: flowid 77 _base_rtt=11685600 _base_bdp=146070 _bdp=146070 _min_cwnd=4150 _maxwnd=219105 _cwnd=219105
Initialize per-instance NSCC parameters: flowid 78 _base_rtt=11685600 _base_bdp=146070 _bdp=146070 _min_cwnd=4150 _maxwnd=219105 _cwnd=219105
Initialize per-instance NSCC parameters: flowid 79 _base_rtt=11685600 _base_bdp=146070 _bdp=146070 _min_cwnd=4150 _maxwnd=219105 _cwnd=219105
Initialize per-instance NSCC parameters: flowid 80 _base_rtt=11685600 _base_bdp=146070 _bdp=146070 _min_cwnd=4150 _maxwnd=219105 _cwnd=219105
Initialize per-instance NSCC parameters: flowid 81 _base_rtt=11685600 _base_bdp=146070 _bdp=146070 _min_cwnd=4150 _maxwnd=219105 _cwnd=219105
Initialize per-instance NSCC parameters: flowid 82 _base_rtt=11685600 _base_bdp=146070 _bdp=146070 _min_cwnd=4150 _maxwnd=219105 _cwnd=219105
Initialize per-instance NSCC parameters: flowid 83 _base_rtt=11685600 _base_bdp=146070 _bdp=146070 _min_cwnd=4150 _maxwnd=219105 _cwnd=219105
Initialize per-instance NSCC parameters: flowid 84 _base_rtt=11685600 _base_bdp=146070 _bdp=146070 _min_cwnd=4150 _maxwnd=219105 _cwnd=219105
Initialize per-instance NSCC parameters: flowid 85 _base_rtt=11685600 _base_bdp=146070 _bdp=146070 _min_cwnd=4150 _maxwnd=219105 _cwnd=219105
Initialize per-instance NSCC parameters: flowid 86 _base_rtt=11685600 _base_bdp=146070 _bdp=146070 _min_cwnd=4150 _maxwnd=219105 _cwnd=219105
Initialize per-instance NSCC parameters: flowid 87 _base_rtt=11685600 _base_bdp=146070 _bdp=146070 _min_cwnd=4150 _maxwnd=219105 _cwnd=219105
Initialize per-instance NSCC parameters: flowid 88 _base_rtt=11685600 _base_bdp=146070 _bdp=146070 _min_cwnd=4150 _maxwnd=219105 _cwnd=219105
Initialize per-instance NSCC parameters: flowid 89 _base_rtt=11685600 _base_bdp=146070 _bdp=146070 _min_cwnd=4150 _maxwnd=219105 _cwnd=219105
Initialize per-instance NSCC parameters: flowid 90 _base_rtt=11685600 _base_bdp=146070 _bdp=146070 _min_cwnd=4150 _maxwnd=219105 _cwnd=219105
Initialize per-instance NSCC parameters: flowid 91 _base_rtt=11685600 _base_bdp=146070 _bdp=146070 _min_cwnd=4150 _maxwnd=219105 _cwnd=219105
Initialize per-instance NSCC parameters: flowid 92 _base_rtt=11685600 _base_bdp=146070 _bdp=146070 _min_cwnd=4150 _maxwnd=219105 _cwnd=219105
Initialize per-instance NSCC parameters: flowid 93 _base_rtt=11685600 _base_bdp=146070 _bdp=146070 _min_cwnd=4150 _maxwnd=219105 _cwnd=219105
Initialize per-instance NSCC parameters: flowid 94 _base_rtt=11685600 _base_bdp=146070 _bdp=146070 _min_cwnd=4150 _maxwnd=219105 _cwnd=219105
Initialize per-instance NSCC parameters: flowid 95 _base_rtt=11685600 _base_bdp=146070 _bdp=146070 _min_cwnd=4150 _maxwnd=219105 _cwnd=219105
Initialize per-instance NSCC parameters: flowid 96 _base_rtt=11685600 _base_bdp=146070 _bdp=146070 _min_cwnd=4150 _maxwnd=219105 _cwnd=219105
Initialize per-instance NSCC parameters: flowid 97 _base_rtt=11685600 _base_bdp=146070 _bdp=146070 _min_cwnd=4150 _maxwnd=219105 _cwnd=219105
Initialize per-instance NSCC parameters: flowid 98 _base_rtt=11685600 _base_bdp=146070 _bdp=146070 _min_cwnd=4150 _maxwnd=219105 _cwnd=219105
Initialize per-instance NSCC parameters: flowid 99 _base_rtt=11685600 _base_bdp=146070 _bdp=146070 _min_cwnd=4150 _maxwnd=219105 _cwnd=219105
Initialize per-instance NSCC parameters: flowid 100 _base_rtt=11685600 _base_bdp=146070 _bdp=146070 _min_cwnd=4150 _maxwnd=219105 _cwnd=219105
Initialize per-instance NSCC parameters: flowid 101 _base_rtt=11685600 _base_bdp=146070 _bdp=146070 _min_cwnd=4150 _maxwnd=219105 _cwnd=219105
Initialize per-instance NSCC parameters: flowid 102 _base_rtt=11685600 _base_bdp=146070 _bdp=146070 _min_cwnd=4150 _maxwnd=219105 _cwnd=219105
Initialize per-instance NSCC parameters: flowid 103 _base_rtt=11685600 _base_bdp=146070 _bdp=146070 _min_cwnd=4150 _maxwnd=219105 _cwnd=219105
Initialize per-instance NSCC parameters: flowid 104 _base_rtt=11685600 _base_bdp=146070 _bdp=146070 _min_cwnd=4150 _maxwnd=219105 _cwnd=219105
Initialize per-instance NSCC parameters: flowid 105 _base_rtt=11685600 _base_bdp=146070 _bdp=146070 _min_cwnd=4150 _maxwnd=219105 _cwnd=219105
Initialize per-instance NSCC parameters: flowid 106 _base_rtt=11685600 _base_bdp=146070 _bdp=146070 _min_cwnd=4150 _maxwnd=219105 _cwnd=219105
Initialize per-instance NSCC parameters: flowid 107 _base_rtt=11685600 _base_bdp=146070 _bdp=146070 _min_cwnd=4150 _maxwnd=219105 _cwnd=219105
Initialize per-instance NSCC parameters: flowid 108 _base_rtt=11685600 _base_bdp=146070 _bdp=146070 _min_cwnd=4150 _maxwnd=219105 _cwnd=219105
Initialize per-instance NSCC parameters: flowid 109 _base_rtt=11685600 _base_bdp=146070 _bdp=146070 _min_cwnd=4150 _maxwnd=219105 _cwnd=219105
Initialize per-instance NSCC parameters: flowid 110 _base_rtt=11685600 _base_bdp=146070 _bdp=146070 _min_cwnd=4150 _maxwnd=219105 _cwnd=219105
Initialize per-instance NSCC parameters: flowid 111 _base_rtt=11685600 _base_bdp=146070 _bdp=146070 _min_cwnd=4150 _maxwnd=219105 _cwnd=219105
Initialize per-instance NSCC parameters: flowid 112 _base_rtt=11685600 _base_bdp=146070 _bdp=146070 _min_cwnd=4150 _maxwnd=219105 _cwnd=219105
Initialize per-instance NSCC parameters: flowid 113 _base_rtt=11685600 _base_bdp=146070 _bdp=146070 _min_cwnd=4150 _maxwnd=219105 _cwnd=219105
Initialize per-instance NSCC parameters: flowid 114 _base_rtt=11685600 _base_bdp=146070 _bdp=146070 _min_cwnd=4150 _maxwnd=219105 _cwnd=219105
Initialize per-instance NSCC parameters: flowid 115 _base_rtt=11685600 _base_bdp=146070 _bdp=146070 _min_cwnd=4150 _maxwnd=219105 _cwnd=219105
Initialize per-instance NSCC parameters: flowid 116 _base_rtt=11685600 _base_bdp=146070 _bdp=146070 _min_cwnd=4150 _maxwnd=219105 _cwnd=219105
Initialize per-instance NSCC parameters: flowid 117 _base_rtt=11685600 _base_bdp=146070 _bdp=146070 _min_cwnd=4150 _maxwnd=219105 _cwnd=219105
Initialize per-instance NSCC parameters: flowid 118 _base_rtt=11685600 _base_bdp=146070 _bdp=146070 _min_cwnd=4150 _maxwnd=219105 _cwnd=219105
Initialize per-instance NSCC parameters: flowid 119 _base_rtt=11685600 _base_bdp=146070 _bdp=146070 _min_cwnd=4150 _maxwnd=219105 _cwnd=219105
Initialize per-instance NSCC parameters: flowid 120 _base_rtt=11685600 _base_bdp=146070 _bdp=146070 _min_cwnd=4150 _maxwnd=219105 _cwnd=219105
Initialize per-instance NSCC parameters: flowid 121 _base_rtt=11685600 _base_bdp=146070 _bdp=146070 _min_cwnd=4150 _maxwnd=219105 _cwnd=219105
Initialize per-instance NSCC parameters: flowid 122 _base_rtt=11685600 _base_bdp=146070 _bdp=146070 _min_cwnd=4150 _maxwnd=219105 _cwnd=219105
Initialize per-instance NSCC parameters: flowid 123 _base_rtt=11685600 _base_bdp=146070 _bdp=146070 _min_cwnd=4150 _maxwnd=219105 _cwnd=219105
Initialize per-instance NSCC parameters: flowid 124 _base_rtt=11685600 _base_bdp=146070 _bdp=146070 _min_cwnd=4150 _maxwnd=219105 _cwnd=219105
Initialize per-instance NSCC parameters: flowid 125 _base_rtt=11685600 _base_bdp=146070 _bdp=146070 _min_cwnd=4150 _maxwnd=219105 _cwnd=219105
Initialize per-instance NSCC parameters: flowid 126 _base_rtt=11685600 _base_bdp=146070 _bdp=146070 _min_cwnd=4150 _maxwnd=219105 _cwnd=219105
Initialize per-instance NSCC parameters: flowid 127 _base_rtt=11685600 _base_bdp=146070 _bdp=146070 _min_cwnd=4150 _maxwnd=219105 _cwnd=219105
Initialize per-instance NSCC parameters: flowid 128 _base_rtt=11685600 _base_bdp=146070 _bdp=146070 _min_cwnd=4150 _maxwnd=219105 _cwnd=219105
Initialize per-instance NSCC parameters: flowid 129 _base_rtt=11685600 _base_bdp=146070 _bdp=146070 _min_cwnd=4150 _maxwnd=219105 _cwnd=219105
Initialize per-instance NSCC parameters: flowid 130 _base_rtt=11685600 _base_bdp=146070 _bdp=146070 _min_cwnd=4150 _maxwnd=219105 _cwnd=219105
Initialize per-instance NSCC parameters: flowid 131 _base_rtt=11685600 _base_bdp=146070 _bdp=146070 _min_cwnd=4150 _maxwnd=219105 _cwnd=219105
Initialize per-instance NSCC parameters: flowid 132 _base_rtt=11685600 _base_bdp=146070 _bdp=146070 _min_cwnd=4150 _maxwnd=219105 _cwnd=219105
Initialize per-instance NSCC parameters: flowid 133 _base_rtt=11685600 _base_bdp=146070 _bdp=146070 _min_cwnd=4150 _maxwnd=219105 _cwnd=219105
Initialize per-instance NSCC parameters: flowid 134 _base_rtt=11685600 _base_bdp=146070 _bdp=146070 _min_cwnd=4150 _maxwnd=219105 _cwnd=219105
Initialize per-instance NSCC parameters: flowid 135 _base_rtt=11685600 _base_bdp=146070 _bdp=146070 _min_cwnd=4150 _maxwnd=219105 _cwnd=219105
Initialize per-instance NSCC parameters: flowid 136 _base_rtt=11685600 _base_bdp=146070 _bdp=146070 _min_cwnd=4150 _maxwnd=219105 _cwnd=219105
Initialize per-instance NSCC parameters: flowid 137 _base_rtt=11685600 _base_bdp=146070 _bdp=146070 _min_cwnd=4150 _maxwnd=219105 _cwnd=219105
Initialize per-instance NSCC parameters: flowid 138 _base_rtt=11685600 _base_bdp=146070 _bdp=146070 _min_cwnd=4150 _maxwnd=219105 _cwnd=219105
Initialize per-instance NSCC parameters: flowid 139 _base_rtt=11685600 _base_bdp=146070 _bdp=146070 _min_cwnd=4150 _maxwnd=219105 _cwnd=219105
Initialize per-instance NSCC parameters: flowid 140 _base_rtt=11685600 _base_bdp=146070 _bdp=146070 _min_cwnd=4150 _maxwnd=219105 _cwnd=219105
Initialize per-instance NSCC parameters: flowid 141 _base_rtt=11685600 _base_bdp=146070 _bdp=146070 _min_cwnd=4150 _maxwnd=219105 _cwnd=219105
Initialize per-instance NSCC parameters: flowid 142 _base_rtt=11685600 _base_bdp=146070 _bdp=146070 _min_cwnd=4150 _maxwnd=219105 _cwnd=219105
Initialize per-instance NSCC parameters: flowid 143 _base_rtt=11685600 _base_bdp=146070 _bdp=146070 _min_cwnd=4150 _maxwnd=219105 _cwnd=219105
Initialize per-instance NSCC parameters: flowid 144 _base_rtt=11685600 _base_bdp=146070 _bdp=146070 _min_cwnd=4150 _maxwnd=219105 _cwnd=219105
Initialize per-instance NSCC parameters: flowid 145 _base_rtt=11685600 _base_bdp=146070 _bdp=146070 _min_cwnd=4150 _maxwnd=219105 _cwnd=219105
Initialize per-instance NSCC parameters: flowid 146 _base_rtt=11685600 _base_bdp=146070 _bdp=146070 _min_cwnd=4150 _maxwnd=219105 _cwnd=219105
Initialize per-instance NSCC parameters: flowid 147 _base_rtt=11685600 _base_bdp=146070 _bdp=146070 _min_cwnd=4150 _maxwnd=219105 _cwnd=219105
Initialize per-instance NSCC parameters: flowid 148 _base_rtt=11685600 _base_bdp=146070 _bdp=146070 _min_cwnd=4150 _maxwnd=219105 _cwnd=219105
Initialize per-instance NSCC parameters: flowid 149 _base_rtt=11685600 _base_bdp=146070 _bdp=146070 _min_cwnd=4150 _maxwnd=219105 _cwnd=219105
Initialize per-instance NSCC parameters: flowid 150 _base_rtt=11685600 _base_bdp=146070 _bdp=146070 _min_cwnd=4150 _maxwnd=219105 _cwnd=219105
Initialize per-instance NSCC parameters: flowid 151 _base_rtt=11685600 _base_bdp=146070 _bdp=146070 _min_cwnd=4150 _maxwnd=219105 _cwnd=219105
Initialize per-instance NSCC parameters: flowid 152 _base_rtt=11685600 _base_bdp=146070 _bdp=146070 _min_cwnd=4150 _maxwnd=219105 _cwnd=219105
Initialize per-instance NSCC parameters: flowid 153 _base_rtt=11685600 _base_bdp=146070 _bdp=146070 _min_cwnd=4150 _maxwnd=219105 _cwnd=219105
Initialize per-instance NSCC parameters: flowid 154 _base_rtt=11685600 _base_bdp=146070 _bdp=146070 _min_cwnd=4150 _maxwnd=219105 _cwnd=219105
Starting simulation
Flow Uec_207_79 flowId 1 uecSrc 0 starting at 0
Flow Uec_48_176 flowId 2 uecSrc 1 starting at 0
Flow Uec_49_177 flowId 3 uecSrc 2 starting at 0
Flow Uec_233_105 flowId 4 uecSrc 3 starting at 0
Flow Uec_121_249 flowId 5 uecSrc 4 starting at 0
Flow Uec_251_123 flowId 6 uecSrc 5 starting at 0
Flow Uec_46_174 flowId 7 uecSrc 6 starting at 0
Flow Uec_86_214 flowId 8 uecSrc 7 starting at 0
Flow Uec_101_229 flowId 9 uecSrc 8 starting at 0
Flow Uec_175_47 flowId 10 uecSrc 9 starting at 0
Flow Uec_146_18 flowId 11 uecSrc 10 starting at 0
Flow Uec_87_215 flowId 12 uecSrc 11 starting at 0
Flow Uec_39_167 flowId 13 uecSrc 12 starting at 0
Flow Uec_64_192 flowId 14 uecSrc 13 starting at 0
Flow Uec_42_170 flowId 15 uecSrc 14 starting at 0
Flow Uec_168_40 flowId 16 uecSrc 15 starting at 0
Flow Uec_193_65 flowId 17 uecSrc 16 starting at 0
Flow Uec_35_163 flowId 18 uecSrc 17 starting at 0
Flow Uec_24_152 flowId 19 uecSrc 18 starting at 0
Flow Uec_5_133 flowId 20 uecSrc 19 starting at 0
Flow Uec_95_223 flowId 21 uecSrc 20 starting at 0
Flow Uec_167_39 flowId 22 uecSrc 21 starting at 0
Flow Uec_241_113 flowId 23 uecSrc 22 starting at 0
Flow Uec_31_159 flowId 24 uecSrc 23 starting at 0
Flow Uec_182_54 flowId 25 uecSrc 24 starting at 0
Flow Uec_226_98 flowId 26 uecSrc 25 starting at 0
Flow Uec_216_88 flowId 27 uecSrc 26 starting at 0
Flow Uec_189_61 flowId 28 uecSrc 27 starting at 0
Flow Uec_142_14 flowId 29 uecSrc 28 starting at 0
Flow Uec_113_241 flowId 30 uecSrc 29 starting at 0
Flow Uec_179_51 flowId 31 uecSrc 30 starting at 0
Flow Uec_51_179 flowId 32 uecSrc 31 starting at 0
Flow Uec_166_38 flowId 33 uecSrc 32 starting at 0
Flow Uec_254_126 flowId 34 uecSrc 33 starting at 0
Flow Uec_198_70 flowId 35 uecSrc 34 starting at 0
Flow Uec_173_45 flowId 36 uecSrc 35 starting at 0
Flow Uec_212_84 flowId 37 uecSrc 36 starting at 0
Flow Uec_1_129 flowId 38 uecSrc 37 starting at 0
Flow Uec_100_228 flowId 39 uecSrc 38 starting at 0
Flow Uec_97_225 flowId 40 uecSrc 39 starting at 0
Flow Uec_126_254 flowId 41 uecSrc 40 starting at 0
Flow Uec_45_173 flowId 42 uecSrc 41 starting at 0
Flow Uec_82_210 flowId 43 uecSrc 42 starting at 0
Flow Uec_174_46 flowId 44 uecSrc 43 starting at 0
Flow Uec_107_235 flowId 45 uecSrc 44 starting at 0
Flow Uec_73_201 flowId 46 uecSrc 45 starting at 0
Flow Uec_148_20 flowId 47 uecSrc 46 starting at 0
Flow Uec_180_52 flowId 48 uecSrc 47 starting at 0
Flow Uec_106_234 flowId 49 uecSrc 48 starting at 0
Flow Uec_3_131 flowId 50 uecSrc 49 starting at 0
Flow Uec_80_208 flowId 51 uecSrc 50 starting at 0
Flow Uec_21_149 flowId 52 uecSrc 51 starting at 0
Flow Uec_94_222 flowId 53 uecSrc 52 starting at 0
Flow Uec_157_29 flowId 54 uecSrc 53 starting at 0
Flow Uec_240_112 flowId 55 uecSrc 54 starting at 0
Flow Uec_66_194 flowId 56 uecSrc 55 starting at 0
Flow Uec_151_23 flowId 57 uecSrc 56 starting at 0
Flow Uec_103_231 flowId 58 uecSrc 57 starting at 0
Flow Uec_202_74 flowId 59 uecSrc 58 starting at 0
Flow Uec_98_226 flowId 60 uecSrc 59 starting at 0
Flow Uec_132_4 flowId 61 uecSrc 60 starting at 0
Flow Uec_253_125 flowId 62 uecSrc 61 starting at 0
Flow Uec_220_92 flowId 63 uecSrc 62 starting at 0
Flow Uec_75_203 flowId 64 uecSrc 63 starting at 0
Flow Uec_249_121 flowId 65 uecSrc 64 starting at 0
Flow Uec_116_244 flowId 66 uecSrc 65 starting at 0
Flow Uec_239_111 flowId 67 uecSrc 66 starting at 0
Flow Uec_138_10 flowId 68 uecSrc 67 starting at 0
Flow Uec_213_85 flowId 69 uecSrc 68 starting at 0
Flow Uec_58_186 flowId 70 uecSrc 69 starting at 0
Flow Uec_206_78 flowId 71 uecSrc 70 starting at 0
Flow Uec_127_255 flowId 72 uecSrc 71 starting at 0
Flow Uec_143_15 flowId 73 uecSrc 72 starting at 0
Flow Uec_162_34 flowId 74 uecSrc 73 starting at 0
Flow Uec_120_248 flowId 75 uecSrc 74 starting at 0
Flow Uec_125_253 flowId 76 uecSrc 75 starting at 0
Flow Uec_237_109 flowId 77 uecSrc 76 starting at 0
Flow Uec_70_198 flowId 78 uecSrc 77 starting at 0
Flow Uec_244_116 flowId 79 uecSrc 78 starting at 0
Flow Uec_59_187 flowId 80 uecSrc 79 starting at 0
Flow Uec_23_151 flowId 81 uecSrc 80 starting at 0
Flow Uec_225_97 flowId 82 uecSrc 81 starting at 0
Flow Uec_0_128 flowId 83 uecSrc 82 starting at 0
Flow Uec_149_21 flowId 84 uecSrc 83 starting at 0
Flow Uec_41_169 flowId 85 uecSrc 84 starting at 0
Flow Uec_7_135 flowId 86 uecSrc 85 starting at 0
Flow Uec_108_236 flowId 87 uecSrc 86 starting at 0
Flow Uec_242_114 flowId 88 uecSrc 87 starting at 0
Flow Uec_8_136 flowId 89 uecSrc 88 starting at 0
Flow Uec_56_184 flowId 90 uecSrc 89 starting at 0
Flow Uec_250_122 flowId 91 uecSrc 90 starting at 0
Flow Uec_38_166 flowId 92 uecSrc 91 starting at 0
Flow Uec_140_12 flowId 93 uecSrc 92 starting at 0
Flow Uec_78_206 flowId 94 uecSrc 93 starting at 0
Flow Uec_79_207 flowId 95 uecSrc 94 starting at 0
Flow Uec_33_161 flowId 96 uecSrc 95 starting at 0
Flow Uec_54_182 flowId 97 uecSrc 96 starting at 0
Flow Uec_219_91 flowId 98 uecSrc 97 starting at 0
Flow Uec_222_94 flowId 99 uecSrc 98 starting at 0
Flow Uec_37_165 flowId 100 uecSrc 99 starting at 0
Flow Uec_123_251 flowId 101 uecSrc 100 starting at 0
Flow Uec_231_103 flowId 102 uecSrc 101 starting at 0
Flow Uec_144_16 flowId 103 uecSrc 102 starting at 0
Flow Uec_171_43 flowId 104 uecSrc 103 starting at 0
Flow Uec_15_143 flowId 105 uecSrc 104 starting at 0
Flow Uec_28_156 flowId 106 uecSrc 105 starting at 0
Flow Uec_44_172 flowId 107 uecSrc 106 starting at 0
Flow Uec_160_32 flowId 108 uecSrc 107 starting at 0
Flow Uec_183_55 flowId 109 uecSrc 108 starting at 0
Flow Uec_165_37 flowId 110 uecSrc 109 starting at 0
Flow Uec_43_171 flowId 111 uecSrc 110 starting at 0
Flow Uec_130_2 flowId 112 uecSrc 111 starting at 0
Flow Uec_238_110 flowId 113 uecSrc 112 starting at 0
Flow Uec_19_147 flowId 114 uecSrc 113 starting at 0
Flow Uec_17_145 flowId 115 uecSrc 114 starting at 0
Flow Uec_32_160 flowId 116 uecSrc 115 starting at 0
Flow Uec_92_220 flowId 117 uecSrc 116 starting at 0
Flow Uec_27_155 flowId 118 uecSrc 117 starting at 0
Flow Uec_122_250 flowId 119 uecSrc 118 starting at 0
Flow Uec_145_17 flowId 120 uecSrc 119 starting at 0
Flow Uec_147_19 flowId 121 uecSrc 120 starting at 0
Flow Uec_255_127 flowId 122 uecSrc 121 starting at 0
Flow Uec_57_185 flowId 123 uecSrc 122 starting at 0
Flow Uec_13_141 flowId 124 uecSrc 123 starting at 0
Flow Uec_217_89 flowId 125 uecSrc 124 starting at 0
Flow Uec_136_8 flowId 126 uecSrc 125 starting at 0
Flow Uec_22_150 flowId 127 uecSrc 126 starting at 0
Flow Uec_211_83 flowId 128 uecSrc 127 starting at 0
Flow Uec_114_242 flowId 129 uecSrc 128 starting at 0
Flow Uec_186_58 flowId 130 uecSrc 129 starting at 0
Flow Uec_69_197 flowId 131 uecSrc 130 starting at 0
Flow Uec_68_196 flowId 132 uecSrc 131 starting at 0
Flow Uec_195_67 flowId 133 uecSrc 132 starting at 0
Flow Uec_30_158 flowId 134 uecSrc 133 starting at 0
Flow Uec_60_188 flowId 135 uecSrc 134 starting at 0
Flow Uec_247_119 flowId 136 uecSrc 135 starting at 0
Flow Uec_36_164 flowId 137 uecSrc 136 starting at 0
Flow Uec_199_71 flowId 138 uecSrc 137 starting at 0
Flow Uec_2_130 flowId 139 uecSrc 138 starting at 0
Flow Uec_190_62 flowId 140 uecSrc 139 starting at 0
Flow Uec_91_219 flowId 141 uecSrc 140 starting at 0
Flow Uec_210_82 flowId 142 uecSrc 141 starting at 0
Flow Uec_194_66 flowId 143 uecSrc 142 starting at 0
Flow Uec_18_146 flowId 144 uecSrc 143 starting at 0
Flow Uec_62_190 flowId 145 uecSrc 144 starting at 0
Flow Uec_137_9 flowId 146 uecSrc 145 starting at 0
Flow Uec_235_107 flowId 147 uecSrc 146 starting at 0
Flow Uec_228_100 flowId 148 uecSrc 147 starting at 0
Flow Uec_16_144 flowId 149 uecSrc 148 starting at 0
Flow Uec_67_195 flowId 150 uecSrc 149 starting at 0
Flow Uec_191_63 flowId 151 uecSrc 150 starting at 0
Flow Uec_185_57 flowId 152 uecSrc 151 starting at 0
Flow Uec_89_217 flowId 153 uecSrc 152 starting at 0
Flow Uec_55_183 flowId 154 uecSrc 153 starting at 0
140.872 flowid 151 Spurious 49
141.868 flowid 151 Spurious 52
143.979 flowid 149 Spurious 52
144.311 flowid 149 Spurious 55
144.529 flowid 151 Spurious 57
144.643 flowid 149 Spurious 57
144.967 flowid 2 Spurious 46
145.269 flowid 133 Spurious 28
145.601 flowid 133 Spurious 29
145.844 flowid 17 Spurious 51
146.191 flowid 17 Spurious 52
146.523 flowid 17 Spurious 53
146.933 flowid 15 Spurious 60
147.77 flowid 83 Spurious 50
147.866 flowid 17 Spurious 56
148.204 flowid 17 Spurious 57
148.855 flowid 151 Spurious 59
148.873 flowid 17 Spurious 59
149.187 flowid 151 Spurious 60
149.207 flowid 2 Spurious 51
149.519 flowid 151 Spurious 63
149.542 flowid 17 Spurious 61
149.884 flowid 17 Spurious 62
150.52 flowid 151 Spurious 65
150.852 flowid 151 Spurious 66
151.189 flowid 151 Spurious 67
151.858 flowid 151 Spurious 68
152.195 flowid 151 Spurious 69
152.49 flowid 52 Spurious 73
152.527 flowid 151 Spurious 71
152.914 flowid 15 Spurious 59
154.176 flowid 24 Spurious 76
156.442 flowid 17 Spurious 64
157.121 flowid 17 Spurious 65
157.795 flowid 17 Spurious 66
158.464 flowid 17 Spurious 67
158.807 flowid 17 Spurious 68
159.412 flowid 81 Spurious 76
159.476 flowid 17 Spurious 70
160.15 flowid 17 Spurious 71
160.487 flowid 17 Spurious 72
160.829 flowid 17 Spurious 73
161.166 flowid 17 Spurious 75
161.498 flowid 17 Spurious 76
161.653 flowid 81 Spurious 75
166.138 flowid 24 Spurious 99
169.095 flowid 52 Spurious 103
169.764 flowid 52 Spurious 104
Flow Uec_125_253 flowId 76 uecSrc 75 finished at 175.147 total messages 1 total packets 490 RTS 0 total bytes 2002140 in_flight now 0 fair_inc 0 prop_inc 85111 fast_inc 60615 eta_inc 8344 multi_dec -0 quick_dec -0 nack_dec -0
Flow Uec_186_58 flowId 130 uecSrc 129 finished at 176.222 total messages 1 total packets 490 RTS 0 total bytes 2002140 in_flight now 0 fair_inc 0 prop_inc 97309 fast_inc 0 eta_inc 8344 multi_dec -0 quick_dec -0 nack_dec -0
Flow Uec_108_236 flowId 87 uecSrc 86 finished at 176.47 total messages 1 total packets 490 RTS 0 total bytes 2002140 in_flight now 0 fair_inc 0 prop_inc 55277 fast_inc 185886 eta_inc 8344 multi_dec -0 quick_dec -0 nack_dec -0
Flow Uec_122_250 flowId 119 uecSrc 118 finished at 176.85 total messages 1 total packets 490 RTS 0 total bytes 2002140 in_flight now 0 fair_inc 0 prop_inc 93019 fast_inc 0 eta_inc 8344 multi_dec -0 quick_dec -0 nack_dec -0
Flow Uec_185_57 flowId 152 uecSrc 151 finished at 177.264 total messages 1 total packets 490 RTS 0 total bytes 2002140 in_flight now 0 fair_inc 0 prop_inc 84801 fast_inc 0 eta_inc 8344 multi_dec -0 quick_dec -0 nack_dec -0
Flow Uec_132_4 flowId 61 uecSrc 60 finished at 177.724 total messages 1 total packets 490 RTS 0 total bytes 2002140 in_flight now 0 fair_inc 0 prop_inc 70895 fast_inc 0 eta_inc 8344 multi_dec -0 quick_dec -0 nack_dec -0
Flow Uec_147_19 flowId 121 uecSrc 120 finished at 179.137 total messages 1 total packets 490 RTS 0 total bytes 2002140 in_flight now 0 fair_inc 0 prop_inc 78918 fast_inc 0 eta_inc 8344 multi_dec -0 quick_dec -0 nack_dec -0
Flow Uec_211_83 flowId 128 uecSrc 127 finished at 179.251 total messages 1 total packets 490 RTS 0 total bytes 2002140 in_flight now 0 fair_inc 0 prop_inc 65770 fast_inc 16164 eta_inc 8344 multi_dec -0 quick_dec -0 nack_dec -0
Flow Uec_103_231 flowId 58 uecSrc 57 finished at 179.285 total messages 1 total packets 490 RTS 0 total bytes 2002140 in_flight now 0 fair_inc 0 prop_inc 74258 fast_inc 0 eta_inc 8344 multi_dec -0 quick_dec -0 nack_dec -0
Flow Uec_174_46 flowId 44 uecSrc 43 finished at 179.745 total messages 1 total packets 490 RTS 0 total bytes 2002140 in_flight now 0 fair_inc 0 prop_inc 78118 fast_inc 0 eta_inc 8344 multi_dec -0 quick_dec -0 nack_dec -0
Flow Uec_127_255 flowId 72 uecSrc 71 finished at 180.158 total messages 1 total packets 490 RTS 0 total bytes 2002140 in_flight now 0 fair_inc 0 prop_inc 62065 fast_inc 0 eta_inc 8344 multi_dec -0 quick_dec -0 nack_dec -0
Flow Uec_121_249 flowId 5 uecSrc 4 finished at 180.181 total messages 1 total packets 490 RTS 0 total bytes 2002140 in_flight now 0 fair_inc 0 prop_inc 53338 fast_inc 0 eta_inc 8344 multi_dec -0 quick_dec -0 nack_dec -0
Flow Uec_116_244 flowId 66 uecSrc 65 finished at 180.911 total messages 1 total packets 490 RTS 0 total bytes 2002140 in_flight now 0 fair_inc 0 prop_inc 52082 fast_inc 0 eta_inc 8344 multi_dec -0 quick_dec -0 nack_dec -0
Flow Uec_107_235 flowId 45 uecSrc 44 finished at 181.667 total messages 1 total packets 490 RTS 0 total bytes 2002140 in_flight now 0 fair_inc 0 prop_inc 42629 fast_inc 0 eta_inc 8344 multi_dec -0 quick_dec -0 nack_dec -0
Flow Uec_137_9 flowId 146 uecSrc 145 finished at 184.002 total messages 1 total packets 490 RTS 0 total bytes 2002140 in_flight now 0 fair_inc 0 prop_inc 58438 fast_inc 0 eta_inc 8344 multi_dec -0 quick_dec -0 nack_dec -0
Flow Uec_56_184 flowId 90 uecSrc 89 finished at 184.197 total messages 1 total packets 490 RTS 0 total bytes 2002140 in_flight now 0 fair_inc 0 prop_inc 24614 fast_inc 0 eta_inc 8940 multi_dec -0 quick_dec -0 nack_dec -0
Flow Uec_54_182 flowId 97 uecSrc 96 finished at 184.846 total messages 1 total packets 490 RTS 0 total bytes 2002140 in_flight now 0 fair_inc 0 prop_inc 32391 fast_inc 0 eta_inc 8940 multi_dec -0 quick_dec -0 nack_dec -0
Flow Uec_216_88 flowId 27 uecSrc 26 finished at 187.162 total messages 1 total packets 490 RTS 0 total bytes 2002140 in_flight now 0 fair_inc 0 prop_inc 27560 fast_inc 0 eta_inc 8940 multi_dec -0 quick_dec -0 nack_dec -0
189.352 flowid 85 Spurious 159
191.684 flowid 144 Spurious 153
194.005 flowid 85 Spurious 169
Flow Uec_249_121 flowId 65 uecSrc 64 finished at 195 total messages 1 total packets 490 RTS 0 total bytes 2002140 in_flight now 0 fair_inc 752 prop_inc 20254 fast_inc 0 eta_inc 9536 multi_dec -0 quick_dec -0 nack_dec -0
Flow Uec_251_123 flowId 6 uecSrc 5 finished at 195.233 total messages 1 total packets 490 RTS 0 total bytes 2002140 in_flight now 0 fair_inc 2625 prop_inc 24506 fast_inc 0 eta_inc 9536 multi_dec -0 quick_dec -0 nack_dec -0
Flow Uec_51_179 flowId 32 uecSrc 31 finished at 195.852 total messages 1 total packets 490 RTS 0 total bytes 2002140 in_flight now 0 fair_inc 0 prop_inc 22789 fast_inc 0 eta_inc 8940 multi_dec -0 quick_dec -0 nack_dec -0
Flow Uec_231_103 flowId 102 uecSrc 101 finished at 200.862 total messages 1 total packets 490 RTS 0 total bytes 2002140 in_flight now 0 fair_inc 6375 prop_inc 16159 fast_inc 0 eta_inc 9536 multi_dec -0 quick_dec -0 nack_dec -0
Flow Uec_7_135 flowId 86 uecSrc 85 finished at 203.04 total messages 1 total packets 490 RTS 0 total bytes 2002140 in_flight now 0 fair_inc 7869 prop_inc 10184 fast_inc 0 eta_inc 9536 multi_dec -0 quick_dec -0 nack_dec -0
Flow Uec_237_109 flowId 77 uecSrc 76 finished at 208.217 total messages 1 total packets 490 RTS 0 total bytes 2002140 in_flight now 0 fair_inc 8252 prop_inc 12917 fast_inc 0 eta_inc 10132 multi_dec -0 quick_dec -0 nack_dec -0
Flow Uec_2_130 flowId 139 uecSrc 138 finished at 208.405 total messages 1 total packets 490 RTS 0 total bytes 2002140 in_flight now 0 fair_inc 14587 prop_inc 31986 fast_inc 0 eta_inc 9536 multi_dec -0 quick_dec -0 nack_dec -8300
Flow Uec_39_167 flowId 13 uecSrc 12 finished at 215.717 total messages 1 total packets 490 RTS 0 total bytes 2002140 in_flight now 0 fair_inc 5417 prop_inc 52124 fast_inc 0 eta_inc 10132 multi_dec -75009 quick_dec -0 nack_dec -0
219.279 flowid 7 Spurious 227
223.595 flowid 7 Spurious 225
224.55 flowid 111 Spurious 243
Flow Uec_250_122 flowId 91 uecSrc 90 finished at 225.228 total messages 1 total packets 490 RTS 0 total bytes 2002140 in_flight now 0 fair_inc 9733 prop_inc 30635 fast_inc 0 eta_inc 10728 multi_dec -76351 quick_dec -0 nack_dec -0
225.546 flowid 111 Spurious 245
Flow Uec_179_51 flowId 31 uecSrc 30 finished at 226.583 total messages 1 total packets 490 RTS 0 total bytes 2002140 in_flight now 0 fair_inc 5541 prop_inc 28047 fast_inc 0 eta_inc 10728 multi_dec -52461 quick_dec -0 nack_dec -12450
226.879 flowid 111 Spurious 247
227.172 flowid 85 Spurious 269
229.566 flowid 111 Spurious 249
231.292 flowid 107 Spurious 264
231.488 flowid 50 Spurious 225
Flow Uec_228_100 flowId 148 uecSrc 147 finished at 232.134 total messages 1 total packets 490 RTS 0 total bytes 2002140 in_flight now 0 fair_inc 5318 prop_inc 25486 fast_inc 0 eta_inc 11324 multi_dec -71743 quick_dec -0 nack_dec -0
Flow Uec_38_166 flowId 92 uecSrc 91 finished at 232.583 total messages 1 total packets 490 RTS 0 total bytes 2002140 in_flight now 0 fair_inc 16569 prop_inc 7712 fast_inc 0 eta_inc 11324 multi_dec -39119 quick_dec -0 nack_dec -0
232.625 flowid 107 Spurious 269
233.294 flowid 107 Spurious 271
233.912 flowid 111 Spurious 273
235.738 flowid 52 Spurious 270
238.309 flowid 107 Spurious 288
238.553 flowid 52 Spurious 278
245.141 flowid 144 Spurious 253
249.83 flowid 115 Spurious 271
250.062 flowid 42 Spurious 298
250.494 flowid 115 Spurious 274
253.16 flowid 115 Spurious 281
Flow Uec_27_155 flowId 118 uecSrc 117 finished at 260.644 total messages 1 total packets 492 RTS 2 total bytes 2002140 in_flight now 0 fair_inc 5999 prop_inc 22735 fast_inc 0 eta_inc 11920 multi_dec -54763 quick_dec -0 nack_dec -4150
264.249 flowid 115 Spurious 304
266.846 flowid 18 Spurious 234
281.862 flowid 7 Spurious 364
Flow Uec_46_174 flowId 7 uecSrc 6 finished at 296.081 total messages 1 total packets 494 RTS 4 total bytes 2002140 in_flight now 0 fair_inc 17009 prop_inc 13140 fast_inc 0 eta_inc 12516 multi_dec -0 quick_dec -0 nack_dec -0
Flow Uec_45_173 flowId 42 uecSrc 41 finished at 300.097 total messages 1 total packets 493 RTS 3 total bytes 2002140 in_flight now 0 fair_inc 10724 prop_inc 8038 fast_inc 0 eta_inc 11920 multi_dec -0 quick_dec -175627 nack_dec -4150
Flow Uec_146_18 flowId 11 uecSrc 10 finished at 305.335 total messages 1 total packets 490 RTS 0 total bytes 2002140 in_flight now 0 fair_inc 2192 prop_inc 50154 fast_inc 0 eta_inc 14304 multi_dec -111767 quick_dec -0 nack_dec -24900
Flow Uec_101_229 flowId 9 uecSrc 8 finished at 306.41 total messages 1 total packets 490 RTS 0 total bytes 2002140 in_flight now 0 fair_inc 5722 prop_inc 30419 fast_inc 0 eta_inc 14900 multi_dec -88749 quick_dec -0 nack_dec -37350
Flow Uec_37_165 flowId 100 uecSrc 99 finished at 306.863 total messages 1 total packets 491 RTS 1 total bytes 2002140 in_flight now 0 fair_inc 13487 prop_inc 15860 fast_inc 0 eta_inc 11920 multi_dec -0 quick_dec -0 nack_dec -0
Flow Uec_5_133 flowId 20 uecSrc 19 finished at 307.224 total messages 1 total packets 490 RTS 0 total bytes 2002140 in_flight now 0 fair_inc 7923 prop_inc 31206 fast_inc 0 eta_inc 10132 multi_dec -0 quick_dec -190055 nack_dec -16600
Flow Uec_182_54 flowId 25 uecSrc 24 finished at 308.574 total messages 1 total packets 490 RTS 0 total bytes 2002140 in_flight now 0 fair_inc 8622 prop_inc 42217 fast_inc 229813 eta_inc 14304 multi_dec -132293 quick_dec -0 nack_dec -49800
310.561 flowid 100 Spurious 474
312.34 flowid 17 Spurious 278
Flow Uec_41_169 flowId 85 uecSrc 84 finished at 313.745 total messages 1 total packets 494 RTS 4 total bytes 2002140 in_flight now -64 fair_inc 11467 prop_inc 13190 fast_inc 0 eta_inc 12516 multi_dec -0 quick_dec -0 nack_dec -0
314.324 flowid 144 Spurious 399
Flow Uec_21_149 flowId 52 uecSrc 51 finished at 315.083 total messages 1 total packets 492 RTS 2 total bytes 2002140 in_flight now 0 fair_inc 13043 prop_inc 10232 fast_inc 0 eta_inc 12516 multi_dec -0 quick_dec -0 nack_dec -0
316.525 flowid 144 Spurious 404
Flow Uec_225_97 flowId 82 uecSrc 81 finished at 317.129 total messages 1 total packets 490 RTS 0 total bytes 2002140 in_flight now 0 fair_inc 6228 prop_inc 27733 fast_inc 0 eta_inc 14900 multi_dec -78925 quick_dec -0 nack_dec -45650
Flow Uec_143_15 flowId 73 uecSrc 72 finished at 317.521 total messages 1 total packets 490 RTS 0 total bytes 2002140 in_flight now 0 fair_inc 4126 prop_inc 48065 fast_inc 0 eta_inc 14900 multi_dec -118002 quick_dec -0 nack_dec -29050
Flow Uec_18_146 flowId 144 uecSrc 143 finished at 319.135 total messages 1 total packets 495 RTS 5 total bytes 2002140 in_flight now -64 fair_inc 26464 prop_inc 14857 fast_inc 0 eta_inc 13112 multi_dec -25200 quick_dec -117897 nack_dec -16600
Flow Uec_15_143 flowId 105 uecSrc 104 finished at 320.186 total messages 1 total packets 490 RTS 0 total bytes 2002140 in_flight now 0 fair_inc 8531 prop_inc 66123 fast_inc 0 eta_inc 14900 multi_dec -162824 quick_dec -0 nack_dec -0
Flow Uec_100_228 flowId 39 uecSrc 38 finished at 321.963 total messages 1 total packets 490 RTS 0 total bytes 2002140 in_flight now 0 fair_inc 10460 prop_inc 31847 fast_inc 0 eta_inc 15496 multi_dec -86769 quick_dec -0 nack_dec -45650
Flow Uec_202_74 flowId 59 uecSrc 58 finished at 324.159 total messages 1 total packets 490 RTS 0 total bytes 2002140 in_flight now 0 fair_inc 1755 prop_inc 28871 fast_inc 0 eta_inc 15496 multi_dec -76436 quick_dec -0 nack_dec -53950
Flow Uec_59_187 flowId 80 uecSrc 79 finished at 325.613 total messages 1 total packets 490 RTS 0 total bytes 2002140 in_flight now 0 fair_inc 5968 prop_inc 45455 fast_inc 0 eta_inc 15496 multi_dec -108145 quick_dec -0 nack_dec -37350
Flow Uec_206_78 flowId 71 uecSrc 70 finished at 326.299 total messages 1 total packets 490 RTS 0 total bytes 2002140 in_flight now 0 fair_inc 8578 prop_inc 25889 fast_inc 0 eta_inc 15496 multi_dec -80965 quick_dec -0 nack_dec -49800
Flow Uec_22_150 flowId 127 uecSrc 126 finished at 326.983 total messages 1 total packets 492 RTS 2 total bytes 2002140 in_flight now 0 fair_inc 23275 prop_inc 38451 fast_inc 0 eta_inc 14900 multi_dec -98339 quick_dec -0 nack_dec -20750
Flow Uec_44_172 flowId 107 uecSrc 106 finished at 328.684 total messages 1 total packets 491 RTS 1 total bytes 2002140 in_flight now 0 fair_inc 8779 prop_inc 21266 fast_inc 0 eta_inc 13708 multi_dec -0 quick_dec -0 nack_dec -0
Flow Uec_233_105 flowId 4 uecSrc 3 finished at 329.407 total messages 1 total packets 490 RTS 0 total bytes 2002140 in_flight now 0 fair_inc 22619 prop_inc 36486 fast_inc 0 eta_inc 16092 multi_dec -93483 quick_dec -0 nack_dec -45650
Flow Uec_106_234 flowId 49 uecSrc 48 finished at 331.596 total messages 1 total packets 490 RTS 0 total bytes 2002140 in_flight now 0 fair_inc 5790 prop_inc 35165 fast_inc 0 eta_inc 16092 multi_dec -116194 quick_dec -0 nack_dec -29050
Flow Uec_75_203 flowId 64 uecSrc 63 finished at 332.442 total messages 1 total packets 490 RTS 0 total bytes 2002140 in_flight now 0 fair_inc 19532 prop_inc 33882 fast_inc 0 eta_inc 16092 multi_dec -112014 quick_dec -0 nack_dec -37350
Flow Uec_24_152 flowId 19 uecSrc 18 finished at 334.84 total messages 1 total packets 499 RTS 9 total bytes 2002140 in_flight now 0 fair_inc 4312 prop_inc 63719 fast_inc 0 eta_inc 15496 multi_dec -0 quick_dec -0 nack_dec -16600
Flow Uec_8_136 flowId 89 uecSrc 88 finished at 335.036 total messages 1 total packets 494 RTS 4 total bytes 2002140 in_flight now 0 fair_inc 4201 prop_inc 48375 fast_inc 0 eta_inc 12516 multi_dec -0 quick_dec -194878 nack_dec -12450
335.272 flowid 50 Spurious 465
Flow Uec_189_61 flowId 28 uecSrc 27 finished at 336.509 total messages 1 total packets 490 RTS 0 total bytes 2002140 in_flight now 0 fair_inc 8355 prop_inc 18789 fast_inc 0 eta_inc 16092 multi_dec -78689 quick_dec -0 nack_dec -49800
Flow Uec_145_17 flowId 120 uecSrc 119 finished at 336.952 total messages 1 total packets 490 RTS 0 total bytes 2002140 in_flight now 0 fair_inc 12798 prop_inc 27136 fast_inc 0 eta_inc 16092 multi_dec -83234 quick_dec -0 nack_dec -53950
Flow Uec_49_177 flowId 3 uecSrc 2 finished at 337.117 total messages 1 total packets 490 RTS 0 total bytes 2002140 in_flight now 0 fair_inc 7612 prop_inc 26723 fast_inc 0 eta_inc 16092 multi_dec -51790 quick_dec -0 nack_dec -78850
338.479 flowid 143 Spurious 238
Flow Uec_183_55 flowId 109 uecSrc 108 finished at 339.201 total messages 1 total packets 490 RTS 0 total bytes 2002140 in_flight now 0 fair_inc 4717 prop_inc 19966 fast_inc 0 eta_inc 16092 multi_dec -87966 quick_dec -0 nack_dec -41500
339.644 flowid 2 Spurious 301
Flow Uec_73_201 flowId 46 uecSrc 45 finished at 340.571 total messages 1 total packets 490 RTS 0 total bytes 2002140 in_flight now 0 fair_inc 20510 prop_inc 31196 fast_inc 0 eta_inc 14900 multi_dec -112887 quick_dec -0 nack_dec -41500
Flow Uec_113_241 flowId 30 uecSrc 29 finished at 341.616 total messages 1 total packets 490 RTS 0 total bytes 2002140 in_flight now 0 fair_inc 10253 prop_inc 30870 fast_inc 0 eta_inc 16092 multi_dec -76723 quick_dec -0 nack_dec -62250
Flow Uec_217_89 flowId 125 uecSrc 124 finished at 342.063 total messages 1 total packets 490 RTS 0 total bytes 2002140 in_flight now 0 fair_inc 8130 prop_inc 33013 fast_inc 0 eta_inc 16092 multi_dec -106965 quick_dec -0 nack_dec -37350
Flow Uec_140_12 flowId 93 uecSrc 92 finished at 344.1 total messages 1 total packets 490 RTS 0 total bytes 2002140 in_flight now 0 fair_inc 30423 prop_inc 32865 fast_inc 0 eta_inc 16092 multi_dec -100403 quick_dec -0 nack_dec -45650
344.445 flowid 2 Spurious 303
Flow Uec_98_226 flowId 60 uecSrc 59 finished at 345.736 total messages 1 total packets 490 RTS 0 total bytes 2002140 in_flight now 0 fair_inc 16239 prop_inc 44155 fast_inc 0 eta_inc 16688 multi_dec -107993 quick_dec -0 nack_dec -45650
Flow Uec_213_85 flowId 69 uecSrc 68 finished at 346.024 total messages 1 total packets 490 RTS 0 total bytes 2002140 in_flight now 0 fair_inc 7466 prop_inc 44331 fast_inc 0 eta_inc 16688 multi_dec -103332 quick_dec -0 nack_dec -45650
Flow Uec_220_92 flowId 63 uecSrc 62 finished at 346.43 total messages 1 total packets 490 RTS 0 total bytes 2002140 in_flight now 0 fair_inc 8966 prop_inc 42592 fast_inc 0 eta_inc 16688 multi_dec -101436 quick_dec -0 nack_dec -49800
346.626 flowid 50 Spurious 479
Flow Uec_31_159 flowId 24 uecSrc 23 finished at 346.697 total messages 1 total packets 497 RTS 7 total bytes 2002140 in_flight now -64 fair_inc 4238 prop_inc 51118 fast_inc 0 eta_inc 14900 multi_dec -0 quick_dec -127516 nack_dec -4150
Flow Uec_114_242 flowId 129 uecSrc 128 finished at 348.972 total messages 1 total packets 490 RTS 0 total bytes 2002140 in_flight now 0 fair_inc 3759 prop_inc 55716 fast_inc 0 eta_inc 16688 multi_dec -99001 quick_dec -0 nack_dec -53950
Flow Uec_235_107 flowId 147 uecSrc 146 finished at 349.594 total messages 1 total packets 490 RTS 0 total bytes 2002140 in_flight now 0 fair_inc 18814 prop_inc 51375 fast_inc 0 eta_inc 16688 multi_dec -132052 quick_dec -0 nack_dec -29050
Flow Uec_17_145 flowId 115 uecSrc 114 finished at 353.196 total messages 1 total packets 494 RTS 4 total bytes 2002140 in_flight now -64 fair_inc 24373 prop_inc 14149 fast_inc 0 eta_inc 14900 multi_dec -57585 quick_dec -129870 nack_dec -4150
Flow Uec_3_131 flowId 50 uecSrc 49 finished at 353.322 total messages 1 total packets 492 RTS 2 total bytes 2002140 in_flight now 0 fair_inc 13078 prop_inc 27927 fast_inc 0 eta_inc 13112 multi_dec -4968 quick_dec -170751 nack_dec -29050
Flow Uec_60_188 flowId 135 uecSrc 134 finished at 353.799 total messages 1 total packets 490 RTS 0 total bytes 2002140 in_flight now 0 fair_inc 9004 prop_inc 52831 fast_inc 14629 eta_inc 16688 multi_dec -142088 quick_dec -0 nack_dec -24900
Flow Uec_190_62 flowId 140 uecSrc 139 finished at 353.88 total messages 1 total packets 490 RTS 0 total bytes 2002140 in_flight now 0 fair_inc 12304 prop_inc 61343 fast_inc 0 eta_inc 16688 multi_dec -123136 quick_dec -0 nack_dec -37350
Flow Uec_43_171 flowId 111 uecSrc 110 finished at 354.009 total messages 1 total packets 493 RTS 3 total bytes 2002140 in_flight now 0 fair_inc 8813 prop_inc 26233 fast_inc 0 eta_inc 13708 multi_dec -0 quick_dec -160616 nack_dec -12450
Flow Uec_58_186 flowId 70 uecSrc 69 finished at 354.939 total messages 1 total packets 490 RTS 0 total bytes 2002140 in_flight now 0 fair_inc 9182 prop_inc 35655 fast_inc 0 eta_inc 16688 multi_dec -92397 quick_dec -0 nack_dec -58100
Flow Uec_136_8 flowId 126 uecSrc 125 finished at 355.582 total messages 1 total packets 490 RTS 0 total bytes 2002140 in_flight now 0 fair_inc 11662 prop_inc 63917 fast_inc 0 eta_inc 16092 multi_dec -118679 quick_dec -0 nack_dec -53950
Flow Uec_255_127 flowId 122 uecSrc 121 finished at 355.757 total messages 1 total packets 490 RTS 0 total bytes 2002140 in_flight now 0 fair_inc 15558 prop_inc 46219 fast_inc 0 eta_inc 16688 multi_dec -128910 quick_dec -0 nack_dec -33200
Flow Uec_16_144 flowId 149 uecSrc 148 finished at 357.944 total messages 1 total packets 493 RTS 3 total bytes 2002140 in_flight now 0 fair_inc 9368 prop_inc 81955 fast_inc 16163 eta_inc 15496 multi_dec -160051 quick_dec -0 nack_dec -4150
Flow Uec_253_125 flowId 62 uecSrc 61 finished at 360.234 total messages 1 total packets 490 RTS 0 total bytes 2002140 in_flight now 0 fair_inc 21098 prop_inc 45351 fast_inc 0 eta_inc 15496 multi_dec -103844 quick_dec -0 nack_dec -58100
Flow Uec_13_141 flowId 124 uecSrc 123 finished at 361.062 total messages 1 total packets 497 RTS 7 total bytes 2002140 in_flight now 0 fair_inc 14216 prop_inc 42339 fast_inc 0 eta_inc 14900 multi_dec -0 quick_dec -152138 nack_dec -4150
Flow Uec_138_10 flowId 68 uecSrc 67 finished at 373.976 total messages 1 total packets 490 RTS 0 total bytes 2002140 in_flight now 0 fair_inc 14104 prop_inc 67570 fast_inc 0 eta_inc 17284 multi_dec -123965 quick_dec -0 nack_dec -49800
Flow Uec_240_112 flowId 55 uecSrc 54 finished at 377.725 total messages 1 total packets 490 RTS 0 total bytes 2002140 in_flight now 0 fair_inc 9491 prop_inc 61110 fast_inc 0 eta_inc 17880 multi_dec -131702 quick_dec -0 nack_dec -53950
380.862 flowid 134 Spurious 418
382.92 flowid 134 Spurious 425
Flow Uec_23_151 flowId 81 uecSrc 80 finished at 386.973 total messages 1 total packets 495 RTS 5 total bytes 2002140 in_flight now 0 fair_inc 17779 prop_inc 69862 fast_inc 15152 eta_inc 16688 multi_dec -145167 quick_dec -0 nack_dec -0
388.739 flowid 134 Spurious 422
Flow Uec_242_114 flowId 88 uecSrc 87 finished at 388.887 total messages 1 total packets 490 RTS 0 total bytes 2002140 in_flight now 0 fair_inc 4895 prop_inc 65239 fast_inc 0 eta_inc 17284 multi_dec -149862 quick_dec -0 nack_dec -33200
Flow Uec_19_147 flowId 114 uecSrc 113 finished at 389.441 total messages 1 total packets 494 RTS 4 total bytes 2002140 in_flight now 0 fair_inc 11620 prop_inc 48431 fast_inc 82312 eta_inc 17880 multi_dec -161275 quick_dec -0 nack_dec -8300
390.736 flowid 134 Spurious 427
Flow Uec_244_116 flowId 79 uecSrc 78 finished at 392.287 total messages 1 total packets 490 RTS 0 total bytes 2002140 in_flight now 0 fair_inc 7779 prop_inc 81884 fast_inc 0 eta_inc 17284 multi_dec -161992 quick_dec -0 nack_dec -33200
Flow Uec_254_126 flowId 34 uecSrc 33 finished at 392.97 total messages 1 total packets 490 RTS 0 total bytes 2002140 in_flight now 0 fair_inc 7055 prop_inc 34651 fast_inc 0 eta_inc 18476 multi_dec -91776 quick_dec -0 nack_dec -66400
Flow Uec_247_119 flowId 136 uecSrc 135 finished at 395.078 total messages 1 total packets 490 RTS 0 total bytes 2002140 in_flight now 0 fair_inc 9748 prop_inc 36806 fast_inc 0 eta_inc 19072 multi_dec -60849 quick_dec -0 nack_dec -91300
Flow Uec_0_128 flowId 83 uecSrc 82 finished at 397.423 total messages 1 total packets 496 RTS 6 total bytes 2002140 in_flight now 0 fair_inc 23261 prop_inc 54105 fast_inc 0 eta_inc 17284 multi_dec -100487 quick_dec -122405 nack_dec -8300
Flow Uec_166_38 flowId 33 uecSrc 32 finished at 399.54 total messages 1 total packets 490 RTS 0 total bytes 2002140 in_flight now 0 fair_inc 11601 prop_inc 39681 fast_inc 0 eta_inc 18476 multi_dec -69051 quick_dec -0 nack_dec -95450
Flow Uec_28_156 flowId 106 uecSrc 105 finished at 403.311 total messages 1 total packets 494 RTS 4 total bytes 2002140 in_flight now 0 fair_inc 7950 prop_inc 81811 fast_inc 26264 eta_inc 18476 multi_dec -179705 quick_dec -0 nack_dec -0
Flow Uec_195_67 flowId 133 uecSrc 132 finished at 403.531 total messages 1 total packets 493 RTS 3 total bytes 2002140 in_flight now 0 fair_inc 16849 prop_inc 33021 fast_inc 0 eta_inc 16092 multi_dec -18208 quick_dec -0 nack_dec -29050
Flow Uec_91_219 flowId 141 uecSrc 140 finished at 404.554 total messages 1 total packets 490 RTS 0 total bytes 2002140 in_flight now 0 fair_inc 29518 prop_inc 16502 fast_inc 0 eta_inc 19072 multi_dec -68301 quick_dec -0 nack_dec -107900
Flow Uec_165_37 flowId 110 uecSrc 109 finished at 406.436 total messages 1 total packets 490 RTS 0 total bytes 2002140 in_flight now 0 fair_inc 10222 prop_inc 24963 fast_inc 0 eta_inc 19072 multi_dec -18735 quick_dec -0 nack_dec -132800
Flow Uec_226_98 flowId 26 uecSrc 25 finished at 414.008 total messages 1 total packets 490 RTS 0 total bytes 2002140 in_flight now 0 fair_inc 22876 prop_inc 25931 fast_inc 0 eta_inc 19072 multi_dec -37607 quick_dec -0 nack_dec -132800
Flow Uec_168_40 flowId 16 uecSrc 15 finished at 415.624 total messages 1 total packets 490 RTS 0 total bytes 2002140 in_flight now 0 fair_inc 23728 prop_inc 46117 fast_inc 0 eta_inc 18476 multi_dec -80064 quick_dec -0 nack_dec -91300
Flow Uec_126_254 flowId 41 uecSrc 40 finished at 419.062 total messages 1 total packets 490 RTS 0 total bytes 2002140 in_flight now 0 fair_inc 18059 prop_inc 15188 fast_inc 0 eta_inc 19668 multi_dec -53291 quick_dec -0 nack_dec -124500
Flow Uec_241_113 flowId 23 uecSrc 22 finished at 421.463 total messages 1 total packets 490 RTS 0 total bytes 2002140 in_flight now 0 fair_inc 4630 prop_inc 77767 fast_inc 21211 eta_inc 18476 multi_dec -135610 quick_dec -0 nack_dec -58100
424.486 flowid 151 Spurious 490
426.94 flowid 17 Spurious 278
Flow Uec_191_63 flowId 151 uecSrc 150 finished at 430.516 total messages 1 total packets 491 RTS 1 total bytes 2002140 in_flight now 0 fair_inc 683 prop_inc 27558 fast_inc 0 eta_inc 13112 multi_dec -0 quick_dec -0 nack_dec -0
Flow Uec_30_158 flowId 134 uecSrc 133 finished at 431.972 total messages 1 total packets 498 RTS 8 total bytes 2002140 in_flight now -128 fair_inc 32866 prop_inc 24332 fast_inc 0 eta_inc 17284 multi_dec -73000 quick_dec -109462 nack_dec -4150
433.508 flowid 96 Spurious 416
Flow Uec_180_52 flowId 48 uecSrc 47 finished at 442.964 total messages 1 total packets 490 RTS 0 total bytes 2002140 in_flight now 0 fair_inc 10259 prop_inc 78810 fast_inc 47965 eta_inc 20264 multi_dec -51274 quick_dec -0 nack_dec -145250
Flow Uec_87_215 flowId 12 uecSrc 11 finished at 454.652 total messages 1 total packets 490 RTS 0 total bytes 2002140 in_flight now 0 fair_inc 13327 prop_inc 23328 fast_inc 0 eta_inc 22052 multi_dec -42742 quick_dec -0 nack_dec -141100
Flow Uec_212_84 flowId 37 uecSrc 36 finished at 456.063 total messages 1 total packets 490 RTS 0 total bytes 2002140 in_flight now 0 fair_inc 13336 prop_inc 10911 fast_inc 0 eta_inc 21456 multi_dec -66646 quick_dec -0 nack_dec -103750
Flow Uec_238_110 flowId 113 uecSrc 112 finished at 457.525 total messages 1 total packets 490 RTS 0 total bytes 2002140 in_flight now 0 fair_inc 22553 prop_inc 38612 fast_inc 27272 eta_inc 20264 multi_dec -118029 quick_dec -0 nack_dec -70550
Flow Uec_70_198 flowId 78 uecSrc 77 finished at 458.596 total messages 1 total packets 490 RTS 0 total bytes 2002140 in_flight now 0 fair_inc 10551 prop_inc 17667 fast_inc 0 eta_inc 21456 multi_dec -82763 quick_dec -0 nack_dec -87150
Flow Uec_157_29 flowId 54 uecSrc 53 finished at 459.269 total messages 1 total packets 490 RTS 0 total bytes 2002140 in_flight now 0 fair_inc 24573 prop_inc 18941 fast_inc 0 eta_inc 22052 multi_dec -40282 quick_dec -0 nack_dec -136950
Flow Uec_144_16 flowId 103 uecSrc 102 finished at 467.71 total messages 1 total packets 492 RTS 2 total bytes 2002140 in_flight now 0 fair_inc 23075 prop_inc 25043 fast_inc 0 eta_inc 21456 multi_dec -105555 quick_dec -0 nack_dec -66400
Flow Uec_55_183 flowId 154 uecSrc 153 finished at 470.614 total messages 1 total packets 490 RTS 0 total bytes 2002140 in_flight now 0 fair_inc 16478 prop_inc 20982 fast_inc 0 eta_inc 22052 multi_dec -24951 quick_dec -0 nack_dec -149400
Flow Uec_42_170 flowId 15 uecSrc 14 finished at 476.194 total messages 1 total packets 497 RTS 7 total bytes 2002140 in_flight now 0 fair_inc 24457 prop_inc 40370 fast_inc 0 eta_inc 20264 multi_dec -130004 quick_dec -0 nack_dec -0
Flow Uec_207_79 flowId 1 uecSrc 0 finished at 479.884 total messages 1 total packets 490 RTS 0 total bytes 2002140 in_flight now 0 fair_inc 24768 prop_inc 17804 fast_inc 0 eta_inc 22648 multi_dec -85408 quick_dec -0 nack_dec -95450
Flow Uec_36_164 flowId 137 uecSrc 136 finished at 480.852 total messages 1 total packets 493 RTS 3 total bytes 2002140 in_flight now 0 fair_inc 35597 prop_inc 30402 fast_inc 0 eta_inc 19668 multi_dec -162893 quick_dec -0 nack_dec -8300
Flow Uec_97_225 flowId 40 uecSrc 39 finished at 484.423 total messages 1 total packets 490 RTS 0 total bytes 2002140 in_flight now 0 fair_inc 24849 prop_inc 29287 fast_inc 0 eta_inc 22648 multi_dec -115692 quick_dec -0 nack_dec -74700
Flow Uec_167_39 flowId 22 uecSrc 21 finished at 485.658 total messages 1 total packets 490 RTS 0 total bytes 2002140 in_flight now 0 fair_inc 17102 prop_inc 24933 fast_inc 0 eta_inc 22648 multi_dec -105709 quick_dec -0 nack_dec -74700
Flow Uec_32_160 flowId 116 uecSrc 115 finished at 487.867 total messages 1 total packets 492 RTS 2 total bytes 2002140 in_flight now 0 fair_inc 10107 prop_inc 94004 fast_inc 85871 eta_inc 19668 multi_dec -203806 quick_dec -6209 nack_dec -12450
Flow Uec_120_248 flowId 75 uecSrc 74 finished at 489.617 total messages 1 total packets 490 RTS 0 total bytes 2002140 in_flight now 0 fair_inc 23034 prop_inc 41370 fast_inc 0 eta_inc 22648 multi_dec -117790 quick_dec -0 nack_dec -70550
Flow Uec_210_82 flowId 142 uecSrc 141 finished at 493.442 total messages 1 total packets 490 RTS 0 total bytes 2002140 in_flight now 0 fair_inc 30706 prop_inc 9907 fast_inc 0 eta_inc 23244 multi_dec -13039 quick_dec -0 nack_dec -157700
Flow Uec_78_206 flowId 94 uecSrc 93 finished at 495.982 total messages 1 total packets 490 RTS 0 total bytes 2002140 in_flight now 0 fair_inc 13477 prop_inc 29166 fast_inc 0 eta_inc 23840 multi_dec -72269 quick_dec -0 nack_dec -103750
Flow Uec_80_208 flowId 51 uecSrc 50 finished at 498.36 total messages 1 total packets 490 RTS 0 total bytes 2002140 in_flight now 0 fair_inc 17238 prop_inc 52496 fast_inc 0 eta_inc 23244 multi_dec -85200 quick_dec -0 nack_dec -107900
Flow Uec_33_161 flowId 96 uecSrc 95 finished at 498.823 total messages 1 total packets 500 RTS 10 total bytes 2002140 in_flight now 0 fair_inc 25048 prop_inc 43318 fast_inc 0 eta_inc 20264 multi_dec -80138 quick_dec -85645 nack_dec -8300
Flow Uec_130_2 flowId 112 uecSrc 111 finished at 499.172 total messages 1 total packets 490 RTS 0 total bytes 2002140 in_flight now 0 fair_inc 40203 prop_inc 23893 fast_inc 0 eta_inc 22648 multi_dec -66498 quick_dec -0 nack_dec -149400
Flow Uec_35_163 flowId 18 uecSrc 17 finished at 500.192 total messages 1 total packets 501 RTS 11 total bytes 2002140 in_flight now 0 fair_inc 39538 prop_inc 23677 fast_inc 0 eta_inc 19668 multi_dec -104575 quick_dec -0 nack_dec -4150
Flow Uec_57_185 flowId 123 uecSrc 122 finished at 501.65 total messages 1 total packets 490 RTS 0 total bytes 2002140 in_flight now 0 fair_inc 5500 prop_inc 34538 fast_inc 1010 eta_inc 23840 multi_dec -99852 quick_dec -0 nack_dec -78850
Flow Uec_48_176 flowId 2 uecSrc 1 finished at 502.227 total messages 1 total packets 498 RTS 8 total bytes 2002140 in_flight now 0 fair_inc 36394 prop_inc 40226 fast_inc 0 eta_inc 20860 multi_dec -106071 quick_dec -0 nack_dec -0
Flow Uec_148_20 flowId 47 uecSrc 46 finished at 502.876 total messages 1 total packets 492 RTS 2 total bytes 2002140 in_flight now 0 fair_inc 13127 prop_inc 51106 fast_inc 0 eta_inc 19668 multi_dec -117677 quick_dec -0 nack_dec -62250
Flow Uec_142_14 flowId 29 uecSrc 28 finished at 503.46 total messages 1 total packets 490 RTS 0 total bytes 2002140 in_flight now 0 fair_inc 43893 prop_inc 39909 fast_inc 0 eta_inc 23244 multi_dec -131422 quick_dec -0 nack_dec -74700
504.044 flowid 18 Spurious 476
Flow Uec_151_23 flowId 57 uecSrc 56 finished at 505.693 total messages 1 total packets 491 RTS 1 total bytes 2002140 in_flight now 0 fair_inc 20867 prop_inc 50826 fast_inc 0 eta_inc 22052 multi_dec -93230 quick_dec -0 nack_dec -91300
Flow Uec_95_223 flowId 21 uecSrc 20 finished at 508.83 total messages 1 total packets 490 RTS 0 total bytes 2002140 in_flight now 0 fair_inc 27554 prop_inc 37440 fast_inc 0 eta_inc 23244 multi_dec -75117 quick_dec -0 nack_dec -116200
Flow Uec_123_251 flowId 101 uecSrc 100 finished at 510.76 total messages 1 total packets 490 RTS 0 total bytes 2002140 in_flight now 0 fair_inc 7197 prop_inc 61380 fast_inc 17663 eta_inc 23244 multi_dec -58770 quick_dec -0 nack_dec -124500
Flow Uec_162_34 flowId 74 uecSrc 73 finished at 512.51 total messages 1 total packets 490 RTS 0 total bytes 2002140 in_flight now 0 fair_inc 17585 prop_inc 42484 fast_inc 17661 eta_inc 23244 multi_dec -106894 quick_dec -0 nack_dec -91300
Flow Uec_79_207 flowId 95 uecSrc 94 finished at 514.301 total messages 1 total packets 490 RTS 0 total bytes 2002140 in_flight now 0 fair_inc 22079 prop_inc 58108 fast_inc 0 eta_inc 23244 multi_dec -97330 quick_dec -0 nack_dec -103750
Flow Uec_199_71 flowId 138 uecSrc 137 finished at 517.298 total messages 1 total packets 490 RTS 0 total bytes 2002140 in_flight now 0 fair_inc 20395 prop_inc 30287 fast_inc 46467 eta_inc 23840 multi_dec -73362 quick_dec -0 nack_dec -120350
Flow Uec_94_222 flowId 53 uecSrc 52 finished at 525.238 total messages 1 total packets 490 RTS 0 total bytes 2002140 in_flight now 0 fair_inc 16104 prop_inc 61195 fast_inc 0 eta_inc 23840 multi_dec -104392 quick_dec -0 nack_dec -99600
534.322 flowid 143 Spurious 286
Flow Uec_62_190 flowId 145 uecSrc 144 finished at 537.039 total messages 1 total packets 490 RTS 0 total bytes 2002140 in_flight now 0 fair_inc 15830 prop_inc 43928 fast_inc 46956 eta_inc 23840 multi_dec -69219 quick_dec -0 nack_dec -132800
Flow Uec_92_220 flowId 117 uecSrc 116 finished at 540.782 total messages 1 total packets 490 RTS 0 total bytes 2002140 in_flight now 0 fair_inc 16220 prop_inc 6300 fast_inc 0 eta_inc 25032 multi_dec -8865 quick_dec -0 nack_dec -157700
Flow Uec_160_32 flowId 108 uecSrc 107 finished at 541.515 total messages 1 total packets 490 RTS 0 total bytes 2002140 in_flight now 0 fair_inc 13746 prop_inc 16443 fast_inc 0 eta_inc 23840 multi_dec -39550 quick_dec -0 nack_dec -157700
Flow Uec_239_111 flowId 67 uecSrc 66 finished at 543.907 total messages 1 total packets 490 RTS 0 total bytes 2002140 in_flight now 0 fair_inc 20404 prop_inc 39954 fast_inc 186371 eta_inc 20860 multi_dec -134870 quick_dec -0 nack_dec -95450
Flow Uec_149_21 flowId 84 uecSrc 83 finished at 558.619 total messages 1 total packets 491 RTS 1 total bytes 2002140 in_flight now 0 fair_inc 22094 prop_inc 12255 fast_inc 0 eta_inc 23244 multi_dec -508 quick_dec -0 nack_dec -161850
569.096 flowid 17 Spurious 307
Flow Uec_175_47 flowId 10 uecSrc 9 finished at 577.852 total messages 1 total packets 490 RTS 0 total bytes 2002140 in_flight now 0 fair_inc 49593 prop_inc 16961 fast_inc 310630 eta_inc 23244 multi_dec -197155 quick_dec -1734 nack_dec -87150
Flow Uec_1_129 flowId 38 uecSrc 37 finished at 584.042 total messages 1 total packets 504 RTS 14 total bytes 2002140 in_flight now -64 fair_inc 23971 prop_inc 61050 fast_inc 0 eta_inc 22052 multi_dec -76430 quick_dec -92745 nack_dec -8300
Flow Uec_173_45 flowId 36 uecSrc 35 finished at 600.808 total messages 1 total packets 490 RTS 0 total bytes 2002140 in_flight now 0 fair_inc 46299 prop_inc 37351 fast_inc 23234 eta_inc 25628 multi_dec -143311 quick_dec -0 nack_dec -83000
Flow Uec_86_214 flowId 8 uecSrc 7 finished at 615.784 total messages 1 total packets 490 RTS 0 total bytes 2002140 in_flight now 0 fair_inc 37536 prop_inc 19456 fast_inc 0 eta_inc 23244 multi_dec -84689 quick_dec -0 nack_dec -120350
Flow Uec_82_210 flowId 43 uecSrc 42 finished at 618.943 total messages 1 total packets 490 RTS 0 total bytes 2002140 in_flight now 0 fair_inc 23806 prop_inc 18714 fast_inc 0 eta_inc 26820 multi_dec -77137 quick_dec -0 nack_dec -132800
Flow Uec_198_70 flowId 35 uecSrc 34 finished at 621.614 total messages 1 total packets 490 RTS 0 total bytes 2002140 in_flight now 0 fair_inc 30709 prop_inc 23425 fast_inc 0 eta_inc 27416 multi_dec -48937 quick_dec -0 nack_dec -170150
Flow Uec_219_91 flowId 98 uecSrc 97 finished at 624.778 total messages 1 total packets 490 RTS 0 total bytes 2002140 in_flight now 0 fair_inc 35224 prop_inc 34496 fast_inc 0 eta_inc 23244 multi_dec -102810 quick_dec -0 nack_dec -103750
648.922 flowid 143 Spurious 286
683.696 flowid 17 Spurious 307
Flow Uec_89_217 flowId 153 uecSrc 152 finished at 693.487 total messages 1 total packets 490 RTS 0 total bytes 2002140 in_flight now 0 fair_inc 29768 prop_inc 33841 fast_inc 126762 eta_inc 26820 multi_dec -102621 quick_dec -0 nack_dec -124500
Flow Uec_222_94 flowId 99 uecSrc 98 finished at 703.026 total messages 1 total packets 490 RTS 0 total bytes 2002140 in_flight now 0 fair_inc 47531 prop_inc 37549 fast_inc 123736 eta_inc 27416 multi_dec -151284 quick_dec -0 nack_dec -103750
Flow Uec_171_43 flowId 104 uecSrc 103 finished at 716.567 total messages 1 total packets 491 RTS 1 total bytes 2002140 in_flight now 0 fair_inc 24963 prop_inc 31748 fast_inc 240926 eta_inc 26820 multi_dec -150673 quick_dec -2561 nack_dec -95450
763.522 flowid 143 Spurious 286
835.675 flowid 17 Spurious 365
Flow Uec_194_66 flowId 143 uecSrc 142 finished at 897.149 total messages 1 total packets 495 RTS 5 total bytes 2002140 in_flight now 0 fair_inc 6401 prop_inc 87081 fast_inc 8082 eta_inc 16092 multi_dec -78014 quick_dec -69922 nack_dec -20750
950.275 flowid 17 Spurious 365
1064.87 flowid 17 Spurious 365
1179.47 flowid 17 Spurious 365
1294.07 flowid 17 Spurious 365
1408.67 flowid 17 Spurious 365
1567.97 flowid 17 Spurious 471
1568.3 flowid 17 Spurious 472
1568.63 flowid 17 Spurious 473
1568.96 flowid 17 Spurious 474
1569.29 flowid 17 Spurious 475
1569.63 flowid 17 Spurious 476
1569.96 flowid 17 Spurious 477
1570.29 flowid 17 Spurious 478
1570.62 flowid 17 Spurious 479
1570.95 flowid 17 Spurious 480
1571.29 flowid 17 Spurious 481
1571.62 flowid 17 Spurious 482
1571.95 flowid 17 Spurious 483
1572.28 flowid 17 Spurious 484
1572.61 flowid 17 Spurious 485
1572.95 flowid 17 Spurious 486
1573.28 flowid 17 Spurious 487
1573.61 flowid 17 Spurious 488
1573.94 flowid 17 Spurious 489
1574.27 flowid 17 Spurious 490
1574.61 flowid 17 Spurious 491
Flow Uec_193_65 flowId 17 uecSrc 16 finished at 1579.64 total messages 1 total packets 495 RTS 5 total bytes 2002140 in_flight now 0 fair_inc 0 prop_inc 55867 fast_inc 22716 eta_inc 13112 multi_dec -0 quick_dec -0 nack_dec -0
12788.8 flowid 56 Spurious 160
22508.7 flowid 14 Spurious 168
23311.6 flowid 131 Spurious 260
24477.8 flowid 131 Spurious 291
35473.1 flowid 56 Spurious 449
36398.2 flowid 131 Spurious 428
42163.2 flowid 131 Spurious 516
Flow Uec_66_194 flowId 56 uecSrc 55 finished at 43689.6 total messages 1 total packets 610 RTS 120 total bytes 2002140 in_flight now -5760 fair_inc 0 prop_inc 848797 fast_inc 0 eta_inc 220520 multi_dec -0 quick_dec -192083 nack_dec -4150
Flow Uec_69_197 flowId 131 uecSrc 130 finished at 47737.6 total messages 1 total packets 591 RTS 101 total bytes 2002140 in_flight now -3904 fair_inc 13991 prop_inc 632915 fast_inc 14140 eta_inc 213368 multi_dec -0 quick_dec -0 nack_dec -0
.64259.2 flowid 132 Spurious 299
Flow Uec_64_192 flowId 14 uecSrc 13 finished at 76348 total messages 1 total packets 729 RTS 239 total bytes 2002140 in_flight now -11392 fair_inc 0 prop_inc 699004 fast_inc 170440 eta_inc 289656 multi_dec -0 quick_dec -208287 nack_dec -8300
77950.5 flowid 132 Spurious 447
87552.9 flowid 132 Spurious 581
87553.9 flowid 132 Spurious 582
88581.8 flowid 132 Spurious 588
89024.8 flowid 132 Spurious 592
93126.2 flowid 132 Spurious 606
93149.8 flowid 132 Spurious 611
93241.6 flowid 132 Spurious 611
93241.6 flowid 132 Spurious 611
93246.9 flowid 132 Spurious 635
Done
New: 75371 Rtx: 12084 RTS: 1050 Bounced: 0 ACKs: 55107 NACKs: 1816 Pulls: 0 sleek_pkts: 0
