traffic matrix input file: connection_matrices/load_sweep/load0.65_n256_seed2.cm
Load balancing algorithm set to reps
no_of_nodes 256
Dragonfly+ strategy: FPAR
Setting queuesize to 50 packets
endtime(us) 100000
random seed 2
Packet size (MTU) is 4150
Parsed args
Logging to reps_dfp_results/reps_withoutnorm256/load0.65_reps_seed2.dat
Loading connection matrix from connection_matrices/load_sweep/load0.65_n256_seed2.cm
Nodes: 256 Connections: 166 Triggers: 0 Failures: 0
Setting ECN low 33200 high 120350
Dragonfly+ with medium topology type
Link latencies: 1 and switch latencies: 0
queue_id 2 ecn_low 33200 ecn_high 120350
DragonFly+ constructor done, 392 nodes created
Note: topology supports 392 hosts; 136 host port(s) will be unused.
network_max_unloaded_rtt 11.6856 us
Setting min RTO to 114.6
Per-hop RTT normalization: OFF (strategy fpar)
Initializing static NSCC parameters: _reference_network_linkspeed=100000000000 _reference_network_rtt=12000000 _reference_network_bdp=150000 _target_Qdelay=8764200 _network_linkspeed=100000000000 _network_rtt=11685600 _network_bdp=146070 _qa_gate=2^3 _qa_threshold=3.50568e+07 _scaling_factor_a=0.9738 _scaling_factor_b=0.73035 _alpha=0.00132632 _fi=19894.7 _eta=596.842 _qa_scaling=1 _gamma=0.8 _fi_scale=0.24345 _delay_alpha=0.0125 _adjust_period_threshold=11685600 _adjust_bytes_threshold=33200
Initialize per-instance NSCC parameters: flowid 1 _base_rtt=11685600 _base_bdp=146070 _bdp=146070 _min_cwnd=4150 _maxwnd=219105 _cwnd=219105
Initialize per-instance NSCC parameters: flowid 2 _base_rtt=11685600 _base_bdp=146070 _bdp=146070 _min_cwnd=4150 _maxwnd=219105 _cwnd=219105
Initialize per-instance NSCC parameters: flowid 3 _base_rtt=11685600 _base_bdp=146070 _bdp=146070 _min_cwnd=4150 _maxwnd=219105 _cwnd=219105
Initialize per-instance NSCC parameters: flowid 4 _base_rtt=11685600 _base_bdp=146070 _bdp=146070 _min_cwnd=4150 _maxwnd=219105 _cwnd=219105
Initialize per-instance NSCC parameters: flowid 5 _base_rtt=11685600 _base_bdp=146070 _bdp=146070 _min_cwnd=4150 _maxwnd=219105 _cwnd=219105
Initialize per-instance NSCC parameters: flowid 6 _base_rtt=11685600 _base_bdp=146070 _bdp=146070 _min_cwnd=4150 _maxwnd=219105 _cwnd=219105
Initialize per-instance NSCC parameters: flowid 7 _base_rtt=11685600 _base_bdp=146070 _bdp=146070 _min_cwnd=4150 _maxwnd=219105 _cwnd=219105
Initialize per-instance NSCC parameters: flowid 8 _base_rtt=11685600 _base_bdp=146070 _bdp=146070 _min_cwnd=4150 _maxwnd=219105 _cwnd=219105
Initialize per-instance NSCC parameters: flowid 9 _base_rtt=11685600 _base_bdp=146070 _bdp=146070 _min_cwnd=4150 _maxwnd=219105 _cwnd=219105
Initialize per-instance NSCC parameters: flowid 10 _base_rtt=11685600 _base_bdp=146070 _bdp=146070 _min_cwnd=4150 _maxwnd=219105 _cwnd=219105
Initialize per-instance NSCC parameters: flowid 11 _base_rtt=11685600 _base_bdp=146070 _bdp=146070 _min_cwnd=4150 _maxwnd=219105 _cwnd=219105
Initialize per-instance NSCC parameters: flowid 12 _base_rtt=11685600 _base_bdp=146070 _bdp=146070 _min_cwnd=4150 _maxwnd=219105 _cwnd=219105
Initialize per-instance NSCC parameters: flowid 13 _base_rtt=11685600 _base_bdp=146070 _bdp=146070 _min_cwnd=4150 _maxwnd=219105 _cwnd=219105
Initialize per-instance NSCC parameters: flowid 14 _base_rtt=11685600 _base_bdp=146070 _bdp=146070 _min_cwnd=4150 _maxwnd=219105 _cwnd=219105
Initialize per-instance NSCC parameters: flowid 15 _base_rtt=11685600 _base_bdp=146070 _bdp=146070 _min_cwnd=4150 _maxwnd=219105 _cwnd=219105
Initialize per-instance NSCC parameters: flowid 16 _base_rtt=11685600 _base_bdp=146070 _bdp=146070 _min_cwnd=4150 _maxwnd=219105 _cwnd=219105
Initialize per-instance NSCC parameters: flowid 17 _base_rtt=11685600 _base_bdp=146070 _bdp=146070 _min_cwnd=4150 _maxwnd=219105 _cwnd=219105
Initialize per-instance NSCC parameters: flowid 18 _base_rtt=11685600 _base_bdp=146070 _bdp=146070 _min_cwnd=4150 _maxwnd=219105 _cwnd=219105
Initialize per-instance NSCC parameters: flowid 19 _base_rtt=11685600 _base_bdp=146070 _bdp=146070 _min_cwnd=4150 _maxwnd=219105 _cwnd=219105
Initialize per-instance NSCC parameters: flowid 20 _base_rtt=11685600 _base_bdp=146070 _bdp=146070 _min_cwnd=4150 _maxwnd=219105 _cwnd=219105
Initialize per-instance NSCC parameters: flowid 21 _base_rtt=11685600 _base_bdp=146070 _bdp=146070 _min_cwnd=4150 _maxwnd=219105 _cwnd=219105
Initialize per-instance NSCC parameters: flowid 22 _base_rtt=11685600 _base_bdp=146070 _bdp=146070 _min_cwnd=4150 _maxwnd=219105 _cwnd=219105
Initialize per-instance NSCC parameters: flowid 23 _base_rtt=11685600 _base_bdp=146070 _bdp=146070 _min_cwnd=4150 _maxwnd=219105 _cwnd=219105
Initialize per-instance NSCC parameters: flowid 24 _base_rtt=11685600 _base_bdp=146070 _bdp=146070 _min_cwnd=4150 _maxwnd=219105 _cwnd=219105
Initialize per-instance NSCC parameters: flowid 25 _base_rtt=11685600 _base_bdp=146070 _bdp=146070 _min_cwnd=4150 _maxwnd=219105 _cwnd=219105
Initialize per-instance NSCC parameters: flowid 26 _base_rtt=11685600 _base_bdp=146070 _bdp=146070 _min_cwnd=4150 _maxwnd=219105 _cwnd=219105
Initialize per-instance NSCC parameters: flowid 27 _base_rtt=11685600 _base_bdp=146070 _bdp=146070 _min_cwnd=4150 _maxwnd=219105 _cwnd=219105
Initialize per-instance NSCC parameters: flowid 28 _base_rtt=11685600 _base_bdp=146070 _bdp=146070 _min_cwnd=4150 _maxwnd=219105 _cwnd=219105
Initialize per-instance NSCC parameters: flowid 29 _base_rtt=11685600 _base_bdp=146070 _bdp=146070 _min_cwnd=4150 _maxwnd=219105 _cwnd=219105
Initialize per-instance NSCC parameters: flowid 30 _base_rtt=11685600 _base_bdp=146070 _bdp=146070 _min_cwnd=4150 _maxwnd=219105 _cwnd=219105
Initialize per-instance NSCC parameters: flowid 31 _base_rtt=11685600 _base_bdp=146070 _bdp=146070 _min_cwnd=4150 _maxwnd=219105 _cwnd=219105
Initialize per-instance NSCC parameters: flowid 32 _base_rtt=11685600 _base_bdp=146070 _bdp=146070 _min_cwnd=4150 _maxwnd=219105 _cwnd=219105
Initialize per-instance NSCC parameters: flowid 33 _base_rtt=11685600 _base_bdp=146070 _bdp=146070 _min_cwnd=4150 _maxwnd=219105 _cwnd=219105
Initialize per-instance NSCC parameters: flowid 34 _base_rtt=11685600 _base_bdp=146070 _bdp=146070 _min_cwnd=4150 _maxwnd=219105 _cwnd=219105
Initialize per-instance NSCC parameters: flowid 35 _base_rtt=11685600 _base_bdp=146070 _bdp=146070 _min_cwnd=4150 _maxwnd=219105 _cwnd=219105
Initialize per-instance NSCC parameters: flowid 36 _base_rtt=11685600 _base_bdp=146070 _bdp=146070 _min_cwnd=4150 _maxwnd=219105 _cwnd=219105
Initialize per-instance NSCC parameters: flowid 37 _base_rtt=11685600 _base_bdp=146070 _bdp=146070 _min_cwnd=4150 _maxwnd=219105 _cwnd=219105
Initialize per-instance NSCC parameters: flowid 38 _base_rtt=11685600 _base_bdp=146070 _bdp=146070 _min_cwnd=4150 _maxwnd=219105 _cwnd=219105
Initialize per-instance NSCC parameters: flowid 39 _base_rtt=11685600 _base_bdp=146070 _bdp=146070 _min_cwnd=4150 _maxwnd=219105 _cwnd=219105
Initialize per-instance NSCC parameters: flowid 40 _base_rtt=11685600 _base_bdp=146070 _bdp=146070 _min_cwnd=4150 _maxwnd=219105 _cwnd=219105
Initialize per-instance NSCC parameters: flowid 41 _base_rtt=11685600 _base_bdp=146070 _bdp=146070 _min_cwnd=4150 _maxwnd=219105 _cwnd=219105
Initialize per-instance NSCC parameters: flowid 42 _base_rtt=11685600 _base_bdp=146070 _bdp=146070 _min_cwnd=4150 _maxwnd=219105 _cwnd=219105
Initialize per-instance NSCC parameters: flowid 43 _base_rtt=11685600 _base_bdp=146070 _bdp=146070 _min_cwnd=4150 _maxwnd=219105 _cwnd=219105
Initialize per-instance NSCC parameters: flowid 44 _base_rtt=11685600 _base_bdp=146070 _bdp=146070 _min_cwnd=4150 _maxwnd=219105 _cwnd=219105
Initialize per-instance NSCC parameters: flowid 45 _base_rtt=11685600 _base_bdp=146070 _bdp=146070 _min_cwnd=4150 _maxwnd=219105 _cwnd=219105
Initialize per-instance NSCC parameters: flowid 46 _base_rtt=11685600 _base_bdp=146070 _bdp=146070 _min_cwnd=4150 _maxwnd=219105 _cwnd=219105
Initialize per-instance NSCC parameters: flowid 47 _base_rtt=11685600 _base_bdp=146070 _bdp=146070 _min_cwnd=4150 _maxwnd=219105 _cwnd=219105
Initialize per-instance NSCC parameters: flowid 48 _base_rtt=11685600 _base_bdp=146070 _bdp=146070 _min_cwnd=4150 _maxwnd=219105 _cwnd=219105
Initialize per-instance NSCC parameters: flowid 49 _base_rtt=11685600 _base_bdp=146070 _bdp=146070 _min_cwnd=4150 _maxwnd=219105 _cwnd=219105
Initialize per-instance NSCC parameters: flowid 50 _base_rtt=11685600 _base_bdp=146070 _bdp=146070 _min_cwnd=4150 _maxwnd=219105 _cwnd=219105
Initialize per-instance NSCC parameters: flowid 51 _base_rtt=11685600 _base_bdp=146070 _bdp=146070 _min_cwnd=4150 _maxwnd=219105 _cwnd=219105
Initialize per-instance NSCC parameters: flowid 52 _base_rtt=11685600 _base_bdp=146070 _bdp=146070 _min_cwnd=4150 _maxwnd=219105 _cwnd=219105
Initialize per-instance NSCC parameters: flowid 53 _base_rtt=11685600 _base_bdp=146070 _bdp=146070 _min_cwnd=4150 _maxwnd=219105 _cwnd=219105
Initialize per-instance NSCC parameters: flowid 54 _base_rtt=11685600 _base_bdp=146070 _bdp=146070 _min_cwnd=4150 _maxwnd=219105 _cwnd=219105
Initialize per-instance NSCC parameters: flowid 55 _base_rtt=11685600 _base_bdp=146070 _bdp=146070 _min_cwnd=4150 _maxwnd=219105 _cwnd=219105
Initialize per-instance NSCC parameters: flowid 56 _base_rtt=11685600 _base_bdp=146070 _bdp=146070 _min_cwnd=4150 _maxwnd=219105 _cwnd=219105
Initialize per-instance NSCC parameters: flowid 57 _base_rtt=11685600 _base_bdp=146070 _bdp=146070 _min_cwnd=4150 _maxwnd=219105 _cwnd=219105
Initialize per-instance NSCC parameters: flowid 58 _base_rtt=11685600 _base_bdp=146070 _bdp=146070 _min_cwnd=4150 _maxwnd=219105 _cwnd=219105
Initialize per-instance NSCC parameters: flowid 59 _base_rtt=11685600 _base_bdp=146070 _bdp=146070 _min_cwnd=4150 _maxwnd=219105 _cwnd=219105
Initialize per-instance NSCC parameters: flowid 60 _base_rtt=11685600 _base_bdp=146070 _bdp=146070 _min_cwnd=4150 _maxwnd=219105 _cwnd=219105
Initialize per-instance NSCC parameters: flowid 61 _base_rtt=11685600 _base_bdp=146070 _bdp=146070 _min_cwnd=4150 _maxwnd=219105 _cwnd=219105
Initialize per-instance NSCC parameters: flowid 62 _base_rtt=11685600 _base_bdp=146070 _bdp=146070 _min_cwnd=4150 _maxwnd=219105 _cwnd=219105
Initialize per-instance NSCC parameters: flowid 63 _base_rtt=11685600 _base_bdp=146070 _bdp=146070 _min_cwnd=4150 _maxwnd=219105 _cwnd=219105
Initialize per-instance NSCC parameters: flowid 64 _base_rtt=11685600 _base_bdp=146070 _bdp=146070 _min_cwnd=4150 _maxwnd=219105 _cwnd=219105
Initialize per-instance NSCC parameters: flowid 65 _base_rtt=11685600 _base_bdp=146070 _bdp=146070 _min_cwnd=4150 _maxwnd=219105 _cwnd=219105
Initialize per-instance NSCC parameters: flowid 66 _base_rtt=11685600 _base_bdp=146070 _bdp=146070 _min_cwnd=4150 _maxwnd=219105 _cwnd=219105
Initialize per-instance NSCC parameters: flowid 67 _base_rtt=11685600 _base_bdp=146070 _bdp=146070 _min_cwnd=4150 _maxwnd=219105 _cwnd=219105
Initialize per-instance NSCC parameters: flowid 68 _base_rtt=11685600 _base_bdp=146070 _bdp=146070 _min_cwnd=4150 _maxwnd=219105 _cwnd=219105
Initialize per-instance NSCC parameters: flowid 69 _base_rtt=11685600 _base_bdp=146070 _bdp=146070 _min_cwnd=4150 _maxwnd=219105 _cwnd=219105
Initialize per-instance NSCC parameters: flowid 70 _base_rtt=11685600 _base_bdp=146070 _bdp=146070 _min_cwnd=4150 _maxwnd=219105 _cwnd=219105
Initialize per-instance NSCC parameters: flowid 71 _base_rtt=11685600 _base_bdp=146070 _bdp=146070 _min_cwnd=4150 _maxwnd=219105 _cwnd=219105
Initialize per-instance NSCC parameters: flowid 72 _base_rtt=11685600 _base_bdp=146070 _bdp=146070 _min_cwnd=4150 _maxwnd=219105 _cwnd=219105
Initialize per-instance NSCC parameters: flowid 73 _base_rtt=11685600 _base_bdp=146070 _bdp=146070 _min_cwnd=4150 _maxwnd=219105 _cwnd=219105
Initialize per-instance NSCC parameters: flowid 74 _base_rtt=11685600 _base_bdp=146070 _bdp=146070 _min_cwnd=4150 _maxwnd=219105 _cwnd=219105
Initialize per-instance NSCC parameters: flowid 75 _base_rtt=11685600 _base_bdp=146070 _bdp=146070 _min_cwnd=4150 _maxwnd=219105 _cwnd=219105
Initialize per-instance NSCC parameters: flowid 76 _base_rtt=11685600 _base_bdp=146070 _bdp=146070 _min_cwnd=4150 _maxwnd=219105 _cwnd=219105
Initialize per-instance NSCC parameters: flowid 77 _base_rtt=11685600 _base_bdp=146070 _bdp=146070 _min_cwnd=4150 _maxwnd=219105 _cwnd=219105
Initialize per-instance NSCC parameters: flowid 78 _base_rtt=11685600 _base_bdp=146070 _bdp=146070 _min_cwnd=4150 _maxwnd=219105 _cwnd=219105
Initialize per-instance NSCC parameters: flowid 79 _base_rtt=11685600 _base_bdp=146070 _bdp=146070 _min_cwnd=4150 _maxwnd=219105 _cwnd=219105
Initialize per-instance NSCC parameters: flowid 80 _base_rtt=11685600 _base_bdp=146070 _bdp=146070 _min_cwnd=4150 _maxwnd=219105 _cwnd=219105
Initialize per-instance NSCC parameters: flowid 81 _base_rtt=11685600 _base_bdp=146070 _bdp=146070 _min_cwnd=4150 _maxwnd=219105 _cwnd=219105
Initialize per-instance NSCC parameters: flowid 82 _base_rtt=11685600 _base_bdp=146070 _bdp=146070 _min_cwnd=4150 _maxwnd=219105 _cwnd=219105
Initialize per-instance NSCC parameters: flowid 83 _base_rtt=11685600 _base_bdp=146070 _bdp=146070 _min_cwnd=4150 _maxwnd=219105 _cwnd=219105
Initialize per-instance NSCC parameters: flowid 84 _base_rtt=11685600 _base_bdp=146070 _bdp=146070 _min_cwnd=4150 _maxwnd=219105 _cwnd=219105
Initialize per-instance NSCC parameters: flowid 85 _base_rtt=11685600 _base_bdp=146070 _bdp=146070 _min_cwnd=4150 _maxwnd=219105 _cwnd=219105
Initialize per-instance NSCC parameters: flowid 86 _base_rtt=11685600 _base_bdp=146070 _bdp=146070 _min_cwnd=4150 _maxwnd=219105 _cwnd=219105
Initialize per-instance NSCC parameters: flowid 87 _base_rtt=11685600 _base_bdp=146070 _bdp=146070 _min_cwnd=4150 _maxwnd=219105 _cwnd=219105
Initialize per-instance NSCC parameters: flowid 88 _base_rtt=11685600 _base_bdp=146070 _bdp=146070 _min_cwnd=4150 _maxwnd=219105 _cwnd=219105
Initialize per-instance NSCC parameters: flowid 89 _base_rtt=11685600 _base_bdp=146070 _bdp=146070 _min_cwnd=4150 _maxwnd=219105 _cwnd=219105
Initialize per-instance NSCC parameters: flowid 90 _base_rtt=11685600 _base_bdp=146070 _bdp=146070 _min_cwnd=4150 _maxwnd=219105 _cwnd=219105
Initialize per-instance NSCC parameters: flowid 91 _base_rtt=11685600 _base_bdp=146070 _bdp=146070 _min_cwnd=4150 _maxwnd=219105 _cwnd=219105
Initialize per-instance NSCC parameters: flowid 92 _base_rtt=11685600 _base_bdp=146070 _bdp=146070 _min_cwnd=4150 _maxwnd=219105 _cwnd=219105
Initialize per-instance NSCC parameters: flowid 93 _base_rtt=11685600 _base_bdp=146070 _bdp=146070 _min_cwnd=4150 _maxwnd=219105 _cwnd=219105
Initialize per-instance NSCC parameters: flowid 94 _base_rtt=11685600 _base_bdp=146070 _bdp=146070 _min_cwnd=4150 _maxwnd=219105 _cwnd=219105
Initialize per-instance NSCC parameters: flowid 95 _base_rtt=11685600 _base_bdp=146070 _bdp=146070 _min_cwnd=4150 _maxwnd=219105 _cwnd=219105
Initialize per-instance NSCC parameters: flowid 96 _base_rtt=11685600 _base_bdp=146070 _bdp=146070 _min_cwnd=4150 _maxwnd=219105 _cwnd=219105
Initialize per-instance NSCC parameters: flowid 97 _base_rtt=11685600 _base_bdp=146070 _bdp=146070 _min_cwnd=4150 _maxwnd=219105 _cwnd=219105
Initialize per-instance NSCC parameters: flowid 98 _base_rtt=11685600 _base_bdp=146070 _bdp=146070 _min_cwnd=4150 _maxwnd=219105 _cwnd=219105
Initialize per-instance NSCC parameters: flowid 99 _base_rtt=11685600 _base_bdp=146070 _bdp=146070 _min_cwnd=4150 _maxwnd=219105 _cwnd=219105
Initialize per-instance NSCC parameters: flowid 100 _base_rtt=11685600 _base_bdp=146070 _bdp=146070 _min_cwnd=4150 _maxwnd=219105 _cwnd=219105
Initialize per-instance NSCC parameters: flowid 101 _base_rtt=11685600 _base_bdp=146070 _bdp=146070 _min_cwnd=4150 _maxwnd=219105 _cwnd=219105
Initialize per-instance NSCC parameters: flowid 102 _base_rtt=11685600 _base_bdp=146070 _bdp=146070 _min_cwnd=4150 _maxwnd=219105 _cwnd=219105
Initialize per-instance NSCC parameters: flowid 103 _base_rtt=11685600 _base_bdp=146070 _bdp=146070 _min_cwnd=4150 _maxwnd=219105 _cwnd=219105
Initialize per-instance NSCC parameters: flowid 104 _base_rtt=11685600 _base_bdp=146070 _bdp=146070 _min_cwnd=4150 _maxwnd=219105 _cwnd=219105
Initialize per-instance NSCC parameters: flowid 105 _base_rtt=11685600 _base_bdp=146070 _bdp=146070 _min_cwnd=4150 _maxwnd=219105 _cwnd=219105
Initialize per-instance NSCC parameters: flowid 106 _base_rtt=11685600 _base_bdp=146070 _bdp=146070 _min_cwnd=4150 _maxwnd=219105 _cwnd=219105
Initialize per-instance NSCC parameters: flowid 107 _base_rtt=11685600 _base_bdp=146070 _bdp=146070 _min_cwnd=4150 _maxwnd=219105 _cwnd=219105
Initialize per-instance NSCC parameters: flowid 108 _base_rtt=11685600 _base_bdp=146070 _bdp=146070 _min_cwnd=4150 _maxwnd=219105 _cwnd=219105
Initialize per-instance NSCC parameters: flowid 109 _base_rtt=11685600 _base_bdp=146070 _bdp=146070 _min_cwnd=4150 _maxwnd=219105 _cwnd=219105
Initialize per-instance NSCC parameters: flowid 110 _base_rtt=11685600 _base_bdp=146070 _bdp=146070 _min_cwnd=4150 _maxwnd=219105 _cwnd=219105
Initialize per-instance NSCC parameters: flowid 111 _base_rtt=11685600 _base_bdp=146070 _bdp=146070 _min_cwnd=4150 _maxwnd=219105 _cwnd=219105
Initialize per-instance NSCC parameters: flowid 112 _base_rtt=11685600 _base_bdp=146070 _bdp=146070 _min_cwnd=4150 _maxwnd=219105 _cwnd=219105
Initialize per-instance NSCC parameters: flowid 113 _base_rtt=11685600 _base_bdp=146070 _bdp=146070 _min_cwnd=4150 _maxwnd=219105 _cwnd=219105
Initialize per-instance NSCC parameters: flowid 114 _base_rtt=11685600 _base_bdp=146070 _bdp=146070 _min_cwnd=4150 _maxwnd=219105 _cwnd=219105
Initialize per-instance NSCC parameters: flowid 115 _base_rtt=11685600 _base_bdp=146070 _bdp=146070 _min_cwnd=4150 _maxwnd=219105 _cwnd=219105
Initialize per-instance NSCC parameters: flowid 116 _base_rtt=11685600 _base_bdp=146070 _bdp=146070 _min_cwnd=4150 _maxwnd=219105 _cwnd=219105
Initialize per-instance NSCC parameters: flowid 117 _base_rtt=11685600 _base_bdp=146070 _bdp=146070 _min_cwnd=4150 _maxwnd=219105 _cwnd=219105
Initialize per-instance NSCC parameters: flowid 118 _base_rtt=11685600 _base_bdp=146070 _bdp=146070 _min_cwnd=4150 _maxwnd=219105 _cwnd=219105
Initialize per-instance NSCC parameters: flowid 119 _base_rtt=11685600 _base_bdp=146070 _bdp=146070 _min_cwnd=4150 _maxwnd=219105 _cwnd=219105
Initialize per-instance NSCC parameters: flowid 120 _base_rtt=11685600 _base_bdp=146070 _bdp=146070 _min_cwnd=4150 _maxwnd=219105 _cwnd=219105
Initialize per-instance NSCC parameters: flowid 121 _base_rtt=11685600 _base_bdp=146070 _bdp=146070 _min_cwnd=4150 _maxwnd=219105 _cwnd=219105
Initialize per-instance NSCC parameters: flowid 122 _base_rtt=11685600 _base_bdp=146070 _bdp=146070 _min_cwnd=4150 _maxwnd=219105 _cwnd=219105
Initialize per-instance NSCC parameters: flowid 123 _base_rtt=11685600 _base_bdp=146070 _bdp=146070 _min_cwnd=4150 _maxwnd=219105 _cwnd=219105
Initialize per-instance NSCC parameters: flowid 124 _base_rtt=11685600 _base_bdp=146070 _bdp=146070 _min_cwnd=4150 _maxwnd=219105 _cwnd=219105
Initialize per-instance NSCC parameters: flowid 125 _base_rtt=11685600 _base_bdp=146070 _bdp=146070 _min_cwnd=4150 _maxwnd=219105 _cwnd=219105
Initialize per-instance NSCC parameters: flowid 126 _base_rtt=11685600 _base_bdp=146070 _bdp=146070 _min_cwnd=4150 _maxwnd=219105 _cwnd=219105
Initialize per-instance NSCC parameters: flowid 127 _base_rtt=11685600 _base_bdp=146070 _bdp=146070 _min_cwnd=4150 _maxwnd=219105 _cwnd=219105
Initialize per-instance NSCC parameters: flowid 128 _base_rtt=11685600 _base_bdp=146070 _bdp=146070 _min_cwnd=4150 _maxwnd=219105 _cwnd=219105
Initialize per-instance NSCC parameters: flowid 129 _base_rtt=11685600 _base_bdp=146070 _bdp=146070 _min_cwnd=4150 _maxwnd=219105 _cwnd=219105
Initialize per-instance NSCC parameters: flowid 130 _base_rtt=11685600 _base_bdp=146070 _bdp=146070 _min_cwnd=4150 _maxwnd=219105 _cwnd=219105
Initialize per-instance NSCC parameters: flowid 131 _base_rtt=11685600 _base_bdp=146070 _bdp=146070 _min_cwnd=4150 _maxwnd=219105 _cwnd=219105
Initialize per-instance NSCC parameters: flowid 132 _base_rtt=11685600 _base_bdp=146070 _bdp=146070 _min_cwnd=4150 _maxwnd=219105 _cwnd=219105
Initialize per-instance NSCC parameters: flowid 133 _base_rtt=11685600 _base_bdp=146070 _bdp=146070 _min_cwnd=4150 _maxwnd=219105 _cwnd=219105
Initialize per-instance NSCC parameters: flowid 134 _base_rtt=11685600 _base_bdp=146070 _bdp=146070 _min_cwnd=4150 _maxwnd=219105 _cwnd=219105
Initialize per-instance NSCC parameters: flowid 135 _base_rtt=11685600 _base_bdp=146070 _bdp=146070 _min_cwnd=4150 _maxwnd=219105 _cwnd=219105
Initialize per-instance NSCC parameters: flowid 136 _base_rtt=11685600 _base_bdp=146070 _bdp=146070 _min_cwnd=4150 _maxwnd=219105 _cwnd=219105
Initialize per-instance NSCC parameters: flowid 137 _base_rtt=11685600 _base_bdp=146070 _bdp=146070 _min_cwnd=4150 _maxwnd=219105 _cwnd=219105
Initialize per-instance NSCC parameters: flowid 138 _base_rtt=11685600 _base_bdp=146070 _bdp=146070 _min_cwnd=4150 _maxwnd=219105 _cwnd=219105
Initialize per-instance NSCC parameters: flowid 139 _base_rtt=11685600 _base_bdp=146070 _bdp=146070 _min_cwnd=4150 _maxwnd=219105 _cwnd=219105
Initialize per-instance NSCC parameters: flowid 140 _base_rtt=11685600 _base_bdp=146070 _bdp=146070 _min_cwnd=4150 _maxwnd=219105 _cwnd=219105
Initialize per-instance NSCC parameters: flowid 141 _base_rtt=11685600 _base_bdp=146070 _bdp=146070 _min_cwnd=4150 _maxwnd=219105 _cwnd=219105
Initialize per-instance NSCC parameters: flowid 142 _base_rtt=11685600 _base_bdp=146070 _bdp=146070 _min_cwnd=4150 _maxwnd=219105 _cwnd=219105
Initialize per-instance NSCC parameters: flowid 143 _base_rtt=11685600 _base_bdp=146070 _bdp=146070 _min_cwnd=4150 _maxwnd=219105 _cwnd=219105
Initialize per-instance NSCC parameters: flowid 144 _base_rtt=11685600 _base_bdp=146070 _bdp=146070 _min_cwnd=4150 _maxwnd=219105 _cwnd=219105
Initialize per-instance NSCC parameters: flowid 145 _base_rtt=11685600 _base_bdp=146070 _bdp=146070 _min_cwnd=4150 _maxwnd=219105 _cwnd=219105
Initialize per-instance NSCC parameters: flowid 146 _base_rtt=11685600 _base_bdp=146070 _bdp=146070 _min_cwnd=4150 _maxwnd=219105 _cwnd=219105
Initialize per-instance NSCC parameters: flowid 147 _base_rtt=11685600 _base_bdp=146070 _bdp=146070 _min_cwnd=4150 _maxwnd=219105 _cwnd=219105
Initialize per-instance NSCC parameters: flowid 148 _base_rtt=11685600 _base_bdp=146070 _bdp=146070 _min_cwnd=4150 _maxwnd=219105 _cwnd=219105
Initialize per-instance NSCC parameters: flowid 149 _base_rtt=11685600 _base_bdp=146070 _bdp=146070 _min_cwnd=4150 _maxwnd=219105 _cwnd=219105
Initialize per-instance NSCC parameters: flowid 150 _base_rtt=11685600 _base_bdp=146070 _bdp=146070 _min_cwnd=4150 _maxwnd=219105 _cwnd=219105
Initialize per-instance NSCC parameters: flowid 151 _base_rtt=11685600 _base_bdp=146070 _bdp=146070 _min_cwnd=4150 _maxwnd=219105 _cwnd=219105
Initialize per-instance NSCC parameters: flowid 152 _base_rtt=11685600 _base_bdp=146070 _bdp=146070 _min_cwnd=4150 _maxwnd=219105 _cwnd=219105
Initialize per-instance NSCC parameters: flowid 153 _base_rtt=11685600 _base_bdp=146070 _bdp=146070 _min_cwnd=4150 _maxwnd=219105 _cwnd=219105
Initialize per-instance NSCC parameters: flowid 154 _base_rtt=11685600 _base_bdp=146070 _bdp=146070 _min_cwnd=4150 _maxwnd=219105 _cwnd=219105
Initialize per-instance NSCC parameters: flowid 155 _base_rtt=11685600 _base_bdp=146070 _bdp=146070 _min_cwnd=4150 _maxwnd=219105 _cwnd=219105
Initialize per-instance NSCC parameters: flowid 156 _base_rtt=11685600 _base_bdp=146070 _bdp=146070 _min_cwnd=4150 _maxwnd=219105 _cwnd=219105
Initialize per-instance NSCC parameters: flowid 157 _base_rtt=11685600 _base_bdp=146070 _bdp=146070 _min_cwnd=4150 _maxwnd=219105 _cwnd=219105
Initialize per-instance NSCC parameters: flowid 158 _base_rtt=11685600 _base_bdp=146070 _bdp=146070 _min_cwnd=4150 _maxwnd=219105 _cwnd=219105
Initialize per-instance NSCC parameters: flowid 159 _base_rtt=11685600 _base_bdp=146070 _bdp=146070 _min_cwnd=4150 _maxwnd=219105 _cwnd=219105
Initialize per-instance NSCC parameters: flowid 160 _base_rtt=11685600 _base_bdp=146070 _bdp=146070 _min_cwnd=4150 _maxwnd=219105 _cwnd=219105
Initialize per-instance NSCC parameters: flowid 161 _base_rtt=11685600 _base_bdp=146070 _bdp=146070 _min_cwnd=4150 _maxwnd=219105 _cwnd=219105
Initialize per-instance NSCC parameters: flowid 162 _base_rtt=11685600 _base_bdp=146070 _bdp=146070 _min_cwnd=4150 _maxwnd=219105 _cwnd=219105
Initialize per-instance NSCC parameters: flowid 163 _base_rtt=11685600 _base_bdp=146070 _bdp=146070 _min_cwnd=4150 _maxwnd=219105 _cwnd=219105
Initialize per-instance NSCC parameters: flowid 164 _base_rtt=11685600 _base_bdp=146070 _bdp=146070 _min_cwnd=4150 _maxwnd=219105 _cwnd=219105
Initialize per-instance NSCC parameters: flowid 165 _base_rtt=11685600 _base_bdp=146070 _bdp=146070 _min_cwnd=4150 _maxwnd=219105 _cwnd=219105
Initialize per-instance NSCC parameters: flowid 166 _base_rtt=11685600 _base_bdp=146070 _bdp=146070 _min_cwnd=4150 _maxwnd=219105 _cwnd=219105
Starting simulation
Flow Uec_1_129 flowId 1 uecSrc 0 starting at 0
Flow Uec_85_213 flowId 2 uecSrc 1 starting at 0
Flow Uec_76_204 flowId 3 uecSrc 2 starting at 0
Flow Uec_72_200 flowId 4 uecSrc 3 starting at 0
Flow Uec_207_79 flowId 5 uecSrc 4 starting at 0
Flow Uec_198_70 flowId 6 uecSrc 5 starting at 0
Flow Uec_4_132 flowId 7 uecSrc 6 starting at 0
Flow Uec_0_128 flowId 8 uecSrc 7 starting at 0
Flow Uec_180_52 flowId 9 uecSrc 8 starting at 0
Flow Uec_37_165 flowId 10 uecSrc 9 starting at 0
Flow Uec_62_190 flowId 11 uecSrc 10 starting at 0
Flow Uec_194_66 flowId 12 uecSrc 11 starting at 0
Flow Uec_252_124 flowId 13 uecSrc 12 starting at 0
Flow Uec_195_67 flowId 14 uecSrc 13 starting at 0
Flow Uec_81_209 flowId 15 uecSrc 14 starting at 0
Flow Uec_69_197 flowId 16 uecSrc 15 starting at 0
Flow Uec_159_31 flowId 17 uecSrc 16 starting at 0
Flow Uec_255_127 flowId 18 uecSrc 17 starting at 0
Flow Uec_103_231 flowId 19 uecSrc 18 starting at 0
Flow Uec_40_168 flowId 20 uecSrc 19 starting at 0
Flow Uec_7_135 flowId 21 uecSrc 20 starting at 0
Flow Uec_122_250 flowId 22 uecSrc 21 starting at 0
Flow Uec_8_136 flowId 23 uecSrc 22 starting at 0
Flow Uec_116_244 flowId 24 uecSrc 23 starting at 0
Flow Uec_68_196 flowId 25 uecSrc 24 starting at 0
Flow Uec_217_89 flowId 26 uecSrc 25 starting at 0
Flow Uec_102_230 flowId 27 uecSrc 26 starting at 0
Flow Uec_216_88 flowId 28 uecSrc 27 starting at 0
Flow Uec_86_214 flowId 29 uecSrc 28 starting at 0
Flow Uec_211_83 flowId 30 uecSrc 29 starting at 0
Flow Uec_113_241 flowId 31 uecSrc 30 starting at 0
Flow Uec_33_161 flowId 32 uecSrc 31 starting at 0
Flow Uec_79_207 flowId 33 uecSrc 32 starting at 0
Flow Uec_63_191 flowId 34 uecSrc 33 starting at 0
Flow Uec_25_153 flowId 35 uecSrc 34 starting at 0
Flow Uec_139_11 flowId 36 uecSrc 35 starting at 0
Flow Uec_186_58 flowId 37 uecSrc 36 starting at 0
Flow Uec_202_74 flowId 38 uecSrc 37 starting at 0
Flow Uec_83_211 flowId 39 uecSrc 38 starting at 0
Flow Uec_236_108 flowId 40 uecSrc 39 starting at 0
Flow Uec_189_61 flowId 41 uecSrc 40 starting at 0
Flow Uec_144_16 flowId 42 uecSrc 41 starting at 0
Flow Uec_15_143 flowId 43 uecSrc 42 starting at 0
Flow Uec_91_219 flowId 44 uecSrc 43 starting at 0
Flow Uec_22_150 flowId 45 uecSrc 44 starting at 0
Flow Uec_155_27 flowId 46 uecSrc 45 starting at 0
Flow Uec_166_38 flowId 47 uecSrc 46 starting at 0
Flow Uec_162_34 flowId 48 uecSrc 47 starting at 0
Flow Uec_209_81 flowId 49 uecSrc 48 starting at 0
Flow Uec_183_55 flowId 50 uecSrc 49 starting at 0
Flow Uec_190_62 flowId 51 uecSrc 50 starting at 0
Flow Uec_42_170 flowId 52 uecSrc 51 starting at 0
Flow Uec_134_6 flowId 53 uecSrc 52 starting at 0
Flow Uec_135_7 flowId 54 uecSrc 53 starting at 0
Flow Uec_126_254 flowId 55 uecSrc 54 starting at 0
Flow Uec_244_116 flowId 56 uecSrc 55 starting at 0
Flow Uec_133_5 flowId 57 uecSrc 56 starting at 0
Flow Uec_171_43 flowId 58 uecSrc 57 starting at 0
Flow Uec_13_141 flowId 59 uecSrc 58 starting at 0
Flow Uec_117_245 flowId 60 uecSrc 59 starting at 0
Flow Uec_238_110 flowId 61 uecSrc 60 starting at 0
Flow Uec_35_163 flowId 62 uecSrc 61 starting at 0
Flow Uec_231_103 flowId 63 uecSrc 62 starting at 0
Flow Uec_149_21 flowId 64 uecSrc 63 starting at 0
Flow Uec_185_57 flowId 65 uecSrc 64 starting at 0
Flow Uec_49_177 flowId 66 uecSrc 65 starting at 0
Flow Uec_28_156 flowId 67 uecSrc 66 starting at 0
Flow Uec_92_220 flowId 68 uecSrc 67 starting at 0
Flow Uec_147_19 flowId 69 uecSrc 68 starting at 0
Flow Uec_175_47 flowId 70 uecSrc 69 starting at 0
Flow Uec_74_202 flowId 71 uecSrc 70 starting at 0
Flow Uec_43_171 flowId 72 uecSrc 71 starting at 0
Flow Uec_78_206 flowId 73 uecSrc 72 starting at 0
Flow Uec_220_92 flowId 74 uecSrc 73 starting at 0
Flow Uec_233_105 flowId 75 uecSrc 74 starting at 0
Flow Uec_21_149 flowId 76 uecSrc 75 starting at 0
Flow Uec_146_18 flowId 77 uecSrc 76 starting at 0
Flow Uec_160_32 flowId 78 uecSrc 77 starting at 0
Flow Uec_199_71 flowId 79 uecSrc 78 starting at 0
Flow Uec_100_228 flowId 80 uecSrc 79 starting at 0
Flow Uec_16_144 flowId 81 uecSrc 80 starting at 0
Flow Uec_130_2 flowId 82 uecSrc 81 starting at 0
Flow Uec_226_98 flowId 83 uecSrc 82 starting at 0
Flow Uec_106_234 flowId 84 uecSrc 83 starting at 0
Flow Uec_101_229 flowId 85 uecSrc 84 starting at 0
Flow Uec_179_51 flowId 86 uecSrc 85 starting at 0
Flow Uec_90_218 flowId 87 uecSrc 86 starting at 0
Flow Uec_23_151 flowId 88 uecSrc 87 starting at 0
Flow Uec_167_39 flowId 89 uecSrc 88 starting at 0
Flow Uec_248_120 flowId 90 uecSrc 89 starting at 0
Flow Uec_56_184 flowId 91 uecSrc 90 starting at 0
Flow Uec_125_253 flowId 92 uecSrc 91 starting at 0
Flow Uec_38_166 flowId 93 uecSrc 92 starting at 0
Flow Uec_205_77 flowId 94 uecSrc 93 starting at 0
Flow Uec_48_176 flowId 95 uecSrc 94 starting at 0
Flow Uec_219_91 flowId 96 uecSrc 95 starting at 0
Flow Uec_170_42 flowId 97 uecSrc 96 starting at 0
Flow Uec_34_162 flowId 98 uecSrc 97 starting at 0
Flow Uec_52_180 flowId 99 uecSrc 98 starting at 0
Flow Uec_77_205 flowId 100 uecSrc 99 starting at 0
Flow Uec_203_75 flowId 101 uecSrc 100 starting at 0
Flow Uec_168_40 flowId 102 uecSrc 101 starting at 0
Flow Uec_136_8 flowId 103 uecSrc 102 starting at 0
Flow Uec_20_148 flowId 104 uecSrc 103 starting at 0
Flow Uec_32_160 flowId 105 uecSrc 104 starting at 0
Flow Uec_67_195 flowId 106 uecSrc 105 starting at 0
Flow Uec_104_232 flowId 107 uecSrc 106 starting at 0
Flow Uec_114_242 flowId 108 uecSrc 107 starting at 0
Flow Uec_98_226 flowId 109 uecSrc 108 starting at 0
Flow Uec_105_233 flowId 110 uecSrc 109 starting at 0
Flow Uec_161_33 flowId 111 uecSrc 110 starting at 0
Flow Uec_212_84 flowId 112 uecSrc 111 starting at 0
Flow Uec_30_158 flowId 113 uecSrc 112 starting at 0
Flow Uec_206_78 flowId 114 uecSrc 113 starting at 0
Flow Uec_235_107 flowId 115 uecSrc 114 starting at 0
Flow Uec_80_208 flowId 116 uecSrc 115 starting at 0
Flow Uec_60_188 flowId 117 uecSrc 116 starting at 0
Flow Uec_17_145 flowId 118 uecSrc 117 starting at 0
Flow Uec_84_212 flowId 119 uecSrc 118 starting at 0
Flow Uec_197_69 flowId 120 uecSrc 119 starting at 0
Flow Uec_142_14 flowId 121 uecSrc 120 starting at 0
Flow Uec_234_106 flowId 122 uecSrc 121 starting at 0
Flow Uec_2_130 flowId 123 uecSrc 122 starting at 0
Flow Uec_173_45 flowId 124 uecSrc 123 starting at 0
Flow Uec_246_118 flowId 125 uecSrc 124 starting at 0
Flow Uec_121_249 flowId 126 uecSrc 125 starting at 0
Flow Uec_47_175 flowId 127 uecSrc 126 starting at 0
Flow Uec_5_133 flowId 128 uecSrc 127 starting at 0
Flow Uec_230_102 flowId 129 uecSrc 128 starting at 0
Flow Uec_50_178 flowId 130 uecSrc 129 starting at 0
Flow Uec_154_26 flowId 131 uecSrc 130 starting at 0
Flow Uec_93_221 flowId 132 uecSrc 131 starting at 0
Flow Uec_66_194 flowId 133 uecSrc 132 starting at 0
Flow Uec_200_72 flowId 134 uecSrc 133 starting at 0
Flow Uec_140_12 flowId 135 uecSrc 134 starting at 0
Flow Uec_152_24 flowId 136 uecSrc 135 starting at 0
Flow Uec_182_54 flowId 137 uecSrc 136 starting at 0
Flow Uec_29_157 flowId 138 uecSrc 137 starting at 0
Flow Uec_124_252 flowId 139 uecSrc 138 starting at 0
Flow Uec_178_50 flowId 140 uecSrc 139 starting at 0
Flow Uec_177_49 flowId 141 uecSrc 140 starting at 0
Flow Uec_181_53 flowId 142 uecSrc 141 starting at 0
Flow Uec_54_182 flowId 143 uecSrc 142 starting at 0
Flow Uec_210_82 flowId 144 uecSrc 143 starting at 0
Flow Uec_57_185 flowId 145 uecSrc 144 starting at 0
Flow Uec_95_223 flowId 146 uecSrc 145 starting at 0
Flow Uec_188_60 flowId 147 uecSrc 146 starting at 0
Flow Uec_247_119 flowId 148 uecSrc 147 starting at 0
Flow Uec_119_247 flowId 149 uecSrc 148 starting at 0
Flow Uec_165_37 flowId 150 uecSrc 149 starting at 0
Flow Uec_26_154 flowId 151 uecSrc 150 starting at 0
Flow Uec_132_4 flowId 152 uecSrc 151 starting at 0
Flow Uec_239_111 flowId 153 uecSrc 152 starting at 0
Flow Uec_241_113 flowId 154 uecSrc 153 starting at 0
Flow Uec_204_76 flowId 155 uecSrc 154 starting at 0
Flow Uec_164_36 flowId 156 uecSrc 155 starting at 0
Flow Uec_193_65 flowId 157 uecSrc 156 starting at 0
Flow Uec_55_183 flowId 158 uecSrc 157 starting at 0
Flow Uec_61_189 flowId 159 uecSrc 158 starting at 0
Flow Uec_94_222 flowId 160 uecSrc 159 starting at 0
Flow Uec_127_255 flowId 161 uecSrc 160 starting at 0
Flow Uec_172_44 flowId 162 uecSrc 161 starting at 0
Flow Uec_229_101 flowId 163 uecSrc 162 starting at 0
Flow Uec_150_22 flowId 164 uecSrc 163 starting at 0
Flow Uec_174_46 flowId 165 uecSrc 164 starting at 0
Flow Uec_158_30 flowId 166 uecSrc 165 starting at 0
161.762 flowid 45 Spurious 85
Flow Uec_186_58 flowId 37 uecSrc 36 finished at 174.237 total messages 1 total packets 490 RTS 0 total bytes 2002140 in_flight now 0 fair_inc 0 prop_inc 10006 fast_inc 444999 eta_inc 8344 multi_dec -0 quick_dec -0 nack_dec -0
Flow Uec_100_228 flowId 80 uecSrc 79 finished at 174.782 total messages 1 total packets 490 RTS 0 total bytes 2002140 in_flight now 0 fair_inc 0 prop_inc 61648 fast_inc 181845 eta_inc 8344 multi_dec -0 quick_dec -0 nack_dec -0
Flow Uec_180_52 flowId 9 uecSrc 8 finished at 176.256 total messages 1 total packets 490 RTS 0 total bytes 2002140 in_flight now 0 fair_inc 0 prop_inc 88615 fast_inc 16164 eta_inc 8344 multi_dec -0 quick_dec -0 nack_dec -0
Flow Uec_144_16 flowId 42 uecSrc 41 finished at 176.319 total messages 1 total packets 490 RTS 0 total bytes 2002140 in_flight now 0 fair_inc 0 prop_inc 87623 fast_inc 0 eta_inc 8344 multi_dec -0 quick_dec -0 nack_dec -0
Flow Uec_103_231 flowId 19 uecSrc 18 finished at 176.766 total messages 1 total packets 490 RTS 0 total bytes 2002140 in_flight now 0 fair_inc 0 prop_inc 87770 fast_inc 0 eta_inc 8344 multi_dec -0 quick_dec -0 nack_dec -0
Flow Uec_105_233 flowId 110 uecSrc 109 finished at 177.088 total messages 1 total packets 490 RTS 0 total bytes 2002140 in_flight now 0 fair_inc 0 prop_inc 82865 fast_inc 16164 eta_inc 8344 multi_dec -0 quick_dec -0 nack_dec -0
Flow Uec_126_254 flowId 55 uecSrc 54 finished at 177.887 total messages 1 total packets 490 RTS 0 total bytes 2002140 in_flight now 0 fair_inc 0 prop_inc 63551 fast_inc 56574 eta_inc 8344 multi_dec -0 quick_dec -0 nack_dec -0
Flow Uec_119_247 flowId 149 uecSrc 148 finished at 177.951 total messages 1 total packets 490 RTS 0 total bytes 2002140 in_flight now 0 fair_inc 0 prop_inc 80120 fast_inc 0 eta_inc 8344 multi_dec -0 quick_dec -0 nack_dec -0
Flow Uec_114_242 flowId 108 uecSrc 107 finished at 178.773 total messages 1 total packets 490 RTS 0 total bytes 2002140 in_flight now 0 fair_inc 0 prop_inc 63970 fast_inc 0 eta_inc 8344 multi_dec -0 quick_dec -0 nack_dec -0
Flow Uec_124_252 flowId 139 uecSrc 138 finished at 178.942 total messages 1 total packets 490 RTS 0 total bytes 2002140 in_flight now 0 fair_inc 0 prop_inc 76496 fast_inc 0 eta_inc 8344 multi_dec -0 quick_dec -0 nack_dec -0
181.003 flowid 10 Spurious 110
Flow Uec_135_7 flowId 54 uecSrc 53 finished at 181.682 total messages 1 total packets 490 RTS 0 total bytes 2002140 in_flight now 0 fair_inc 0 prop_inc 78578 fast_inc 0 eta_inc 8344 multi_dec -0 quick_dec -0 nack_dec -0
Flow Uec_132_4 flowId 152 uecSrc 151 finished at 181.716 total messages 1 total packets 490 RTS 0 total bytes 2002140 in_flight now 0 fair_inc 0 prop_inc 72128 fast_inc 0 eta_inc 8344 multi_dec -0 quick_dec -0 nack_dec -0
Flow Uec_226_98 flowId 83 uecSrc 82 finished at 187.389 total messages 1 total packets 490 RTS 0 total bytes 2002140 in_flight now 0 fair_inc 0 prop_inc 33790 fast_inc 0 eta_inc 8940 multi_dec -0 quick_dec -0 nack_dec -0
Flow Uec_1_129 flowId 1 uecSrc 0 finished at 187.684 total messages 1 total packets 490 RTS 0 total bytes 2002140 in_flight now 0 fair_inc 0 prop_inc 34284 fast_inc 0 eta_inc 8940 multi_dec -0 quick_dec -0 nack_dec -0
Flow Uec_16_144 flowId 81 uecSrc 80 finished at 189.302 total messages 1 total packets 490 RTS 0 total bytes 2002140 in_flight now 0 fair_inc 0 prop_inc 28446 fast_inc 0 eta_inc 8940 multi_dec -0 quick_dec -0 nack_dec -0
Flow Uec_200_72 flowId 134 uecSrc 133 finished at 189.595 total messages 1 total packets 490 RTS 0 total bytes 2002140 in_flight now 0 fair_inc 0 prop_inc 32272 fast_inc 0 eta_inc 8940 multi_dec -0 quick_dec -0 nack_dec -0
Flow Uec_244_116 flowId 56 uecSrc 55 finished at 197.104 total messages 1 total packets 490 RTS 0 total bytes 2002140 in_flight now 0 fair_inc 0 prop_inc 16146 fast_inc 0 eta_inc 8940 multi_dec -0 quick_dec -0 nack_dec -0
Flow Uec_209_81 flowId 49 uecSrc 48 finished at 197.304 total messages 1 total packets 490 RTS 0 total bytes 2002140 in_flight now 0 fair_inc 2624 prop_inc 17333 fast_inc 0 eta_inc 9536 multi_dec -0 quick_dec -0 nack_dec -0
Flow Uec_25_153 flowId 35 uecSrc 34 finished at 197.865 total messages 1 total packets 490 RTS 0 total bytes 2002140 in_flight now 0 fair_inc 3748 prop_inc 20575 fast_inc 0 eta_inc 9536 multi_dec -0 quick_dec -0 nack_dec -0
199.92 flowid 151 Spurious 179
Flow Uec_34_162 flowId 98 uecSrc 97 finished at 211.378 total messages 1 total packets 490 RTS 0 total bytes 2002140 in_flight now 0 fair_inc 9933 prop_inc 19297 fast_inc 0 eta_inc 9536 multi_dec -0 quick_dec -0 nack_dec -20750
211.557 flowid 62 Spurious 193
Flow Uec_20_148 flowId 104 uecSrc 103 finished at 216.794 total messages 1 total packets 490 RTS 0 total bytes 2002140 in_flight now 0 fair_inc 6570 prop_inc 30176 fast_inc 0 eta_inc 10132 multi_dec -54147 quick_dec -0 nack_dec -0
Flow Uec_30_158 flowId 113 uecSrc 112 finished at 219.45 total messages 1 total packets 490 RTS 0 total bytes 2002140 in_flight now 0 fair_inc 6258 prop_inc 19894 fast_inc 0 eta_inc 10132 multi_dec -48326 quick_dec -0 nack_dec -0
Flow Uec_67_195 flowId 106 uecSrc 105 finished at 220.584 total messages 1 total packets 490 RTS 0 total bytes 2002140 in_flight now 0 fair_inc 6433 prop_inc 19806 fast_inc 0 eta_inc 10728 multi_dec -30180 quick_dec -0 nack_dec -16600
220.794 flowid 105 Spurious 190
Flow Uec_0_128 flowId 8 uecSrc 7 finished at 265.82 total messages 1 total packets 491 RTS 1 total bytes 2002140 in_flight now 0 fair_inc 9494 prop_inc 66744 fast_inc 0 eta_inc 12516 multi_dec -110551 quick_dec -0 nack_dec -8300
271.76 flowid 93 Spurious 328
272.424 flowid 93 Spurious 329
273.726 flowid 151 Spurious 325
275.065 flowid 93 Spurious 336
277.277 flowid 151 Spurious 333
Flow Uec_248_120 flowId 90 uecSrc 89 finished at 278.39 total messages 1 total packets 490 RTS 0 total bytes 2002140 in_flight now 0 fair_inc 5949 prop_inc 43787 fast_inc 0 eta_inc 13112 multi_dec -24542 quick_dec -0 nack_dec -83000
281.002 flowid 151 Spurious 340
Flow Uec_33_161 flowId 32 uecSrc 31 finished at 282.443 total messages 1 total packets 491 RTS 1 total bytes 2002140 in_flight now 0 fair_inc 4897 prop_inc 28562 fast_inc 0 eta_inc 11920 multi_dec -0 quick_dec -179290 nack_dec -8300
284.714 flowid 10 Spurious 247
Flow Uec_188_60 flowId 147 uecSrc 146 finished at 288.076 total messages 1 total packets 490 RTS 0 total bytes 2002140 in_flight now 0 fair_inc 5328 prop_inc 34678 fast_inc 0 eta_inc 13708 multi_dec -82958 quick_dec -0 nack_dec -41500
289.025 flowid 95 Spurious 279
297.096 flowid 138 Spurious 324
Flow Uec_13_141 flowId 59 uecSrc 58 finished at 304.676 total messages 1 total packets 492 RTS 2 total bytes 2002140 in_flight now 0 fair_inc 6726 prop_inc 30965 fast_inc 0 eta_inc 11920 multi_dec -2944 quick_dec -203139 nack_dec -29050
Flow Uec_152_24 flowId 136 uecSrc 135 finished at 310.956 total messages 1 total packets 490 RTS 0 total bytes 2002140 in_flight now 0 fair_inc 6414 prop_inc 23854 fast_inc 0 eta_inc 15496 multi_dec -91233 quick_dec -0 nack_dec -33200
Flow Uec_15_143 flowId 43 uecSrc 42 finished at 319.917 total messages 1 total packets 490 RTS 0 total bytes 2002140 in_flight now 0 fair_inc 7155 prop_inc 54754 fast_inc 6060 eta_inc 14900 multi_dec -157330 quick_dec -0 nack_dec -4150
321.199 flowid 76 Spurious 300
Flow Uec_23_151 flowId 88 uecSrc 87 finished at 322.301 total messages 1 total packets 490 RTS 0 total bytes 2002140 in_flight now 0 fair_inc 15517 prop_inc 12846 fast_inc 0 eta_inc 11920 multi_dec -52991 quick_dec -0 nack_dec -4150
322.318 flowid 88 Spurious 457
Flow Uec_136_8 flowId 103 uecSrc 102 finished at 322.919 total messages 1 total packets 490 RTS 0 total bytes 2002140 in_flight now 0 fair_inc 14798 prop_inc 34991 fast_inc 0 eta_inc 13112 multi_dec -109640 quick_dec -0 nack_dec -20750
322.992 flowid 88 Spurious 458
327.033 flowid 88 Spurious 469
Flow Uec_81_209 flowId 15 uecSrc 14 finished at 327.322 total messages 1 total packets 490 RTS 0 total bytes 2002140 in_flight now 0 fair_inc 2600 prop_inc 28875 fast_inc 0 eta_inc 15496 multi_dec -83821 quick_dec -0 nack_dec -45650
Flow Uec_168_40 flowId 102 uecSrc 101 finished at 328.341 total messages 1 total packets 491 RTS 1 total bytes 2002140 in_flight now 0 fair_inc 17868 prop_inc 44848 fast_inc 0 eta_inc 14900 multi_dec -113925 quick_dec -0 nack_dec -37350
328.366 flowid 88 Spurious 472
329.714 flowid 88 Spurious 475
Flow Uec_86_214 flowId 29 uecSrc 28 finished at 330.443 total messages 1 total packets 490 RTS 0 total bytes 2002140 in_flight now 0 fair_inc 2543 prop_inc 22734 fast_inc 0 eta_inc 16092 multi_dec -85867 quick_dec -0 nack_dec -41500
330.731 flowid 88 Spurious 477
Flow Uec_183_55 flowId 50 uecSrc 49 finished at 331.508 total messages 1 total packets 490 RTS 0 total bytes 2002140 in_flight now 0 fair_inc 4909 prop_inc 43713 fast_inc 0 eta_inc 15496 multi_dec -109577 quick_dec -0 nack_dec -41500
331.747 flowid 88 Spurious 479
Flow Uec_212_84 flowId 112 uecSrc 111 finished at 332.799 total messages 1 total packets 490 RTS 0 total bytes 2002140 in_flight now 0 fair_inc 12289 prop_inc 32535 fast_inc 0 eta_inc 16092 multi_dec -106217 quick_dec -0 nack_dec -41500
Flow Uec_164_36 flowId 156 uecSrc 155 finished at 333.403 total messages 1 total packets 490 RTS 0 total bytes 2002140 in_flight now 0 fair_inc 5510 prop_inc 19882 fast_inc 0 eta_inc 15496 multi_dec -86571 quick_dec -0 nack_dec -41500
Flow Uec_76_204 flowId 3 uecSrc 2 finished at 336.112 total messages 1 total packets 490 RTS 0 total bytes 2002140 in_flight now 0 fair_inc 8961 prop_inc 42710 fast_inc 0 eta_inc 15496 multi_dec -110690 quick_dec -0 nack_dec -41500
Flow Uec_106_234 flowId 84 uecSrc 83 finished at 336.348 total messages 1 total packets 490 RTS 0 total bytes 2002140 in_flight now 0 fair_inc 4606 prop_inc 46522 fast_inc 0 eta_inc 16092 multi_dec -102991 quick_dec -0 nack_dec -49800
Flow Uec_160_32 flowId 78 uecSrc 77 finished at 336.728 total messages 1 total packets 490 RTS 0 total bytes 2002140 in_flight now 0 fair_inc 5228 prop_inc 34237 fast_inc 0 eta_inc 15496 multi_dec -104123 quick_dec -0 nack_dec -33200
Flow Uec_62_190 flowId 11 uecSrc 10 finished at 337.49 total messages 1 total packets 490 RTS 0 total bytes 2002140 in_flight now 0 fair_inc 16495 prop_inc 45487 fast_inc 0 eta_inc 16092 multi_dec -93715 quick_dec -0 nack_dec -49800
Flow Uec_74_202 flowId 71 uecSrc 70 finished at 337.676 total messages 1 total packets 490 RTS 0 total bytes 2002140 in_flight now 0 fair_inc 5058 prop_inc 40063 fast_inc 0 eta_inc 16092 multi_dec -112097 quick_dec -0 nack_dec -37350
339.678 flowid 52 Spurious 341
Flow Uec_94_222 flowId 160 uecSrc 159 finished at 340.828 total messages 1 total packets 490 RTS 0 total bytes 2002140 in_flight now 0 fair_inc 8492 prop_inc 37677 fast_inc 0 eta_inc 16688 multi_dec -105249 quick_dec -0 nack_dec -45650
Flow Uec_154_26 flowId 131 uecSrc 130 finished at 341.149 total messages 1 total packets 490 RTS 0 total bytes 2002140 in_flight now 0 fair_inc 16045 prop_inc 21835 fast_inc 0 eta_inc 15496 multi_dec -97531 quick_dec -0 nack_dec -45650
Flow Uec_80_208 flowId 116 uecSrc 115 finished at 341.547 total messages 1 total packets 490 RTS 0 total bytes 2002140 in_flight now 0 fair_inc 2593 prop_inc 42455 fast_inc 0 eta_inc 16092 multi_dec -96635 quick_dec -0 nack_dec -53950
Flow Uec_217_89 flowId 26 uecSrc 25 finished at 342.177 total messages 1 total packets 490 RTS 0 total bytes 2002140 in_flight now 0 fair_inc 8642 prop_inc 37480 fast_inc 0 eta_inc 16688 multi_dec -100542 quick_dec -0 nack_dec -53950
Flow Uec_113_241 flowId 31 uecSrc 30 finished at 342.396 total messages 1 total packets 490 RTS 0 total bytes 2002140 in_flight now 0 fair_inc 5690 prop_inc 41396 fast_inc 0 eta_inc 16092 multi_dec -111404 quick_dec -0 nack_dec -41500
Flow Uec_101_229 flowId 85 uecSrc 84 finished at 342.728 total messages 1 total packets 490 RTS 0 total bytes 2002140 in_flight now 0 fair_inc 5510 prop_inc 40408 fast_inc 0 eta_inc 16092 multi_dec -107129 quick_dec -0 nack_dec -45650
Flow Uec_38_166 flowId 93 uecSrc 92 finished at 343.154 total messages 1 total packets 495 RTS 5 total bytes 2002140 in_flight now 0 fair_inc 6681 prop_inc 30718 fast_inc 1010 eta_inc 14900 multi_dec -0 quick_dec -142257 nack_dec -8300
Flow Uec_72_200 flowId 4 uecSrc 3 finished at 343.338 total messages 1 total packets 490 RTS 0 total bytes 2002140 in_flight now 0 fair_inc 4638 prop_inc 43601 fast_inc 0 eta_inc 16688 multi_dec -114438 quick_dec -0 nack_dec -41500
Flow Uec_79_207 flowId 33 uecSrc 32 finished at 345.199 total messages 1 total packets 490 RTS 0 total bytes 2002140 in_flight now 0 fair_inc 10127 prop_inc 26822 fast_inc 0 eta_inc 16092 multi_dec -72421 quick_dec -0 nack_dec -62250
Flow Uec_104_232 flowId 107 uecSrc 106 finished at 345.343 total messages 1 total packets 490 RTS 0 total bytes 2002140 in_flight now 0 fair_inc 5219 prop_inc 42554 fast_inc 0 eta_inc 16092 multi_dec -99039 quick_dec -0 nack_dec -53950
Flow Uec_190_62 flowId 51 uecSrc 50 finished at 345.374 total messages 1 total packets 490 RTS 0 total bytes 2002140 in_flight now 0 fair_inc 1200 prop_inc 47695 fast_inc 0 eta_inc 16688 multi_dec -110345 quick_dec -0 nack_dec -45650
Flow Uec_165_37 flowId 150 uecSrc 149 finished at 346.035 total messages 1 total packets 491 RTS 1 total bytes 2002140 in_flight now 0 fair_inc 12203 prop_inc 27289 fast_inc 0 eta_inc 16092 multi_dec -99237 quick_dec -0 nack_dec -33200
Flow Uec_158_30 flowId 166 uecSrc 165 finished at 347.009 total messages 1 total packets 490 RTS 0 total bytes 2002140 in_flight now 0 fair_inc 2841 prop_inc 32814 fast_inc 38875 eta_inc 16688 multi_dec -81181 quick_dec -0 nack_dec -58100
Flow Uec_47_175 flowId 127 uecSrc 126 finished at 347.914 total messages 1 total packets 494 RTS 4 total bytes 2002140 in_flight now 0 fair_inc 25217 prop_inc 56528 fast_inc 0 eta_inc 16092 multi_dec -138322 quick_dec -0 nack_dec -16600
Flow Uec_7_135 flowId 21 uecSrc 20 finished at 350.646 total messages 1 total packets 495 RTS 5 total bytes 2002140 in_flight now 0 fair_inc 16984 prop_inc 49874 fast_inc 0 eta_inc 13112 multi_dec -0 quick_dec -170945 nack_dec -49800
Flow Uec_22_150 flowId 45 uecSrc 44 finished at 350.848 total messages 1 total packets 493 RTS 3 total bytes 2002140 in_flight now 0 fair_inc 41805 prop_inc 19466 fast_inc 0 eta_inc 16092 multi_dec -153225 quick_dec -0 nack_dec -0
Flow Uec_17_145 flowId 118 uecSrc 117 finished at 354.742 total messages 1 total packets 491 RTS 1 total bytes 2002140 in_flight now 0 fair_inc 5953 prop_inc 68670 fast_inc 40896 eta_inc 15496 multi_dec -160881 quick_dec -0 nack_dec -8300
355.837 flowid 21 Spurious 476
Flow Uec_172_44 flowId 162 uecSrc 161 finished at 356.607 total messages 1 total packets 490 RTS 0 total bytes 2002140 in_flight now 0 fair_inc 5911 prop_inc 56492 fast_inc 5050 eta_inc 16092 multi_dec -133601 quick_dec -0 nack_dec -33200
Flow Uec_177_49 flowId 141 uecSrc 140 finished at 357.312 total messages 1 total packets 490 RTS 0 total bytes 2002140 in_flight now 0 fair_inc 2608 prop_inc 82889 fast_inc 0 eta_inc 16688 multi_dec -120725 quick_dec -0 nack_dec -41500
Flow Uec_56_184 flowId 91 uecSrc 90 finished at 357.91 total messages 1 total packets 490 RTS 0 total bytes 2002140 in_flight now 0 fair_inc 13177 prop_inc 61339 fast_inc 0 eta_inc 16092 multi_dec -125329 quick_dec -0 nack_dec -33200
Flow Uec_26_154 flowId 151 uecSrc 150 finished at 358.67 total messages 1 total packets 496 RTS 6 total bytes 2002140 in_flight now 0 fair_inc 18571 prop_inc 12166 fast_inc 0 eta_inc 15496 multi_dec -0 quick_dec -0 nack_dec -0
Flow Uec_29_157 flowId 138 uecSrc 137 finished at 364.188 total messages 1 total packets 496 RTS 6 total bytes 2002140 in_flight now 0 fair_inc 12088 prop_inc 23379 fast_inc 0 eta_inc 14304 multi_dec -0 quick_dec -160336 nack_dec -33200
Flow Uec_230_102 flowId 129 uecSrc 128 finished at 364.874 total messages 1 total packets 490 RTS 0 total bytes 2002140 in_flight now 0 fair_inc 8985 prop_inc 36119 fast_inc 0 eta_inc 17284 multi_dec -95762 quick_dec -0 nack_dec -62250
365.296 flowid 21 Spurious 479
Flow Uec_238_110 flowId 61 uecSrc 60 finished at 366.689 total messages 1 total packets 490 RTS 0 total bytes 2002140 in_flight now 0 fair_inc 2425 prop_inc 40129 fast_inc 0 eta_inc 17284 multi_dec -83003 quick_dec -0 nack_dec -74700
Flow Uec_42_170 flowId 52 uecSrc 51 finished at 366.849 total messages 1 total packets 495 RTS 5 total bytes 2002140 in_flight now 0 fair_inc 20509 prop_inc 26172 fast_inc 0 eta_inc 16092 multi_dec -86895 quick_dec -0 nack_dec -12450
Flow Uec_241_113 flowId 154 uecSrc 153 finished at 368.835 total messages 1 total packets 490 RTS 0 total bytes 2002140 in_flight now 0 fair_inc 8483 prop_inc 33729 fast_inc 0 eta_inc 17284 multi_dec -99600 quick_dec -0 nack_dec -53950
Flow Uec_133_5 flowId 57 uecSrc 56 finished at 368.887 total messages 1 total packets 490 RTS 0 total bytes 2002140 in_flight now 0 fair_inc 16154 prop_inc 51649 fast_inc 0 eta_inc 15496 multi_dec -147554 quick_dec -0 nack_dec -24900
Flow Uec_21_149 flowId 76 uecSrc 75 finished at 369.388 total messages 1 total packets 495 RTS 5 total bytes 2002140 in_flight now 0 fair_inc 24443 prop_inc 28658 fast_inc 0 eta_inc 17284 multi_dec -125245 quick_dec -0 nack_dec -12450
Flow Uec_229_101 flowId 163 uecSrc 162 finished at 374.64 total messages 1 total packets 490 RTS 0 total bytes 2002140 in_flight now 0 fair_inc 10337 prop_inc 31775 fast_inc 0 eta_inc 17880 multi_dec -92693 quick_dec -0 nack_dec -62250
Flow Uec_35_163 flowId 62 uecSrc 61 finished at 390.659 total messages 1 total packets 498 RTS 8 total bytes 2002140 in_flight now 0 fair_inc 3870 prop_inc 44240 fast_inc 0 eta_inc 16092 multi_dec -0 quick_dec -103861 nack_dec -24900
Flow Uec_77_205 flowId 100 uecSrc 99 finished at 391.208 total messages 1 total packets 490 RTS 0 total bytes 2002140 in_flight now 0 fair_inc 11597 prop_inc 29621 fast_inc 0 eta_inc 17880 multi_dec -69543 quick_dec -0 nack_dec -91300
396.087 flowid 23 Spurious 443
Flow Uec_48_176 flowId 95 uecSrc 94 finished at 397.304 total messages 1 total packets 493 RTS 3 total bytes 2002140 in_flight now 0 fair_inc 15398 prop_inc 46454 fast_inc 0 eta_inc 18476 multi_dec -154233 quick_dec -0 nack_dec -4150
Flow Uec_93_221 flowId 132 uecSrc 131 finished at 398.017 total messages 1 total packets 490 RTS 0 total bytes 2002140 in_flight now 0 fair_inc 6545 prop_inc 32399 fast_inc 0 eta_inc 19072 multi_dec -54452 quick_dec -0 nack_dec -99600
Flow Uec_239_111 flowId 153 uecSrc 152 finished at 403.358 total messages 1 total packets 490 RTS 0 total bytes 2002140 in_flight now 0 fair_inc 18269 prop_inc 30667 fast_inc 0 eta_inc 19072 multi_dec -56679 quick_dec -0 nack_dec -116200
Flow Uec_8_136 flowId 23 uecSrc 22 finished at 406.152 total messages 1 total packets 499 RTS 9 total bytes 2002140 in_flight now 0 fair_inc 7211 prop_inc 44773 fast_inc 0 eta_inc 16092 multi_dec -0 quick_dec -92530 nack_dec -16600
Flow Uec_43_171 flowId 72 uecSrc 71 finished at 410.372 total messages 1 total packets 497 RTS 7 total bytes 2002140 in_flight now -64 fair_inc 15290 prop_inc 84990 fast_inc 0 eta_inc 18476 multi_dec -132406 quick_dec -0 nack_dec -8300
Flow Uec_189_61 flowId 41 uecSrc 40 finished at 410.601 total messages 1 total packets 490 RTS 0 total bytes 2002140 in_flight now 0 fair_inc 27805 prop_inc 16704 fast_inc 0 eta_inc 19072 multi_dec -53629 quick_dec -0 nack_dec -112050
Flow Uec_255_127 flowId 18 uecSrc 17 finished at 410.822 total messages 1 total packets 490 RTS 0 total bytes 2002140 in_flight now 0 fair_inc 22041 prop_inc 109289 fast_inc 0 eta_inc 19072 multi_dec -180849 quick_dec -0 nack_dec -33200
Flow Uec_252_124 flowId 13 uecSrc 12 finished at 424.287 total messages 1 total packets 490 RTS 0 total bytes 2002140 in_flight now 0 fair_inc 17860 prop_inc 21458 fast_inc 0 eta_inc 20264 multi_dec -28321 quick_dec -0 nack_dec -128650
Flow Uec_150_22 flowId 164 uecSrc 163 finished at 438.336 total messages 1 total packets 490 RTS 0 total bytes 2002140 in_flight now 0 fair_inc 19503 prop_inc 24854 fast_inc 0 eta_inc 19668 multi_dec -93607 quick_dec -0 nack_dec -78850
Flow Uec_116_244 flowId 24 uecSrc 23 finished at 438.453 total messages 1 total packets 490 RTS 0 total bytes 2002140 in_flight now 0 fair_inc 13858 prop_inc 17946 fast_inc 0 eta_inc 20860 multi_dec -37467 quick_dec -0 nack_dec -128650
Flow Uec_199_71 flowId 79 uecSrc 78 finished at 450.317 total messages 1 total packets 490 RTS 0 total bytes 2002140 in_flight now 0 fair_inc 15236 prop_inc 22731 fast_inc 0 eta_inc 21456 multi_dec -55822 quick_dec -0 nack_dec -128650
Flow Uec_139_11 flowId 36 uecSrc 35 finished at 453.174 total messages 1 total packets 491 RTS 1 total bytes 2002140 in_flight now 0 fair_inc 13455 prop_inc 9137 fast_inc 0 eta_inc 19668 multi_dec -78102 quick_dec -0 nack_dec -107900
Flow Uec_134_6 flowId 53 uecSrc 52 finished at 456.486 total messages 1 total packets 490 RTS 0 total bytes 2002140 in_flight now 0 fair_inc 44547 prop_inc 32750 fast_inc 0 eta_inc 20264 multi_dec -102349 quick_dec -0 nack_dec -95450
Flow Uec_37_165 flowId 10 uecSrc 9 finished at 458.109 total messages 1 total packets 496 RTS 6 total bytes 2002140 in_flight now 0 fair_inc 25130 prop_inc 19230 fast_inc 0 eta_inc 20264 multi_dec -140405 quick_dec -0 nack_dec -4150
Flow Uec_155_27 flowId 46 uecSrc 45 finished at 464.725 total messages 1 total packets 490 RTS 0 total bytes 2002140 in_flight now 0 fair_inc 16796 prop_inc 45781 fast_inc 0 eta_inc 21456 multi_dec -82604 quick_dec -0 nack_dec -103750
Flow Uec_211_83 flowId 30 uecSrc 29 finished at 467.558 total messages 1 total packets 490 RTS 0 total bytes 2002140 in_flight now 0 fair_inc 13591 prop_inc 14960 fast_inc 0 eta_inc 22052 multi_dec -92021 quick_dec -0 nack_dec -83000
Flow Uec_98_226 flowId 109 uecSrc 108 finished at 481.442 total messages 1 total packets 490 RTS 0 total bytes 2002140 in_flight now 0 fair_inc 21959 prop_inc 41697 fast_inc 0 eta_inc 22648 multi_dec -79209 quick_dec -0 nack_dec -103750
Flow Uec_32_160 flowId 105 uecSrc 104 finished at 481.747 total messages 1 total packets 493 RTS 3 total bytes 2002140 in_flight now 0 fair_inc 33986 prop_inc 8242 fast_inc 0 eta_inc 18476 multi_dec -130097 quick_dec -0 nack_dec -12450
Flow Uec_233_105 flowId 75 uecSrc 74 finished at 484.397 total messages 1 total packets 490 RTS 0 total bytes 2002140 in_flight now 0 fair_inc 40908 prop_inc 40013 fast_inc 0 eta_inc 21456 multi_dec -134697 quick_dec -0 nack_dec -87150
Flow Uec_202_74 flowId 38 uecSrc 37 finished at 484.588 total messages 1 total packets 490 RTS 0 total bytes 2002140 in_flight now 0 fair_inc 14381 prop_inc 17440 fast_inc 0 eta_inc 20860 multi_dec -81635 quick_dec -0 nack_dec -91300
Flow Uec_142_14 flowId 121 uecSrc 120 finished at 487.136 total messages 1 total packets 490 RTS 0 total bytes 2002140 in_flight now 0 fair_inc 12095 prop_inc 34502 fast_inc 0 eta_inc 22648 multi_dec -81350 quick_dec -0 nack_dec -95450
Flow Uec_60_188 flowId 117 uecSrc 116 finished at 488.956 total messages 1 total packets 490 RTS 0 total bytes 2002140 in_flight now 0 fair_inc 15704 prop_inc 20818 fast_inc 0 eta_inc 23244 multi_dec -87821 quick_dec -0 nack_dec -95450
Flow Uec_179_51 flowId 86 uecSrc 85 finished at 498.668 total messages 1 total packets 490 RTS 0 total bytes 2002140 in_flight now 0 fair_inc 33008 prop_inc 45446 fast_inc 0 eta_inc 22648 multi_dec -105381 quick_dec -0 nack_dec -87150
Flow Uec_247_119 flowId 148 uecSrc 147 finished at 499.556 total messages 1 total packets 490 RTS 0 total bytes 2002140 in_flight now 0 fair_inc 11705 prop_inc 57069 fast_inc 0 eta_inc 23244 multi_dec -60736 quick_dec -0 nack_dec -116200
Flow Uec_28_156 flowId 67 uecSrc 66 finished at 500.837 total messages 1 total packets 496 RTS 6 total bytes 2002140 in_flight now 0 fair_inc 16042 prop_inc 40674 fast_inc 0 eta_inc 23244 multi_dec -76607 quick_dec -0 nack_dec -12450
Flow Uec_220_92 flowId 74 uecSrc 73 finished at 500.954 total messages 1 total packets 490 RTS 0 total bytes 2002140 in_flight now 0 fair_inc 20232 prop_inc 19394 fast_inc 0 eta_inc 23244 multi_dec -95422 quick_dec -0 nack_dec -103750
Flow Uec_219_91 flowId 96 uecSrc 95 finished at 501.644 total messages 1 total packets 490 RTS 0 total bytes 2002140 in_flight now 0 fair_inc 20310 prop_inc 27007 fast_inc 0 eta_inc 23244 multi_dec -55604 quick_dec -0 nack_dec -124500
Flow Uec_146_18 flowId 77 uecSrc 76 finished at 503.867 total messages 1 total packets 490 RTS 0 total bytes 2002140 in_flight now 0 fair_inc 27096 prop_inc 43831 fast_inc 0 eta_inc 23244 multi_dec -108084 quick_dec -0 nack_dec -87150
Flow Uec_130_2 flowId 82 uecSrc 81 finished at 504.332 total messages 1 total packets 491 RTS 1 total bytes 2002140 in_flight now 0 fair_inc 36621 prop_inc 44598 fast_inc 0 eta_inc 21456 multi_dec -139622 quick_dec -0 nack_dec -70550
Flow Uec_54_182 flowId 143 uecSrc 142 finished at 504.878 total messages 1 total packets 490 RTS 0 total bytes 2002140 in_flight now 0 fair_inc 24045 prop_inc 23288 fast_inc 0 eta_inc 23840 multi_dec -17298 quick_dec -0 nack_dec -166000
Flow Uec_207_79 flowId 5 uecSrc 4 finished at 506.254 total messages 1 total packets 490 RTS 0 total bytes 2002140 in_flight now 0 fair_inc 15240 prop_inc 48120 fast_inc 0 eta_inc 23840 multi_dec -98014 quick_dec -0 nack_dec -95450
Flow Uec_204_76 flowId 155 uecSrc 154 finished at 507.743 total messages 1 total packets 490 RTS 0 total bytes 2002140 in_flight now 0 fair_inc 18615 prop_inc 46928 fast_inc 0 eta_inc 23244 multi_dec -114763 quick_dec -0 nack_dec -83000
Flow Uec_198_70 flowId 6 uecSrc 5 finished at 508.734 total messages 1 total packets 490 RTS 0 total bytes 2002140 in_flight now 0 fair_inc 27108 prop_inc 29409 fast_inc 0 eta_inc 23244 multi_dec -68029 quick_dec -0 nack_dec -128650
Flow Uec_178_50 flowId 140 uecSrc 139 finished at 508.819 total messages 1 total packets 490 RTS 0 total bytes 2002140 in_flight now 0 fair_inc 11858 prop_inc 54712 fast_inc 0 eta_inc 23840 multi_dec -96707 quick_dec -0 nack_dec -95450
Flow Uec_206_78 flowId 114 uecSrc 113 finished at 510.067 total messages 1 total packets 490 RTS 0 total bytes 2002140 in_flight now 0 fair_inc 33787 prop_inc 23222 fast_inc 0 eta_inc 23244 multi_dec -81100 quick_dec -0 nack_dec -120350
Flow Uec_5_133 flowId 128 uecSrc 127 finished at 510.723 total messages 1 total packets 504 RTS 14 total bytes 2002140 in_flight now -192 fair_inc 23246 prop_inc 74036 fast_inc 0 eta_inc 22648 multi_dec -0 quick_dec -0 nack_dec -20750
Flow Uec_102_230 flowId 27 uecSrc 26 finished at 515.502 total messages 1 total packets 490 RTS 0 total bytes 2002140 in_flight now 0 fair_inc 10280 prop_inc 56740 fast_inc 35844 eta_inc 23840 multi_dec -127138 quick_dec -0 nack_dec -78850
Flow Uec_57_185 flowId 145 uecSrc 144 finished at 516.616 total messages 1 total packets 490 RTS 0 total bytes 2002140 in_flight now 0 fair_inc 21810 prop_inc 22627 fast_inc 0 eta_inc 24436 multi_dec -35356 quick_dec -0 nack_dec -161850
Flow Uec_40_168 flowId 20 uecSrc 19 finished at 517.331 total messages 1 total packets 493 RTS 3 total bytes 2002140 in_flight now 0 fair_inc 18118 prop_inc 57334 fast_inc 0 eta_inc 20264 multi_dec -158150 quick_dec -0 nack_dec -16600
Flow Uec_61_189 flowId 159 uecSrc 158 finished at 518.912 total messages 1 total packets 490 RTS 0 total bytes 2002140 in_flight now 0 fair_inc 25452 prop_inc 32605 fast_inc 489 eta_inc 24436 multi_dec -132037 quick_dec -0 nack_dec -78850
Flow Uec_231_103 flowId 63 uecSrc 62 finished at 520.812 total messages 1 total packets 490 RTS 0 total bytes 2002140 in_flight now 0 fair_inc 23603 prop_inc 62988 fast_inc 0 eta_inc 24436 multi_dec -132216 quick_dec -0 nack_dec -95450
Flow Uec_69_197 flowId 16 uecSrc 15 finished at 522.054 total messages 1 total packets 490 RTS 0 total bytes 2002140 in_flight now 0 fair_inc 14018 prop_inc 6955 fast_inc 0 eta_inc 23244 multi_dec -25766 quick_dec -0 nack_dec -145250
Flow Uec_236_108 flowId 40 uecSrc 39 finished at 522.291 total messages 1 total packets 490 RTS 0 total bytes 2002140 in_flight now 0 fair_inc 20937 prop_inc 62414 fast_inc 0 eta_inc 23840 multi_dec -77472 quick_dec -0 nack_dec -124500
Flow Uec_55_183 flowId 158 uecSrc 157 finished at 523.452 total messages 1 total packets 490 RTS 0 total bytes 2002140 in_flight now 0 fair_inc 12110 prop_inc 26134 fast_inc 0 eta_inc 24436 multi_dec -85868 quick_dec -0 nack_dec -103750
Flow Uec_140_12 flowId 135 uecSrc 134 finished at 523.933 total messages 1 total packets 492 RTS 2 total bytes 2002140 in_flight now 0 fair_inc 26262 prop_inc 59073 fast_inc 0 eta_inc 22648 multi_dec -105941 quick_dec -0 nack_dec -95450
Flow Uec_173_45 flowId 124 uecSrc 123 finished at 524.083 total messages 1 total packets 492 RTS 2 total bytes 2002140 in_flight now 0 fair_inc 34669 prop_inc 46791 fast_inc 93428 eta_inc 21456 multi_dec -105092 quick_dec -0 nack_dec -112050
Flow Uec_235_107 flowId 115 uecSrc 114 finished at 528.513 total messages 1 total packets 490 RTS 0 total bytes 2002140 in_flight now 0 fair_inc 37651 prop_inc 60713 fast_inc 0 eta_inc 23840 multi_dec -131891 quick_dec -0 nack_dec -112050
Flow Uec_234_106 flowId 122 uecSrc 121 finished at 529.263 total messages 1 total packets 490 RTS 0 total bytes 2002140 in_flight now 0 fair_inc 13660 prop_inc 69705 fast_inc 0 eta_inc 25032 multi_dec -114751 quick_dec -0 nack_dec -99600
Flow Uec_50_178 flowId 130 uecSrc 129 finished at 543.503 total messages 1 total packets 490 RTS 0 total bytes 2002140 in_flight now 0 fair_inc 13783 prop_inc 34444 fast_inc 9090 eta_inc 25032 multi_dec -107903 quick_dec -0 nack_dec -95450
Flow Uec_49_177 flowId 66 uecSrc 65 finished at 551.964 total messages 1 total packets 490 RTS 0 total bytes 2002140 in_flight now 0 fair_inc 28592 prop_inc 11471 fast_inc 0 eta_inc 25628 multi_dec -97217 quick_dec -0 nack_dec -95450
Flow Uec_246_118 flowId 125 uecSrc 124 finished at 561.067 total messages 1 total packets 490 RTS 0 total bytes 2002140 in_flight now 0 fair_inc 16250 prop_inc 77099 fast_inc 37378 eta_inc 23840 multi_dec -93853 quick_dec -0 nack_dec -112050
Flow Uec_117_245 flowId 60 uecSrc 59 finished at 579.68 total messages 1 total packets 490 RTS 0 total bytes 2002140 in_flight now 0 fair_inc 45073 prop_inc 2275 fast_inc 0 eta_inc 25032 multi_dec -42371 quick_dec -0 nack_dec -157700
Flow Uec_127_255 flowId 161 uecSrc 160 finished at 591.46 total messages 1 total packets 490 RTS 0 total bytes 2002140 in_flight now 0 fair_inc 13877 prop_inc 7420 fast_inc 0 eta_inc 25032 multi_dec -41938 quick_dec -0 nack_dec -141100
Flow Uec_95_223 flowId 146 uecSrc 145 finished at 594.792 total messages 1 total packets 490 RTS 0 total bytes 2002140 in_flight now 0 fair_inc 34123 prop_inc 15868 fast_inc 0 eta_inc 26820 multi_dec -48687 quick_dec -0 nack_dec -149400
Flow Uec_68_196 flowId 25 uecSrc 24 finished at 601.387 total messages 1 total packets 490 RTS 0 total bytes 2002140 in_flight now 0 fair_inc 34027 prop_inc 131198 fast_inc 8082 eta_inc 25032 multi_dec -163967 quick_dec -10681 nack_dec -83000
Flow Uec_197_69 flowId 120 uecSrc 119 finished at 615.177 total messages 1 total packets 490 RTS 0 total bytes 2002140 in_flight now 0 fair_inc 39961 prop_inc 2820 fast_inc 0 eta_inc 22052 multi_dec -111530 quick_dec -0 nack_dec -116200
Flow Uec_52_180 flowId 99 uecSrc 98 finished at 621.448 total messages 1 total packets 490 RTS 0 total bytes 2002140 in_flight now 0 fair_inc 23925 prop_inc 30683 fast_inc 0 eta_inc 28012 multi_dec -112028 quick_dec -0 nack_dec -91300
Flow Uec_174_46 flowId 165 uecSrc 164 finished at 640.613 total messages 1 total packets 490 RTS 0 total bytes 2002140 in_flight now 0 fair_inc 35363 prop_inc 20438 fast_inc 0 eta_inc 22052 multi_dec -95943 quick_dec -0 nack_dec -124500
Flow Uec_66_194 flowId 133 uecSrc 132 finished at 647.287 total messages 1 total packets 490 RTS 0 total bytes 2002140 in_flight now 0 fair_inc 40998 prop_inc 37570 fast_inc 0 eta_inc 25628 multi_dec -46081 quick_dec -0 nack_dec -174300
Flow Uec_166_38 flowId 47 uecSrc 46 finished at 654.256 total messages 1 total packets 491 RTS 1 total bytes 2002140 in_flight now 0 fair_inc 25221 prop_inc 4246 fast_inc 0 eta_inc 29800 multi_dec -26011 quick_dec -0 nack_dec -166000
Flow Uec_85_213 flowId 2 uecSrc 1 finished at 654.875 total messages 1 total packets 490 RTS 0 total bytes 2002140 in_flight now 0 fair_inc 46834 prop_inc 47495 fast_inc 0 eta_inc 24436 multi_dec -133774 quick_dec -0 nack_dec -95450
Flow Uec_162_34 flowId 48 uecSrc 47 finished at 657.042 total messages 1 total packets 490 RTS 0 total bytes 2002140 in_flight now 0 fair_inc 35893 prop_inc 17563 fast_inc 0 eta_inc 29204 multi_dec -77417 quick_dec -0 nack_dec -136950
Flow Uec_90_218 flowId 87 uecSrc 86 finished at 669.88 total messages 1 total packets 490 RTS 0 total bytes 2002140 in_flight now 0 fair_inc 45883 prop_inc 56780 fast_inc 0 eta_inc 28608 multi_dec -100876 quick_dec -0 nack_dec -136950
Flow Uec_2_130 flowId 123 uecSrc 122 finished at 673.886 total messages 1 total packets 504 RTS 14 total bytes 2002140 in_flight now -64 fair_inc 24737 prop_inc 93135 fast_inc 0 eta_inc 25032 multi_dec -92602 quick_dec -102411 nack_dec -29050
683.19 flowid 123 Spurious 490
Flow Uec_181_53 flowId 142 uecSrc 141 finished at 693.968 total messages 1 total packets 490 RTS 0 total bytes 2002140 in_flight now 0 fair_inc 42297 prop_inc 2487 fast_inc 0 eta_inc 31588 multi_dec -80576 quick_dec -0 nack_dec -157700
Flow Uec_63_191 flowId 34 uecSrc 33 finished at 697.055 total messages 1 total packets 490 RTS 0 total bytes 2002140 in_flight now 0 fair_inc 36215 prop_inc 70252 fast_inc 0 eta_inc 30992 multi_dec -87386 quick_dec -0 nack_dec -157700
Flow Uec_83_211 flowId 39 uecSrc 38 finished at 726.395 total messages 1 total packets 490 RTS 0 total bytes 2002140 in_flight now 0 fair_inc 22988 prop_inc 5930 fast_inc 0 eta_inc 31588 multi_dec -67573 quick_dec -0 nack_dec -145250
Flow Uec_161_33 flowId 111 uecSrc 110 finished at 740.002 total messages 1 total packets 491 RTS 1 total bytes 2002140 in_flight now 0 fair_inc 50736 prop_inc 43415 fast_inc 0 eta_inc 31588 multi_dec -95259 quick_dec -0 nack_dec -149400
Flow Uec_125_253 flowId 92 uecSrc 91 finished at 750.353 total messages 1 total packets 490 RTS 0 total bytes 2002140 in_flight now 0 fair_inc 57980 prop_inc 42477 fast_inc 0 eta_inc 30992 multi_dec -89291 quick_dec -0 nack_dec -153550
Flow Uec_171_43 flowId 58 uecSrc 57 finished at 761.653 total messages 1 total packets 491 RTS 1 total bytes 2002140 in_flight now 0 fair_inc 63344 prop_inc 11586 fast_inc 0 eta_inc 30992 multi_dec -82150 quick_dec -0 nack_dec -161850
Flow Uec_78_206 flowId 73 uecSrc 72 finished at 762.744 total messages 1 total packets 490 RTS 0 total bytes 2002140 in_flight now 0 fair_inc 65802 prop_inc 8320 fast_inc 0 eta_inc 33972 multi_dec -105704 quick_dec -0 nack_dec -174300
Flow Uec_4_132 flowId 7 uecSrc 6 finished at 765.622 total messages 1 total packets 509 RTS 19 total bytes 2002140 in_flight now 0 fair_inc 25630 prop_inc 97334 fast_inc 0 eta_inc 29204 multi_dec -103732 quick_dec -42977 nack_dec -8300
Flow Uec_84_212 flowId 119 uecSrc 118 finished at 767.22 total messages 1 total packets 490 RTS 0 total bytes 2002140 in_flight now 0 fair_inc 35616 prop_inc 13610 fast_inc 0 eta_inc 23840 multi_dec -10273 quick_dec -9839 nack_dec -186750
Flow Uec_92_220 flowId 68 uecSrc 67 finished at 769.705 total messages 1 total packets 490 RTS 0 total bytes 2002140 in_flight now 0 fair_inc 55250 prop_inc 13044 fast_inc 0 eta_inc 31588 multi_dec -124320 quick_dec -0 nack_dec -124500
Flow Uec_210_82 flowId 144 uecSrc 143 finished at 772.397 total messages 1 total packets 490 RTS 0 total bytes 2002140 in_flight now 0 fair_inc 50751 prop_inc 6666 fast_inc 0 eta_inc 28608 multi_dec -77644 quick_dec -0 nack_dec -166000
Flow Uec_122_250 flowId 22 uecSrc 21 finished at 773.754 total messages 1 total packets 490 RTS 0 total bytes 2002140 in_flight now 0 fair_inc 59906 prop_inc 50092 fast_inc 0 eta_inc 30992 multi_dec -101854 quick_dec -0 nack_dec -145250
Flow Uec_203_75 flowId 101 uecSrc 100 finished at 786.834 total messages 1 total packets 490 RTS 0 total bytes 2002140 in_flight now 0 fair_inc 69040 prop_inc 4357 fast_inc 0 eta_inc 33972 multi_dec -96825 quick_dec -0 nack_dec -153550
Flow Uec_216_88 flowId 28 uecSrc 27 finished at 802.997 total messages 1 total packets 490 RTS 0 total bytes 2002140 in_flight now 0 fair_inc 58309 prop_inc 18549 fast_inc 0 eta_inc 25628 multi_dec -106418 quick_dec -0 nack_dec -145250
Flow Uec_170_42 flowId 97 uecSrc 96 finished at 830.2 total messages 1 total packets 491 RTS 1 total bytes 2002140 in_flight now 0 fair_inc 31116 prop_inc 61149 fast_inc 27272 eta_inc 30396 multi_dec -106219 quick_dec -0 nack_dec -136950
Flow Uec_167_39 flowId 89 uecSrc 88 finished at 835.009 total messages 1 total packets 490 RTS 0 total bytes 2002140 in_flight now 0 fair_inc 42622 prop_inc 74505 fast_inc 0 eta_inc 33376 multi_dec -105980 quick_dec -5355 nack_dec -153550
Flow Uec_205_77 flowId 94 uecSrc 93 finished at 846.353 total messages 1 total packets 490 RTS 0 total bytes 2002140 in_flight now 0 fair_inc 39480 prop_inc 24810 fast_inc 77262 eta_inc 26224 multi_dec -531 quick_dec -33547 nack_dec -174300
Flow Uec_193_65 flowId 157 uecSrc 156 finished at 858.298 total messages 1 total packets 490 RTS 0 total bytes 2002140 in_flight now 0 fair_inc 61286 prop_inc 4892 fast_inc 0 eta_inc 25628 multi_dec -61493 quick_dec -57169 nack_dec -157700
Flow Uec_121_249 flowId 126 uecSrc 125 finished at 858.873 total messages 1 total packets 490 RTS 0 total bytes 2002140 in_flight now 0 fair_inc 38501 prop_inc 99091 fast_inc 0 eta_inc 29800 multi_dec -134555 quick_dec -644 nack_dec -107900
Flow Uec_159_31 flowId 17 uecSrc 16 finished at 860.75 total messages 1 total packets 490 RTS 0 total bytes 2002140 in_flight now 0 fair_inc 41935 prop_inc 15732 fast_inc 0 eta_inc 35760 multi_dec -38053 quick_dec -347 nack_dec -195050
Flow Uec_194_66 flowId 12 uecSrc 11 finished at 863.599 total messages 1 total packets 490 RTS 0 total bytes 2002140 in_flight now 0 fair_inc 49393 prop_inc 4379 fast_inc 0 eta_inc 34568 multi_dec -62144 quick_dec -0 nack_dec -186750
Flow Uec_91_219 flowId 44 uecSrc 43 finished at 881.792 total messages 1 total packets 490 RTS 0 total bytes 2002140 in_flight now 0 fair_inc 41125 prop_inc 16089 fast_inc 203546 eta_inc 31588 multi_dec -128055 quick_dec -7209 nack_dec -124500
Flow Uec_147_19 flowId 69 uecSrc 68 finished at 912.371 total messages 1 total packets 490 RTS 0 total bytes 2002140 in_flight now 0 fair_inc 58873 prop_inc 29057 fast_inc 0 eta_inc 31588 multi_dec -128073 quick_dec -0 nack_dec -128650
Flow Uec_182_54 flowId 137 uecSrc 136 finished at 925.191 total messages 1 total packets 490 RTS 0 total bytes 2002140 in_flight now 0 fair_inc 60212 prop_inc 21858 fast_inc 0 eta_inc 29800 multi_dec -126798 quick_dec -3898 nack_dec -120350
Flow Uec_185_57 flowId 65 uecSrc 64 finished at 984.513 total messages 1 total packets 490 RTS 0 total bytes 2002140 in_flight now 0 fair_inc 65767 prop_inc 45861 fast_inc 0 eta_inc 32184 multi_dec -113065 quick_dec -9272 nack_dec -136950
Flow Uec_149_21 flowId 64 uecSrc 63 finished at 990.683 total messages 1 total packets 490 RTS 0 total bytes 2002140 in_flight now 0 fair_inc 40400 prop_inc 73624 fast_inc 0 eta_inc 34568 multi_dec -69347 quick_dec -105355 nack_dec -128650
Flow Uec_195_67 flowId 14 uecSrc 13 finished at 1001.91 total messages 1 total packets 490 RTS 0 total bytes 2002140 in_flight now 0 fair_inc 29739 prop_inc 66873 fast_inc 0 eta_inc 35760 multi_dec -60211 quick_dec -6067 nack_dec -166000
Flow Uec_175_47 flowId 70 uecSrc 69 finished at 1002.04 total messages 1 total packets 492 RTS 2 total bytes 2002140 in_flight now 0 fair_inc 33590 prop_inc 78043 fast_inc 0 eta_inc 33972 multi_dec -124576 quick_dec --6431 nack_dec -107900
.Done
New: 81340 Rtx: 3388 RTS: 150 Bounced: 0 ACKs: 63110 NACKs: 2936 Pulls: 0 sleek_pkts: 0
