traffic matrix input file: connection_matrices/load_sweep/load0.65_n256_seed5.cm
Load balancing algorithm set to reps
no_of_nodes 256
Dragonfly+ strategy: FPAR
Setting queuesize to 50 packets
endtime(us) 100000
random seed 5
Packet size (MTU) is 4150
Parsed args
Logging to reps_dfp_results/reps_withoutnorm256/load0.65_reps_seed5.dat
Loading connection matrix from connection_matrices/load_sweep/load0.65_n256_seed5.cm
Nodes: 256 Connections: 166 Triggers: 0 Failures: 0
Setting ECN low 33200 high 120350
Dragonfly+ with medium topology type
Link latencies: 1 and switch latencies: 0
queue_id 2 ecn_low 33200 ecn_high 120350
DragonFly+ constructor done, 392 nodes created
Note: topology supports 392 hosts; 136 host port(s) will be unused.
network_max_unloaded_rtt 11.6856 us
Setting min RTO to 114.6
Per-hop RTT normalization: OFF (strategy fpar)
Initializing static NSCC parameters: _reference_network_linkspeed=100000000000 _reference_network_rtt=12000000 _reference_network_bdp=150000 _target_Qdelay=8764200 _network_linkspeed=100000000000 _network_rtt=11685600 _network_bdp=146070 _qa_gate=2^3 _qa_threshold=3.50568e+07 _scaling_factor_a=0.9738 _scaling_factor_b=0.73035 _alpha=0.00132632 _fi=19894.7 _eta=596.842 _qa_scaling=1 _gamma=0.8 _fi_scale=0.24345 _delay_alpha=0.0125 _adjust_period_threshold=11685600 _adjust_bytes_threshold=33200
Initialize per-instance NSCC parameters: flowid 1 _base_rtt=11685600 _base_bdp=146070 _bdp=146070 _min_cwnd=4150 _maxwnd=219105 _cwnd=219105
Initialize per-instance NSCC parameters: flowid 2 _base_rtt=11685600 _base_bdp=146070 _bdp=146070 _min_cwnd=4150 _maxwnd=219105 _cwnd=219105
Initialize per-instance NSCC parameters: flowid 3 _base_rtt=11685600 _base_bdp=146070 _bdp=146070 _min_cwnd=4150 _maxwnd=219105 _cwnd=219105
Initialize per-instance NSCC parameters: flowid 4 _base_rtt=11685600 _base_bdp=146070 _bdp=146070 _min_cwnd=4150 _maxwnd=219105 _cwnd=219105
Initialize per-instance NSCC parameters: flowid 5 _base_rtt=11685600 _base_bdp=146070 _bdp=146070 _min_cwnd=4150 _maxwnd=219105 _cwnd=219105
Initialize per-instance NSCC parameters: flowid 6 _base_rtt=11685600 _base_bdp=146070 _bdp=146070 _min_cwnd=4150 _maxwnd=219105 _cwnd=219105
Initialize per-instance NSCC parameters: flowid 7 _base_rtt=11685600 _base_bdp=146070 _bdp=146070 _min_cwnd=4150 _maxwnd=219105 _cwnd=219105
Initialize per-instance NSCC parameters: flowid 8 _base_rtt=11685600 _base_bdp=146070 _bdp=146070 _min_cwnd=4150 _maxwnd=219105 _cwnd=219105
Initialize per-instance NSCC parameters: flowid 9 _base_rtt=11685600 _base_bdp=146070 _bdp=146070 _min_cwnd=4150 _maxwnd=219105 _cwnd=219105
Initialize per-instance NSCC parameters: flowid 10 _base_rtt=11685600 _base_bdp=146070 _bdp=146070 _min_cwnd=4150 _maxwnd=219105 _cwnd=219105
Initialize per-instance NSCC parameters: flowid 11 _base_rtt=11685600 _base_bdp=146070 _bdp=146070 _min_cwnd=4150 _maxwnd=219105 _cwnd=219105
Initialize per-instance NSCC parameters: flowid 12 _base_rtt=11685600 _base_bdp=146070 _bdp=146070 _min_cwnd=4150 _maxwnd=219105 _cwnd=219105
Initialize per-instance NSCC parameters: flowid 13 _base_rtt=11685600 _base_bdp=146070 _bdp=146070 _min_cwnd=4150 _maxwnd=219105 _cwnd=219105
Initialize per-instance NSCC parameters: flowid 14 _base_rtt=11685600 _base_bdp=146070 _bdp=146070 _min_cwnd=4150 _maxwnd=219105 _cwnd=219105
Initialize per-instance NSCC parameters: flowid 15 _base_rtt=11685600 _base_bdp=146070 _bdp=146070 _min_cwnd=4150 _maxwnd=219105 _cwnd=219105
Initialize per-instance NSCC parameters: flowid 16 _base_rtt=11685600 _base_bdp=146070 _bdp=146070 _min_cwnd=4150 _maxwnd=219105 _cwnd=219105
Initialize per-instance NSCC parameters: flowid 17 _base_rtt=11685600 _base_bdp=146070 _bdp=146070 _min_cwnd=4150 _maxwnd=219105 _cwnd=219105
Initialize per-instance NSCC parameters: flowid 18 _base_rtt=11685600 _base_bdp=146070 _bdp=146070 _min_cwnd=4150 _maxwnd=219105 _cwnd=219105
Initialize per-instance NSCC parameters: flowid 19 _base_rtt=11685600 _base_bdp=146070 _bdp=146070 _min_cwnd=4150 _maxwnd=219105 _cwnd=219105
Initialize per-instance NSCC parameters: flowid 20 _base_rtt=11685600 _base_bdp=146070 _bdp=146070 _min_cwnd=4150 _maxwnd=219105 _cwnd=219105
Initialize per-instance NSCC parameters: flowid 21 _base_rtt=11685600 _base_bdp=146070 _bdp=146070 _min_cwnd=4150 _maxwnd=219105 _cwnd=219105
Initialize per-instance NSCC parameters: flowid 22 _base_rtt=11685600 _base_bdp=146070 _bdp=146070 _min_cwnd=4150 _maxwnd=219105 _cwnd=219105
Initialize per-instance NSCC parameters: flowid 23 _base_rtt=11685600 _base_bdp=146070 _bdp=146070 _min_cwnd=4150 _maxwnd=219105 _cwnd=219105
Initialize per-instance NSCC parameters: flowid 24 _base_rtt=11685600 _base_bdp=146070 _bdp=146070 _min_cwnd=4150 _maxwnd=219105 _cwnd=219105
Initialize per-instance NSCC parameters: flowid 25 _base_rtt=11685600 _base_bdp=146070 _bdp=146070 _min_cwnd=4150 _maxwnd=219105 _cwnd=219105
Initialize per-instance NSCC parameters: flowid 26 _base_rtt=11685600 _base_bdp=146070 _bdp=146070 _min_cwnd=4150 _maxwnd=219105 _cwnd=219105
Initialize per-instance NSCC parameters: flowid 27 _base_rtt=11685600 _base_bdp=146070 _bdp=146070 _min_cwnd=4150 _maxwnd=219105 _cwnd=219105
Initialize per-instance NSCC parameters: flowid 28 _base_rtt=11685600 _base_bdp=146070 _bdp=146070 _min_cwnd=4150 _maxwnd=219105 _cwnd=219105
Initialize per-instance NSCC parameters: flowid 29 _base_rtt=11685600 _base_bdp=146070 _bdp=146070 _min_cwnd=4150 _maxwnd=219105 _cwnd=219105
Initialize per-instance NSCC parameters: flowid 30 _base_rtt=11685600 _base_bdp=146070 _bdp=146070 _min_cwnd=4150 _maxwnd=219105 _cwnd=219105
Initialize per-instance NSCC parameters: flowid 31 _base_rtt=11685600 _base_bdp=146070 _bdp=146070 _min_cwnd=4150 _maxwnd=219105 _cwnd=219105
Initialize per-instance NSCC parameters: flowid 32 _base_rtt=11685600 _base_bdp=146070 _bdp=146070 _min_cwnd=4150 _maxwnd=219105 _cwnd=219105
Initialize per-instance NSCC parameters: flowid 33 _base_rtt=11685600 _base_bdp=146070 _bdp=146070 _min_cwnd=4150 _maxwnd=219105 _cwnd=219105
Initialize per-instance NSCC parameters: flowid 34 _base_rtt=11685600 _base_bdp=146070 _bdp=146070 _min_cwnd=4150 _maxwnd=219105 _cwnd=219105
Initialize per-instance NSCC parameters: flowid 35 _base_rtt=11685600 _base_bdp=146070 _bdp=146070 _min_cwnd=4150 _maxwnd=219105 _cwnd=219105
Initialize per-instance NSCC parameters: flowid 36 _base_rtt=11685600 _base_bdp=146070 _bdp=146070 _min_cwnd=4150 _maxwnd=219105 _cwnd=219105
Initialize per-instance NSCC parameters: flowid 37 _base_rtt=11685600 _base_bdp=146070 _bdp=146070 _min_cwnd=4150 _maxwnd=219105 _cwnd=219105
Initialize per-instance NSCC parameters: flowid 38 _base_rtt=11685600 _base_bdp=146070 _bdp=146070 _min_cwnd=4150 _maxwnd=219105 _cwnd=219105
Initialize per-instance NSCC parameters: flowid 39 _base_rtt=11685600 _base_bdp=146070 _bdp=146070 _min_cwnd=4150 _maxwnd=219105 _cwnd=219105
Initialize per-instance NSCC parameters: flowid 40 _base_rtt=11685600 _base_bdp=146070 _bdp=146070 _min_cwnd=4150 _maxwnd=219105 _cwnd=219105
Initialize per-instance NSCC parameters: flowid 41 _base_rtt=11685600 _base_bdp=146070 _bdp=146070 _min_cwnd=4150 _maxwnd=219105 _cwnd=219105
Initialize per-instance NSCC parameters: flowid 42 _base_rtt=11685600 _base_bdp=146070 _bdp=146070 _min_cwnd=4150 _maxwnd=219105 _cwnd=219105
Initialize per-instance NSCC parameters: flowid 43 _base_rtt=11685600 _base_bdp=146070 _bdp=146070 _min_cwnd=4150 _maxwnd=219105 _cwnd=219105
Initialize per-instance NSCC parameters: flowid 44 _base_rtt=11685600 _base_bdp=146070 _bdp=146070 _min_cwnd=4150 _maxwnd=219105 _cwnd=219105
Initialize per-instance NSCC parameters: flowid 45 _base_rtt=11685600 _base_bdp=146070 _bdp=146070 _min_cwnd=4150 _maxwnd=219105 _cwnd=219105
Initialize per-instance NSCC parameters: flowid 46 _base_rtt=11685600 _base_bdp=146070 _bdp=146070 _min_cwnd=4150 _maxwnd=219105 _cwnd=219105
Initialize per-instance NSCC parameters: flowid 47 _base_rtt=11685600 _base_bdp=146070 _bdp=146070 _min_cwnd=4150 _maxwnd=219105 _cwnd=219105
Initialize per-instance NSCC parameters: flowid 48 _base_rtt=11685600 _base_bdp=146070 _bdp=146070 _min_cwnd=4150 _maxwnd=219105 _cwnd=219105
Initialize per-instance NSCC parameters: flowid 49 _base_rtt=11685600 _base_bdp=146070 _bdp=146070 _min_cwnd=4150 _maxwnd=219105 _cwnd=219105
Initialize per-instance NSCC parameters: flowid 50 _base_rtt=11685600 _base_bdp=146070 _bdp=146070 _min_cwnd=4150 _maxwnd=219105 _cwnd=219105
Initialize per-instance NSCC parameters: flowid 51 _base_rtt=11685600 _base_bdp=146070 _bdp=146070 _min_cwnd=4150 _maxwnd=219105 _cwnd=219105
Initialize per-instance NSCC parameters: flowid 52 _base_rtt=11685600 _base_bdp=146070 _bdp=146070 _min_cwnd=4150 _maxwnd=219105 _cwnd=219105
Initialize per-instance NSCC parameters: flowid 53 _base_rtt=11685600 _base_bdp=146070 _bdp=146070 _min_cwnd=4150 _maxwnd=219105 _cwnd=219105
Initialize per-instance NSCC parameters: flowid 54 _base_rtt=11685600 _base_bdp=146070 _bdp=146070 _min_cwnd=4150 _maxwnd=219105 _cwnd=219105
Initialize per-instance NSCC parameters: flowid 55 _base_rtt=11685600 _base_bdp=146070 _bdp=146070 _min_cwnd=4150 _maxwnd=219105 _cwnd=219105
Initialize per-instance NSCC parameters: flowid 56 _base_rtt=11685600 _base_bdp=146070 _bdp=146070 _min_cwnd=4150 _maxwnd=219105 _cwnd=219105
Initialize per-instance NSCC parameters: flowid 57 _base_rtt=11685600 _base_bdp=146070 _bdp=146070 _min_cwnd=4150 _maxwnd=219105 _cwnd=219105
Initialize per-instance NSCC parameters: flowid 58 _base_rtt=11685600 _base_bdp=146070 _bdp=146070 _min_cwnd=4150 _maxwnd=219105 _cwnd=219105
Initialize per-instance NSCC parameters: flowid 59 _base_rtt=11685600 _base_bdp=146070 _bdp=146070 _min_cwnd=4150 _maxwnd=219105 _cwnd=219105
Initialize per-instance NSCC parameters: flowid 60 _base_rtt=11685600 _base_bdp=146070 _bdp=146070 _min_cwnd=4150 _maxwnd=219105 _cwnd=219105
Initialize per-instance NSCC parameters: flowid 61 _base_rtt=11685600 _base_bdp=146070 _bdp=146070 _min_cwnd=4150 _maxwnd=219105 _cwnd=219105
Initialize per-instance NSCC parameters: flowid 62 _base_rtt=11685600 _base_bdp=146070 _bdp=146070 _min_cwnd=4150 _maxwnd=219105 _cwnd=219105
Initialize per-instance NSCC parameters: flowid 63 _base_rtt=11685600 _base_bdp=146070 _bdp=146070 _min_cwnd=4150 _maxwnd=219105 _cwnd=219105
Initialize per-instance NSCC parameters: flowid 64 _base_rtt=11685600 _base_bdp=146070 _bdp=146070 _min_cwnd=4150 _maxwnd=219105 _cwnd=219105
Initialize per-instance NSCC parameters: flowid 65 _base_rtt=11685600 _base_bdp=146070 _bdp=146070 _min_cwnd=4150 _maxwnd=219105 _cwnd=219105
Initialize per-instance NSCC parameters: flowid 66 _base_rtt=11685600 _base_bdp=146070 _bdp=146070 _min_cwnd=4150 _maxwnd=219105 _cwnd=219105
Initialize per-instance NSCC parameters: flowid 67 _base_rtt=11685600 _base_bdp=146070 _bdp=146070 _min_cwnd=4150 _maxwnd=219105 _cwnd=219105
Initialize per-instance NSCC parameters: flowid 68 _base_rtt=11685600 _base_bdp=146070 _bdp=146070 _min_cwnd=4150 _maxwnd=219105 _cwnd=219105
Initialize per-instance NSCC parameters: flowid 69 _base_rtt=11685600 _base_bdp=146070 _bdp=146070 _min_cwnd=4150 _maxwnd=219105 _cwnd=219105
Initialize per-instance NSCC parameters: flowid 70 _base_rtt=11685600 _base_bdp=146070 _bdp=146070 _min_cwnd=4150 _maxwnd=219105 _cwnd=219105
Initialize per-instance NSCC parameters: flowid 71 _base_rtt=11685600 _base_bdp=146070 _bdp=146070 _min_cwnd=4150 _maxwnd=219105 _cwnd=219105
Initialize per-instance NSCC parameters: flowid 72 _base_rtt=11685600 _base_bdp=146070 _bdp=146070 _min_cwnd=4150 _maxwnd=219105 _cwnd=219105
Initialize per-instance NSCC parameters: flowid 73 _base_rtt=11685600 _base_bdp=146070 _bdp=146070 _min_cwnd=4150 _maxwnd=219105 _cwnd=219105
Initialize per-instance NSCC parameters: flowid 74 _base_rtt=11685600 _base_bdp=146070 _bdp=146070 _min_cwnd=4150 _maxwnd=219105 _cwnd=219105
Initialize per-instance NSCC parameters: flowid 75 _base_rtt=11685600 _base_bdp=146070 _bdp=146070 _min_cwnd=4150 _maxwnd=219105 _cwnd=219105
Initialize per-instance NSCC parameters: flowid 76 _base_rtt=11685600 _base_bdp=146070 _bdp=146070 _min_cwnd=4150 _maxwnd=219105 _cwnd=219105
Initialize per-instance NSCC parameters: flowid 77 _base_rtt=11685600 _base_bdp=146070 _bdp=146070 _min_cwnd=4150 _maxwnd=219105 _cwnd=219105
Initialize per-instance NSCC parameters: flowid 78 _base_rtt=11685600 _base_bdp=146070 _bdp=146070 _min_cwnd=4150 _maxwnd=219105 _cwnd=219105
Initialize per-instance NSCC parameters: flowid 79 _base_rtt=11685600 _base_bdp=146070 _bdp=146070 _min_cwnd=4150 _maxwnd=219105 _cwnd=219105
Initialize per-instance NSCC parameters: flowid 80 _base_rtt=11685600 _base_bdp=146070 _bdp=146070 _min_cwnd=4150 _maxwnd=219105 _cwnd=219105
Initialize per-instance NSCC parameters: flowid 81 _base_rtt=11685600 _base_bdp=146070 _bdp=146070 _min_cwnd=4150 _maxwnd=219105 _cwnd=219105
Initialize per-instance NSCC parameters: flowid 82 _base_rtt=11685600 _base_bdp=146070 _bdp=146070 _min_cwnd=4150 _maxwnd=219105 _cwnd=219105
Initialize per-instance NSCC parameters: flowid 83 _base_rtt=11685600 _base_bdp=146070 _bdp=146070 _min_cwnd=4150 _maxwnd=219105 _cwnd=219105
Initialize per-instance NSCC parameters: flowid 84 _base_rtt=11685600 _base_bdp=146070 _bdp=146070 _min_cwnd=4150 _maxwnd=219105 _cwnd=219105
Initialize per-instance NSCC parameters: flowid 85 _base_rtt=11685600 _base_bdp=146070 _bdp=146070 _min_cwnd=4150 _maxwnd=219105 _cwnd=219105
Initialize per-instance NSCC parameters: flowid 86 _base_rtt=11685600 _base_bdp=146070 _bdp=146070 _min_cwnd=4150 _maxwnd=219105 _cwnd=219105
Initialize per-instance NSCC parameters: flowid 87 _base_rtt=11685600 _base_bdp=146070 _bdp=146070 _min_cwnd=4150 _maxwnd=219105 _cwnd=219105
Initialize per-instance NSCC parameters: flowid 88 _base_rtt=11685600 _base_bdp=146070 _bdp=146070 _min_cwnd=4150 _maxwnd=219105 _cwnd=219105
Initialize per-instance NSCC parameters: flowid 89 _base_rtt=11685600 _base_bdp=146070 _bdp=146070 _min_cwnd=4150 _maxwnd=219105 _cwnd=219105
Initialize per-instance NSCC parameters: flowid 90 _base_rtt=11685600 _base_bdp=146070 _bdp=146070 _min_cwnd=4150 _maxwnd=219105 _cwnd=219105
Initialize per-instance NSCC parameters: flowid 91 _base_rtt=11685600 _base_bdp=146070 _bdp=146070 _min_cwnd=4150 _maxwnd=219105 _cwnd=219105
Initialize per-instance NSCC parameters: flowid 92 _base_rtt=11685600 _base_bdp=146070 _bdp=146070 _min_cwnd=4150 _maxwnd=219105 _cwnd=219105
Initialize per-instance NSCC parameters: flowid 93 _base_rtt=11685600 _base_bdp=146070 _bdp=146070 _min_cwnd=4150 _maxwnd=219105 _cwnd=219105
Initialize per-instance NSCC parameters: flowid 94 _base_rtt=11685600 _base_bdp=146070 _bdp=146070 _min_cwnd=4150 _maxwnd=219105 _cwnd=219105
Initialize per-instance NSCC parameters: flowid 95 _base_rtt=11685600 _base_bdp=146070 _bdp=146070 _min_cwnd=4150 _maxwnd=219105 _cwnd=219105
Initialize per-instance NSCC parameters: flowid 96 _base_rtt=11685600 _base_bdp=146070 _bdp=146070 _min_cwnd=4150 _maxwnd=219105 _cwnd=219105
Initialize per-instance NSCC parameters: flowid 97 _base_rtt=11685600 _base_bdp=146070 _bdp=146070 _min_cwnd=4150 _maxwnd=219105 _cwnd=219105
Initialize per-instance NSCC parameters: flowid 98 _base_rtt=11685600 _base_bdp=146070 _bdp=146070 _min_cwnd=4150 _maxwnd=219105 _cwnd=219105
Initialize per-instance NSCC parameters: flowid 99 _base_rtt=11685600 _base_bdp=146070 _bdp=146070 _min_cwnd=4150 _maxwnd=219105 _cwnd=219105
Initialize per-instance NSCC parameters: flowid 100 _base_rtt=11685600 _base_bdp=146070 _bdp=146070 _min_cwnd=4150 _maxwnd=219105 _cwnd=219105
Initialize per-instance NSCC parameters: flowid 101 _base_rtt=11685600 _base_bdp=146070 _bdp=146070 _min_cwnd=4150 _maxwnd=219105 _cwnd=219105
Initialize per-instance NSCC parameters: flowid 102 _base_rtt=11685600 _base_bdp=146070 _bdp=146070 _min_cwnd=4150 _maxwnd=219105 _cwnd=219105
Initialize per-instance NSCC parameters: flowid 103 _base_rtt=11685600 _base_bdp=146070 _bdp=146070 _min_cwnd=4150 _maxwnd=219105 _cwnd=219105
Initialize per-instance NSCC parameters: flowid 104 _base_rtt=11685600 _base_bdp=146070 _bdp=146070 _min_cwnd=4150 _maxwnd=219105 _cwnd=219105
Initialize per-instance NSCC parameters: flowid 105 _base_rtt=11685600 _base_bdp=146070 _bdp=146070 _min_cwnd=4150 _maxwnd=219105 _cwnd=219105
Initialize per-instance NSCC parameters: flowid 106 _base_rtt=11685600 _base_bdp=146070 _bdp=146070 _min_cwnd=4150 _maxwnd=219105 _cwnd=219105
Initialize per-instance NSCC parameters: flowid 107 _base_rtt=11685600 _base_bdp=146070 _bdp=146070 _min_cwnd=4150 _maxwnd=219105 _cwnd=219105
Initialize per-instance NSCC parameters: flowid 108 _base_rtt=11685600 _base_bdp=146070 _bdp=146070 _min_cwnd=4150 _maxwnd=219105 _cwnd=219105
Initialize per-instance NSCC parameters: flowid 109 _base_rtt=11685600 _base_bdp=146070 _bdp=146070 _min_cwnd=4150 _maxwnd=219105 _cwnd=219105
Initialize per-instance NSCC parameters: flowid 110 _base_rtt=11685600 _base_bdp=146070 _bdp=146070 _min_cwnd=4150 _maxwnd=219105 _cwnd=219105
Initialize per-instance NSCC parameters: flowid 111 _base_rtt=11685600 _base_bdp=146070 _bdp=146070 _min_cwnd=4150 _maxwnd=219105 _cwnd=219105
Initialize per-instance NSCC parameters: flowid 112 _base_rtt=11685600 _base_bdp=146070 _bdp=146070 _min_cwnd=4150 _maxwnd=219105 _cwnd=219105
Initialize per-instance NSCC parameters: flowid 113 _base_rtt=11685600 _base_bdp=146070 _bdp=146070 _min_cwnd=4150 _maxwnd=219105 _cwnd=219105
Initialize per-instance NSCC parameters: flowid 114 _base_rtt=11685600 _base_bdp=146070 _bdp=146070 _min_cwnd=4150 _maxwnd=219105 _cwnd=219105
Initialize per-instance NSCC parameters: flowid 115 _base_rtt=11685600 _base_bdp=146070 _bdp=146070 _min_cwnd=4150 _maxwnd=219105 _cwnd=219105
Initialize per-instance NSCC parameters: flowid 116 _base_rtt=11685600 _base_bdp=146070 _bdp=146070 _min_cwnd=4150 _maxwnd=219105 _cwnd=219105
Initialize per-instance NSCC parameters: flowid 117 _base_rtt=11685600 _base_bdp=146070 _bdp=146070 _min_cwnd=4150 _maxwnd=219105 _cwnd=219105
Initialize per-instance NSCC parameters: flowid 118 _base_rtt=11685600 _base_bdp=146070 _bdp=146070 _min_cwnd=4150 _maxwnd=219105 _cwnd=219105
Initialize per-instance NSCC parameters: flowid 119 _base_rtt=11685600 _base_bdp=146070 _bdp=146070 _min_cwnd=4150 _maxwnd=219105 _cwnd=219105
Initialize per-instance NSCC parameters: flowid 120 _base_rtt=11685600 _base_bdp=146070 _bdp=146070 _min_cwnd=4150 _maxwnd=219105 _cwnd=219105
Initialize per-instance NSCC parameters: flowid 121 _base_rtt=11685600 _base_bdp=146070 _bdp=146070 _min_cwnd=4150 _maxwnd=219105 _cwnd=219105
Initialize per-instance NSCC parameters: flowid 122 _base_rtt=11685600 _base_bdp=146070 _bdp=146070 _min_cwnd=4150 _maxwnd=219105 _cwnd=219105
Initialize per-instance NSCC parameters: flowid 123 _base_rtt=11685600 _base_bdp=146070 _bdp=146070 _min_cwnd=4150 _maxwnd=219105 _cwnd=219105
Initialize per-instance NSCC parameters: flowid 124 _base_rtt=11685600 _base_bdp=146070 _bdp=146070 _min_cwnd=4150 _maxwnd=219105 _cwnd=219105
Initialize per-instance NSCC parameters: flowid 125 _base_rtt=11685600 _base_bdp=146070 _bdp=146070 _min_cwnd=4150 _maxwnd=219105 _cwnd=219105
Initialize per-instance NSCC parameters: flowid 126 _base_rtt=11685600 _base_bdp=146070 _bdp=146070 _min_cwnd=4150 _maxwnd=219105 _cwnd=219105
Initialize per-instance NSCC parameters: flowid 127 _base_rtt=11685600 _base_bdp=146070 _bdp=146070 _min_cwnd=4150 _maxwnd=219105 _cwnd=219105
Initialize per-instance NSCC parameters: flowid 128 _base_rtt=11685600 _base_bdp=146070 _bdp=146070 _min_cwnd=4150 _maxwnd=219105 _cwnd=219105
Initialize per-instance NSCC parameters: flowid 129 _base_rtt=11685600 _base_bdp=146070 _bdp=146070 _min_cwnd=4150 _maxwnd=219105 _cwnd=219105
Initialize per-instance NSCC parameters: flowid 130 _base_rtt=11685600 _base_bdp=146070 _bdp=146070 _min_cwnd=4150 _maxwnd=219105 _cwnd=219105
Initialize per-instance NSCC parameters: flowid 131 _base_rtt=11685600 _base_bdp=146070 _bdp=146070 _min_cwnd=4150 _maxwnd=219105 _cwnd=219105
Initialize per-instance NSCC parameters: flowid 132 _base_rtt=11685600 _base_bdp=146070 _bdp=146070 _min_cwnd=4150 _maxwnd=219105 _cwnd=219105
Initialize per-instance NSCC parameters: flowid 133 _base_rtt=11685600 _base_bdp=146070 _bdp=146070 _min_cwnd=4150 _maxwnd=219105 _cwnd=219105
Initialize per-instance NSCC parameters: flowid 134 _base_rtt=11685600 _base_bdp=146070 _bdp=146070 _min_cwnd=4150 _maxwnd=219105 _cwnd=219105
Initialize per-instance NSCC parameters: flowid 135 _base_rtt=11685600 _base_bdp=146070 _bdp=146070 _min_cwnd=4150 _maxwnd=219105 _cwnd=219105
Initialize per-instance NSCC parameters: flowid 136 _base_rtt=11685600 _base_bdp=146070 _bdp=146070 _min_cwnd=4150 _maxwnd=219105 _cwnd=219105
Initialize per-instance NSCC parameters: flowid 137 _base_rtt=11685600 _base_bdp=146070 _bdp=146070 _min_cwnd=4150 _maxwnd=219105 _cwnd=219105
Initialize per-instance NSCC parameters: flowid 138 _base_rtt=11685600 _base_bdp=146070 _bdp=146070 _min_cwnd=4150 _maxwnd=219105 _cwnd=219105
Initialize per-instance NSCC parameters: flowid 139 _base_rtt=11685600 _base_bdp=146070 _bdp=146070 _min_cwnd=4150 _maxwnd=219105 _cwnd=219105
Initialize per-instance NSCC parameters: flowid 140 _base_rtt=11685600 _base_bdp=146070 _bdp=146070 _min_cwnd=4150 _maxwnd=219105 _cwnd=219105
Initialize per-instance NSCC parameters: flowid 141 _base_rtt=11685600 _base_bdp=146070 _bdp=146070 _min_cwnd=4150 _maxwnd=219105 _cwnd=219105
Initialize per-instance NSCC parameters: flowid 142 _base_rtt=11685600 _base_bdp=146070 _bdp=146070 _min_cwnd=4150 _maxwnd=219105 _cwnd=219105
Initialize per-instance NSCC parameters: flowid 143 _base_rtt=11685600 _base_bdp=146070 _bdp=146070 _min_cwnd=4150 _maxwnd=219105 _cwnd=219105
Initialize per-instance NSCC parameters: flowid 144 _base_rtt=11685600 _base_bdp=146070 _bdp=146070 _min_cwnd=4150 _maxwnd=219105 _cwnd=219105
Initialize per-instance NSCC parameters: flowid 145 _base_rtt=11685600 _base_bdp=146070 _bdp=146070 _min_cwnd=4150 _maxwnd=219105 _cwnd=219105
Initialize per-instance NSCC parameters: flowid 146 _base_rtt=11685600 _base_bdp=146070 _bdp=146070 _min_cwnd=4150 _maxwnd=219105 _cwnd=219105
Initialize per-instance NSCC parameters: flowid 147 _base_rtt=11685600 _base_bdp=146070 _bdp=146070 _min_cwnd=4150 _maxwnd=219105 _cwnd=219105
Initialize per-instance NSCC parameters: flowid 148 _base_rtt=11685600 _base_bdp=146070 _bdp=146070 _min_cwnd=4150 _maxwnd=219105 _cwnd=219105
Initialize per-instance NSCC parameters: flowid 149 _base_rtt=11685600 _base_bdp=146070 _bdp=146070 _min_cwnd=4150 _maxwnd=219105 _cwnd=219105
Initialize per-instance NSCC parameters: flowid 150 _base_rtt=11685600 _base_bdp=146070 _bdp=146070 _min_cwnd=4150 _maxwnd=219105 _cwnd=219105
Initialize per-instance NSCC parameters: flowid 151 _base_rtt=11685600 _base_bdp=146070 _bdp=146070 _min_cwnd=4150 _maxwnd=219105 _cwnd=219105
Initialize per-instance NSCC parameters: flowid 152 _base_rtt=11685600 _base_bdp=146070 _bdp=146070 _min_cwnd=4150 _maxwnd=219105 _cwnd=219105
Initialize per-instance NSCC parameters: flowid 153 _base_rtt=11685600 _base_bdp=146070 _bdp=146070 _min_cwnd=4150 _maxwnd=219105 _cwnd=219105
Initialize per-instance NSCC parameters: flowid 154 _base_rtt=11685600 _base_bdp=146070 _bdp=146070 _min_cwnd=4150 _maxwnd=219105 _cwnd=219105
Initialize per-instance NSCC parameters: flowid 155 _base_rtt=11685600 _base_bdp=146070 _bdp=146070 _min_cwnd=4150 _maxwnd=219105 _cwnd=219105
Initialize per-instance NSCC parameters: flowid 156 _base_rtt=11685600 _base_bdp=146070 _bdp=146070 _min_cwnd=4150 _maxwnd=219105 _cwnd=219105
Initialize per-instance NSCC parameters: flowid 157 _base_rtt=11685600 _base_bdp=146070 _bdp=146070 _min_cwnd=4150 _maxwnd=219105 _cwnd=219105
Initialize per-instance NSCC parameters: flowid 158 _base_rtt=11685600 _base_bdp=146070 _bdp=146070 _min_cwnd=4150 _maxwnd=219105 _cwnd=219105
Initialize per-instance NSCC parameters: flowid 159 _base_rtt=11685600 _base_bdp=146070 _bdp=146070 _min_cwnd=4150 _maxwnd=219105 _cwnd=219105
Initialize per-instance NSCC parameters: flowid 160 _base_rtt=11685600 _base_bdp=146070 _bdp=146070 _min_cwnd=4150 _maxwnd=219105 _cwnd=219105
Initialize per-instance NSCC parameters: flowid 161 _base_rtt=11685600 _base_bdp=146070 _bdp=146070 _min_cwnd=4150 _maxwnd=219105 _cwnd=219105
Initialize per-instance NSCC parameters: flowid 162 _base_rtt=11685600 _base_bdp=146070 _bdp=146070 _min_cwnd=4150 _maxwnd=219105 _cwnd=219105
Initialize per-instance NSCC parameters: flowid 163 _base_rtt=11685600 _base_bdp=146070 _bdp=146070 _min_cwnd=4150 _maxwnd=219105 _cwnd=219105
Initialize per-instance NSCC parameters: flowid 164 _base_rtt=11685600 _base_bdp=146070 _bdp=146070 _min_cwnd=4150 _maxwnd=219105 _cwnd=219105
Initialize per-instance NSCC parameters: flowid 165 _base_rtt=11685600 _base_bdp=146070 _bdp=146070 _min_cwnd=4150 _maxwnd=219105 _cwnd=219105
Initialize per-instance NSCC parameters: flowid 166 _base_rtt=11685600 _base_bdp=146070 _bdp=146070 _min_cwnd=4150 _maxwnd=219105 _cwnd=219105
Starting simulation
Flow Uec_86_214 flowId 1 uecSrc 0 starting at 0
Flow Uec_58_186 flowId 2 uecSrc 1 starting at 0
Flow Uec_126_254 flowId 3 uecSrc 2 starting at 0
Flow Uec_0_128 flowId 4 uecSrc 3 starting at 0
Flow Uec_247_119 flowId 5 uecSrc 4 starting at 0
Flow Uec_20_148 flowId 6 uecSrc 5 starting at 0
Flow Uec_177_49 flowId 7 uecSrc 6 starting at 0
Flow Uec_78_206 flowId 8 uecSrc 7 starting at 0
Flow Uec_52_180 flowId 9 uecSrc 8 starting at 0
Flow Uec_196_68 flowId 10 uecSrc 9 starting at 0
Flow Uec_82_210 flowId 11 uecSrc 10 starting at 0
Flow Uec_213_85 flowId 12 uecSrc 11 starting at 0
Flow Uec_90_218 flowId 13 uecSrc 12 starting at 0
Flow Uec_145_17 flowId 14 uecSrc 13 starting at 0
Flow Uec_243_115 flowId 15 uecSrc 14 starting at 0
Flow Uec_43_171 flowId 16 uecSrc 15 starting at 0
Flow Uec_95_223 flowId 17 uecSrc 16 starting at 0
Flow Uec_199_71 flowId 18 uecSrc 17 starting at 0
Flow Uec_85_213 flowId 19 uecSrc 18 starting at 0
Flow Uec_246_118 flowId 20 uecSrc 19 starting at 0
Flow Uec_142_14 flowId 21 uecSrc 20 starting at 0
Flow Uec_98_226 flowId 22 uecSrc 21 starting at 0
Flow Uec_202_74 flowId 23 uecSrc 22 starting at 0
Flow Uec_212_84 flowId 24 uecSrc 23 starting at 0
Flow Uec_205_77 flowId 25 uecSrc 24 starting at 0
Flow Uec_19_147 flowId 26 uecSrc 25 starting at 0
Flow Uec_26_154 flowId 27 uecSrc 26 starting at 0
Flow Uec_69_197 flowId 28 uecSrc 27 starting at 0
Flow Uec_180_52 flowId 29 uecSrc 28 starting at 0
Flow Uec_61_189 flowId 30 uecSrc 29 starting at 0
Flow Uec_88_216 flowId 31 uecSrc 30 starting at 0
Flow Uec_13_141 flowId 32 uecSrc 31 starting at 0
Flow Uec_93_221 flowId 33 uecSrc 32 starting at 0
Flow Uec_244_116 flowId 34 uecSrc 33 starting at 0
Flow Uec_127_255 flowId 35 uecSrc 34 starting at 0
Flow Uec_116_244 flowId 36 uecSrc 35 starting at 0
Flow Uec_22_150 flowId 37 uecSrc 36 starting at 0
Flow Uec_249_121 flowId 38 uecSrc 37 starting at 0
Flow Uec_117_245 flowId 39 uecSrc 38 starting at 0
Flow Uec_81_209 flowId 40 uecSrc 39 starting at 0
Flow Uec_218_90 flowId 41 uecSrc 40 starting at 0
Flow Uec_182_54 flowId 42 uecSrc 41 starting at 0
Flow Uec_234_106 flowId 43 uecSrc 42 starting at 0
Flow Uec_39_167 flowId 44 uecSrc 43 starting at 0
Flow Uec_237_109 flowId 45 uecSrc 44 starting at 0
Flow Uec_201_73 flowId 46 uecSrc 45 starting at 0
Flow Uec_189_61 flowId 47 uecSrc 46 starting at 0
Flow Uec_171_43 flowId 48 uecSrc 47 starting at 0
Flow Uec_187_59 flowId 49 uecSrc 48 starting at 0
Flow Uec_138_10 flowId 50 uecSrc 49 starting at 0
Flow Uec_167_39 flowId 51 uecSrc 50 starting at 0
Flow Uec_226_98 flowId 52 uecSrc 51 starting at 0
Flow Uec_113_241 flowId 53 uecSrc 52 starting at 0
Flow Uec_181_53 flowId 54 uecSrc 53 starting at 0
Flow Uec_41_169 flowId 55 uecSrc 54 starting at 0
Flow Uec_152_24 flowId 56 uecSrc 55 starting at 0
Flow Uec_239_111 flowId 57 uecSrc 56 starting at 0
Flow Uec_60_188 flowId 58 uecSrc 57 starting at 0
Flow Uec_155_27 flowId 59 uecSrc 58 starting at 0
Flow Uec_129_1 flowId 60 uecSrc 59 starting at 0
Flow Uec_149_21 flowId 61 uecSrc 60 starting at 0
Flow Uec_96_224 flowId 62 uecSrc 61 starting at 0
Flow Uec_231_103 flowId 63 uecSrc 62 starting at 0
Flow Uec_173_45 flowId 64 uecSrc 63 starting at 0
Flow Uec_10_138 flowId 65 uecSrc 64 starting at 0
Flow Uec_156_28 flowId 66 uecSrc 65 starting at 0
Flow Uec_176_48 flowId 67 uecSrc 66 starting at 0
Flow Uec_220_92 flowId 68 uecSrc 67 starting at 0
Flow Uec_170_42 flowId 69 uecSrc 68 starting at 0
Flow Uec_151_23 flowId 70 uecSrc 69 starting at 0
Flow Uec_161_33 flowId 71 uecSrc 70 starting at 0
Flow Uec_236_108 flowId 72 uecSrc 71 starting at 0
Flow Uec_94_222 flowId 73 uecSrc 72 starting at 0
Flow Uec_115_243 flowId 74 uecSrc 73 starting at 0
Flow Uec_38_166 flowId 75 uecSrc 74 starting at 0
Flow Uec_33_161 flowId 76 uecSrc 75 starting at 0
Flow Uec_159_31 flowId 77 uecSrc 76 starting at 0
Flow Uec_105_233 flowId 78 uecSrc 77 starting at 0
Flow Uec_34_162 flowId 79 uecSrc 78 starting at 0
Flow Uec_217_89 flowId 80 uecSrc 79 starting at 0
Flow Uec_101_229 flowId 81 uecSrc 80 starting at 0
Flow Uec_229_101 flowId 82 uecSrc 81 starting at 0
Flow Uec_166_38 flowId 83 uecSrc 82 starting at 0
Flow Uec_169_41 flowId 84 uecSrc 83 starting at 0
Flow Uec_139_11 flowId 85 uecSrc 84 starting at 0
Flow Uec_84_212 flowId 86 uecSrc 85 starting at 0
Flow Uec_124_252 flowId 87 uecSrc 86 starting at 0
Flow Uec_192_64 flowId 88 uecSrc 87 starting at 0
Flow Uec_49_177 flowId 89 uecSrc 88 starting at 0
Flow Uec_197_69 flowId 90 uecSrc 89 starting at 0
Flow Uec_195_67 flowId 91 uecSrc 90 starting at 0
Flow Uec_148_20 flowId 92 uecSrc 91 starting at 0
Flow Uec_31_159 flowId 93 uecSrc 92 starting at 0
Flow Uec_21_149 flowId 94 uecSrc 93 starting at 0
Flow Uec_104_232 flowId 95 uecSrc 94 starting at 0
Flow Uec_11_139 flowId 96 uecSrc 95 starting at 0
Flow Uec_230_102 flowId 97 uecSrc 96 starting at 0
Flow Uec_1_129 flowId 98 uecSrc 97 starting at 0
Flow Uec_92_220 flowId 99 uecSrc 98 starting at 0
Flow Uec_18_146 flowId 100 uecSrc 99 starting at 0
Flow Uec_83_211 flowId 101 uecSrc 100 starting at 0
Flow Uec_80_208 flowId 102 uecSrc 101 starting at 0
Flow Uec_16_144 flowId 103 uecSrc 102 starting at 0
Flow Uec_143_15 flowId 104 uecSrc 103 starting at 0
Flow Uec_125_253 flowId 105 uecSrc 104 starting at 0
Flow Uec_250_122 flowId 106 uecSrc 105 starting at 0
Flow Uec_241_113 flowId 107 uecSrc 106 starting at 0
Flow Uec_235_107 flowId 108 uecSrc 107 starting at 0
Flow Uec_216_88 flowId 109 uecSrc 108 starting at 0
Flow Uec_162_34 flowId 110 uecSrc 109 starting at 0
Flow Uec_252_124 flowId 111 uecSrc 110 starting at 0
Flow Uec_255_127 flowId 112 uecSrc 111 starting at 0
Flow Uec_4_132 flowId 113 uecSrc 112 starting at 0
Flow Uec_62_190 flowId 114 uecSrc 113 starting at 0
Flow Uec_112_240 flowId 115 uecSrc 114 starting at 0
Flow Uec_64_192 flowId 116 uecSrc 115 starting at 0
Flow Uec_50_178 flowId 117 uecSrc 116 starting at 0
Flow Uec_222_94 flowId 118 uecSrc 117 starting at 0
Flow Uec_140_12 flowId 119 uecSrc 118 starting at 0
Flow Uec_144_16 flowId 120 uecSrc 119 starting at 0
Flow Uec_178_50 flowId 121 uecSrc 120 starting at 0
Flow Uec_73_201 flowId 122 uecSrc 121 starting at 0
Flow Uec_158_30 flowId 123 uecSrc 122 starting at 0
Flow Uec_221_93 flowId 124 uecSrc 123 starting at 0
Flow Uec_59_187 flowId 125 uecSrc 124 starting at 0
Flow Uec_194_66 flowId 126 uecSrc 125 starting at 0
Flow Uec_76_204 flowId 127 uecSrc 126 starting at 0
Flow Uec_51_179 flowId 128 uecSrc 127 starting at 0
Flow Uec_185_57 flowId 129 uecSrc 128 starting at 0
Flow Uec_223_95 flowId 130 uecSrc 129 starting at 0
Flow Uec_77_205 flowId 131 uecSrc 130 starting at 0
Flow Uec_46_174 flowId 132 uecSrc 131 starting at 0
Flow Uec_242_114 flowId 133 uecSrc 132 starting at 0
Flow Uec_225_97 flowId 134 uecSrc 133 starting at 0
Flow Uec_206_78 flowId 135 uecSrc 134 starting at 0
Flow Uec_136_8 flowId 136 uecSrc 135 starting at 0
Flow Uec_5_133 flowId 137 uecSrc 136 starting at 0
Flow Uec_55_183 flowId 138 uecSrc 137 starting at 0
Flow Uec_9_137 flowId 139 uecSrc 138 starting at 0
Flow Uec_200_72 flowId 140 uecSrc 139 starting at 0
Flow Uec_7_135 flowId 141 uecSrc 140 starting at 0
Flow Uec_203_75 flowId 142 uecSrc 141 starting at 0
Flow Uec_248_120 flowId 143 uecSrc 142 starting at 0
Flow Uec_32_160 flowId 144 uecSrc 143 starting at 0
Flow Uec_224_96 flowId 145 uecSrc 144 starting at 0
Flow Uec_114_242 flowId 146 uecSrc 145 starting at 0
Flow Uec_45_173 flowId 147 uecSrc 146 starting at 0
Flow Uec_191_63 flowId 148 uecSrc 147 starting at 0
Flow Uec_141_13 flowId 149 uecSrc 148 starting at 0
Flow Uec_119_247 flowId 150 uecSrc 149 starting at 0
Flow Uec_110_238 flowId 151 uecSrc 150 starting at 0
Flow Uec_123_251 flowId 152 uecSrc 151 starting at 0
Flow Uec_97_225 flowId 153 uecSrc 152 starting at 0
Flow Uec_193_65 flowId 154 uecSrc 153 starting at 0
Flow Uec_79_207 flowId 155 uecSrc 154 starting at 0
Flow Uec_150_22 flowId 156 uecSrc 155 starting at 0
Flow Uec_184_56 flowId 157 uecSrc 156 starting at 0
Flow Uec_65_193 flowId 158 uecSrc 157 starting at 0
Flow Uec_56_184 flowId 159 uecSrc 158 starting at 0
Flow Uec_122_250 flowId 160 uecSrc 159 starting at 0
Flow Uec_211_83 flowId 161 uecSrc 160 starting at 0
Flow Uec_35_163 flowId 162 uecSrc 161 starting at 0
Flow Uec_37_165 flowId 163 uecSrc 162 starting at 0
Flow Uec_57_185 flowId 164 uecSrc 163 starting at 0
Flow Uec_186_58 flowId 165 uecSrc 164 starting at 0
Flow Uec_48_176 flowId 166 uecSrc 165 starting at 0
145.188 flowid 84 Spurious 58
146.091 flowid 79 Spurious 22
148.201 flowid 84 Spurious 64
150.546 flowid 84 Spurious 70
Flow Uec_167_39 flowId 51 uecSrc 50 finished at 175.66 total messages 1 total packets 490 RTS 0 total bytes 2002140 in_flight now 0 fair_inc 0 prop_inc 81905 fast_inc 0 eta_inc 7748 multi_dec -0 quick_dec -0 nack_dec -0
Flow Uec_123_251 flowId 152 uecSrc 151 finished at 175.999 total messages 1 total packets 490 RTS 0 total bytes 2002140 in_flight now 0 fair_inc 0 prop_inc 70701 fast_inc 84861 eta_inc 8344 multi_dec -0 quick_dec -0 nack_dec -0
Flow Uec_193_65 flowId 154 uecSrc 153 finished at 176.993 total messages 1 total packets 490 RTS 0 total bytes 2002140 in_flight now 0 fair_inc 0 prop_inc 87800 fast_inc 0 eta_inc 8344 multi_dec -0 quick_dec -0 nack_dec -0
Flow Uec_127_255 flowId 35 uecSrc 34 finished at 177.286 total messages 1 total packets 490 RTS 0 total bytes 2002140 in_flight now 0 fair_inc 0 prop_inc 87744 fast_inc 0 eta_inc 8344 multi_dec -0 quick_dec -0 nack_dec -0
Flow Uec_138_10 flowId 50 uecSrc 49 finished at 177.935 total messages 1 total packets 490 RTS 0 total bytes 2002140 in_flight now 0 fair_inc 0 prop_inc 64885 fast_inc 0 eta_inc 8344 multi_dec -0 quick_dec -0 nack_dec -0
Flow Uec_119_247 flowId 150 uecSrc 149 finished at 178.328 total messages 1 total packets 490 RTS 0 total bytes 2002140 in_flight now 0 fair_inc 0 prop_inc 78408 fast_inc 0 eta_inc 8344 multi_dec -0 quick_dec -0 nack_dec -0
Flow Uec_13_141 flowId 32 uecSrc 31 finished at 180.69 total messages 1 total packets 490 RTS 0 total bytes 2002140 in_flight now 0 fair_inc 0 prop_inc 64692 fast_inc 0 eta_inc 8344 multi_dec -0 quick_dec -0 nack_dec -0
183.536 flowid 37 Spurious 120
Flow Uec_82_210 flowId 11 uecSrc 10 finished at 183.965 total messages 1 total packets 490 RTS 0 total bytes 2002140 in_flight now 0 fair_inc 0 prop_inc 31140 fast_inc 0 eta_inc 8940 multi_dec -0 quick_dec -0 nack_dec -0
185.866 flowid 37 Spurious 128
Flow Uec_191_63 flowId 148 uecSrc 147 finished at 185.872 total messages 1 total packets 490 RTS 0 total bytes 2002140 in_flight now 0 fair_inc 0 prop_inc 28215 fast_inc 0 eta_inc 8940 multi_dec -0 quick_dec -0 nack_dec -0
Flow Uec_212_84 flowId 24 uecSrc 23 finished at 186.518 total messages 1 total packets 490 RTS 0 total bytes 2002140 in_flight now 0 fair_inc 0 prop_inc 42016 fast_inc 0 eta_inc 8940 multi_dec -0 quick_dec -0 nack_dec -0
Flow Uec_250_122 flowId 106 uecSrc 105 finished at 190.518 total messages 1 total packets 490 RTS 0 total bytes 2002140 in_flight now 0 fair_inc 0 prop_inc 28333 fast_inc 0 eta_inc 8940 multi_dec -0 quick_dec -0 nack_dec -0
Flow Uec_247_119 flowId 5 uecSrc 4 finished at 191.155 total messages 1 total packets 490 RTS 0 total bytes 2002140 in_flight now 0 fair_inc 0 prop_inc 30009 fast_inc 0 eta_inc 8940 multi_dec -0 quick_dec -0 nack_dec -0
Flow Uec_57_185 flowId 164 uecSrc 163 finished at 192.778 total messages 1 total packets 490 RTS 0 total bytes 2002140 in_flight now 0 fair_inc 2252 prop_inc 22783 fast_inc 0 eta_inc 8940 multi_dec -0 quick_dec -0 nack_dec -0
Flow Uec_37_165 flowId 163 uecSrc 162 finished at 193.758 total messages 1 total packets 490 RTS 0 total bytes 2002140 in_flight now 0 fair_inc 0 prop_inc 22415 fast_inc 0 eta_inc 8940 multi_dec -0 quick_dec -0 nack_dec -0
Flow Uec_50_178 flowId 117 uecSrc 116 finished at 195.304 total messages 1 total packets 490 RTS 0 total bytes 2002140 in_flight now 0 fair_inc 1127 prop_inc 13981 fast_inc 0 eta_inc 8940 multi_dec -0 quick_dec -0 nack_dec -0
Flow Uec_230_102 flowId 97 uecSrc 96 finished at 200.974 total messages 1 total packets 490 RTS 0 total bytes 2002140 in_flight now 0 fair_inc 3753 prop_inc 14203 fast_inc 0 eta_inc 9536 multi_dec -0 quick_dec -0 nack_dec -0
202.458 flowid 26 Spurious 175
Flow Uec_236_108 flowId 72 uecSrc 71 finished at 203.588 total messages 1 total packets 490 RTS 0 total bytes 2002140 in_flight now 0 fair_inc 5995 prop_inc 16511 fast_inc 0 eta_inc 9536 multi_dec -0 quick_dec -0 nack_dec -0
206.115 flowid 26 Spurious 183
206.447 flowid 26 Spurious 184
206.779 flowid 26 Spurious 188
206.791 flowid 113 Spurious 162
207.111 flowid 26 Spurious 191
Flow Uec_32_160 flowId 144 uecSrc 143 finished at 207.187 total messages 1 total packets 490 RTS 0 total bytes 2002140 in_flight now 0 fair_inc 12351 prop_inc 8599 fast_inc 0 eta_inc 9536 multi_dec -0 quick_dec -0 nack_dec -0
Flow Uec_237_109 flowId 45 uecSrc 44 finished at 207.338 total messages 1 total packets 490 RTS 0 total bytes 2002140 in_flight now 0 fair_inc 13867 prop_inc 9183 fast_inc 0 eta_inc 10132 multi_dec -0 quick_dec -0 nack_dec -0
207.443 flowid 26 Spurious 194
Flow Uec_241_113 flowId 107 uecSrc 106 finished at 207.982 total messages 1 total packets 490 RTS 0 total bytes 2002140 in_flight now 0 fair_inc 15169 prop_inc 12601 fast_inc 0 eta_inc 10132 multi_dec -0 quick_dec -0 nack_dec -0
209.435 flowid 26 Spurious 201
210.099 flowid 26 Spurious 203
210.763 flowid 26 Spurious 207
Flow Uec_46_174 flowId 132 uecSrc 131 finished at 211.744 total messages 1 total packets 490 RTS 0 total bytes 2002140 in_flight now 0 fair_inc 13099 prop_inc 8102 fast_inc 0 eta_inc 10132 multi_dec -0 quick_dec -0 nack_dec -0
211.759 flowid 26 Spurious 210
220.471 flowid 27 Spurious 225
220.572 flowid 16 Spurious 192
235.323 flowid 93 Spurious 195
235.44 flowid 166 Spurious 235
235.972 flowid 166 Spurious 236
240.349 flowid 93 Spurious 203
Flow Uec_94_222 flowId 73 uecSrc 72 finished at 244.191 total messages 1 total packets 490 RTS 0 total bytes 2002140 in_flight now 0 fair_inc 6238 prop_inc 52151 fast_inc 0 eta_inc 11324 multi_dec -106959 quick_dec -0 nack_dec -0
Flow Uec_65_193 flowId 158 uecSrc 157 finished at 249.954 total messages 1 total packets 490 RTS 0 total bytes 2002140 in_flight now 0 fair_inc 2455 prop_inc 53112 fast_inc 0 eta_inc 11920 multi_dec -78001 quick_dec -0 nack_dec -29050
Flow Uec_11_139 flowId 96 uecSrc 95 finished at 253.786 total messages 1 total packets 490 RTS 0 total bytes 2002140 in_flight now 0 fair_inc 5986 prop_inc 63276 fast_inc 0 eta_inc 11920 multi_dec -129029 quick_dec -0 nack_dec -0
259.961 flowid 147 Spurious 306
262.637 flowid 147 Spurious 313
263.97 flowid 147 Spurious 315
Flow Uec_18_146 flowId 100 uecSrc 99 finished at 265.689 total messages 1 total packets 491 RTS 1 total bytes 2002140 in_flight now 0 fair_inc 10174 prop_inc 26001 fast_inc 0 eta_inc 12516 multi_dec -111906 quick_dec -0 nack_dec -0
Flow Uec_185_57 flowId 129 uecSrc 128 finished at 269.012 total messages 1 total packets 490 RTS 0 total bytes 2002140 in_flight now 0 fair_inc 6920 prop_inc 42008 fast_inc 0 eta_inc 12516 multi_dec -95174 quick_dec -0 nack_dec -24900
272.8 flowid 26 Spurious 334
273.464 flowid 26 Spurious 336
274.47 flowid 26 Spurious 339
Flow Uec_33_161 flowId 76 uecSrc 75 finished at 274.612 total messages 1 total packets 494 RTS 4 total bytes 2002140 in_flight now 0 fair_inc 13987 prop_inc 14839 fast_inc 0 eta_inc 11920 multi_dec -0 quick_dec -0 nack_dec -12450
Flow Uec_45_173 flowId 147 uecSrc 146 finished at 277.845 total messages 1 total packets 494 RTS 4 total bytes 2002140 in_flight now 0 fair_inc 16256 prop_inc 17711 fast_inc 0 eta_inc 13112 multi_dec -109982 quick_dec -0 nack_dec -12450
Flow Uec_48_176 flowId 166 uecSrc 165 finished at 281.021 total messages 1 total packets 494 RTS 4 total bytes 2002140 in_flight now 0 fair_inc 22724 prop_inc 18081 fast_inc 0 eta_inc 13112 multi_dec -116706 quick_dec -0 nack_dec -16600
Flow Uec_19_147 flowId 26 uecSrc 25 finished at 281.225 total messages 1 total packets 494 RTS 4 total bytes 2002140 in_flight now 0 fair_inc 4383 prop_inc 24199 fast_inc 30792 eta_inc 11920 multi_dec -0 quick_dec -148541 nack_dec -16600
297.569 flowid 16 Spurious 351
Flow Uec_16_144 flowId 103 uecSrc 102 finished at 297.906 total messages 1 total packets 490 RTS 0 total bytes 2002140 in_flight now 0 fair_inc 16352 prop_inc 35609 fast_inc 12123 eta_inc 13708 multi_dec -145920 quick_dec -0 nack_dec -12450
Flow Uec_140_12 flowId 119 uecSrc 118 finished at 313.176 total messages 1 total packets 490 RTS 0 total bytes 2002140 in_flight now 0 fair_inc 1834 prop_inc 40150 fast_inc 0 eta_inc 14304 multi_dec -65003 quick_dec -0 nack_dec -53950
Flow Uec_98_226 flowId 22 uecSrc 21 finished at 313.557 total messages 1 total packets 490 RTS 0 total bytes 2002140 in_flight now 0 fair_inc 4978 prop_inc 31698 fast_inc 0 eta_inc 14900 multi_dec -85807 quick_dec -0 nack_dec -41500
Flow Uec_113_241 flowId 53 uecSrc 52 finished at 314.572 total messages 1 total packets 490 RTS 0 total bytes 2002140 in_flight now 0 fair_inc 6479 prop_inc 31773 fast_inc 0 eta_inc 15496 multi_dec -88732 quick_dec -0 nack_dec -37350
Flow Uec_105_233 flowId 78 uecSrc 77 finished at 315.721 total messages 1 total packets 490 RTS 0 total bytes 2002140 in_flight now 0 fair_inc 6725 prop_inc 30613 fast_inc 0 eta_inc 14900 multi_dec -87856 quick_dec -0 nack_dec -41500
319.947 flowid 27 Spurious 402
Flow Uec_169_41 flowId 84 uecSrc 83 finished at 320.111 total messages 1 total packets 491 RTS 1 total bytes 2002140 in_flight now 0 fair_inc 13802 prop_inc 44810 fast_inc 0 eta_inc 14900 multi_dec -100848 quick_dec -0 nack_dec -29050
Flow Uec_126_254 flowId 3 uecSrc 2 finished at 323.108 total messages 1 total packets 490 RTS 0 total bytes 2002140 in_flight now 0 fair_inc 2573 prop_inc 35011 fast_inc 0 eta_inc 15496 multi_dec -122005 quick_dec -0 nack_dec -20750
Flow Uec_43_171 flowId 16 uecSrc 15 finished at 325.408 total messages 1 total packets 495 RTS 5 total bytes 2002140 in_flight now 0 fair_inc 9042 prop_inc 53703 fast_inc 0 eta_inc 14900 multi_dec -141672 quick_dec -0 nack_dec -16600
Flow Uec_104_232 flowId 95 uecSrc 94 finished at 325.891 total messages 1 total packets 490 RTS 0 total bytes 2002140 in_flight now 0 fair_inc 3584 prop_inc 34552 fast_inc 0 eta_inc 15496 multi_dec -76786 quick_dec -0 nack_dec -58100
Flow Uec_110_238 flowId 151 uecSrc 150 finished at 327.175 total messages 1 total packets 490 RTS 0 total bytes 2002140 in_flight now 0 fair_inc 5172 prop_inc 40161 fast_inc 0 eta_inc 15496 multi_dec -102280 quick_dec -0 nack_dec -45650
Flow Uec_93_221 flowId 33 uecSrc 32 finished at 327.675 total messages 1 total packets 490 RTS 0 total bytes 2002140 in_flight now 0 fair_inc 3415 prop_inc 29150 fast_inc 0 eta_inc 15496 multi_dec -83292 quick_dec -0 nack_dec -45650
Flow Uec_205_77 flowId 25 uecSrc 24 finished at 328.659 total messages 1 total packets 490 RTS 0 total bytes 2002140 in_flight now 0 fair_inc 3471 prop_inc 28163 fast_inc 0 eta_inc 15496 multi_dec -82046 quick_dec -0 nack_dec -49800
Flow Uec_142_14 flowId 21 uecSrc 20 finished at 329.013 total messages 1 total packets 490 RTS 0 total bytes 2002140 in_flight now 0 fair_inc 5890 prop_inc 34410 fast_inc 0 eta_inc 15496 multi_dec -115197 quick_dec -0 nack_dec -29050
Flow Uec_0_128 flowId 4 uecSrc 3 finished at 331.991 total messages 1 total packets 493 RTS 3 total bytes 2002140 in_flight now 0 fair_inc 11815 prop_inc 48982 fast_inc 0 eta_inc 13112 multi_dec -0 quick_dec -191905 nack_dec -12450
334.978 flowid 139 Spurious 475
Flow Uec_201_73 flowId 46 uecSrc 45 finished at 336.053 total messages 1 total packets 490 RTS 0 total bytes 2002140 in_flight now 0 fair_inc 5071 prop_inc 19800 fast_inc 0 eta_inc 16092 multi_dec -89554 quick_dec -0 nack_dec -37350
336.306 flowid 139 Spurious 479
337.323 flowid 139 Spurious 481
337.655 flowid 139 Spurious 482
337.961 flowid 4 Spurious 488
Flow Uec_211_83 flowId 161 uecSrc 160 finished at 338.415 total messages 1 total packets 490 RTS 0 total bytes 2002140 in_flight now 0 fair_inc 9484 prop_inc 28955 fast_inc 0 eta_inc 15496 multi_dec -120855 quick_dec -0 nack_dec -24900
Flow Uec_187_59 flowId 49 uecSrc 48 finished at 338.928 total messages 1 total packets 490 RTS 0 total bytes 2002140 in_flight now 0 fair_inc 6858 prop_inc 21875 fast_inc 0 eta_inc 16092 multi_dec -89010 quick_dec -0 nack_dec -41500
Flow Uec_117_245 flowId 39 uecSrc 38 finished at 339.271 total messages 1 total packets 490 RTS 0 total bytes 2002140 in_flight now 0 fair_inc 7074 prop_inc 45668 fast_inc 0 eta_inc 16092 multi_dec -82922 quick_dec -0 nack_dec -70550
Flow Uec_143_15 flowId 104 uecSrc 103 finished at 339.537 total messages 1 total packets 490 RTS 0 total bytes 2002140 in_flight now 0 fair_inc 29381 prop_inc 32021 fast_inc 0 eta_inc 16092 multi_dec -99114 quick_dec -0 nack_dec -45650
Flow Uec_141_13 flowId 149 uecSrc 148 finished at 340.361 total messages 1 total packets 490 RTS 0 total bytes 2002140 in_flight now 0 fair_inc 14815 prop_inc 33412 fast_inc 0 eta_inc 16092 multi_dec -117406 quick_dec -0 nack_dec -33200
Flow Uec_203_75 flowId 142 uecSrc 141 finished at 341.837 total messages 1 total packets 490 RTS 0 total bytes 2002140 in_flight now 0 fair_inc 8453 prop_inc 22724 fast_inc 0 eta_inc 16688 multi_dec -70201 quick_dec -0 nack_dec -62250
Flow Uec_224_96 flowId 145 uecSrc 144 finished at 341.87 total messages 1 total packets 490 RTS 0 total bytes 2002140 in_flight now 0 fair_inc 10362 prop_inc 26572 fast_inc 0 eta_inc 16092 multi_dec -69081 quick_dec -0 nack_dec -66400
Flow Uec_76_204 flowId 127 uecSrc 126 finished at 341.996 total messages 1 total packets 490 RTS 0 total bytes 2002140 in_flight now 0 fair_inc 2732 prop_inc 43519 fast_inc 0 eta_inc 16688 multi_dec -102586 quick_dec -0 nack_dec -45650
Flow Uec_139_11 flowId 85 uecSrc 84 finished at 342.028 total messages 1 total packets 490 RTS 0 total bytes 2002140 in_flight now 0 fair_inc 8837 prop_inc 42080 fast_inc 0 eta_inc 16092 multi_dec -89656 quick_dec -0 nack_dec -62250
Flow Uec_112_240 flowId 115 uecSrc 114 finished at 342.407 total messages 1 total packets 490 RTS 0 total bytes 2002140 in_flight now 0 fair_inc 3354 prop_inc 44840 fast_inc 0 eta_inc 16092 multi_dec -105532 quick_dec -0 nack_dec -45650
Flow Uec_4_132 flowId 113 uecSrc 112 finished at 342.609 total messages 1 total packets 494 RTS 4 total bytes 2002140 in_flight now 0 fair_inc 30483 prop_inc 29787 fast_inc 0 eta_inc 16092 multi_dec -94975 quick_dec -0 nack_dec -20750
Flow Uec_186_58 flowId 165 uecSrc 164 finished at 342.731 total messages 1 total packets 490 RTS 0 total bytes 2002140 in_flight now 0 fair_inc 5472 prop_inc 22326 fast_inc 0 eta_inc 16092 multi_dec -82063 quick_dec -0 nack_dec -49800
Flow Uec_64_192 flowId 116 uecSrc 115 finished at 343.039 total messages 1 total packets 490 RTS 0 total bytes 2002140 in_flight now 0 fair_inc 3664 prop_inc 34464 fast_inc 0 eta_inc 16688 multi_dec -70710 quick_dec -0 nack_dec -66400
Flow Uec_220_92 flowId 68 uecSrc 67 finished at 344.14 total messages 1 total packets 490 RTS 0 total bytes 2002140 in_flight now 0 fair_inc 3785 prop_inc 39886 fast_inc 0 eta_inc 16092 multi_dec -102658 quick_dec -0 nack_dec -45650
Flow Uec_114_242 flowId 146 uecSrc 145 finished at 345.059 total messages 1 total packets 490 RTS 0 total bytes 2002140 in_flight now 0 fair_inc 3876 prop_inc 42879 fast_inc 0 eta_inc 16688 multi_dec -121325 quick_dec -0 nack_dec -29050
Flow Uec_101_229 flowId 81 uecSrc 80 finished at 347.785 total messages 1 total packets 490 RTS 0 total bytes 2002140 in_flight now 0 fair_inc 10306 prop_inc 45702 fast_inc 0 eta_inc 16092 multi_dec -107214 quick_dec -0 nack_dec -45650
Flow Uec_1_129 flowId 98 uecSrc 97 finished at 347.921 total messages 1 total packets 496 RTS 6 total bytes 2002140 in_flight now 0 fair_inc 10502 prop_inc 50698 fast_inc 0 eta_inc 14304 multi_dec -0 quick_dec -170049 nack_dec -37350
Flow Uec_115_243 flowId 74 uecSrc 73 finished at 348.073 total messages 1 total packets 490 RTS 0 total bytes 2002140 in_flight now 0 fair_inc 1174 prop_inc 56199 fast_inc 0 eta_inc 16092 multi_dec -107954 quick_dec -0 nack_dec -45650
Flow Uec_52_180 flowId 9 uecSrc 8 finished at 348.281 total messages 1 total packets 490 RTS 0 total bytes 2002140 in_flight now 0 fair_inc 11062 prop_inc 28521 fast_inc 0 eta_inc 16092 multi_dec -56727 quick_dec -0 nack_dec -83000
Flow Uec_161_33 flowId 71 uecSrc 70 finished at 348.337 total messages 1 total packets 490 RTS 0 total bytes 2002140 in_flight now 0 fair_inc 8792 prop_inc 52311 fast_inc 21701 eta_inc 16092 multi_dec -103100 quick_dec -0 nack_dec -49800
Flow Uec_116_244 flowId 36 uecSrc 35 finished at 349.346 total messages 1 total packets 490 RTS 0 total bytes 2002140 in_flight now 0 fair_inc 17590 prop_inc 49832 fast_inc 0 eta_inc 16092 multi_dec -97622 quick_dec -0 nack_dec -53950
Flow Uec_59_187 flowId 125 uecSrc 124 finished at 350.956 total messages 1 total packets 490 RTS 0 total bytes 2002140 in_flight now 0 fair_inc 7811 prop_inc 32073 fast_inc 0 eta_inc 16688 multi_dec -112507 quick_dec -0 nack_dec -37350
Flow Uec_20_148 flowId 6 uecSrc 5 finished at 354.583 total messages 1 total packets 496 RTS 6 total bytes 2002140 in_flight now 0 fair_inc 10097 prop_inc 26599 fast_inc 0 eta_inc 15496 multi_dec -0 quick_dec -131449 nack_dec -24900
Flow Uec_26_154 flowId 27 uecSrc 26 finished at 360.488 total messages 1 total packets 494 RTS 4 total bytes 2002140 in_flight now 0 fair_inc 5852 prop_inc 16639 fast_inc 0 eta_inc 13112 multi_dec -0 quick_dec -0 nack_dec -0
Flow Uec_243_115 flowId 15 uecSrc 14 finished at 360.89 total messages 1 total packets 490 RTS 0 total bytes 2002140 in_flight now 0 fair_inc 8492 prop_inc 45754 fast_inc 0 eta_inc 16688 multi_dec -148716 quick_dec -0 nack_dec -16600
Flow Uec_248_120 flowId 143 uecSrc 142 finished at 361.516 total messages 1 total packets 490 RTS 0 total bytes 2002140 in_flight now 0 fair_inc 6724 prop_inc 39866 fast_inc 0 eta_inc 17284 multi_dec -80534 quick_dec -0 nack_dec -78850
363.706 flowid 27 Spurious 489
364.426 flowid 141 Spurious 466
Flow Uec_181_53 flowId 54 uecSrc 53 finished at 366.179 total messages 1 total packets 490 RTS 0 total bytes 2002140 in_flight now 0 fair_inc 11458 prop_inc 94430 fast_inc 0 eta_inc 16092 multi_dec -135794 quick_dec -0 nack_dec -41500
Flow Uec_21_149 flowId 94 uecSrc 93 finished at 366.562 total messages 1 total packets 496 RTS 6 total bytes 2002140 in_flight now 0 fair_inc 8449 prop_inc 74714 fast_inc 0 eta_inc 16688 multi_dec -138640 quick_dec -0 nack_dec -4150
Flow Uec_242_114 flowId 133 uecSrc 132 finished at 366.695 total messages 1 total packets 490 RTS 0 total bytes 2002140 in_flight now 0 fair_inc 12299 prop_inc 50663 fast_inc 0 eta_inc 17284 multi_dec -112521 quick_dec -0 nack_dec -58100
Flow Uec_192_64 flowId 88 uecSrc 87 finished at 368.145 total messages 1 total packets 490 RTS 0 total bytes 2002140 in_flight now 0 fair_inc 7651 prop_inc 51664 fast_inc 0 eta_inc 17284 multi_dec -134966 quick_dec -0 nack_dec -29050
Flow Uec_55_183 flowId 138 uecSrc 137 finished at 371.087 total messages 1 total packets 490 RTS 0 total bytes 2002140 in_flight now 0 fair_inc 6393 prop_inc 47744 fast_inc 0 eta_inc 17880 multi_dec -77584 quick_dec -0 nack_dec -83000
Flow Uec_136_8 flowId 136 uecSrc 135 finished at 373.169 total messages 1 total packets 492 RTS 2 total bytes 2002140 in_flight now 0 fair_inc 6139 prop_inc 72176 fast_inc 0 eta_inc 16688 multi_dec -147023 quick_dec -0 nack_dec -24900
Flow Uec_252_124 flowId 111 uecSrc 110 finished at 380.624 total messages 1 total packets 490 RTS 0 total bytes 2002140 in_flight now 0 fair_inc 7137 prop_inc 42267 fast_inc 0 eta_inc 17880 multi_dec -81112 quick_dec -0 nack_dec -78850
Flow Uec_7_135 flowId 141 uecSrc 140 finished at 384.801 total messages 1 total packets 493 RTS 3 total bytes 2002140 in_flight now 0 fair_inc 11236 prop_inc 56114 fast_inc 0 eta_inc 14900 multi_dec -0 quick_dec -156285 nack_dec -41500
Flow Uec_22_150 flowId 37 uecSrc 36 finished at 386.251 total messages 1 total packets 494 RTS 4 total bytes 2002140 in_flight now 0 fair_inc 16244 prop_inc 76028 fast_inc 0 eta_inc 17284 multi_dec -152806 quick_dec -0 nack_dec -4150
Flow Uec_195_67 flowId 91 uecSrc 90 finished at 386.964 total messages 1 total packets 490 RTS 0 total bytes 2002140 in_flight now 0 fair_inc 18006 prop_inc 57359 fast_inc 0 eta_inc 17880 multi_dec -141218 quick_dec -0 nack_dec -37350
Flow Uec_69_197 flowId 28 uecSrc 27 finished at 393.851 total messages 1 total packets 490 RTS 0 total bytes 2002140 in_flight now 0 fair_inc 20625 prop_inc 100217 fast_inc 71725 eta_inc 18476 multi_dec -198136 quick_dec -0 nack_dec -33200
Flow Uec_5_133 flowId 137 uecSrc 136 finished at 394.683 total messages 1 total packets 496 RTS 6 total bytes 2002140 in_flight now 0 fair_inc 25198 prop_inc 33938 fast_inc 0 eta_inc 16092 multi_dec -29464 quick_dec -140891 nack_dec -29050
Flow Uec_39_167 flowId 44 uecSrc 43 finished at 395.749 total messages 1 total packets 492 RTS 2 total bytes 2002140 in_flight now 0 fair_inc 16140 prop_inc 67818 fast_inc 10100 eta_inc 17880 multi_dec -193238 quick_dec -0 nack_dec -0
Flow Uec_129_1 flowId 60 uecSrc 59 finished at 407.223 total messages 1 total packets 490 RTS 0 total bytes 2002140 in_flight now 0 fair_inc 21008 prop_inc 15225 fast_inc 0 eta_inc 17880 multi_dec -32996 quick_dec -0 nack_dec -132800
Flow Uec_41_169 flowId 55 uecSrc 54 finished at 407.766 total messages 1 total packets 496 RTS 6 total bytes 2002140 in_flight now 0 fair_inc 20353 prop_inc 70954 fast_inc 0 eta_inc 19072 multi_dec -116513 quick_dec -0 nack_dec -20750
Flow Uec_156_28 flowId 66 uecSrc 65 finished at 408.701 total messages 1 total packets 490 RTS 0 total bytes 2002140 in_flight now 0 fair_inc 12474 prop_inc 17061 fast_inc 0 eta_inc 19072 multi_dec -66865 quick_dec -0 nack_dec -83000
Flow Uec_152_24 flowId 56 uecSrc 55 finished at 413.612 total messages 1 total packets 490 RTS 0 total bytes 2002140 in_flight now 0 fair_inc 23744 prop_inc 36123 fast_inc 0 eta_inc 19072 multi_dec -16529 quick_dec -0 nack_dec -145250
Flow Uec_150_22 flowId 156 uecSrc 155 finished at 417.494 total messages 1 total packets 491 RTS 1 total bytes 2002140 in_flight now 0 fair_inc 9622 prop_inc 21389 fast_inc 0 eta_inc 19072 multi_dec -18109 quick_dec -0 nack_dec -120350
Flow Uec_10_138 flowId 65 uecSrc 64 finished at 421.722 total messages 1 total packets 496 RTS 6 total bytes 2002140 in_flight now 0 fair_inc 12061 prop_inc 63807 fast_inc 0 eta_inc 17284 multi_dec -123410 quick_dec -0 nack_dec -0
Flow Uec_35_163 flowId 162 uecSrc 161 finished at 429.873 total messages 1 total packets 493 RTS 3 total bytes 2002140 in_flight now 0 fair_inc 19845 prop_inc 44326 fast_inc 0 eta_inc 19668 multi_dec -170374 quick_dec -0 nack_dec -0
Flow Uec_85_213 flowId 19 uecSrc 18 finished at 436.404 total messages 1 total packets 490 RTS 0 total bytes 2002140 in_flight now 0 fair_inc 28923 prop_inc 8090 fast_inc 0 eta_inc 20264 multi_dec -93971 quick_dec -0 nack_dec -99600
Flow Uec_235_107 flowId 108 uecSrc 107 finished at 455.154 total messages 1 total packets 490 RTS 0 total bytes 2002140 in_flight now 0 fair_inc 24154 prop_inc 23292 fast_inc 0 eta_inc 22052 multi_dec -31413 quick_dec -0 nack_dec -141100
Flow Uec_9_137 flowId 139 uecSrc 138 finished at 462.974 total messages 1 total packets 494 RTS 4 total bytes 2002140 in_flight now 0 fair_inc 10930 prop_inc 49728 fast_inc 0 eta_inc 14900 multi_dec -1773 quick_dec -177312 nack_dec -4150
Flow Uec_84_212 flowId 86 uecSrc 85 finished at 465.19 total messages 1 total packets 490 RTS 0 total bytes 2002140 in_flight now 0 fair_inc 20537 prop_inc 19400 fast_inc 0 eta_inc 22052 multi_dec -10274 quick_dec -0 nack_dec -153550
Flow Uec_144_16 flowId 120 uecSrc 119 finished at 467.476 total messages 1 total packets 491 RTS 1 total bytes 2002140 in_flight now 0 fair_inc 25894 prop_inc 44479 fast_inc 0 eta_inc 21456 multi_dec -100554 quick_dec -0 nack_dec -74700
Flow Uec_51_179 flowId 128 uecSrc 127 finished at 467.782 total messages 1 total packets 490 RTS 0 total bytes 2002140 in_flight now 0 fair_inc 19018 prop_inc 19765 fast_inc 0 eta_inc 22052 multi_dec -40957 quick_dec -0 nack_dec -141100
Flow Uec_31_159 flowId 93 uecSrc 92 finished at 472.042 total messages 1 total packets 499 RTS 9 total bytes 2002140 in_flight now -64 fair_inc 26895 prop_inc 13918 fast_inc 0 eta_inc 16688 multi_dec -73939 quick_dec -0 nack_dec -16600
Flow Uec_166_38 flowId 83 uecSrc 82 finished at 472.741 total messages 1 total packets 490 RTS 0 total bytes 2002140 in_flight now 0 fair_inc 27147 prop_inc 49875 fast_inc 0 eta_inc 19668 multi_dec -105621 quick_dec -0 nack_dec -87150
Flow Uec_177_49 flowId 7 uecSrc 6 finished at 473.808 total messages 1 total packets 490 RTS 0 total bytes 2002140 in_flight now 0 fair_inc 28987 prop_inc 16996 fast_inc 0 eta_inc 22052 multi_dec -32587 quick_dec -0 nack_dec -149400
Flow Uec_73_201 flowId 122 uecSrc 121 finished at 477.601 total messages 1 total packets 490 RTS 0 total bytes 2002140 in_flight now 0 fair_inc 18100 prop_inc 15645 fast_inc 0 eta_inc 22648 multi_dec -76629 quick_dec -0 nack_dec -99600
Flow Uec_182_54 flowId 42 uecSrc 41 finished at 480.52 total messages 1 total packets 490 RTS 0 total bytes 2002140 in_flight now 0 fair_inc 25770 prop_inc 18040 fast_inc 0 eta_inc 22648 multi_dec -119503 quick_dec -0 nack_dec -66400
Flow Uec_96_224 flowId 62 uecSrc 61 finished at 483.1 total messages 1 total packets 490 RTS 0 total bytes 2002140 in_flight now 0 fair_inc 25839 prop_inc 30254 fast_inc 0 eta_inc 22648 multi_dec -127205 quick_dec -0 nack_dec -62250
Flow Uec_56_184 flowId 159 uecSrc 158 finished at 484.596 total messages 1 total packets 490 RTS 0 total bytes 2002140 in_flight now 0 fair_inc 23966 prop_inc 23055 fast_inc 0 eta_inc 22648 multi_dec -94542 quick_dec -0 nack_dec -91300
Flow Uec_122_250 flowId 160 uecSrc 159 finished at 491.054 total messages 1 total packets 490 RTS 0 total bytes 2002140 in_flight now 0 fair_inc 14187 prop_inc 16915 fast_inc 0 eta_inc 22648 multi_dec -83325 quick_dec -0 nack_dec -91300
Flow Uec_125_253 flowId 105 uecSrc 104 finished at 492.543 total messages 1 total packets 490 RTS 0 total bytes 2002140 in_flight now 0 fair_inc 24320 prop_inc 17904 fast_inc 0 eta_inc 22648 multi_dec -81129 quick_dec -0 nack_dec -103750
Flow Uec_95_223 flowId 17 uecSrc 16 finished at 498.208 total messages 1 total packets 490 RTS 0 total bytes 2002140 in_flight now 0 fair_inc 11199 prop_inc 19363 fast_inc 0 eta_inc 23244 multi_dec -79409 quick_dec -0 nack_dec -103750
Flow Uec_255_127 flowId 112 uecSrc 111 finished at 498.991 total messages 1 total packets 490 RTS 0 total bytes 2002140 in_flight now 0 fair_inc 18102 prop_inc 13848 fast_inc 0 eta_inc 23244 multi_dec -31843 quick_dec -0 nack_dec -145250
Flow Uec_34_162 flowId 79 uecSrc 78 finished at 500.806 total messages 1 total packets 493 RTS 3 total bytes 2002140 in_flight now 0 fair_inc 32276 prop_inc 66902 fast_inc 0 eta_inc 20264 multi_dec -183871 quick_dec -0 nack_dec -0
Flow Uec_244_116 flowId 34 uecSrc 33 finished at 504.848 total messages 1 total packets 490 RTS 0 total bytes 2002140 in_flight now 0 fair_inc 20604 prop_inc 41931 fast_inc 0 eta_inc 23244 multi_dec -99385 quick_dec -0 nack_dec -91300
Flow Uec_216_88 flowId 109 uecSrc 108 finished at 508.167 total messages 1 total packets 490 RTS 0 total bytes 2002140 in_flight now 0 fair_inc 30604 prop_inc 5851 fast_inc 0 eta_inc 23244 multi_dec -55730 quick_dec -0 nack_dec -120350
Flow Uec_124_252 flowId 87 uecSrc 86 finished at 508.705 total messages 1 total packets 490 RTS 0 total bytes 2002140 in_flight now 0 fair_inc 13689 prop_inc 28844 fast_inc 0 eta_inc 23244 multi_dec -75414 quick_dec -0 nack_dec -112050
Flow Uec_86_214 flowId 1 uecSrc 0 finished at 513.81 total messages 1 total packets 490 RTS 0 total bytes 2002140 in_flight now 0 fair_inc 20620 prop_inc 31058 fast_inc 0 eta_inc 23840 multi_dec -85978 quick_dec -0 nack_dec -107900
Flow Uec_171_43 flowId 48 uecSrc 47 finished at 518.054 total messages 1 total packets 491 RTS 1 total bytes 2002140 in_flight now 0 fair_inc 11816 prop_inc 19780 fast_inc 0 eta_inc 23840 multi_dec -20612 quick_dec -0 nack_dec -153550
Flow Uec_145_17 flowId 14 uecSrc 13 finished at 518.867 total messages 1 total packets 490 RTS 0 total bytes 2002140 in_flight now 0 fair_inc 18041 prop_inc 55056 fast_inc 85346 eta_inc 23244 multi_dec -132161 quick_dec -0 nack_dec -78850
Flow Uec_249_121 flowId 38 uecSrc 37 finished at 521.064 total messages 1 total packets 490 RTS 0 total bytes 2002140 in_flight now 0 fair_inc 22924 prop_inc 24714 fast_inc 0 eta_inc 23244 multi_dec -109063 quick_dec -0 nack_dec -91300
Flow Uec_162_34 flowId 110 uecSrc 109 finished at 524.158 total messages 1 total packets 491 RTS 1 total bytes 2002140 in_flight now 0 fair_inc 30297 prop_inc 76478 fast_inc 46960 eta_inc 21456 multi_dec -178028 quick_dec -0 nack_dec -45650
Flow Uec_159_31 flowId 77 uecSrc 76 finished at 524.173 total messages 1 total packets 491 RTS 1 total bytes 2002140 in_flight now 0 fair_inc 27907 prop_inc 14385 fast_inc 0 eta_inc 23840 multi_dec -82464 quick_dec -0 nack_dec -107900
Flow Uec_62_190 flowId 114 uecSrc 113 finished at 524.507 total messages 1 total packets 490 RTS 0 total bytes 2002140 in_flight now 0 fair_inc 36515 prop_inc 46744 fast_inc 0 eta_inc 23840 multi_dec -130245 quick_dec -0 nack_dec -74700
Flow Uec_246_118 flowId 20 uecSrc 19 finished at 528.765 total messages 1 total packets 490 RTS 0 total bytes 2002140 in_flight now 0 fair_inc 27900 prop_inc 33179 fast_inc 0 eta_inc 23840 multi_dec -132049 quick_dec -0 nack_dec -74700
Flow Uec_239_111 flowId 57 uecSrc 56 finished at 532.364 total messages 1 total packets 490 RTS 0 total bytes 2002140 in_flight now 0 fair_inc 36092 prop_inc 59827 fast_inc 0 eta_inc 24436 multi_dec -121683 quick_dec -0 nack_dec -87150
Flow Uec_223_95 flowId 130 uecSrc 129 finished at 532.937 total messages 1 total packets 490 RTS 0 total bytes 2002140 in_flight now 0 fair_inc 22697 prop_inc 19648 fast_inc 0 eta_inc 23840 multi_dec -75487 quick_dec -0 nack_dec -116200
Flow Uec_184_56 flowId 157 uecSrc 156 finished at 533.527 total messages 1 total packets 490 RTS 0 total bytes 2002140 in_flight now 0 fair_inc 37212 prop_inc 51450 fast_inc 9581 eta_inc 25032 multi_dec -138771 quick_dec -0 nack_dec -83000
Flow Uec_97_225 flowId 153 uecSrc 152 finished at 536.151 total messages 1 total packets 490 RTS 0 total bytes 2002140 in_flight now 0 fair_inc 32056 prop_inc 58687 fast_inc 0 eta_inc 23244 multi_dec -145504 quick_dec -0 nack_dec -83000
Flow Uec_173_45 flowId 64 uecSrc 63 finished at 542.691 total messages 1 total packets 491 RTS 1 total bytes 2002140 in_flight now 0 fair_inc 27665 prop_inc 15791 fast_inc 0 eta_inc 24436 multi_dec -51925 quick_dec -0 nack_dec -124500
Flow Uec_176_48 flowId 67 uecSrc 66 finished at 549.016 total messages 1 total packets 490 RTS 0 total bytes 2002140 in_flight now 0 fair_inc 14115 prop_inc 26896 fast_inc 261128 eta_inc 21456 multi_dec -142189 quick_dec -0 nack_dec -87150
Flow Uec_38_166 flowId 75 uecSrc 74 finished at 549.687 total messages 1 total packets 496 RTS 6 total bytes 2002140 in_flight now 0 fair_inc 32749 prop_inc 79211 fast_inc 81307 eta_inc 22648 multi_dec -188371 quick_dec -14536 nack_dec -4150
Flow Uec_200_72 flowId 140 uecSrc 139 finished at 553.018 total messages 1 total packets 490 RTS 0 total bytes 2002140 in_flight now 0 fair_inc 45449 prop_inc 17735 fast_inc 0 eta_inc 26224 multi_dec -75571 quick_dec -0 nack_dec -128650
Flow Uec_221_93 flowId 124 uecSrc 123 finished at 553.511 total messages 1 total packets 490 RTS 0 total bytes 2002140 in_flight now 0 fair_inc 24426 prop_inc 22386 fast_inc 0 eta_inc 25628 multi_dec -63277 quick_dec -0 nack_dec -132800
Flow Uec_49_177 flowId 89 uecSrc 88 finished at 553.633 total messages 1 total packets 490 RTS 0 total bytes 2002140 in_flight now 0 fair_inc 23144 prop_inc 17916 fast_inc 0 eta_inc 25628 multi_dec -32634 quick_dec -0 nack_dec -161850
Flow Uec_225_97 flowId 134 uecSrc 133 finished at 579.901 total messages 1 total packets 490 RTS 0 total bytes 2002140 in_flight now 0 fair_inc 32416 prop_inc 21649 fast_inc 0 eta_inc 26820 multi_dec -21235 quick_dec -0 nack_dec -174300
Flow Uec_178_50 flowId 121 uecSrc 120 finished at 604.543 total messages 1 total packets 490 RTS 0 total bytes 2002140 in_flight now 0 fair_inc 22332 prop_inc 12036 fast_inc 0 eta_inc 26820 multi_dec -76709 quick_dec -0 nack_dec -128650
Flow Uec_222_94 flowId 118 uecSrc 117 finished at 609.087 total messages 1 total packets 490 RTS 0 total bytes 2002140 in_flight now 0 fair_inc 17939 prop_inc 40105 fast_inc 17662 eta_inc 28012 multi_dec -86733 quick_dec -0 nack_dec -112050
Flow Uec_180_52 flowId 29 uecSrc 28 finished at 630.308 total messages 1 total packets 490 RTS 0 total bytes 2002140 in_flight now 0 fair_inc 24118 prop_inc 16695 fast_inc 0 eta_inc 28608 multi_dec -82276 quick_dec -0 nack_dec -136950
Flow Uec_58_186 flowId 2 uecSrc 1 finished at 634.456 total messages 1 total packets 490 RTS 0 total bytes 2002140 in_flight now 0 fair_inc 25022 prop_inc 30551 fast_inc 0 eta_inc 27416 multi_dec -92676 quick_dec -0 nack_dec -116200
Flow Uec_60_188 flowId 58 uecSrc 57 finished at 635.27 total messages 1 total packets 490 RTS 0 total bytes 2002140 in_flight now 0 fair_inc 28490 prop_inc 29379 fast_inc 0 eta_inc 24436 multi_dec -44084 quick_dec -0 nack_dec -149400
Flow Uec_213_85 flowId 12 uecSrc 11 finished at 637.09 total messages 1 total packets 490 RTS 0 total bytes 2002140 in_flight now 0 fair_inc 30620 prop_inc 2308 fast_inc 0 eta_inc 28608 multi_dec -36785 quick_dec -0 nack_dec -166000
Flow Uec_92_220 flowId 99 uecSrc 98 finished at 644.147 total messages 1 total packets 490 RTS 0 total bytes 2002140 in_flight now 0 fair_inc 31181 prop_inc 3320 fast_inc 0 eta_inc 29204 multi_dec -14183 quick_dec -0 nack_dec -178450
Flow Uec_229_101 flowId 82 uecSrc 81 finished at 647.783 total messages 1 total packets 490 RTS 0 total bytes 2002140 in_flight now 0 fair_inc 18037 prop_inc 14914 fast_inc 0 eta_inc 28608 multi_dec -61051 quick_dec -0 nack_dec -136950
Flow Uec_151_23 flowId 70 uecSrc 69 finished at 649.949 total messages 1 total packets 490 RTS 0 total bytes 2002140 in_flight now 0 fair_inc 14043 prop_inc 45102 fast_inc 57578 eta_inc 28012 multi_dec -93960 quick_dec -0 nack_dec -124500
Flow Uec_234_106 flowId 43 uecSrc 42 finished at 658.236 total messages 1 total packets 490 RTS 0 total bytes 2002140 in_flight now 0 fair_inc 39627 prop_inc 13429 fast_inc 0 eta_inc 28608 multi_dec -93707 quick_dec -0 nack_dec -145250
Flow Uec_189_61 flowId 47 uecSrc 46 finished at 661.829 total messages 1 total packets 490 RTS 0 total bytes 2002140 in_flight now 0 fair_inc 37697 prop_inc 34821 fast_inc 0 eta_inc 28012 multi_dec -80910 quick_dec -0 nack_dec -145250
Flow Uec_226_98 flowId 52 uecSrc 51 finished at 665.368 total messages 1 total packets 490 RTS 0 total bytes 2002140 in_flight now 0 fair_inc 22798 prop_inc 18989 fast_inc 0 eta_inc 29204 multi_dec -104727 quick_dec -0 nack_dec -112050
Flow Uec_194_66 flowId 126 uecSrc 125 finished at 677.332 total messages 1 total packets 490 RTS 0 total bytes 2002140 in_flight now 0 fair_inc 48869 prop_inc 43070 fast_inc 0 eta_inc 30992 multi_dec -120138 quick_dec -0 nack_dec -116200
Flow Uec_149_21 flowId 61 uecSrc 60 finished at 699.68 total messages 1 total packets 491 RTS 1 total bytes 2002140 in_flight now 0 fair_inc 16940 prop_inc 61906 fast_inc 103531 eta_inc 26820 multi_dec -129486 quick_dec -0 nack_dec -99600
Flow Uec_206_78 flowId 135 uecSrc 134 finished at 705.26 total messages 1 total packets 490 RTS 0 total bytes 2002140 in_flight now 0 fair_inc 43364 prop_inc 5037 fast_inc 0 eta_inc 31588 multi_dec -74304 quick_dec -0 nack_dec -157700
Flow Uec_77_205 flowId 131 uecSrc 130 finished at 705.934 total messages 1 total packets 490 RTS 0 total bytes 2002140 in_flight now 0 fair_inc 38599 prop_inc 29788 fast_inc 0 eta_inc 26224 multi_dec -93602 quick_dec -0 nack_dec -132800
Flow Uec_231_103 flowId 63 uecSrc 62 finished at 708.459 total messages 1 total packets 490 RTS 0 total bytes 2002140 in_flight now 0 fair_inc 39349 prop_inc 31678 fast_inc 59077 eta_inc 32184 multi_dec -43540 quick_dec -9305 nack_dec -174300
Flow Uec_217_89 flowId 80 uecSrc 79 finished at 711.904 total messages 1 total packets 490 RTS 0 total bytes 2002140 in_flight now 0 fair_inc 33086 prop_inc 107094 fast_inc 0 eta_inc 30992 multi_dec -130255 quick_dec -0 nack_dec -124500
Flow Uec_83_211 flowId 101 uecSrc 100 finished at 713.548 total messages 1 total packets 490 RTS 0 total bytes 2002140 in_flight now 0 fair_inc 53073 prop_inc 17892 fast_inc 0 eta_inc 32780 multi_dec -66306 quick_dec -0 nack_dec -174300
Flow Uec_61_189 flowId 30 uecSrc 29 finished at 731.243 total messages 1 total packets 490 RTS 0 total bytes 2002140 in_flight now 0 fair_inc 19982 prop_inc 53673 fast_inc 102523 eta_inc 30396 multi_dec -99882 quick_dec -0 nack_dec -141100
Flow Uec_158_30 flowId 123 uecSrc 122 finished at 739.064 total messages 1 total packets 490 RTS 0 total bytes 2002140 in_flight now 0 fair_inc 32505 prop_inc 25980 fast_inc 0 eta_inc 29204 multi_dec -84227 quick_dec -0 nack_dec -161850
Flow Uec_81_209 flowId 40 uecSrc 39 finished at 744.472 total messages 1 total packets 490 RTS 0 total bytes 2002140 in_flight now 0 fair_inc 74539 prop_inc 25557 fast_inc 0 eta_inc 25032 multi_dec -66848 quick_dec -38084 nack_dec -174300
Flow Uec_79_207 flowId 155 uecSrc 154 finished at 748.782 total messages 1 total packets 490 RTS 0 total bytes 2002140 in_flight now 0 fair_inc 52522 prop_inc 30082 fast_inc 0 eta_inc 31588 multi_dec -111001 quick_dec -0 nack_dec -145250
Flow Uec_218_90 flowId 41 uecSrc 40 finished at 763.387 total messages 1 total packets 490 RTS 0 total bytes 2002140 in_flight now 0 fair_inc 34662 prop_inc 16700 fast_inc 0 eta_inc 29204 multi_dec -69627 quick_dec -0 nack_dec -161850
Flow Uec_155_27 flowId 59 uecSrc 58 finished at 765.452 total messages 1 total packets 491 RTS 1 total bytes 2002140 in_flight now 0 fair_inc 52468 prop_inc 25453 fast_inc 0 eta_inc 31588 multi_dec -103231 quick_dec -0 nack_dec -145250
Flow Uec_196_68 flowId 10 uecSrc 9 finished at 765.953 total messages 1 total packets 490 RTS 0 total bytes 2002140 in_flight now 0 fair_inc 41034 prop_inc 11350 fast_inc 354072 eta_inc 29800 multi_dec -155888 quick_dec -1816 nack_dec -128650
Flow Uec_90_218 flowId 13 uecSrc 12 finished at 785.691 total messages 1 total packets 490 RTS 0 total bytes 2002140 in_flight now 0 fair_inc 59679 prop_inc 49292 fast_inc 0 eta_inc 34568 multi_dec -127872 quick_dec -0 nack_dec -136950
Flow Uec_170_42 flowId 69 uecSrc 68 finished at 812.823 total messages 1 total packets 490 RTS 0 total bytes 2002140 in_flight now 0 fair_inc 21379 prop_inc 47886 fast_inc 13133 eta_inc 28012 multi_dec -130398 quick_dec -0 nack_dec -103750
Flow Uec_80_208 flowId 102 uecSrc 101 finished at 826.873 total messages 1 total packets 490 RTS 0 total bytes 2002140 in_flight now 0 fair_inc 59583 prop_inc 56755 fast_inc 0 eta_inc 25032 multi_dec -57184 quick_dec -45997 nack_dec -153550
Flow Uec_148_20 flowId 92 uecSrc 91 finished at 833.633 total messages 1 total packets 490 RTS 0 total bytes 2002140 in_flight now 0 fair_inc 20445 prop_inc 71348 fast_inc 5539 eta_inc 29204 multi_dec -0 quick_dec -22289 nack_dec -182600
Flow Uec_78_206 flowId 8 uecSrc 7 finished at 835.384 total messages 1 total packets 490 RTS 0 total bytes 2002140 in_flight now 0 fair_inc 52765 prop_inc 65444 fast_inc 0 eta_inc 26820 multi_dec -51649 quick_dec -66368 nack_dec -161850
Flow Uec_88_216 flowId 31 uecSrc 30 finished at 860.74 total messages 1 total packets 490 RTS 0 total bytes 2002140 in_flight now 0 fair_inc 29679 prop_inc 54012 fast_inc 151015 eta_inc 33972 multi_dec -127938 quick_dec -2429 nack_dec -124500
Flow Uec_202_74 flowId 23 uecSrc 22 finished at 883.388 total messages 1 total packets 490 RTS 0 total bytes 2002140 in_flight now 0 fair_inc 72568 prop_inc 36541 fast_inc 0 eta_inc 26224 multi_dec -42829 quick_dec -82584 nack_dec -149400
Flow Uec_199_71 flowId 18 uecSrc 17 finished at 931.755 total messages 1 total packets 490 RTS 0 total bytes 2002140 in_flight now 0 fair_inc 57813 prop_inc 60846 fast_inc 0 eta_inc 30396 multi_dec -53367 quick_dec -72809 nack_dec -141100
Flow Uec_197_69 flowId 90 uecSrc 89 finished at 1016.51 total messages 1 total packets 490 RTS 0 total bytes 2002140 in_flight now 0 fair_inc 16548 prop_inc 73389 fast_inc 169199 eta_inc 31588 multi_dec -32176 quick_dec -74799 nack_dec -161850
.Done
New: 81340 Rtx: 3166 RTS: 114 Bounced: 0 ACKs: 63692 NACKs: 2812 Pulls: 0 sleek_pkts: 0
