traffic matrix input file: connection_matrices/load_sweep/load0.60_n256_seed5.cm
Load balancing algorithm set to oblivious
no_of_nodes 256
Dragonfly+ strategy: FPAR
Setting queuesize to 50 packets
endtime(us) 100000
random seed 5
Packet size (MTU) is 4150
Parsed args
Logging to reps_dfp_results/reps_withoutnorm256/load0.60_oblivious_seed5.dat
Loading connection matrix from connection_matrices/load_sweep/load0.60_n256_seed5.cm
Nodes: 256 Connections: 154 Triggers: 0 Failures: 0
Setting ECN low 33200 high 120350
Dragonfly+ with medium topology type
Link latencies: 1 and switch latencies: 0
queue_id 2 ecn_low 33200 ecn_high 120350
DragonFly+ constructor done, 392 nodes created
Note: topology supports 392 hosts; 136 host port(s) will be unused.
network_max_unloaded_rtt 11.6856 us
Setting min RTO to 114.6
Per-hop RTT normalization: OFF (strategy fpar)
Initializing static NSCC parameters: _reference_network_linkspeed=100000000000 _reference_network_rtt=12000000 _reference_network_bdp=150000 _target_Qdelay=8764200 _network_linkspeed=100000000000 _network_rtt=11685600 _network_bdp=146070 _qa_gate=2^3 _qa_threshold=3.50568e+07 _scaling_factor_a=0.9738 _scaling_factor_b=0.73035 _alpha=0.00132632 _fi=19894.7 _eta=596.842 _qa_scaling=1 _gamma=0.8 _fi_scale=0.24345 _delay_alpha=0.0125 _adjust_period_threshold=11685600 _adjust_bytes_threshold=33200
Initialize per-instance NSCC parameters: flowid 1 _base_rtt=11685600 _base_bdp=146070 _bdp=146070 _min_cwnd=4150 _maxwnd=219105 _cwnd=219105
Initialize per-instance NSCC parameters: flowid 2 _base_rtt=11685600 _base_bdp=146070 _bdp=146070 _min_cwnd=4150 _maxwnd=219105 _cwnd=219105
Initialize per-instance NSCC parameters: flowid 3 _base_rtt=11685600 _base_bdp=146070 _bdp=146070 _min_cwnd=4150 _maxwnd=219105 _cwnd=219105
Initialize per-instance NSCC parameters: flowid 4 _base_rtt=11685600 _base_bdp=146070 _bdp=146070 _min_cwnd=4150 _maxwnd=219105 _cwnd=219105
Initialize per-instance NSCC parameters: flowid 5 _base_rtt=11685600 _base_bdp=146070 _bdp=146070 _min_cwnd=4150 _maxwnd=219105 _cwnd=219105
Initialize per-instance NSCC parameters: flowid 6 _base_rtt=11685600 _base_bdp=146070 _bdp=146070 _min_cwnd=4150 _maxwnd=219105 _cwnd=219105
Initialize per-instance NSCC parameters: flowid 7 _base_rtt=11685600 _base_bdp=146070 _bdp=146070 _min_cwnd=4150 _maxwnd=219105 _cwnd=219105
Initialize per-instance NSCC parameters: flowid 8 _base_rtt=11685600 _base_bdp=146070 _bdp=146070 _min_cwnd=4150 _maxwnd=219105 _cwnd=219105
Initialize per-instance NSCC parameters: flowid 9 _base_rtt=11685600 _base_bdp=146070 _bdp=146070 _min_cwnd=4150 _maxwnd=219105 _cwnd=219105
Initialize per-instance NSCC parameters: flowid 10 _base_rtt=11685600 _base_bdp=146070 _bdp=146070 _min_cwnd=4150 _maxwnd=219105 _cwnd=219105
Initialize per-instance NSCC parameters: flowid 11 _base_rtt=11685600 _base_bdp=146070 _bdp=146070 _min_cwnd=4150 _maxwnd=219105 _cwnd=219105
Initialize per-instance NSCC parameters: flowid 12 _base_rtt=11685600 _base_bdp=146070 _bdp=146070 _min_cwnd=4150 _maxwnd=219105 _cwnd=219105
Initialize per-instance NSCC parameters: flowid 13 _base_rtt=11685600 _base_bdp=146070 _bdp=146070 _min_cwnd=4150 _maxwnd=219105 _cwnd=219105
Initialize per-instance NSCC parameters: flowid 14 _base_rtt=11685600 _base_bdp=146070 _bdp=146070 _min_cwnd=4150 _maxwnd=219105 _cwnd=219105
Initialize per-instance NSCC parameters: flowid 15 _base_rtt=11685600 _base_bdp=146070 _bdp=146070 _min_cwnd=4150 _maxwnd=219105 _cwnd=219105
Initialize per-instance NSCC parameters: flowid 16 _base_rtt=11685600 _base_bdp=146070 _bdp=146070 _min_cwnd=4150 _maxwnd=219105 _cwnd=219105
Initialize per-instance NSCC parameters: flowid 17 _base_rtt=11685600 _base_bdp=146070 _bdp=146070 _min_cwnd=4150 _maxwnd=219105 _cwnd=219105
Initialize per-instance NSCC parameters: flowid 18 _base_rtt=11685600 _base_bdp=146070 _bdp=146070 _min_cwnd=4150 _maxwnd=219105 _cwnd=219105
Initialize per-instance NSCC parameters: flowid 19 _base_rtt=11685600 _base_bdp=146070 _bdp=146070 _min_cwnd=4150 _maxwnd=219105 _cwnd=219105
Initialize per-instance NSCC parameters: flowid 20 _base_rtt=11685600 _base_bdp=146070 _bdp=146070 _min_cwnd=4150 _maxwnd=219105 _cwnd=219105
Initialize per-instance NSCC parameters: flowid 21 _base_rtt=11685600 _base_bdp=146070 _bdp=146070 _min_cwnd=4150 _maxwnd=219105 _cwnd=219105
Initialize per-instance NSCC parameters: flowid 22 _base_rtt=11685600 _base_bdp=146070 _bdp=146070 _min_cwnd=4150 _maxwnd=219105 _cwnd=219105
Initialize per-instance NSCC parameters: flowid 23 _base_rtt=11685600 _base_bdp=146070 _bdp=146070 _min_cwnd=4150 _maxwnd=219105 _cwnd=219105
Initialize per-instance NSCC parameters: flowid 24 _base_rtt=11685600 _base_bdp=146070 _bdp=146070 _min_cwnd=4150 _maxwnd=219105 _cwnd=219105
Initialize per-instance NSCC parameters: flowid 25 _base_rtt=11685600 _base_bdp=146070 _bdp=146070 _min_cwnd=4150 _maxwnd=219105 _cwnd=219105
Initialize per-instance NSCC parameters: flowid 26 _base_rtt=11685600 _base_bdp=146070 _bdp=146070 _min_cwnd=4150 _maxwnd=219105 _cwnd=219105
Initialize per-instance NSCC parameters: flowid 27 _base_rtt=11685600 _base_bdp=146070 _bdp=146070 _min_cwnd=4150 _maxwnd=219105 _cwnd=219105
Initialize per-instance NSCC parameters: flowid 28 _base_rtt=11685600 _base_bdp=146070 _bdp=146070 _min_cwnd=4150 _maxwnd=219105 _cwnd=219105
Initialize per-instance NSCC parameters: flowid 29 _base_rtt=11685600 _base_bdp=146070 _bdp=146070 _min_cwnd=4150 _maxwnd=219105 _cwnd=219105
Initialize per-instance NSCC parameters: flowid 30 _base_rtt=11685600 _base_bdp=146070 _bdp=146070 _min_cwnd=4150 _maxwnd=219105 _cwnd=219105
Initialize per-instance NSCC parameters: flowid 31 _base_rtt=11685600 _base_bdp=146070 _bdp=146070 _min_cwnd=4150 _maxwnd=219105 _cwnd=219105
Initialize per-instance NSCC parameters: flowid 32 _base_rtt=11685600 _base_bdp=146070 _bdp=146070 _min_cwnd=4150 _maxwnd=219105 _cwnd=219105
Initialize per-instance NSCC parameters: flowid 33 _base_rtt=11685600 _base_bdp=146070 _bdp=146070 _min_cwnd=4150 _maxwnd=219105 _cwnd=219105
Initialize per-instance NSCC parameters: flowid 34 _base_rtt=11685600 _base_bdp=146070 _bdp=146070 _min_cwnd=4150 _maxwnd=219105 _cwnd=219105
Initialize per-instance NSCC parameters: flowid 35 _base_rtt=11685600 _base_bdp=146070 _bdp=146070 _min_cwnd=4150 _maxwnd=219105 _cwnd=219105
Initialize per-instance NSCC parameters: flowid 36 _base_rtt=11685600 _base_bdp=146070 _bdp=146070 _min_cwnd=4150 _maxwnd=219105 _cwnd=219105
Initialize per-instance NSCC parameters: flowid 37 _base_rtt=11685600 _base_bdp=146070 _bdp=146070 _min_cwnd=4150 _maxwnd=219105 _cwnd=219105
Initialize per-instance NSCC parameters: flowid 38 _base_rtt=11685600 _base_bdp=146070 _bdp=146070 _min_cwnd=4150 _maxwnd=219105 _cwnd=219105
Initialize per-instance NSCC parameters: flowid 39 _base_rtt=11685600 _base_bdp=146070 _bdp=146070 _min_cwnd=4150 _maxwnd=219105 _cwnd=219105
Initialize per-instance NSCC parameters: flowid 40 _base_rtt=11685600 _base_bdp=146070 _bdp=146070 _min_cwnd=4150 _maxwnd=219105 _cwnd=219105
Initialize per-instance NSCC parameters: flowid 41 _base_rtt=11685600 _base_bdp=146070 _bdp=146070 _min_cwnd=4150 _maxwnd=219105 _cwnd=219105
Initialize per-instance NSCC parameters: flowid 42 _base_rtt=11685600 _base_bdp=146070 _bdp=146070 _min_cwnd=4150 _maxwnd=219105 _cwnd=219105
Initialize per-instance NSCC parameters: flowid 43 _base_rtt=11685600 _base_bdp=146070 _bdp=146070 _min_cwnd=4150 _maxwnd=219105 _cwnd=219105
Initialize per-instance NSCC parameters: flowid 44 _base_rtt=11685600 _base_bdp=146070 _bdp=146070 _min_cwnd=4150 _maxwnd=219105 _cwnd=219105
Initialize per-instance NSCC parameters: flowid 45 _base_rtt=11685600 _base_bdp=146070 _bdp=146070 _min_cwnd=4150 _maxwnd=219105 _cwnd=219105
Initialize per-instance NSCC parameters: flowid 46 _base_rtt=11685600 _base_bdp=146070 _bdp=146070 _min_cwnd=4150 _maxwnd=219105 _cwnd=219105
Initialize per-instance NSCC parameters: flowid 47 _base_rtt=11685600 _base_bdp=146070 _bdp=146070 _min_cwnd=4150 _maxwnd=219105 _cwnd=219105
Initialize per-instance NSCC parameters: flowid 48 _base_rtt=11685600 _base_bdp=146070 _bdp=146070 _min_cwnd=4150 _maxwnd=219105 _cwnd=219105
Initialize per-instance NSCC parameters: flowid 49 _base_rtt=11685600 _base_bdp=146070 _bdp=146070 _min_cwnd=4150 _maxwnd=219105 _cwnd=219105
Initialize per-instance NSCC parameters: flowid 50 _base_rtt=11685600 _base_bdp=146070 _bdp=146070 _min_cwnd=4150 _maxwnd=219105 _cwnd=219105
Initialize per-instance NSCC parameters: flowid 51 _base_rtt=11685600 _base_bdp=146070 _bdp=146070 _min_cwnd=4150 _maxwnd=219105 _cwnd=219105
Initialize per-instance NSCC parameters: flowid 52 _base_rtt=11685600 _base_bdp=146070 _bdp=146070 _min_cwnd=4150 _maxwnd=219105 _cwnd=219105
Initialize per-instance NSCC parameters: flowid 53 _base_rtt=11685600 _base_bdp=146070 _bdp=146070 _min_cwnd=4150 _maxwnd=219105 _cwnd=219105
Initialize per-instance NSCC parameters: flowid 54 _base_rtt=11685600 _base_bdp=146070 _bdp=146070 _min_cwnd=4150 _maxwnd=219105 _cwnd=219105
Initialize per-instance NSCC parameters: flowid 55 _base_rtt=11685600 _base_bdp=146070 _bdp=146070 _min_cwnd=4150 _maxwnd=219105 _cwnd=219105
Initialize per-instance NSCC parameters: flowid 56 _base_rtt=11685600 _base_bdp=146070 _bdp=146070 _min_cwnd=4150 _maxwnd=219105 _cwnd=219105
Initialize per-instance NSCC parameters: flowid 57 _base_rtt=11685600 _base_bdp=146070 _bdp=146070 _min_cwnd=4150 _maxwnd=219105 _cwnd=219105
Initialize per-instance NSCC parameters: flowid 58 _base_rtt=11685600 _base_bdp=146070 _bdp=146070 _min_cwnd=4150 _maxwnd=219105 _cwnd=219105
Initialize per-instance NSCC parameters: flowid 59 _base_rtt=11685600 _base_bdp=146070 _bdp=146070 _min_cwnd=4150 _maxwnd=219105 _cwnd=219105
Initialize per-instance NSCC parameters: flowid 60 _base_rtt=11685600 _base_bdp=146070 _bdp=146070 _min_cwnd=4150 _maxwnd=219105 _cwnd=219105
Initialize per-instance NSCC parameters: flowid 61 _base_rtt=11685600 _base_bdp=146070 _bdp=146070 _min_cwnd=4150 _maxwnd=219105 _cwnd=219105
Initialize per-instance NSCC parameters: flowid 62 _base_rtt=11685600 _base_bdp=146070 _bdp=146070 _min_cwnd=4150 _maxwnd=219105 _cwnd=219105
Initialize per-instance NSCC parameters: flowid 63 _base_rtt=11685600 _base_bdp=146070 _bdp=146070 _min_cwnd=4150 _maxwnd=219105 _cwnd=219105
Initialize per-instance NSCC parameters: flowid 64 _base_rtt=11685600 _base_bdp=146070 _bdp=146070 _min_cwnd=4150 _maxwnd=219105 _cwnd=219105
Initialize per-instance NSCC parameters: flowid 65 _base_rtt=11685600 _base_bdp=146070 _bdp=146070 _min_cwnd=4150 _maxwnd=219105 _cwnd=219105
Initialize per-instance NSCC parameters: flowid 66 _base_rtt=11685600 _base_bdp=146070 _bdp=146070 _min_cwnd=4150 _maxwnd=219105 _cwnd=219105
Initialize per-instance NSCC parameters: flowid 67 _base_rtt=11685600 _base_bdp=146070 _bdp=146070 _min_cwnd=4150 _maxwnd=219105 _cwnd=219105
Initialize per-instance NSCC parameters: flowid 68 _base_rtt=11685600 _base_bdp=146070 _bdp=146070 _min_cwnd=4150 _maxwnd=219105 _cwnd=219105
Initialize per-instance NSCC parameters: flowid 69 _base_rtt=11685600 _base_bdp=146070 _bdp=146070 _min_cwnd=4150 _maxwnd=219105 _cwnd=219105
Initialize per-instance NSCC parameters: flowid 70 _base_rtt=11685600 _base_bdp=146070 _bdp=146070 _min_cwnd=4150 _maxwnd=219105 _cwnd=219105
Initialize per-instance NSCC parameters: flowid 71 _base_rtt=11685600 _base_bdp=146070 _bdp=146070 _min_cwnd=4150 _maxwnd=219105 _cwnd=219105
Initialize per-instance NSCC parameters: flowid 72 _base_rtt=11685600 _base_bdp=146070 _bdp=146070 _min_cwnd=4150 _maxwnd=219105 _cwnd=219105
Initialize per-instance NSCC parameters: flowid 73 _base_rtt=11685600 _base_bdp=146070 _bdp=146070 _min_cwnd=4150 _maxwnd=219105 _cwnd=219105
Initialize per-instance NSCC parameters: flowid 74 _base_rtt=11685600 _base_bdp=146070 _bdp=146070 _min_cwnd=4150 _maxwnd=219105 _cwnd=219105
Initialize per-instance NSCC parameters: flowid 75 _base_rtt=11685600 _base_bdp=146070 _bdp=146070 _min_cwnd=4150 _maxwnd=219105 _cwnd=219105
Initialize per-instance NSCC parameters: flowid 76 _base_rtt=11685600 _base_bdp=146070 _bdp=146070 _min_cwnd=4150 _maxwnd=219105 _cwnd=219105
Initialize per-instance NSCC parameters: flowid 77 _base_rtt=11685600 _base_bdp=146070 _bdp=146070 _min_cwnd=4150 _maxwnd=219105 _cwnd=219105
Initialize per-instance NSCC parameters: flowid 78 _base_rtt=11685600 _base_bdp=146070 _bdp=146070 _min_cwnd=4150 _maxwnd=219105 _cwnd=219105
Initialize per-instance NSCC parameters: flowid 79 _base_rtt=11685600 _base_bdp=146070 _bdp=146070 _min_cwnd=4150 _maxwnd=219105 _cwnd=219105
Initialize per-instance NSCC parameters: flowid 80 _base_rtt=11685600 _base_bdp=146070 _bdp=146070 _min_cwnd=4150 _maxwnd=219105 _cwnd=219105
Initialize per-instance NSCC parameters: flowid 81 _base_rtt=11685600 _base_bdp=146070 _bdp=146070 _min_cwnd=4150 _maxwnd=219105 _cwnd=219105
Initialize per-instance NSCC parameters: flowid 82 _base_rtt=11685600 _base_bdp=146070 _bdp=146070 _min_cwnd=4150 _maxwnd=219105 _cwnd=219105
Initialize per-instance NSCC parameters: flowid 83 _base_rtt=11685600 _base_bdp=146070 _bdp=146070 _min_cwnd=4150 _maxwnd=219105 _cwnd=219105
Initialize per-instance NSCC parameters: flowid 84 _base_rtt=11685600 _base_bdp=146070 _bdp=146070 _min_cwnd=4150 _maxwnd=219105 _cwnd=219105
Initialize per-instance NSCC parameters: flowid 85 _base_rtt=11685600 _base_bdp=146070 _bdp=146070 _min_cwnd=4150 _maxwnd=219105 _cwnd=219105
Initialize per-instance NSCC parameters: flowid 86 _base_rtt=11685600 _base_bdp=146070 _bdp=146070 _min_cwnd=4150 _maxwnd=219105 _cwnd=219105
Initialize per-instance NSCC parameters: flowid 87 _base_rtt=11685600 _base_bdp=146070 _bdp=146070 _min_cwnd=4150 _maxwnd=219105 _cwnd=219105
Initialize per-instance NSCC parameters: flowid 88 _base_rtt=11685600 _base_bdp=146070 _bdp=146070 _min_cwnd=4150 _maxwnd=219105 _cwnd=219105
Initialize per-instance NSCC parameters: flowid 89 _base_rtt=11685600 _base_bdp=146070 _bdp=146070 _min_cwnd=4150 _maxwnd=219105 _cwnd=219105
Initialize per-instance NSCC parameters: flowid 90 _base_rtt=11685600 _base_bdp=146070 _bdp=146070 _min_cwnd=4150 _maxwnd=219105 _cwnd=219105
Initialize per-instance NSCC parameters: flowid 91 _base_rtt=11685600 _base_bdp=146070 _bdp=146070 _min_cwnd=4150 _maxwnd=219105 _cwnd=219105
Initialize per-instance NSCC parameters: flowid 92 _base_rtt=11685600 _base_bdp=146070 _bdp=146070 _min_cwnd=4150 _maxwnd=219105 _cwnd=219105
Initialize per-instance NSCC parameters: flowid 93 _base_rtt=11685600 _base_bdp=146070 _bdp=146070 _min_cwnd=4150 _maxwnd=219105 _cwnd=219105
Initialize per-instance NSCC parameters: flowid 94 _base_rtt=11685600 _base_bdp=146070 _bdp=146070 _min_cwnd=4150 _maxwnd=219105 _cwnd=219105
Initialize per-instance NSCC parameters: flowid 95 _base_rtt=11685600 _base_bdp=146070 _bdp=146070 _min_cwnd=4150 _maxwnd=219105 _cwnd=219105
Initialize per-instance NSCC parameters: flowid 96 _base_rtt=11685600 _base_bdp=146070 _bdp=146070 _min_cwnd=4150 _maxwnd=219105 _cwnd=219105
Initialize per-instance NSCC parameters: flowid 97 _base_rtt=11685600 _base_bdp=146070 _bdp=146070 _min_cwnd=4150 _maxwnd=219105 _cwnd=219105
Initialize per-instance NSCC parameters: flowid 98 _base_rtt=11685600 _base_bdp=146070 _bdp=146070 _min_cwnd=4150 _maxwnd=219105 _cwnd=219105
Initialize per-instance NSCC parameters: flowid 99 _base_rtt=11685600 _base_bdp=146070 _bdp=146070 _min_cwnd=4150 _maxwnd=219105 _cwnd=219105
Initialize per-instance NSCC parameters: flowid 100 _base_rtt=11685600 _base_bdp=146070 _bdp=146070 _min_cwnd=4150 _maxwnd=219105 _cwnd=219105
Initialize per-instance NSCC parameters: flowid 101 _base_rtt=11685600 _base_bdp=146070 _bdp=146070 _min_cwnd=4150 _maxwnd=219105 _cwnd=219105
Initialize per-instance NSCC parameters: flowid 102 _base_rtt=11685600 _base_bdp=146070 _bdp=146070 _min_cwnd=4150 _maxwnd=219105 _cwnd=219105
Initialize per-instance NSCC parameters: flowid 103 _base_rtt=11685600 _base_bdp=146070 _bdp=146070 _min_cwnd=4150 _maxwnd=219105 _cwnd=219105
Initialize per-instance NSCC parameters: flowid 104 _base_rtt=11685600 _base_bdp=146070 _bdp=146070 _min_cwnd=4150 _maxwnd=219105 _cwnd=219105
Initialize per-instance NSCC parameters: flowid 105 _base_rtt=11685600 _base_bdp=146070 _bdp=146070 _min_cwnd=4150 _maxwnd=219105 _cwnd=219105
Initialize per-instance NSCC parameters: flowid 106 _base_rtt=11685600 _base_bdp=146070 _bdp=146070 _min_cwnd=4150 _maxwnd=219105 _cwnd=219105
Initialize per-instance NSCC parameters: flowid 107 _base_rtt=11685600 _base_bdp=146070 _bdp=146070 _min_cwnd=4150 _maxwnd=219105 _cwnd=219105
Initialize per-instance NSCC parameters: flowid 108 _base_rtt=11685600 _base_bdp=146070 _bdp=146070 _min_cwnd=4150 _maxwnd=219105 _cwnd=219105
Initialize per-instance NSCC parameters: flowid 109 _base_rtt=11685600 _base_bdp=146070 _bdp=146070 _min_cwnd=4150 _maxwnd=219105 _cwnd=219105
Initialize per-instance NSCC parameters: flowid 110 _base_rtt=11685600 _base_bdp=146070 _bdp=146070 _min_cwnd=4150 _maxwnd=219105 _cwnd=219105
Initialize per-instance NSCC parameters: flowid 111 _base_rtt=11685600 _base_bdp=146070 _bdp=146070 _min_cwnd=4150 _maxwnd=219105 _cwnd=219105
Initialize per-instance NSCC parameters: flowid 112 _base_rtt=11685600 _base_bdp=146070 _bdp=146070 _min_cwnd=4150 _maxwnd=219105 _cwnd=219105
Initialize per-instance NSCC parameters: flowid 113 _base_rtt=11685600 _base_bdp=146070 _bdp=146070 _min_cwnd=4150 _maxwnd=219105 _cwnd=219105
Initialize per-instance NSCC parameters: flowid 114 _base_rtt=11685600 _base_bdp=146070 _bdp=146070 _min_cwnd=4150 _maxwnd=219105 _cwnd=219105
Initialize per-instance NSCC parameters: flowid 115 _base_rtt=11685600 _base_bdp=146070 _bdp=146070 _min_cwnd=4150 _maxwnd=219105 _cwnd=219105
Initialize per-instance NSCC parameters: flowid 116 _base_rtt=11685600 _base_bdp=146070 _bdp=146070 _min_cwnd=4150 _maxwnd=219105 _cwnd=219105
Initialize per-instance NSCC parameters: flowid 117 _base_rtt=11685600 _base_bdp=146070 _bdp=146070 _min_cwnd=4150 _maxwnd=219105 _cwnd=219105
Initialize per-instance NSCC parameters: flowid 118 _base_rtt=11685600 _base_bdp=146070 _bdp=146070 _min_cwnd=4150 _maxwnd=219105 _cwnd=219105
Initialize per-instance NSCC parameters: flowid 119 _base_rtt=11685600 _base_bdp=146070 _bdp=146070 _min_cwnd=4150 _maxwnd=219105 _cwnd=219105
Initialize per-instance NSCC parameters: flowid 120 _base_rtt=11685600 _base_bdp=146070 _bdp=146070 _min_cwnd=4150 _maxwnd=219105 _cwnd=219105
Initialize per-instance NSCC parameters: flowid 121 _base_rtt=11685600 _base_bdp=146070 _bdp=146070 _min_cwnd=4150 _maxwnd=219105 _cwnd=219105
Initialize per-instance NSCC parameters: flowid 122 _base_rtt=11685600 _base_bdp=146070 _bdp=146070 _min_cwnd=4150 _maxwnd=219105 _cwnd=219105
Initialize per-instance NSCC parameters: flowid 123 _base_rtt=11685600 _base_bdp=146070 _bdp=146070 _min_cwnd=4150 _maxwnd=219105 _cwnd=219105
Initialize per-instance NSCC parameters: flowid 124 _base_rtt=11685600 _base_bdp=146070 _bdp=146070 _min_cwnd=4150 _maxwnd=219105 _cwnd=219105
Initialize per-instance NSCC parameters: flowid 125 _base_rtt=11685600 _base_bdp=146070 _bdp=146070 _min_cwnd=4150 _maxwnd=219105 _cwnd=219105
Initialize per-instance NSCC parameters: flowid 126 _base_rtt=11685600 _base_bdp=146070 _bdp=146070 _min_cwnd=4150 _maxwnd=219105 _cwnd=219105
Initialize per-instance NSCC parameters: flowid 127 _base_rtt=11685600 _base_bdp=146070 _bdp=146070 _min_cwnd=4150 _maxwnd=219105 _cwnd=219105
Initialize per-instance NSCC parameters: flowid 128 _base_rtt=11685600 _base_bdp=146070 _bdp=146070 _min_cwnd=4150 _maxwnd=219105 _cwnd=219105
Initialize per-instance NSCC parameters: flowid 129 _base_rtt=11685600 _base_bdp=146070 _bdp=146070 _min_cwnd=4150 _maxwnd=219105 _cwnd=219105
Initialize per-instance NSCC parameters: flowid 130 _base_rtt=11685600 _base_bdp=146070 _bdp=146070 _min_cwnd=4150 _maxwnd=219105 _cwnd=219105
Initialize per-instance NSCC parameters: flowid 131 _base_rtt=11685600 _base_bdp=146070 _bdp=146070 _min_cwnd=4150 _maxwnd=219105 _cwnd=219105
Initialize per-instance NSCC parameters: flowid 132 _base_rtt=11685600 _base_bdp=146070 _bdp=146070 _min_cwnd=4150 _maxwnd=219105 _cwnd=219105
Initialize per-instance NSCC parameters: flowid 133 _base_rtt=11685600 _base_bdp=146070 _bdp=146070 _min_cwnd=4150 _maxwnd=219105 _cwnd=219105
Initialize per-instance NSCC parameters: flowid 134 _base_rtt=11685600 _base_bdp=146070 _bdp=146070 _min_cwnd=4150 _maxwnd=219105 _cwnd=219105
Initialize per-instance NSCC parameters: flowid 135 _base_rtt=11685600 _base_bdp=146070 _bdp=146070 _min_cwnd=4150 _maxwnd=219105 _cwnd=219105
Initialize per-instance NSCC parameters: flowid 136 _base_rtt=11685600 _base_bdp=146070 _bdp=146070 _min_cwnd=4150 _maxwnd=219105 _cwnd=219105
Initialize per-instance NSCC parameters: flowid 137 _base_rtt=11685600 _base_bdp=146070 _bdp=146070 _min_cwnd=4150 _maxwnd=219105 _cwnd=219105
Initialize per-instance NSCC parameters: flowid 138 _base_rtt=11685600 _base_bdp=146070 _bdp=146070 _min_cwnd=4150 _maxwnd=219105 _cwnd=219105
Initialize per-instance NSCC parameters: flowid 139 _base_rtt=11685600 _base_bdp=146070 _bdp=146070 _min_cwnd=4150 _maxwnd=219105 _cwnd=219105
Initialize per-instance NSCC parameters: flowid 140 _base_rtt=11685600 _base_bdp=146070 _bdp=146070 _min_cwnd=4150 _maxwnd=219105 _cwnd=219105
Initialize per-instance NSCC parameters: flowid 141 _base_rtt=11685600 _base_bdp=146070 _bdp=146070 _min_cwnd=4150 _maxwnd=219105 _cwnd=219105
Initialize per-instance NSCC parameters: flowid 142 _base_rtt=11685600 _base_bdp=146070 _bdp=146070 _min_cwnd=4150 _maxwnd=219105 _cwnd=219105
Initialize per-instance NSCC parameters: flowid 143 _base_rtt=11685600 _base_bdp=146070 _bdp=146070 _min_cwnd=4150 _maxwnd=219105 _cwnd=219105
Initialize per-instance NSCC parameters: flowid 144 _base_rtt=11685600 _base_bdp=146070 _bdp=146070 _min_cwnd=4150 _maxwnd=219105 _cwnd=219105
Initialize per-instance NSCC parameters: flowid 145 _base_rtt=11685600 _base_bdp=146070 _bdp=146070 _min_cwnd=4150 _maxwnd=219105 _cwnd=219105
Initialize per-instance NSCC parameters: flowid 146 _base_rtt=11685600 _base_bdp=146070 _bdp=146070 _min_cwnd=4150 _maxwnd=219105 _cwnd=219105
Initialize per-instance NSCC parameters: flowid 147 _base_rtt=11685600 _base_bdp=146070 _bdp=146070 _min_cwnd=4150 _maxwnd=219105 _cwnd=219105
Initialize per-instance NSCC parameters: flowid 148 _base_rtt=11685600 _base_bdp=146070 _bdp=146070 _min_cwnd=4150 _maxwnd=219105 _cwnd=219105
Initialize per-instance NSCC parameters: flowid 149 _base_rtt=11685600 _base_bdp=146070 _bdp=146070 _min_cwnd=4150 _maxwnd=219105 _cwnd=219105
Initialize per-instance NSCC parameters: flowid 150 _base_rtt=11685600 _base_bdp=146070 _bdp=146070 _min_cwnd=4150 _maxwnd=219105 _cwnd=219105
Initialize per-instance NSCC parameters: flowid 151 _base_rtt=11685600 _base_bdp=146070 _bdp=146070 _min_cwnd=4150 _maxwnd=219105 _cwnd=219105
Initialize per-instance NSCC parameters: flowid 152 _base_rtt=11685600 _base_bdp=146070 _bdp=146070 _min_cwnd=4150 _maxwnd=219105 _cwnd=219105
Initialize per-instance NSCC parameters: flowid 153 _base_rtt=11685600 _base_bdp=146070 _bdp=146070 _min_cwnd=4150 _maxwnd=219105 _cwnd=219105
Initialize per-instance NSCC parameters: flowid 154 _base_rtt=11685600 _base_bdp=146070 _bdp=146070 _min_cwnd=4150 _maxwnd=219105 _cwnd=219105
Starting simulation
Flow Uec_170_42 flowId 1 uecSrc 0 starting at 0
Flow Uec_13_141 flowId 2 uecSrc 1 starting at 0
Flow Uec_20_148 flowId 3 uecSrc 2 starting at 0
Flow Uec_220_92 flowId 4 uecSrc 3 starting at 0
Flow Uec_136_8 flowId 5 uecSrc 4 starting at 0
Flow Uec_209_81 flowId 6 uecSrc 5 starting at 0
Flow Uec_187_59 flowId 7 uecSrc 6 starting at 0
Flow Uec_36_164 flowId 8 uecSrc 7 starting at 0
Flow Uec_79_207 flowId 9 uecSrc 8 starting at 0
Flow Uec_129_1 flowId 10 uecSrc 9 starting at 0
Flow Uec_201_73 flowId 11 uecSrc 10 starting at 0
Flow Uec_140_12 flowId 12 uecSrc 11 starting at 0
Flow Uec_122_250 flowId 13 uecSrc 12 starting at 0
Flow Uec_7_135 flowId 14 uecSrc 13 starting at 0
Flow Uec_153_25 flowId 15 uecSrc 14 starting at 0
Flow Uec_67_195 flowId 16 uecSrc 15 starting at 0
Flow Uec_242_114 flowId 17 uecSrc 16 starting at 0
Flow Uec_93_221 flowId 18 uecSrc 17 starting at 0
Flow Uec_177_49 flowId 19 uecSrc 18 starting at 0
Flow Uec_244_116 flowId 20 uecSrc 19 starting at 0
Flow Uec_144_16 flowId 21 uecSrc 20 starting at 0
Flow Uec_11_139 flowId 22 uecSrc 21 starting at 0
Flow Uec_200_72 flowId 23 uecSrc 22 starting at 0
Flow Uec_42_170 flowId 24 uecSrc 23 starting at 0
Flow Uec_246_118 flowId 25 uecSrc 24 starting at 0
Flow Uec_243_115 flowId 26 uecSrc 25 starting at 0
Flow Uec_120_248 flowId 27 uecSrc 26 starting at 0
Flow Uec_112_240 flowId 28 uecSrc 27 starting at 0
Flow Uec_186_58 flowId 29 uecSrc 28 starting at 0
Flow Uec_46_174 flowId 30 uecSrc 29 starting at 0
Flow Uec_181_53 flowId 31 uecSrc 30 starting at 0
Flow Uec_133_5 flowId 32 uecSrc 31 starting at 0
Flow Uec_118_246 flowId 33 uecSrc 32 starting at 0
Flow Uec_71_199 flowId 34 uecSrc 33 starting at 0
Flow Uec_97_225 flowId 35 uecSrc 34 starting at 0
Flow Uec_183_55 flowId 36 uecSrc 35 starting at 0
Flow Uec_218_90 flowId 37 uecSrc 36 starting at 0
Flow Uec_22_150 flowId 38 uecSrc 37 starting at 0
Flow Uec_92_220 flowId 39 uecSrc 38 starting at 0
Flow Uec_184_56 flowId 40 uecSrc 39 starting at 0
Flow Uec_255_127 flowId 41 uecSrc 40 starting at 0
Flow Uec_150_22 flowId 42 uecSrc 41 starting at 0
Flow Uec_141_13 flowId 43 uecSrc 42 starting at 0
Flow Uec_100_228 flowId 44 uecSrc 43 starting at 0
Flow Uec_72_200 flowId 45 uecSrc 44 starting at 0
Flow Uec_154_26 flowId 46 uecSrc 45 starting at 0
Flow Uec_123_251 flowId 47 uecSrc 46 starting at 0
Flow Uec_166_38 flowId 48 uecSrc 47 starting at 0
Flow Uec_224_96 flowId 49 uecSrc 48 starting at 0
Flow Uec_210_82 flowId 50 uecSrc 49 starting at 0
Flow Uec_108_236 flowId 51 uecSrc 50 starting at 0
Flow Uec_199_71 flowId 52 uecSrc 51 starting at 0
Flow Uec_57_185 flowId 53 uecSrc 52 starting at 0
Flow Uec_106_234 flowId 54 uecSrc 53 starting at 0
Flow Uec_119_247 flowId 55 uecSrc 54 starting at 0
Flow Uec_51_179 flowId 56 uecSrc 55 starting at 0
Flow Uec_198_70 flowId 57 uecSrc 56 starting at 0
Flow Uec_148_20 flowId 58 uecSrc 57 starting at 0
Flow Uec_125_253 flowId 59 uecSrc 58 starting at 0
Flow Uec_193_65 flowId 60 uecSrc 59 starting at 0
Flow Uec_172_44 flowId 61 uecSrc 60 starting at 0
Flow Uec_48_176 flowId 62 uecSrc 61 starting at 0
Flow Uec_56_184 flowId 63 uecSrc 62 starting at 0
Flow Uec_204_76 flowId 64 uecSrc 63 starting at 0
Flow Uec_147_19 flowId 65 uecSrc 64 starting at 0
Flow Uec_219_91 flowId 66 uecSrc 65 starting at 0
Flow Uec_230_102 flowId 67 uecSrc 66 starting at 0
Flow Uec_84_212 flowId 68 uecSrc 67 starting at 0
Flow Uec_169_41 flowId 69 uecSrc 68 starting at 0
Flow Uec_32_160 flowId 70 uecSrc 69 starting at 0
Flow Uec_149_21 flowId 71 uecSrc 70 starting at 0
Flow Uec_96_224 flowId 72 uecSrc 71 starting at 0
Flow Uec_160_32 flowId 73 uecSrc 72 starting at 0
Flow Uec_190_62 flowId 74 uecSrc 73 starting at 0
Flow Uec_215_87 flowId 75 uecSrc 74 starting at 0
Flow Uec_171_43 flowId 76 uecSrc 75 starting at 0
Flow Uec_138_10 flowId 77 uecSrc 76 starting at 0
Flow Uec_185_57 flowId 78 uecSrc 77 starting at 0
Flow Uec_212_84 flowId 79 uecSrc 78 starting at 0
Flow Uec_24_152 flowId 80 uecSrc 79 starting at 0
Flow Uec_103_231 flowId 81 uecSrc 80 starting at 0
Flow Uec_29_157 flowId 82 uecSrc 81 starting at 0
Flow Uec_74_202 flowId 83 uecSrc 82 starting at 0
Flow Uec_152_24 flowId 84 uecSrc 83 starting at 0
Flow Uec_55_183 flowId 85 uecSrc 84 starting at 0
Flow Uec_28_156 flowId 86 uecSrc 85 starting at 0
Flow Uec_3_131 flowId 87 uecSrc 86 starting at 0
Flow Uec_232_104 flowId 88 uecSrc 87 starting at 0
Flow Uec_231_103 flowId 89 uecSrc 88 starting at 0
Flow Uec_241_113 flowId 90 uecSrc 89 starting at 0
Flow Uec_245_117 flowId 91 uecSrc 90 starting at 0
Flow Uec_18_146 flowId 92 uecSrc 91 starting at 0
Flow Uec_21_149 flowId 93 uecSrc 92 starting at 0
Flow Uec_59_187 flowId 94 uecSrc 93 starting at 0
Flow Uec_222_94 flowId 95 uecSrc 94 starting at 0
Flow Uec_0_128 flowId 96 uecSrc 95 starting at 0
Flow Uec_134_6 flowId 97 uecSrc 96 starting at 0
Flow Uec_229_101 flowId 98 uecSrc 97 starting at 0
Flow Uec_158_30 flowId 99 uecSrc 98 starting at 0
Flow Uec_102_230 flowId 100 uecSrc 99 starting at 0
Flow Uec_70_198 flowId 101 uecSrc 100 starting at 0
Flow Uec_8_136 flowId 102 uecSrc 101 starting at 0
Flow Uec_105_233 flowId 103 uecSrc 102 starting at 0
Flow Uec_207_79 flowId 104 uecSrc 103 starting at 0
Flow Uec_165_37 flowId 105 uecSrc 104 starting at 0
Flow Uec_197_69 flowId 106 uecSrc 105 starting at 0
Flow Uec_107_235 flowId 107 uecSrc 106 starting at 0
Flow Uec_73_201 flowId 108 uecSrc 107 starting at 0
Flow Uec_159_31 flowId 109 uecSrc 108 starting at 0
Flow Uec_142_14 flowId 110 uecSrc 109 starting at 0
Flow Uec_161_33 flowId 111 uecSrc 110 starting at 0
Flow Uec_233_105 flowId 112 uecSrc 111 starting at 0
Flow Uec_248_120 flowId 113 uecSrc 112 starting at 0
Flow Uec_86_214 flowId 114 uecSrc 113 starting at 0
Flow Uec_250_122 flowId 115 uecSrc 114 starting at 0
Flow Uec_115_243 flowId 116 uecSrc 115 starting at 0
Flow Uec_208_80 flowId 117 uecSrc 116 starting at 0
Flow Uec_76_204 flowId 118 uecSrc 117 starting at 0
Flow Uec_10_138 flowId 119 uecSrc 118 starting at 0
Flow Uec_162_34 flowId 120 uecSrc 119 starting at 0
Flow Uec_163_35 flowId 121 uecSrc 120 starting at 0
Flow Uec_2_130 flowId 122 uecSrc 121 starting at 0
Flow Uec_180_52 flowId 123 uecSrc 122 starting at 0
Flow Uec_182_54 flowId 124 uecSrc 123 starting at 0
Flow Uec_228_100 flowId 125 uecSrc 124 starting at 0
Flow Uec_39_167 flowId 126 uecSrc 125 starting at 0
Flow Uec_60_188 flowId 127 uecSrc 126 starting at 0
Flow Uec_75_203 flowId 128 uecSrc 127 starting at 0
Flow Uec_43_171 flowId 129 uecSrc 128 starting at 0
Flow Uec_37_165 flowId 130 uecSrc 129 starting at 0
Flow Uec_77_205 flowId 131 uecSrc 130 starting at 0
Flow Uec_4_132 flowId 132 uecSrc 131 starting at 0
Flow Uec_83_211 flowId 133 uecSrc 132 starting at 0
Flow Uec_139_11 flowId 134 uecSrc 133 starting at 0
Flow Uec_99_227 flowId 135 uecSrc 134 starting at 0
Flow Uec_254_126 flowId 136 uecSrc 135 starting at 0
Flow Uec_34_162 flowId 137 uecSrc 136 starting at 0
Flow Uec_91_219 flowId 138 uecSrc 137 starting at 0
Flow Uec_237_109 flowId 139 uecSrc 138 starting at 0
Flow Uec_14_142 flowId 140 uecSrc 139 starting at 0
Flow Uec_156_28 flowId 141 uecSrc 140 starting at 0
Flow Uec_234_106 flowId 142 uecSrc 141 starting at 0
Flow Uec_127_255 flowId 143 uecSrc 142 starting at 0
Flow Uec_223_95 flowId 144 uecSrc 143 starting at 0
Flow Uec_216_88 flowId 145 uecSrc 144 starting at 0
Flow Uec_47_175 flowId 146 uecSrc 145 starting at 0
Flow Uec_95_223 flowId 147 uecSrc 146 starting at 0
Flow Uec_53_181 flowId 148 uecSrc 147 starting at 0
Flow Uec_80_208 flowId 149 uecSrc 148 starting at 0
Flow Uec_6_134 flowId 150 uecSrc 149 starting at 0
Flow Uec_146_18 flowId 151 uecSrc 150 starting at 0
Flow Uec_1_129 flowId 152 uecSrc 151 starting at 0
Flow Uec_33_161 flowId 153 uecSrc 152 starting at 0
Flow Uec_168_40 flowId 154 uecSrc 153 starting at 0
147.812 flowid 38 Spurious 46
152.44 flowid 140 Spurious 54
155.454 flowid 140 Spurious 62
157.808 flowid 38 Spurious 66
159.126 flowid 140 Spurious 70
171.747 flowid 137 Spurious 121
172.831 flowid 140 Spurious 108
Flow Uec_183_55 flowId 36 uecSrc 35 finished at 176.939 total messages 1 total packets 490 RTS 0 total bytes 2002140 in_flight now 0 fair_inc 0 prop_inc 90244 fast_inc 0 eta_inc 8344 multi_dec -0 quick_dec -0 nack_dec -0
177.079 flowid 153 Spurious 119
Flow Uec_125_253 flowId 59 uecSrc 58 finished at 177.103 total messages 1 total packets 490 RTS 0 total bytes 2002140 in_flight now 0 fair_inc 0 prop_inc 76885 fast_inc 44451 eta_inc 8344 multi_dec -0 quick_dec -0 nack_dec -0
Flow Uec_140_12 flowId 12 uecSrc 11 finished at 177.904 total messages 1 total packets 490 RTS 0 total bytes 2002140 in_flight now 0 fair_inc 0 prop_inc 78398 fast_inc 0 eta_inc 7748 multi_dec -0 quick_dec -0 nack_dec -0
Flow Uec_42_170 flowId 24 uecSrc 23 finished at 177.934 total messages 1 total packets 490 RTS 0 total bytes 2002140 in_flight now 0 fair_inc 0 prop_inc 83090 fast_inc 44451 eta_inc 8344 multi_dec -0 quick_dec -0 nack_dec -0
Flow Uec_181_53 flowId 31 uecSrc 30 finished at 177.968 total messages 1 total packets 490 RTS 0 total bytes 2002140 in_flight now 0 fair_inc 0 prop_inc 83127 fast_inc 0 eta_inc 8344 multi_dec -0 quick_dec -0 nack_dec -0
Flow Uec_127_255 flowId 143 uecSrc 142 finished at 177.987 total messages 1 total packets 490 RTS 0 total bytes 2002140 in_flight now 0 fair_inc 0 prop_inc 88172 fast_inc 0 eta_inc 8344 multi_dec -0 quick_dec -0 nack_dec -0
Flow Uec_100_228 flowId 44 uecSrc 43 finished at 178.522 total messages 1 total packets 490 RTS 0 total bytes 2002140 in_flight now 0 fair_inc 0 prop_inc 66126 fast_inc 24246 eta_inc 8344 multi_dec -0 quick_dec -0 nack_dec -0
Flow Uec_108_236 flowId 51 uecSrc 50 finished at 178.572 total messages 1 total packets 490 RTS 0 total bytes 2002140 in_flight now 0 fair_inc 0 prop_inc 57744 fast_inc 48492 eta_inc 8344 multi_dec -0 quick_dec -0 nack_dec -0
Flow Uec_43_171 flowId 129 uecSrc 128 finished at 178.78 total messages 1 total packets 490 RTS 0 total bytes 2002140 in_flight now 0 fair_inc 0 prop_inc 82407 fast_inc 8082 eta_inc 8344 multi_dec -0 quick_dec -0 nack_dec -0
Flow Uec_118_246 flowId 33 uecSrc 32 finished at 179.272 total messages 1 total packets 490 RTS 0 total bytes 2002140 in_flight now 0 fair_inc 0 prop_inc 78870 fast_inc 0 eta_inc 8344 multi_dec -0 quick_dec -0 nack_dec -0
Flow Uec_146_18 flowId 151 uecSrc 150 finished at 181.524 total messages 1 total packets 490 RTS 0 total bytes 2002140 in_flight now 0 fair_inc 0 prop_inc 61493 fast_inc 0 eta_inc 8344 multi_dec -0 quick_dec -0 nack_dec -0
Flow Uec_139_11 flowId 134 uecSrc 133 finished at 181.542 total messages 1 total packets 490 RTS 0 total bytes 2002140 in_flight now 0 fair_inc 0 prop_inc 74850 fast_inc 0 eta_inc 7748 multi_dec -0 quick_dec -0 nack_dec -0
Flow Uec_165_37 flowId 105 uecSrc 104 finished at 182.059 total messages 1 total packets 490 RTS 0 total bytes 2002140 in_flight now 0 fair_inc 0 prop_inc 73782 fast_inc 0 eta_inc 7748 multi_dec -0 quick_dec -0 nack_dec -0
Flow Uec_57_185 flowId 53 uecSrc 52 finished at 182.661 total messages 1 total packets 490 RTS 0 total bytes 2002140 in_flight now 0 fair_inc 0 prop_inc 43430 fast_inc 0 eta_inc 8344 multi_dec -0 quick_dec -0 nack_dec -0
Flow Uec_216_88 flowId 145 uecSrc 144 finished at 183.566 total messages 1 total packets 490 RTS 0 total bytes 2002140 in_flight now 0 fair_inc 0 prop_inc 34316 fast_inc 8082 eta_inc 8940 multi_dec -0 quick_dec -0 nack_dec -0
Flow Uec_201_73 flowId 11 uecSrc 10 finished at 183.602 total messages 1 total packets 490 RTS 0 total bytes 2002140 in_flight now 0 fair_inc 0 prop_inc 46555 fast_inc 0 eta_inc 8344 multi_dec -0 quick_dec -0 nack_dec -0
185.597 flowid 137 Spurious 142
Flow Uec_79_207 flowId 9 uecSrc 8 finished at 186.027 total messages 1 total packets 490 RTS 0 total bytes 2002140 in_flight now 0 fair_inc 0 prop_inc 30201 fast_inc 0 eta_inc 8940 multi_dec -0 quick_dec -0 nack_dec -0
190.283 flowid 82 Spurious 162
Flow Uec_99_227 flowId 135 uecSrc 134 finished at 190.586 total messages 1 total packets 490 RTS 0 total bytes 2002140 in_flight now 0 fair_inc 376 prop_inc 23991 fast_inc 0 eta_inc 8940 multi_dec -0 quick_dec -0 nack_dec -0
Flow Uec_53_181 flowId 148 uecSrc 147 finished at 195.771 total messages 1 total packets 490 RTS 0 total bytes 2002140 in_flight now 0 fair_inc 1500 prop_inc 23699 fast_inc 0 eta_inc 9536 multi_dec -0 quick_dec -0 nack_dec -0
196.168 flowid 140 Spurious 172
203.992 flowid 8 Spurious 197
204.656 flowid 8 Spurious 198
206.857 flowid 153 Spurious 190
Flow Uec_229_101 flowId 98 uecSrc 97 finished at 207.06 total messages 1 total packets 490 RTS 0 total bytes 2002140 in_flight now 0 fair_inc 13117 prop_inc 13217 fast_inc 0 eta_inc 10132 multi_dec -0 quick_dec -0 nack_dec -0
207.853 flowid 153 Spurious 187
210.276 flowid 153 Spurious 192
Flow Uec_46_174 flowId 30 uecSrc 29 finished at 210.377 total messages 1 total packets 490 RTS 0 total bytes 2002140 in_flight now 0 fair_inc 4123 prop_inc 19784 fast_inc 0 eta_inc 9536 multi_dec -0 quick_dec -0 nack_dec -4150
210.532 flowid 130 Spurious 181
Flow Uec_6_134 flowId 150 uecSrc 149 finished at 211.299 total messages 1 total packets 490 RTS 0 total bytes 2002140 in_flight now 0 fair_inc 11239 prop_inc 32530 fast_inc 0 eta_inc 10132 multi_dec -0 quick_dec -0 nack_dec -20750
211.865 flowid 130 Spurious 186
213.949 flowid 80 Spurious 221
217.657 flowid 153 Spurious 209
Flow Uec_22_150 flowId 38 uecSrc 37 finished at 217.767 total messages 1 total packets 491 RTS 1 total bytes 2002140 in_flight now 0 fair_inc 9814 prop_inc 9112 fast_inc 0 eta_inc 10132 multi_dec -30 quick_dec -0 nack_dec -0
218.588 flowid 82 Spurious 257
219.252 flowid 82 Spurious 259
Flow Uec_246_118 flowId 25 uecSrc 24 finished at 220.142 total messages 1 total packets 490 RTS 0 total bytes 2002140 in_flight now 0 fair_inc 17576 prop_inc 5513 fast_inc 0 eta_inc 10728 multi_dec -17581 quick_dec -0 nack_dec -0
Flow Uec_29_157 flowId 82 uecSrc 81 finished at 220.988 total messages 1 total packets 491 RTS 1 total bytes 2002140 in_flight now 0 fair_inc 5307 prop_inc 10838 fast_inc 0 eta_inc 10728 multi_dec -0 quick_dec -0 nack_dec -0
Flow Uec_148_20 flowId 58 uecSrc 57 finished at 225.14 total messages 1 total packets 490 RTS 0 total bytes 2002140 in_flight now 0 fair_inc 7308 prop_inc 32696 fast_inc 0 eta_inc 10132 multi_dec -48550 quick_dec -0 nack_dec -0
Flow Uec_254_126 flowId 136 uecSrc 135 finished at 234.878 total messages 1 total packets 490 RTS 0 total bytes 2002140 in_flight now 0 fair_inc 3479 prop_inc 42977 fast_inc 40404 eta_inc 11324 multi_dec -85757 quick_dec -0 nack_dec -20750
241.808 flowid 80 Spurious 302
242.14 flowid 80 Spurious 303
Flow Uec_8_136 flowId 102 uecSrc 101 finished at 249.975 total messages 1 total packets 493 RTS 3 total bytes 2002140 in_flight now 0 fair_inc 14334 prop_inc 41563 fast_inc 0 eta_inc 11920 multi_dec -83832 quick_dec -0 nack_dec -12450
Flow Uec_51_179 flowId 56 uecSrc 55 finished at 250.38 total messages 1 total packets 490 RTS 0 total bytes 2002140 in_flight now 0 fair_inc 7803 prop_inc 58106 fast_inc 0 eta_inc 11920 multi_dec -115828 quick_dec -0 nack_dec -0
256.633 flowid 3 Spurious 316
256.97 flowid 3 Spurious 317
257.308 flowid 3 Spurious 318
Flow Uec_14_142 flowId 140 uecSrc 139 finished at 266.674 total messages 1 total packets 494 RTS 4 total bytes 2002140 in_flight now 0 fair_inc 18207 prop_inc 32838 fast_inc 0 eta_inc 11920 multi_dec -71028 quick_dec -0 nack_dec -0
Flow Uec_207_79 flowId 104 uecSrc 103 finished at 267.227 total messages 1 total packets 490 RTS 0 total bytes 2002140 in_flight now 0 fair_inc 7521 prop_inc 42403 fast_inc 0 eta_inc 12516 multi_dec -100065 quick_dec -0 nack_dec -20750
280.688 flowid 70 Spurious 411
289.326 flowid 153 Spurious 392
289.663 flowid 153 Spurious 393
290.654 flowid 153 Spurious 396
291.318 flowid 153 Spurious 398
293.048 flowid 93 Spurious 448
295.076 flowid 93 Spurious 453
Flow Uec_21_149 flowId 93 uecSrc 92 finished at 297.15 total messages 1 total packets 490 RTS 0 total bytes 2002140 in_flight now 0 fair_inc 11644 prop_inc 28080 fast_inc 0 eta_inc 11324 multi_dec -0 quick_dec -0 nack_dec -0
297.918 flowid 93 Spurious 459
298.25 flowid 93 Spurious 464
298.588 flowid 137 Spurious 385
298.92 flowid 93 Spurious 466
299.589 flowid 137 Spurious 386
Flow Uec_18_146 flowId 92 uecSrc 91 finished at 300.845 total messages 1 total packets 490 RTS 0 total bytes 2002140 in_flight now 0 fair_inc 5679 prop_inc 49111 fast_inc 23724 eta_inc 12516 multi_dec -154566 quick_dec -0 nack_dec -4150
Flow Uec_48_176 flowId 62 uecSrc 61 finished at 302.988 total messages 1 total packets 493 RTS 3 total bytes 2002140 in_flight now 0 fair_inc 21143 prop_inc 40415 fast_inc 39393 eta_inc 14304 multi_dec -143710 quick_dec -0 nack_dec -0
Flow Uec_10_138 flowId 119 uecSrc 118 finished at 303.266 total messages 1 total packets 491 RTS 1 total bytes 2002140 in_flight now 0 fair_inc 23209 prop_inc 29683 fast_inc 0 eta_inc 11920 multi_dec -53984 quick_dec -0 nack_dec -16600
Flow Uec_47_175 flowId 146 uecSrc 145 finished at 308.141 total messages 1 total packets 492 RTS 2 total bytes 2002140 in_flight now 0 fair_inc 15763 prop_inc 16068 fast_inc 0 eta_inc 12516 multi_dec -0 quick_dec -0 nack_dec -0
Flow Uec_39_167 flowId 126 uecSrc 125 finished at 309.644 total messages 1 total packets 493 RTS 3 total bytes 2002140 in_flight now 0 fair_inc 9309 prop_inc 20240 fast_inc 0 eta_inc 12516 multi_dec -27215 quick_dec -167993 nack_dec -12450
Flow Uec_32_160 flowId 70 uecSrc 69 finished at 314.176 total messages 1 total packets 491 RTS 1 total bytes 2002140 in_flight now 0 fair_inc 13149 prop_inc 27334 fast_inc 0 eta_inc 11324 multi_dec -0 quick_dec -195785 nack_dec -16600
Flow Uec_37_165 flowId 130 uecSrc 129 finished at 318.034 total messages 1 total packets 501 RTS 11 total bytes 2002140 in_flight now 0 fair_inc 15214 prop_inc 66331 fast_inc 0 eta_inc 15496 multi_dec -0 quick_dec -0 nack_dec -4150
Flow Uec_24_152 flowId 80 uecSrc 79 finished at 321.323 total messages 1 total packets 493 RTS 3 total bytes 2002140 in_flight now 0 fair_inc 7207 prop_inc 16683 fast_inc 0 eta_inc 12516 multi_dec -0 quick_dec -192618 nack_dec -4150
Flow Uec_36_164 flowId 8 uecSrc 7 finished at 321.67 total messages 1 total packets 493 RTS 3 total bytes 2002140 in_flight now 0 fair_inc 6541 prop_inc 20663 fast_inc 0 eta_inc 13708 multi_dec -0 quick_dec -0 nack_dec -0
Flow Uec_86_214 flowId 114 uecSrc 113 finished at 323.763 total messages 1 total packets 490 RTS 0 total bytes 2002140 in_flight now 0 fair_inc 7715 prop_inc 34470 fast_inc 0 eta_inc 16092 multi_dec -96759 quick_dec -0 nack_dec -41500
Flow Uec_232_104 flowId 88 uecSrc 87 finished at 324.858 total messages 1 total packets 490 RTS 0 total bytes 2002140 in_flight now 0 fair_inc 4188 prop_inc 22374 fast_inc 0 eta_inc 15496 multi_dec -85790 quick_dec -0 nack_dec -41500
Flow Uec_136_8 flowId 5 uecSrc 4 finished at 325.512 total messages 1 total packets 491 RTS 1 total bytes 2002140 in_flight now 0 fair_inc 6619 prop_inc 27506 fast_inc 0 eta_inc 15496 multi_dec -85546 quick_dec -0 nack_dec -33200
Flow Uec_20_148 flowId 3 uecSrc 2 finished at 326.397 total messages 1 total packets 493 RTS 3 total bytes 2002140 in_flight now 0 fair_inc 9171 prop_inc 16880 fast_inc 0 eta_inc 11920 multi_dec -0 quick_dec -186378 nack_dec -8300
Flow Uec_33_161 flowId 153 uecSrc 152 finished at 327.456 total messages 1 total packets 494 RTS 4 total bytes 2002140 in_flight now -64 fair_inc 17116 prop_inc 10569 fast_inc 0 eta_inc 11324 multi_dec -0 quick_dec -165136 nack_dec -12450
Flow Uec_218_90 flowId 37 uecSrc 36 finished at 328.52 total messages 1 total packets 490 RTS 0 total bytes 2002140 in_flight now 0 fair_inc 4943 prop_inc 38638 fast_inc 0 eta_inc 15496 multi_dec -112684 quick_dec -0 nack_dec -33200
Flow Uec_120_248 flowId 27 uecSrc 26 finished at 329.248 total messages 1 total packets 490 RTS 0 total bytes 2002140 in_flight now 0 fair_inc 1805 prop_inc 35373 fast_inc 0 eta_inc 15496 multi_dec -79603 quick_dec -0 nack_dec -53950
329.365 flowid 3 Spurious 482
329.697 flowid 3 Spurious 483
Flow Uec_182_54 flowId 124 uecSrc 123 finished at 333.042 total messages 1 total packets 490 RTS 0 total bytes 2002140 in_flight now 0 fair_inc 2614 prop_inc 44926 fast_inc 0 eta_inc 15496 multi_dec -100234 quick_dec -0 nack_dec -49800
Flow Uec_193_65 flowId 60 uecSrc 59 finished at 333.108 total messages 1 total packets 490 RTS 0 total bytes 2002140 in_flight now 0 fair_inc 7726 prop_inc 32898 fast_inc 0 eta_inc 16092 multi_dec -111437 quick_dec -0 nack_dec -37350
Flow Uec_34_162 flowId 137 uecSrc 136 finished at 333.78 total messages 1 total packets 493 RTS 3 total bytes 2002140 in_flight now 0 fair_inc 7215 prop_inc 22750 fast_inc 0 eta_inc 13708 multi_dec -75126 quick_dec -0 nack_dec -0
Flow Uec_222_94 flowId 95 uecSrc 94 finished at 335.02 total messages 1 total packets 490 RTS 0 total bytes 2002140 in_flight now 0 fair_inc 3973 prop_inc 42355 fast_inc 0 eta_inc 16092 multi_dec -97645 quick_dec -0 nack_dec -53950
Flow Uec_123_251 flowId 47 uecSrc 46 finished at 336.167 total messages 1 total packets 490 RTS 0 total bytes 2002140 in_flight now 0 fair_inc 4486 prop_inc 39546 fast_inc 0 eta_inc 16092 multi_dec -102347 quick_dec -0 nack_dec -49800
Flow Uec_186_58 flowId 29 uecSrc 28 finished at 336.589 total messages 1 total packets 490 RTS 0 total bytes 2002140 in_flight now 0 fair_inc 10920 prop_inc 31583 fast_inc 0 eta_inc 16092 multi_dec -98473 quick_dec -0 nack_dec -53950
Flow Uec_119_247 flowId 55 uecSrc 54 finished at 336.992 total messages 1 total packets 490 RTS 0 total bytes 2002140 in_flight now 0 fair_inc 3377 prop_inc 39138 fast_inc 0 eta_inc 16092 multi_dec -111115 quick_dec -0 nack_dec -37350
Flow Uec_177_49 flowId 19 uecSrc 18 finished at 338.229 total messages 1 total packets 490 RTS 0 total bytes 2002140 in_flight now 0 fair_inc 4415 prop_inc 23032 fast_inc 0 eta_inc 16688 multi_dec -83446 quick_dec -0 nack_dec -49800
Flow Uec_28_156 flowId 86 uecSrc 85 finished at 338.543 total messages 1 total packets 494 RTS 4 total bytes 2002140 in_flight now -64 fair_inc 9637 prop_inc 21990 fast_inc 0 eta_inc 14304 multi_dec -0 quick_dec -0 nack_dec -0
Flow Uec_185_57 flowId 78 uecSrc 77 finished at 339.054 total messages 1 total packets 490 RTS 0 total bytes 2002140 in_flight now 0 fair_inc 5141 prop_inc 20834 fast_inc 0 eta_inc 16092 multi_dec -88739 quick_dec -0 nack_dec -41500
Flow Uec_212_84 flowId 79 uecSrc 78 finished at 339.221 total messages 1 total packets 490 RTS 0 total bytes 2002140 in_flight now 0 fair_inc 11960 prop_inc 36637 fast_inc 0 eta_inc 16092 multi_dec -112597 quick_dec -0 nack_dec -37350
Flow Uec_144_16 flowId 21 uecSrc 20 finished at 340.712 total messages 1 total packets 490 RTS 0 total bytes 2002140 in_flight now 0 fair_inc 7343 prop_inc 40219 fast_inc 0 eta_inc 16092 multi_dec -107001 quick_dec -0 nack_dec -41500
Flow Uec_169_41 flowId 69 uecSrc 68 finished at 340.982 total messages 1 total packets 490 RTS 0 total bytes 2002140 in_flight now 0 fair_inc 20633 prop_inc 35889 fast_inc 0 eta_inc 15496 multi_dec -110117 quick_dec -0 nack_dec -41500
Flow Uec_184_56 flowId 40 uecSrc 39 finished at 341.383 total messages 1 total packets 490 RTS 0 total bytes 2002140 in_flight now 0 fair_inc 2625 prop_inc 41984 fast_inc 0 eta_inc 16092 multi_dec -109549 quick_dec -0 nack_dec -41500
Flow Uec_166_38 flowId 48 uecSrc 47 finished at 341.474 total messages 1 total packets 490 RTS 0 total bytes 2002140 in_flight now 0 fair_inc 23787 prop_inc 33461 fast_inc 0 eta_inc 16092 multi_dec -107306 quick_dec -0 nack_dec -45650
Flow Uec_55_183 flowId 85 uecSrc 84 finished at 343.467 total messages 1 total packets 490 RTS 0 total bytes 2002140 in_flight now 0 fair_inc 5148 prop_inc 22058 fast_inc 0 eta_inc 16688 multi_dec -72498 quick_dec -0 nack_dec -58100
Flow Uec_84_212 flowId 68 uecSrc 67 finished at 344.029 total messages 1 total packets 490 RTS 0 total bytes 2002140 in_flight now 0 fair_inc 6338 prop_inc 41472 fast_inc 0 eta_inc 16092 multi_dec -99919 quick_dec -0 nack_dec -49800
Flow Uec_248_120 flowId 113 uecSrc 112 finished at 345.391 total messages 1 total packets 490 RTS 0 total bytes 2002140 in_flight now 0 fair_inc 9496 prop_inc 30125 fast_inc 0 eta_inc 16688 multi_dec -73957 quick_dec -0 nack_dec -66400
345.455 flowid 132 Spurious 258
Flow Uec_199_71 flowId 52 uecSrc 51 finished at 346.392 total messages 1 total packets 490 RTS 0 total bytes 2002140 in_flight now 0 fair_inc 8735 prop_inc 44474 fast_inc 0 eta_inc 16688 multi_dec -97421 quick_dec -0 nack_dec -58100
Flow Uec_122_250 flowId 13 uecSrc 12 finished at 346.451 total messages 1 total packets 490 RTS 0 total bytes 2002140 in_flight now 0 fair_inc 6487 prop_inc 44941 fast_inc 0 eta_inc 16092 multi_dec -115060 quick_dec -0 nack_dec -37350
Flow Uec_60_188 flowId 127 uecSrc 126 finished at 346.901 total messages 1 total packets 490 RTS 0 total bytes 2002140 in_flight now 0 fair_inc 16005 prop_inc 44916 fast_inc 0 eta_inc 16688 multi_dec -114973 quick_dec -0 nack_dec -33200
349.685 flowid 14 Spurious 462
350.017 flowid 14 Spurious 463
Flow Uec_59_187 flowId 94 uecSrc 93 finished at 353.209 total messages 1 total packets 490 RTS 0 total bytes 2002140 in_flight now 0 fair_inc 14898 prop_inc 20624 fast_inc 0 eta_inc 16688 multi_dec -67317 quick_dec -0 nack_dec -70550
353.349 flowid 14 Spurious 466
Flow Uec_56_184 flowId 63 uecSrc 62 finished at 354.366 total messages 1 total packets 490 RTS 0 total bytes 2002140 in_flight now 0 fair_inc 21358 prop_inc 43218 fast_inc 0 eta_inc 16688 multi_dec -109242 quick_dec -0 nack_dec -41500
Flow Uec_242_114 flowId 17 uecSrc 16 finished at 355.362 total messages 1 total packets 490 RTS 0 total bytes 2002140 in_flight now 0 fair_inc 2023 prop_inc 35584 fast_inc 25743 eta_inc 16688 multi_dec -64152 quick_dec -0 nack_dec -78850
357.157 flowid 14 Spurious 467
358 flowid 14 Spurious 468
Flow Uec_255_127 flowId 41 uecSrc 40 finished at 359.496 total messages 1 total packets 490 RTS 0 total bytes 2002140 in_flight now 0 fair_inc 6337 prop_inc 38074 fast_inc 0 eta_inc 17284 multi_dec -93160 quick_dec -0 nack_dec -62250
Flow Uec_245_117 flowId 91 uecSrc 90 finished at 366.91 total messages 1 total packets 490 RTS 0 total bytes 2002140 in_flight now 0 fair_inc 17939 prop_inc 49058 fast_inc 0 eta_inc 17284 multi_dec -117492 quick_dec -0 nack_dec -41500
Flow Uec_250_122 flowId 115 uecSrc 114 finished at 372.714 total messages 1 total packets 490 RTS 0 total bytes 2002140 in_flight now 0 fair_inc 11445 prop_inc 49964 fast_inc 0 eta_inc 17284 multi_dec -132366 quick_dec -0 nack_dec -37350
Flow Uec_234_106 flowId 142 uecSrc 141 finished at 373.288 total messages 1 total packets 490 RTS 0 total bytes 2002140 in_flight now 0 fair_inc 3145 prop_inc 42737 fast_inc 0 eta_inc 17284 multi_dec -88399 quick_dec -0 nack_dec -70550
Flow Uec_224_96 flowId 49 uecSrc 48 finished at 379.514 total messages 1 total packets 490 RTS 0 total bytes 2002140 in_flight now 0 fair_inc 7861 prop_inc 101190 fast_inc 0 eta_inc 17880 multi_dec -131442 quick_dec -0 nack_dec -53950
Flow Uec_7_135 flowId 14 uecSrc 13 finished at 381.461 total messages 1 total packets 495 RTS 5 total bytes 2002140 in_flight now 0 fair_inc 9334 prop_inc 52015 fast_inc 0 eta_inc 14304 multi_dec -0 quick_dec -164704 nack_dec -4150
Flow Uec_244_116 flowId 20 uecSrc 19 finished at 387.337 total messages 1 total packets 490 RTS 0 total bytes 2002140 in_flight now 0 fair_inc 6698 prop_inc 50873 fast_inc 0 eta_inc 18476 multi_dec -80770 quick_dec -0 nack_dec -91300
Flow Uec_138_10 flowId 77 uecSrc 76 finished at 408.659 total messages 1 total packets 491 RTS 1 total bytes 2002140 in_flight now 0 fair_inc 15144 prop_inc 22144 fast_inc 0 eta_inc 18476 multi_dec -59468 quick_dec -0 nack_dec -87150
Flow Uec_74_202 flowId 83 uecSrc 82 finished at 411.887 total messages 1 total packets 490 RTS 0 total bytes 2002140 in_flight now 0 fair_inc 14571 prop_inc 20889 fast_inc 0 eta_inc 19072 multi_dec -36365 quick_dec -0 nack_dec -132800
Flow Uec_129_1 flowId 10 uecSrc 9 finished at 415.495 total messages 1 total packets 491 RTS 1 total bytes 2002140 in_flight now 0 fair_inc 31377 prop_inc 16569 fast_inc 0 eta_inc 17880 multi_dec -32666 quick_dec -0 nack_dec -95450
Flow Uec_163_35 flowId 121 uecSrc 120 finished at 424.727 total messages 1 total packets 491 RTS 1 total bytes 2002140 in_flight now 0 fair_inc 12795 prop_inc 33703 fast_inc 0 eta_inc 19668 multi_dec -10601 quick_dec -0 nack_dec -141100
Flow Uec_141_13 flowId 43 uecSrc 42 finished at 431.702 total messages 1 total packets 492 RTS 2 total bytes 2002140 in_flight now 0 fair_inc 15005 prop_inc 30635 fast_inc 0 eta_inc 19072 multi_dec -643 quick_dec -0 nack_dec -112050
Flow Uec_80_208 flowId 149 uecSrc 148 finished at 454.554 total messages 1 total packets 490 RTS 0 total bytes 2002140 in_flight now 0 fair_inc 15912 prop_inc 21107 fast_inc 0 eta_inc 20860 multi_dec -91750 quick_dec -0 nack_dec -83000
Flow Uec_2_130 flowId 122 uecSrc 121 finished at 460.403 total messages 1 total packets 501 RTS 11 total bytes 2002140 in_flight now -64 fair_inc 49418 prop_inc 42964 fast_inc 0 eta_inc 18476 multi_dec -78947 quick_dec -118017 nack_dec -8300
Flow Uec_241_113 flowId 90 uecSrc 89 finished at 464.77 total messages 1 total packets 490 RTS 0 total bytes 2002140 in_flight now 0 fair_inc 23300 prop_inc 19322 fast_inc 0 eta_inc 21456 multi_dec -65320 quick_dec -0 nack_dec -128650
Flow Uec_134_6 flowId 97 uecSrc 96 finished at 466.932 total messages 1 total packets 490 RTS 0 total bytes 2002140 in_flight now 0 fair_inc 18450 prop_inc 50562 fast_inc 0 eta_inc 20264 multi_dec -126277 quick_dec -0 nack_dec -62250
Flow Uec_180_52 flowId 123 uecSrc 122 finished at 475.591 total messages 1 total packets 490 RTS 0 total bytes 2002140 in_flight now 0 fair_inc 23111 prop_inc 16127 fast_inc 0 eta_inc 22052 multi_dec -91491 quick_dec -0 nack_dec -91300
Flow Uec_158_30 flowId 99 uecSrc 98 finished at 479.004 total messages 1 total packets 490 RTS 0 total bytes 2002140 in_flight now 0 fair_inc 19184 prop_inc 62097 fast_inc 0 eta_inc 21456 multi_dec -145558 quick_dec -0 nack_dec -58100
Flow Uec_107_235 flowId 107 uecSrc 106 finished at 480.896 total messages 1 total packets 490 RTS 0 total bytes 2002140 in_flight now 0 fair_inc 16346 prop_inc 17585 fast_inc 0 eta_inc 22052 multi_dec -94861 quick_dec -0 nack_dec -87150
Flow Uec_103_231 flowId 81 uecSrc 80 finished at 482.96 total messages 1 total packets 490 RTS 0 total bytes 2002140 in_flight now 0 fair_inc 27386 prop_inc 15664 fast_inc 0 eta_inc 22052 multi_dec -97760 quick_dec -0 nack_dec -99600
Flow Uec_96_224 flowId 72 uecSrc 71 finished at 483.507 total messages 1 total packets 490 RTS 0 total bytes 2002140 in_flight now 0 fair_inc 16241 prop_inc 46316 fast_inc 0 eta_inc 22052 multi_dec -97895 quick_dec -0 nack_dec -83000
Flow Uec_91_219 flowId 138 uecSrc 137 finished at 490.559 total messages 1 total packets 490 RTS 0 total bytes 2002140 in_flight now 0 fair_inc 27448 prop_inc 26914 fast_inc 0 eta_inc 22052 multi_dec -66896 quick_dec -0 nack_dec -120350
Flow Uec_187_59 flowId 7 uecSrc 6 finished at 495.008 total messages 1 total packets 490 RTS 0 total bytes 2002140 in_flight now 0 fair_inc 13569 prop_inc 24104 fast_inc 0 eta_inc 22648 multi_dec -74770 quick_dec -0 nack_dec -112050
Flow Uec_237_109 flowId 139 uecSrc 138 finished at 501.516 total messages 1 total packets 490 RTS 0 total bytes 2002140 in_flight now 0 fair_inc 20696 prop_inc 30820 fast_inc 0 eta_inc 23244 multi_dec -60195 quick_dec -0 nack_dec -136950
Flow Uec_190_62 flowId 74 uecSrc 73 finished at 504.701 total messages 1 total packets 490 RTS 0 total bytes 2002140 in_flight now 0 fair_inc 12867 prop_inc 30537 fast_inc 0 eta_inc 17880 multi_dec -77764 quick_dec -0 nack_dec -99600
Flow Uec_75_203 flowId 128 uecSrc 127 finished at 507.993 total messages 1 total packets 490 RTS 0 total bytes 2002140 in_flight now 0 fair_inc 24427 prop_inc 44847 fast_inc 1499 eta_inc 23244 multi_dec -86665 quick_dec -0 nack_dec -112050
Flow Uec_171_43 flowId 76 uecSrc 75 finished at 510.11 total messages 1 total packets 490 RTS 0 total bytes 2002140 in_flight now 0 fair_inc 17653 prop_inc 23620 fast_inc 0 eta_inc 23244 multi_dec -75920 quick_dec -0 nack_dec -103750
Flow Uec_112_240 flowId 28 uecSrc 27 finished at 512.361 total messages 1 total packets 490 RTS 0 total bytes 2002140 in_flight now 0 fair_inc 25375 prop_inc 32447 fast_inc 0 eta_inc 23244 multi_dec -68386 quick_dec -0 nack_dec -124500
Flow Uec_92_220 flowId 39 uecSrc 38 finished at 513.049 total messages 1 total packets 490 RTS 0 total bytes 2002140 in_flight now 0 fair_inc 22476 prop_inc 62056 fast_inc 0 eta_inc 22052 multi_dec -107523 quick_dec -0 nack_dec -91300
Flow Uec_156_28 flowId 141 uecSrc 140 finished at 516.385 total messages 1 total packets 491 RTS 1 total bytes 2002140 in_flight now 0 fair_inc 17490 prop_inc 65438 fast_inc 49991 eta_inc 22052 multi_dec -132775 quick_dec -0 nack_dec -74700
Flow Uec_170_42 flowId 1 uecSrc 0 finished at 534.44 total messages 1 total packets 490 RTS 0 total bytes 2002140 in_flight now 0 fair_inc 23943 prop_inc 2972 fast_inc 0 eta_inc 24436 multi_dec -28795 quick_dec -0 nack_dec -153550
Flow Uec_228_100 flowId 125 uecSrc 124 finished at 550.251 total messages 1 total packets 490 RTS 0 total bytes 2002140 in_flight now 0 fair_inc 15341 prop_inc 49304 fast_inc 74754 eta_inc 23840 multi_dec -93572 quick_dec -0 nack_dec -112050
Flow Uec_230_102 flowId 67 uecSrc 66 finished at 555.693 total messages 1 total packets 490 RTS 0 total bytes 2002140 in_flight now 0 fair_inc 36078 prop_inc 8873 fast_inc 0 eta_inc 25628 multi_dec -38189 quick_dec -0 nack_dec -145250
Flow Uec_133_5 flowId 32 uecSrc 31 finished at 559.734 total messages 1 total packets 490 RTS 0 total bytes 2002140 in_flight now 0 fair_inc 34653 prop_inc 91400 fast_inc 0 eta_inc 23840 multi_dec -171811 quick_dec -0 nack_dec -74700
Flow Uec_93_221 flowId 18 uecSrc 17 finished at 564.669 total messages 1 total packets 490 RTS 0 total bytes 2002140 in_flight now 0 fair_inc 39624 prop_inc 4057 fast_inc 0 eta_inc 26224 multi_dec -57616 quick_dec -0 nack_dec -145250
Flow Uec_142_14 flowId 110 uecSrc 109 finished at 566.548 total messages 1 total packets 491 RTS 1 total bytes 2002140 in_flight now 0 fair_inc 19015 prop_inc 23130 fast_inc 270217 eta_inc 24436 multi_dec -177131 quick_dec -0 nack_dec -66400
Flow Uec_243_115 flowId 26 uecSrc 25 finished at 574.112 total messages 1 total packets 490 RTS 0 total bytes 2002140 in_flight now 0 fair_inc 31070 prop_inc 15502 fast_inc 0 eta_inc 26820 multi_dec -72444 quick_dec -0 nack_dec -149400
Flow Uec_160_32 flowId 73 uecSrc 72 finished at 578.328 total messages 1 total packets 490 RTS 0 total bytes 2002140 in_flight now 0 fair_inc 20147 prop_inc 965 fast_inc 0 eta_inc 26820 multi_dec -25282 quick_dec -0 nack_dec -157700
Flow Uec_73_201 flowId 108 uecSrc 107 finished at 588.448 total messages 1 total packets 490 RTS 0 total bytes 2002140 in_flight now 0 fair_inc 25184 prop_inc 6611 fast_inc 0 eta_inc 27416 multi_dec -54638 quick_dec -0 nack_dec -128650
Flow Uec_147_19 flowId 65 uecSrc 64 finished at 596.591 total messages 1 total packets 490 RTS 0 total bytes 2002140 in_flight now 0 fair_inc 36834 prop_inc 35513 fast_inc 0 eta_inc 26224 multi_dec -59546 quick_dec -0 nack_dec -161850
Flow Uec_3_131 flowId 87 uecSrc 86 finished at 597.112 total messages 1 total packets 499 RTS 9 total bytes 2002140 in_flight now -128 fair_inc 46595 prop_inc 54848 fast_inc 0 eta_inc 24436 multi_dec -100241 quick_dec -80501 nack_dec -29050
Flow Uec_115_243 flowId 116 uecSrc 115 finished at 599.18 total messages 1 total packets 490 RTS 0 total bytes 2002140 in_flight now 0 fair_inc 30517 prop_inc 5098 fast_inc 0 eta_inc 26820 multi_dec -40707 quick_dec -0 nack_dec -161850
Flow Uec_106_234 flowId 54 uecSrc 53 finished at 610.256 total messages 1 total packets 490 RTS 0 total bytes 2002140 in_flight now 0 fair_inc 31339 prop_inc 10342 fast_inc 0 eta_inc 28012 multi_dec -128576 quick_dec -0 nack_dec -83000
Flow Uec_152_24 flowId 84 uecSrc 83 finished at 623.377 total messages 1 total packets 490 RTS 0 total bytes 2002140 in_flight now 0 fair_inc 17290 prop_inc 56652 fast_inc 0 eta_inc 28012 multi_dec -74167 quick_dec -0 nack_dec -132800
Flow Uec_4_132 flowId 132 uecSrc 131 finished at 626.146 total messages 1 total packets 501 RTS 11 total bytes 2002140 in_flight now -64 fair_inc 35313 prop_inc 79780 fast_inc 0 eta_inc 25628 multi_dec -129978 quick_dec -69333 nack_dec -29050
Flow Uec_83_211 flowId 133 uecSrc 132 finished at 653.373 total messages 1 total packets 490 RTS 0 total bytes 2002140 in_flight now 0 fair_inc 24763 prop_inc 16036 fast_inc 0 eta_inc 29800 multi_dec -77809 quick_dec -0 nack_dec -136950
Flow Uec_153_25 flowId 15 uecSrc 14 finished at 658.105 total messages 1 total packets 490 RTS 0 total bytes 2002140 in_flight now 0 fair_inc 31523 prop_inc 13279 fast_inc 0 eta_inc 29204 multi_dec -39193 quick_dec -0 nack_dec -161850
Flow Uec_168_40 flowId 154 uecSrc 153 finished at 661.156 total messages 1 total packets 490 RTS 0 total bytes 2002140 in_flight now 0 fair_inc 29765 prop_inc 16098 fast_inc 0 eta_inc 30396 multi_dec -43755 quick_dec -0 nack_dec -174300
Flow Uec_231_103 flowId 89 uecSrc 88 finished at 674.331 total messages 1 total packets 490 RTS 0 total bytes 2002140 in_flight now 0 fair_inc 14966 prop_inc 67689 fast_inc 0 eta_inc 23840 multi_dec -67471 quick_dec -0 nack_dec -132800
676.073 flowid 152 Spurious 486
678.736 flowid 152 Spurious 493
Flow Uec_105_233 flowId 103 uecSrc 102 finished at 679.057 total messages 1 total packets 490 RTS 0 total bytes 2002140 in_flight now 0 fair_inc 32962 prop_inc 46796 fast_inc 0 eta_inc 22648 multi_dec -93120 quick_dec -0 nack_dec -120350
Flow Uec_102_230 flowId 100 uecSrc 99 finished at 679.752 total messages 1 total packets 490 RTS 0 total bytes 2002140 in_flight now 0 fair_inc 20706 prop_inc 48939 fast_inc 0 eta_inc 28608 multi_dec -40338 quick_dec -0 nack_dec -174300
682.4 flowid 152 Spurious 492
682.947 flowid 152 Spurious 488
683.279 flowid 152 Spurious 494
Flow Uec_154_26 flowId 46 uecSrc 45 finished at 684.825 total messages 1 total packets 490 RTS 0 total bytes 2002140 in_flight now 0 fair_inc 37194 prop_inc 21112 fast_inc 0 eta_inc 29800 multi_dec -78548 quick_dec -0 nack_dec -136950
Flow Uec_77_205 flowId 131 uecSrc 130 finished at 688.058 total messages 1 total packets 490 RTS 0 total bytes 2002140 in_flight now 0 fair_inc 45876 prop_inc 14363 fast_inc 0 eta_inc 31588 multi_dec -65131 quick_dec -0 nack_dec -178450
Flow Uec_172_44 flowId 61 uecSrc 60 finished at 690.105 total messages 1 total packets 490 RTS 0 total bytes 2002140 in_flight now 0 fair_inc 20575 prop_inc 53152 fast_inc 120705 eta_inc 29800 multi_dec -127646 quick_dec -0 nack_dec -107900
Flow Uec_150_22 flowId 42 uecSrc 41 finished at 695.835 total messages 1 total packets 490 RTS 0 total bytes 2002140 in_flight now 0 fair_inc 21765 prop_inc 28084 fast_inc 0 eta_inc 30396 multi_dec -49380 quick_dec -0 nack_dec -153550
Flow Uec_95_223 flowId 147 uecSrc 146 finished at 699.422 total messages 1 total packets 490 RTS 0 total bytes 2002140 in_flight now 0 fair_inc 55516 prop_inc 16393 fast_inc 0 eta_inc 30396 multi_dec -110441 quick_dec -0 nack_dec -124500
Flow Uec_233_105 flowId 112 uecSrc 111 finished at 719.285 total messages 1 total packets 490 RTS 0 total bytes 2002140 in_flight now 0 fair_inc 32501 prop_inc 65018 fast_inc 71204 eta_inc 25032 multi_dec -105278 quick_dec -0 nack_dec -128650
Flow Uec_219_91 flowId 66 uecSrc 65 finished at 729.74 total messages 1 total packets 490 RTS 0 total bytes 2002140 in_flight now 0 fair_inc 52304 prop_inc 10564 fast_inc 0 eta_inc 26224 multi_dec -89433 quick_dec -0 nack_dec -149400
Flow Uec_198_70 flowId 57 uecSrc 56 finished at 732.371 total messages 1 total packets 490 RTS 0 total bytes 2002140 in_flight now 0 fair_inc 45701 prop_inc 919 fast_inc 0 eta_inc 26224 multi_dec -58368 quick_dec -0 nack_dec -166000
Flow Uec_223_95 flowId 144 uecSrc 143 finished at 736.615 total messages 1 total packets 490 RTS 0 total bytes 2002140 in_flight now 0 fair_inc 67739 prop_inc 15302 fast_inc 0 eta_inc 32780 multi_dec -126538 quick_dec -0 nack_dec -153550
Flow Uec_162_34 flowId 120 uecSrc 119 finished at 743.85 total messages 1 total packets 491 RTS 1 total bytes 2002140 in_flight now 0 fair_inc 40134 prop_inc 48408 fast_inc 33338 eta_inc 32780 multi_dec -131028 quick_dec -0 nack_dec -107900
Flow Uec_72_200 flowId 45 uecSrc 44 finished at 760.084 total messages 1 total packets 490 RTS 0 total bytes 2002140 in_flight now 0 fair_inc 39603 prop_inc 31269 fast_inc 0 eta_inc 32184 multi_dec -48070 quick_dec -0 nack_dec -170150
Flow Uec_76_204 flowId 118 uecSrc 117 finished at 770.143 total messages 1 total packets 490 RTS 0 total bytes 2002140 in_flight now 0 fair_inc 41874 prop_inc 52780 fast_inc 0 eta_inc 33376 multi_dec -80432 quick_dec -0 nack_dec -157700
Flow Uec_220_92 flowId 4 uecSrc 3 finished at 798.417 total messages 1 total packets 490 RTS 0 total bytes 2002140 in_flight now 0 fair_inc 46065 prop_inc 43715 fast_inc 0 eta_inc 33972 multi_dec -108877 quick_dec -0 nack_dec -161850
Flow Uec_1_129 flowId 152 uecSrc 151 finished at 804.022 total messages 1 total packets 508 RTS 18 total bytes 2002140 in_flight now -128 fair_inc 24857 prop_inc 100461 fast_inc 0 eta_inc 29204 multi_dec -38453 quick_dec -43018 nack_dec -16600
Flow Uec_159_31 flowId 109 uecSrc 108 finished at 810.006 total messages 1 total packets 490 RTS 0 total bytes 2002140 in_flight now 0 fair_inc 50069 prop_inc 68359 fast_inc 8080 eta_inc 30396 multi_dec -118577 quick_dec -789 nack_dec -141100
Flow Uec_70_198 flowId 101 uecSrc 100 finished at 817.993 total messages 1 total packets 490 RTS 0 total bytes 2002140 in_flight now 0 fair_inc 28649 prop_inc 59952 fast_inc 0 eta_inc 32184 multi_dec -99081 quick_dec -0 nack_dec -136950
Flow Uec_71_199 flowId 34 uecSrc 33 finished at 839.492 total messages 1 total packets 490 RTS 0 total bytes 2002140 in_flight now 0 fair_inc 22238 prop_inc 76086 fast_inc 14632 eta_inc 26820 multi_dec -33192 quick_dec -72091 nack_dec -136950
Flow Uec_209_81 flowId 6 uecSrc 5 finished at 844.17 total messages 1 total packets 490 RTS 0 total bytes 2002140 in_flight now 0 fair_inc 76610 prop_inc 2272 fast_inc 0 eta_inc 36356 multi_dec -91219 quick_dec -0 nack_dec -166000
Flow Uec_161_33 flowId 111 uecSrc 110 finished at 848.36 total messages 1 total packets 490 RTS 0 total bytes 2002140 in_flight now 0 fair_inc 12655 prop_inc 46473 fast_inc 281859 eta_inc 26224 multi_dec -27136 quick_dec -146778 nack_dec -87150
Flow Uec_197_69 flowId 106 uecSrc 105 finished at 848.404 total messages 1 total packets 493 RTS 3 total bytes 2002140 in_flight now 0 fair_inc 49655 prop_inc 57460 fast_inc 0 eta_inc 29800 multi_dec -80627 quick_dec -29303 nack_dec -107900
Flow Uec_149_21 flowId 71 uecSrc 70 finished at 851.532 total messages 1 total packets 490 RTS 0 total bytes 2002140 in_flight now 0 fair_inc 29977 prop_inc 80346 fast_inc 43929 eta_inc 29800 multi_dec -87854 quick_dec -7124 nack_dec -149400
Flow Uec_200_72 flowId 23 uecSrc 22 finished at 854.437 total messages 1 total packets 490 RTS 0 total bytes 2002140 in_flight now 0 fair_inc 73421 prop_inc 60114 fast_inc 0 eta_inc 29800 multi_dec -158820 quick_dec -0 nack_dec -132800
Flow Uec_97_225 flowId 35 uecSrc 34 finished at 861.151 total messages 1 total packets 490 RTS 0 total bytes 2002140 in_flight now 0 fair_inc 47265 prop_inc 91586 fast_inc 46470 eta_inc 28012 multi_dec -58199 quick_dec -48512 nack_dec -161850
Flow Uec_210_82 flowId 50 uecSrc 49 finished at 878.772 total messages 1 total packets 490 RTS 0 total bytes 2002140 in_flight now 0 fair_inc 66476 prop_inc 10671 fast_inc 0 eta_inc 36952 multi_dec -111480 quick_dec -0 nack_dec -161850
Flow Uec_208_80 flowId 117 uecSrc 116 finished at 903.672 total messages 1 total packets 490 RTS 0 total bytes 2002140 in_flight now 0 fair_inc 72603 prop_inc 23342 fast_inc 0 eta_inc 35164 multi_dec -54255 quick_dec -81057 nack_dec -153550
Flow Uec_13_141 flowId 2 uecSrc 1 finished at 990.949 total messages 1 total packets 513 RTS 23 total bytes 2002140 in_flight now -256 fair_inc 25402 prop_inc 124309 fast_inc 0 eta_inc 34568 multi_dec -1117 quick_dec -39061 nack_dec -4150
Flow Uec_204_76 flowId 64 uecSrc 63 finished at 997.025 total messages 1 total packets 490 RTS 0 total bytes 2002140 in_flight now 0 fair_inc 48981 prop_inc 70202 fast_inc 0 eta_inc 29800 multi_dec -66720 quick_dec -68856 nack_dec -145250
Flow Uec_215_87 flowId 75 uecSrc 74 finished at 1026.44 total messages 1 total packets 490 RTS 0 total bytes 2002140 in_flight now 0 fair_inc 57833 prop_inc 85662 fast_inc 0 eta_inc 40528 multi_dec -150064 quick_dec -1063 nack_dec -145250
Flow Uec_11_139 flowId 22 uecSrc 21 finished at 1273.62 total messages 1 total packets 519 RTS 29 total bytes 2002140 in_flight now -128 fair_inc 37257 prop_inc 169704 fast_inc 0 eta_inc 45892 multi_dec -104871 quick_dec -16888 nack_dec -37350
Flow Uec_0_128 flowId 96 uecSrc 95 finished at 1559.5 total messages 1 total packets 526 RTS 36 total bytes 2002140 in_flight now -768 fair_inc 20877 prop_inc 165673 fast_inc 0 eta_inc 47680 multi_dec -67280 quick_dec -44937 nack_dec -12450
3556.79 flowid 16 Spurious 98
5800.25 flowid 16 Spurious 160
8009.47 flowid 16 Spurious 205
8009.89 flowid 16 Spurious 206
12115.7 flowid 16 Spurious 307
16998.2 flowid 16 Spurious 461
Flow Uec_67_195 flowId 16 uecSrc 15 finished at 20194.8 total messages 1 total packets 580 RTS 90 total bytes 2002140 in_flight now -2624 fair_inc 0 prop_inc 780766 fast_inc 0 eta_inc 191912 multi_dec -0 quick_dec -190293 nack_dec -29050
.Done
New: 75460 Rtx: 3871 RTS: 294 Bounced: 0 ACKs: 56477 NACKs: 2529 Pulls: 0 sleek_pkts: 0
