traffic matrix input file: connection_matrices/load_sweep/load0.65_n256_seed1.cm
Load balancing algorithm set to reps
no_of_nodes 256
Dragonfly+ strategy: FPAR
Setting queuesize to 50 packets
endtime(us) 100000
random seed 1
Packet size (MTU) is 4150
Parsed args
Logging to reps_dfp_results/reps_withoutnorm256/load0.65_reps_seed1.dat
Loading connection matrix from connection_matrices/load_sweep/load0.65_n256_seed1.cm
Nodes: 256 Connections: 166 Triggers: 0 Failures: 0
Setting ECN low 33200 high 120350
Dragonfly+ with medium topology type
Link latencies: 1 and switch latencies: 0
queue_id 2 ecn_low 33200 ecn_high 120350
DragonFly+ constructor done, 392 nodes created
Note: topology supports 392 hosts; 136 host port(s) will be unused.
network_max_unloaded_rtt 11.6856 us
Setting min RTO to 114.6
Per-hop RTT normalization: OFF (strategy fpar)
Initializing static NSCC parameters: _reference_network_linkspeed=100000000000 _reference_network_rtt=12000000 _reference_network_bdp=150000 _target_Qdelay=8764200 _network_linkspeed=100000000000 _network_rtt=11685600 _network_bdp=146070 _qa_gate=2^3 _qa_threshold=3.50568e+07 _scaling_factor_a=0.9738 _scaling_factor_b=0.73035 _alpha=0.00132632 _fi=19894.7 _eta=596.842 _qa_scaling=1 _gamma=0.8 _fi_scale=0.24345 _delay_alpha=0.0125 _adjust_period_threshold=11685600 _adjust_bytes_threshold=33200
Initialize per-instance NSCC parameters: flowid 1 _base_rtt=11685600 _base_bdp=146070 _bdp=146070 _min_cwnd=4150 _maxwnd=219105 _cwnd=219105
Initialize per-instance NSCC parameters: flowid 2 _base_rtt=11685600 _base_bdp=146070 _bdp=146070 _min_cwnd=4150 _maxwnd=219105 _cwnd=219105
Initialize per-instance NSCC parameters: flowid 3 _base_rtt=11685600 _base_bdp=146070 _bdp=146070 _min_cwnd=4150 _maxwnd=219105 _cwnd=219105
Initialize per-instance NSCC parameters: flowid 4 _base_rtt=11685600 _base_bdp=146070 _bdp=146070 _min_cwnd=4150 _maxwnd=219105 _cwnd=219105
Initialize per-instance NSCC parameters: flowid 5 _base_rtt=11685600 _base_bdp=146070 _bdp=146070 _min_cwnd=4150 _maxwnd=219105 _cwnd=219105
Initialize per-instance NSCC parameters: flowid 6 _base_rtt=11685600 _base_bdp=146070 _bdp=146070 _min_cwnd=4150 _maxwnd=219105 _cwnd=219105
Initialize per-instance NSCC parameters: flowid 7 _base_rtt=11685600 _base_bdp=146070 _bdp=146070 _min_cwnd=4150 _maxwnd=219105 _cwnd=219105
Initialize per-instance NSCC parameters: flowid 8 _base_rtt=11685600 _base_bdp=146070 _bdp=146070 _min_cwnd=4150 _maxwnd=219105 _cwnd=219105
Initialize per-instance NSCC parameters: flowid 9 _base_rtt=11685600 _base_bdp=146070 _bdp=146070 _min_cwnd=4150 _maxwnd=219105 _cwnd=219105
Initialize per-instance NSCC parameters: flowid 10 _base_rtt=11685600 _base_bdp=146070 _bdp=146070 _min_cwnd=4150 _maxwnd=219105 _cwnd=219105
Initialize per-instance NSCC parameters: flowid 11 _base_rtt=11685600 _base_bdp=146070 _bdp=146070 _min_cwnd=4150 _maxwnd=219105 _cwnd=219105
Initialize per-instance NSCC parameters: flowid 12 _base_rtt=11685600 _base_bdp=146070 _bdp=146070 _min_cwnd=4150 _maxwnd=219105 _cwnd=219105
Initialize per-instance NSCC parameters: flowid 13 _base_rtt=11685600 _base_bdp=146070 _bdp=146070 _min_cwnd=4150 _maxwnd=219105 _cwnd=219105
Initialize per-instance NSCC parameters: flowid 14 _base_rtt=11685600 _base_bdp=146070 _bdp=146070 _min_cwnd=4150 _maxwnd=219105 _cwnd=219105
Initialize per-instance NSCC parameters: flowid 15 _base_rtt=11685600 _base_bdp=146070 _bdp=146070 _min_cwnd=4150 _maxwnd=219105 _cwnd=219105
Initialize per-instance NSCC parameters: flowid 16 _base_rtt=11685600 _base_bdp=146070 _bdp=146070 _min_cwnd=4150 _maxwnd=219105 _cwnd=219105
Initialize per-instance NSCC parameters: flowid 17 _base_rtt=11685600 _base_bdp=146070 _bdp=146070 _min_cwnd=4150 _maxwnd=219105 _cwnd=219105
Initialize per-instance NSCC parameters: flowid 18 _base_rtt=11685600 _base_bdp=146070 _bdp=146070 _min_cwnd=4150 _maxwnd=219105 _cwnd=219105
Initialize per-instance NSCC parameters: flowid 19 _base_rtt=11685600 _base_bdp=146070 _bdp=146070 _min_cwnd=4150 _maxwnd=219105 _cwnd=219105
Initialize per-instance NSCC parameters: flowid 20 _base_rtt=11685600 _base_bdp=146070 _bdp=146070 _min_cwnd=4150 _maxwnd=219105 _cwnd=219105
Initialize per-instance NSCC parameters: flowid 21 _base_rtt=11685600 _base_bdp=146070 _bdp=146070 _min_cwnd=4150 _maxwnd=219105 _cwnd=219105
Initialize per-instance NSCC parameters: flowid 22 _base_rtt=11685600 _base_bdp=146070 _bdp=146070 _min_cwnd=4150 _maxwnd=219105 _cwnd=219105
Initialize per-instance NSCC parameters: flowid 23 _base_rtt=11685600 _base_bdp=146070 _bdp=146070 _min_cwnd=4150 _maxwnd=219105 _cwnd=219105
Initialize per-instance NSCC parameters: flowid 24 _base_rtt=11685600 _base_bdp=146070 _bdp=146070 _min_cwnd=4150 _maxwnd=219105 _cwnd=219105
Initialize per-instance NSCC parameters: flowid 25 _base_rtt=11685600 _base_bdp=146070 _bdp=146070 _min_cwnd=4150 _maxwnd=219105 _cwnd=219105
Initialize per-instance NSCC parameters: flowid 26 _base_rtt=11685600 _base_bdp=146070 _bdp=146070 _min_cwnd=4150 _maxwnd=219105 _cwnd=219105
Initialize per-instance NSCC parameters: flowid 27 _base_rtt=11685600 _base_bdp=146070 _bdp=146070 _min_cwnd=4150 _maxwnd=219105 _cwnd=219105
Initialize per-instance NSCC parameters: flowid 28 _base_rtt=11685600 _base_bdp=146070 _bdp=146070 _min_cwnd=4150 _maxwnd=219105 _cwnd=219105
Initialize per-instance NSCC parameters: flowid 29 _base_rtt=11685600 _base_bdp=146070 _bdp=146070 _min_cwnd=4150 _maxwnd=219105 _cwnd=219105
Initialize per-instance NSCC parameters: flowid 30 _base_rtt=11685600 _base_bdp=146070 _bdp=146070 _min_cwnd=4150 _maxwnd=219105 _cwnd=219105
Initialize per-instance NSCC parameters: flowid 31 _base_rtt=11685600 _base_bdp=146070 _bdp=146070 _min_cwnd=4150 _maxwnd=219105 _cwnd=219105
Initialize per-instance NSCC parameters: flowid 32 _base_rtt=11685600 _base_bdp=146070 _bdp=146070 _min_cwnd=4150 _maxwnd=219105 _cwnd=219105
Initialize per-instance NSCC parameters: flowid 33 _base_rtt=11685600 _base_bdp=146070 _bdp=146070 _min_cwnd=4150 _maxwnd=219105 _cwnd=219105
Initialize per-instance NSCC parameters: flowid 34 _base_rtt=11685600 _base_bdp=146070 _bdp=146070 _min_cwnd=4150 _maxwnd=219105 _cwnd=219105
Initialize per-instance NSCC parameters: flowid 35 _base_rtt=11685600 _base_bdp=146070 _bdp=146070 _min_cwnd=4150 _maxwnd=219105 _cwnd=219105
Initialize per-instance NSCC parameters: flowid 36 _base_rtt=11685600 _base_bdp=146070 _bdp=146070 _min_cwnd=4150 _maxwnd=219105 _cwnd=219105
Initialize per-instance NSCC parameters: flowid 37 _base_rtt=11685600 _base_bdp=146070 _bdp=146070 _min_cwnd=4150 _maxwnd=219105 _cwnd=219105
Initialize per-instance NSCC parameters: flowid 38 _base_rtt=11685600 _base_bdp=146070 _bdp=146070 _min_cwnd=4150 _maxwnd=219105 _cwnd=219105
Initialize per-instance NSCC parameters: flowid 39 _base_rtt=11685600 _base_bdp=146070 _bdp=146070 _min_cwnd=4150 _maxwnd=219105 _cwnd=219105
Initialize per-instance NSCC parameters: flowid 40 _base_rtt=11685600 _base_bdp=146070 _bdp=146070 _min_cwnd=4150 _maxwnd=219105 _cwnd=219105
Initialize per-instance NSCC parameters: flowid 41 _base_rtt=11685600 _base_bdp=146070 _bdp=146070 _min_cwnd=4150 _maxwnd=219105 _cwnd=219105
Initialize per-instance NSCC parameters: flowid 42 _base_rtt=11685600 _base_bdp=146070 _bdp=146070 _min_cwnd=4150 _maxwnd=219105 _cwnd=219105
Initialize per-instance NSCC parameters: flowid 43 _base_rtt=11685600 _base_bdp=146070 _bdp=146070 _min_cwnd=4150 _maxwnd=219105 _cwnd=219105
Initialize per-instance NSCC parameters: flowid 44 _base_rtt=11685600 _base_bdp=146070 _bdp=146070 _min_cwnd=4150 _maxwnd=219105 _cwnd=219105
Initialize per-instance NSCC parameters: flowid 45 _base_rtt=11685600 _base_bdp=146070 _bdp=146070 _min_cwnd=4150 _maxwnd=219105 _cwnd=219105
Initialize per-instance NSCC parameters: flowid 46 _base_rtt=11685600 _base_bdp=146070 _bdp=146070 _min_cwnd=4150 _maxwnd=219105 _cwnd=219105
Initialize per-instance NSCC parameters: flowid 47 _base_rtt=11685600 _base_bdp=146070 _bdp=146070 _min_cwnd=4150 _maxwnd=219105 _cwnd=219105
Initialize per-instance NSCC parameters: flowid 48 _base_rtt=11685600 _base_bdp=146070 _bdp=146070 _min_cwnd=4150 _maxwnd=219105 _cwnd=219105
Initialize per-instance NSCC parameters: flowid 49 _base_rtt=11685600 _base_bdp=146070 _bdp=146070 _min_cwnd=4150 _maxwnd=219105 _cwnd=219105
Initialize per-instance NSCC parameters: flowid 50 _base_rtt=11685600 _base_bdp=146070 _bdp=146070 _min_cwnd=4150 _maxwnd=219105 _cwnd=219105
Initialize per-instance NSCC parameters: flowid 51 _base_rtt=11685600 _base_bdp=146070 _bdp=146070 _min_cwnd=4150 _maxwnd=219105 _cwnd=219105
Initialize per-instance NSCC parameters: flowid 52 _base_rtt=11685600 _base_bdp=146070 _bdp=146070 _min_cwnd=4150 _maxwnd=219105 _cwnd=219105
Initialize per-instance NSCC parameters: flowid 53 _base_rtt=11685600 _base_bdp=146070 _bdp=146070 _min_cwnd=4150 _maxwnd=219105 _cwnd=219105
Initialize per-instance NSCC parameters: flowid 54 _base_rtt=11685600 _base_bdp=146070 _bdp=146070 _min_cwnd=4150 _maxwnd=219105 _cwnd=219105
Initialize per-instance NSCC parameters: flowid 55 _base_rtt=11685600 _base_bdp=146070 _bdp=146070 _min_cwnd=4150 _maxwnd=219105 _cwnd=219105
Initialize per-instance NSCC parameters: flowid 56 _base_rtt=11685600 _base_bdp=146070 _bdp=146070 _min_cwnd=4150 _maxwnd=219105 _cwnd=219105
Initialize per-instance NSCC parameters: flowid 57 _base_rtt=11685600 _base_bdp=146070 _bdp=146070 _min_cwnd=4150 _maxwnd=219105 _cwnd=219105
Initialize per-instance NSCC parameters: flowid 58 _base_rtt=11685600 _base_bdp=146070 _bdp=146070 _min_cwnd=4150 _maxwnd=219105 _cwnd=219105
Initialize per-instance NSCC parameters: flowid 59 _base_rtt=11685600 _base_bdp=146070 _bdp=146070 _min_cwnd=4150 _maxwnd=219105 _cwnd=219105
Initialize per-instance NSCC parameters: flowid 60 _base_rtt=11685600 _base_bdp=146070 _bdp=146070 _min_cwnd=4150 _maxwnd=219105 _cwnd=219105
Initialize per-instance NSCC parameters: flowid 61 _base_rtt=11685600 _base_bdp=146070 _bdp=146070 _min_cwnd=4150 _maxwnd=219105 _cwnd=219105
Initialize per-instance NSCC parameters: flowid 62 _base_rtt=11685600 _base_bdp=146070 _bdp=146070 _min_cwnd=4150 _maxwnd=219105 _cwnd=219105
Initialize per-instance NSCC parameters: flowid 63 _base_rtt=11685600 _base_bdp=146070 _bdp=146070 _min_cwnd=4150 _maxwnd=219105 _cwnd=219105
Initialize per-instance NSCC parameters: flowid 64 _base_rtt=11685600 _base_bdp=146070 _bdp=146070 _min_cwnd=4150 _maxwnd=219105 _cwnd=219105
Initialize per-instance NSCC parameters: flowid 65 _base_rtt=11685600 _base_bdp=146070 _bdp=146070 _min_cwnd=4150 _maxwnd=219105 _cwnd=219105
Initialize per-instance NSCC parameters: flowid 66 _base_rtt=11685600 _base_bdp=146070 _bdp=146070 _min_cwnd=4150 _maxwnd=219105 _cwnd=219105
Initialize per-instance NSCC parameters: flowid 67 _base_rtt=11685600 _base_bdp=146070 _bdp=146070 _min_cwnd=4150 _maxwnd=219105 _cwnd=219105
Initialize per-instance NSCC parameters: flowid 68 _base_rtt=11685600 _base_bdp=146070 _bdp=146070 _min_cwnd=4150 _maxwnd=219105 _cwnd=219105
Initialize per-instance NSCC parameters: flowid 69 _base_rtt=11685600 _base_bdp=146070 _bdp=146070 _min_cwnd=4150 _maxwnd=219105 _cwnd=219105
Initialize per-instance NSCC parameters: flowid 70 _base_rtt=11685600 _base_bdp=146070 _bdp=146070 _min_cwnd=4150 _maxwnd=219105 _cwnd=219105
Initialize per-instance NSCC parameters: flowid 71 _base_rtt=11685600 _base_bdp=146070 _bdp=146070 _min_cwnd=4150 _maxwnd=219105 _cwnd=219105
Initialize per-instance NSCC parameters: flowid 72 _base_rtt=11685600 _base_bdp=146070 _bdp=146070 _min_cwnd=4150 _maxwnd=219105 _cwnd=219105
Initialize per-instance NSCC parameters: flowid 73 _base_rtt=11685600 _base_bdp=146070 _bdp=146070 _min_cwnd=4150 _maxwnd=219105 _cwnd=219105
Initialize per-instance NSCC parameters: flowid 74 _base_rtt=11685600 _base_bdp=146070 _bdp=146070 _min_cwnd=4150 _maxwnd=219105 _cwnd=219105
Initialize per-instance NSCC parameters: flowid 75 _base_rtt=11685600 _base_bdp=146070 _bdp=146070 _min_cwnd=4150 _maxwnd=219105 _cwnd=219105
Initialize per-instance NSCC parameters: flowid 76 _base_rtt=11685600 _base_bdp=146070 _bdp=146070 _min_cwnd=4150 _maxwnd=219105 _cwnd=219105
Initialize per-instance NSCC parameters: flowid 77 _base_rtt=11685600 _base_bdp=146070 _bdp=146070 _min_cwnd=4150 _maxwnd=219105 _cwnd=219105
Initialize per-instance NSCC parameters: flowid 78 _base_rtt=11685600 _base_bdp=146070 _bdp=146070 _min_cwnd=4150 _maxwnd=219105 _cwnd=219105
Initialize per-instance NSCC parameters: flowid 79 _base_rtt=11685600 _base_bdp=146070 _bdp=146070 _min_cwnd=4150 _maxwnd=219105 _cwnd=219105
Initialize per-instance NSCC parameters: flowid 80 _base_rtt=11685600 _base_bdp=146070 _bdp=146070 _min_cwnd=4150 _maxwnd=219105 _cwnd=219105
Initialize per-instance NSCC parameters: flowid 81 _base_rtt=11685600 _base_bdp=146070 _bdp=146070 _min_cwnd=4150 _maxwnd=219105 _cwnd=219105
Initialize per-instance NSCC parameters: flowid 82 _base_rtt=11685600 _base_bdp=146070 _bdp=146070 _min_cwnd=4150 _maxwnd=219105 _cwnd=219105
Initialize per-instance NSCC parameters: flowid 83 _base_rtt=11685600 _base_bdp=146070 _bdp=146070 _min_cwnd=4150 _maxwnd=219105 _cwnd=219105
Initialize per-instance NSCC parameters: flowid 84 _base_rtt=11685600 _base_bdp=146070 _bdp=146070 _min_cwnd=4150 _maxwnd=219105 _cwnd=219105
Initialize per-instance NSCC parameters: flowid 85 _base_rtt=11685600 _base_bdp=146070 _bdp=146070 _min_cwnd=4150 _maxwnd=219105 _cwnd=219105
Initialize per-instance NSCC parameters: flowid 86 _base_rtt=11685600 _base_bdp=146070 _bdp=146070 _min_cwnd=4150 _maxwnd=219105 _cwnd=219105
Initialize per-instance NSCC parameters: flowid 87 _base_rtt=11685600 _base_bdp=146070 _bdp=146070 _min_cwnd=4150 _maxwnd=219105 _cwnd=219105
Initialize per-instance NSCC parameters: flowid 88 _base_rtt=11685600 _base_bdp=146070 _bdp=146070 _min_cwnd=4150 _maxwnd=219105 _cwnd=219105
Initialize per-instance NSCC parameters: flowid 89 _base_rtt=11685600 _base_bdp=146070 _bdp=146070 _min_cwnd=4150 _maxwnd=219105 _cwnd=219105
Initialize per-instance NSCC parameters: flowid 90 _base_rtt=11685600 _base_bdp=146070 _bdp=146070 _min_cwnd=4150 _maxwnd=219105 _cwnd=219105
Initialize per-instance NSCC parameters: flowid 91 _base_rtt=11685600 _base_bdp=146070 _bdp=146070 _min_cwnd=4150 _maxwnd=219105 _cwnd=219105
Initialize per-instance NSCC parameters: flowid 92 _base_rtt=11685600 _base_bdp=146070 _bdp=146070 _min_cwnd=4150 _maxwnd=219105 _cwnd=219105
Initialize per-instance NSCC parameters: flowid 93 _base_rtt=11685600 _base_bdp=146070 _bdp=146070 _min_cwnd=4150 _maxwnd=219105 _cwnd=219105
Initialize per-instance NSCC parameters: flowid 94 _base_rtt=11685600 _base_bdp=146070 _bdp=146070 _min_cwnd=4150 _maxwnd=219105 _cwnd=219105
Initialize per-instance NSCC parameters: flowid 95 _base_rtt=11685600 _base_bdp=146070 _bdp=146070 _min_cwnd=4150 _maxwnd=219105 _cwnd=219105
Initialize per-instance NSCC parameters: flowid 96 _base_rtt=11685600 _base_bdp=146070 _bdp=146070 _min_cwnd=4150 _maxwnd=219105 _cwnd=219105
Initialize per-instance NSCC parameters: flowid 97 _base_rtt=11685600 _base_bdp=146070 _bdp=146070 _min_cwnd=4150 _maxwnd=219105 _cwnd=219105
Initialize per-instance NSCC parameters: flowid 98 _base_rtt=11685600 _base_bdp=146070 _bdp=146070 _min_cwnd=4150 _maxwnd=219105 _cwnd=219105
Initialize per-instance NSCC parameters: flowid 99 _base_rtt=11685600 _base_bdp=146070 _bdp=146070 _min_cwnd=4150 _maxwnd=219105 _cwnd=219105
Initialize per-instance NSCC parameters: flowid 100 _base_rtt=11685600 _base_bdp=146070 _bdp=146070 _min_cwnd=4150 _maxwnd=219105 _cwnd=219105
Initialize per-instance NSCC parameters: flowid 101 _base_rtt=11685600 _base_bdp=146070 _bdp=146070 _min_cwnd=4150 _maxwnd=219105 _cwnd=219105
Initialize per-instance NSCC parameters: flowid 102 _base_rtt=11685600 _base_bdp=146070 _bdp=146070 _min_cwnd=4150 _maxwnd=219105 _cwnd=219105
Initialize per-instance NSCC parameters: flowid 103 _base_rtt=11685600 _base_bdp=146070 _bdp=146070 _min_cwnd=4150 _maxwnd=219105 _cwnd=219105
Initialize per-instance NSCC parameters: flowid 104 _base_rtt=11685600 _base_bdp=146070 _bdp=146070 _min_cwnd=4150 _maxwnd=219105 _cwnd=219105
Initialize per-instance NSCC parameters: flowid 105 _base_rtt=11685600 _base_bdp=146070 _bdp=146070 _min_cwnd=4150 _maxwnd=219105 _cwnd=219105
Initialize per-instance NSCC parameters: flowid 106 _base_rtt=11685600 _base_bdp=146070 _bdp=146070 _min_cwnd=4150 _maxwnd=219105 _cwnd=219105
Initialize per-instance NSCC parameters: flowid 107 _base_rtt=11685600 _base_bdp=146070 _bdp=146070 _min_cwnd=4150 _maxwnd=219105 _cwnd=219105
Initialize per-instance NSCC parameters: flowid 108 _base_rtt=11685600 _base_bdp=146070 _bdp=146070 _min_cwnd=4150 _maxwnd=219105 _cwnd=219105
Initialize per-instance NSCC parameters: flowid 109 _base_rtt=11685600 _base_bdp=146070 _bdp=146070 _min_cwnd=4150 _maxwnd=219105 _cwnd=219105
Initialize per-instance NSCC parameters: flowid 110 _base_rtt=11685600 _base_bdp=146070 _bdp=146070 _min_cwnd=4150 _maxwnd=219105 _cwnd=219105
Initialize per-instance NSCC parameters: flowid 111 _base_rtt=11685600 _base_bdp=146070 _bdp=146070 _min_cwnd=4150 _maxwnd=219105 _cwnd=219105
Initialize per-instance NSCC parameters: flowid 112 _base_rtt=11685600 _base_bdp=146070 _bdp=146070 _min_cwnd=4150 _maxwnd=219105 _cwnd=219105
Initialize per-instance NSCC parameters: flowid 113 _base_rtt=11685600 _base_bdp=146070 _bdp=146070 _min_cwnd=4150 _maxwnd=219105 _cwnd=219105
Initialize per-instance NSCC parameters: flowid 114 _base_rtt=11685600 _base_bdp=146070 _bdp=146070 _min_cwnd=4150 _maxwnd=219105 _cwnd=219105
Initialize per-instance NSCC parameters: flowid 115 _base_rtt=11685600 _base_bdp=146070 _bdp=146070 _min_cwnd=4150 _maxwnd=219105 _cwnd=219105
Initialize per-instance NSCC parameters: flowid 116 _base_rtt=11685600 _base_bdp=146070 _bdp=146070 _min_cwnd=4150 _maxwnd=219105 _cwnd=219105
Initialize per-instance NSCC parameters: flowid 117 _base_rtt=11685600 _base_bdp=146070 _bdp=146070 _min_cwnd=4150 _maxwnd=219105 _cwnd=219105
Initialize per-instance NSCC parameters: flowid 118 _base_rtt=11685600 _base_bdp=146070 _bdp=146070 _min_cwnd=4150 _maxwnd=219105 _cwnd=219105
Initialize per-instance NSCC parameters: flowid 119 _base_rtt=11685600 _base_bdp=146070 _bdp=146070 _min_cwnd=4150 _maxwnd=219105 _cwnd=219105
Initialize per-instance NSCC parameters: flowid 120 _base_rtt=11685600 _base_bdp=146070 _bdp=146070 _min_cwnd=4150 _maxwnd=219105 _cwnd=219105
Initialize per-instance NSCC parameters: flowid 121 _base_rtt=11685600 _base_bdp=146070 _bdp=146070 _min_cwnd=4150 _maxwnd=219105 _cwnd=219105
Initialize per-instance NSCC parameters: flowid 122 _base_rtt=11685600 _base_bdp=146070 _bdp=146070 _min_cwnd=4150 _maxwnd=219105 _cwnd=219105
Initialize per-instance NSCC parameters: flowid 123 _base_rtt=11685600 _base_bdp=146070 _bdp=146070 _min_cwnd=4150 _maxwnd=219105 _cwnd=219105
Initialize per-instance NSCC parameters: flowid 124 _base_rtt=11685600 _base_bdp=146070 _bdp=146070 _min_cwnd=4150 _maxwnd=219105 _cwnd=219105
Initialize per-instance NSCC parameters: flowid 125 _base_rtt=11685600 _base_bdp=146070 _bdp=146070 _min_cwnd=4150 _maxwnd=219105 _cwnd=219105
Initialize per-instance NSCC parameters: flowid 126 _base_rtt=11685600 _base_bdp=146070 _bdp=146070 _min_cwnd=4150 _maxwnd=219105 _cwnd=219105
Initialize per-instance NSCC parameters: flowid 127 _base_rtt=11685600 _base_bdp=146070 _bdp=146070 _min_cwnd=4150 _maxwnd=219105 _cwnd=219105
Initialize per-instance NSCC parameters: flowid 128 _base_rtt=11685600 _base_bdp=146070 _bdp=146070 _min_cwnd=4150 _maxwnd=219105 _cwnd=219105
Initialize per-instance NSCC parameters: flowid 129 _base_rtt=11685600 _base_bdp=146070 _bdp=146070 _min_cwnd=4150 _maxwnd=219105 _cwnd=219105
Initialize per-instance NSCC parameters: flowid 130 _base_rtt=11685600 _base_bdp=146070 _bdp=146070 _min_cwnd=4150 _maxwnd=219105 _cwnd=219105
Initialize per-instance NSCC parameters: flowid 131 _base_rtt=11685600 _base_bdp=146070 _bdp=146070 _min_cwnd=4150 _maxwnd=219105 _cwnd=219105
Initialize per-instance NSCC parameters: flowid 132 _base_rtt=11685600 _base_bdp=146070 _bdp=146070 _min_cwnd=4150 _maxwnd=219105 _cwnd=219105
Initialize per-instance NSCC parameters: flowid 133 _base_rtt=11685600 _base_bdp=146070 _bdp=146070 _min_cwnd=4150 _maxwnd=219105 _cwnd=219105
Initialize per-instance NSCC parameters: flowid 134 _base_rtt=11685600 _base_bdp=146070 _bdp=146070 _min_cwnd=4150 _maxwnd=219105 _cwnd=219105
Initialize per-instance NSCC parameters: flowid 135 _base_rtt=11685600 _base_bdp=146070 _bdp=146070 _min_cwnd=4150 _maxwnd=219105 _cwnd=219105
Initialize per-instance NSCC parameters: flowid 136 _base_rtt=11685600 _base_bdp=146070 _bdp=146070 _min_cwnd=4150 _maxwnd=219105 _cwnd=219105
Initialize per-instance NSCC parameters: flowid 137 _base_rtt=11685600 _base_bdp=146070 _bdp=146070 _min_cwnd=4150 _maxwnd=219105 _cwnd=219105
Initialize per-instance NSCC parameters: flowid 138 _base_rtt=11685600 _base_bdp=146070 _bdp=146070 _min_cwnd=4150 _maxwnd=219105 _cwnd=219105
Initialize per-instance NSCC parameters: flowid 139 _base_rtt=11685600 _base_bdp=146070 _bdp=146070 _min_cwnd=4150 _maxwnd=219105 _cwnd=219105
Initialize per-instance NSCC parameters: flowid 140 _base_rtt=11685600 _base_bdp=146070 _bdp=146070 _min_cwnd=4150 _maxwnd=219105 _cwnd=219105
Initialize per-instance NSCC parameters: flowid 141 _base_rtt=11685600 _base_bdp=146070 _bdp=146070 _min_cwnd=4150 _maxwnd=219105 _cwnd=219105
Initialize per-instance NSCC parameters: flowid 142 _base_rtt=11685600 _base_bdp=146070 _bdp=146070 _min_cwnd=4150 _maxwnd=219105 _cwnd=219105
Initialize per-instance NSCC parameters: flowid 143 _base_rtt=11685600 _base_bdp=146070 _bdp=146070 _min_cwnd=4150 _maxwnd=219105 _cwnd=219105
Initialize per-instance NSCC parameters: flowid 144 _base_rtt=11685600 _base_bdp=146070 _bdp=146070 _min_cwnd=4150 _maxwnd=219105 _cwnd=219105
Initialize per-instance NSCC parameters: flowid 145 _base_rtt=11685600 _base_bdp=146070 _bdp=146070 _min_cwnd=4150 _maxwnd=219105 _cwnd=219105
Initialize per-instance NSCC parameters: flowid 146 _base_rtt=11685600 _base_bdp=146070 _bdp=146070 _min_cwnd=4150 _maxwnd=219105 _cwnd=219105
Initialize per-instance NSCC parameters: flowid 147 _base_rtt=11685600 _base_bdp=146070 _bdp=146070 _min_cwnd=4150 _maxwnd=219105 _cwnd=219105
Initialize per-instance NSCC parameters: flowid 148 _base_rtt=11685600 _base_bdp=146070 _bdp=146070 _min_cwnd=4150 _maxwnd=219105 _cwnd=219105
Initialize per-instance NSCC parameters: flowid 149 _base_rtt=11685600 _base_bdp=146070 _bdp=146070 _min_cwnd=4150 _maxwnd=219105 _cwnd=219105
Initialize per-instance NSCC parameters: flowid 150 _base_rtt=11685600 _base_bdp=146070 _bdp=146070 _min_cwnd=4150 _maxwnd=219105 _cwnd=219105
Initialize per-instance NSCC parameters: flowid 151 _base_rtt=11685600 _base_bdp=146070 _bdp=146070 _min_cwnd=4150 _maxwnd=219105 _cwnd=219105
Initialize per-instance NSCC parameters: flowid 152 _base_rtt=11685600 _base_bdp=146070 _bdp=146070 _min_cwnd=4150 _maxwnd=219105 _cwnd=219105
Initialize per-instance NSCC parameters: flowid 153 _base_rtt=11685600 _base_bdp=146070 _bdp=146070 _min_cwnd=4150 _maxwnd=219105 _cwnd=219105
Initialize per-instance NSCC parameters: flowid 154 _base_rtt=11685600 _base_bdp=146070 _bdp=146070 _min_cwnd=4150 _maxwnd=219105 _cwnd=219105
Initialize per-instance NSCC parameters: flowid 155 _base_rtt=11685600 _base_bdp=146070 _bdp=146070 _min_cwnd=4150 _maxwnd=219105 _cwnd=219105
Initialize per-instance NSCC parameters: flowid 156 _base_rtt=11685600 _base_bdp=146070 _bdp=146070 _min_cwnd=4150 _maxwnd=219105 _cwnd=219105
Initialize per-instance NSCC parameters: flowid 157 _base_rtt=11685600 _base_bdp=146070 _bdp=146070 _min_cwnd=4150 _maxwnd=219105 _cwnd=219105
Initialize per-instance NSCC parameters: flowid 158 _base_rtt=11685600 _base_bdp=146070 _bdp=146070 _min_cwnd=4150 _maxwnd=219105 _cwnd=219105
Initialize per-instance NSCC parameters: flowid 159 _base_rtt=11685600 _base_bdp=146070 _bdp=146070 _min_cwnd=4150 _maxwnd=219105 _cwnd=219105
Initialize per-instance NSCC parameters: flowid 160 _base_rtt=11685600 _base_bdp=146070 _bdp=146070 _min_cwnd=4150 _maxwnd=219105 _cwnd=219105
Initialize per-instance NSCC parameters: flowid 161 _base_rtt=11685600 _base_bdp=146070 _bdp=146070 _min_cwnd=4150 _maxwnd=219105 _cwnd=219105
Initialize per-instance NSCC parameters: flowid 162 _base_rtt=11685600 _base_bdp=146070 _bdp=146070 _min_cwnd=4150 _maxwnd=219105 _cwnd=219105
Initialize per-instance NSCC parameters: flowid 163 _base_rtt=11685600 _base_bdp=146070 _bdp=146070 _min_cwnd=4150 _maxwnd=219105 _cwnd=219105
Initialize per-instance NSCC parameters: flowid 164 _base_rtt=11685600 _base_bdp=146070 _bdp=146070 _min_cwnd=4150 _maxwnd=219105 _cwnd=219105
Initialize per-instance NSCC parameters: flowid 165 _base_rtt=11685600 _base_bdp=146070 _bdp=146070 _min_cwnd=4150 _maxwnd=219105 _cwnd=219105
Initialize per-instance NSCC parameters: flowid 166 _base_rtt=11685600 _base_bdp=146070 _bdp=146070 _min_cwnd=4150 _maxwnd=219105 _cwnd=219105
Starting simulation
Flow Uec_143_15 flowId 1 uecSrc 0 starting at 0
Flow Uec_251_123 flowId 2 uecSrc 1 starting at 0
Flow Uec_41_169 flowId 3 uecSrc 2 starting at 0
Flow Uec_140_12 flowId 4 uecSrc 3 starting at 0
Flow Uec_34_162 flowId 5 uecSrc 4 starting at 0
Flow Uec_67_195 flowId 6 uecSrc 5 starting at 0
Flow Uec_214_86 flowId 7 uecSrc 6 starting at 0
Flow Uec_73_201 flowId 8 uecSrc 7 starting at 0
Flow Uec_54_182 flowId 9 uecSrc 8 starting at 0
Flow Uec_155_27 flowId 10 uecSrc 9 starting at 0
Flow Uec_71_199 flowId 11 uecSrc 10 starting at 0
Flow Uec_35_163 flowId 12 uecSrc 11 starting at 0
Flow Uec_70_198 flowId 13 uecSrc 12 starting at 0
Flow Uec_213_85 flowId 14 uecSrc 13 starting at 0
Flow Uec_130_2 flowId 15 uecSrc 14 starting at 0
Flow Uec_227_99 flowId 16 uecSrc 15 starting at 0
Flow Uec_116_244 flowId 17 uecSrc 16 starting at 0
Flow Uec_80_208 flowId 18 uecSrc 17 starting at 0
Flow Uec_99_227 flowId 19 uecSrc 18 starting at 0
Flow Uec_150_22 flowId 20 uecSrc 19 starting at 0
Flow Uec_164_36 flowId 21 uecSrc 20 starting at 0
Flow Uec_14_142 flowId 22 uecSrc 21 starting at 0
Flow Uec_64_192 flowId 23 uecSrc 22 starting at 0
Flow Uec_249_121 flowId 24 uecSrc 23 starting at 0
Flow Uec_212_84 flowId 25 uecSrc 24 starting at 0
Flow Uec_252_124 flowId 26 uecSrc 25 starting at 0
Flow Uec_209_81 flowId 27 uecSrc 26 starting at 0
Flow Uec_201_73 flowId 28 uecSrc 27 starting at 0
Flow Uec_48_176 flowId 29 uecSrc 28 starting at 0
Flow Uec_203_75 flowId 30 uecSrc 29 starting at 0
Flow Uec_75_203 flowId 31 uecSrc 30 starting at 0
Flow Uec_118_246 flowId 32 uecSrc 31 starting at 0
Flow Uec_129_1 flowId 33 uecSrc 32 starting at 0
Flow Uec_222_94 flowId 34 uecSrc 33 starting at 0
Flow Uec_163_35 flowId 35 uecSrc 34 starting at 0
Flow Uec_151_23 flowId 36 uecSrc 35 starting at 0
Flow Uec_235_107 flowId 37 uecSrc 36 starting at 0
Flow Uec_168_40 flowId 38 uecSrc 37 starting at 0
Flow Uec_228_100 flowId 39 uecSrc 38 starting at 0
Flow Uec_224_96 flowId 40 uecSrc 39 starting at 0
Flow Uec_179_51 flowId 41 uecSrc 40 starting at 0
Flow Uec_86_214 flowId 42 uecSrc 41 starting at 0
Flow Uec_6_134 flowId 43 uecSrc 42 starting at 0
Flow Uec_40_168 flowId 44 uecSrc 43 starting at 0
Flow Uec_181_53 flowId 45 uecSrc 44 starting at 0
Flow Uec_46_174 flowId 46 uecSrc 45 starting at 0
Flow Uec_208_80 flowId 47 uecSrc 46 starting at 0
Flow Uec_238_110 flowId 48 uecSrc 47 starting at 0
Flow Uec_119_247 flowId 49 uecSrc 48 starting at 0
Flow Uec_244_116 flowId 50 uecSrc 49 starting at 0
Flow Uec_61_189 flowId 51 uecSrc 50 starting at 0
Flow Uec_110_238 flowId 52 uecSrc 51 starting at 0
Flow Uec_178_50 flowId 53 uecSrc 52 starting at 0
Flow Uec_50_178 flowId 54 uecSrc 53 starting at 0
Flow Uec_200_72 flowId 55 uecSrc 54 starting at 0
Flow Uec_115_243 flowId 56 uecSrc 55 starting at 0
Flow Uec_158_30 flowId 57 uecSrc 56 starting at 0
Flow Uec_18_146 flowId 58 uecSrc 57 starting at 0
Flow Uec_223_95 flowId 59 uecSrc 58 starting at 0
Flow Uec_81_209 flowId 60 uecSrc 59 starting at 0
Flow Uec_52_180 flowId 61 uecSrc 60 starting at 0
Flow Uec_62_190 flowId 62 uecSrc 61 starting at 0
Flow Uec_27_155 flowId 63 uecSrc 62 starting at 0
Flow Uec_218_90 flowId 64 uecSrc 63 starting at 0
Flow Uec_96_224 flowId 65 uecSrc 64 starting at 0
Flow Uec_90_218 flowId 66 uecSrc 65 starting at 0
Flow Uec_137_9 flowId 67 uecSrc 66 starting at 0
Flow Uec_42_170 flowId 68 uecSrc 67 starting at 0
Flow Uec_174_46 flowId 69 uecSrc 68 starting at 0
Flow Uec_16_144 flowId 70 uecSrc 69 starting at 0
Flow Uec_112_240 flowId 71 uecSrc 70 starting at 0
Flow Uec_88_216 flowId 72 uecSrc 71 starting at 0
Flow Uec_245_117 flowId 73 uecSrc 72 starting at 0
Flow Uec_106_234 flowId 74 uecSrc 73 starting at 0
Flow Uec_4_132 flowId 75 uecSrc 74 starting at 0
Flow Uec_159_31 flowId 76 uecSrc 75 starting at 0
Flow Uec_154_26 flowId 77 uecSrc 76 starting at 0
Flow Uec_24_152 flowId 78 uecSrc 77 starting at 0
Flow Uec_243_115 flowId 79 uecSrc 78 starting at 0
Flow Uec_32_160 flowId 80 uecSrc 79 starting at 0
Flow Uec_153_25 flowId 81 uecSrc 80 starting at 0
Flow Uec_167_39 flowId 82 uecSrc 81 starting at 0
Flow Uec_210_82 flowId 83 uecSrc 82 starting at 0
Flow Uec_43_171 flowId 84 uecSrc 83 starting at 0
Flow Uec_254_126 flowId 85 uecSrc 84 starting at 0
Flow Uec_180_52 flowId 86 uecSrc 85 starting at 0
Flow Uec_25_153 flowId 87 uecSrc 86 starting at 0
Flow Uec_190_62 flowId 88 uecSrc 87 starting at 0
Flow Uec_38_166 flowId 89 uecSrc 88 starting at 0
Flow Uec_11_139 flowId 90 uecSrc 89 starting at 0
Flow Uec_105_233 flowId 91 uecSrc 90 starting at 0
Flow Uec_237_109 flowId 92 uecSrc 91 starting at 0
Flow Uec_186_58 flowId 93 uecSrc 92 starting at 0
Flow Uec_169_41 flowId 94 uecSrc 93 starting at 0
Flow Uec_33_161 flowId 95 uecSrc 94 starting at 0
Flow Uec_65_193 flowId 96 uecSrc 95 starting at 0
Flow Uec_202_74 flowId 97 uecSrc 96 starting at 0
Flow Uec_69_197 flowId 98 uecSrc 97 starting at 0
Flow Uec_255_127 flowId 99 uecSrc 98 starting at 0
Flow Uec_216_88 flowId 100 uecSrc 99 starting at 0
Flow Uec_59_187 flowId 101 uecSrc 100 starting at 0
Flow Uec_177_49 flowId 102 uecSrc 101 starting at 0
Flow Uec_225_97 flowId 103 uecSrc 102 starting at 0
Flow Uec_58_186 flowId 104 uecSrc 103 starting at 0
Flow Uec_199_71 flowId 105 uecSrc 104 starting at 0
Flow Uec_128_0 flowId 106 uecSrc 105 starting at 0
Flow Uec_250_122 flowId 107 uecSrc 106 starting at 0
Flow Uec_15_143 flowId 108 uecSrc 107 starting at 0
Flow Uec_229_101 flowId 109 uecSrc 108 starting at 0
Flow Uec_104_232 flowId 110 uecSrc 109 starting at 0
Flow Uec_51_179 flowId 111 uecSrc 110 starting at 0
Flow Uec_230_102 flowId 112 uecSrc 111 starting at 0
Flow Uec_248_120 flowId 113 uecSrc 112 starting at 0
Flow Uec_253_125 flowId 114 uecSrc 113 starting at 0
Flow Uec_26_154 flowId 115 uecSrc 114 starting at 0
Flow Uec_98_226 flowId 116 uecSrc 115 starting at 0
Flow Uec_246_118 flowId 117 uecSrc 116 starting at 0
Flow Uec_103_231 flowId 118 uecSrc 117 starting at 0
Flow Uec_135_7 flowId 119 uecSrc 118 starting at 0
Flow Uec_108_236 flowId 120 uecSrc 119 starting at 0
Flow Uec_219_91 flowId 121 uecSrc 120 starting at 0
Flow Uec_195_67 flowId 122 uecSrc 121 starting at 0
Flow Uec_17_145 flowId 123 uecSrc 122 starting at 0
Flow Uec_188_60 flowId 124 uecSrc 123 starting at 0
Flow Uec_144_16 flowId 125 uecSrc 124 starting at 0
Flow Uec_2_130 flowId 126 uecSrc 125 starting at 0
Flow Uec_22_150 flowId 127 uecSrc 126 starting at 0
Flow Uec_68_196 flowId 128 uecSrc 127 starting at 0
Flow Uec_60_188 flowId 129 uecSrc 128 starting at 0
Flow Uec_156_28 flowId 130 uecSrc 129 starting at 0
Flow Uec_146_18 flowId 131 uecSrc 130 starting at 0
Flow Uec_113_241 flowId 132 uecSrc 131 starting at 0
Flow Uec_175_47 flowId 133 uecSrc 132 starting at 0
Flow Uec_94_222 flowId 134 uecSrc 133 starting at 0
Flow Uec_57_185 flowId 135 uecSrc 134 starting at 0
Flow Uec_194_66 flowId 136 uecSrc 135 starting at 0
Flow Uec_184_56 flowId 137 uecSrc 136 starting at 0
Flow Uec_0_128 flowId 138 uecSrc 137 starting at 0
Flow Uec_241_113 flowId 139 uecSrc 138 starting at 0
Flow Uec_240_112 flowId 140 uecSrc 139 starting at 0
Flow Uec_198_70 flowId 141 uecSrc 140 starting at 0
Flow Uec_93_221 flowId 142 uecSrc 141 starting at 0
Flow Uec_136_8 flowId 143 uecSrc 142 starting at 0
Flow Uec_242_114 flowId 144 uecSrc 143 starting at 0
Flow Uec_87_215 flowId 145 uecSrc 144 starting at 0
Flow Uec_123_251 flowId 146 uecSrc 145 starting at 0
Flow Uec_76_204 flowId 147 uecSrc 146 starting at 0
Flow Uec_172_44 flowId 148 uecSrc 147 starting at 0
Flow Uec_9_137 flowId 149 uecSrc 148 starting at 0
Flow Uec_23_151 flowId 150 uecSrc 149 starting at 0
Flow Uec_1_129 flowId 151 uecSrc 150 starting at 0
Flow Uec_29_157 flowId 152 uecSrc 151 starting at 0
Flow Uec_192_64 flowId 153 uecSrc 152 starting at 0
Flow Uec_77_205 flowId 154 uecSrc 153 starting at 0
Flow Uec_152_24 flowId 155 uecSrc 154 starting at 0
Flow Uec_121_249 flowId 156 uecSrc 155 starting at 0
Flow Uec_117_245 flowId 157 uecSrc 156 starting at 0
Flow Uec_232_104 flowId 158 uecSrc 157 starting at 0
Flow Uec_217_89 flowId 159 uecSrc 158 starting at 0
Flow Uec_205_77 flowId 160 uecSrc 159 starting at 0
Flow Uec_133_5 flowId 161 uecSrc 160 starting at 0
Flow Uec_37_165 flowId 162 uecSrc 161 starting at 0
Flow Uec_233_105 flowId 163 uecSrc 162 starting at 0
Flow Uec_95_223 flowId 164 uecSrc 163 starting at 0
Flow Uec_10_138 flowId 165 uecSrc 164 starting at 0
Flow Uec_147_19 flowId 166 uecSrc 165 starting at 0
138.643 flowid 68 Spurious 20
142.336 flowid 70 Spurious 61
147.846 flowid 78 Spurious 58
149.184 flowid 78 Spurious 62
156.581 flowid 78 Spurious 66
157.245 flowid 78 Spurious 69
157.297 flowid 115 Spurious 81
160.638 flowid 115 Spurious 86
163.299 flowid 115 Spurious 96
164.295 flowid 115 Spurious 90
164.627 flowid 115 Spurious 99
166.977 flowid 115 Spurious 100
Flow Uec_194_66 flowId 136 uecSrc 135 finished at 173.862 total messages 1 total packets 490 RTS 0 total bytes 2002140 in_flight now 0 fair_inc 0 prop_inc 10576 fast_inc 444999 eta_inc 8344 multi_dec -0 quick_dec -0 nack_dec -0
Flow Uec_119_247 flowId 49 uecSrc 48 finished at 174.858 total messages 1 total packets 490 RTS 0 total bytes 2002140 in_flight now 0 fair_inc 0 prop_inc 35329 fast_inc 311157 eta_inc 8344 multi_dec -0 quick_dec -0 nack_dec -0
Flow Uec_180_52 flowId 86 uecSrc 85 finished at 175.806 total messages 1 total packets 490 RTS 0 total bytes 2002140 in_flight now 0 fair_inc 0 prop_inc 76983 fast_inc 105066 eta_inc 8344 multi_dec -0 quick_dec -0 nack_dec -0
Flow Uec_110_238 flowId 52 uecSrc 51 finished at 175.819 total messages 1 total packets 490 RTS 0 total bytes 2002140 in_flight now 0 fair_inc 0 prop_inc 87514 fast_inc 52533 eta_inc 8344 multi_dec -0 quick_dec -0 nack_dec -0
Flow Uec_123_251 flowId 146 uecSrc 145 finished at 176.336 total messages 1 total packets 490 RTS 0 total bytes 2002140 in_flight now 0 fair_inc 0 prop_inc 88924 fast_inc 0 eta_inc 8344 multi_dec -0 quick_dec -0 nack_dec -0
Flow Uec_195_67 flowId 122 uecSrc 121 finished at 176.341 total messages 1 total packets 490 RTS 0 total bytes 2002140 in_flight now 0 fair_inc 0 prop_inc 93016 fast_inc 0 eta_inc 7748 multi_dec -0 quick_dec -0 nack_dec -0
Flow Uec_129_1 flowId 33 uecSrc 32 finished at 176.743 total messages 1 total packets 490 RTS 0 total bytes 2002140 in_flight now 0 fair_inc 0 prop_inc 90956 fast_inc 0 eta_inc 8344 multi_dec -0 quick_dec -0 nack_dec -0
Flow Uec_104_232 flowId 110 uecSrc 109 finished at 176.91 total messages 1 total packets 490 RTS 0 total bytes 2002140 in_flight now 0 fair_inc 0 prop_inc 86401 fast_inc 0 eta_inc 8344 multi_dec -0 quick_dec -0 nack_dec -0
Flow Uec_116_244 flowId 17 uecSrc 16 finished at 177.235 total messages 1 total packets 490 RTS 0 total bytes 2002140 in_flight now 0 fair_inc 0 prop_inc 90673 fast_inc 0 eta_inc 7748 multi_dec -0 quick_dec -0 nack_dec -0
Flow Uec_98_226 flowId 116 uecSrc 115 finished at 177.249 total messages 1 total packets 490 RTS 0 total bytes 2002140 in_flight now 0 fair_inc 0 prop_inc 69691 fast_inc 52533 eta_inc 8344 multi_dec -0 quick_dec -0 nack_dec -0
Flow Uec_164_36 flowId 21 uecSrc 20 finished at 177.441 total messages 1 total packets 490 RTS 0 total bytes 2002140 in_flight now 0 fair_inc 0 prop_inc 85568 fast_inc 20205 eta_inc 8344 multi_dec -0 quick_dec -0 nack_dec -0
Flow Uec_133_5 flowId 161 uecSrc 160 finished at 177.98 total messages 1 total packets 490 RTS 0 total bytes 2002140 in_flight now 0 fair_inc 0 prop_inc 80960 fast_inc 0 eta_inc 8344 multi_dec -0 quick_dec -0 nack_dec -0
Flow Uec_80_208 flowId 18 uecSrc 17 finished at 179.91 total messages 1 total packets 490 RTS 0 total bytes 2002140 in_flight now 0 fair_inc 0 prop_inc 61379 fast_inc 0 eta_inc 8344 multi_dec -0 quick_dec -0 nack_dec -0
Flow Uec_137_9 flowId 67 uecSrc 66 finished at 181.569 total messages 1 total packets 490 RTS 0 total bytes 2002140 in_flight now 0 fair_inc 0 prop_inc 65864 fast_inc 0 eta_inc 8344 multi_dec -0 quick_dec -0 nack_dec -0
Flow Uec_73_201 flowId 8 uecSrc 7 finished at 182.543 total messages 1 total packets 490 RTS 0 total bytes 2002140 in_flight now 0 fair_inc 0 prop_inc 44885 fast_inc 0 eta_inc 8344 multi_dec -0 quick_dec -0 nack_dec -0
Flow Uec_248_120 flowId 113 uecSrc 112 finished at 183.608 total messages 1 total packets 490 RTS 0 total bytes 2002140 in_flight now 0 fair_inc 0 prop_inc 35345 fast_inc 0 eta_inc 8940 multi_dec -0 quick_dec -0 nack_dec -0
Flow Uec_62_190 flowId 62 uecSrc 61 finished at 190.54 total messages 1 total packets 490 RTS 0 total bytes 2002140 in_flight now 0 fair_inc 0 prop_inc 26766 fast_inc 0 eta_inc 8940 multi_dec -0 quick_dec -0 nack_dec -0
Flow Uec_1_129 flowId 151 uecSrc 150 finished at 192.645 total messages 1 total packets 490 RTS 0 total bytes 2002140 in_flight now 0 fair_inc 0 prop_inc 19131 fast_inc 0 eta_inc 8940 multi_dec -0 quick_dec -0 nack_dec -0
Flow Uec_244_116 flowId 50 uecSrc 49 finished at 193.766 total messages 1 total packets 490 RTS 0 total bytes 2002140 in_flight now 0 fair_inc 376 prop_inc 23818 fast_inc 0 eta_inc 8940 multi_dec -0 quick_dec -0 nack_dec -0
Flow Uec_33_161 flowId 95 uecSrc 94 finished at 195.618 total messages 1 total packets 490 RTS 0 total bytes 2002140 in_flight now 0 fair_inc 0 prop_inc 17426 fast_inc 0 eta_inc 8940 multi_dec -0 quick_dec -0 nack_dec -0
201.693 flowid 89 Spurious 186
202.025 flowid 89 Spurious 187
202.689 flowid 89 Spurious 191
203.021 flowid 89 Spurious 192
Flow Uec_255_127 flowId 99 uecSrc 98 finished at 203.86 total messages 1 total packets 490 RTS 0 total bytes 2002140 in_flight now 0 fair_inc 9011 prop_inc 11857 fast_inc 0 eta_inc 9536 multi_dec -0 quick_dec -0 nack_dec -0
205.013 flowid 89 Spurious 196
Flow Uec_0_128 flowId 138 uecSrc 137 finished at 207.083 total messages 1 total packets 490 RTS 0 total bytes 2002140 in_flight now 0 fair_inc 7872 prop_inc 12131 fast_inc 0 eta_inc 9536 multi_dec -0 quick_dec -0 nack_dec -0
Flow Uec_34_162 flowId 5 uecSrc 4 finished at 209.853 total messages 1 total packets 492 RTS 2 total bytes 2002140 in_flight now 0 fair_inc 9815 prop_inc 25705 fast_inc 0 eta_inc 10132 multi_dec -0 quick_dec -0 nack_dec -20750
Flow Uec_38_166 flowId 89 uecSrc 88 finished at 212.501 total messages 1 total packets 492 RTS 2 total bytes 2002140 in_flight now 0 fair_inc 5847 prop_inc 9569 fast_inc 0 eta_inc 10132 multi_dec -0 quick_dec -0 nack_dec -8300
Flow Uec_143_15 flowId 1 uecSrc 0 finished at 214.392 total messages 1 total packets 490 RTS 0 total bytes 2002140 in_flight now 0 fair_inc 4960 prop_inc 6469 fast_inc 0 eta_inc 10132 multi_dec -6891 quick_dec -0 nack_dec -0
Flow Uec_35_163 flowId 12 uecSrc 11 finished at 215.193 total messages 1 total packets 490 RTS 0 total bytes 2002140 in_flight now 0 fair_inc 10871 prop_inc 9169 fast_inc 0 eta_inc 10132 multi_dec -0 quick_dec -0 nack_dec -4150
218.77 flowid 44 Spurious 225
Flow Uec_202_74 flowId 97 uecSrc 96 finished at 225.698 total messages 1 total packets 490 RTS 0 total bytes 2002140 in_flight now 0 fair_inc 2494 prop_inc 19818 fast_inc 0 eta_inc 10728 multi_dec -56775 quick_dec -0 nack_dec -0
225.87 flowid 44 Spurious 242
226.544 flowid 44 Spurious 245
238.423 flowid 150 Spurious 201
242.076 flowid 123 Spurious 305
Flow Uec_32_160 flowId 80 uecSrc 79 finished at 253.409 total messages 1 total packets 490 RTS 0 total bytes 2002140 in_flight now 0 fair_inc 17179 prop_inc 12341 fast_inc 0 eta_inc 10728 multi_dec -0 quick_dec -0 nack_dec -24900
258.49 flowid 87 Spurious 342
260.196 flowid 87 Spurious 346
265.075 flowid 78 Spurious 319
266.403 flowid 78 Spurious 321
266.735 flowid 78 Spurious 322
268.063 flowid 78 Spurious 324
268.395 flowid 78 Spurious 325
271.562 flowid 115 Spurious 367
271.904 flowid 115 Spurious 368
272.267 flowid 78 Spurious 336
272.553 flowid 115 Spurious 369
Flow Uec_135_7 flowId 119 uecSrc 118 finished at 273.475 total messages 1 total packets 491 RTS 1 total bytes 2002140 in_flight now 0 fair_inc 8094 prop_inc 39693 fast_inc 0 eta_inc 11920 multi_dec -80012 quick_dec -0 nack_dec -16600
Flow Uec_26_154 flowId 115 uecSrc 114 finished at 277.012 total messages 1 total packets 492 RTS 2 total bytes 2002140 in_flight now 0 fair_inc 4897 prop_inc 13656 fast_inc 0 eta_inc 11324 multi_dec -0 quick_dec -162219 nack_dec -8300
Flow Uec_54_182 flowId 9 uecSrc 8 finished at 279.448 total messages 1 total packets 490 RTS 0 total bytes 2002140 in_flight now 0 fair_inc 5722 prop_inc 42554 fast_inc 0 eta_inc 13112 multi_dec -79628 quick_dec -0 nack_dec -45650
281.293 flowid 115 Spurious 383
Flow Uec_151_23 flowId 36 uecSrc 35 finished at 282.672 total messages 1 total packets 490 RTS 0 total bytes 2002140 in_flight now 0 fair_inc 6970 prop_inc 29990 fast_inc 0 eta_inc 13112 multi_dec -66758 quick_dec -0 nack_dec -33200
289.88 flowid 90 Spurious 401
Flow Uec_40_168 flowId 44 uecSrc 43 finished at 290.394 total messages 1 total packets 491 RTS 1 total bytes 2002140 in_flight now 0 fair_inc 4206 prop_inc 14273 fast_inc 0 eta_inc 11324 multi_dec -0 quick_dec -161098 nack_dec -8300
291.369 flowid 3 Spurious 426
Flow Uec_18_146 flowId 58 uecSrc 57 finished at 292.377 total messages 1 total packets 491 RTS 1 total bytes 2002140 in_flight now 0 fair_inc 16736 prop_inc 33099 fast_inc 0 eta_inc 13708 multi_dec -124313 quick_dec -0 nack_dec -8300
292.484 flowid 44 Spurious 406
293.5 flowid 44 Spurious 408
293.588 flowid 90 Spurious 411
Flow Uec_163_35 flowId 35 uecSrc 34 finished at 295.341 total messages 1 total packets 490 RTS 0 total bytes 2002140 in_flight now 0 fair_inc 8399 prop_inc 37065 fast_inc 0 eta_inc 13708 multi_dec -69473 quick_dec -0 nack_dec -49800
296.872 flowid 44 Spurious 414
298.23 flowid 44 Spurious 417
298.811 flowid 29 Spurious 281
Flow Uec_41_169 flowId 3 uecSrc 2 finished at 307.75 total messages 1 total packets 491 RTS 1 total bytes 2002140 in_flight now 0 fair_inc 7910 prop_inc 13597 fast_inc 0 eta_inc 11324 multi_dec -0 quick_dec -0 nack_dec -4150
Flow Uec_174_46 flowId 69 uecSrc 68 finished at 308.599 total messages 1 total packets 491 RTS 1 total bytes 2002140 in_flight now 0 fair_inc 9789 prop_inc 42495 fast_inc 0 eta_inc 14304 multi_dec -94894 quick_dec -0 nack_dec -29050
Flow Uec_209_81 flowId 27 uecSrc 26 finished at 317.908 total messages 1 total packets 490 RTS 0 total bytes 2002140 in_flight now 0 fair_inc 1670 prop_inc 30905 fast_inc 0 eta_inc 14900 multi_dec -84100 quick_dec -0 nack_dec -41500
Flow Uec_106_234 flowId 74 uecSrc 73 finished at 318.139 total messages 1 total packets 490 RTS 0 total bytes 2002140 in_flight now 0 fair_inc 5420 prop_inc 37575 fast_inc 0 eta_inc 14900 multi_dec -117809 quick_dec -0 nack_dec -24900
Flow Uec_25_153 flowId 87 uecSrc 86 finished at 318.407 total messages 1 total packets 490 RTS 0 total bytes 2002140 in_flight now 0 fair_inc 12407 prop_inc 15917 fast_inc 0 eta_inc 11920 multi_dec -0 quick_dec -0 nack_dec -0
Flow Uec_17_145 flowId 123 uecSrc 122 finished at 321.042 total messages 1 total packets 492 RTS 2 total bytes 2002140 in_flight now 0 fair_inc 13575 prop_inc 20509 fast_inc 1010 eta_inc 11920 multi_dec -0 quick_dec -171727 nack_dec -12450
Flow Uec_43_171 flowId 84 uecSrc 83 finished at 321.635 total messages 1 total packets 495 RTS 5 total bytes 2002140 in_flight now 0 fair_inc 23470 prop_inc 52512 fast_inc 0 eta_inc 14900 multi_dec -128905 quick_dec -0 nack_dec -8300
Flow Uec_29_157 flowId 152 uecSrc 151 finished at 323.627 total messages 1 total packets 490 RTS 0 total bytes 2002140 in_flight now 0 fair_inc 8044 prop_inc 23805 fast_inc 0 eta_inc 11324 multi_dec -0 quick_dec -187947 nack_dec -20750
Flow Uec_146_18 flowId 131 uecSrc 130 finished at 324.738 total messages 1 total packets 490 RTS 0 total bytes 2002140 in_flight now 0 fair_inc 3901 prop_inc 26610 fast_inc 0 eta_inc 15496 multi_dec -79937 quick_dec -0 nack_dec -45650
Flow Uec_190_62 flowId 88 uecSrc 87 finished at 329.873 total messages 1 total packets 490 RTS 0 total bytes 2002140 in_flight now 0 fair_inc 3497 prop_inc 30165 fast_inc 0 eta_inc 16092 multi_dec -81779 quick_dec -0 nack_dec -49800
Flow Uec_14_142 flowId 22 uecSrc 21 finished at 330.406 total messages 1 total packets 490 RTS 0 total bytes 2002140 in_flight now 0 fair_inc 2110 prop_inc 54425 fast_inc 0 eta_inc 14900 multi_dec -142798 quick_dec -0 nack_dec -16600
Flow Uec_16_144 flowId 70 uecSrc 69 finished at 331.301 total messages 1 total packets 491 RTS 1 total bytes 2002140 in_flight now 0 fair_inc 17454 prop_inc 47595 fast_inc 0 eta_inc 15496 multi_dec -155392 quick_dec -0 nack_dec -4150
Flow Uec_198_70 flowId 141 uecSrc 140 finished at 331.329 total messages 1 total packets 490 RTS 0 total bytes 2002140 in_flight now 0 fair_inc 7091 prop_inc 29360 fast_inc 0 eta_inc 15496 multi_dec -76276 quick_dec -0 nack_dec -53950
Flow Uec_15_143 flowId 108 uecSrc 107 finished at 331.911 total messages 1 total packets 494 RTS 4 total bytes 2002140 in_flight now 0 fair_inc 10154 prop_inc 47608 fast_inc 62112 eta_inc 14900 multi_dec -96170 quick_dec -0 nack_dec -16600
Flow Uec_184_56 flowId 137 uecSrc 136 finished at 334.689 total messages 1 total packets 490 RTS 0 total bytes 2002140 in_flight now 0 fair_inc 4027 prop_inc 39244 fast_inc 0 eta_inc 15496 multi_dec -98917 quick_dec -0 nack_dec -45650
Flow Uec_216_88 flowId 100 uecSrc 99 finished at 335.526 total messages 1 total packets 490 RTS 0 total bytes 2002140 in_flight now 0 fair_inc 6200 prop_inc 38388 fast_inc 0 eta_inc 15496 multi_dec -100766 quick_dec -0 nack_dec -49800
Flow Uec_11_139 flowId 90 uecSrc 89 finished at 335.798 total messages 1 total packets 492 RTS 2 total bytes 2002140 in_flight now 0 fair_inc 8359 prop_inc 17902 fast_inc 0 eta_inc 13708 multi_dec -0 quick_dec -189130 nack_dec -24900
Flow Uec_59_187 flowId 101 uecSrc 100 finished at 337.595 total messages 1 total packets 490 RTS 0 total bytes 2002140 in_flight now 0 fair_inc 17132 prop_inc 44248 fast_inc 0 eta_inc 15496 multi_dec -111083 quick_dec -0 nack_dec -37350
339.035 flowid 78 Spurious 441
Flow Uec_192_64 flowId 153 uecSrc 152 finished at 339.537 total messages 1 total packets 490 RTS 0 total bytes 2002140 in_flight now 0 fair_inc 6599 prop_inc 35636 fast_inc 0 eta_inc 16092 multi_dec -105994 quick_dec -0 nack_dec -41500
Flow Uec_128_0 flowId 106 uecSrc 105 finished at 343.274 total messages 1 total packets 490 RTS 0 total bytes 2002140 in_flight now 0 fair_inc 7949 prop_inc 42536 fast_inc 0 eta_inc 16092 multi_dec -108981 quick_dec -0 nack_dec -41500
Flow Uec_205_77 flowId 160 uecSrc 159 finished at 343.6 total messages 1 total packets 490 RTS 0 total bytes 2002140 in_flight now 0 fair_inc 6364 prop_inc 35801 fast_inc 0 eta_inc 16092 multi_dec -100678 quick_dec -0 nack_dec -49800
Flow Uec_179_51 flowId 41 uecSrc 40 finished at 343.889 total messages 1 total packets 490 RTS 0 total bytes 2002140 in_flight now 0 fair_inc 14491 prop_inc 40377 fast_inc 0 eta_inc 16688 multi_dec -109460 quick_dec -0 nack_dec -41500
Flow Uec_58_186 flowId 104 uecSrc 103 finished at 346.039 total messages 1 total packets 490 RTS 0 total bytes 2002140 in_flight now 0 fair_inc 14778 prop_inc 41378 fast_inc 0 eta_inc 16688 multi_dec -108689 quick_dec -0 nack_dec -49800
Flow Uec_246_118 flowId 117 uecSrc 116 finished at 346.219 total messages 1 total packets 490 RTS 0 total bytes 2002140 in_flight now 0 fair_inc 14272 prop_inc 49284 fast_inc 0 eta_inc 16092 multi_dec -140191 quick_dec -0 nack_dec -20750
Flow Uec_219_91 flowId 121 uecSrc 120 finished at 346.951 total messages 1 total packets 490 RTS 0 total bytes 2002140 in_flight now 0 fair_inc 2620 prop_inc 42346 fast_inc 20691 eta_inc 16688 multi_dec -101413 quick_dec -0 nack_dec -49800
Flow Uec_223_95 flowId 59 uecSrc 58 finished at 347.402 total messages 1 total packets 490 RTS 0 total bytes 2002140 in_flight now 0 fair_inc 2365 prop_inc 42099 fast_inc 0 eta_inc 16688 multi_dec -98343 quick_dec -0 nack_dec -49800
Flow Uec_48_176 flowId 29 uecSrc 28 finished at 348.563 total messages 1 total packets 499 RTS 9 total bytes 2002140 in_flight now -128 fair_inc 34838 prop_inc 10097 fast_inc 0 eta_inc 16092 multi_dec -55044 quick_dec -0 nack_dec -20750
Flow Uec_115_243 flowId 56 uecSrc 55 finished at 348.662 total messages 1 total packets 490 RTS 0 total bytes 2002140 in_flight now 0 fair_inc 4662 prop_inc 50763 fast_inc 6060 eta_inc 16092 multi_dec -90888 quick_dec -0 nack_dec -62250
Flow Uec_61_189 flowId 51 uecSrc 50 finished at 349.817 total messages 1 total packets 490 RTS 0 total bytes 2002140 in_flight now 0 fair_inc 25660 prop_inc 36795 fast_inc 0 eta_inc 16688 multi_dec -116342 quick_dec -0 nack_dec -41500
Flow Uec_37_165 flowId 162 uecSrc 161 finished at 353.298 total messages 1 total packets 495 RTS 5 total bytes 2002140 in_flight now -64 fair_inc 17340 prop_inc 25858 fast_inc 0 eta_inc 13112 multi_dec -0 quick_dec -177294 nack_dec -16600
353.553 flowid 162 Spurious 485
Flow Uec_249_121 flowId 24 uecSrc 23 finished at 355.766 total messages 1 total packets 490 RTS 0 total bytes 2002140 in_flight now 0 fair_inc 4305 prop_inc 30936 fast_inc 0 eta_inc 17284 multi_dec -62150 quick_dec -0 nack_dec -78850
355.927 flowid 75 Spurious 478
Flow Uec_154_26 flowId 77 uecSrc 76 finished at 356.906 total messages 1 total packets 490 RTS 0 total bytes 2002140 in_flight now 0 fair_inc 15935 prop_inc 39671 fast_inc 152019 eta_inc 15496 multi_dec -141087 quick_dec -0 nack_dec -45650
Flow Uec_60_188 flowId 129 uecSrc 128 finished at 361.464 total messages 1 total packets 490 RTS 0 total bytes 2002140 in_flight now 0 fair_inc 19902 prop_inc 46616 fast_inc 0 eta_inc 14900 multi_dec -97041 quick_dec -0 nack_dec -66400
Flow Uec_152_24 flowId 155 uecSrc 154 finished at 361.754 total messages 1 total packets 490 RTS 0 total bytes 2002140 in_flight now 0 fair_inc 15362 prop_inc 53048 fast_inc 81304 eta_inc 16688 multi_dec -163205 quick_dec -0 nack_dec -29050
Flow Uec_167_39 flowId 82 uecSrc 81 finished at 366.141 total messages 1 total packets 490 RTS 0 total bytes 2002140 in_flight now 0 fair_inc 2208 prop_inc 70818 fast_inc 51000 eta_inc 16688 multi_dec -132535 quick_dec -0 nack_dec -45650
Flow Uec_245_117 flowId 73 uecSrc 72 finished at 366.559 total messages 1 total packets 490 RTS 0 total bytes 2002140 in_flight now 0 fair_inc 12734 prop_inc 60202 fast_inc 0 eta_inc 16688 multi_dec -101509 quick_dec -0 nack_dec -66400
Flow Uec_42_170 flowId 68 uecSrc 67 finished at 367.106 total messages 1 total packets 499 RTS 9 total bytes 2002140 in_flight now -64 fair_inc 31230 prop_inc 24308 fast_inc 0 eta_inc 17284 multi_dec -0 quick_dec -0 nack_dec -4150
Flow Uec_4_132 flowId 75 uecSrc 74 finished at 370.141 total messages 1 total packets 492 RTS 2 total bytes 2002140 in_flight now 0 fair_inc 29066 prop_inc 45768 fast_inc 0 eta_inc 13112 multi_dec -0 quick_dec -185380 nack_dec -49800
Flow Uec_22_150 flowId 127 uecSrc 126 finished at 370.387 total messages 1 total packets 497 RTS 7 total bytes 2002140 in_flight now -64 fair_inc 11596 prop_inc 53887 fast_inc 0 eta_inc 16688 multi_dec -145431 quick_dec -0 nack_dec -0
Flow Uec_24_152 flowId 78 uecSrc 77 finished at 370.928 total messages 1 total packets 496 RTS 6 total bytes 2002140 in_flight now -64 fair_inc 10412 prop_inc 17546 fast_inc 0 eta_inc 15496 multi_dec -0 quick_dec -117710 nack_dec -4150
Flow Uec_238_110 flowId 48 uecSrc 47 finished at 371.933 total messages 1 total packets 490 RTS 0 total bytes 2002140 in_flight now 0 fair_inc 15446 prop_inc 34965 fast_inc 0 eta_inc 17880 multi_dec -120702 quick_dec -0 nack_dec -41500
Flow Uec_254_126 flowId 85 uecSrc 84 finished at 375.324 total messages 1 total packets 490 RTS 0 total bytes 2002140 in_flight now 0 fair_inc 10443 prop_inc 39892 fast_inc 0 eta_inc 17880 multi_dec -75463 quick_dec -0 nack_dec -83000
Flow Uec_240_112 flowId 140 uecSrc 139 finished at 376.485 total messages 1 total packets 490 RTS 0 total bytes 2002140 in_flight now 0 fair_inc 50228 prop_inc 28760 fast_inc 0 eta_inc 17880 multi_dec -112168 quick_dec -0 nack_dec -53950
Flow Uec_156_28 flowId 130 uecSrc 129 finished at 377.442 total messages 1 total packets 490 RTS 0 total bytes 2002140 in_flight now 0 fair_inc 11402 prop_inc 33162 fast_inc 0 eta_inc 17284 multi_dec -74557 quick_dec -0 nack_dec -66400
Flow Uec_65_193 flowId 96 uecSrc 95 finished at 382.982 total messages 1 total packets 490 RTS 0 total bytes 2002140 in_flight now 0 fair_inc 8016 prop_inc 95950 fast_inc 0 eta_inc 16688 multi_dec -118995 quick_dec -0 nack_dec -58100
Flow Uec_9_137 flowId 149 uecSrc 148 finished at 385.721 total messages 1 total packets 495 RTS 5 total bytes 2002140 in_flight now -128 fair_inc 27959 prop_inc 29872 fast_inc 0 eta_inc 16092 multi_dec -28096 quick_dec -177153 nack_dec -12450
Flow Uec_140_12 flowId 4 uecSrc 3 finished at 394.688 total messages 1 total packets 492 RTS 2 total bytes 2002140 in_flight now 0 fair_inc 13879 prop_inc 93895 fast_inc 0 eta_inc 16688 multi_dec -112502 quick_dec -0 nack_dec -53950
Flow Uec_46_174 flowId 46 uecSrc 45 finished at 398.815 total messages 1 total packets 499 RTS 9 total bytes 2002140 in_flight now -64 fair_inc 17756 prop_inc 50470 fast_inc 153029 eta_inc 18476 multi_dec -49301 quick_dec -0 nack_dec -12450
Flow Uec_175_47 flowId 133 uecSrc 132 finished at 404.821 total messages 1 total packets 491 RTS 1 total bytes 2002140 in_flight now 0 fair_inc 32781 prop_inc 43658 fast_inc 0 eta_inc 17880 multi_dec -70824 quick_dec -0 nack_dec -95450
Flow Uec_144_16 flowId 125 uecSrc 124 finished at 425.863 total messages 1 total packets 491 RTS 1 total bytes 2002140 in_flight now 0 fair_inc 18467 prop_inc 26575 fast_inc 0 eta_inc 20264 multi_dec -87807 quick_dec -0 nack_dec -74700
Flow Uec_68_196 flowId 128 uecSrc 127 finished at 430.479 total messages 1 total packets 490 RTS 0 total bytes 2002140 in_flight now 0 fair_inc 32353 prop_inc 19840 fast_inc 0 eta_inc 20264 multi_dec -50829 quick_dec -0 nack_dec -132800
Flow Uec_2_130 flowId 126 uecSrc 125 finished at 433.706 total messages 1 total packets 496 RTS 6 total bytes 2002140 in_flight now 0 fair_inc 20752 prop_inc 34720 fast_inc 0 eta_inc 16092 multi_dec -1466 quick_dec -0 nack_dec -41500
Flow Uec_150_22 flowId 20 uecSrc 19 finished at 442.176 total messages 1 total packets 490 RTS 0 total bytes 2002140 in_flight now 0 fair_inc 15229 prop_inc 12077 fast_inc 0 eta_inc 20264 multi_dec -39017 quick_dec -0 nack_dec -120350
Flow Uec_86_214 flowId 42 uecSrc 41 finished at 442.501 total messages 1 total packets 490 RTS 0 total bytes 2002140 in_flight now 0 fair_inc 11873 prop_inc 19776 fast_inc 0 eta_inc 19668 multi_dec -39684 quick_dec -0 nack_dec -116200
Flow Uec_235_107 flowId 37 uecSrc 36 finished at 443.035 total messages 1 total packets 490 RTS 0 total bytes 2002140 in_flight now 0 fair_inc 17864 prop_inc 17194 fast_inc 0 eta_inc 20860 multi_dec -69555 quick_dec -0 nack_dec -107900
Flow Uec_23_151 flowId 150 uecSrc 149 finished at 445.148 total messages 1 total packets 497 RTS 7 total bytes 2002140 in_flight now 0 fair_inc 15366 prop_inc 78485 fast_inc 0 eta_inc 19668 multi_dec -138824 quick_dec -0 nack_dec -8300
Flow Uec_121_249 flowId 156 uecSrc 155 finished at 448.56 total messages 1 total packets 490 RTS 0 total bytes 2002140 in_flight now 0 fair_inc 33275 prop_inc 16257 fast_inc 0 eta_inc 20264 multi_dec -45136 quick_dec -0 nack_dec -136950
Flow Uec_237_109 flowId 92 uecSrc 91 finished at 449.138 total messages 1 total packets 490 RTS 0 total bytes 2002140 in_flight now 0 fair_inc 16639 prop_inc 19252 fast_inc 0 eta_inc 21456 multi_dec -37051 quick_dec -0 nack_dec -141100
Flow Uec_57_185 flowId 135 uecSrc 134 finished at 450.665 total messages 1 total packets 490 RTS 0 total bytes 2002140 in_flight now 0 fair_inc 21413 prop_inc 24773 fast_inc 0 eta_inc 21456 multi_dec -36206 quick_dec -0 nack_dec -153550
Flow Uec_94_222 flowId 134 uecSrc 133 finished at 452.925 total messages 1 total packets 490 RTS 0 total bytes 2002140 in_flight now 0 fair_inc 25136 prop_inc 18122 fast_inc 0 eta_inc 21456 multi_dec -104510 quick_dec -0 nack_dec -83000
Flow Uec_199_71 flowId 105 uecSrc 104 finished at 455.041 total messages 1 total packets 490 RTS 0 total bytes 2002140 in_flight now 0 fair_inc 14619 prop_inc 27192 fast_inc 0 eta_inc 20860 multi_dec -48298 quick_dec -0 nack_dec -136950
Flow Uec_241_113 flowId 139 uecSrc 138 finished at 455.626 total messages 1 total packets 490 RTS 0 total bytes 2002140 in_flight now 0 fair_inc 21579 prop_inc 23442 fast_inc 0 eta_inc 22052 multi_dec -50077 quick_dec -0 nack_dec -120350
Flow Uec_90_218 flowId 66 uecSrc 65 finished at 455.857 total messages 1 total packets 490 RTS 0 total bytes 2002140 in_flight now 0 fair_inc 38279 prop_inc 17109 fast_inc 0 eta_inc 22052 multi_dec -43920 quick_dec -0 nack_dec -141100
Flow Uec_70_198 flowId 13 uecSrc 12 finished at 459.975 total messages 1 total packets 490 RTS 0 total bytes 2002140 in_flight now 0 fair_inc 19165 prop_inc 19665 fast_inc 0 eta_inc 22052 multi_dec -85584 quick_dec -0 nack_dec -95450
Flow Uec_27_155 flowId 63 uecSrc 62 finished at 464.201 total messages 1 total packets 495 RTS 5 total bytes 2002140 in_flight now -128 fair_inc 13850 prop_inc 84418 fast_inc 0 eta_inc 19668 multi_dec -165480 quick_dec -0 nack_dec -4150
Flow Uec_71_199 flowId 11 uecSrc 10 finished at 475 total messages 1 total packets 490 RTS 0 total bytes 2002140 in_flight now 0 fair_inc 20704 prop_inc 28351 fast_inc 0 eta_inc 22648 multi_dec -91750 quick_dec -0 nack_dec -91300
Flow Uec_222_94 flowId 34 uecSrc 33 finished at 478.19 total messages 1 total packets 490 RTS 0 total bytes 2002140 in_flight now 0 fair_inc 17277 prop_inc 36729 fast_inc 0 eta_inc 22052 multi_dec -111208 quick_dec -0 nack_dec -78850
Flow Uec_105_233 flowId 91 uecSrc 90 finished at 478.341 total messages 1 total packets 490 RTS 0 total bytes 2002140 in_flight now 0 fair_inc 20957 prop_inc 15679 fast_inc 0 eta_inc 22648 multi_dec -81393 quick_dec -0 nack_dec -95450
Flow Uec_87_215 flowId 145 uecSrc 144 finished at 478.488 total messages 1 total packets 490 RTS 0 total bytes 2002140 in_flight now 0 fair_inc 25541 prop_inc 26811 fast_inc 0 eta_inc 20860 multi_dec -70602 quick_dec -0 nack_dec -107900
Flow Uec_99_227 flowId 19 uecSrc 18 finished at 483.362 total messages 1 total packets 490 RTS 0 total bytes 2002140 in_flight now 0 fair_inc 29992 prop_inc 15949 fast_inc 0 eta_inc 22648 multi_dec -98703 quick_dec -0 nack_dec -91300
Flow Uec_118_246 flowId 32 uecSrc 31 finished at 484.577 total messages 1 total packets 490 RTS 0 total bytes 2002140 in_flight now 0 fair_inc 29222 prop_inc 36143 fast_inc 0 eta_inc 22648 multi_dec -94379 quick_dec -0 nack_dec -91300
Flow Uec_130_2 flowId 15 uecSrc 14 finished at 494.612 total messages 1 total packets 491 RTS 1 total bytes 2002140 in_flight now 0 fair_inc 50806 prop_inc 35900 fast_inc 0 eta_inc 20860 multi_dec -106214 quick_dec -0 nack_dec -95450
Flow Uec_10_138 flowId 165 uecSrc 164 finished at 494.866 total messages 1 total packets 501 RTS 11 total bytes 2002140 in_flight now -192 fair_inc 34214 prop_inc 84017 fast_inc 0 eta_inc 22648 multi_dec -88001 quick_dec -0 nack_dec -29050
Flow Uec_112_240 flowId 71 uecSrc 70 finished at 498.592 total messages 1 total packets 490 RTS 0 total bytes 2002140 in_flight now 0 fair_inc 27092 prop_inc 17767 fast_inc 0 eta_inc 22648 multi_dec -74567 quick_dec -0 nack_dec -107900
Flow Uec_52_180 flowId 61 uecSrc 60 finished at 498.807 total messages 1 total packets 490 RTS 0 total bytes 2002140 in_flight now 0 fair_inc 6354 prop_inc 52273 fast_inc 2020 eta_inc 22648 multi_dec -102755 quick_dec -0 nack_dec -78850
Flow Uec_77_205 flowId 154 uecSrc 153 finished at 499.364 total messages 1 total packets 490 RTS 0 total bytes 2002140 in_flight now 0 fair_inc 20653 prop_inc 51139 fast_inc 0 eta_inc 23244 multi_dec -109535 quick_dec -0 nack_dec -91300
Flow Uec_108_236 flowId 120 uecSrc 119 finished at 500.895 total messages 1 total packets 490 RTS 0 total bytes 2002140 in_flight now 0 fair_inc 26820 prop_inc 19902 fast_inc 0 eta_inc 23840 multi_dec -83672 quick_dec -0 nack_dec -103750
Flow Uec_64_192 flowId 23 uecSrc 22 finished at 503.274 total messages 1 total packets 490 RTS 0 total bytes 2002140 in_flight now 0 fair_inc 15447 prop_inc 22575 fast_inc 0 eta_inc 23244 multi_dec -75697 quick_dec -0 nack_dec -107900
Flow Uec_113_241 flowId 132 uecSrc 131 finished at 503.41 total messages 1 total packets 490 RTS 0 total bytes 2002140 in_flight now 0 fair_inc 23378 prop_inc 21974 fast_inc 0 eta_inc 23840 multi_dec -89688 quick_dec -0 nack_dec -107900
Flow Uec_213_85 flowId 14 uecSrc 13 finished at 506.798 total messages 1 total packets 490 RTS 0 total bytes 2002140 in_flight now 0 fair_inc 36606 prop_inc 3052 fast_inc 0 eta_inc 23244 multi_dec -42607 quick_dec -0 nack_dec -136950
Flow Uec_224_96 flowId 40 uecSrc 39 finished at 509.216 total messages 1 total packets 490 RTS 0 total bytes 2002140 in_flight now 0 fair_inc 5246 prop_inc 65564 fast_inc 0 eta_inc 23840 multi_dec -73296 quick_dec -0 nack_dec -116200
Flow Uec_81_209 flowId 60 uecSrc 59 finished at 511.522 total messages 1 total packets 490 RTS 0 total bytes 2002140 in_flight now 0 fair_inc 13261 prop_inc 59363 fast_inc 0 eta_inc 23244 multi_dec -88929 quick_dec -0 nack_dec -103750
Flow Uec_201_73 flowId 28 uecSrc 27 finished at 512.836 total messages 1 total packets 490 RTS 0 total bytes 2002140 in_flight now 0 fair_inc 28745 prop_inc 1841 fast_inc 0 eta_inc 22648 multi_dec -30917 quick_dec -0 nack_dec -145250
Flow Uec_103_231 flowId 118 uecSrc 117 finished at 513.2 total messages 1 total packets 490 RTS 0 total bytes 2002140 in_flight now 0 fair_inc 32741 prop_inc 21571 fast_inc 0 eta_inc 22052 multi_dec -89788 quick_dec -0 nack_dec -107900
Flow Uec_243_115 flowId 79 uecSrc 78 finished at 516.77 total messages 1 total packets 490 RTS 0 total bytes 2002140 in_flight now 0 fair_inc 14910 prop_inc 45893 fast_inc 6060 eta_inc 23244 multi_dec -74673 quick_dec -0 nack_dec -112050
Flow Uec_51_179 flowId 111 uecSrc 110 finished at 518.214 total messages 1 total packets 490 RTS 0 total bytes 2002140 in_flight now 0 fair_inc 16081 prop_inc 23410 fast_inc 0 eta_inc 24436 multi_dec -61394 quick_dec -0 nack_dec -136950
Flow Uec_117_245 flowId 157 uecSrc 156 finished at 518.969 total messages 1 total packets 490 RTS 0 total bytes 2002140 in_flight now 0 fair_inc 20743 prop_inc 46290 fast_inc 42914 eta_inc 23840 multi_dec -120645 quick_dec -0 nack_dec -83000
Flow Uec_217_89 flowId 159 uecSrc 158 finished at 521.561 total messages 1 total packets 490 RTS 0 total bytes 2002140 in_flight now 0 fair_inc 36276 prop_inc 61782 fast_inc 0 eta_inc 23840 multi_dec -138704 quick_dec -0 nack_dec -70550
Flow Uec_153_25 flowId 81 uecSrc 80 finished at 522.497 total messages 1 total packets 490 RTS 0 total bytes 2002140 in_flight now 0 fair_inc 8475 prop_inc 20125 fast_inc 0 eta_inc 23244 multi_dec -85578 quick_dec -0 nack_dec -99600
Flow Uec_96_224 flowId 65 uecSrc 64 finished at 523.633 total messages 1 total packets 490 RTS 0 total bytes 2002140 in_flight now 0 fair_inc 35770 prop_inc 44230 fast_inc 18673 eta_inc 24436 multi_dec -113659 quick_dec -0 nack_dec -107900
Flow Uec_69_197 flowId 98 uecSrc 97 finished at 524.84 total messages 1 total packets 490 RTS 0 total bytes 2002140 in_flight now 0 fair_inc 30455 prop_inc 30219 fast_inc 130801 eta_inc 24436 multi_dec -103137 quick_dec -0 nack_dec -116200
Flow Uec_76_204 flowId 147 uecSrc 146 finished at 526.088 total messages 1 total packets 490 RTS 0 total bytes 2002140 in_flight now 0 fair_inc 26556 prop_inc 54104 fast_inc 23723 eta_inc 24436 multi_dec -132892 quick_dec -0 nack_dec -70550
Flow Uec_67_195 flowId 6 uecSrc 5 finished at 526.248 total messages 1 total packets 490 RTS 0 total bytes 2002140 in_flight now 0 fair_inc 5821 prop_inc 35201 fast_inc 0 eta_inc 25032 multi_dec -95281 quick_dec -0 nack_dec -91300
Flow Uec_50_178 flowId 54 uecSrc 53 finished at 531.895 total messages 1 total packets 490 RTS 0 total bytes 2002140 in_flight now 0 fair_inc 21354 prop_inc 64783 fast_inc 0 eta_inc 23840 multi_dec -80625 quick_dec -0 nack_dec -132800
Flow Uec_242_114 flowId 144 uecSrc 143 finished at 544.292 total messages 1 total packets 490 RTS 0 total bytes 2002140 in_flight now 0 fair_inc 26409 prop_inc 60264 fast_inc 0 eta_inc 25628 multi_dec -111279 quick_dec -0 nack_dec -103750
Flow Uec_136_8 flowId 143 uecSrc 142 finished at 554.772 total messages 1 total packets 491 RTS 1 total bytes 2002140 in_flight now 0 fair_inc 14862 prop_inc 62222 fast_inc 0 eta_inc 22052 multi_dec -82879 quick_dec -0 nack_dec -107900
Flow Uec_75_203 flowId 31 uecSrc 30 finished at 559.089 total messages 1 total packets 490 RTS 0 total bytes 2002140 in_flight now 0 fair_inc 27399 prop_inc 7557 fast_inc 0 eta_inc 25628 multi_dec -84270 quick_dec -0 nack_dec -128650
Flow Uec_147_19 flowId 166 uecSrc 165 finished at 560.492 total messages 1 total packets 490 RTS 0 total bytes 2002140 in_flight now 0 fair_inc 30876 prop_inc 27840 fast_inc 317704 eta_inc 22052 multi_dec -160548 quick_dec -26065 nack_dec -95450
Flow Uec_172_44 flowId 148 uecSrc 147 finished at 573.606 total messages 1 total packets 490 RTS 0 total bytes 2002140 in_flight now 0 fair_inc 44581 prop_inc 35272 fast_inc 0 eta_inc 26224 multi_dec -58049 quick_dec -0 nack_dec -149400
Flow Uec_88_216 flowId 72 uecSrc 71 finished at 573.791 total messages 1 total packets 490 RTS 0 total bytes 2002140 in_flight now 0 fair_inc 25960 prop_inc 8004 fast_inc 0 eta_inc 24436 multi_dec -42280 quick_dec -0 nack_dec -149400
Flow Uec_229_101 flowId 109 uecSrc 108 finished at 575.876 total messages 1 total packets 490 RTS 0 total bytes 2002140 in_flight now 0 fair_inc 27179 prop_inc 87830 fast_inc 0 eta_inc 22648 multi_dec -117895 quick_dec -0 nack_dec -103750
Flow Uec_200_72 flowId 55 uecSrc 54 finished at 586.435 total messages 1 total packets 490 RTS 0 total bytes 2002140 in_flight now 0 fair_inc 28011 prop_inc 18681 fast_inc 0 eta_inc 26820 multi_dec -29629 quick_dec -0 nack_dec -166000
Flow Uec_159_31 flowId 76 uecSrc 75 finished at 588.405 total messages 1 total packets 490 RTS 0 total bytes 2002140 in_flight now 0 fair_inc 41127 prop_inc 35453 fast_inc 0 eta_inc 25628 multi_dec -62532 quick_dec -0 nack_dec -141100
Flow Uec_169_41 flowId 94 uecSrc 93 finished at 609.955 total messages 1 total packets 492 RTS 2 total bytes 2002140 in_flight now 0 fair_inc 30148 prop_inc 54692 fast_inc 1010 eta_inc 25628 multi_dec -85199 quick_dec -0 nack_dec -120350
Flow Uec_155_27 flowId 10 uecSrc 9 finished at 618.577 total messages 1 total packets 491 RTS 1 total bytes 2002140 in_flight now 0 fair_inc 38963 prop_inc 57481 fast_inc 0 eta_inc 26224 multi_dec -99191 quick_dec -0 nack_dec -120350
Flow Uec_188_60 flowId 124 uecSrc 123 finished at 627.053 total messages 1 total packets 490 RTS 0 total bytes 2002140 in_flight now 0 fair_inc 28790 prop_inc 12373 fast_inc 0 eta_inc 22648 multi_dec -114923 quick_dec -0 nack_dec -99600
Flow Uec_251_123 flowId 2 uecSrc 1 finished at 634.862 total messages 1 total packets 490 RTS 0 total bytes 2002140 in_flight now 0 fair_inc 16763 prop_inc 12014 fast_inc 0 eta_inc 28608 multi_dec -76807 quick_dec -0 nack_dec -116200
Flow Uec_186_58 flowId 93 uecSrc 92 finished at 643.15 total messages 1 total packets 490 RTS 0 total bytes 2002140 in_flight now 0 fair_inc 31260 prop_inc 14653 fast_inc 0 eta_inc 22052 multi_dec -93079 quick_dec -0 nack_dec -112050
Flow Uec_218_90 flowId 64 uecSrc 63 finished at 658.081 total messages 1 total packets 490 RTS 0 total bytes 2002140 in_flight now 0 fair_inc 34706 prop_inc 20303 fast_inc 0 eta_inc 29800 multi_dec -31039 quick_dec -0 nack_dec -178450
Flow Uec_203_75 flowId 30 uecSrc 29 finished at 661.39 total messages 1 total packets 490 RTS 0 total bytes 2002140 in_flight now 0 fair_inc 29258 prop_inc 56462 fast_inc 0 eta_inc 29204 multi_dec -119504 quick_dec -0 nack_dec -103750
Flow Uec_95_223 flowId 164 uecSrc 163 finished at 665.399 total messages 1 total packets 490 RTS 0 total bytes 2002140 in_flight now 0 fair_inc 28964 prop_inc 60257 fast_inc 5050 eta_inc 26224 multi_dec -116393 quick_dec -0 nack_dec -103750
Flow Uec_208_80 flowId 47 uecSrc 46 finished at 674.819 total messages 1 total packets 490 RTS 0 total bytes 2002140 in_flight now 0 fair_inc 22622 prop_inc 65942 fast_inc 0 eta_inc 29204 multi_dec -88599 quick_dec -0 nack_dec -128650
Flow Uec_253_125 flowId 114 uecSrc 113 finished at 678.182 total messages 1 total packets 490 RTS 0 total bytes 2002140 in_flight now 0 fair_inc 49617 prop_inc 22191 fast_inc 0 eta_inc 26820 multi_dec -88965 quick_dec -0 nack_dec -145250
Flow Uec_250_122 flowId 107 uecSrc 106 finished at 682.896 total messages 1 total packets 490 RTS 0 total bytes 2002140 in_flight now 0 fair_inc 31425 prop_inc 24953 fast_inc 0 eta_inc 26224 multi_dec -94378 quick_dec -0 nack_dec -132800
Flow Uec_93_221 flowId 142 uecSrc 141 finished at 684.482 total messages 1 total packets 490 RTS 0 total bytes 2002140 in_flight now 0 fair_inc 21236 prop_inc 69728 fast_inc 0 eta_inc 23840 multi_dec -60373 quick_dec -0 nack_dec -153550
Flow Uec_168_40 flowId 38 uecSrc 37 finished at 687.639 total messages 1 total packets 490 RTS 0 total bytes 2002140 in_flight now 0 fair_inc 16033 prop_inc 63262 fast_inc 163135 eta_inc 25032 multi_dec -122978 quick_dec -3251 nack_dec -107900
Flow Uec_158_30 flowId 57 uecSrc 56 finished at 694.601 total messages 1 total packets 490 RTS 0 total bytes 2002140 in_flight now 0 fair_inc 43864 prop_inc 50003 fast_inc 132829 eta_inc 25032 multi_dec -119165 quick_dec -19290 nack_dec -116200
Flow Uec_252_124 flowId 26 uecSrc 25 finished at 696.07 total messages 1 total packets 490 RTS 0 total bytes 2002140 in_flight now 0 fair_inc 41783 prop_inc 33649 fast_inc 0 eta_inc 30992 multi_dec -82588 quick_dec -0 nack_dec -153550
Flow Uec_233_105 flowId 163 uecSrc 162 finished at 709.696 total messages 1 total packets 490 RTS 0 total bytes 2002140 in_flight now 0 fair_inc 29353 prop_inc 20050 fast_inc 0 eta_inc 32184 multi_dec -89414 quick_dec -0 nack_dec -124500
Flow Uec_232_104 flowId 158 uecSrc 157 finished at 715.169 total messages 1 total packets 490 RTS 0 total bytes 2002140 in_flight now 0 fair_inc 23534 prop_inc 24752 fast_inc 0 eta_inc 31588 multi_dec -105090 quick_dec -0 nack_dec -116200
Flow Uec_6_134 flowId 43 uecSrc 42 finished at 753.871 total messages 1 total packets 515 RTS 25 total bytes 2002140 in_flight now -192 fair_inc 18037 prop_inc 109377 fast_inc 0 eta_inc 31588 multi_dec -0 quick_dec -31431 nack_dec -20750
Flow Uec_225_97 flowId 103 uecSrc 102 finished at 779.089 total messages 1 total packets 490 RTS 0 total bytes 2002140 in_flight now 0 fair_inc 52691 prop_inc 19801 fast_inc 0 eta_inc 29204 multi_dec -113838 quick_dec -0 nack_dec -132800
Flow Uec_177_49 flowId 102 uecSrc 101 finished at 780.321 total messages 1 total packets 490 RTS 0 total bytes 2002140 in_flight now 0 fair_inc 43304 prop_inc 38443 fast_inc 0 eta_inc 33376 multi_dec -98754 quick_dec -0 nack_dec -145250
Flow Uec_228_100 flowId 39 uecSrc 38 finished at 803.838 total messages 1 total packets 490 RTS 0 total bytes 2002140 in_flight now 0 fair_inc 105773 prop_inc 40585 fast_inc 0 eta_inc 30396 multi_dec -152682 quick_dec -0 nack_dec -174300
Flow Uec_178_50 flowId 53 uecSrc 52 finished at 813.521 total messages 1 total packets 490 RTS 0 total bytes 2002140 in_flight now 0 fair_inc 49420 prop_inc 48685 fast_inc 0 eta_inc 35164 multi_dec -68279 quick_dec -6420 nack_dec -186750
Flow Uec_181_53 flowId 45 uecSrc 44 finished at 840.705 total messages 1 total packets 490 RTS 0 total bytes 2002140 in_flight now 0 fair_inc 30023 prop_inc 60837 fast_inc 24731 eta_inc 28608 multi_dec -19193 quick_dec -7965 nack_dec -186750
Flow Uec_227_99 flowId 16 uecSrc 15 finished at 844.408 total messages 1 total packets 490 RTS 0 total bytes 2002140 in_flight now 0 fair_inc 87233 prop_inc 67962 fast_inc 7071 eta_inc 35760 multi_dec -150800 quick_dec -0 nack_dec -161850
Flow Uec_230_102 flowId 112 uecSrc 111 finished at 869.107 total messages 1 total packets 490 RTS 0 total bytes 2002140 in_flight now 0 fair_inc 79744 prop_inc 70892 fast_inc 15642 eta_inc 33972 multi_dec -110898 quick_dec -43211 nack_dec -174300
Flow Uec_210_82 flowId 83 uecSrc 82 finished at 933.962 total messages 1 total packets 490 RTS 0 total bytes 2002140 in_flight now 0 fair_inc 58892 prop_inc 29682 fast_inc 0 eta_inc 33972 multi_dec -36158 quick_dec -19771 nack_dec -170150
Flow Uec_212_84 flowId 25 uecSrc 24 finished at 944.747 total messages 1 total packets 490 RTS 0 total bytes 2002140 in_flight now 0 fair_inc 41797 prop_inc 36370 fast_inc 0 eta_inc 29800 multi_dec -19746 quick_dec -46757 nack_dec -161850
Flow Uec_214_86 flowId 7 uecSrc 6 finished at 1016.79 total messages 1 total packets 490 RTS 0 total bytes 2002140 in_flight now 0 fair_inc 16104 prop_inc 56805 fast_inc 126767 eta_inc 32184 multi_dec -40744 quick_dec -111200 nack_dec -124500
.Done
New: 81340 Rtx: 3237 RTS: 140 Bounced: 0 ACKs: 61128 NACKs: 2773 Pulls: 0 sleek_pkts: 0
