traffic matrix input file: connection_matrices/load_sweep/load0.75_n256_seed4.cm
Load balancing algorithm set to oblivious
no_of_nodes 256
Dragonfly+ strategy: FPAR
Setting queuesize to 50 packets
endtime(us) 100000
random seed 4
Packet size (MTU) is 4150
Parsed args
Logging to reps_dfp_results/reps_withoutnorm256/load0.75_oblivious_seed4.dat
Loading connection matrix from connection_matrices/load_sweep/load0.75_n256_seed4.cm
Nodes: 256 Connections: 192 Triggers: 0 Failures: 0
Setting ECN low 33200 high 120350
Dragonfly+ with medium topology type
Link latencies: 1 and switch latencies: 0
queue_id 2 ecn_low 33200 ecn_high 120350
DragonFly+ constructor done, 392 nodes created
Note: topology supports 392 hosts; 136 host port(s) will be unused.
network_max_unloaded_rtt 11.6856 us
Setting min RTO to 114.6
Per-hop RTT normalization: OFF (strategy fpar)
Initializing static NSCC parameters: _reference_network_linkspeed=100000000000 _reference_network_rtt=12000000 _reference_network_bdp=150000 _target_Qdelay=8764200 _network_linkspeed=100000000000 _network_rtt=11685600 _network_bdp=146070 _qa_gate=2^3 _qa_threshold=3.50568e+07 _scaling_factor_a=0.9738 _scaling_factor_b=0.73035 _alpha=0.00132632 _fi=19894.7 _eta=596.842 _qa_scaling=1 _gamma=0.8 _fi_scale=0.24345 _delay_alpha=0.0125 _adjust_period_threshold=11685600 _adjust_bytes_threshold=33200
Initialize per-instance NSCC parameters: flowid 1 _base_rtt=11685600 _base_bdp=146070 _bdp=146070 _min_cwnd=4150 _maxwnd=219105 _cwnd=219105
Initialize per-instance NSCC parameters: flowid 2 _base_rtt=11685600 _base_bdp=146070 _bdp=146070 _min_cwnd=4150 _maxwnd=219105 _cwnd=219105
Initialize per-instance NSCC parameters: flowid 3 _base_rtt=11685600 _base_bdp=146070 _bdp=146070 _min_cwnd=4150 _maxwnd=219105 _cwnd=219105
Initialize per-instance NSCC parameters: flowid 4 _base_rtt=11685600 _base_bdp=146070 _bdp=146070 _min_cwnd=4150 _maxwnd=219105 _cwnd=219105
Initialize per-instance NSCC parameters: flowid 5 _base_rtt=11685600 _base_bdp=146070 _bdp=146070 _min_cwnd=4150 _maxwnd=219105 _cwnd=219105
Initialize per-instance NSCC parameters: flowid 6 _base_rtt=11685600 _base_bdp=146070 _bdp=146070 _min_cwnd=4150 _maxwnd=219105 _cwnd=219105
Initialize per-instance NSCC parameters: flowid 7 _base_rtt=11685600 _base_bdp=146070 _bdp=146070 _min_cwnd=4150 _maxwnd=219105 _cwnd=219105
Initialize per-instance NSCC parameters: flowid 8 _base_rtt=11685600 _base_bdp=146070 _bdp=146070 _min_cwnd=4150 _maxwnd=219105 _cwnd=219105
Initialize per-instance NSCC parameters: flowid 9 _base_rtt=11685600 _base_bdp=146070 _bdp=146070 _min_cwnd=4150 _maxwnd=219105 _cwnd=219105
Initialize per-instance NSCC parameters: flowid 10 _base_rtt=11685600 _base_bdp=146070 _bdp=146070 _min_cwnd=4150 _maxwnd=219105 _cwnd=219105
Initialize per-instance NSCC parameters: flowid 11 _base_rtt=11685600 _base_bdp=146070 _bdp=146070 _min_cwnd=4150 _maxwnd=219105 _cwnd=219105
Initialize per-instance NSCC parameters: flowid 12 _base_rtt=11685600 _base_bdp=146070 _bdp=146070 _min_cwnd=4150 _maxwnd=219105 _cwnd=219105
Initialize per-instance NSCC parameters: flowid 13 _base_rtt=11685600 _base_bdp=146070 _bdp=146070 _min_cwnd=4150 _maxwnd=219105 _cwnd=219105
Initialize per-instance NSCC parameters: flowid 14 _base_rtt=11685600 _base_bdp=146070 _bdp=146070 _min_cwnd=4150 _maxwnd=219105 _cwnd=219105
Initialize per-instance NSCC parameters: flowid 15 _base_rtt=11685600 _base_bdp=146070 _bdp=146070 _min_cwnd=4150 _maxwnd=219105 _cwnd=219105
Initialize per-instance NSCC parameters: flowid 16 _base_rtt=11685600 _base_bdp=146070 _bdp=146070 _min_cwnd=4150 _maxwnd=219105 _cwnd=219105
Initialize per-instance NSCC parameters: flowid 17 _base_rtt=11685600 _base_bdp=146070 _bdp=146070 _min_cwnd=4150 _maxwnd=219105 _cwnd=219105
Initialize per-instance NSCC parameters: flowid 18 _base_rtt=11685600 _base_bdp=146070 _bdp=146070 _min_cwnd=4150 _maxwnd=219105 _cwnd=219105
Initialize per-instance NSCC parameters: flowid 19 _base_rtt=11685600 _base_bdp=146070 _bdp=146070 _min_cwnd=4150 _maxwnd=219105 _cwnd=219105
Initialize per-instance NSCC parameters: flowid 20 _base_rtt=11685600 _base_bdp=146070 _bdp=146070 _min_cwnd=4150 _maxwnd=219105 _cwnd=219105
Initialize per-instance NSCC parameters: flowid 21 _base_rtt=11685600 _base_bdp=146070 _bdp=146070 _min_cwnd=4150 _maxwnd=219105 _cwnd=219105
Initialize per-instance NSCC parameters: flowid 22 _base_rtt=11685600 _base_bdp=146070 _bdp=146070 _min_cwnd=4150 _maxwnd=219105 _cwnd=219105
Initialize per-instance NSCC parameters: flowid 23 _base_rtt=11685600 _base_bdp=146070 _bdp=146070 _min_cwnd=4150 _maxwnd=219105 _cwnd=219105
Initialize per-instance NSCC parameters: flowid 24 _base_rtt=11685600 _base_bdp=146070 _bdp=146070 _min_cwnd=4150 _maxwnd=219105 _cwnd=219105
Initialize per-instance NSCC parameters: flowid 25 _base_rtt=11685600 _base_bdp=146070 _bdp=146070 _min_cwnd=4150 _maxwnd=219105 _cwnd=219105
Initialize per-instance NSCC parameters: flowid 26 _base_rtt=11685600 _base_bdp=146070 _bdp=146070 _min_cwnd=4150 _maxwnd=219105 _cwnd=219105
Initialize per-instance NSCC parameters: flowid 27 _base_rtt=11685600 _base_bdp=146070 _bdp=146070 _min_cwnd=4150 _maxwnd=219105 _cwnd=219105
Initialize per-instance NSCC parameters: flowid 28 _base_rtt=11685600 _base_bdp=146070 _bdp=146070 _min_cwnd=4150 _maxwnd=219105 _cwnd=219105
Initialize per-instance NSCC parameters: flowid 29 _base_rtt=11685600 _base_bdp=146070 _bdp=146070 _min_cwnd=4150 _maxwnd=219105 _cwnd=219105
Initialize per-instance NSCC parameters: flowid 30 _base_rtt=11685600 _base_bdp=146070 _bdp=146070 _min_cwnd=4150 _maxwnd=219105 _cwnd=219105
Initialize per-instance NSCC parameters: flowid 31 _base_rtt=11685600 _base_bdp=146070 _bdp=146070 _min_cwnd=4150 _maxwnd=219105 _cwnd=219105
Initialize per-instance NSCC parameters: flowid 32 _base_rtt=11685600 _base_bdp=146070 _bdp=146070 _min_cwnd=4150 _maxwnd=219105 _cwnd=219105
Initialize per-instance NSCC parameters: flowid 33 _base_rtt=11685600 _base_bdp=146070 _bdp=146070 _min_cwnd=4150 _maxwnd=219105 _cwnd=219105
Initialize per-instance NSCC parameters: flowid 34 _base_rtt=11685600 _base_bdp=146070 _bdp=146070 _min_cwnd=4150 _maxwnd=219105 _cwnd=219105
Initialize per-instance NSCC parameters: flowid 35 _base_rtt=11685600 _base_bdp=146070 _bdp=146070 _min_cwnd=4150 _maxwnd=219105 _cwnd=219105
Initialize per-instance NSCC parameters: flowid 36 _base_rtt=11685600 _base_bdp=146070 _bdp=146070 _min_cwnd=4150 _maxwnd=219105 _cwnd=219105
Initialize per-instance NSCC parameters: flowid 37 _base_rtt=11685600 _base_bdp=146070 _bdp=146070 _min_cwnd=4150 _maxwnd=219105 _cwnd=219105
Initialize per-instance NSCC parameters: flowid 38 _base_rtt=11685600 _base_bdp=146070 _bdp=146070 _min_cwnd=4150 _maxwnd=219105 _cwnd=219105
Initialize per-instance NSCC parameters: flowid 39 _base_rtt=11685600 _base_bdp=146070 _bdp=146070 _min_cwnd=4150 _maxwnd=219105 _cwnd=219105
Initialize per-instance NSCC parameters: flowid 40 _base_rtt=11685600 _base_bdp=146070 _bdp=146070 _min_cwnd=4150 _maxwnd=219105 _cwnd=219105
Initialize per-instance NSCC parameters: flowid 41 _base_rtt=11685600 _base_bdp=146070 _bdp=146070 _min_cwnd=4150 _maxwnd=219105 _cwnd=219105
Initialize per-instance NSCC parameters: flowid 42 _base_rtt=11685600 _base_bdp=146070 _bdp=146070 _min_cwnd=4150 _maxwnd=219105 _cwnd=219105
Initialize per-instance NSCC parameters: flowid 43 _base_rtt=11685600 _base_bdp=146070 _bdp=146070 _min_cwnd=4150 _maxwnd=219105 _cwnd=219105
Initialize per-instance NSCC parameters: flowid 44 _base_rtt=11685600 _base_bdp=146070 _bdp=146070 _min_cwnd=4150 _maxwnd=219105 _cwnd=219105
Initialize per-instance NSCC parameters: flowid 45 _base_rtt=11685600 _base_bdp=146070 _bdp=146070 _min_cwnd=4150 _maxwnd=219105 _cwnd=219105
Initialize per-instance NSCC parameters: flowid 46 _base_rtt=11685600 _base_bdp=146070 _bdp=146070 _min_cwnd=4150 _maxwnd=219105 _cwnd=219105
Initialize per-instance NSCC parameters: flowid 47 _base_rtt=11685600 _base_bdp=146070 _bdp=146070 _min_cwnd=4150 _maxwnd=219105 _cwnd=219105
Initialize per-instance NSCC parameters: flowid 48 _base_rtt=11685600 _base_bdp=146070 _bdp=146070 _min_cwnd=4150 _maxwnd=219105 _cwnd=219105
Initialize per-instance NSCC parameters: flowid 49 _base_rtt=11685600 _base_bdp=146070 _bdp=146070 _min_cwnd=4150 _maxwnd=219105 _cwnd=219105
Initialize per-instance NSCC parameters: flowid 50 _base_rtt=11685600 _base_bdp=146070 _bdp=146070 _min_cwnd=4150 _maxwnd=219105 _cwnd=219105
Initialize per-instance NSCC parameters: flowid 51 _base_rtt=11685600 _base_bdp=146070 _bdp=146070 _min_cwnd=4150 _maxwnd=219105 _cwnd=219105
Initialize per-instance NSCC parameters: flowid 52 _base_rtt=11685600 _base_bdp=146070 _bdp=146070 _min_cwnd=4150 _maxwnd=219105 _cwnd=219105
Initialize per-instance NSCC parameters: flowid 53 _base_rtt=11685600 _base_bdp=146070 _bdp=146070 _min_cwnd=4150 _maxwnd=219105 _cwnd=219105
Initialize per-instance NSCC parameters: flowid 54 _base_rtt=11685600 _base_bdp=146070 _bdp=146070 _min_cwnd=4150 _maxwnd=219105 _cwnd=219105
Initialize per-instance NSCC parameters: flowid 55 _base_rtt=11685600 _base_bdp=146070 _bdp=146070 _min_cwnd=4150 _maxwnd=219105 _cwnd=219105
Initialize per-instance NSCC parameters: flowid 56 _base_rtt=11685600 _base_bdp=146070 _bdp=146070 _min_cwnd=4150 _maxwnd=219105 _cwnd=219105
Initialize per-instance NSCC parameters: flowid 57 _base_rtt=11685600 _base_bdp=146070 _bdp=146070 _min_cwnd=4150 _maxwnd=219105 _cwnd=219105
Initialize per-instance NSCC parameters: flowid 58 _base_rtt=11685600 _base_bdp=146070 _bdp=146070 _min_cwnd=4150 _maxwnd=219105 _cwnd=219105
Initialize per-instance NSCC parameters: flowid 59 _base_rtt=11685600 _base_bdp=146070 _bdp=146070 _min_cwnd=4150 _maxwnd=219105 _cwnd=219105
Initialize per-instance NSCC parameters: flowid 60 _base_rtt=11685600 _base_bdp=146070 _bdp=146070 _min_cwnd=4150 _maxwnd=219105 _cwnd=219105
Initialize per-instance NSCC parameters: flowid 61 _base_rtt=11685600 _base_bdp=146070 _bdp=146070 _min_cwnd=4150 _maxwnd=219105 _cwnd=219105
Initialize per-instance NSCC parameters: flowid 62 _base_rtt=11685600 _base_bdp=146070 _bdp=146070 _min_cwnd=4150 _maxwnd=219105 _cwnd=219105
Initialize per-instance NSCC parameters: flowid 63 _base_rtt=11685600 _base_bdp=146070 _bdp=146070 _min_cwnd=4150 _maxwnd=219105 _cwnd=219105
Initialize per-instance NSCC parameters: flowid 64 _base_rtt=11685600 _base_bdp=146070 _bdp=146070 _min_cwnd=4150 _maxwnd=219105 _cwnd=219105
Initialize per-instance NSCC parameters: flowid 65 _base_rtt=11685600 _base_bdp=146070 _bdp=146070 _min_cwnd=4150 _maxwnd=219105 _cwnd=219105
Initialize per-instance NSCC parameters: flowid 66 _base_rtt=11685600 _base_bdp=146070 _bdp=146070 _min_cwnd=4150 _maxwnd=219105 _cwnd=219105
Initialize per-instance NSCC parameters: flowid 67 _base_rtt=11685600 _base_bdp=146070 _bdp=146070 _min_cwnd=4150 _maxwnd=219105 _cwnd=219105
Initialize per-instance NSCC parameters: flowid 68 _base_rtt=11685600 _base_bdp=146070 _bdp=146070 _min_cwnd=4150 _maxwnd=219105 _cwnd=219105
Initialize per-instance NSCC parameters: flowid 69 _base_rtt=11685600 _base_bdp=146070 _bdp=146070 _min_cwnd=4150 _maxwnd=219105 _cwnd=219105
Initialize per-instance NSCC parameters: flowid 70 _base_rtt=11685600 _base_bdp=146070 _bdp=146070 _min_cwnd=4150 _maxwnd=219105 _cwnd=219105
Initialize per-instance NSCC parameters: flowid 71 _base_rtt=11685600 _base_bdp=146070 _bdp=146070 _min_cwnd=4150 _maxwnd=219105 _cwnd=219105
Initialize per-instance NSCC parameters: flowid 72 _base_rtt=11685600 _base_bdp=146070 _bdp=146070 _min_cwnd=4150 _maxwnd=219105 _cwnd=219105
Initialize per-instance NSCC parameters: flowid 73 _base_rtt=11685600 _base_bdp=146070 _bdp=146070 _min_cwnd=4150 _maxwnd=219105 _cwnd=219105
Initialize per-instance NSCC parameters: flowid 74 _base_rtt=11685600 _base_bdp=146070 _bdp=146070 _min_cwnd=4150 _maxwnd=219105 _cwnd=219105
Initialize per-instance NSCC parameters: flowid 75 _base_rtt=11685600 _base_bdp=146070 _bdp=146070 _min_cwnd=4150 _maxwnd=219105 _cwnd=219105
Initialize per-instance NSCC parameters: flowid 76 _base_rtt=11685600 _base_bdp=146070 _bdp=146070 _min_cwnd=4150 _maxwnd=219105 _cwnd=219105
Initialize per-instance NSCC parameters: flowid 77 _base_rtt=11685600 _base_bdp=146070 _bdp=146070 _min_cwnd=4150 _maxwnd=219105 _cwnd=219105
Initialize per-instance NSCC parameters: flowid 78 _base_rtt=11685600 _base_bdp=146070 _bdp=146070 _min_cwnd=4150 _maxwnd=219105 _cwnd=219105
Initialize per-instance NSCC parameters: flowid 79 _base_rtt=11685600 _base_bdp=146070 _bdp=146070 _min_cwnd=4150 _maxwnd=219105 _cwnd=219105
Initialize per-instance NSCC parameters: flowid 80 _base_rtt=11685600 _base_bdp=146070 _bdp=146070 _min_cwnd=4150 _maxwnd=219105 _cwnd=219105
Initialize per-instance NSCC parameters: flowid 81 _base_rtt=11685600 _base_bdp=146070 _bdp=146070 _min_cwnd=4150 _maxwnd=219105 _cwnd=219105
Initialize per-instance NSCC parameters: flowid 82 _base_rtt=11685600 _base_bdp=146070 _bdp=146070 _min_cwnd=4150 _maxwnd=219105 _cwnd=219105
Initialize per-instance NSCC parameters: flowid 83 _base_rtt=11685600 _base_bdp=146070 _bdp=146070 _min_cwnd=4150 _maxwnd=219105 _cwnd=219105
Initialize per-instance NSCC parameters: flowid 84 _base_rtt=11685600 _base_bdp=146070 _bdp=146070 _min_cwnd=4150 _maxwnd=219105 _cwnd=219105
Initialize per-instance NSCC parameters: flowid 85 _base_rtt=11685600 _base_bdp=146070 _bdp=146070 _min_cwnd=4150 _maxwnd=219105 _cwnd=219105
Initialize per-instance NSCC parameters: flowid 86 _base_rtt=11685600 _base_bdp=146070 _bdp=146070 _min_cwnd=4150 _maxwnd=219105 _cwnd=219105
Initialize per-instance NSCC parameters: flowid 87 _base_rtt=11685600 _base_bdp=146070 _bdp=146070 _min_cwnd=4150 _maxwnd=219105 _cwnd=219105
Initialize per-instance NSCC parameters: flowid 88 _base_rtt=11685600 _base_bdp=146070 _bdp=146070 _min_cwnd=4150 _maxwnd=219105 _cwnd=219105
Initialize per-instance NSCC parameters: flowid 89 _base_rtt=11685600 _base_bdp=146070 _bdp=146070 _min_cwnd=4150 _maxwnd=219105 _cwnd=219105
Initialize per-instance NSCC parameters: flowid 90 _base_rtt=11685600 _base_bdp=146070 _bdp=146070 _min_cwnd=4150 _maxwnd=219105 _cwnd=219105
Initialize per-instance NSCC parameters: flowid 91 _base_rtt=11685600 _base_bdp=146070 _bdp=146070 _min_cwnd=4150 _maxwnd=219105 _cwnd=219105
Initialize per-instance NSCC parameters: flowid 92 _base_rtt=11685600 _base_bdp=146070 _bdp=146070 _min_cwnd=4150 _maxwnd=219105 _cwnd=219105
Initialize per-instance NSCC parameters: flowid 93 _base_rtt=11685600 _base_bdp=146070 _bdp=146070 _min_cwnd=4150 _maxwnd=219105 _cwnd=219105
Initialize per-instance NSCC parameters: flowid 94 _base_rtt=11685600 _base_bdp=146070 _bdp=146070 _min_cwnd=4150 _maxwnd=219105 _cwnd=219105
Initialize per-instance NSCC parameters: flowid 95 _base_rtt=11685600 _base_bdp=146070 _bdp=146070 _min_cwnd=4150 _maxwnd=219105 _cwnd=219105
Initialize per-instance NSCC parameters: flowid 96 _base_rtt=11685600 _base_bdp=146070 _bdp=146070 _min_cwnd=4150 _maxwnd=219105 _cwnd=219105
Initialize per-instance NSCC parameters: flowid 97 _base_rtt=11685600 _base_bdp=146070 _bdp=146070 _min_cwnd=4150 _maxwnd=219105 _cwnd=219105
Initialize per-instance NSCC parameters: flowid 98 _base_rtt=11685600 _base_bdp=146070 _bdp=146070 _min_cwnd=4150 _maxwnd=219105 _cwnd=219105
Initialize per-instance NSCC parameters: flowid 99 _base_rtt=11685600 _base_bdp=146070 _bdp=146070 _min_cwnd=4150 _maxwnd=219105 _cwnd=219105
Initialize per-instance NSCC parameters: flowid 100 _base_rtt=11685600 _base_bdp=146070 _bdp=146070 _min_cwnd=4150 _maxwnd=219105 _cwnd=219105
Initialize per-instance NSCC parameters: flowid 101 _base_rtt=11685600 _base_bdp=146070 _bdp=146070 _min_cwnd=4150 _maxwnd=219105 _cwnd=219105
Initialize per-instance NSCC parameters: flowid 102 _base_rtt=11685600 _base_bdp=146070 _bdp=146070 _min_cwnd=4150 _maxwnd=219105 _cwnd=219105
Initialize per-instance NSCC parameters: flowid 103 _base_rtt=11685600 _base_bdp=146070 _bdp=146070 _min_cwnd=4150 _maxwnd=219105 _cwnd=219105
Initialize per-instance NSCC parameters: flowid 104 _base_rtt=11685600 _base_bdp=146070 _bdp=146070 _min_cwnd=4150 _maxwnd=219105 _cwnd=219105
Initialize per-instance NSCC parameters: flowid 105 _base_rtt=11685600 _base_bdp=146070 _bdp=146070 _min_cwnd=4150 _maxwnd=219105 _cwnd=219105
Initialize per-instance NSCC parameters: flowid 106 _base_rtt=11685600 _base_bdp=146070 _bdp=146070 _min_cwnd=4150 _maxwnd=219105 _cwnd=219105
Initialize per-instance NSCC parameters: flowid 107 _base_rtt=11685600 _base_bdp=146070 _bdp=146070 _min_cwnd=4150 _maxwnd=219105 _cwnd=219105
Initialize per-instance NSCC parameters: flowid 108 _base_rtt=11685600 _base_bdp=146070 _bdp=146070 _min_cwnd=4150 _maxwnd=219105 _cwnd=219105
Initialize per-instance NSCC parameters: flowid 109 _base_rtt=11685600 _base_bdp=146070 _bdp=146070 _min_cwnd=4150 _maxwnd=219105 _cwnd=219105
Initialize per-instance NSCC parameters: flowid 110 _base_rtt=11685600 _base_bdp=146070 _bdp=146070 _min_cwnd=4150 _maxwnd=219105 _cwnd=219105
Initialize per-instance NSCC parameters: flowid 111 _base_rtt=11685600 _base_bdp=146070 _bdp=146070 _min_cwnd=4150 _maxwnd=219105 _cwnd=219105
Initialize per-instance NSCC parameters: flowid 112 _base_rtt=11685600 _base_bdp=146070 _bdp=146070 _min_cwnd=4150 _maxwnd=219105 _cwnd=219105
Initialize per-instance NSCC parameters: flowid 113 _base_rtt=11685600 _base_bdp=146070 _bdp=146070 _min_cwnd=4150 _maxwnd=219105 _cwnd=219105
Initialize per-instance NSCC parameters: flowid 114 _base_rtt=11685600 _base_bdp=146070 _bdp=146070 _min_cwnd=4150 _maxwnd=219105 _cwnd=219105
Initialize per-instance NSCC parameters: flowid 115 _base_rtt=11685600 _base_bdp=146070 _bdp=146070 _min_cwnd=4150 _maxwnd=219105 _cwnd=219105
Initialize per-instance NSCC parameters: flowid 116 _base_rtt=11685600 _base_bdp=146070 _bdp=146070 _min_cwnd=4150 _maxwnd=219105 _cwnd=219105
Initialize per-instance NSCC parameters: flowid 117 _base_rtt=11685600 _base_bdp=146070 _bdp=146070 _min_cwnd=4150 _maxwnd=219105 _cwnd=219105
Initialize per-instance NSCC parameters: flowid 118 _base_rtt=11685600 _base_bdp=146070 _bdp=146070 _min_cwnd=4150 _maxwnd=219105 _cwnd=219105
Initialize per-instance NSCC parameters: flowid 119 _base_rtt=11685600 _base_bdp=146070 _bdp=146070 _min_cwnd=4150 _maxwnd=219105 _cwnd=219105
Initialize per-instance NSCC parameters: flowid 120 _base_rtt=11685600 _base_bdp=146070 _bdp=146070 _min_cwnd=4150 _maxwnd=219105 _cwnd=219105
Initialize per-instance NSCC parameters: flowid 121 _base_rtt=11685600 _base_bdp=146070 _bdp=146070 _min_cwnd=4150 _maxwnd=219105 _cwnd=219105
Initialize per-instance NSCC parameters: flowid 122 _base_rtt=11685600 _base_bdp=146070 _bdp=146070 _min_cwnd=4150 _maxwnd=219105 _cwnd=219105
Initialize per-instance NSCC parameters: flowid 123 _base_rtt=11685600 _base_bdp=146070 _bdp=146070 _min_cwnd=4150 _maxwnd=219105 _cwnd=219105
Initialize per-instance NSCC parameters: flowid 124 _base_rtt=11685600 _base_bdp=146070 _bdp=146070 _min_cwnd=4150 _maxwnd=219105 _cwnd=219105
Initialize per-instance NSCC parameters: flowid 125 _base_rtt=11685600 _base_bdp=146070 _bdp=146070 _min_cwnd=4150 _maxwnd=219105 _cwnd=219105
Initialize per-instance NSCC parameters: flowid 126 _base_rtt=11685600 _base_bdp=146070 _bdp=146070 _min_cwnd=4150 _maxwnd=219105 _cwnd=219105
Initialize per-instance NSCC parameters: flowid 127 _base_rtt=11685600 _base_bdp=146070 _bdp=146070 _min_cwnd=4150 _maxwnd=219105 _cwnd=219105
Initialize per-instance NSCC parameters: flowid 128 _base_rtt=11685600 _base_bdp=146070 _bdp=146070 _min_cwnd=4150 _maxwnd=219105 _cwnd=219105
Initialize per-instance NSCC parameters: flowid 129 _base_rtt=11685600 _base_bdp=146070 _bdp=146070 _min_cwnd=4150 _maxwnd=219105 _cwnd=219105
Initialize per-instance NSCC parameters: flowid 130 _base_rtt=11685600 _base_bdp=146070 _bdp=146070 _min_cwnd=4150 _maxwnd=219105 _cwnd=219105
Initialize per-instance NSCC parameters: flowid 131 _base_rtt=11685600 _base_bdp=146070 _bdp=146070 _min_cwnd=4150 _maxwnd=219105 _cwnd=219105
Initialize per-instance NSCC parameters: flowid 132 _base_rtt=11685600 _base_bdp=146070 _bdp=146070 _min_cwnd=4150 _maxwnd=219105 _cwnd=219105
Initialize per-instance NSCC parameters: flowid 133 _base_rtt=11685600 _base_bdp=146070 _bdp=146070 _min_cwnd=4150 _maxwnd=219105 _cwnd=219105
Initialize per-instance NSCC parameters: flowid 134 _base_rtt=11685600 _base_bdp=146070 _bdp=146070 _min_cwnd=4150 _maxwnd=219105 _cwnd=219105
Initialize per-instance NSCC parameters: flowid 135 _base_rtt=11685600 _base_bdp=146070 _bdp=146070 _min_cwnd=4150 _maxwnd=219105 _cwnd=219105
Initialize per-instance NSCC parameters: flowid 136 _base_rtt=11685600 _base_bdp=146070 _bdp=146070 _min_cwnd=4150 _maxwnd=219105 _cwnd=219105
Initialize per-instance NSCC parameters: flowid 137 _base_rtt=11685600 _base_bdp=146070 _bdp=146070 _min_cwnd=4150 _maxwnd=219105 _cwnd=219105
Initialize per-instance NSCC parameters: flowid 138 _base_rtt=11685600 _base_bdp=146070 _bdp=146070 _min_cwnd=4150 _maxwnd=219105 _cwnd=219105
Initialize per-instance NSCC parameters: flowid 139 _base_rtt=11685600 _base_bdp=146070 _bdp=146070 _min_cwnd=4150 _maxwnd=219105 _cwnd=219105
Initialize per-instance NSCC parameters: flowid 140 _base_rtt=11685600 _base_bdp=146070 _bdp=146070 _min_cwnd=4150 _maxwnd=219105 _cwnd=219105
Initialize per-instance NSCC parameters: flowid 141 _base_rtt=11685600 _base_bdp=146070 _bdp=146070 _min_cwnd=4150 _maxwnd=219105 _cwnd=219105
Initialize per-instance NSCC parameters: flowid 142 _base_rtt=11685600 _base_bdp=146070 _bdp=146070 _min_cwnd=4150 _maxwnd=219105 _cwnd=219105
Initialize per-instance NSCC parameters: flowid 143 _base_rtt=11685600 _base_bdp=146070 _bdp=146070 _min_cwnd=4150 _maxwnd=219105 _cwnd=219105
Initialize per-instance NSCC parameters: flowid 144 _base_rtt=11685600 _base_bdp=146070 _bdp=146070 _min_cwnd=4150 _maxwnd=219105 _cwnd=219105
Initialize per-instance NSCC parameters: flowid 145 _base_rtt=11685600 _base_bdp=146070 _bdp=146070 _min_cwnd=4150 _maxwnd=219105 _cwnd=219105
Initialize per-instance NSCC parameters: flowid 146 _base_rtt=11685600 _base_bdp=146070 _bdp=146070 _min_cwnd=4150 _maxwnd=219105 _cwnd=219105
Initialize per-instance NSCC parameters: flowid 147 _base_rtt=11685600 _base_bdp=146070 _bdp=146070 _min_cwnd=4150 _maxwnd=219105 _cwnd=219105
Initialize per-instance NSCC parameters: flowid 148 _base_rtt=11685600 _base_bdp=146070 _bdp=146070 _min_cwnd=4150 _maxwnd=219105 _cwnd=219105
Initialize per-instance NSCC parameters: flowid 149 _base_rtt=11685600 _base_bdp=146070 _bdp=146070 _min_cwnd=4150 _maxwnd=219105 _cwnd=219105
Initialize per-instance NSCC parameters: flowid 150 _base_rtt=11685600 _base_bdp=146070 _bdp=146070 _min_cwnd=4150 _maxwnd=219105 _cwnd=219105
Initialize per-instance NSCC parameters: flowid 151 _base_rtt=11685600 _base_bdp=146070 _bdp=146070 _min_cwnd=4150 _maxwnd=219105 _cwnd=219105
Initialize per-instance NSCC parameters: flowid 152 _base_rtt=11685600 _base_bdp=146070 _bdp=146070 _min_cwnd=4150 _maxwnd=219105 _cwnd=219105
Initialize per-instance NSCC parameters: flowid 153 _base_rtt=11685600 _base_bdp=146070 _bdp=146070 _min_cwnd=4150 _maxwnd=219105 _cwnd=219105
Initialize per-instance NSCC parameters: flowid 154 _base_rtt=11685600 _base_bdp=146070 _bdp=146070 _min_cwnd=4150 _maxwnd=219105 _cwnd=219105
Initialize per-instance NSCC parameters: flowid 155 _base_rtt=11685600 _base_bdp=146070 _bdp=146070 _min_cwnd=4150 _maxwnd=219105 _cwnd=219105
Initialize per-instance NSCC parameters: flowid 156 _base_rtt=11685600 _base_bdp=146070 _bdp=146070 _min_cwnd=4150 _maxwnd=219105 _cwnd=219105
Initialize per-instance NSCC parameters: flowid 157 _base_rtt=11685600 _base_bdp=146070 _bdp=146070 _min_cwnd=4150 _maxwnd=219105 _cwnd=219105
Initialize per-instance NSCC parameters: flowid 158 _base_rtt=11685600 _base_bdp=146070 _bdp=146070 _min_cwnd=4150 _maxwnd=219105 _cwnd=219105
Initialize per-instance NSCC parameters: flowid 159 _base_rtt=11685600 _base_bdp=146070 _bdp=146070 _min_cwnd=4150 _maxwnd=219105 _cwnd=219105
Initialize per-instance NSCC parameters: flowid 160 _base_rtt=11685600 _base_bdp=146070 _bdp=146070 _min_cwnd=4150 _maxwnd=219105 _cwnd=219105
Initialize per-instance NSCC parameters: flowid 161 _base_rtt=11685600 _base_bdp=146070 _bdp=146070 _min_cwnd=4150 _maxwnd=219105 _cwnd=219105
Initialize per-instance NSCC parameters: flowid 162 _base_rtt=11685600 _base_bdp=146070 _bdp=146070 _min_cwnd=4150 _maxwnd=219105 _cwnd=219105
Initialize per-instance NSCC parameters: flowid 163 _base_rtt=11685600 _base_bdp=146070 _bdp=146070 _min_cwnd=4150 _maxwnd=219105 _cwnd=219105
Initialize per-instance NSCC parameters: flowid 164 _base_rtt=11685600 _base_bdp=146070 _bdp=146070 _min_cwnd=4150 _maxwnd=219105 _cwnd=219105
Initialize per-instance NSCC parameters: flowid 165 _base_rtt=11685600 _base_bdp=146070 _bdp=146070 _min_cwnd=4150 _maxwnd=219105 _cwnd=219105
Initialize per-instance NSCC parameters: flowid 166 _base_rtt=11685600 _base_bdp=146070 _bdp=146070 _min_cwnd=4150 _maxwnd=219105 _cwnd=219105
Initialize per-instance NSCC parameters: flowid 167 _base_rtt=11685600 _base_bdp=146070 _bdp=146070 _min_cwnd=4150 _maxwnd=219105 _cwnd=219105
Initialize per-instance NSCC parameters: flowid 168 _base_rtt=11685600 _base_bdp=146070 _bdp=146070 _min_cwnd=4150 _maxwnd=219105 _cwnd=219105
Initialize per-instance NSCC parameters: flowid 169 _base_rtt=11685600 _base_bdp=146070 _bdp=146070 _min_cwnd=4150 _maxwnd=219105 _cwnd=219105
Initialize per-instance NSCC parameters: flowid 170 _base_rtt=11685600 _base_bdp=146070 _bdp=146070 _min_cwnd=4150 _maxwnd=219105 _cwnd=219105
Initialize per-instance NSCC parameters: flowid 171 _base_rtt=11685600 _base_bdp=146070 _bdp=146070 _min_cwnd=4150 _maxwnd=219105 _cwnd=219105
Initialize per-instance NSCC parameters: flowid 172 _base_rtt=11685600 _base_bdp=146070 _bdp=146070 _min_cwnd=4150 _maxwnd=219105 _cwnd=219105
Initialize per-instance NSCC parameters: flowid 173 _base_rtt=11685600 _base_bdp=146070 _bdp=146070 _min_cwnd=4150 _maxwnd=219105 _cwnd=219105
Initialize per-instance NSCC parameters: flowid 174 _base_rtt=11685600 _base_bdp=146070 _bdp=146070 _min_cwnd=4150 _maxwnd=219105 _cwnd=219105
Initialize per-instance NSCC parameters: flowid 175 _base_rtt=11685600 _base_bdp=146070 _bdp=146070 _min_cwnd=4150 _maxwnd=219105 _cwnd=219105
Initialize per-instance NSCC parameters: flowid 176 _base_rtt=11685600 _base_bdp=146070 _bdp=146070 _min_cwnd=4150 _maxwnd=219105 _cwnd=219105
Initialize per-instance NSCC parameters: flowid 177 _base_rtt=11685600 _base_bdp=146070 _bdp=146070 _min_cwnd=4150 _maxwnd=219105 _cwnd=219105
Initialize per-instance NSCC parameters: flowid 178 _base_rtt=11685600 _base_bdp=146070 _bdp=146070 _min_cwnd=4150 _maxwnd=219105 _cwnd=219105
Initialize per-instance NSCC parameters: flowid 179 _base_rtt=11685600 _base_bdp=146070 _bdp=146070 _min_cwnd=4150 _maxwnd=219105 _cwnd=219105
Initialize per-instance NSCC parameters: flowid 180 _base_rtt=11685600 _base_bdp=146070 _bdp=146070 _min_cwnd=4150 _maxwnd=219105 _cwnd=219105
Initialize per-instance NSCC parameters: flowid 181 _base_rtt=11685600 _base_bdp=146070 _bdp=146070 _min_cwnd=4150 _maxwnd=219105 _cwnd=219105
Initialize per-instance NSCC parameters: flowid 182 _base_rtt=11685600 _base_bdp=146070 _bdp=146070 _min_cwnd=4150 _maxwnd=219105 _cwnd=219105
Initialize per-instance NSCC parameters: flowid 183 _base_rtt=11685600 _base_bdp=146070 _bdp=146070 _min_cwnd=4150 _maxwnd=219105 _cwnd=219105
Initialize per-instance NSCC parameters: flowid 184 _base_rtt=11685600 _base_bdp=146070 _bdp=146070 _min_cwnd=4150 _maxwnd=219105 _cwnd=219105
Initialize per-instance NSCC parameters: flowid 185 _base_rtt=11685600 _base_bdp=146070 _bdp=146070 _min_cwnd=4150 _maxwnd=219105 _cwnd=219105
Initialize per-instance NSCC parameters: flowid 186 _base_rtt=11685600 _base_bdp=146070 _bdp=146070 _min_cwnd=4150 _maxwnd=219105 _cwnd=219105
Initialize per-instance NSCC parameters: flowid 187 _base_rtt=11685600 _base_bdp=146070 _bdp=146070 _min_cwnd=4150 _maxwnd=219105 _cwnd=219105
Initialize per-instance NSCC parameters: flowid 188 _base_rtt=11685600 _base_bdp=146070 _bdp=146070 _min_cwnd=4150 _maxwnd=219105 _cwnd=219105
Initialize per-instance NSCC parameters: flowid 189 _base_rtt=11685600 _base_bdp=146070 _bdp=146070 _min_cwnd=4150 _maxwnd=219105 _cwnd=219105
Initialize per-instance NSCC parameters: flowid 190 _base_rtt=11685600 _base_bdp=146070 _bdp=146070 _min_cwnd=4150 _maxwnd=219105 _cwnd=219105
Initialize per-instance NSCC parameters: flowid 191 _base_rtt=11685600 _base_bdp=146070 _bdp=146070 _min_cwnd=4150 _maxwnd=219105 _cwnd=219105
Initialize per-instance NSCC parameters: flowid 192 _base_rtt=11685600 _base_bdp=146070 _bdp=146070 _min_cwnd=4150 _maxwnd=219105 _cwnd=219105
Starting simulation
Flow Uec_212_84 flowId 1 uecSrc 0 starting at 0
Flow Uec_27_155 flowId 2 uecSrc 1 starting at 0
Flow Uec_208_80 flowId 3 uecSrc 2 starting at 0
Flow Uec_74_202 flowId 4 uecSrc 3 starting at 0
Flow Uec_205_77 flowId 5 uecSrc 4 starting at 0
Flow Uec_48_176 flowId 6 uecSrc 5 starting at 0
Flow Uec_180_52 flowId 7 uecSrc 6 starting at 0
Flow Uec_160_32 flowId 8 uecSrc 7 starting at 0
Flow Uec_153_25 flowId 9 uecSrc 8 starting at 0
Flow Uec_34_162 flowId 10 uecSrc 9 starting at 0
Flow Uec_47_175 flowId 11 uecSrc 10 starting at 0
Flow Uec_36_164 flowId 12 uecSrc 11 starting at 0
Flow Uec_224_96 flowId 13 uecSrc 12 starting at 0
Flow Uec_99_227 flowId 14 uecSrc 13 starting at 0
Flow Uec_60_188 flowId 15 uecSrc 14 starting at 0
Flow Uec_0_128 flowId 16 uecSrc 15 starting at 0
Flow Uec_142_14 flowId 17 uecSrc 16 starting at 0
Flow Uec_139_11 flowId 18 uecSrc 17 starting at 0
Flow Uec_8_136 flowId 19 uecSrc 18 starting at 0
Flow Uec_222_94 flowId 20 uecSrc 19 starting at 0
Flow Uec_217_89 flowId 21 uecSrc 20 starting at 0
Flow Uec_69_197 flowId 22 uecSrc 21 starting at 0
Flow Uec_157_29 flowId 23 uecSrc 22 starting at 0
Flow Uec_118_246 flowId 24 uecSrc 23 starting at 0
Flow Uec_214_86 flowId 25 uecSrc 24 starting at 0
Flow Uec_68_196 flowId 26 uecSrc 25 starting at 0
Flow Uec_251_123 flowId 27 uecSrc 26 starting at 0
Flow Uec_66_194 flowId 28 uecSrc 27 starting at 0
Flow Uec_231_103 flowId 29 uecSrc 28 starting at 0
Flow Uec_13_141 flowId 30 uecSrc 29 starting at 0
Flow Uec_88_216 flowId 31 uecSrc 30 starting at 0
Flow Uec_32_160 flowId 32 uecSrc 31 starting at 0
Flow Uec_240_112 flowId 33 uecSrc 32 starting at 0
Flow Uec_163_35 flowId 34 uecSrc 33 starting at 0
Flow Uec_85_213 flowId 35 uecSrc 34 starting at 0
Flow Uec_106_234 flowId 36 uecSrc 35 starting at 0
Flow Uec_137_9 flowId 37 uecSrc 36 starting at 0
Flow Uec_127_255 flowId 38 uecSrc 37 starting at 0
Flow Uec_58_186 flowId 39 uecSrc 38 starting at 0
Flow Uec_188_60 flowId 40 uecSrc 39 starting at 0
Flow Uec_67_195 flowId 41 uecSrc 40 starting at 0
Flow Uec_252_124 flowId 42 uecSrc 41 starting at 0
Flow Uec_190_62 flowId 43 uecSrc 42 starting at 0
Flow Uec_25_153 flowId 44 uecSrc 43 starting at 0
Flow Uec_61_189 flowId 45 uecSrc 44 starting at 0
Flow Uec_82_210 flowId 46 uecSrc 45 starting at 0
Flow Uec_223_95 flowId 47 uecSrc 46 starting at 0
Flow Uec_204_76 flowId 48 uecSrc 47 starting at 0
Flow Uec_95_223 flowId 49 uecSrc 48 starting at 0
Flow Uec_245_117 flowId 50 uecSrc 49 starting at 0
Flow Uec_189_61 flowId 51 uecSrc 50 starting at 0
Flow Uec_156_28 flowId 52 uecSrc 51 starting at 0
Flow Uec_125_253 flowId 53 uecSrc 52 starting at 0
Flow Uec_53_181 flowId 54 uecSrc 53 starting at 0
Flow Uec_117_245 flowId 55 uecSrc 54 starting at 0
Flow Uec_50_178 flowId 56 uecSrc 55 starting at 0
Flow Uec_248_120 flowId 57 uecSrc 56 starting at 0
Flow Uec_228_100 flowId 58 uecSrc 57 starting at 0
Flow Uec_154_26 flowId 59 uecSrc 58 starting at 0
Flow Uec_200_72 flowId 60 uecSrc 59 starting at 0
Flow Uec_30_158 flowId 61 uecSrc 60 starting at 0
Flow Uec_148_20 flowId 62 uecSrc 61 starting at 0
Flow Uec_128_0 flowId 63 uecSrc 62 starting at 0
Flow Uec_43_171 flowId 64 uecSrc 63 starting at 0
Flow Uec_122_250 flowId 65 uecSrc 64 starting at 0
Flow Uec_87_215 flowId 66 uecSrc 65 starting at 0
Flow Uec_213_85 flowId 67 uecSrc 66 starting at 0
Flow Uec_136_8 flowId 68 uecSrc 67 starting at 0
Flow Uec_234_106 flowId 69 uecSrc 68 starting at 0
Flow Uec_98_226 flowId 70 uecSrc 69 starting at 0
Flow Uec_229_101 flowId 71 uecSrc 70 starting at 0
Flow Uec_134_6 flowId 72 uecSrc 71 starting at 0
Flow Uec_185_57 flowId 73 uecSrc 72 starting at 0
Flow Uec_211_83 flowId 74 uecSrc 73 starting at 0
Flow Uec_80_208 flowId 75 uecSrc 74 starting at 0
Flow Uec_20_148 flowId 76 uecSrc 75 starting at 0
Flow Uec_147_19 flowId 77 uecSrc 76 starting at 0
Flow Uec_103_231 flowId 78 uecSrc 77 starting at 0
Flow Uec_107_235 flowId 79 uecSrc 78 starting at 0
Flow Uec_145_17 flowId 80 uecSrc 79 starting at 0
Flow Uec_29_157 flowId 81 uecSrc 80 starting at 0
Flow Uec_182_54 flowId 82 uecSrc 81 starting at 0
Flow Uec_94_222 flowId 83 uecSrc 82 starting at 0
Flow Uec_81_209 flowId 84 uecSrc 83 starting at 0
Flow Uec_15_143 flowId 85 uecSrc 84 starting at 0
Flow Uec_226_98 flowId 86 uecSrc 85 starting at 0
Flow Uec_253_125 flowId 87 uecSrc 86 starting at 0
Flow Uec_93_221 flowId 88 uecSrc 87 starting at 0
Flow Uec_176_48 flowId 89 uecSrc 88 starting at 0
Flow Uec_79_207 flowId 90 uecSrc 89 starting at 0
Flow Uec_170_42 flowId 91 uecSrc 90 starting at 0
Flow Uec_116_244 flowId 92 uecSrc 91 starting at 0
Flow Uec_104_232 flowId 93 uecSrc 92 starting at 0
Flow Uec_174_46 flowId 94 uecSrc 93 starting at 0
Flow Uec_196_68 flowId 95 uecSrc 94 starting at 0
Flow Uec_130_2 flowId 96 uecSrc 95 starting at 0
Flow Uec_219_91 flowId 97 uecSrc 96 starting at 0
Flow Uec_221_93 flowId 98 uecSrc 97 starting at 0
Flow Uec_14_142 flowId 99 uecSrc 98 starting at 0
Flow Uec_89_217 flowId 100 uecSrc 99 starting at 0
Flow Uec_7_135 flowId 101 uecSrc 100 starting at 0
Flow Uec_83_211 flowId 102 uecSrc 101 starting at 0
Flow Uec_143_15 flowId 103 uecSrc 102 starting at 0
Flow Uec_235_107 flowId 104 uecSrc 103 starting at 0
Flow Uec_49_177 flowId 105 uecSrc 104 starting at 0
Flow Uec_186_58 flowId 106 uecSrc 105 starting at 0
Flow Uec_250_122 flowId 107 uecSrc 106 starting at 0
Flow Uec_56_184 flowId 108 uecSrc 107 starting at 0
Flow Uec_123_251 flowId 109 uecSrc 108 starting at 0
Flow Uec_191_63 flowId 110 uecSrc 109 starting at 0
Flow Uec_135_7 flowId 111 uecSrc 110 starting at 0
Flow Uec_207_79 flowId 112 uecSrc 111 starting at 0
Flow Uec_91_219 flowId 113 uecSrc 112 starting at 0
Flow Uec_22_150 flowId 114 uecSrc 113 starting at 0
Flow Uec_54_182 flowId 115 uecSrc 114 starting at 0
Flow Uec_166_38 flowId 116 uecSrc 115 starting at 0
Flow Uec_86_214 flowId 117 uecSrc 116 starting at 0
Flow Uec_45_173 flowId 118 uecSrc 117 starting at 0
Flow Uec_150_22 flowId 119 uecSrc 118 starting at 0
Flow Uec_131_3 flowId 120 uecSrc 119 starting at 0
Flow Uec_230_102 flowId 121 uecSrc 120 starting at 0
Flow Uec_3_131 flowId 122 uecSrc 121 starting at 0
Flow Uec_75_203 flowId 123 uecSrc 122 starting at 0
Flow Uec_114_242 flowId 124 uecSrc 123 starting at 0
Flow Uec_146_18 flowId 125 uecSrc 124 starting at 0
Flow Uec_97_225 flowId 126 uecSrc 125 starting at 0
Flow Uec_152_24 flowId 127 uecSrc 126 starting at 0
Flow Uec_121_249 flowId 128 uecSrc 127 starting at 0
Flow Uec_215_87 flowId 129 uecSrc 128 starting at 0
Flow Uec_209_81 flowId 130 uecSrc 129 starting at 0
Flow Uec_92_220 flowId 131 uecSrc 130 starting at 0
Flow Uec_52_180 flowId 132 uecSrc 131 starting at 0
Flow Uec_239_111 flowId 133 uecSrc 132 starting at 0
Flow Uec_193_65 flowId 134 uecSrc 133 starting at 0
Flow Uec_159_31 flowId 135 uecSrc 134 starting at 0
Flow Uec_167_39 flowId 136 uecSrc 135 starting at 0
Flow Uec_168_40 flowId 137 uecSrc 136 starting at 0
Flow Uec_40_168 flowId 138 uecSrc 137 starting at 0
Flow Uec_31_159 flowId 139 uecSrc 138 starting at 0
Flow Uec_18_146 flowId 140 uecSrc 139 starting at 0
Flow Uec_138_10 flowId 141 uecSrc 140 starting at 0
Flow Uec_44_172 flowId 142 uecSrc 141 starting at 0
Flow Uec_237_109 flowId 143 uecSrc 142 starting at 0
Flow Uec_192_64 flowId 144 uecSrc 143 starting at 0
Flow Uec_111_239 flowId 145 uecSrc 144 starting at 0
Flow Uec_179_51 flowId 146 uecSrc 145 starting at 0
Flow Uec_90_218 flowId 147 uecSrc 146 starting at 0
Flow Uec_11_139 flowId 148 uecSrc 147 starting at 0
Flow Uec_28_156 flowId 149 uecSrc 148 starting at 0
Flow Uec_238_110 flowId 150 uecSrc 149 starting at 0
Flow Uec_24_152 flowId 151 uecSrc 150 starting at 0
Flow Uec_6_134 flowId 152 uecSrc 151 starting at 0
Flow Uec_78_206 flowId 153 uecSrc 152 starting at 0
Flow Uec_21_149 flowId 154 uecSrc 153 starting at 0
Flow Uec_244_116 flowId 155 uecSrc 154 starting at 0
Flow Uec_210_82 flowId 156 uecSrc 155 starting at 0
Flow Uec_109_237 flowId 157 uecSrc 156 starting at 0
Flow Uec_220_92 flowId 158 uecSrc 157 starting at 0
Flow Uec_218_90 flowId 159 uecSrc 158 starting at 0
Flow Uec_37_165 flowId 160 uecSrc 159 starting at 0
Flow Uec_173_45 flowId 161 uecSrc 160 starting at 0
Flow Uec_165_37 flowId 162 uecSrc 161 starting at 0
Flow Uec_119_247 flowId 163 uecSrc 162 starting at 0
Flow Uec_100_228 flowId 164 uecSrc 163 starting at 0
Flow Uec_10_138 flowId 165 uecSrc 164 starting at 0
Flow Uec_225_97 flowId 166 uecSrc 165 starting at 0
Flow Uec_9_137 flowId 167 uecSrc 166 starting at 0
Flow Uec_246_118 flowId 168 uecSrc 167 starting at 0
Flow Uec_62_190 flowId 169 uecSrc 168 starting at 0
Flow Uec_4_132 flowId 170 uecSrc 169 starting at 0
Flow Uec_64_192 flowId 171 uecSrc 170 starting at 0
Flow Uec_73_201 flowId 172 uecSrc 171 starting at 0
Flow Uec_175_47 flowId 173 uecSrc 172 starting at 0
Flow Uec_232_104 flowId 174 uecSrc 173 starting at 0
Flow Uec_255_127 flowId 175 uecSrc 174 starting at 0
Flow Uec_129_1 flowId 176 uecSrc 175 starting at 0
Flow Uec_178_50 flowId 177 uecSrc 176 starting at 0
Flow Uec_70_198 flowId 178 uecSrc 177 starting at 0
Flow Uec_169_41 flowId 179 uecSrc 178 starting at 0
Flow Uec_177_49 flowId 180 uecSrc 179 starting at 0
Flow Uec_46_174 flowId 181 uecSrc 180 starting at 0
Flow Uec_155_27 flowId 182 uecSrc 181 starting at 0
Flow Uec_63_191 flowId 183 uecSrc 182 starting at 0
Flow Uec_17_145 flowId 184 uecSrc 183 starting at 0
Flow Uec_71_199 flowId 185 uecSrc 184 starting at 0
Flow Uec_197_69 flowId 186 uecSrc 185 starting at 0
Flow Uec_162_34 flowId 187 uecSrc 186 starting at 0
Flow Uec_216_88 flowId 188 uecSrc 187 starting at 0
Flow Uec_183_55 flowId 189 uecSrc 188 starting at 0
Flow Uec_19_147 flowId 190 uecSrc 189 starting at 0
Flow Uec_115_243 flowId 191 uecSrc 190 starting at 0
Flow Uec_227_99 flowId 192 uecSrc 191 starting at 0
139.531 flowid 43 Spurious 41
141.89 flowid 43 Spurious 45
142.222 flowid 43 Spurious 47
143.898 flowid 43 Spurious 54
144.567 flowid 43 Spurious 56
144.899 flowid 43 Spurious 57
145.236 flowid 43 Spurious 58
145.568 flowid 43 Spurious 59
145.9 flowid 43 Spurious 60
146.237 flowid 43 Spurious 61
146.378 flowid 184 Spurious 64
146.677 flowid 160 Spurious 57
146.901 flowid 43 Spurious 63
148.576 flowid 106 Spurious 35
149.915 flowid 106 Spurious 41
150.142 flowid 160 Spurious 54
150.884 flowid 173 Spurious 18
151.143 flowid 160 Spurious 61
151.916 flowid 173 Spurious 21
152.481 flowid 160 Spurious 67
157.96 flowid 106 Spurious 48
158.297 flowid 106 Spurious 52
163.141 flowid 81 Spurious 87
163.81 flowid 81 Spurious 90
166.482 flowid 81 Spurious 94
166.814 flowid 81 Spurious 95
170.92 flowid 12 Spurious 113
171.62 flowid 6 Spurious 115
171.951 flowid 12 Spurious 116
Flow Uec_192_64 flowId 144 uecSrc 143 finished at 175.54 total messages 1 total packets 490 RTS 0 total bytes 2002140 in_flight now 0 fair_inc 0 prop_inc 82475 fast_inc 85350 eta_inc 8344 multi_dec -0 quick_dec -0 nack_dec -0
Flow Uec_169_41 flowId 179 uecSrc 178 finished at 175.591 total messages 1 total packets 490 RTS 0 total bytes 2002140 in_flight now 0 fair_inc 0 prop_inc 87824 fast_inc 0 eta_inc 7748 multi_dec -0 quick_dec -0 nack_dec -0
Flow Uec_103_231 flowId 78 uecSrc 77 finished at 176.984 total messages 1 total packets 490 RTS 0 total bytes 2002140 in_flight now 0 fair_inc 0 prop_inc 87027 fast_inc 0 eta_inc 8344 multi_dec -0 quick_dec -0 nack_dec -0
Flow Uec_123_251 flowId 109 uecSrc 108 finished at 177.144 total messages 1 total packets 490 RTS 0 total bytes 2002140 in_flight now 0 fair_inc 0 prop_inc 88491 fast_inc 0 eta_inc 8344 multi_dec -0 quick_dec -0 nack_dec -0
Flow Uec_127_255 flowId 38 uecSrc 37 finished at 177.155 total messages 1 total packets 490 RTS 0 total bytes 2002140 in_flight now 0 fair_inc 0 prop_inc 65934 fast_inc 129312 eta_inc 8344 multi_dec -0 quick_dec -0 nack_dec -0
Flow Uec_99_227 flowId 14 uecSrc 13 finished at 177.326 total messages 1 total packets 490 RTS 0 total bytes 2002140 in_flight now 0 fair_inc 0 prop_inc 80214 fast_inc 0 eta_inc 8344 multi_dec -0 quick_dec -0 nack_dec -0
Flow Uec_125_253 flowId 53 uecSrc 52 finished at 178.831 total messages 1 total packets 490 RTS 0 total bytes 2002140 in_flight now 0 fair_inc 0 prop_inc 77535 fast_inc 0 eta_inc 8344 multi_dec -0 quick_dec -0 nack_dec -0
Flow Uec_119_247 flowId 163 uecSrc 162 finished at 179.735 total messages 1 total packets 490 RTS 0 total bytes 2002140 in_flight now 0 fair_inc 0 prop_inc 54559 fast_inc 0 eta_inc 8344 multi_dec -0 quick_dec -0 nack_dec -0
Flow Uec_138_10 flowId 141 uecSrc 140 finished at 180.107 total messages 1 total packets 490 RTS 0 total bytes 2002140 in_flight now 0 fair_inc 0 prop_inc 84895 fast_inc 0 eta_inc 7748 multi_dec -0 quick_dec -0 nack_dec -0
Flow Uec_165_37 flowId 162 uecSrc 161 finished at 180.135 total messages 1 total packets 490 RTS 0 total bytes 2002140 in_flight now 0 fair_inc 0 prop_inc 84000 fast_inc 0 eta_inc 7748 multi_dec -0 quick_dec -0 nack_dec -0
Flow Uec_215_87 flowId 129 uecSrc 128 finished at 180.352 total messages 1 total packets 490 RTS 0 total bytes 2002140 in_flight now 0 fair_inc 0 prop_inc 53509 fast_inc 0 eta_inc 8344 multi_dec -0 quick_dec -0 nack_dec -0
Flow Uec_95_223 flowId 49 uecSrc 48 finished at 182.777 total messages 1 total packets 490 RTS 0 total bytes 2002140 in_flight now 0 fair_inc 0 prop_inc 37155 fast_inc 0 eta_inc 8344 multi_dec -0 quick_dec -0 nack_dec -0
185.334 flowid 138 Spurious 160
Flow Uec_15_143 flowId 85 uecSrc 84 finished at 188.158 total messages 1 total packets 490 RTS 0 total bytes 2002140 in_flight now 0 fair_inc 0 prop_inc 31933 fast_inc 0 eta_inc 8940 multi_dec -0 quick_dec -0 nack_dec -0
189.675 flowid 151 Spurious 162
192.668 flowid 151 Spurious 171
Flow Uec_50_178 flowId 56 uecSrc 55 finished at 193.758 total messages 1 total packets 490 RTS 0 total bytes 2002140 in_flight now 0 fair_inc 2246 prop_inc 27268 fast_inc 0 eta_inc 8940 multi_dec -0 quick_dec -0 nack_dec -0
Flow Uec_52_180 flowId 132 uecSrc 131 finished at 200.176 total messages 1 total packets 490 RTS 0 total bytes 2002140 in_flight now 0 fair_inc 6747 prop_inc 13046 fast_inc 0 eta_inc 9536 multi_dec -0 quick_dec -0 nack_dec -0
Flow Uec_250_122 flowId 107 uecSrc 106 finished at 202.72 total messages 1 total packets 490 RTS 0 total bytes 2002140 in_flight now 0 fair_inc 6006 prop_inc 16232 fast_inc 0 eta_inc 9536 multi_dec -0 quick_dec -0 nack_dec -0
206.543 flowid 81 Spurious 190
Flow Uec_54_182 flowId 115 uecSrc 114 finished at 210.607 total messages 1 total packets 490 RTS 0 total bytes 2002140 in_flight now 0 fair_inc 13880 prop_inc 7967 fast_inc 0 eta_inc 10132 multi_dec -0 quick_dec -0 nack_dec -0
211.296 flowid 10 Spurious 204
Flow Uec_30_158 flowId 61 uecSrc 60 finished at 211.402 total messages 1 total packets 490 RTS 0 total bytes 2002140 in_flight now 0 fair_inc 12372 prop_inc 7651 fast_inc 0 eta_inc 10132 multi_dec -0 quick_dec -0 nack_dec -0
215.461 flowid 10 Spurious 220
215.861 flowid 19 Spurious 162
216.296 flowid 10 Spurious 226
Flow Uec_18_146 flowId 140 uecSrc 139 finished at 219.851 total messages 1 total packets 490 RTS 0 total bytes 2002140 in_flight now 0 fair_inc 6100 prop_inc 27509 fast_inc 0 eta_inc 10132 multi_dec -74358 quick_dec -0 nack_dec -0
Flow Uec_230_102 flowId 121 uecSrc 120 finished at 220.075 total messages 1 total packets 490 RTS 0 total bytes 2002140 in_flight now 0 fair_inc 3145 prop_inc 40257 fast_inc 0 eta_inc 10728 multi_dec -75283 quick_dec -0 nack_dec -0
220.293 flowid 149 Spurious 239
Flow Uec_14_142 flowId 99 uecSrc 98 finished at 221.002 total messages 1 total packets 490 RTS 0 total bytes 2002140 in_flight now 0 fair_inc 16330 prop_inc 10713 fast_inc 0 eta_inc 10728 multi_dec -46017 quick_dec -0 nack_dec -4150
Flow Uec_43_171 flowId 64 uecSrc 63 finished at 224.41 total messages 1 total packets 490 RTS 0 total bytes 2002140 in_flight now 0 fair_inc 7869 prop_inc 23167 fast_inc 0 eta_inc 10132 multi_dec -0 quick_dec -0 nack_dec -0
225.289 flowid 149 Spurious 256
225.507 flowid 160 Spurious 236
226.835 flowid 160 Spurious 238
Flow Uec_29_157 flowId 81 uecSrc 80 finished at 229.002 total messages 1 total packets 493 RTS 3 total bytes 2002140 in_flight now 0 fair_inc 14071 prop_inc 5896 fast_inc 0 eta_inc 10728 multi_dec -0 quick_dec -0 nack_dec -12450
229.573 flowid 139 Spurious 269
230.94 flowid 181 Spurious 190
231.243 flowid 139 Spurious 272
231.614 flowid 181 Spurious 191
232.596 flowid 139 Spurious 276
Flow Uec_53_181 flowId 54 uecSrc 53 finished at 232.729 total messages 1 total packets 490 RTS 0 total bytes 2002140 in_flight now 0 fair_inc 7265 prop_inc 67330 fast_inc 0 eta_inc 10728 multi_dec -107213 quick_dec -0 nack_dec -0
233.508 flowid 2 Spurious 280
Flow Uec_100_228 flowId 164 uecSrc 163 finished at 234.776 total messages 1 total packets 490 RTS 0 total bytes 2002140 in_flight now 0 fair_inc 6343 prop_inc 49034 fast_inc 0 eta_inc 11324 multi_dec -96125 quick_dec -0 nack_dec -0
Flow Uec_117_245 flowId 55 uecSrc 54 finished at 245.189 total messages 1 total packets 490 RTS 0 total bytes 2002140 in_flight now 0 fair_inc 7850 prop_inc 49142 fast_inc 0 eta_inc 11920 multi_dec -74831 quick_dec -0 nack_dec -29050
249.483 flowid 142 Spurious 234
Flow Uec_31_159 flowId 139 uecSrc 138 finished at 272.607 total messages 1 total packets 491 RTS 1 total bytes 2002140 in_flight now 0 fair_inc 8694 prop_inc 12424 fast_inc 0 eta_inc 11920 multi_dec -0 quick_dec -189003 nack_dec -4150
Flow Uec_28_156 flowId 149 uecSrc 148 finished at 285.546 total messages 1 total packets 491 RTS 1 total bytes 2002140 in_flight now 0 fair_inc 10713 prop_inc 9049 fast_inc 2020 eta_inc 11920 multi_dec -0 quick_dec -184834 nack_dec -4150
Flow Uec_17_145 flowId 184 uecSrc 183 finished at 286.019 total messages 1 total packets 494 RTS 4 total bytes 2002140 in_flight now 0 fair_inc 17189 prop_inc 44105 fast_inc 0 eta_inc 13112 multi_dec -95047 quick_dec -0 nack_dec -8300
Flow Uec_137_9 flowId 37 uecSrc 36 finished at 289.259 total messages 1 total packets 490 RTS 0 total bytes 2002140 in_flight now 0 fair_inc 3447 prop_inc 39073 fast_inc 0 eta_inc 13112 multi_dec -76359 quick_dec -0 nack_dec -33200
Flow Uec_128_0 flowId 63 uecSrc 62 finished at 298.788 total messages 1 total packets 490 RTS 0 total bytes 2002140 in_flight now 0 fair_inc 7784 prop_inc 41005 fast_inc 0 eta_inc 13112 multi_dec -96053 quick_dec -0 nack_dec -20750
301.604 flowid 138 Spurious 443
304.141 flowid 10 Spurious 445
304.473 flowid 10 Spurious 446
Flow Uec_34_162 flowId 10 uecSrc 9 finished at 304.857 total messages 1 total packets 491 RTS 1 total bytes 2002140 in_flight now 0 fair_inc 8348 prop_inc 9401 fast_inc 0 eta_inc 11324 multi_dec -0 quick_dec -175351 nack_dec -4150
Flow Uec_24_152 flowId 151 uecSrc 150 finished at 305.489 total messages 1 total packets 492 RTS 2 total bytes 2002140 in_flight now 0 fair_inc 15979 prop_inc 9870 fast_inc 0 eta_inc 11324 multi_dec -0 quick_dec -0 nack_dec -4150
305.992 flowid 138 Spurious 453
Flow Uec_48_176 flowId 6 uecSrc 5 finished at 306.415 total messages 1 total packets 491 RTS 1 total bytes 2002140 in_flight now 0 fair_inc 10746 prop_inc 14967 fast_inc 0 eta_inc 11324 multi_dec -0 quick_dec -0 nack_dec -0
307.461 flowid 10 Spurious 455
308.759 flowid 45 Spurious 2
309.341 flowid 10 Spurious 459
309.673 flowid 10 Spurious 460
Flow Uec_89_217 flowId 100 uecSrc 99 finished at 312.344 total messages 1 total packets 490 RTS 0 total bytes 2002140 in_flight now 0 fair_inc 3955 prop_inc 24681 fast_inc 0 eta_inc 14900 multi_dec -93214 quick_dec -0 nack_dec -29050
Flow Uec_136_8 flowId 68 uecSrc 67 finished at 314.156 total messages 1 total packets 490 RTS 0 total bytes 2002140 in_flight now 0 fair_inc 17106 prop_inc 32182 fast_inc 0 eta_inc 13708 multi_dec -71817 quick_dec -0 nack_dec -45650
Flow Uec_36_164 flowId 12 uecSrc 11 finished at 318.525 total messages 1 total packets 496 RTS 6 total bytes 2002140 in_flight now 0 fair_inc 7633 prop_inc 13753 fast_inc 0 eta_inc 13112 multi_dec -0 quick_dec -0 nack_dec -0
Flow Uec_27_155 flowId 2 uecSrc 1 finished at 318.708 total messages 1 total packets 492 RTS 2 total bytes 2002140 in_flight now 0 fair_inc 8680 prop_inc 12317 fast_inc 1010 eta_inc 12516 multi_dec -0 quick_dec -191879 nack_dec -4150
Flow Uec_37_165 flowId 160 uecSrc 159 finished at 319.239 total messages 1 total packets 496 RTS 6 total bytes 2002140 in_flight now 0 fair_inc 8631 prop_inc 35823 fast_inc 5050 eta_inc 13112 multi_dec -0 quick_dec -0 nack_dec -0
319.415 flowid 2 Spurious 472
320.094 flowid 2 Spurious 481
Flow Uec_142_14 flowId 17 uecSrc 16 finished at 320.144 total messages 1 total packets 490 RTS 0 total bytes 2002140 in_flight now 0 fair_inc 8077 prop_inc 26785 fast_inc 0 eta_inc 14900 multi_dec -76874 quick_dec -0 nack_dec -49800
321.966 flowid 51 Spurious 489
Flow Uec_208_80 flowId 3 uecSrc 2 finished at 324.036 total messages 1 total packets 490 RTS 0 total bytes 2002140 in_flight now 0 fair_inc 7392 prop_inc 20393 fast_inc 0 eta_inc 15496 multi_dec -85610 quick_dec -0 nack_dec -37350
Flow Uec_32_160 flowId 32 uecSrc 31 finished at 325.616 total messages 1 total packets 494 RTS 4 total bytes 2002140 in_flight now 0 fair_inc 5401 prop_inc 29438 fast_inc 0 eta_inc 13112 multi_dec -0 quick_dec -132230 nack_dec -4150
Flow Uec_21_149 flowId 154 uecSrc 153 finished at 326.214 total messages 1 total packets 498 RTS 8 total bytes 2002140 in_flight now 0 fair_inc 14045 prop_inc 49165 fast_inc 32813 eta_inc 14900 multi_dec -0 quick_dec -0 nack_dec -24900
Flow Uec_46_174 flowId 181 uecSrc 180 finished at 326.242 total messages 1 total packets 495 RTS 5 total bytes 2002140 in_flight now 0 fair_inc 12566 prop_inc 51337 fast_inc 0 eta_inc 15496 multi_dec -71792 quick_dec -0 nack_dec -4150
Flow Uec_212_84 flowId 1 uecSrc 0 finished at 327.124 total messages 1 total packets 490 RTS 0 total bytes 2002140 in_flight now 0 fair_inc 5633 prop_inc 19659 fast_inc 0 eta_inc 16092 multi_dec -79071 quick_dec -0 nack_dec -45650
Flow Uec_189_61 flowId 51 uecSrc 50 finished at 328.119 total messages 1 total packets 490 RTS 0 total bytes 2002140 in_flight now 0 fair_inc 0 prop_inc 91467 fast_inc 0 eta_inc 9536 multi_dec -0 quick_dec -0 nack_dec -0
Flow Uec_20_148 flowId 76 uecSrc 75 finished at 331.211 total messages 1 total packets 493 RTS 3 total bytes 2002140 in_flight now 0 fair_inc 15312 prop_inc 16587 fast_inc 0 eta_inc 11920 multi_dec -9193 quick_dec -185684 nack_dec -4150
Flow Uec_191_63 flowId 110 uecSrc 109 finished at 333.782 total messages 1 total packets 490 RTS 0 total bytes 2002140 in_flight now 0 fair_inc 5169 prop_inc 41633 fast_inc 0 eta_inc 16092 multi_dec -121868 quick_dec -0 nack_dec -29050
Flow Uec_177_49 flowId 180 uecSrc 179 finished at 334.103 total messages 1 total packets 490 RTS 0 total bytes 2002140 in_flight now 0 fair_inc 4301 prop_inc 37334 fast_inc 0 eta_inc 16092 multi_dec -109302 quick_dec -0 nack_dec -37350
Flow Uec_185_57 flowId 73 uecSrc 72 finished at 336.443 total messages 1 total packets 490 RTS 0 total bytes 2002140 in_flight now 0 fair_inc 5225 prop_inc 40495 fast_inc 0 eta_inc 16092 multi_dec -98162 quick_dec -0 nack_dec -53950
Flow Uec_111_239 flowId 145 uecSrc 144 finished at 338.114 total messages 1 total packets 490 RTS 0 total bytes 2002140 in_flight now 0 fair_inc 10539 prop_inc 19403 fast_inc 0 eta_inc 16092 multi_dec -84369 quick_dec -0 nack_dec -45650
338.249 flowid 76 Spurious 476
Flow Uec_179_51 flowId 146 uecSrc 145 finished at 340.094 total messages 1 total packets 490 RTS 0 total bytes 2002140 in_flight now 0 fair_inc 3220 prop_inc 45941 fast_inc 0 eta_inc 16092 multi_dec -95775 quick_dec -0 nack_dec -58100
Flow Uec_193_65 flowId 134 uecSrc 133 finished at 340.555 total messages 1 total packets 490 RTS 0 total bytes 2002140 in_flight now 0 fair_inc 7022 prop_inc 39128 fast_inc 0 eta_inc 16092 multi_dec -98088 quick_dec -0 nack_dec -53950
Flow Uec_178_50 flowId 177 uecSrc 176 finished at 340.887 total messages 1 total packets 490 RTS 0 total bytes 2002140 in_flight now 0 fair_inc 3944 prop_inc 38961 fast_inc 0 eta_inc 16688 multi_dec -115071 quick_dec -0 nack_dec -37350
Flow Uec_40_168 flowId 138 uecSrc 137 finished at 340.973 total messages 1 total packets 492 RTS 2 total bytes 2002140 in_flight now 0 fair_inc 13208 prop_inc 31731 fast_inc 1010 eta_inc 12516 multi_dec -0 quick_dec -189347 nack_dec -4150
Flow Uec_210_82 flowId 156 uecSrc 155 finished at 342.467 total messages 1 total packets 490 RTS 0 total bytes 2002140 in_flight now 0 fair_inc 4688 prop_inc 26808 fast_inc 0 eta_inc 16092 multi_dec -77382 quick_dec -0 nack_dec -53950
Flow Uec_106_234 flowId 36 uecSrc 35 finished at 345.351 total messages 1 total packets 490 RTS 0 total bytes 2002140 in_flight now 0 fair_inc 1545 prop_inc 23289 fast_inc 0 eta_inc 16688 multi_dec -80475 quick_dec -0 nack_dec -49800
Flow Uec_209_81 flowId 130 uecSrc 129 finished at 346.175 total messages 1 total packets 490 RTS 0 total bytes 2002140 in_flight now 0 fair_inc 2945 prop_inc 30794 fast_inc 0 eta_inc 16688 multi_dec -69306 quick_dec -0 nack_dec -62250
Flow Uec_73_201 flowId 172 uecSrc 171 finished at 347.278 total messages 1 total packets 490 RTS 0 total bytes 2002140 in_flight now 0 fair_inc 8357 prop_inc 39028 fast_inc 38872 eta_inc 16688 multi_dec -92465 quick_dec -0 nack_dec -62250
Flow Uec_143_15 flowId 103 uecSrc 102 finished at 349.211 total messages 1 total packets 490 RTS 0 total bytes 2002140 in_flight now 0 fair_inc 2340 prop_inc 45955 fast_inc 28771 eta_inc 16688 multi_dec -125476 quick_dec -0 nack_dec -29050
Flow Uec_227_99 flowId 192 uecSrc 191 finished at 349.54 total messages 1 total packets 490 RTS 0 total bytes 2002140 in_flight now 0 fair_inc 7542 prop_inc 38315 fast_inc 0 eta_inc 16688 multi_dec -113371 quick_dec -0 nack_dec -41500
Flow Uec_145_17 flowId 80 uecSrc 79 finished at 354.486 total messages 1 total packets 491 RTS 1 total bytes 2002140 in_flight now 0 fair_inc 3373 prop_inc 66208 fast_inc 0 eta_inc 16688 multi_dec -123359 quick_dec -0 nack_dec -29050
Flow Uec_44_172 flowId 142 uecSrc 141 finished at 358.286 total messages 1 total packets 494 RTS 4 total bytes 2002140 in_flight now 0 fair_inc 13895 prop_inc 30274 fast_inc 0 eta_inc 16688 multi_dec -133108 quick_dec -0 nack_dec -4150
Flow Uec_231_103 flowId 29 uecSrc 28 finished at 358.696 total messages 1 total packets 490 RTS 0 total bytes 2002140 in_flight now 0 fair_inc 10871 prop_inc 38412 fast_inc 0 eta_inc 16688 multi_dec -96930 quick_dec -0 nack_dec -62250
Flow Uec_251_123 flowId 27 uecSrc 26 finished at 369.191 total messages 1 total packets 490 RTS 0 total bytes 2002140 in_flight now 0 fair_inc 13128 prop_inc 62374 fast_inc 0 eta_inc 16092 multi_dec -153123 quick_dec -0 nack_dec -24900
Flow Uec_232_104 flowId 174 uecSrc 173 finished at 373.652 total messages 1 total packets 490 RTS 0 total bytes 2002140 in_flight now 0 fair_inc 10267 prop_inc 31000 fast_inc 0 eta_inc 16688 multi_dec -83251 quick_dec -0 nack_dec -70550
Flow Uec_121_249 flowId 128 uecSrc 127 finished at 377.238 total messages 1 total packets 490 RTS 0 total bytes 2002140 in_flight now 0 fair_inc 15168 prop_inc 46073 fast_inc 0 eta_inc 18476 multi_dec -128828 quick_dec -0 nack_dec -41500
Flow Uec_116_244 flowId 92 uecSrc 91 finished at 377.515 total messages 1 total packets 490 RTS 0 total bytes 2002140 in_flight now 0 fair_inc 7004 prop_inc 16099 fast_inc 0 eta_inc 17880 multi_dec -44259 quick_dec -0 nack_dec -91300
Flow Uec_240_112 flowId 33 uecSrc 32 finished at 378.495 total messages 1 total packets 490 RTS 0 total bytes 2002140 in_flight now 0 fair_inc 3442 prop_inc 32446 fast_inc 0 eta_inc 17880 multi_dec -79356 quick_dec -0 nack_dec -74700
379.607 flowid 165 Spurious 446
383.58 flowid 165 Spurious 450
Flow Uec_246_118 flowId 168 uecSrc 167 finished at 388.392 total messages 1 total packets 490 RTS 0 total bytes 2002140 in_flight now 0 fair_inc 22023 prop_inc 55124 fast_inc 0 eta_inc 17284 multi_dec -140662 quick_dec -0 nack_dec -37350
Flow Uec_255_127 flowId 175 uecSrc 174 finished at 390.971 total messages 1 total packets 490 RTS 0 total bytes 2002140 in_flight now 0 fair_inc 11857 prop_inc 48973 fast_inc 0 eta_inc 17284 multi_dec -156187 quick_dec -0 nack_dec -20750
Flow Uec_122_250 flowId 65 uecSrc 64 finished at 391.781 total messages 1 total packets 490 RTS 0 total bytes 2002140 in_flight now 0 fair_inc 9174 prop_inc 53843 fast_inc 0 eta_inc 18476 multi_dec -117620 quick_dec -0 nack_dec -53950
392.858 flowid 165 Spurious 466
Flow Uec_114_242 flowId 124 uecSrc 123 finished at 393.06 total messages 1 total packets 490 RTS 0 total bytes 2002140 in_flight now 0 fair_inc 12246 prop_inc 20521 fast_inc 0 eta_inc 18476 multi_dec -17238 quick_dec -0 nack_dec -120350
Flow Uec_13_141 flowId 30 uecSrc 29 finished at 394.452 total messages 1 total packets 493 RTS 3 total bytes 2002140 in_flight now 0 fair_inc 12593 prop_inc 52850 fast_inc 0 eta_inc 14900 multi_dec -1992 quick_dec -154810 nack_dec -53950
Flow Uec_253_125 flowId 87 uecSrc 86 finished at 395.448 total messages 1 total packets 490 RTS 0 total bytes 2002140 in_flight now 0 fair_inc 11033 prop_inc 49552 fast_inc 0 eta_inc 18476 multi_dec -137424 quick_dec -0 nack_dec -41500
400.561 flowid 165 Spurious 471
Flow Uec_134_6 flowId 72 uecSrc 71 finished at 401.724 total messages 1 total packets 490 RTS 0 total bytes 2002140 in_flight now 0 fair_inc 9222 prop_inc 82193 fast_inc 0 eta_inc 16688 multi_dec -147433 quick_dec -0 nack_dec -41500
Flow Uec_115_243 flowId 191 uecSrc 190 finished at 402.773 total messages 1 total packets 490 RTS 0 total bytes 2002140 in_flight now 0 fair_inc 26203 prop_inc 128675 fast_inc 0 eta_inc 17880 multi_dec -173214 quick_dec -0 nack_dec -41500
403.343 flowid 165 Spurious 480
Flow Uec_25_153 flowId 44 uecSrc 43 finished at 411.135 total messages 1 total packets 495 RTS 5 total bytes 2002140 in_flight now 0 fair_inc 25481 prop_inc 65743 fast_inc 0 eta_inc 18476 multi_dec -159530 quick_dec -0 nack_dec -4150
Flow Uec_19_147 flowId 190 uecSrc 189 finished at 429.587 total messages 1 total packets 498 RTS 8 total bytes 2002140 in_flight now 0 fair_inc 18158 prop_inc 53903 fast_inc 0 eta_inc 19072 multi_dec -93063 quick_dec -0 nack_dec -20750
Flow Uec_22_150 flowId 114 uecSrc 113 finished at 429.902 total messages 1 total packets 495 RTS 5 total bytes 2002140 in_flight now -64 fair_inc 17530 prop_inc 75317 fast_inc 0 eta_inc 19072 multi_dec -128495 quick_dec -0 nack_dec -8300
Flow Uec_47_175 flowId 11 uecSrc 10 finished at 444.717 total messages 1 total packets 494 RTS 4 total bytes 2002140 in_flight now 0 fair_inc 28614 prop_inc 99730 fast_inc 70196 eta_inc 18476 multi_dec -199601 quick_dec -0 nack_dec -0
Flow Uec_45_173 flowId 118 uecSrc 117 finished at 445.22 total messages 1 total packets 499 RTS 9 total bytes 2002140 in_flight now 0 fair_inc 11606 prop_inc 66595 fast_inc 0 eta_inc 20860 multi_dec -103440 quick_dec -0 nack_dec -12450
Flow Uec_235_107 flowId 104 uecSrc 103 finished at 445.623 total messages 1 total packets 490 RTS 0 total bytes 2002140 in_flight now 0 fair_inc 27299 prop_inc 14991 fast_inc 0 eta_inc 20860 multi_dec -34213 quick_dec -0 nack_dec -141100
Flow Uec_234_106 flowId 69 uecSrc 68 finished at 447.539 total messages 1 total packets 490 RTS 0 total bytes 2002140 in_flight now 0 fair_inc 13346 prop_inc 17640 fast_inc 0 eta_inc 20860 multi_dec -51461 quick_dec -0 nack_dec -116200
Flow Uec_180_52 flowId 7 uecSrc 6 finished at 448.611 total messages 1 total packets 490 RTS 0 total bytes 2002140 in_flight now 0 fair_inc 8941 prop_inc 91119 fast_inc 21211 eta_inc 19668 multi_dec -113287 quick_dec -0 nack_dec -83000
Flow Uec_60_188 flowId 15 uecSrc 14 finished at 452.45 total messages 1 total packets 490 RTS 0 total bytes 2002140 in_flight now 0 fair_inc 31220 prop_inc 19004 fast_inc 0 eta_inc 21456 multi_dec -45864 quick_dec -0 nack_dec -136950
473.3 flowid 106 Spurious 271
Flow Uec_63_191 flowId 183 uecSrc 182 finished at 478.72 total messages 1 total packets 490 RTS 0 total bytes 2002140 in_flight now 0 fair_inc 16595 prop_inc 34144 fast_inc 0 eta_inc 22052 multi_dec -105859 quick_dec -0 nack_dec -74700
Flow Uec_239_111 flowId 133 uecSrc 132 finished at 480.596 total messages 1 total packets 490 RTS 0 total bytes 2002140 in_flight now 0 fair_inc 21371 prop_inc 28515 fast_inc 0 eta_inc 21456 multi_dec -61748 quick_dec -0 nack_dec -116200
Flow Uec_168_40 flowId 137 uecSrc 136 finished at 484.266 total messages 1 total packets 491 RTS 1 total bytes 2002140 in_flight now 0 fair_inc 14233 prop_inc 16931 fast_inc 0 eta_inc 22648 multi_dec -22437 quick_dec -0 nack_dec -149400
Flow Uec_237_109 flowId 143 uecSrc 142 finished at 487.916 total messages 1 total packets 490 RTS 0 total bytes 2002140 in_flight now 0 fair_inc 34703 prop_inc 26739 fast_inc 0 eta_inc 22648 multi_dec -85770 quick_dec -0 nack_dec -124500
489.324 flowid 16 Spurious 478
Flow Uec_188_60 flowId 40 uecSrc 39 finished at 490.504 total messages 1 total packets 490 RTS 0 total bytes 2002140 in_flight now 0 fair_inc 36010 prop_inc 16004 fast_inc 0 eta_inc 23244 multi_dec -102425 quick_dec -0 nack_dec -91300
Flow Uec_68_196 flowId 26 uecSrc 25 finished at 491.889 total messages 1 total packets 490 RTS 0 total bytes 2002140 in_flight now 0 fair_inc 11480 prop_inc 13577 fast_inc 0 eta_inc 23244 multi_dec -86810 quick_dec -0 nack_dec -91300
Flow Uec_196_68 flowId 95 uecSrc 94 finished at 494.544 total messages 1 total packets 490 RTS 0 total bytes 2002140 in_flight now 0 fair_inc 26014 prop_inc 8348 fast_inc 0 eta_inc 22648 multi_dec -106677 quick_dec -0 nack_dec -78850
495.306 flowid 111 Spurious 488
Flow Uec_153_25 flowId 9 uecSrc 8 finished at 495.337 total messages 1 total packets 491 RTS 1 total bytes 2002140 in_flight now 0 fair_inc 16445 prop_inc 11724 fast_inc 0 eta_inc 22648 multi_dec -32213 quick_dec -0 nack_dec -141100
495.638 flowid 111 Spurious 489
495.799 flowid 111 Spurious 490
Flow Uec_146_18 flowId 125 uecSrc 124 finished at 497.076 total messages 1 total packets 490 RTS 0 total bytes 2002140 in_flight now 0 fair_inc 26488 prop_inc 9775 fast_inc 0 eta_inc 23244 multi_dec -6534 quick_dec -0 nack_dec -157700
Flow Uec_252_124 flowId 42 uecSrc 41 finished at 498.084 total messages 1 total packets 490 RTS 0 total bytes 2002140 in_flight now 0 fair_inc 21307 prop_inc 15893 fast_inc 0 eta_inc 23244 multi_dec -29001 quick_dec -0 nack_dec -153550
Flow Uec_182_54 flowId 82 uecSrc 81 finished at 499.458 total messages 1 total packets 490 RTS 0 total bytes 2002140 in_flight now 0 fair_inc 31759 prop_inc 15993 fast_inc 0 eta_inc 22052 multi_dec -111152 quick_dec -0 nack_dec -87150
Flow Uec_218_90 flowId 159 uecSrc 158 finished at 501.563 total messages 1 total packets 490 RTS 0 total bytes 2002140 in_flight now 0 fair_inc 15147 prop_inc 7351 fast_inc 0 eta_inc 23840 multi_dec -61965 quick_dec -0 nack_dec -112050
Flow Uec_135_7 flowId 111 uecSrc 110 finished at 501.83 total messages 1 total packets 491 RTS 1 total bytes 2002140 in_flight now 0 fair_inc 11092 prop_inc 82337 fast_inc 0 eta_inc 17284 multi_dec -145098 quick_dec -0 nack_dec -33200
Flow Uec_91_219 flowId 113 uecSrc 112 finished at 503.592 total messages 1 total packets 490 RTS 0 total bytes 2002140 in_flight now 0 fair_inc 26401 prop_inc 11185 fast_inc 0 eta_inc 23840 multi_dec -82563 quick_dec -0 nack_dec -103750
Flow Uec_183_55 flowId 189 uecSrc 188 finished at 505.434 total messages 1 total packets 490 RTS 0 total bytes 2002140 in_flight now 0 fair_inc 48343 prop_inc 15343 fast_inc 0 eta_inc 23244 multi_dec -60086 quick_dec -0 nack_dec -132800
Flow Uec_71_199 flowId 185 uecSrc 184 finished at 506.407 total messages 1 total packets 490 RTS 0 total bytes 2002140 in_flight now 0 fair_inc 21283 prop_inc 14369 fast_inc 0 eta_inc 23244 multi_dec -50190 quick_dec -0 nack_dec -128650
507.556 flowid 43 Spurious 492
507.717 flowid 43 Spurious 493
Flow Uec_238_110 flowId 150 uecSrc 149 finished at 509.58 total messages 1 total packets 490 RTS 0 total bytes 2002140 in_flight now 0 fair_inc 31740 prop_inc 47697 fast_inc 0 eta_inc 23840 multi_dec -103725 quick_dec -0 nack_dec -99600
Flow Uec_248_120 flowId 57 uecSrc 56 finished at 516.172 total messages 1 total packets 490 RTS 0 total bytes 2002140 in_flight now 0 fair_inc 45940 prop_inc 16090 fast_inc 0 eta_inc 23244 multi_dec -94667 quick_dec -0 nack_dec -91300
Flow Uec_147_19 flowId 77 uecSrc 76 finished at 516.445 total messages 1 total packets 492 RTS 2 total bytes 2002140 in_flight now 0 fair_inc 27870 prop_inc 19439 fast_inc 0 eta_inc 22052 multi_dec -61939 quick_dec -0 nack_dec -112050
Flow Uec_156_28 flowId 52 uecSrc 51 finished at 517.742 total messages 1 total packets 490 RTS 0 total bytes 2002140 in_flight now 0 fair_inc 14529 prop_inc 9543 fast_inc 0 eta_inc 23840 multi_dec -8565 quick_dec -0 nack_dec -153550
Flow Uec_213_85 flowId 67 uecSrc 66 finished at 518.029 total messages 1 total packets 490 RTS 0 total bytes 2002140 in_flight now 0 fair_inc 28458 prop_inc 20319 fast_inc 0 eta_inc 23840 multi_dec -66502 quick_dec -0 nack_dec -124500
Flow Uec_159_31 flowId 135 uecSrc 134 finished at 522.601 total messages 1 total packets 490 RTS 0 total bytes 2002140 in_flight now 0 fair_inc 25609 prop_inc 16983 fast_inc 0 eta_inc 23244 multi_dec -27775 quick_dec -0 nack_dec -141100
Flow Uec_228_100 flowId 58 uecSrc 57 finished at 523.502 total messages 1 total packets 490 RTS 0 total bytes 2002140 in_flight now 0 fair_inc 11202 prop_inc 39377 fast_inc 0 eta_inc 24436 multi_dec -69050 quick_dec -0 nack_dec -112050
Flow Uec_245_117 flowId 50 uecSrc 49 finished at 530.675 total messages 1 total packets 490 RTS 0 total bytes 2002140 in_flight now 0 fair_inc 14519 prop_inc 30888 fast_inc 489 eta_inc 25032 multi_dec -114405 quick_dec -0 nack_dec -70550
Flow Uec_67_195 flowId 41 uecSrc 40 finished at 532.092 total messages 1 total packets 490 RTS 0 total bytes 2002140 in_flight now 0 fair_inc 12938 prop_inc 41292 fast_inc 85346 eta_inc 24436 multi_dec -98036 quick_dec -0 nack_dec -112050
537.279 flowid 122 Spurious 464
541.607 flowid 122 Spurious 465
Flow Uec_10_138 flowId 165 uecSrc 164 finished at 544.103 total messages 1 total packets 499 RTS 9 total bytes 2002140 in_flight now 0 fair_inc 24269 prop_inc 48104 fast_inc 0 eta_inc 18476 multi_dec -9434 quick_dec -132791 nack_dec -16600
Flow Uec_170_42 flowId 91 uecSrc 90 finished at 547.814 total messages 1 total packets 490 RTS 0 total bytes 2002140 in_flight now 0 fair_inc 25288 prop_inc 33338 fast_inc 0 eta_inc 23840 multi_dec -56044 quick_dec -0 nack_dec -136950
Flow Uec_80_208 flowId 75 uecSrc 74 finished at 548.657 total messages 1 total packets 490 RTS 0 total bytes 2002140 in_flight now 0 fair_inc 22497 prop_inc 4671 fast_inc 0 eta_inc 25628 multi_dec -33251 quick_dec -0 nack_dec -157700
Flow Uec_244_116 flowId 155 uecSrc 154 finished at 549.075 total messages 1 total packets 490 RTS 0 total bytes 2002140 in_flight now 0 fair_inc 20722 prop_inc 60030 fast_inc 44938 eta_inc 25628 multi_dec -114651 quick_dec -0 nack_dec -99600
Flow Uec_207_79 flowId 112 uecSrc 111 finished at 550.046 total messages 1 total packets 490 RTS 0 total bytes 2002140 in_flight now 0 fair_inc 22582 prop_inc 5993 fast_inc 0 eta_inc 25032 multi_dec -67288 quick_dec -0 nack_dec -116200
Flow Uec_11_139 flowId 148 uecSrc 147 finished at 552.1 total messages 1 total packets 496 RTS 6 total bytes 2002140 in_flight now 0 fair_inc 20622 prop_inc 53177 fast_inc 0 eta_inc 17284 multi_dec -0 quick_dec -132699 nack_dec -20750
Flow Uec_3_131 flowId 122 uecSrc 121 finished at 554.429 total messages 1 total packets 499 RTS 9 total bytes 2002140 in_flight now 0 fair_inc 27388 prop_inc 73447 fast_inc 0 eta_inc 21456 multi_dec -92399 quick_dec -87980 nack_dec -16600
Flow Uec_157_29 flowId 23 uecSrc 22 finished at 558.463 total messages 1 total packets 490 RTS 0 total bytes 2002140 in_flight now 0 fair_inc 14082 prop_inc 44120 fast_inc 0 eta_inc 23840 multi_dec -66164 quick_dec -0 nack_dec -128650
Flow Uec_4_132 flowId 170 uecSrc 169 finished at 559.376 total messages 1 total packets 505 RTS 15 total bytes 2002140 in_flight now -64 fair_inc 13690 prop_inc 64690 fast_inc 0 eta_inc 21456 multi_dec -0 quick_dec -92393 nack_dec -66400
Flow Uec_69_197 flowId 22 uecSrc 21 finished at 566.3 total messages 1 total packets 490 RTS 0 total bytes 2002140 in_flight now 0 fair_inc 42339 prop_inc 3938 fast_inc 0 eta_inc 25032 multi_dec -35432 quick_dec -0 nack_dec -166000
Flow Uec_226_98 flowId 86 uecSrc 85 finished at 576.683 total messages 1 total packets 490 RTS 0 total bytes 2002140 in_flight now 0 fair_inc 19616 prop_inc 71133 fast_inc 0 eta_inc 26820 multi_dec -73394 quick_dec -0 nack_dec -136950
Flow Uec_229_101 flowId 71 uecSrc 70 finished at 582.233 total messages 1 total packets 490 RTS 0 total bytes 2002140 in_flight now 0 fair_inc 21996 prop_inc 53327 fast_inc 92938 eta_inc 21456 multi_dec -94682 quick_dec -0 nack_dec -128650
Flow Uec_118_246 flowId 24 uecSrc 23 finished at 582.466 total messages 1 total packets 490 RTS 0 total bytes 2002140 in_flight now 0 fair_inc 44093 prop_inc 32280 fast_inc 276284 eta_inc 25032 multi_dec -140548 quick_dec -7479 nack_dec -132800
587.9 flowid 106 Spurious 271
Flow Uec_175_47 flowId 173 uecSrc 172 finished at 598.126 total messages 1 total packets 492 RTS 2 total bytes 2002140 in_flight now 0 fair_inc 29755 prop_inc 41043 fast_inc 0 eta_inc 26820 multi_dec -86241 quick_dec -0 nack_dec -116200
Flow Uec_88_216 flowId 31 uecSrc 30 finished at 599.469 total messages 1 total packets 490 RTS 0 total bytes 2002140 in_flight now 0 fair_inc 22722 prop_inc 20553 fast_inc 0 eta_inc 26820 multi_dec -96213 quick_dec -0 nack_dec -103750
Flow Uec_93_221 flowId 88 uecSrc 87 finished at 600.499 total messages 1 total packets 490 RTS 0 total bytes 2002140 in_flight now 0 fair_inc 55799 prop_inc 3642 fast_inc 0 eta_inc 27416 multi_dec -68839 quick_dec -0 nack_dec -161850
Flow Uec_0_128 flowId 16 uecSrc 15 finished at 602.711 total messages 1 total packets 502 RTS 12 total bytes 2002140 in_flight now -128 fair_inc 8952 prop_inc 75056 fast_inc 0 eta_inc 21456 multi_dec -0 quick_dec -104047 nack_dec -33200
Flow Uec_56_184 flowId 108 uecSrc 107 finished at 603.567 total messages 1 total packets 490 RTS 0 total bytes 2002140 in_flight now 0 fair_inc 29816 prop_inc 6358 fast_inc 0 eta_inc 25628 multi_dec -38346 quick_dec -0 nack_dec -166000
Flow Uec_154_26 flowId 59 uecSrc 58 finished at 604.078 total messages 1 total packets 490 RTS 0 total bytes 2002140 in_flight now 0 fair_inc 13706 prop_inc 55542 fast_inc 30307 eta_inc 25628 multi_dec -67642 quick_dec -0 nack_dec -132800
Flow Uec_74_202 flowId 4 uecSrc 3 finished at 614.61 total messages 1 total packets 490 RTS 0 total bytes 2002140 in_flight now 0 fair_inc 38580 prop_inc 19107 fast_inc 0 eta_inc 26224 multi_dec -91914 quick_dec -0 nack_dec -107900
Flow Uec_49_177 flowId 105 uecSrc 104 finished at 618.004 total messages 1 total packets 490 RTS 0 total bytes 2002140 in_flight now 0 fair_inc 25137 prop_inc 5122 fast_inc 0 eta_inc 28608 multi_dec -29843 quick_dec -0 nack_dec -170150
Flow Uec_200_72 flowId 60 uecSrc 59 finished at 621.502 total messages 1 total packets 490 RTS 0 total bytes 2002140 in_flight now 0 fair_inc 42058 prop_inc 21932 fast_inc 0 eta_inc 27416 multi_dec -84134 quick_dec -0 nack_dec -128650
622.156 flowid 43 Spurious 492
622.317 flowid 43 Spurious 493
Flow Uec_79_207 flowId 90 uecSrc 89 finished at 631.206 total messages 1 total packets 490 RTS 0 total bytes 2002140 in_flight now 0 fair_inc 39912 prop_inc 11392 fast_inc 0 eta_inc 27416 multi_dec -24112 quick_dec -0 nack_dec -170150
Flow Uec_214_86 flowId 25 uecSrc 24 finished at 632.374 total messages 1 total packets 490 RTS 0 total bytes 2002140 in_flight now 0 fair_inc 21912 prop_inc 26479 fast_inc 0 eta_inc 27416 multi_dec -34215 quick_dec -0 nack_dec -166000
Flow Uec_64_192 flowId 171 uecSrc 170 finished at 633.331 total messages 1 total packets 490 RTS 0 total bytes 2002140 in_flight now 0 fair_inc 25901 prop_inc 16462 fast_inc 0 eta_inc 28608 multi_dec -86028 quick_dec -0 nack_dec -112050
Flow Uec_174_46 flowId 94 uecSrc 93 finished at 635.477 total messages 1 total packets 492 RTS 2 total bytes 2002140 in_flight now 0 fair_inc 16816 prop_inc 79563 fast_inc 0 eta_inc 25032 multi_dec -65794 quick_dec -0 nack_dec -120350
Flow Uec_90_218 flowId 147 uecSrc 146 finished at 636.877 total messages 1 total packets 490 RTS 0 total bytes 2002140 in_flight now 0 fair_inc 22605 prop_inc 30737 fast_inc 0 eta_inc 27416 multi_dec -51694 quick_dec -0 nack_dec -161850
Flow Uec_7_135 flowId 101 uecSrc 100 finished at 637.387 total messages 1 total packets 502 RTS 12 total bytes 2002140 in_flight now -64 fair_inc 20696 prop_inc 57594 fast_inc 0 eta_inc 20264 multi_dec -0 quick_dec -91555 nack_dec -41500
Flow Uec_167_39 flowId 136 uecSrc 135 finished at 639.25 total messages 1 total packets 490 RTS 0 total bytes 2002140 in_flight now 0 fair_inc 32998 prop_inc 67704 fast_inc 11111 eta_inc 23840 multi_dec -113313 quick_dec -0 nack_dec -112050
Flow Uec_150_22 flowId 119 uecSrc 118 finished at 649.275 total messages 1 total packets 490 RTS 0 total bytes 2002140 in_flight now 0 fair_inc 29383 prop_inc 4730 fast_inc 0 eta_inc 29800 multi_dec -48806 quick_dec -0 nack_dec -166000
Flow Uec_129_1 flowId 176 uecSrc 175 finished at 649.588 total messages 1 total packets 490 RTS 0 total bytes 2002140 in_flight now 0 fair_inc 64556 prop_inc 23168 fast_inc 0 eta_inc 28608 multi_dec -83973 quick_dec -0 nack_dec -124500
Flow Uec_94_222 flowId 83 uecSrc 82 finished at 652.572 total messages 1 total packets 490 RTS 0 total bytes 2002140 in_flight now 0 fair_inc 32905 prop_inc 44598 fast_inc 0 eta_inc 29800 multi_dec -37572 quick_dec -0 nack_dec -182600
Flow Uec_139_11 flowId 18 uecSrc 17 finished at 655.088 total messages 1 total packets 491 RTS 1 total bytes 2002140 in_flight now 0 fair_inc 54982 prop_inc 26800 fast_inc 0 eta_inc 28012 multi_dec -92368 quick_dec -0 nack_dec -145250
Flow Uec_148_20 flowId 62 uecSrc 61 finished at 655.854 total messages 1 total packets 490 RTS 0 total bytes 2002140 in_flight now 0 fair_inc 27543 prop_inc 63300 fast_inc 0 eta_inc 29204 multi_dec -81898 quick_dec -0 nack_dec -145250
Flow Uec_107_235 flowId 79 uecSrc 78 finished at 656.57 total messages 1 total packets 490 RTS 0 total bytes 2002140 in_flight now 0 fair_inc 21717 prop_inc 17062 fast_inc 0 eta_inc 30396 multi_dec -85578 quick_dec -0 nack_dec -124500
Flow Uec_204_76 flowId 48 uecSrc 47 finished at 658.859 total messages 1 total packets 490 RTS 0 total bytes 2002140 in_flight now 0 fair_inc 50144 prop_inc 409 fast_inc 0 eta_inc 29204 multi_dec -75915 quick_dec -0 nack_dec -161850
Flow Uec_104_232 flowId 93 uecSrc 92 finished at 665.352 total messages 1 total packets 490 RTS 0 total bytes 2002140 in_flight now 0 fair_inc 42199 prop_inc 14937 fast_inc 0 eta_inc 28608 multi_dec -86288 quick_dec -0 nack_dec -136950
Flow Uec_98_226 flowId 70 uecSrc 69 finished at 668.391 total messages 1 total packets 490 RTS 0 total bytes 2002140 in_flight now 0 fair_inc 50790 prop_inc 15588 fast_inc 0 eta_inc 29204 multi_dec -127210 quick_dec -0 nack_dec -128650
Flow Uec_173_45 flowId 161 uecSrc 160 finished at 674.003 total messages 1 total packets 490 RTS 0 total bytes 2002140 in_flight now 0 fair_inc 31270 prop_inc 14291 fast_inc 0 eta_inc 26820 multi_dec -75060 quick_dec -0 nack_dec -136950
Flow Uec_162_34 flowId 187 uecSrc 186 finished at 676.996 total messages 1 total packets 491 RTS 1 total bytes 2002140 in_flight now 0 fair_inc 18189 prop_inc 74940 fast_inc 4041 eta_inc 24436 multi_dec -122559 quick_dec -0 nack_dec -91300
Flow Uec_87_215 flowId 66 uecSrc 65 finished at 677.906 total messages 1 total packets 490 RTS 0 total bytes 2002140 in_flight now 0 fair_inc 15995 prop_inc 70819 fast_inc 20693 eta_inc 30992 multi_dec -132219 quick_dec -0 nack_dec -87150
Flow Uec_109_237 flowId 157 uecSrc 156 finished at 683.09 total messages 1 total packets 490 RTS 0 total bytes 2002140 in_flight now 0 fair_inc 45867 prop_inc 26646 fast_inc 4530 eta_inc 31588 multi_dec -120882 quick_dec -0 nack_dec -132800
Flow Uec_155_27 flowId 182 uecSrc 181 finished at 687.074 total messages 1 total packets 491 RTS 1 total bytes 2002140 in_flight now 0 fair_inc 22584 prop_inc 57813 fast_inc 192956 eta_inc 25628 multi_dec -155772 quick_dec --99 nack_dec -78850
Flow Uec_197_69 flowId 186 uecSrc 185 finished at 688.777 total messages 1 total packets 490 RTS 0 total bytes 2002140 in_flight now 0 fair_inc 57674 prop_inc 3117 fast_inc 0 eta_inc 29800 multi_dec -90655 quick_dec -0 nack_dec -145250
Flow Uec_216_88 flowId 188 uecSrc 187 finished at 691.627 total messages 1 total packets 490 RTS 0 total bytes 2002140 in_flight now 0 fair_inc 38852 prop_inc 6675 fast_inc 0 eta_inc 27416 multi_dec -70115 quick_dec -0 nack_dec -161850
Flow Uec_152_24 flowId 127 uecSrc 126 finished at 692.854 total messages 1 total packets 490 RTS 0 total bytes 2002140 in_flight now 0 fair_inc 15659 prop_inc 90045 fast_inc 94441 eta_inc 28012 multi_dec -138156 quick_dec -1591 nack_dec -107900
Flow Uec_163_35 flowId 34 uecSrc 33 finished at 699.006 total messages 1 total packets 490 RTS 0 total bytes 2002140 in_flight now 0 fair_inc 31337 prop_inc 82556 fast_inc 70194 eta_inc 25032 multi_dec -131461 quick_dec -859 nack_dec -112050
702.5 flowid 106 Spurious 271
Flow Uec_166_38 flowId 116 uecSrc 115 finished at 702.782 total messages 1 total packets 490 RTS 0 total bytes 2002140 in_flight now 0 fair_inc 47759 prop_inc 27753 fast_inc 0 eta_inc 28012 multi_dec -24516 quick_dec -26544 nack_dec -166000
Flow Uec_221_93 flowId 98 uecSrc 97 finished at 707.685 total messages 1 total packets 490 RTS 0 total bytes 2002140 in_flight now 0 fair_inc 35435 prop_inc 76544 fast_inc 0 eta_inc 30396 multi_dec -127525 quick_dec -0 nack_dec -120350
Flow Uec_70_198 flowId 178 uecSrc 177 finished at 708.172 total messages 1 total packets 490 RTS 0 total bytes 2002140 in_flight now 0 fair_inc 50040 prop_inc 73637 fast_inc 0 eta_inc 26820 multi_dec -146425 quick_dec -0 nack_dec -103750
Flow Uec_81_209 flowId 84 uecSrc 83 finished at 710.942 total messages 1 total packets 490 RTS 0 total bytes 2002140 in_flight now 0 fair_inc 46284 prop_inc 5521 fast_inc 0 eta_inc 31588 multi_dec -41853 quick_dec -0 nack_dec -182600
Flow Uec_66_194 flowId 28 uecSrc 27 finished at 726.589 total messages 1 total packets 490 RTS 0 total bytes 2002140 in_flight now 0 fair_inc 40688 prop_inc 77299 fast_inc 0 eta_inc 31588 multi_dec -120641 quick_dec -0 nack_dec -128650
736.756 flowid 43 Spurious 492
736.917 flowid 43 Spurious 493
Flow Uec_190_62 flowId 43 uecSrc 42 finished at 742.787 total messages 1 total packets 494 RTS 4 total bytes 2002140 in_flight now 0 fair_inc 11572 prop_inc 52479 fast_inc 0 eta_inc 17284 multi_dec -0 quick_dec -123937 nack_dec -24900
Flow Uec_78_206 flowId 153 uecSrc 152 finished at 755.679 total messages 1 total packets 490 RTS 0 total bytes 2002140 in_flight now 0 fair_inc 43232 prop_inc 45801 fast_inc 0 eta_inc 31588 multi_dec -79864 quick_dec -0 nack_dec -157700
Flow Uec_75_203 flowId 123 uecSrc 122 finished at 789.308 total messages 1 total packets 490 RTS 0 total bytes 2002140 in_flight now 0 fair_inc 45516 prop_inc 19655 fast_inc 0 eta_inc 33376 multi_dec -44978 quick_dec -15977 nack_dec -178450
Flow Uec_160_32 flowId 8 uecSrc 7 finished at 791.422 total messages 1 total packets 492 RTS 2 total bytes 2002140 in_flight now 0 fair_inc 27267 prop_inc 75114 fast_inc 0 eta_inc 28608 multi_dec -78226 quick_dec -0 nack_dec -132800
Flow Uec_85_213 flowId 35 uecSrc 34 finished at 800.831 total messages 1 total packets 490 RTS 0 total bytes 2002140 in_flight now 0 fair_inc 25607 prop_inc 70267 fast_inc 0 eta_inc 32780 multi_dec -108520 quick_dec -13101 nack_dec -124500
801.158 flowid 152 Spurious 418
Flow Uec_211_83 flowId 74 uecSrc 73 finished at 812.385 total messages 1 total packets 490 RTS 0 total bytes 2002140 in_flight now 0 fair_inc 36517 prop_inc 12667 fast_inc 0 eta_inc 36952 multi_dec -72125 quick_dec -0 nack_dec -166000
817.1 flowid 106 Spurious 271
Flow Uec_217_89 flowId 21 uecSrc 20 finished at 823.593 total messages 1 total packets 490 RTS 0 total bytes 2002140 in_flight now 0 fair_inc 40888 prop_inc 23999 fast_inc 0 eta_inc 32184 multi_dec -31140 quick_dec -54893 nack_dec -170150
Flow Uec_205_77 flowId 5 uecSrc 4 finished at 846.857 total messages 1 total packets 490 RTS 0 total bytes 2002140 in_flight now 0 fair_inc 57999 prop_inc 13847 fast_inc 0 eta_inc 32184 multi_dec -36254 quick_dec -10864 nack_dec -190900
Flow Uec_86_214 flowId 117 uecSrc 116 finished at 853.057 total messages 1 total packets 490 RTS 0 total bytes 2002140 in_flight now 0 fair_inc 44137 prop_inc 64878 fast_inc 97471 eta_inc 30396 multi_dec -105235 quick_dec -7356 nack_dec -141100
Flow Uec_131_3 flowId 120 uecSrc 119 finished at 858.859 total messages 1 total packets 491 RTS 1 total bytes 2002140 in_flight now 0 fair_inc 82625 prop_inc 74794 fast_inc 0 eta_inc 32780 multi_dec -167881 quick_dec -1693 nack_dec -124500
Flow Uec_176_48 flowId 89 uecSrc 88 finished at 863.557 total messages 1 total packets 491 RTS 1 total bytes 2002140 in_flight now 0 fair_inc 26663 prop_inc 83112 fast_inc 125759 eta_inc 30396 multi_dec -154745 quick_dec -1004 nack_dec -99600
Flow Uec_222_94 flowId 20 uecSrc 19 finished at 869.374 total messages 1 total packets 490 RTS 0 total bytes 2002140 in_flight now 0 fair_inc 53490 prop_inc 24470 fast_inc 0 eta_inc 29204 multi_dec -106492 quick_dec -0 nack_dec -145250
Flow Uec_130_2 flowId 96 uecSrc 95 finished at 875.087 total messages 1 total packets 492 RTS 2 total bytes 2002140 in_flight now 0 fair_inc 32929 prop_inc 93851 fast_inc 0 eta_inc 30992 multi_dec -87722 quick_dec -10509 nack_dec -149400
Flow Uec_219_91 flowId 97 uecSrc 96 finished at 878.703 total messages 1 total packets 490 RTS 0 total bytes 2002140 in_flight now 0 fair_inc 56677 prop_inc 34105 fast_inc 0 eta_inc 26820 multi_dec -43259 quick_dec -66875 nack_dec -149400
Flow Uec_82_210 flowId 46 uecSrc 45 finished at 919.691 total messages 1 total packets 490 RTS 0 total bytes 2002140 in_flight now 0 fair_inc 36137 prop_inc 33468 fast_inc 0 eta_inc 36356 multi_dec -85338 quick_dec -0 nack_dec -161850
931.7 flowid 106 Spurious 271
Flow Uec_83_211 flowId 102 uecSrc 101 finished at 951.321 total messages 1 total packets 490 RTS 0 total bytes 2002140 in_flight now 0 fair_inc 48668 prop_inc 27569 fast_inc 0 eta_inc 34568 multi_dec -95276 quick_dec -0 nack_dec -170150
Flow Uec_97_225 flowId 126 uecSrc 125 finished at 978.867 total messages 1 total packets 490 RTS 0 total bytes 2002140 in_flight now 0 fair_inc 55888 prop_inc 43854 fast_inc 0 eta_inc 32780 multi_dec -127726 quick_dec -4750 nack_dec -132800
Flow Uec_223_95 flowId 47 uecSrc 46 finished at 999.652 total messages 1 total packets 490 RTS 0 total bytes 2002140 in_flight now 0 fair_inc 18474 prop_inc 88056 fast_inc 0 eta_inc 31588 multi_dec -33983 quick_dec -86801 nack_dec -136950
Flow Uec_225_97 flowId 166 uecSrc 165 finished at 1005.71 total messages 1 total packets 490 RTS 0 total bytes 2002140 in_flight now 0 fair_inc 36944 prop_inc 63221 fast_inc 0 eta_inc 38740 multi_dec -113394 quick_dec -6089 nack_dec -141100
Flow Uec_224_96 flowId 13 uecSrc 12 finished at 1013.49 total messages 1 total packets 490 RTS 0 total bytes 2002140 in_flight now 0 fair_inc 46166 prop_inc 70066 fast_inc 0 eta_inc 33972 multi_dec -58130 quick_dec -48773 nack_dec -174300
Flow Uec_220_92 flowId 158 uecSrc 157 finished at 1022.17 total messages 1 total packets 490 RTS 0 total bytes 2002140 in_flight now 0 fair_inc 22600 prop_inc 83496 fast_inc 0 eta_inc 36952 multi_dec -117892 quick_dec -6911 nack_dec -124500
Flow Uec_92_220 flowId 131 uecSrc 130 finished at 1022.33 total messages 1 total packets 490 RTS 0 total bytes 2002140 in_flight now 0 fair_inc 61464 prop_inc 60736 fast_inc 0 eta_inc 35760 multi_dec -113771 quick_dec -10535 nack_dec -149400
Flow Uec_9_137 flowId 167 uecSrc 166 finished at 1030.74 total messages 1 total packets 517 RTS 27 total bytes 2002140 in_flight now -128 fair_inc 21123 prop_inc 140786 fast_inc 0 eta_inc 38740 multi_dec -87404 quick_dec -37779 nack_dec -24900
Flow Uec_8_136 flowId 19 uecSrc 18 finished at 1036.41 total messages 1 total packets 514 RTS 24 total bytes 2002140 in_flight now -128 fair_inc 31815 prop_inc 128092 fast_inc 0 eta_inc 38144 multi_dec -63706 quick_dec -36616 nack_dec -33200
1087.02 flowid 106 Spurious 284
1201.62 flowid 106 Spurious 284
Flow Uec_6_134 flowId 152 uecSrc 151 finished at 1214.26 total messages 1 total packets 516 RTS 26 total bytes 2002140 in_flight now 0 fair_inc 24056 prop_inc 131853 fast_inc 0 eta_inc 38740 multi_dec -3971 quick_dec -27214 nack_dec -29050
1316.22 flowid 106 Spurious 284
1430.82 flowid 106 Spurious 284
1586.13 flowid 106 Spurious 305
1713.08 flowid 106 Spurious 317
1852.83 flowid 106 Spurious 324
1977.48 flowid 106 Spurious 330
2092.08 flowid 106 Spurious 330
2206.68 flowid 106 Spurious 330
2347.3 flowid 106 Spurious 340
2461.9 flowid 106 Spurious 340
2590.18 flowid 106 Spurious 348
2772.26 flowid 106 Spurious 388
2886.86 flowid 106 Spurious 388
3001.46 flowid 106 Spurious 388
3116.06 flowid 106 Spurious 388
3230.66 flowid 106 Spurious 388
3345.26 flowid 106 Spurious 388
3459.86 flowid 106 Spurious 388
3574.46 flowid 106 Spurious 388
3858.42 flowid 106 Spurious 444
3973.02 flowid 106 Spurious 444
4087.62 flowid 106 Spurious 444
4202.22 flowid 106 Spurious 444
4345.04 flowid 106 Spurious 482
4345.38 flowid 106 Spurious 483
4345.71 flowid 106 Spurious 484
4346.04 flowid 106 Spurious 485
4346.37 flowid 106 Spurious 486
4459.67 flowid 106 Spurious 505
Flow Uec_186_58 flowId 106 uecSrc 105 finished at 4465.7 total messages 1 total packets 506 RTS 16 total bytes 2002140 in_flight now 0 fair_inc 1771 prop_inc 144338 fast_inc 33829 eta_inc 25032 multi_dec -0 quick_dec -55781 nack_dec -37350
7676.09 flowid 39 Spurious 112
8715.84 flowid 39 Spurious 139
19975.8 flowid 45 Spurious 359
24304.5 flowid 39 Spurious 407
28574.6 flowid 45 Spurious 570
29221.1 flowid 45 Spurious 588
29416 flowid 169 Spurious 261
Flow Uec_61_189 flowId 45 uecSrc 44 finished at 30104.9 total messages 1 total packets 602 RTS 112 total bytes 2002140 in_flight now -3584 fair_inc 410 prop_inc 882729 fast_inc 1010 eta_inc 221712 multi_dec -0 quick_dec -176905 nack_dec -20750
Flow Uec_58_186 flowId 39 uecSrc 38 finished at 32857.9 total messages 1 total packets 578 RTS 88 total bytes 2002140 in_flight now -3904 fair_inc 426 prop_inc 780991 fast_inc 2020 eta_inc 200852 multi_dec -0 quick_dec -166465 nack_dec -20750
.Flow Uec_62_190 flowId 169 uecSrc 168 finished at 66498.2 total messages 1 total packets 730 RTS 240 total bytes 2002140 in_flight now -10496 fair_inc 0 prop_inc 844386 fast_inc 121894 eta_inc 336144 multi_dec -0 quick_dec -178957 nack_dec -16600
Done
New: 94080 Rtx: 8074 RTS: 706 Bounced: 0 ACKs: 72846 NACKs: 3577 Pulls: 0 sleek_pkts: 0
