traffic matrix input file: connection_matrices/load_sweep/load0.60_n256_seed5.cm
Load balancing algorithm set to reps
no_of_nodes 256
Dragonfly+ strategy: FPAR
Setting queuesize to 50 packets
endtime(us) 100000
random seed 5
Packet size (MTU) is 4150
Parsed args
Logging to reps_dfp_results/reps_withoutnorm256/load0.60_reps_seed5.dat
Loading connection matrix from connection_matrices/load_sweep/load0.60_n256_seed5.cm
Nodes: 256 Connections: 154 Triggers: 0 Failures: 0
Setting ECN low 33200 high 120350
Dragonfly+ with medium topology type
Link latencies: 1 and switch latencies: 0
queue_id 2 ecn_low 33200 ecn_high 120350
DragonFly+ constructor done, 392 nodes created
Note: topology supports 392 hosts; 136 host port(s) will be unused.
network_max_unloaded_rtt 11.6856 us
Setting min RTO to 114.6
Per-hop RTT normalization: OFF (strategy fpar)
Initializing static NSCC parameters: _reference_network_linkspeed=100000000000 _reference_network_rtt=12000000 _reference_network_bdp=150000 _target_Qdelay=8764200 _network_linkspeed=100000000000 _network_rtt=11685600 _network_bdp=146070 _qa_gate=2^3 _qa_threshold=3.50568e+07 _scaling_factor_a=0.9738 _scaling_factor_b=0.73035 _alpha=0.00132632 _fi=19894.7 _eta=596.842 _qa_scaling=1 _gamma=0.8 _fi_scale=0.24345 _delay_alpha=0.0125 _adjust_period_threshold=11685600 _adjust_bytes_threshold=33200
Initialize per-instance NSCC parameters: flowid 1 _base_rtt=11685600 _base_bdp=146070 _bdp=146070 _min_cwnd=4150 _maxwnd=219105 _cwnd=219105
Initialize per-instance NSCC parameters: flowid 2 _base_rtt=11685600 _base_bdp=146070 _bdp=146070 _min_cwnd=4150 _maxwnd=219105 _cwnd=219105
Initialize per-instance NSCC parameters: flowid 3 _base_rtt=11685600 _base_bdp=146070 _bdp=146070 _min_cwnd=4150 _maxwnd=219105 _cwnd=219105
Initialize per-instance NSCC parameters: flowid 4 _base_rtt=11685600 _base_bdp=146070 _bdp=146070 _min_cwnd=4150 _maxwnd=219105 _cwnd=219105
Initialize per-instance NSCC parameters: flowid 5 _base_rtt=11685600 _base_bdp=146070 _bdp=146070 _min_cwnd=4150 _maxwnd=219105 _cwnd=219105
Initialize per-instance NSCC parameters: flowid 6 _base_rtt=11685600 _base_bdp=146070 _bdp=146070 _min_cwnd=4150 _maxwnd=219105 _cwnd=219105
Initialize per-instance NSCC parameters: flowid 7 _base_rtt=11685600 _base_bdp=146070 _bdp=146070 _min_cwnd=4150 _maxwnd=219105 _cwnd=219105
Initialize per-instance NSCC parameters: flowid 8 _base_rtt=11685600 _base_bdp=146070 _bdp=146070 _min_cwnd=4150 _maxwnd=219105 _cwnd=219105
Initialize per-instance NSCC parameters: flowid 9 _base_rtt=11685600 _base_bdp=146070 _bdp=146070 _min_cwnd=4150 _maxwnd=219105 _cwnd=219105
Initialize per-instance NSCC parameters: flowid 10 _base_rtt=11685600 _base_bdp=146070 _bdp=146070 _min_cwnd=4150 _maxwnd=219105 _cwnd=219105
Initialize per-instance NSCC parameters: flowid 11 _base_rtt=11685600 _base_bdp=146070 _bdp=146070 _min_cwnd=4150 _maxwnd=219105 _cwnd=219105
Initialize per-instance NSCC parameters: flowid 12 _base_rtt=11685600 _base_bdp=146070 _bdp=146070 _min_cwnd=4150 _maxwnd=219105 _cwnd=219105
Initialize per-instance NSCC parameters: flowid 13 _base_rtt=11685600 _base_bdp=146070 _bdp=146070 _min_cwnd=4150 _maxwnd=219105 _cwnd=219105
Initialize per-instance NSCC parameters: flowid 14 _base_rtt=11685600 _base_bdp=146070 _bdp=146070 _min_cwnd=4150 _maxwnd=219105 _cwnd=219105
Initialize per-instance NSCC parameters: flowid 15 _base_rtt=11685600 _base_bdp=146070 _bdp=146070 _min_cwnd=4150 _maxwnd=219105 _cwnd=219105
Initialize per-instance NSCC parameters: flowid 16 _base_rtt=11685600 _base_bdp=146070 _bdp=146070 _min_cwnd=4150 _maxwnd=219105 _cwnd=219105
Initialize per-instance NSCC parameters: flowid 17 _base_rtt=11685600 _base_bdp=146070 _bdp=146070 _min_cwnd=4150 _maxwnd=219105 _cwnd=219105
Initialize per-instance NSCC parameters: flowid 18 _base_rtt=11685600 _base_bdp=146070 _bdp=146070 _min_cwnd=4150 _maxwnd=219105 _cwnd=219105
Initialize per-instance NSCC parameters: flowid 19 _base_rtt=11685600 _base_bdp=146070 _bdp=146070 _min_cwnd=4150 _maxwnd=219105 _cwnd=219105
Initialize per-instance NSCC parameters: flowid 20 _base_rtt=11685600 _base_bdp=146070 _bdp=146070 _min_cwnd=4150 _maxwnd=219105 _cwnd=219105
Initialize per-instance NSCC parameters: flowid 21 _base_rtt=11685600 _base_bdp=146070 _bdp=146070 _min_cwnd=4150 _maxwnd=219105 _cwnd=219105
Initialize per-instance NSCC parameters: flowid 22 _base_rtt=11685600 _base_bdp=146070 _bdp=146070 _min_cwnd=4150 _maxwnd=219105 _cwnd=219105
Initialize per-instance NSCC parameters: flowid 23 _base_rtt=11685600 _base_bdp=146070 _bdp=146070 _min_cwnd=4150 _maxwnd=219105 _cwnd=219105
Initialize per-instance NSCC parameters: flowid 24 _base_rtt=11685600 _base_bdp=146070 _bdp=146070 _min_cwnd=4150 _maxwnd=219105 _cwnd=219105
Initialize per-instance NSCC parameters: flowid 25 _base_rtt=11685600 _base_bdp=146070 _bdp=146070 _min_cwnd=4150 _maxwnd=219105 _cwnd=219105
Initialize per-instance NSCC parameters: flowid 26 _base_rtt=11685600 _base_bdp=146070 _bdp=146070 _min_cwnd=4150 _maxwnd=219105 _cwnd=219105
Initialize per-instance NSCC parameters: flowid 27 _base_rtt=11685600 _base_bdp=146070 _bdp=146070 _min_cwnd=4150 _maxwnd=219105 _cwnd=219105
Initialize per-instance NSCC parameters: flowid 28 _base_rtt=11685600 _base_bdp=146070 _bdp=146070 _min_cwnd=4150 _maxwnd=219105 _cwnd=219105
Initialize per-instance NSCC parameters: flowid 29 _base_rtt=11685600 _base_bdp=146070 _bdp=146070 _min_cwnd=4150 _maxwnd=219105 _cwnd=219105
Initialize per-instance NSCC parameters: flowid 30 _base_rtt=11685600 _base_bdp=146070 _bdp=146070 _min_cwnd=4150 _maxwnd=219105 _cwnd=219105
Initialize per-instance NSCC parameters: flowid 31 _base_rtt=11685600 _base_bdp=146070 _bdp=146070 _min_cwnd=4150 _maxwnd=219105 _cwnd=219105
Initialize per-instance NSCC parameters: flowid 32 _base_rtt=11685600 _base_bdp=146070 _bdp=146070 _min_cwnd=4150 _maxwnd=219105 _cwnd=219105
Initialize per-instance NSCC parameters: flowid 33 _base_rtt=11685600 _base_bdp=146070 _bdp=146070 _min_cwnd=4150 _maxwnd=219105 _cwnd=219105
Initialize per-instance NSCC parameters: flowid 34 _base_rtt=11685600 _base_bdp=146070 _bdp=146070 _min_cwnd=4150 _maxwnd=219105 _cwnd=219105
Initialize per-instance NSCC parameters: flowid 35 _base_rtt=11685600 _base_bdp=146070 _bdp=146070 _min_cwnd=4150 _maxwnd=219105 _cwnd=219105
Initialize per-instance NSCC parameters: flowid 36 _base_rtt=11685600 _base_bdp=146070 _bdp=146070 _min_cwnd=4150 _maxwnd=219105 _cwnd=219105
Initialize per-instance NSCC parameters: flowid 37 _base_rtt=11685600 _base_bdp=146070 _bdp=146070 _min_cwnd=4150 _maxwnd=219105 _cwnd=219105
Initialize per-instance NSCC parameters: flowid 38 _base_rtt=11685600 _base_bdp=146070 _bdp=146070 _min_cwnd=4150 _maxwnd=219105 _cwnd=219105
Initialize per-instance NSCC parameters: flowid 39 _base_rtt=11685600 _base_bdp=146070 _bdp=146070 _min_cwnd=4150 _maxwnd=219105 _cwnd=219105
Initialize per-instance NSCC parameters: flowid 40 _base_rtt=11685600 _base_bdp=146070 _bdp=146070 _min_cwnd=4150 _maxwnd=219105 _cwnd=219105
Initialize per-instance NSCC parameters: flowid 41 _base_rtt=11685600 _base_bdp=146070 _bdp=146070 _min_cwnd=4150 _maxwnd=219105 _cwnd=219105
Initialize per-instance NSCC parameters: flowid 42 _base_rtt=11685600 _base_bdp=146070 _bdp=146070 _min_cwnd=4150 _maxwnd=219105 _cwnd=219105
Initialize per-instance NSCC parameters: flowid 43 _base_rtt=11685600 _base_bdp=146070 _bdp=146070 _min_cwnd=4150 _maxwnd=219105 _cwnd=219105
Initialize per-instance NSCC parameters: flowid 44 _base_rtt=11685600 _base_bdp=146070 _bdp=146070 _min_cwnd=4150 _maxwnd=219105 _cwnd=219105
Initialize per-instance NSCC parameters: flowid 45 _base_rtt=11685600 _base_bdp=146070 _bdp=146070 _min_cwnd=4150 _maxwnd=219105 _cwnd=219105
Initialize per-instance NSCC parameters: flowid 46 _base_rtt=11685600 _base_bdp=146070 _bdp=146070 _min_cwnd=4150 _maxwnd=219105 _cwnd=219105
Initialize per-instance NSCC parameters: flowid 47 _base_rtt=11685600 _base_bdp=146070 _bdp=146070 _min_cwnd=4150 _maxwnd=219105 _cwnd=219105
Initialize per-instance NSCC parameters: flowid 48 _base_rtt=11685600 _base_bdp=146070 _bdp=146070 _min_cwnd=4150 _maxwnd=219105 _cwnd=219105
Initialize per-instance NSCC parameters: flowid 49 _base_rtt=11685600 _base_bdp=146070 _bdp=146070 _min_cwnd=4150 _maxwnd=219105 _cwnd=219105
Initialize per-instance NSCC parameters: flowid 50 _base_rtt=11685600 _base_bdp=146070 _bdp=146070 _min_cwnd=4150 _maxwnd=219105 _cwnd=219105
Initialize per-instance NSCC parameters: flowid 51 _base_rtt=11685600 _base_bdp=146070 _bdp=146070 _min_cwnd=4150 _maxwnd=219105 _cwnd=219105
Initialize per-instance NSCC parameters: flowid 52 _base_rtt=11685600 _base_bdp=146070 _bdp=146070 _min_cwnd=4150 _maxwnd=219105 _cwnd=219105
Initialize per-instance NSCC parameters: flowid 53 _base_rtt=11685600 _base_bdp=146070 _bdp=146070 _min_cwnd=4150 _maxwnd=219105 _cwnd=219105
Initialize per-instance NSCC parameters: flowid 54 _base_rtt=11685600 _base_bdp=146070 _bdp=146070 _min_cwnd=4150 _maxwnd=219105 _cwnd=219105
Initialize per-instance NSCC parameters: flowid 55 _base_rtt=11685600 _base_bdp=146070 _bdp=146070 _min_cwnd=4150 _maxwnd=219105 _cwnd=219105
Initialize per-instance NSCC parameters: flowid 56 _base_rtt=11685600 _base_bdp=146070 _bdp=146070 _min_cwnd=4150 _maxwnd=219105 _cwnd=219105
Initialize per-instance NSCC parameters: flowid 57 _base_rtt=11685600 _base_bdp=146070 _bdp=146070 _min_cwnd=4150 _maxwnd=219105 _cwnd=219105
Initialize per-instance NSCC parameters: flowid 58 _base_rtt=11685600 _base_bdp=146070 _bdp=146070 _min_cwnd=4150 _maxwnd=219105 _cwnd=219105
Initialize per-instance NSCC parameters: flowid 59 _base_rtt=11685600 _base_bdp=146070 _bdp=146070 _min_cwnd=4150 _maxwnd=219105 _cwnd=219105
Initialize per-instance NSCC parameters: flowid 60 _base_rtt=11685600 _base_bdp=146070 _bdp=146070 _min_cwnd=4150 _maxwnd=219105 _cwnd=219105
Initialize per-instance NSCC parameters: flowid 61 _base_rtt=11685600 _base_bdp=146070 _bdp=146070 _min_cwnd=4150 _maxwnd=219105 _cwnd=219105
Initialize per-instance NSCC parameters: flowid 62 _base_rtt=11685600 _base_bdp=146070 _bdp=146070 _min_cwnd=4150 _maxwnd=219105 _cwnd=219105
Initialize per-instance NSCC parameters: flowid 63 _base_rtt=11685600 _base_bdp=146070 _bdp=146070 _min_cwnd=4150 _maxwnd=219105 _cwnd=219105
Initialize per-instance NSCC parameters: flowid 64 _base_rtt=11685600 _base_bdp=146070 _bdp=146070 _min_cwnd=4150 _maxwnd=219105 _cwnd=219105
Initialize per-instance NSCC parameters: flowid 65 _base_rtt=11685600 _base_bdp=146070 _bdp=146070 _min_cwnd=4150 _maxwnd=219105 _cwnd=219105
Initialize per-instance NSCC parameters: flowid 66 _base_rtt=11685600 _base_bdp=146070 _bdp=146070 _min_cwnd=4150 _maxwnd=219105 _cwnd=219105
Initialize per-instance NSCC parameters: flowid 67 _base_rtt=11685600 _base_bdp=146070 _bdp=146070 _min_cwnd=4150 _maxwnd=219105 _cwnd=219105
Initialize per-instance NSCC parameters: flowid 68 _base_rtt=11685600 _base_bdp=146070 _bdp=146070 _min_cwnd=4150 _maxwnd=219105 _cwnd=219105
Initialize per-instance NSCC parameters: flowid 69 _base_rtt=11685600 _base_bdp=146070 _bdp=146070 _min_cwnd=4150 _maxwnd=219105 _cwnd=219105
Initialize per-instance NSCC parameters: flowid 70 _base_rtt=11685600 _base_bdp=146070 _bdp=146070 _min_cwnd=4150 _maxwnd=219105 _cwnd=219105
Initialize per-instance NSCC parameters: flowid 71 _base_rtt=11685600 _base_bdp=146070 _bdp=146070 _min_cwnd=4150 _maxwnd=219105 _cwnd=219105
Initialize per-instance NSCC parameters: flowid 72 _base_rtt=11685600 _base_bdp=146070 _bdp=146070 _min_cwnd=4150 _maxwnd=219105 _cwnd=219105
Initialize per-instance NSCC parameters: flowid 73 _base_rtt=11685600 _base_bdp=146070 _bdp=146070 _min_cwnd=4150 _maxwnd=219105 _cwnd=219105
Initialize per-instance NSCC parameters: flowid 74 _base_rtt=11685600 _base_bdp=146070 _bdp=146070 _min_cwnd=4150 _maxwnd=219105 _cwnd=219105
Initialize per-instance NSCC parameters: flowid 75 _base_rtt=11685600 _base_bdp=146070 _bdp=146070 _min_cwnd=4150 _maxwnd=219105 _cwnd=219105
Initialize per-instance NSCC parameters: flowid 76 _base_rtt=11685600 _base_bdp=146070 _bdp=146070 _min_cwnd=4150 _maxwnd=219105 _cwnd=219105
Initialize per-instance NSCC parameters: flowid 77 _base_rtt=11685600 _base_bdp=146070 _bdp=146070 _min_cwnd=4150 _maxwnd=219105 _cwnd=219105
Initialize per-instance NSCC parameters: flowid 78 _base_rtt=11685600 _base_bdp=146070 _bdp=146070 _min_cwnd=4150 _maxwnd=219105 _cwnd=219105
Initialize per-instance NSCC parameters: flowid 79 _base_rtt=11685600 _base_bdp=146070 _bdp=146070 _min_cwnd=4150 _maxwnd=219105 _cwnd=219105
Initialize per-instance NSCC parameters: flowid 80 _base_rtt=11685600 _base_bdp=146070 _bdp=146070 _min_cwnd=4150 _maxwnd=219105 _cwnd=219105
Initialize per-instance NSCC parameters: flowid 81 _base_rtt=11685600 _base_bdp=146070 _bdp=146070 _min_cwnd=4150 _maxwnd=219105 _cwnd=219105
Initialize per-instance NSCC parameters: flowid 82 _base_rtt=11685600 _base_bdp=146070 _bdp=146070 _min_cwnd=4150 _maxwnd=219105 _cwnd=219105
Initialize per-instance NSCC parameters: flowid 83 _base_rtt=11685600 _base_bdp=146070 _bdp=146070 _min_cwnd=4150 _maxwnd=219105 _cwnd=219105
Initialize per-instance NSCC parameters: flowid 84 _base_rtt=11685600 _base_bdp=146070 _bdp=146070 _min_cwnd=4150 _maxwnd=219105 _cwnd=219105
Initialize per-instance NSCC parameters: flowid 85 _base_rtt=11685600 _base_bdp=146070 _bdp=146070 _min_cwnd=4150 _maxwnd=219105 _cwnd=219105
Initialize per-instance NSCC parameters: flowid 86 _base_rtt=11685600 _base_bdp=146070 _bdp=146070 _min_cwnd=4150 _maxwnd=219105 _cwnd=219105
Initialize per-instance NSCC parameters: flowid 87 _base_rtt=11685600 _base_bdp=146070 _bdp=146070 _min_cwnd=4150 _maxwnd=219105 _cwnd=219105
Initialize per-instance NSCC parameters: flowid 88 _base_rtt=11685600 _base_bdp=146070 _bdp=146070 _min_cwnd=4150 _maxwnd=219105 _cwnd=219105
Initialize per-instance NSCC parameters: flowid 89 _base_rtt=11685600 _base_bdp=146070 _bdp=146070 _min_cwnd=4150 _maxwnd=219105 _cwnd=219105
Initialize per-instance NSCC parameters: flowid 90 _base_rtt=11685600 _base_bdp=146070 _bdp=146070 _min_cwnd=4150 _maxwnd=219105 _cwnd=219105
Initialize per-instance NSCC parameters: flowid 91 _base_rtt=11685600 _base_bdp=146070 _bdp=146070 _min_cwnd=4150 _maxwnd=219105 _cwnd=219105
Initialize per-instance NSCC parameters: flowid 92 _base_rtt=11685600 _base_bdp=146070 _bdp=146070 _min_cwnd=4150 _maxwnd=219105 _cwnd=219105
Initialize per-instance NSCC parameters: flowid 93 _base_rtt=11685600 _base_bdp=146070 _bdp=146070 _min_cwnd=4150 _maxwnd=219105 _cwnd=219105
Initialize per-instance NSCC parameters: flowid 94 _base_rtt=11685600 _base_bdp=146070 _bdp=146070 _min_cwnd=4150 _maxwnd=219105 _cwnd=219105
Initialize per-instance NSCC parameters: flowid 95 _base_rtt=11685600 _base_bdp=146070 _bdp=146070 _min_cwnd=4150 _maxwnd=219105 _cwnd=219105
Initialize per-instance NSCC parameters: flowid 96 _base_rtt=11685600 _base_bdp=146070 _bdp=146070 _min_cwnd=4150 _maxwnd=219105 _cwnd=219105
Initialize per-instance NSCC parameters: flowid 97 _base_rtt=11685600 _base_bdp=146070 _bdp=146070 _min_cwnd=4150 _maxwnd=219105 _cwnd=219105
Initialize per-instance NSCC parameters: flowid 98 _base_rtt=11685600 _base_bdp=146070 _bdp=146070 _min_cwnd=4150 _maxwnd=219105 _cwnd=219105
Initialize per-instance NSCC parameters: flowid 99 _base_rtt=11685600 _base_bdp=146070 _bdp=146070 _min_cwnd=4150 _maxwnd=219105 _cwnd=219105
Initialize per-instance NSCC parameters: flowid 100 _base_rtt=11685600 _base_bdp=146070 _bdp=146070 _min_cwnd=4150 _maxwnd=219105 _cwnd=219105
Initialize per-instance NSCC parameters: flowid 101 _base_rtt=11685600 _base_bdp=146070 _bdp=146070 _min_cwnd=4150 _maxwnd=219105 _cwnd=219105
Initialize per-instance NSCC parameters: flowid 102 _base_rtt=11685600 _base_bdp=146070 _bdp=146070 _min_cwnd=4150 _maxwnd=219105 _cwnd=219105
Initialize per-instance NSCC parameters: flowid 103 _base_rtt=11685600 _base_bdp=146070 _bdp=146070 _min_cwnd=4150 _maxwnd=219105 _cwnd=219105
Initialize per-instance NSCC parameters: flowid 104 _base_rtt=11685600 _base_bdp=146070 _bdp=146070 _min_cwnd=4150 _maxwnd=219105 _cwnd=219105
Initialize per-instance NSCC parameters: flowid 105 _base_rtt=11685600 _base_bdp=146070 _bdp=146070 _min_cwnd=4150 _maxwnd=219105 _cwnd=219105
Initialize per-instance NSCC parameters: flowid 106 _base_rtt=11685600 _base_bdp=146070 _bdp=146070 _min_cwnd=4150 _maxwnd=219105 _cwnd=219105
Initialize per-instance NSCC parameters: flowid 107 _base_rtt=11685600 _base_bdp=146070 _bdp=146070 _min_cwnd=4150 _maxwnd=219105 _cwnd=219105
Initialize per-instance NSCC parameters: flowid 108 _base_rtt=11685600 _base_bdp=146070 _bdp=146070 _min_cwnd=4150 _maxwnd=219105 _cwnd=219105
Initialize per-instance NSCC parameters: flowid 109 _base_rtt=11685600 _base_bdp=146070 _bdp=146070 _min_cwnd=4150 _maxwnd=219105 _cwnd=219105
Initialize per-instance NSCC parameters: flowid 110 _base_rtt=11685600 _base_bdp=146070 _bdp=146070 _min_cwnd=4150 _maxwnd=219105 _cwnd=219105
Initialize per-instance NSCC parameters: flowid 111 _base_rtt=11685600 _base_bdp=146070 _bdp=146070 _min_cwnd=4150 _maxwnd=219105 _cwnd=219105
Initialize per-instance NSCC parameters: flowid 112 _base_rtt=11685600 _base_bdp=146070 _bdp=146070 _min_cwnd=4150 _maxwnd=219105 _cwnd=219105
Initialize per-instance NSCC parameters: flowid 113 _base_rtt=11685600 _base_bdp=146070 _bdp=146070 _min_cwnd=4150 _maxwnd=219105 _cwnd=219105
Initialize per-instance NSCC parameters: flowid 114 _base_rtt=11685600 _base_bdp=146070 _bdp=146070 _min_cwnd=4150 _maxwnd=219105 _cwnd=219105
Initialize per-instance NSCC parameters: flowid 115 _base_rtt=11685600 _base_bdp=146070 _bdp=146070 _min_cwnd=4150 _maxwnd=219105 _cwnd=219105
Initialize per-instance NSCC parameters: flowid 116 _base_rtt=11685600 _base_bdp=146070 _bdp=146070 _min_cwnd=4150 _maxwnd=219105 _cwnd=219105
Initialize per-instance NSCC parameters: flowid 117 _base_rtt=11685600 _base_bdp=146070 _bdp=146070 _min_cwnd=4150 _maxwnd=219105 _cwnd=219105
Initialize per-instance NSCC parameters: flowid 118 _base_rtt=11685600 _base_bdp=146070 _bdp=146070 _min_cwnd=4150 _maxwnd=219105 _cwnd=219105
Initialize per-instance NSCC parameters: flowid 119 _base_rtt=11685600 _base_bdp=146070 _bdp=146070 _min_cwnd=4150 _maxwnd=219105 _cwnd=219105
Initialize per-instance NSCC parameters: flowid 120 _base_rtt=11685600 _base_bdp=146070 _bdp=146070 _min_cwnd=4150 _maxwnd=219105 _cwnd=219105
Initialize per-instance NSCC parameters: flowid 121 _base_rtt=11685600 _base_bdp=146070 _bdp=146070 _min_cwnd=4150 _maxwnd=219105 _cwnd=219105
Initialize per-instance NSCC parameters: flowid 122 _base_rtt=11685600 _base_bdp=146070 _bdp=146070 _min_cwnd=4150 _maxwnd=219105 _cwnd=219105
Initialize per-instance NSCC parameters: flowid 123 _base_rtt=11685600 _base_bdp=146070 _bdp=146070 _min_cwnd=4150 _maxwnd=219105 _cwnd=219105
Initialize per-instance NSCC parameters: flowid 124 _base_rtt=11685600 _base_bdp=146070 _bdp=146070 _min_cwnd=4150 _maxwnd=219105 _cwnd=219105
Initialize per-instance NSCC parameters: flowid 125 _base_rtt=11685600 _base_bdp=146070 _bdp=146070 _min_cwnd=4150 _maxwnd=219105 _cwnd=219105
Initialize per-instance NSCC parameters: flowid 126 _base_rtt=11685600 _base_bdp=146070 _bdp=146070 _min_cwnd=4150 _maxwnd=219105 _cwnd=219105
Initialize per-instance NSCC parameters: flowid 127 _base_rtt=11685600 _base_bdp=146070 _bdp=146070 _min_cwnd=4150 _maxwnd=219105 _cwnd=219105
Initialize per-instance NSCC parameters: flowid 128 _base_rtt=11685600 _base_bdp=146070 _bdp=146070 _min_cwnd=4150 _maxwnd=219105 _cwnd=219105
Initialize per-instance NSCC parameters: flowid 129 _base_rtt=11685600 _base_bdp=146070 _bdp=146070 _min_cwnd=4150 _maxwnd=219105 _cwnd=219105
Initialize per-instance NSCC parameters: flowid 130 _base_rtt=11685600 _base_bdp=146070 _bdp=146070 _min_cwnd=4150 _maxwnd=219105 _cwnd=219105
Initialize per-instance NSCC parameters: flowid 131 _base_rtt=11685600 _base_bdp=146070 _bdp=146070 _min_cwnd=4150 _maxwnd=219105 _cwnd=219105
Initialize per-instance NSCC parameters: flowid 132 _base_rtt=11685600 _base_bdp=146070 _bdp=146070 _min_cwnd=4150 _maxwnd=219105 _cwnd=219105
Initialize per-instance NSCC parameters: flowid 133 _base_rtt=11685600 _base_bdp=146070 _bdp=146070 _min_cwnd=4150 _maxwnd=219105 _cwnd=219105
Initialize per-instance NSCC parameters: flowid 134 _base_rtt=11685600 _base_bdp=146070 _bdp=146070 _min_cwnd=4150 _maxwnd=219105 _cwnd=219105
Initialize per-instance NSCC parameters: flowid 135 _base_rtt=11685600 _base_bdp=146070 _bdp=146070 _min_cwnd=4150 _maxwnd=219105 _cwnd=219105
Initialize per-instance NSCC parameters: flowid 136 _base_rtt=11685600 _base_bdp=146070 _bdp=146070 _min_cwnd=4150 _maxwnd=219105 _cwnd=219105
Initialize per-instance NSCC parameters: flowid 137 _base_rtt=11685600 _base_bdp=146070 _bdp=146070 _min_cwnd=4150 _maxwnd=219105 _cwnd=219105
Initialize per-instance NSCC parameters: flowid 138 _base_rtt=11685600 _base_bdp=146070 _bdp=146070 _min_cwnd=4150 _maxwnd=219105 _cwnd=219105
Initialize per-instance NSCC parameters: flowid 139 _base_rtt=11685600 _base_bdp=146070 _bdp=146070 _min_cwnd=4150 _maxwnd=219105 _cwnd=219105
Initialize per-instance NSCC parameters: flowid 140 _base_rtt=11685600 _base_bdp=146070 _bdp=146070 _min_cwnd=4150 _maxwnd=219105 _cwnd=219105
Initialize per-instance NSCC parameters: flowid 141 _base_rtt=11685600 _base_bdp=146070 _bdp=146070 _min_cwnd=4150 _maxwnd=219105 _cwnd=219105
Initialize per-instance NSCC parameters: flowid 142 _base_rtt=11685600 _base_bdp=146070 _bdp=146070 _min_cwnd=4150 _maxwnd=219105 _cwnd=219105
Initialize per-instance NSCC parameters: flowid 143 _base_rtt=11685600 _base_bdp=146070 _bdp=146070 _min_cwnd=4150 _maxwnd=219105 _cwnd=219105
Initialize per-instance NSCC parameters: flowid 144 _base_rtt=11685600 _base_bdp=146070 _bdp=146070 _min_cwnd=4150 _maxwnd=219105 _cwnd=219105
Initialize per-instance NSCC parameters: flowid 145 _base_rtt=11685600 _base_bdp=146070 _bdp=146070 _min_cwnd=4150 _maxwnd=219105 _cwnd=219105
Initialize per-instance NSCC parameters: flowid 146 _base_rtt=11685600 _base_bdp=146070 _bdp=146070 _min_cwnd=4150 _maxwnd=219105 _cwnd=219105
Initialize per-instance NSCC parameters: flowid 147 _base_rtt=11685600 _base_bdp=146070 _bdp=146070 _min_cwnd=4150 _maxwnd=219105 _cwnd=219105
Initialize per-instance NSCC parameters: flowid 148 _base_rtt=11685600 _base_bdp=146070 _bdp=146070 _min_cwnd=4150 _maxwnd=219105 _cwnd=219105
Initialize per-instance NSCC parameters: flowid 149 _base_rtt=11685600 _base_bdp=146070 _bdp=146070 _min_cwnd=4150 _maxwnd=219105 _cwnd=219105
Initialize per-instance NSCC parameters: flowid 150 _base_rtt=11685600 _base_bdp=146070 _bdp=146070 _min_cwnd=4150 _maxwnd=219105 _cwnd=219105
Initialize per-instance NSCC parameters: flowid 151 _base_rtt=11685600 _base_bdp=146070 _bdp=146070 _min_cwnd=4150 _maxwnd=219105 _cwnd=219105
Initialize per-instance NSCC parameters: flowid 152 _base_rtt=11685600 _base_bdp=146070 _bdp=146070 _min_cwnd=4150 _maxwnd=219105 _cwnd=219105
Initialize per-instance NSCC parameters: flowid 153 _base_rtt=11685600 _base_bdp=146070 _bdp=146070 _min_cwnd=4150 _maxwnd=219105 _cwnd=219105
Initialize per-instance NSCC parameters: flowid 154 _base_rtt=11685600 _base_bdp=146070 _bdp=146070 _min_cwnd=4150 _maxwnd=219105 _cwnd=219105
Starting simulation
Flow Uec_170_42 flowId 1 uecSrc 0 starting at 0
Flow Uec_13_141 flowId 2 uecSrc 1 starting at 0
Flow Uec_20_148 flowId 3 uecSrc 2 starting at 0
Flow Uec_220_92 flowId 4 uecSrc 3 starting at 0
Flow Uec_136_8 flowId 5 uecSrc 4 starting at 0
Flow Uec_209_81 flowId 6 uecSrc 5 starting at 0
Flow Uec_187_59 flowId 7 uecSrc 6 starting at 0
Flow Uec_36_164 flowId 8 uecSrc 7 starting at 0
Flow Uec_79_207 flowId 9 uecSrc 8 starting at 0
Flow Uec_129_1 flowId 10 uecSrc 9 starting at 0
Flow Uec_201_73 flowId 11 uecSrc 10 starting at 0
Flow Uec_140_12 flowId 12 uecSrc 11 starting at 0
Flow Uec_122_250 flowId 13 uecSrc 12 starting at 0
Flow Uec_7_135 flowId 14 uecSrc 13 starting at 0
Flow Uec_153_25 flowId 15 uecSrc 14 starting at 0
Flow Uec_67_195 flowId 16 uecSrc 15 starting at 0
Flow Uec_242_114 flowId 17 uecSrc 16 starting at 0
Flow Uec_93_221 flowId 18 uecSrc 17 starting at 0
Flow Uec_177_49 flowId 19 uecSrc 18 starting at 0
Flow Uec_244_116 flowId 20 uecSrc 19 starting at 0
Flow Uec_144_16 flowId 21 uecSrc 20 starting at 0
Flow Uec_11_139 flowId 22 uecSrc 21 starting at 0
Flow Uec_200_72 flowId 23 uecSrc 22 starting at 0
Flow Uec_42_170 flowId 24 uecSrc 23 starting at 0
Flow Uec_246_118 flowId 25 uecSrc 24 starting at 0
Flow Uec_243_115 flowId 26 uecSrc 25 starting at 0
Flow Uec_120_248 flowId 27 uecSrc 26 starting at 0
Flow Uec_112_240 flowId 28 uecSrc 27 starting at 0
Flow Uec_186_58 flowId 29 uecSrc 28 starting at 0
Flow Uec_46_174 flowId 30 uecSrc 29 starting at 0
Flow Uec_181_53 flowId 31 uecSrc 30 starting at 0
Flow Uec_133_5 flowId 32 uecSrc 31 starting at 0
Flow Uec_118_246 flowId 33 uecSrc 32 starting at 0
Flow Uec_71_199 flowId 34 uecSrc 33 starting at 0
Flow Uec_97_225 flowId 35 uecSrc 34 starting at 0
Flow Uec_183_55 flowId 36 uecSrc 35 starting at 0
Flow Uec_218_90 flowId 37 uecSrc 36 starting at 0
Flow Uec_22_150 flowId 38 uecSrc 37 starting at 0
Flow Uec_92_220 flowId 39 uecSrc 38 starting at 0
Flow Uec_184_56 flowId 40 uecSrc 39 starting at 0
Flow Uec_255_127 flowId 41 uecSrc 40 starting at 0
Flow Uec_150_22 flowId 42 uecSrc 41 starting at 0
Flow Uec_141_13 flowId 43 uecSrc 42 starting at 0
Flow Uec_100_228 flowId 44 uecSrc 43 starting at 0
Flow Uec_72_200 flowId 45 uecSrc 44 starting at 0
Flow Uec_154_26 flowId 46 uecSrc 45 starting at 0
Flow Uec_123_251 flowId 47 uecSrc 46 starting at 0
Flow Uec_166_38 flowId 48 uecSrc 47 starting at 0
Flow Uec_224_96 flowId 49 uecSrc 48 starting at 0
Flow Uec_210_82 flowId 50 uecSrc 49 starting at 0
Flow Uec_108_236 flowId 51 uecSrc 50 starting at 0
Flow Uec_199_71 flowId 52 uecSrc 51 starting at 0
Flow Uec_57_185 flowId 53 uecSrc 52 starting at 0
Flow Uec_106_234 flowId 54 uecSrc 53 starting at 0
Flow Uec_119_247 flowId 55 uecSrc 54 starting at 0
Flow Uec_51_179 flowId 56 uecSrc 55 starting at 0
Flow Uec_198_70 flowId 57 uecSrc 56 starting at 0
Flow Uec_148_20 flowId 58 uecSrc 57 starting at 0
Flow Uec_125_253 flowId 59 uecSrc 58 starting at 0
Flow Uec_193_65 flowId 60 uecSrc 59 starting at 0
Flow Uec_172_44 flowId 61 uecSrc 60 starting at 0
Flow Uec_48_176 flowId 62 uecSrc 61 starting at 0
Flow Uec_56_184 flowId 63 uecSrc 62 starting at 0
Flow Uec_204_76 flowId 64 uecSrc 63 starting at 0
Flow Uec_147_19 flowId 65 uecSrc 64 starting at 0
Flow Uec_219_91 flowId 66 uecSrc 65 starting at 0
Flow Uec_230_102 flowId 67 uecSrc 66 starting at 0
Flow Uec_84_212 flowId 68 uecSrc 67 starting at 0
Flow Uec_169_41 flowId 69 uecSrc 68 starting at 0
Flow Uec_32_160 flowId 70 uecSrc 69 starting at 0
Flow Uec_149_21 flowId 71 uecSrc 70 starting at 0
Flow Uec_96_224 flowId 72 uecSrc 71 starting at 0
Flow Uec_160_32 flowId 73 uecSrc 72 starting at 0
Flow Uec_190_62 flowId 74 uecSrc 73 starting at 0
Flow Uec_215_87 flowId 75 uecSrc 74 starting at 0
Flow Uec_171_43 flowId 76 uecSrc 75 starting at 0
Flow Uec_138_10 flowId 77 uecSrc 76 starting at 0
Flow Uec_185_57 flowId 78 uecSrc 77 starting at 0
Flow Uec_212_84 flowId 79 uecSrc 78 starting at 0
Flow Uec_24_152 flowId 80 uecSrc 79 starting at 0
Flow Uec_103_231 flowId 81 uecSrc 80 starting at 0
Flow Uec_29_157 flowId 82 uecSrc 81 starting at 0
Flow Uec_74_202 flowId 83 uecSrc 82 starting at 0
Flow Uec_152_24 flowId 84 uecSrc 83 starting at 0
Flow Uec_55_183 flowId 85 uecSrc 84 starting at 0
Flow Uec_28_156 flowId 86 uecSrc 85 starting at 0
Flow Uec_3_131 flowId 87 uecSrc 86 starting at 0
Flow Uec_232_104 flowId 88 uecSrc 87 starting at 0
Flow Uec_231_103 flowId 89 uecSrc 88 starting at 0
Flow Uec_241_113 flowId 90 uecSrc 89 starting at 0
Flow Uec_245_117 flowId 91 uecSrc 90 starting at 0
Flow Uec_18_146 flowId 92 uecSrc 91 starting at 0
Flow Uec_21_149 flowId 93 uecSrc 92 starting at 0
Flow Uec_59_187 flowId 94 uecSrc 93 starting at 0
Flow Uec_222_94 flowId 95 uecSrc 94 starting at 0
Flow Uec_0_128 flowId 96 uecSrc 95 starting at 0
Flow Uec_134_6 flowId 97 uecSrc 96 starting at 0
Flow Uec_229_101 flowId 98 uecSrc 97 starting at 0
Flow Uec_158_30 flowId 99 uecSrc 98 starting at 0
Flow Uec_102_230 flowId 100 uecSrc 99 starting at 0
Flow Uec_70_198 flowId 101 uecSrc 100 starting at 0
Flow Uec_8_136 flowId 102 uecSrc 101 starting at 0
Flow Uec_105_233 flowId 103 uecSrc 102 starting at 0
Flow Uec_207_79 flowId 104 uecSrc 103 starting at 0
Flow Uec_165_37 flowId 105 uecSrc 104 starting at 0
Flow Uec_197_69 flowId 106 uecSrc 105 starting at 0
Flow Uec_107_235 flowId 107 uecSrc 106 starting at 0
Flow Uec_73_201 flowId 108 uecSrc 107 starting at 0
Flow Uec_159_31 flowId 109 uecSrc 108 starting at 0
Flow Uec_142_14 flowId 110 uecSrc 109 starting at 0
Flow Uec_161_33 flowId 111 uecSrc 110 starting at 0
Flow Uec_233_105 flowId 112 uecSrc 111 starting at 0
Flow Uec_248_120 flowId 113 uecSrc 112 starting at 0
Flow Uec_86_214 flowId 114 uecSrc 113 starting at 0
Flow Uec_250_122 flowId 115 uecSrc 114 starting at 0
Flow Uec_115_243 flowId 116 uecSrc 115 starting at 0
Flow Uec_208_80 flowId 117 uecSrc 116 starting at 0
Flow Uec_76_204 flowId 118 uecSrc 117 starting at 0
Flow Uec_10_138 flowId 119 uecSrc 118 starting at 0
Flow Uec_162_34 flowId 120 uecSrc 119 starting at 0
Flow Uec_163_35 flowId 121 uecSrc 120 starting at 0
Flow Uec_2_130 flowId 122 uecSrc 121 starting at 0
Flow Uec_180_52 flowId 123 uecSrc 122 starting at 0
Flow Uec_182_54 flowId 124 uecSrc 123 starting at 0
Flow Uec_228_100 flowId 125 uecSrc 124 starting at 0
Flow Uec_39_167 flowId 126 uecSrc 125 starting at 0
Flow Uec_60_188 flowId 127 uecSrc 126 starting at 0
Flow Uec_75_203 flowId 128 uecSrc 127 starting at 0
Flow Uec_43_171 flowId 129 uecSrc 128 starting at 0
Flow Uec_37_165 flowId 130 uecSrc 129 starting at 0
Flow Uec_77_205 flowId 131 uecSrc 130 starting at 0
Flow Uec_4_132 flowId 132 uecSrc 131 starting at 0
Flow Uec_83_211 flowId 133 uecSrc 132 starting at 0
Flow Uec_139_11 flowId 134 uecSrc 133 starting at 0
Flow Uec_99_227 flowId 135 uecSrc 134 starting at 0
Flow Uec_254_126 flowId 136 uecSrc 135 starting at 0
Flow Uec_34_162 flowId 137 uecSrc 136 starting at 0
Flow Uec_91_219 flowId 138 uecSrc 137 starting at 0
Flow Uec_237_109 flowId 139 uecSrc 138 starting at 0
Flow Uec_14_142 flowId 140 uecSrc 139 starting at 0
Flow Uec_156_28 flowId 141 uecSrc 140 starting at 0
Flow Uec_234_106 flowId 142 uecSrc 141 starting at 0
Flow Uec_127_255 flowId 143 uecSrc 142 starting at 0
Flow Uec_223_95 flowId 144 uecSrc 143 starting at 0
Flow Uec_216_88 flowId 145 uecSrc 144 starting at 0
Flow Uec_47_175 flowId 146 uecSrc 145 starting at 0
Flow Uec_95_223 flowId 147 uecSrc 146 starting at 0
Flow Uec_53_181 flowId 148 uecSrc 147 starting at 0
Flow Uec_80_208 flowId 149 uecSrc 148 starting at 0
Flow Uec_6_134 flowId 150 uecSrc 149 starting at 0
Flow Uec_146_18 flowId 151 uecSrc 150 starting at 0
Flow Uec_1_129 flowId 152 uecSrc 151 starting at 0
Flow Uec_33_161 flowId 153 uecSrc 152 starting at 0
Flow Uec_168_40 flowId 154 uecSrc 153 starting at 0
142.279 flowid 106 Spurious 53
148.989 flowid 70 Spurious 32
150.468 flowid 126 Spurious 62
153.139 flowid 126 Spurious 76
Flow Uec_99_227 flowId 135 uecSrc 134 finished at 175.248 total messages 1 total packets 490 RTS 0 total bytes 2002140 in_flight now 0 fair_inc 0 prop_inc 77615 fast_inc 84861 eta_inc 8344 multi_dec -0 quick_dec -0 nack_dec -0
Flow Uec_120_248 flowId 27 uecSrc 26 finished at 175.698 total messages 1 total packets 490 RTS 0 total bytes 2002140 in_flight now 0 fair_inc 0 prop_inc 75547 fast_inc 101025 eta_inc 8344 multi_dec -0 quick_dec -0 nack_dec -0
Flow Uec_185_57 flowId 78 uecSrc 77 finished at 175.732 total messages 1 total packets 490 RTS 0 total bytes 2002140 in_flight now 0 fair_inc 0 prop_inc 90016 fast_inc 0 eta_inc 8344 multi_dec -0 quick_dec -0 nack_dec -0
Flow Uec_122_250 flowId 13 uecSrc 12 finished at 176.03 total messages 1 total packets 490 RTS 0 total bytes 2002140 in_flight now 0 fair_inc 0 prop_inc 75897 fast_inc 105066 eta_inc 8344 multi_dec -0 quick_dec -0 nack_dec -0
Flow Uec_72_200 flowId 45 uecSrc 44 finished at 176.362 total messages 1 total packets 490 RTS 0 total bytes 2002140 in_flight now 0 fair_inc 0 prop_inc 87954 fast_inc 0 eta_inc 8344 multi_dec -0 quick_dec -0 nack_dec -0
Flow Uec_183_55 flowId 36 uecSrc 35 finished at 176.878 total messages 1 total packets 490 RTS 0 total bytes 2002140 in_flight now 0 fair_inc 0 prop_inc 87113 fast_inc 0 eta_inc 8344 multi_dec -0 quick_dec -0 nack_dec -0
Flow Uec_74_202 flowId 83 uecSrc 82 finished at 177.101 total messages 1 total packets 490 RTS 0 total bytes 2002140 in_flight now 0 fair_inc 0 prop_inc 78642 fast_inc 12123 eta_inc 8344 multi_dec -0 quick_dec -0 nack_dec -0
177.702 flowid 122 Spurious 132
Flow Uec_180_52 flowId 123 uecSrc 122 finished at 178.35 total messages 1 total packets 490 RTS 0 total bytes 2002140 in_flight now 0 fair_inc 0 prop_inc 71759 fast_inc 0 eta_inc 8344 multi_dec -0 quick_dec -0 nack_dec -0
Flow Uec_162_34 flowId 120 uecSrc 119 finished at 178.79 total messages 1 total packets 490 RTS 0 total bytes 2002140 in_flight now 0 fair_inc 0 prop_inc 73893 fast_inc 0 eta_inc 7748 multi_dec -0 quick_dec -0 nack_dec -0
Flow Uec_133_5 flowId 32 uecSrc 31 finished at 180.488 total messages 1 total packets 490 RTS 0 total bytes 2002140 in_flight now 0 fair_inc 0 prop_inc 79820 fast_inc 0 eta_inc 7748 multi_dec -0 quick_dec -0 nack_dec -0
Flow Uec_209_81 flowId 6 uecSrc 5 finished at 180.915 total messages 1 total packets 490 RTS 0 total bytes 2002140 in_flight now 0 fair_inc 0 prop_inc 40341 fast_inc 0 eta_inc 8940 multi_dec -0 quick_dec -0 nack_dec -0
Flow Uec_139_11 flowId 134 uecSrc 133 finished at 181.584 total messages 1 total packets 490 RTS 0 total bytes 2002140 in_flight now 0 fair_inc 0 prop_inc 64072 fast_inc 0 eta_inc 8344 multi_dec -0 quick_dec -0 nack_dec -0
Flow Uec_199_71 flowId 52 uecSrc 51 finished at 182.825 total messages 1 total packets 490 RTS 0 total bytes 2002140 in_flight now 0 fair_inc 0 prop_inc 29631 fast_inc 0 eta_inc 8344 multi_dec -0 quick_dec -0 nack_dec -0
Flow Uec_57_185 flowId 53 uecSrc 52 finished at 184.238 total messages 1 total packets 490 RTS 0 total bytes 2002140 in_flight now 0 fair_inc 0 prop_inc 34281 fast_inc 0 eta_inc 8344 multi_dec -0 quick_dec -0 nack_dec -0
Flow Uec_14_142 flowId 140 uecSrc 139 finished at 194.134 total messages 1 total packets 490 RTS 0 total bytes 2002140 in_flight now 0 fair_inc 0 prop_inc 23878 fast_inc 0 eta_inc 8940 multi_dec -0 quick_dec -0 nack_dec -0
196.296 flowid 126 Spurious 183
196.967 flowid 129 Spurious 168
198.476 flowid 70 Spurious 159
Flow Uec_18_146 flowId 92 uecSrc 91 finished at 198.869 total messages 1 total packets 490 RTS 0 total bytes 2002140 in_flight now 0 fair_inc 1503 prop_inc 17289 fast_inc 0 eta_inc 9536 multi_dec -0 quick_dec -0 nack_dec -0
198.975 flowid 129 Spurious 171
200.422 flowid 126 Spurious 185
Flow Uec_42_170 flowId 24 uecSrc 23 finished at 201.225 total messages 1 total packets 490 RTS 0 total bytes 2002140 in_flight now 0 fair_inc 4121 prop_inc 24222 fast_inc 0 eta_inc 9536 multi_dec -0 quick_dec -0 nack_dec -0
202.776 flowid 126 Spurious 197
Flow Uec_11_139 flowId 22 uecSrc 21 finished at 206.654 total messages 1 total packets 490 RTS 0 total bytes 2002140 in_flight now 0 fair_inc 7612 prop_inc 35970 fast_inc 0 eta_inc 9536 multi_dec -0 quick_dec -0 nack_dec -29050
Flow Uec_255_127 flowId 41 uecSrc 40 finished at 207.647 total messages 1 total packets 490 RTS 0 total bytes 2002140 in_flight now 0 fair_inc 6759 prop_inc 14702 fast_inc 0 eta_inc 10132 multi_dec -0 quick_dec -0 nack_dec -0
Flow Uec_20_148 flowId 3 uecSrc 2 finished at 208.197 total messages 1 total packets 490 RTS 0 total bytes 2002140 in_flight now 0 fair_inc 14241 prop_inc 7710 fast_inc 0 eta_inc 10132 multi_dec -0 quick_dec -0 nack_dec -0
Flow Uec_254_126 flowId 136 uecSrc 135 finished at 209.716 total messages 1 total packets 490 RTS 0 total bytes 2002140 in_flight now 0 fair_inc 3094 prop_inc 27288 fast_inc 0 eta_inc 10132 multi_dec -35218 quick_dec -0 nack_dec -0
Flow Uec_229_101 flowId 98 uecSrc 97 finished at 211.597 total messages 1 total packets 490 RTS 0 total bytes 2002140 in_flight now 0 fair_inc 8252 prop_inc 7910 fast_inc 0 eta_inc 10132 multi_dec -0 quick_dec -0 nack_dec -0
211.817 flowid 126 Spurious 220
Flow Uec_47_175 flowId 146 uecSrc 145 finished at 213.592 total messages 1 total packets 490 RTS 0 total bytes 2002140 in_flight now 0 fair_inc 4470 prop_inc 31798 fast_inc 0 eta_inc 10132 multi_dec -57507 quick_dec -0 nack_dec -0
214.212 flowid 129 Spurious 218
Flow Uec_1_129 flowId 152 uecSrc 151 finished at 216.42 total messages 1 total packets 490 RTS 0 total bytes 2002140 in_flight now 0 fair_inc 3728 prop_inc 45822 fast_inc 0 eta_inc 10132 multi_dec -69376 quick_dec -0 nack_dec -0
228.483 flowid 8 Spurious 253
229.735 flowid 8 Spurious 245
231.763 flowid 8 Spurious 250
233.925 flowid 129 Spurious 277
235.59 flowid 129 Spurious 282
Flow Uec_246_118 flowId 25 uecSrc 24 finished at 236.393 total messages 1 total packets 490 RTS 0 total bytes 2002140 in_flight now 0 fair_inc 9285 prop_inc 47441 fast_inc 0 eta_inc 11324 multi_dec -94844 quick_dec -0 nack_dec -0
Flow Uec_46_174 flowId 30 uecSrc 29 finished at 241.908 total messages 1 total packets 492 RTS 2 total bytes 2002140 in_flight now 0 fair_inc 15615 prop_inc 23099 fast_inc 0 eta_inc 11324 multi_dec -0 quick_dec -0 nack_dec -24900
242.092 flowid 93 Spurious 265
244.002 flowid 122 Spurious 277
Flow Uec_2_130 flowId 122 uecSrc 121 finished at 245.581 total messages 1 total packets 493 RTS 3 total bytes 2002140 in_flight now 0 fair_inc 6799 prop_inc 20363 fast_inc 0 eta_inc 11324 multi_dec -0 quick_dec -0 nack_dec -0
246.672 flowid 93 Spurious 267
247.382 flowid 38 Spurious 299
Flow Uec_39_167 flowId 126 uecSrc 125 finished at 284.157 total messages 1 total packets 494 RTS 4 total bytes 2002140 in_flight now 0 fair_inc 11488 prop_inc 14365 fast_inc 0 eta_inc 11920 multi_dec -0 quick_dec -0 nack_dec -4150
Flow Uec_197_69 flowId 106 uecSrc 105 finished at 286.68 total messages 1 total packets 491 RTS 1 total bytes 2002140 in_flight now 0 fair_inc 9557 prop_inc 13036 fast_inc 0 eta_inc 11920 multi_dec -18 quick_dec -0 nack_dec -12450
Flow Uec_48_176 flowId 62 uecSrc 61 finished at 287.339 total messages 1 total packets 490 RTS 0 total bytes 2002140 in_flight now 0 fair_inc 14728 prop_inc 18745 fast_inc 0 eta_inc 10728 multi_dec -0 quick_dec -0 nack_dec -12450
Flow Uec_230_102 flowId 67 uecSrc 66 finished at 287.637 total messages 1 total packets 490 RTS 0 total bytes 2002140 in_flight now 0 fair_inc 1739 prop_inc 60629 fast_inc 0 eta_inc 13708 multi_dec -75553 quick_dec -0 nack_dec -53950
293.471 flowid 129 Spurious 408
294.135 flowid 129 Spurious 410
Flow Uec_24_152 flowId 80 uecSrc 79 finished at 295.232 total messages 1 total packets 490 RTS 0 total bytes 2002140 in_flight now 0 fair_inc 10863 prop_inc 11337 fast_inc 0 eta_inc 11324 multi_dec -0 quick_dec -0 nack_dec -0
Flow Uec_168_40 flowId 154 uecSrc 153 finished at 299.718 total messages 1 total packets 490 RTS 0 total bytes 2002140 in_flight now 0 fair_inc 10821 prop_inc 51235 fast_inc 0 eta_inc 13708 multi_dec -119082 quick_dec -0 nack_dec -29050
Flow Uec_169_41 flowId 69 uecSrc 68 finished at 310.758 total messages 1 total packets 490 RTS 0 total bytes 2002140 in_flight now 0 fair_inc 5035 prop_inc 49079 fast_inc 0 eta_inc 14900 multi_dec -99764 quick_dec -0 nack_dec -45650
Flow Uec_6_134 flowId 150 uecSrc 149 finished at 312.522 total messages 1 total packets 493 RTS 3 total bytes 2002140 in_flight now 0 fair_inc 9662 prop_inc 56033 fast_inc 0 eta_inc 11920 multi_dec -0 quick_dec -168287 nack_dec -20750
Flow Uec_125_253 flowId 59 uecSrc 58 finished at 313.281 total messages 1 total packets 490 RTS 0 total bytes 2002140 in_flight now 0 fair_inc 5917 prop_inc 29917 fast_inc 0 eta_inc 14900 multi_dec -83696 quick_dec -0 nack_dec -41500
315.559 flowid 129 Spurious 458
316.223 flowid 129 Spurious 459
Flow Uec_181_53 flowId 31 uecSrc 30 finished at 316.272 total messages 1 total packets 490 RTS 0 total bytes 2002140 in_flight now 0 fair_inc 1767 prop_inc 33287 fast_inc 0 eta_inc 15496 multi_dec -81236 quick_dec -0 nack_dec -49800
316.555 flowid 129 Spurious 461
Flow Uec_138_10 flowId 77 uecSrc 76 finished at 317.156 total messages 1 total packets 491 RTS 1 total bytes 2002140 in_flight now 0 fair_inc 19794 prop_inc 34619 fast_inc 0 eta_inc 14304 multi_dec -105888 quick_dec -0 nack_dec -24900
317.883 flowid 129 Spurious 462
Flow Uec_56_184 flowId 63 uecSrc 62 finished at 317.928 total messages 1 total packets 490 RTS 0 total bytes 2002140 in_flight now 0 fair_inc 5696 prop_inc 40686 fast_inc 0 eta_inc 14900 multi_dec -63565 quick_dec -0 nack_dec -70550
318.215 flowid 129 Spurious 466
320.034 flowid 129 Spurious 467
320.442 flowid 129 Spurious 469
320.779 flowid 129 Spurious 470
321.438 flowid 129 Spurious 472
321.77 flowid 129 Spurious 473
Flow Uec_193_65 flowId 60 uecSrc 59 finished at 321.998 total messages 1 total packets 491 RTS 1 total bytes 2002140 in_flight now 0 fair_inc 7044 prop_inc 22733 fast_inc 0 eta_inc 14900 multi_dec -74589 quick_dec -0 nack_dec -20750
Flow Uec_83_211 flowId 133 uecSrc 132 finished at 322.272 total messages 1 total packets 490 RTS 0 total bytes 2002140 in_flight now 0 fair_inc 11073 prop_inc 19087 fast_inc 0 eta_inc 15496 multi_dec -75590 quick_dec -0 nack_dec -49800
322.434 flowid 129 Spurious 475
Flow Uec_43_171 flowId 129 uecSrc 128 finished at 325.495 total messages 1 total packets 495 RTS 5 total bytes 2002140 in_flight now 0 fair_inc 10708 prop_inc 28898 fast_inc 0 eta_inc 13112 multi_dec -0 quick_dec -165418 nack_dec -4150
325.54 flowid 129 Spurious 481
325.872 flowid 129 Spurious 482
326.204 flowid 129 Spurious 483
326.873 flowid 129 Spurious 485
327.205 flowid 129 Spurious 486
Flow Uec_91_219 flowId 138 uecSrc 137 finished at 328.455 total messages 1 total packets 490 RTS 0 total bytes 2002140 in_flight now 0 fair_inc 7988 prop_inc 21249 fast_inc 0 eta_inc 15496 multi_dec -63519 quick_dec -0 nack_dec -62250
328.655 flowid 38 Spurious 478
328.992 flowid 38 Spurious 480
Flow Uec_106_234 flowId 54 uecSrc 53 finished at 331.389 total messages 1 total packets 490 RTS 0 total bytes 2002140 in_flight now 0 fair_inc 4404 prop_inc 34092 fast_inc 0 eta_inc 14900 multi_dec -77164 quick_dec -0 nack_dec -53950
Flow Uec_186_58 flowId 29 uecSrc 28 finished at 332.425 total messages 1 total packets 490 RTS 0 total bytes 2002140 in_flight now 0 fair_inc 9321 prop_inc 33642 fast_inc 0 eta_inc 16092 multi_dec -106388 quick_dec -0 nack_dec -37350
Flow Uec_93_221 flowId 18 uecSrc 17 finished at 332.627 total messages 1 total packets 490 RTS 0 total bytes 2002140 in_flight now 0 fair_inc 2564 prop_inc 21003 fast_inc 0 eta_inc 16092 multi_dec -82495 quick_dec -0 nack_dec -45650
Flow Uec_36_164 flowId 8 uecSrc 7 finished at 333.244 total messages 1 total packets 493 RTS 3 total bytes 2002140 in_flight now 0 fair_inc 9004 prop_inc 26003 fast_inc 0 eta_inc 13708 multi_dec -0 quick_dec -0 nack_dec -0
Flow Uec_37_165 flowId 130 uecSrc 129 finished at 333.281 total messages 1 total packets 491 RTS 1 total bytes 2002140 in_flight now 0 fair_inc 12857 prop_inc 20909 fast_inc 0 eta_inc 11920 multi_dec -0 quick_dec -180937 nack_dec -12450
Flow Uec_22_150 flowId 38 uecSrc 37 finished at 334.536 total messages 1 total packets 494 RTS 4 total bytes 2002140 in_flight now 0 fair_inc 9652 prop_inc 25410 fast_inc 0 eta_inc 11920 multi_dec -0 quick_dec -185555 nack_dec -4150
Flow Uec_190_62 flowId 74 uecSrc 73 finished at 337.14 total messages 1 total packets 490 RTS 0 total bytes 2002140 in_flight now 0 fair_inc 11194 prop_inc 32187 fast_inc 0 eta_inc 16092 multi_dec -100207 quick_dec -0 nack_dec -49800
Flow Uec_184_56 flowId 40 uecSrc 39 finished at 338.219 total messages 1 total packets 490 RTS 0 total bytes 2002140 in_flight now 0 fair_inc 7845 prop_inc 27062 fast_inc 0 eta_inc 16092 multi_dec -77706 quick_dec -0 nack_dec -53950
Flow Uec_177_49 flowId 19 uecSrc 18 finished at 338.547 total messages 1 total packets 490 RTS 0 total bytes 2002140 in_flight now 0 fair_inc 7400 prop_inc 33920 fast_inc 0 eta_inc 16092 multi_dec -112711 quick_dec -0 nack_dec -33200
Flow Uec_79_207 flowId 9 uecSrc 8 finished at 340.627 total messages 1 total packets 490 RTS 0 total bytes 2002140 in_flight now 0 fair_inc 5144 prop_inc 18319 fast_inc 0 eta_inc 16092 multi_dec -80504 quick_dec -0 nack_dec -49800
Flow Uec_103_231 flowId 81 uecSrc 80 finished at 343.117 total messages 1 total packets 490 RTS 0 total bytes 2002140 in_flight now 0 fair_inc 8504 prop_inc 39797 fast_inc 0 eta_inc 16092 multi_dec -115393 quick_dec -0 nack_dec -33200
Flow Uec_118_246 flowId 33 uecSrc 32 finished at 343.66 total messages 1 total packets 490 RTS 0 total bytes 2002140 in_flight now 0 fair_inc 3902 prop_inc 41728 fast_inc 35841 eta_inc 16092 multi_dec -105901 quick_dec -0 nack_dec -45650
Flow Uec_182_54 flowId 124 uecSrc 123 finished at 345.381 total messages 1 total packets 490 RTS 0 total bytes 2002140 in_flight now 0 fair_inc 2227 prop_inc 44961 fast_inc 8080 eta_inc 16688 multi_dec -109339 quick_dec -0 nack_dec -41500
348.766 flowid 2 Spurious 477
Flow Uec_76_204 flowId 118 uecSrc 117 finished at 349.002 total messages 1 total packets 490 RTS 0 total bytes 2002140 in_flight now 0 fair_inc 2476 prop_inc 36377 fast_inc 0 eta_inc 16092 multi_dec -92120 quick_dec -0 nack_dec -49800
Flow Uec_187_59 flowId 7 uecSrc 6 finished at 349.697 total messages 1 total packets 490 RTS 0 total bytes 2002140 in_flight now 0 fair_inc 6847 prop_inc 49023 fast_inc 0 eta_inc 16688 multi_dec -98107 quick_dec -0 nack_dec -58100
Flow Uec_77_205 flowId 131 uecSrc 130 finished at 350.279 total messages 1 total packets 490 RTS 0 total bytes 2002140 in_flight now 0 fair_inc 12176 prop_inc 36523 fast_inc 0 eta_inc 16688 multi_dec -88616 quick_dec -0 nack_dec -53950
Flow Uec_228_100 flowId 125 uecSrc 124 finished at 351.675 total messages 1 total packets 490 RTS 0 total bytes 2002140 in_flight now 0 fair_inc 8176 prop_inc 35026 fast_inc 0 eta_inc 16688 multi_dec -103238 quick_dec -0 nack_dec -49800
Flow Uec_237_109 flowId 139 uecSrc 138 finished at 354.04 total messages 1 total packets 490 RTS 0 total bytes 2002140 in_flight now 0 fair_inc 7126 prop_inc 24528 fast_inc 0 eta_inc 16688 multi_dec -54864 quick_dec -0 nack_dec -83000
356.097 flowid 2 Spurious 479
Flow Uec_165_37 flowId 105 uecSrc 104 finished at 358.101 total messages 1 total packets 490 RTS 0 total bytes 2002140 in_flight now 0 fair_inc 6502 prop_inc 55683 fast_inc 0 eta_inc 16688 multi_dec -116871 quick_dec -0 nack_dec -41500
Flow Uec_51_179 flowId 56 uecSrc 55 finished at 359.376 total messages 1 total packets 490 RTS 0 total bytes 2002140 in_flight now 0 fair_inc 14974 prop_inc 36613 fast_inc 60087 eta_inc 17284 multi_dec -127106 quick_dec -0 nack_dec -33200
Flow Uec_21_149 flowId 93 uecSrc 92 finished at 360.437 total messages 1 total packets 497 RTS 7 total bytes 2002140 in_flight now -64 fair_inc 4540 prop_inc 34373 fast_inc 0 eta_inc 14900 multi_dec -0 quick_dec -0 nack_dec -0
Flow Uec_231_103 flowId 89 uecSrc 88 finished at 360.914 total messages 1 total packets 490 RTS 0 total bytes 2002140 in_flight now 0 fair_inc 12538 prop_inc 54114 fast_inc 0 eta_inc 16688 multi_dec -156888 quick_dec -0 nack_dec -16600
Flow Uec_160_32 flowId 73 uecSrc 72 finished at 361.42 total messages 1 total packets 491 RTS 1 total bytes 2002140 in_flight now 0 fair_inc 13485 prop_inc 83121 fast_inc 0 eta_inc 16092 multi_dec -137980 quick_dec -0 nack_dec -49800
Flow Uec_241_113 flowId 90 uecSrc 89 finished at 361.585 total messages 1 total packets 490 RTS 0 total bytes 2002140 in_flight now 0 fair_inc 8401 prop_inc 42654 fast_inc 0 eta_inc 17284 multi_dec -87834 quick_dec -0 nack_dec -70550
Flow Uec_136_8 flowId 5 uecSrc 4 finished at 363.063 total messages 1 total packets 491 RTS 1 total bytes 2002140 in_flight now 0 fair_inc 17792 prop_inc 58644 fast_inc 0 eta_inc 15496 multi_dec -129409 quick_dec -0 nack_dec -24900
Flow Uec_220_92 flowId 4 uecSrc 3 finished at 377.333 total messages 1 total packets 490 RTS 0 total bytes 2002140 in_flight now 0 fair_inc 17342 prop_inc 79681 fast_inc 0 eta_inc 17284 multi_dec -156235 quick_dec -0 nack_dec -33200
Flow Uec_32_160 flowId 70 uecSrc 69 finished at 378.816 total messages 1 total packets 494 RTS 4 total bytes 2002140 in_flight now 0 fair_inc 22709 prop_inc 42842 fast_inc 6550 eta_inc 17284 multi_dec -138162 quick_dec -0 nack_dec -0
Flow Uec_242_114 flowId 17 uecSrc 16 finished at 383.962 total messages 1 total packets 490 RTS 0 total bytes 2002140 in_flight now 0 fair_inc 7927 prop_inc 42125 fast_inc 10590 eta_inc 17880 multi_dec -52682 quick_dec -0 nack_dec -103750
Flow Uec_13_141 flowId 2 uecSrc 1 finished at 386.676 total messages 1 total packets 492 RTS 2 total bytes 2002140 in_flight now 0 fair_inc 15953 prop_inc 44980 fast_inc 0 eta_inc 13708 multi_dec -0 quick_dec -189136 nack_dec -16600
Flow Uec_234_106 flowId 142 uecSrc 141 finished at 389.929 total messages 1 total packets 490 RTS 0 total bytes 2002140 in_flight now 0 fair_inc 6418 prop_inc 64104 fast_inc 22713 eta_inc 17880 multi_dec -128687 quick_dec -0 nack_dec -49800
Flow Uec_34_162 flowId 137 uecSrc 136 finished at 393.568 total messages 1 total packets 499 RTS 9 total bytes 2002140 in_flight now 0 fair_inc 23263 prop_inc 15633 fast_inc 0 eta_inc 15496 multi_dec -21877 quick_dec -130779 nack_dec -4150
403.041 flowid 96 Spurious 453
Flow Uec_28_156 flowId 86 uecSrc 85 finished at 406.719 total messages 1 total packets 500 RTS 10 total bytes 2002140 in_flight now -64 fair_inc 33516 prop_inc 10622 fast_inc 0 eta_inc 19072 multi_dec -6322 quick_dec -0 nack_dec -0
413.665 flowid 96 Spurious 459
Flow Uec_67_195 flowId 16 uecSrc 15 finished at 413.701 total messages 1 total packets 491 RTS 1 total bytes 2002140 in_flight now 0 fair_inc 0 prop_inc 26006 fast_inc 450034 eta_inc 14900 multi_dec -0 quick_dec -192343 nack_dec -8300
414.311 flowid 96 Spurious 460
Flow Uec_10_138 flowId 119 uecSrc 118 finished at 419.837 total messages 1 total packets 501 RTS 11 total bytes 2002140 in_flight now -64 fair_inc 9445 prop_inc 59023 fast_inc 0 eta_inc 18476 multi_dec -0 quick_dec -99438 nack_dec -12450
Flow Uec_33_161 flowId 153 uecSrc 152 finished at 423.437 total messages 1 total packets 495 RTS 5 total bytes 2002140 in_flight now 0 fair_inc 38840 prop_inc 17103 fast_inc 0 eta_inc 19668 multi_dec -126306 quick_dec -0 nack_dec -16600
Flow Uec_243_115 flowId 26 uecSrc 25 finished at 428.292 total messages 1 total packets 490 RTS 0 total bytes 2002140 in_flight now 0 fair_inc 7322 prop_inc 119980 fast_inc 0 eta_inc 18476 multi_dec -148521 quick_dec -0 nack_dec -53950
Flow Uec_29_157 flowId 82 uecSrc 81 finished at 429.01 total messages 1 total packets 493 RTS 3 total bytes 2002140 in_flight now 0 fair_inc 55482 prop_inc 12112 fast_inc 0 eta_inc 19072 multi_dec -142985 quick_dec -0 nack_dec -0
Flow Uec_144_16 flowId 21 uecSrc 20 finished at 430.928 total messages 1 total packets 490 RTS 0 total bytes 2002140 in_flight now 0 fair_inc 26461 prop_inc 32700 fast_inc 0 eta_inc 20264 multi_dec -119324 quick_dec -0 nack_dec -53950
Flow Uec_134_6 flowId 97 uecSrc 96 finished at 432.455 total messages 1 total packets 492 RTS 2 total bytes 2002140 in_flight now 0 fair_inc 36789 prop_inc 16462 fast_inc 0 eta_inc 20264 multi_dec -39554 quick_dec -0 nack_dec -128650
Flow Uec_129_1 flowId 10 uecSrc 9 finished at 442.985 total messages 1 total packets 490 RTS 0 total bytes 2002140 in_flight now 0 fair_inc 13944 prop_inc 17919 fast_inc 0 eta_inc 21456 multi_dec -30104 quick_dec -0 nack_dec -132800
Flow Uec_127_255 flowId 143 uecSrc 142 finished at 443.563 total messages 1 total packets 490 RTS 0 total bytes 2002140 in_flight now 0 fair_inc 15921 prop_inc 19412 fast_inc 0 eta_inc 21456 multi_dec -5776 quick_dec -0 nack_dec -153550
Flow Uec_198_70 flowId 57 uecSrc 56 finished at 448.116 total messages 1 total packets 490 RTS 0 total bytes 2002140 in_flight now 0 fair_inc 29229 prop_inc 14169 fast_inc 0 eta_inc 20860 multi_dec -72404 quick_dec -0 nack_dec -107900
Flow Uec_224_96 flowId 49 uecSrc 48 finished at 453.66 total messages 1 total packets 490 RTS 0 total bytes 2002140 in_flight now 0 fair_inc 25708 prop_inc 16207 fast_inc 0 eta_inc 21456 multi_dec -25533 quick_dec -0 nack_dec -141100
Flow Uec_102_230 flowId 100 uecSrc 99 finished at 459.586 total messages 1 total packets 490 RTS 0 total bytes 2002140 in_flight now 0 fair_inc 18907 prop_inc 15326 fast_inc 0 eta_inc 22052 multi_dec -101989 quick_dec -0 nack_dec -83000
Flow Uec_244_116 flowId 20 uecSrc 19 finished at 466.16 total messages 1 total packets 490 RTS 0 total bytes 2002140 in_flight now 0 fair_inc 20230 prop_inc 15327 fast_inc 0 eta_inc 21456 multi_dec -51872 quick_dec -0 nack_dec -128650
470.558 flowid 132 Spurious 203
Flow Uec_158_30 flowId 99 uecSrc 98 finished at 486.793 total messages 1 total packets 490 RTS 0 total bytes 2002140 in_flight now 0 fair_inc 33481 prop_inc 9649 fast_inc 0 eta_inc 22648 multi_dec -86462 quick_dec -0 nack_dec -116200
Flow Uec_8_136 flowId 102 uecSrc 101 finished at 488.021 total messages 1 total packets 497 RTS 7 total bytes 2002140 in_flight now -64 fair_inc 12702 prop_inc 57148 fast_inc 0 eta_inc 17880 multi_dec -0 quick_dec -113439 nack_dec -45650
Flow Uec_119_247 flowId 55 uecSrc 54 finished at 499.51 total messages 1 total packets 490 RTS 0 total bytes 2002140 in_flight now 0 fair_inc 35217 prop_inc 35703 fast_inc 0 eta_inc 22648 multi_dec -126328 quick_dec -0 nack_dec -70550
Flow Uec_123_251 flowId 47 uecSrc 46 finished at 500.667 total messages 1 total packets 490 RTS 0 total bytes 2002140 in_flight now 0 fair_inc 38122 prop_inc 39327 fast_inc 0 eta_inc 22648 multi_dec -130400 quick_dec -0 nack_dec -74700
Flow Uec_105_233 flowId 103 uecSrc 102 finished at 500.995 total messages 1 total packets 490 RTS 0 total bytes 2002140 in_flight now 0 fair_inc 12874 prop_inc 35213 fast_inc 0 eta_inc 23244 multi_dec -78770 quick_dec -0 nack_dec -107900
Flow Uec_212_84 flowId 79 uecSrc 78 finished at 502.49 total messages 1 total packets 490 RTS 0 total bytes 2002140 in_flight now 0 fair_inc 36057 prop_inc 38004 fast_inc 0 eta_inc 23840 multi_dec -104259 quick_dec -0 nack_dec -91300
Flow Uec_216_88 flowId 145 uecSrc 144 finished at 505.029 total messages 1 total packets 490 RTS 0 total bytes 2002140 in_flight now 0 fair_inc 35987 prop_inc 32028 fast_inc 0 eta_inc 23840 multi_dec -77447 quick_dec -0 nack_dec -103750
Flow Uec_112_240 flowId 28 uecSrc 27 finished at 506.675 total messages 1 total packets 490 RTS 0 total bytes 2002140 in_flight now 0 fair_inc 14904 prop_inc 38980 fast_inc 0 eta_inc 23840 multi_dec -66736 quick_dec -0 nack_dec -116200
Flow Uec_210_82 flowId 50 uecSrc 49 finished at 507.047 total messages 1 total packets 490 RTS 0 total bytes 2002140 in_flight now 0 fair_inc 22546 prop_inc 34524 fast_inc 0 eta_inc 23840 multi_dec -101742 quick_dec -0 nack_dec -91300
Flow Uec_250_122 flowId 115 uecSrc 114 finished at 511.815 total messages 1 total packets 490 RTS 0 total bytes 2002140 in_flight now 0 fair_inc 40960 prop_inc 24757 fast_inc 0 eta_inc 23244 multi_dec -146811 quick_dec -0 nack_dec -70550
Flow Uec_215_87 flowId 75 uecSrc 74 finished at 511.816 total messages 1 total packets 490 RTS 0 total bytes 2002140 in_flight now 0 fair_inc 29934 prop_inc 45113 fast_inc 0 eta_inc 24436 multi_dec -134875 quick_dec -0 nack_dec -74700
Flow Uec_55_183 flowId 85 uecSrc 84 finished at 516.23 total messages 1 total packets 490 RTS 0 total bytes 2002140 in_flight now 0 fair_inc 20651 prop_inc 19871 fast_inc 0 eta_inc 24436 multi_dec -32924 quick_dec -0 nack_dec -145250
Flow Uec_248_120 flowId 113 uecSrc 112 finished at 518.123 total messages 1 total packets 490 RTS 0 total bytes 2002140 in_flight now 0 fair_inc 42112 prop_inc 26278 fast_inc 0 eta_inc 23840 multi_dec -104381 quick_dec -0 nack_dec -112050
Flow Uec_204_76 flowId 64 uecSrc 63 finished at 530.149 total messages 1 total packets 490 RTS 0 total bytes 2002140 in_flight now 0 fair_inc 29849 prop_inc 8527 fast_inc 0 eta_inc 25032 multi_dec -16808 quick_dec -0 nack_dec -161850
Flow Uec_7_135 flowId 14 uecSrc 13 finished at 530.955 total messages 1 total packets 501 RTS 11 total bytes 2002140 in_flight now 0 fair_inc 5902 prop_inc 67651 fast_inc 0 eta_inc 18476 multi_dec -0 quick_dec -85508 nack_dec -8300
Flow Uec_245_117 flowId 91 uecSrc 90 finished at 532.675 total messages 1 total packets 490 RTS 0 total bytes 2002140 in_flight now 0 fair_inc 61582 prop_inc 29224 fast_inc 0 eta_inc 24436 multi_dec -151351 quick_dec -0 nack_dec -107900
Flow Uec_60_188 flowId 127 uecSrc 126 finished at 537.639 total messages 1 total packets 490 RTS 0 total bytes 2002140 in_flight now 0 fair_inc 29775 prop_inc 32201 fast_inc 0 eta_inc 24436 multi_dec -53869 quick_dec -0 nack_dec -157700
Flow Uec_233_105 flowId 112 uecSrc 111 finished at 538.717 total messages 1 total packets 490 RTS 0 total bytes 2002140 in_flight now 0 fair_inc 21636 prop_inc 41508 fast_inc 0 eta_inc 24436 multi_dec -83407 quick_dec -0 nack_dec -107900
Flow Uec_115_243 flowId 116 uecSrc 115 finished at 540.704 total messages 1 total packets 490 RTS 0 total bytes 2002140 in_flight now 0 fair_inc 28525 prop_inc 7491 fast_inc 0 eta_inc 24436 multi_dec -56598 quick_dec -0 nack_dec -141100
Flow Uec_232_104 flowId 88 uecSrc 87 finished at 555.554 total messages 1 total packets 490 RTS 0 total bytes 2002140 in_flight now 0 fair_inc 29232 prop_inc 49633 fast_inc 0 eta_inc 23840 multi_dec -78025 quick_dec -0 nack_dec -128650
Flow Uec_84_212 flowId 68 uecSrc 67 finished at 559.525 total messages 1 total packets 490 RTS 0 total bytes 2002140 in_flight now 0 fair_inc 42323 prop_inc 12363 fast_inc 0 eta_inc 25628 multi_dec -65238 quick_dec -0 nack_dec -157700
Flow Uec_200_72 flowId 23 uecSrc 22 finished at 562.835 total messages 1 total packets 490 RTS 0 total bytes 2002140 in_flight now 0 fair_inc 12650 prop_inc 24833 fast_inc 0 eta_inc 26224 multi_dec -1335 quick_dec -0 nack_dec -170150
Flow Uec_100_228 flowId 44 uecSrc 43 finished at 564.437 total messages 1 total packets 490 RTS 0 total bytes 2002140 in_flight now 0 fair_inc 27522 prop_inc 13343 fast_inc 0 eta_inc 25628 multi_dec -8848 quick_dec -0 nack_dec -170150
Flow Uec_142_14 flowId 110 uecSrc 109 finished at 566.504 total messages 1 total packets 490 RTS 0 total bytes 2002140 in_flight now 0 fair_inc 12511 prop_inc 49494 fast_inc 0 eta_inc 26224 multi_dec -36313 quick_dec -0 nack_dec -149400
Flow Uec_59_187 flowId 94 uecSrc 93 finished at 570.135 total messages 1 total packets 490 RTS 0 total bytes 2002140 in_flight now 0 fair_inc 26553 prop_inc 39056 fast_inc 41907 eta_inc 25628 multi_dec -85720 quick_dec -0 nack_dec -132800
Flow Uec_0_128 flowId 96 uecSrc 95 finished at 574.999 total messages 1 total packets 499 RTS 9 total bytes 2002140 in_flight now 0 fair_inc 4825 prop_inc 61661 fast_inc 0 eta_inc 19072 multi_dec -723 quick_dec -123424 nack_dec -16600
Flow Uec_80_208 flowId 149 uecSrc 148 finished at 598.943 total messages 1 total packets 490 RTS 0 total bytes 2002140 in_flight now 0 fair_inc 36563 prop_inc 23930 fast_inc 0 eta_inc 25032 multi_dec -51606 quick_dec -0 nack_dec -170150
Flow Uec_146_18 flowId 151 uecSrc 150 finished at 599.343 total messages 1 total packets 490 RTS 0 total bytes 2002140 in_flight now 0 fair_inc 31209 prop_inc 57378 fast_inc 4041 eta_inc 26224 multi_dec -113461 quick_dec -0 nack_dec -112050
Flow Uec_140_12 flowId 12 uecSrc 11 finished at 613.492 total messages 1 total packets 491 RTS 1 total bytes 2002140 in_flight now 0 fair_inc 25545 prop_inc 102415 fast_inc 0 eta_inc 25628 multi_dec -145737 quick_dec -0 nack_dec -99600
Flow Uec_166_38 flowId 48 uecSrc 47 finished at 645.852 total messages 1 total packets 491 RTS 1 total bytes 2002140 in_flight now 0 fair_inc 25502 prop_inc 8016 fast_inc 0 eta_inc 29204 multi_dec -18994 quick_dec -0 nack_dec -166000
Flow Uec_92_220 flowId 39 uecSrc 38 finished at 646.018 total messages 1 total packets 490 RTS 0 total bytes 2002140 in_flight now 0 fair_inc 21672 prop_inc 61965 fast_inc 0 eta_inc 29800 multi_dec -120614 quick_dec -0 nack_dec -99600
Flow Uec_222_94 flowId 95 uecSrc 94 finished at 659.72 total messages 1 total packets 490 RTS 0 total bytes 2002140 in_flight now 0 fair_inc 33077 prop_inc 72594 fast_inc 0 eta_inc 27416 multi_dec -151040 quick_dec -0 nack_dec -87150
Flow Uec_108_236 flowId 51 uecSrc 50 finished at 663.796 total messages 1 total packets 490 RTS 0 total bytes 2002140 in_flight now 0 fair_inc 30827 prop_inc 64033 fast_inc 0 eta_inc 25628 multi_dec -145937 quick_dec -0 nack_dec -87150
Flow Uec_207_79 flowId 104 uecSrc 103 finished at 672.726 total messages 1 total packets 490 RTS 0 total bytes 2002140 in_flight now 0 fair_inc 25718 prop_inc 6373 fast_inc 0 eta_inc 29800 multi_dec -45327 quick_dec -0 nack_dec -149400
Flow Uec_154_26 flowId 46 uecSrc 45 finished at 673.237 total messages 1 total packets 490 RTS 0 total bytes 2002140 in_flight now 0 fair_inc 12063 prop_inc 17280 fast_inc 0 eta_inc 30396 multi_dec -13197 quick_dec -0 nack_dec -178450
Flow Uec_149_21 flowId 71 uecSrc 70 finished at 674.202 total messages 1 total packets 491 RTS 1 total bytes 2002140 in_flight now 0 fair_inc 34639 prop_inc 21392 fast_inc 0 eta_inc 29204 multi_dec -40513 quick_dec -0 nack_dec -161850
Flow Uec_96_224 flowId 72 uecSrc 71 finished at 682.734 total messages 1 total packets 490 RTS 0 total bytes 2002140 in_flight now 0 fair_inc 31654 prop_inc 65568 fast_inc 44938 eta_inc 29204 multi_dec -129678 quick_dec -0 nack_dec -107900
Flow Uec_107_235 flowId 107 uecSrc 106 finished at 683.278 total messages 1 total packets 490 RTS 0 total bytes 2002140 in_flight now 0 fair_inc 27503 prop_inc 75000 fast_inc 0 eta_inc 30396 multi_dec -95480 quick_dec -0 nack_dec -136950
Flow Uec_218_90 flowId 37 uecSrc 36 finished at 687.9 total messages 1 total packets 490 RTS 0 total bytes 2002140 in_flight now 0 fair_inc 36179 prop_inc 79007 fast_inc 19684 eta_inc 30396 multi_dec -141728 quick_dec -0 nack_dec -112050
Flow Uec_159_31 flowId 109 uecSrc 108 finished at 698.103 total messages 1 total packets 490 RTS 0 total bytes 2002140 in_flight now 0 fair_inc 30249 prop_inc 1795 fast_inc 0 eta_inc 30396 multi_dec -17750 quick_dec -0 nack_dec -178450
Flow Uec_3_131 flowId 87 uecSrc 86 finished at 702.924 total messages 1 total packets 496 RTS 6 total bytes 2002140 in_flight now 0 fair_inc 34489 prop_inc 101479 fast_inc 0 eta_inc 25032 multi_dec -156598 quick_dec -38432 nack_dec -4150
Flow Uec_152_24 flowId 84 uecSrc 83 finished at 717.401 total messages 1 total packets 490 RTS 0 total bytes 2002140 in_flight now 0 fair_inc 39907 prop_inc 29100 fast_inc 0 eta_inc 30992 multi_dec -83686 quick_dec -0 nack_dec -145250
Flow Uec_172_44 flowId 61 uecSrc 60 finished at 718.017 total messages 1 total packets 490 RTS 0 total bytes 2002140 in_flight now 0 fair_inc 41097 prop_inc 33560 fast_inc 0 eta_inc 31588 multi_dec -100649 quick_dec -0 nack_dec -141100
Flow Uec_223_95 flowId 144 uecSrc 143 finished at 729.363 total messages 1 total packets 490 RTS 0 total bytes 2002140 in_flight now 0 fair_inc 46037 prop_inc 11222 fast_inc 0 eta_inc 32184 multi_dec -72959 quick_dec -0 nack_dec -170150
Flow Uec_53_181 flowId 148 uecSrc 147 finished at 747.349 total messages 1 total packets 490 RTS 0 total bytes 2002140 in_flight now 0 fair_inc 25290 prop_inc 8760 fast_inc 365706 eta_inc 27416 multi_dec -188323 quick_dec --12345 nack_dec -87150
Flow Uec_147_19 flowId 65 uecSrc 64 finished at 775.251 total messages 1 total packets 490 RTS 0 total bytes 2002140 in_flight now 0 fair_inc 61096 prop_inc 53784 fast_inc 0 eta_inc 26224 multi_dec -43507 quick_dec -36838 nack_dec -161850
Flow Uec_201_73 flowId 11 uecSrc 10 finished at 784.353 total messages 1 total packets 490 RTS 0 total bytes 2002140 in_flight now 0 fair_inc 49620 prop_inc 21895 fast_inc 0 eta_inc 24436 multi_dec -32928 quick_dec -20157 nack_dec -174300
Flow Uec_141_13 flowId 43 uecSrc 42 finished at 785.273 total messages 1 total packets 492 RTS 2 total bytes 2002140 in_flight now 0 fair_inc 60289 prop_inc 112060 fast_inc 0 eta_inc 32780 multi_dec -141236 quick_dec -20710 nack_dec -120350
Flow Uec_148_20 flowId 58 uecSrc 57 finished at 786.358 total messages 1 total packets 490 RTS 0 total bytes 2002140 in_flight now 0 fair_inc 29990 prop_inc 72161 fast_inc 17174 eta_inc 31588 multi_dec -113358 quick_dec -0 nack_dec -128650
Flow Uec_219_91 flowId 66 uecSrc 65 finished at 791.417 total messages 1 total packets 490 RTS 0 total bytes 2002140 in_flight now 0 fair_inc 35529 prop_inc 36427 fast_inc 0 eta_inc 35164 multi_dec -104934 quick_dec -0 nack_dec -132800
Flow Uec_156_28 flowId 141 uecSrc 140 finished at 803.607 total messages 1 total packets 492 RTS 2 total bytes 2002140 in_flight now 0 fair_inc 37481 prop_inc 11200 fast_inc 0 eta_inc 34568 multi_dec -66935 quick_dec -0 nack_dec -149400
Flow Uec_86_214 flowId 114 uecSrc 113 finished at 827.377 total messages 1 total packets 490 RTS 0 total bytes 2002140 in_flight now 0 fair_inc 51829 prop_inc 2920 fast_inc 0 eta_inc 28608 multi_dec -108982 quick_dec -0 nack_dec -149400
Flow Uec_163_35 flowId 121 uecSrc 120 finished at 828.668 total messages 1 total packets 490 RTS 0 total bytes 2002140 in_flight now 0 fair_inc 42864 prop_inc 11893 fast_inc 0 eta_inc 35164 multi_dec -65057 quick_dec -0 nack_dec -166000
Flow Uec_4_132 flowId 132 uecSrc 131 finished at 835.685 total messages 1 total packets 502 RTS 12 total bytes 2002140 in_flight now 0 fair_inc 29500 prop_inc 116403 fast_inc 0 eta_inc 30992 multi_dec -114456 quick_dec -30102 nack_dec -8300
Flow Uec_153_25 flowId 15 uecSrc 14 finished at 846.059 total messages 1 total packets 490 RTS 0 total bytes 2002140 in_flight now 0 fair_inc 31110 prop_inc 65432 fast_inc 128786 eta_inc 29800 multi_dec -133551 quick_dec -3026 nack_dec -112050
Flow Uec_150_22 flowId 42 uecSrc 41 finished at 846.561 total messages 1 total packets 491 RTS 1 total bytes 2002140 in_flight now 0 fair_inc 54119 prop_inc 61790 fast_inc 137882 eta_inc 29204 multi_dec -126358 quick_dec -6214 nack_dec -124500
Flow Uec_170_42 flowId 1 uecSrc 0 finished at 869.227 total messages 1 total packets 490 RTS 0 total bytes 2002140 in_flight now 0 fair_inc 50897 prop_inc 35600 fast_inc 0 eta_inc 29204 multi_dec -88434 quick_dec -0 nack_dec -153550
Flow Uec_208_80 flowId 117 uecSrc 116 finished at 880.203 total messages 1 total packets 490 RTS 0 total bytes 2002140 in_flight now 0 fair_inc 53268 prop_inc 88617 fast_inc 0 eta_inc 32780 multi_dec -145725 quick_dec -7565 nack_dec -124500
Flow Uec_70_198 flowId 101 uecSrc 100 finished at 912.53 total messages 1 total packets 490 RTS 0 total bytes 2002140 in_flight now 0 fair_inc 65362 prop_inc 3783 fast_inc 0 eta_inc 29800 multi_dec -36938 quick_dec -46593 nack_dec -182600
Flow Uec_171_43 flowId 76 uecSrc 75 finished at 984.733 total messages 1 total packets 491 RTS 1 total bytes 2002140 in_flight now 0 fair_inc 45197 prop_inc 49880 fast_inc 40409 eta_inc 34568 multi_dec -129685 quick_dec -1895 nack_dec -132800
Flow Uec_161_33 flowId 111 uecSrc 110 finished at 1005.21 total messages 1 total packets 491 RTS 1 total bytes 2002140 in_flight now 0 fair_inc 39741 prop_inc 78575 fast_inc 0 eta_inc 35164 multi_dec -106587 quick_dec -11954 nack_dec -128650
Flow Uec_71_199 flowId 34 uecSrc 33 finished at 1025.24 total messages 1 total packets 490 RTS 0 total bytes 2002140 in_flight now 0 fair_inc 32501 prop_inc 12022 fast_inc 0 eta_inc 29800 multi_dec -17521 quick_dec -79793 nack_dec -170150
Flow Uec_97_225 flowId 35 uecSrc 34 finished at 1091.47 total messages 1 total packets 490 RTS 0 total bytes 2002140 in_flight now 0 fair_inc 73613 prop_inc 16132 fast_inc 0 eta_inc 43508 multi_dec -142230 quick_dec -1137 nack_dec -157700
Flow Uec_73_201 flowId 108 uecSrc 107 finished at 1107.23 total messages 1 total packets 490 RTS 0 total bytes 2002140 in_flight now 0 fair_inc 63420 prop_inc 20538 fast_inc 0 eta_inc 35164 multi_dec -64144 quick_dec -54893 nack_dec -170150
Flow Uec_75_203 flowId 128 uecSrc 127 finished at 1123.73 total messages 1 total packets 490 RTS 0 total bytes 2002140 in_flight now 0 fair_inc 57257 prop_inc 31052 fast_inc 0 eta_inc 35164 multi_dec -55347 quick_dec -38293 nack_dec -182600
Flow Uec_95_223 flowId 147 uecSrc 146 finished at 1193.35 total messages 1 total packets 490 RTS 0 total bytes 2002140 in_flight now 0 fair_inc 38345 prop_inc 35322 fast_inc 114639 eta_inc 41720 multi_dec -143299 quick_dec --569 nack_dec -132800
.Done
New: 75460 Rtx: 3251 RTS: 139 Bounced: 0 ACKs: 56877 NACKs: 2642 Pulls: 0 sleek_pkts: 0
