traffic matrix input file: connection_matrices/load_sweep/load0.75_n256_seed4.cm
Load balancing algorithm set to reps
no_of_nodes 256
Dragonfly+ strategy: FPAR
Setting queuesize to 50 packets
endtime(us) 100000
random seed 4
Packet size (MTU) is 4150
Parsed args
Logging to reps_dfp_results/reps_withoutnorm256/load0.75_reps_seed4.dat
Loading connection matrix from connection_matrices/load_sweep/load0.75_n256_seed4.cm
Nodes: 256 Connections: 192 Triggers: 0 Failures: 0
Setting ECN low 33200 high 120350
Dragonfly+ with medium topology type
Link latencies: 1 and switch latencies: 0
queue_id 2 ecn_low 33200 ecn_high 120350
DragonFly+ constructor done, 392 nodes created
Note: topology supports 392 hosts; 136 host port(s) will be unused.
network_max_unloaded_rtt 11.6856 us
Setting min RTO to 114.6
Per-hop RTT normalization: OFF (strategy fpar)
Initializing static NSCC parameters: _reference_network_linkspeed=100000000000 _reference_network_rtt=12000000 _reference_network_bdp=150000 _target_Qdelay=8764200 _network_linkspeed=100000000000 _network_rtt=11685600 _network_bdp=146070 _qa_gate=2^3 _qa_threshold=3.50568e+07 _scaling_factor_a=0.9738 _scaling_factor_b=0.73035 _alpha=0.00132632 _fi=19894.7 _eta=596.842 _qa_scaling=1 _gamma=0.8 _fi_scale=0.24345 _delay_alpha=0.0125 _adjust_period_threshold=11685600 _adjust_bytes_threshold=33200
Initialize per-instance NSCC parameters: flowid 1 _base_rtt=11685600 _base_bdp=146070 _bdp=146070 _min_cwnd=4150 _maxwnd=219105 _cwnd=219105
Initialize per-instance NSCC parameters: flowid 2 _base_rtt=11685600 _base_bdp=146070 _bdp=146070 _min_cwnd=4150 _maxwnd=219105 _cwnd=219105
Initialize per-instance NSCC parameters: flowid 3 _base_rtt=11685600 _base_bdp=146070 _bdp=146070 _min_cwnd=4150 _maxwnd=219105 _cwnd=219105
Initialize per-instance NSCC parameters: flowid 4 _base_rtt=11685600 _base_bdp=146070 _bdp=146070 _min_cwnd=4150 _maxwnd=219105 _cwnd=219105
Initialize per-instance NSCC parameters: flowid 5 _base_rtt=11685600 _base_bdp=146070 _bdp=146070 _min_cwnd=4150 _maxwnd=219105 _cwnd=219105
Initialize per-instance NSCC parameters: flowid 6 _base_rtt=11685600 _base_bdp=146070 _bdp=146070 _min_cwnd=4150 _maxwnd=219105 _cwnd=219105
Initialize per-instance NSCC parameters: flowid 7 _base_rtt=11685600 _base_bdp=146070 _bdp=146070 _min_cwnd=4150 _maxwnd=219105 _cwnd=219105
Initialize per-instance NSCC parameters: flowid 8 _base_rtt=11685600 _base_bdp=146070 _bdp=146070 _min_cwnd=4150 _maxwnd=219105 _cwnd=219105
Initialize per-instance NSCC parameters: flowid 9 _base_rtt=11685600 _base_bdp=146070 _bdp=146070 _min_cwnd=4150 _maxwnd=219105 _cwnd=219105
Initialize per-instance NSCC parameters: flowid 10 _base_rtt=11685600 _base_bdp=146070 _bdp=146070 _min_cwnd=4150 _maxwnd=219105 _cwnd=219105
Initialize per-instance NSCC parameters: flowid 11 _base_rtt=11685600 _base_bdp=146070 _bdp=146070 _min_cwnd=4150 _maxwnd=219105 _cwnd=219105
Initialize per-instance NSCC parameters: flowid 12 _base_rtt=11685600 _base_bdp=146070 _bdp=146070 _min_cwnd=4150 _maxwnd=219105 _cwnd=219105
Initialize per-instance NSCC parameters: flowid 13 _base_rtt=11685600 _base_bdp=146070 _bdp=146070 _min_cwnd=4150 _maxwnd=219105 _cwnd=219105
Initialize per-instance NSCC parameters: flowid 14 _base_rtt=11685600 _base_bdp=146070 _bdp=146070 _min_cwnd=4150 _maxwnd=219105 _cwnd=219105
Initialize per-instance NSCC parameters: flowid 15 _base_rtt=11685600 _base_bdp=146070 _bdp=146070 _min_cwnd=4150 _maxwnd=219105 _cwnd=219105
Initialize per-instance NSCC parameters: flowid 16 _base_rtt=11685600 _base_bdp=146070 _bdp=146070 _min_cwnd=4150 _maxwnd=219105 _cwnd=219105
Initialize per-instance NSCC parameters: flowid 17 _base_rtt=11685600 _base_bdp=146070 _bdp=146070 _min_cwnd=4150 _maxwnd=219105 _cwnd=219105
Initialize per-instance NSCC parameters: flowid 18 _base_rtt=11685600 _base_bdp=146070 _bdp=146070 _min_cwnd=4150 _maxwnd=219105 _cwnd=219105
Initialize per-instance NSCC parameters: flowid 19 _base_rtt=11685600 _base_bdp=146070 _bdp=146070 _min_cwnd=4150 _maxwnd=219105 _cwnd=219105
Initialize per-instance NSCC parameters: flowid 20 _base_rtt=11685600 _base_bdp=146070 _bdp=146070 _min_cwnd=4150 _maxwnd=219105 _cwnd=219105
Initialize per-instance NSCC parameters: flowid 21 _base_rtt=11685600 _base_bdp=146070 _bdp=146070 _min_cwnd=4150 _maxwnd=219105 _cwnd=219105
Initialize per-instance NSCC parameters: flowid 22 _base_rtt=11685600 _base_bdp=146070 _bdp=146070 _min_cwnd=4150 _maxwnd=219105 _cwnd=219105
Initialize per-instance NSCC parameters: flowid 23 _base_rtt=11685600 _base_bdp=146070 _bdp=146070 _min_cwnd=4150 _maxwnd=219105 _cwnd=219105
Initialize per-instance NSCC parameters: flowid 24 _base_rtt=11685600 _base_bdp=146070 _bdp=146070 _min_cwnd=4150 _maxwnd=219105 _cwnd=219105
Initialize per-instance NSCC parameters: flowid 25 _base_rtt=11685600 _base_bdp=146070 _bdp=146070 _min_cwnd=4150 _maxwnd=219105 _cwnd=219105
Initialize per-instance NSCC parameters: flowid 26 _base_rtt=11685600 _base_bdp=146070 _bdp=146070 _min_cwnd=4150 _maxwnd=219105 _cwnd=219105
Initialize per-instance NSCC parameters: flowid 27 _base_rtt=11685600 _base_bdp=146070 _bdp=146070 _min_cwnd=4150 _maxwnd=219105 _cwnd=219105
Initialize per-instance NSCC parameters: flowid 28 _base_rtt=11685600 _base_bdp=146070 _bdp=146070 _min_cwnd=4150 _maxwnd=219105 _cwnd=219105
Initialize per-instance NSCC parameters: flowid 29 _base_rtt=11685600 _base_bdp=146070 _bdp=146070 _min_cwnd=4150 _maxwnd=219105 _cwnd=219105
Initialize per-instance NSCC parameters: flowid 30 _base_rtt=11685600 _base_bdp=146070 _bdp=146070 _min_cwnd=4150 _maxwnd=219105 _cwnd=219105
Initialize per-instance NSCC parameters: flowid 31 _base_rtt=11685600 _base_bdp=146070 _bdp=146070 _min_cwnd=4150 _maxwnd=219105 _cwnd=219105
Initialize per-instance NSCC parameters: flowid 32 _base_rtt=11685600 _base_bdp=146070 _bdp=146070 _min_cwnd=4150 _maxwnd=219105 _cwnd=219105
Initialize per-instance NSCC parameters: flowid 33 _base_rtt=11685600 _base_bdp=146070 _bdp=146070 _min_cwnd=4150 _maxwnd=219105 _cwnd=219105
Initialize per-instance NSCC parameters: flowid 34 _base_rtt=11685600 _base_bdp=146070 _bdp=146070 _min_cwnd=4150 _maxwnd=219105 _cwnd=219105
Initialize per-instance NSCC parameters: flowid 35 _base_rtt=11685600 _base_bdp=146070 _bdp=146070 _min_cwnd=4150 _maxwnd=219105 _cwnd=219105
Initialize per-instance NSCC parameters: flowid 36 _base_rtt=11685600 _base_bdp=146070 _bdp=146070 _min_cwnd=4150 _maxwnd=219105 _cwnd=219105
Initialize per-instance NSCC parameters: flowid 37 _base_rtt=11685600 _base_bdp=146070 _bdp=146070 _min_cwnd=4150 _maxwnd=219105 _cwnd=219105
Initialize per-instance NSCC parameters: flowid 38 _base_rtt=11685600 _base_bdp=146070 _bdp=146070 _min_cwnd=4150 _maxwnd=219105 _cwnd=219105
Initialize per-instance NSCC parameters: flowid 39 _base_rtt=11685600 _base_bdp=146070 _bdp=146070 _min_cwnd=4150 _maxwnd=219105 _cwnd=219105
Initialize per-instance NSCC parameters: flowid 40 _base_rtt=11685600 _base_bdp=146070 _bdp=146070 _min_cwnd=4150 _maxwnd=219105 _cwnd=219105
Initialize per-instance NSCC parameters: flowid 41 _base_rtt=11685600 _base_bdp=146070 _bdp=146070 _min_cwnd=4150 _maxwnd=219105 _cwnd=219105
Initialize per-instance NSCC parameters: flowid 42 _base_rtt=11685600 _base_bdp=146070 _bdp=146070 _min_cwnd=4150 _maxwnd=219105 _cwnd=219105
Initialize per-instance NSCC parameters: flowid 43 _base_rtt=11685600 _base_bdp=146070 _bdp=146070 _min_cwnd=4150 _maxwnd=219105 _cwnd=219105
Initialize per-instance NSCC parameters: flowid 44 _base_rtt=11685600 _base_bdp=146070 _bdp=146070 _min_cwnd=4150 _maxwnd=219105 _cwnd=219105
Initialize per-instance NSCC parameters: flowid 45 _base_rtt=11685600 _base_bdp=146070 _bdp=146070 _min_cwnd=4150 _maxwnd=219105 _cwnd=219105
Initialize per-instance NSCC parameters: flowid 46 _base_rtt=11685600 _base_bdp=146070 _bdp=146070 _min_cwnd=4150 _maxwnd=219105 _cwnd=219105
Initialize per-instance NSCC parameters: flowid 47 _base_rtt=11685600 _base_bdp=146070 _bdp=146070 _min_cwnd=4150 _maxwnd=219105 _cwnd=219105
Initialize per-instance NSCC parameters: flowid 48 _base_rtt=11685600 _base_bdp=146070 _bdp=146070 _min_cwnd=4150 _maxwnd=219105 _cwnd=219105
Initialize per-instance NSCC parameters: flowid 49 _base_rtt=11685600 _base_bdp=146070 _bdp=146070 _min_cwnd=4150 _maxwnd=219105 _cwnd=219105
Initialize per-instance NSCC parameters: flowid 50 _base_rtt=11685600 _base_bdp=146070 _bdp=146070 _min_cwnd=4150 _maxwnd=219105 _cwnd=219105
Initialize per-instance NSCC parameters: flowid 51 _base_rtt=11685600 _base_bdp=146070 _bdp=146070 _min_cwnd=4150 _maxwnd=219105 _cwnd=219105
Initialize per-instance NSCC parameters: flowid 52 _base_rtt=11685600 _base_bdp=146070 _bdp=146070 _min_cwnd=4150 _maxwnd=219105 _cwnd=219105
Initialize per-instance NSCC parameters: flowid 53 _base_rtt=11685600 _base_bdp=146070 _bdp=146070 _min_cwnd=4150 _maxwnd=219105 _cwnd=219105
Initialize per-instance NSCC parameters: flowid 54 _base_rtt=11685600 _base_bdp=146070 _bdp=146070 _min_cwnd=4150 _maxwnd=219105 _cwnd=219105
Initialize per-instance NSCC parameters: flowid 55 _base_rtt=11685600 _base_bdp=146070 _bdp=146070 _min_cwnd=4150 _maxwnd=219105 _cwnd=219105
Initialize per-instance NSCC parameters: flowid 56 _base_rtt=11685600 _base_bdp=146070 _bdp=146070 _min_cwnd=4150 _maxwnd=219105 _cwnd=219105
Initialize per-instance NSCC parameters: flowid 57 _base_rtt=11685600 _base_bdp=146070 _bdp=146070 _min_cwnd=4150 _maxwnd=219105 _cwnd=219105
Initialize per-instance NSCC parameters: flowid 58 _base_rtt=11685600 _base_bdp=146070 _bdp=146070 _min_cwnd=4150 _maxwnd=219105 _cwnd=219105
Initialize per-instance NSCC parameters: flowid 59 _base_rtt=11685600 _base_bdp=146070 _bdp=146070 _min_cwnd=4150 _maxwnd=219105 _cwnd=219105
Initialize per-instance NSCC parameters: flowid 60 _base_rtt=11685600 _base_bdp=146070 _bdp=146070 _min_cwnd=4150 _maxwnd=219105 _cwnd=219105
Initialize per-instance NSCC parameters: flowid 61 _base_rtt=11685600 _base_bdp=146070 _bdp=146070 _min_cwnd=4150 _maxwnd=219105 _cwnd=219105
Initialize per-instance NSCC parameters: flowid 62 _base_rtt=11685600 _base_bdp=146070 _bdp=146070 _min_cwnd=4150 _maxwnd=219105 _cwnd=219105
Initialize per-instance NSCC parameters: flowid 63 _base_rtt=11685600 _base_bdp=146070 _bdp=146070 _min_cwnd=4150 _maxwnd=219105 _cwnd=219105
Initialize per-instance NSCC parameters: flowid 64 _base_rtt=11685600 _base_bdp=146070 _bdp=146070 _min_cwnd=4150 _maxwnd=219105 _cwnd=219105
Initialize per-instance NSCC parameters: flowid 65 _base_rtt=11685600 _base_bdp=146070 _bdp=146070 _min_cwnd=4150 _maxwnd=219105 _cwnd=219105
Initialize per-instance NSCC parameters: flowid 66 _base_rtt=11685600 _base_bdp=146070 _bdp=146070 _min_cwnd=4150 _maxwnd=219105 _cwnd=219105
Initialize per-instance NSCC parameters: flowid 67 _base_rtt=11685600 _base_bdp=146070 _bdp=146070 _min_cwnd=4150 _maxwnd=219105 _cwnd=219105
Initialize per-instance NSCC parameters: flowid 68 _base_rtt=11685600 _base_bdp=146070 _bdp=146070 _min_cwnd=4150 _maxwnd=219105 _cwnd=219105
Initialize per-instance NSCC parameters: flowid 69 _base_rtt=11685600 _base_bdp=146070 _bdp=146070 _min_cwnd=4150 _maxwnd=219105 _cwnd=219105
Initialize per-instance NSCC parameters: flowid 70 _base_rtt=11685600 _base_bdp=146070 _bdp=146070 _min_cwnd=4150 _maxwnd=219105 _cwnd=219105
Initialize per-instance NSCC parameters: flowid 71 _base_rtt=11685600 _base_bdp=146070 _bdp=146070 _min_cwnd=4150 _maxwnd=219105 _cwnd=219105
Initialize per-instance NSCC parameters: flowid 72 _base_rtt=11685600 _base_bdp=146070 _bdp=146070 _min_cwnd=4150 _maxwnd=219105 _cwnd=219105
Initialize per-instance NSCC parameters: flowid 73 _base_rtt=11685600 _base_bdp=146070 _bdp=146070 _min_cwnd=4150 _maxwnd=219105 _cwnd=219105
Initialize per-instance NSCC parameters: flowid 74 _base_rtt=11685600 _base_bdp=146070 _bdp=146070 _min_cwnd=4150 _maxwnd=219105 _cwnd=219105
Initialize per-instance NSCC parameters: flowid 75 _base_rtt=11685600 _base_bdp=146070 _bdp=146070 _min_cwnd=4150 _maxwnd=219105 _cwnd=219105
Initialize per-instance NSCC parameters: flowid 76 _base_rtt=11685600 _base_bdp=146070 _bdp=146070 _min_cwnd=4150 _maxwnd=219105 _cwnd=219105
Initialize per-instance NSCC parameters: flowid 77 _base_rtt=11685600 _base_bdp=146070 _bdp=146070 _min_cwnd=4150 _maxwnd=219105 _cwnd=219105
Initialize per-instance NSCC parameters: flowid 78 _base_rtt=11685600 _base_bdp=146070 _bdp=146070 _min_cwnd=4150 _maxwnd=219105 _cwnd=219105
Initialize per-instance NSCC parameters: flowid 79 _base_rtt=11685600 _base_bdp=146070 _bdp=146070 _min_cwnd=4150 _maxwnd=219105 _cwnd=219105
Initialize per-instance NSCC parameters: flowid 80 _base_rtt=11685600 _base_bdp=146070 _bdp=146070 _min_cwnd=4150 _maxwnd=219105 _cwnd=219105
Initialize per-instance NSCC parameters: flowid 81 _base_rtt=11685600 _base_bdp=146070 _bdp=146070 _min_cwnd=4150 _maxwnd=219105 _cwnd=219105
Initialize per-instance NSCC parameters: flowid 82 _base_rtt=11685600 _base_bdp=146070 _bdp=146070 _min_cwnd=4150 _maxwnd=219105 _cwnd=219105
Initialize per-instance NSCC parameters: flowid 83 _base_rtt=11685600 _base_bdp=146070 _bdp=146070 _min_cwnd=4150 _maxwnd=219105 _cwnd=219105
Initialize per-instance NSCC parameters: flowid 84 _base_rtt=11685600 _base_bdp=146070 _bdp=146070 _min_cwnd=4150 _maxwnd=219105 _cwnd=219105
Initialize per-instance NSCC parameters: flowid 85 _base_rtt=11685600 _base_bdp=146070 _bdp=146070 _min_cwnd=4150 _maxwnd=219105 _cwnd=219105
Initialize per-instance NSCC parameters: flowid 86 _base_rtt=11685600 _base_bdp=146070 _bdp=146070 _min_cwnd=4150 _maxwnd=219105 _cwnd=219105
Initialize per-instance NSCC parameters: flowid 87 _base_rtt=11685600 _base_bdp=146070 _bdp=146070 _min_cwnd=4150 _maxwnd=219105 _cwnd=219105
Initialize per-instance NSCC parameters: flowid 88 _base_rtt=11685600 _base_bdp=146070 _bdp=146070 _min_cwnd=4150 _maxwnd=219105 _cwnd=219105
Initialize per-instance NSCC parameters: flowid 89 _base_rtt=11685600 _base_bdp=146070 _bdp=146070 _min_cwnd=4150 _maxwnd=219105 _cwnd=219105
Initialize per-instance NSCC parameters: flowid 90 _base_rtt=11685600 _base_bdp=146070 _bdp=146070 _min_cwnd=4150 _maxwnd=219105 _cwnd=219105
Initialize per-instance NSCC parameters: flowid 91 _base_rtt=11685600 _base_bdp=146070 _bdp=146070 _min_cwnd=4150 _maxwnd=219105 _cwnd=219105
Initialize per-instance NSCC parameters: flowid 92 _base_rtt=11685600 _base_bdp=146070 _bdp=146070 _min_cwnd=4150 _maxwnd=219105 _cwnd=219105
Initialize per-instance NSCC parameters: flowid 93 _base_rtt=11685600 _base_bdp=146070 _bdp=146070 _min_cwnd=4150 _maxwnd=219105 _cwnd=219105
Initialize per-instance NSCC parameters: flowid 94 _base_rtt=11685600 _base_bdp=146070 _bdp=146070 _min_cwnd=4150 _maxwnd=219105 _cwnd=219105
Initialize per-instance NSCC parameters: flowid 95 _base_rtt=11685600 _base_bdp=146070 _bdp=146070 _min_cwnd=4150 _maxwnd=219105 _cwnd=219105
Initialize per-instance NSCC parameters: flowid 96 _base_rtt=11685600 _base_bdp=146070 _bdp=146070 _min_cwnd=4150 _maxwnd=219105 _cwnd=219105
Initialize per-instance NSCC parameters: flowid 97 _base_rtt=11685600 _base_bdp=146070 _bdp=146070 _min_cwnd=4150 _maxwnd=219105 _cwnd=219105
Initialize per-instance NSCC parameters: flowid 98 _base_rtt=11685600 _base_bdp=146070 _bdp=146070 _min_cwnd=4150 _maxwnd=219105 _cwnd=219105
Initialize per-instance NSCC parameters: flowid 99 _base_rtt=11685600 _base_bdp=146070 _bdp=146070 _min_cwnd=4150 _maxwnd=219105 _cwnd=219105
Initialize per-instance NSCC parameters: flowid 100 _base_rtt=11685600 _base_bdp=146070 _bdp=146070 _min_cwnd=4150 _maxwnd=219105 _cwnd=219105
Initialize per-instance NSCC parameters: flowid 101 _base_rtt=11685600 _base_bdp=146070 _bdp=146070 _min_cwnd=4150 _maxwnd=219105 _cwnd=219105
Initialize per-instance NSCC parameters: flowid 102 _base_rtt=11685600 _base_bdp=146070 _bdp=146070 _min_cwnd=4150 _maxwnd=219105 _cwnd=219105
Initialize per-instance NSCC parameters: flowid 103 _base_rtt=11685600 _base_bdp=146070 _bdp=146070 _min_cwnd=4150 _maxwnd=219105 _cwnd=219105
Initialize per-instance NSCC parameters: flowid 104 _base_rtt=11685600 _base_bdp=146070 _bdp=146070 _min_cwnd=4150 _maxwnd=219105 _cwnd=219105
Initialize per-instance NSCC parameters: flowid 105 _base_rtt=11685600 _base_bdp=146070 _bdp=146070 _min_cwnd=4150 _maxwnd=219105 _cwnd=219105
Initialize per-instance NSCC parameters: flowid 106 _base_rtt=11685600 _base_bdp=146070 _bdp=146070 _min_cwnd=4150 _maxwnd=219105 _cwnd=219105
Initialize per-instance NSCC parameters: flowid 107 _base_rtt=11685600 _base_bdp=146070 _bdp=146070 _min_cwnd=4150 _maxwnd=219105 _cwnd=219105
Initialize per-instance NSCC parameters: flowid 108 _base_rtt=11685600 _base_bdp=146070 _bdp=146070 _min_cwnd=4150 _maxwnd=219105 _cwnd=219105
Initialize per-instance NSCC parameters: flowid 109 _base_rtt=11685600 _base_bdp=146070 _bdp=146070 _min_cwnd=4150 _maxwnd=219105 _cwnd=219105
Initialize per-instance NSCC parameters: flowid 110 _base_rtt=11685600 _base_bdp=146070 _bdp=146070 _min_cwnd=4150 _maxwnd=219105 _cwnd=219105
Initialize per-instance NSCC parameters: flowid 111 _base_rtt=11685600 _base_bdp=146070 _bdp=146070 _min_cwnd=4150 _maxwnd=219105 _cwnd=219105
Initialize per-instance NSCC parameters: flowid 112 _base_rtt=11685600 _base_bdp=146070 _bdp=146070 _min_cwnd=4150 _maxwnd=219105 _cwnd=219105
Initialize per-instance NSCC parameters: flowid 113 _base_rtt=11685600 _base_bdp=146070 _bdp=146070 _min_cwnd=4150 _maxwnd=219105 _cwnd=219105
Initialize per-instance NSCC parameters: flowid 114 _base_rtt=11685600 _base_bdp=146070 _bdp=146070 _min_cwnd=4150 _maxwnd=219105 _cwnd=219105
Initialize per-instance NSCC parameters: flowid 115 _base_rtt=11685600 _base_bdp=146070 _bdp=146070 _min_cwnd=4150 _maxwnd=219105 _cwnd=219105
Initialize per-instance NSCC parameters: flowid 116 _base_rtt=11685600 _base_bdp=146070 _bdp=146070 _min_cwnd=4150 _maxwnd=219105 _cwnd=219105
Initialize per-instance NSCC parameters: flowid 117 _base_rtt=11685600 _base_bdp=146070 _bdp=146070 _min_cwnd=4150 _maxwnd=219105 _cwnd=219105
Initialize per-instance NSCC parameters: flowid 118 _base_rtt=11685600 _base_bdp=146070 _bdp=146070 _min_cwnd=4150 _maxwnd=219105 _cwnd=219105
Initialize per-instance NSCC parameters: flowid 119 _base_rtt=11685600 _base_bdp=146070 _bdp=146070 _min_cwnd=4150 _maxwnd=219105 _cwnd=219105
Initialize per-instance NSCC parameters: flowid 120 _base_rtt=11685600 _base_bdp=146070 _bdp=146070 _min_cwnd=4150 _maxwnd=219105 _cwnd=219105
Initialize per-instance NSCC parameters: flowid 121 _base_rtt=11685600 _base_bdp=146070 _bdp=146070 _min_cwnd=4150 _maxwnd=219105 _cwnd=219105
Initialize per-instance NSCC parameters: flowid 122 _base_rtt=11685600 _base_bdp=146070 _bdp=146070 _min_cwnd=4150 _maxwnd=219105 _cwnd=219105
Initialize per-instance NSCC parameters: flowid 123 _base_rtt=11685600 _base_bdp=146070 _bdp=146070 _min_cwnd=4150 _maxwnd=219105 _cwnd=219105
Initialize per-instance NSCC parameters: flowid 124 _base_rtt=11685600 _base_bdp=146070 _bdp=146070 _min_cwnd=4150 _maxwnd=219105 _cwnd=219105
Initialize per-instance NSCC parameters: flowid 125 _base_rtt=11685600 _base_bdp=146070 _bdp=146070 _min_cwnd=4150 _maxwnd=219105 _cwnd=219105
Initialize per-instance NSCC parameters: flowid 126 _base_rtt=11685600 _base_bdp=146070 _bdp=146070 _min_cwnd=4150 _maxwnd=219105 _cwnd=219105
Initialize per-instance NSCC parameters: flowid 127 _base_rtt=11685600 _base_bdp=146070 _bdp=146070 _min_cwnd=4150 _maxwnd=219105 _cwnd=219105
Initialize per-instance NSCC parameters: flowid 128 _base_rtt=11685600 _base_bdp=146070 _bdp=146070 _min_cwnd=4150 _maxwnd=219105 _cwnd=219105
Initialize per-instance NSCC parameters: flowid 129 _base_rtt=11685600 _base_bdp=146070 _bdp=146070 _min_cwnd=4150 _maxwnd=219105 _cwnd=219105
Initialize per-instance NSCC parameters: flowid 130 _base_rtt=11685600 _base_bdp=146070 _bdp=146070 _min_cwnd=4150 _maxwnd=219105 _cwnd=219105
Initialize per-instance NSCC parameters: flowid 131 _base_rtt=11685600 _base_bdp=146070 _bdp=146070 _min_cwnd=4150 _maxwnd=219105 _cwnd=219105
Initialize per-instance NSCC parameters: flowid 132 _base_rtt=11685600 _base_bdp=146070 _bdp=146070 _min_cwnd=4150 _maxwnd=219105 _cwnd=219105
Initialize per-instance NSCC parameters: flowid 133 _base_rtt=11685600 _base_bdp=146070 _bdp=146070 _min_cwnd=4150 _maxwnd=219105 _cwnd=219105
Initialize per-instance NSCC parameters: flowid 134 _base_rtt=11685600 _base_bdp=146070 _bdp=146070 _min_cwnd=4150 _maxwnd=219105 _cwnd=219105
Initialize per-instance NSCC parameters: flowid 135 _base_rtt=11685600 _base_bdp=146070 _bdp=146070 _min_cwnd=4150 _maxwnd=219105 _cwnd=219105
Initialize per-instance NSCC parameters: flowid 136 _base_rtt=11685600 _base_bdp=146070 _bdp=146070 _min_cwnd=4150 _maxwnd=219105 _cwnd=219105
Initialize per-instance NSCC parameters: flowid 137 _base_rtt=11685600 _base_bdp=146070 _bdp=146070 _min_cwnd=4150 _maxwnd=219105 _cwnd=219105
Initialize per-instance NSCC parameters: flowid 138 _base_rtt=11685600 _base_bdp=146070 _bdp=146070 _min_cwnd=4150 _maxwnd=219105 _cwnd=219105
Initialize per-instance NSCC parameters: flowid 139 _base_rtt=11685600 _base_bdp=146070 _bdp=146070 _min_cwnd=4150 _maxwnd=219105 _cwnd=219105
Initialize per-instance NSCC parameters: flowid 140 _base_rtt=11685600 _base_bdp=146070 _bdp=146070 _min_cwnd=4150 _maxwnd=219105 _cwnd=219105
Initialize per-instance NSCC parameters: flowid 141 _base_rtt=11685600 _base_bdp=146070 _bdp=146070 _min_cwnd=4150 _maxwnd=219105 _cwnd=219105
Initialize per-instance NSCC parameters: flowid 142 _base_rtt=11685600 _base_bdp=146070 _bdp=146070 _min_cwnd=4150 _maxwnd=219105 _cwnd=219105
Initialize per-instance NSCC parameters: flowid 143 _base_rtt=11685600 _base_bdp=146070 _bdp=146070 _min_cwnd=4150 _maxwnd=219105 _cwnd=219105
Initialize per-instance NSCC parameters: flowid 144 _base_rtt=11685600 _base_bdp=146070 _bdp=146070 _min_cwnd=4150 _maxwnd=219105 _cwnd=219105
Initialize per-instance NSCC parameters: flowid 145 _base_rtt=11685600 _base_bdp=146070 _bdp=146070 _min_cwnd=4150 _maxwnd=219105 _cwnd=219105
Initialize per-instance NSCC parameters: flowid 146 _base_rtt=11685600 _base_bdp=146070 _bdp=146070 _min_cwnd=4150 _maxwnd=219105 _cwnd=219105
Initialize per-instance NSCC parameters: flowid 147 _base_rtt=11685600 _base_bdp=146070 _bdp=146070 _min_cwnd=4150 _maxwnd=219105 _cwnd=219105
Initialize per-instance NSCC parameters: flowid 148 _base_rtt=11685600 _base_bdp=146070 _bdp=146070 _min_cwnd=4150 _maxwnd=219105 _cwnd=219105
Initialize per-instance NSCC parameters: flowid 149 _base_rtt=11685600 _base_bdp=146070 _bdp=146070 _min_cwnd=4150 _maxwnd=219105 _cwnd=219105
Initialize per-instance NSCC parameters: flowid 150 _base_rtt=11685600 _base_bdp=146070 _bdp=146070 _min_cwnd=4150 _maxwnd=219105 _cwnd=219105
Initialize per-instance NSCC parameters: flowid 151 _base_rtt=11685600 _base_bdp=146070 _bdp=146070 _min_cwnd=4150 _maxwnd=219105 _cwnd=219105
Initialize per-instance NSCC parameters: flowid 152 _base_rtt=11685600 _base_bdp=146070 _bdp=146070 _min_cwnd=4150 _maxwnd=219105 _cwnd=219105
Initialize per-instance NSCC parameters: flowid 153 _base_rtt=11685600 _base_bdp=146070 _bdp=146070 _min_cwnd=4150 _maxwnd=219105 _cwnd=219105
Initialize per-instance NSCC parameters: flowid 154 _base_rtt=11685600 _base_bdp=146070 _bdp=146070 _min_cwnd=4150 _maxwnd=219105 _cwnd=219105
Initialize per-instance NSCC parameters: flowid 155 _base_rtt=11685600 _base_bdp=146070 _bdp=146070 _min_cwnd=4150 _maxwnd=219105 _cwnd=219105
Initialize per-instance NSCC parameters: flowid 156 _base_rtt=11685600 _base_bdp=146070 _bdp=146070 _min_cwnd=4150 _maxwnd=219105 _cwnd=219105
Initialize per-instance NSCC parameters: flowid 157 _base_rtt=11685600 _base_bdp=146070 _bdp=146070 _min_cwnd=4150 _maxwnd=219105 _cwnd=219105
Initialize per-instance NSCC parameters: flowid 158 _base_rtt=11685600 _base_bdp=146070 _bdp=146070 _min_cwnd=4150 _maxwnd=219105 _cwnd=219105
Initialize per-instance NSCC parameters: flowid 159 _base_rtt=11685600 _base_bdp=146070 _bdp=146070 _min_cwnd=4150 _maxwnd=219105 _cwnd=219105
Initialize per-instance NSCC parameters: flowid 160 _base_rtt=11685600 _base_bdp=146070 _bdp=146070 _min_cwnd=4150 _maxwnd=219105 _cwnd=219105
Initialize per-instance NSCC parameters: flowid 161 _base_rtt=11685600 _base_bdp=146070 _bdp=146070 _min_cwnd=4150 _maxwnd=219105 _cwnd=219105
Initialize per-instance NSCC parameters: flowid 162 _base_rtt=11685600 _base_bdp=146070 _bdp=146070 _min_cwnd=4150 _maxwnd=219105 _cwnd=219105
Initialize per-instance NSCC parameters: flowid 163 _base_rtt=11685600 _base_bdp=146070 _bdp=146070 _min_cwnd=4150 _maxwnd=219105 _cwnd=219105
Initialize per-instance NSCC parameters: flowid 164 _base_rtt=11685600 _base_bdp=146070 _bdp=146070 _min_cwnd=4150 _maxwnd=219105 _cwnd=219105
Initialize per-instance NSCC parameters: flowid 165 _base_rtt=11685600 _base_bdp=146070 _bdp=146070 _min_cwnd=4150 _maxwnd=219105 _cwnd=219105
Initialize per-instance NSCC parameters: flowid 166 _base_rtt=11685600 _base_bdp=146070 _bdp=146070 _min_cwnd=4150 _maxwnd=219105 _cwnd=219105
Initialize per-instance NSCC parameters: flowid 167 _base_rtt=11685600 _base_bdp=146070 _bdp=146070 _min_cwnd=4150 _maxwnd=219105 _cwnd=219105
Initialize per-instance NSCC parameters: flowid 168 _base_rtt=11685600 _base_bdp=146070 _bdp=146070 _min_cwnd=4150 _maxwnd=219105 _cwnd=219105
Initialize per-instance NSCC parameters: flowid 169 _base_rtt=11685600 _base_bdp=146070 _bdp=146070 _min_cwnd=4150 _maxwnd=219105 _cwnd=219105
Initialize per-instance NSCC parameters: flowid 170 _base_rtt=11685600 _base_bdp=146070 _bdp=146070 _min_cwnd=4150 _maxwnd=219105 _cwnd=219105
Initialize per-instance NSCC parameters: flowid 171 _base_rtt=11685600 _base_bdp=146070 _bdp=146070 _min_cwnd=4150 _maxwnd=219105 _cwnd=219105
Initialize per-instance NSCC parameters: flowid 172 _base_rtt=11685600 _base_bdp=146070 _bdp=146070 _min_cwnd=4150 _maxwnd=219105 _cwnd=219105
Initialize per-instance NSCC parameters: flowid 173 _base_rtt=11685600 _base_bdp=146070 _bdp=146070 _min_cwnd=4150 _maxwnd=219105 _cwnd=219105
Initialize per-instance NSCC parameters: flowid 174 _base_rtt=11685600 _base_bdp=146070 _bdp=146070 _min_cwnd=4150 _maxwnd=219105 _cwnd=219105
Initialize per-instance NSCC parameters: flowid 175 _base_rtt=11685600 _base_bdp=146070 _bdp=146070 _min_cwnd=4150 _maxwnd=219105 _cwnd=219105
Initialize per-instance NSCC parameters: flowid 176 _base_rtt=11685600 _base_bdp=146070 _bdp=146070 _min_cwnd=4150 _maxwnd=219105 _cwnd=219105
Initialize per-instance NSCC parameters: flowid 177 _base_rtt=11685600 _base_bdp=146070 _bdp=146070 _min_cwnd=4150 _maxwnd=219105 _cwnd=219105
Initialize per-instance NSCC parameters: flowid 178 _base_rtt=11685600 _base_bdp=146070 _bdp=146070 _min_cwnd=4150 _maxwnd=219105 _cwnd=219105
Initialize per-instance NSCC parameters: flowid 179 _base_rtt=11685600 _base_bdp=146070 _bdp=146070 _min_cwnd=4150 _maxwnd=219105 _cwnd=219105
Initialize per-instance NSCC parameters: flowid 180 _base_rtt=11685600 _base_bdp=146070 _bdp=146070 _min_cwnd=4150 _maxwnd=219105 _cwnd=219105
Initialize per-instance NSCC parameters: flowid 181 _base_rtt=11685600 _base_bdp=146070 _bdp=146070 _min_cwnd=4150 _maxwnd=219105 _cwnd=219105
Initialize per-instance NSCC parameters: flowid 182 _base_rtt=11685600 _base_bdp=146070 _bdp=146070 _min_cwnd=4150 _maxwnd=219105 _cwnd=219105
Initialize per-instance NSCC parameters: flowid 183 _base_rtt=11685600 _base_bdp=146070 _bdp=146070 _min_cwnd=4150 _maxwnd=219105 _cwnd=219105
Initialize per-instance NSCC parameters: flowid 184 _base_rtt=11685600 _base_bdp=146070 _bdp=146070 _min_cwnd=4150 _maxwnd=219105 _cwnd=219105
Initialize per-instance NSCC parameters: flowid 185 _base_rtt=11685600 _base_bdp=146070 _bdp=146070 _min_cwnd=4150 _maxwnd=219105 _cwnd=219105
Initialize per-instance NSCC parameters: flowid 186 _base_rtt=11685600 _base_bdp=146070 _bdp=146070 _min_cwnd=4150 _maxwnd=219105 _cwnd=219105
Initialize per-instance NSCC parameters: flowid 187 _base_rtt=11685600 _base_bdp=146070 _bdp=146070 _min_cwnd=4150 _maxwnd=219105 _cwnd=219105
Initialize per-instance NSCC parameters: flowid 188 _base_rtt=11685600 _base_bdp=146070 _bdp=146070 _min_cwnd=4150 _maxwnd=219105 _cwnd=219105
Initialize per-instance NSCC parameters: flowid 189 _base_rtt=11685600 _base_bdp=146070 _bdp=146070 _min_cwnd=4150 _maxwnd=219105 _cwnd=219105
Initialize per-instance NSCC parameters: flowid 190 _base_rtt=11685600 _base_bdp=146070 _bdp=146070 _min_cwnd=4150 _maxwnd=219105 _cwnd=219105
Initialize per-instance NSCC parameters: flowid 191 _base_rtt=11685600 _base_bdp=146070 _bdp=146070 _min_cwnd=4150 _maxwnd=219105 _cwnd=219105
Initialize per-instance NSCC parameters: flowid 192 _base_rtt=11685600 _base_bdp=146070 _bdp=146070 _min_cwnd=4150 _maxwnd=219105 _cwnd=219105
Starting simulation
Flow Uec_212_84 flowId 1 uecSrc 0 starting at 0
Flow Uec_27_155 flowId 2 uecSrc 1 starting at 0
Flow Uec_208_80 flowId 3 uecSrc 2 starting at 0
Flow Uec_74_202 flowId 4 uecSrc 3 starting at 0
Flow Uec_205_77 flowId 5 uecSrc 4 starting at 0
Flow Uec_48_176 flowId 6 uecSrc 5 starting at 0
Flow Uec_180_52 flowId 7 uecSrc 6 starting at 0
Flow Uec_160_32 flowId 8 uecSrc 7 starting at 0
Flow Uec_153_25 flowId 9 uecSrc 8 starting at 0
Flow Uec_34_162 flowId 10 uecSrc 9 starting at 0
Flow Uec_47_175 flowId 11 uecSrc 10 starting at 0
Flow Uec_36_164 flowId 12 uecSrc 11 starting at 0
Flow Uec_224_96 flowId 13 uecSrc 12 starting at 0
Flow Uec_99_227 flowId 14 uecSrc 13 starting at 0
Flow Uec_60_188 flowId 15 uecSrc 14 starting at 0
Flow Uec_0_128 flowId 16 uecSrc 15 starting at 0
Flow Uec_142_14 flowId 17 uecSrc 16 starting at 0
Flow Uec_139_11 flowId 18 uecSrc 17 starting at 0
Flow Uec_8_136 flowId 19 uecSrc 18 starting at 0
Flow Uec_222_94 flowId 20 uecSrc 19 starting at 0
Flow Uec_217_89 flowId 21 uecSrc 20 starting at 0
Flow Uec_69_197 flowId 22 uecSrc 21 starting at 0
Flow Uec_157_29 flowId 23 uecSrc 22 starting at 0
Flow Uec_118_246 flowId 24 uecSrc 23 starting at 0
Flow Uec_214_86 flowId 25 uecSrc 24 starting at 0
Flow Uec_68_196 flowId 26 uecSrc 25 starting at 0
Flow Uec_251_123 flowId 27 uecSrc 26 starting at 0
Flow Uec_66_194 flowId 28 uecSrc 27 starting at 0
Flow Uec_231_103 flowId 29 uecSrc 28 starting at 0
Flow Uec_13_141 flowId 30 uecSrc 29 starting at 0
Flow Uec_88_216 flowId 31 uecSrc 30 starting at 0
Flow Uec_32_160 flowId 32 uecSrc 31 starting at 0
Flow Uec_240_112 flowId 33 uecSrc 32 starting at 0
Flow Uec_163_35 flowId 34 uecSrc 33 starting at 0
Flow Uec_85_213 flowId 35 uecSrc 34 starting at 0
Flow Uec_106_234 flowId 36 uecSrc 35 starting at 0
Flow Uec_137_9 flowId 37 uecSrc 36 starting at 0
Flow Uec_127_255 flowId 38 uecSrc 37 starting at 0
Flow Uec_58_186 flowId 39 uecSrc 38 starting at 0
Flow Uec_188_60 flowId 40 uecSrc 39 starting at 0
Flow Uec_67_195 flowId 41 uecSrc 40 starting at 0
Flow Uec_252_124 flowId 42 uecSrc 41 starting at 0
Flow Uec_190_62 flowId 43 uecSrc 42 starting at 0
Flow Uec_25_153 flowId 44 uecSrc 43 starting at 0
Flow Uec_61_189 flowId 45 uecSrc 44 starting at 0
Flow Uec_82_210 flowId 46 uecSrc 45 starting at 0
Flow Uec_223_95 flowId 47 uecSrc 46 starting at 0
Flow Uec_204_76 flowId 48 uecSrc 47 starting at 0
Flow Uec_95_223 flowId 49 uecSrc 48 starting at 0
Flow Uec_245_117 flowId 50 uecSrc 49 starting at 0
Flow Uec_189_61 flowId 51 uecSrc 50 starting at 0
Flow Uec_156_28 flowId 52 uecSrc 51 starting at 0
Flow Uec_125_253 flowId 53 uecSrc 52 starting at 0
Flow Uec_53_181 flowId 54 uecSrc 53 starting at 0
Flow Uec_117_245 flowId 55 uecSrc 54 starting at 0
Flow Uec_50_178 flowId 56 uecSrc 55 starting at 0
Flow Uec_248_120 flowId 57 uecSrc 56 starting at 0
Flow Uec_228_100 flowId 58 uecSrc 57 starting at 0
Flow Uec_154_26 flowId 59 uecSrc 58 starting at 0
Flow Uec_200_72 flowId 60 uecSrc 59 starting at 0
Flow Uec_30_158 flowId 61 uecSrc 60 starting at 0
Flow Uec_148_20 flowId 62 uecSrc 61 starting at 0
Flow Uec_128_0 flowId 63 uecSrc 62 starting at 0
Flow Uec_43_171 flowId 64 uecSrc 63 starting at 0
Flow Uec_122_250 flowId 65 uecSrc 64 starting at 0
Flow Uec_87_215 flowId 66 uecSrc 65 starting at 0
Flow Uec_213_85 flowId 67 uecSrc 66 starting at 0
Flow Uec_136_8 flowId 68 uecSrc 67 starting at 0
Flow Uec_234_106 flowId 69 uecSrc 68 starting at 0
Flow Uec_98_226 flowId 70 uecSrc 69 starting at 0
Flow Uec_229_101 flowId 71 uecSrc 70 starting at 0
Flow Uec_134_6 flowId 72 uecSrc 71 starting at 0
Flow Uec_185_57 flowId 73 uecSrc 72 starting at 0
Flow Uec_211_83 flowId 74 uecSrc 73 starting at 0
Flow Uec_80_208 flowId 75 uecSrc 74 starting at 0
Flow Uec_20_148 flowId 76 uecSrc 75 starting at 0
Flow Uec_147_19 flowId 77 uecSrc 76 starting at 0
Flow Uec_103_231 flowId 78 uecSrc 77 starting at 0
Flow Uec_107_235 flowId 79 uecSrc 78 starting at 0
Flow Uec_145_17 flowId 80 uecSrc 79 starting at 0
Flow Uec_29_157 flowId 81 uecSrc 80 starting at 0
Flow Uec_182_54 flowId 82 uecSrc 81 starting at 0
Flow Uec_94_222 flowId 83 uecSrc 82 starting at 0
Flow Uec_81_209 flowId 84 uecSrc 83 starting at 0
Flow Uec_15_143 flowId 85 uecSrc 84 starting at 0
Flow Uec_226_98 flowId 86 uecSrc 85 starting at 0
Flow Uec_253_125 flowId 87 uecSrc 86 starting at 0
Flow Uec_93_221 flowId 88 uecSrc 87 starting at 0
Flow Uec_176_48 flowId 89 uecSrc 88 starting at 0
Flow Uec_79_207 flowId 90 uecSrc 89 starting at 0
Flow Uec_170_42 flowId 91 uecSrc 90 starting at 0
Flow Uec_116_244 flowId 92 uecSrc 91 starting at 0
Flow Uec_104_232 flowId 93 uecSrc 92 starting at 0
Flow Uec_174_46 flowId 94 uecSrc 93 starting at 0
Flow Uec_196_68 flowId 95 uecSrc 94 starting at 0
Flow Uec_130_2 flowId 96 uecSrc 95 starting at 0
Flow Uec_219_91 flowId 97 uecSrc 96 starting at 0
Flow Uec_221_93 flowId 98 uecSrc 97 starting at 0
Flow Uec_14_142 flowId 99 uecSrc 98 starting at 0
Flow Uec_89_217 flowId 100 uecSrc 99 starting at 0
Flow Uec_7_135 flowId 101 uecSrc 100 starting at 0
Flow Uec_83_211 flowId 102 uecSrc 101 starting at 0
Flow Uec_143_15 flowId 103 uecSrc 102 starting at 0
Flow Uec_235_107 flowId 104 uecSrc 103 starting at 0
Flow Uec_49_177 flowId 105 uecSrc 104 starting at 0
Flow Uec_186_58 flowId 106 uecSrc 105 starting at 0
Flow Uec_250_122 flowId 107 uecSrc 106 starting at 0
Flow Uec_56_184 flowId 108 uecSrc 107 starting at 0
Flow Uec_123_251 flowId 109 uecSrc 108 starting at 0
Flow Uec_191_63 flowId 110 uecSrc 109 starting at 0
Flow Uec_135_7 flowId 111 uecSrc 110 starting at 0
Flow Uec_207_79 flowId 112 uecSrc 111 starting at 0
Flow Uec_91_219 flowId 113 uecSrc 112 starting at 0
Flow Uec_22_150 flowId 114 uecSrc 113 starting at 0
Flow Uec_54_182 flowId 115 uecSrc 114 starting at 0
Flow Uec_166_38 flowId 116 uecSrc 115 starting at 0
Flow Uec_86_214 flowId 117 uecSrc 116 starting at 0
Flow Uec_45_173 flowId 118 uecSrc 117 starting at 0
Flow Uec_150_22 flowId 119 uecSrc 118 starting at 0
Flow Uec_131_3 flowId 120 uecSrc 119 starting at 0
Flow Uec_230_102 flowId 121 uecSrc 120 starting at 0
Flow Uec_3_131 flowId 122 uecSrc 121 starting at 0
Flow Uec_75_203 flowId 123 uecSrc 122 starting at 0
Flow Uec_114_242 flowId 124 uecSrc 123 starting at 0
Flow Uec_146_18 flowId 125 uecSrc 124 starting at 0
Flow Uec_97_225 flowId 126 uecSrc 125 starting at 0
Flow Uec_152_24 flowId 127 uecSrc 126 starting at 0
Flow Uec_121_249 flowId 128 uecSrc 127 starting at 0
Flow Uec_215_87 flowId 129 uecSrc 128 starting at 0
Flow Uec_209_81 flowId 130 uecSrc 129 starting at 0
Flow Uec_92_220 flowId 131 uecSrc 130 starting at 0
Flow Uec_52_180 flowId 132 uecSrc 131 starting at 0
Flow Uec_239_111 flowId 133 uecSrc 132 starting at 0
Flow Uec_193_65 flowId 134 uecSrc 133 starting at 0
Flow Uec_159_31 flowId 135 uecSrc 134 starting at 0
Flow Uec_167_39 flowId 136 uecSrc 135 starting at 0
Flow Uec_168_40 flowId 137 uecSrc 136 starting at 0
Flow Uec_40_168 flowId 138 uecSrc 137 starting at 0
Flow Uec_31_159 flowId 139 uecSrc 138 starting at 0
Flow Uec_18_146 flowId 140 uecSrc 139 starting at 0
Flow Uec_138_10 flowId 141 uecSrc 140 starting at 0
Flow Uec_44_172 flowId 142 uecSrc 141 starting at 0
Flow Uec_237_109 flowId 143 uecSrc 142 starting at 0
Flow Uec_192_64 flowId 144 uecSrc 143 starting at 0
Flow Uec_111_239 flowId 145 uecSrc 144 starting at 0
Flow Uec_179_51 flowId 146 uecSrc 145 starting at 0
Flow Uec_90_218 flowId 147 uecSrc 146 starting at 0
Flow Uec_11_139 flowId 148 uecSrc 147 starting at 0
Flow Uec_28_156 flowId 149 uecSrc 148 starting at 0
Flow Uec_238_110 flowId 150 uecSrc 149 starting at 0
Flow Uec_24_152 flowId 151 uecSrc 150 starting at 0
Flow Uec_6_134 flowId 152 uecSrc 151 starting at 0
Flow Uec_78_206 flowId 153 uecSrc 152 starting at 0
Flow Uec_21_149 flowId 154 uecSrc 153 starting at 0
Flow Uec_244_116 flowId 155 uecSrc 154 starting at 0
Flow Uec_210_82 flowId 156 uecSrc 155 starting at 0
Flow Uec_109_237 flowId 157 uecSrc 156 starting at 0
Flow Uec_220_92 flowId 158 uecSrc 157 starting at 0
Flow Uec_218_90 flowId 159 uecSrc 158 starting at 0
Flow Uec_37_165 flowId 160 uecSrc 159 starting at 0
Flow Uec_173_45 flowId 161 uecSrc 160 starting at 0
Flow Uec_165_37 flowId 162 uecSrc 161 starting at 0
Flow Uec_119_247 flowId 163 uecSrc 162 starting at 0
Flow Uec_100_228 flowId 164 uecSrc 163 starting at 0
Flow Uec_10_138 flowId 165 uecSrc 164 starting at 0
Flow Uec_225_97 flowId 166 uecSrc 165 starting at 0
Flow Uec_9_137 flowId 167 uecSrc 166 starting at 0
Flow Uec_246_118 flowId 168 uecSrc 167 starting at 0
Flow Uec_62_190 flowId 169 uecSrc 168 starting at 0
Flow Uec_4_132 flowId 170 uecSrc 169 starting at 0
Flow Uec_64_192 flowId 171 uecSrc 170 starting at 0
Flow Uec_73_201 flowId 172 uecSrc 171 starting at 0
Flow Uec_175_47 flowId 173 uecSrc 172 starting at 0
Flow Uec_232_104 flowId 174 uecSrc 173 starting at 0
Flow Uec_255_127 flowId 175 uecSrc 174 starting at 0
Flow Uec_129_1 flowId 176 uecSrc 175 starting at 0
Flow Uec_178_50 flowId 177 uecSrc 176 starting at 0
Flow Uec_70_198 flowId 178 uecSrc 177 starting at 0
Flow Uec_169_41 flowId 179 uecSrc 178 starting at 0
Flow Uec_177_49 flowId 180 uecSrc 179 starting at 0
Flow Uec_46_174 flowId 181 uecSrc 180 starting at 0
Flow Uec_155_27 flowId 182 uecSrc 181 starting at 0
Flow Uec_63_191 flowId 183 uecSrc 182 starting at 0
Flow Uec_17_145 flowId 184 uecSrc 183 starting at 0
Flow Uec_71_199 flowId 185 uecSrc 184 starting at 0
Flow Uec_197_69 flowId 186 uecSrc 185 starting at 0
Flow Uec_162_34 flowId 187 uecSrc 186 starting at 0
Flow Uec_216_88 flowId 188 uecSrc 187 starting at 0
Flow Uec_183_55 flowId 189 uecSrc 188 starting at 0
Flow Uec_19_147 flowId 190 uecSrc 189 starting at 0
Flow Uec_115_243 flowId 191 uecSrc 190 starting at 0
Flow Uec_227_99 flowId 192 uecSrc 191 starting at 0
133.446 flowid 43 Spurious 27
135.454 flowid 43 Spurious 31
136.45 flowid 43 Spurious 33
136.787 flowid 43 Spurious 34
137.119 flowid 43 Spurious 35
140.104 flowid 2 Spurious 48
141.196 flowid 99 Spurious 29
141.865 flowid 99 Spurious 37
143.726 flowid 99 Spurious 46
149.749 flowid 51 Spurious 51
155.082 flowid 51 Spurious 55
155.504 flowid 64 Spurious 71
156.083 flowid 51 Spurious 57
158.337 flowid 106 Spurious 51
158.674 flowid 106 Spurious 53
158.824 flowid 64 Spurious 76
159.011 flowid 106 Spurious 56
161.356 flowid 106 Spurious 55
162.02 flowid 106 Spurious 61
163.021 flowid 106 Spurious 78
166.411 flowid 73 Spurious 60
167.627 flowid 151 Spurious 92
167.744 flowid 51 Spurious 56
168.291 flowid 151 Spurious 97
Flow Uec_114_242 flowId 124 uecSrc 123 finished at 174.645 total messages 1 total packets 490 RTS 0 total bytes 2002140 in_flight now 0 fair_inc 0 prop_inc 10482 fast_inc 444999 eta_inc 8344 multi_dec -0 quick_dec -0 nack_dec -0
Flow Uec_122_250 flowId 65 uecSrc 64 finished at 176.186 total messages 1 total packets 490 RTS 0 total bytes 2002140 in_flight now 0 fair_inc 0 prop_inc 89515 fast_inc 32328 eta_inc 8344 multi_dec -0 quick_dec -0 nack_dec -0
Flow Uec_142_14 flowId 17 uecSrc 16 finished at 176.861 total messages 1 total packets 490 RTS 0 total bytes 2002140 in_flight now 0 fair_inc 0 prop_inc 91297 fast_inc 0 eta_inc 7748 multi_dec -0 quick_dec -0 nack_dec -0
Flow Uec_146_18 flowId 125 uecSrc 124 finished at 177.299 total messages 1 total packets 490 RTS 0 total bytes 2002140 in_flight now 0 fair_inc 0 prop_inc 78023 fast_inc 0 eta_inc 8344 multi_dec -0 quick_dec -0 nack_dec -0
Flow Uec_111_239 flowId 145 uecSrc 144 finished at 177.812 total messages 1 total packets 490 RTS 0 total bytes 2002140 in_flight now 0 fair_inc 0 prop_inc 83234 fast_inc 0 eta_inc 8344 multi_dec -0 quick_dec -0 nack_dec -0
Flow Uec_168_40 flowId 137 uecSrc 136 finished at 178.175 total messages 1 total packets 490 RTS 0 total bytes 2002140 in_flight now 0 fair_inc 0 prop_inc 84337 fast_inc 0 eta_inc 8344 multi_dec -0 quick_dec -0 nack_dec -0
Flow Uec_138_10 flowId 141 uecSrc 140 finished at 178.674 total messages 1 total packets 490 RTS 0 total bytes 2002140 in_flight now 0 fair_inc 0 prop_inc 85968 fast_inc 0 eta_inc 7748 multi_dec -0 quick_dec -0 nack_dec -0
Flow Uec_123_251 flowId 109 uecSrc 108 finished at 178.717 total messages 1 total packets 490 RTS 0 total bytes 2002140 in_flight now 0 fair_inc 0 prop_inc 68032 fast_inc 0 eta_inc 8344 multi_dec -0 quick_dec -0 nack_dec -0
181.597 flowid 40 Spurious 128
182.266 flowid 40 Spurious 129
Flow Uec_17_145 flowId 184 uecSrc 183 finished at 182.762 total messages 1 total packets 490 RTS 0 total bytes 2002140 in_flight now 0 fair_inc 0 prop_inc 54845 fast_inc 0 eta_inc 8344 multi_dec -0 quick_dec -0 nack_dec -0
184.601 flowid 40 Spurious 131
Flow Uec_137_9 flowId 37 uecSrc 36 finished at 184.794 total messages 1 total packets 490 RTS 0 total bytes 2002140 in_flight now 0 fair_inc 0 prop_inc 78247 fast_inc 0 eta_inc 7748 multi_dec -0 quick_dec -0 nack_dec -0
184.933 flowid 40 Spurious 132
185.265 flowid 40 Spurious 136
188.327 flowid 139 Spurious 149
Flow Uec_18_146 flowId 140 uecSrc 139 finished at 188.457 total messages 1 total packets 490 RTS 0 total bytes 2002140 in_flight now 0 fair_inc 0 prop_inc 30109 fast_inc 0 eta_inc 8940 multi_dec -0 quick_dec -0 nack_dec -0
Flow Uec_15_143 flowId 85 uecSrc 84 finished at 191.259 total messages 1 total packets 490 RTS 0 total bytes 2002140 in_flight now 0 fair_inc 0 prop_inc 29629 fast_inc 0 eta_inc 8940 multi_dec -0 quick_dec -0 nack_dec -0
191.396 flowid 64 Spurious 161
194.279 flowid 139 Spurious 162
194.971 flowid 139 Spurious 164
195.08 flowid 51 Spurious 129
196.408 flowid 51 Spurious 130
Flow Uec_230_102 flowId 121 uecSrc 120 finished at 199.554 total messages 1 total packets 490 RTS 0 total bytes 2002140 in_flight now 0 fair_inc 0 prop_inc 14582 fast_inc 0 eta_inc 9536 multi_dec -0 quick_dec -0 nack_dec -0
Flow Uec_52_180 flowId 132 uecSrc 131 finished at 199.704 total messages 1 total packets 490 RTS 0 total bytes 2002140 in_flight now 0 fair_inc 5253 prop_inc 15184 fast_inc 0 eta_inc 9536 multi_dec -0 quick_dec -0 nack_dec -0
203.935 flowid 151 Spurious 168
Flow Uec_22_150 flowId 114 uecSrc 113 finished at 206.953 total messages 1 total packets 490 RTS 0 total bytes 2002140 in_flight now 0 fair_inc 8234 prop_inc 20840 fast_inc 0 eta_inc 9536 multi_dec -0 quick_dec -0 nack_dec -4150
Flow Uec_253_125 flowId 87 uecSrc 86 finished at 211.115 total messages 1 total packets 490 RTS 0 total bytes 2002140 in_flight now 0 fair_inc 8610 prop_inc 7157 fast_inc 0 eta_inc 10132 multi_dec -433 quick_dec -0 nack_dec -0
Flow Uec_40_168 flowId 138 uecSrc 137 finished at 212.171 total messages 1 total packets 490 RTS 0 total bytes 2002140 in_flight now 0 fair_inc 9366 prop_inc 39951 fast_inc 0 eta_inc 10132 multi_dec -51326 quick_dec -0 nack_dec -0
Flow Uec_21_149 flowId 154 uecSrc 153 finished at 212.481 total messages 1 total packets 490 RTS 0 total bytes 2002140 in_flight now 0 fair_inc 15402 prop_inc 17113 fast_inc 0 eta_inc 10132 multi_dec -0 quick_dec -0 nack_dec -4150
Flow Uec_28_156 flowId 149 uecSrc 148 finished at 217.975 total messages 1 total packets 490 RTS 0 total bytes 2002140 in_flight now 0 fair_inc 13456 prop_inc 14051 fast_inc 0 eta_inc 10132 multi_dec -22902 quick_dec -0 nack_dec -0
225.905 flowid 99 Spurious 228
Flow Uec_24_152 flowId 151 uecSrc 150 finished at 229.887 total messages 1 total packets 492 RTS 2 total bytes 2002140 in_flight now 0 fair_inc 14907 prop_inc 9314 fast_inc 0 eta_inc 10728 multi_dec -611 quick_dec -0 nack_dec -0
Flow Uec_49_177 flowId 105 uecSrc 104 finished at 232.987 total messages 1 total packets 490 RTS 0 total bytes 2002140 in_flight now 0 fair_inc 3462 prop_inc 72076 fast_inc 0 eta_inc 11324 multi_dec -104616 quick_dec -0 nack_dec -0
Flow Uec_29_157 flowId 81 uecSrc 80 finished at 234.606 total messages 1 total packets 490 RTS 0 total bytes 2002140 in_flight now 0 fair_inc 14234 prop_inc 6677 fast_inc 0 eta_inc 10728 multi_dec -0 quick_dec -0 nack_dec -4150
238.496 flowid 160 Spurious 232
Flow Uec_99_227 flowId 14 uecSrc 13 finished at 240.712 total messages 1 total packets 490 RTS 0 total bytes 2002140 in_flight now 0 fair_inc 5460 prop_inc 32555 fast_inc 0 eta_inc 11324 multi_dec -91595 quick_dec -0 nack_dec -0
248.473 flowid 6 Spurious 178
Flow Uec_188_60 flowId 40 uecSrc 39 finished at 250.981 total messages 1 total packets 491 RTS 1 total bytes 2002140 in_flight now 0 fair_inc 4759 prop_inc 12858 fast_inc 0 eta_inc 11324 multi_dec -0 quick_dec -0 nack_dec -24900
Flow Uec_14_142 flowId 99 uecSrc 98 finished at 251.467 total messages 1 total packets 496 RTS 6 total bytes 2002140 in_flight now 0 fair_inc 12358 prop_inc 15127 fast_inc 0 eta_inc 11920 multi_dec -0 quick_dec -0 nack_dec -4150
251.778 flowid 139 Spurious 309
Flow Uec_185_57 flowId 73 uecSrc 72 finished at 275.953 total messages 1 total packets 491 RTS 1 total bytes 2002140 in_flight now 0 fair_inc 3685 prop_inc 15328 fast_inc 0 eta_inc 12516 multi_dec -237 quick_dec -0 nack_dec -16600
Flow Uec_3_131 flowId 122 uecSrc 121 finished at 281.217 total messages 1 total packets 493 RTS 3 total bytes 2002140 in_flight now 0 fair_inc 11603 prop_inc 43541 fast_inc 0 eta_inc 13112 multi_dec -0 quick_dec -0 nack_dec -41500
Flow Uec_186_58 flowId 106 uecSrc 105 finished at 285.156 total messages 1 total packets 492 RTS 2 total bytes 2002140 in_flight now 0 fair_inc 10155 prop_inc 8456 fast_inc 0 eta_inc 13112 multi_dec -10264 quick_dec -0 nack_dec -24900
Flow Uec_54_182 flowId 115 uecSrc 114 finished at 288.516 total messages 1 total packets 490 RTS 0 total bytes 2002140 in_flight now 0 fair_inc 8745 prop_inc 43354 fast_inc 0 eta_inc 13708 multi_dec -76382 quick_dec -0 nack_dec -53950
294.528 flowid 160 Spurious 323
Flow Uec_238_110 flowId 150 uecSrc 149 finished at 295.602 total messages 1 total packets 490 RTS 0 total bytes 2002140 in_flight now 0 fair_inc 8673 prop_inc 38032 fast_inc 0 eta_inc 14304 multi_dec -74958 quick_dec -0 nack_dec -58100
Flow Uec_43_171 flowId 64 uecSrc 63 finished at 298.545 total messages 1 total packets 494 RTS 4 total bytes 2002140 in_flight now 0 fair_inc 6643 prop_inc 20724 fast_inc 0 eta_inc 12516 multi_dec -0 quick_dec -0 nack_dec -0
Flow Uec_34_162 flowId 10 uecSrc 9 finished at 306.07 total messages 1 total packets 494 RTS 4 total bytes 2002140 in_flight now 0 fair_inc 15709 prop_inc 46909 fast_inc 0 eta_inc 14304 multi_dec -114126 quick_dec -0 nack_dec -0
Flow Uec_248_120 flowId 57 uecSrc 56 finished at 314.369 total messages 1 total packets 490 RTS 0 total bytes 2002140 in_flight now 0 fair_inc 10634 prop_inc 39676 fast_inc 0 eta_inc 14900 multi_dec -100929 quick_dec -0 nack_dec -24900
Flow Uec_36_164 flowId 12 uecSrc 11 finished at 317.562 total messages 1 total packets 492 RTS 2 total bytes 2002140 in_flight now 0 fair_inc 7790 prop_inc 30968 fast_inc 0 eta_inc 10728 multi_dec -0 quick_dec -200214 nack_dec -4150
Flow Uec_37_165 flowId 160 uecSrc 159 finished at 317.842 total messages 1 total packets 496 RTS 6 total bytes 2002140 in_flight now 0 fair_inc 7429 prop_inc 48156 fast_inc 5051 eta_inc 14304 multi_dec -0 quick_dec -0 nack_dec -4150
Flow Uec_196_68 flowId 95 uecSrc 94 finished at 319.868 total messages 1 total packets 490 RTS 0 total bytes 2002140 in_flight now 0 fair_inc 7411 prop_inc 26625 fast_inc 0 eta_inc 15496 multi_dec -78033 quick_dec -0 nack_dec -49800
Flow Uec_119_247 flowId 163 uecSrc 162 finished at 323.296 total messages 1 total packets 490 RTS 0 total bytes 2002140 in_flight now 0 fair_inc 2632 prop_inc 30763 fast_inc 0 eta_inc 15496 multi_dec -81501 quick_dec -0 nack_dec -49800
Flow Uec_47_175 flowId 11 uecSrc 10 finished at 324.696 total messages 1 total packets 491 RTS 1 total bytes 2002140 in_flight now 0 fair_inc 5382 prop_inc 28338 fast_inc 2020 eta_inc 12516 multi_dec -0 quick_dec -169159 nack_dec -4150
Flow Uec_182_54 flowId 82 uecSrc 81 finished at 327.688 total messages 1 total packets 490 RTS 0 total bytes 2002140 in_flight now 0 fair_inc 3502 prop_inc 32901 fast_inc 0 eta_inc 15496 multi_dec -78091 quick_dec -0 nack_dec -53950
Flow Uec_31_159 flowId 139 uecSrc 138 finished at 329.156 total messages 1 total packets 494 RTS 4 total bytes 2002140 in_flight now 0 fair_inc 22523 prop_inc 13510 fast_inc 0 eta_inc 13112 multi_dec -0 quick_dec -154573 nack_dec -4150
Flow Uec_94_222 flowId 83 uecSrc 82 finished at 329.169 total messages 1 total packets 490 RTS 0 total bytes 2002140 in_flight now 0 fair_inc 6002 prop_inc 27793 fast_inc 0 eta_inc 15496 multi_dec -78374 quick_dec -0 nack_dec -49800
Flow Uec_167_39 flowId 136 uecSrc 135 finished at 329.819 total messages 1 total packets 491 RTS 1 total bytes 2002140 in_flight now 0 fair_inc 3470 prop_inc 59741 fast_inc 0 eta_inc 14900 multi_dec -129672 quick_dec -0 nack_dec -20750
Flow Uec_104_232 flowId 93 uecSrc 92 finished at 330.96 total messages 1 total packets 490 RTS 0 total bytes 2002140 in_flight now 0 fair_inc 2952 prop_inc 20552 fast_inc 0 eta_inc 15496 multi_dec -92724 quick_dec -0 nack_dec -33200
Flow Uec_88_216 flowId 31 uecSrc 30 finished at 339.68 total messages 1 total packets 490 RTS 0 total bytes 2002140 in_flight now 0 fair_inc 6283 prop_inc 28022 fast_inc 0 eta_inc 16092 multi_dec -80531 quick_dec -0 nack_dec -53950
Flow Uec_116_244 flowId 92 uecSrc 91 finished at 339.729 total messages 1 total packets 490 RTS 0 total bytes 2002140 in_flight now 0 fair_inc 899 prop_inc 25293 fast_inc 0 eta_inc 16092 multi_dec -73660 quick_dec -0 nack_dec -58100
Flow Uec_223_95 flowId 47 uecSrc 46 finished at 340.802 total messages 1 total packets 490 RTS 0 total bytes 2002140 in_flight now 0 fair_inc 2560 prop_inc 39117 fast_inc 0 eta_inc 16092 multi_dec -105216 quick_dec -0 nack_dec -45650
Flow Uec_78_206 flowId 153 uecSrc 152 finished at 341.55 total messages 1 total packets 490 RTS 0 total bytes 2002140 in_flight now 0 fair_inc 6192 prop_inc 37420 fast_inc 0 eta_inc 16688 multi_dec -107000 quick_dec -0 nack_dec -41500
342.881 flowid 61 Spurious 477
Flow Uec_216_88 flowId 188 uecSrc 187 finished at 342.963 total messages 1 total packets 490 RTS 0 total bytes 2002140 in_flight now 0 fair_inc 4261 prop_inc 39584 fast_inc 0 eta_inc 16688 multi_dec -100777 quick_dec -0 nack_dec -49800
343.213 flowid 61 Spurious 478
Flow Uec_127_255 flowId 38 uecSrc 37 finished at 343.431 total messages 1 total packets 490 RTS 0 total bytes 2002140 in_flight now 0 fair_inc 5503 prop_inc 40873 fast_inc 0 eta_inc 16688 multi_dec -105659 quick_dec -0 nack_dec -45650
343.545 flowid 61 Spurious 476
Flow Uec_192_64 flowId 144 uecSrc 143 finished at 344.738 total messages 1 total packets 490 RTS 0 total bytes 2002140 in_flight now 0 fair_inc 4241 prop_inc 44605 fast_inc 0 eta_inc 16688 multi_dec -110448 quick_dec -0 nack_dec -41500
Flow Uec_8_136 flowId 19 uecSrc 18 finished at 345.189 total messages 1 total packets 495 RTS 5 total bytes 2002140 in_flight now 0 fair_inc 12692 prop_inc 48466 fast_inc 0 eta_inc 13708 multi_dec -0 quick_dec -163674 nack_dec -66400
Flow Uec_93_221 flowId 88 uecSrc 87 finished at 345.45 total messages 1 total packets 490 RTS 0 total bytes 2002140 in_flight now 0 fair_inc 13784 prop_inc 19718 fast_inc 0 eta_inc 16688 multi_dec -74813 quick_dec -0 nack_dec -53950
Flow Uec_30_158 flowId 61 uecSrc 60 finished at 347.192 total messages 1 total packets 495 RTS 5 total bytes 2002140 in_flight now 0 fair_inc 11424 prop_inc 39133 fast_inc 0 eta_inc 13112 multi_dec -0 quick_dec -174656 nack_dec -8300
Flow Uec_86_214 flowId 117 uecSrc 116 finished at 349.041 total messages 1 total packets 490 RTS 0 total bytes 2002140 in_flight now 0 fair_inc 17260 prop_inc 31829 fast_inc 0 eta_inc 16688 multi_dec -108889 quick_dec -0 nack_dec -41500
Flow Uec_222_94 flowId 20 uecSrc 19 finished at 349.241 total messages 1 total packets 490 RTS 0 total bytes 2002140 in_flight now 0 fair_inc 6891 prop_inc 39396 fast_inc 25741 eta_inc 16688 multi_dec -109425 quick_dec -0 nack_dec -41500
352.085 flowid 61 Spurious 479
Flow Uec_74_202 flowId 4 uecSrc 3 finished at 355.635 total messages 1 total packets 490 RTS 0 total bytes 2002140 in_flight now 0 fair_inc 17035 prop_inc 22031 fast_inc 0 eta_inc 17284 multi_dec -83068 quick_dec -0 nack_dec -66400
356.401 flowid 61 Spurious 483
Flow Uec_250_122 flowId 107 uecSrc 106 finished at 358.229 total messages 1 total packets 490 RTS 0 total bytes 2002140 in_flight now 0 fair_inc 7698 prop_inc 49801 fast_inc 60093 eta_inc 16688 multi_dec -117883 quick_dec -0 nack_dec -45650
Flow Uec_177_49 flowId 180 uecSrc 179 finished at 359.22 total messages 1 total packets 490 RTS 0 total bytes 2002140 in_flight now 0 fair_inc 5685 prop_inc 33368 fast_inc 141920 eta_inc 16092 multi_dec -121715 quick_dec -0 nack_dec -45650
364.773 flowid 2 Spurious 321
366.121 flowid 2 Spurious 316
367.122 flowid 2 Spurious 317
Flow Uec_240_112 flowId 33 uecSrc 32 finished at 368.246 total messages 1 total packets 490 RTS 0 total bytes 2002140 in_flight now 0 fair_inc 7837 prop_inc 37784 fast_inc 0 eta_inc 16688 multi_dec -89268 quick_dec -0 nack_dec -66400
Flow Uec_66_194 flowId 28 uecSrc 27 finished at 369.117 total messages 1 total packets 490 RTS 0 total bytes 2002140 in_flight now 0 fair_inc 5326 prop_inc 93788 fast_inc 19193 eta_inc 16688 multi_dec -103331 quick_dec -0 nack_dec -78850
369.572 flowid 44 Spurious 326
Flow Uec_153_25 flowId 9 uecSrc 8 finished at 373.135 total messages 1 total packets 491 RTS 1 total bytes 2002140 in_flight now 0 fair_inc 1091 prop_inc 68140 fast_inc 0 eta_inc 16688 multi_dec -126209 quick_dec -0 nack_dec -37350
Flow Uec_190_62 flowId 43 uecSrc 42 finished at 381.137 total messages 1 total packets 491 RTS 1 total bytes 2002140 in_flight now 0 fair_inc 19786 prop_inc 8635 fast_inc 0 eta_inc 17284 multi_dec -61320 quick_dec -0 nack_dec -37350
Flow Uec_228_100 flowId 58 uecSrc 57 finished at 382.099 total messages 1 total packets 490 RTS 0 total bytes 2002140 in_flight now 0 fair_inc 3882 prop_inc 87253 fast_inc 0 eta_inc 17284 multi_dec -110233 quick_dec -0 nack_dec -62250
Flow Uec_63_191 flowId 183 uecSrc 182 finished at 384.733 total messages 1 total packets 490 RTS 0 total bytes 2002140 in_flight now 0 fair_inc 32123 prop_inc 46072 fast_inc 0 eta_inc 17880 multi_dec -206581 quick_dec -0 nack_dec -29050
Flow Uec_0_128 flowId 16 uecSrc 15 finished at 386.444 total messages 1 total packets 493 RTS 3 total bytes 2002140 in_flight now 0 fair_inc 13739 prop_inc 42721 fast_inc 0 eta_inc 13112 multi_dec -0 quick_dec -198967 nack_dec -33200
Flow Uec_232_104 flowId 174 uecSrc 173 finished at 388.18 total messages 1 total packets 490 RTS 0 total bytes 2002140 in_flight now 0 fair_inc 7936 prop_inc 46722 fast_inc 0 eta_inc 17880 multi_dec -69124 quick_dec -0 nack_dec -91300
Flow Uec_27_155 flowId 2 uecSrc 1 finished at 388.678 total messages 1 total packets 499 RTS 9 total bytes 2002140 in_flight now -64 fair_inc 35501 prop_inc 14297 fast_inc 0 eta_inc 17880 multi_dec -4 quick_dec -0 nack_dec -4150
Flow Uec_135_7 flowId 111 uecSrc 110 finished at 389.472 total messages 1 total packets 491 RTS 1 total bytes 2002140 in_flight now 0 fair_inc 13784 prop_inc 37945 fast_inc 0 eta_inc 17284 multi_dec -41638 quick_dec -0 nack_dec -103750
Flow Uec_246_118 flowId 168 uecSrc 167 finished at 390.833 total messages 1 total packets 490 RTS 0 total bytes 2002140 in_flight now 0 fair_inc 7290 prop_inc 51061 fast_inc 0 eta_inc 17284 multi_dec -156101 quick_dec -0 nack_dec -16600
Flow Uec_10_138 flowId 165 uecSrc 164 finished at 408.93 total messages 1 total packets 493 RTS 3 total bytes 2002140 in_flight now 0 fair_inc 5224 prop_inc 55704 fast_inc 0 eta_inc 18476 multi_dec -160302 quick_dec -0 nack_dec -8300
Flow Uec_239_111 flowId 133 uecSrc 132 finished at 413.004 total messages 1 total packets 490 RTS 0 total bytes 2002140 in_flight now 0 fair_inc 7539 prop_inc 31030 fast_inc 0 eta_inc 19668 multi_dec -30201 quick_dec -0 nack_dec -128650
Flow Uec_58_186 flowId 39 uecSrc 38 finished at 416.251 total messages 1 total packets 495 RTS 5 total bytes 2002140 in_flight now 0 fair_inc 0 prop_inc 118899 fast_inc 0 eta_inc 18476 multi_dec -0 quick_dec -0 nack_dec -16600
Flow Uec_32_160 flowId 32 uecSrc 31 finished at 417.086 total messages 1 total packets 498 RTS 8 total bytes 2002140 in_flight now 0 fair_inc 6637 prop_inc 92519 fast_inc 0 eta_inc 19072 multi_dec -130722 quick_dec -0 nack_dec -0
Flow Uec_115_243 flowId 191 uecSrc 190 finished at 418.292 total messages 1 total packets 490 RTS 0 total bytes 2002140 in_flight now 0 fair_inc 4852 prop_inc 82632 fast_inc 0 eta_inc 19072 multi_dec -78095 quick_dec -0 nack_dec -103750
Flow Uec_139_11 flowId 18 uecSrc 17 finished at 418.395 total messages 1 total packets 491 RTS 1 total bytes 2002140 in_flight now 0 fair_inc 16174 prop_inc 22009 fast_inc 0 eta_inc 19668 multi_dec -29289 quick_dec -0 nack_dec -103750
418.451 flowid 170 Spurious 487
419.292 flowid 170 Spurious 488
Flow Uec_227_99 flowId 192 uecSrc 191 finished at 421.142 total messages 1 total packets 490 RTS 0 total bytes 2002140 in_flight now 0 fair_inc 5373 prop_inc 50155 fast_inc 0 eta_inc 18476 multi_dec -95304 quick_dec -0 nack_dec -78850
Flow Uec_189_61 flowId 51 uecSrc 50 finished at 422.866 total messages 1 total packets 495 RTS 5 total bytes 2002140 in_flight now 0 fair_inc 5842 prop_inc 98574 fast_inc 0 eta_inc 18476 multi_dec -111843 quick_dec -0 nack_dec -12450
Flow Uec_178_50 flowId 177 uecSrc 176 finished at 425.139 total messages 1 total packets 490 RTS 0 total bytes 2002140 in_flight now 0 fair_inc 6244 prop_inc 77150 fast_inc 0 eta_inc 19072 multi_dec -159861 quick_dec -0 nack_dec -29050
Flow Uec_245_117 flowId 50 uecSrc 49 finished at 426.327 total messages 1 total packets 490 RTS 0 total bytes 2002140 in_flight now 0 fair_inc 8279 prop_inc 75745 fast_inc 0 eta_inc 16688 multi_dec -173380 quick_dec -0 nack_dec -20750
Flow Uec_251_123 flowId 27 uecSrc 26 finished at 437.105 total messages 1 total packets 490 RTS 0 total bytes 2002140 in_flight now 0 fair_inc 15794 prop_inc 27930 fast_inc 0 eta_inc 20860 multi_dec -24066 quick_dec -0 nack_dec -141100
Flow Uec_109_237 flowId 157 uecSrc 156 finished at 438.018 total messages 1 total packets 490 RTS 0 total bytes 2002140 in_flight now 0 fair_inc 19780 prop_inc 24015 fast_inc 0 eta_inc 20860 multi_dec -41942 quick_dec -0 nack_dec -145250
Flow Uec_209_81 flowId 130 uecSrc 129 finished at 438.751 total messages 1 total packets 490 RTS 0 total bytes 2002140 in_flight now 0 fair_inc 17810 prop_inc 24662 fast_inc 0 eta_inc 20860 multi_dec -71517 quick_dec -0 nack_dec -107900
Flow Uec_67_195 flowId 41 uecSrc 40 finished at 439.034 total messages 1 total packets 490 RTS 0 total bytes 2002140 in_flight now 0 fair_inc 34848 prop_inc 63730 fast_inc 0 eta_inc 20264 multi_dec -205629 quick_dec -0 nack_dec -20750
Flow Uec_89_217 flowId 100 uecSrc 99 finished at 442.862 total messages 1 total packets 490 RTS 0 total bytes 2002140 in_flight now 0 fair_inc 25193 prop_inc 21431 fast_inc 0 eta_inc 20860 multi_dec -41118 quick_dec -0 nack_dec -141100
Flow Uec_145_17 flowId 80 uecSrc 79 finished at 443.556 total messages 1 total packets 490 RTS 0 total bytes 2002140 in_flight now 0 fair_inc 15108 prop_inc 20676 fast_inc 0 eta_inc 21456 multi_dec -20241 quick_dec -0 nack_dec -136950
Flow Uec_212_84 flowId 1 uecSrc 0 finished at 444.552 total messages 1 total packets 490 RTS 0 total bytes 2002140 in_flight now 0 fair_inc 23314 prop_inc 20863 fast_inc 0 eta_inc 20860 multi_dec -80959 quick_dec -0 nack_dec -103750
Flow Uec_179_51 flowId 146 uecSrc 145 finished at 451.84 total messages 1 total packets 490 RTS 0 total bytes 2002140 in_flight now 0 fair_inc 16788 prop_inc 49774 fast_inc 0 eta_inc 21456 multi_dec -38700 quick_dec -0 nack_dec -132800
452.797 flowid 44 Spurious 449
453.663 flowid 44 Spurious 446
Flow Uec_100_228 flowId 164 uecSrc 163 finished at 458.506 total messages 1 total packets 490 RTS 0 total bytes 2002140 in_flight now 0 fair_inc 17682 prop_inc 23901 fast_inc 0 eta_inc 20860 multi_dec -25113 quick_dec -0 nack_dec -149400
Flow Uec_143_15 flowId 103 uecSrc 102 finished at 459.624 total messages 1 total packets 490 RTS 0 total bytes 2002140 in_flight now 0 fair_inc 9189 prop_inc 48731 fast_inc 0 eta_inc 21456 multi_dec -101815 quick_dec -0 nack_dec -74700
Flow Uec_64_192 flowId 171 uecSrc 170 finished at 460.205 total messages 1 total packets 490 RTS 0 total bytes 2002140 in_flight now 0 fair_inc 10326 prop_inc 26396 fast_inc 0 eta_inc 22052 multi_dec -34781 quick_dec -0 nack_dec -136950
Flow Uec_176_48 flowId 89 uecSrc 88 finished at 461.34 total messages 1 total packets 492 RTS 2 total bytes 2002140 in_flight now 0 fair_inc 41945 prop_inc 45049 fast_inc 0 eta_inc 20860 multi_dec -82479 quick_dec -0 nack_dec -124500
Flow Uec_48_176 flowId 6 uecSrc 5 finished at 469.78 total messages 1 total packets 492 RTS 2 total bytes 2002140 in_flight now 0 fair_inc 13341 prop_inc 94629 fast_inc 49989 eta_inc 19072 multi_dec -173918 quick_dec -21589 nack_dec -12450
Flow Uec_193_65 flowId 134 uecSrc 133 finished at 470.823 total messages 1 total packets 490 RTS 0 total bytes 2002140 in_flight now 0 fair_inc 31282 prop_inc 9849 fast_inc 0 eta_inc 22052 multi_dec -76213 quick_dec -0 nack_dec -99600
Flow Uec_229_101 flowId 71 uecSrc 70 finished at 471.955 total messages 1 total packets 490 RTS 0 total bytes 2002140 in_flight now 0 fair_inc 10635 prop_inc 67813 fast_inc 0 eta_inc 21456 multi_dec -88468 quick_dec -0 nack_dec -99600
Flow Uec_150_22 flowId 119 uecSrc 118 finished at 477.272 total messages 1 total packets 490 RTS 0 total bytes 2002140 in_flight now 0 fair_inc 17933 prop_inc 21377 fast_inc 0 eta_inc 22052 multi_dec -67263 quick_dec -0 nack_dec -103750
Flow Uec_81_209 flowId 84 uecSrc 83 finished at 479.03 total messages 1 total packets 490 RTS 0 total bytes 2002140 in_flight now 0 fair_inc 19501 prop_inc 43197 fast_inc 0 eta_inc 22648 multi_dec -107030 quick_dec -0 nack_dec -78850
Flow Uec_174_46 flowId 94 uecSrc 93 finished at 479.509 total messages 1 total packets 491 RTS 1 total bytes 2002140 in_flight now 0 fair_inc 28840 prop_inc 16082 fast_inc 0 eta_inc 22052 multi_dec -100922 quick_dec -0 nack_dec -95450
Flow Uec_103_231 flowId 78 uecSrc 77 finished at 484.278 total messages 1 total packets 490 RTS 0 total bytes 2002140 in_flight now 0 fair_inc 12209 prop_inc 50357 fast_inc 0 eta_inc 22648 multi_dec -98260 quick_dec -0 nack_dec -87150
Flow Uec_163_35 flowId 34 uecSrc 33 finished at 486.027 total messages 1 total packets 490 RTS 0 total bytes 2002140 in_flight now 0 fair_inc 16148 prop_inc 62941 fast_inc 0 eta_inc 22052 multi_dec -143165 quick_dec -0 nack_dec -74700
Flow Uec_25_153 flowId 44 uecSrc 43 finished at 487.625 total messages 1 total packets 498 RTS 8 total bytes 2002140 in_flight now -128 fair_inc 33854 prop_inc 11494 fast_inc 0 eta_inc 18476 multi_dec -48434 quick_dec -92535 nack_dec -16600
Flow Uec_180_52 flowId 7 uecSrc 6 finished at 490.904 total messages 1 total packets 490 RTS 0 total bytes 2002140 in_flight now 0 fair_inc 16720 prop_inc 16423 fast_inc 0 eta_inc 23244 multi_dec -92082 quick_dec -0 nack_dec -78850
Flow Uec_234_106 flowId 69 uecSrc 68 finished at 494.508 total messages 1 total packets 490 RTS 0 total bytes 2002140 in_flight now 0 fair_inc 30153 prop_inc 23608 fast_inc 0 eta_inc 22648 multi_dec -111470 quick_dec -0 nack_dec -91300
Flow Uec_60_188 flowId 15 uecSrc 14 finished at 494.865 total messages 1 total packets 490 RTS 0 total bytes 2002140 in_flight now 0 fair_inc 10142 prop_inc 73677 fast_inc 25256 eta_inc 17284 multi_dec -0 quick_dec -161601 nack_dec -29050
Flow Uec_130_2 flowId 96 uecSrc 95 finished at 498.46 total messages 1 total packets 490 RTS 0 total bytes 2002140 in_flight now 0 fair_inc 22372 prop_inc 89027 fast_inc 0 eta_inc 20264 multi_dec -149608 quick_dec -0 nack_dec -78850
Flow Uec_107_235 flowId 79 uecSrc 78 finished at 504.424 total messages 1 total packets 490 RTS 0 total bytes 2002140 in_flight now 0 fair_inc 33201 prop_inc 31707 fast_inc 0 eta_inc 22052 multi_dec -130500 quick_dec -0 nack_dec -66400
Flow Uec_183_55 flowId 189 uecSrc 188 finished at 505.074 total messages 1 total packets 490 RTS 0 total bytes 2002140 in_flight now 0 fair_inc 22893 prop_inc 22589 fast_inc 0 eta_inc 23244 multi_dec -53352 quick_dec -0 nack_dec -120350
Flow Uec_106_234 flowId 36 uecSrc 35 finished at 508.018 total messages 1 total packets 490 RTS 0 total bytes 2002140 in_flight now 0 fair_inc 37297 prop_inc 38654 fast_inc 0 eta_inc 23244 multi_dec -117120 quick_dec -0 nack_dec -87150
Flow Uec_50_178 flowId 56 uecSrc 55 finished at 508.904 total messages 1 total packets 490 RTS 0 total bytes 2002140 in_flight now 0 fair_inc 21246 prop_inc 49706 fast_inc 0 eta_inc 22648 multi_dec -104509 quick_dec -0 nack_dec -95450
Flow Uec_11_139 flowId 148 uecSrc 147 finished at 510.032 total messages 1 total packets 495 RTS 5 total bytes 2002140 in_flight now 0 fair_inc 8098 prop_inc 102302 fast_inc 0 eta_inc 20860 multi_dec -99846 quick_dec -0 nack_dec -37350
Flow Uec_128_0 flowId 63 uecSrc 62 finished at 515.873 total messages 1 total packets 491 RTS 1 total bytes 2002140 in_flight now 0 fair_inc 44210 prop_inc 37022 fast_inc 0 eta_inc 23244 multi_dec -24016 quick_dec -0 nack_dec -166000
Flow Uec_237_109 flowId 143 uecSrc 142 finished at 516.042 total messages 1 total packets 490 RTS 0 total bytes 2002140 in_flight now 0 fair_inc 19917 prop_inc 57730 fast_inc 0 eta_inc 19668 multi_dec -89875 quick_dec -0 nack_dec -103750
Flow Uec_157_29 flowId 23 uecSrc 22 finished at 517.838 total messages 1 total packets 490 RTS 0 total bytes 2002140 in_flight now 0 fair_inc 33109 prop_inc 32467 fast_inc 37866 eta_inc 23244 multi_dec -107215 quick_dec -0 nack_dec -95450
Flow Uec_231_103 flowId 29 uecSrc 28 finished at 518.366 total messages 1 total packets 490 RTS 0 total bytes 2002140 in_flight now 0 fair_inc 26132 prop_inc 35617 fast_inc 0 eta_inc 23840 multi_dec -104994 quick_dec -0 nack_dec -95450
Flow Uec_4_132 flowId 170 uecSrc 169 finished at 523.568 total messages 1 total packets 497 RTS 7 total bytes 2002140 in_flight now 0 fair_inc 13657 prop_inc 60173 fast_inc 0 eta_inc 16688 multi_dec -0 quick_dec -122730 nack_dec -24900
Flow Uec_252_124 flowId 42 uecSrc 41 finished at 527.153 total messages 1 total packets 490 RTS 0 total bytes 2002140 in_flight now 0 fair_inc 30469 prop_inc 52874 fast_inc 0 eta_inc 23840 multi_dec -109548 quick_dec -0 nack_dec -95450
Flow Uec_166_38 flowId 116 uecSrc 115 finished at 529.26 total messages 1 total packets 490 RTS 0 total bytes 2002140 in_flight now 0 fair_inc 10339 prop_inc 95287 fast_inc 0 eta_inc 21456 multi_dec -167028 quick_dec -0 nack_dec -66400
Flow Uec_98_226 flowId 70 uecSrc 69 finished at 530.664 total messages 1 total packets 490 RTS 0 total bytes 2002140 in_flight now 0 fair_inc 17706 prop_inc 71705 fast_inc 0 eta_inc 24436 multi_dec -142302 quick_dec -0 nack_dec -70550
Flow Uec_56_184 flowId 108 uecSrc 107 finished at 534 total messages 1 total packets 490 RTS 0 total bytes 2002140 in_flight now 0 fair_inc 20152 prop_inc 97775 fast_inc 0 eta_inc 19072 multi_dec -0 quick_dec -161601 nack_dec -33200
Flow Uec_191_63 flowId 110 uecSrc 109 finished at 534.504 total messages 1 total packets 490 RTS 0 total bytes 2002140 in_flight now 0 fair_inc 22269 prop_inc 94974 fast_inc 4041 eta_inc 25032 multi_dec -130624 quick_dec -0 nack_dec -87150
Flow Uec_224_96 flowId 13 uecSrc 12 finished at 535.324 total messages 1 total packets 490 RTS 0 total bytes 2002140 in_flight now 0 fair_inc 29536 prop_inc 31254 fast_inc 163128 eta_inc 23840 multi_dec -129142 quick_dec -0 nack_dec -107900
Flow Uec_226_98 flowId 86 uecSrc 85 finished at 536.514 total messages 1 total packets 490 RTS 0 total bytes 2002140 in_flight now 0 fair_inc 35394 prop_inc 48096 fast_inc 0 eta_inc 23840 multi_dec -96270 quick_dec -0 nack_dec -124500
Flow Uec_53_181 flowId 54 uecSrc 53 finished at 536.752 total messages 1 total packets 490 RTS 0 total bytes 2002140 in_flight now 0 fair_inc 31007 prop_inc 51611 fast_inc 18673 eta_inc 21456 multi_dec -92938 quick_dec -0 nack_dec -116200
Flow Uec_45_173 flowId 118 uecSrc 117 finished at 537.982 total messages 1 total packets 498 RTS 8 total bytes 2002140 in_flight now 0 fair_inc 36188 prop_inc 39581 fast_inc 0 eta_inc 23840 multi_dec -0 quick_dec -0 nack_dec -8300
Flow Uec_129_1 flowId 176 uecSrc 175 finished at 540.468 total messages 1 total packets 491 RTS 1 total bytes 2002140 in_flight now 0 fair_inc 49613 prop_inc 82048 fast_inc 0 eta_inc 22648 multi_dec -171095 quick_dec -0 nack_dec -70550
Flow Uec_235_107 flowId 104 uecSrc 103 finished at 543.103 total messages 1 total packets 490 RTS 0 total bytes 2002140 in_flight now 0 fair_inc 26966 prop_inc 72257 fast_inc 0 eta_inc 22648 multi_dec -91078 quick_dec -0 nack_dec -112050
Flow Uec_79_207 flowId 90 uecSrc 89 finished at 548.059 total messages 1 total packets 490 RTS 0 total bytes 2002140 in_flight now 0 fair_inc 23560 prop_inc 75256 fast_inc 0 eta_inc 24436 multi_dec -117583 quick_dec -0 nack_dec -91300
Flow Uec_255_127 flowId 175 uecSrc 174 finished at 550.192 total messages 1 total packets 490 RTS 0 total bytes 2002140 in_flight now 0 fair_inc 10527 prop_inc 71854 fast_inc 8571 eta_inc 23244 multi_dec -90272 quick_dec -0 nack_dec -107900
Flow Uec_155_27 flowId 182 uecSrc 181 finished at 551.926 total messages 1 total packets 490 RTS 0 total bytes 2002140 in_flight now 0 fair_inc 30503 prop_inc 8114 fast_inc 0 eta_inc 24436 multi_dec -39405 quick_dec -0 nack_dec -161850
Flow Uec_131_3 flowId 120 uecSrc 119 finished at 556.959 total messages 1 total packets 490 RTS 0 total bytes 2002140 in_flight now 0 fair_inc 33247 prop_inc 78944 fast_inc 0 eta_inc 24436 multi_dec -127065 quick_dec -0 nack_dec -103750
Flow Uec_90_218 flowId 147 uecSrc 146 finished at 560.676 total messages 1 total packets 490 RTS 0 total bytes 2002140 in_flight now 0 fair_inc 35845 prop_inc 6124 fast_inc 0 eta_inc 25628 multi_dec -54113 quick_dec -0 nack_dec -141100
Flow Uec_121_249 flowId 128 uecSrc 127 finished at 562.332 total messages 1 total packets 490 RTS 0 total bytes 2002140 in_flight now 0 fair_inc 38477 prop_inc 18264 fast_inc 0 eta_inc 26224 multi_dec -112760 quick_dec -0 nack_dec -95450
Flow Uec_125_253 flowId 53 uecSrc 52 finished at 564.153 total messages 1 total packets 490 RTS 0 total bytes 2002140 in_flight now 0 fair_inc 12523 prop_inc 25204 fast_inc 0 eta_inc 25032 multi_dec -92856 quick_dec -0 nack_dec -95450
570.012 flowid 76 Spurious 345
Flow Uec_162_34 flowId 187 uecSrc 186 finished at 571.574 total messages 1 total packets 490 RTS 0 total bytes 2002140 in_flight now 0 fair_inc 24260 prop_inc 15353 fast_inc 0 eta_inc 23840 multi_dec -10571 quick_dec -0 nack_dec -170150
Flow Uec_6_134 flowId 152 uecSrc 151 finished at 572.258 total messages 1 total packets 496 RTS 6 total bytes 2002140 in_flight now 0 fair_inc 25117 prop_inc 94202 fast_inc 0 eta_inc 22648 multi_dec -148994 quick_dec -100109 nack_dec -41500
Flow Uec_92_220 flowId 131 uecSrc 130 finished at 578.262 total messages 1 total packets 490 RTS 0 total bytes 2002140 in_flight now 0 fair_inc 24087 prop_inc 8765 fast_inc 0 eta_inc 26224 multi_dec -41713 quick_dec -0 nack_dec -153550
Flow Uec_13_141 flowId 30 uecSrc 29 finished at 578.635 total messages 1 total packets 507 RTS 17 total bytes 2002140 in_flight now 0 fair_inc 35124 prop_inc 30948 fast_inc 0 eta_inc 23840 multi_dec -7115 quick_dec -63073 nack_dec -16600
Flow Uec_175_47 flowId 173 uecSrc 172 finished at 590.8 total messages 1 total packets 490 RTS 0 total bytes 2002140 in_flight now 0 fair_inc 30266 prop_inc 2373 fast_inc 0 eta_inc 26224 multi_dec -22847 quick_dec -0 nack_dec -166000
Flow Uec_244_116 flowId 155 uecSrc 154 finished at 596.453 total messages 1 total packets 490 RTS 0 total bytes 2002140 in_flight now 0 fair_inc 45998 prop_inc 112737 fast_inc 20205 eta_inc 26224 multi_dec -91296 quick_dec -5004 nack_dec -174300
Flow Uec_200_72 flowId 60 uecSrc 59 finished at 624.554 total messages 1 total packets 490 RTS 0 total bytes 2002140 in_flight now 0 fair_inc 57008 prop_inc 372 fast_inc 0 eta_inc 28608 multi_dec -74684 quick_dec -0 nack_dec -161850
Flow Uec_165_37 flowId 162 uecSrc 161 finished at 626.591 total messages 1 total packets 492 RTS 2 total bytes 2002140 in_flight now 0 fair_inc 27218 prop_inc 6984 fast_inc 0 eta_inc 21456 multi_dec -19872 quick_dec -0 nack_dec -161850
Flow Uec_62_190 flowId 169 uecSrc 168 finished at 631.982 total messages 1 total packets 490 RTS 0 total bytes 2002140 in_flight now 0 fair_inc 27183 prop_inc 103026 fast_inc 0 eta_inc 20860 multi_dec -0 quick_dec -194205 nack_dec -4150
Flow Uec_152_24 flowId 127 uecSrc 126 finished at 637.661 total messages 1 total packets 490 RTS 0 total bytes 2002140 in_flight now 0 fair_inc 39719 prop_inc 57169 fast_inc 0 eta_inc 26820 multi_dec -137958 quick_dec -0 nack_dec -91300
Flow Uec_118_246 flowId 24 uecSrc 23 finished at 649.915 total messages 1 total packets 490 RTS 0 total bytes 2002140 in_flight now 0 fair_inc 64752 prop_inc 65456 fast_inc 5050 eta_inc 28608 multi_dec -88320 quick_dec -33037 nack_dec -166000
Flow Uec_9_137 flowId 167 uecSrc 166 finished at 653.185 total messages 1 total packets 508 RTS 18 total bytes 2002140 in_flight now 0 fair_inc 55297 prop_inc 78030 fast_inc 0 eta_inc 27416 multi_dec -98402 quick_dec -0 nack_dec -20750
Flow Uec_82_210 flowId 46 uecSrc 45 finished at 653.512 total messages 1 total packets 490 RTS 0 total bytes 2002140 in_flight now 0 fair_inc 34313 prop_inc 54275 fast_inc 0 eta_inc 29800 multi_dec -107565 quick_dec -0 nack_dec -124500
Flow Uec_20_148 flowId 76 uecSrc 75 finished at 667.954 total messages 1 total packets 502 RTS 12 total bytes 2002140 in_flight now -64 fair_inc 24289 prop_inc 52395 fast_inc 0 eta_inc 26820 multi_dec -103206 quick_dec -0 nack_dec -0
Flow Uec_214_86 flowId 25 uecSrc 24 finished at 668.337 total messages 1 total packets 490 RTS 0 total bytes 2002140 in_flight now 0 fair_inc 38311 prop_inc 5170 fast_inc 0 eta_inc 28608 multi_dec -48671 quick_dec -0 nack_dec -149400
Flow Uec_69_197 flowId 22 uecSrc 21 finished at 668.707 total messages 1 total packets 490 RTS 0 total bytes 2002140 in_flight now 0 fair_inc 39019 prop_inc 1666 fast_inc 0 eta_inc 22648 multi_dec -58901 quick_dec -0 nack_dec -166000
Flow Uec_170_42 flowId 91 uecSrc 90 finished at 678.448 total messages 1 total packets 490 RTS 0 total bytes 2002140 in_flight now 0 fair_inc 38863 prop_inc 16836 fast_inc 0 eta_inc 27416 multi_dec -33465 quick_dec -0 nack_dec -170150
Flow Uec_221_93 flowId 98 uecSrc 97 finished at 689.054 total messages 1 total packets 490 RTS 0 total bytes 2002140 in_flight now 0 fair_inc 42255 prop_inc 11326 fast_inc 0 eta_inc 30992 multi_dec -44148 quick_dec -0 nack_dec -161850
Flow Uec_46_174 flowId 181 uecSrc 180 finished at 689.608 total messages 1 total packets 494 RTS 4 total bytes 2002140 in_flight now -64 fair_inc 25428 prop_inc 63026 fast_inc 0 eta_inc 24436 multi_dec -100624 quick_dec -31897 nack_dec -20750
Flow Uec_147_19 flowId 77 uecSrc 76 finished at 693.032 total messages 1 total packets 491 RTS 1 total bytes 2002140 in_flight now 0 fair_inc 50931 prop_inc 70428 fast_inc 44449 eta_inc 28608 multi_dec -164885 quick_dec -0 nack_dec -87150
Flow Uec_117_245 flowId 55 uecSrc 54 finished at 693.443 total messages 1 total packets 490 RTS 0 total bytes 2002140 in_flight now 0 fair_inc 43378 prop_inc 69657 fast_inc 70194 eta_inc 24436 multi_dec -104387 quick_dec -0 nack_dec -149400
Flow Uec_83_211 flowId 102 uecSrc 101 finished at 696.182 total messages 1 total packets 490 RTS 0 total bytes 2002140 in_flight now 0 fair_inc 36690 prop_inc 79860 fast_inc 0 eta_inc 31588 multi_dec -115094 quick_dec -0 nack_dec -128650
Flow Uec_61_189 flowId 45 uecSrc 44 finished at 697.554 total messages 1 total packets 491 RTS 1 total bytes 2002140 in_flight now 0 fair_inc 23447 prop_inc 103119 fast_inc 0 eta_inc 18476 multi_dec -0 quick_dec -166943 nack_dec -29050
Flow Uec_217_89 flowId 21 uecSrc 20 finished at 708.49 total messages 1 total packets 490 RTS 0 total bytes 2002140 in_flight now 0 fair_inc 33148 prop_inc 18207 fast_inc 0 eta_inc 32184 multi_dec -45758 quick_dec -0 nack_dec -178450
Flow Uec_204_76 flowId 48 uecSrc 47 finished at 716.406 total messages 1 total packets 490 RTS 0 total bytes 2002140 in_flight now 0 fair_inc 48601 prop_inc 24344 fast_inc 0 eta_inc 28608 multi_dec -70975 quick_dec -0 nack_dec -161850
Flow Uec_134_6 flowId 72 uecSrc 71 finished at 719.796 total messages 1 total packets 490 RTS 0 total bytes 2002140 in_flight now 0 fair_inc 43788 prop_inc 84835 fast_inc 0 eta_inc 28608 multi_dec -172275 quick_dec -44 nack_dec -95450
Flow Uec_136_8 flowId 68 uecSrc 67 finished at 726.178 total messages 1 total packets 491 RTS 1 total bytes 2002140 in_flight now 0 fair_inc 28924 prop_inc 104262 fast_inc 0 eta_inc 25628 multi_dec -145250 quick_dec -4106 nack_dec -91300
Flow Uec_213_85 flowId 67 uecSrc 66 finished at 736.122 total messages 1 total packets 490 RTS 0 total bytes 2002140 in_flight now 0 fair_inc 39313 prop_inc 37945 fast_inc 0 eta_inc 33376 multi_dec -67234 quick_dec -0 nack_dec -174300
Flow Uec_148_20 flowId 62 uecSrc 61 finished at 738.51 total messages 1 total packets 492 RTS 2 total bytes 2002140 in_flight now 0 fair_inc 41736 prop_inc 14182 fast_inc 0 eta_inc 29204 multi_dec -70381 quick_dec -0 nack_dec -149400
Flow Uec_19_147 flowId 190 uecSrc 189 finished at 745.693 total messages 1 total packets 502 RTS 12 total bytes 2002140 in_flight now 0 fair_inc 53666 prop_inc 79606 fast_inc 0 eta_inc 30396 multi_dec -93722 quick_dec -33211 nack_dec -4150
Flow Uec_169_41 flowId 179 uecSrc 178 finished at 750.979 total messages 1 total packets 490 RTS 0 total bytes 2002140 in_flight now 0 fair_inc 47515 prop_inc 19422 fast_inc 0 eta_inc 26820 multi_dec -21049 quick_dec -27035 nack_dec -174300
Flow Uec_173_45 flowId 161 uecSrc 160 finished at 760.388 total messages 1 total packets 494 RTS 4 total bytes 2002140 in_flight now 0 fair_inc 35482 prop_inc 33348 fast_inc 0 eta_inc 29800 multi_dec -108530 quick_dec -0 nack_dec -74700
Flow Uec_87_215 flowId 66 uecSrc 65 finished at 764.621 total messages 1 total packets 490 RTS 0 total bytes 2002140 in_flight now 0 fair_inc 49253 prop_inc 1081 fast_inc 0 eta_inc 28608 multi_dec -97269 quick_dec -0 nack_dec -157700
Flow Uec_91_219 flowId 113 uecSrc 112 finished at 778.932 total messages 1 total packets 490 RTS 0 total bytes 2002140 in_flight now 0 fair_inc 60313 prop_inc 1228 fast_inc 0 eta_inc 29204 multi_dec -97065 quick_dec -0 nack_dec -161850
Flow Uec_156_28 flowId 52 uecSrc 51 finished at 781.815 total messages 1 total packets 490 RTS 0 total bytes 2002140 in_flight now 0 fair_inc 45505 prop_inc 37105 fast_inc 11599 eta_inc 28012 multi_dec -138062 quick_dec -0 nack_dec -103750
Flow Uec_44_172 flowId 142 uecSrc 141 finished at 788.225 total messages 1 total packets 493 RTS 3 total bytes 2002140 in_flight now 0 fair_inc 9590 prop_inc 87880 fast_inc 70194 eta_inc 23840 multi_dec -143914 quick_dec -24131 nack_dec -12450
Flow Uec_205_77 flowId 5 uecSrc 4 finished at 790.877 total messages 1 total packets 490 RTS 0 total bytes 2002140 in_flight now 0 fair_inc 63041 prop_inc 40013 fast_inc 0 eta_inc 34568 multi_dec -137204 quick_dec -0 nack_dec -132800
Flow Uec_208_80 flowId 3 uecSrc 2 finished at 795.647 total messages 1 total packets 490 RTS 0 total bytes 2002140 in_flight now 0 fair_inc 51477 prop_inc 38973 fast_inc 0 eta_inc 29204 multi_dec -90088 quick_dec -0 nack_dec -166000
Flow Uec_160_32 flowId 8 uecSrc 7 finished at 812.631 total messages 1 total packets 492 RTS 2 total bytes 2002140 in_flight now 0 fair_inc 30970 prop_inc 64390 fast_inc 0 eta_inc 35164 multi_dec -87922 quick_dec -0 nack_dec -136950
Flow Uec_154_26 flowId 59 uecSrc 58 finished at 839.483 total messages 1 total packets 490 RTS 0 total bytes 2002140 in_flight now 0 fair_inc 39416 prop_inc 69855 fast_inc 5540 eta_inc 29800 multi_dec -119904 quick_dec -461 nack_dec -128650
Flow Uec_80_208 flowId 75 uecSrc 74 finished at 858.826 total messages 1 total packets 490 RTS 0 total bytes 2002140 in_flight now 0 fair_inc 33332 prop_inc 10379 fast_inc 0 eta_inc 36952 multi_dec -48903 quick_dec -0 nack_dec -186750
Flow Uec_210_82 flowId 156 uecSrc 155 finished at 860.427 total messages 1 total packets 490 RTS 0 total bytes 2002140 in_flight now 0 fair_inc 38476 prop_inc 45040 fast_inc 90396 eta_inc 31588 multi_dec -120378 quick_dec -1588 nack_dec -132800
Flow Uec_159_31 flowId 135 uecSrc 134 finished at 873.177 total messages 1 total packets 491 RTS 1 total bytes 2002140 in_flight now 0 fair_inc 24717 prop_inc 37657 fast_inc 169199 eta_inc 31588 multi_dec -115220 quick_dec -6134 nack_dec -120350
Flow Uec_70_198 flowId 178 uecSrc 177 finished at 886.55 total messages 1 total packets 490 RTS 0 total bytes 2002140 in_flight now 0 fair_inc 67288 prop_inc 3203 fast_inc 0 eta_inc 35164 multi_dec -99751 quick_dec -0 nack_dec -170150
Flow Uec_85_213 flowId 35 uecSrc 34 finished at 896.395 total messages 1 total packets 490 RTS 0 total bytes 2002140 in_flight now 0 fair_inc 68120 prop_inc 3366 fast_inc 0 eta_inc 30396 multi_dec -61830 quick_dec --3207 nack_dec -199200
Flow Uec_7_135 flowId 101 uecSrc 100 finished at 902.458 total messages 1 total packets 506 RTS 16 total bytes 2002140 in_flight now -128 fair_inc 20912 prop_inc 142663 fast_inc 0 eta_inc 34568 multi_dec -89226 quick_dec -41412 nack_dec -53950
Flow Uec_95_223 flowId 49 uecSrc 48 finished at 919.409 total messages 1 total packets 490 RTS 0 total bytes 2002140 in_flight now 0 fair_inc 42936 prop_inc 21342 fast_inc 0 eta_inc 29800 multi_dec -85523 quick_dec -0 nack_dec -149400
Flow Uec_225_97 flowId 166 uecSrc 165 finished at 920.551 total messages 1 total packets 490 RTS 0 total bytes 2002140 in_flight now 0 fair_inc 13731 prop_inc 142670 fast_inc 0 eta_inc 32184 multi_dec -148914 quick_dec --1750 nack_dec -99600
Flow Uec_197_69 flowId 186 uecSrc 185 finished at 921.563 total messages 1 total packets 490 RTS 0 total bytes 2002140 in_flight now 0 fair_inc 51989 prop_inc 889 fast_inc 0 eta_inc 27416 multi_dec -100219 quick_dec -0 nack_dec -161850
Flow Uec_68_196 flowId 26 uecSrc 25 finished at 963.982 total messages 1 total packets 490 RTS 0 total bytes 2002140 in_flight now 0 fair_inc 43332 prop_inc 27755 fast_inc 0 eta_inc 33972 multi_dec -51518 quick_dec -95201 nack_dec -149400
Flow Uec_97_225 flowId 126 uecSrc 125 finished at 970.834 total messages 1 total packets 490 RTS 0 total bytes 2002140 in_flight now 0 fair_inc 54423 prop_inc 42109 fast_inc 20204 eta_inc 29800 multi_dec -52492 quick_dec -38293 nack_dec -157700
Flow Uec_73_201 flowId 172 uecSrc 171 finished at 971.493 total messages 1 total packets 490 RTS 0 total bytes 2002140 in_flight now 0 fair_inc 65801 prop_inc 25468 fast_inc 0 eta_inc 29204 multi_dec -62700 quick_dec -85736 nack_dec -145250
Flow Uec_207_79 flowId 112 uecSrc 111 finished at 976.508 total messages 1 total packets 490 RTS 0 total bytes 2002140 in_flight now 0 fair_inc 62273 prop_inc 1174 fast_inc 0 eta_inc 36356 multi_dec -95218 quick_dec -0 nack_dec -170150
Flow Uec_71_199 flowId 185 uecSrc 184 finished at 1012.22 total messages 1 total packets 490 RTS 0 total bytes 2002140 in_flight now 0 fair_inc 64186 prop_inc 38304 fast_inc 52003 eta_inc 31588 multi_dec -53786 quick_dec -119318 nack_dec -141100
Flow Uec_220_92 flowId 158 uecSrc 157 finished at 1024.48 total messages 1 total packets 490 RTS 0 total bytes 2002140 in_flight now 0 fair_inc 78016 prop_inc 4227 fast_inc 0 eta_inc 28608 multi_dec -64464 quick_dec -75047 nack_dec -170150
Flow Uec_75_203 flowId 123 uecSrc 122 finished at 1027.03 total messages 1 total packets 490 RTS 0 total bytes 2002140 in_flight now 0 fair_inc 47830 prop_inc 48801 fast_inc 107574 eta_inc 38740 multi_dec -143811 quick_dec -757 nack_dec -136950
Flow Uec_211_83 flowId 74 uecSrc 73 finished at 1094.69 total messages 1 total packets 490 RTS 0 total bytes 2002140 in_flight now 0 fair_inc 64481 prop_inc 18476 fast_inc 0 eta_inc 32184 multi_dec -65615 quick_dec -34674 nack_dec -174300
Flow Uec_219_91 flowId 97 uecSrc 96 finished at 1130.37 total messages 1 total packets 490 RTS 0 total bytes 2002140 in_flight now 0 fair_inc 73832 prop_inc 25999 fast_inc 0 eta_inc 35760 multi_dec -88998 quick_dec -75445 nack_dec -161850
Flow Uec_215_87 flowId 129 uecSrc 128 finished at 1156.5 total messages 1 total packets 490 RTS 0 total bytes 2002140 in_flight now 0 fair_inc 69985 prop_inc 37843 fast_inc 0 eta_inc 38740 multi_dec -151420 quick_dec --1473 nack_dec -141100
Flow Uec_218_90 flowId 159 uecSrc 158 finished at 1189.89 total messages 1 total packets 490 RTS 0 total bytes 2002140 in_flight now 0 fair_inc 56458 prop_inc 64230 fast_inc 0 eta_inc 36356 multi_dec -68976 quick_dec -50743 nack_dec -174300
.Done
New: 94080 Rtx: 4522 RTS: 221 Bounced: 0 ACKs: 71586 NACKs: 3581 Pulls: 0 sleek_pkts: 0
