traffic matrix input file: connection_matrices/load_sweep/load0.75_n256_seed1.cm
Load balancing algorithm set to reps
no_of_nodes 256
Dragonfly+ strategy: FPAR
Setting queuesize to 50 packets
endtime(us) 100000
random seed 1
Packet size (MTU) is 4150
Parsed args
Logging to reps_dfp_results/reps_withoutnorm256/load0.75_reps_seed1.dat
Loading connection matrix from connection_matrices/load_sweep/load0.75_n256_seed1.cm
Nodes: 256 Connections: 192 Triggers: 0 Failures: 0
Setting ECN low 33200 high 120350
Dragonfly+ with medium topology type
Link latencies: 1 and switch latencies: 0
queue_id 2 ecn_low 33200 ecn_high 120350
DragonFly+ constructor done, 392 nodes created
Note: topology supports 392 hosts; 136 host port(s) will be unused.
network_max_unloaded_rtt 11.6856 us
Setting min RTO to 114.6
Per-hop RTT normalization: OFF (strategy fpar)
Initializing static NSCC parameters: _reference_network_linkspeed=100000000000 _reference_network_rtt=12000000 _reference_network_bdp=150000 _target_Qdelay=8764200 _network_linkspeed=100000000000 _network_rtt=11685600 _network_bdp=146070 _qa_gate=2^3 _qa_threshold=3.50568e+07 _scaling_factor_a=0.9738 _scaling_factor_b=0.73035 _alpha=0.00132632 _fi=19894.7 _eta=596.842 _qa_scaling=1 _gamma=0.8 _fi_scale=0.24345 _delay_alpha=0.0125 _adjust_period_threshold=11685600 _adjust_bytes_threshold=33200
Initialize per-instance NSCC parameters: flowid 1 _base_rtt=11685600 _base_bdp=146070 _bdp=146070 _min_cwnd=4150 _maxwnd=219105 _cwnd=219105
Initialize per-instance NSCC parameters: flowid 2 _base_rtt=11685600 _base_bdp=146070 _bdp=146070 _min_cwnd=4150 _maxwnd=219105 _cwnd=219105
Initialize per-instance NSCC parameters: flowid 3 _base_rtt=11685600 _base_bdp=146070 _bdp=146070 _min_cwnd=4150 _maxwnd=219105 _cwnd=219105
Initialize per-instance NSCC parameters: flowid 4 _base_rtt=11685600 _base_bdp=146070 _bdp=146070 _min_cwnd=4150 _maxwnd=219105 _cwnd=219105
Initialize per-instance NSCC parameters: flowid 5 _base_rtt=11685600 _base_bdp=146070 _bdp=146070 _min_cwnd=4150 _maxwnd=219105 _cwnd=219105
Initialize per-instance NSCC parameters: flowid 6 _base_rtt=11685600 _base_bdp=146070 _bdp=146070 _min_cwnd=4150 _maxwnd=219105 _cwnd=219105
Initialize per-instance NSCC parameters: flowid 7 _base_rtt=11685600 _base_bdp=146070 _bdp=146070 _min_cwnd=4150 _maxwnd=219105 _cwnd=219105
Initialize per-instance NSCC parameters: flowid 8 _base_rtt=11685600 _base_bdp=146070 _bdp=146070 _min_cwnd=4150 _maxwnd=219105 _cwnd=219105
Initialize per-instance NSCC parameters: flowid 9 _base_rtt=11685600 _base_bdp=146070 _bdp=146070 _min_cwnd=4150 _maxwnd=219105 _cwnd=219105
Initialize per-instance NSCC parameters: flowid 10 _base_rtt=11685600 _base_bdp=146070 _bdp=146070 _min_cwnd=4150 _maxwnd=219105 _cwnd=219105
Initialize per-instance NSCC parameters: flowid 11 _base_rtt=11685600 _base_bdp=146070 _bdp=146070 _min_cwnd=4150 _maxwnd=219105 _cwnd=219105
Initialize per-instance NSCC parameters: flowid 12 _base_rtt=11685600 _base_bdp=146070 _bdp=146070 _min_cwnd=4150 _maxwnd=219105 _cwnd=219105
Initialize per-instance NSCC parameters: flowid 13 _base_rtt=11685600 _base_bdp=146070 _bdp=146070 _min_cwnd=4150 _maxwnd=219105 _cwnd=219105
Initialize per-instance NSCC parameters: flowid 14 _base_rtt=11685600 _base_bdp=146070 _bdp=146070 _min_cwnd=4150 _maxwnd=219105 _cwnd=219105
Initialize per-instance NSCC parameters: flowid 15 _base_rtt=11685600 _base_bdp=146070 _bdp=146070 _min_cwnd=4150 _maxwnd=219105 _cwnd=219105
Initialize per-instance NSCC parameters: flowid 16 _base_rtt=11685600 _base_bdp=146070 _bdp=146070 _min_cwnd=4150 _maxwnd=219105 _cwnd=219105
Initialize per-instance NSCC parameters: flowid 17 _base_rtt=11685600 _base_bdp=146070 _bdp=146070 _min_cwnd=4150 _maxwnd=219105 _cwnd=219105
Initialize per-instance NSCC parameters: flowid 18 _base_rtt=11685600 _base_bdp=146070 _bdp=146070 _min_cwnd=4150 _maxwnd=219105 _cwnd=219105
Initialize per-instance NSCC parameters: flowid 19 _base_rtt=11685600 _base_bdp=146070 _bdp=146070 _min_cwnd=4150 _maxwnd=219105 _cwnd=219105
Initialize per-instance NSCC parameters: flowid 20 _base_rtt=11685600 _base_bdp=146070 _bdp=146070 _min_cwnd=4150 _maxwnd=219105 _cwnd=219105
Initialize per-instance NSCC parameters: flowid 21 _base_rtt=11685600 _base_bdp=146070 _bdp=146070 _min_cwnd=4150 _maxwnd=219105 _cwnd=219105
Initialize per-instance NSCC parameters: flowid 22 _base_rtt=11685600 _base_bdp=146070 _bdp=146070 _min_cwnd=4150 _maxwnd=219105 _cwnd=219105
Initialize per-instance NSCC parameters: flowid 23 _base_rtt=11685600 _base_bdp=146070 _bdp=146070 _min_cwnd=4150 _maxwnd=219105 _cwnd=219105
Initialize per-instance NSCC parameters: flowid 24 _base_rtt=11685600 _base_bdp=146070 _bdp=146070 _min_cwnd=4150 _maxwnd=219105 _cwnd=219105
Initialize per-instance NSCC parameters: flowid 25 _base_rtt=11685600 _base_bdp=146070 _bdp=146070 _min_cwnd=4150 _maxwnd=219105 _cwnd=219105
Initialize per-instance NSCC parameters: flowid 26 _base_rtt=11685600 _base_bdp=146070 _bdp=146070 _min_cwnd=4150 _maxwnd=219105 _cwnd=219105
Initialize per-instance NSCC parameters: flowid 27 _base_rtt=11685600 _base_bdp=146070 _bdp=146070 _min_cwnd=4150 _maxwnd=219105 _cwnd=219105
Initialize per-instance NSCC parameters: flowid 28 _base_rtt=11685600 _base_bdp=146070 _bdp=146070 _min_cwnd=4150 _maxwnd=219105 _cwnd=219105
Initialize per-instance NSCC parameters: flowid 29 _base_rtt=11685600 _base_bdp=146070 _bdp=146070 _min_cwnd=4150 _maxwnd=219105 _cwnd=219105
Initialize per-instance NSCC parameters: flowid 30 _base_rtt=11685600 _base_bdp=146070 _bdp=146070 _min_cwnd=4150 _maxwnd=219105 _cwnd=219105
Initialize per-instance NSCC parameters: flowid 31 _base_rtt=11685600 _base_bdp=146070 _bdp=146070 _min_cwnd=4150 _maxwnd=219105 _cwnd=219105
Initialize per-instance NSCC parameters: flowid 32 _base_rtt=11685600 _base_bdp=146070 _bdp=146070 _min_cwnd=4150 _maxwnd=219105 _cwnd=219105
Initialize per-instance NSCC parameters: flowid 33 _base_rtt=11685600 _base_bdp=146070 _bdp=146070 _min_cwnd=4150 _maxwnd=219105 _cwnd=219105
Initialize per-instance NSCC parameters: flowid 34 _base_rtt=11685600 _base_bdp=146070 _bdp=146070 _min_cwnd=4150 _maxwnd=219105 _cwnd=219105
Initialize per-instance NSCC parameters: flowid 35 _base_rtt=11685600 _base_bdp=146070 _bdp=146070 _min_cwnd=4150 _maxwnd=219105 _cwnd=219105
Initialize per-instance NSCC parameters: flowid 36 _base_rtt=11685600 _base_bdp=146070 _bdp=146070 _min_cwnd=4150 _maxwnd=219105 _cwnd=219105
Initialize per-instance NSCC parameters: flowid 37 _base_rtt=11685600 _base_bdp=146070 _bdp=146070 _min_cwnd=4150 _maxwnd=219105 _cwnd=219105
Initialize per-instance NSCC parameters: flowid 38 _base_rtt=11685600 _base_bdp=146070 _bdp=146070 _min_cwnd=4150 _maxwnd=219105 _cwnd=219105
Initialize per-instance NSCC parameters: flowid 39 _base_rtt=11685600 _base_bdp=146070 _bdp=146070 _min_cwnd=4150 _maxwnd=219105 _cwnd=219105
Initialize per-instance NSCC parameters: flowid 40 _base_rtt=11685600 _base_bdp=146070 _bdp=146070 _min_cwnd=4150 _maxwnd=219105 _cwnd=219105
Initialize per-instance NSCC parameters: flowid 41 _base_rtt=11685600 _base_bdp=146070 _bdp=146070 _min_cwnd=4150 _maxwnd=219105 _cwnd=219105
Initialize per-instance NSCC parameters: flowid 42 _base_rtt=11685600 _base_bdp=146070 _bdp=146070 _min_cwnd=4150 _maxwnd=219105 _cwnd=219105
Initialize per-instance NSCC parameters: flowid 43 _base_rtt=11685600 _base_bdp=146070 _bdp=146070 _min_cwnd=4150 _maxwnd=219105 _cwnd=219105
Initialize per-instance NSCC parameters: flowid 44 _base_rtt=11685600 _base_bdp=146070 _bdp=146070 _min_cwnd=4150 _maxwnd=219105 _cwnd=219105
Initialize per-instance NSCC parameters: flowid 45 _base_rtt=11685600 _base_bdp=146070 _bdp=146070 _min_cwnd=4150 _maxwnd=219105 _cwnd=219105
Initialize per-instance NSCC parameters: flowid 46 _base_rtt=11685600 _base_bdp=146070 _bdp=146070 _min_cwnd=4150 _maxwnd=219105 _cwnd=219105
Initialize per-instance NSCC parameters: flowid 47 _base_rtt=11685600 _base_bdp=146070 _bdp=146070 _min_cwnd=4150 _maxwnd=219105 _cwnd=219105
Initialize per-instance NSCC parameters: flowid 48 _base_rtt=11685600 _base_bdp=146070 _bdp=146070 _min_cwnd=4150 _maxwnd=219105 _cwnd=219105
Initialize per-instance NSCC parameters: flowid 49 _base_rtt=11685600 _base_bdp=146070 _bdp=146070 _min_cwnd=4150 _maxwnd=219105 _cwnd=219105
Initialize per-instance NSCC parameters: flowid 50 _base_rtt=11685600 _base_bdp=146070 _bdp=146070 _min_cwnd=4150 _maxwnd=219105 _cwnd=219105
Initialize per-instance NSCC parameters: flowid 51 _base_rtt=11685600 _base_bdp=146070 _bdp=146070 _min_cwnd=4150 _maxwnd=219105 _cwnd=219105
Initialize per-instance NSCC parameters: flowid 52 _base_rtt=11685600 _base_bdp=146070 _bdp=146070 _min_cwnd=4150 _maxwnd=219105 _cwnd=219105
Initialize per-instance NSCC parameters: flowid 53 _base_rtt=11685600 _base_bdp=146070 _bdp=146070 _min_cwnd=4150 _maxwnd=219105 _cwnd=219105
Initialize per-instance NSCC parameters: flowid 54 _base_rtt=11685600 _base_bdp=146070 _bdp=146070 _min_cwnd=4150 _maxwnd=219105 _cwnd=219105
Initialize per-instance NSCC parameters: flowid 55 _base_rtt=11685600 _base_bdp=146070 _bdp=146070 _min_cwnd=4150 _maxwnd=219105 _cwnd=219105
Initialize per-instance NSCC parameters: flowid 56 _base_rtt=11685600 _base_bdp=146070 _bdp=146070 _min_cwnd=4150 _maxwnd=219105 _cwnd=219105
Initialize per-instance NSCC parameters: flowid 57 _base_rtt=11685600 _base_bdp=146070 _bdp=146070 _min_cwnd=4150 _maxwnd=219105 _cwnd=219105
Initialize per-instance NSCC parameters: flowid 58 _base_rtt=11685600 _base_bdp=146070 _bdp=146070 _min_cwnd=4150 _maxwnd=219105 _cwnd=219105
Initialize per-instance NSCC parameters: flowid 59 _base_rtt=11685600 _base_bdp=146070 _bdp=146070 _min_cwnd=4150 _maxwnd=219105 _cwnd=219105
Initialize per-instance NSCC parameters: flowid 60 _base_rtt=11685600 _base_bdp=146070 _bdp=146070 _min_cwnd=4150 _maxwnd=219105 _cwnd=219105
Initialize per-instance NSCC parameters: flowid 61 _base_rtt=11685600 _base_bdp=146070 _bdp=146070 _min_cwnd=4150 _maxwnd=219105 _cwnd=219105
Initialize per-instance NSCC parameters: flowid 62 _base_rtt=11685600 _base_bdp=146070 _bdp=146070 _min_cwnd=4150 _maxwnd=219105 _cwnd=219105
Initialize per-instance NSCC parameters: flowid 63 _base_rtt=11685600 _base_bdp=146070 _bdp=146070 _min_cwnd=4150 _maxwnd=219105 _cwnd=219105
Initialize per-instance NSCC parameters: flowid 64 _base_rtt=11685600 _base_bdp=146070 _bdp=146070 _min_cwnd=4150 _maxwnd=219105 _cwnd=219105
Initialize per-instance NSCC parameters: flowid 65 _base_rtt=11685600 _base_bdp=146070 _bdp=146070 _min_cwnd=4150 _maxwnd=219105 _cwnd=219105
Initialize per-instance NSCC parameters: flowid 66 _base_rtt=11685600 _base_bdp=146070 _bdp=146070 _min_cwnd=4150 _maxwnd=219105 _cwnd=219105
Initialize per-instance NSCC parameters: flowid 67 _base_rtt=11685600 _base_bdp=146070 _bdp=146070 _min_cwnd=4150 _maxwnd=219105 _cwnd=219105
Initialize per-instance NSCC parameters: flowid 68 _base_rtt=11685600 _base_bdp=146070 _bdp=146070 _min_cwnd=4150 _maxwnd=219105 _cwnd=219105
Initialize per-instance NSCC parameters: flowid 69 _base_rtt=11685600 _base_bdp=146070 _bdp=146070 _min_cwnd=4150 _maxwnd=219105 _cwnd=219105
Initialize per-instance NSCC parameters: flowid 70 _base_rtt=11685600 _base_bdp=146070 _bdp=146070 _min_cwnd=4150 _maxwnd=219105 _cwnd=219105
Initialize per-instance NSCC parameters: flowid 71 _base_rtt=11685600 _base_bdp=146070 _bdp=146070 _min_cwnd=4150 _maxwnd=219105 _cwnd=219105
Initialize per-instance NSCC parameters: flowid 72 _base_rtt=11685600 _base_bdp=146070 _bdp=146070 _min_cwnd=4150 _maxwnd=219105 _cwnd=219105
Initialize per-instance NSCC parameters: flowid 73 _base_rtt=11685600 _base_bdp=146070 _bdp=146070 _min_cwnd=4150 _maxwnd=219105 _cwnd=219105
Initialize per-instance NSCC parameters: flowid 74 _base_rtt=11685600 _base_bdp=146070 _bdp=146070 _min_cwnd=4150 _maxwnd=219105 _cwnd=219105
Initialize per-instance NSCC parameters: flowid 75 _base_rtt=11685600 _base_bdp=146070 _bdp=146070 _min_cwnd=4150 _maxwnd=219105 _cwnd=219105
Initialize per-instance NSCC parameters: flowid 76 _base_rtt=11685600 _base_bdp=146070 _bdp=146070 _min_cwnd=4150 _maxwnd=219105 _cwnd=219105
Initialize per-instance NSCC parameters: flowid 77 _base_rtt=11685600 _base_bdp=146070 _bdp=146070 _min_cwnd=4150 _maxwnd=219105 _cwnd=219105
Initialize per-instance NSCC parameters: flowid 78 _base_rtt=11685600 _base_bdp=146070 _bdp=146070 _min_cwnd=4150 _maxwnd=219105 _cwnd=219105
Initialize per-instance NSCC parameters: flowid 79 _base_rtt=11685600 _base_bdp=146070 _bdp=146070 _min_cwnd=4150 _maxwnd=219105 _cwnd=219105
Initialize per-instance NSCC parameters: flowid 80 _base_rtt=11685600 _base_bdp=146070 _bdp=146070 _min_cwnd=4150 _maxwnd=219105 _cwnd=219105
Initialize per-instance NSCC parameters: flowid 81 _base_rtt=11685600 _base_bdp=146070 _bdp=146070 _min_cwnd=4150 _maxwnd=219105 _cwnd=219105
Initialize per-instance NSCC parameters: flowid 82 _base_rtt=11685600 _base_bdp=146070 _bdp=146070 _min_cwnd=4150 _maxwnd=219105 _cwnd=219105
Initialize per-instance NSCC parameters: flowid 83 _base_rtt=11685600 _base_bdp=146070 _bdp=146070 _min_cwnd=4150 _maxwnd=219105 _cwnd=219105
Initialize per-instance NSCC parameters: flowid 84 _base_rtt=11685600 _base_bdp=146070 _bdp=146070 _min_cwnd=4150 _maxwnd=219105 _cwnd=219105
Initialize per-instance NSCC parameters: flowid 85 _base_rtt=11685600 _base_bdp=146070 _bdp=146070 _min_cwnd=4150 _maxwnd=219105 _cwnd=219105
Initialize per-instance NSCC parameters: flowid 86 _base_rtt=11685600 _base_bdp=146070 _bdp=146070 _min_cwnd=4150 _maxwnd=219105 _cwnd=219105
Initialize per-instance NSCC parameters: flowid 87 _base_rtt=11685600 _base_bdp=146070 _bdp=146070 _min_cwnd=4150 _maxwnd=219105 _cwnd=219105
Initialize per-instance NSCC parameters: flowid 88 _base_rtt=11685600 _base_bdp=146070 _bdp=146070 _min_cwnd=4150 _maxwnd=219105 _cwnd=219105
Initialize per-instance NSCC parameters: flowid 89 _base_rtt=11685600 _base_bdp=146070 _bdp=146070 _min_cwnd=4150 _maxwnd=219105 _cwnd=219105
Initialize per-instance NSCC parameters: flowid 90 _base_rtt=11685600 _base_bdp=146070 _bdp=146070 _min_cwnd=4150 _maxwnd=219105 _cwnd=219105
Initialize per-instance NSCC parameters: flowid 91 _base_rtt=11685600 _base_bdp=146070 _bdp=146070 _min_cwnd=4150 _maxwnd=219105 _cwnd=219105
Initialize per-instance NSCC parameters: flowid 92 _base_rtt=11685600 _base_bdp=146070 _bdp=146070 _min_cwnd=4150 _maxwnd=219105 _cwnd=219105
Initialize per-instance NSCC parameters: flowid 93 _base_rtt=11685600 _base_bdp=146070 _bdp=146070 _min_cwnd=4150 _maxwnd=219105 _cwnd=219105
Initialize per-instance NSCC parameters: flowid 94 _base_rtt=11685600 _base_bdp=146070 _bdp=146070 _min_cwnd=4150 _maxwnd=219105 _cwnd=219105
Initialize per-instance NSCC parameters: flowid 95 _base_rtt=11685600 _base_bdp=146070 _bdp=146070 _min_cwnd=4150 _maxwnd=219105 _cwnd=219105
Initialize per-instance NSCC parameters: flowid 96 _base_rtt=11685600 _base_bdp=146070 _bdp=146070 _min_cwnd=4150 _maxwnd=219105 _cwnd=219105
Initialize per-instance NSCC parameters: flowid 97 _base_rtt=11685600 _base_bdp=146070 _bdp=146070 _min_cwnd=4150 _maxwnd=219105 _cwnd=219105
Initialize per-instance NSCC parameters: flowid 98 _base_rtt=11685600 _base_bdp=146070 _bdp=146070 _min_cwnd=4150 _maxwnd=219105 _cwnd=219105
Initialize per-instance NSCC parameters: flowid 99 _base_rtt=11685600 _base_bdp=146070 _bdp=146070 _min_cwnd=4150 _maxwnd=219105 _cwnd=219105
Initialize per-instance NSCC parameters: flowid 100 _base_rtt=11685600 _base_bdp=146070 _bdp=146070 _min_cwnd=4150 _maxwnd=219105 _cwnd=219105
Initialize per-instance NSCC parameters: flowid 101 _base_rtt=11685600 _base_bdp=146070 _bdp=146070 _min_cwnd=4150 _maxwnd=219105 _cwnd=219105
Initialize per-instance NSCC parameters: flowid 102 _base_rtt=11685600 _base_bdp=146070 _bdp=146070 _min_cwnd=4150 _maxwnd=219105 _cwnd=219105
Initialize per-instance NSCC parameters: flowid 103 _base_rtt=11685600 _base_bdp=146070 _bdp=146070 _min_cwnd=4150 _maxwnd=219105 _cwnd=219105
Initialize per-instance NSCC parameters: flowid 104 _base_rtt=11685600 _base_bdp=146070 _bdp=146070 _min_cwnd=4150 _maxwnd=219105 _cwnd=219105
Initialize per-instance NSCC parameters: flowid 105 _base_rtt=11685600 _base_bdp=146070 _bdp=146070 _min_cwnd=4150 _maxwnd=219105 _cwnd=219105
Initialize per-instance NSCC parameters: flowid 106 _base_rtt=11685600 _base_bdp=146070 _bdp=146070 _min_cwnd=4150 _maxwnd=219105 _cwnd=219105
Initialize per-instance NSCC parameters: flowid 107 _base_rtt=11685600 _base_bdp=146070 _bdp=146070 _min_cwnd=4150 _maxwnd=219105 _cwnd=219105
Initialize per-instance NSCC parameters: flowid 108 _base_rtt=11685600 _base_bdp=146070 _bdp=146070 _min_cwnd=4150 _maxwnd=219105 _cwnd=219105
Initialize per-instance NSCC parameters: flowid 109 _base_rtt=11685600 _base_bdp=146070 _bdp=146070 _min_cwnd=4150 _maxwnd=219105 _cwnd=219105
Initialize per-instance NSCC parameters: flowid 110 _base_rtt=11685600 _base_bdp=146070 _bdp=146070 _min_cwnd=4150 _maxwnd=219105 _cwnd=219105
Initialize per-instance NSCC parameters: flowid 111 _base_rtt=11685600 _base_bdp=146070 _bdp=146070 _min_cwnd=4150 _maxwnd=219105 _cwnd=219105
Initialize per-instance NSCC parameters: flowid 112 _base_rtt=11685600 _base_bdp=146070 _bdp=146070 _min_cwnd=4150 _maxwnd=219105 _cwnd=219105
Initialize per-instance NSCC parameters: flowid 113 _base_rtt=11685600 _base_bdp=146070 _bdp=146070 _min_cwnd=4150 _maxwnd=219105 _cwnd=219105
Initialize per-instance NSCC parameters: flowid 114 _base_rtt=11685600 _base_bdp=146070 _bdp=146070 _min_cwnd=4150 _maxwnd=219105 _cwnd=219105
Initialize per-instance NSCC parameters: flowid 115 _base_rtt=11685600 _base_bdp=146070 _bdp=146070 _min_cwnd=4150 _maxwnd=219105 _cwnd=219105
Initialize per-instance NSCC parameters: flowid 116 _base_rtt=11685600 _base_bdp=146070 _bdp=146070 _min_cwnd=4150 _maxwnd=219105 _cwnd=219105
Initialize per-instance NSCC parameters: flowid 117 _base_rtt=11685600 _base_bdp=146070 _bdp=146070 _min_cwnd=4150 _maxwnd=219105 _cwnd=219105
Initialize per-instance NSCC parameters: flowid 118 _base_rtt=11685600 _base_bdp=146070 _bdp=146070 _min_cwnd=4150 _maxwnd=219105 _cwnd=219105
Initialize per-instance NSCC parameters: flowid 119 _base_rtt=11685600 _base_bdp=146070 _bdp=146070 _min_cwnd=4150 _maxwnd=219105 _cwnd=219105
Initialize per-instance NSCC parameters: flowid 120 _base_rtt=11685600 _base_bdp=146070 _bdp=146070 _min_cwnd=4150 _maxwnd=219105 _cwnd=219105
Initialize per-instance NSCC parameters: flowid 121 _base_rtt=11685600 _base_bdp=146070 _bdp=146070 _min_cwnd=4150 _maxwnd=219105 _cwnd=219105
Initialize per-instance NSCC parameters: flowid 122 _base_rtt=11685600 _base_bdp=146070 _bdp=146070 _min_cwnd=4150 _maxwnd=219105 _cwnd=219105
Initialize per-instance NSCC parameters: flowid 123 _base_rtt=11685600 _base_bdp=146070 _bdp=146070 _min_cwnd=4150 _maxwnd=219105 _cwnd=219105
Initialize per-instance NSCC parameters: flowid 124 _base_rtt=11685600 _base_bdp=146070 _bdp=146070 _min_cwnd=4150 _maxwnd=219105 _cwnd=219105
Initialize per-instance NSCC parameters: flowid 125 _base_rtt=11685600 _base_bdp=146070 _bdp=146070 _min_cwnd=4150 _maxwnd=219105 _cwnd=219105
Initialize per-instance NSCC parameters: flowid 126 _base_rtt=11685600 _base_bdp=146070 _bdp=146070 _min_cwnd=4150 _maxwnd=219105 _cwnd=219105
Initialize per-instance NSCC parameters: flowid 127 _base_rtt=11685600 _base_bdp=146070 _bdp=146070 _min_cwnd=4150 _maxwnd=219105 _cwnd=219105
Initialize per-instance NSCC parameters: flowid 128 _base_rtt=11685600 _base_bdp=146070 _bdp=146070 _min_cwnd=4150 _maxwnd=219105 _cwnd=219105
Initialize per-instance NSCC parameters: flowid 129 _base_rtt=11685600 _base_bdp=146070 _bdp=146070 _min_cwnd=4150 _maxwnd=219105 _cwnd=219105
Initialize per-instance NSCC parameters: flowid 130 _base_rtt=11685600 _base_bdp=146070 _bdp=146070 _min_cwnd=4150 _maxwnd=219105 _cwnd=219105
Initialize per-instance NSCC parameters: flowid 131 _base_rtt=11685600 _base_bdp=146070 _bdp=146070 _min_cwnd=4150 _maxwnd=219105 _cwnd=219105
Initialize per-instance NSCC parameters: flowid 132 _base_rtt=11685600 _base_bdp=146070 _bdp=146070 _min_cwnd=4150 _maxwnd=219105 _cwnd=219105
Initialize per-instance NSCC parameters: flowid 133 _base_rtt=11685600 _base_bdp=146070 _bdp=146070 _min_cwnd=4150 _maxwnd=219105 _cwnd=219105
Initialize per-instance NSCC parameters: flowid 134 _base_rtt=11685600 _base_bdp=146070 _bdp=146070 _min_cwnd=4150 _maxwnd=219105 _cwnd=219105
Initialize per-instance NSCC parameters: flowid 135 _base_rtt=11685600 _base_bdp=146070 _bdp=146070 _min_cwnd=4150 _maxwnd=219105 _cwnd=219105
Initialize per-instance NSCC parameters: flowid 136 _base_rtt=11685600 _base_bdp=146070 _bdp=146070 _min_cwnd=4150 _maxwnd=219105 _cwnd=219105
Initialize per-instance NSCC parameters: flowid 137 _base_rtt=11685600 _base_bdp=146070 _bdp=146070 _min_cwnd=4150 _maxwnd=219105 _cwnd=219105
Initialize per-instance NSCC parameters: flowid 138 _base_rtt=11685600 _base_bdp=146070 _bdp=146070 _min_cwnd=4150 _maxwnd=219105 _cwnd=219105
Initialize per-instance NSCC parameters: flowid 139 _base_rtt=11685600 _base_bdp=146070 _bdp=146070 _min_cwnd=4150 _maxwnd=219105 _cwnd=219105
Initialize per-instance NSCC parameters: flowid 140 _base_rtt=11685600 _base_bdp=146070 _bdp=146070 _min_cwnd=4150 _maxwnd=219105 _cwnd=219105
Initialize per-instance NSCC parameters: flowid 141 _base_rtt=11685600 _base_bdp=146070 _bdp=146070 _min_cwnd=4150 _maxwnd=219105 _cwnd=219105
Initialize per-instance NSCC parameters: flowid 142 _base_rtt=11685600 _base_bdp=146070 _bdp=146070 _min_cwnd=4150 _maxwnd=219105 _cwnd=219105
Initialize per-instance NSCC parameters: flowid 143 _base_rtt=11685600 _base_bdp=146070 _bdp=146070 _min_cwnd=4150 _maxwnd=219105 _cwnd=219105
Initialize per-instance NSCC parameters: flowid 144 _base_rtt=11685600 _base_bdp=146070 _bdp=146070 _min_cwnd=4150 _maxwnd=219105 _cwnd=219105
Initialize per-instance NSCC parameters: flowid 145 _base_rtt=11685600 _base_bdp=146070 _bdp=146070 _min_cwnd=4150 _maxwnd=219105 _cwnd=219105
Initialize per-instance NSCC parameters: flowid 146 _base_rtt=11685600 _base_bdp=146070 _bdp=146070 _min_cwnd=4150 _maxwnd=219105 _cwnd=219105
Initialize per-instance NSCC parameters: flowid 147 _base_rtt=11685600 _base_bdp=146070 _bdp=146070 _min_cwnd=4150 _maxwnd=219105 _cwnd=219105
Initialize per-instance NSCC parameters: flowid 148 _base_rtt=11685600 _base_bdp=146070 _bdp=146070 _min_cwnd=4150 _maxwnd=219105 _cwnd=219105
Initialize per-instance NSCC parameters: flowid 149 _base_rtt=11685600 _base_bdp=146070 _bdp=146070 _min_cwnd=4150 _maxwnd=219105 _cwnd=219105
Initialize per-instance NSCC parameters: flowid 150 _base_rtt=11685600 _base_bdp=146070 _bdp=146070 _min_cwnd=4150 _maxwnd=219105 _cwnd=219105
Initialize per-instance NSCC parameters: flowid 151 _base_rtt=11685600 _base_bdp=146070 _bdp=146070 _min_cwnd=4150 _maxwnd=219105 _cwnd=219105
Initialize per-instance NSCC parameters: flowid 152 _base_rtt=11685600 _base_bdp=146070 _bdp=146070 _min_cwnd=4150 _maxwnd=219105 _cwnd=219105
Initialize per-instance NSCC parameters: flowid 153 _base_rtt=11685600 _base_bdp=146070 _bdp=146070 _min_cwnd=4150 _maxwnd=219105 _cwnd=219105
Initialize per-instance NSCC parameters: flowid 154 _base_rtt=11685600 _base_bdp=146070 _bdp=146070 _min_cwnd=4150 _maxwnd=219105 _cwnd=219105
Initialize per-instance NSCC parameters: flowid 155 _base_rtt=11685600 _base_bdp=146070 _bdp=146070 _min_cwnd=4150 _maxwnd=219105 _cwnd=219105
Initialize per-instance NSCC parameters: flowid 156 _base_rtt=11685600 _base_bdp=146070 _bdp=146070 _min_cwnd=4150 _maxwnd=219105 _cwnd=219105
Initialize per-instance NSCC parameters: flowid 157 _base_rtt=11685600 _base_bdp=146070 _bdp=146070 _min_cwnd=4150 _maxwnd=219105 _cwnd=219105
Initialize per-instance NSCC parameters: flowid 158 _base_rtt=11685600 _base_bdp=146070 _bdp=146070 _min_cwnd=4150 _maxwnd=219105 _cwnd=219105
Initialize per-instance NSCC parameters: flowid 159 _base_rtt=11685600 _base_bdp=146070 _bdp=146070 _min_cwnd=4150 _maxwnd=219105 _cwnd=219105
Initialize per-instance NSCC parameters: flowid 160 _base_rtt=11685600 _base_bdp=146070 _bdp=146070 _min_cwnd=4150 _maxwnd=219105 _cwnd=219105
Initialize per-instance NSCC parameters: flowid 161 _base_rtt=11685600 _base_bdp=146070 _bdp=146070 _min_cwnd=4150 _maxwnd=219105 _cwnd=219105
Initialize per-instance NSCC parameters: flowid 162 _base_rtt=11685600 _base_bdp=146070 _bdp=146070 _min_cwnd=4150 _maxwnd=219105 _cwnd=219105
Initialize per-instance NSCC parameters: flowid 163 _base_rtt=11685600 _base_bdp=146070 _bdp=146070 _min_cwnd=4150 _maxwnd=219105 _cwnd=219105
Initialize per-instance NSCC parameters: flowid 164 _base_rtt=11685600 _base_bdp=146070 _bdp=146070 _min_cwnd=4150 _maxwnd=219105 _cwnd=219105
Initialize per-instance NSCC parameters: flowid 165 _base_rtt=11685600 _base_bdp=146070 _bdp=146070 _min_cwnd=4150 _maxwnd=219105 _cwnd=219105
Initialize per-instance NSCC parameters: flowid 166 _base_rtt=11685600 _base_bdp=146070 _bdp=146070 _min_cwnd=4150 _maxwnd=219105 _cwnd=219105
Initialize per-instance NSCC parameters: flowid 167 _base_rtt=11685600 _base_bdp=146070 _bdp=146070 _min_cwnd=4150 _maxwnd=219105 _cwnd=219105
Initialize per-instance NSCC parameters: flowid 168 _base_rtt=11685600 _base_bdp=146070 _bdp=146070 _min_cwnd=4150 _maxwnd=219105 _cwnd=219105
Initialize per-instance NSCC parameters: flowid 169 _base_rtt=11685600 _base_bdp=146070 _bdp=146070 _min_cwnd=4150 _maxwnd=219105 _cwnd=219105
Initialize per-instance NSCC parameters: flowid 170 _base_rtt=11685600 _base_bdp=146070 _bdp=146070 _min_cwnd=4150 _maxwnd=219105 _cwnd=219105
Initialize per-instance NSCC parameters: flowid 171 _base_rtt=11685600 _base_bdp=146070 _bdp=146070 _min_cwnd=4150 _maxwnd=219105 _cwnd=219105
Initialize per-instance NSCC parameters: flowid 172 _base_rtt=11685600 _base_bdp=146070 _bdp=146070 _min_cwnd=4150 _maxwnd=219105 _cwnd=219105
Initialize per-instance NSCC parameters: flowid 173 _base_rtt=11685600 _base_bdp=146070 _bdp=146070 _min_cwnd=4150 _maxwnd=219105 _cwnd=219105
Initialize per-instance NSCC parameters: flowid 174 _base_rtt=11685600 _base_bdp=146070 _bdp=146070 _min_cwnd=4150 _maxwnd=219105 _cwnd=219105
Initialize per-instance NSCC parameters: flowid 175 _base_rtt=11685600 _base_bdp=146070 _bdp=146070 _min_cwnd=4150 _maxwnd=219105 _cwnd=219105
Initialize per-instance NSCC parameters: flowid 176 _base_rtt=11685600 _base_bdp=146070 _bdp=146070 _min_cwnd=4150 _maxwnd=219105 _cwnd=219105
Initialize per-instance NSCC parameters: flowid 177 _base_rtt=11685600 _base_bdp=146070 _bdp=146070 _min_cwnd=4150 _maxwnd=219105 _cwnd=219105
Initialize per-instance NSCC parameters: flowid 178 _base_rtt=11685600 _base_bdp=146070 _bdp=146070 _min_cwnd=4150 _maxwnd=219105 _cwnd=219105
Initialize per-instance NSCC parameters: flowid 179 _base_rtt=11685600 _base_bdp=146070 _bdp=146070 _min_cwnd=4150 _maxwnd=219105 _cwnd=219105
Initialize per-instance NSCC parameters: flowid 180 _base_rtt=11685600 _base_bdp=146070 _bdp=146070 _min_cwnd=4150 _maxwnd=219105 _cwnd=219105
Initialize per-instance NSCC parameters: flowid 181 _base_rtt=11685600 _base_bdp=146070 _bdp=146070 _min_cwnd=4150 _maxwnd=219105 _cwnd=219105
Initialize per-instance NSCC parameters: flowid 182 _base_rtt=11685600 _base_bdp=146070 _bdp=146070 _min_cwnd=4150 _maxwnd=219105 _cwnd=219105
Initialize per-instance NSCC parameters: flowid 183 _base_rtt=11685600 _base_bdp=146070 _bdp=146070 _min_cwnd=4150 _maxwnd=219105 _cwnd=219105
Initialize per-instance NSCC parameters: flowid 184 _base_rtt=11685600 _base_bdp=146070 _bdp=146070 _min_cwnd=4150 _maxwnd=219105 _cwnd=219105
Initialize per-instance NSCC parameters: flowid 185 _base_rtt=11685600 _base_bdp=146070 _bdp=146070 _min_cwnd=4150 _maxwnd=219105 _cwnd=219105
Initialize per-instance NSCC parameters: flowid 186 _base_rtt=11685600 _base_bdp=146070 _bdp=146070 _min_cwnd=4150 _maxwnd=219105 _cwnd=219105
Initialize per-instance NSCC parameters: flowid 187 _base_rtt=11685600 _base_bdp=146070 _bdp=146070 _min_cwnd=4150 _maxwnd=219105 _cwnd=219105
Initialize per-instance NSCC parameters: flowid 188 _base_rtt=11685600 _base_bdp=146070 _bdp=146070 _min_cwnd=4150 _maxwnd=219105 _cwnd=219105
Initialize per-instance NSCC parameters: flowid 189 _base_rtt=11685600 _base_bdp=146070 _bdp=146070 _min_cwnd=4150 _maxwnd=219105 _cwnd=219105
Initialize per-instance NSCC parameters: flowid 190 _base_rtt=11685600 _base_bdp=146070 _bdp=146070 _min_cwnd=4150 _maxwnd=219105 _cwnd=219105
Initialize per-instance NSCC parameters: flowid 191 _base_rtt=11685600 _base_bdp=146070 _bdp=146070 _min_cwnd=4150 _maxwnd=219105 _cwnd=219105
Initialize per-instance NSCC parameters: flowid 192 _base_rtt=11685600 _base_bdp=146070 _bdp=146070 _min_cwnd=4150 _maxwnd=219105 _cwnd=219105
Starting simulation
Flow Uec_12_140 flowId 1 uecSrc 0 starting at 0
Flow Uec_147_19 flowId 2 uecSrc 1 starting at 0
Flow Uec_252_124 flowId 3 uecSrc 2 starting at 0
Flow Uec_193_65 flowId 4 uecSrc 3 starting at 0
Flow Uec_175_47 flowId 5 uecSrc 4 starting at 0
Flow Uec_214_86 flowId 6 uecSrc 5 starting at 0
Flow Uec_36_164 flowId 7 uecSrc 6 starting at 0
Flow Uec_246_118 flowId 8 uecSrc 7 starting at 0
Flow Uec_157_29 flowId 9 uecSrc 8 starting at 0
Flow Uec_179_51 flowId 10 uecSrc 9 starting at 0
Flow Uec_245_117 flowId 11 uecSrc 10 starting at 0
Flow Uec_81_209 flowId 12 uecSrc 11 starting at 0
Flow Uec_18_146 flowId 13 uecSrc 12 starting at 0
Flow Uec_168_40 flowId 14 uecSrc 13 starting at 0
Flow Uec_152_24 flowId 15 uecSrc 14 starting at 0
Flow Uec_35_163 flowId 16 uecSrc 15 starting at 0
Flow Uec_162_34 flowId 17 uecSrc 16 starting at 0
Flow Uec_164_36 flowId 18 uecSrc 17 starting at 0
Flow Uec_84_212 flowId 19 uecSrc 18 starting at 0
Flow Uec_96_224 flowId 20 uecSrc 19 starting at 0
Flow Uec_34_162 flowId 21 uecSrc 20 starting at 0
Flow Uec_171_43 flowId 22 uecSrc 21 starting at 0
Flow Uec_23_151 flowId 23 uecSrc 22 starting at 0
Flow Uec_137_9 flowId 24 uecSrc 23 starting at 0
Flow Uec_247_119 flowId 25 uecSrc 24 starting at 0
Flow Uec_148_20 flowId 26 uecSrc 25 starting at 0
Flow Uec_242_114 flowId 27 uecSrc 26 starting at 0
Flow Uec_40_168 flowId 28 uecSrc 27 starting at 0
Flow Uec_142_14 flowId 29 uecSrc 28 starting at 0
Flow Uec_69_197 flowId 30 uecSrc 29 starting at 0
Flow Uec_251_123 flowId 31 uecSrc 30 starting at 0
Flow Uec_77_205 flowId 32 uecSrc 31 starting at 0
Flow Uec_254_126 flowId 33 uecSrc 32 starting at 0
Flow Uec_228_100 flowId 34 uecSrc 33 starting at 0
Flow Uec_28_156 flowId 35 uecSrc 34 starting at 0
Flow Uec_156_28 flowId 36 uecSrc 35 starting at 0
Flow Uec_149_21 flowId 37 uecSrc 36 starting at 0
Flow Uec_196_68 flowId 38 uecSrc 37 starting at 0
Flow Uec_151_23 flowId 39 uecSrc 38 starting at 0
Flow Uec_109_237 flowId 40 uecSrc 39 starting at 0
Flow Uec_37_165 flowId 41 uecSrc 40 starting at 0
Flow Uec_219_91 flowId 42 uecSrc 41 starting at 0
Flow Uec_227_99 flowId 43 uecSrc 42 starting at 0
Flow Uec_185_57 flowId 44 uecSrc 43 starting at 0
Flow Uec_80_208 flowId 45 uecSrc 44 starting at 0
Flow Uec_130_2 flowId 46 uecSrc 45 starting at 0
Flow Uec_177_49 flowId 47 uecSrc 46 starting at 0
Flow Uec_70_198 flowId 48 uecSrc 47 starting at 0
Flow Uec_66_194 flowId 49 uecSrc 48 starting at 0
Flow Uec_49_177 flowId 50 uecSrc 49 starting at 0
Flow Uec_72_200 flowId 51 uecSrc 50 starting at 0
Flow Uec_3_131 flowId 52 uecSrc 51 starting at 0
Flow Uec_140_12 flowId 53 uecSrc 52 starting at 0
Flow Uec_63_191 flowId 54 uecSrc 53 starting at 0
Flow Uec_211_83 flowId 55 uecSrc 54 starting at 0
Flow Uec_125_253 flowId 56 uecSrc 55 starting at 0
Flow Uec_82_210 flowId 57 uecSrc 56 starting at 0
Flow Uec_115_243 flowId 58 uecSrc 57 starting at 0
Flow Uec_194_66 flowId 59 uecSrc 58 starting at 0
Flow Uec_182_54 flowId 60 uecSrc 59 starting at 0
Flow Uec_127_255 flowId 61 uecSrc 60 starting at 0
Flow Uec_10_138 flowId 62 uecSrc 61 starting at 0
Flow Uec_85_213 flowId 63 uecSrc 62 starting at 0
Flow Uec_249_121 flowId 64 uecSrc 63 starting at 0
Flow Uec_99_227 flowId 65 uecSrc 64 starting at 0
Flow Uec_186_58 flowId 66 uecSrc 65 starting at 0
Flow Uec_210_82 flowId 67 uecSrc 66 starting at 0
Flow Uec_76_204 flowId 68 uecSrc 67 starting at 0
Flow Uec_197_69 flowId 69 uecSrc 68 starting at 0
Flow Uec_154_26 flowId 70 uecSrc 69 starting at 0
Flow Uec_169_41 flowId 71 uecSrc 70 starting at 0
Flow Uec_105_233 flowId 72 uecSrc 71 starting at 0
Flow Uec_42_170 flowId 73 uecSrc 72 starting at 0
Flow Uec_21_149 flowId 74 uecSrc 73 starting at 0
Flow Uec_94_222 flowId 75 uecSrc 74 starting at 0
Flow Uec_64_192 flowId 76 uecSrc 75 starting at 0
Flow Uec_104_232 flowId 77 uecSrc 76 starting at 0
Flow Uec_201_73 flowId 78 uecSrc 77 starting at 0
Flow Uec_90_218 flowId 79 uecSrc 78 starting at 0
Flow Uec_71_199 flowId 80 uecSrc 79 starting at 0
Flow Uec_226_98 flowId 81 uecSrc 80 starting at 0
Flow Uec_229_101 flowId 82 uecSrc 81 starting at 0
Flow Uec_20_148 flowId 83 uecSrc 82 starting at 0
Flow Uec_232_104 flowId 84 uecSrc 83 starting at 0
Flow Uec_191_63 flowId 85 uecSrc 84 starting at 0
Flow Uec_44_172 flowId 86 uecSrc 85 starting at 0
Flow Uec_238_110 flowId 87 uecSrc 86 starting at 0
Flow Uec_22_150 flowId 88 uecSrc 87 starting at 0
Flow Uec_19_147 flowId 89 uecSrc 88 starting at 0
Flow Uec_131_3 flowId 90 uecSrc 89 starting at 0
Flow Uec_68_196 flowId 91 uecSrc 90 starting at 0
Flow Uec_158_30 flowId 92 uecSrc 91 starting at 0
Flow Uec_113_241 flowId 93 uecSrc 92 starting at 0
Flow Uec_88_216 flowId 94 uecSrc 93 starting at 0
Flow Uec_206_78 flowId 95 uecSrc 94 starting at 0
Flow Uec_166_38 flowId 96 uecSrc 95 starting at 0
Flow Uec_167_39 flowId 97 uecSrc 96 starting at 0
Flow Uec_183_55 flowId 98 uecSrc 97 starting at 0
Flow Uec_100_228 flowId 99 uecSrc 98 starting at 0
Flow Uec_129_1 flowId 100 uecSrc 99 starting at 0
Flow Uec_145_17 flowId 101 uecSrc 100 starting at 0
Flow Uec_207_79 flowId 102 uecSrc 101 starting at 0
Flow Uec_143_15 flowId 103 uecSrc 102 starting at 0
Flow Uec_108_236 flowId 104 uecSrc 103 starting at 0
Flow Uec_43_171 flowId 105 uecSrc 104 starting at 0
Flow Uec_26_154 flowId 106 uecSrc 105 starting at 0
Flow Uec_31_159 flowId 107 uecSrc 106 starting at 0
Flow Uec_101_229 flowId 108 uecSrc 107 starting at 0
Flow Uec_165_37 flowId 109 uecSrc 108 starting at 0
Flow Uec_176_48 flowId 110 uecSrc 109 starting at 0
Flow Uec_159_31 flowId 111 uecSrc 110 starting at 0
Flow Uec_86_214 flowId 112 uecSrc 111 starting at 0
Flow Uec_65_193 flowId 113 uecSrc 112 starting at 0
Flow Uec_24_152 flowId 114 uecSrc 113 starting at 0
Flow Uec_240_112 flowId 115 uecSrc 114 starting at 0
Flow Uec_4_132 flowId 116 uecSrc 115 starting at 0
Flow Uec_45_173 flowId 117 uecSrc 116 starting at 0
Flow Uec_93_221 flowId 118 uecSrc 117 starting at 0
Flow Uec_220_92 flowId 119 uecSrc 118 starting at 0
Flow Uec_5_133 flowId 120 uecSrc 119 starting at 0
Flow Uec_231_103 flowId 121 uecSrc 120 starting at 0
Flow Uec_139_11 flowId 122 uecSrc 121 starting at 0
Flow Uec_61_189 flowId 123 uecSrc 122 starting at 0
Flow Uec_204_76 flowId 124 uecSrc 123 starting at 0
Flow Uec_132_4 flowId 125 uecSrc 124 starting at 0
Flow Uec_170_42 flowId 126 uecSrc 125 starting at 0
Flow Uec_181_53 flowId 127 uecSrc 126 starting at 0
Flow Uec_213_85 flowId 128 uecSrc 127 starting at 0
Flow Uec_97_225 flowId 129 uecSrc 128 starting at 0
Flow Uec_32_160 flowId 130 uecSrc 129 starting at 0
Flow Uec_57_185 flowId 131 uecSrc 130 starting at 0
Flow Uec_1_129 flowId 132 uecSrc 131 starting at 0
Flow Uec_106_234 flowId 133 uecSrc 132 starting at 0
Flow Uec_212_84 flowId 134 uecSrc 133 starting at 0
Flow Uec_138_10 flowId 135 uecSrc 134 starting at 0
Flow Uec_46_174 flowId 136 uecSrc 135 starting at 0
Flow Uec_136_8 flowId 137 uecSrc 136 starting at 0
Flow Uec_174_46 flowId 138 uecSrc 137 starting at 0
Flow Uec_111_239 flowId 139 uecSrc 138 starting at 0
Flow Uec_102_230 flowId 140 uecSrc 139 starting at 0
Flow Uec_79_207 flowId 141 uecSrc 140 starting at 0
Flow Uec_134_6 flowId 142 uecSrc 141 starting at 0
Flow Uec_180_52 flowId 143 uecSrc 142 starting at 0
Flow Uec_216_88 flowId 144 uecSrc 143 starting at 0
Flow Uec_123_251 flowId 145 uecSrc 144 starting at 0
Flow Uec_239_111 flowId 146 uecSrc 145 starting at 0
Flow Uec_122_250 flowId 147 uecSrc 146 starting at 0
Flow Uec_144_16 flowId 148 uecSrc 147 starting at 0
Flow Uec_59_187 flowId 149 uecSrc 148 starting at 0
Flow Uec_255_127 flowId 150 uecSrc 149 starting at 0
Flow Uec_0_128 flowId 151 uecSrc 150 starting at 0
Flow Uec_6_134 flowId 152 uecSrc 151 starting at 0
Flow Uec_230_102 flowId 153 uecSrc 152 starting at 0
Flow Uec_51_179 flowId 154 uecSrc 153 starting at 0
Flow Uec_117_245 flowId 155 uecSrc 154 starting at 0
Flow Uec_160_32 flowId 156 uecSrc 155 starting at 0
Flow Uec_27_155 flowId 157 uecSrc 156 starting at 0
Flow Uec_54_182 flowId 158 uecSrc 157 starting at 0
Flow Uec_50_178 flowId 159 uecSrc 158 starting at 0
Flow Uec_178_50 flowId 160 uecSrc 159 starting at 0
Flow Uec_52_180 flowId 161 uecSrc 160 starting at 0
Flow Uec_150_22 flowId 162 uecSrc 161 starting at 0
Flow Uec_73_201 flowId 163 uecSrc 162 starting at 0
Flow Uec_161_33 flowId 164 uecSrc 163 starting at 0
Flow Uec_16_144 flowId 165 uecSrc 164 starting at 0
Flow Uec_209_81 flowId 166 uecSrc 165 starting at 0
Flow Uec_13_141 flowId 167 uecSrc 166 starting at 0
Flow Uec_118_246 flowId 168 uecSrc 167 starting at 0
Flow Uec_235_107 flowId 169 uecSrc 168 starting at 0
Flow Uec_47_175 flowId 170 uecSrc 169 starting at 0
Flow Uec_103_231 flowId 171 uecSrc 170 starting at 0
Flow Uec_124_252 flowId 172 uecSrc 171 starting at 0
Flow Uec_234_106 flowId 173 uecSrc 172 starting at 0
Flow Uec_135_7 flowId 174 uecSrc 173 starting at 0
Flow Uec_120_248 flowId 175 uecSrc 174 starting at 0
Flow Uec_62_190 flowId 176 uecSrc 175 starting at 0
Flow Uec_17_145 flowId 177 uecSrc 176 starting at 0
Flow Uec_188_60 flowId 178 uecSrc 177 starting at 0
Flow Uec_225_97 flowId 179 uecSrc 178 starting at 0
Flow Uec_89_217 flowId 180 uecSrc 179 starting at 0
Flow Uec_163_35 flowId 181 uecSrc 180 starting at 0
Flow Uec_205_77 flowId 182 uecSrc 181 starting at 0
Flow Uec_121_249 flowId 183 uecSrc 182 starting at 0
Flow Uec_173_45 flowId 184 uecSrc 183 starting at 0
Flow Uec_95_223 flowId 185 uecSrc 184 starting at 0
Flow Uec_58_186 flowId 186 uecSrc 185 starting at 0
Flow Uec_218_90 flowId 187 uecSrc 186 starting at 0
Flow Uec_14_142 flowId 188 uecSrc 187 starting at 0
Flow Uec_190_62 flowId 189 uecSrc 188 starting at 0
Flow Uec_141_13 flowId 190 uecSrc 189 starting at 0
Flow Uec_2_130 flowId 191 uecSrc 190 starting at 0
Flow Uec_8_136 flowId 192 uecSrc 191 starting at 0
137.704 flowid 44 Spurious 26
138.73 flowid 44 Spurious 27
142.75 flowid 189 Spurious 53
143.429 flowid 189 Spurious 55
150.964 flowid 44 Spurious 34
155.57 flowid 66 Spurious 51
155.902 flowid 66 Spurious 52
156.898 flowid 66 Spurious 53
157.23 flowid 66 Spurious 54
157.415 flowid 21 Spurious 72
164.866 flowid 66 Spurious 55
171.298 flowid 149 Spurious 2
Flow Uec_120_248 flowId 175 uecSrc 174 finished at 174.194 total messages 1 total packets 490 RTS 0 total bytes 2002140 in_flight now 0 fair_inc 0 prop_inc 10476 fast_inc 444999 eta_inc 8344 multi_dec -0 quick_dec -0 nack_dec -0
Flow Uec_142_14 flowId 29 uecSrc 28 finished at 176.11 total messages 1 total packets 490 RTS 0 total bytes 2002140 in_flight now 0 fair_inc 0 prop_inc 90184 fast_inc 28287 eta_inc 8344 multi_dec -0 quick_dec -0 nack_dec -0
Flow Uec_121_249 flowId 183 uecSrc 182 finished at 176.198 total messages 1 total packets 490 RTS 0 total bytes 2002140 in_flight now 0 fair_inc 0 prop_inc 90892 fast_inc 0 eta_inc 8344 multi_dec -0 quick_dec -0 nack_dec -0
Flow Uec_182_54 flowId 60 uecSrc 59 finished at 176.371 total messages 1 total packets 490 RTS 0 total bytes 2002140 in_flight now 0 fair_inc 0 prop_inc 92886 fast_inc 0 eta_inc 8344 multi_dec -0 quick_dec -0 nack_dec -0
Flow Uec_106_234 flowId 133 uecSrc 132 finished at 176.479 total messages 1 total packets 490 RTS 0 total bytes 2002140 in_flight now 0 fair_inc 0 prop_inc 90596 fast_inc 8082 eta_inc 8344 multi_dec -0 quick_dec -0 nack_dec -0
Flow Uec_111_239 flowId 139 uecSrc 138 finished at 176.509 total messages 1 total packets 490 RTS 0 total bytes 2002140 in_flight now 0 fair_inc 0 prop_inc 82158 fast_inc 44451 eta_inc 8344 multi_dec -0 quick_dec -0 nack_dec -0
177.724 flowid 83 Spurious 105
178.663 flowid 149 Spurious 3
Flow Uec_124_252 flowId 172 uecSrc 171 finished at 179.196 total messages 1 total packets 490 RTS 0 total bytes 2002140 in_flight now 0 fair_inc 0 prop_inc 72691 fast_inc 0 eta_inc 8344 multi_dec -0 quick_dec -0 nack_dec -0
Flow Uec_220_92 flowId 119 uecSrc 118 finished at 180.085 total messages 1 total packets 490 RTS 0 total bytes 2002140 in_flight now 0 fair_inc 0 prop_inc 53331 fast_inc 0 eta_inc 8344 multi_dec -0 quick_dec -0 nack_dec -0
Flow Uec_136_8 flowId 137 uecSrc 136 finished at 182.781 total messages 1 total packets 490 RTS 0 total bytes 2002140 in_flight now 0 fair_inc 0 prop_inc 74432 fast_inc 0 eta_inc 8344 multi_dec -0 quick_dec -0 nack_dec -0
Flow Uec_17_145 flowId 177 uecSrc 176 finished at 183.475 total messages 1 total packets 490 RTS 0 total bytes 2002140 in_flight now 0 fair_inc 0 prop_inc 39854 fast_inc 0 eta_inc 8344 multi_dec -0 quick_dec -0 nack_dec -0
185.099 flowid 188 Spurious 131
185.431 flowid 188 Spurious 132
Flow Uec_18_146 flowId 13 uecSrc 12 finished at 185.979 total messages 1 total packets 490 RTS 0 total bytes 2002140 in_flight now 0 fair_inc 0 prop_inc 32949 fast_inc 0 eta_inc 8940 multi_dec -0 quick_dec -0 nack_dec -0
186.095 flowid 188 Spurious 134
186.543 flowid 88 Spurious 153
Flow Uec_49_177 flowId 50 uecSrc 49 finished at 189.66 total messages 1 total packets 490 RTS 0 total bytes 2002140 in_flight now 0 fair_inc 0 prop_inc 28574 fast_inc 0 eta_inc 8940 multi_dec -0 quick_dec -0 nack_dec -0
191.543 flowid 88 Spurious 167
Flow Uec_51_179 flowId 154 uecSrc 153 finished at 195.066 total messages 1 total packets 490 RTS 0 total bytes 2002140 in_flight now 0 fair_inc 1504 prop_inc 15084 fast_inc 0 eta_inc 8940 multi_dec -0 quick_dec -0 nack_dec -0
196.12 flowid 107 Spurious 173
Flow Uec_16_144 flowId 165 uecSrc 164 finished at 197.626 total messages 1 total packets 490 RTS 0 total bytes 2002140 in_flight now 0 fair_inc 1127 prop_inc 16922 fast_inc 0 eta_inc 9536 multi_dec -0 quick_dec -0 nack_dec -0
Flow Uec_230_102 flowId 153 uecSrc 152 finished at 199.757 total messages 1 total packets 490 RTS 0 total bytes 2002140 in_flight now 0 fair_inc 7880 prop_inc 14577 fast_inc 0 eta_inc 9536 multi_dec -0 quick_dec -0 nack_dec -0
Flow Uec_226_98 flowId 81 uecSrc 80 finished at 200.099 total messages 1 total packets 490 RTS 0 total bytes 2002140 in_flight now 0 fair_inc 6008 prop_inc 19957 fast_inc 0 eta_inc 9536 multi_dec -0 quick_dec -0 nack_dec -0
Flow Uec_227_99 flowId 43 uecSrc 42 finished at 202.459 total messages 1 total packets 490 RTS 0 total bytes 2002140 in_flight now 0 fair_inc 376 prop_inc 14256 fast_inc 0 eta_inc 9536 multi_dec -0 quick_dec -0 nack_dec -0
Flow Uec_245_117 flowId 11 uecSrc 10 finished at 209.559 total messages 1 total packets 490 RTS 0 total bytes 2002140 in_flight now 0 fair_inc 7507 prop_inc 10924 fast_inc 0 eta_inc 10132 multi_dec -0 quick_dec -0 nack_dec -0
Flow Uec_35_163 flowId 16 uecSrc 15 finished at 209.9 total messages 1 total packets 490 RTS 0 total bytes 2002140 in_flight now 0 fair_inc 1501 prop_inc 21605 fast_inc 0 eta_inc 10132 multi_dec -0 quick_dec -0 nack_dec -4150
Flow Uec_251_123 flowId 31 uecSrc 30 finished at 212 total messages 1 total packets 490 RTS 0 total bytes 2002140 in_flight now 0 fair_inc 4880 prop_inc 20373 fast_inc 0 eta_inc 10132 multi_dec -30351 quick_dec -0 nack_dec -0
Flow Uec_26_154 flowId 106 uecSrc 105 finished at 212.015 total messages 1 total packets 490 RTS 0 total bytes 2002140 in_flight now 0 fair_inc 3042 prop_inc 13235 fast_inc 0 eta_inc 10132 multi_dec -33 quick_dec -0 nack_dec -12450
213.446 flowid 192 Spurious 193
221.27 flowid 170 Spurious 191
Flow Uec_255_127 flowId 150 uecSrc 149 finished at 222.343 total messages 1 total packets 490 RTS 0 total bytes 2002140 in_flight now 0 fair_inc 8622 prop_inc 49712 fast_inc 0 eta_inc 10132 multi_dec -75576 quick_dec -0 nack_dec -0
Flow Uec_235_107 flowId 169 uecSrc 168 finished at 227.847 total messages 1 total packets 490 RTS 0 total bytes 2002140 in_flight now 0 fair_inc 2271 prop_inc 43831 fast_inc 0 eta_inc 10728 multi_dec -77394 quick_dec -0 nack_dec -0
240.094 flowid 170 Spurious 218
240.976 flowid 170 Spurious 220
255.428 flowid 167 Spurious 287
Flow Uec_44_172 flowId 86 uecSrc 85 finished at 264.812 total messages 1 total packets 492 RTS 2 total bytes 2002140 in_flight now 0 fair_inc 12226 prop_inc 17730 fast_inc 0 eta_inc 11324 multi_dec -0 quick_dec -199642 nack_dec -4150
Flow Uec_31_159 flowId 107 uecSrc 106 finished at 268.541 total messages 1 total packets 493 RTS 3 total bytes 2002140 in_flight now 0 fair_inc 8477 prop_inc 16631 fast_inc 0 eta_inc 11920 multi_dec -0 quick_dec -168134 nack_dec -4150
273.756 flowid 192 Spurious 279
Flow Uec_123_251 flowId 145 uecSrc 144 finished at 275.005 total messages 1 total packets 490 RTS 0 total bytes 2002140 in_flight now 0 fair_inc 7815 prop_inc 42774 fast_inc 0 eta_inc 13112 multi_dec -96864 quick_dec -0 nack_dec -29050
275.948 flowid 41 Spurious 371
276.627 flowid 41 Spurious 372
277.296 flowid 41 Spurious 373
279.309 flowid 41 Spurious 377
280.31 flowid 41 Spurious 379
281.313 flowid 89 Spurious 391
281.638 flowid 41 Spurious 381
283.324 flowid 41 Spurious 385
283.573 flowid 89 Spurious 397
Flow Uec_19_147 flowId 89 uecSrc 88 finished at 284.348 total messages 1 total packets 490 RTS 0 total bytes 2002140 in_flight now 0 fair_inc 8341 prop_inc 17150 fast_inc 0 eta_inc 10728 multi_dec -7212 quick_dec -0 nack_dec -0
285.367 flowid 41 Spurious 390
Flow Uec_14_142 flowId 188 uecSrc 187 finished at 285.596 total messages 1 total packets 494 RTS 4 total bytes 2002140 in_flight now 0 fair_inc 20926 prop_inc 9367 fast_inc 0 eta_inc 13708 multi_dec -74307 quick_dec -0 nack_dec -8300
287.301 flowid 192 Spurious 285
287.405 flowid 41 Spurious 394
Flow Uec_186_58 flowId 66 uecSrc 65 finished at 301.538 total messages 1 total packets 493 RTS 3 total bytes 2002140 in_flight now 0 fair_inc 3794 prop_inc 22889 fast_inc 0 eta_inc 13708 multi_dec -39320 quick_dec -0 nack_dec -16600
Flow Uec_0_128 flowId 151 uecSrc 150 finished at 303.89 total messages 1 total packets 491 RTS 1 total bytes 2002140 in_flight now 0 fair_inc 18124 prop_inc 17610 fast_inc 0 eta_inc 14900 multi_dec -123348 quick_dec -0 nack_dec -4150
Flow Uec_28_156 flowId 35 uecSrc 34 finished at 305.836 total messages 1 total packets 497 RTS 7 total bytes 2002140 in_flight now 0 fair_inc 4439 prop_inc 31012 fast_inc 0 eta_inc 14304 multi_dec -0 quick_dec -114082 nack_dec -20750
Flow Uec_105_233 flowId 72 uecSrc 71 finished at 306.15 total messages 1 total packets 490 RTS 0 total bytes 2002140 in_flight now 0 fair_inc 5733 prop_inc 31711 fast_inc 0 eta_inc 14900 multi_dec -80256 quick_dec -0 nack_dec -45650
Flow Uec_23_151 flowId 23 uecSrc 22 finished at 317.88 total messages 1 total packets 497 RTS 7 total bytes 2002140 in_flight now 0 fair_inc 7766 prop_inc 17776 fast_inc 0 eta_inc 14304 multi_dec -0 quick_dec -138576 nack_dec -4150
Flow Uec_13_141 flowId 167 uecSrc 166 finished at 319.504 total messages 1 total packets 497 RTS 7 total bytes 2002140 in_flight now 0 fair_inc 9871 prop_inc 53749 fast_inc 0 eta_inc 13708 multi_dec -0 quick_dec -132188 nack_dec -20750
Flow Uec_24_152 flowId 114 uecSrc 113 finished at 321.624 total messages 1 total packets 491 RTS 1 total bytes 2002140 in_flight now -64 fair_inc 10870 prop_inc 16245 fast_inc 0 eta_inc 13112 multi_dec -93 quick_dec -0 nack_dec -0
Flow Uec_73_201 flowId 163 uecSrc 162 finished at 323.865 total messages 1 total packets 490 RTS 0 total bytes 2002140 in_flight now 0 fair_inc 4226 prop_inc 28752 fast_inc 0 eta_inc 15496 multi_dec -78912 quick_dec -0 nack_dec -49800
Flow Uec_22_150 flowId 88 uecSrc 87 finished at 324.824 total messages 1 total packets 495 RTS 5 total bytes 2002140 in_flight now 0 fair_inc 8916 prop_inc 15845 fast_inc 0 eta_inc 13708 multi_dec -0 quick_dec -0 nack_dec -0
Flow Uec_21_149 flowId 74 uecSrc 73 finished at 326.177 total messages 1 total packets 498 RTS 8 total bytes 2002140 in_flight now -64 fair_inc 13444 prop_inc 35071 fast_inc 0 eta_inc 14304 multi_dec -0 quick_dec -0 nack_dec -12450
Flow Uec_79_207 flowId 141 uecSrc 140 finished at 326.382 total messages 1 total packets 490 RTS 0 total bytes 2002140 in_flight now 0 fair_inc 37480 prop_inc 26048 fast_inc 0 eta_inc 15496 multi_dec -97232 quick_dec -0 nack_dec -33200
326.899 flowid 170 Spurious 321
329.917 flowid 170 Spurious 325
Flow Uec_206_78 flowId 95 uecSrc 94 finished at 330.819 total messages 1 total packets 490 RTS 0 total bytes 2002140 in_flight now 0 fair_inc 4405 prop_inc 39415 fast_inc 0 eta_inc 16092 multi_dec -108597 quick_dec -0 nack_dec -41500
Flow Uec_109_237 flowId 40 uecSrc 39 finished at 331.903 total messages 1 total packets 490 RTS 0 total bytes 2002140 in_flight now 0 fair_inc 3363 prop_inc 39508 fast_inc 0 eta_inc 16092 multi_dec -107790 quick_dec -0 nack_dec -41500
Flow Uec_46_174 flowId 136 uecSrc 135 finished at 333.046 total messages 1 total packets 495 RTS 5 total bytes 2002140 in_flight now 0 fair_inc 10875 prop_inc 28336 fast_inc 1010 eta_inc 13708 multi_dec -0 quick_dec -164812 nack_dec -4150
Flow Uec_37_165 flowId 41 uecSrc 40 finished at 333.17 total messages 1 total packets 491 RTS 1 total bytes 2002140 in_flight now 0 fair_inc 8330 prop_inc 13147 fast_inc 0 eta_inc 12516 multi_dec -0 quick_dec -157830 nack_dec -4150
Flow Uec_84_212 flowId 19 uecSrc 18 finished at 334.057 total messages 1 total packets 490 RTS 0 total bytes 2002140 in_flight now 0 fair_inc 8534 prop_inc 21292 fast_inc 0 eta_inc 16092 multi_dec -76313 quick_dec -0 nack_dec -49800
Flow Uec_113_241 flowId 93 uecSrc 92 finished at 335.052 total messages 1 total packets 490 RTS 0 total bytes 2002140 in_flight now 0 fair_inc 2679 prop_inc 36647 fast_inc 0 eta_inc 15496 multi_dec -113828 quick_dec -0 nack_dec -33200
Flow Uec_211_83 flowId 55 uecSrc 54 finished at 337.216 total messages 1 total packets 490 RTS 0 total bytes 2002140 in_flight now 0 fair_inc 3716 prop_inc 41914 fast_inc 0 eta_inc 16092 multi_dec -102080 quick_dec -0 nack_dec -49800
Flow Uec_145_17 flowId 101 uecSrc 100 finished at 338.21 total messages 1 total packets 490 RTS 0 total bytes 2002140 in_flight now 0 fair_inc 2353 prop_inc 57008 fast_inc 0 eta_inc 15496 multi_dec -101601 quick_dec -0 nack_dec -53950
Flow Uec_8_136 flowId 192 uecSrc 191 finished at 338.874 total messages 1 total packets 492 RTS 2 total bytes 2002140 in_flight now 0 fair_inc 21262 prop_inc 38691 fast_inc 0 eta_inc 14304 multi_dec -99196 quick_dec -134548 nack_dec -12450
Flow Uec_118_246 flowId 168 uecSrc 167 finished at 340.709 total messages 1 total packets 490 RTS 0 total bytes 2002140 in_flight now 0 fair_inc 12611 prop_inc 36724 fast_inc 0 eta_inc 16092 multi_dec -95203 quick_dec -0 nack_dec -53950
Flow Uec_27_155 flowId 157 uecSrc 156 finished at 341.176 total messages 1 total packets 492 RTS 2 total bytes 2002140 in_flight now 0 fair_inc 2719 prop_inc 71120 fast_inc 0 eta_inc 16092 multi_dec -147050 quick_dec -0 nack_dec -20750
Flow Uec_100_228 flowId 99 uecSrc 98 finished at 341.416 total messages 1 total packets 490 RTS 0 total bytes 2002140 in_flight now 0 fair_inc 14789 prop_inc 35670 fast_inc 0 eta_inc 16092 multi_dec -104088 quick_dec -0 nack_dec -49800
Flow Uec_34_162 flowId 21 uecSrc 20 finished at 344.494 total messages 1 total packets 494 RTS 4 total bytes 2002140 in_flight now 0 fair_inc 11538 prop_inc 28686 fast_inc 0 eta_inc 14900 multi_dec -0 quick_dec -142531 nack_dec -8300
Flow Uec_86_214 flowId 112 uecSrc 111 finished at 345.802 total messages 1 total packets 490 RTS 0 total bytes 2002140 in_flight now 0 fair_inc 7638 prop_inc 43739 fast_inc 0 eta_inc 16092 multi_dec -104651 quick_dec -0 nack_dec -45650
Flow Uec_104_232 flowId 77 uecSrc 76 finished at 349.689 total messages 1 total packets 490 RTS 0 total bytes 2002140 in_flight now 0 fair_inc 5435 prop_inc 49766 fast_inc 7560 eta_inc 16688 multi_dec -106712 quick_dec -0 nack_dec -45650
Flow Uec_65_193 flowId 113 uecSrc 112 finished at 353.989 total messages 1 total packets 490 RTS 0 total bytes 2002140 in_flight now 0 fair_inc 5242 prop_inc 30096 fast_inc 0 eta_inc 16688 multi_dec -63199 quick_dec -0 nack_dec -78850
Flow Uec_69_197 flowId 30 uecSrc 29 finished at 355.832 total messages 1 total packets 490 RTS 0 total bytes 2002140 in_flight now 0 fair_inc 4959 prop_inc 38508 fast_inc 0 eta_inc 16688 multi_dec -87342 quick_dec -0 nack_dec -58100
Flow Uec_20_148 flowId 83 uecSrc 82 finished at 356.164 total messages 1 total packets 499 RTS 9 total bytes 2002140 in_flight now 0 fair_inc 32015 prop_inc 48629 fast_inc 0 eta_inc 17284 multi_dec -96704 quick_dec -0 nack_dec -4150
Flow Uec_50_178 flowId 159 uecSrc 158 finished at 356.712 total messages 1 total packets 490 RTS 0 total bytes 2002140 in_flight now 0 fair_inc 6563 prop_inc 34959 fast_inc 0 eta_inc 17284 multi_dec -80298 quick_dec -0 nack_dec -70550
Flow Uec_32_160 flowId 130 uecSrc 129 finished at 358.165 total messages 1 total packets 490 RTS 0 total bytes 2002140 in_flight now 0 fair_inc 10872 prop_inc 75113 fast_inc 0 eta_inc 14900 multi_dec -175345 quick_dec -0 nack_dec -12450
Flow Uec_77_205 flowId 32 uecSrc 31 finished at 358.965 total messages 1 total packets 490 RTS 0 total bytes 2002140 in_flight now 0 fair_inc 32089 prop_inc 47580 fast_inc 0 eta_inc 17284 multi_dec -99659 quick_dec -0 nack_dec -58100
Flow Uec_188_60 flowId 178 uecSrc 177 finished at 359.187 total messages 1 total packets 491 RTS 1 total bytes 2002140 in_flight now 0 fair_inc 0 prop_inc 53215 fast_inc 0 eta_inc 15496 multi_dec -108018 quick_dec -0 nack_dec -29050
Flow Uec_140_12 flowId 53 uecSrc 52 finished at 360.378 total messages 1 total packets 491 RTS 1 total bytes 2002140 in_flight now 0 fair_inc 22399 prop_inc 50182 fast_inc 0 eta_inc 16688 multi_dec -130380 quick_dec -0 nack_dec -33200
Flow Uec_54_182 flowId 158 uecSrc 157 finished at 361.689 total messages 1 total packets 490 RTS 0 total bytes 2002140 in_flight now 0 fair_inc 23659 prop_inc 37335 fast_inc 0 eta_inc 17284 multi_dec -133246 quick_dec -0 nack_dec -45650
Flow Uec_45_173 flowId 117 uecSrc 116 finished at 364.008 total messages 1 total packets 500 RTS 10 total bytes 2002140 in_flight now 0 fair_inc 12259 prop_inc 37726 fast_inc 0 eta_inc 17284 multi_dec -66912 quick_dec -0 nack_dec -8300
Flow Uec_42_170 flowId 73 uecSrc 72 finished at 364.864 total messages 1 total packets 495 RTS 5 total bytes 2002140 in_flight now 0 fair_inc 19043 prop_inc 39157 fast_inc 0 eta_inc 17284 multi_dec -117487 quick_dec -0 nack_dec -0
Flow Uec_52_180 flowId 161 uecSrc 160 finished at 366.389 total messages 1 total packets 490 RTS 0 total bytes 2002140 in_flight now 0 fair_inc 25081 prop_inc 37009 fast_inc 0 eta_inc 16688 multi_dec -152197 quick_dec -0 nack_dec -37350
Flow Uec_47_175 flowId 170 uecSrc 169 finished at 367.816 total messages 1 total packets 497 RTS 7 total bytes 2002140 in_flight now 0 fair_inc 22490 prop_inc 37358 fast_inc 0 eta_inc 17284 multi_dec -111531 quick_dec -0 nack_dec -4150
Flow Uec_127_255 flowId 61 uecSrc 60 finished at 378.765 total messages 1 total packets 490 RTS 0 total bytes 2002140 in_flight now 0 fair_inc 7056 prop_inc 73327 fast_inc 0 eta_inc 17284 multi_dec -124182 quick_dec -0 nack_dec -49800
Flow Uec_43_171 flowId 105 uecSrc 104 finished at 383.846 total messages 1 total packets 503 RTS 13 total bytes 2002140 in_flight now -64 fair_inc 16312 prop_inc 52556 fast_inc 0 eta_inc 17284 multi_dec -18682 quick_dec -0 nack_dec -8300
Flow Uec_132_4 flowId 125 uecSrc 124 finished at 386.586 total messages 1 total packets 491 RTS 1 total bytes 2002140 in_flight now 0 fair_inc 17363 prop_inc 32074 fast_inc 0 eta_inc 17284 multi_dec -6123 quick_dec -0 nack_dec -128650
Flow Uec_10_138 flowId 62 uecSrc 61 finished at 392.451 total messages 1 total packets 495 RTS 5 total bytes 2002140 in_flight now -64 fair_inc 16650 prop_inc 51011 fast_inc 0 eta_inc 15496 multi_dec -0 quick_dec -149630 nack_dec -16600
Flow Uec_166_38 flowId 96 uecSrc 95 finished at 396.546 total messages 1 total packets 490 RTS 0 total bytes 2002140 in_flight now 0 fair_inc 18240 prop_inc 16996 fast_inc 0 eta_inc 19072 multi_dec -29018 quick_dec -0 nack_dec -136950
Flow Uec_190_62 flowId 189 uecSrc 188 finished at 397.341 total messages 1 total packets 492 RTS 2 total bytes 2002140 in_flight now 0 fair_inc 15843 prop_inc 7128 fast_inc 0 eta_inc 17880 multi_dec -33573 quick_dec -0 nack_dec -49800
Flow Uec_57_185 flowId 131 uecSrc 130 finished at 401.257 total messages 1 total packets 492 RTS 2 total bytes 2002140 in_flight now 0 fair_inc 1613 prop_inc 131054 fast_inc 76775 eta_inc 17880 multi_dec -0 quick_dec -0 nack_dec -0
Flow Uec_6_134 flowId 152 uecSrc 151 finished at 404.245 total messages 1 total packets 497 RTS 7 total bytes 2002140 in_flight now 0 fair_inc 17480 prop_inc 54392 fast_inc 0 eta_inc 17284 multi_dec -102789 quick_dec -0 nack_dec -0
Flow Uec_40_168 flowId 28 uecSrc 27 finished at 404.467 total messages 1 total packets 493 RTS 3 total bytes 2002140 in_flight now 0 fair_inc 14366 prop_inc 63213 fast_inc 51000 eta_inc 17284 multi_dec -177599 quick_dec -0 nack_dec -8300
Flow Uec_12_140 flowId 1 uecSrc 0 finished at 404.941 total messages 1 total packets 494 RTS 4 total bytes 2002140 in_flight now 0 fair_inc 39876 prop_inc 56783 fast_inc 0 eta_inc 18476 multi_dec -121270 quick_dec -0 nack_dec -20750
Flow Uec_216_88 flowId 144 uecSrc 143 finished at 417.189 total messages 1 total packets 490 RTS 0 total bytes 2002140 in_flight now 0 fair_inc 14029 prop_inc 20903 fast_inc 0 eta_inc 20264 multi_dec -73832 quick_dec -0 nack_dec -107900
Flow Uec_183_55 flowId 98 uecSrc 97 finished at 430.293 total messages 1 total packets 490 RTS 0 total bytes 2002140 in_flight now 0 fair_inc 30594 prop_inc 15478 fast_inc 0 eta_inc 20860 multi_dec -43010 quick_dec -0 nack_dec -136950
Flow Uec_117_245 flowId 155 uecSrc 154 finished at 431.209 total messages 1 total packets 490 RTS 0 total bytes 2002140 in_flight now 0 fair_inc 10206 prop_inc 23309 fast_inc 0 eta_inc 20264 multi_dec -11513 quick_dec -0 nack_dec -145250
Flow Uec_175_47 flowId 5 uecSrc 4 finished at 437.41 total messages 1 total packets 490 RTS 0 total bytes 2002140 in_flight now 0 fair_inc 14463 prop_inc 19299 fast_inc 0 eta_inc 19668 multi_dec -68403 quick_dec -0 nack_dec -99600
Flow Uec_209_81 flowId 166 uecSrc 165 finished at 467.976 total messages 1 total packets 490 RTS 0 total bytes 2002140 in_flight now 0 fair_inc 26352 prop_inc 11526 fast_inc 0 eta_inc 22052 multi_dec -75915 quick_dec -0 nack_dec -95450
Flow Uec_137_9 flowId 24 uecSrc 23 finished at 468.879 total messages 1 total packets 491 RTS 1 total bytes 2002140 in_flight now 0 fair_inc 11183 prop_inc 46250 fast_inc 0 eta_inc 20860 multi_dec -20066 quick_dec -0 nack_dec -153550
Flow Uec_231_103 flowId 121 uecSrc 120 finished at 470.172 total messages 1 total packets 490 RTS 0 total bytes 2002140 in_flight now 0 fair_inc 19461 prop_inc 15276 fast_inc 0 eta_inc 22052 multi_dec -79557 quick_dec -0 nack_dec -103750
Flow Uec_150_22 flowId 162 uecSrc 161 finished at 470.771 total messages 1 total packets 490 RTS 0 total bytes 2002140 in_flight now 0 fair_inc 14753 prop_inc 46321 fast_inc 0 eta_inc 20264 multi_dec -101414 quick_dec -0 nack_dec -87150
Flow Uec_125_253 flowId 56 uecSrc 55 finished at 471.275 total messages 1 total packets 490 RTS 0 total bytes 2002140 in_flight now 0 fair_inc 35260 prop_inc 40206 fast_inc 0 eta_inc 21456 multi_dec -109101 quick_dec -0 nack_dec -74700
Flow Uec_158_30 flowId 92 uecSrc 91 finished at 471.957 total messages 1 total packets 490 RTS 0 total bytes 2002140 in_flight now 0 fair_inc 26066 prop_inc 11357 fast_inc 0 eta_inc 20860 multi_dec -13726 quick_dec -0 nack_dec -141100
Flow Uec_115_243 flowId 58 uecSrc 57 finished at 473.489 total messages 1 total packets 490 RTS 0 total bytes 2002140 in_flight now 0 fair_inc 17875 prop_inc 19737 fast_inc 0 eta_inc 21456 multi_dec -101036 quick_dec -0 nack_dec -78850
Flow Uec_76_204 flowId 68 uecSrc 67 finished at 475.791 total messages 1 total packets 490 RTS 0 total bytes 2002140 in_flight now 0 fair_inc 26462 prop_inc 16620 fast_inc 0 eta_inc 22052 multi_dec -105251 quick_dec -0 nack_dec -74700
Flow Uec_160_32 flowId 156 uecSrc 155 finished at 477.197 total messages 1 total packets 491 RTS 1 total bytes 2002140 in_flight now 0 fair_inc 18888 prop_inc 44985 fast_inc 10101 eta_inc 22648 multi_dec -113734 quick_dec -0 nack_dec -70550
Flow Uec_139_11 flowId 122 uecSrc 121 finished at 480.147 total messages 1 total packets 491 RTS 1 total bytes 2002140 in_flight now 0 fair_inc 13034 prop_inc 66564 fast_inc 0 eta_inc 21456 multi_dec -146245 quick_dec -0 nack_dec -62250
Flow Uec_102_230 flowId 140 uecSrc 139 finished at 483.98 total messages 1 total packets 490 RTS 0 total bytes 2002140 in_flight now 0 fair_inc 15561 prop_inc 14901 fast_inc 0 eta_inc 22052 multi_dec -71577 quick_dec -0 nack_dec -99600
Flow Uec_89_217 flowId 180 uecSrc 179 finished at 486.045 total messages 1 total packets 490 RTS 0 total bytes 2002140 in_flight now 0 fair_inc 33266 prop_inc 18068 fast_inc 0 eta_inc 22052 multi_dec -42284 quick_dec -0 nack_dec -149400
Flow Uec_129_1 flowId 100 uecSrc 99 finished at 487.3 total messages 1 total packets 491 RTS 1 total bytes 2002140 in_flight now 0 fair_inc 37342 prop_inc 48737 fast_inc 0 eta_inc 20860 multi_dec -83525 quick_dec -0 nack_dec -132800
Flow Uec_144_16 flowId 148 uecSrc 147 finished at 487.692 total messages 1 total packets 490 RTS 0 total bytes 2002140 in_flight now 0 fair_inc 17253 prop_inc 22740 fast_inc 0 eta_inc 22648 multi_dec -100341 quick_dec -0 nack_dec -83000
Flow Uec_134_6 flowId 142 uecSrc 141 finished at 488.192 total messages 1 total packets 490 RTS 0 total bytes 2002140 in_flight now 0 fair_inc 16835 prop_inc 77782 fast_inc 0 eta_inc 20264 multi_dec -122387 quick_dec -0 nack_dec -70550
Flow Uec_242_114 flowId 27 uecSrc 26 finished at 491.675 total messages 1 total packets 490 RTS 0 total bytes 2002140 in_flight now 0 fair_inc 20761 prop_inc 25343 fast_inc 0 eta_inc 22052 multi_dec -55693 quick_dec -0 nack_dec -132800
Flow Uec_212_84 flowId 134 uecSrc 133 finished at 492.233 total messages 1 total packets 490 RTS 0 total bytes 2002140 in_flight now 0 fair_inc 20590 prop_inc 19753 fast_inc 0 eta_inc 23244 multi_dec -56821 quick_dec -0 nack_dec -112050
Flow Uec_238_110 flowId 87 uecSrc 86 finished at 494.423 total messages 1 total packets 490 RTS 0 total bytes 2002140 in_flight now 0 fair_inc 11554 prop_inc 28371 fast_inc 0 eta_inc 23244 multi_dec -46561 quick_dec -0 nack_dec -149400
Flow Uec_207_79 flowId 102 uecSrc 101 finished at 494.672 total messages 1 total packets 490 RTS 0 total bytes 2002140 in_flight now 0 fair_inc 25240 prop_inc 47043 fast_inc 0 eta_inc 22052 multi_dec -77741 quick_dec -0 nack_dec -116200
Flow Uec_131_3 flowId 90 uecSrc 89 finished at 494.741 total messages 1 total packets 491 RTS 1 total bytes 2002140 in_flight now 0 fair_inc 30028 prop_inc 46925 fast_inc 0 eta_inc 20264 multi_dec -143143 quick_dec -0 nack_dec -58100
Flow Uec_177_49 flowId 47 uecSrc 46 finished at 498.116 total messages 1 total packets 490 RTS 0 total bytes 2002140 in_flight now 0 fair_inc 12483 prop_inc 46826 fast_inc 0 eta_inc 22052 multi_dec -77940 quick_dec -0 nack_dec -99600
Flow Uec_90_218 flowId 79 uecSrc 78 finished at 498.335 total messages 1 total packets 490 RTS 0 total bytes 2002140 in_flight now 0 fair_inc 38926 prop_inc 5777 fast_inc 0 eta_inc 23244 multi_dec -40195 quick_dec -0 nack_dec -145250
Flow Uec_194_66 flowId 59 uecSrc 58 finished at 499.252 total messages 1 total packets 490 RTS 0 total bytes 2002140 in_flight now 0 fair_inc 16129 prop_inc 46366 fast_inc 0 eta_inc 22052 multi_dec -101035 quick_dec -0 nack_dec -83000
Flow Uec_143_15 flowId 103 uecSrc 102 finished at 499.805 total messages 1 total packets 491 RTS 1 total bytes 2002140 in_flight now 0 fair_inc 43691 prop_inc 18746 fast_inc 0 eta_inc 22648 multi_dec -86117 quick_dec -0 nack_dec -124500
Flow Uec_101_229 flowId 108 uecSrc 107 finished at 499.876 total messages 1 total packets 490 RTS 0 total bytes 2002140 in_flight now 0 fair_inc 13699 prop_inc 26111 fast_inc 0 eta_inc 22052 multi_dec -70201 quick_dec -0 nack_dec -107900
Flow Uec_228_100 flowId 34 uecSrc 33 finished at 501.142 total messages 1 total packets 490 RTS 0 total bytes 2002140 in_flight now 0 fair_inc 18401 prop_inc 25592 fast_inc 0 eta_inc 23244 multi_dec -32168 quick_dec -0 nack_dec -157700
Flow Uec_234_106 flowId 173 uecSrc 172 finished at 502.552 total messages 1 total packets 490 RTS 0 total bytes 2002140 in_flight now 0 fair_inc 5857 prop_inc 24109 fast_inc 0 eta_inc 22648 multi_dec -123532 quick_dec -0 nack_dec -58100
Flow Uec_108_236 flowId 104 uecSrc 103 finished at 503.786 total messages 1 total packets 490 RTS 0 total bytes 2002140 in_flight now 0 fair_inc 32289 prop_inc 27936 fast_inc 0 eta_inc 22052 multi_dec -77170 quick_dec -0 nack_dec -107900
Flow Uec_180_52 flowId 143 uecSrc 142 finished at 503.932 total messages 1 total packets 490 RTS 0 total bytes 2002140 in_flight now 0 fair_inc 42016 prop_inc 41166 fast_inc 0 eta_inc 23244 multi_dec -125669 quick_dec -0 nack_dec -83000
Flow Uec_99_227 flowId 65 uecSrc 64 finished at 505.721 total messages 1 total packets 490 RTS 0 total bytes 2002140 in_flight now 0 fair_inc 19384 prop_inc 22545 fast_inc 0 eta_inc 23840 multi_dec -85963 quick_dec -0 nack_dec -99600
Flow Uec_191_63 flowId 85 uecSrc 84 finished at 506.255 total messages 1 total packets 490 RTS 0 total bytes 2002140 in_flight now 0 fair_inc 15151 prop_inc 48615 fast_inc 0 eta_inc 20860 multi_dec -111636 quick_dec -0 nack_dec -83000
Flow Uec_103_231 flowId 171 uecSrc 170 finished at 508.33 total messages 1 total packets 490 RTS 0 total bytes 2002140 in_flight now 0 fair_inc 35550 prop_inc 24705 fast_inc 0 eta_inc 23840 multi_dec -85917 quick_dec -0 nack_dec -116200
Flow Uec_214_86 flowId 6 uecSrc 5 finished at 508.913 total messages 1 total packets 490 RTS 0 total bytes 2002140 in_flight now 0 fair_inc 21913 prop_inc 12726 fast_inc 0 eta_inc 23244 multi_dec -62622 quick_dec -0 nack_dec -120350
Flow Uec_157_29 flowId 9 uecSrc 8 finished at 511.021 total messages 1 total packets 492 RTS 2 total bytes 2002140 in_flight now 0 fair_inc 9054 prop_inc 52863 fast_inc 58068 eta_inc 20860 multi_dec -103327 quick_dec -0 nack_dec -83000
Flow Uec_205_77 flowId 182 uecSrc 181 finished at 512.761 total messages 1 total packets 490 RTS 0 total bytes 2002140 in_flight now 0 fair_inc 30460 prop_inc 13889 fast_inc 0 eta_inc 23840 multi_dec -75160 quick_dec -0 nack_dec -107900
Flow Uec_196_68 flowId 38 uecSrc 37 finished at 512.933 total messages 1 total packets 490 RTS 0 total bytes 2002140 in_flight now 0 fair_inc 24316 prop_inc 15139 fast_inc 0 eta_inc 23840 multi_dec -99809 quick_dec -0 nack_dec -95450
Flow Uec_36_164 flowId 7 uecSrc 6 finished at 514.32 total messages 1 total packets 494 RTS 4 total bytes 2002140 in_flight now 0 fair_inc 10435 prop_inc 79143 fast_inc 84859 eta_inc 19072 multi_dec -139025 quick_dec -33702 nack_dec -4150
Flow Uec_193_65 flowId 4 uecSrc 3 finished at 515.427 total messages 1 total packets 490 RTS 0 total bytes 2002140 in_flight now 0 fair_inc 37657 prop_inc 4374 fast_inc 0 eta_inc 23840 multi_dec -41181 quick_dec -0 nack_dec -136950
Flow Uec_219_91 flowId 42 uecSrc 41 finished at 518.115 total messages 1 total packets 490 RTS 0 total bytes 2002140 in_flight now 0 fair_inc 30830 prop_inc 31216 fast_inc 18671 eta_inc 24436 multi_dec -101294 quick_dec -0 nack_dec -99600
Flow Uec_162_34 flowId 17 uecSrc 16 finished at 519.815 total messages 1 total packets 491 RTS 1 total bytes 2002140 in_flight now 0 fair_inc 15589 prop_inc 46436 fast_inc 82318 eta_inc 23840 multi_dec -97594 quick_dec -0 nack_dec -103750
Flow Uec_204_76 flowId 124 uecSrc 123 finished at 520.198 total messages 1 total packets 490 RTS 0 total bytes 2002140 in_flight now 0 fair_inc 29646 prop_inc 61685 fast_inc 0 eta_inc 21456 multi_dec -106685 quick_dec -0 nack_dec -91300
Flow Uec_1_129 flowId 132 uecSrc 131 finished at 521.201 total messages 1 total packets 505 RTS 15 total bytes 2002140 in_flight now -64 fair_inc 20140 prop_inc 74689 fast_inc 0 eta_inc 23840 multi_dec -13423 quick_dec -0 nack_dec -24900
Flow Uec_72_200 flowId 51 uecSrc 50 finished at 522.618 total messages 1 total packets 490 RTS 0 total bytes 2002140 in_flight now 0 fair_inc 36582 prop_inc 44088 fast_inc 0 eta_inc 23840 multi_dec -107618 quick_dec -0 nack_dec -95450
Flow Uec_171_43 flowId 22 uecSrc 21 finished at 522.834 total messages 1 total packets 491 RTS 1 total bytes 2002140 in_flight now 0 fair_inc 23872 prop_inc 15275 fast_inc 0 eta_inc 23244 multi_dec -51218 quick_dec -0 nack_dec -103750
Flow Uec_122_250 flowId 147 uecSrc 146 finished at 525.654 total messages 1 total packets 490 RTS 0 total bytes 2002140 in_flight now 0 fair_inc 27274 prop_inc 72530 fast_inc 0 eta_inc 23840 multi_dec -135828 quick_dec -0 nack_dec -74700
Flow Uec_232_104 flowId 84 uecSrc 83 finished at 527.08 total messages 1 total packets 490 RTS 0 total bytes 2002140 in_flight now 0 fair_inc 14346 prop_inc 36937 fast_inc 18669 eta_inc 25032 multi_dec -96192 quick_dec -0 nack_dec -103750
533.167 flowid 191 Spurious 195
534.905 flowid 191 Spurious 196
Flow Uec_64_192 flowId 76 uecSrc 75 finished at 537.795 total messages 1 total packets 490 RTS 0 total bytes 2002140 in_flight now 0 fair_inc 50514 prop_inc 30462 fast_inc 0 eta_inc 19668 multi_dec -117027 quick_dec -0 nack_dec -112050
Flow Uec_130_2 flowId 46 uecSrc 45 finished at 538.222 total messages 1 total packets 490 RTS 0 total bytes 2002140 in_flight now 0 fair_inc 24079 prop_inc 71681 fast_inc 0 eta_inc 22648 multi_dec -176250 quick_dec -0 nack_dec -53950
Flow Uec_165_37 flowId 109 uecSrc 108 finished at 539.028 total messages 1 total packets 490 RTS 0 total bytes 2002140 in_flight now 0 fair_inc 26552 prop_inc 5088 fast_inc 0 eta_inc 24436 multi_dec -57574 quick_dec -0 nack_dec -141100
Flow Uec_135_7 flowId 174 uecSrc 173 finished at 541.858 total messages 1 total packets 490 RTS 0 total bytes 2002140 in_flight now 0 fair_inc 12105 prop_inc 111007 fast_inc 0 eta_inc 20860 multi_dec -158199 quick_dec -0 nack_dec -78850
Flow Uec_66_194 flowId 49 uecSrc 48 finished at 545.29 total messages 1 total packets 490 RTS 0 total bytes 2002140 in_flight now 0 fair_inc 42637 prop_inc 30077 fast_inc 0 eta_inc 23840 multi_dec -139749 quick_dec -0 nack_dec -103750
Flow Uec_240_112 flowId 115 uecSrc 114 finished at 547.798 total messages 1 total packets 490 RTS 0 total bytes 2002140 in_flight now 0 fair_inc 30174 prop_inc 41644 fast_inc 0 eta_inc 24436 multi_dec -148648 quick_dec -0 nack_dec -70550
Flow Uec_167_39 flowId 97 uecSrc 96 finished at 550.218 total messages 1 total packets 490 RTS 0 total bytes 2002140 in_flight now 0 fair_inc 31374 prop_inc 18836 fast_inc 0 eta_inc 25628 multi_dec -27658 quick_dec -0 nack_dec -157700
Flow Uec_149_21 flowId 37 uecSrc 36 finished at 559.772 total messages 1 total packets 491 RTS 1 total bytes 2002140 in_flight now 0 fair_inc 26127 prop_inc 12979 fast_inc 0 eta_inc 25032 multi_dec -35763 quick_dec -0 nack_dec -153550
Flow Uec_239_111 flowId 146 uecSrc 145 finished at 562.3 total messages 1 total packets 490 RTS 0 total bytes 2002140 in_flight now 0 fair_inc 13914 prop_inc 54696 fast_inc 0 eta_inc 25032 multi_dec -87974 quick_dec -0 nack_dec -116200
Flow Uec_138_10 flowId 135 uecSrc 134 finished at 563.456 total messages 1 total packets 490 RTS 0 total bytes 2002140 in_flight now 0 fair_inc 14423 prop_inc 108757 fast_inc 0 eta_inc 23244 multi_dec -219128 quick_dec -0 nack_dec -53950
Flow Uec_63_191 flowId 54 uecSrc 53 finished at 572.157 total messages 1 total packets 490 RTS 0 total bytes 2002140 in_flight now 0 fair_inc 47845 prop_inc 47680 fast_inc 0 eta_inc 25032 multi_dec -176358 quick_dec -0 nack_dec -70550
Flow Uec_58_186 flowId 186 uecSrc 185 finished at 572.52 total messages 1 total packets 491 RTS 1 total bytes 2002140 in_flight now 0 fair_inc 3127 prop_inc 24746 fast_inc 434884 eta_inc 20264 multi_dec -0 quick_dec -0 nack_dec -0
Flow Uec_229_101 flowId 82 uecSrc 81 finished at 574.165 total messages 1 total packets 490 RTS 0 total bytes 2002140 in_flight now 0 fair_inc 23331 prop_inc 85741 fast_inc 0 eta_inc 25032 multi_dec -104652 quick_dec -0 nack_dec -116200
Flow Uec_164_36 flowId 18 uecSrc 17 finished at 575.282 total messages 1 total packets 492 RTS 2 total bytes 2002140 in_flight now 0 fair_inc 14670 prop_inc 38080 fast_inc 0 eta_inc 20860 multi_dec -74082 quick_dec -0 nack_dec -107900
Flow Uec_4_132 flowId 116 uecSrc 115 finished at 576.31 total messages 1 total packets 497 RTS 7 total bytes 2002140 in_flight now 0 fair_inc 30095 prop_inc 70170 fast_inc 0 eta_inc 23840 multi_dec -164936 quick_dec -67163 nack_dec -8300
Flow Uec_5_133 flowId 120 uecSrc 119 finished at 578.624 total messages 1 total packets 504 RTS 14 total bytes 2002140 in_flight now 0 fair_inc 48695 prop_inc 69645 fast_inc 0 eta_inc 23244 multi_dec -109540 quick_dec -101140 nack_dec -24900
Flow Uec_176_48 flowId 110 uecSrc 109 finished at 619.333 total messages 1 total packets 490 RTS 0 total bytes 2002140 in_flight now 0 fair_inc 38384 prop_inc 57973 fast_inc 0 eta_inc 21456 multi_dec -18038 quick_dec -35832 nack_dec -153550
620.075 flowid 190 Spurious 489
Flow Uec_141_13 flowId 190 uecSrc 189 finished at 628.116 total messages 1 total packets 490 RTS 0 total bytes 2002140 in_flight now 0 fair_inc 29644 prop_inc 24168 fast_inc 0 eta_inc 21456 multi_dec -118337 quick_dec -76371 nack_dec -95450
Flow Uec_81_209 flowId 12 uecSrc 11 finished at 651.39 total messages 1 total packets 490 RTS 0 total bytes 2002140 in_flight now 0 fair_inc 57550 prop_inc 21535 fast_inc 0 eta_inc 25628 multi_dec -136957 quick_dec -0 nack_dec -99600
Flow Uec_97_225 flowId 129 uecSrc 128 finished at 652.929 total messages 1 total packets 490 RTS 0 total bytes 2002140 in_flight now 0 fair_inc 49569 prop_inc 21225 fast_inc 0 eta_inc 27416 multi_dec -9617 quick_dec -9839 nack_dec -186750
Flow Uec_154_26 flowId 70 uecSrc 69 finished at 664.452 total messages 1 total packets 490 RTS 0 total bytes 2002140 in_flight now 0 fair_inc 14956 prop_inc 50805 fast_inc 38389 eta_inc 23244 multi_dec -116156 quick_dec -0 nack_dec -112050
Flow Uec_170_42 flowId 126 uecSrc 125 finished at 664.976 total messages 1 total packets 491 RTS 1 total bytes 2002140 in_flight now 0 fair_inc 51981 prop_inc 45764 fast_inc 0 eta_inc 29204 multi_dec -121995 quick_dec -0 nack_dec -116200
Flow Uec_71_199 flowId 80 uecSrc 79 finished at 676.966 total messages 1 total packets 490 RTS 0 total bytes 2002140 in_flight now 0 fair_inc 30529 prop_inc 5208 fast_inc 0 eta_inc 30992 multi_dec -41436 quick_dec -0 nack_dec -178450
Flow Uec_151_23 flowId 39 uecSrc 38 finished at 680.946 total messages 1 total packets 491 RTS 1 total bytes 2002140 in_flight now 0 fair_inc 15607 prop_inc 55669 fast_inc 35358 eta_inc 25032 multi_dec -110504 quick_dec -0 nack_dec -107900
Flow Uec_80_208 flowId 45 uecSrc 44 finished at 682.423 total messages 1 total packets 490 RTS 0 total bytes 2002140 in_flight now 0 fair_inc 40496 prop_inc 31634 fast_inc 20693 eta_inc 28608 multi_dec -134674 quick_dec -0 nack_dec -103750
Flow Uec_173_45 flowId 184 uecSrc 183 finished at 686.142 total messages 1 total packets 491 RTS 1 total bytes 2002140 in_flight now 0 fair_inc 13481 prop_inc 66772 fast_inc 124746 eta_inc 25032 multi_dec -137730 quick_dec --416 nack_dec -87150
Flow Uec_185_57 flowId 44 uecSrc 43 finished at 692.129 total messages 1 total packets 491 RTS 1 total bytes 2002140 in_flight now 0 fair_inc 39922 prop_inc 17904 fast_inc 0 eta_inc 29204 multi_dec -38482 quick_dec -0 nack_dec -83000
Flow Uec_88_216 flowId 94 uecSrc 93 finished at 696.222 total messages 1 total packets 490 RTS 0 total bytes 2002140 in_flight now 0 fair_inc 29247 prop_inc 7316 fast_inc 0 eta_inc 32184 multi_dec -57704 quick_dec -0 nack_dec -166000
Flow Uec_246_118 flowId 8 uecSrc 7 finished at 699.511 total messages 1 total packets 490 RTS 0 total bytes 2002140 in_flight now 0 fair_inc 36743 prop_inc 12350 fast_inc 0 eta_inc 32184 multi_dec -57485 quick_dec -0 nack_dec -170150
Flow Uec_252_124 flowId 3 uecSrc 2 finished at 713.295 total messages 1 total packets 490 RTS 0 total bytes 2002140 in_flight now 0 fair_inc 19084 prop_inc 12864 fast_inc 0 eta_inc 31588 multi_dec -63492 quick_dec -0 nack_dec -136950
Flow Uec_249_121 flowId 64 uecSrc 63 finished at 716.775 total messages 1 total packets 490 RTS 0 total bytes 2002140 in_flight now 0 fair_inc 38398 prop_inc 13308 fast_inc 0 eta_inc 30992 multi_dec -50824 quick_dec -0 nack_dec -166000
Flow Uec_218_90 flowId 187 uecSrc 186 finished at 718.546 total messages 1 total packets 490 RTS 0 total bytes 2002140 in_flight now 0 fair_inc 57437 prop_inc 1710 fast_inc 0 eta_inc 32184 multi_dec -42700 quick_dec -0 nack_dec -182600
Flow Uec_59_187 flowId 149 uecSrc 148 finished at 728.284 total messages 1 total packets 491 RTS 1 total bytes 2002140 in_flight now 0 fair_inc 0 prop_inc 106696 fast_inc 0 eta_inc 21456 multi_dec -0 quick_dec -195397 nack_dec -12450
Flow Uec_62_190 flowId 176 uecSrc 175 finished at 737.521 total messages 1 total packets 491 RTS 1 total bytes 2002140 in_flight now 0 fair_inc 11911 prop_inc 142043 fast_inc 0 eta_inc 25628 multi_dec -0 quick_dec -30845 nack_dec -8300
Flow Uec_82_210 flowId 57 uecSrc 56 finished at 741.909 total messages 1 total packets 490 RTS 0 total bytes 2002140 in_flight now 0 fair_inc 36847 prop_inc 3664 fast_inc 0 eta_inc 33376 multi_dec -57638 quick_dec -0 nack_dec -178450
Flow Uec_68_196 flowId 91 uecSrc 90 finished at 744.855 total messages 1 total packets 490 RTS 0 total bytes 2002140 in_flight now 0 fair_inc 33843 prop_inc 32519 fast_inc 0 eta_inc 25628 multi_dec -89296 quick_dec -0 nack_dec -132800
Flow Uec_179_51 flowId 10 uecSrc 9 finished at 752.292 total messages 1 total packets 490 RTS 0 total bytes 2002140 in_flight now 0 fair_inc 29124 prop_inc 33120 fast_inc 0 eta_inc 26224 multi_dec -63195 quick_dec -0 nack_dec -149400
Flow Uec_95_223 flowId 185 uecSrc 184 finished at 780.262 total messages 1 total packets 490 RTS 0 total bytes 2002140 in_flight now 0 fair_inc 55376 prop_inc 6046 fast_inc 0 eta_inc 33376 multi_dec -118603 quick_dec -0 nack_dec -128650
Flow Uec_159_31 flowId 111 uecSrc 110 finished at 782.067 total messages 1 total packets 490 RTS 0 total bytes 2002140 in_flight now 0 fair_inc 21892 prop_inc 81468 fast_inc 0 eta_inc 27416 multi_dec -2069 quick_dec -44231 nack_dec -157700
Flow Uec_247_119 flowId 25 uecSrc 24 finished at 785.4 total messages 1 total packets 490 RTS 0 total bytes 2002140 in_flight now 0 fair_inc 39914 prop_inc 51376 fast_inc 14141 eta_inc 34568 multi_dec -63494 quick_dec -9262 nack_dec -182600
Flow Uec_94_222 flowId 75 uecSrc 74 finished at 799.122 total messages 1 total packets 490 RTS 0 total bytes 2002140 in_flight now 0 fair_inc 55943 prop_inc 11901 fast_inc 0 eta_inc 28608 multi_dec -138380 quick_dec -0 nack_dec -107900
Flow Uec_96_224 flowId 20 uecSrc 19 finished at 802.251 total messages 1 total packets 490 RTS 0 total bytes 2002140 in_flight now 0 fair_inc 58292 prop_inc 60633 fast_inc 0 eta_inc 27416 multi_dec -105222 quick_dec -0 nack_dec -153550
Flow Uec_178_50 flowId 160 uecSrc 159 finished at 829.768 total messages 1 total packets 490 RTS 0 total bytes 2002140 in_flight now 0 fair_inc 52838 prop_inc 62561 fast_inc 0 eta_inc 29204 multi_dec -125022 quick_dec -3441 nack_dec -124500
Flow Uec_85_213 flowId 63 uecSrc 62 finished at 832.546 total messages 1 total packets 490 RTS 0 total bytes 2002140 in_flight now 0 fair_inc 37179 prop_inc 28607 fast_inc 0 eta_inc 30992 multi_dec -70245 quick_dec -0 nack_dec -174300
Flow Uec_181_53 flowId 127 uecSrc 126 finished at 839.301 total messages 1 total packets 490 RTS 0 total bytes 2002140 in_flight now 0 fair_inc 29657 prop_inc 59594 fast_inc 0 eta_inc 33972 multi_dec -73757 quick_dec -0 nack_dec -157700
Flow Uec_70_198 flowId 48 uecSrc 47 finished at 843.758 total messages 1 total packets 490 RTS 0 total bytes 2002140 in_flight now 0 fair_inc 39121 prop_inc 44288 fast_inc 0 eta_inc 32780 multi_dec -35460 quick_dec -15286 nack_dec -174300
Flow Uec_93_221 flowId 118 uecSrc 117 finished at 844.441 total messages 1 total packets 490 RTS 0 total bytes 2002140 in_flight now 0 fair_inc 61309 prop_inc 66791 fast_inc 62113 eta_inc 32780 multi_dec -152518 quick_dec -1044 nack_dec -124500
Flow Uec_169_41 flowId 71 uecSrc 70 finished at 847.496 total messages 1 total packets 490 RTS 0 total bytes 2002140 in_flight now 0 fair_inc 3762 prop_inc 84922 fast_inc 138887 eta_inc 28012 multi_dec -41488 quick_dec -132923 nack_dec -95450
Flow Uec_2_130 flowId 191 uecSrc 190 finished at 860.083 total messages 1 total packets 496 RTS 6 total bytes 2002140 in_flight now 0 fair_inc 12566 prop_inc 152427 fast_inc 0 eta_inc 31588 multi_dec -192582 quick_dec -0 nack_dec -0
Flow Uec_254_126 flowId 33 uecSrc 32 finished at 901.093 total messages 1 total packets 490 RTS 0 total bytes 2002140 in_flight now 0 fair_inc 25224 prop_inc 38098 fast_inc 266181 eta_inc 31588 multi_dec -177784 quick_dec -6368 nack_dec -91300
Flow Uec_197_69 flowId 69 uecSrc 68 finished at 921.386 total messages 1 total packets 490 RTS 0 total bytes 2002140 in_flight now 0 fair_inc 48905 prop_inc 13173 fast_inc 0 eta_inc 39336 multi_dec -110336 quick_dec -0 nack_dec -157700
Flow Uec_201_73 flowId 78 uecSrc 77 finished at 926.527 total messages 1 total packets 490 RTS 0 total bytes 2002140 in_flight now 0 fair_inc 50107 prop_inc 11571 fast_inc 0 eta_inc 32780 multi_dec -84059 quick_dec -0 nack_dec -161850
Flow Uec_61_189 flowId 123 uecSrc 122 finished at 950.242 total messages 1 total packets 491 RTS 1 total bytes 2002140 in_flight now -64 fair_inc 0 prop_inc 169445 fast_inc 0 eta_inc 15496 multi_dec -0 quick_dec -166943 nack_dec -33200
Flow Uec_161_33 flowId 164 uecSrc 163 finished at 975.372 total messages 1 total packets 491 RTS 1 total bytes 2002140 in_flight now 0 fair_inc 26702 prop_inc 1201 fast_inc 0 eta_inc 35760 multi_dec -84935 quick_dec -0 nack_dec -157700
Flow Uec_225_97 flowId 179 uecSrc 178 finished at 995.145 total messages 1 total packets 490 RTS 0 total bytes 2002140 in_flight now 0 fair_inc 62492 prop_inc 35125 fast_inc 0 eta_inc 40528 multi_dec -94740 quick_dec -17543 nack_dec -178450
Flow Uec_210_82 flowId 67 uecSrc 66 finished at 1001.28 total messages 1 total packets 490 RTS 0 total bytes 2002140 in_flight now 0 fair_inc 68315 prop_inc 31979 fast_inc 0 eta_inc 37548 multi_dec -138754 quick_dec -0 nack_dec -153550
Flow Uec_213_85 flowId 128 uecSrc 127 finished at 1014.46 total messages 1 total packets 490 RTS 0 total bytes 2002140 in_flight now 0 fair_inc 27830 prop_inc 52206 fast_inc 0 eta_inc 38144 multi_dec -90220 quick_dec -2288 nack_dec -149400
Flow Uec_168_40 flowId 14 uecSrc 13 finished at 1034.96 total messages 1 total packets 491 RTS 1 total bytes 2002140 in_flight now 0 fair_inc 29824 prop_inc 2839 fast_inc 0 eta_inc 30992 multi_dec -65156 quick_dec -0 nack_dec -170150
Flow Uec_163_35 flowId 181 uecSrc 180 finished at 1127.09 total messages 1 total packets 490 RTS 0 total bytes 2002140 in_flight now 0 fair_inc 32955 prop_inc 9312 fast_inc 0 eta_inc 36356 multi_dec -95021 quick_dec -9125 nack_dec -157700
Flow Uec_156_28 flowId 36 uecSrc 35 finished at 1166.08 total messages 1 total packets 491 RTS 1 total bytes 2002140 in_flight now 0 fair_inc 42822 prop_inc 5773 fast_inc 0 eta_inc 45296 multi_dec -76576 quick_dec -0 nack_dec -166000
Flow Uec_152_24 flowId 15 uecSrc 14 finished at 1209.41 total messages 1 total packets 490 RTS 0 total bytes 2002140 in_flight now 0 fair_inc 40747 prop_inc 14525 fast_inc 0 eta_inc 46488 multi_dec -51288 quick_dec -68327 nack_dec -178450
Flow Uec_3_131 flowId 52 uecSrc 51 finished at 1294.72 total messages 1 total packets 516 RTS 26 total bytes 2002140 in_flight now -128 fair_inc 22694 prop_inc 158460 fast_inc 0 eta_inc 47084 multi_dec -82082 quick_dec -20181 nack_dec -12450
Flow Uec_174_46 flowId 138 uecSrc 137 finished at 1305.84 total messages 1 total packets 490 RTS 0 total bytes 2002140 in_flight now 0 fair_inc 43750 prop_inc 33892 fast_inc 0 eta_inc 37548 multi_dec -48121 quick_dec -136394 nack_dec -136950
Flow Uec_148_20 flowId 26 uecSrc 25 finished at 1315.97 total messages 1 total packets 490 RTS 0 total bytes 2002140 in_flight now 0 fair_inc 23469 prop_inc 36038 fast_inc 0 eta_inc 32184 multi_dec -158 quick_dec -42443 nack_dec -170150
Flow Uec_147_19 flowId 2 uecSrc 1 finished at 1329.81 total messages 1 total packets 490 RTS 0 total bytes 2002140 in_flight now 0 fair_inc 30164 prop_inc 49321 fast_inc 0 eta_inc 39336 multi_dec -49621 quick_dec -145629 nack_dec -132800
.Done
New: 94080 Rtx: 4468 RTS: 228 Bounced: 0 ACKs: 72371 NACKs: 3488 Pulls: 0 sleek_pkts: 0
