traffic matrix input file: connection_matrices/load_sweep/load0.65_n256_seed3.cm
Load balancing algorithm set to reps
no_of_nodes 256
Dragonfly+ strategy: FPAR
Setting queuesize to 50 packets
endtime(us) 100000
random seed 3
Packet size (MTU) is 4150
Parsed args
Logging to reps_dfp_results/reps_withoutnorm256/load0.65_reps_seed3.dat
Loading connection matrix from connection_matrices/load_sweep/load0.65_n256_seed3.cm
Nodes: 256 Connections: 166 Triggers: 0 Failures: 0
Setting ECN low 33200 high 120350
Dragonfly+ with medium topology type
Link latencies: 1 and switch latencies: 0
queue_id 2 ecn_low 33200 ecn_high 120350
DragonFly+ constructor done, 392 nodes created
Note: topology supports 392 hosts; 136 host port(s) will be unused.
network_max_unloaded_rtt 11.6856 us
Setting min RTO to 114.6
Per-hop RTT normalization: OFF (strategy fpar)
Initializing static NSCC parameters: _reference_network_linkspeed=100000000000 _reference_network_rtt=12000000 _reference_network_bdp=150000 _target_Qdelay=8764200 _network_linkspeed=100000000000 _network_rtt=11685600 _network_bdp=146070 _qa_gate=2^3 _qa_threshold=3.50568e+07 _scaling_factor_a=0.9738 _scaling_factor_b=0.73035 _alpha=0.00132632 _fi=19894.7 _eta=596.842 _qa_scaling=1 _gamma=0.8 _fi_scale=0.24345 _delay_alpha=0.0125 _adjust_period_threshold=11685600 _adjust_bytes_threshold=33200
Initialize per-instance NSCC parameters: flowid 1 _base_rtt=11685600 _base_bdp=146070 _bdp=146070 _min_cwnd=4150 _maxwnd=219105 _cwnd=219105
Initialize per-instance NSCC parameters: flowid 2 _base_rtt=11685600 _base_bdp=146070 _bdp=146070 _min_cwnd=4150 _maxwnd=219105 _cwnd=219105
Initialize per-instance NSCC parameters: flowid 3 _base_rtt=11685600 _base_bdp=146070 _bdp=146070 _min_cwnd=4150 _maxwnd=219105 _cwnd=219105
Initialize per-instance NSCC parameters: flowid 4 _base_rtt=11685600 _base_bdp=146070 _bdp=146070 _min_cwnd=4150 _maxwnd=219105 _cwnd=219105
Initialize per-instance NSCC parameters: flowid 5 _base_rtt=11685600 _base_bdp=146070 _bdp=146070 _min_cwnd=4150 _maxwnd=219105 _cwnd=219105
Initialize per-instance NSCC parameters: flowid 6 _base_rtt=11685600 _base_bdp=146070 _bdp=146070 _min_cwnd=4150 _maxwnd=219105 _cwnd=219105
Initialize per-instance NSCC parameters: flowid 7 _base_rtt=11685600 _base_bdp=146070 _bdp=146070 _min_cwnd=4150 _maxwnd=219105 _cwnd=219105
Initialize per-instance NSCC parameters: flowid 8 _base_rtt=11685600 _base_bdp=146070 _bdp=146070 _min_cwnd=4150 _maxwnd=219105 _cwnd=219105
Initialize per-instance NSCC parameters: flowid 9 _base_rtt=11685600 _base_bdp=146070 _bdp=146070 _min_cwnd=4150 _maxwnd=219105 _cwnd=219105
Initialize per-instance NSCC parameters: flowid 10 _base_rtt=11685600 _base_bdp=146070 _bdp=146070 _min_cwnd=4150 _maxwnd=219105 _cwnd=219105
Initialize per-instance NSCC parameters: flowid 11 _base_rtt=11685600 _base_bdp=146070 _bdp=146070 _min_cwnd=4150 _maxwnd=219105 _cwnd=219105
Initialize per-instance NSCC parameters: flowid 12 _base_rtt=11685600 _base_bdp=146070 _bdp=146070 _min_cwnd=4150 _maxwnd=219105 _cwnd=219105
Initialize per-instance NSCC parameters: flowid 13 _base_rtt=11685600 _base_bdp=146070 _bdp=146070 _min_cwnd=4150 _maxwnd=219105 _cwnd=219105
Initialize per-instance NSCC parameters: flowid 14 _base_rtt=11685600 _base_bdp=146070 _bdp=146070 _min_cwnd=4150 _maxwnd=219105 _cwnd=219105
Initialize per-instance NSCC parameters: flowid 15 _base_rtt=11685600 _base_bdp=146070 _bdp=146070 _min_cwnd=4150 _maxwnd=219105 _cwnd=219105
Initialize per-instance NSCC parameters: flowid 16 _base_rtt=11685600 _base_bdp=146070 _bdp=146070 _min_cwnd=4150 _maxwnd=219105 _cwnd=219105
Initialize per-instance NSCC parameters: flowid 17 _base_rtt=11685600 _base_bdp=146070 _bdp=146070 _min_cwnd=4150 _maxwnd=219105 _cwnd=219105
Initialize per-instance NSCC parameters: flowid 18 _base_rtt=11685600 _base_bdp=146070 _bdp=146070 _min_cwnd=4150 _maxwnd=219105 _cwnd=219105
Initialize per-instance NSCC parameters: flowid 19 _base_rtt=11685600 _base_bdp=146070 _bdp=146070 _min_cwnd=4150 _maxwnd=219105 _cwnd=219105
Initialize per-instance NSCC parameters: flowid 20 _base_rtt=11685600 _base_bdp=146070 _bdp=146070 _min_cwnd=4150 _maxwnd=219105 _cwnd=219105
Initialize per-instance NSCC parameters: flowid 21 _base_rtt=11685600 _base_bdp=146070 _bdp=146070 _min_cwnd=4150 _maxwnd=219105 _cwnd=219105
Initialize per-instance NSCC parameters: flowid 22 _base_rtt=11685600 _base_bdp=146070 _bdp=146070 _min_cwnd=4150 _maxwnd=219105 _cwnd=219105
Initialize per-instance NSCC parameters: flowid 23 _base_rtt=11685600 _base_bdp=146070 _bdp=146070 _min_cwnd=4150 _maxwnd=219105 _cwnd=219105
Initialize per-instance NSCC parameters: flowid 24 _base_rtt=11685600 _base_bdp=146070 _bdp=146070 _min_cwnd=4150 _maxwnd=219105 _cwnd=219105
Initialize per-instance NSCC parameters: flowid 25 _base_rtt=11685600 _base_bdp=146070 _bdp=146070 _min_cwnd=4150 _maxwnd=219105 _cwnd=219105
Initialize per-instance NSCC parameters: flowid 26 _base_rtt=11685600 _base_bdp=146070 _bdp=146070 _min_cwnd=4150 _maxwnd=219105 _cwnd=219105
Initialize per-instance NSCC parameters: flowid 27 _base_rtt=11685600 _base_bdp=146070 _bdp=146070 _min_cwnd=4150 _maxwnd=219105 _cwnd=219105
Initialize per-instance NSCC parameters: flowid 28 _base_rtt=11685600 _base_bdp=146070 _bdp=146070 _min_cwnd=4150 _maxwnd=219105 _cwnd=219105
Initialize per-instance NSCC parameters: flowid 29 _base_rtt=11685600 _base_bdp=146070 _bdp=146070 _min_cwnd=4150 _maxwnd=219105 _cwnd=219105
Initialize per-instance NSCC parameters: flowid 30 _base_rtt=11685600 _base_bdp=146070 _bdp=146070 _min_cwnd=4150 _maxwnd=219105 _cwnd=219105
Initialize per-instance NSCC parameters: flowid 31 _base_rtt=11685600 _base_bdp=146070 _bdp=146070 _min_cwnd=4150 _maxwnd=219105 _cwnd=219105
Initialize per-instance NSCC parameters: flowid 32 _base_rtt=11685600 _base_bdp=146070 _bdp=146070 _min_cwnd=4150 _maxwnd=219105 _cwnd=219105
Initialize per-instance NSCC parameters: flowid 33 _base_rtt=11685600 _base_bdp=146070 _bdp=146070 _min_cwnd=4150 _maxwnd=219105 _cwnd=219105
Initialize per-instance NSCC parameters: flowid 34 _base_rtt=11685600 _base_bdp=146070 _bdp=146070 _min_cwnd=4150 _maxwnd=219105 _cwnd=219105
Initialize per-instance NSCC parameters: flowid 35 _base_rtt=11685600 _base_bdp=146070 _bdp=146070 _min_cwnd=4150 _maxwnd=219105 _cwnd=219105
Initialize per-instance NSCC parameters: flowid 36 _base_rtt=11685600 _base_bdp=146070 _bdp=146070 _min_cwnd=4150 _maxwnd=219105 _cwnd=219105
Initialize per-instance NSCC parameters: flowid 37 _base_rtt=11685600 _base_bdp=146070 _bdp=146070 _min_cwnd=4150 _maxwnd=219105 _cwnd=219105
Initialize per-instance NSCC parameters: flowid 38 _base_rtt=11685600 _base_bdp=146070 _bdp=146070 _min_cwnd=4150 _maxwnd=219105 _cwnd=219105
Initialize per-instance NSCC parameters: flowid 39 _base_rtt=11685600 _base_bdp=146070 _bdp=146070 _min_cwnd=4150 _maxwnd=219105 _cwnd=219105
Initialize per-instance NSCC parameters: flowid 40 _base_rtt=11685600 _base_bdp=146070 _bdp=146070 _min_cwnd=4150 _maxwnd=219105 _cwnd=219105
Initialize per-instance NSCC parameters: flowid 41 _base_rtt=11685600 _base_bdp=146070 _bdp=146070 _min_cwnd=4150 _maxwnd=219105 _cwnd=219105
Initialize per-instance NSCC parameters: flowid 42 _base_rtt=11685600 _base_bdp=146070 _bdp=146070 _min_cwnd=4150 _maxwnd=219105 _cwnd=219105
Initialize per-instance NSCC parameters: flowid 43 _base_rtt=11685600 _base_bdp=146070 _bdp=146070 _min_cwnd=4150 _maxwnd=219105 _cwnd=219105
Initialize per-instance NSCC parameters: flowid 44 _base_rtt=11685600 _base_bdp=146070 _bdp=146070 _min_cwnd=4150 _maxwnd=219105 _cwnd=219105
Initialize per-instance NSCC parameters: flowid 45 _base_rtt=11685600 _base_bdp=146070 _bdp=146070 _min_cwnd=4150 _maxwnd=219105 _cwnd=219105
Initialize per-instance NSCC parameters: flowid 46 _base_rtt=11685600 _base_bdp=146070 _bdp=146070 _min_cwnd=4150 _maxwnd=219105 _cwnd=219105
Initialize per-instance NSCC parameters: flowid 47 _base_rtt=11685600 _base_bdp=146070 _bdp=146070 _min_cwnd=4150 _maxwnd=219105 _cwnd=219105
Initialize per-instance NSCC parameters: flowid 48 _base_rtt=11685600 _base_bdp=146070 _bdp=146070 _min_cwnd=4150 _maxwnd=219105 _cwnd=219105
Initialize per-instance NSCC parameters: flowid 49 _base_rtt=11685600 _base_bdp=146070 _bdp=146070 _min_cwnd=4150 _maxwnd=219105 _cwnd=219105
Initialize per-instance NSCC parameters: flowid 50 _base_rtt=11685600 _base_bdp=146070 _bdp=146070 _min_cwnd=4150 _maxwnd=219105 _cwnd=219105
Initialize per-instance NSCC parameters: flowid 51 _base_rtt=11685600 _base_bdp=146070 _bdp=146070 _min_cwnd=4150 _maxwnd=219105 _cwnd=219105
Initialize per-instance NSCC parameters: flowid 52 _base_rtt=11685600 _base_bdp=146070 _bdp=146070 _min_cwnd=4150 _maxwnd=219105 _cwnd=219105
Initialize per-instance NSCC parameters: flowid 53 _base_rtt=11685600 _base_bdp=146070 _bdp=146070 _min_cwnd=4150 _maxwnd=219105 _cwnd=219105
Initialize per-instance NSCC parameters: flowid 54 _base_rtt=11685600 _base_bdp=146070 _bdp=146070 _min_cwnd=4150 _maxwnd=219105 _cwnd=219105
Initialize per-instance NSCC parameters: flowid 55 _base_rtt=11685600 _base_bdp=146070 _bdp=146070 _min_cwnd=4150 _maxwnd=219105 _cwnd=219105
Initialize per-instance NSCC parameters: flowid 56 _base_rtt=11685600 _base_bdp=146070 _bdp=146070 _min_cwnd=4150 _maxwnd=219105 _cwnd=219105
Initialize per-instance NSCC parameters: flowid 57 _base_rtt=11685600 _base_bdp=146070 _bdp=146070 _min_cwnd=4150 _maxwnd=219105 _cwnd=219105
Initialize per-instance NSCC parameters: flowid 58 _base_rtt=11685600 _base_bdp=146070 _bdp=146070 _min_cwnd=4150 _maxwnd=219105 _cwnd=219105
Initialize per-instance NSCC parameters: flowid 59 _base_rtt=11685600 _base_bdp=146070 _bdp=146070 _min_cwnd=4150 _maxwnd=219105 _cwnd=219105
Initialize per-instance NSCC parameters: flowid 60 _base_rtt=11685600 _base_bdp=146070 _bdp=146070 _min_cwnd=4150 _maxwnd=219105 _cwnd=219105
Initialize per-instance NSCC parameters: flowid 61 _base_rtt=11685600 _base_bdp=146070 _bdp=146070 _min_cwnd=4150 _maxwnd=219105 _cwnd=219105
Initialize per-instance NSCC parameters: flowid 62 _base_rtt=11685600 _base_bdp=146070 _bdp=146070 _min_cwnd=4150 _maxwnd=219105 _cwnd=219105
Initialize per-instance NSCC parameters: flowid 63 _base_rtt=11685600 _base_bdp=146070 _bdp=146070 _min_cwnd=4150 _maxwnd=219105 _cwnd=219105
Initialize per-instance NSCC parameters: flowid 64 _base_rtt=11685600 _base_bdp=146070 _bdp=146070 _min_cwnd=4150 _maxwnd=219105 _cwnd=219105
Initialize per-instance NSCC parameters: flowid 65 _base_rtt=11685600 _base_bdp=146070 _bdp=146070 _min_cwnd=4150 _maxwnd=219105 _cwnd=219105
Initialize per-instance NSCC parameters: flowid 66 _base_rtt=11685600 _base_bdp=146070 _bdp=146070 _min_cwnd=4150 _maxwnd=219105 _cwnd=219105
Initialize per-instance NSCC parameters: flowid 67 _base_rtt=11685600 _base_bdp=146070 _bdp=146070 _min_cwnd=4150 _maxwnd=219105 _cwnd=219105
Initialize per-instance NSCC parameters: flowid 68 _base_rtt=11685600 _base_bdp=146070 _bdp=146070 _min_cwnd=4150 _maxwnd=219105 _cwnd=219105
Initialize per-instance NSCC parameters: flowid 69 _base_rtt=11685600 _base_bdp=146070 _bdp=146070 _min_cwnd=4150 _maxwnd=219105 _cwnd=219105
Initialize per-instance NSCC parameters: flowid 70 _base_rtt=11685600 _base_bdp=146070 _bdp=146070 _min_cwnd=4150 _maxwnd=219105 _cwnd=219105
Initialize per-instance NSCC parameters: flowid 71 _base_rtt=11685600 _base_bdp=146070 _bdp=146070 _min_cwnd=4150 _maxwnd=219105 _cwnd=219105
Initialize per-instance NSCC parameters: flowid 72 _base_rtt=11685600 _base_bdp=146070 _bdp=146070 _min_cwnd=4150 _maxwnd=219105 _cwnd=219105
Initialize per-instance NSCC parameters: flowid 73 _base_rtt=11685600 _base_bdp=146070 _bdp=146070 _min_cwnd=4150 _maxwnd=219105 _cwnd=219105
Initialize per-instance NSCC parameters: flowid 74 _base_rtt=11685600 _base_bdp=146070 _bdp=146070 _min_cwnd=4150 _maxwnd=219105 _cwnd=219105
Initialize per-instance NSCC parameters: flowid 75 _base_rtt=11685600 _base_bdp=146070 _bdp=146070 _min_cwnd=4150 _maxwnd=219105 _cwnd=219105
Initialize per-instance NSCC parameters: flowid 76 _base_rtt=11685600 _base_bdp=146070 _bdp=146070 _min_cwnd=4150 _maxwnd=219105 _cwnd=219105
Initialize per-instance NSCC parameters: flowid 77 _base_rtt=11685600 _base_bdp=146070 _bdp=146070 _min_cwnd=4150 _maxwnd=219105 _cwnd=219105
Initialize per-instance NSCC parameters: flowid 78 _base_rtt=11685600 _base_bdp=146070 _bdp=146070 _min_cwnd=4150 _maxwnd=219105 _cwnd=219105
Initialize per-instance NSCC parameters: flowid 79 _base_rtt=11685600 _base_bdp=146070 _bdp=146070 _min_cwnd=4150 _maxwnd=219105 _cwnd=219105
Initialize per-instance NSCC parameters: flowid 80 _base_rtt=11685600 _base_bdp=146070 _bdp=146070 _min_cwnd=4150 _maxwnd=219105 _cwnd=219105
Initialize per-instance NSCC parameters: flowid 81 _base_rtt=11685600 _base_bdp=146070 _bdp=146070 _min_cwnd=4150 _maxwnd=219105 _cwnd=219105
Initialize per-instance NSCC parameters: flowid 82 _base_rtt=11685600 _base_bdp=146070 _bdp=146070 _min_cwnd=4150 _maxwnd=219105 _cwnd=219105
Initialize per-instance NSCC parameters: flowid 83 _base_rtt=11685600 _base_bdp=146070 _bdp=146070 _min_cwnd=4150 _maxwnd=219105 _cwnd=219105
Initialize per-instance NSCC parameters: flowid 84 _base_rtt=11685600 _base_bdp=146070 _bdp=146070 _min_cwnd=4150 _maxwnd=219105 _cwnd=219105
Initialize per-instance NSCC parameters: flowid 85 _base_rtt=11685600 _base_bdp=146070 _bdp=146070 _min_cwnd=4150 _maxwnd=219105 _cwnd=219105
Initialize per-instance NSCC parameters: flowid 86 _base_rtt=11685600 _base_bdp=146070 _bdp=146070 _min_cwnd=4150 _maxwnd=219105 _cwnd=219105
Initialize per-instance NSCC parameters: flowid 87 _base_rtt=11685600 _base_bdp=146070 _bdp=146070 _min_cwnd=4150 _maxwnd=219105 _cwnd=219105
Initialize per-instance NSCC parameters: flowid 88 _base_rtt=11685600 _base_bdp=146070 _bdp=146070 _min_cwnd=4150 _maxwnd=219105 _cwnd=219105
Initialize per-instance NSCC parameters: flowid 89 _base_rtt=11685600 _base_bdp=146070 _bdp=146070 _min_cwnd=4150 _maxwnd=219105 _cwnd=219105
Initialize per-instance NSCC parameters: flowid 90 _base_rtt=11685600 _base_bdp=146070 _bdp=146070 _min_cwnd=4150 _maxwnd=219105 _cwnd=219105
Initialize per-instance NSCC parameters: flowid 91 _base_rtt=11685600 _base_bdp=146070 _bdp=146070 _min_cwnd=4150 _maxwnd=219105 _cwnd=219105
Initialize per-instance NSCC parameters: flowid 92 _base_rtt=11685600 _base_bdp=146070 _bdp=146070 _min_cwnd=4150 _maxwnd=219105 _cwnd=219105
Initialize per-instance NSCC parameters: flowid 93 _base_rtt=11685600 _base_bdp=146070 _bdp=146070 _min_cwnd=4150 _maxwnd=219105 _cwnd=219105
Initialize per-instance NSCC parameters: flowid 94 _base_rtt=11685600 _base_bdp=146070 _bdp=146070 _min_cwnd=4150 _maxwnd=219105 _cwnd=219105
Initialize per-instance NSCC parameters: flowid 95 _base_rtt=11685600 _base_bdp=146070 _bdp=146070 _min_cwnd=4150 _maxwnd=219105 _cwnd=219105
Initialize per-instance NSCC parameters: flowid 96 _base_rtt=11685600 _base_bdp=146070 _bdp=146070 _min_cwnd=4150 _maxwnd=219105 _cwnd=219105
Initialize per-instance NSCC parameters: flowid 97 _base_rtt=11685600 _base_bdp=146070 _bdp=146070 _min_cwnd=4150 _maxwnd=219105 _cwnd=219105
Initialize per-instance NSCC parameters: flowid 98 _base_rtt=11685600 _base_bdp=146070 _bdp=146070 _min_cwnd=4150 _maxwnd=219105 _cwnd=219105
Initialize per-instance NSCC parameters: flowid 99 _base_rtt=11685600 _base_bdp=146070 _bdp=146070 _min_cwnd=4150 _maxwnd=219105 _cwnd=219105
Initialize per-instance NSCC parameters: flowid 100 _base_rtt=11685600 _base_bdp=146070 _bdp=146070 _min_cwnd=4150 _maxwnd=219105 _cwnd=219105
Initialize per-instance NSCC parameters: flowid 101 _base_rtt=11685600 _base_bdp=146070 _bdp=146070 _min_cwnd=4150 _maxwnd=219105 _cwnd=219105
Initialize per-instance NSCC parameters: flowid 102 _base_rtt=11685600 _base_bdp=146070 _bdp=146070 _min_cwnd=4150 _maxwnd=219105 _cwnd=219105
Initialize per-instance NSCC parameters: flowid 103 _base_rtt=11685600 _base_bdp=146070 _bdp=146070 _min_cwnd=4150 _maxwnd=219105 _cwnd=219105
Initialize per-instance NSCC parameters: flowid 104 _base_rtt=11685600 _base_bdp=146070 _bdp=146070 _min_cwnd=4150 _maxwnd=219105 _cwnd=219105
Initialize per-instance NSCC parameters: flowid 105 _base_rtt=11685600 _base_bdp=146070 _bdp=146070 _min_cwnd=4150 _maxwnd=219105 _cwnd=219105
Initialize per-instance NSCC parameters: flowid 106 _base_rtt=11685600 _base_bdp=146070 _bdp=146070 _min_cwnd=4150 _maxwnd=219105 _cwnd=219105
Initialize per-instance NSCC parameters: flowid 107 _base_rtt=11685600 _base_bdp=146070 _bdp=146070 _min_cwnd=4150 _maxwnd=219105 _cwnd=219105
Initialize per-instance NSCC parameters: flowid 108 _base_rtt=11685600 _base_bdp=146070 _bdp=146070 _min_cwnd=4150 _maxwnd=219105 _cwnd=219105
Initialize per-instance NSCC parameters: flowid 109 _base_rtt=11685600 _base_bdp=146070 _bdp=146070 _min_cwnd=4150 _maxwnd=219105 _cwnd=219105
Initialize per-instance NSCC parameters: flowid 110 _base_rtt=11685600 _base_bdp=146070 _bdp=146070 _min_cwnd=4150 _maxwnd=219105 _cwnd=219105
Initialize per-instance NSCC parameters: flowid 111 _base_rtt=11685600 _base_bdp=146070 _bdp=146070 _min_cwnd=4150 _maxwnd=219105 _cwnd=219105
Initialize per-instance NSCC parameters: flowid 112 _base_rtt=11685600 _base_bdp=146070 _bdp=146070 _min_cwnd=4150 _maxwnd=219105 _cwnd=219105
Initialize per-instance NSCC parameters: flowid 113 _base_rtt=11685600 _base_bdp=146070 _bdp=146070 _min_cwnd=4150 _maxwnd=219105 _cwnd=219105
Initialize per-instance NSCC parameters: flowid 114 _base_rtt=11685600 _base_bdp=146070 _bdp=146070 _min_cwnd=4150 _maxwnd=219105 _cwnd=219105
Initialize per-instance NSCC parameters: flowid 115 _base_rtt=11685600 _base_bdp=146070 _bdp=146070 _min_cwnd=4150 _maxwnd=219105 _cwnd=219105
Initialize per-instance NSCC parameters: flowid 116 _base_rtt=11685600 _base_bdp=146070 _bdp=146070 _min_cwnd=4150 _maxwnd=219105 _cwnd=219105
Initialize per-instance NSCC parameters: flowid 117 _base_rtt=11685600 _base_bdp=146070 _bdp=146070 _min_cwnd=4150 _maxwnd=219105 _cwnd=219105
Initialize per-instance NSCC parameters: flowid 118 _base_rtt=11685600 _base_bdp=146070 _bdp=146070 _min_cwnd=4150 _maxwnd=219105 _cwnd=219105
Initialize per-instance NSCC parameters: flowid 119 _base_rtt=11685600 _base_bdp=146070 _bdp=146070 _min_cwnd=4150 _maxwnd=219105 _cwnd=219105
Initialize per-instance NSCC parameters: flowid 120 _base_rtt=11685600 _base_bdp=146070 _bdp=146070 _min_cwnd=4150 _maxwnd=219105 _cwnd=219105
Initialize per-instance NSCC parameters: flowid 121 _base_rtt=11685600 _base_bdp=146070 _bdp=146070 _min_cwnd=4150 _maxwnd=219105 _cwnd=219105
Initialize per-instance NSCC parameters: flowid 122 _base_rtt=11685600 _base_bdp=146070 _bdp=146070 _min_cwnd=4150 _maxwnd=219105 _cwnd=219105
Initialize per-instance NSCC parameters: flowid 123 _base_rtt=11685600 _base_bdp=146070 _bdp=146070 _min_cwnd=4150 _maxwnd=219105 _cwnd=219105
Initialize per-instance NSCC parameters: flowid 124 _base_rtt=11685600 _base_bdp=146070 _bdp=146070 _min_cwnd=4150 _maxwnd=219105 _cwnd=219105
Initialize per-instance NSCC parameters: flowid 125 _base_rtt=11685600 _base_bdp=146070 _bdp=146070 _min_cwnd=4150 _maxwnd=219105 _cwnd=219105
Initialize per-instance NSCC parameters: flowid 126 _base_rtt=11685600 _base_bdp=146070 _bdp=146070 _min_cwnd=4150 _maxwnd=219105 _cwnd=219105
Initialize per-instance NSCC parameters: flowid 127 _base_rtt=11685600 _base_bdp=146070 _bdp=146070 _min_cwnd=4150 _maxwnd=219105 _cwnd=219105
Initialize per-instance NSCC parameters: flowid 128 _base_rtt=11685600 _base_bdp=146070 _bdp=146070 _min_cwnd=4150 _maxwnd=219105 _cwnd=219105
Initialize per-instance NSCC parameters: flowid 129 _base_rtt=11685600 _base_bdp=146070 _bdp=146070 _min_cwnd=4150 _maxwnd=219105 _cwnd=219105
Initialize per-instance NSCC parameters: flowid 130 _base_rtt=11685600 _base_bdp=146070 _bdp=146070 _min_cwnd=4150 _maxwnd=219105 _cwnd=219105
Initialize per-instance NSCC parameters: flowid 131 _base_rtt=11685600 _base_bdp=146070 _bdp=146070 _min_cwnd=4150 _maxwnd=219105 _cwnd=219105
Initialize per-instance NSCC parameters: flowid 132 _base_rtt=11685600 _base_bdp=146070 _bdp=146070 _min_cwnd=4150 _maxwnd=219105 _cwnd=219105
Initialize per-instance NSCC parameters: flowid 133 _base_rtt=11685600 _base_bdp=146070 _bdp=146070 _min_cwnd=4150 _maxwnd=219105 _cwnd=219105
Initialize per-instance NSCC parameters: flowid 134 _base_rtt=11685600 _base_bdp=146070 _bdp=146070 _min_cwnd=4150 _maxwnd=219105 _cwnd=219105
Initialize per-instance NSCC parameters: flowid 135 _base_rtt=11685600 _base_bdp=146070 _bdp=146070 _min_cwnd=4150 _maxwnd=219105 _cwnd=219105
Initialize per-instance NSCC parameters: flowid 136 _base_rtt=11685600 _base_bdp=146070 _bdp=146070 _min_cwnd=4150 _maxwnd=219105 _cwnd=219105
Initialize per-instance NSCC parameters: flowid 137 _base_rtt=11685600 _base_bdp=146070 _bdp=146070 _min_cwnd=4150 _maxwnd=219105 _cwnd=219105
Initialize per-instance NSCC parameters: flowid 138 _base_rtt=11685600 _base_bdp=146070 _bdp=146070 _min_cwnd=4150 _maxwnd=219105 _cwnd=219105
Initialize per-instance NSCC parameters: flowid 139 _base_rtt=11685600 _base_bdp=146070 _bdp=146070 _min_cwnd=4150 _maxwnd=219105 _cwnd=219105
Initialize per-instance NSCC parameters: flowid 140 _base_rtt=11685600 _base_bdp=146070 _bdp=146070 _min_cwnd=4150 _maxwnd=219105 _cwnd=219105
Initialize per-instance NSCC parameters: flowid 141 _base_rtt=11685600 _base_bdp=146070 _bdp=146070 _min_cwnd=4150 _maxwnd=219105 _cwnd=219105
Initialize per-instance NSCC parameters: flowid 142 _base_rtt=11685600 _base_bdp=146070 _bdp=146070 _min_cwnd=4150 _maxwnd=219105 _cwnd=219105
Initialize per-instance NSCC parameters: flowid 143 _base_rtt=11685600 _base_bdp=146070 _bdp=146070 _min_cwnd=4150 _maxwnd=219105 _cwnd=219105
Initialize per-instance NSCC parameters: flowid 144 _base_rtt=11685600 _base_bdp=146070 _bdp=146070 _min_cwnd=4150 _maxwnd=219105 _cwnd=219105
Initialize per-instance NSCC parameters: flowid 145 _base_rtt=11685600 _base_bdp=146070 _bdp=146070 _min_cwnd=4150 _maxwnd=219105 _cwnd=219105
Initialize per-instance NSCC parameters: flowid 146 _base_rtt=11685600 _base_bdp=146070 _bdp=146070 _min_cwnd=4150 _maxwnd=219105 _cwnd=219105
Initialize per-instance NSCC parameters: flowid 147 _base_rtt=11685600 _base_bdp=146070 _bdp=146070 _min_cwnd=4150 _maxwnd=219105 _cwnd=219105
Initialize per-instance NSCC parameters: flowid 148 _base_rtt=11685600 _base_bdp=146070 _bdp=146070 _min_cwnd=4150 _maxwnd=219105 _cwnd=219105
Initialize per-instance NSCC parameters: flowid 149 _base_rtt=11685600 _base_bdp=146070 _bdp=146070 _min_cwnd=4150 _maxwnd=219105 _cwnd=219105
Initialize per-instance NSCC parameters: flowid 150 _base_rtt=11685600 _base_bdp=146070 _bdp=146070 _min_cwnd=4150 _maxwnd=219105 _cwnd=219105
Initialize per-instance NSCC parameters: flowid 151 _base_rtt=11685600 _base_bdp=146070 _bdp=146070 _min_cwnd=4150 _maxwnd=219105 _cwnd=219105
Initialize per-instance NSCC parameters: flowid 152 _base_rtt=11685600 _base_bdp=146070 _bdp=146070 _min_cwnd=4150 _maxwnd=219105 _cwnd=219105
Initialize per-instance NSCC parameters: flowid 153 _base_rtt=11685600 _base_bdp=146070 _bdp=146070 _min_cwnd=4150 _maxwnd=219105 _cwnd=219105
Initialize per-instance NSCC parameters: flowid 154 _base_rtt=11685600 _base_bdp=146070 _bdp=146070 _min_cwnd=4150 _maxwnd=219105 _cwnd=219105
Initialize per-instance NSCC parameters: flowid 155 _base_rtt=11685600 _base_bdp=146070 _bdp=146070 _min_cwnd=4150 _maxwnd=219105 _cwnd=219105
Initialize per-instance NSCC parameters: flowid 156 _base_rtt=11685600 _base_bdp=146070 _bdp=146070 _min_cwnd=4150 _maxwnd=219105 _cwnd=219105
Initialize per-instance NSCC parameters: flowid 157 _base_rtt=11685600 _base_bdp=146070 _bdp=146070 _min_cwnd=4150 _maxwnd=219105 _cwnd=219105
Initialize per-instance NSCC parameters: flowid 158 _base_rtt=11685600 _base_bdp=146070 _bdp=146070 _min_cwnd=4150 _maxwnd=219105 _cwnd=219105
Initialize per-instance NSCC parameters: flowid 159 _base_rtt=11685600 _base_bdp=146070 _bdp=146070 _min_cwnd=4150 _maxwnd=219105 _cwnd=219105
Initialize per-instance NSCC parameters: flowid 160 _base_rtt=11685600 _base_bdp=146070 _bdp=146070 _min_cwnd=4150 _maxwnd=219105 _cwnd=219105
Initialize per-instance NSCC parameters: flowid 161 _base_rtt=11685600 _base_bdp=146070 _bdp=146070 _min_cwnd=4150 _maxwnd=219105 _cwnd=219105
Initialize per-instance NSCC parameters: flowid 162 _base_rtt=11685600 _base_bdp=146070 _bdp=146070 _min_cwnd=4150 _maxwnd=219105 _cwnd=219105
Initialize per-instance NSCC parameters: flowid 163 _base_rtt=11685600 _base_bdp=146070 _bdp=146070 _min_cwnd=4150 _maxwnd=219105 _cwnd=219105
Initialize per-instance NSCC parameters: flowid 164 _base_rtt=11685600 _base_bdp=146070 _bdp=146070 _min_cwnd=4150 _maxwnd=219105 _cwnd=219105
Initialize per-instance NSCC parameters: flowid 165 _base_rtt=11685600 _base_bdp=146070 _bdp=146070 _min_cwnd=4150 _maxwnd=219105 _cwnd=219105
Initialize per-instance NSCC parameters: flowid 166 _base_rtt=11685600 _base_bdp=146070 _bdp=146070 _min_cwnd=4150 _maxwnd=219105 _cwnd=219105
Starting simulation
Flow Uec_178_50 flowId 1 uecSrc 0 starting at 0
Flow Uec_37_165 flowId 2 uecSrc 1 starting at 0
Flow Uec_233_105 flowId 3 uecSrc 2 starting at 0
Flow Uec_192_64 flowId 4 uecSrc 3 starting at 0
Flow Uec_225_97 flowId 5 uecSrc 4 starting at 0
Flow Uec_16_144 flowId 6 uecSrc 5 starting at 0
Flow Uec_174_46 flowId 7 uecSrc 6 starting at 0
Flow Uec_143_15 flowId 8 uecSrc 7 starting at 0
Flow Uec_75_203 flowId 9 uecSrc 8 starting at 0
Flow Uec_76_204 flowId 10 uecSrc 9 starting at 0
Flow Uec_74_202 flowId 11 uecSrc 10 starting at 0
Flow Uec_254_126 flowId 12 uecSrc 11 starting at 0
Flow Uec_142_14 flowId 13 uecSrc 12 starting at 0
Flow Uec_138_10 flowId 14 uecSrc 13 starting at 0
Flow Uec_41_169 flowId 15 uecSrc 14 starting at 0
Flow Uec_35_163 flowId 16 uecSrc 15 starting at 0
Flow Uec_14_142 flowId 17 uecSrc 16 starting at 0
Flow Uec_8_136 flowId 18 uecSrc 17 starting at 0
Flow Uec_56_184 flowId 19 uecSrc 18 starting at 0
Flow Uec_101_229 flowId 20 uecSrc 19 starting at 0
Flow Uec_175_47 flowId 21 uecSrc 20 starting at 0
Flow Uec_202_74 flowId 22 uecSrc 21 starting at 0
Flow Uec_185_57 flowId 23 uecSrc 22 starting at 0
Flow Uec_169_41 flowId 24 uecSrc 23 starting at 0
Flow Uec_201_73 flowId 25 uecSrc 24 starting at 0
Flow Uec_146_18 flowId 26 uecSrc 25 starting at 0
Flow Uec_153_25 flowId 27 uecSrc 26 starting at 0
Flow Uec_130_2 flowId 28 uecSrc 27 starting at 0
Flow Uec_180_52 flowId 29 uecSrc 28 starting at 0
Flow Uec_6_134 flowId 30 uecSrc 29 starting at 0
Flow Uec_231_103 flowId 31 uecSrc 30 starting at 0
Flow Uec_255_127 flowId 32 uecSrc 31 starting at 0
Flow Uec_72_200 flowId 33 uecSrc 32 starting at 0
Flow Uec_245_117 flowId 34 uecSrc 33 starting at 0
Flow Uec_200_72 flowId 35 uecSrc 34 starting at 0
Flow Uec_19_147 flowId 36 uecSrc 35 starting at 0
Flow Uec_24_152 flowId 37 uecSrc 36 starting at 0
Flow Uec_181_53 flowId 38 uecSrc 37 starting at 0
Flow Uec_99_227 flowId 39 uecSrc 38 starting at 0
Flow Uec_135_7 flowId 40 uecSrc 39 starting at 0
Flow Uec_4_132 flowId 41 uecSrc 40 starting at 0
Flow Uec_51_179 flowId 42 uecSrc 41 starting at 0
Flow Uec_43_171 flowId 43 uecSrc 42 starting at 0
Flow Uec_119_247 flowId 44 uecSrc 43 starting at 0
Flow Uec_38_166 flowId 45 uecSrc 44 starting at 0
Flow Uec_208_80 flowId 46 uecSrc 45 starting at 0
Flow Uec_85_213 flowId 47 uecSrc 46 starting at 0
Flow Uec_186_58 flowId 48 uecSrc 47 starting at 0
Flow Uec_131_3 flowId 49 uecSrc 48 starting at 0
Flow Uec_111_239 flowId 50 uecSrc 49 starting at 0
Flow Uec_137_9 flowId 51 uecSrc 50 starting at 0
Flow Uec_49_177 flowId 52 uecSrc 51 starting at 0
Flow Uec_48_176 flowId 53 uecSrc 52 starting at 0
Flow Uec_144_16 flowId 54 uecSrc 53 starting at 0
Flow Uec_12_140 flowId 55 uecSrc 54 starting at 0
Flow Uec_168_40 flowId 56 uecSrc 55 starting at 0
Flow Uec_50_178 flowId 57 uecSrc 56 starting at 0
Flow Uec_5_133 flowId 58 uecSrc 57 starting at 0
Flow Uec_77_205 flowId 59 uecSrc 58 starting at 0
Flow Uec_90_218 flowId 60 uecSrc 59 starting at 0
Flow Uec_34_162 flowId 61 uecSrc 60 starting at 0
Flow Uec_100_228 flowId 62 uecSrc 61 starting at 0
Flow Uec_13_141 flowId 63 uecSrc 62 starting at 0
Flow Uec_57_185 flowId 64 uecSrc 63 starting at 0
Flow Uec_25_153 flowId 65 uecSrc 64 starting at 0
Flow Uec_21_149 flowId 66 uecSrc 65 starting at 0
Flow Uec_53_181 flowId 67 uecSrc 66 starting at 0
Flow Uec_218_90 flowId 68 uecSrc 67 starting at 0
Flow Uec_227_99 flowId 69 uecSrc 68 starting at 0
Flow Uec_140_12 flowId 70 uecSrc 69 starting at 0
Flow Uec_132_4 flowId 71 uecSrc 70 starting at 0
Flow Uec_93_221 flowId 72 uecSrc 71 starting at 0
Flow Uec_141_13 flowId 73 uecSrc 72 starting at 0
Flow Uec_123_251 flowId 74 uecSrc 73 starting at 0
Flow Uec_223_95 flowId 75 uecSrc 74 starting at 0
Flow Uec_239_111 flowId 76 uecSrc 75 starting at 0
Flow Uec_156_28 flowId 77 uecSrc 76 starting at 0
Flow Uec_152_24 flowId 78 uecSrc 77 starting at 0
Flow Uec_92_220 flowId 79 uecSrc 78 starting at 0
Flow Uec_220_92 flowId 80 uecSrc 79 starting at 0
Flow Uec_197_69 flowId 81 uecSrc 80 starting at 0
Flow Uec_78_206 flowId 82 uecSrc 81 starting at 0
Flow Uec_125_253 flowId 83 uecSrc 82 starting at 0
Flow Uec_122_250 flowId 84 uecSrc 83 starting at 0
Flow Uec_166_38 flowId 85 uecSrc 84 starting at 0
Flow Uec_157_29 flowId 86 uecSrc 85 starting at 0
Flow Uec_232_104 flowId 87 uecSrc 86 starting at 0
Flow Uec_18_146 flowId 88 uecSrc 87 starting at 0
Flow Uec_9_137 flowId 89 uecSrc 88 starting at 0
Flow Uec_79_207 flowId 90 uecSrc 89 starting at 0
Flow Uec_82_210 flowId 91 uecSrc 90 starting at 0
Flow Uec_244_116 flowId 92 uecSrc 91 starting at 0
Flow Uec_27_155 flowId 93 uecSrc 92 starting at 0
Flow Uec_209_81 flowId 94 uecSrc 93 starting at 0
Flow Uec_215_87 flowId 95 uecSrc 94 starting at 0
Flow Uec_68_196 flowId 96 uecSrc 95 starting at 0
Flow Uec_114_242 flowId 97 uecSrc 96 starting at 0
Flow Uec_182_54 flowId 98 uecSrc 97 starting at 0
Flow Uec_22_150 flowId 99 uecSrc 98 starting at 0
Flow Uec_29_157 flowId 100 uecSrc 99 starting at 0
Flow Uec_219_91 flowId 101 uecSrc 100 starting at 0
Flow Uec_84_212 flowId 102 uecSrc 101 starting at 0
Flow Uec_127_255 flowId 103 uecSrc 102 starting at 0
Flow Uec_228_100 flowId 104 uecSrc 103 starting at 0
Flow Uec_217_89 flowId 105 uecSrc 104 starting at 0
Flow Uec_216_88 flowId 106 uecSrc 105 starting at 0
Flow Uec_124_252 flowId 107 uecSrc 106 starting at 0
Flow Uec_252_124 flowId 108 uecSrc 107 starting at 0
Flow Uec_58_186 flowId 109 uecSrc 108 starting at 0
Flow Uec_20_148 flowId 110 uecSrc 109 starting at 0
Flow Uec_70_198 flowId 111 uecSrc 110 starting at 0
Flow Uec_121_249 flowId 112 uecSrc 111 starting at 0
Flow Uec_242_114 flowId 113 uecSrc 112 starting at 0
Flow Uec_73_201 flowId 114 uecSrc 113 starting at 0
Flow Uec_214_86 flowId 115 uecSrc 114 starting at 0
Flow Uec_150_22 flowId 116 uecSrc 115 starting at 0
Flow Uec_107_235 flowId 117 uecSrc 116 starting at 0
Flow Uec_211_83 flowId 118 uecSrc 117 starting at 0
Flow Uec_108_236 flowId 119 uecSrc 118 starting at 0
Flow Uec_134_6 flowId 120 uecSrc 119 starting at 0
Flow Uec_195_67 flowId 121 uecSrc 120 starting at 0
Flow Uec_52_180 flowId 122 uecSrc 121 starting at 0
Flow Uec_44_172 flowId 123 uecSrc 122 starting at 0
Flow Uec_251_123 flowId 124 uecSrc 123 starting at 0
Flow Uec_139_11 flowId 125 uecSrc 124 starting at 0
Flow Uec_97_225 flowId 126 uecSrc 125 starting at 0
Flow Uec_234_106 flowId 127 uecSrc 126 starting at 0
Flow Uec_61_189 flowId 128 uecSrc 127 starting at 0
Flow Uec_65_193 flowId 129 uecSrc 128 starting at 0
Flow Uec_126_254 flowId 130 uecSrc 129 starting at 0
Flow Uec_194_66 flowId 131 uecSrc 130 starting at 0
Flow Uec_87_215 flowId 132 uecSrc 131 starting at 0
Flow Uec_165_37 flowId 133 uecSrc 132 starting at 0
Flow Uec_115_243 flowId 134 uecSrc 133 starting at 0
Flow Uec_136_8 flowId 135 uecSrc 134 starting at 0
Flow Uec_116_244 flowId 136 uecSrc 135 starting at 0
Flow Uec_199_71 flowId 137 uecSrc 136 starting at 0
Flow Uec_117_245 flowId 138 uecSrc 137 starting at 0
Flow Uec_243_115 flowId 139 uecSrc 138 starting at 0
Flow Uec_177_49 flowId 140 uecSrc 139 starting at 0
Flow Uec_184_56 flowId 141 uecSrc 140 starting at 0
Flow Uec_62_190 flowId 142 uecSrc 141 starting at 0
Flow Uec_89_217 flowId 143 uecSrc 142 starting at 0
Flow Uec_64_192 flowId 144 uecSrc 143 starting at 0
Flow Uec_91_219 flowId 145 uecSrc 144 starting at 0
Flow Uec_42_170 flowId 146 uecSrc 145 starting at 0
Flow Uec_229_101 flowId 147 uecSrc 146 starting at 0
Flow Uec_0_128 flowId 148 uecSrc 147 starting at 0
Flow Uec_32_160 flowId 149 uecSrc 148 starting at 0
Flow Uec_151_23 flowId 150 uecSrc 149 starting at 0
Flow Uec_47_175 flowId 151 uecSrc 150 starting at 0
Flow Uec_226_98 flowId 152 uecSrc 151 starting at 0
Flow Uec_120_248 flowId 153 uecSrc 152 starting at 0
Flow Uec_103_231 flowId 154 uecSrc 153 starting at 0
Flow Uec_106_234 flowId 155 uecSrc 154 starting at 0
Flow Uec_147_19 flowId 156 uecSrc 155 starting at 0
Flow Uec_253_125 flowId 157 uecSrc 156 starting at 0
Flow Uec_236_108 flowId 158 uecSrc 157 starting at 0
Flow Uec_109_237 flowId 159 uecSrc 158 starting at 0
Flow Uec_60_188 flowId 160 uecSrc 159 starting at 0
Flow Uec_11_139 flowId 161 uecSrc 160 starting at 0
Flow Uec_95_223 flowId 162 uecSrc 161 starting at 0
Flow Uec_188_60 flowId 163 uecSrc 162 starting at 0
Flow Uec_172_44 flowId 164 uecSrc 163 starting at 0
Flow Uec_67_195 flowId 165 uecSrc 164 starting at 0
Flow Uec_205_77 flowId 166 uecSrc 165 starting at 0
133.982 flowid 89 Spurious 34
157.161 flowid 66 Spurious 59
166.07 flowid 15 Spurious 97
166.171 flowid 151 Spurious 97
166.402 flowid 15 Spurious 98
168.023 flowid 15 Spurious 102
168.36 flowid 15 Spurious 103
172.365 flowid 15 Spurious 115
Flow Uec_174_46 flowId 7 uecSrc 6 finished at 173.862 total messages 1 total packets 490 RTS 0 total bytes 2002140 in_flight now 0 fair_inc 0 prop_inc 10435 fast_inc 444999 eta_inc 8344 multi_dec -0 quick_dec -0 nack_dec -0
173.872 flowid 17 Spurious 117
174.536 flowid 17 Spurious 119
Flow Uec_194_66 flowId 131 uecSrc 130 finished at 174.752 total messages 1 total packets 490 RTS 0 total bytes 2002140 in_flight now 0 fair_inc 0 prop_inc 73231 fast_inc 121230 eta_inc 8344 multi_dec -0 quick_dec -0 nack_dec -0
Flow Uec_188_60 flowId 163 uecSrc 162 finished at 175.91 total messages 1 total packets 490 RTS 0 total bytes 2002140 in_flight now 0 fair_inc 0 prop_inc 90757 fast_inc 0 eta_inc 8344 multi_dec -0 quick_dec -0 nack_dec -0
Flow Uec_108_236 flowId 119 uecSrc 118 finished at 176.352 total messages 1 total packets 490 RTS 0 total bytes 2002140 in_flight now 0 fair_inc 0 prop_inc 87336 fast_inc 0 eta_inc 8344 multi_dec -0 quick_dec -0 nack_dec -0
Flow Uec_123_251 flowId 74 uecSrc 73 finished at 177.083 total messages 1 total packets 490 RTS 0 total bytes 2002140 in_flight now 0 fair_inc 0 prop_inc 87615 fast_inc 0 eta_inc 8344 multi_dec -0 quick_dec -0 nack_dec -0
177.355 flowid 15 Spurious 127
Flow Uec_135_7 flowId 40 uecSrc 39 finished at 177.89 total messages 1 total packets 490 RTS 0 total bytes 2002140 in_flight now 0 fair_inc 0 prop_inc 81611 fast_inc 0 eta_inc 8344 multi_dec -0 quick_dec -0 nack_dec -0
Flow Uec_245_117 flowId 34 uecSrc 33 finished at 180.976 total messages 1 total packets 490 RTS 0 total bytes 2002140 in_flight now 0 fair_inc 0 prop_inc 64712 fast_inc 0 eta_inc 8344 multi_dec -0 quick_dec -0 nack_dec -0
Flow Uec_106_234 flowId 155 uecSrc 154 finished at 182.229 total messages 1 total packets 490 RTS 0 total bytes 2002140 in_flight now 0 fair_inc 0 prop_inc 43393 fast_inc 0 eta_inc 8344 multi_dec -0 quick_dec -0 nack_dec -0
Flow Uec_72_200 flowId 33 uecSrc 32 finished at 185.231 total messages 1 total packets 490 RTS 0 total bytes 2002140 in_flight now 0 fair_inc 0 prop_inc 34939 fast_inc 8082 eta_inc 8940 multi_dec -0 quick_dec -0 nack_dec -0
Flow Uec_218_90 flowId 68 uecSrc 67 finished at 186.417 total messages 1 total packets 490 RTS 0 total bytes 2002140 in_flight now 0 fair_inc 0 prop_inc 29638 fast_inc 0 eta_inc 8940 multi_dec -0 quick_dec -0 nack_dec -0
190.933 flowid 14 Spurious 70
Flow Uec_50_178 flowId 57 uecSrc 56 finished at 191.258 total messages 1 total packets 490 RTS 0 total bytes 2002140 in_flight now 0 fair_inc 1127 prop_inc 35893 fast_inc 0 eta_inc 8940 multi_dec -0 quick_dec -0 nack_dec -0
Flow Uec_252_124 flowId 108 uecSrc 107 finished at 194.075 total messages 1 total packets 490 RTS 0 total bytes 2002140 in_flight now 0 fair_inc 751 prop_inc 21143 fast_inc 0 eta_inc 8940 multi_dec -0 quick_dec -0 nack_dec -0
Flow Uec_226_98 flowId 152 uecSrc 151 finished at 194.479 total messages 1 total packets 490 RTS 0 total bytes 2002140 in_flight now 0 fair_inc 0 prop_inc 17565 fast_inc 0 eta_inc 9536 multi_dec -0 quick_dec -0 nack_dec -0
200.086 flowid 146 Spurious 171
200.418 flowid 146 Spurious 172
Flow Uec_253_125 flowId 157 uecSrc 156 finished at 201.045 total messages 1 total packets 490 RTS 0 total bytes 2002140 in_flight now 0 fair_inc 3751 prop_inc 11073 fast_inc 0 eta_inc 9536 multi_dec -0 quick_dec -0 nack_dec -0
Flow Uec_254_126 flowId 12 uecSrc 11 finished at 201.335 total messages 1 total packets 490 RTS 0 total bytes 2002140 in_flight now 0 fair_inc 1878 prop_inc 17568 fast_inc 0 eta_inc 9536 multi_dec -0 quick_dec -0 nack_dec -0
Flow Uec_22_150 flowId 99 uecSrc 98 finished at 209.77 total messages 1 total packets 490 RTS 0 total bytes 2002140 in_flight now 0 fair_inc 5410 prop_inc 14438 fast_inc 0 eta_inc 10132 multi_dec -13236 quick_dec -0 nack_dec -0
214.836 flowid 65 Spurious 170
Flow Uec_178_50 flowId 1 uecSrc 0 finished at 216.589 total messages 1 total packets 490 RTS 0 total bytes 2002140 in_flight now 0 fair_inc 7633 prop_inc 9438 fast_inc 0 eta_inc 10132 multi_dec -5683 quick_dec -0 nack_dec -16600
Flow Uec_18_146 flowId 88 uecSrc 87 finished at 220.18 total messages 1 total packets 490 RTS 0 total bytes 2002140 in_flight now 0 fair_inc 3001 prop_inc 15195 fast_inc 0 eta_inc 10728 multi_dec -44806 quick_dec -0 nack_dec -0
Flow Uec_47_175 flowId 151 uecSrc 150 finished at 225.559 total messages 1 total packets 492 RTS 2 total bytes 2002140 in_flight now 0 fair_inc 6890 prop_inc 7201 fast_inc 0 eta_inc 10728 multi_dec -0 quick_dec -0 nack_dec -8300
Flow Uec_48_176 flowId 53 uecSrc 52 finished at 227.923 total messages 1 total packets 490 RTS 0 total bytes 2002140 in_flight now 0 fair_inc 6760 prop_inc 26229 fast_inc 0 eta_inc 10728 multi_dec -0 quick_dec -0 nack_dec -4150
Flow Uec_16_144 flowId 6 uecSrc 5 finished at 228.489 total messages 1 total packets 490 RTS 0 total bytes 2002140 in_flight now 0 fair_inc 4579 prop_inc 21323 fast_inc 0 eta_inc 10728 multi_dec -66794 quick_dec -0 nack_dec -0
Flow Uec_14_142 flowId 17 uecSrc 16 finished at 234.377 total messages 1 total packets 494 RTS 4 total bytes 2002140 in_flight now 0 fair_inc 6774 prop_inc 12541 fast_inc 0 eta_inc 10728 multi_dec -0 quick_dec -0 nack_dec -8300
239.244 flowid 146 Spurious 273
239.908 flowid 146 Spurious 274
Flow Uec_41_169 flowId 15 uecSrc 14 finished at 250.24 total messages 1 total packets 493 RTS 3 total bytes 2002140 in_flight now 0 fair_inc 8615 prop_inc 7295 fast_inc 0 eta_inc 11324 multi_dec -0 quick_dec -0 nack_dec -8300
250.328 flowid 36 Spurious 254
Flow Uec_125_253 flowId 83 uecSrc 82 finished at 256.878 total messages 1 total packets 490 RTS 0 total bytes 2002140 in_flight now 0 fair_inc 6613 prop_inc 39289 fast_inc 0 eta_inc 11920 multi_dec -102545 quick_dec -0 nack_dec -8300
Flow Uec_87_215 flowId 132 uecSrc 131 finished at 278.179 total messages 1 total packets 490 RTS 0 total bytes 2002140 in_flight now 0 fair_inc 3952 prop_inc 46174 fast_inc 0 eta_inc 13112 multi_dec -85257 quick_dec -0 nack_dec -41500
Flow Uec_8_136 flowId 18 uecSrc 17 finished at 281.636 total messages 1 total packets 490 RTS 0 total bytes 2002140 in_flight now 0 fair_inc 12693 prop_inc 61003 fast_inc 0 eta_inc 13112 multi_dec -132498 quick_dec -0 nack_dec -16600
Flow Uec_32_160 flowId 149 uecSrc 148 finished at 284.31 total messages 1 total packets 490 RTS 0 total bytes 2002140 in_flight now 0 fair_inc 7860 prop_inc 17308 fast_inc 0 eta_inc 10132 multi_dec -0 quick_dec -0 nack_dec -0
294.082 flowid 2 Spurious 408
Flow Uec_13_141 flowId 63 uecSrc 62 finished at 301.913 total messages 1 total packets 492 RTS 2 total bytes 2002140 in_flight now 0 fair_inc 25413 prop_inc 22534 fast_inc 0 eta_inc 12516 multi_dec -45888 quick_dec -0 nack_dec -20750
Flow Uec_151_23 flowId 150 uecSrc 149 finished at 304.012 total messages 1 total packets 490 RTS 0 total bytes 2002140 in_flight now 0 fair_inc 12159 prop_inc 43362 fast_inc 0 eta_inc 14304 multi_dec -82618 quick_dec -0 nack_dec -58100
305.851 flowid 2 Spurious 420
Flow Uec_42_170 flowId 146 uecSrc 145 finished at 307.417 total messages 1 total packets 493 RTS 3 total bytes 2002140 in_flight now -64 fair_inc 10397 prop_inc 29449 fast_inc 0 eta_inc 13708 multi_dec -0 quick_dec -166655 nack_dec -4150
Flow Uec_111_239 flowId 50 uecSrc 49 finished at 310.43 total messages 1 total packets 490 RTS 0 total bytes 2002140 in_flight now 0 fair_inc 4812 prop_inc 29099 fast_inc 0 eta_inc 14900 multi_dec -82083 quick_dec -0 nack_dec -41500
Flow Uec_75_203 flowId 9 uecSrc 8 finished at 311.423 total messages 1 total packets 490 RTS 0 total bytes 2002140 in_flight now 0 fair_inc 2440 prop_inc 29127 fast_inc 0 eta_inc 14900 multi_dec -81632 quick_dec -0 nack_dec -41500
Flow Uec_184_56 flowId 141 uecSrc 140 finished at 313.454 total messages 1 total packets 490 RTS 0 total bytes 2002140 in_flight now 0 fair_inc 3412 prop_inc 35441 fast_inc 0 eta_inc 14900 multi_dec -83350 quick_dec -0 nack_dec -45650
Flow Uec_136_8 flowId 135 uecSrc 134 finished at 315.365 total messages 1 total packets 490 RTS 0 total bytes 2002140 in_flight now 0 fair_inc 3355 prop_inc 30432 fast_inc 0 eta_inc 14900 multi_dec -85332 quick_dec -0 nack_dec -41500
Flow Uec_124_252 flowId 107 uecSrc 106 finished at 323.445 total messages 1 total packets 490 RTS 0 total bytes 2002140 in_flight now 0 fair_inc 5839 prop_inc 25862 fast_inc 0 eta_inc 15496 multi_dec -87025 quick_dec -0 nack_dec -41500
Flow Uec_141_13 flowId 73 uecSrc 72 finished at 326.688 total messages 1 total packets 490 RTS 0 total bytes 2002140 in_flight now 0 fair_inc 3119 prop_inc 55114 fast_inc 0 eta_inc 14304 multi_dec -111294 quick_dec -0 nack_dec -33200
Flow Uec_215_87 flowId 95 uecSrc 94 finished at 326.907 total messages 1 total packets 490 RTS 0 total bytes 2002140 in_flight now 0 fair_inc 5244 prop_inc 31510 fast_inc 0 eta_inc 15496 multi_dec -83362 quick_dec -0 nack_dec -49800
327.289 flowid 148 Spurious 480
330.953 flowid 148 Spurious 479
Flow Uec_121_249 flowId 112 uecSrc 111 finished at 331.032 total messages 1 total packets 490 RTS 0 total bytes 2002140 in_flight now 0 fair_inc 12755 prop_inc 31027 fast_inc 0 eta_inc 16092 multi_dec -112935 quick_dec -0 nack_dec -37350
331.949 flowid 148 Spurious 482
332.281 flowid 148 Spurious 483
Flow Uec_97_225 flowId 126 uecSrc 125 finished at 333.066 total messages 1 total packets 490 RTS 0 total bytes 2002140 in_flight now 0 fair_inc 8181 prop_inc 32999 fast_inc 0 eta_inc 16092 multi_dec -73934 quick_dec -0 nack_dec -62250
Flow Uec_195_67 flowId 121 uecSrc 120 finished at 333.191 total messages 1 total packets 490 RTS 0 total bytes 2002140 in_flight now 0 fair_inc 6920 prop_inc 40970 fast_inc 0 eta_inc 15496 multi_dec -112429 quick_dec -0 nack_dec -37350
Flow Uec_150_22 flowId 116 uecSrc 115 finished at 333.38 total messages 1 total packets 490 RTS 0 total bytes 2002140 in_flight now 0 fair_inc 7834 prop_inc 49767 fast_inc 0 eta_inc 15496 multi_dec -114260 quick_dec -0 nack_dec -41500
Flow Uec_114_242 flowId 97 uecSrc 96 finished at 334.145 total messages 1 total packets 490 RTS 0 total bytes 2002140 in_flight now 0 fair_inc 10154 prop_inc 32269 fast_inc 0 eta_inc 15496 multi_dec -118529 quick_dec -0 nack_dec -29050
Flow Uec_119_247 flowId 44 uecSrc 43 finished at 337.5 total messages 1 total packets 490 RTS 0 total bytes 2002140 in_flight now 0 fair_inc 11362 prop_inc 35217 fast_inc 0 eta_inc 16092 multi_dec -106788 quick_dec -0 nack_dec -45650
Flow Uec_166_38 flowId 85 uecSrc 84 finished at 338.396 total messages 1 total packets 490 RTS 0 total bytes 2002140 in_flight now 0 fair_inc 7477 prop_inc 25323 fast_inc 0 eta_inc 15496 multi_dec -91871 quick_dec -0 nack_dec -37350
339.14 flowid 148 Spurious 476
Flow Uec_180_52 flowId 29 uecSrc 28 finished at 339.824 total messages 1 total packets 490 RTS 0 total bytes 2002140 in_flight now 0 fair_inc 12085 prop_inc 33741 fast_inc 0 eta_inc 16092 multi_dec -114968 quick_dec -0 nack_dec -33200
340.171 flowid 123 Spurious 282
341.012 flowid 55 Spurious 478
341.193 flowid 123 Spurious 283
Flow Uec_103_231 flowId 154 uecSrc 153 finished at 341.194 total messages 1 total packets 490 RTS 0 total bytes 2002140 in_flight now 0 fair_inc 12130 prop_inc 36934 fast_inc 0 eta_inc 16092 multi_dec -91016 quick_dec -0 nack_dec -62250
Flow Uec_185_57 flowId 23 uecSrc 22 finished at 341.773 total messages 1 total packets 490 RTS 0 total bytes 2002140 in_flight now 0 fair_inc 7949 prop_inc 43634 fast_inc 0 eta_inc 16092 multi_dec -102781 quick_dec -0 nack_dec -49800
341.862 flowid 123 Spurious 285
Flow Uec_172_44 flowId 164 uecSrc 163 finished at 341.867 total messages 1 total packets 492 RTS 2 total bytes 2002140 in_flight now 0 fair_inc 16195 prop_inc 42716 fast_inc 0 eta_inc 15496 multi_dec -99994 quick_dec -0 nack_dec -33200
Flow Uec_93_221 flowId 72 uecSrc 71 finished at 342.923 total messages 1 total packets 490 RTS 0 total bytes 2002140 in_flight now 0 fair_inc 6254 prop_inc 39661 fast_inc 26754 eta_inc 16688 multi_dec -101985 quick_dec -0 nack_dec -49800
Flow Uec_91_219 flowId 145 uecSrc 144 finished at 343.605 total messages 1 total packets 490 RTS 0 total bytes 2002140 in_flight now 0 fair_inc 17038 prop_inc 33266 fast_inc 0 eta_inc 16092 multi_dec -116746 quick_dec -0 nack_dec -33200
Flow Uec_209_81 flowId 94 uecSrc 93 finished at 344.507 total messages 1 total packets 490 RTS 0 total bytes 2002140 in_flight now 0 fair_inc 7399 prop_inc 41517 fast_inc 0 eta_inc 16092 multi_dec -102113 quick_dec -0 nack_dec -49800
Flow Uec_181_53 flowId 38 uecSrc 37 finished at 344.802 total messages 1 total packets 490 RTS 0 total bytes 2002140 in_flight now 0 fair_inc 6933 prop_inc 39614 fast_inc 0 eta_inc 16092 multi_dec -92489 quick_dec -0 nack_dec -58100
Flow Uec_146_18 flowId 26 uecSrc 25 finished at 345.537 total messages 1 total packets 490 RTS 0 total bytes 2002140 in_flight now 0 fair_inc 4643 prop_inc 47368 fast_inc 21700 eta_inc 16688 multi_dec -104822 quick_dec -0 nack_dec -49800
Flow Uec_122_250 flowId 84 uecSrc 83 finished at 346.484 total messages 1 total packets 490 RTS 0 total bytes 2002140 in_flight now 0 fair_inc 2820 prop_inc 47163 fast_inc 6549 eta_inc 16688 multi_dec -102542 quick_dec -0 nack_dec -49800
Flow Uec_165_37 flowId 133 uecSrc 132 finished at 348.344 total messages 1 total packets 490 RTS 0 total bytes 2002140 in_flight now 0 fair_inc 10058 prop_inc 38234 fast_inc 0 eta_inc 15496 multi_dec -109006 quick_dec -0 nack_dec -41500
348.362 flowid 55 Spurious 475
Flow Uec_192_64 flowId 4 uecSrc 3 finished at 348.687 total messages 1 total packets 490 RTS 0 total bytes 2002140 in_flight now 0 fair_inc 4861 prop_inc 50224 fast_inc 0 eta_inc 16092 multi_dec -108301 quick_dec -0 nack_dec -45650
349.33 flowid 36 Spurious 404
Flow Uec_20_148 flowId 110 uecSrc 109 finished at 351.012 total messages 1 total packets 493 RTS 3 total bytes 2002140 in_flight now 0 fair_inc 15996 prop_inc 28230 fast_inc 175258 eta_inc 16092 multi_dec -183669 quick_dec -0 nack_dec -4150
Flow Uec_153_25 flowId 27 uecSrc 26 finished at 351.101 total messages 1 total packets 490 RTS 0 total bytes 2002140 in_flight now 0 fair_inc 12983 prop_inc 45803 fast_inc 0 eta_inc 16092 multi_dec -115421 quick_dec -0 nack_dec -41500
Flow Uec_100_228 flowId 62 uecSrc 61 finished at 354.939 total messages 1 total packets 490 RTS 0 total bytes 2002140 in_flight now 0 fair_inc 3238 prop_inc 56152 fast_inc 0 eta_inc 16688 multi_dec -96597 quick_dec -0 nack_dec -58100
Flow Uec_11_139 flowId 161 uecSrc 160 finished at 356.34 total messages 1 total packets 493 RTS 3 total bytes 2002140 in_flight now 0 fair_inc 12867 prop_inc 47991 fast_inc 0 eta_inc 13112 multi_dec -0 quick_dec -177027 nack_dec -58100
Flow Uec_51_179 flowId 42 uecSrc 41 finished at 356.473 total messages 1 total packets 490 RTS 0 total bytes 2002140 in_flight now 0 fair_inc 11033 prop_inc 58551 fast_inc 0 eta_inc 16688 multi_dec -143474 quick_dec -0 nack_dec -29050
Flow Uec_229_101 flowId 147 uecSrc 146 finished at 359.441 total messages 1 total packets 490 RTS 0 total bytes 2002140 in_flight now 0 fair_inc 8859 prop_inc 44095 fast_inc 0 eta_inc 16688 multi_dec -99096 quick_dec -0 nack_dec -62250
Flow Uec_234_106 flowId 127 uecSrc 126 finished at 363.616 total messages 1 total packets 490 RTS 0 total bytes 2002140 in_flight now 0 fair_inc 6545 prop_inc 47777 fast_inc 0 eta_inc 16688 multi_dec -84625 quick_dec -0 nack_dec -78850
Flow Uec_131_3 flowId 49 uecSrc 48 finished at 363.881 total messages 1 total packets 490 RTS 0 total bytes 2002140 in_flight now 0 fair_inc 10194 prop_inc 54298 fast_inc 0 eta_inc 15496 multi_dec -137814 quick_dec -0 nack_dec -33200
Flow Uec_255_127 flowId 32 uecSrc 31 finished at 365.447 total messages 1 total packets 490 RTS 0 total bytes 2002140 in_flight now 0 fair_inc 10410 prop_inc 21593 fast_inc 0 eta_inc 17284 multi_dec -67173 quick_dec -0 nack_dec -70550
Flow Uec_49_177 flowId 52 uecSrc 51 finished at 367.502 total messages 1 total packets 490 RTS 0 total bytes 2002140 in_flight now 0 fair_inc 14810 prop_inc 59503 fast_inc 0 eta_inc 16688 multi_dec -115291 quick_dec -0 nack_dec -58100
Flow Uec_157_29 flowId 86 uecSrc 85 finished at 367.866 total messages 1 total packets 490 RTS 0 total bytes 2002140 in_flight now 0 fair_inc 17569 prop_inc 59447 fast_inc 0 eta_inc 16688 multi_dec -154134 quick_dec -0 nack_dec -24900
370.875 flowid 61 Spurious 346
Flow Uec_68_196 flowId 96 uecSrc 95 finished at 371.679 total messages 1 total packets 490 RTS 0 total bytes 2002140 in_flight now 0 fair_inc 10232 prop_inc 96155 fast_inc 0 eta_inc 16092 multi_dec -149056 quick_dec -0 nack_dec -33200
Flow Uec_27_155 flowId 93 uecSrc 92 finished at 372.356 total messages 1 total packets 492 RTS 2 total bytes 2002140 in_flight now 0 fair_inc 11895 prop_inc 27896 fast_inc 0 eta_inc 16688 multi_dec -159669 quick_dec -0 nack_dec -8300
Flow Uec_12_140 flowId 55 uecSrc 54 finished at 376.036 total messages 1 total packets 493 RTS 3 total bytes 2002140 in_flight now 0 fair_inc 11164 prop_inc 34188 fast_inc 0 eta_inc 14304 multi_dec -4500 quick_dec -188781 nack_dec -20750
Flow Uec_0_128 flowId 148 uecSrc 147 finished at 377.717 total messages 1 total packets 491 RTS 1 total bytes 2002140 in_flight now 0 fair_inc 12378 prop_inc 45150 fast_inc 0 eta_inc 13112 multi_dec -0 quick_dec -178626 nack_dec -58100
Flow Uec_177_49 flowId 140 uecSrc 139 finished at 384.017 total messages 1 total packets 490 RTS 0 total bytes 2002140 in_flight now 0 fair_inc 30276 prop_inc 15752 fast_inc 0 eta_inc 18476 multi_dec -73399 quick_dec -0 nack_dec -99600
Flow Uec_127_255 flowId 103 uecSrc 102 finished at 384.95 total messages 1 total packets 490 RTS 0 total bytes 2002140 in_flight now 0 fair_inc 8547 prop_inc 94555 fast_inc 0 eta_inc 17284 multi_dec -104819 quick_dec -0 nack_dec -74700
Flow Uec_65_193 flowId 129 uecSrc 128 finished at 386.41 total messages 1 total packets 490 RTS 0 total bytes 2002140 in_flight now 0 fair_inc 15697 prop_inc 58497 fast_inc 0 eta_inc 17284 multi_dec -132795 quick_dec -0 nack_dec -41500
Flow Uec_21_149 flowId 66 uecSrc 65 finished at 386.96 total messages 1 total packets 496 RTS 6 total bytes 2002140 in_flight now 0 fair_inc 11988 prop_inc 78245 fast_inc 0 eta_inc 16688 multi_dec -136847 quick_dec -0 nack_dec -8300
Flow Uec_64_192 flowId 144 uecSrc 143 finished at 388.563 total messages 1 total packets 490 RTS 0 total bytes 2002140 in_flight now 0 fair_inc 6705 prop_inc 64297 fast_inc 0 eta_inc 17284 multi_dec -136730 quick_dec -0 nack_dec -45650
Flow Uec_29_157 flowId 100 uecSrc 99 finished at 390.823 total messages 1 total packets 500 RTS 10 total bytes 2002140 in_flight now -64 fair_inc 41463 prop_inc 11360 fast_inc 0 eta_inc 17880 multi_dec -54775 quick_dec -0 nack_dec -29050
Flow Uec_142_14 flowId 13 uecSrc 12 finished at 392.198 total messages 1 total packets 492 RTS 2 total bytes 2002140 in_flight now 0 fair_inc 3142 prop_inc 56589 fast_inc 0 eta_inc 17880 multi_dec -30984 quick_dec -0 nack_dec -116200
Flow Uec_251_123 flowId 124 uecSrc 123 finished at 401.765 total messages 1 total packets 490 RTS 0 total bytes 2002140 in_flight now 0 fair_inc 6575 prop_inc 46236 fast_inc 42915 eta_inc 19072 multi_dec -78020 quick_dec -0 nack_dec -87150
Flow Uec_52_180 flowId 122 uecSrc 121 finished at 409.752 total messages 1 total packets 490 RTS 0 total bytes 2002140 in_flight now 0 fair_inc 14722 prop_inc 22437 fast_inc 0 eta_inc 19668 multi_dec -37718 quick_dec -0 nack_dec -124500
Flow Uec_37_165 flowId 2 uecSrc 1 finished at 410.709 total messages 1 total packets 493 RTS 3 total bytes 2002140 in_flight now 0 fair_inc 6217 prop_inc 66972 fast_inc 0 eta_inc 12516 multi_dec -0 quick_dec -182734 nack_dec -4150
Flow Uec_43_171 flowId 43 uecSrc 42 finished at 415.34 total messages 1 total packets 494 RTS 4 total bytes 2002140 in_flight now 0 fair_inc 37046 prop_inc 19422 fast_inc 0 eta_inc 14900 multi_dec -101489 quick_dec -122503 nack_dec -8300
Flow Uec_34_162 flowId 61 uecSrc 60 finished at 418.339 total messages 1 total packets 504 RTS 14 total bytes 2002140 in_flight now 0 fair_inc 33558 prop_inc 34260 fast_inc 0 eta_inc 18476 multi_dec -28299 quick_dec -0 nack_dec -0
Flow Uec_53_181 flowId 67 uecSrc 66 finished at 421.369 total messages 1 total packets 490 RTS 0 total bytes 2002140 in_flight now 0 fair_inc 12820 prop_inc 21784 fast_inc 0 eta_inc 19668 multi_dec -29420 quick_dec -0 nack_dec -124500
Flow Uec_25_153 flowId 65 uecSrc 64 finished at 423.671 total messages 1 total packets 493 RTS 3 total bytes 2002140 in_flight now 0 fair_inc 19318 prop_inc 82334 fast_inc 28775 eta_inc 17880 multi_dec -196830 quick_dec -0 nack_dec -8300
Flow Uec_101_229 flowId 20 uecSrc 19 finished at 424.246 total messages 1 total packets 490 RTS 0 total bytes 2002140 in_flight now 0 fair_inc 11183 prop_inc 22535 fast_inc 0 eta_inc 20264 multi_dec -45158 quick_dec -0 nack_dec -124500
Flow Uec_143_15 flowId 8 uecSrc 7 finished at 425.262 total messages 1 total packets 490 RTS 0 total bytes 2002140 in_flight now 0 fair_inc 25708 prop_inc 22829 fast_inc 0 eta_inc 20264 multi_dec -61286 quick_dec -0 nack_dec -103750
Flow Uec_239_111 flowId 76 uecSrc 75 finished at 425.904 total messages 1 total packets 490 RTS 0 total bytes 2002140 in_flight now 0 fair_inc 24217 prop_inc 18850 fast_inc 0 eta_inc 20264 multi_dec -46720 quick_dec -0 nack_dec -128650
Flow Uec_225_97 flowId 5 uecSrc 4 finished at 428.224 total messages 1 total packets 490 RTS 0 total bytes 2002140 in_flight now 0 fair_inc 17916 prop_inc 21365 fast_inc 0 eta_inc 19668 multi_dec -35080 quick_dec -0 nack_dec -136950
Flow Uec_134_6 flowId 120 uecSrc 119 finished at 438.428 total messages 1 total packets 491 RTS 1 total bytes 2002140 in_flight now 0 fair_inc 23495 prop_inc 21267 fast_inc 0 eta_inc 20264 multi_dec -12732 quick_dec -0 nack_dec -132800
Flow Uec_19_147 flowId 36 uecSrc 35 finished at 438.888 total messages 1 total packets 496 RTS 6 total bytes 2002140 in_flight now -64 fair_inc 17340 prop_inc 28533 fast_inc 2020 eta_inc 17880 multi_dec -1321 quick_dec -116859 nack_dec -12450
Flow Uec_144_16 flowId 54 uecSrc 53 finished at 441.236 total messages 1 total packets 490 RTS 0 total bytes 2002140 in_flight now 0 fair_inc 10551 prop_inc 33475 fast_inc 0 eta_inc 19668 multi_dec -109421 quick_dec -0 nack_dec -62250
Flow Uec_44_172 flowId 123 uecSrc 122 finished at 446.37 total messages 1 total packets 501 RTS 11 total bytes 2002140 in_flight now -64 fair_inc 28563 prop_inc 43750 fast_inc 7559 eta_inc 20264 multi_dec -50053 quick_dec -0 nack_dec -16600
Flow Uec_117_245 flowId 138 uecSrc 137 finished at 458.832 total messages 1 total packets 490 RTS 0 total bytes 2002140 in_flight now 0 fair_inc 14844 prop_inc 16205 fast_inc 0 eta_inc 21456 multi_dec -84717 quick_dec -0 nack_dec -83000
Flow Uec_60_188 flowId 160 uecSrc 159 finished at 459.905 total messages 1 total packets 490 RTS 0 total bytes 2002140 in_flight now 0 fair_inc 5801 prop_inc 41600 fast_inc 0 eta_inc 22052 multi_dec -74374 quick_dec -0 nack_dec -103750
Flow Uec_99_227 flowId 39 uecSrc 38 finished at 463.123 total messages 1 total packets 490 RTS 0 total bytes 2002140 in_flight now 0 fair_inc 37209 prop_inc 20511 fast_inc 0 eta_inc 21456 multi_dec -30351 quick_dec -0 nack_dec -161850
Flow Uec_6_134 flowId 30 uecSrc 29 finished at 463.628 total messages 1 total packets 491 RTS 1 total bytes 2002140 in_flight now 0 fair_inc 19487 prop_inc 91654 fast_inc 0 eta_inc 17880 multi_dec -143354 quick_dec -0 nack_dec -49800
465.357 flowid 156 Spurious 488
465.518 flowid 156 Spurious 489
Flow Uec_56_184 flowId 19 uecSrc 18 finished at 466.373 total messages 1 total packets 490 RTS 0 total bytes 2002140 in_flight now 0 fair_inc 11191 prop_inc 38158 fast_inc 0 eta_inc 21456 multi_dec -125130 quick_dec -0 nack_dec -62250
Flow Uec_137_9 flowId 51 uecSrc 50 finished at 470.245 total messages 1 total packets 491 RTS 1 total bytes 2002140 in_flight now 0 fair_inc 37401 prop_inc 63362 fast_inc 0 eta_inc 20860 multi_dec -132020 quick_dec -0 nack_dec -53950
Flow Uec_147_19 flowId 156 uecSrc 155 finished at 470.383 total messages 1 total packets 490 RTS 0 total bytes 2002140 in_flight now 0 fair_inc 21906 prop_inc 46268 fast_inc 0 eta_inc 16092 multi_dec -136118 quick_dec -0 nack_dec -29050
Flow Uec_236_108 flowId 158 uecSrc 157 finished at 475.417 total messages 1 total packets 490 RTS 0 total bytes 2002140 in_flight now 0 fair_inc 6059 prop_inc 50017 fast_inc 0 eta_inc 22052 multi_dec -106960 quick_dec -0 nack_dec -74700
Flow Uec_9_137 flowId 89 uecSrc 88 finished at 477.018 total messages 1 total packets 505 RTS 15 total bytes 2002140 in_flight now -128 fair_inc 7035 prop_inc 71336 fast_inc 0 eta_inc 18476 multi_dec -0 quick_dec -75369 nack_dec -12450
Flow Uec_228_100 flowId 104 uecSrc 103 finished at 477.9 total messages 1 total packets 490 RTS 0 total bytes 2002140 in_flight now 0 fair_inc 17682 prop_inc 29225 fast_inc 0 eta_inc 22648 multi_dec -10811 quick_dec -0 nack_dec -174300
Flow Uec_186_58 flowId 48 uecSrc 47 finished at 481.719 total messages 1 total packets 490 RTS 0 total bytes 2002140 in_flight now 0 fair_inc 20351 prop_inc 47490 fast_inc 0 eta_inc 22052 multi_dec -80241 quick_dec -0 nack_dec -99600
Flow Uec_201_73 flowId 25 uecSrc 24 finished at 482.545 total messages 1 total packets 490 RTS 0 total bytes 2002140 in_flight now 0 fair_inc 16243 prop_inc 16329 fast_inc 0 eta_inc 21456 multi_dec -96565 quick_dec -0 nack_dec -83000
Flow Uec_58_186 flowId 109 uecSrc 108 finished at 482.973 total messages 1 total packets 490 RTS 0 total bytes 2002140 in_flight now 0 fair_inc 37617 prop_inc 48379 fast_inc 0 eta_inc 22648 multi_dec -104832 quick_dec -0 nack_dec -99600
Flow Uec_208_80 flowId 46 uecSrc 45 finished at 491.755 total messages 1 total packets 490 RTS 0 total bytes 2002140 in_flight now 0 fair_inc 23269 prop_inc 17418 fast_inc 0 eta_inc 22648 multi_dec -54256 quick_dec -0 nack_dec -124500
Flow Uec_107_235 flowId 117 uecSrc 116 finished at 492.255 total messages 1 total packets 490 RTS 0 total bytes 2002140 in_flight now 0 fair_inc 40706 prop_inc 30346 fast_inc 0 eta_inc 22648 multi_dec -120304 quick_dec -0 nack_dec -74700
Flow Uec_120_248 flowId 153 uecSrc 152 finished at 493.852 total messages 1 total packets 490 RTS 0 total bytes 2002140 in_flight now 0 fair_inc 28790 prop_inc 32676 fast_inc 0 eta_inc 22648 multi_dec -98858 quick_dec -0 nack_dec -103750
Flow Uec_38_166 flowId 45 uecSrc 44 finished at 494.056 total messages 1 total packets 496 RTS 6 total bytes 2002140 in_flight now -64 fair_inc 12814 prop_inc 40003 fast_inc 0 eta_inc 23244 multi_dec -95605 quick_dec -0 nack_dec -8300
Flow Uec_242_114 flowId 113 uecSrc 112 finished at 496.065 total messages 1 total packets 490 RTS 0 total bytes 2002140 in_flight now 0 fair_inc 19530 prop_inc 37795 fast_inc 0 eta_inc 23244 multi_dec -79478 quick_dec -0 nack_dec -103750
Flow Uec_205_77 flowId 166 uecSrc 165 finished at 497.103 total messages 1 total packets 490 RTS 0 total bytes 2002140 in_flight now 0 fair_inc 44881 prop_inc 509 fast_inc 0 eta_inc 23840 multi_dec -62875 quick_dec -0 nack_dec -132800
Flow Uec_84_212 flowId 102 uecSrc 101 finished at 497.877 total messages 1 total packets 490 RTS 0 total bytes 2002140 in_flight now 0 fair_inc 13612 prop_inc 12026 fast_inc 0 eta_inc 22648 multi_dec -92250 quick_dec -0 nack_dec -83000
Flow Uec_200_72 flowId 35 uecSrc 34 finished at 498.171 total messages 1 total packets 490 RTS 0 total bytes 2002140 in_flight now 0 fair_inc 8242 prop_inc 48772 fast_inc 0 eta_inc 23244 multi_dec -90468 quick_dec -0 nack_dec -91300
Flow Uec_82_210 flowId 91 uecSrc 90 finished at 499.231 total messages 1 total packets 490 RTS 0 total bytes 2002140 in_flight now 0 fair_inc 24331 prop_inc 12319 fast_inc 0 eta_inc 23244 multi_dec -91653 quick_dec -0 nack_dec -91300
Flow Uec_116_244 flowId 136 uecSrc 135 finished at 501.462 total messages 1 total packets 490 RTS 0 total bytes 2002140 in_flight now 0 fair_inc 25502 prop_inc 44025 fast_inc 0 eta_inc 23244 multi_dec -100478 quick_dec -0 nack_dec -91300
Flow Uec_197_69 flowId 81 uecSrc 80 finished at 503.311 total messages 1 total packets 490 RTS 0 total bytes 2002140 in_flight now 0 fair_inc 19746 prop_inc 47569 fast_inc 0 eta_inc 22052 multi_dec -138714 quick_dec -0 nack_dec -58100
Flow Uec_70_198 flowId 111 uecSrc 110 finished at 503.665 total messages 1 total packets 490 RTS 0 total bytes 2002140 in_flight now 0 fair_inc 22351 prop_inc 14128 fast_inc 0 eta_inc 23244 multi_dec -53881 quick_dec -0 nack_dec -128650
Flow Uec_126_254 flowId 130 uecSrc 129 finished at 505.219 total messages 1 total packets 490 RTS 0 total bytes 2002140 in_flight now 0 fair_inc 9525 prop_inc 44283 fast_inc 0 eta_inc 19072 multi_dec -53794 quick_dec -0 nack_dec -124500
Flow Uec_35_163 flowId 16 uecSrc 15 finished at 506.894 total messages 1 total packets 497 RTS 7 total bytes 2002140 in_flight now 0 fair_inc 11443 prop_inc 47253 fast_inc 0 eta_inc 21456 multi_dec -143752 quick_dec -0 nack_dec -4150
Flow Uec_115_243 flowId 134 uecSrc 133 finished at 507.153 total messages 1 total packets 490 RTS 0 total bytes 2002140 in_flight now 0 fair_inc 22948 prop_inc 48228 fast_inc 0 eta_inc 23840 multi_dec -110636 quick_dec -0 nack_dec -87150
Flow Uec_182_54 flowId 98 uecSrc 97 finished at 511.952 total messages 1 total packets 490 RTS 0 total bytes 2002140 in_flight now 0 fair_inc 9054 prop_inc 67826 fast_inc 24733 eta_inc 22052 multi_dec -85646 quick_dec -0 nack_dec -95450
Flow Uec_214_86 flowId 115 uecSrc 114 finished at 514.805 total messages 1 total packets 490 RTS 0 total bytes 2002140 in_flight now 0 fair_inc 19554 prop_inc 30150 fast_inc 10591 eta_inc 22648 multi_dec -69234 quick_dec -0 nack_dec -116200
Flow Uec_109_237 flowId 159 uecSrc 158 finished at 515.27 total messages 1 total packets 490 RTS 0 total bytes 2002140 in_flight now 0 fair_inc 33805 prop_inc 45590 fast_inc 6550 eta_inc 22648 multi_dec -150535 quick_dec -0 nack_dec -66400
Flow Uec_61_189 flowId 128 uecSrc 127 finished at 519.802 total messages 1 total packets 490 RTS 0 total bytes 2002140 in_flight now 0 fair_inc 14574 prop_inc 48621 fast_inc 0 eta_inc 24436 multi_dec -79058 quick_dec -0 nack_dec -107900
Flow Uec_216_88 flowId 106 uecSrc 105 finished at 521.479 total messages 1 total packets 490 RTS 0 total bytes 2002140 in_flight now 0 fair_inc 43819 prop_inc 9664 fast_inc 0 eta_inc 23244 multi_dec -46764 quick_dec -0 nack_dec -145250
Flow Uec_62_190 flowId 142 uecSrc 141 finished at 524.271 total messages 1 total packets 490 RTS 0 total bytes 2002140 in_flight now 0 fair_inc 31697 prop_inc 80156 fast_inc 0 eta_inc 24436 multi_dec -135466 quick_dec -0 nack_dec -83000
Flow Uec_57_185 flowId 64 uecSrc 63 finished at 526.507 total messages 1 total packets 490 RTS 0 total bytes 2002140 in_flight now 0 fair_inc 26983 prop_inc 49649 fast_inc 0 eta_inc 24436 multi_dec -103975 quick_dec -0 nack_dec -99600
Flow Uec_244_116 flowId 92 uecSrc 91 finished at 529.888 total messages 1 total packets 490 RTS 0 total bytes 2002140 in_flight now 0 fair_inc 35294 prop_inc 7300 fast_inc 0 eta_inc 23840 multi_dec -34082 quick_dec -0 nack_dec -149400
Flow Uec_24_152 flowId 37 uecSrc 36 finished at 532.43 total messages 1 total packets 499 RTS 9 total bytes 2002140 in_flight now 0 fair_inc 9204 prop_inc 55509 fast_inc 18671 eta_inc 24436 multi_dec -119056 quick_dec -0 nack_dec -0
Flow Uec_138_10 flowId 14 uecSrc 13 finished at 537.385 total messages 1 total packets 492 RTS 2 total bytes 2002140 in_flight now 0 fair_inc 37619 prop_inc 36906 fast_inc 0 eta_inc 23840 multi_dec -56413 quick_dec -0 nack_dec -124500
Flow Uec_4_132 flowId 41 uecSrc 40 finished at 537.545 total messages 1 total packets 508 RTS 18 total bytes 2002140 in_flight now -128 fair_inc 14382 prop_inc 81493 fast_inc 0 eta_inc 24436 multi_dec -0 quick_dec -0 nack_dec -20750
Flow Uec_232_104 flowId 87 uecSrc 86 finished at 542.469 total messages 1 total packets 490 RTS 0 total bytes 2002140 in_flight now 0 fair_inc 27526 prop_inc 77890 fast_inc 12123 eta_inc 22052 multi_dec -104046 quick_dec -0 nack_dec -103750
Flow Uec_211_83 flowId 118 uecSrc 117 finished at 551.853 total messages 1 total packets 490 RTS 0 total bytes 2002140 in_flight now 0 fair_inc 18964 prop_inc 6549 fast_inc 0 eta_inc 26224 multi_dec -38188 quick_dec -0 nack_dec -149400
Flow Uec_217_89 flowId 105 uecSrc 104 finished at 552.139 total messages 1 total packets 490 RTS 0 total bytes 2002140 in_flight now 0 fair_inc 14214 prop_inc 5873 fast_inc 0 eta_inc 26224 multi_dec -55636 quick_dec -0 nack_dec -136950
Flow Uec_67_195 flowId 165 uecSrc 164 finished at 552.926 total messages 1 total packets 490 RTS 0 total bytes 2002140 in_flight now 0 fair_inc 37193 prop_inc 37092 fast_inc 168184 eta_inc 24436 multi_dec -98603 quick_dec -0 nack_dec -145250
Flow Uec_243_115 flowId 139 uecSrc 138 finished at 556.033 total messages 1 total packets 490 RTS 0 total bytes 2002140 in_flight now 0 fair_inc 12252 prop_inc 46823 fast_inc 87363 eta_inc 24436 multi_dec -159025 quick_dec -0 nack_dec -58100
Flow Uec_156_28 flowId 77 uecSrc 76 finished at 566.501 total messages 1 total packets 491 RTS 1 total bytes 2002140 in_flight now 0 fair_inc 46577 prop_inc 11670 fast_inc 0 eta_inc 26224 multi_dec -30541 quick_dec -0 nack_dec -157700
Flow Uec_77_205 flowId 59 uecSrc 58 finished at 577.499 total messages 1 total packets 490 RTS 0 total bytes 2002140 in_flight now 0 fair_inc 28501 prop_inc 5374 fast_inc 0 eta_inc 26224 multi_dec -57445 quick_dec -0 nack_dec -145250
Flow Uec_139_11 flowId 125 uecSrc 124 finished at 579.337 total messages 1 total packets 492 RTS 2 total bytes 2002140 in_flight now 0 fair_inc 20263 prop_inc 109383 fast_inc 0 eta_inc 23840 multi_dec -156197 quick_dec -0 nack_dec -66400
Flow Uec_76_204 flowId 10 uecSrc 9 finished at 579.393 total messages 1 total packets 490 RTS 0 total bytes 2002140 in_flight now 0 fair_inc 35757 prop_inc 6144 fast_inc 0 eta_inc 26820 multi_dec -74317 quick_dec -0 nack_dec -136950
Flow Uec_140_12 flowId 70 uecSrc 69 finished at 587.721 total messages 1 total packets 491 RTS 1 total bytes 2002140 in_flight now 0 fair_inc 47127 prop_inc 96388 fast_inc 0 eta_inc 23840 multi_dec -165673 quick_dec -0 nack_dec -87150
Flow Uec_227_99 flowId 69 uecSrc 68 finished at 607.757 total messages 1 total packets 490 RTS 0 total bytes 2002140 in_flight now 0 fair_inc 30993 prop_inc 20542 fast_inc 0 eta_inc 28012 multi_dec -45626 quick_dec -0 nack_dec -157700
Flow Uec_169_41 flowId 24 uecSrc 23 finished at 615.134 total messages 1 total packets 491 RTS 1 total bytes 2002140 in_flight now 0 fair_inc 28176 prop_inc 26583 fast_inc 0 eta_inc 28012 multi_dec -85430 quick_dec -0 nack_dec -116200
Flow Uec_5_133 flowId 58 uecSrc 57 finished at 616.502 total messages 1 total packets 493 RTS 3 total bytes 2002140 in_flight now 0 fair_inc 26333 prop_inc 43359 fast_inc 0 eta_inc 16092 multi_dec -58792 quick_dec -158020 nack_dec -8300
Flow Uec_199_71 flowId 137 uecSrc 136 finished at 638.815 total messages 1 total packets 490 RTS 0 total bytes 2002140 in_flight now 0 fair_inc 46589 prop_inc 54257 fast_inc 0 eta_inc 28608 multi_dec -88958 quick_dec -0 nack_dec -132800
Flow Uec_231_103 flowId 31 uecSrc 30 finished at 645.51 total messages 1 total packets 490 RTS 0 total bytes 2002140 in_flight now 0 fair_inc 38243 prop_inc 42656 fast_inc 0 eta_inc 28608 multi_dec -68269 quick_dec -0 nack_dec -141100
Flow Uec_132_4 flowId 71 uecSrc 70 finished at 658.171 total messages 1 total packets 491 RTS 1 total bytes 2002140 in_flight now 0 fair_inc 63282 prop_inc 73584 fast_inc 0 eta_inc 27416 multi_dec -138865 quick_dec -0 nack_dec -120350
Flow Uec_130_2 flowId 28 uecSrc 27 finished at 699.768 total messages 1 total packets 490 RTS 0 total bytes 2002140 in_flight now 0 fair_inc 65142 prop_inc 81069 fast_inc 0 eta_inc 28608 multi_dec -133116 quick_dec -0 nack_dec -136950
Flow Uec_202_74 flowId 22 uecSrc 21 finished at 707.523 total messages 1 total packets 490 RTS 0 total bytes 2002140 in_flight now 0 fair_inc 32861 prop_inc 88548 fast_inc 0 eta_inc 26224 multi_dec -127129 quick_dec -0 nack_dec -112050
Flow Uec_168_40 flowId 56 uecSrc 55 finished at 709.714 total messages 1 total packets 490 RTS 0 total bytes 2002140 in_flight now 0 fair_inc 28834 prop_inc 54514 fast_inc 7070 eta_inc 27416 multi_dec -104237 quick_dec -0 nack_dec -128650
Flow Uec_233_105 flowId 3 uecSrc 2 finished at 716.232 total messages 1 total packets 490 RTS 0 total bytes 2002140 in_flight now 0 fair_inc 29631 prop_inc 46834 fast_inc 135859 eta_inc 25628 multi_dec -133408 quick_dec -5275 nack_dec -99600
Flow Uec_90_218 flowId 60 uecSrc 59 finished at 722.59 total messages 1 total packets 490 RTS 0 total bytes 2002140 in_flight now 0 fair_inc 21475 prop_inc 43077 fast_inc 0 eta_inc 32184 multi_dec -43658 quick_dec -0 nack_dec -166000
Flow Uec_152_24 flowId 78 uecSrc 77 finished at 748.186 total messages 1 total packets 491 RTS 1 total bytes 2002140 in_flight now 0 fair_inc 34103 prop_inc 70759 fast_inc 0 eta_inc 24436 multi_dec -32192 quick_dec -32130 nack_dec -161850
Flow Uec_220_92 flowId 80 uecSrc 79 finished at 781.954 total messages 1 total packets 490 RTS 0 total bytes 2002140 in_flight now 0 fair_inc 43727 prop_inc 45388 fast_inc 0 eta_inc 33376 multi_dec -97726 quick_dec -3793 nack_dec -145250
Flow Uec_89_217 flowId 143 uecSrc 142 finished at 810.967 total messages 1 total packets 490 RTS 0 total bytes 2002140 in_flight now 0 fair_inc 47377 prop_inc 64427 fast_inc 0 eta_inc 28608 multi_dec -79918 quick_dec -928 nack_dec -161850
Flow Uec_219_91 flowId 101 uecSrc 100 finished at 822.515 total messages 1 total packets 490 RTS 0 total bytes 2002140 in_flight now 0 fair_inc 39323 prop_inc 59082 fast_inc 0 eta_inc 27416 multi_dec -44304 quick_dec -84507 nack_dec -136950
Flow Uec_85_213 flowId 47 uecSrc 46 finished at 848.68 total messages 1 total packets 490 RTS 0 total bytes 2002140 in_flight now 0 fair_inc 31832 prop_inc 70846 fast_inc 41907 eta_inc 34568 multi_dec -107370 quick_dec -499 nack_dec -128650
Flow Uec_175_47 flowId 21 uecSrc 20 finished at 860.066 total messages 1 total packets 491 RTS 1 total bytes 2002140 in_flight now 0 fair_inc 29745 prop_inc 62811 fast_inc 256080 eta_inc 30396 multi_dec -147470 quick_dec -2216 nack_dec -99600
Flow Uec_223_95 flowId 75 uecSrc 74 finished at 861.319 total messages 1 total packets 490 RTS 0 total bytes 2002140 in_flight now 0 fair_inc 24916 prop_inc 73272 fast_inc 0 eta_inc 28012 multi_dec -34000 quick_dec -37682 nack_dec -157700
Flow Uec_95_223 flowId 162 uecSrc 161 finished at 911.325 total messages 1 total packets 490 RTS 0 total bytes 2002140 in_flight now 0 fair_inc 69743 prop_inc 4948 fast_inc 0 eta_inc 39932 multi_dec -143441 quick_dec -0 nack_dec -157700
Flow Uec_78_206 flowId 82 uecSrc 81 finished at 941.698 total messages 1 total packets 490 RTS 0 total bytes 2002140 in_flight now 0 fair_inc 73613 prop_inc 5987 fast_inc 0 eta_inc 35164 multi_dec -125261 quick_dec -0 nack_dec -157700
Flow Uec_74_202 flowId 11 uecSrc 10 finished at 942.523 total messages 1 total packets 490 RTS 0 total bytes 2002140 in_flight now 0 fair_inc 38112 prop_inc 5026 fast_inc 0 eta_inc 41124 multi_dec -88256 quick_dec -0 nack_dec -161850
Flow Uec_92_220 flowId 79 uecSrc 78 finished at 947.995 total messages 1 total packets 490 RTS 0 total bytes 2002140 in_flight now 0 fair_inc 57948 prop_inc 6085 fast_inc 0 eta_inc 28608 multi_dec -60691 quick_dec -19049 nack_dec -186750
Flow Uec_79_207 flowId 90 uecSrc 89 finished at 999.204 total messages 1 total packets 490 RTS 0 total bytes 2002140 in_flight now 0 fair_inc 52416 prop_inc 35670 fast_inc 0 eta_inc 40528 multi_dec -125549 quick_dec -0 nack_dec -161850
Flow Uec_73_201 flowId 114 uecSrc 113 finished at 1020.11 total messages 1 total packets 490 RTS 0 total bytes 2002140 in_flight now 0 fair_inc 69000 prop_inc 51435 fast_inc 10591 eta_inc 36356 multi_dec -118116 quick_dec --311 nack_dec -157700
.Done
New: 81340 Rtx: 3247 RTS: 158 Bounced: 0 ACKs: 62324 NACKs: 2735 Pulls: 0 sleek_pkts: 0
