traffic matrix input file: connection_matrices/load_sweep/load0.75_n256_seed1.cm
Load balancing algorithm set to oblivious
no_of_nodes 256
Dragonfly+ strategy: FPAR
Setting queuesize to 50 packets
endtime(us) 100000
random seed 1
Packet size (MTU) is 4150
Parsed args
Logging to reps_dfp_results/reps_withoutnorm256/load0.75_oblivious_seed1.dat
Loading connection matrix from connection_matrices/load_sweep/load0.75_n256_seed1.cm
Nodes: 256 Connections: 192 Triggers: 0 Failures: 0
Setting ECN low 33200 high 120350
Dragonfly+ with medium topology type
Link latencies: 1 and switch latencies: 0
queue_id 2 ecn_low 33200 ecn_high 120350
DragonFly+ constructor done, 392 nodes created
Note: topology supports 392 hosts; 136 host port(s) will be unused.
network_max_unloaded_rtt 11.6856 us
Setting min RTO to 114.6
Per-hop RTT normalization: OFF (strategy fpar)
Initializing static NSCC parameters: _reference_network_linkspeed=100000000000 _reference_network_rtt=12000000 _reference_network_bdp=150000 _target_Qdelay=8764200 _network_linkspeed=100000000000 _network_rtt=11685600 _network_bdp=146070 _qa_gate=2^3 _qa_threshold=3.50568e+07 _scaling_factor_a=0.9738 _scaling_factor_b=0.73035 _alpha=0.00132632 _fi=19894.7 _eta=596.842 _qa_scaling=1 _gamma=0.8 _fi_scale=0.24345 _delay_alpha=0.0125 _adjust_period_threshold=11685600 _adjust_bytes_threshold=33200
Initialize per-instance NSCC parameters: flowid 1 _base_rtt=11685600 _base_bdp=146070 _bdp=146070 _min_cwnd=4150 _maxwnd=219105 _cwnd=219105
Initialize per-instance NSCC parameters: flowid 2 _base_rtt=11685600 _base_bdp=146070 _bdp=146070 _min_cwnd=4150 _maxwnd=219105 _cwnd=219105
Initialize per-instance NSCC parameters: flowid 3 _base_rtt=11685600 _base_bdp=146070 _bdp=146070 _min_cwnd=4150 _maxwnd=219105 _cwnd=219105
Initialize per-instance NSCC parameters: flowid 4 _base_rtt=11685600 _base_bdp=146070 _bdp=146070 _min_cwnd=4150 _maxwnd=219105 _cwnd=219105
Initialize per-instance NSCC parameters: flowid 5 _base_rtt=11685600 _base_bdp=146070 _bdp=146070 _min_cwnd=4150 _maxwnd=219105 _cwnd=219105
Initialize per-instance NSCC parameters: flowid 6 _base_rtt=11685600 _base_bdp=146070 _bdp=146070 _min_cwnd=4150 _maxwnd=219105 _cwnd=219105
Initialize per-instance NSCC parameters: flowid 7 _base_rtt=11685600 _base_bdp=146070 _bdp=146070 _min_cwnd=4150 _maxwnd=219105 _cwnd=219105
Initialize per-instance NSCC parameters: flowid 8 _base_rtt=11685600 _base_bdp=146070 _bdp=146070 _min_cwnd=4150 _maxwnd=219105 _cwnd=219105
Initialize per-instance NSCC parameters: flowid 9 _base_rtt=11685600 _base_bdp=146070 _bdp=146070 _min_cwnd=4150 _maxwnd=219105 _cwnd=219105
Initialize per-instance NSCC parameters: flowid 10 _base_rtt=11685600 _base_bdp=146070 _bdp=146070 _min_cwnd=4150 _maxwnd=219105 _cwnd=219105
Initialize per-instance NSCC parameters: flowid 11 _base_rtt=11685600 _base_bdp=146070 _bdp=146070 _min_cwnd=4150 _maxwnd=219105 _cwnd=219105
Initialize per-instance NSCC parameters: flowid 12 _base_rtt=11685600 _base_bdp=146070 _bdp=146070 _min_cwnd=4150 _maxwnd=219105 _cwnd=219105
Initialize per-instance NSCC parameters: flowid 13 _base_rtt=11685600 _base_bdp=146070 _bdp=146070 _min_cwnd=4150 _maxwnd=219105 _cwnd=219105
Initialize per-instance NSCC parameters: flowid 14 _base_rtt=11685600 _base_bdp=146070 _bdp=146070 _min_cwnd=4150 _maxwnd=219105 _cwnd=219105
Initialize per-instance NSCC parameters: flowid 15 _base_rtt=11685600 _base_bdp=146070 _bdp=146070 _min_cwnd=4150 _maxwnd=219105 _cwnd=219105
Initialize per-instance NSCC parameters: flowid 16 _base_rtt=11685600 _base_bdp=146070 _bdp=146070 _min_cwnd=4150 _maxwnd=219105 _cwnd=219105
Initialize per-instance NSCC parameters: flowid 17 _base_rtt=11685600 _base_bdp=146070 _bdp=146070 _min_cwnd=4150 _maxwnd=219105 _cwnd=219105
Initialize per-instance NSCC parameters: flowid 18 _base_rtt=11685600 _base_bdp=146070 _bdp=146070 _min_cwnd=4150 _maxwnd=219105 _cwnd=219105
Initialize per-instance NSCC parameters: flowid 19 _base_rtt=11685600 _base_bdp=146070 _bdp=146070 _min_cwnd=4150 _maxwnd=219105 _cwnd=219105
Initialize per-instance NSCC parameters: flowid 20 _base_rtt=11685600 _base_bdp=146070 _bdp=146070 _min_cwnd=4150 _maxwnd=219105 _cwnd=219105
Initialize per-instance NSCC parameters: flowid 21 _base_rtt=11685600 _base_bdp=146070 _bdp=146070 _min_cwnd=4150 _maxwnd=219105 _cwnd=219105
Initialize per-instance NSCC parameters: flowid 22 _base_rtt=11685600 _base_bdp=146070 _bdp=146070 _min_cwnd=4150 _maxwnd=219105 _cwnd=219105
Initialize per-instance NSCC parameters: flowid 23 _base_rtt=11685600 _base_bdp=146070 _bdp=146070 _min_cwnd=4150 _maxwnd=219105 _cwnd=219105
Initialize per-instance NSCC parameters: flowid 24 _base_rtt=11685600 _base_bdp=146070 _bdp=146070 _min_cwnd=4150 _maxwnd=219105 _cwnd=219105
Initialize per-instance NSCC parameters: flowid 25 _base_rtt=11685600 _base_bdp=146070 _bdp=146070 _min_cwnd=4150 _maxwnd=219105 _cwnd=219105
Initialize per-instance NSCC parameters: flowid 26 _base_rtt=11685600 _base_bdp=146070 _bdp=146070 _min_cwnd=4150 _maxwnd=219105 _cwnd=219105
Initialize per-instance NSCC parameters: flowid 27 _base_rtt=11685600 _base_bdp=146070 _bdp=146070 _min_cwnd=4150 _maxwnd=219105 _cwnd=219105
Initialize per-instance NSCC parameters: flowid 28 _base_rtt=11685600 _base_bdp=146070 _bdp=146070 _min_cwnd=4150 _maxwnd=219105 _cwnd=219105
Initialize per-instance NSCC parameters: flowid 29 _base_rtt=11685600 _base_bdp=146070 _bdp=146070 _min_cwnd=4150 _maxwnd=219105 _cwnd=219105
Initialize per-instance NSCC parameters: flowid 30 _base_rtt=11685600 _base_bdp=146070 _bdp=146070 _min_cwnd=4150 _maxwnd=219105 _cwnd=219105
Initialize per-instance NSCC parameters: flowid 31 _base_rtt=11685600 _base_bdp=146070 _bdp=146070 _min_cwnd=4150 _maxwnd=219105 _cwnd=219105
Initialize per-instance NSCC parameters: flowid 32 _base_rtt=11685600 _base_bdp=146070 _bdp=146070 _min_cwnd=4150 _maxwnd=219105 _cwnd=219105
Initialize per-instance NSCC parameters: flowid 33 _base_rtt=11685600 _base_bdp=146070 _bdp=146070 _min_cwnd=4150 _maxwnd=219105 _cwnd=219105
Initialize per-instance NSCC parameters: flowid 34 _base_rtt=11685600 _base_bdp=146070 _bdp=146070 _min_cwnd=4150 _maxwnd=219105 _cwnd=219105
Initialize per-instance NSCC parameters: flowid 35 _base_rtt=11685600 _base_bdp=146070 _bdp=146070 _min_cwnd=4150 _maxwnd=219105 _cwnd=219105
Initialize per-instance NSCC parameters: flowid 36 _base_rtt=11685600 _base_bdp=146070 _bdp=146070 _min_cwnd=4150 _maxwnd=219105 _cwnd=219105
Initialize per-instance NSCC parameters: flowid 37 _base_rtt=11685600 _base_bdp=146070 _bdp=146070 _min_cwnd=4150 _maxwnd=219105 _cwnd=219105
Initialize per-instance NSCC parameters: flowid 38 _base_rtt=11685600 _base_bdp=146070 _bdp=146070 _min_cwnd=4150 _maxwnd=219105 _cwnd=219105
Initialize per-instance NSCC parameters: flowid 39 _base_rtt=11685600 _base_bdp=146070 _bdp=146070 _min_cwnd=4150 _maxwnd=219105 _cwnd=219105
Initialize per-instance NSCC parameters: flowid 40 _base_rtt=11685600 _base_bdp=146070 _bdp=146070 _min_cwnd=4150 _maxwnd=219105 _cwnd=219105
Initialize per-instance NSCC parameters: flowid 41 _base_rtt=11685600 _base_bdp=146070 _bdp=146070 _min_cwnd=4150 _maxwnd=219105 _cwnd=219105
Initialize per-instance NSCC parameters: flowid 42 _base_rtt=11685600 _base_bdp=146070 _bdp=146070 _min_cwnd=4150 _maxwnd=219105 _cwnd=219105
Initialize per-instance NSCC parameters: flowid 43 _base_rtt=11685600 _base_bdp=146070 _bdp=146070 _min_cwnd=4150 _maxwnd=219105 _cwnd=219105
Initialize per-instance NSCC parameters: flowid 44 _base_rtt=11685600 _base_bdp=146070 _bdp=146070 _min_cwnd=4150 _maxwnd=219105 _cwnd=219105
Initialize per-instance NSCC parameters: flowid 45 _base_rtt=11685600 _base_bdp=146070 _bdp=146070 _min_cwnd=4150 _maxwnd=219105 _cwnd=219105
Initialize per-instance NSCC parameters: flowid 46 _base_rtt=11685600 _base_bdp=146070 _bdp=146070 _min_cwnd=4150 _maxwnd=219105 _cwnd=219105
Initialize per-instance NSCC parameters: flowid 47 _base_rtt=11685600 _base_bdp=146070 _bdp=146070 _min_cwnd=4150 _maxwnd=219105 _cwnd=219105
Initialize per-instance NSCC parameters: flowid 48 _base_rtt=11685600 _base_bdp=146070 _bdp=146070 _min_cwnd=4150 _maxwnd=219105 _cwnd=219105
Initialize per-instance NSCC parameters: flowid 49 _base_rtt=11685600 _base_bdp=146070 _bdp=146070 _min_cwnd=4150 _maxwnd=219105 _cwnd=219105
Initialize per-instance NSCC parameters: flowid 50 _base_rtt=11685600 _base_bdp=146070 _bdp=146070 _min_cwnd=4150 _maxwnd=219105 _cwnd=219105
Initialize per-instance NSCC parameters: flowid 51 _base_rtt=11685600 _base_bdp=146070 _bdp=146070 _min_cwnd=4150 _maxwnd=219105 _cwnd=219105
Initialize per-instance NSCC parameters: flowid 52 _base_rtt=11685600 _base_bdp=146070 _bdp=146070 _min_cwnd=4150 _maxwnd=219105 _cwnd=219105
Initialize per-instance NSCC parameters: flowid 53 _base_rtt=11685600 _base_bdp=146070 _bdp=146070 _min_cwnd=4150 _maxwnd=219105 _cwnd=219105
Initialize per-instance NSCC parameters: flowid 54 _base_rtt=11685600 _base_bdp=146070 _bdp=146070 _min_cwnd=4150 _maxwnd=219105 _cwnd=219105
Initialize per-instance NSCC parameters: flowid 55 _base_rtt=11685600 _base_bdp=146070 _bdp=146070 _min_cwnd=4150 _maxwnd=219105 _cwnd=219105
Initialize per-instance NSCC parameters: flowid 56 _base_rtt=11685600 _base_bdp=146070 _bdp=146070 _min_cwnd=4150 _maxwnd=219105 _cwnd=219105
Initialize per-instance NSCC parameters: flowid 57 _base_rtt=11685600 _base_bdp=146070 _bdp=146070 _min_cwnd=4150 _maxwnd=219105 _cwnd=219105
Initialize per-instance NSCC parameters: flowid 58 _base_rtt=11685600 _base_bdp=146070 _bdp=146070 _min_cwnd=4150 _maxwnd=219105 _cwnd=219105
Initialize per-instance NSCC parameters: flowid 59 _base_rtt=11685600 _base_bdp=146070 _bdp=146070 _min_cwnd=4150 _maxwnd=219105 _cwnd=219105
Initialize per-instance NSCC parameters: flowid 60 _base_rtt=11685600 _base_bdp=146070 _bdp=146070 _min_cwnd=4150 _maxwnd=219105 _cwnd=219105
Initialize per-instance NSCC parameters: flowid 61 _base_rtt=11685600 _base_bdp=146070 _bdp=146070 _min_cwnd=4150 _maxwnd=219105 _cwnd=219105
Initialize per-instance NSCC parameters: flowid 62 _base_rtt=11685600 _base_bdp=146070 _bdp=146070 _min_cwnd=4150 _maxwnd=219105 _cwnd=219105
Initialize per-instance NSCC parameters: flowid 63 _base_rtt=11685600 _base_bdp=146070 _bdp=146070 _min_cwnd=4150 _maxwnd=219105 _cwnd=219105
Initialize per-instance NSCC parameters: flowid 64 _base_rtt=11685600 _base_bdp=146070 _bdp=146070 _min_cwnd=4150 _maxwnd=219105 _cwnd=219105
Initialize per-instance NSCC parameters: flowid 65 _base_rtt=11685600 _base_bdp=146070 _bdp=146070 _min_cwnd=4150 _maxwnd=219105 _cwnd=219105
Initialize per-instance NSCC parameters: flowid 66 _base_rtt=11685600 _base_bdp=146070 _bdp=146070 _min_cwnd=4150 _maxwnd=219105 _cwnd=219105
Initialize per-instance NSCC parameters: flowid 67 _base_rtt=11685600 _base_bdp=146070 _bdp=146070 _min_cwnd=4150 _maxwnd=219105 _cwnd=219105
Initialize per-instance NSCC parameters: flowid 68 _base_rtt=11685600 _base_bdp=146070 _bdp=146070 _min_cwnd=4150 _maxwnd=219105 _cwnd=219105
Initialize per-instance NSCC parameters: flowid 69 _base_rtt=11685600 _base_bdp=146070 _bdp=146070 _min_cwnd=4150 _maxwnd=219105 _cwnd=219105
Initialize per-instance NSCC parameters: flowid 70 _base_rtt=11685600 _base_bdp=146070 _bdp=146070 _min_cwnd=4150 _maxwnd=219105 _cwnd=219105
Initialize per-instance NSCC parameters: flowid 71 _base_rtt=11685600 _base_bdp=146070 _bdp=146070 _min_cwnd=4150 _maxwnd=219105 _cwnd=219105
Initialize per-instance NSCC parameters: flowid 72 _base_rtt=11685600 _base_bdp=146070 _bdp=146070 _min_cwnd=4150 _maxwnd=219105 _cwnd=219105
Initialize per-instance NSCC parameters: flowid 73 _base_rtt=11685600 _base_bdp=146070 _bdp=146070 _min_cwnd=4150 _maxwnd=219105 _cwnd=219105
Initialize per-instance NSCC parameters: flowid 74 _base_rtt=11685600 _base_bdp=146070 _bdp=146070 _min_cwnd=4150 _maxwnd=219105 _cwnd=219105
Initialize per-instance NSCC parameters: flowid 75 _base_rtt=11685600 _base_bdp=146070 _bdp=146070 _min_cwnd=4150 _maxwnd=219105 _cwnd=219105
Initialize per-instance NSCC parameters: flowid 76 _base_rtt=11685600 _base_bdp=146070 _bdp=146070 _min_cwnd=4150 _maxwnd=219105 _cwnd=219105
Initialize per-instance NSCC parameters: flowid 77 _base_rtt=11685600 _base_bdp=146070 _bdp=146070 _min_cwnd=4150 _maxwnd=219105 _cwnd=219105
Initialize per-instance NSCC parameters: flowid 78 _base_rtt=11685600 _base_bdp=146070 _bdp=146070 _min_cwnd=4150 _maxwnd=219105 _cwnd=219105
Initialize per-instance NSCC parameters: flowid 79 _base_rtt=11685600 _base_bdp=146070 _bdp=146070 _min_cwnd=4150 _maxwnd=219105 _cwnd=219105
Initialize per-instance NSCC parameters: flowid 80 _base_rtt=11685600 _base_bdp=146070 _bdp=146070 _min_cwnd=4150 _maxwnd=219105 _cwnd=219105
Initialize per-instance NSCC parameters: flowid 81 _base_rtt=11685600 _base_bdp=146070 _bdp=146070 _min_cwnd=4150 _maxwnd=219105 _cwnd=219105
Initialize per-instance NSCC parameters: flowid 82 _base_rtt=11685600 _base_bdp=146070 _bdp=146070 _min_cwnd=4150 _maxwnd=219105 _cwnd=219105
Initialize per-instance NSCC parameters: flowid 83 _base_rtt=11685600 _base_bdp=146070 _bdp=146070 _min_cwnd=4150 _maxwnd=219105 _cwnd=219105
Initialize per-instance NSCC parameters: flowid 84 _base_rtt=11685600 _base_bdp=146070 _bdp=146070 _min_cwnd=4150 _maxwnd=219105 _cwnd=219105
Initialize per-instance NSCC parameters: flowid 85 _base_rtt=11685600 _base_bdp=146070 _bdp=146070 _min_cwnd=4150 _maxwnd=219105 _cwnd=219105
Initialize per-instance NSCC parameters: flowid 86 _base_rtt=11685600 _base_bdp=146070 _bdp=146070 _min_cwnd=4150 _maxwnd=219105 _cwnd=219105
Initialize per-instance NSCC parameters: flowid 87 _base_rtt=11685600 _base_bdp=146070 _bdp=146070 _min_cwnd=4150 _maxwnd=219105 _cwnd=219105
Initialize per-instance NSCC parameters: flowid 88 _base_rtt=11685600 _base_bdp=146070 _bdp=146070 _min_cwnd=4150 _maxwnd=219105 _cwnd=219105
Initialize per-instance NSCC parameters: flowid 89 _base_rtt=11685600 _base_bdp=146070 _bdp=146070 _min_cwnd=4150 _maxwnd=219105 _cwnd=219105
Initialize per-instance NSCC parameters: flowid 90 _base_rtt=11685600 _base_bdp=146070 _bdp=146070 _min_cwnd=4150 _maxwnd=219105 _cwnd=219105
Initialize per-instance NSCC parameters: flowid 91 _base_rtt=11685600 _base_bdp=146070 _bdp=146070 _min_cwnd=4150 _maxwnd=219105 _cwnd=219105
Initialize per-instance NSCC parameters: flowid 92 _base_rtt=11685600 _base_bdp=146070 _bdp=146070 _min_cwnd=4150 _maxwnd=219105 _cwnd=219105
Initialize per-instance NSCC parameters: flowid 93 _base_rtt=11685600 _base_bdp=146070 _bdp=146070 _min_cwnd=4150 _maxwnd=219105 _cwnd=219105
Initialize per-instance NSCC parameters: flowid 94 _base_rtt=11685600 _base_bdp=146070 _bdp=146070 _min_cwnd=4150 _maxwnd=219105 _cwnd=219105
Initialize per-instance NSCC parameters: flowid 95 _base_rtt=11685600 _base_bdp=146070 _bdp=146070 _min_cwnd=4150 _maxwnd=219105 _cwnd=219105
Initialize per-instance NSCC parameters: flowid 96 _base_rtt=11685600 _base_bdp=146070 _bdp=146070 _min_cwnd=4150 _maxwnd=219105 _cwnd=219105
Initialize per-instance NSCC parameters: flowid 97 _base_rtt=11685600 _base_bdp=146070 _bdp=146070 _min_cwnd=4150 _maxwnd=219105 _cwnd=219105
Initialize per-instance NSCC parameters: flowid 98 _base_rtt=11685600 _base_bdp=146070 _bdp=146070 _min_cwnd=4150 _maxwnd=219105 _cwnd=219105
Initialize per-instance NSCC parameters: flowid 99 _base_rtt=11685600 _base_bdp=146070 _bdp=146070 _min_cwnd=4150 _maxwnd=219105 _cwnd=219105
Initialize per-instance NSCC parameters: flowid 100 _base_rtt=11685600 _base_bdp=146070 _bdp=146070 _min_cwnd=4150 _maxwnd=219105 _cwnd=219105
Initialize per-instance NSCC parameters: flowid 101 _base_rtt=11685600 _base_bdp=146070 _bdp=146070 _min_cwnd=4150 _maxwnd=219105 _cwnd=219105
Initialize per-instance NSCC parameters: flowid 102 _base_rtt=11685600 _base_bdp=146070 _bdp=146070 _min_cwnd=4150 _maxwnd=219105 _cwnd=219105
Initialize per-instance NSCC parameters: flowid 103 _base_rtt=11685600 _base_bdp=146070 _bdp=146070 _min_cwnd=4150 _maxwnd=219105 _cwnd=219105
Initialize per-instance NSCC parameters: flowid 104 _base_rtt=11685600 _base_bdp=146070 _bdp=146070 _min_cwnd=4150 _maxwnd=219105 _cwnd=219105
Initialize per-instance NSCC parameters: flowid 105 _base_rtt=11685600 _base_bdp=146070 _bdp=146070 _min_cwnd=4150 _maxwnd=219105 _cwnd=219105
Initialize per-instance NSCC parameters: flowid 106 _base_rtt=11685600 _base_bdp=146070 _bdp=146070 _min_cwnd=4150 _maxwnd=219105 _cwnd=219105
Initialize per-instance NSCC parameters: flowid 107 _base_rtt=11685600 _base_bdp=146070 _bdp=146070 _min_cwnd=4150 _maxwnd=219105 _cwnd=219105
Initialize per-instance NSCC parameters: flowid 108 _base_rtt=11685600 _base_bdp=146070 _bdp=146070 _min_cwnd=4150 _maxwnd=219105 _cwnd=219105
Initialize per-instance NSCC parameters: flowid 109 _base_rtt=11685600 _base_bdp=146070 _bdp=146070 _min_cwnd=4150 _maxwnd=219105 _cwnd=219105
Initialize per-instance NSCC parameters: flowid 110 _base_rtt=11685600 _base_bdp=146070 _bdp=146070 _min_cwnd=4150 _maxwnd=219105 _cwnd=219105
Initialize per-instance NSCC parameters: flowid 111 _base_rtt=11685600 _base_bdp=146070 _bdp=146070 _min_cwnd=4150 _maxwnd=219105 _cwnd=219105
Initialize per-instance NSCC parameters: flowid 112 _base_rtt=11685600 _base_bdp=146070 _bdp=146070 _min_cwnd=4150 _maxwnd=219105 _cwnd=219105
Initialize per-instance NSCC parameters: flowid 113 _base_rtt=11685600 _base_bdp=146070 _bdp=146070 _min_cwnd=4150 _maxwnd=219105 _cwnd=219105
Initialize per-instance NSCC parameters: flowid 114 _base_rtt=11685600 _base_bdp=146070 _bdp=146070 _min_cwnd=4150 _maxwnd=219105 _cwnd=219105
Initialize per-instance NSCC parameters: flowid 115 _base_rtt=11685600 _base_bdp=146070 _bdp=146070 _min_cwnd=4150 _maxwnd=219105 _cwnd=219105
Initialize per-instance NSCC parameters: flowid 116 _base_rtt=11685600 _base_bdp=146070 _bdp=146070 _min_cwnd=4150 _maxwnd=219105 _cwnd=219105
Initialize per-instance NSCC parameters: flowid 117 _base_rtt=11685600 _base_bdp=146070 _bdp=146070 _min_cwnd=4150 _maxwnd=219105 _cwnd=219105
Initialize per-instance NSCC parameters: flowid 118 _base_rtt=11685600 _base_bdp=146070 _bdp=146070 _min_cwnd=4150 _maxwnd=219105 _cwnd=219105
Initialize per-instance NSCC parameters: flowid 119 _base_rtt=11685600 _base_bdp=146070 _bdp=146070 _min_cwnd=4150 _maxwnd=219105 _cwnd=219105
Initialize per-instance NSCC parameters: flowid 120 _base_rtt=11685600 _base_bdp=146070 _bdp=146070 _min_cwnd=4150 _maxwnd=219105 _cwnd=219105
Initialize per-instance NSCC parameters: flowid 121 _base_rtt=11685600 _base_bdp=146070 _bdp=146070 _min_cwnd=4150 _maxwnd=219105 _cwnd=219105
Initialize per-instance NSCC parameters: flowid 122 _base_rtt=11685600 _base_bdp=146070 _bdp=146070 _min_cwnd=4150 _maxwnd=219105 _cwnd=219105
Initialize per-instance NSCC parameters: flowid 123 _base_rtt=11685600 _base_bdp=146070 _bdp=146070 _min_cwnd=4150 _maxwnd=219105 _cwnd=219105
Initialize per-instance NSCC parameters: flowid 124 _base_rtt=11685600 _base_bdp=146070 _bdp=146070 _min_cwnd=4150 _maxwnd=219105 _cwnd=219105
Initialize per-instance NSCC parameters: flowid 125 _base_rtt=11685600 _base_bdp=146070 _bdp=146070 _min_cwnd=4150 _maxwnd=219105 _cwnd=219105
Initialize per-instance NSCC parameters: flowid 126 _base_rtt=11685600 _base_bdp=146070 _bdp=146070 _min_cwnd=4150 _maxwnd=219105 _cwnd=219105
Initialize per-instance NSCC parameters: flowid 127 _base_rtt=11685600 _base_bdp=146070 _bdp=146070 _min_cwnd=4150 _maxwnd=219105 _cwnd=219105
Initialize per-instance NSCC parameters: flowid 128 _base_rtt=11685600 _base_bdp=146070 _bdp=146070 _min_cwnd=4150 _maxwnd=219105 _cwnd=219105
Initialize per-instance NSCC parameters: flowid 129 _base_rtt=11685600 _base_bdp=146070 _bdp=146070 _min_cwnd=4150 _maxwnd=219105 _cwnd=219105
Initialize per-instance NSCC parameters: flowid 130 _base_rtt=11685600 _base_bdp=146070 _bdp=146070 _min_cwnd=4150 _maxwnd=219105 _cwnd=219105
Initialize per-instance NSCC parameters: flowid 131 _base_rtt=11685600 _base_bdp=146070 _bdp=146070 _min_cwnd=4150 _maxwnd=219105 _cwnd=219105
Initialize per-instance NSCC parameters: flowid 132 _base_rtt=11685600 _base_bdp=146070 _bdp=146070 _min_cwnd=4150 _maxwnd=219105 _cwnd=219105
Initialize per-instance NSCC parameters: flowid 133 _base_rtt=11685600 _base_bdp=146070 _bdp=146070 _min_cwnd=4150 _maxwnd=219105 _cwnd=219105
Initialize per-instance NSCC parameters: flowid 134 _base_rtt=11685600 _base_bdp=146070 _bdp=146070 _min_cwnd=4150 _maxwnd=219105 _cwnd=219105
Initialize per-instance NSCC parameters: flowid 135 _base_rtt=11685600 _base_bdp=146070 _bdp=146070 _min_cwnd=4150 _maxwnd=219105 _cwnd=219105
Initialize per-instance NSCC parameters: flowid 136 _base_rtt=11685600 _base_bdp=146070 _bdp=146070 _min_cwnd=4150 _maxwnd=219105 _cwnd=219105
Initialize per-instance NSCC parameters: flowid 137 _base_rtt=11685600 _base_bdp=146070 _bdp=146070 _min_cwnd=4150 _maxwnd=219105 _cwnd=219105
Initialize per-instance NSCC parameters: flowid 138 _base_rtt=11685600 _base_bdp=146070 _bdp=146070 _min_cwnd=4150 _maxwnd=219105 _cwnd=219105
Initialize per-instance NSCC parameters: flowid 139 _base_rtt=11685600 _base_bdp=146070 _bdp=146070 _min_cwnd=4150 _maxwnd=219105 _cwnd=219105
Initialize per-instance NSCC parameters: flowid 140 _base_rtt=11685600 _base_bdp=146070 _bdp=146070 _min_cwnd=4150 _maxwnd=219105 _cwnd=219105
Initialize per-instance NSCC parameters: flowid 141 _base_rtt=11685600 _base_bdp=146070 _bdp=146070 _min_cwnd=4150 _maxwnd=219105 _cwnd=219105
Initialize per-instance NSCC parameters: flowid 142 _base_rtt=11685600 _base_bdp=146070 _bdp=146070 _min_cwnd=4150 _maxwnd=219105 _cwnd=219105
Initialize per-instance NSCC parameters: flowid 143 _base_rtt=11685600 _base_bdp=146070 _bdp=146070 _min_cwnd=4150 _maxwnd=219105 _cwnd=219105
Initialize per-instance NSCC parameters: flowid 144 _base_rtt=11685600 _base_bdp=146070 _bdp=146070 _min_cwnd=4150 _maxwnd=219105 _cwnd=219105
Initialize per-instance NSCC parameters: flowid 145 _base_rtt=11685600 _base_bdp=146070 _bdp=146070 _min_cwnd=4150 _maxwnd=219105 _cwnd=219105
Initialize per-instance NSCC parameters: flowid 146 _base_rtt=11685600 _base_bdp=146070 _bdp=146070 _min_cwnd=4150 _maxwnd=219105 _cwnd=219105
Initialize per-instance NSCC parameters: flowid 147 _base_rtt=11685600 _base_bdp=146070 _bdp=146070 _min_cwnd=4150 _maxwnd=219105 _cwnd=219105
Initialize per-instance NSCC parameters: flowid 148 _base_rtt=11685600 _base_bdp=146070 _bdp=146070 _min_cwnd=4150 _maxwnd=219105 _cwnd=219105
Initialize per-instance NSCC parameters: flowid 149 _base_rtt=11685600 _base_bdp=146070 _bdp=146070 _min_cwnd=4150 _maxwnd=219105 _cwnd=219105
Initialize per-instance NSCC parameters: flowid 150 _base_rtt=11685600 _base_bdp=146070 _bdp=146070 _min_cwnd=4150 _maxwnd=219105 _cwnd=219105
Initialize per-instance NSCC parameters: flowid 151 _base_rtt=11685600 _base_bdp=146070 _bdp=146070 _min_cwnd=4150 _maxwnd=219105 _cwnd=219105
Initialize per-instance NSCC parameters: flowid 152 _base_rtt=11685600 _base_bdp=146070 _bdp=146070 _min_cwnd=4150 _maxwnd=219105 _cwnd=219105
Initialize per-instance NSCC parameters: flowid 153 _base_rtt=11685600 _base_bdp=146070 _bdp=146070 _min_cwnd=4150 _maxwnd=219105 _cwnd=219105
Initialize per-instance NSCC parameters: flowid 154 _base_rtt=11685600 _base_bdp=146070 _bdp=146070 _min_cwnd=4150 _maxwnd=219105 _cwnd=219105
Initialize per-instance NSCC parameters: flowid 155 _base_rtt=11685600 _base_bdp=146070 _bdp=146070 _min_cwnd=4150 _maxwnd=219105 _cwnd=219105
Initialize per-instance NSCC parameters: flowid 156 _base_rtt=11685600 _base_bdp=146070 _bdp=146070 _min_cwnd=4150 _maxwnd=219105 _cwnd=219105
Initialize per-instance NSCC parameters: flowid 157 _base_rtt=11685600 _base_bdp=146070 _bdp=146070 _min_cwnd=4150 _maxwnd=219105 _cwnd=219105
Initialize per-instance NSCC parameters: flowid 158 _base_rtt=11685600 _base_bdp=146070 _bdp=146070 _min_cwnd=4150 _maxwnd=219105 _cwnd=219105
Initialize per-instance NSCC parameters: flowid 159 _base_rtt=11685600 _base_bdp=146070 _bdp=146070 _min_cwnd=4150 _maxwnd=219105 _cwnd=219105
Initialize per-instance NSCC parameters: flowid 160 _base_rtt=11685600 _base_bdp=146070 _bdp=146070 _min_cwnd=4150 _maxwnd=219105 _cwnd=219105
Initialize per-instance NSCC parameters: flowid 161 _base_rtt=11685600 _base_bdp=146070 _bdp=146070 _min_cwnd=4150 _maxwnd=219105 _cwnd=219105
Initialize per-instance NSCC parameters: flowid 162 _base_rtt=11685600 _base_bdp=146070 _bdp=146070 _min_cwnd=4150 _maxwnd=219105 _cwnd=219105
Initialize per-instance NSCC parameters: flowid 163 _base_rtt=11685600 _base_bdp=146070 _bdp=146070 _min_cwnd=4150 _maxwnd=219105 _cwnd=219105
Initialize per-instance NSCC parameters: flowid 164 _base_rtt=11685600 _base_bdp=146070 _bdp=146070 _min_cwnd=4150 _maxwnd=219105 _cwnd=219105
Initialize per-instance NSCC parameters: flowid 165 _base_rtt=11685600 _base_bdp=146070 _bdp=146070 _min_cwnd=4150 _maxwnd=219105 _cwnd=219105
Initialize per-instance NSCC parameters: flowid 166 _base_rtt=11685600 _base_bdp=146070 _bdp=146070 _min_cwnd=4150 _maxwnd=219105 _cwnd=219105
Initialize per-instance NSCC parameters: flowid 167 _base_rtt=11685600 _base_bdp=146070 _bdp=146070 _min_cwnd=4150 _maxwnd=219105 _cwnd=219105
Initialize per-instance NSCC parameters: flowid 168 _base_rtt=11685600 _base_bdp=146070 _bdp=146070 _min_cwnd=4150 _maxwnd=219105 _cwnd=219105
Initialize per-instance NSCC parameters: flowid 169 _base_rtt=11685600 _base_bdp=146070 _bdp=146070 _min_cwnd=4150 _maxwnd=219105 _cwnd=219105
Initialize per-instance NSCC parameters: flowid 170 _base_rtt=11685600 _base_bdp=146070 _bdp=146070 _min_cwnd=4150 _maxwnd=219105 _cwnd=219105
Initialize per-instance NSCC parameters: flowid 171 _base_rtt=11685600 _base_bdp=146070 _bdp=146070 _min_cwnd=4150 _maxwnd=219105 _cwnd=219105
Initialize per-instance NSCC parameters: flowid 172 _base_rtt=11685600 _base_bdp=146070 _bdp=146070 _min_cwnd=4150 _maxwnd=219105 _cwnd=219105
Initialize per-instance NSCC parameters: flowid 173 _base_rtt=11685600 _base_bdp=146070 _bdp=146070 _min_cwnd=4150 _maxwnd=219105 _cwnd=219105
Initialize per-instance NSCC parameters: flowid 174 _base_rtt=11685600 _base_bdp=146070 _bdp=146070 _min_cwnd=4150 _maxwnd=219105 _cwnd=219105
Initialize per-instance NSCC parameters: flowid 175 _base_rtt=11685600 _base_bdp=146070 _bdp=146070 _min_cwnd=4150 _maxwnd=219105 _cwnd=219105
Initialize per-instance NSCC parameters: flowid 176 _base_rtt=11685600 _base_bdp=146070 _bdp=146070 _min_cwnd=4150 _maxwnd=219105 _cwnd=219105
Initialize per-instance NSCC parameters: flowid 177 _base_rtt=11685600 _base_bdp=146070 _bdp=146070 _min_cwnd=4150 _maxwnd=219105 _cwnd=219105
Initialize per-instance NSCC parameters: flowid 178 _base_rtt=11685600 _base_bdp=146070 _bdp=146070 _min_cwnd=4150 _maxwnd=219105 _cwnd=219105
Initialize per-instance NSCC parameters: flowid 179 _base_rtt=11685600 _base_bdp=146070 _bdp=146070 _min_cwnd=4150 _maxwnd=219105 _cwnd=219105
Initialize per-instance NSCC parameters: flowid 180 _base_rtt=11685600 _base_bdp=146070 _bdp=146070 _min_cwnd=4150 _maxwnd=219105 _cwnd=219105
Initialize per-instance NSCC parameters: flowid 181 _base_rtt=11685600 _base_bdp=146070 _bdp=146070 _min_cwnd=4150 _maxwnd=219105 _cwnd=219105
Initialize per-instance NSCC parameters: flowid 182 _base_rtt=11685600 _base_bdp=146070 _bdp=146070 _min_cwnd=4150 _maxwnd=219105 _cwnd=219105
Initialize per-instance NSCC parameters: flowid 183 _base_rtt=11685600 _base_bdp=146070 _bdp=146070 _min_cwnd=4150 _maxwnd=219105 _cwnd=219105
Initialize per-instance NSCC parameters: flowid 184 _base_rtt=11685600 _base_bdp=146070 _bdp=146070 _min_cwnd=4150 _maxwnd=219105 _cwnd=219105
Initialize per-instance NSCC parameters: flowid 185 _base_rtt=11685600 _base_bdp=146070 _bdp=146070 _min_cwnd=4150 _maxwnd=219105 _cwnd=219105
Initialize per-instance NSCC parameters: flowid 186 _base_rtt=11685600 _base_bdp=146070 _bdp=146070 _min_cwnd=4150 _maxwnd=219105 _cwnd=219105
Initialize per-instance NSCC parameters: flowid 187 _base_rtt=11685600 _base_bdp=146070 _bdp=146070 _min_cwnd=4150 _maxwnd=219105 _cwnd=219105
Initialize per-instance NSCC parameters: flowid 188 _base_rtt=11685600 _base_bdp=146070 _bdp=146070 _min_cwnd=4150 _maxwnd=219105 _cwnd=219105
Initialize per-instance NSCC parameters: flowid 189 _base_rtt=11685600 _base_bdp=146070 _bdp=146070 _min_cwnd=4150 _maxwnd=219105 _cwnd=219105
Initialize per-instance NSCC parameters: flowid 190 _base_rtt=11685600 _base_bdp=146070 _bdp=146070 _min_cwnd=4150 _maxwnd=219105 _cwnd=219105
Initialize per-instance NSCC parameters: flowid 191 _base_rtt=11685600 _base_bdp=146070 _bdp=146070 _min_cwnd=4150 _maxwnd=219105 _cwnd=219105
Initialize per-instance NSCC parameters: flowid 192 _base_rtt=11685600 _base_bdp=146070 _bdp=146070 _min_cwnd=4150 _maxwnd=219105 _cwnd=219105
Starting simulation
Flow Uec_12_140 flowId 1 uecSrc 0 starting at 0
Flow Uec_147_19 flowId 2 uecSrc 1 starting at 0
Flow Uec_252_124 flowId 3 uecSrc 2 starting at 0
Flow Uec_193_65 flowId 4 uecSrc 3 starting at 0
Flow Uec_175_47 flowId 5 uecSrc 4 starting at 0
Flow Uec_214_86 flowId 6 uecSrc 5 starting at 0
Flow Uec_36_164 flowId 7 uecSrc 6 starting at 0
Flow Uec_246_118 flowId 8 uecSrc 7 starting at 0
Flow Uec_157_29 flowId 9 uecSrc 8 starting at 0
Flow Uec_179_51 flowId 10 uecSrc 9 starting at 0
Flow Uec_245_117 flowId 11 uecSrc 10 starting at 0
Flow Uec_81_209 flowId 12 uecSrc 11 starting at 0
Flow Uec_18_146 flowId 13 uecSrc 12 starting at 0
Flow Uec_168_40 flowId 14 uecSrc 13 starting at 0
Flow Uec_152_24 flowId 15 uecSrc 14 starting at 0
Flow Uec_35_163 flowId 16 uecSrc 15 starting at 0
Flow Uec_162_34 flowId 17 uecSrc 16 starting at 0
Flow Uec_164_36 flowId 18 uecSrc 17 starting at 0
Flow Uec_84_212 flowId 19 uecSrc 18 starting at 0
Flow Uec_96_224 flowId 20 uecSrc 19 starting at 0
Flow Uec_34_162 flowId 21 uecSrc 20 starting at 0
Flow Uec_171_43 flowId 22 uecSrc 21 starting at 0
Flow Uec_23_151 flowId 23 uecSrc 22 starting at 0
Flow Uec_137_9 flowId 24 uecSrc 23 starting at 0
Flow Uec_247_119 flowId 25 uecSrc 24 starting at 0
Flow Uec_148_20 flowId 26 uecSrc 25 starting at 0
Flow Uec_242_114 flowId 27 uecSrc 26 starting at 0
Flow Uec_40_168 flowId 28 uecSrc 27 starting at 0
Flow Uec_142_14 flowId 29 uecSrc 28 starting at 0
Flow Uec_69_197 flowId 30 uecSrc 29 starting at 0
Flow Uec_251_123 flowId 31 uecSrc 30 starting at 0
Flow Uec_77_205 flowId 32 uecSrc 31 starting at 0
Flow Uec_254_126 flowId 33 uecSrc 32 starting at 0
Flow Uec_228_100 flowId 34 uecSrc 33 starting at 0
Flow Uec_28_156 flowId 35 uecSrc 34 starting at 0
Flow Uec_156_28 flowId 36 uecSrc 35 starting at 0
Flow Uec_149_21 flowId 37 uecSrc 36 starting at 0
Flow Uec_196_68 flowId 38 uecSrc 37 starting at 0
Flow Uec_151_23 flowId 39 uecSrc 38 starting at 0
Flow Uec_109_237 flowId 40 uecSrc 39 starting at 0
Flow Uec_37_165 flowId 41 uecSrc 40 starting at 0
Flow Uec_219_91 flowId 42 uecSrc 41 starting at 0
Flow Uec_227_99 flowId 43 uecSrc 42 starting at 0
Flow Uec_185_57 flowId 44 uecSrc 43 starting at 0
Flow Uec_80_208 flowId 45 uecSrc 44 starting at 0
Flow Uec_130_2 flowId 46 uecSrc 45 starting at 0
Flow Uec_177_49 flowId 47 uecSrc 46 starting at 0
Flow Uec_70_198 flowId 48 uecSrc 47 starting at 0
Flow Uec_66_194 flowId 49 uecSrc 48 starting at 0
Flow Uec_49_177 flowId 50 uecSrc 49 starting at 0
Flow Uec_72_200 flowId 51 uecSrc 50 starting at 0
Flow Uec_3_131 flowId 52 uecSrc 51 starting at 0
Flow Uec_140_12 flowId 53 uecSrc 52 starting at 0
Flow Uec_63_191 flowId 54 uecSrc 53 starting at 0
Flow Uec_211_83 flowId 55 uecSrc 54 starting at 0
Flow Uec_125_253 flowId 56 uecSrc 55 starting at 0
Flow Uec_82_210 flowId 57 uecSrc 56 starting at 0
Flow Uec_115_243 flowId 58 uecSrc 57 starting at 0
Flow Uec_194_66 flowId 59 uecSrc 58 starting at 0
Flow Uec_182_54 flowId 60 uecSrc 59 starting at 0
Flow Uec_127_255 flowId 61 uecSrc 60 starting at 0
Flow Uec_10_138 flowId 62 uecSrc 61 starting at 0
Flow Uec_85_213 flowId 63 uecSrc 62 starting at 0
Flow Uec_249_121 flowId 64 uecSrc 63 starting at 0
Flow Uec_99_227 flowId 65 uecSrc 64 starting at 0
Flow Uec_186_58 flowId 66 uecSrc 65 starting at 0
Flow Uec_210_82 flowId 67 uecSrc 66 starting at 0
Flow Uec_76_204 flowId 68 uecSrc 67 starting at 0
Flow Uec_197_69 flowId 69 uecSrc 68 starting at 0
Flow Uec_154_26 flowId 70 uecSrc 69 starting at 0
Flow Uec_169_41 flowId 71 uecSrc 70 starting at 0
Flow Uec_105_233 flowId 72 uecSrc 71 starting at 0
Flow Uec_42_170 flowId 73 uecSrc 72 starting at 0
Flow Uec_21_149 flowId 74 uecSrc 73 starting at 0
Flow Uec_94_222 flowId 75 uecSrc 74 starting at 0
Flow Uec_64_192 flowId 76 uecSrc 75 starting at 0
Flow Uec_104_232 flowId 77 uecSrc 76 starting at 0
Flow Uec_201_73 flowId 78 uecSrc 77 starting at 0
Flow Uec_90_218 flowId 79 uecSrc 78 starting at 0
Flow Uec_71_199 flowId 80 uecSrc 79 starting at 0
Flow Uec_226_98 flowId 81 uecSrc 80 starting at 0
Flow Uec_229_101 flowId 82 uecSrc 81 starting at 0
Flow Uec_20_148 flowId 83 uecSrc 82 starting at 0
Flow Uec_232_104 flowId 84 uecSrc 83 starting at 0
Flow Uec_191_63 flowId 85 uecSrc 84 starting at 0
Flow Uec_44_172 flowId 86 uecSrc 85 starting at 0
Flow Uec_238_110 flowId 87 uecSrc 86 starting at 0
Flow Uec_22_150 flowId 88 uecSrc 87 starting at 0
Flow Uec_19_147 flowId 89 uecSrc 88 starting at 0
Flow Uec_131_3 flowId 90 uecSrc 89 starting at 0
Flow Uec_68_196 flowId 91 uecSrc 90 starting at 0
Flow Uec_158_30 flowId 92 uecSrc 91 starting at 0
Flow Uec_113_241 flowId 93 uecSrc 92 starting at 0
Flow Uec_88_216 flowId 94 uecSrc 93 starting at 0
Flow Uec_206_78 flowId 95 uecSrc 94 starting at 0
Flow Uec_166_38 flowId 96 uecSrc 95 starting at 0
Flow Uec_167_39 flowId 97 uecSrc 96 starting at 0
Flow Uec_183_55 flowId 98 uecSrc 97 starting at 0
Flow Uec_100_228 flowId 99 uecSrc 98 starting at 0
Flow Uec_129_1 flowId 100 uecSrc 99 starting at 0
Flow Uec_145_17 flowId 101 uecSrc 100 starting at 0
Flow Uec_207_79 flowId 102 uecSrc 101 starting at 0
Flow Uec_143_15 flowId 103 uecSrc 102 starting at 0
Flow Uec_108_236 flowId 104 uecSrc 103 starting at 0
Flow Uec_43_171 flowId 105 uecSrc 104 starting at 0
Flow Uec_26_154 flowId 106 uecSrc 105 starting at 0
Flow Uec_31_159 flowId 107 uecSrc 106 starting at 0
Flow Uec_101_229 flowId 108 uecSrc 107 starting at 0
Flow Uec_165_37 flowId 109 uecSrc 108 starting at 0
Flow Uec_176_48 flowId 110 uecSrc 109 starting at 0
Flow Uec_159_31 flowId 111 uecSrc 110 starting at 0
Flow Uec_86_214 flowId 112 uecSrc 111 starting at 0
Flow Uec_65_193 flowId 113 uecSrc 112 starting at 0
Flow Uec_24_152 flowId 114 uecSrc 113 starting at 0
Flow Uec_240_112 flowId 115 uecSrc 114 starting at 0
Flow Uec_4_132 flowId 116 uecSrc 115 starting at 0
Flow Uec_45_173 flowId 117 uecSrc 116 starting at 0
Flow Uec_93_221 flowId 118 uecSrc 117 starting at 0
Flow Uec_220_92 flowId 119 uecSrc 118 starting at 0
Flow Uec_5_133 flowId 120 uecSrc 119 starting at 0
Flow Uec_231_103 flowId 121 uecSrc 120 starting at 0
Flow Uec_139_11 flowId 122 uecSrc 121 starting at 0
Flow Uec_61_189 flowId 123 uecSrc 122 starting at 0
Flow Uec_204_76 flowId 124 uecSrc 123 starting at 0
Flow Uec_132_4 flowId 125 uecSrc 124 starting at 0
Flow Uec_170_42 flowId 126 uecSrc 125 starting at 0
Flow Uec_181_53 flowId 127 uecSrc 126 starting at 0
Flow Uec_213_85 flowId 128 uecSrc 127 starting at 0
Flow Uec_97_225 flowId 129 uecSrc 128 starting at 0
Flow Uec_32_160 flowId 130 uecSrc 129 starting at 0
Flow Uec_57_185 flowId 131 uecSrc 130 starting at 0
Flow Uec_1_129 flowId 132 uecSrc 131 starting at 0
Flow Uec_106_234 flowId 133 uecSrc 132 starting at 0
Flow Uec_212_84 flowId 134 uecSrc 133 starting at 0
Flow Uec_138_10 flowId 135 uecSrc 134 starting at 0
Flow Uec_46_174 flowId 136 uecSrc 135 starting at 0
Flow Uec_136_8 flowId 137 uecSrc 136 starting at 0
Flow Uec_174_46 flowId 138 uecSrc 137 starting at 0
Flow Uec_111_239 flowId 139 uecSrc 138 starting at 0
Flow Uec_102_230 flowId 140 uecSrc 139 starting at 0
Flow Uec_79_207 flowId 141 uecSrc 140 starting at 0
Flow Uec_134_6 flowId 142 uecSrc 141 starting at 0
Flow Uec_180_52 flowId 143 uecSrc 142 starting at 0
Flow Uec_216_88 flowId 144 uecSrc 143 starting at 0
Flow Uec_123_251 flowId 145 uecSrc 144 starting at 0
Flow Uec_239_111 flowId 146 uecSrc 145 starting at 0
Flow Uec_122_250 flowId 147 uecSrc 146 starting at 0
Flow Uec_144_16 flowId 148 uecSrc 147 starting at 0
Flow Uec_59_187 flowId 149 uecSrc 148 starting at 0
Flow Uec_255_127 flowId 150 uecSrc 149 starting at 0
Flow Uec_0_128 flowId 151 uecSrc 150 starting at 0
Flow Uec_6_134 flowId 152 uecSrc 151 starting at 0
Flow Uec_230_102 flowId 153 uecSrc 152 starting at 0
Flow Uec_51_179 flowId 154 uecSrc 153 starting at 0
Flow Uec_117_245 flowId 155 uecSrc 154 starting at 0
Flow Uec_160_32 flowId 156 uecSrc 155 starting at 0
Flow Uec_27_155 flowId 157 uecSrc 156 starting at 0
Flow Uec_54_182 flowId 158 uecSrc 157 starting at 0
Flow Uec_50_178 flowId 159 uecSrc 158 starting at 0
Flow Uec_178_50 flowId 160 uecSrc 159 starting at 0
Flow Uec_52_180 flowId 161 uecSrc 160 starting at 0
Flow Uec_150_22 flowId 162 uecSrc 161 starting at 0
Flow Uec_73_201 flowId 163 uecSrc 162 starting at 0
Flow Uec_161_33 flowId 164 uecSrc 163 starting at 0
Flow Uec_16_144 flowId 165 uecSrc 164 starting at 0
Flow Uec_209_81 flowId 166 uecSrc 165 starting at 0
Flow Uec_13_141 flowId 167 uecSrc 166 starting at 0
Flow Uec_118_246 flowId 168 uecSrc 167 starting at 0
Flow Uec_235_107 flowId 169 uecSrc 168 starting at 0
Flow Uec_47_175 flowId 170 uecSrc 169 starting at 0
Flow Uec_103_231 flowId 171 uecSrc 170 starting at 0
Flow Uec_124_252 flowId 172 uecSrc 171 starting at 0
Flow Uec_234_106 flowId 173 uecSrc 172 starting at 0
Flow Uec_135_7 flowId 174 uecSrc 173 starting at 0
Flow Uec_120_248 flowId 175 uecSrc 174 starting at 0
Flow Uec_62_190 flowId 176 uecSrc 175 starting at 0
Flow Uec_17_145 flowId 177 uecSrc 176 starting at 0
Flow Uec_188_60 flowId 178 uecSrc 177 starting at 0
Flow Uec_225_97 flowId 179 uecSrc 178 starting at 0
Flow Uec_89_217 flowId 180 uecSrc 179 starting at 0
Flow Uec_163_35 flowId 181 uecSrc 180 starting at 0
Flow Uec_205_77 flowId 182 uecSrc 181 starting at 0
Flow Uec_121_249 flowId 183 uecSrc 182 starting at 0
Flow Uec_173_45 flowId 184 uecSrc 183 starting at 0
Flow Uec_95_223 flowId 185 uecSrc 184 starting at 0
Flow Uec_58_186 flowId 186 uecSrc 185 starting at 0
Flow Uec_218_90 flowId 187 uecSrc 186 starting at 0
Flow Uec_14_142 flowId 188 uecSrc 187 starting at 0
Flow Uec_190_62 flowId 189 uecSrc 188 starting at 0
Flow Uec_141_13 flowId 190 uecSrc 189 starting at 0
Flow Uec_2_130 flowId 191 uecSrc 190 starting at 0
Flow Uec_8_136 flowId 192 uecSrc 191 starting at 0
140.135 flowid 41 Spurious 11
143.625 flowid 23 Spurious 40
144.626 flowid 23 Spurious 55
145.954 flowid 23 Spurious 45
150.003 flowid 189 Spurious 52
150.335 flowid 189 Spurious 53
150.667 flowid 189 Spurious 54
152.327 flowid 189 Spurious 59
152.659 flowid 189 Spurious 60
152.991 flowid 189 Spurious 61
153.655 flowid 189 Spurious 64
153.987 flowid 189 Spurious 65
154.319 flowid 189 Spurious 66
155.372 flowid 107 Spurious 55
159.992 flowid 44 Spurious 76
161.336 flowid 44 Spurious 78
161.673 flowid 44 Spurious 79
162.619 flowid 66 Spurious 77
163.283 flowid 66 Spurious 79
164.702 flowid 44 Spurious 82
165.039 flowid 44 Spurious 83
Flow Uec_188_60 flowId 178 uecSrc 177 finished at 173.862 total messages 1 total packets 490 RTS 0 total bytes 2002140 in_flight now 0 fair_inc 0 prop_inc 10262 fast_inc 444999 eta_inc 8344 multi_dec -0 quick_dec -0 nack_dec -0
Flow Uec_120_248 flowId 175 uecSrc 174 finished at 175.153 total messages 1 total packets 490 RTS 0 total bytes 2002140 in_flight now 0 fair_inc 0 prop_inc 42974 fast_inc 266706 eta_inc 8344 multi_dec -0 quick_dec -0 nack_dec -0
Flow Uec_124_252 flowId 172 uecSrc 171 finished at 176.453 total messages 1 total packets 490 RTS 0 total bytes 2002140 in_flight now 0 fair_inc 0 prop_inc 93760 fast_inc 0 eta_inc 8344 multi_dec -0 quick_dec -0 nack_dec -0
Flow Uec_118_246 flowId 168 uecSrc 167 finished at 177.824 total messages 1 total packets 490 RTS 0 total bytes 2002140 in_flight now 0 fair_inc 0 prop_inc 87599 fast_inc 0 eta_inc 8344 multi_dec -0 quick_dec -0 nack_dec -0
Flow Uec_86_214 flowId 112 uecSrc 111 finished at 178.388 total messages 1 total packets 490 RTS 0 total bytes 2002140 in_flight now 0 fair_inc 0 prop_inc 60402 fast_inc 0 eta_inc 8344 multi_dec -0 quick_dec -0 nack_dec -0
Flow Uec_108_236 flowId 104 uecSrc 103 finished at 178.974 total messages 1 total packets 490 RTS 0 total bytes 2002140 in_flight now 0 fair_inc 0 prop_inc 65166 fast_inc 32328 eta_inc 8344 multi_dec -0 quick_dec -0 nack_dec -0
Flow Uec_94_222 flowId 75 uecSrc 74 finished at 179.095 total messages 1 total packets 490 RTS 0 total bytes 2002140 in_flight now 0 fair_inc 0 prop_inc 39411 fast_inc 0 eta_inc 8344 multi_dec -0 quick_dec -0 nack_dec -0
Flow Uec_65_193 flowId 113 uecSrc 112 finished at 180.238 total messages 1 total packets 490 RTS 0 total bytes 2002140 in_flight now 0 fair_inc 0 prop_inc 41924 fast_inc 0 eta_inc 8344 multi_dec -0 quick_dec -0 nack_dec -0
Flow Uec_162_34 flowId 17 uecSrc 16 finished at 180.472 total messages 1 total packets 490 RTS 0 total bytes 2002140 in_flight now 0 fair_inc 0 prop_inc 78541 fast_inc 0 eta_inc 8344 multi_dec -0 quick_dec -0 nack_dec -0
Flow Uec_140_12 flowId 53 uecSrc 52 finished at 181.574 total messages 1 total packets 490 RTS 0 total bytes 2002140 in_flight now 0 fair_inc 0 prop_inc 79685 fast_inc 0 eta_inc 8344 multi_dec -0 quick_dec -0 nack_dec -0
Flow Uec_135_7 flowId 174 uecSrc 173 finished at 182.303 total messages 1 total packets 490 RTS 0 total bytes 2002140 in_flight now 0 fair_inc 0 prop_inc 61566 fast_inc 0 eta_inc 8344 multi_dec -0 quick_dec -0 nack_dec -0
Flow Uec_214_86 flowId 6 uecSrc 5 finished at 183.574 total messages 1 total packets 490 RTS 0 total bytes 2002140 in_flight now 0 fair_inc 0 prop_inc 36577 fast_inc 0 eta_inc 8940 multi_dec -0 quick_dec -0 nack_dec -0
Flow Uec_242_114 flowId 27 uecSrc 26 finished at 193.014 total messages 1 total packets 490 RTS 0 total bytes 2002140 in_flight now 0 fair_inc 752 prop_inc 21722 fast_inc 0 eta_inc 9536 multi_dec -0 quick_dec -0 nack_dec -0
193.716 flowid 88 Spurious 162
Flow Uec_42_170 flowId 73 uecSrc 72 finished at 194.918 total messages 1 total packets 490 RTS 0 total bytes 2002140 in_flight now 0 fair_inc 4119 prop_inc 23736 fast_inc 0 eta_inc 8940 multi_dec -0 quick_dec -0 nack_dec -0
196.162 flowid 88 Spurious 168
198.518 flowid 1 Spurious 169
199.166 flowid 88 Spurious 178
199.498 flowid 88 Spurious 180
199.514 flowid 1 Spurious 172
Flow Uec_240_112 flowId 115 uecSrc 114 finished at 199.956 total messages 1 total packets 490 RTS 0 total bytes 2002140 in_flight now 0 fair_inc 2253 prop_inc 15002 fast_inc 0 eta_inc 9536 multi_dec -0 quick_dec -0 nack_dec -0
200.51 flowid 1 Spurious 178
Flow Uec_47_175 flowId 170 uecSrc 169 finished at 203.867 total messages 1 total packets 490 RTS 0 total bytes 2002140 in_flight now 0 fair_inc 8594 prop_inc 17237 fast_inc 0 eta_inc 9536 multi_dec -0 quick_dec -0 nack_dec -0
Flow Uec_247_119 flowId 25 uecSrc 24 finished at 204.32 total messages 1 total packets 490 RTS 0 total bytes 2002140 in_flight now 0 fair_inc 4502 prop_inc 11850 fast_inc 0 eta_inc 10132 multi_dec -0 quick_dec -0 nack_dec -0
Flow Uec_14_142 flowId 188 uecSrc 187 finished at 206.329 total messages 1 total packets 490 RTS 0 total bytes 2002140 in_flight now 0 fair_inc 2254 prop_inc 14911 fast_inc 0 eta_inc 9536 multi_dec -17 quick_dec -0 nack_dec -0
Flow Uec_245_117 flowId 11 uecSrc 10 finished at 207.63 total messages 1 total packets 490 RTS 0 total bytes 2002140 in_flight now 0 fair_inc 6366 prop_inc 9079 fast_inc 0 eta_inc 10132 multi_dec -0 quick_dec -0 nack_dec -0
Flow Uec_5_133 flowId 120 uecSrc 119 finished at 209.086 total messages 1 total packets 490 RTS 0 total bytes 2002140 in_flight now 0 fair_inc 36226 prop_inc 6838 fast_inc 0 eta_inc 10132 multi_dec -0 quick_dec -0 nack_dec -0
211.152 flowid 21 Spurious 231
Flow Uec_28_156 flowId 35 uecSrc 34 finished at 213.041 total messages 1 total packets 491 RTS 1 total bytes 2002140 in_flight now 0 fair_inc 12780 prop_inc 15227 fast_inc 0 eta_inc 10132 multi_dec -0 quick_dec -0 nack_dec -4150
213.344 flowid 23 Spurious 184
214.141 flowid 86 Spurious 250
Flow Uec_64_192 flowId 76 uecSrc 75 finished at 214.907 total messages 1 total packets 490 RTS 0 total bytes 2002140 in_flight now 0 fair_inc 5689 prop_inc 5657 fast_inc 0 eta_inc 10728 multi_dec -0 quick_dec -0 nack_dec -16600
Flow Uec_40_168 flowId 28 uecSrc 27 finished at 216.755 total messages 1 total packets 492 RTS 2 total bytes 2002140 in_flight now 0 fair_inc 9447 prop_inc 9039 fast_inc 0 eta_inc 10132 multi_dec -0 quick_dec -0 nack_dec -0
216.818 flowid 13 Spurious 217
217.079 flowid 192 Spurious 212
217.487 flowid 13 Spurious 220
220.912 flowid 192 Spurious 225
221.571 flowid 192 Spurious 230
Flow Uec_196_68 flowId 38 uecSrc 37 finished at 222.079 total messages 1 total packets 490 RTS 0 total bytes 2002140 in_flight now 0 fair_inc 3835 prop_inc 29944 fast_inc 0 eta_inc 10728 multi_dec -60862 quick_dec -0 nack_dec -0
222.235 flowid 192 Spurious 232
222.565 flowid 86 Spurious 274
Flow Uec_8_136 flowId 192 uecSrc 191 finished at 225.336 total messages 1 total packets 491 RTS 1 total bytes 2002140 in_flight now 0 fair_inc 10105 prop_inc 3155 fast_inc 0 eta_inc 10728 multi_dec -0 quick_dec -0 nack_dec -16600
232.187 flowid 16 Spurious 248
236.292 flowid 62 Spurious 193
Flow Uec_255_127 flowId 150 uecSrc 149 finished at 245.954 total messages 1 total packets 490 RTS 0 total bytes 2002140 in_flight now 0 fair_inc 4007 prop_inc 79503 fast_inc 0 eta_inc 11324 multi_dec -100693 quick_dec -0 nack_dec -20750
Flow Uec_12_140 flowId 1 uecSrc 0 finished at 247.414 total messages 1 total packets 495 RTS 5 total bytes 2002140 in_flight now 0 fair_inc 11140 prop_inc 10552 fast_inc 0 eta_inc 11920 multi_dec -0 quick_dec -0 nack_dec -4150
Flow Uec_50_178 flowId 159 uecSrc 158 finished at 278.329 total messages 1 total packets 490 RTS 0 total bytes 2002140 in_flight now 0 fair_inc 9604 prop_inc 38925 fast_inc 0 eta_inc 13112 multi_dec -90705 quick_dec -0 nack_dec -37350
278.923 flowid 117 Spurious 398
Flow Uec_141_13 flowId 190 uecSrc 189 finished at 286.855 total messages 1 total packets 490 RTS 0 total bytes 2002140 in_flight now 0 fair_inc 13397 prop_inc 33719 fast_inc 0 eta_inc 13112 multi_dec -85422 quick_dec -0 nack_dec -24900
Flow Uec_26_154 flowId 106 uecSrc 105 finished at 290.728 total messages 1 total packets 497 RTS 7 total bytes 2002140 in_flight now 0 fair_inc 2771 prop_inc 22559 fast_inc 0 eta_inc 13112 multi_dec -0 quick_dec -0 nack_dec -4150
Flow Uec_185_57 flowId 44 uecSrc 43 finished at 293.161 total messages 1 total packets 492 RTS 2 total bytes 2002140 in_flight now 0 fair_inc 3139 prop_inc 13825 fast_inc 0 eta_inc 12516 multi_dec -20486 quick_dec -0 nack_dec -16600
Flow Uec_238_110 flowId 87 uecSrc 86 finished at 299.35 total messages 1 total packets 490 RTS 0 total bytes 2002140 in_flight now 0 fair_inc 4586 prop_inc 45644 fast_inc 0 eta_inc 14304 multi_dec -60604 quick_dec -0 nack_dec -74700
Flow Uec_34_162 flowId 21 uecSrc 20 finished at 302.414 total messages 1 total packets 490 RTS 0 total bytes 2002140 in_flight now 0 fair_inc 14244 prop_inc 12573 fast_inc 0 eta_inc 11920 multi_dec -0 quick_dec -0 nack_dec -0
Flow Uec_206_78 flowId 95 uecSrc 94 finished at 309.341 total messages 1 total packets 490 RTS 0 total bytes 2002140 in_flight now 0 fair_inc 4912 prop_inc 31834 fast_inc 0 eta_inc 14900 multi_dec -84698 quick_dec -0 nack_dec -41500
Flow Uec_44_172 flowId 86 uecSrc 85 finished at 310.164 total messages 1 total packets 490 RTS 0 total bytes 2002140 in_flight now 0 fair_inc 7112 prop_inc 23026 fast_inc 0 eta_inc 12516 multi_dec -0 quick_dec -0 nack_dec -0
Flow Uec_45_173 flowId 117 uecSrc 116 finished at 313.992 total messages 1 total packets 491 RTS 1 total bytes 2002140 in_flight now 0 fair_inc 7886 prop_inc 9455 fast_inc 0 eta_inc 11920 multi_dec -0 quick_dec -206655 nack_dec -4150
Flow Uec_17_145 flowId 177 uecSrc 176 finished at 318.65 total messages 1 total packets 499 RTS 9 total bytes 2002140 in_flight now -64 fair_inc 16845 prop_inc 33581 fast_inc 0 eta_inc 14900 multi_dec -0 quick_dec -0 nack_dec -4150
Flow Uec_46_174 flowId 136 uecSrc 135 finished at 319.196 total messages 1 total packets 492 RTS 2 total bytes 2002140 in_flight now 0 fair_inc 14250 prop_inc 63346 fast_inc 0 eta_inc 13708 multi_dec -153491 quick_dec -0 nack_dec -0
Flow Uec_23_151 flowId 23 uecSrc 22 finished at 321.7 total messages 1 total packets 497 RTS 7 total bytes 2002140 in_flight now -64 fair_inc 5137 prop_inc 59563 fast_inc 0 eta_inc 14304 multi_dec -0 quick_dec -0 nack_dec -0
Flow Uec_139_11 flowId 122 uecSrc 121 finished at 322.865 total messages 1 total packets 490 RTS 0 total bytes 2002140 in_flight now 0 fair_inc 5546 prop_inc 48887 fast_inc 0 eta_inc 14304 multi_dec -106484 quick_dec -0 nack_dec -33200
Flow Uec_182_54 flowId 60 uecSrc 59 finished at 327.653 total messages 1 total packets 490 RTS 0 total bytes 2002140 in_flight now 0 fair_inc 7038 prop_inc 31863 fast_inc 0 eta_inc 15496 multi_dec -76256 quick_dec -0 nack_dec -58100
Flow Uec_22_150 flowId 88 uecSrc 87 finished at 329.914 total messages 1 total packets 492 RTS 2 total bytes 2002140 in_flight now 0 fair_inc 5239 prop_inc 20932 fast_inc 0 eta_inc 11920 multi_dec -0 quick_dec -0 nack_dec -0
Flow Uec_18_146 flowId 13 uecSrc 12 finished at 331.129 total messages 1 total packets 493 RTS 3 total bytes 2002140 in_flight now 0 fair_inc 16182 prop_inc 15017 fast_inc 0 eta_inc 12516 multi_dec -0 quick_dec -184119 nack_dec -12450
Flow Uec_35_163 flowId 16 uecSrc 15 finished at 331.499 total messages 1 total packets 496 RTS 6 total bytes 2002140 in_flight now -64 fair_inc 4895 prop_inc 13521 fast_inc 0 eta_inc 13708 multi_dec -0 quick_dec -144495 nack_dec -4150
Flow Uec_122_250 flowId 147 uecSrc 146 finished at 331.74 total messages 1 total packets 490 RTS 0 total bytes 2002140 in_flight now 0 fair_inc 6086 prop_inc 39371 fast_inc 0 eta_inc 16092 multi_dec -106207 quick_dec -0 nack_dec -45650
Flow Uec_123_251 flowId 145 uecSrc 144 finished at 334.429 total messages 1 total packets 490 RTS 0 total bytes 2002140 in_flight now 0 fair_inc 14211 prop_inc 27551 fast_inc 0 eta_inc 16092 multi_dec -70682 quick_dec -0 nack_dec -62250
Flow Uec_197_69 flowId 69 uecSrc 68 finished at 334.817 total messages 1 total packets 490 RTS 0 total bytes 2002140 in_flight now 0 fair_inc 4892 prop_inc 34361 fast_inc 0 eta_inc 16092 multi_dec -108911 quick_dec -0 nack_dec -37350
Flow Uec_127_255 flowId 61 uecSrc 60 finished at 335.136 total messages 1 total packets 490 RTS 0 total bytes 2002140 in_flight now 0 fair_inc 4234 prop_inc 33289 fast_inc 0 eta_inc 15496 multi_dec -66448 quick_dec -0 nack_dec -70550
Flow Uec_105_233 flowId 72 uecSrc 71 finished at 336.301 total messages 1 total packets 490 RTS 0 total bytes 2002140 in_flight now 0 fair_inc 7949 prop_inc 37822 fast_inc 0 eta_inc 16092 multi_dec -101419 quick_dec -0 nack_dec -49800
Flow Uec_125_253 flowId 56 uecSrc 55 finished at 337.876 total messages 1 total packets 490 RTS 0 total bytes 2002140 in_flight now 0 fair_inc 3468 prop_inc 41062 fast_inc 0 eta_inc 16092 multi_dec -108682 quick_dec -0 nack_dec -41500
Flow Uec_115_243 flowId 58 uecSrc 57 finished at 338.344 total messages 1 total packets 490 RTS 0 total bytes 2002140 in_flight now 0 fair_inc 1709 prop_inc 39772 fast_inc 0 eta_inc 16092 multi_dec -106072 quick_dec -0 nack_dec -41500
Flow Uec_43_171 flowId 105 uecSrc 104 finished at 339.403 total messages 1 total packets 493 RTS 3 total bytes 2002140 in_flight now 0 fair_inc 3828 prop_inc 73972 fast_inc 11601 eta_inc 14900 multi_dec -148154 quick_dec -0 nack_dec -4150
Flow Uec_117_245 flowId 155 uecSrc 154 finished at 339.945 total messages 1 total packets 490 RTS 0 total bytes 2002140 in_flight now 0 fair_inc 1842 prop_inc 34735 fast_inc 0 eta_inc 16092 multi_dec -129743 quick_dec -0 nack_dec -16600
Flow Uec_52_180 flowId 161 uecSrc 160 finished at 339.949 total messages 1 total packets 490 RTS 0 total bytes 2002140 in_flight now 0 fair_inc 9233 prop_inc 49048 fast_inc 0 eta_inc 16092 multi_dec -129312 quick_dec -0 nack_dec -20750
Flow Uec_213_85 flowId 128 uecSrc 127 finished at 341.028 total messages 1 total packets 490 RTS 0 total bytes 2002140 in_flight now 0 fair_inc 6136 prop_inc 37034 fast_inc 0 eta_inc 16092 multi_dec -90256 quick_dec -0 nack_dec -58100
Flow Uec_121_249 flowId 183 uecSrc 182 finished at 342.5 total messages 1 total packets 490 RTS 0 total bytes 2002140 in_flight now 0 fair_inc 12928 prop_inc 27183 fast_inc 0 eta_inc 16092 multi_dec -123054 quick_dec -0 nack_dec -24900
Flow Uec_101_229 flowId 108 uecSrc 107 finished at 343.978 total messages 1 total packets 490 RTS 0 total bytes 2002140 in_flight now 0 fair_inc 15963 prop_inc 33880 fast_inc 0 eta_inc 14304 multi_dec -75305 quick_dec -0 nack_dec -62250
Flow Uec_219_91 flowId 42 uecSrc 41 finished at 344.537 total messages 1 total packets 490 RTS 0 total bytes 2002140 in_flight now 0 fair_inc 3725 prop_inc 30576 fast_inc 0 eta_inc 16092 multi_dec -62891 quick_dec -0 nack_dec -74700
Flow Uec_100_228 flowId 99 uecSrc 98 finished at 344.54 total messages 1 total packets 490 RTS 0 total bytes 2002140 in_flight now 0 fair_inc 24411 prop_inc 34397 fast_inc 0 eta_inc 16688 multi_dec -113220 quick_dec -0 nack_dec -37350
Flow Uec_191_63 flowId 85 uecSrc 84 finished at 344.887 total messages 1 total packets 490 RTS 0 total bytes 2002140 in_flight now 0 fair_inc 4846 prop_inc 39568 fast_inc 0 eta_inc 16092 multi_dec -111598 quick_dec -0 nack_dec -37350
Flow Uec_16_144 flowId 165 uecSrc 164 finished at 345.839 total messages 1 total packets 493 RTS 3 total bytes 2002140 in_flight now 0 fair_inc 9779 prop_inc 71085 fast_inc 0 eta_inc 16092 multi_dec -159899 quick_dec -0 nack_dec -4150
Flow Uec_212_84 flowId 134 uecSrc 133 finished at 351.159 total messages 1 total packets 490 RTS 0 total bytes 2002140 in_flight now 0 fair_inc 2263 prop_inc 56040 fast_inc 0 eta_inc 16688 multi_dec -93978 quick_dec -0 nack_dec -58100
Flow Uec_183_55 flowId 98 uecSrc 97 finished at 352.707 total messages 1 total packets 490 RTS 0 total bytes 2002140 in_flight now 0 fair_inc 12944 prop_inc 42370 fast_inc 102521 eta_inc 16688 multi_dec -121366 quick_dec -0 nack_dec -41500
Flow Uec_218_90 flowId 187 uecSrc 186 finished at 353.182 total messages 1 total packets 490 RTS 0 total bytes 2002140 in_flight now 0 fair_inc 3979 prop_inc 33748 fast_inc 0 eta_inc 16092 multi_dec -108271 quick_dec -0 nack_dec -41500
Flow Uec_229_101 flowId 82 uecSrc 81 finished at 354.466 total messages 1 total packets 490 RTS 0 total bytes 2002140 in_flight now 0 fair_inc 11764 prop_inc 31897 fast_inc 0 eta_inc 17284 multi_dec -81935 quick_dec -0 nack_dec -66400
Flow Uec_235_107 flowId 169 uecSrc 168 finished at 356.629 total messages 1 total packets 490 RTS 0 total bytes 2002140 in_flight now 0 fair_inc 14135 prop_inc 31186 fast_inc 0 eta_inc 17284 multi_dec -81849 quick_dec -0 nack_dec -62250
Flow Uec_232_104 flowId 84 uecSrc 83 finished at 363.278 total messages 1 total packets 490 RTS 0 total bytes 2002140 in_flight now 0 fair_inc 10556 prop_inc 36654 fast_inc 0 eta_inc 16688 multi_dec -93997 quick_dec -0 nack_dec -62250
Flow Uec_4_132 flowId 116 uecSrc 115 finished at 364.528 total messages 1 total packets 495 RTS 5 total bytes 2002140 in_flight now 0 fair_inc 14062 prop_inc 44889 fast_inc 0 eta_inc 14304 multi_dec -0 quick_dec -163395 nack_dec -24900
Flow Uec_143_15 flowId 103 uecSrc 102 finished at 364.701 total messages 1 total packets 490 RTS 0 total bytes 2002140 in_flight now 0 fair_inc 5877 prop_inc 46461 fast_inc 0 eta_inc 17284 multi_dec -20967 quick_dec -0 nack_dec -136950
Flow Uec_129_1 flowId 100 uecSrc 99 finished at 365.222 total messages 1 total packets 490 RTS 0 total bytes 2002140 in_flight now 0 fair_inc 14574 prop_inc 45530 fast_inc 0 eta_inc 16092 multi_dec -113476 quick_dec -0 nack_dec -41500
366.823 flowid 116 Spurious 489
Flow Uec_239_111 flowId 146 uecSrc 145 finished at 370.082 total messages 1 total packets 490 RTS 0 total bytes 2002140 in_flight now 0 fair_inc 10484 prop_inc 36648 fast_inc 0 eta_inc 17284 multi_dec -76985 quick_dec -0 nack_dec -83000
Flow Uec_66_194 flowId 49 uecSrc 48 finished at 370.1 total messages 1 total packets 490 RTS 0 total bytes 2002140 in_flight now 0 fair_inc 4415 prop_inc 85422 fast_inc 0 eta_inc 16688 multi_dec -129916 quick_dec -0 nack_dec -41500
Flow Uec_230_102 flowId 153 uecSrc 152 finished at 371.297 total messages 1 total packets 490 RTS 0 total bytes 2002140 in_flight now 0 fair_inc 33845 prop_inc 49418 fast_inc 0 eta_inc 16092 multi_dec -140029 quick_dec -0 nack_dec -33200
Flow Uec_148_20 flowId 26 uecSrc 25 finished at 371.653 total messages 1 total packets 492 RTS 2 total bytes 2002140 in_flight now 0 fair_inc 13169 prop_inc 39495 fast_inc 0 eta_inc 16688 multi_dec -5000 quick_dec -0 nack_dec -120350
Flow Uec_226_98 flowId 81 uecSrc 80 finished at 371.748 total messages 1 total packets 490 RTS 0 total bytes 2002140 in_flight now 0 fair_inc 32498 prop_inc 49946 fast_inc 0 eta_inc 16688 multi_dec -123936 quick_dec -0 nack_dec -45650
Flow Uec_49_177 flowId 50 uecSrc 49 finished at 371.974 total messages 1 total packets 490 RTS 0 total bytes 2002140 in_flight now 0 fair_inc 14349 prop_inc 70546 fast_inc 0 eta_inc 17284 multi_dec -144046 quick_dec -0 nack_dec -33200
Flow Uec_254_126 flowId 33 uecSrc 32 finished at 376.618 total messages 1 total packets 490 RTS 0 total bytes 2002140 in_flight now 0 fair_inc 13902 prop_inc 33494 fast_inc 0 eta_inc 17880 multi_dec -79739 quick_dec -0 nack_dec -78850
Flow Uec_134_6 flowId 142 uecSrc 141 finished at 379.061 total messages 1 total packets 491 RTS 1 total bytes 2002140 in_flight now 0 fair_inc 6211 prop_inc 83303 fast_inc 0 eta_inc 16688 multi_dec -130279 quick_dec -0 nack_dec -41500
Flow Uec_186_58 flowId 66 uecSrc 65 finished at 380.106 total messages 1 total packets 491 RTS 1 total bytes 2002140 in_flight now 0 fair_inc 20771 prop_inc 81386 fast_inc 0 eta_inc 15496 multi_dec -127476 quick_dec -0 nack_dec -33200
Flow Uec_36_164 flowId 7 uecSrc 6 finished at 380.863 total messages 1 total packets 493 RTS 3 total bytes 2002140 in_flight now 0 fair_inc 15640 prop_inc 60303 fast_inc 0 eta_inc 17284 multi_dec -149876 quick_dec -0 nack_dec -4150
Flow Uec_228_100 flowId 34 uecSrc 33 finished at 385.468 total messages 1 total packets 490 RTS 0 total bytes 2002140 in_flight now 0 fair_inc 5366 prop_inc 86556 fast_inc 4041 eta_inc 17284 multi_dec -94395 quick_dec -0 nack_dec -78850
Flow Uec_246_118 flowId 8 uecSrc 7 finished at 391.743 total messages 1 total packets 490 RTS 0 total bytes 2002140 in_flight now 0 fair_inc 8827 prop_inc 41035 fast_inc 0 eta_inc 18476 multi_dec -86157 quick_dec -0 nack_dec -78850
Flow Uec_89_217 flowId 180 uecSrc 179 finished at 391.928 total messages 1 total packets 490 RTS 0 total bytes 2002140 in_flight now 0 fair_inc 10981 prop_inc 32777 fast_inc 0 eta_inc 18476 multi_dec -79334 quick_dec -0 nack_dec -78850
Flow Uec_97_225 flowId 129 uecSrc 128 finished at 392.613 total messages 1 total packets 490 RTS 0 total bytes 2002140 in_flight now 0 fair_inc 14442 prop_inc 28053 fast_inc 0 eta_inc 18476 multi_dec -40704 quick_dec -0 nack_dec -107900
Flow Uec_169_41 flowId 71 uecSrc 70 finished at 395.948 total messages 1 total packets 490 RTS 0 total bytes 2002140 in_flight now 0 fair_inc 10483 prop_inc 37582 fast_inc 0 eta_inc 17880 multi_dec -1587 quick_dec -0 nack_dec -153550
Flow Uec_193_65 flowId 4 uecSrc 3 finished at 396.412 total messages 1 total packets 490 RTS 0 total bytes 2002140 in_flight now 0 fair_inc 10577 prop_inc 12341 fast_inc 0 eta_inc 18476 multi_dec -61090 quick_dec -0 nack_dec -78850
Flow Uec_20_148 flowId 83 uecSrc 82 finished at 400.932 total messages 1 total packets 503 RTS 13 total bytes 2002140 in_flight now 0 fair_inc 21098 prop_inc 36577 fast_inc 0 eta_inc 19072 multi_dec -0 quick_dec -0 nack_dec -16600
Flow Uec_180_52 flowId 143 uecSrc 142 finished at 408.579 total messages 1 total packets 490 RTS 0 total bytes 2002140 in_flight now 0 fair_inc 27675 prop_inc 34270 fast_inc 0 eta_inc 19072 multi_dec -104473 quick_dec -0 nack_dec -66400
Flow Uec_21_149 flowId 74 uecSrc 73 finished at 414.605 total messages 1 total packets 499 RTS 9 total bytes 2002140 in_flight now -128 fair_inc 9348 prop_inc 50760 fast_inc 0 eta_inc 19072 multi_dec -4374 quick_dec -0 nack_dec -4150
Flow Uec_37_165 flowId 41 uecSrc 40 finished at 414.712 total messages 1 total packets 494 RTS 4 total bytes 2002140 in_flight now 0 fair_inc 13980 prop_inc 83606 fast_inc 0 eta_inc 17880 multi_dec -152514 quick_dec -0 nack_dec -8300
Flow Uec_63_191 flowId 54 uecSrc 53 finished at 415.58 total messages 1 total packets 490 RTS 0 total bytes 2002140 in_flight now 0 fair_inc 20807 prop_inc 19298 fast_inc 0 eta_inc 19668 multi_dec -44551 quick_dec -0 nack_dec -120350
Flow Uec_179_51 flowId 10 uecSrc 9 finished at 415.938 total messages 1 total packets 490 RTS 0 total bytes 2002140 in_flight now 0 fair_inc 24708 prop_inc 33614 fast_inc 0 eta_inc 19072 multi_dec -94012 quick_dec -0 nack_dec -74700
417.79 flowid 189 Spurious 484
Flow Uec_252_124 flowId 3 uecSrc 2 finished at 418.085 total messages 1 total packets 490 RTS 0 total bytes 2002140 in_flight now 0 fair_inc 17059 prop_inc 21329 fast_inc 0 eta_inc 20264 multi_dec -35942 quick_dec -0 nack_dec -120350
418.122 flowid 189 Spurious 485
418.454 flowid 189 Spurious 486
418.786 flowid 189 Spurious 487
419.118 flowid 189 Spurious 488
419.45 flowid 189 Spurious 489
419.611 flowid 189 Spurious 490
Flow Uec_109_237 flowId 40 uecSrc 39 finished at 420.507 total messages 1 total packets 490 RTS 0 total bytes 2002140 in_flight now 0 fair_inc 12791 prop_inc 21409 fast_inc 0 eta_inc 20264 multi_dec -64557 quick_dec -0 nack_dec -116200
Flow Uec_190_62 flowId 189 uecSrc 188 finished at 422.93 total messages 1 total packets 491 RTS 1 total bytes 2002140 in_flight now 0 fair_inc 5180 prop_inc 37991 fast_inc 0 eta_inc 13708 multi_dec -57628 quick_dec -0 nack_dec -12450
Flow Uec_32_160 flowId 130 uecSrc 129 finished at 427.573 total messages 1 total packets 496 RTS 6 total bytes 2002140 in_flight now 0 fair_inc 29544 prop_inc 16930 fast_inc 0 eta_inc 16688 multi_dec -45710 quick_dec -111375 nack_dec -4150
Flow Uec_31_159 flowId 107 uecSrc 106 finished at 430.234 total messages 1 total packets 500 RTS 10 total bytes 2002140 in_flight now -64 fair_inc 22481 prop_inc 57418 fast_inc 0 eta_inc 19668 multi_dec -60198 quick_dec -0 nack_dec -0
Flow Uec_73_201 flowId 163 uecSrc 162 finished at 432.114 total messages 1 total packets 490 RTS 0 total bytes 2002140 in_flight now 0 fair_inc 18275 prop_inc 31514 fast_inc 0 eta_inc 20264 multi_dec -118650 quick_dec -0 nack_dec -70550
Flow Uec_19_147 flowId 89 uecSrc 88 finished at 435.061 total messages 1 total packets 492 RTS 2 total bytes 2002140 in_flight now 0 fair_inc 11379 prop_inc 80273 fast_inc 115165 eta_inc 16688 multi_dec -150170 quick_dec -0 nack_dec -0
Flow Uec_210_82 flowId 67 uecSrc 66 finished at 446.101 total messages 1 total packets 490 RTS 0 total bytes 2002140 in_flight now 0 fair_inc 23698 prop_inc 20531 fast_inc 0 eta_inc 21456 multi_dec -37416 quick_dec -0 nack_dec -136950
Flow Uec_154_26 flowId 70 uecSrc 69 finished at 450.968 total messages 1 total packets 491 RTS 1 total bytes 2002140 in_flight now 0 fair_inc 15825 prop_inc 31401 fast_inc 0 eta_inc 20264 multi_dec -48950 quick_dec -0 nack_dec -112050
Flow Uec_6_134 flowId 152 uecSrc 151 finished at 451.041 total messages 1 total packets 499 RTS 9 total bytes 2002140 in_flight now 0 fair_inc 11694 prop_inc 51277 fast_inc 0 eta_inc 17284 multi_dec -26260 quick_dec -84271 nack_dec -16600
Flow Uec_27_155 flowId 157 uecSrc 156 finished at 452.004 total messages 1 total packets 498 RTS 8 total bytes 2002140 in_flight now -128 fair_inc 24271 prop_inc 62133 fast_inc 0 eta_inc 20264 multi_dec -96711 quick_dec -0 nack_dec -4150
Flow Uec_136_8 flowId 137 uecSrc 136 finished at 464.37 total messages 1 total packets 490 RTS 0 total bytes 2002140 in_flight now 0 fair_inc 26537 prop_inc 16549 fast_inc 0 eta_inc 21456 multi_dec -74455 quick_dec -0 nack_dec -103750
Flow Uec_138_10 flowId 135 uecSrc 134 finished at 472.53 total messages 1 total packets 490 RTS 0 total bytes 2002140 in_flight now 0 fair_inc 17879 prop_inc 79741 fast_inc 0 eta_inc 21456 multi_dec -137198 quick_dec -0 nack_dec -70550
Flow Uec_131_3 flowId 90 uecSrc 89 finished at 486.296 total messages 1 total packets 492 RTS 2 total bytes 2002140 in_flight now 0 fair_inc 18347 prop_inc 22641 fast_inc 0 eta_inc 22052 multi_dec -81369 quick_dec -0 nack_dec -99600
Flow Uec_142_14 flowId 29 uecSrc 28 finished at 486.335 total messages 1 total packets 490 RTS 0 total bytes 2002140 in_flight now 0 fair_inc 14061 prop_inc 37409 fast_inc 0 eta_inc 22052 multi_dec -29429 quick_dec -0 nack_dec -145250
Flow Uec_158_30 flowId 92 uecSrc 91 finished at 487.509 total messages 1 total packets 490 RTS 0 total bytes 2002140 in_flight now 0 fair_inc 25560 prop_inc 15941 fast_inc 0 eta_inc 22052 multi_dec -24041 quick_dec -0 nack_dec -153550
Flow Uec_96_224 flowId 20 uecSrc 19 finished at 489.992 total messages 1 total packets 490 RTS 0 total bytes 2002140 in_flight now 0 fair_inc 28119 prop_inc 13195 fast_inc 0 eta_inc 23244 multi_dec -68835 quick_dec -0 nack_dec -124500
Flow Uec_161_33 flowId 164 uecSrc 163 finished at 492.257 total messages 1 total packets 490 RTS 0 total bytes 2002140 in_flight now 0 fair_inc 6475 prop_inc 75963 fast_inc 5050 eta_inc 20860 multi_dec -143052 quick_dec -0 nack_dec -62250
Flow Uec_164_36 flowId 18 uecSrc 17 finished at 492.982 total messages 1 total packets 492 RTS 2 total bytes 2002140 in_flight now 0 fair_inc 31434 prop_inc 9652 fast_inc 0 eta_inc 22648 multi_dec -19880 quick_dec -0 nack_dec -149400
Flow Uec_54_182 flowId 158 uecSrc 157 finished at 493.743 total messages 1 total packets 490 RTS 0 total bytes 2002140 in_flight now 0 fair_inc 19783 prop_inc 54740 fast_inc 0 eta_inc 22648 multi_dec -97785 quick_dec -0 nack_dec -95450
Flow Uec_150_22 flowId 162 uecSrc 161 finished at 496.945 total messages 1 total packets 491 RTS 1 total bytes 2002140 in_flight now 0 fair_inc 20950 prop_inc 49876 fast_inc 0 eta_inc 22052 multi_dec -141138 quick_dec -0 nack_dec -53950
Flow Uec_102_230 flowId 140 uecSrc 139 finished at 499.517 total messages 1 total packets 490 RTS 0 total bytes 2002140 in_flight now 0 fair_inc 27046 prop_inc 48972 fast_inc 0 eta_inc 22648 multi_dec -105616 quick_dec -0 nack_dec -95450
Flow Uec_76_204 flowId 68 uecSrc 67 finished at 501.469 total messages 1 total packets 490 RTS 0 total bytes 2002140 in_flight now 0 fair_inc 23169 prop_inc 57740 fast_inc 0 eta_inc 23244 multi_dec -109748 quick_dec -0 nack_dec -103750
Flow Uec_160_32 flowId 156 uecSrc 155 finished at 503.475 total messages 1 total packets 491 RTS 1 total bytes 2002140 in_flight now 0 fair_inc 12984 prop_inc 79584 fast_inc 1010 eta_inc 21456 multi_dec -115715 quick_dec -0 nack_dec -87150
Flow Uec_251_123 flowId 31 uecSrc 30 finished at 505.311 total messages 1 total packets 490 RTS 0 total bytes 2002140 in_flight now 0 fair_inc 33043 prop_inc 53060 fast_inc 0 eta_inc 21456 multi_dec -122411 quick_dec -0 nack_dec -87150
Flow Uec_99_227 flowId 65 uecSrc 64 finished at 508.991 total messages 1 total packets 490 RTS 0 total bytes 2002140 in_flight now 0 fair_inc 13118 prop_inc 49839 fast_inc 0 eta_inc 22648 multi_dec -90852 quick_dec -0 nack_dec -99600
Flow Uec_249_121 flowId 64 uecSrc 63 finished at 509.124 total messages 1 total packets 490 RTS 0 total bytes 2002140 in_flight now 0 fair_inc 18296 prop_inc 58205 fast_inc 0 eta_inc 23244 multi_dec -100023 quick_dec -0 nack_dec -99600
Flow Uec_24_152 flowId 114 uecSrc 113 finished at 509.557 total messages 1 total packets 496 RTS 6 total bytes 2002140 in_flight now 0 fair_inc 20689 prop_inc 95290 fast_inc 0 eta_inc 20264 multi_dec -113514 quick_dec -0 nack_dec -0
Flow Uec_167_39 flowId 97 uecSrc 96 finished at 510.784 total messages 1 total packets 491 RTS 1 total bytes 2002140 in_flight now 0 fair_inc 8930 prop_inc 57961 fast_inc 0 eta_inc 20860 multi_dec -83552 quick_dec -0 nack_dec -103750
Flow Uec_207_79 flowId 102 uecSrc 101 finished at 513.315 total messages 1 total packets 490 RTS 0 total bytes 2002140 in_flight now 0 fair_inc 24542 prop_inc 48756 fast_inc 0 eta_inc 23840 multi_dec -117568 quick_dec -0 nack_dec -87150
Flow Uec_51_179 flowId 154 uecSrc 153 finished at 515.786 total messages 1 total packets 490 RTS 0 total bytes 2002140 in_flight now 0 fair_inc 34541 prop_inc 65402 fast_inc 0 eta_inc 23244 multi_dec -124620 quick_dec -0 nack_dec -91300
Flow Uec_68_196 flowId 91 uecSrc 90 finished at 516.123 total messages 1 total packets 490 RTS 0 total bytes 2002140 in_flight now 0 fair_inc 28402 prop_inc 66591 fast_inc 0 eta_inc 23840 multi_dec -97653 quick_dec -0 nack_dec -124500
Flow Uec_163_35 flowId 181 uecSrc 180 finished at 516.568 total messages 1 total packets 491 RTS 1 total bytes 2002140 in_flight now 0 fair_inc 16408 prop_inc 68541 fast_inc 17661 eta_inc 19668 multi_dec -145501 quick_dec -0 nack_dec -53950
Flow Uec_145_17 flowId 101 uecSrc 100 finished at 519.267 total messages 1 total packets 491 RTS 1 total bytes 2002140 in_flight now 0 fair_inc 13542 prop_inc 41687 fast_inc 41907 eta_inc 22052 multi_dec -91506 quick_dec -0 nack_dec -87150
Flow Uec_209_81 flowId 166 uecSrc 165 finished at 520.576 total messages 1 total packets 490 RTS 0 total bytes 2002140 in_flight now 0 fair_inc 25624 prop_inc 48948 fast_inc 0 eta_inc 23244 multi_dec -104051 quick_dec -0 nack_dec -99600
Flow Uec_144_16 flowId 148 uecSrc 147 finished at 522.8 total messages 1 total packets 490 RTS 0 total bytes 2002140 in_flight now 0 fair_inc 11543 prop_inc 53019 fast_inc 0 eta_inc 22648 multi_dec -40656 quick_dec -0 nack_dec -141100
Flow Uec_159_31 flowId 111 uecSrc 110 finished at 524.17 total messages 1 total packets 490 RTS 0 total bytes 2002140 in_flight now 0 fair_inc 9015 prop_inc 94542 fast_inc 3519 eta_inc 20264 multi_dec -164258 quick_dec -0 nack_dec -53950
Flow Uec_231_103 flowId 121 uecSrc 120 finished at 527.372 total messages 1 total packets 490 RTS 0 total bytes 2002140 in_flight now 0 fair_inc 20224 prop_inc 26066 fast_inc 0 eta_inc 25032 multi_dec -100599 quick_dec -0 nack_dec -99600
Flow Uec_234_106 flowId 173 uecSrc 172 finished at 537.082 total messages 1 total packets 490 RTS 0 total bytes 2002140 in_flight now 0 fair_inc 23575 prop_inc 26454 fast_inc 0 eta_inc 25032 multi_dec -119029 quick_dec -0 nack_dec -91300
Flow Uec_227_99 flowId 43 uecSrc 42 finished at 544.034 total messages 1 total packets 490 RTS 0 total bytes 2002140 in_flight now 0 fair_inc 18919 prop_inc 32118 fast_inc 0 eta_inc 25628 multi_dec -49330 quick_dec -0 nack_dec -161850
Flow Uec_79_207 flowId 141 uecSrc 140 finished at 548.36 total messages 1 total packets 490 RTS 0 total bytes 2002140 in_flight now 0 fair_inc 35586 prop_inc 6776 fast_inc 0 eta_inc 25628 multi_dec -51595 quick_dec -0 nack_dec -153550
555.492 flowid 62 Spurious 488
Flow Uec_137_9 flowId 24 uecSrc 23 finished at 556.893 total messages 1 total packets 490 RTS 0 total bytes 2002140 in_flight now 0 fair_inc 16914 prop_inc 115245 fast_inc 0 eta_inc 22648 multi_dec -151705 quick_dec -0 nack_dec -83000
558.149 flowid 62 Spurious 492
Flow Uec_10_138 flowId 62 uecSrc 61 finished at 561.225 total messages 1 total packets 499 RTS 9 total bytes 2002140 in_flight now 0 fair_inc 32012 prop_inc 69563 fast_inc 0 eta_inc 20860 multi_dec -141596 quick_dec -88531 nack_dec -33200
561.481 flowid 62 Spurious 490
562.482 flowid 62 Spurious 493
562.84 flowid 62 Spurious 496
Flow Uec_69_197 flowId 30 uecSrc 29 finished at 563.249 total messages 1 total packets 490 RTS 0 total bytes 2002140 in_flight now 0 fair_inc 39033 prop_inc 13042 fast_inc 344978 eta_inc 23840 multi_dec -125014 quick_dec -5876 nack_dec -124500
566.786 flowid 62 Spurious 495
Flow Uec_194_66 flowId 59 uecSrc 58 finished at 567.814 total messages 1 total packets 490 RTS 0 total bytes 2002140 in_flight now 0 fair_inc 41531 prop_inc 24739 fast_inc 274258 eta_inc 25032 multi_dec -162726 quick_dec -283 nack_dec -107900
Flow Uec_113_241 flowId 93 uecSrc 92 finished at 571.806 total messages 1 total packets 490 RTS 0 total bytes 2002140 in_flight now 0 fair_inc 31449 prop_inc 2407 fast_inc 0 eta_inc 26820 multi_dec -36830 quick_dec -0 nack_dec -161850
Flow Uec_72_200 flowId 51 uecSrc 50 finished at 573.432 total messages 1 total packets 490 RTS 0 total bytes 2002140 in_flight now 0 fair_inc 37903 prop_inc 11767 fast_inc 0 eta_inc 26820 multi_dec -39792 quick_dec -0 nack_dec -161850
Flow Uec_2_130 flowId 191 uecSrc 190 finished at 579.804 total messages 1 total packets 501 RTS 11 total bytes 2002140 in_flight now 0 fair_inc 36456 prop_inc 75969 fast_inc 0 eta_inc 24436 multi_dec -130635 quick_dec -0 nack_dec -29050
Flow Uec_152_24 flowId 15 uecSrc 14 finished at 580.812 total messages 1 total packets 492 RTS 2 total bytes 2002140 in_flight now 0 fair_inc 37388 prop_inc 2740 fast_inc 0 eta_inc 26224 multi_dec -23494 quick_dec -0 nack_dec -153550
Flow Uec_166_38 flowId 96 uecSrc 95 finished at 590.268 total messages 1 total packets 490 RTS 0 total bytes 2002140 in_flight now 0 fair_inc 35846 prop_inc 6136 fast_inc 0 eta_inc 26820 multi_dec -60441 quick_dec -0 nack_dec -149400
Flow Uec_81_209 flowId 12 uecSrc 11 finished at 640.85 total messages 1 total packets 490 RTS 0 total bytes 2002140 in_flight now 0 fair_inc 58855 prop_inc 26714 fast_inc 0 eta_inc 28012 multi_dec -95392 quick_dec -0 nack_dec -141100
Flow Uec_181_53 flowId 127 uecSrc 126 finished at 642.147 total messages 1 total packets 490 RTS 0 total bytes 2002140 in_flight now 0 fair_inc 34211 prop_inc 18820 fast_inc 0 eta_inc 28012 multi_dec -40551 quick_dec -0 nack_dec -161850
Flow Uec_84_212 flowId 19 uecSrc 18 finished at 644.505 total messages 1 total packets 490 RTS 0 total bytes 2002140 in_flight now 0 fair_inc 36624 prop_inc 53933 fast_inc 0 eta_inc 27416 multi_dec -142454 quick_dec -0 nack_dec -83000
Flow Uec_80_208 flowId 45 uecSrc 44 finished at 658.366 total messages 1 total packets 490 RTS 0 total bytes 2002140 in_flight now 0 fair_inc 52144 prop_inc 27409 fast_inc 0 eta_inc 28608 multi_dec -84585 quick_dec -0 nack_dec -141100
Flow Uec_171_43 flowId 22 uecSrc 21 finished at 673.028 total messages 1 total packets 490 RTS 0 total bytes 2002140 in_flight now 0 fair_inc 18535 prop_inc 50978 fast_inc 15151 eta_inc 28608 multi_dec -113962 quick_dec -0 nack_dec -103750
Flow Uec_149_21 flowId 37 uecSrc 36 finished at 678.697 total messages 1 total packets 491 RTS 1 total bytes 2002140 in_flight now 0 fair_inc 1557 prop_inc 38893 fast_inc 55561 eta_inc 28608 multi_dec -136927 quick_dec -0 nack_dec -74700
Flow Uec_178_50 flowId 160 uecSrc 159 finished at 681.987 total messages 1 total packets 490 RTS 0 total bytes 2002140 in_flight now 0 fair_inc 30281 prop_inc 35796 fast_inc 0 eta_inc 30396 multi_dec -98188 quick_dec -0 nack_dec -124500
Flow Uec_82_210 flowId 57 uecSrc 56 finished at 683.896 total messages 1 total packets 490 RTS 0 total bytes 2002140 in_flight now 0 fair_inc 43420 prop_inc 49308 fast_inc 7559 eta_inc 25628 multi_dec -108102 quick_dec -0 nack_dec -124500
Flow Uec_90_218 flowId 79 uecSrc 78 finished at 686.193 total messages 1 total packets 490 RTS 0 total bytes 2002140 in_flight now 0 fair_inc 17100 prop_inc 68278 fast_inc 57059 eta_inc 28608 multi_dec -86063 quick_dec -0 nack_dec -132800
Flow Uec_130_2 flowId 46 uecSrc 45 finished at 695.425 total messages 1 total packets 491 RTS 1 total bytes 2002140 in_flight now 0 fair_inc 23764 prop_inc 105313 fast_inc 0 eta_inc 28012 multi_dec -141636 quick_dec -0 nack_dec -107900
Flow Uec_151_23 flowId 39 uecSrc 38 finished at 697.975 total messages 1 total packets 491 RTS 1 total bytes 2002140 in_flight now 0 fair_inc 7456 prop_inc 52978 fast_inc 59604 eta_inc 25628 multi_dec -114971 quick_dec -4164 nack_dec -95450
Flow Uec_177_49 flowId 47 uecSrc 46 finished at 699.809 total messages 1 total packets 490 RTS 0 total bytes 2002140 in_flight now 0 fair_inc 28920 prop_inc 41238 fast_inc 0 eta_inc 31588 multi_dec -50018 quick_dec -0 nack_dec -166000
Flow Uec_132_4 flowId 125 uecSrc 124 finished at 708.466 total messages 1 total packets 490 RTS 0 total bytes 2002140 in_flight now 0 fair_inc 46411 prop_inc 93991 fast_inc 0 eta_inc 28608 multi_dec -155914 quick_dec -3015 nack_dec -112050
Flow Uec_77_205 flowId 32 uecSrc 31 finished at 764.397 total messages 1 total packets 490 RTS 0 total bytes 2002140 in_flight now 0 fair_inc 47793 prop_inc 1512 fast_inc 0 eta_inc 32184 multi_dec -61282 quick_dec -0 nack_dec -182600
Flow Uec_165_37 flowId 109 uecSrc 108 finished at 773.56 total messages 1 total packets 491 RTS 1 total bytes 2002140 in_flight now 0 fair_inc 25113 prop_inc 8807 fast_inc 0 eta_inc 27416 multi_dec -77194 quick_dec -0 nack_dec -157700
Flow Uec_104_232 flowId 77 uecSrc 76 finished at 779.135 total messages 1 total packets 490 RTS 0 total bytes 2002140 in_flight now 0 fair_inc 33545 prop_inc 18264 fast_inc 0 eta_inc 33376 multi_dec -90003 quick_dec -0 nack_dec -132800
Flow Uec_173_45 flowId 184 uecSrc 183 finished at 786.265 total messages 1 total packets 490 RTS 0 total bytes 2002140 in_flight now 0 fair_inc 25160 prop_inc 57802 fast_inc 78796 eta_inc 28012 multi_dec -135968 quick_dec --5905 nack_dec -116200
Flow Uec_106_234 flowId 133 uecSrc 132 finished at 822.446 total messages 1 total packets 490 RTS 0 total bytes 2002140 in_flight now 0 fair_inc 41308 prop_inc 19557 fast_inc 0 eta_inc 32780 multi_dec -78344 quick_dec -0 nack_dec -157700
Flow Uec_111_239 flowId 139 uecSrc 138 finished at 836.134 total messages 1 total packets 490 RTS 0 total bytes 2002140 in_flight now 0 fair_inc 62341 prop_inc 27110 fast_inc 0 eta_inc 26820 multi_dec -116809 quick_dec -0 nack_dec -141100
Flow Uec_103_231 flowId 171 uecSrc 170 finished at 838.286 total messages 1 total packets 490 RTS 0 total bytes 2002140 in_flight now 0 fair_inc 53244 prop_inc 22701 fast_inc 0 eta_inc 36356 multi_dec -92498 quick_dec -0 nack_dec -166000
Flow Uec_176_48 flowId 110 uecSrc 109 finished at 869.925 total messages 1 total packets 490 RTS 0 total bytes 2002140 in_flight now 0 fair_inc 29456 prop_inc 49787 fast_inc 169193 eta_inc 30396 multi_dec -54521 quick_dec -22297 nack_dec -199200
Flow Uec_95_223 flowId 185 uecSrc 184 finished at 896.163 total messages 1 total packets 490 RTS 0 total bytes 2002140 in_flight now 0 fair_inc 68682 prop_inc 3734 fast_inc 0 eta_inc 36356 multi_dec -88856 quick_dec -0 nack_dec -186750
Flow Uec_3_131 flowId 52 uecSrc 51 finished at 897.117 total messages 1 total packets 503 RTS 13 total bytes 2002140 in_flight now 0 fair_inc 22558 prop_inc 131520 fast_inc 0 eta_inc 35164 multi_dec -132150 quick_dec -18473 nack_dec -12450
Flow Uec_175_47 flowId 5 uecSrc 4 finished at 975.919 total messages 1 total packets 490 RTS 0 total bytes 2002140 in_flight now 0 fair_inc 35765 prop_inc 11321 fast_inc 0 eta_inc 39932 multi_dec -60364 quick_dec -0 nack_dec -190900
Flow Uec_70_198 flowId 48 uecSrc 47 finished at 993.233 total messages 1 total packets 490 RTS 0 total bytes 2002140 in_flight now 0 fair_inc 77228 prop_inc 5743 fast_inc 0 eta_inc 33376 multi_dec -100800 quick_dec -0 nack_dec -174300
Flow Uec_85_213 flowId 63 uecSrc 62 finished at 999.727 total messages 1 total packets 490 RTS 0 total bytes 2002140 in_flight now 0 fair_inc 48939 prop_inc 11379 fast_inc 0 eta_inc 30992 multi_dec -84752 quick_dec -3609 nack_dec -149400
Flow Uec_0_128 flowId 151 uecSrc 150 finished at 1033.19 total messages 1 total packets 503 RTS 13 total bytes 2002140 in_flight now -192 fair_inc 9870 prop_inc 161258 fast_inc 0 eta_inc 38144 multi_dec -189959 quick_dec -5454 nack_dec -20750
Flow Uec_204_76 flowId 124 uecSrc 123 finished at 1042.43 total messages 1 total packets 490 RTS 0 total bytes 2002140 in_flight now 0 fair_inc 74073 prop_inc 1170 fast_inc 0 eta_inc 35164 multi_dec -130652 quick_dec -0 nack_dec -153550
Flow Uec_216_88 flowId 144 uecSrc 143 finished at 1048.69 total messages 1 total packets 490 RTS 0 total bytes 2002140 in_flight now 0 fair_inc 79815 prop_inc 477 fast_inc 0 eta_inc 29800 multi_dec -103021 quick_dec -79197 nack_dec -174300
Flow Uec_201_73 flowId 78 uecSrc 77 finished at 1066.35 total messages 1 total packets 490 RTS 0 total bytes 2002140 in_flight now 0 fair_inc 54726 prop_inc 5312 fast_inc 0 eta_inc 39932 multi_dec -95454 quick_dec -6378 nack_dec -174300
Flow Uec_93_221 flowId 118 uecSrc 117 finished at 1092.45 total messages 1 total packets 490 RTS 0 total bytes 2002140 in_flight now 0 fair_inc 56862 prop_inc 31553 fast_inc 0 eta_inc 44104 multi_dec -88038 quick_dec -0 nack_dec -186750
Flow Uec_71_199 flowId 80 uecSrc 79 finished at 1093.6 total messages 1 total packets 490 RTS 0 total bytes 2002140 in_flight now 0 fair_inc 81545 prop_inc 29348 fast_inc 0 eta_inc 36952 multi_dec -106092 quick_dec -3814 nack_dec -161850
Flow Uec_220_92 flowId 119 uecSrc 118 finished at 1101.14 total messages 1 total packets 490 RTS 0 total bytes 2002140 in_flight now 0 fair_inc 55789 prop_inc 20863 fast_inc 0 eta_inc 42316 multi_dec -84761 quick_dec -2372 nack_dec -199200
Flow Uec_225_97 flowId 179 uecSrc 178 finished at 1119.29 total messages 1 total packets 490 RTS 0 total bytes 2002140 in_flight now 0 fair_inc 54948 prop_inc 28372 fast_inc 0 eta_inc 33972 multi_dec -66562 quick_dec -101757 nack_dec -141100
Flow Uec_211_83 flowId 55 uecSrc 54 finished at 1163.14 total messages 1 total packets 490 RTS 0 total bytes 2002140 in_flight now 0 fair_inc 80847 prop_inc 52977 fast_inc 0 eta_inc 33972 multi_dec -106284 quick_dec -102322 nack_dec -141100
Flow Uec_205_77 flowId 182 uecSrc 181 finished at 1181.48 total messages 1 total packets 490 RTS 0 total bytes 2002140 in_flight now 0 fair_inc 61259 prop_inc 65046 fast_inc 0 eta_inc 39932 multi_dec -120994 quick_dec -14965 nack_dec -157700
Flow Uec_88_216 flowId 94 uecSrc 93 finished at 1214.34 total messages 1 total packets 490 RTS 0 total bytes 2002140 in_flight now 0 fair_inc 30025 prop_inc 88195 fast_inc 66153 eta_inc 40528 multi_dec -107748 quick_dec -3230 nack_dec -157700
Flow Uec_168_40 flowId 14 uecSrc 13 finished at 1259.61 total messages 1 total packets 490 RTS 0 total bytes 2002140 in_flight now 0 fair_inc 44937 prop_inc 7745 fast_inc 0 eta_inc 35164 multi_dec -53444 quick_dec -76574 nack_dec -166000
Flow Uec_170_42 flowId 126 uecSrc 125 finished at 1266.74 total messages 1 total packets 490 RTS 0 total bytes 2002140 in_flight now 0 fair_inc 61068 prop_inc 12639 fast_inc 0 eta_inc 36356 multi_dec -101787 quick_dec -90770 nack_dec -149400
Flow Uec_1_129 flowId 132 uecSrc 131 finished at 1291.87 total messages 1 total packets 519 RTS 29 total bytes 2002140 in_flight now -64 fair_inc 28773 prop_inc 148530 fast_inc 0 eta_inc 47680 multi_dec -85149 quick_dec -54858 nack_dec -33200
Flow Uec_147_19 flowId 2 uecSrc 1 finished at 1293.79 total messages 1 total packets 490 RTS 0 total bytes 2002140 in_flight now 0 fair_inc 28641 prop_inc 15872 fast_inc 0 eta_inc 31588 multi_dec -16076 quick_dec -12797 nack_dec -182600
Flow Uec_156_28 flowId 36 uecSrc 35 finished at 1300.26 total messages 1 total packets 490 RTS 0 total bytes 2002140 in_flight now 0 fair_inc 36067 prop_inc 29380 fast_inc 0 eta_inc 41720 multi_dec -78462 quick_dec -96478 nack_dec -145250
Flow Uec_157_29 flowId 9 uecSrc 8 finished at 1326.12 total messages 1 total packets 490 RTS 0 total bytes 2002140 in_flight now 0 fair_inc 31845 prop_inc 35031 fast_inc 0 eta_inc 41720 multi_dec -57034 quick_dec -124546 nack_dec -153550
Flow Uec_174_46 flowId 138 uecSrc 137 finished at 1346.01 total messages 1 total packets 490 RTS 0 total bytes 2002140 in_flight now 0 fair_inc 30070 prop_inc 33187 fast_inc 34836 eta_inc 45892 multi_dec -66739 quick_dec -59939 nack_dec -170150
1699.88 flowid 167 Spurious 459
1712.07 flowid 167 Spurious 463
1984.65 flowid 167 Spurious 519
Flow Uec_13_141 flowId 167 uecSrc 166 finished at 2089.26 total messages 1 total packets 525 RTS 35 total bytes 2002140 in_flight now -192 fair_inc 20807 prop_inc 230657 fast_inc 0 eta_inc 66156 multi_dec -94872 quick_dec -48905 nack_dec -24900
3279.64 flowid 123 Spurious 100
3970.86 flowid 186 Spurious 170
4147.29 flowid 186 Spurious 184
4574.13 flowid 123 Spurious 142
6194.46 flowid 123 Spurious 157
6295.38 flowid 186 Spurious 249
8213.23 flowid 123 Spurious 234
9007.63 flowid 131 Spurious 448
9014.94 flowid 131 Spurious 445
10436 flowid 131 Spurious 488
11718.2 flowid 186 Spurious 424
Flow Uec_57_185 flowId 131 uecSrc 130 finished at 12213.6 total messages 1 total packets 561 RTS 71 total bytes 2002140 in_flight now -1856 fair_inc 3834 prop_inc 589422 fast_inc 6060 eta_inc 166880 multi_dec -0 quick_dec -207370 nack_dec -12450
13090.2 flowid 186 Spurious 491
14456.5 flowid 149 Spurious 337
Flow Uec_58_186 flowId 186 uecSrc 185 finished at 15479.2 total messages 1 total packets 557 RTS 67 total bytes 2002140 in_flight now -1984 fair_inc 0 prop_inc 591888 fast_inc 7070 eta_inc 171052 multi_dec -0 quick_dec -0 nack_dec -0
Flow Uec_61_189 flowId 123 uecSrc 122 finished at 21074.7 total messages 1 total packets 559 RTS 69 total bytes 2002140 in_flight now -2304 fair_inc 422 prop_inc 695443 fast_inc 0 eta_inc 183568 multi_dec -0 quick_dec -183476 nack_dec -24900
21463 flowid 149 Spurious 474
Flow Uec_59_187 flowId 149 uecSrc 148 finished at 26632 total messages 1 total packets 578 RTS 88 total bytes 2002140 in_flight now -2752 fair_inc 0 prop_inc 743103 fast_inc 0 eta_inc 199064 multi_dec -0 quick_dec -175707 nack_dec -24900
.Flow Uec_62_190 flowId 176 uecSrc 175 finished at 55132.6 total messages 1 total packets 678 RTS 188 total bytes 2002140 in_flight now -8256 fair_inc 0 prop_inc 799409 fast_inc 0 eta_inc 309324 multi_dec -0 quick_dec -204382 nack_dec -4150
Done
New: 94080 Rtx: 7896 RTS: 743 Bounced: 0 ACKs: 72465 NACKs: 3339 Pulls: 0 sleek_pkts: 0
