traffic matrix input file: connection_matrices/load_sweep/load0.65_n256_seed1.cm
Load balancing algorithm set to oblivious
no_of_nodes 256
Dragonfly+ strategy: FPAR
Setting queuesize to 50 packets
endtime(us) 100000
random seed 1
Packet size (MTU) is 4150
Parsed args
Logging to reps_dfp_results/reps_withoutnorm256/load0.65_oblivious_seed1.dat
Loading connection matrix from connection_matrices/load_sweep/load0.65_n256_seed1.cm
Nodes: 256 Connections: 166 Triggers: 0 Failures: 0
Setting ECN low 33200 high 120350
Dragonfly+ with medium topology type
Link latencies: 1 and switch latencies: 0
queue_id 2 ecn_low 33200 ecn_high 120350
DragonFly+ constructor done, 392 nodes created
Note: topology supports 392 hosts; 136 host port(s) will be unused.
network_max_unloaded_rtt 11.6856 us
Setting min RTO to 114.6
Per-hop RTT normalization: OFF (strategy fpar)
Initializing static NSCC parameters: _reference_network_linkspeed=100000000000 _reference_network_rtt=12000000 _reference_network_bdp=150000 _target_Qdelay=8764200 _network_linkspeed=100000000000 _network_rtt=11685600 _network_bdp=146070 _qa_gate=2^3 _qa_threshold=3.50568e+07 _scaling_factor_a=0.9738 _scaling_factor_b=0.73035 _alpha=0.00132632 _fi=19894.7 _eta=596.842 _qa_scaling=1 _gamma=0.8 _fi_scale=0.24345 _delay_alpha=0.0125 _adjust_period_threshold=11685600 _adjust_bytes_threshold=33200
Initialize per-instance NSCC parameters: flowid 1 _base_rtt=11685600 _base_bdp=146070 _bdp=146070 _min_cwnd=4150 _maxwnd=219105 _cwnd=219105
Initialize per-instance NSCC parameters: flowid 2 _base_rtt=11685600 _base_bdp=146070 _bdp=146070 _min_cwnd=4150 _maxwnd=219105 _cwnd=219105
Initialize per-instance NSCC parameters: flowid 3 _base_rtt=11685600 _base_bdp=146070 _bdp=146070 _min_cwnd=4150 _maxwnd=219105 _cwnd=219105
Initialize per-instance NSCC parameters: flowid 4 _base_rtt=11685600 _base_bdp=146070 _bdp=146070 _min_cwnd=4150 _maxwnd=219105 _cwnd=219105
Initialize per-instance NSCC parameters: flowid 5 _base_rtt=11685600 _base_bdp=146070 _bdp=146070 _min_cwnd=4150 _maxwnd=219105 _cwnd=219105
Initialize per-instance NSCC parameters: flowid 6 _base_rtt=11685600 _base_bdp=146070 _bdp=146070 _min_cwnd=4150 _maxwnd=219105 _cwnd=219105
Initialize per-instance NSCC parameters: flowid 7 _base_rtt=11685600 _base_bdp=146070 _bdp=146070 _min_cwnd=4150 _maxwnd=219105 _cwnd=219105
Initialize per-instance NSCC parameters: flowid 8 _base_rtt=11685600 _base_bdp=146070 _bdp=146070 _min_cwnd=4150 _maxwnd=219105 _cwnd=219105
Initialize per-instance NSCC parameters: flowid 9 _base_rtt=11685600 _base_bdp=146070 _bdp=146070 _min_cwnd=4150 _maxwnd=219105 _cwnd=219105
Initialize per-instance NSCC parameters: flowid 10 _base_rtt=11685600 _base_bdp=146070 _bdp=146070 _min_cwnd=4150 _maxwnd=219105 _cwnd=219105
Initialize per-instance NSCC parameters: flowid 11 _base_rtt=11685600 _base_bdp=146070 _bdp=146070 _min_cwnd=4150 _maxwnd=219105 _cwnd=219105
Initialize per-instance NSCC parameters: flowid 12 _base_rtt=11685600 _base_bdp=146070 _bdp=146070 _min_cwnd=4150 _maxwnd=219105 _cwnd=219105
Initialize per-instance NSCC parameters: flowid 13 _base_rtt=11685600 _base_bdp=146070 _bdp=146070 _min_cwnd=4150 _maxwnd=219105 _cwnd=219105
Initialize per-instance NSCC parameters: flowid 14 _base_rtt=11685600 _base_bdp=146070 _bdp=146070 _min_cwnd=4150 _maxwnd=219105 _cwnd=219105
Initialize per-instance NSCC parameters: flowid 15 _base_rtt=11685600 _base_bdp=146070 _bdp=146070 _min_cwnd=4150 _maxwnd=219105 _cwnd=219105
Initialize per-instance NSCC parameters: flowid 16 _base_rtt=11685600 _base_bdp=146070 _bdp=146070 _min_cwnd=4150 _maxwnd=219105 _cwnd=219105
Initialize per-instance NSCC parameters: flowid 17 _base_rtt=11685600 _base_bdp=146070 _bdp=146070 _min_cwnd=4150 _maxwnd=219105 _cwnd=219105
Initialize per-instance NSCC parameters: flowid 18 _base_rtt=11685600 _base_bdp=146070 _bdp=146070 _min_cwnd=4150 _maxwnd=219105 _cwnd=219105
Initialize per-instance NSCC parameters: flowid 19 _base_rtt=11685600 _base_bdp=146070 _bdp=146070 _min_cwnd=4150 _maxwnd=219105 _cwnd=219105
Initialize per-instance NSCC parameters: flowid 20 _base_rtt=11685600 _base_bdp=146070 _bdp=146070 _min_cwnd=4150 _maxwnd=219105 _cwnd=219105
Initialize per-instance NSCC parameters: flowid 21 _base_rtt=11685600 _base_bdp=146070 _bdp=146070 _min_cwnd=4150 _maxwnd=219105 _cwnd=219105
Initialize per-instance NSCC parameters: flowid 22 _base_rtt=11685600 _base_bdp=146070 _bdp=146070 _min_cwnd=4150 _maxwnd=219105 _cwnd=219105
Initialize per-instance NSCC parameters: flowid 23 _base_rtt=11685600 _base_bdp=146070 _bdp=146070 _min_cwnd=4150 _maxwnd=219105 _cwnd=219105
Initialize per-instance NSCC parameters: flowid 24 _base_rtt=11685600 _base_bdp=146070 _bdp=146070 _min_cwnd=4150 _maxwnd=219105 _cwnd=219105
Initialize per-instance NSCC parameters: flowid 25 _base_rtt=11685600 _base_bdp=146070 _bdp=146070 _min_cwnd=4150 _maxwnd=219105 _cwnd=219105
Initialize per-instance NSCC parameters: flowid 26 _base_rtt=11685600 _base_bdp=146070 _bdp=146070 _min_cwnd=4150 _maxwnd=219105 _cwnd=219105
Initialize per-instance NSCC parameters: flowid 27 _base_rtt=11685600 _base_bdp=146070 _bdp=146070 _min_cwnd=4150 _maxwnd=219105 _cwnd=219105
Initialize per-instance NSCC parameters: flowid 28 _base_rtt=11685600 _base_bdp=146070 _bdp=146070 _min_cwnd=4150 _maxwnd=219105 _cwnd=219105
Initialize per-instance NSCC parameters: flowid 29 _base_rtt=11685600 _base_bdp=146070 _bdp=146070 _min_cwnd=4150 _maxwnd=219105 _cwnd=219105
Initialize per-instance NSCC parameters: flowid 30 _base_rtt=11685600 _base_bdp=146070 _bdp=146070 _min_cwnd=4150 _maxwnd=219105 _cwnd=219105
Initialize per-instance NSCC parameters: flowid 31 _base_rtt=11685600 _base_bdp=146070 _bdp=146070 _min_cwnd=4150 _maxwnd=219105 _cwnd=219105
Initialize per-instance NSCC parameters: flowid 32 _base_rtt=11685600 _base_bdp=146070 _bdp=146070 _min_cwnd=4150 _maxwnd=219105 _cwnd=219105
Initialize per-instance NSCC parameters: flowid 33 _base_rtt=11685600 _base_bdp=146070 _bdp=146070 _min_cwnd=4150 _maxwnd=219105 _cwnd=219105
Initialize per-instance NSCC parameters: flowid 34 _base_rtt=11685600 _base_bdp=146070 _bdp=146070 _min_cwnd=4150 _maxwnd=219105 _cwnd=219105
Initialize per-instance NSCC parameters: flowid 35 _base_rtt=11685600 _base_bdp=146070 _bdp=146070 _min_cwnd=4150 _maxwnd=219105 _cwnd=219105
Initialize per-instance NSCC parameters: flowid 36 _base_rtt=11685600 _base_bdp=146070 _bdp=146070 _min_cwnd=4150 _maxwnd=219105 _cwnd=219105
Initialize per-instance NSCC parameters: flowid 37 _base_rtt=11685600 _base_bdp=146070 _bdp=146070 _min_cwnd=4150 _maxwnd=219105 _cwnd=219105
Initialize per-instance NSCC parameters: flowid 38 _base_rtt=11685600 _base_bdp=146070 _bdp=146070 _min_cwnd=4150 _maxwnd=219105 _cwnd=219105
Initialize per-instance NSCC parameters: flowid 39 _base_rtt=11685600 _base_bdp=146070 _bdp=146070 _min_cwnd=4150 _maxwnd=219105 _cwnd=219105
Initialize per-instance NSCC parameters: flowid 40 _base_rtt=11685600 _base_bdp=146070 _bdp=146070 _min_cwnd=4150 _maxwnd=219105 _cwnd=219105
Initialize per-instance NSCC parameters: flowid 41 _base_rtt=11685600 _base_bdp=146070 _bdp=146070 _min_cwnd=4150 _maxwnd=219105 _cwnd=219105
Initialize per-instance NSCC parameters: flowid 42 _base_rtt=11685600 _base_bdp=146070 _bdp=146070 _min_cwnd=4150 _maxwnd=219105 _cwnd=219105
Initialize per-instance NSCC parameters: flowid 43 _base_rtt=11685600 _base_bdp=146070 _bdp=146070 _min_cwnd=4150 _maxwnd=219105 _cwnd=219105
Initialize per-instance NSCC parameters: flowid 44 _base_rtt=11685600 _base_bdp=146070 _bdp=146070 _min_cwnd=4150 _maxwnd=219105 _cwnd=219105
Initialize per-instance NSCC parameters: flowid 45 _base_rtt=11685600 _base_bdp=146070 _bdp=146070 _min_cwnd=4150 _maxwnd=219105 _cwnd=219105
Initialize per-instance NSCC parameters: flowid 46 _base_rtt=11685600 _base_bdp=146070 _bdp=146070 _min_cwnd=4150 _maxwnd=219105 _cwnd=219105
Initialize per-instance NSCC parameters: flowid 47 _base_rtt=11685600 _base_bdp=146070 _bdp=146070 _min_cwnd=4150 _maxwnd=219105 _cwnd=219105
Initialize per-instance NSCC parameters: flowid 48 _base_rtt=11685600 _base_bdp=146070 _bdp=146070 _min_cwnd=4150 _maxwnd=219105 _cwnd=219105
Initialize per-instance NSCC parameters: flowid 49 _base_rtt=11685600 _base_bdp=146070 _bdp=146070 _min_cwnd=4150 _maxwnd=219105 _cwnd=219105
Initialize per-instance NSCC parameters: flowid 50 _base_rtt=11685600 _base_bdp=146070 _bdp=146070 _min_cwnd=4150 _maxwnd=219105 _cwnd=219105
Initialize per-instance NSCC parameters: flowid 51 _base_rtt=11685600 _base_bdp=146070 _bdp=146070 _min_cwnd=4150 _maxwnd=219105 _cwnd=219105
Initialize per-instance NSCC parameters: flowid 52 _base_rtt=11685600 _base_bdp=146070 _bdp=146070 _min_cwnd=4150 _maxwnd=219105 _cwnd=219105
Initialize per-instance NSCC parameters: flowid 53 _base_rtt=11685600 _base_bdp=146070 _bdp=146070 _min_cwnd=4150 _maxwnd=219105 _cwnd=219105
Initialize per-instance NSCC parameters: flowid 54 _base_rtt=11685600 _base_bdp=146070 _bdp=146070 _min_cwnd=4150 _maxwnd=219105 _cwnd=219105
Initialize per-instance NSCC parameters: flowid 55 _base_rtt=11685600 _base_bdp=146070 _bdp=146070 _min_cwnd=4150 _maxwnd=219105 _cwnd=219105
Initialize per-instance NSCC parameters: flowid 56 _base_rtt=11685600 _base_bdp=146070 _bdp=146070 _min_cwnd=4150 _maxwnd=219105 _cwnd=219105
Initialize per-instance NSCC parameters: flowid 57 _base_rtt=11685600 _base_bdp=146070 _bdp=146070 _min_cwnd=4150 _maxwnd=219105 _cwnd=219105
Initialize per-instance NSCC parameters: flowid 58 _base_rtt=11685600 _base_bdp=146070 _bdp=146070 _min_cwnd=4150 _maxwnd=219105 _cwnd=219105
Initialize per-instance NSCC parameters: flowid 59 _base_rtt=11685600 _base_bdp=146070 _bdp=146070 _min_cwnd=4150 _maxwnd=219105 _cwnd=219105
Initialize per-instance NSCC parameters: flowid 60 _base_rtt=11685600 _base_bdp=146070 _bdp=146070 _min_cwnd=4150 _maxwnd=219105 _cwnd=219105
Initialize per-instance NSCC parameters: flowid 61 _base_rtt=11685600 _base_bdp=146070 _bdp=146070 _min_cwnd=4150 _maxwnd=219105 _cwnd=219105
Initialize per-instance NSCC parameters: flowid 62 _base_rtt=11685600 _base_bdp=146070 _bdp=146070 _min_cwnd=4150 _maxwnd=219105 _cwnd=219105
Initialize per-instance NSCC parameters: flowid 63 _base_rtt=11685600 _base_bdp=146070 _bdp=146070 _min_cwnd=4150 _maxwnd=219105 _cwnd=219105
Initialize per-instance NSCC parameters: flowid 64 _base_rtt=11685600 _base_bdp=146070 _bdp=146070 _min_cwnd=4150 _maxwnd=219105 _cwnd=219105
Initialize per-instance NSCC parameters: flowid 65 _base_rtt=11685600 _base_bdp=146070 _bdp=146070 _min_cwnd=4150 _maxwnd=219105 _cwnd=219105
Initialize per-instance NSCC parameters: flowid 66 _base_rtt=11685600 _base_bdp=146070 _bdp=146070 _min_cwnd=4150 _maxwnd=219105 _cwnd=219105
Initialize per-instance NSCC parameters: flowid 67 _base_rtt=11685600 _base_bdp=146070 _bdp=146070 _min_cwnd=4150 _maxwnd=219105 _cwnd=219105
Initialize per-instance NSCC parameters: flowid 68 _base_rtt=11685600 _base_bdp=146070 _bdp=146070 _min_cwnd=4150 _maxwnd=219105 _cwnd=219105
Initialize per-instance NSCC parameters: flowid 69 _base_rtt=11685600 _base_bdp=146070 _bdp=146070 _min_cwnd=4150 _maxwnd=219105 _cwnd=219105
Initialize per-instance NSCC parameters: flowid 70 _base_rtt=11685600 _base_bdp=146070 _bdp=146070 _min_cwnd=4150 _maxwnd=219105 _cwnd=219105
Initialize per-instance NSCC parameters: flowid 71 _base_rtt=11685600 _base_bdp=146070 _bdp=146070 _min_cwnd=4150 _maxwnd=219105 _cwnd=219105
Initialize per-instance NSCC parameters: flowid 72 _base_rtt=11685600 _base_bdp=146070 _bdp=146070 _min_cwnd=4150 _maxwnd=219105 _cwnd=219105
Initialize per-instance NSCC parameters: flowid 73 _base_rtt=11685600 _base_bdp=146070 _bdp=146070 _min_cwnd=4150 _maxwnd=219105 _cwnd=219105
Initialize per-instance NSCC parameters: flowid 74 _base_rtt=11685600 _base_bdp=146070 _bdp=146070 _min_cwnd=4150 _maxwnd=219105 _cwnd=219105
Initialize per-instance NSCC parameters: flowid 75 _base_rtt=11685600 _base_bdp=146070 _bdp=146070 _min_cwnd=4150 _maxwnd=219105 _cwnd=219105
Initialize per-instance NSCC parameters: flowid 76 _base_rtt=11685600 _base_bdp=146070 _bdp=146070 _min_cwnd=4150 _maxwnd=219105 _cwnd=219105
Initialize per-instance NSCC parameters: flowid 77 _base_rtt=11685600 _base_bdp=146070 _bdp=146070 _min_cwnd=4150 _maxwnd=219105 _cwnd=219105
Initialize per-instance NSCC parameters: flowid 78 _base_rtt=11685600 _base_bdp=146070 _bdp=146070 _min_cwnd=4150 _maxwnd=219105 _cwnd=219105
Initialize per-instance NSCC parameters: flowid 79 _base_rtt=11685600 _base_bdp=146070 _bdp=146070 _min_cwnd=4150 _maxwnd=219105 _cwnd=219105
Initialize per-instance NSCC parameters: flowid 80 _base_rtt=11685600 _base_bdp=146070 _bdp=146070 _min_cwnd=4150 _maxwnd=219105 _cwnd=219105
Initialize per-instance NSCC parameters: flowid 81 _base_rtt=11685600 _base_bdp=146070 _bdp=146070 _min_cwnd=4150 _maxwnd=219105 _cwnd=219105
Initialize per-instance NSCC parameters: flowid 82 _base_rtt=11685600 _base_bdp=146070 _bdp=146070 _min_cwnd=4150 _maxwnd=219105 _cwnd=219105
Initialize per-instance NSCC parameters: flowid 83 _base_rtt=11685600 _base_bdp=146070 _bdp=146070 _min_cwnd=4150 _maxwnd=219105 _cwnd=219105
Initialize per-instance NSCC parameters: flowid 84 _base_rtt=11685600 _base_bdp=146070 _bdp=146070 _min_cwnd=4150 _maxwnd=219105 _cwnd=219105
Initialize per-instance NSCC parameters: flowid 85 _base_rtt=11685600 _base_bdp=146070 _bdp=146070 _min_cwnd=4150 _maxwnd=219105 _cwnd=219105
Initialize per-instance NSCC parameters: flowid 86 _base_rtt=11685600 _base_bdp=146070 _bdp=146070 _min_cwnd=4150 _maxwnd=219105 _cwnd=219105
Initialize per-instance NSCC parameters: flowid 87 _base_rtt=11685600 _base_bdp=146070 _bdp=146070 _min_cwnd=4150 _maxwnd=219105 _cwnd=219105
Initialize per-instance NSCC parameters: flowid 88 _base_rtt=11685600 _base_bdp=146070 _bdp=146070 _min_cwnd=4150 _maxwnd=219105 _cwnd=219105
Initialize per-instance NSCC parameters: flowid 89 _base_rtt=11685600 _base_bdp=146070 _bdp=146070 _min_cwnd=4150 _maxwnd=219105 _cwnd=219105
Initialize per-instance NSCC parameters: flowid 90 _base_rtt=11685600 _base_bdp=146070 _bdp=146070 _min_cwnd=4150 _maxwnd=219105 _cwnd=219105
Initialize per-instance NSCC parameters: flowid 91 _base_rtt=11685600 _base_bdp=146070 _bdp=146070 _min_cwnd=4150 _maxwnd=219105 _cwnd=219105
Initialize per-instance NSCC parameters: flowid 92 _base_rtt=11685600 _base_bdp=146070 _bdp=146070 _min_cwnd=4150 _maxwnd=219105 _cwnd=219105
Initialize per-instance NSCC parameters: flowid 93 _base_rtt=11685600 _base_bdp=146070 _bdp=146070 _min_cwnd=4150 _maxwnd=219105 _cwnd=219105
Initialize per-instance NSCC parameters: flowid 94 _base_rtt=11685600 _base_bdp=146070 _bdp=146070 _min_cwnd=4150 _maxwnd=219105 _cwnd=219105
Initialize per-instance NSCC parameters: flowid 95 _base_rtt=11685600 _base_bdp=146070 _bdp=146070 _min_cwnd=4150 _maxwnd=219105 _cwnd=219105
Initialize per-instance NSCC parameters: flowid 96 _base_rtt=11685600 _base_bdp=146070 _bdp=146070 _min_cwnd=4150 _maxwnd=219105 _cwnd=219105
Initialize per-instance NSCC parameters: flowid 97 _base_rtt=11685600 _base_bdp=146070 _bdp=146070 _min_cwnd=4150 _maxwnd=219105 _cwnd=219105
Initialize per-instance NSCC parameters: flowid 98 _base_rtt=11685600 _base_bdp=146070 _bdp=146070 _min_cwnd=4150 _maxwnd=219105 _cwnd=219105
Initialize per-instance NSCC parameters: flowid 99 _base_rtt=11685600 _base_bdp=146070 _bdp=146070 _min_cwnd=4150 _maxwnd=219105 _cwnd=219105
Initialize per-instance NSCC parameters: flowid 100 _base_rtt=11685600 _base_bdp=146070 _bdp=146070 _min_cwnd=4150 _maxwnd=219105 _cwnd=219105
Initialize per-instance NSCC parameters: flowid 101 _base_rtt=11685600 _base_bdp=146070 _bdp=146070 _min_cwnd=4150 _maxwnd=219105 _cwnd=219105
Initialize per-instance NSCC parameters: flowid 102 _base_rtt=11685600 _base_bdp=146070 _bdp=146070 _min_cwnd=4150 _maxwnd=219105 _cwnd=219105
Initialize per-instance NSCC parameters: flowid 103 _base_rtt=11685600 _base_bdp=146070 _bdp=146070 _min_cwnd=4150 _maxwnd=219105 _cwnd=219105
Initialize per-instance NSCC parameters: flowid 104 _base_rtt=11685600 _base_bdp=146070 _bdp=146070 _min_cwnd=4150 _maxwnd=219105 _cwnd=219105
Initialize per-instance NSCC parameters: flowid 105 _base_rtt=11685600 _base_bdp=146070 _bdp=146070 _min_cwnd=4150 _maxwnd=219105 _cwnd=219105
Initialize per-instance NSCC parameters: flowid 106 _base_rtt=11685600 _base_bdp=146070 _bdp=146070 _min_cwnd=4150 _maxwnd=219105 _cwnd=219105
Initialize per-instance NSCC parameters: flowid 107 _base_rtt=11685600 _base_bdp=146070 _bdp=146070 _min_cwnd=4150 _maxwnd=219105 _cwnd=219105
Initialize per-instance NSCC parameters: flowid 108 _base_rtt=11685600 _base_bdp=146070 _bdp=146070 _min_cwnd=4150 _maxwnd=219105 _cwnd=219105
Initialize per-instance NSCC parameters: flowid 109 _base_rtt=11685600 _base_bdp=146070 _bdp=146070 _min_cwnd=4150 _maxwnd=219105 _cwnd=219105
Initialize per-instance NSCC parameters: flowid 110 _base_rtt=11685600 _base_bdp=146070 _bdp=146070 _min_cwnd=4150 _maxwnd=219105 _cwnd=219105
Initialize per-instance NSCC parameters: flowid 111 _base_rtt=11685600 _base_bdp=146070 _bdp=146070 _min_cwnd=4150 _maxwnd=219105 _cwnd=219105
Initialize per-instance NSCC parameters: flowid 112 _base_rtt=11685600 _base_bdp=146070 _bdp=146070 _min_cwnd=4150 _maxwnd=219105 _cwnd=219105
Initialize per-instance NSCC parameters: flowid 113 _base_rtt=11685600 _base_bdp=146070 _bdp=146070 _min_cwnd=4150 _maxwnd=219105 _cwnd=219105
Initialize per-instance NSCC parameters: flowid 114 _base_rtt=11685600 _base_bdp=146070 _bdp=146070 _min_cwnd=4150 _maxwnd=219105 _cwnd=219105
Initialize per-instance NSCC parameters: flowid 115 _base_rtt=11685600 _base_bdp=146070 _bdp=146070 _min_cwnd=4150 _maxwnd=219105 _cwnd=219105
Initialize per-instance NSCC parameters: flowid 116 _base_rtt=11685600 _base_bdp=146070 _bdp=146070 _min_cwnd=4150 _maxwnd=219105 _cwnd=219105
Initialize per-instance NSCC parameters: flowid 117 _base_rtt=11685600 _base_bdp=146070 _bdp=146070 _min_cwnd=4150 _maxwnd=219105 _cwnd=219105
Initialize per-instance NSCC parameters: flowid 118 _base_rtt=11685600 _base_bdp=146070 _bdp=146070 _min_cwnd=4150 _maxwnd=219105 _cwnd=219105
Initialize per-instance NSCC parameters: flowid 119 _base_rtt=11685600 _base_bdp=146070 _bdp=146070 _min_cwnd=4150 _maxwnd=219105 _cwnd=219105
Initialize per-instance NSCC parameters: flowid 120 _base_rtt=11685600 _base_bdp=146070 _bdp=146070 _min_cwnd=4150 _maxwnd=219105 _cwnd=219105
Initialize per-instance NSCC parameters: flowid 121 _base_rtt=11685600 _base_bdp=146070 _bdp=146070 _min_cwnd=4150 _maxwnd=219105 _cwnd=219105
Initialize per-instance NSCC parameters: flowid 122 _base_rtt=11685600 _base_bdp=146070 _bdp=146070 _min_cwnd=4150 _maxwnd=219105 _cwnd=219105
Initialize per-instance NSCC parameters: flowid 123 _base_rtt=11685600 _base_bdp=146070 _bdp=146070 _min_cwnd=4150 _maxwnd=219105 _cwnd=219105
Initialize per-instance NSCC parameters: flowid 124 _base_rtt=11685600 _base_bdp=146070 _bdp=146070 _min_cwnd=4150 _maxwnd=219105 _cwnd=219105
Initialize per-instance NSCC parameters: flowid 125 _base_rtt=11685600 _base_bdp=146070 _bdp=146070 _min_cwnd=4150 _maxwnd=219105 _cwnd=219105
Initialize per-instance NSCC parameters: flowid 126 _base_rtt=11685600 _base_bdp=146070 _bdp=146070 _min_cwnd=4150 _maxwnd=219105 _cwnd=219105
Initialize per-instance NSCC parameters: flowid 127 _base_rtt=11685600 _base_bdp=146070 _bdp=146070 _min_cwnd=4150 _maxwnd=219105 _cwnd=219105
Initialize per-instance NSCC parameters: flowid 128 _base_rtt=11685600 _base_bdp=146070 _bdp=146070 _min_cwnd=4150 _maxwnd=219105 _cwnd=219105
Initialize per-instance NSCC parameters: flowid 129 _base_rtt=11685600 _base_bdp=146070 _bdp=146070 _min_cwnd=4150 _maxwnd=219105 _cwnd=219105
Initialize per-instance NSCC parameters: flowid 130 _base_rtt=11685600 _base_bdp=146070 _bdp=146070 _min_cwnd=4150 _maxwnd=219105 _cwnd=219105
Initialize per-instance NSCC parameters: flowid 131 _base_rtt=11685600 _base_bdp=146070 _bdp=146070 _min_cwnd=4150 _maxwnd=219105 _cwnd=219105
Initialize per-instance NSCC parameters: flowid 132 _base_rtt=11685600 _base_bdp=146070 _bdp=146070 _min_cwnd=4150 _maxwnd=219105 _cwnd=219105
Initialize per-instance NSCC parameters: flowid 133 _base_rtt=11685600 _base_bdp=146070 _bdp=146070 _min_cwnd=4150 _maxwnd=219105 _cwnd=219105
Initialize per-instance NSCC parameters: flowid 134 _base_rtt=11685600 _base_bdp=146070 _bdp=146070 _min_cwnd=4150 _maxwnd=219105 _cwnd=219105
Initialize per-instance NSCC parameters: flowid 135 _base_rtt=11685600 _base_bdp=146070 _bdp=146070 _min_cwnd=4150 _maxwnd=219105 _cwnd=219105
Initialize per-instance NSCC parameters: flowid 136 _base_rtt=11685600 _base_bdp=146070 _bdp=146070 _min_cwnd=4150 _maxwnd=219105 _cwnd=219105
Initialize per-instance NSCC parameters: flowid 137 _base_rtt=11685600 _base_bdp=146070 _bdp=146070 _min_cwnd=4150 _maxwnd=219105 _cwnd=219105
Initialize per-instance NSCC parameters: flowid 138 _base_rtt=11685600 _base_bdp=146070 _bdp=146070 _min_cwnd=4150 _maxwnd=219105 _cwnd=219105
Initialize per-instance NSCC parameters: flowid 139 _base_rtt=11685600 _base_bdp=146070 _bdp=146070 _min_cwnd=4150 _maxwnd=219105 _cwnd=219105
Initialize per-instance NSCC parameters: flowid 140 _base_rtt=11685600 _base_bdp=146070 _bdp=146070 _min_cwnd=4150 _maxwnd=219105 _cwnd=219105
Initialize per-instance NSCC parameters: flowid 141 _base_rtt=11685600 _base_bdp=146070 _bdp=146070 _min_cwnd=4150 _maxwnd=219105 _cwnd=219105
Initialize per-instance NSCC parameters: flowid 142 _base_rtt=11685600 _base_bdp=146070 _bdp=146070 _min_cwnd=4150 _maxwnd=219105 _cwnd=219105
Initialize per-instance NSCC parameters: flowid 143 _base_rtt=11685600 _base_bdp=146070 _bdp=146070 _min_cwnd=4150 _maxwnd=219105 _cwnd=219105
Initialize per-instance NSCC parameters: flowid 144 _base_rtt=11685600 _base_bdp=146070 _bdp=146070 _min_cwnd=4150 _maxwnd=219105 _cwnd=219105
Initialize per-instance NSCC parameters: flowid 145 _base_rtt=11685600 _base_bdp=146070 _bdp=146070 _min_cwnd=4150 _maxwnd=219105 _cwnd=219105
Initialize per-instance NSCC parameters: flowid 146 _base_rtt=11685600 _base_bdp=146070 _bdp=146070 _min_cwnd=4150 _maxwnd=219105 _cwnd=219105
Initialize per-instance NSCC parameters: flowid 147 _base_rtt=11685600 _base_bdp=146070 _bdp=146070 _min_cwnd=4150 _maxwnd=219105 _cwnd=219105
Initialize per-instance NSCC parameters: flowid 148 _base_rtt=11685600 _base_bdp=146070 _bdp=146070 _min_cwnd=4150 _maxwnd=219105 _cwnd=219105
Initialize per-instance NSCC parameters: flowid 149 _base_rtt=11685600 _base_bdp=146070 _bdp=146070 _min_cwnd=4150 _maxwnd=219105 _cwnd=219105
Initialize per-instance NSCC parameters: flowid 150 _base_rtt=11685600 _base_bdp=146070 _bdp=146070 _min_cwnd=4150 _maxwnd=219105 _cwnd=219105
Initialize per-instance NSCC parameters: flowid 151 _base_rtt=11685600 _base_bdp=146070 _bdp=146070 _min_cwnd=4150 _maxwnd=219105 _cwnd=219105
Initialize per-instance NSCC parameters: flowid 152 _base_rtt=11685600 _base_bdp=146070 _bdp=146070 _min_cwnd=4150 _maxwnd=219105 _cwnd=219105
Initialize per-instance NSCC parameters: flowid 153 _base_rtt=11685600 _base_bdp=146070 _bdp=146070 _min_cwnd=4150 _maxwnd=219105 _cwnd=219105
Initialize per-instance NSCC parameters: flowid 154 _base_rtt=11685600 _base_bdp=146070 _bdp=146070 _min_cwnd=4150 _maxwnd=219105 _cwnd=219105
Initialize per-instance NSCC parameters: flowid 155 _base_rtt=11685600 _base_bdp=146070 _bdp=146070 _min_cwnd=4150 _maxwnd=219105 _cwnd=219105
Initialize per-instance NSCC parameters: flowid 156 _base_rtt=11685600 _base_bdp=146070 _bdp=146070 _min_cwnd=4150 _maxwnd=219105 _cwnd=219105
Initialize per-instance NSCC parameters: flowid 157 _base_rtt=11685600 _base_bdp=146070 _bdp=146070 _min_cwnd=4150 _maxwnd=219105 _cwnd=219105
Initialize per-instance NSCC parameters: flowid 158 _base_rtt=11685600 _base_bdp=146070 _bdp=146070 _min_cwnd=4150 _maxwnd=219105 _cwnd=219105
Initialize per-instance NSCC parameters: flowid 159 _base_rtt=11685600 _base_bdp=146070 _bdp=146070 _min_cwnd=4150 _maxwnd=219105 _cwnd=219105
Initialize per-instance NSCC parameters: flowid 160 _base_rtt=11685600 _base_bdp=146070 _bdp=146070 _min_cwnd=4150 _maxwnd=219105 _cwnd=219105
Initialize per-instance NSCC parameters: flowid 161 _base_rtt=11685600 _base_bdp=146070 _bdp=146070 _min_cwnd=4150 _maxwnd=219105 _cwnd=219105
Initialize per-instance NSCC parameters: flowid 162 _base_rtt=11685600 _base_bdp=146070 _bdp=146070 _min_cwnd=4150 _maxwnd=219105 _cwnd=219105
Initialize per-instance NSCC parameters: flowid 163 _base_rtt=11685600 _base_bdp=146070 _bdp=146070 _min_cwnd=4150 _maxwnd=219105 _cwnd=219105
Initialize per-instance NSCC parameters: flowid 164 _base_rtt=11685600 _base_bdp=146070 _bdp=146070 _min_cwnd=4150 _maxwnd=219105 _cwnd=219105
Initialize per-instance NSCC parameters: flowid 165 _base_rtt=11685600 _base_bdp=146070 _bdp=146070 _min_cwnd=4150 _maxwnd=219105 _cwnd=219105
Initialize per-instance NSCC parameters: flowid 166 _base_rtt=11685600 _base_bdp=146070 _bdp=146070 _min_cwnd=4150 _maxwnd=219105 _cwnd=219105
Starting simulation
Flow Uec_143_15 flowId 1 uecSrc 0 starting at 0
Flow Uec_251_123 flowId 2 uecSrc 1 starting at 0
Flow Uec_41_169 flowId 3 uecSrc 2 starting at 0
Flow Uec_140_12 flowId 4 uecSrc 3 starting at 0
Flow Uec_34_162 flowId 5 uecSrc 4 starting at 0
Flow Uec_67_195 flowId 6 uecSrc 5 starting at 0
Flow Uec_214_86 flowId 7 uecSrc 6 starting at 0
Flow Uec_73_201 flowId 8 uecSrc 7 starting at 0
Flow Uec_54_182 flowId 9 uecSrc 8 starting at 0
Flow Uec_155_27 flowId 10 uecSrc 9 starting at 0
Flow Uec_71_199 flowId 11 uecSrc 10 starting at 0
Flow Uec_35_163 flowId 12 uecSrc 11 starting at 0
Flow Uec_70_198 flowId 13 uecSrc 12 starting at 0
Flow Uec_213_85 flowId 14 uecSrc 13 starting at 0
Flow Uec_130_2 flowId 15 uecSrc 14 starting at 0
Flow Uec_227_99 flowId 16 uecSrc 15 starting at 0
Flow Uec_116_244 flowId 17 uecSrc 16 starting at 0
Flow Uec_80_208 flowId 18 uecSrc 17 starting at 0
Flow Uec_99_227 flowId 19 uecSrc 18 starting at 0
Flow Uec_150_22 flowId 20 uecSrc 19 starting at 0
Flow Uec_164_36 flowId 21 uecSrc 20 starting at 0
Flow Uec_14_142 flowId 22 uecSrc 21 starting at 0
Flow Uec_64_192 flowId 23 uecSrc 22 starting at 0
Flow Uec_249_121 flowId 24 uecSrc 23 starting at 0
Flow Uec_212_84 flowId 25 uecSrc 24 starting at 0
Flow Uec_252_124 flowId 26 uecSrc 25 starting at 0
Flow Uec_209_81 flowId 27 uecSrc 26 starting at 0
Flow Uec_201_73 flowId 28 uecSrc 27 starting at 0
Flow Uec_48_176 flowId 29 uecSrc 28 starting at 0
Flow Uec_203_75 flowId 30 uecSrc 29 starting at 0
Flow Uec_75_203 flowId 31 uecSrc 30 starting at 0
Flow Uec_118_246 flowId 32 uecSrc 31 starting at 0
Flow Uec_129_1 flowId 33 uecSrc 32 starting at 0
Flow Uec_222_94 flowId 34 uecSrc 33 starting at 0
Flow Uec_163_35 flowId 35 uecSrc 34 starting at 0
Flow Uec_151_23 flowId 36 uecSrc 35 starting at 0
Flow Uec_235_107 flowId 37 uecSrc 36 starting at 0
Flow Uec_168_40 flowId 38 uecSrc 37 starting at 0
Flow Uec_228_100 flowId 39 uecSrc 38 starting at 0
Flow Uec_224_96 flowId 40 uecSrc 39 starting at 0
Flow Uec_179_51 flowId 41 uecSrc 40 starting at 0
Flow Uec_86_214 flowId 42 uecSrc 41 starting at 0
Flow Uec_6_134 flowId 43 uecSrc 42 starting at 0
Flow Uec_40_168 flowId 44 uecSrc 43 starting at 0
Flow Uec_181_53 flowId 45 uecSrc 44 starting at 0
Flow Uec_46_174 flowId 46 uecSrc 45 starting at 0
Flow Uec_208_80 flowId 47 uecSrc 46 starting at 0
Flow Uec_238_110 flowId 48 uecSrc 47 starting at 0
Flow Uec_119_247 flowId 49 uecSrc 48 starting at 0
Flow Uec_244_116 flowId 50 uecSrc 49 starting at 0
Flow Uec_61_189 flowId 51 uecSrc 50 starting at 0
Flow Uec_110_238 flowId 52 uecSrc 51 starting at 0
Flow Uec_178_50 flowId 53 uecSrc 52 starting at 0
Flow Uec_50_178 flowId 54 uecSrc 53 starting at 0
Flow Uec_200_72 flowId 55 uecSrc 54 starting at 0
Flow Uec_115_243 flowId 56 uecSrc 55 starting at 0
Flow Uec_158_30 flowId 57 uecSrc 56 starting at 0
Flow Uec_18_146 flowId 58 uecSrc 57 starting at 0
Flow Uec_223_95 flowId 59 uecSrc 58 starting at 0
Flow Uec_81_209 flowId 60 uecSrc 59 starting at 0
Flow Uec_52_180 flowId 61 uecSrc 60 starting at 0
Flow Uec_62_190 flowId 62 uecSrc 61 starting at 0
Flow Uec_27_155 flowId 63 uecSrc 62 starting at 0
Flow Uec_218_90 flowId 64 uecSrc 63 starting at 0
Flow Uec_96_224 flowId 65 uecSrc 64 starting at 0
Flow Uec_90_218 flowId 66 uecSrc 65 starting at 0
Flow Uec_137_9 flowId 67 uecSrc 66 starting at 0
Flow Uec_42_170 flowId 68 uecSrc 67 starting at 0
Flow Uec_174_46 flowId 69 uecSrc 68 starting at 0
Flow Uec_16_144 flowId 70 uecSrc 69 starting at 0
Flow Uec_112_240 flowId 71 uecSrc 70 starting at 0
Flow Uec_88_216 flowId 72 uecSrc 71 starting at 0
Flow Uec_245_117 flowId 73 uecSrc 72 starting at 0
Flow Uec_106_234 flowId 74 uecSrc 73 starting at 0
Flow Uec_4_132 flowId 75 uecSrc 74 starting at 0
Flow Uec_159_31 flowId 76 uecSrc 75 starting at 0
Flow Uec_154_26 flowId 77 uecSrc 76 starting at 0
Flow Uec_24_152 flowId 78 uecSrc 77 starting at 0
Flow Uec_243_115 flowId 79 uecSrc 78 starting at 0
Flow Uec_32_160 flowId 80 uecSrc 79 starting at 0
Flow Uec_153_25 flowId 81 uecSrc 80 starting at 0
Flow Uec_167_39 flowId 82 uecSrc 81 starting at 0
Flow Uec_210_82 flowId 83 uecSrc 82 starting at 0
Flow Uec_43_171 flowId 84 uecSrc 83 starting at 0
Flow Uec_254_126 flowId 85 uecSrc 84 starting at 0
Flow Uec_180_52 flowId 86 uecSrc 85 starting at 0
Flow Uec_25_153 flowId 87 uecSrc 86 starting at 0
Flow Uec_190_62 flowId 88 uecSrc 87 starting at 0
Flow Uec_38_166 flowId 89 uecSrc 88 starting at 0
Flow Uec_11_139 flowId 90 uecSrc 89 starting at 0
Flow Uec_105_233 flowId 91 uecSrc 90 starting at 0
Flow Uec_237_109 flowId 92 uecSrc 91 starting at 0
Flow Uec_186_58 flowId 93 uecSrc 92 starting at 0
Flow Uec_169_41 flowId 94 uecSrc 93 starting at 0
Flow Uec_33_161 flowId 95 uecSrc 94 starting at 0
Flow Uec_65_193 flowId 96 uecSrc 95 starting at 0
Flow Uec_202_74 flowId 97 uecSrc 96 starting at 0
Flow Uec_69_197 flowId 98 uecSrc 97 starting at 0
Flow Uec_255_127 flowId 99 uecSrc 98 starting at 0
Flow Uec_216_88 flowId 100 uecSrc 99 starting at 0
Flow Uec_59_187 flowId 101 uecSrc 100 starting at 0
Flow Uec_177_49 flowId 102 uecSrc 101 starting at 0
Flow Uec_225_97 flowId 103 uecSrc 102 starting at 0
Flow Uec_58_186 flowId 104 uecSrc 103 starting at 0
Flow Uec_199_71 flowId 105 uecSrc 104 starting at 0
Flow Uec_128_0 flowId 106 uecSrc 105 starting at 0
Flow Uec_250_122 flowId 107 uecSrc 106 starting at 0
Flow Uec_15_143 flowId 108 uecSrc 107 starting at 0
Flow Uec_229_101 flowId 109 uecSrc 108 starting at 0
Flow Uec_104_232 flowId 110 uecSrc 109 starting at 0
Flow Uec_51_179 flowId 111 uecSrc 110 starting at 0
Flow Uec_230_102 flowId 112 uecSrc 111 starting at 0
Flow Uec_248_120 flowId 113 uecSrc 112 starting at 0
Flow Uec_253_125 flowId 114 uecSrc 113 starting at 0
Flow Uec_26_154 flowId 115 uecSrc 114 starting at 0
Flow Uec_98_226 flowId 116 uecSrc 115 starting at 0
Flow Uec_246_118 flowId 117 uecSrc 116 starting at 0
Flow Uec_103_231 flowId 118 uecSrc 117 starting at 0
Flow Uec_135_7 flowId 119 uecSrc 118 starting at 0
Flow Uec_108_236 flowId 120 uecSrc 119 starting at 0
Flow Uec_219_91 flowId 121 uecSrc 120 starting at 0
Flow Uec_195_67 flowId 122 uecSrc 121 starting at 0
Flow Uec_17_145 flowId 123 uecSrc 122 starting at 0
Flow Uec_188_60 flowId 124 uecSrc 123 starting at 0
Flow Uec_144_16 flowId 125 uecSrc 124 starting at 0
Flow Uec_2_130 flowId 126 uecSrc 125 starting at 0
Flow Uec_22_150 flowId 127 uecSrc 126 starting at 0
Flow Uec_68_196 flowId 128 uecSrc 127 starting at 0
Flow Uec_60_188 flowId 129 uecSrc 128 starting at 0
Flow Uec_156_28 flowId 130 uecSrc 129 starting at 0
Flow Uec_146_18 flowId 131 uecSrc 130 starting at 0
Flow Uec_113_241 flowId 132 uecSrc 131 starting at 0
Flow Uec_175_47 flowId 133 uecSrc 132 starting at 0
Flow Uec_94_222 flowId 134 uecSrc 133 starting at 0
Flow Uec_57_185 flowId 135 uecSrc 134 starting at 0
Flow Uec_194_66 flowId 136 uecSrc 135 starting at 0
Flow Uec_184_56 flowId 137 uecSrc 136 starting at 0
Flow Uec_0_128 flowId 138 uecSrc 137 starting at 0
Flow Uec_241_113 flowId 139 uecSrc 138 starting at 0
Flow Uec_240_112 flowId 140 uecSrc 139 starting at 0
Flow Uec_198_70 flowId 141 uecSrc 140 starting at 0
Flow Uec_93_221 flowId 142 uecSrc 141 starting at 0
Flow Uec_136_8 flowId 143 uecSrc 142 starting at 0
Flow Uec_242_114 flowId 144 uecSrc 143 starting at 0
Flow Uec_87_215 flowId 145 uecSrc 144 starting at 0
Flow Uec_123_251 flowId 146 uecSrc 145 starting at 0
Flow Uec_76_204 flowId 147 uecSrc 146 starting at 0
Flow Uec_172_44 flowId 148 uecSrc 147 starting at 0
Flow Uec_9_137 flowId 149 uecSrc 148 starting at 0
Flow Uec_23_151 flowId 150 uecSrc 149 starting at 0
Flow Uec_1_129 flowId 151 uecSrc 150 starting at 0
Flow Uec_29_157 flowId 152 uecSrc 151 starting at 0
Flow Uec_192_64 flowId 153 uecSrc 152 starting at 0
Flow Uec_77_205 flowId 154 uecSrc 153 starting at 0
Flow Uec_152_24 flowId 155 uecSrc 154 starting at 0
Flow Uec_121_249 flowId 156 uecSrc 155 starting at 0
Flow Uec_117_245 flowId 157 uecSrc 156 starting at 0
Flow Uec_232_104 flowId 158 uecSrc 157 starting at 0
Flow Uec_217_89 flowId 159 uecSrc 158 starting at 0
Flow Uec_205_77 flowId 160 uecSrc 159 starting at 0
Flow Uec_133_5 flowId 161 uecSrc 160 starting at 0
Flow Uec_37_165 flowId 162 uecSrc 161 starting at 0
Flow Uec_233_105 flowId 163 uecSrc 162 starting at 0
Flow Uec_95_223 flowId 164 uecSrc 163 starting at 0
Flow Uec_10_138 flowId 165 uecSrc 164 starting at 0
Flow Uec_147_19 flowId 166 uecSrc 165 starting at 0
141.724 flowid 44 Spurious 46
143.389 flowid 44 Spurious 51
Flow Uec_177_49 flowId 102 uecSrc 101 finished at 174.498 total messages 1 total packets 490 RTS 0 total bytes 2002140 in_flight now 0 fair_inc 0 prop_inc 9815 fast_inc 444999 eta_inc 8344 multi_dec -0 quick_dec -0 nack_dec -0
Flow Uec_192_64 flowId 153 uecSrc 152 finished at 175.898 total messages 1 total packets 490 RTS 0 total bytes 2002140 in_flight now 0 fair_inc 0 prop_inc 91652 fast_inc 8082 eta_inc 8344 multi_dec -0 quick_dec -0 nack_dec -0
Flow Uec_146_18 flowId 131 uecSrc 130 finished at 175.951 total messages 1 total packets 490 RTS 0 total bytes 2002140 in_flight now 0 fair_inc 0 prop_inc 85190 fast_inc 0 eta_inc 8344 multi_dec -0 quick_dec -0 nack_dec -0
Flow Uec_80_208 flowId 18 uecSrc 17 finished at 176.765 total messages 1 total packets 490 RTS 0 total bytes 2002140 in_flight now 0 fair_inc 0 prop_inc 91095 fast_inc 0 eta_inc 8344 multi_dec -0 quick_dec -0 nack_dec -0
Flow Uec_116_244 flowId 17 uecSrc 16 finished at 176.947 total messages 1 total packets 490 RTS 0 total bytes 2002140 in_flight now 0 fair_inc 0 prop_inc 89341 fast_inc 0 eta_inc 8344 multi_dec -0 quick_dec -0 nack_dec -0
177.433 flowid 22 Spurious 134
Flow Uec_128_0 flowId 106 uecSrc 105 finished at 177.823 total messages 1 total packets 490 RTS 0 total bytes 2002140 in_flight now 0 fair_inc 0 prop_inc 79538 fast_inc 0 eta_inc 7748 multi_dec -0 quick_dec -0 nack_dec -0
Flow Uec_110_238 flowId 52 uecSrc 51 finished at 177.875 total messages 1 total packets 490 RTS 0 total bytes 2002140 in_flight now 0 fair_inc 0 prop_inc 83291 fast_inc 0 eta_inc 8344 multi_dec -0 quick_dec -0 nack_dec -0
178.097 flowid 22 Spurious 139
178.761 flowid 22 Spurious 141
Flow Uec_16_144 flowId 70 uecSrc 69 finished at 178.848 total messages 1 total packets 490 RTS 0 total bytes 2002140 in_flight now 0 fair_inc 0 prop_inc 72364 fast_inc 0 eta_inc 8344 multi_dec -0 quick_dec -0 nack_dec -0
179.425 flowid 22 Spurious 143
179.757 flowid 22 Spurious 144
180.421 flowid 22 Spurious 146
Flow Uec_229_101 flowId 109 uecSrc 108 finished at 180.584 total messages 1 total packets 490 RTS 0 total bytes 2002140 in_flight now 0 fair_inc 0 prop_inc 49639 fast_inc 12123 eta_inc 8344 multi_dec -0 quick_dec -0 nack_dec -0
Flow Uec_129_1 flowId 33 uecSrc 32 finished at 181.143 total messages 1 total packets 490 RTS 0 total bytes 2002140 in_flight now 0 fair_inc 0 prop_inc 74588 fast_inc 0 eta_inc 8344 multi_dec -0 quick_dec -0 nack_dec -0
Flow Uec_18_146 flowId 58 uecSrc 57 finished at 182.797 total messages 1 total packets 490 RTS 0 total bytes 2002140 in_flight now 0 fair_inc 0 prop_inc 42972 fast_inc 0 eta_inc 8344 multi_dec -0 quick_dec -0 nack_dec -0
Flow Uec_15_143 flowId 108 uecSrc 107 finished at 182.983 total messages 1 total packets 490 RTS 0 total bytes 2002140 in_flight now 0 fair_inc 0 prop_inc 38727 fast_inc 0 eta_inc 8344 multi_dec -0 quick_dec -0 nack_dec -0
Flow Uec_137_9 flowId 67 uecSrc 66 finished at 183.306 total messages 1 total packets 490 RTS 0 total bytes 2002140 in_flight now 0 fair_inc 0 prop_inc 60119 fast_inc 0 eta_inc 8344 multi_dec -0 quick_dec -0 nack_dec -0
Flow Uec_201_73 flowId 28 uecSrc 27 finished at 187.366 total messages 1 total packets 490 RTS 0 total bytes 2002140 in_flight now 0 fair_inc 0 prop_inc 28816 fast_inc 0 eta_inc 8940 multi_dec -0 quick_dec -0 nack_dec -0
Flow Uec_51_179 flowId 111 uecSrc 110 finished at 194.136 total messages 1 total packets 490 RTS 0 total bytes 2002140 in_flight now 0 fair_inc 3379 prop_inc 21813 fast_inc 0 eta_inc 8940 multi_dec -0 quick_dec -0 nack_dec -0
Flow Uec_230_102 flowId 112 uecSrc 111 finished at 194.492 total messages 1 total packets 490 RTS 0 total bytes 2002140 in_flight now 0 fair_inc 5243 prop_inc 19509 fast_inc 0 eta_inc 9536 multi_dec -0 quick_dec -0 nack_dec -0
Flow Uec_250_122 flowId 107 uecSrc 106 finished at 197.256 total messages 1 total packets 490 RTS 0 total bytes 2002140 in_flight now 0 fair_inc 3006 prop_inc 17395 fast_inc 0 eta_inc 9536 multi_dec -0 quick_dec -0 nack_dec -0
Flow Uec_251_123 flowId 2 uecSrc 1 finished at 197.865 total messages 1 total packets 490 RTS 0 total bytes 2002140 in_flight now 0 fair_inc 1496 prop_inc 16367 fast_inc 0 eta_inc 9536 multi_dec -0 quick_dec -0 nack_dec -0
198.421 flowid 87 Spurious 148
Flow Uec_38_166 flowId 89 uecSrc 88 finished at 206.092 total messages 1 total packets 490 RTS 0 total bytes 2002140 in_flight now 0 fair_inc 6367 prop_inc 13449 fast_inc 0 eta_inc 10132 multi_dec -0 quick_dec -0 nack_dec -0
Flow Uec_35_163 flowId 12 uecSrc 11 finished at 211.13 total messages 1 total packets 490 RTS 0 total bytes 2002140 in_flight now 0 fair_inc 14466 prop_inc 9624 fast_inc 0 eta_inc 10132 multi_dec -0 quick_dec -0 nack_dec -8300
Flow Uec_22_150 flowId 127 uecSrc 126 finished at 212.131 total messages 1 total packets 490 RTS 0 total bytes 2002140 in_flight now 0 fair_inc 7496 prop_inc 12546 fast_inc 0 eta_inc 10132 multi_dec -0 quick_dec -0 nack_dec -4150
Flow Uec_233_105 flowId 163 uecSrc 162 finished at 212.976 total messages 1 total packets 490 RTS 0 total bytes 2002140 in_flight now 0 fair_inc 7995 prop_inc 9785 fast_inc 0 eta_inc 10132 multi_dec -12187 quick_dec -0 nack_dec -0
223.698 flowid 46 Spurious 183
Flow Uec_50_178 flowId 54 uecSrc 53 finished at 225.259 total messages 1 total packets 490 RTS 0 total bytes 2002140 in_flight now 0 fair_inc 13286 prop_inc 61497 fast_inc 0 eta_inc 10728 multi_dec -99062 quick_dec -0 nack_dec -0
Flow Uec_106_234 flowId 74 uecSrc 73 finished at 239.205 total messages 1 total packets 490 RTS 0 total bytes 2002140 in_flight now 0 fair_inc 9552 prop_inc 49213 fast_inc 0 eta_inc 11920 multi_dec -106598 quick_dec -0 nack_dec -0
Flow Uec_0_128 flowId 138 uecSrc 137 finished at 242.905 total messages 1 total packets 490 RTS 0 total bytes 2002140 in_flight now 0 fair_inc 7489 prop_inc 40787 fast_inc 0 eta_inc 9536 multi_dec -0 quick_dec -206655 nack_dec -24900
Flow Uec_117_245 flowId 157 uecSrc 156 finished at 244.851 total messages 1 total packets 490 RTS 0 total bytes 2002140 in_flight now 0 fair_inc 6632 prop_inc 44982 fast_inc 0 eta_inc 11920 multi_dec -72133 quick_dec -0 nack_dec -24900
250.428 flowid 5 Spurious 302
Flow Uec_121_249 flowId 156 uecSrc 155 finished at 278.267 total messages 1 total packets 490 RTS 0 total bytes 2002140 in_flight now 0 fair_inc 7654 prop_inc 41182 fast_inc 0 eta_inc 13112 multi_dec -84413 quick_dec -0 nack_dec -41500
Flow Uec_32_160 flowId 80 uecSrc 79 finished at 286.393 total messages 1 total packets 490 RTS 0 total bytes 2002140 in_flight now 0 fair_inc 13332 prop_inc 7436 fast_inc 0 eta_inc 13708 multi_dec -110075 quick_dec -0 nack_dec -0
Flow Uec_17_145 flowId 123 uecSrc 122 finished at 291.667 total messages 1 total packets 491 RTS 1 total bytes 2002140 in_flight now 0 fair_inc 8275 prop_inc 44233 fast_inc 0 eta_inc 13708 multi_dec -134561 quick_dec -0 nack_dec -0
Flow Uec_40_168 flowId 44 uecSrc 43 finished at 297.502 total messages 1 total packets 494 RTS 4 total bytes 2002140 in_flight now 0 fair_inc 6854 prop_inc 20087 fast_inc 0 eta_inc 13708 multi_dec -0 quick_dec -0 nack_dec -4150
Flow Uec_62_190 flowId 62 uecSrc 61 finished at 298.956 total messages 1 total packets 490 RTS 0 total bytes 2002140 in_flight now 0 fair_inc 4180 prop_inc 39196 fast_inc 0 eta_inc 14304 multi_dec -76802 quick_dec -0 nack_dec -49800
Flow Uec_33_161 flowId 95 uecSrc 94 finished at 301.077 total messages 1 total packets 493 RTS 3 total bytes 2002140 in_flight now 0 fair_inc 17160 prop_inc 14318 fast_inc 0 eta_inc 13708 multi_dec -102931 quick_dec -0 nack_dec -0
301.875 flowid 5 Spurious 420
Flow Uec_34_162 flowId 5 uecSrc 4 finished at 308.106 total messages 1 total packets 492 RTS 2 total bytes 2002140 in_flight now 0 fair_inc 12158 prop_inc 7267 fast_inc 0 eta_inc 12516 multi_dec -0 quick_dec -198600 nack_dec -16600
Flow Uec_1_129 flowId 151 uecSrc 150 finished at 308.435 total messages 1 total packets 491 RTS 1 total bytes 2002140 in_flight now 0 fair_inc 4524 prop_inc 40558 fast_inc 0 eta_inc 9536 multi_dec -0 quick_dec -196161 nack_dec -12450
308.722 flowid 151 Spurious 483
310.05 flowid 151 Spurious 487
Flow Uec_14_142 flowId 22 uecSrc 21 finished at 310.734 total messages 1 total packets 493 RTS 3 total bytes 2002140 in_flight now 0 fair_inc 20027 prop_inc 59575 fast_inc 0 eta_inc 14304 multi_dec -129637 quick_dec -0 nack_dec -4150
Flow Uec_144_16 flowId 125 uecSrc 124 finished at 311.523 total messages 1 total packets 490 RTS 0 total bytes 2002140 in_flight now 0 fair_inc 10718 prop_inc 51904 fast_inc 0 eta_inc 14304 multi_dec -117238 quick_dec -0 nack_dec -33200
313.429 flowid 151 Spurious 489
Flow Uec_151_23 flowId 36 uecSrc 35 finished at 317.499 total messages 1 total packets 490 RTS 0 total bytes 2002140 in_flight now 0 fair_inc 5620 prop_inc 37638 fast_inc 0 eta_inc 14304 multi_dec -72075 quick_dec -0 nack_dec -49800
Flow Uec_76_204 flowId 147 uecSrc 146 finished at 320.646 total messages 1 total packets 490 RTS 0 total bytes 2002140 in_flight now 0 fair_inc 3397 prop_inc 31005 fast_inc 0 eta_inc 14900 multi_dec -78451 quick_dec -0 nack_dec -49800
Flow Uec_152_24 flowId 155 uecSrc 154 finished at 322.921 total messages 1 total packets 490 RTS 0 total bytes 2002140 in_flight now 0 fair_inc 10903 prop_inc 16869 fast_inc 0 eta_inc 14900 multi_dec -69227 quick_dec -0 nack_dec -45650
325.191 flowid 115 Spurious 402
326.434 flowid 115 Spurious 427
326.766 flowid 115 Spurious 416
327.098 flowid 115 Spurious 428
328.251 flowid 115 Spurious 419
328.588 flowid 115 Spurious 424
Flow Uec_174_46 flowId 69 uecSrc 68 finished at 330.299 total messages 1 total packets 490 RTS 0 total bytes 2002140 in_flight now 0 fair_inc 7686 prop_inc 38644 fast_inc 0 eta_inc 15496 multi_dec -96590 quick_dec -0 nack_dec -45650
Flow Uec_248_120 flowId 113 uecSrc 112 finished at 331.16 total messages 1 total packets 490 RTS 0 total bytes 2002140 in_flight now 0 fair_inc 3530 prop_inc 28236 fast_inc 0 eta_inc 16092 multi_dec -65460 quick_dec -0 nack_dec -66400
Flow Uec_94_222 flowId 134 uecSrc 133 finished at 332.573 total messages 1 total packets 490 RTS 0 total bytes 2002140 in_flight now 0 fair_inc 3446 prop_inc 39074 fast_inc 0 eta_inc 16092 multi_dec -113934 quick_dec -0 nack_dec -33200
Flow Uec_209_81 flowId 27 uecSrc 26 finished at 333.122 total messages 1 total packets 490 RTS 0 total bytes 2002140 in_flight now 0 fair_inc 4971 prop_inc 23955 fast_inc 0 eta_inc 15496 multi_dec -89086 quick_dec -0 nack_dec -37350
Flow Uec_140_12 flowId 4 uecSrc 3 finished at 333.396 total messages 1 total packets 490 RTS 0 total bytes 2002140 in_flight now 0 fair_inc 5316 prop_inc 46116 fast_inc 0 eta_inc 15496 multi_dec -109866 quick_dec -0 nack_dec -41500
Flow Uec_195_67 flowId 122 uecSrc 121 finished at 334.477 total messages 1 total packets 490 RTS 0 total bytes 2002140 in_flight now 0 fair_inc 4126 prop_inc 42410 fast_inc 0 eta_inc 15496 multi_dec -117120 quick_dec -0 nack_dec -33200
334.671 flowid 115 Spurious 430
Flow Uec_190_62 flowId 88 uecSrc 87 finished at 334.713 total messages 1 total packets 490 RTS 0 total bytes 2002140 in_flight now 0 fair_inc 5693 prop_inc 21959 fast_inc 0 eta_inc 15496 multi_dec -83032 quick_dec -0 nack_dec -45650
Flow Uec_95_223 flowId 164 uecSrc 163 finished at 334.928 total messages 1 total packets 490 RTS 0 total bytes 2002140 in_flight now 0 fair_inc 4705 prop_inc 36664 fast_inc 0 eta_inc 16092 multi_dec -118867 quick_dec -0 nack_dec -29050
335.34 flowid 115 Spurious 434
Flow Uec_253_125 flowId 114 uecSrc 113 finished at 337.539 total messages 1 total packets 490 RTS 0 total bytes 2002140 in_flight now 0 fair_inc 35461 prop_inc 26057 fast_inc 0 eta_inc 16092 multi_dec -110978 quick_dec -0 nack_dec -33200
Flow Uec_123_251 flowId 146 uecSrc 145 finished at 338.171 total messages 1 total packets 490 RTS 0 total bytes 2002140 in_flight now 0 fair_inc 3655 prop_inc 29753 fast_inc 0 eta_inc 16092 multi_dec -77255 quick_dec -0 nack_dec -58100
Flow Uec_199_71 flowId 105 uecSrc 104 finished at 339.438 total messages 1 total packets 490 RTS 0 total bytes 2002140 in_flight now 0 fair_inc 9025 prop_inc 23649 fast_inc 0 eta_inc 16092 multi_dec -83718 quick_dec -0 nack_dec -45650
Flow Uec_167_39 flowId 82 uecSrc 81 finished at 340.014 total messages 1 total packets 490 RTS 0 total bytes 2002140 in_flight now 0 fair_inc 13024 prop_inc 38979 fast_inc 0 eta_inc 16092 multi_dec -110116 quick_dec -0 nack_dec -41500
Flow Uec_194_66 flowId 136 uecSrc 135 finished at 340.193 total messages 1 total packets 490 RTS 0 total bytes 2002140 in_flight now 0 fair_inc 8074 prop_inc 35590 fast_inc 0 eta_inc 16092 multi_dec -98541 quick_dec -0 nack_dec -49800
Flow Uec_119_247 flowId 49 uecSrc 48 finished at 340.318 total messages 1 total packets 490 RTS 0 total bytes 2002140 in_flight now 0 fair_inc 4950 prop_inc 33173 fast_inc 0 eta_inc 16092 multi_dec -109586 quick_dec -0 nack_dec -37350
Flow Uec_178_50 flowId 53 uecSrc 52 finished at 340.418 total messages 1 total packets 490 RTS 0 total bytes 2002140 in_flight now 0 fair_inc 11241 prop_inc 32496 fast_inc 0 eta_inc 16092 multi_dec -110172 quick_dec -0 nack_dec -41500
Flow Uec_246_118 flowId 117 uecSrc 116 finished at 340.443 total messages 1 total packets 490 RTS 0 total bytes 2002140 in_flight now 0 fair_inc 13885 prop_inc 27072 fast_inc 0 eta_inc 16092 multi_dec -74123 quick_dec -0 nack_dec -58100
Flow Uec_186_58 flowId 93 uecSrc 92 finished at 340.979 total messages 1 total packets 490 RTS 0 total bytes 2002140 in_flight now 0 fair_inc 13820 prop_inc 20235 fast_inc 0 eta_inc 16092 multi_dec -82166 quick_dec -0 nack_dec -49800
Flow Uec_57_185 flowId 135 uecSrc 134 finished at 341.412 total messages 1 total packets 490 RTS 0 total bytes 2002140 in_flight now 0 fair_inc 4485 prop_inc 40603 fast_inc 0 eta_inc 16092 multi_dec -99629 quick_dec -0 nack_dec -53950
Flow Uec_98_226 flowId 116 uecSrc 115 finished at 341.5 total messages 1 total packets 490 RTS 0 total bytes 2002140 in_flight now 0 fair_inc 13779 prop_inc 30206 fast_inc 0 eta_inc 16092 multi_dec -113846 quick_dec -0 nack_dec -33200
342.062 flowid 115 Spurious 447
Flow Uec_25_153 flowId 87 uecSrc 86 finished at 342.381 total messages 1 total packets 492 RTS 2 total bytes 2002140 in_flight now 0 fair_inc 15827 prop_inc 85150 fast_inc 0 eta_inc 15496 multi_dec -160473 quick_dec -0 nack_dec -8300
Flow Uec_81_209 flowId 60 uecSrc 59 finished at 343.637 total messages 1 total packets 490 RTS 0 total bytes 2002140 in_flight now 0 fair_inc 12910 prop_inc 39015 fast_inc 0 eta_inc 16092 multi_dec -90994 quick_dec -0 nack_dec -62250
Flow Uec_87_215 flowId 145 uecSrc 144 finished at 343.873 total messages 1 total packets 490 RTS 0 total bytes 2002140 in_flight now 0 fair_inc 6787 prop_inc 44396 fast_inc 0 eta_inc 16688 multi_dec -92732 quick_dec -0 nack_dec -62250
Flow Uec_198_70 flowId 141 uecSrc 140 finished at 344.01 total messages 1 total packets 490 RTS 0 total bytes 2002140 in_flight now 0 fair_inc 9803 prop_inc 26205 fast_inc 0 eta_inc 16092 multi_dec -77679 quick_dec -0 nack_dec -53950
Flow Uec_99_227 flowId 19 uecSrc 18 finished at 344.34 total messages 1 total packets 490 RTS 0 total bytes 2002140 in_flight now 0 fair_inc 5796 prop_inc 26037 fast_inc 0 eta_inc 16092 multi_dec -72890 quick_dec -0 nack_dec -62250
Flow Uec_245_117 flowId 73 uecSrc 72 finished at 344.646 total messages 1 total packets 490 RTS 0 total bytes 2002140 in_flight now 0 fair_inc 11443 prop_inc 49660 fast_inc 0 eta_inc 15496 multi_dec -136252 quick_dec -0 nack_dec -24900
Flow Uec_179_51 flowId 41 uecSrc 40 finished at 346.108 total messages 1 total packets 490 RTS 0 total bytes 2002140 in_flight now 0 fair_inc 9523 prop_inc 38924 fast_inc 0 eta_inc 16092 multi_dec -100798 quick_dec -0 nack_dec -53950
Flow Uec_96_224 flowId 65 uecSrc 64 finished at 346.516 total messages 1 total packets 490 RTS 0 total bytes 2002140 in_flight now 0 fair_inc 5275 prop_inc 44575 fast_inc 0 eta_inc 16688 multi_dec -100191 quick_dec -0 nack_dec -49800
Flow Uec_153_25 flowId 81 uecSrc 80 finished at 347.568 total messages 1 total packets 490 RTS 0 total bytes 2002140 in_flight now 0 fair_inc 5715 prop_inc 49568 fast_inc 0 eta_inc 16092 multi_dec -117887 quick_dec -0 nack_dec -33200
Flow Uec_159_31 flowId 76 uecSrc 75 finished at 347.832 total messages 1 total packets 491 RTS 1 total bytes 2002140 in_flight now 0 fair_inc 12778 prop_inc 56913 fast_inc 28773 eta_inc 16092 multi_dec -151300 quick_dec -0 nack_dec -24900
Flow Uec_60_188 flowId 129 uecSrc 128 finished at 350.632 total messages 1 total packets 490 RTS 0 total bytes 2002140 in_flight now 0 fair_inc 5219 prop_inc 24742 fast_inc 0 eta_inc 16688 multi_dec -65448 quick_dec -0 nack_dec -70550
Flow Uec_130_2 flowId 15 uecSrc 14 finished at 350.731 total messages 1 total packets 490 RTS 0 total bytes 2002140 in_flight now 0 fair_inc 16296 prop_inc 31686 fast_inc 0 eta_inc 16092 multi_dec -96473 quick_dec -0 nack_dec -45650
Flow Uec_54_182 flowId 9 uecSrc 8 finished at 351.203 total messages 1 total packets 490 RTS 0 total bytes 2002140 in_flight now 0 fair_inc 1860 prop_inc 24695 fast_inc 0 eta_inc 16688 multi_dec -61149 quick_dec -0 nack_dec -74700
Flow Uec_224_96 flowId 40 uecSrc 39 finished at 351.495 total messages 1 total packets 490 RTS 0 total bytes 2002140 in_flight now 0 fair_inc 4531 prop_inc 36881 fast_inc 0 eta_inc 16688 multi_dec -66531 quick_dec -0 nack_dec -70550
Flow Uec_23_151 flowId 150 uecSrc 149 finished at 351.642 total messages 1 total packets 494 RTS 4 total bytes 2002140 in_flight now 0 fair_inc 22065 prop_inc 40622 fast_inc 0 eta_inc 16688 multi_dec -101289 quick_dec -0 nack_dec -24900
Flow Uec_252_124 flowId 26 uecSrc 25 finished at 352.196 total messages 1 total packets 490 RTS 0 total bytes 2002140 in_flight now 0 fair_inc 4466 prop_inc 36914 fast_inc 0 eta_inc 17284 multi_dec -107377 quick_dec -0 nack_dec -45650
Flow Uec_26_154 flowId 115 uecSrc 114 finished at 355.905 total messages 1 total packets 494 RTS 4 total bytes 2002140 in_flight now 0 fair_inc 8544 prop_inc 12831 fast_inc 0 eta_inc 14304 multi_dec -0 quick_dec -177970 nack_dec -12450
Flow Uec_65_193 flowId 96 uecSrc 95 finished at 356.086 total messages 1 total packets 490 RTS 0 total bytes 2002140 in_flight now 0 fair_inc 12080 prop_inc 45093 fast_inc 0 eta_inc 16688 multi_dec -72305 quick_dec -0 nack_dec -87150
Flow Uec_58_186 flowId 104 uecSrc 103 finished at 356.872 total messages 1 total packets 490 RTS 0 total bytes 2002140 in_flight now 0 fair_inc 20863 prop_inc 63371 fast_inc 0 eta_inc 16688 multi_dec -149256 quick_dec -0 nack_dec -24900
Flow Uec_238_110 flowId 48 uecSrc 47 finished at 359.334 total messages 1 total packets 490 RTS 0 total bytes 2002140 in_flight now 0 fair_inc 8694 prop_inc 60160 fast_inc 0 eta_inc 16688 multi_dec -132069 quick_dec -0 nack_dec -37350
Flow Uec_249_121 flowId 24 uecSrc 23 finished at 361.134 total messages 1 total packets 490 RTS 0 total bytes 2002140 in_flight now 0 fair_inc 11560 prop_inc 58176 fast_inc 0 eta_inc 15496 multi_dec -113634 quick_dec -0 nack_dec -53950
Flow Uec_255_127 flowId 99 uecSrc 98 finished at 361.664 total messages 1 total packets 490 RTS 0 total bytes 2002140 in_flight now 0 fair_inc 5582 prop_inc 46035 fast_inc 0 eta_inc 17284 multi_dec -99178 quick_dec -0 nack_dec -49800
Flow Uec_43_171 flowId 84 uecSrc 83 finished at 362.237 total messages 1 total packets 495 RTS 5 total bytes 2002140 in_flight now 0 fair_inc 22221 prop_inc 18288 fast_inc 0 eta_inc 16688 multi_dec -106057 quick_dec -0 nack_dec -12450
Flow Uec_136_8 flowId 143 uecSrc 142 finished at 362.454 total messages 1 total packets 490 RTS 0 total bytes 2002140 in_flight now 0 fair_inc 17104 prop_inc 62337 fast_inc 0 eta_inc 16092 multi_dec -119485 quick_dec -0 nack_dec -45650
Flow Uec_64_192 flowId 23 uecSrc 22 finished at 362.777 total messages 1 total packets 490 RTS 0 total bytes 2002140 in_flight now 0 fair_inc 4227 prop_inc 52122 fast_inc 112129 eta_inc 16688 multi_dec -110573 quick_dec -0 nack_dec -58100
Flow Uec_254_126 flowId 85 uecSrc 84 finished at 364.391 total messages 1 total packets 490 RTS 0 total bytes 2002140 in_flight now 0 fair_inc 37551 prop_inc 38520 fast_inc 0 eta_inc 17284 multi_dec -86987 quick_dec -0 nack_dec -70550
Flow Uec_118_246 flowId 32 uecSrc 31 finished at 368.634 total messages 1 total packets 490 RTS 0 total bytes 2002140 in_flight now 0 fair_inc 1520 prop_inc 93396 fast_inc 0 eta_inc 16688 multi_dec -124451 quick_dec -0 nack_dec -45650
Flow Uec_59_187 flowId 101 uecSrc 100 finished at 368.78 total messages 1 total packets 490 RTS 0 total bytes 2002140 in_flight now 0 fair_inc 29691 prop_inc 61583 fast_inc 0 eta_inc 16688 multi_dec -117277 quick_dec -0 nack_dec -53950
Flow Uec_240_112 flowId 140 uecSrc 139 finished at 370.755 total messages 1 total packets 490 RTS 0 total bytes 2002140 in_flight now 0 fair_inc 24438 prop_inc 49822 fast_inc 0 eta_inc 17284 multi_dec -125949 quick_dec -0 nack_dec -37350
385.731 flowid 68 Spurious 352
Flow Uec_37_165 flowId 162 uecSrc 161 finished at 387.124 total messages 1 total packets 494 RTS 4 total bytes 2002140 in_flight now 0 fair_inc 33398 prop_inc 21686 fast_inc 0 eta_inc 18476 multi_dec -131143 quick_dec -0 nack_dec -20750
Flow Uec_244_116 flowId 50 uecSrc 49 finished at 389.175 total messages 1 total packets 490 RTS 0 total bytes 2002140 in_flight now 0 fair_inc 9161 prop_inc 58930 fast_inc 0 eta_inc 17880 multi_dec -134399 quick_dec -0 nack_dec -45650
Flow Uec_242_114 flowId 144 uecSrc 143 finished at 389.999 total messages 1 total packets 490 RTS 0 total bytes 2002140 in_flight now 0 fair_inc 15099 prop_inc 53638 fast_inc 0 eta_inc 17880 multi_dec -154172 quick_dec -0 nack_dec -20750
390.75 flowid 63 Spurious 245
Flow Uec_112_240 flowId 71 uecSrc 70 finished at 394.682 total messages 1 total packets 490 RTS 0 total bytes 2002140 in_flight now 0 fair_inc 28140 prop_inc 97173 fast_inc 71204 eta_inc 17880 multi_dec -187141 quick_dec -0 nack_dec -33200
Flow Uec_42_170 flowId 68 uecSrc 67 finished at 397.512 total messages 1 total packets 497 RTS 7 total bytes 2002140 in_flight now 0 fair_inc 35974 prop_inc 37822 fast_inc 0 eta_inc 18476 multi_dec -99113 quick_dec -0 nack_dec -29050
Flow Uec_108_236 flowId 120 uecSrc 119 finished at 402.478 total messages 1 total packets 490 RTS 0 total bytes 2002140 in_flight now 0 fair_inc 2080 prop_inc 18539 fast_inc 0 eta_inc 18476 multi_dec -53775 quick_dec -0 nack_dec -91300
404.504 flowid 152 Spurious 270
Flow Uec_46_174 flowId 46 uecSrc 45 finished at 416.824 total messages 1 total packets 495 RTS 5 total bytes 2002140 in_flight now 0 fair_inc 15575 prop_inc 25670 fast_inc 0 eta_inc 15496 multi_dec -98154 quick_dec -123276 nack_dec -16600
Flow Uec_143_15 flowId 1 uecSrc 0 finished at 418.706 total messages 1 total packets 490 RTS 0 total bytes 2002140 in_flight now 0 fair_inc 8340 prop_inc 46496 fast_inc 0 eta_inc 19072 multi_dec -19246 quick_dec -0 nack_dec -153550
Flow Uec_24_152 flowId 78 uecSrc 77 finished at 422.016 total messages 1 total packets 496 RTS 6 total bytes 2002140 in_flight now 0 fair_inc 10340 prop_inc 69976 fast_inc 165157 eta_inc 18476 multi_dec -171734 quick_dec -9873 nack_dec -4150
Flow Uec_164_36 flowId 21 uecSrc 20 finished at 435.203 total messages 1 total packets 490 RTS 0 total bytes 2002140 in_flight now 0 fair_inc 7586 prop_inc 24311 fast_inc 0 eta_inc 19668 multi_dec -29649 quick_dec -0 nack_dec -124500
Flow Uec_41_169 flowId 3 uecSrc 2 finished at 437.874 total messages 1 total packets 500 RTS 10 total bytes 2002140 in_flight now -64 fair_inc 30746 prop_inc 27947 fast_inc 4529 eta_inc 19668 multi_dec -58702 quick_dec -0 nack_dec -12450
Flow Uec_103_231 flowId 118 uecSrc 117 finished at 438.669 total messages 1 total packets 490 RTS 0 total bytes 2002140 in_flight now 0 fair_inc 14539 prop_inc 30424 fast_inc 0 eta_inc 20264 multi_dec -18448 quick_dec -0 nack_dec -132800
Flow Uec_147_19 flowId 166 uecSrc 165 finished at 442.23 total messages 1 total packets 491 RTS 1 total bytes 2002140 in_flight now 0 fair_inc 29109 prop_inc 23250 fast_inc 0 eta_inc 20860 multi_dec -55910 quick_dec -0 nack_dec -99600
Flow Uec_29_157 flowId 152 uecSrc 151 finished at 442.882 total messages 1 total packets 498 RTS 8 total bytes 2002140 in_flight now 0 fair_inc 30779 prop_inc 62326 fast_inc 58071 eta_inc 20264 multi_dec -113550 quick_dec -0 nack_dec -41500
Flow Uec_135_7 flowId 119 uecSrc 118 finished at 445.389 total messages 1 total packets 490 RTS 0 total bytes 2002140 in_flight now 0 fair_inc 28772 prop_inc 43437 fast_inc 0 eta_inc 19668 multi_dec -110927 quick_dec -0 nack_dec -74700
Flow Uec_158_30 flowId 57 uecSrc 56 finished at 448.722 total messages 1 total packets 490 RTS 0 total bytes 2002140 in_flight now 0 fair_inc 8553 prop_inc 24380 fast_inc 0 eta_inc 16092 multi_dec -75723 quick_dec -0 nack_dec -87150
Flow Uec_77_205 flowId 154 uecSrc 153 finished at 449.037 total messages 1 total packets 490 RTS 0 total bytes 2002140 in_flight now 0 fair_inc 12700 prop_inc 24576 fast_inc 0 eta_inc 20860 multi_dec -51387 quick_dec -0 nack_dec -128650
Flow Uec_27_155 flowId 63 uecSrc 62 finished at 451.19 total messages 1 total packets 498 RTS 8 total bytes 2002140 in_flight now 0 fair_inc 19247 prop_inc 96840 fast_inc 21215 eta_inc 20860 multi_dec -137168 quick_dec -0 nack_dec -0
Flow Uec_222_94 flowId 34 uecSrc 33 finished at 468.899 total messages 1 total packets 490 RTS 0 total bytes 2002140 in_flight now 0 fair_inc 21931 prop_inc 15512 fast_inc 0 eta_inc 22052 multi_dec -85506 quick_dec -0 nack_dec -91300
Flow Uec_105_233 flowId 91 uecSrc 90 finished at 485.341 total messages 1 total packets 490 RTS 0 total bytes 2002140 in_flight now 0 fair_inc 12510 prop_inc 17190 fast_inc 0 eta_inc 23244 multi_dec -68418 quick_dec -0 nack_dec -103750
Flow Uec_163_35 flowId 35 uecSrc 34 finished at 486.731 total messages 1 total packets 490 RTS 0 total bytes 2002140 in_flight now 0 fair_inc 4861 prop_inc 38451 fast_inc 0 eta_inc 17284 multi_dec -41423 quick_dec -0 nack_dec -124500
Flow Uec_104_232 flowId 110 uecSrc 109 finished at 491.889 total messages 1 total packets 490 RTS 0 total bytes 2002140 in_flight now 0 fair_inc 31664 prop_inc 14493 fast_inc 0 eta_inc 22648 multi_dec -90763 quick_dec -0 nack_dec -103750
Flow Uec_67_195 flowId 6 uecSrc 5 finished at 494.05 total messages 1 total packets 490 RTS 0 total bytes 2002140 in_flight now 0 fair_inc 16748 prop_inc 17864 fast_inc 0 eta_inc 22648 multi_dec -78181 quick_dec -0 nack_dec -99600
Flow Uec_212_84 flowId 25 uecSrc 24 finished at 494.624 total messages 1 total packets 490 RTS 0 total bytes 2002140 in_flight now 0 fair_inc 21943 prop_inc 22391 fast_inc 0 eta_inc 22648 multi_dec -82378 quick_dec -0 nack_dec -103750
Flow Uec_70_198 flowId 13 uecSrc 12 finished at 494.732 total messages 1 total packets 490 RTS 0 total bytes 2002140 in_flight now 0 fair_inc 20373 prop_inc 46981 fast_inc 0 eta_inc 22648 multi_dec -115175 quick_dec -0 nack_dec -78850
Flow Uec_200_72 flowId 55 uecSrc 54 finished at 502.989 total messages 1 total packets 490 RTS 0 total bytes 2002140 in_flight now 0 fair_inc 23294 prop_inc 33965 fast_inc 0 eta_inc 23244 multi_dec -80047 quick_dec -0 nack_dec -112050
Flow Uec_61_189 flowId 51 uecSrc 50 finished at 505.545 total messages 1 total packets 490 RTS 0 total bytes 2002140 in_flight now 0 fair_inc 10946 prop_inc 20020 fast_inc 0 eta_inc 23840 multi_dec -69832 quick_dec -0 nack_dec -120350
Flow Uec_217_89 flowId 159 uecSrc 158 finished at 510.663 total messages 1 total packets 490 RTS 0 total bytes 2002140 in_flight now 0 fair_inc 31548 prop_inc 8564 fast_inc 0 eta_inc 23244 multi_dec -33346 quick_dec -0 nack_dec -153550
Flow Uec_150_22 flowId 20 uecSrc 19 finished at 511.43 total messages 1 total packets 490 RTS 0 total bytes 2002140 in_flight now 0 fair_inc 13224 prop_inc 44955 fast_inc 19194 eta_inc 23244 multi_dec -99164 quick_dec -0 nack_dec -95450
Flow Uec_11_139 flowId 90 uecSrc 89 finished at 514.062 total messages 1 total packets 496 RTS 6 total bytes 2002140 in_flight now 0 fair_inc 17539 prop_inc 51196 fast_inc 0 eta_inc 16092 multi_dec -0 quick_dec -150490 nack_dec -16600
Flow Uec_113_241 flowId 132 uecSrc 131 finished at 516.299 total messages 1 total packets 490 RTS 0 total bytes 2002140 in_flight now 0 fair_inc 22005 prop_inc 28687 fast_inc 0 eta_inc 23840 multi_dec -80290 quick_dec -0 nack_dec -107900
Flow Uec_73_201 flowId 8 uecSrc 7 finished at 519.36 total messages 1 total packets 490 RTS 0 total bytes 2002140 in_flight now 0 fair_inc 19299 prop_inc 9895 fast_inc 0 eta_inc 25032 multi_dec -23083 quick_dec -0 nack_dec -141100
Flow Uec_52_180 flowId 61 uecSrc 60 finished at 525.292 total messages 1 total packets 490 RTS 0 total bytes 2002140 in_flight now 0 fair_inc 28011 prop_inc 31575 fast_inc 0 eta_inc 23840 multi_dec -81520 quick_dec -0 nack_dec -120350
Flow Uec_75_203 flowId 31 uecSrc 30 finished at 525.659 total messages 1 total packets 490 RTS 0 total bytes 2002140 in_flight now 0 fair_inc 23774 prop_inc 60143 fast_inc 0 eta_inc 23840 multi_dec -118194 quick_dec -0 nack_dec -91300
Flow Uec_202_74 flowId 97 uecSrc 96 finished at 530.682 total messages 1 total packets 490 RTS 0 total bytes 2002140 in_flight now 0 fair_inc 31295 prop_inc 6229 fast_inc 0 eta_inc 24436 multi_dec -37583 quick_dec -0 nack_dec -153550
Flow Uec_227_99 flowId 16 uecSrc 15 finished at 530.771 total messages 1 total packets 490 RTS 0 total bytes 2002140 in_flight now 0 fair_inc 13640 prop_inc 16709 fast_inc 0 eta_inc 25032 multi_dec -67914 quick_dec -0 nack_dec -112050
Flow Uec_241_113 flowId 139 uecSrc 138 finished at 534.916 total messages 1 total packets 490 RTS 0 total bytes 2002140 in_flight now 0 fair_inc 34135 prop_inc 14808 fast_inc 0 eta_inc 24436 multi_dec -65252 quick_dec -0 nack_dec -128650
Flow Uec_232_104 flowId 158 uecSrc 157 finished at 535.409 total messages 1 total packets 490 RTS 0 total bytes 2002140 in_flight now 0 fair_inc 22291 prop_inc 14233 fast_inc 0 eta_inc 22648 multi_dec -55574 quick_dec -0 nack_dec -132800
Flow Uec_115_243 flowId 56 uecSrc 55 finished at 538.388 total messages 1 total packets 490 RTS 0 total bytes 2002140 in_flight now 0 fair_inc 40799 prop_inc 87472 fast_inc 0 eta_inc 22648 multi_dec -155449 quick_dec -0 nack_dec -74700
Flow Uec_93_221 flowId 142 uecSrc 141 finished at 541.463 total messages 1 total packets 490 RTS 0 total bytes 2002140 in_flight now 0 fair_inc 29615 prop_inc 15536 fast_inc 0 eta_inc 25628 multi_dec -46086 quick_dec -0 nack_dec -136950
Flow Uec_169_41 flowId 94 uecSrc 93 finished at 542.066 total messages 1 total packets 491 RTS 1 total bytes 2002140 in_flight now 0 fair_inc 12433 prop_inc 26910 fast_inc 165670 eta_inc 20860 multi_dec -139693 quick_dec -0 nack_dec -53950
Flow Uec_69_197 flowId 98 uecSrc 97 finished at 547.137 total messages 1 total packets 490 RTS 0 total bytes 2002140 in_flight now 0 fair_inc 28168 prop_inc 5293 fast_inc 0 eta_inc 24436 multi_dec -34791 quick_dec -0 nack_dec -153550
Flow Uec_210_82 flowId 83 uecSrc 82 finished at 556.203 total messages 1 total packets 490 RTS 0 total bytes 2002140 in_flight now 0 fair_inc 14693 prop_inc 16233 fast_inc 0 eta_inc 25628 multi_dec -30168 quick_dec -0 nack_dec -149400
Flow Uec_243_115 flowId 79 uecSrc 78 finished at 561.83 total messages 1 total packets 490 RTS 0 total bytes 2002140 in_flight now 0 fair_inc 17691 prop_inc 9415 fast_inc 0 eta_inc 25628 multi_dec -48912 quick_dec -0 nack_dec -141100
Flow Uec_90_218 flowId 66 uecSrc 65 finished at 571.898 total messages 1 total packets 490 RTS 0 total bytes 2002140 in_flight now 0 fair_inc 34251 prop_inc 37335 fast_inc 0 eta_inc 26224 multi_dec -40914 quick_dec -0 nack_dec -166000
Flow Uec_48_176 flowId 29 uecSrc 28 finished at 573.05 total messages 1 total packets 493 RTS 3 total bytes 2002140 in_flight now -64 fair_inc 16708 prop_inc 131566 fast_inc 4041 eta_inc 22648 multi_dec -228699 quick_dec -832 nack_dec -4150
Flow Uec_6_134 flowId 43 uecSrc 42 finished at 574.51 total messages 1 total packets 500 RTS 10 total bytes 2002140 in_flight now -64 fair_inc 7200 prop_inc 60988 fast_inc 0 eta_inc 19072 multi_dec -0 quick_dec -0 nack_dec -0
Flow Uec_133_5 flowId 161 uecSrc 160 finished at 574.835 total messages 1 total packets 491 RTS 1 total bytes 2002140 in_flight now 0 fair_inc 46201 prop_inc 89636 fast_inc 0 eta_inc 22648 multi_dec -187722 quick_dec -0 nack_dec -66400
Flow Uec_9_137 flowId 149 uecSrc 148 finished at 577.731 total messages 1 total packets 508 RTS 18 total bytes 2002140 in_flight now -192 fair_inc 18557 prop_inc 68148 fast_inc 0 eta_inc 23244 multi_dec -0 quick_dec -64532 nack_dec -16600
Flow Uec_71_199 flowId 11 uecSrc 10 finished at 578.121 total messages 1 total packets 490 RTS 0 total bytes 2002140 in_flight now 0 fair_inc 14244 prop_inc 14117 fast_inc 0 eta_inc 27416 multi_dec -11553 quick_dec -0 nack_dec -166000
Flow Uec_219_91 flowId 121 uecSrc 120 finished at 579.848 total messages 1 total packets 490 RTS 0 total bytes 2002140 in_flight now 0 fair_inc 36694 prop_inc 6654 fast_inc 0 eta_inc 27416 multi_dec -66097 quick_dec -0 nack_dec -153550
Flow Uec_228_100 flowId 39 uecSrc 38 finished at 601.166 total messages 1 total packets 490 RTS 0 total bytes 2002140 in_flight now 0 fair_inc 25027 prop_inc 15979 fast_inc 0 eta_inc 26820 multi_dec -15976 quick_dec -0 nack_dec -174300
604.109 flowid 75 Spurious 390
Flow Uec_223_95 flowId 59 uecSrc 58 finished at 612.226 total messages 1 total packets 490 RTS 0 total bytes 2002140 in_flight now 0 fair_inc 18411 prop_inc 53934 fast_inc 6060 eta_inc 28012 multi_dec -71029 quick_dec -0 nack_dec -128650
Flow Uec_225_97 flowId 103 uecSrc 102 finished at 626.36 total messages 1 total packets 490 RTS 0 total bytes 2002140 in_flight now 0 fair_inc 31182 prop_inc 22397 fast_inc 0 eta_inc 27416 multi_dec -25206 quick_dec -0 nack_dec -174300
Flow Uec_203_75 flowId 30 uecSrc 29 finished at 631.042 total messages 1 total packets 490 RTS 0 total bytes 2002140 in_flight now 0 fair_inc 45638 prop_inc 14891 fast_inc 0 eta_inc 26224 multi_dec -88080 quick_dec -0 nack_dec -141100
Flow Uec_188_60 flowId 124 uecSrc 123 finished at 633.72 total messages 1 total packets 490 RTS 0 total bytes 2002140 in_flight now 0 fair_inc 41530 prop_inc 9897 fast_inc 0 eta_inc 28608 multi_dec -69558 quick_dec -0 nack_dec -141100
Flow Uec_180_52 flowId 86 uecSrc 85 finished at 634.213 total messages 1 total packets 490 RTS 0 total bytes 2002140 in_flight now 0 fair_inc 31973 prop_inc 13566 fast_inc 0 eta_inc 29204 multi_dec -50026 quick_dec -0 nack_dec -153550
Flow Uec_86_214 flowId 42 uecSrc 41 finished at 636.365 total messages 1 total packets 490 RTS 0 total bytes 2002140 in_flight now 0 fair_inc 26374 prop_inc 49651 fast_inc 0 eta_inc 28608 multi_dec -97227 quick_dec -0 nack_dec -116200
Flow Uec_175_47 flowId 133 uecSrc 132 finished at 652.927 total messages 1 total packets 490 RTS 0 total bytes 2002140 in_flight now 0 fair_inc 41220 prop_inc 3926 fast_inc 0 eta_inc 29204 multi_dec -50430 quick_dec -0 nack_dec -174300
Flow Uec_10_138 flowId 165 uecSrc 164 finished at 655.992 total messages 1 total packets 506 RTS 16 total bytes 2002140 in_flight now -128 fair_inc 12105 prop_inc 93026 fast_inc 0 eta_inc 21456 multi_dec -0 quick_dec -68556 nack_dec -12450
Flow Uec_235_107 flowId 37 uecSrc 36 finished at 656.807 total messages 1 total packets 490 RTS 0 total bytes 2002140 in_flight now 0 fair_inc 23950 prop_inc 53063 fast_inc 0 eta_inc 28608 multi_dec -57127 quick_dec -0 nack_dec -153550
Flow Uec_205_77 flowId 160 uecSrc 159 finished at 658.061 total messages 1 total packets 490 RTS 0 total bytes 2002140 in_flight now 0 fair_inc 36311 prop_inc 45928 fast_inc 0 eta_inc 28608 multi_dec -136036 quick_dec -0 nack_dec -91300
Flow Uec_184_56 flowId 137 uecSrc 136 finished at 672.087 total messages 1 total packets 490 RTS 0 total bytes 2002140 in_flight now 0 fair_inc 42951 prop_inc 32489 fast_inc 4041 eta_inc 30396 multi_dec -140721 quick_dec -0 nack_dec -95450
Flow Uec_208_80 flowId 47 uecSrc 46 finished at 683.917 total messages 1 total packets 490 RTS 0 total bytes 2002140 in_flight now 0 fair_inc 16565 prop_inc 53342 fast_inc 22712 eta_inc 27416 multi_dec -118263 quick_dec -0 nack_dec -99600
Flow Uec_2_130 flowId 126 uecSrc 125 finished at 686.602 total messages 1 total packets 506 RTS 16 total bytes 2002140 in_flight now -128 fair_inc 27470 prop_inc 96924 fast_inc 0 eta_inc 28012 multi_dec -114573 quick_dec -59049 nack_dec -12450
Flow Uec_181_53 flowId 45 uecSrc 44 finished at 687.756 total messages 1 total packets 490 RTS 0 total bytes 2002140 in_flight now 0 fair_inc 51148 prop_inc 41530 fast_inc 0 eta_inc 30396 multi_dec -129151 quick_dec -0 nack_dec -124500
Flow Uec_154_26 flowId 77 uecSrc 76 finished at 701.559 total messages 1 total packets 491 RTS 1 total bytes 2002140 in_flight now 0 fair_inc 41149 prop_inc 10464 fast_inc 0 eta_inc 23840 multi_dec -46916 quick_dec -0 nack_dec -136950
Flow Uec_88_216 flowId 72 uecSrc 71 finished at 705.656 total messages 1 total packets 490 RTS 0 total bytes 2002140 in_flight now 0 fair_inc 50041 prop_inc 77645 fast_inc 0 eta_inc 28608 multi_dec -139440 quick_dec -12690 nack_dec -99600
Flow Uec_218_90 flowId 64 uecSrc 63 finished at 707.509 total messages 1 total packets 490 RTS 0 total bytes 2002140 in_flight now 0 fair_inc 10370 prop_inc 54129 fast_inc 178291 eta_inc 30396 multi_dec -136631 quick_dec -2600 nack_dec -99600
Flow Uec_237_109 flowId 92 uecSrc 91 finished at 722.207 total messages 1 total packets 490 RTS 0 total bytes 2002140 in_flight now 0 fair_inc 25604 prop_inc 87904 fast_inc 0 eta_inc 32780 multi_dec -131167 quick_dec -0 nack_dec -107900
Flow Uec_68_196 flowId 128 uecSrc 127 finished at 730.281 total messages 1 total packets 490 RTS 0 total bytes 2002140 in_flight now 0 fair_inc 20404 prop_inc 50630 fast_inc 202047 eta_inc 27416 multi_dec -157456 quick_dec -3488 nack_dec -87150
Flow Uec_213_85 flowId 14 uecSrc 13 finished at 793.173 total messages 1 total packets 490 RTS 0 total bytes 2002140 in_flight now 0 fair_inc 32514 prop_inc 31306 fast_inc 0 eta_inc 29204 multi_dec -75302 quick_dec -0 nack_dec -149400
Flow Uec_168_40 flowId 38 uecSrc 37 finished at 803.046 total messages 1 total packets 490 RTS 0 total bytes 2002140 in_flight now 0 fair_inc 41208 prop_inc 34605 fast_inc 0 eta_inc 26820 multi_dec -97026 quick_dec -0 nack_dec -136950
Flow Uec_216_88 flowId 100 uecSrc 99 finished at 813.918 total messages 1 total packets 490 RTS 0 total bytes 2002140 in_flight now 0 fair_inc 39407 prop_inc 38540 fast_inc 0 eta_inc 26224 multi_dec -31833 quick_dec -66836 nack_dec -141100
Flow Uec_214_86 flowId 7 uecSrc 6 finished at 848.31 total messages 1 total packets 490 RTS 0 total bytes 2002140 in_flight now 0 fair_inc 48195 prop_inc 59683 fast_inc 0 eta_inc 29800 multi_dec -120227 quick_dec -0 nack_dec -132800
Flow Uec_156_28 flowId 130 uecSrc 129 finished at 957.587 total messages 1 total packets 490 RTS 0 total bytes 2002140 in_flight now 0 fair_inc 49770 prop_inc 41436 fast_inc 0 eta_inc 29800 multi_dec -50440 quick_dec -66377 nack_dec -149400
Flow Uec_4_132 flowId 75 uecSrc 74 finished at 958.574 total messages 1 total packets 512 RTS 22 total bytes 2002140 in_flight now -192 fair_inc 23282 prop_inc 113333 fast_inc 0 eta_inc 32184 multi_dec -70443 quick_dec -46326 nack_dec -20750
Flow Uec_155_27 flowId 10 uecSrc 9 finished at 972.355 total messages 1 total packets 490 RTS 0 total bytes 2002140 in_flight now 0 fair_inc 21430 prop_inc 51555 fast_inc 0 eta_inc 30992 multi_dec -16216 quick_dec -89756 nack_dec -132800
Flow Uec_172_44 flowId 148 uecSrc 147 finished at 1013.55 total messages 1 total packets 490 RTS 0 total bytes 2002140 in_flight now 0 fair_inc 15478 prop_inc 63512 fast_inc 47967 eta_inc 35760 multi_dec -112569 quick_dec -11799 nack_dec -124500
.Done
New: 81340 Rtx: 3058 RTS: 173 Bounced: 0 ACKs: 62764 NACKs: 2521 Pulls: 0 sleek_pkts: 0
