traffic matrix input file: connection_matrices/load_sweep/load0.85_n256_seed4.cm
Load balancing algorithm set to oblivious
no_of_nodes 256
Dragonfly+ strategy: FPAR
Setting queuesize to 50 packets
endtime(us) 100000
random seed 4
Packet size (MTU) is 4150
Parsed args
Logging to reps_dfp_results/reps_withoutnorm256/load0.85_oblivious_seed4.dat
Loading connection matrix from connection_matrices/load_sweep/load0.85_n256_seed4.cm
Nodes: 256 Connections: 218 Triggers: 0 Failures: 0
Setting ECN low 33200 high 120350
Dragonfly+ with medium topology type
Link latencies: 1 and switch latencies: 0
queue_id 2 ecn_low 33200 ecn_high 120350
DragonFly+ constructor done, 392 nodes created
Note: topology supports 392 hosts; 136 host port(s) will be unused.
network_max_unloaded_rtt 11.6856 us
Setting min RTO to 114.6
Per-hop RTT normalization: OFF (strategy fpar)
Initializing static NSCC parameters: _reference_network_linkspeed=100000000000 _reference_network_rtt=12000000 _reference_network_bdp=150000 _target_Qdelay=8764200 _network_linkspeed=100000000000 _network_rtt=11685600 _network_bdp=146070 _qa_gate=2^3 _qa_threshold=3.50568e+07 _scaling_factor_a=0.9738 _scaling_factor_b=0.73035 _alpha=0.00132632 _fi=19894.7 _eta=596.842 _qa_scaling=1 _gamma=0.8 _fi_scale=0.24345 _delay_alpha=0.0125 _adjust_period_threshold=11685600 _adjust_bytes_threshold=33200
Initialize per-instance NSCC parameters: flowid 1 _base_rtt=11685600 _base_bdp=146070 _bdp=146070 _min_cwnd=4150 _maxwnd=219105 _cwnd=219105
Initialize per-instance NSCC parameters: flowid 2 _base_rtt=11685600 _base_bdp=146070 _bdp=146070 _min_cwnd=4150 _maxwnd=219105 _cwnd=219105
Initialize per-instance NSCC parameters: flowid 3 _base_rtt=11685600 _base_bdp=146070 _bdp=146070 _min_cwnd=4150 _maxwnd=219105 _cwnd=219105
Initialize per-instance NSCC parameters: flowid 4 _base_rtt=11685600 _base_bdp=146070 _bdp=146070 _min_cwnd=4150 _maxwnd=219105 _cwnd=219105
Initialize per-instance NSCC parameters: flowid 5 _base_rtt=11685600 _base_bdp=146070 _bdp=146070 _min_cwnd=4150 _maxwnd=219105 _cwnd=219105
Initialize per-instance NSCC parameters: flowid 6 _base_rtt=11685600 _base_bdp=146070 _bdp=146070 _min_cwnd=4150 _maxwnd=219105 _cwnd=219105
Initialize per-instance NSCC parameters: flowid 7 _base_rtt=11685600 _base_bdp=146070 _bdp=146070 _min_cwnd=4150 _maxwnd=219105 _cwnd=219105
Initialize per-instance NSCC parameters: flowid 8 _base_rtt=11685600 _base_bdp=146070 _bdp=146070 _min_cwnd=4150 _maxwnd=219105 _cwnd=219105
Initialize per-instance NSCC parameters: flowid 9 _base_rtt=11685600 _base_bdp=146070 _bdp=146070 _min_cwnd=4150 _maxwnd=219105 _cwnd=219105
Initialize per-instance NSCC parameters: flowid 10 _base_rtt=11685600 _base_bdp=146070 _bdp=146070 _min_cwnd=4150 _maxwnd=219105 _cwnd=219105
Initialize per-instance NSCC parameters: flowid 11 _base_rtt=11685600 _base_bdp=146070 _bdp=146070 _min_cwnd=4150 _maxwnd=219105 _cwnd=219105
Initialize per-instance NSCC parameters: flowid 12 _base_rtt=11685600 _base_bdp=146070 _bdp=146070 _min_cwnd=4150 _maxwnd=219105 _cwnd=219105
Initialize per-instance NSCC parameters: flowid 13 _base_rtt=11685600 _base_bdp=146070 _bdp=146070 _min_cwnd=4150 _maxwnd=219105 _cwnd=219105
Initialize per-instance NSCC parameters: flowid 14 _base_rtt=11685600 _base_bdp=146070 _bdp=146070 _min_cwnd=4150 _maxwnd=219105 _cwnd=219105
Initialize per-instance NSCC parameters: flowid 15 _base_rtt=11685600 _base_bdp=146070 _bdp=146070 _min_cwnd=4150 _maxwnd=219105 _cwnd=219105
Initialize per-instance NSCC parameters: flowid 16 _base_rtt=11685600 _base_bdp=146070 _bdp=146070 _min_cwnd=4150 _maxwnd=219105 _cwnd=219105
Initialize per-instance NSCC parameters: flowid 17 _base_rtt=11685600 _base_bdp=146070 _bdp=146070 _min_cwnd=4150 _maxwnd=219105 _cwnd=219105
Initialize per-instance NSCC parameters: flowid 18 _base_rtt=11685600 _base_bdp=146070 _bdp=146070 _min_cwnd=4150 _maxwnd=219105 _cwnd=219105
Initialize per-instance NSCC parameters: flowid 19 _base_rtt=11685600 _base_bdp=146070 _bdp=146070 _min_cwnd=4150 _maxwnd=219105 _cwnd=219105
Initialize per-instance NSCC parameters: flowid 20 _base_rtt=11685600 _base_bdp=146070 _bdp=146070 _min_cwnd=4150 _maxwnd=219105 _cwnd=219105
Initialize per-instance NSCC parameters: flowid 21 _base_rtt=11685600 _base_bdp=146070 _bdp=146070 _min_cwnd=4150 _maxwnd=219105 _cwnd=219105
Initialize per-instance NSCC parameters: flowid 22 _base_rtt=11685600 _base_bdp=146070 _bdp=146070 _min_cwnd=4150 _maxwnd=219105 _cwnd=219105
Initialize per-instance NSCC parameters: flowid 23 _base_rtt=11685600 _base_bdp=146070 _bdp=146070 _min_cwnd=4150 _maxwnd=219105 _cwnd=219105
Initialize per-instance NSCC parameters: flowid 24 _base_rtt=11685600 _base_bdp=146070 _bdp=146070 _min_cwnd=4150 _maxwnd=219105 _cwnd=219105
Initialize per-instance NSCC parameters: flowid 25 _base_rtt=11685600 _base_bdp=146070 _bdp=146070 _min_cwnd=4150 _maxwnd=219105 _cwnd=219105
Initialize per-instance NSCC parameters: flowid 26 _base_rtt=11685600 _base_bdp=146070 _bdp=146070 _min_cwnd=4150 _maxwnd=219105 _cwnd=219105
Initialize per-instance NSCC parameters: flowid 27 _base_rtt=11685600 _base_bdp=146070 _bdp=146070 _min_cwnd=4150 _maxwnd=219105 _cwnd=219105
Initialize per-instance NSCC parameters: flowid 28 _base_rtt=11685600 _base_bdp=146070 _bdp=146070 _min_cwnd=4150 _maxwnd=219105 _cwnd=219105
Initialize per-instance NSCC parameters: flowid 29 _base_rtt=11685600 _base_bdp=146070 _bdp=146070 _min_cwnd=4150 _maxwnd=219105 _cwnd=219105
Initialize per-instance NSCC parameters: flowid 30 _base_rtt=11685600 _base_bdp=146070 _bdp=146070 _min_cwnd=4150 _maxwnd=219105 _cwnd=219105
Initialize per-instance NSCC parameters: flowid 31 _base_rtt=11685600 _base_bdp=146070 _bdp=146070 _min_cwnd=4150 _maxwnd=219105 _cwnd=219105
Initialize per-instance NSCC parameters: flowid 32 _base_rtt=11685600 _base_bdp=146070 _bdp=146070 _min_cwnd=4150 _maxwnd=219105 _cwnd=219105
Initialize per-instance NSCC parameters: flowid 33 _base_rtt=11685600 _base_bdp=146070 _bdp=146070 _min_cwnd=4150 _maxwnd=219105 _cwnd=219105
Initialize per-instance NSCC parameters: flowid 34 _base_rtt=11685600 _base_bdp=146070 _bdp=146070 _min_cwnd=4150 _maxwnd=219105 _cwnd=219105
Initialize per-instance NSCC parameters: flowid 35 _base_rtt=11685600 _base_bdp=146070 _bdp=146070 _min_cwnd=4150 _maxwnd=219105 _cwnd=219105
Initialize per-instance NSCC parameters: flowid 36 _base_rtt=11685600 _base_bdp=146070 _bdp=146070 _min_cwnd=4150 _maxwnd=219105 _cwnd=219105
Initialize per-instance NSCC parameters: flowid 37 _base_rtt=11685600 _base_bdp=146070 _bdp=146070 _min_cwnd=4150 _maxwnd=219105 _cwnd=219105
Initialize per-instance NSCC parameters: flowid 38 _base_rtt=11685600 _base_bdp=146070 _bdp=146070 _min_cwnd=4150 _maxwnd=219105 _cwnd=219105
Initialize per-instance NSCC parameters: flowid 39 _base_rtt=11685600 _base_bdp=146070 _bdp=146070 _min_cwnd=4150 _maxwnd=219105 _cwnd=219105
Initialize per-instance NSCC parameters: flowid 40 _base_rtt=11685600 _base_bdp=146070 _bdp=146070 _min_cwnd=4150 _maxwnd=219105 _cwnd=219105
Initialize per-instance NSCC parameters: flowid 41 _base_rtt=11685600 _base_bdp=146070 _bdp=146070 _min_cwnd=4150 _maxwnd=219105 _cwnd=219105
Initialize per-instance NSCC parameters: flowid 42 _base_rtt=11685600 _base_bdp=146070 _bdp=146070 _min_cwnd=4150 _maxwnd=219105 _cwnd=219105
Initialize per-instance NSCC parameters: flowid 43 _base_rtt=11685600 _base_bdp=146070 _bdp=146070 _min_cwnd=4150 _maxwnd=219105 _cwnd=219105
Initialize per-instance NSCC parameters: flowid 44 _base_rtt=11685600 _base_bdp=146070 _bdp=146070 _min_cwnd=4150 _maxwnd=219105 _cwnd=219105
Initialize per-instance NSCC parameters: flowid 45 _base_rtt=11685600 _base_bdp=146070 _bdp=146070 _min_cwnd=4150 _maxwnd=219105 _cwnd=219105
Initialize per-instance NSCC parameters: flowid 46 _base_rtt=11685600 _base_bdp=146070 _bdp=146070 _min_cwnd=4150 _maxwnd=219105 _cwnd=219105
Initialize per-instance NSCC parameters: flowid 47 _base_rtt=11685600 _base_bdp=146070 _bdp=146070 _min_cwnd=4150 _maxwnd=219105 _cwnd=219105
Initialize per-instance NSCC parameters: flowid 48 _base_rtt=11685600 _base_bdp=146070 _bdp=146070 _min_cwnd=4150 _maxwnd=219105 _cwnd=219105
Initialize per-instance NSCC parameters: flowid 49 _base_rtt=11685600 _base_bdp=146070 _bdp=146070 _min_cwnd=4150 _maxwnd=219105 _cwnd=219105
Initialize per-instance NSCC parameters: flowid 50 _base_rtt=11685600 _base_bdp=146070 _bdp=146070 _min_cwnd=4150 _maxwnd=219105 _cwnd=219105
Initialize per-instance NSCC parameters: flowid 51 _base_rtt=11685600 _base_bdp=146070 _bdp=146070 _min_cwnd=4150 _maxwnd=219105 _cwnd=219105
Initialize per-instance NSCC parameters: flowid 52 _base_rtt=11685600 _base_bdp=146070 _bdp=146070 _min_cwnd=4150 _maxwnd=219105 _cwnd=219105
Initialize per-instance NSCC parameters: flowid 53 _base_rtt=11685600 _base_bdp=146070 _bdp=146070 _min_cwnd=4150 _maxwnd=219105 _cwnd=219105
Initialize per-instance NSCC parameters: flowid 54 _base_rtt=11685600 _base_bdp=146070 _bdp=146070 _min_cwnd=4150 _maxwnd=219105 _cwnd=219105
Initialize per-instance NSCC parameters: flowid 55 _base_rtt=11685600 _base_bdp=146070 _bdp=146070 _min_cwnd=4150 _maxwnd=219105 _cwnd=219105
Initialize per-instance NSCC parameters: flowid 56 _base_rtt=11685600 _base_bdp=146070 _bdp=146070 _min_cwnd=4150 _maxwnd=219105 _cwnd=219105
Initialize per-instance NSCC parameters: flowid 57 _base_rtt=11685600 _base_bdp=146070 _bdp=146070 _min_cwnd=4150 _maxwnd=219105 _cwnd=219105
Initialize per-instance NSCC parameters: flowid 58 _base_rtt=11685600 _base_bdp=146070 _bdp=146070 _min_cwnd=4150 _maxwnd=219105 _cwnd=219105
Initialize per-instance NSCC parameters: flowid 59 _base_rtt=11685600 _base_bdp=146070 _bdp=146070 _min_cwnd=4150 _maxwnd=219105 _cwnd=219105
Initialize per-instance NSCC parameters: flowid 60 _base_rtt=11685600 _base_bdp=146070 _bdp=146070 _min_cwnd=4150 _maxwnd=219105 _cwnd=219105
Initialize per-instance NSCC parameters: flowid 61 _base_rtt=11685600 _base_bdp=146070 _bdp=146070 _min_cwnd=4150 _maxwnd=219105 _cwnd=219105
Initialize per-instance NSCC parameters: flowid 62 _base_rtt=11685600 _base_bdp=146070 _bdp=146070 _min_cwnd=4150 _maxwnd=219105 _cwnd=219105
Initialize per-instance NSCC parameters: flowid 63 _base_rtt=11685600 _base_bdp=146070 _bdp=146070 _min_cwnd=4150 _maxwnd=219105 _cwnd=219105
Initialize per-instance NSCC parameters: flowid 64 _base_rtt=11685600 _base_bdp=146070 _bdp=146070 _min_cwnd=4150 _maxwnd=219105 _cwnd=219105
Initialize per-instance NSCC parameters: flowid 65 _base_rtt=11685600 _base_bdp=146070 _bdp=146070 _min_cwnd=4150 _maxwnd=219105 _cwnd=219105
Initialize per-instance NSCC parameters: flowid 66 _base_rtt=11685600 _base_bdp=146070 _bdp=146070 _min_cwnd=4150 _maxwnd=219105 _cwnd=219105
Initialize per-instance NSCC parameters: flowid 67 _base_rtt=11685600 _base_bdp=146070 _bdp=146070 _min_cwnd=4150 _maxwnd=219105 _cwnd=219105
Initialize per-instance NSCC parameters: flowid 68 _base_rtt=11685600 _base_bdp=146070 _bdp=146070 _min_cwnd=4150 _maxwnd=219105 _cwnd=219105
Initialize per-instance NSCC parameters: flowid 69 _base_rtt=11685600 _base_bdp=146070 _bdp=146070 _min_cwnd=4150 _maxwnd=219105 _cwnd=219105
Initialize per-instance NSCC parameters: flowid 70 _base_rtt=11685600 _base_bdp=146070 _bdp=146070 _min_cwnd=4150 _maxwnd=219105 _cwnd=219105
Initialize per-instance NSCC parameters: flowid 71 _base_rtt=11685600 _base_bdp=146070 _bdp=146070 _min_cwnd=4150 _maxwnd=219105 _cwnd=219105
Initialize per-instance NSCC parameters: flowid 72 _base_rtt=11685600 _base_bdp=146070 _bdp=146070 _min_cwnd=4150 _maxwnd=219105 _cwnd=219105
Initialize per-instance NSCC parameters: flowid 73 _base_rtt=11685600 _base_bdp=146070 _bdp=146070 _min_cwnd=4150 _maxwnd=219105 _cwnd=219105
Initialize per-instance NSCC parameters: flowid 74 _base_rtt=11685600 _base_bdp=146070 _bdp=146070 _min_cwnd=4150 _maxwnd=219105 _cwnd=219105
Initialize per-instance NSCC parameters: flowid 75 _base_rtt=11685600 _base_bdp=146070 _bdp=146070 _min_cwnd=4150 _maxwnd=219105 _cwnd=219105
Initialize per-instance NSCC parameters: flowid 76 _base_rtt=11685600 _base_bdp=146070 _bdp=146070 _min_cwnd=4150 _maxwnd=219105 _cwnd=219105
Initialize per-instance NSCC parameters: flowid 77 _base_rtt=11685600 _base_bdp=146070 _bdp=146070 _min_cwnd=4150 _maxwnd=219105 _cwnd=219105
Initialize per-instance NSCC parameters: flowid 78 _base_rtt=11685600 _base_bdp=146070 _bdp=146070 _min_cwnd=4150 _maxwnd=219105 _cwnd=219105
Initialize per-instance NSCC parameters: flowid 79 _base_rtt=11685600 _base_bdp=146070 _bdp=146070 _min_cwnd=4150 _maxwnd=219105 _cwnd=219105
Initialize per-instance NSCC parameters: flowid 80 _base_rtt=11685600 _base_bdp=146070 _bdp=146070 _min_cwnd=4150 _maxwnd=219105 _cwnd=219105
Initialize per-instance NSCC parameters: flowid 81 _base_rtt=11685600 _base_bdp=146070 _bdp=146070 _min_cwnd=4150 _maxwnd=219105 _cwnd=219105
Initialize per-instance NSCC parameters: flowid 82 _base_rtt=11685600 _base_bdp=146070 _bdp=146070 _min_cwnd=4150 _maxwnd=219105 _cwnd=219105
Initialize per-instance NSCC parameters: flowid 83 _base_rtt=11685600 _base_bdp=146070 _bdp=146070 _min_cwnd=4150 _maxwnd=219105 _cwnd=219105
Initialize per-instance NSCC parameters: flowid 84 _base_rtt=11685600 _base_bdp=146070 _bdp=146070 _min_cwnd=4150 _maxwnd=219105 _cwnd=219105
Initialize per-instance NSCC parameters: flowid 85 _base_rtt=11685600 _base_bdp=146070 _bdp=146070 _min_cwnd=4150 _maxwnd=219105 _cwnd=219105
Initialize per-instance NSCC parameters: flowid 86 _base_rtt=11685600 _base_bdp=146070 _bdp=146070 _min_cwnd=4150 _maxwnd=219105 _cwnd=219105
Initialize per-instance NSCC parameters: flowid 87 _base_rtt=11685600 _base_bdp=146070 _bdp=146070 _min_cwnd=4150 _maxwnd=219105 _cwnd=219105
Initialize per-instance NSCC parameters: flowid 88 _base_rtt=11685600 _base_bdp=146070 _bdp=146070 _min_cwnd=4150 _maxwnd=219105 _cwnd=219105
Initialize per-instance NSCC parameters: flowid 89 _base_rtt=11685600 _base_bdp=146070 _bdp=146070 _min_cwnd=4150 _maxwnd=219105 _cwnd=219105
Initialize per-instance NSCC parameters: flowid 90 _base_rtt=11685600 _base_bdp=146070 _bdp=146070 _min_cwnd=4150 _maxwnd=219105 _cwnd=219105
Initialize per-instance NSCC parameters: flowid 91 _base_rtt=11685600 _base_bdp=146070 _bdp=146070 _min_cwnd=4150 _maxwnd=219105 _cwnd=219105
Initialize per-instance NSCC parameters: flowid 92 _base_rtt=11685600 _base_bdp=146070 _bdp=146070 _min_cwnd=4150 _maxwnd=219105 _cwnd=219105
Initialize per-instance NSCC parameters: flowid 93 _base_rtt=11685600 _base_bdp=146070 _bdp=146070 _min_cwnd=4150 _maxwnd=219105 _cwnd=219105
Initialize per-instance NSCC parameters: flowid 94 _base_rtt=11685600 _base_bdp=146070 _bdp=146070 _min_cwnd=4150 _maxwnd=219105 _cwnd=219105
Initialize per-instance NSCC parameters: flowid 95 _base_rtt=11685600 _base_bdp=146070 _bdp=146070 _min_cwnd=4150 _maxwnd=219105 _cwnd=219105
Initialize per-instance NSCC parameters: flowid 96 _base_rtt=11685600 _base_bdp=146070 _bdp=146070 _min_cwnd=4150 _maxwnd=219105 _cwnd=219105
Initialize per-instance NSCC parameters: flowid 97 _base_rtt=11685600 _base_bdp=146070 _bdp=146070 _min_cwnd=4150 _maxwnd=219105 _cwnd=219105
Initialize per-instance NSCC parameters: flowid 98 _base_rtt=11685600 _base_bdp=146070 _bdp=146070 _min_cwnd=4150 _maxwnd=219105 _cwnd=219105
Initialize per-instance NSCC parameters: flowid 99 _base_rtt=11685600 _base_bdp=146070 _bdp=146070 _min_cwnd=4150 _maxwnd=219105 _cwnd=219105
Initialize per-instance NSCC parameters: flowid 100 _base_rtt=11685600 _base_bdp=146070 _bdp=146070 _min_cwnd=4150 _maxwnd=219105 _cwnd=219105
Initialize per-instance NSCC parameters: flowid 101 _base_rtt=11685600 _base_bdp=146070 _bdp=146070 _min_cwnd=4150 _maxwnd=219105 _cwnd=219105
Initialize per-instance NSCC parameters: flowid 102 _base_rtt=11685600 _base_bdp=146070 _bdp=146070 _min_cwnd=4150 _maxwnd=219105 _cwnd=219105
Initialize per-instance NSCC parameters: flowid 103 _base_rtt=11685600 _base_bdp=146070 _bdp=146070 _min_cwnd=4150 _maxwnd=219105 _cwnd=219105
Initialize per-instance NSCC parameters: flowid 104 _base_rtt=11685600 _base_bdp=146070 _bdp=146070 _min_cwnd=4150 _maxwnd=219105 _cwnd=219105
Initialize per-instance NSCC parameters: flowid 105 _base_rtt=11685600 _base_bdp=146070 _bdp=146070 _min_cwnd=4150 _maxwnd=219105 _cwnd=219105
Initialize per-instance NSCC parameters: flowid 106 _base_rtt=11685600 _base_bdp=146070 _bdp=146070 _min_cwnd=4150 _maxwnd=219105 _cwnd=219105
Initialize per-instance NSCC parameters: flowid 107 _base_rtt=11685600 _base_bdp=146070 _bdp=146070 _min_cwnd=4150 _maxwnd=219105 _cwnd=219105
Initialize per-instance NSCC parameters: flowid 108 _base_rtt=11685600 _base_bdp=146070 _bdp=146070 _min_cwnd=4150 _maxwnd=219105 _cwnd=219105
Initialize per-instance NSCC parameters: flowid 109 _base_rtt=11685600 _base_bdp=146070 _bdp=146070 _min_cwnd=4150 _maxwnd=219105 _cwnd=219105
Initialize per-instance NSCC parameters: flowid 110 _base_rtt=11685600 _base_bdp=146070 _bdp=146070 _min_cwnd=4150 _maxwnd=219105 _cwnd=219105
Initialize per-instance NSCC parameters: flowid 111 _base_rtt=11685600 _base_bdp=146070 _bdp=146070 _min_cwnd=4150 _maxwnd=219105 _cwnd=219105
Initialize per-instance NSCC parameters: flowid 112 _base_rtt=11685600 _base_bdp=146070 _bdp=146070 _min_cwnd=4150 _maxwnd=219105 _cwnd=219105
Initialize per-instance NSCC parameters: flowid 113 _base_rtt=11685600 _base_bdp=146070 _bdp=146070 _min_cwnd=4150 _maxwnd=219105 _cwnd=219105
Initialize per-instance NSCC parameters: flowid 114 _base_rtt=11685600 _base_bdp=146070 _bdp=146070 _min_cwnd=4150 _maxwnd=219105 _cwnd=219105
Initialize per-instance NSCC parameters: flowid 115 _base_rtt=11685600 _base_bdp=146070 _bdp=146070 _min_cwnd=4150 _maxwnd=219105 _cwnd=219105
Initialize per-instance NSCC parameters: flowid 116 _base_rtt=11685600 _base_bdp=146070 _bdp=146070 _min_cwnd=4150 _maxwnd=219105 _cwnd=219105
Initialize per-instance NSCC parameters: flowid 117 _base_rtt=11685600 _base_bdp=146070 _bdp=146070 _min_cwnd=4150 _maxwnd=219105 _cwnd=219105
Initialize per-instance NSCC parameters: flowid 118 _base_rtt=11685600 _base_bdp=146070 _bdp=146070 _min_cwnd=4150 _maxwnd=219105 _cwnd=219105
Initialize per-instance NSCC parameters: flowid 119 _base_rtt=11685600 _base_bdp=146070 _bdp=146070 _min_cwnd=4150 _maxwnd=219105 _cwnd=219105
Initialize per-instance NSCC parameters: flowid 120 _base_rtt=11685600 _base_bdp=146070 _bdp=146070 _min_cwnd=4150 _maxwnd=219105 _cwnd=219105
Initialize per-instance NSCC parameters: flowid 121 _base_rtt=11685600 _base_bdp=146070 _bdp=146070 _min_cwnd=4150 _maxwnd=219105 _cwnd=219105
Initialize per-instance NSCC parameters: flowid 122 _base_rtt=11685600 _base_bdp=146070 _bdp=146070 _min_cwnd=4150 _maxwnd=219105 _cwnd=219105
Initialize per-instance NSCC parameters: flowid 123 _base_rtt=11685600 _base_bdp=146070 _bdp=146070 _min_cwnd=4150 _maxwnd=219105 _cwnd=219105
Initialize per-instance NSCC parameters: flowid 124 _base_rtt=11685600 _base_bdp=146070 _bdp=146070 _min_cwnd=4150 _maxwnd=219105 _cwnd=219105
Initialize per-instance NSCC parameters: flowid 125 _base_rtt=11685600 _base_bdp=146070 _bdp=146070 _min_cwnd=4150 _maxwnd=219105 _cwnd=219105
Initialize per-instance NSCC parameters: flowid 126 _base_rtt=11685600 _base_bdp=146070 _bdp=146070 _min_cwnd=4150 _maxwnd=219105 _cwnd=219105
Initialize per-instance NSCC parameters: flowid 127 _base_rtt=11685600 _base_bdp=146070 _bdp=146070 _min_cwnd=4150 _maxwnd=219105 _cwnd=219105
Initialize per-instance NSCC parameters: flowid 128 _base_rtt=11685600 _base_bdp=146070 _bdp=146070 _min_cwnd=4150 _maxwnd=219105 _cwnd=219105
Initialize per-instance NSCC parameters: flowid 129 _base_rtt=11685600 _base_bdp=146070 _bdp=146070 _min_cwnd=4150 _maxwnd=219105 _cwnd=219105
Initialize per-instance NSCC parameters: flowid 130 _base_rtt=11685600 _base_bdp=146070 _bdp=146070 _min_cwnd=4150 _maxwnd=219105 _cwnd=219105
Initialize per-instance NSCC parameters: flowid 131 _base_rtt=11685600 _base_bdp=146070 _bdp=146070 _min_cwnd=4150 _maxwnd=219105 _cwnd=219105
Initialize per-instance NSCC parameters: flowid 132 _base_rtt=11685600 _base_bdp=146070 _bdp=146070 _min_cwnd=4150 _maxwnd=219105 _cwnd=219105
Initialize per-instance NSCC parameters: flowid 133 _base_rtt=11685600 _base_bdp=146070 _bdp=146070 _min_cwnd=4150 _maxwnd=219105 _cwnd=219105
Initialize per-instance NSCC parameters: flowid 134 _base_rtt=11685600 _base_bdp=146070 _bdp=146070 _min_cwnd=4150 _maxwnd=219105 _cwnd=219105
Initialize per-instance NSCC parameters: flowid 135 _base_rtt=11685600 _base_bdp=146070 _bdp=146070 _min_cwnd=4150 _maxwnd=219105 _cwnd=219105
Initialize per-instance NSCC parameters: flowid 136 _base_rtt=11685600 _base_bdp=146070 _bdp=146070 _min_cwnd=4150 _maxwnd=219105 _cwnd=219105
Initialize per-instance NSCC parameters: flowid 137 _base_rtt=11685600 _base_bdp=146070 _bdp=146070 _min_cwnd=4150 _maxwnd=219105 _cwnd=219105
Initialize per-instance NSCC parameters: flowid 138 _base_rtt=11685600 _base_bdp=146070 _bdp=146070 _min_cwnd=4150 _maxwnd=219105 _cwnd=219105
Initialize per-instance NSCC parameters: flowid 139 _base_rtt=11685600 _base_bdp=146070 _bdp=146070 _min_cwnd=4150 _maxwnd=219105 _cwnd=219105
Initialize per-instance NSCC parameters: flowid 140 _base_rtt=11685600 _base_bdp=146070 _bdp=146070 _min_cwnd=4150 _maxwnd=219105 _cwnd=219105
Initialize per-instance NSCC parameters: flowid 141 _base_rtt=11685600 _base_bdp=146070 _bdp=146070 _min_cwnd=4150 _maxwnd=219105 _cwnd=219105
Initialize per-instance NSCC parameters: flowid 142 _base_rtt=11685600 _base_bdp=146070 _bdp=146070 _min_cwnd=4150 _maxwnd=219105 _cwnd=219105
Initialize per-instance NSCC parameters: flowid 143 _base_rtt=11685600 _base_bdp=146070 _bdp=146070 _min_cwnd=4150 _maxwnd=219105 _cwnd=219105
Initialize per-instance NSCC parameters: flowid 144 _base_rtt=11685600 _base_bdp=146070 _bdp=146070 _min_cwnd=4150 _maxwnd=219105 _cwnd=219105
Initialize per-instance NSCC parameters: flowid 145 _base_rtt=11685600 _base_bdp=146070 _bdp=146070 _min_cwnd=4150 _maxwnd=219105 _cwnd=219105
Initialize per-instance NSCC parameters: flowid 146 _base_rtt=11685600 _base_bdp=146070 _bdp=146070 _min_cwnd=4150 _maxwnd=219105 _cwnd=219105
Initialize per-instance NSCC parameters: flowid 147 _base_rtt=11685600 _base_bdp=146070 _bdp=146070 _min_cwnd=4150 _maxwnd=219105 _cwnd=219105
Initialize per-instance NSCC parameters: flowid 148 _base_rtt=11685600 _base_bdp=146070 _bdp=146070 _min_cwnd=4150 _maxwnd=219105 _cwnd=219105
Initialize per-instance NSCC parameters: flowid 149 _base_rtt=11685600 _base_bdp=146070 _bdp=146070 _min_cwnd=4150 _maxwnd=219105 _cwnd=219105
Initialize per-instance NSCC parameters: flowid 150 _base_rtt=11685600 _base_bdp=146070 _bdp=146070 _min_cwnd=4150 _maxwnd=219105 _cwnd=219105
Initialize per-instance NSCC parameters: flowid 151 _base_rtt=11685600 _base_bdp=146070 _bdp=146070 _min_cwnd=4150 _maxwnd=219105 _cwnd=219105
Initialize per-instance NSCC parameters: flowid 152 _base_rtt=11685600 _base_bdp=146070 _bdp=146070 _min_cwnd=4150 _maxwnd=219105 _cwnd=219105
Initialize per-instance NSCC parameters: flowid 153 _base_rtt=11685600 _base_bdp=146070 _bdp=146070 _min_cwnd=4150 _maxwnd=219105 _cwnd=219105
Initialize per-instance NSCC parameters: flowid 154 _base_rtt=11685600 _base_bdp=146070 _bdp=146070 _min_cwnd=4150 _maxwnd=219105 _cwnd=219105
Initialize per-instance NSCC parameters: flowid 155 _base_rtt=11685600 _base_bdp=146070 _bdp=146070 _min_cwnd=4150 _maxwnd=219105 _cwnd=219105
Initialize per-instance NSCC parameters: flowid 156 _base_rtt=11685600 _base_bdp=146070 _bdp=146070 _min_cwnd=4150 _maxwnd=219105 _cwnd=219105
Initialize per-instance NSCC parameters: flowid 157 _base_rtt=11685600 _base_bdp=146070 _bdp=146070 _min_cwnd=4150 _maxwnd=219105 _cwnd=219105
Initialize per-instance NSCC parameters: flowid 158 _base_rtt=11685600 _base_bdp=146070 _bdp=146070 _min_cwnd=4150 _maxwnd=219105 _cwnd=219105
Initialize per-instance NSCC parameters: flowid 159 _base_rtt=11685600 _base_bdp=146070 _bdp=146070 _min_cwnd=4150 _maxwnd=219105 _cwnd=219105
Initialize per-instance NSCC parameters: flowid 160 _base_rtt=11685600 _base_bdp=146070 _bdp=146070 _min_cwnd=4150 _maxwnd=219105 _cwnd=219105
Initialize per-instance NSCC parameters: flowid 161 _base_rtt=11685600 _base_bdp=146070 _bdp=146070 _min_cwnd=4150 _maxwnd=219105 _cwnd=219105
Initialize per-instance NSCC parameters: flowid 162 _base_rtt=11685600 _base_bdp=146070 _bdp=146070 _min_cwnd=4150 _maxwnd=219105 _cwnd=219105
Initialize per-instance NSCC parameters: flowid 163 _base_rtt=11685600 _base_bdp=146070 _bdp=146070 _min_cwnd=4150 _maxwnd=219105 _cwnd=219105
Initialize per-instance NSCC parameters: flowid 164 _base_rtt=11685600 _base_bdp=146070 _bdp=146070 _min_cwnd=4150 _maxwnd=219105 _cwnd=219105
Initialize per-instance NSCC parameters: flowid 165 _base_rtt=11685600 _base_bdp=146070 _bdp=146070 _min_cwnd=4150 _maxwnd=219105 _cwnd=219105
Initialize per-instance NSCC parameters: flowid 166 _base_rtt=11685600 _base_bdp=146070 _bdp=146070 _min_cwnd=4150 _maxwnd=219105 _cwnd=219105
Initialize per-instance NSCC parameters: flowid 167 _base_rtt=11685600 _base_bdp=146070 _bdp=146070 _min_cwnd=4150 _maxwnd=219105 _cwnd=219105
Initialize per-instance NSCC parameters: flowid 168 _base_rtt=11685600 _base_bdp=146070 _bdp=146070 _min_cwnd=4150 _maxwnd=219105 _cwnd=219105
Initialize per-instance NSCC parameters: flowid 169 _base_rtt=11685600 _base_bdp=146070 _bdp=146070 _min_cwnd=4150 _maxwnd=219105 _cwnd=219105
Initialize per-instance NSCC parameters: flowid 170 _base_rtt=11685600 _base_bdp=146070 _bdp=146070 _min_cwnd=4150 _maxwnd=219105 _cwnd=219105
Initialize per-instance NSCC parameters: flowid 171 _base_rtt=11685600 _base_bdp=146070 _bdp=146070 _min_cwnd=4150 _maxwnd=219105 _cwnd=219105
Initialize per-instance NSCC parameters: flowid 172 _base_rtt=11685600 _base_bdp=146070 _bdp=146070 _min_cwnd=4150 _maxwnd=219105 _cwnd=219105
Initialize per-instance NSCC parameters: flowid 173 _base_rtt=11685600 _base_bdp=146070 _bdp=146070 _min_cwnd=4150 _maxwnd=219105 _cwnd=219105
Initialize per-instance NSCC parameters: flowid 174 _base_rtt=11685600 _base_bdp=146070 _bdp=146070 _min_cwnd=4150 _maxwnd=219105 _cwnd=219105
Initialize per-instance NSCC parameters: flowid 175 _base_rtt=11685600 _base_bdp=146070 _bdp=146070 _min_cwnd=4150 _maxwnd=219105 _cwnd=219105
Initialize per-instance NSCC parameters: flowid 176 _base_rtt=11685600 _base_bdp=146070 _bdp=146070 _min_cwnd=4150 _maxwnd=219105 _cwnd=219105
Initialize per-instance NSCC parameters: flowid 177 _base_rtt=11685600 _base_bdp=146070 _bdp=146070 _min_cwnd=4150 _maxwnd=219105 _cwnd=219105
Initialize per-instance NSCC parameters: flowid 178 _base_rtt=11685600 _base_bdp=146070 _bdp=146070 _min_cwnd=4150 _maxwnd=219105 _cwnd=219105
Initialize per-instance NSCC parameters: flowid 179 _base_rtt=11685600 _base_bdp=146070 _bdp=146070 _min_cwnd=4150 _maxwnd=219105 _cwnd=219105
Initialize per-instance NSCC parameters: flowid 180 _base_rtt=11685600 _base_bdp=146070 _bdp=146070 _min_cwnd=4150 _maxwnd=219105 _cwnd=219105
Initialize per-instance NSCC parameters: flowid 181 _base_rtt=11685600 _base_bdp=146070 _bdp=146070 _min_cwnd=4150 _maxwnd=219105 _cwnd=219105
Initialize per-instance NSCC parameters: flowid 182 _base_rtt=11685600 _base_bdp=146070 _bdp=146070 _min_cwnd=4150 _maxwnd=219105 _cwnd=219105
Initialize per-instance NSCC parameters: flowid 183 _base_rtt=11685600 _base_bdp=146070 _bdp=146070 _min_cwnd=4150 _maxwnd=219105 _cwnd=219105
Initialize per-instance NSCC parameters: flowid 184 _base_rtt=11685600 _base_bdp=146070 _bdp=146070 _min_cwnd=4150 _maxwnd=219105 _cwnd=219105
Initialize per-instance NSCC parameters: flowid 185 _base_rtt=11685600 _base_bdp=146070 _bdp=146070 _min_cwnd=4150 _maxwnd=219105 _cwnd=219105
Initialize per-instance NSCC parameters: flowid 186 _base_rtt=11685600 _base_bdp=146070 _bdp=146070 _min_cwnd=4150 _maxwnd=219105 _cwnd=219105
Initialize per-instance NSCC parameters: flowid 187 _base_rtt=11685600 _base_bdp=146070 _bdp=146070 _min_cwnd=4150 _maxwnd=219105 _cwnd=219105
Initialize per-instance NSCC parameters: flowid 188 _base_rtt=11685600 _base_bdp=146070 _bdp=146070 _min_cwnd=4150 _maxwnd=219105 _cwnd=219105
Initialize per-instance NSCC parameters: flowid 189 _base_rtt=11685600 _base_bdp=146070 _bdp=146070 _min_cwnd=4150 _maxwnd=219105 _cwnd=219105
Initialize per-instance NSCC parameters: flowid 190 _base_rtt=11685600 _base_bdp=146070 _bdp=146070 _min_cwnd=4150 _maxwnd=219105 _cwnd=219105
Initialize per-instance NSCC parameters: flowid 191 _base_rtt=11685600 _base_bdp=146070 _bdp=146070 _min_cwnd=4150 _maxwnd=219105 _cwnd=219105
Initialize per-instance NSCC parameters: flowid 192 _base_rtt=11685600 _base_bdp=146070 _bdp=146070 _min_cwnd=4150 _maxwnd=219105 _cwnd=219105
Initialize per-instance NSCC parameters: flowid 193 _base_rtt=11685600 _base_bdp=146070 _bdp=146070 _min_cwnd=4150 _maxwnd=219105 _cwnd=219105
Initialize per-instance NSCC parameters: flowid 194 _base_rtt=11685600 _base_bdp=146070 _bdp=146070 _min_cwnd=4150 _maxwnd=219105 _cwnd=219105
Initialize per-instance NSCC parameters: flowid 195 _base_rtt=11685600 _base_bdp=146070 _bdp=146070 _min_cwnd=4150 _maxwnd=219105 _cwnd=219105
Initialize per-instance NSCC parameters: flowid 196 _base_rtt=11685600 _base_bdp=146070 _bdp=146070 _min_cwnd=4150 _maxwnd=219105 _cwnd=219105
Initialize per-instance NSCC parameters: flowid 197 _base_rtt=11685600 _base_bdp=146070 _bdp=146070 _min_cwnd=4150 _maxwnd=219105 _cwnd=219105
Initialize per-instance NSCC parameters: flowid 198 _base_rtt=11685600 _base_bdp=146070 _bdp=146070 _min_cwnd=4150 _maxwnd=219105 _cwnd=219105
Initialize per-instance NSCC parameters: flowid 199 _base_rtt=11685600 _base_bdp=146070 _bdp=146070 _min_cwnd=4150 _maxwnd=219105 _cwnd=219105
Initialize per-instance NSCC parameters: flowid 200 _base_rtt=11685600 _base_bdp=146070 _bdp=146070 _min_cwnd=4150 _maxwnd=219105 _cwnd=219105
Initialize per-instance NSCC parameters: flowid 201 _base_rtt=11685600 _base_bdp=146070 _bdp=146070 _min_cwnd=4150 _maxwnd=219105 _cwnd=219105
Initialize per-instance NSCC parameters: flowid 202 _base_rtt=11685600 _base_bdp=146070 _bdp=146070 _min_cwnd=4150 _maxwnd=219105 _cwnd=219105
Initialize per-instance NSCC parameters: flowid 203 _base_rtt=11685600 _base_bdp=146070 _bdp=146070 _min_cwnd=4150 _maxwnd=219105 _cwnd=219105
Initialize per-instance NSCC parameters: flowid 204 _base_rtt=11685600 _base_bdp=146070 _bdp=146070 _min_cwnd=4150 _maxwnd=219105 _cwnd=219105
Initialize per-instance NSCC parameters: flowid 205 _base_rtt=11685600 _base_bdp=146070 _bdp=146070 _min_cwnd=4150 _maxwnd=219105 _cwnd=219105
Initialize per-instance NSCC parameters: flowid 206 _base_rtt=11685600 _base_bdp=146070 _bdp=146070 _min_cwnd=4150 _maxwnd=219105 _cwnd=219105
Initialize per-instance NSCC parameters: flowid 207 _base_rtt=11685600 _base_bdp=146070 _bdp=146070 _min_cwnd=4150 _maxwnd=219105 _cwnd=219105
Initialize per-instance NSCC parameters: flowid 208 _base_rtt=11685600 _base_bdp=146070 _bdp=146070 _min_cwnd=4150 _maxwnd=219105 _cwnd=219105
Initialize per-instance NSCC parameters: flowid 209 _base_rtt=11685600 _base_bdp=146070 _bdp=146070 _min_cwnd=4150 _maxwnd=219105 _cwnd=219105
Initialize per-instance NSCC parameters: flowid 210 _base_rtt=11685600 _base_bdp=146070 _bdp=146070 _min_cwnd=4150 _maxwnd=219105 _cwnd=219105
Initialize per-instance NSCC parameters: flowid 211 _base_rtt=11685600 _base_bdp=146070 _bdp=146070 _min_cwnd=4150 _maxwnd=219105 _cwnd=219105
Initialize per-instance NSCC parameters: flowid 212 _base_rtt=11685600 _base_bdp=146070 _bdp=146070 _min_cwnd=4150 _maxwnd=219105 _cwnd=219105
Initialize per-instance NSCC parameters: flowid 213 _base_rtt=11685600 _base_bdp=146070 _bdp=146070 _min_cwnd=4150 _maxwnd=219105 _cwnd=219105
Initialize per-instance NSCC parameters: flowid 214 _base_rtt=11685600 _base_bdp=146070 _bdp=146070 _min_cwnd=4150 _maxwnd=219105 _cwnd=219105
Initialize per-instance NSCC parameters: flowid 215 _base_rtt=11685600 _base_bdp=146070 _bdp=146070 _min_cwnd=4150 _maxwnd=219105 _cwnd=219105
Initialize per-instance NSCC parameters: flowid 216 _base_rtt=11685600 _base_bdp=146070 _bdp=146070 _min_cwnd=4150 _maxwnd=219105 _cwnd=219105
Initialize per-instance NSCC parameters: flowid 217 _base_rtt=11685600 _base_bdp=146070 _bdp=146070 _min_cwnd=4150 _maxwnd=219105 _cwnd=219105
Initialize per-instance NSCC parameters: flowid 218 _base_rtt=11685600 _base_bdp=146070 _bdp=146070 _min_cwnd=4150 _maxwnd=219105 _cwnd=219105
Starting simulation
Flow Uec_86_214 flowId 1 uecSrc 0 starting at 0
Flow Uec_51_179 flowId 2 uecSrc 1 starting at 0
Flow Uec_17_145 flowId 3 uecSrc 2 starting at 0
Flow Uec_99_227 flowId 4 uecSrc 3 starting at 0
Flow Uec_222_94 flowId 5 uecSrc 4 starting at 0
Flow Uec_64_192 flowId 6 uecSrc 5 starting at 0
Flow Uec_197_69 flowId 7 uecSrc 6 starting at 0
Flow Uec_245_117 flowId 8 uecSrc 7 starting at 0
Flow Uec_233_105 flowId 9 uecSrc 8 starting at 0
Flow Uec_38_166 flowId 10 uecSrc 9 starting at 0
Flow Uec_243_115 flowId 11 uecSrc 10 starting at 0
Flow Uec_160_32 flowId 12 uecSrc 11 starting at 0
Flow Uec_166_38 flowId 13 uecSrc 12 starting at 0
Flow Uec_119_247 flowId 14 uecSrc 13 starting at 0
Flow Uec_9_137 flowId 15 uecSrc 14 starting at 0
Flow Uec_241_113 flowId 16 uecSrc 15 starting at 0
Flow Uec_140_12 flowId 17 uecSrc 16 starting at 0
Flow Uec_210_82 flowId 18 uecSrc 17 starting at 0
Flow Uec_192_64 flowId 19 uecSrc 18 starting at 0
Flow Uec_240_112 flowId 20 uecSrc 19 starting at 0
Flow Uec_120_248 flowId 21 uecSrc 20 starting at 0
Flow Uec_70_198 flowId 22 uecSrc 21 starting at 0
Flow Uec_7_135 flowId 23 uecSrc 22 starting at 0
Flow Uec_253_125 flowId 24 uecSrc 23 starting at 0
Flow Uec_149_21 flowId 25 uecSrc 24 starting at 0
Flow Uec_55_183 flowId 26 uecSrc 25 starting at 0
Flow Uec_155_27 flowId 27 uecSrc 26 starting at 0
Flow Uec_154_26 flowId 28 uecSrc 27 starting at 0
Flow Uec_117_245 flowId 29 uecSrc 28 starting at 0
Flow Uec_47_175 flowId 30 uecSrc 29 starting at 0
Flow Uec_198_70 flowId 31 uecSrc 30 starting at 0
Flow Uec_91_219 flowId 32 uecSrc 31 starting at 0
Flow Uec_199_71 flowId 33 uecSrc 32 starting at 0
Flow Uec_214_86 flowId 34 uecSrc 33 starting at 0
Flow Uec_151_23 flowId 35 uecSrc 34 starting at 0
Flow Uec_104_232 flowId 36 uecSrc 35 starting at 0
Flow Uec_237_109 flowId 37 uecSrc 36 starting at 0
Flow Uec_110_238 flowId 38 uecSrc 37 starting at 0
Flow Uec_134_6 flowId 39 uecSrc 38 starting at 0
Flow Uec_165_37 flowId 40 uecSrc 39 starting at 0
Flow Uec_73_201 flowId 41 uecSrc 40 starting at 0
Flow Uec_97_225 flowId 42 uecSrc 41 starting at 0
Flow Uec_239_111 flowId 43 uecSrc 42 starting at 0
Flow Uec_130_2 flowId 44 uecSrc 43 starting at 0
Flow Uec_157_29 flowId 45 uecSrc 44 starting at 0
Flow Uec_77_205 flowId 46 uecSrc 45 starting at 0
Flow Uec_35_163 flowId 47 uecSrc 46 starting at 0
Flow Uec_71_199 flowId 48 uecSrc 47 starting at 0
Flow Uec_37_165 flowId 49 uecSrc 48 starting at 0
Flow Uec_143_15 flowId 50 uecSrc 49 starting at 0
Flow Uec_193_65 flowId 51 uecSrc 50 starting at 0
Flow Uec_101_229 flowId 52 uecSrc 51 starting at 0
Flow Uec_211_83 flowId 53 uecSrc 52 starting at 0
Flow Uec_188_60 flowId 54 uecSrc 53 starting at 0
Flow Uec_195_67 flowId 55 uecSrc 54 starting at 0
Flow Uec_209_81 flowId 56 uecSrc 55 starting at 0
Flow Uec_44_172 flowId 57 uecSrc 56 starting at 0
Flow Uec_105_233 flowId 58 uecSrc 57 starting at 0
Flow Uec_254_126 flowId 59 uecSrc 58 starting at 0
Flow Uec_36_164 flowId 60 uecSrc 59 starting at 0
Flow Uec_142_14 flowId 61 uecSrc 60 starting at 0
Flow Uec_185_57 flowId 62 uecSrc 61 starting at 0
Flow Uec_244_116 flowId 63 uecSrc 62 starting at 0
Flow Uec_164_36 flowId 64 uecSrc 63 starting at 0
Flow Uec_100_228 flowId 65 uecSrc 64 starting at 0
Flow Uec_252_124 flowId 66 uecSrc 65 starting at 0
Flow Uec_45_173 flowId 67 uecSrc 66 starting at 0
Flow Uec_248_120 flowId 68 uecSrc 67 starting at 0
Flow Uec_98_226 flowId 69 uecSrc 68 starting at 0
Flow Uec_90_218 flowId 70 uecSrc 69 starting at 0
Flow Uec_147_19 flowId 71 uecSrc 70 starting at 0
Flow Uec_72_200 flowId 72 uecSrc 71 starting at 0
Flow Uec_80_208 flowId 73 uecSrc 72 starting at 0
Flow Uec_229_101 flowId 74 uecSrc 73 starting at 0
Flow Uec_82_210 flowId 75 uecSrc 74 starting at 0
Flow Uec_76_204 flowId 76 uecSrc 75 starting at 0
Flow Uec_32_160 flowId 77 uecSrc 76 starting at 0
Flow Uec_31_159 flowId 78 uecSrc 77 starting at 0
Flow Uec_52_180 flowId 79 uecSrc 78 starting at 0
Flow Uec_208_80 flowId 80 uecSrc 79 starting at 0
Flow Uec_144_16 flowId 81 uecSrc 80 starting at 0
Flow Uec_103_231 flowId 82 uecSrc 81 starting at 0
Flow Uec_203_75 flowId 83 uecSrc 82 starting at 0
Flow Uec_59_187 flowId 84 uecSrc 83 starting at 0
Flow Uec_133_5 flowId 85 uecSrc 84 starting at 0
Flow Uec_132_4 flowId 86 uecSrc 85 starting at 0
Flow Uec_175_47 flowId 87 uecSrc 86 starting at 0
Flow Uec_68_196 flowId 88 uecSrc 87 starting at 0
Flow Uec_150_22 flowId 89 uecSrc 88 starting at 0
Flow Uec_171_43 flowId 90 uecSrc 89 starting at 0
Flow Uec_3_131 flowId 91 uecSrc 90 starting at 0
Flow Uec_40_168 flowId 92 uecSrc 91 starting at 0
Flow Uec_238_110 flowId 93 uecSrc 92 starting at 0
Flow Uec_20_148 flowId 94 uecSrc 93 starting at 0
Flow Uec_183_55 flowId 95 uecSrc 94 starting at 0
Flow Uec_25_153 flowId 96 uecSrc 95 starting at 0
Flow Uec_43_171 flowId 97 uecSrc 96 starting at 0
Flow Uec_2_130 flowId 98 uecSrc 97 starting at 0
Flow Uec_189_61 flowId 99 uecSrc 98 starting at 0
Flow Uec_27_155 flowId 100 uecSrc 99 starting at 0
Flow Uec_10_138 flowId 101 uecSrc 100 starting at 0
Flow Uec_12_140 flowId 102 uecSrc 101 starting at 0
Flow Uec_102_230 flowId 103 uecSrc 102 starting at 0
Flow Uec_39_167 flowId 104 uecSrc 103 starting at 0
Flow Uec_125_253 flowId 105 uecSrc 104 starting at 0
Flow Uec_79_207 flowId 106 uecSrc 105 starting at 0
Flow Uec_8_136 flowId 107 uecSrc 106 starting at 0
Flow Uec_28_156 flowId 108 uecSrc 107 starting at 0
Flow Uec_249_121 flowId 109 uecSrc 108 starting at 0
Flow Uec_234_106 flowId 110 uecSrc 109 starting at 0
Flow Uec_182_54 flowId 111 uecSrc 110 starting at 0
Flow Uec_148_20 flowId 112 uecSrc 111 starting at 0
Flow Uec_26_154 flowId 113 uecSrc 112 starting at 0
Flow Uec_223_95 flowId 114 uecSrc 113 starting at 0
Flow Uec_217_89 flowId 115 uecSrc 114 starting at 0
Flow Uec_58_186 flowId 116 uecSrc 115 starting at 0
Flow Uec_24_152 flowId 117 uecSrc 116 starting at 0
Flow Uec_29_157 flowId 118 uecSrc 117 starting at 0
Flow Uec_75_203 flowId 119 uecSrc 118 starting at 0
Flow Uec_96_224 flowId 120 uecSrc 119 starting at 0
Flow Uec_61_189 flowId 121 uecSrc 120 starting at 0
Flow Uec_181_53 flowId 122 uecSrc 121 starting at 0
Flow Uec_196_68 flowId 123 uecSrc 122 starting at 0
Flow Uec_46_174 flowId 124 uecSrc 123 starting at 0
Flow Uec_215_87 flowId 125 uecSrc 124 starting at 0
Flow Uec_156_28 flowId 126 uecSrc 125 starting at 0
Flow Uec_1_129 flowId 127 uecSrc 126 starting at 0
Flow Uec_124_252 flowId 128 uecSrc 127 starting at 0
Flow Uec_251_123 flowId 129 uecSrc 128 starting at 0
Flow Uec_69_197 flowId 130 uecSrc 129 starting at 0
Flow Uec_187_59 flowId 131 uecSrc 130 starting at 0
Flow Uec_33_161 flowId 132 uecSrc 131 starting at 0
Flow Uec_221_93 flowId 133 uecSrc 132 starting at 0
Flow Uec_135_7 flowId 134 uecSrc 133 starting at 0
Flow Uec_184_56 flowId 135 uecSrc 134 starting at 0
Flow Uec_152_24 flowId 136 uecSrc 135 starting at 0
Flow Uec_93_221 flowId 137 uecSrc 136 starting at 0
Flow Uec_19_147 flowId 138 uecSrc 137 starting at 0
Flow Uec_94_222 flowId 139 uecSrc 138 starting at 0
Flow Uec_218_90 flowId 140 uecSrc 139 starting at 0
Flow Uec_176_48 flowId 141 uecSrc 140 starting at 0
Flow Uec_128_0 flowId 142 uecSrc 141 starting at 0
Flow Uec_207_79 flowId 143 uecSrc 142 starting at 0
Flow Uec_141_13 flowId 144 uecSrc 143 starting at 0
Flow Uec_242_114 flowId 145 uecSrc 144 starting at 0
Flow Uec_201_73 flowId 146 uecSrc 145 starting at 0
Flow Uec_139_11 flowId 147 uecSrc 146 starting at 0
Flow Uec_85_213 flowId 148 uecSrc 147 starting at 0
Flow Uec_23_151 flowId 149 uecSrc 148 starting at 0
Flow Uec_145_17 flowId 150 uecSrc 149 starting at 0
Flow Uec_129_1 flowId 151 uecSrc 150 starting at 0
Flow Uec_22_150 flowId 152 uecSrc 151 starting at 0
Flow Uec_213_85 flowId 153 uecSrc 152 starting at 0
Flow Uec_88_216 flowId 154 uecSrc 153 starting at 0
Flow Uec_228_100 flowId 155 uecSrc 154 starting at 0
Flow Uec_121_249 flowId 156 uecSrc 155 starting at 0
Flow Uec_131_3 flowId 157 uecSrc 156 starting at 0
Flow Uec_224_96 flowId 158 uecSrc 157 starting at 0
Flow Uec_111_239 flowId 159 uecSrc 158 starting at 0
Flow Uec_194_66 flowId 160 uecSrc 159 starting at 0
Flow Uec_6_134 flowId 161 uecSrc 160 starting at 0
Flow Uec_205_77 flowId 162 uecSrc 161 starting at 0
Flow Uec_62_190 flowId 163 uecSrc 162 starting at 0
Flow Uec_15_143 flowId 164 uecSrc 163 starting at 0
Flow Uec_161_33 flowId 165 uecSrc 164 starting at 0
Flow Uec_136_8 flowId 166 uecSrc 165 starting at 0
Flow Uec_118_246 flowId 167 uecSrc 166 starting at 0
Flow Uec_66_194 flowId 168 uecSrc 167 starting at 0
Flow Uec_34_162 flowId 169 uecSrc 168 starting at 0
Flow Uec_250_122 flowId 170 uecSrc 169 starting at 0
Flow Uec_50_178 flowId 171 uecSrc 170 starting at 0
Flow Uec_200_72 flowId 172 uecSrc 171 starting at 0
Flow Uec_169_41 flowId 173 uecSrc 172 starting at 0
Flow Uec_116_244 flowId 174 uecSrc 173 starting at 0
Flow Uec_112_240 flowId 175 uecSrc 174 starting at 0
Flow Uec_115_243 flowId 176 uecSrc 175 starting at 0
Flow Uec_226_98 flowId 177 uecSrc 176 starting at 0
Flow Uec_18_146 flowId 178 uecSrc 177 starting at 0
Flow Uec_162_34 flowId 179 uecSrc 178 starting at 0
Flow Uec_255_127 flowId 180 uecSrc 179 starting at 0
Flow Uec_78_206 flowId 181 uecSrc 180 starting at 0
Flow Uec_65_193 flowId 182 uecSrc 181 starting at 0
Flow Uec_153_25 flowId 183 uecSrc 182 starting at 0
Flow Uec_113_241 flowId 184 uecSrc 183 starting at 0
Flow Uec_0_128 flowId 185 uecSrc 184 starting at 0
Flow Uec_227_99 flowId 186 uecSrc 185 starting at 0
Flow Uec_235_107 flowId 187 uecSrc 186 starting at 0
Flow Uec_87_215 flowId 188 uecSrc 187 starting at 0
Flow Uec_206_78 flowId 189 uecSrc 188 starting at 0
Flow Uec_63_191 flowId 190 uecSrc 189 starting at 0
Flow Uec_60_188 flowId 191 uecSrc 190 starting at 0
Flow Uec_122_250 flowId 192 uecSrc 191 starting at 0
Flow Uec_204_76 flowId 193 uecSrc 192 starting at 0
Flow Uec_14_142 flowId 194 uecSrc 193 starting at 0
Flow Uec_168_40 flowId 195 uecSrc 194 starting at 0
Flow Uec_109_237 flowId 196 uecSrc 195 starting at 0
Flow Uec_186_58 flowId 197 uecSrc 196 starting at 0
Flow Uec_54_182 flowId 198 uecSrc 197 starting at 0
Flow Uec_13_141 flowId 199 uecSrc 198 starting at 0
Flow Uec_158_30 flowId 200 uecSrc 199 starting at 0
Flow Uec_49_177 flowId 201 uecSrc 200 starting at 0
Flow Uec_177_49 flowId 202 uecSrc 201 starting at 0
Flow Uec_67_195 flowId 203 uecSrc 202 starting at 0
Flow Uec_172_44 flowId 204 uecSrc 203 starting at 0
Flow Uec_231_103 flowId 205 uecSrc 204 starting at 0
Flow Uec_180_52 flowId 206 uecSrc 205 starting at 0
Flow Uec_236_108 flowId 207 uecSrc 206 starting at 0
Flow Uec_178_50 flowId 208 uecSrc 207 starting at 0
Flow Uec_83_211 flowId 209 uecSrc 208 starting at 0
Flow Uec_230_102 flowId 210 uecSrc 209 starting at 0
Flow Uec_246_118 flowId 211 uecSrc 210 starting at 0
Flow Uec_167_39 flowId 212 uecSrc 211 starting at 0
Flow Uec_146_18 flowId 213 uecSrc 212 starting at 0
Flow Uec_21_149 flowId 214 uecSrc 213 starting at 0
Flow Uec_4_132 flowId 215 uecSrc 214 starting at 0
Flow Uec_57_185 flowId 216 uecSrc 215 starting at 0
Flow Uec_108_236 flowId 217 uecSrc 216 starting at 0
Flow Uec_89_217 flowId 218 uecSrc 217 starting at 0
138.515 flowid 132 Spurious 22
139.098 flowid 78 Spurious 10
155.117 flowid 179 Spurious 49
157.695 flowid 78 Spurious 56
Flow Uec_119_247 flowId 14 uecSrc 13 finished at 175.248 total messages 1 total packets 490 RTS 0 total bytes 2002140 in_flight now 0 fair_inc 0 prop_inc 46071 fast_inc 242460 eta_inc 8344 multi_dec -0 quick_dec -0 nack_dec -0
Flow Uec_194_66 flowId 160 uecSrc 159 finished at 176.361 total messages 1 total packets 490 RTS 0 total bytes 2002140 in_flight now 0 fair_inc 0 prop_inc 75298 fast_inc 121230 eta_inc 8344 multi_dec -0 quick_dec -0 nack_dec -0
Flow Uec_153_25 flowId 183 uecSrc 182 finished at 176.722 total messages 1 total packets 490 RTS 0 total bytes 2002140 in_flight now 0 fair_inc 0 prop_inc 84708 fast_inc 0 eta_inc 7748 multi_dec -0 quick_dec -0 nack_dec -0
Flow Uec_177_49 flowId 202 uecSrc 201 finished at 177.102 total messages 1 total packets 490 RTS 0 total bytes 2002140 in_flight now 0 fair_inc 0 prop_inc 86722 fast_inc 0 eta_inc 8344 multi_dec -0 quick_dec -0 nack_dec -0
Flow Uec_120_248 flowId 21 uecSrc 20 finished at 177.261 total messages 1 total packets 490 RTS 0 total bytes 2002140 in_flight now 0 fair_inc 0 prop_inc 83156 fast_inc 0 eta_inc 8344 multi_dec -0 quick_dec -0 nack_dec -0
Flow Uec_121_249 flowId 156 uecSrc 155 finished at 177.393 total messages 1 total packets 490 RTS 0 total bytes 2002140 in_flight now 0 fair_inc 0 prop_inc 86860 fast_inc 0 eta_inc 8344 multi_dec -0 quick_dec -0 nack_dec -0
179.998 flowid 12 Spurious 28
Flow Uec_125_253 flowId 105 uecSrc 104 finished at 181.187 total messages 1 total packets 490 RTS 0 total bytes 2002140 in_flight now 0 fair_inc 0 prop_inc 65813 fast_inc 0 eta_inc 8344 multi_dec -0 quick_dec -0 nack_dec -0
187.974 flowid 78 Spurious 123
Flow Uec_248_120 flowId 68 uecSrc 67 finished at 188.76 total messages 1 total packets 490 RTS 0 total bytes 2002140 in_flight now 0 fair_inc 0 prop_inc 25639 fast_inc 0 eta_inc 8940 multi_dec -0 quick_dec -0 nack_dec -0
Flow Uec_239_111 flowId 43 uecSrc 42 finished at 191.502 total messages 1 total packets 490 RTS 0 total bytes 2002140 in_flight now 0 fair_inc 0 prop_inc 26405 fast_inc 0 eta_inc 8940 multi_dec -0 quick_dec -0 nack_dec -0
Flow Uec_253_125 flowId 24 uecSrc 23 finished at 192.349 total messages 1 total packets 490 RTS 0 total bytes 2002140 in_flight now 0 fair_inc 0 prop_inc 28856 fast_inc 0 eta_inc 8940 multi_dec -0 quick_dec -0 nack_dec -0
Flow Uec_230_102 flowId 210 uecSrc 209 finished at 198.034 total messages 1 total packets 490 RTS 0 total bytes 2002140 in_flight now 0 fair_inc 5616 prop_inc 20190 fast_inc 0 eta_inc 9536 multi_dec -0 quick_dec -0 nack_dec -0
205.479 flowid 10 Spurious 184
Flow Uec_18_146 flowId 178 uecSrc 177 finished at 206.678 total messages 1 total packets 490 RTS 0 total bytes 2002140 in_flight now 0 fair_inc 10867 prop_inc 11380 fast_inc 0 eta_inc 9536 multi_dec -0 quick_dec -0 nack_dec -0
210.308 flowid 23 Spurious 161
Flow Uec_237_109 flowId 37 uecSrc 36 finished at 212.638 total messages 1 total packets 490 RTS 0 total bytes 2002140 in_flight now 0 fair_inc 6319 prop_inc 18634 fast_inc 0 eta_inc 10132 multi_dec -29845 quick_dec -0 nack_dec -0
Flow Uec_250_122 flowId 170 uecSrc 169 finished at 213.813 total messages 1 total packets 490 RTS 0 total bytes 2002140 in_flight now 0 fair_inc 5123 prop_inc 14689 fast_inc 0 eta_inc 10132 multi_dec -27154 quick_dec -0 nack_dec -0
215.843 flowid 113 Spurious 209
Flow Uec_0_128 flowId 185 uecSrc 184 finished at 216.135 total messages 1 total packets 490 RTS 0 total bytes 2002140 in_flight now 0 fair_inc 6835 prop_inc 40784 fast_inc 0 eta_inc 10132 multi_dec -71885 quick_dec -0 nack_dec -0
216.152 flowid 23 Spurious 168
217.508 flowid 113 Spurious 213
Flow Uec_22_150 flowId 152 uecSrc 151 finished at 217.612 total messages 1 total packets 490 RTS 0 total bytes 2002140 in_flight now 0 fair_inc 3274 prop_inc 20485 fast_inc 0 eta_inc 10132 multi_dec -52775 quick_dec -0 nack_dec -0
217.845 flowid 113 Spurious 214
Flow Uec_17_145 flowId 3 uecSrc 2 finished at 219.396 total messages 1 total packets 491 RTS 1 total bytes 2002140 in_flight now 0 fair_inc 9800 prop_inc 3600 fast_inc 0 eta_inc 10132 multi_dec -0 quick_dec -0 nack_dec -8300
219.398 flowid 100 Spurious 189
219.73 flowid 100 Spurious 190
221.727 flowid 100 Spurious 195
223.273 flowid 96 Spurious 224
229.249 flowid 96 Spurious 231
229.256 flowid 113 Spurious 241
230.411 flowid 149 Spurious 246
232.574 flowid 96 Spurious 239
234.245 flowid 96 Spurious 246
234.974 flowid 25 Spurious 12
243.78 flowid 138 Spurious 256
244.118 flowid 138 Spurious 259
244.455 flowid 138 Spurious 260
254.679 flowid 113 Spurious 309
Flow Uec_122_250 flowId 192 uecSrc 191 finished at 263.012 total messages 1 total packets 490 RTS 0 total bytes 2002140 in_flight now 0 fair_inc 12040 prop_inc 46621 fast_inc 0 eta_inc 12516 multi_dec -97245 quick_dec -0 nack_dec -24900
Flow Uec_102_230 flowId 103 uecSrc 102 finished at 264.559 total messages 1 total packets 490 RTS 0 total bytes 2002140 in_flight now 0 fair_inc 11195 prop_inc 41057 fast_inc 0 eta_inc 12516 multi_dec -110929 quick_dec -0 nack_dec -8300
266.724 flowid 97 Spurious 196
Flow Uec_147_19 flowId 71 uecSrc 70 finished at 277.528 total messages 1 total packets 490 RTS 0 total bytes 2002140 in_flight now 0 fair_inc 6613 prop_inc 52857 fast_inc 0 eta_inc 12516 multi_dec -59958 quick_dec -0 nack_dec -53950
Flow Uec_36_164 flowId 60 uecSrc 59 finished at 278.178 total messages 1 total packets 492 RTS 2 total bytes 2002140 in_flight now 0 fair_inc 10615 prop_inc 16937 fast_inc 0 eta_inc 10728 multi_dec -0 quick_dec -197894 nack_dec -8300
Flow Uec_142_14 flowId 61 uecSrc 60 finished at 284.582 total messages 1 total packets 490 RTS 0 total bytes 2002140 in_flight now 0 fair_inc 4131 prop_inc 49617 fast_inc 0 eta_inc 13708 multi_dec -93463 quick_dec -0 nack_dec -33200
Flow Uec_26_154 flowId 113 uecSrc 112 finished at 292.577 total messages 1 total packets 494 RTS 4 total bytes 2002140 in_flight now 0 fair_inc 6188 prop_inc 10217 fast_inc 0 eta_inc 12516 multi_dec -0 quick_dec -159377 nack_dec -8300
294.263 flowid 108 Spurious 422
Flow Uec_136_8 flowId 166 uecSrc 165 finished at 294.496 total messages 1 total packets 492 RTS 2 total bytes 2002140 in_flight now 0 fair_inc 5537 prop_inc 42459 fast_inc 0 eta_inc 13112 multi_dec -0 quick_dec -0 nack_dec -78850
295.212 flowid 108 Spurious 424
Flow Uec_28_156 flowId 108 uecSrc 107 finished at 298.272 total messages 1 total packets 490 RTS 0 total bytes 2002140 in_flight now 0 fair_inc 7640 prop_inc 13663 fast_inc 0 eta_inc 10132 multi_dec -0 quick_dec -197067 nack_dec -20750
Flow Uec_19_147 flowId 138 uecSrc 137 finished at 310.462 total messages 1 total packets 494 RTS 4 total bytes 2002140 in_flight now 0 fair_inc 22523 prop_inc 7190 fast_inc 0 eta_inc 13112 multi_dec -14241 quick_dec -0 nack_dec -16600
Flow Uec_39_167 flowId 104 uecSrc 103 finished at 311.665 total messages 1 total packets 492 RTS 2 total bytes 2002140 in_flight now 0 fair_inc 10607 prop_inc 19443 fast_inc 3030 eta_inc 13112 multi_dec -0 quick_dec -188900 nack_dec -4150
Flow Uec_132_4 flowId 86 uecSrc 85 finished at 312.46 total messages 1 total packets 490 RTS 0 total bytes 2002140 in_flight now 0 fair_inc 12812 prop_inc 38065 fast_inc 0 eta_inc 14304 multi_dec -99826 quick_dec -0 nack_dec -29050
Flow Uec_25_153 flowId 96 uecSrc 95 finished at 313.829 total messages 1 total packets 491 RTS 1 total bytes 2002140 in_flight now 0 fair_inc 15683 prop_inc 11514 fast_inc 0 eta_inc 12516 multi_dec -0 quick_dec -0 nack_dec -8300
Flow Uec_49_177 flowId 201 uecSrc 200 finished at 313.87 total messages 1 total packets 490 RTS 0 total bytes 2002140 in_flight now 0 fair_inc 5499 prop_inc 46314 fast_inc 0 eta_inc 14900 multi_dec -59721 quick_dec -0 nack_dec -83000
Flow Uec_213_85 flowId 153 uecSrc 152 finished at 314.354 total messages 1 total packets 490 RTS 0 total bytes 2002140 in_flight now 0 fair_inc 4945 prop_inc 30704 fast_inc 0 eta_inc 14900 multi_dec -85009 quick_dec -0 nack_dec -41500
317.956 flowid 96 Spurious 455
318.625 flowid 96 Spurious 457
Flow Uec_157_29 flowId 45 uecSrc 44 finished at 318.945 total messages 1 total packets 491 RTS 1 total bytes 2002140 in_flight now 0 fair_inc 10076 prop_inc 36622 fast_inc 0 eta_inc 14304 multi_dec -103243 quick_dec -0 nack_dec -33200
Flow Uec_118_246 flowId 167 uecSrc 166 finished at 320.53 total messages 1 total packets 490 RTS 0 total bytes 2002140 in_flight now 0 fair_inc 3133 prop_inc 31282 fast_inc 0 eta_inc 15496 multi_dec -86280 quick_dec -0 nack_dec -41500
322.006 flowid 102 Spurious 220
Flow Uec_130_2 flowId 44 uecSrc 43 finished at 322.22 total messages 1 total packets 491 RTS 1 total bytes 2002140 in_flight now 0 fair_inc 9101 prop_inc 44098 fast_inc 0 eta_inc 14304 multi_dec -97075 quick_dec -0 nack_dec -37350
Flow Uec_133_5 flowId 85 uecSrc 84 finished at 322.532 total messages 1 total packets 490 RTS 0 total bytes 2002140 in_flight now 0 fair_inc 3831 prop_inc 26812 fast_inc 0 eta_inc 14900 multi_dec -98071 quick_dec -0 nack_dec -29050
Flow Uec_24_152 flowId 117 uecSrc 116 finished at 322.641 total messages 1 total packets 497 RTS 7 total bytes 2002140 in_flight now 0 fair_inc 13208 prop_inc 13409 fast_inc 0 eta_inc 13708 multi_dec -0 quick_dec -0 nack_dec -8300
Flow Uec_196_68 flowId 123 uecSrc 122 finished at 325.503 total messages 1 total packets 490 RTS 0 total bytes 2002140 in_flight now 0 fair_inc 4084 prop_inc 30098 fast_inc 0 eta_inc 15496 multi_dec -80899 quick_dec -0 nack_dec -49800
Flow Uec_180_52 flowId 206 uecSrc 205 finished at 325.744 total messages 1 total packets 490 RTS 0 total bytes 2002140 in_flight now 0 fair_inc 4955 prop_inc 38906 fast_inc 0 eta_inc 15496 multi_dec -108256 quick_dec -0 nack_dec -37350
Flow Uec_38_166 flowId 10 uecSrc 9 finished at 326.47 total messages 1 total packets 496 RTS 6 total bytes 2002140 in_flight now 0 fair_inc 15761 prop_inc 14563 fast_inc 2020 eta_inc 13112 multi_dec -0 quick_dec -170810 nack_dec -16600
Flow Uec_189_61 flowId 99 uecSrc 98 finished at 328.515 total messages 1 total packets 490 RTS 0 total bytes 2002140 in_flight now 0 fair_inc 7588 prop_inc 39246 fast_inc 0 eta_inc 15496 multi_dec -101821 quick_dec -0 nack_dec -45650
Flow Uec_70_198 flowId 22 uecSrc 21 finished at 330.068 total messages 1 total packets 490 RTS 0 total bytes 2002140 in_flight now 0 fair_inc 2619 prop_inc 30049 fast_inc 0 eta_inc 15496 multi_dec -76271 quick_dec -0 nack_dec -53950
Flow Uec_104_232 flowId 36 uecSrc 35 finished at 330.31 total messages 1 total packets 490 RTS 0 total bytes 2002140 in_flight now 0 fair_inc 13093 prop_inc 35577 fast_inc 0 eta_inc 16092 multi_dec -107319 quick_dec -0 nack_dec -41500
Flow Uec_110_238 flowId 38 uecSrc 37 finished at 330.321 total messages 1 total packets 490 RTS 0 total bytes 2002140 in_flight now 0 fair_inc 9892 prop_inc 34632 fast_inc 0 eta_inc 14900 multi_dec -115651 quick_dec -0 nack_dec -33200
Flow Uec_109_237 flowId 196 uecSrc 195 finished at 330.349 total messages 1 total packets 490 RTS 0 total bytes 2002140 in_flight now 0 fair_inc 7774 prop_inc 29465 fast_inc 0 eta_inc 16092 multi_dec -79597 quick_dec -0 nack_dec -53950
Flow Uec_100_228 flowId 65 uecSrc 64 finished at 330.984 total messages 1 total packets 490 RTS 0 total bytes 2002140 in_flight now 0 fair_inc 7504 prop_inc 23151 fast_inc 0 eta_inc 15496 multi_dec -74361 quick_dec -0 nack_dec -53950
Flow Uec_29_157 flowId 118 uecSrc 117 finished at 332.279 total messages 1 total packets 500 RTS 10 total bytes 2002140 in_flight now -64 fair_inc 17108 prop_inc 39183 fast_inc 0 eta_inc 14900 multi_dec -58195 quick_dec -0 nack_dec -16600
335.378 flowid 15 Spurious 313
Flow Uec_192_64 flowId 19 uecSrc 18 finished at 337.526 total messages 1 total packets 490 RTS 0 total bytes 2002140 in_flight now 0 fair_inc 5080 prop_inc 42693 fast_inc 0 eta_inc 16092 multi_dec -104613 quick_dec -0 nack_dec -45650
Flow Uec_112_240 flowId 175 uecSrc 174 finished at 339.989 total messages 1 total packets 490 RTS 0 total bytes 2002140 in_flight now 0 fair_inc 3095 prop_inc 45187 fast_inc 0 eta_inc 16092 multi_dec -93445 quick_dec -0 nack_dec -58100
Flow Uec_182_54 flowId 111 uecSrc 110 finished at 341.236 total messages 1 total packets 490 RTS 0 total bytes 2002140 in_flight now 0 fair_inc 1846 prop_inc 43048 fast_inc 0 eta_inc 16092 multi_dec -110706 quick_dec -0 nack_dec -41500
Flow Uec_115_243 flowId 176 uecSrc 175 finished at 341.332 total messages 1 total packets 490 RTS 0 total bytes 2002140 in_flight now 0 fair_inc 5412 prop_inc 40312 fast_inc 0 eta_inc 16092 multi_dec -97341 quick_dec -0 nack_dec -53950
Flow Uec_78_206 flowId 181 uecSrc 180 finished at 341.713 total messages 1 total packets 490 RTS 0 total bytes 2002140 in_flight now 0 fair_inc 5662 prop_inc 35209 fast_inc 0 eta_inc 16092 multi_dec -111106 quick_dec -0 nack_dec -37350
Flow Uec_116_244 flowId 174 uecSrc 173 finished at 342.926 total messages 1 total packets 490 RTS 0 total bytes 2002140 in_flight now 0 fair_inc 7556 prop_inc 35863 fast_inc 0 eta_inc 16092 multi_dec -103229 quick_dec -0 nack_dec -45650
Flow Uec_187_59 flowId 131 uecSrc 130 finished at 343.116 total messages 1 total packets 490 RTS 0 total bytes 2002140 in_flight now 0 fair_inc 8661 prop_inc 43117 fast_inc 0 eta_inc 16092 multi_dec -98464 quick_dec -0 nack_dec -53950
Flow Uec_23_151 flowId 149 uecSrc 148 finished at 343.493 total messages 1 total packets 496 RTS 6 total bytes 2002140 in_flight now 0 fair_inc 11581 prop_inc 21215 fast_inc 1010 eta_inc 13708 multi_dec -0 quick_dec -185466 nack_dec -12450
Flow Uec_111_239 flowId 159 uecSrc 158 finished at 343.685 total messages 1 total packets 490 RTS 0 total bytes 2002140 in_flight now 0 fair_inc 2774 prop_inc 27915 fast_inc 0 eta_inc 16688 multi_dec -82307 quick_dec -0 nack_dec -53950
Flow Uec_145_17 flowId 150 uecSrc 149 finished at 344.905 total messages 1 total packets 490 RTS 0 total bytes 2002140 in_flight now 0 fair_inc 8919 prop_inc 49009 fast_inc 4529 eta_inc 15496 multi_dec -105119 quick_dec -0 nack_dec -49800
Flow Uec_124_252 flowId 128 uecSrc 127 finished at 345.112 total messages 1 total packets 490 RTS 0 total bytes 2002140 in_flight now 0 fair_inc 3651 prop_inc 43704 fast_inc 0 eta_inc 16092 multi_dec -98360 quick_dec -0 nack_dec -49800
Flow Uec_108_236 flowId 217 uecSrc 216 finished at 345.889 total messages 1 total packets 490 RTS 0 total bytes 2002140 in_flight now 0 fair_inc 18802 prop_inc 36867 fast_inc 0 eta_inc 16092 multi_dec -114293 quick_dec -0 nack_dec -37350
Flow Uec_101_229 flowId 52 uecSrc 51 finished at 346.006 total messages 1 total packets 490 RTS 0 total bytes 2002140 in_flight now 0 fair_inc 9903 prop_inc 39825 fast_inc 0 eta_inc 16092 multi_dec -100413 quick_dec -0 nack_dec -53950
Flow Uec_214_86 flowId 34 uecSrc 33 finished at 348.225 total messages 1 total packets 490 RTS 0 total bytes 2002140 in_flight now 0 fair_inc 2551 prop_inc 43773 fast_inc 4530 eta_inc 16688 multi_dec -104403 quick_dec -0 nack_dec -45650
Flow Uec_162_34 flowId 179 uecSrc 178 finished at 349.113 total messages 1 total packets 491 RTS 1 total bytes 2002140 in_flight now 0 fair_inc 0 prop_inc 46510 fast_inc 0 eta_inc 16092 multi_dec -87728 quick_dec -0 nack_dec -45650
Flow Uec_27_155 flowId 100 uecSrc 99 finished at 352.205 total messages 1 total packets 495 RTS 5 total bytes 2002140 in_flight now 0 fair_inc 19182 prop_inc 35403 fast_inc 0 eta_inc 15496 multi_dec -95275 quick_dec -0 nack_dec -12450
Flow Uec_175_47 flowId 87 uecSrc 86 finished at 352.961 total messages 1 total packets 491 RTS 1 total bytes 2002140 in_flight now 0 fair_inc 12826 prop_inc 32589 fast_inc 0 eta_inc 15496 multi_dec -132550 quick_dec -0 nack_dec -20750
Flow Uec_244_116 flowId 63 uecSrc 62 finished at 353.092 total messages 1 total packets 490 RTS 0 total bytes 2002140 in_flight now 0 fair_inc 13039 prop_inc 18624 fast_inc 0 eta_inc 16688 multi_dec -83511 quick_dec -0 nack_dec -49800
Flow Uec_141_13 flowId 144 uecSrc 143 finished at 357.679 total messages 1 total packets 490 RTS 0 total bytes 2002140 in_flight now 0 fair_inc 17623 prop_inc 58091 fast_inc 0 eta_inc 16092 multi_dec -135946 quick_dec -0 nack_dec -29050
Flow Uec_195_67 flowId 55 uecSrc 54 finished at 358.036 total messages 1 total packets 490 RTS 0 total bytes 2002140 in_flight now 0 fair_inc 13404 prop_inc 34700 fast_inc 0 eta_inc 17284 multi_dec -109009 quick_dec -0 nack_dec -45650
Flow Uec_7_135 flowId 23 uecSrc 22 finished at 358.496 total messages 1 total packets 493 RTS 3 total bytes 2002140 in_flight now 0 fair_inc 16529 prop_inc 85791 fast_inc 0 eta_inc 16092 multi_dec -158566 quick_dec -0 nack_dec -12450
Flow Uec_176_48 flowId 141 uecSrc 140 finished at 359.943 total messages 1 total packets 490 RTS 0 total bytes 2002140 in_flight now 0 fair_inc 0 prop_inc 70321 fast_inc 0 eta_inc 16092 multi_dec -143954 quick_dec -0 nack_dec -24900
Flow Uec_139_11 flowId 147 uecSrc 146 finished at 360.495 total messages 1 total packets 490 RTS 0 total bytes 2002140 in_flight now 0 fair_inc 11765 prop_inc 63743 fast_inc 0 eta_inc 16092 multi_dec -112342 quick_dec -0 nack_dec -49800
Flow Uec_251_123 flowId 129 uecSrc 128 finished at 360.629 total messages 1 total packets 490 RTS 0 total bytes 2002140 in_flight now 0 fair_inc 29203 prop_inc 53180 fast_inc 0 eta_inc 17284 multi_dec -142959 quick_dec -0 nack_dec -29050
Flow Uec_197_69 flowId 7 uecSrc 6 finished at 363.063 total messages 1 total packets 490 RTS 0 total bytes 2002140 in_flight now 0 fair_inc 23334 prop_inc 28208 fast_inc 0 eta_inc 17284 multi_dec -97822 quick_dec -0 nack_dec -58100
Flow Uec_245_117 flowId 8 uecSrc 7 finished at 364.048 total messages 1 total packets 490 RTS 0 total bytes 2002140 in_flight now 0 fair_inc 29707 prop_inc 44979 fast_inc 0 eta_inc 17284 multi_dec -121436 quick_dec -0 nack_dec -37350
Flow Uec_64_192 flowId 6 uecSrc 5 finished at 365.54 total messages 1 total packets 490 RTS 0 total bytes 2002140 in_flight now 0 fair_inc 15503 prop_inc 68676 fast_inc 10101 eta_inc 16688 multi_dec -99120 quick_dec -0 nack_dec -70550
Flow Uec_14_142 flowId 194 uecSrc 193 finished at 368.243 total messages 1 total packets 490 RTS 0 total bytes 2002140 in_flight now 0 fair_inc 5942 prop_inc 55354 fast_inc 0 eta_inc 17284 multi_dec -172694 quick_dec -0 nack_dec -4150
Flow Uec_249_121 flowId 109 uecSrc 108 finished at 369.422 total messages 1 total packets 490 RTS 0 total bytes 2002140 in_flight now 0 fair_inc 25292 prop_inc 55320 fast_inc 0 eta_inc 17284 multi_dec -140726 quick_dec -0 nack_dec -33200
Flow Uec_234_106 flowId 110 uecSrc 109 finished at 372.575 total messages 1 total packets 490 RTS 0 total bytes 2002140 in_flight now 0 fair_inc 13760 prop_inc 25907 fast_inc 0 eta_inc 17284 multi_dec -63755 quick_dec -0 nack_dec -78850
Flow Uec_15_143 flowId 164 uecSrc 163 finished at 376.204 total messages 1 total packets 492 RTS 2 total bytes 2002140 in_flight now 0 fair_inc 11980 prop_inc 60847 fast_inc 0 eta_inc 17284 multi_dec -155164 quick_dec -0 nack_dec -12450
Flow Uec_21_149 flowId 214 uecSrc 213 finished at 376.674 total messages 1 total packets 495 RTS 5 total bytes 2002140 in_flight now 0 fair_inc 21081 prop_inc 64898 fast_inc 49984 eta_inc 17284 multi_dec -127089 quick_dec -0 nack_dec -20750
Flow Uec_246_118 flowId 211 uecSrc 210 finished at 383.901 total messages 1 total packets 490 RTS 0 total bytes 2002140 in_flight now 0 fair_inc 37871 prop_inc 54792 fast_inc 0 eta_inc 17284 multi_dec -156280 quick_dec -0 nack_dec -24900
Flow Uec_129_1 flowId 151 uecSrc 150 finished at 393.594 total messages 1 total packets 491 RTS 1 total bytes 2002140 in_flight now 0 fair_inc 9145 prop_inc 86806 fast_inc 0 eta_inc 17284 multi_dec -139569 quick_dec -0 nack_dec -49800
Flow Uec_13_141 flowId 199 uecSrc 198 finished at 403.624 total messages 1 total packets 497 RTS 7 total bytes 2002140 in_flight now 0 fair_inc 20259 prop_inc 42241 fast_inc 0 eta_inc 16092 multi_dec -34210 quick_dec -125910 nack_dec -20750
Flow Uec_31_159 flowId 78 uecSrc 77 finished at 409.018 total messages 1 total packets 498 RTS 8 total bytes 2002140 in_flight now -64 fair_inc 22709 prop_inc 32685 fast_inc 0 eta_inc 16688 multi_dec -32668 quick_dec -137825 nack_dec -16600
Flow Uec_200_72 flowId 172 uecSrc 171 finished at 411.239 total messages 1 total packets 490 RTS 0 total bytes 2002140 in_flight now 0 fair_inc 17948 prop_inc 25210 fast_inc 0 eta_inc 19668 multi_dec -44778 quick_dec -0 nack_dec -128650
Flow Uec_113_241 flowId 184 uecSrc 183 finished at 414.799 total messages 1 total packets 490 RTS 0 total bytes 2002140 in_flight now 0 fair_inc 9855 prop_inc 68442 fast_inc 0 eta_inc 19072 multi_dec -149062 quick_dec -0 nack_dec -45650
Flow Uec_117_245 flowId 29 uecSrc 28 finished at 420.739 total messages 1 total packets 490 RTS 0 total bytes 2002140 in_flight now 0 fair_inc 8200 prop_inc 67894 fast_inc 0 eta_inc 19668 multi_dec -157195 quick_dec -0 nack_dec -37350
Flow Uec_134_6 flowId 39 uecSrc 38 finished at 428.399 total messages 1 total packets 490 RTS 0 total bytes 2002140 in_flight now 0 fair_inc 23950 prop_inc 16005 fast_inc 0 eta_inc 19668 multi_dec -87615 quick_dec -0 nack_dec -78850
Flow Uec_9_137 flowId 15 uecSrc 14 finished at 430.252 total messages 1 total packets 494 RTS 4 total bytes 2002140 in_flight now 0 fair_inc 31693 prop_inc 40523 fast_inc 0 eta_inc 17284 multi_dec -98441 quick_dec -130383 nack_dec -29050
Flow Uec_218_90 flowId 140 uecSrc 139 finished at 436.296 total messages 1 total packets 490 RTS 0 total bytes 2002140 in_flight now 0 fair_inc 14174 prop_inc 29865 fast_inc 0 eta_inc 20264 multi_dec -57456 quick_dec -0 nack_dec -132800
Flow Uec_128_0 flowId 142 uecSrc 141 finished at 441.092 total messages 1 total packets 490 RTS 0 total bytes 2002140 in_flight now 0 fair_inc 7049 prop_inc 34520 fast_inc 0 eta_inc 20860 multi_dec -62523 quick_dec -0 nack_dec -103750
Flow Uec_34_162 flowId 169 uecSrc 168 finished at 452.6 total messages 1 total packets 495 RTS 5 total bytes 2002140 in_flight now -64 fair_inc 12372 prop_inc 40458 fast_inc 233853 eta_inc 17284 multi_dec -164101 quick_dec -24012 nack_dec -4150
Flow Uec_193_65 flowId 51 uecSrc 50 finished at 453.219 total messages 1 total packets 490 RTS 0 total bytes 2002140 in_flight now 0 fair_inc 15661 prop_inc 18644 fast_inc 0 eta_inc 20860 multi_dec -57376 quick_dec -0 nack_dec -124500
Flow Uec_135_7 flowId 134 uecSrc 133 finished at 457.982 total messages 1 total packets 491 RTS 1 total bytes 2002140 in_flight now 0 fair_inc 15667 prop_inc 29952 fast_inc 0 eta_inc 20264 multi_dec -53767 quick_dec -0 nack_dec -107900
Flow Uec_231_103 flowId 205 uecSrc 204 finished at 459.868 total messages 1 total packets 490 RTS 0 total bytes 2002140 in_flight now 0 fair_inc 37338 prop_inc 28825 fast_inc 0 eta_inc 21456 multi_dec -30934 quick_dec -0 nack_dec -161850
Flow Uec_146_18 flowId 213 uecSrc 212 finished at 460.134 total messages 1 total packets 490 RTS 0 total bytes 2002140 in_flight now 0 fair_inc 10550 prop_inc 36771 fast_inc 0 eta_inc 21456 multi_dec -88314 quick_dec -0 nack_dec -91300
Flow Uec_40_168 flowId 92 uecSrc 91 finished at 461.842 total messages 1 total packets 492 RTS 2 total bytes 2002140 in_flight now 0 fair_inc 11364 prop_inc 50537 fast_inc 0 eta_inc 19668 multi_dec -185567 quick_dec -0 nack_dec -8300
Flow Uec_183_55 flowId 95 uecSrc 94 finished at 464.609 total messages 1 total packets 490 RTS 0 total bytes 2002140 in_flight now 0 fair_inc 13710 prop_inc 23658 fast_inc 0 eta_inc 22052 multi_dec -86497 quick_dec -0 nack_dec -99600
Flow Uec_217_89 flowId 115 uecSrc 114 finished at 466.919 total messages 1 total packets 490 RTS 0 total bytes 2002140 in_flight now 0 fair_inc 33822 prop_inc 49500 fast_inc 0 eta_inc 20860 multi_dec -119822 quick_dec -0 nack_dec -74700
Flow Uec_55_183 flowId 26 uecSrc 25 finished at 469.443 total messages 1 total packets 490 RTS 0 total bytes 2002140 in_flight now 0 fair_inc 16213 prop_inc 24103 fast_inc 0 eta_inc 22052 multi_dec -51355 quick_dec -0 nack_dec -136950
Flow Uec_12_140 flowId 102 uecSrc 101 finished at 479.576 total messages 1 total packets 497 RTS 7 total bytes 2002140 in_flight now -64 fair_inc 42338 prop_inc 66111 fast_inc 0 eta_inc 21456 multi_dec -149096 quick_dec -0 nack_dec -33200
Flow Uec_205_77 flowId 162 uecSrc 161 finished at 490.287 total messages 1 total packets 490 RTS 0 total bytes 2002140 in_flight now 0 fair_inc 17706 prop_inc 54536 fast_inc 0 eta_inc 21456 multi_dec -99483 quick_dec -0 nack_dec -99600
Flow Uec_46_174 flowId 124 uecSrc 123 finished at 492.833 total messages 1 total packets 491 RTS 1 total bytes 2002140 in_flight now 0 fair_inc 21062 prop_inc 60548 fast_inc 0 eta_inc 22648 multi_dec -189557 quick_dec -0 nack_dec -16600
Flow Uec_35_163 flowId 47 uecSrc 46 finished at 498.247 total messages 1 total packets 498 RTS 8 total bytes 2002140 in_flight now -128 fair_inc 20160 prop_inc 38382 fast_inc 0 eta_inc 18476 multi_dec -85978 quick_dec -0 nack_dec -24900
Flow Uec_20_148 flowId 94 uecSrc 93 finished at 501.774 total messages 1 total packets 503 RTS 13 total bytes 2002140 in_flight now 0 fair_inc 11893 prop_inc 41246 fast_inc 0 eta_inc 20264 multi_dec -0 quick_dec -73056 nack_dec -49800
Flow Uec_105_233 flowId 58 uecSrc 57 finished at 504.976 total messages 1 total packets 490 RTS 0 total bytes 2002140 in_flight now 0 fair_inc 37489 prop_inc 9903 fast_inc 0 eta_inc 23840 multi_dec -31093 quick_dec -0 nack_dec -161850
Flow Uec_61_189 flowId 121 uecSrc 120 finished at 505.739 total messages 1 total packets 490 RTS 0 total bytes 2002140 in_flight now 0 fair_inc 16553 prop_inc 44101 fast_inc 0 eta_inc 22648 multi_dec -71399 quick_dec -0 nack_dec -112050
Flow Uec_43_171 flowId 97 uecSrc 96 finished at 507.111 total messages 1 total packets 499 RTS 9 total bytes 2002140 in_flight now 0 fair_inc 21876 prop_inc 37668 fast_inc 0 eta_inc 19668 multi_dec -47365 quick_dec -101100 nack_dec -45650
Flow Uec_50_178 flowId 171 uecSrc 170 finished at 515.098 total messages 1 total packets 490 RTS 0 total bytes 2002140 in_flight now 0 fair_inc 21114 prop_inc 9698 fast_inc 0 eta_inc 24436 multi_dec -40813 quick_dec -0 nack_dec -141100
Flow Uec_209_81 flowId 56 uecSrc 55 finished at 515.297 total messages 1 total packets 490 RTS 0 total bytes 2002140 in_flight now 0 fair_inc 23406 prop_inc 65649 fast_inc 0 eta_inc 22648 multi_dec -140162 quick_dec -0 nack_dec -70550
Flow Uec_160_32 flowId 12 uecSrc 11 finished at 517.629 total messages 1 total packets 492 RTS 2 total bytes 2002140 in_flight now 0 fair_inc 17269 prop_inc 7976 fast_inc 0 eta_inc 22648 multi_dec -12492 quick_dec -0 nack_dec -124500
Flow Uec_241_113 flowId 16 uecSrc 15 finished at 517.809 total messages 1 total packets 490 RTS 0 total bytes 2002140 in_flight now 0 fair_inc 24428 prop_inc 55529 fast_inc 12122 eta_inc 23840 multi_dec -99735 quick_dec -0 nack_dec -112050
Flow Uec_143_15 flowId 50 uecSrc 49 finished at 521.893 total messages 1 total packets 491 RTS 1 total bytes 2002140 in_flight now 0 fair_inc 14363 prop_inc 97393 fast_inc 0 eta_inc 21456 multi_dec -148432 quick_dec -0 nack_dec -74700
Flow Uec_66_194 flowId 168 uecSrc 167 finished at 522.438 total messages 1 total packets 490 RTS 0 total bytes 2002140 in_flight now 0 fair_inc 14688 prop_inc 11258 fast_inc 0 eta_inc 24436 multi_dec -60181 quick_dec -0 nack_dec -116200
Flow Uec_45_173 flowId 67 uecSrc 66 finished at 523.714 total messages 1 total packets 491 RTS 1 total bytes 2002140 in_flight now 0 fair_inc 19789 prop_inc 67917 fast_inc 42915 eta_inc 21456 multi_dec -161084 quick_dec --6217 nack_dec -53950
Flow Uec_59_187 flowId 84 uecSrc 83 finished at 526.467 total messages 1 total packets 490 RTS 0 total bytes 2002140 in_flight now 0 fair_inc 15177 prop_inc 14674 fast_inc 0 eta_inc 24436 multi_dec -45112 quick_dec -0 nack_dec -132800
Flow Uec_252_124 flowId 66 uecSrc 65 finished at 526.923 total messages 1 total packets 490 RTS 0 total bytes 2002140 in_flight now 0 fair_inc 35276 prop_inc 35334 fast_inc 0 eta_inc 23840 multi_dec -140936 quick_dec -0 nack_dec -87150
Flow Uec_181_53 flowId 122 uecSrc 121 finished at 528.875 total messages 1 total packets 490 RTS 0 total bytes 2002140 in_flight now 0 fair_inc 26072 prop_inc 7849 fast_inc 0 eta_inc 25628 multi_dec -48080 quick_dec -0 nack_dec -145250
Flow Uec_57_185 flowId 216 uecSrc 215 finished at 531.572 total messages 1 total packets 490 RTS 0 total bytes 2002140 in_flight now 0 fair_inc 28850 prop_inc 52054 fast_inc 0 eta_inc 24436 multi_dec -125273 quick_dec -0 nack_dec -95450
Flow Uec_223_95 flowId 114 uecSrc 113 finished at 534.352 total messages 1 total packets 490 RTS 0 total bytes 2002140 in_flight now 0 fair_inc 20444 prop_inc 90253 fast_inc 0 eta_inc 23840 multi_dec -128619 quick_dec -0 nack_dec -83000
Flow Uec_178_50 flowId 208 uecSrc 207 finished at 538.942 total messages 1 total packets 490 RTS 0 total bytes 2002140 in_flight now 0 fair_inc 29004 prop_inc 58132 fast_inc 45950 eta_inc 24436 multi_dec -146295 quick_dec -0 nack_dec -78850
Flow Uec_221_93 flowId 133 uecSrc 132 finished at 538.964 total messages 1 total packets 490 RTS 0 total bytes 2002140 in_flight now 0 fair_inc 45313 prop_inc 5588 fast_inc 0 eta_inc 23244 multi_dec -51540 quick_dec -0 nack_dec -157700
Flow Uec_254_126 flowId 59 uecSrc 58 finished at 539.035 total messages 1 total packets 490 RTS 0 total bytes 2002140 in_flight now 0 fair_inc 47567 prop_inc 33321 fast_inc 0 eta_inc 25032 multi_dec -125753 quick_dec -0 nack_dec -112050
Flow Uec_75_203 flowId 119 uecSrc 118 finished at 548.552 total messages 1 total packets 490 RTS 0 total bytes 2002140 in_flight now 0 fair_inc 41252 prop_inc 5432 fast_inc 0 eta_inc 24436 multi_dec -35496 quick_dec -0 nack_dec -149400
Flow Uec_144_16 flowId 81 uecSrc 80 finished at 551.733 total messages 1 total packets 490 RTS 0 total bytes 2002140 in_flight now 0 fair_inc 22960 prop_inc 101759 fast_inc 0 eta_inc 23244 multi_dec -156779 quick_dec -0 nack_dec -83000
Flow Uec_37_165 flowId 49 uecSrc 48 finished at 557.455 total messages 1 total packets 495 RTS 5 total bytes 2002140 in_flight now -64 fair_inc 28013 prop_inc 47592 fast_inc 0 eta_inc 24436 multi_dec -138701 quick_dec -0 nack_dec -24900
Flow Uec_222_94 flowId 5 uecSrc 4 finished at 562.82 total messages 1 total packets 490 RTS 0 total bytes 2002140 in_flight now 0 fair_inc 37312 prop_inc 6137 fast_inc 0 eta_inc 26820 multi_dec -46923 quick_dec -0 nack_dec -157700
Flow Uec_238_110 flowId 93 uecSrc 92 finished at 563.692 total messages 1 total packets 490 RTS 0 total bytes 2002140 in_flight now 0 fair_inc 19089 prop_inc 68955 fast_inc 64133 eta_inc 20264 multi_dec -120623 quick_dec -0 nack_dec -103750
Flow Uec_169_41 flowId 173 uecSrc 172 finished at 571.304 total messages 1 total packets 490 RTS 0 total bytes 2002140 in_flight now 0 fair_inc 13258 prop_inc 40420 fast_inc 0 eta_inc 25628 multi_dec -30184 quick_dec -0 nack_dec -178450
Flow Uec_63_191 flowId 190 uecSrc 189 finished at 575.612 total messages 1 total packets 490 RTS 0 total bytes 2002140 in_flight now 0 fair_inc 33687 prop_inc 13930 fast_inc 0 eta_inc 27416 multi_dec -59020 quick_dec -0 nack_dec -149400
Flow Uec_88_216 flowId 154 uecSrc 153 finished at 578.352 total messages 1 total packets 490 RTS 0 total bytes 2002140 in_flight now 0 fair_inc 15259 prop_inc 22701 fast_inc 0 eta_inc 26820 multi_dec -62210 quick_dec -0 nack_dec -132800
Flow Uec_4_132 flowId 215 uecSrc 214 finished at 579.277 total messages 1 total packets 495 RTS 5 total bytes 2002140 in_flight now 0 fair_inc 28918 prop_inc 44208 fast_inc 0 eta_inc 18476 multi_dec -120375 quick_dec -111584 nack_dec -16600
Flow Uec_201_73 flowId 146 uecSrc 145 finished at 580.306 total messages 1 total packets 490 RTS 0 total bytes 2002140 in_flight now 0 fair_inc 56165 prop_inc 12313 fast_inc 0 eta_inc 27416 multi_dec -39388 quick_dec -0 nack_dec -174300
Flow Uec_131_3 flowId 157 uecSrc 156 finished at 581.898 total messages 1 total packets 491 RTS 1 total bytes 2002140 in_flight now 0 fair_inc 24103 prop_inc 69811 fast_inc 0 eta_inc 22648 multi_dec -131938 quick_dec -0 nack_dec -78850
Flow Uec_94_222 flowId 139 uecSrc 138 finished at 587.031 total messages 1 total packets 490 RTS 0 total bytes 2002140 in_flight now 0 fair_inc 45840 prop_inc 13456 fast_inc 0 eta_inc 26224 multi_dec -69196 quick_dec -0 nack_dec -145250
Flow Uec_255_127 flowId 180 uecSrc 179 finished at 589.365 total messages 1 total packets 490 RTS 0 total bytes 2002140 in_flight now 0 fair_inc 60612 prop_inc 63924 fast_inc 0 eta_inc 25032 multi_dec -162036 quick_dec -0 nack_dec -91300
Flow Uec_140_12 flowId 17 uecSrc 16 finished at 590.617 total messages 1 total packets 490 RTS 0 total bytes 2002140 in_flight now 0 fair_inc 62366 prop_inc 80761 fast_inc 0 eta_inc 23840 multi_dec -140429 quick_dec -0 nack_dec -116200
Flow Uec_83_211 flowId 209 uecSrc 208 finished at 591.378 total messages 1 total packets 490 RTS 0 total bytes 2002140 in_flight now 0 fair_inc 37004 prop_inc 7098 fast_inc 0 eta_inc 26820 multi_dec -44535 quick_dec -0 nack_dec -157700
Flow Uec_82_210 flowId 75 uecSrc 74 finished at 599.497 total messages 1 total packets 490 RTS 0 total bytes 2002140 in_flight now 0 fair_inc 43685 prop_inc 2249 fast_inc 0 eta_inc 26820 multi_dec -72086 quick_dec -0 nack_dec -149400
Flow Uec_47_175 flowId 30 uecSrc 29 finished at 604.769 total messages 1 total packets 504 RTS 14 total bytes 2002140 in_flight now -64 fair_inc 33050 prop_inc 29615 fast_inc 0 eta_inc 23244 multi_dec -26967 quick_dec -0 nack_dec -16600
Flow Uec_166_38 flowId 13 uecSrc 12 finished at 605.159 total messages 1 total packets 491 RTS 1 total bytes 2002140 in_flight now 0 fair_inc 10900 prop_inc 59898 fast_inc 0 eta_inc 28012 multi_dec -105596 quick_dec -0 nack_dec -87150
Flow Uec_58_186 flowId 116 uecSrc 115 finished at 615.192 total messages 1 total packets 490 RTS 0 total bytes 2002140 in_flight now 0 fair_inc 38781 prop_inc 24228 fast_inc 0 eta_inc 22052 multi_dec -126360 quick_dec -0 nack_dec -103750
Flow Uec_79_207 flowId 106 uecSrc 105 finished at 621.374 total messages 1 total packets 490 RTS 0 total bytes 2002140 in_flight now 0 fair_inc 35499 prop_inc 32123 fast_inc 0 eta_inc 28012 multi_dec -77297 quick_dec -0 nack_dec -136950
Flow Uec_76_204 flowId 76 uecSrc 75 finished at 627.459 total messages 1 total packets 490 RTS 0 total bytes 2002140 in_flight now 0 fair_inc 45355 prop_inc 5094 fast_inc 0 eta_inc 28608 multi_dec -51274 quick_dec -0 nack_dec -174300
Flow Uec_207_79 flowId 143 uecSrc 142 finished at 629.257 total messages 1 total packets 490 RTS 0 total bytes 2002140 in_flight now 0 fair_inc 29596 prop_inc 43844 fast_inc 0 eta_inc 26820 multi_dec -121771 quick_dec -0 nack_dec -87150
Flow Uec_10_138 flowId 101 uecSrc 100 finished at 640.71 total messages 1 total packets 499 RTS 9 total bytes 2002140 in_flight now 0 fair_inc 38176 prop_inc 68385 fast_inc 0 eta_inc 22648 multi_dec -147460 quick_dec -95608 nack_dec -16600
Flow Uec_89_217 flowId 218 uecSrc 217 finished at 640.765 total messages 1 total packets 490 RTS 0 total bytes 2002140 in_flight now 0 fair_inc 16808 prop_inc 25038 fast_inc 0 eta_inc 29204 multi_dec -93350 quick_dec -0 nack_dec -116200
Flow Uec_235_107 flowId 187 uecSrc 186 finished at 642.264 total messages 1 total packets 490 RTS 0 total bytes 2002140 in_flight now 0 fair_inc 45441 prop_inc 5623 fast_inc 0 eta_inc 24436 multi_dec -103089 quick_dec -0 nack_dec -128650
Flow Uec_77_205 flowId 46 uecSrc 45 finished at 642.923 total messages 1 total packets 490 RTS 0 total bytes 2002140 in_flight now 0 fair_inc 44147 prop_inc 21662 fast_inc 0 eta_inc 28012 multi_dec -92411 quick_dec -0 nack_dec -128650
Flow Uec_90_218 flowId 70 uecSrc 69 finished at 645.43 total messages 1 total packets 490 RTS 0 total bytes 2002140 in_flight now 0 fair_inc 40378 prop_inc 13120 fast_inc 0 eta_inc 28608 multi_dec -44903 quick_dec -0 nack_dec -166000
Flow Uec_103_231 flowId 82 uecSrc 81 finished at 645.91 total messages 1 total packets 490 RTS 0 total bytes 2002140 in_flight now 0 fair_inc 31874 prop_inc 31886 fast_inc 0 eta_inc 26820 multi_dec -106145 quick_dec -0 nack_dec -107900
Flow Uec_60_188 flowId 191 uecSrc 190 finished at 649.531 total messages 1 total packets 490 RTS 0 total bytes 2002140 in_flight now 0 fair_inc 43863 prop_inc 37551 fast_inc 0 eta_inc 25628 multi_dec -109103 quick_dec -0 nack_dec -132800
Flow Uec_98_226 flowId 69 uecSrc 68 finished at 651.655 total messages 1 total packets 490 RTS 0 total bytes 2002140 in_flight now 0 fair_inc 62147 prop_inc 25328 fast_inc 0 eta_inc 29204 multi_dec -108248 quick_dec -0 nack_dec -112050
Flow Uec_6_134 flowId 161 uecSrc 160 finished at 678.647 total messages 1 total packets 510 RTS 20 total bytes 2002140 in_flight now -192 fair_inc 26726 prop_inc 90853 fast_inc 0 eta_inc 27416 multi_dec -59463 quick_dec -75390 nack_dec -20750
Flow Uec_198_70 flowId 31 uecSrc 30 finished at 684.794 total messages 1 total packets 490 RTS 0 total bytes 2002140 in_flight now 0 fair_inc 31663 prop_inc 8991 fast_inc 0 eta_inc 31588 multi_dec -53594 quick_dec -0 nack_dec -157700
Flow Uec_54_182 flowId 198 uecSrc 197 finished at 685.635 total messages 1 total packets 490 RTS 0 total bytes 2002140 in_flight now 0 fair_inc 17426 prop_inc 55727 fast_inc 65141 eta_inc 29204 multi_dec -124 quick_dec -9839 nack_dec -190900
Flow Uec_211_83 flowId 53 uecSrc 52 finished at 689.381 total messages 1 total packets 490 RTS 0 total bytes 2002140 in_flight now 0 fair_inc 39582 prop_inc 15153 fast_inc 0 eta_inc 30992 multi_dec -70139 quick_dec -0 nack_dec -161850
Flow Uec_99_227 flowId 4 uecSrc 3 finished at 690.162 total messages 1 total packets 490 RTS 0 total bytes 2002140 in_flight now 0 fair_inc 72394 prop_inc 44176 fast_inc 0 eta_inc 28608 multi_dec -119584 quick_dec -0 nack_dec -132800
Flow Uec_80_208 flowId 73 uecSrc 72 finished at 690.665 total messages 1 total packets 490 RTS 0 total bytes 2002140 in_flight now 0 fair_inc 37837 prop_inc 49686 fast_inc 0 eta_inc 23244 multi_dec -94442 quick_dec -0 nack_dec -132800
Flow Uec_73_201 flowId 41 uecSrc 40 finished at 696.281 total messages 1 total packets 490 RTS 0 total bytes 2002140 in_flight now 0 fair_inc 48278 prop_inc 33315 fast_inc 0 eta_inc 30992 multi_dec -63592 quick_dec -0 nack_dec -174300
Flow Uec_68_196 flowId 88 uecSrc 87 finished at 700.401 total messages 1 total packets 490 RTS 0 total bytes 2002140 in_flight now 0 fair_inc 18706 prop_inc 50499 fast_inc 150003 eta_inc 29800 multi_dec -127716 quick_dec -0 nack_dec -103750
Flow Uec_165_37 flowId 40 uecSrc 39 finished at 702.638 total messages 1 total packets 491 RTS 1 total bytes 2002140 in_flight now 0 fair_inc 35464 prop_inc 69946 fast_inc 135860 eta_inc 25628 multi_dec -173581 quick_dec -16721 nack_dec -78850
Flow Uec_158_30 flowId 200 uecSrc 199 finished at 705.794 total messages 1 total packets 491 RTS 1 total bytes 2002140 in_flight now 0 fair_inc 21164 prop_inc 9971 fast_inc 0 eta_inc 28608 multi_dec -83197 quick_dec -0 nack_dec -153550
Flow Uec_204_76 flowId 193 uecSrc 192 finished at 715.607 total messages 1 total packets 490 RTS 0 total bytes 2002140 in_flight now 0 fair_inc 47957 prop_inc 95842 fast_inc 0 eta_inc 30396 multi_dec -145759 quick_dec -0 nack_dec -116200
Flow Uec_85_213 flowId 148 uecSrc 147 finished at 734.396 total messages 1 total packets 490 RTS 0 total bytes 2002140 in_flight now 0 fair_inc 24940 prop_inc 15335 fast_inc 0 eta_inc 31588 multi_dec -104209 quick_dec -0 nack_dec -112050
Flow Uec_228_100 flowId 155 uecSrc 154 finished at 738.172 total messages 1 total packets 490 RTS 0 total bytes 2002140 in_flight now 0 fair_inc 50919 prop_inc 6967 fast_inc 0 eta_inc 31588 multi_dec -56759 quick_dec -0 nack_dec -157700
Flow Uec_233_105 flowId 9 uecSrc 8 finished at 744.308 total messages 1 total packets 490 RTS 0 total bytes 2002140 in_flight now 0 fair_inc 51949 prop_inc 5664 fast_inc 0 eta_inc 27416 multi_dec -72719 quick_dec -0 nack_dec -161850
Flow Uec_44_172 flowId 57 uecSrc 56 finished at 744.859 total messages 1 total packets 499 RTS 9 total bytes 2002140 in_flight now 0 fair_inc 26020 prop_inc 86842 fast_inc 0 eta_inc 30396 multi_dec -142170 quick_dec -3388 nack_dec -16600
Flow Uec_65_193 flowId 182 uecSrc 181 finished at 753.05 total messages 1 total packets 490 RTS 0 total bytes 2002140 in_flight now 0 fair_inc 43639 prop_inc 7115 fast_inc 0 eta_inc 27416 multi_dec -87978 quick_dec -0 nack_dec -149400
Flow Uec_33_161 flowId 132 uecSrc 131 finished at 756.558 total messages 1 total packets 494 RTS 4 total bytes 2002140 in_flight now 0 fair_inc 14242 prop_inc 99094 fast_inc 0 eta_inc 24436 multi_dec -161114 quick_dec -11196 nack_dec -20750
Flow Uec_242_114 flowId 145 uecSrc 144 finished at 766.855 total messages 1 total packets 490 RTS 0 total bytes 2002140 in_flight now 0 fair_inc 48013 prop_inc 22624 fast_inc 0 eta_inc 33376 multi_dec -54907 quick_dec -13989 nack_dec -182600
Flow Uec_52_180 flowId 79 uecSrc 78 finished at 773.463 total messages 1 total packets 490 RTS 0 total bytes 2002140 in_flight now 0 fair_inc 17325 prop_inc 12397 fast_inc 0 eta_inc 34568 multi_dec -64607 quick_dec -0 nack_dec -157700
Flow Uec_203_75 flowId 83 uecSrc 82 finished at 778.767 total messages 1 total packets 490 RTS 0 total bytes 2002140 in_flight now 0 fair_inc 46193 prop_inc 20721 fast_inc 0 eta_inc 31588 multi_dec -53116 quick_dec -30061 nack_dec -166000
Flow Uec_185_57 flowId 62 uecSrc 61 finished at 781.874 total messages 1 total packets 490 RTS 0 total bytes 2002140 in_flight now 0 fair_inc 54095 prop_inc 18106 fast_inc 0 eta_inc 35164 multi_dec -100619 quick_dec -0 nack_dec -161850
Flow Uec_184_56 flowId 135 uecSrc 134 finished at 784.359 total messages 1 total packets 490 RTS 0 total bytes 2002140 in_flight now 0 fair_inc 54824 prop_inc 18799 fast_inc 0 eta_inc 34568 multi_dec -97953 quick_dec -0 nack_dec -153550
Flow Uec_32_160 flowId 77 uecSrc 76 finished at 789.702 total messages 1 total packets 502 RTS 12 total bytes 2002140 in_flight now 0 fair_inc 19656 prop_inc 68446 fast_inc 0 eta_inc 29800 multi_dec -76745 quick_dec -26034 nack_dec -16600
Flow Uec_208_80 flowId 80 uecSrc 79 finished at 790.298 total messages 1 total packets 490 RTS 0 total bytes 2002140 in_flight now 0 fair_inc 50472 prop_inc 18043 fast_inc 0 eta_inc 29800 multi_dec -117573 quick_dec -0 nack_dec -124500
Flow Uec_86_214 flowId 1 uecSrc 0 finished at 792.988 total messages 1 total packets 490 RTS 0 total bytes 2002140 in_flight now 0 fair_inc 35913 prop_inc 28052 fast_inc 0 eta_inc 31588 multi_dec -101959 quick_dec -0 nack_dec -136950
Flow Uec_62_190 flowId 163 uecSrc 162 finished at 793.715 total messages 1 total packets 490 RTS 0 total bytes 2002140 in_flight now 0 fair_inc 61154 prop_inc 21095 fast_inc 0 eta_inc 29204 multi_dec -37827 quick_dec -10616 nack_dec -186750
Flow Uec_72_200 flowId 72 uecSrc 71 finished at 800.39 total messages 1 total packets 490 RTS 0 total bytes 2002140 in_flight now 0 fair_inc 37998 prop_inc 15136 fast_inc 0 eta_inc 32184 multi_dec -123342 quick_dec -0 nack_dec -112050
Flow Uec_215_87 flowId 125 uecSrc 124 finished at 801.075 total messages 1 total packets 490 RTS 0 total bytes 2002140 in_flight now 0 fair_inc 63639 prop_inc 19845 fast_inc 0 eta_inc 34568 multi_dec -138853 quick_dec -0 nack_dec -141100
Flow Uec_1_129 flowId 127 uecSrc 126 finished at 801.844 total messages 1 total packets 498 RTS 8 total bytes 2002140 in_flight now 0 fair_inc 23715 prop_inc 137725 fast_inc 0 eta_inc 32184 multi_dec -186274 quick_dec -20170 nack_dec -20750
Flow Uec_186_58 flowId 197 uecSrc 196 finished at 806.734 total messages 1 total packets 490 RTS 0 total bytes 2002140 in_flight now 0 fair_inc 56036 prop_inc 27669 fast_inc 0 eta_inc 33972 multi_dec -130226 quick_dec -0 nack_dec -128650
Flow Uec_97_225 flowId 42 uecSrc 41 finished at 808.254 total messages 1 total packets 490 RTS 0 total bytes 2002140 in_flight now 0 fair_inc 38099 prop_inc 18857 fast_inc 0 eta_inc 35760 multi_dec -39125 quick_dec -13989 nack_dec -186750
Flow Uec_51_179 flowId 2 uecSrc 1 finished at 810.21 total messages 1 total packets 490 RTS 0 total bytes 2002140 in_flight now 0 fair_inc 44354 prop_inc 29310 fast_inc 0 eta_inc 29204 multi_dec -99884 quick_dec -0 nack_dec -153550
Flow Uec_93_221 flowId 137 uecSrc 136 finished at 813.621 total messages 1 total packets 490 RTS 0 total bytes 2002140 in_flight now 0 fair_inc 51821 prop_inc 82403 fast_inc 0 eta_inc 29204 multi_dec -131495 quick_dec -1314 nack_dec -128650
Flow Uec_229_101 flowId 74 uecSrc 73 finished at 818.184 total messages 1 total packets 490 RTS 0 total bytes 2002140 in_flight now 0 fair_inc 54448 prop_inc 6128 fast_inc 0 eta_inc 36356 multi_dec -32945 quick_dec -17543 nack_dec -182600
Flow Uec_69_197 flowId 130 uecSrc 129 finished at 819.443 total messages 1 total packets 490 RTS 0 total bytes 2002140 in_flight now 0 fair_inc 45331 prop_inc 37412 fast_inc 0 eta_inc 29800 multi_dec -92461 quick_dec -0 nack_dec -153550
Flow Uec_206_78 flowId 189 uecSrc 188 finished at 833.136 total messages 1 total packets 490 RTS 0 total bytes 2002140 in_flight now 0 fair_inc 43899 prop_inc 38381 fast_inc 0 eta_inc 30992 multi_dec -115508 quick_dec -0 nack_dec -128650
Flow Uec_87_215 flowId 188 uecSrc 187 finished at 833.582 total messages 1 total packets 490 RTS 0 total bytes 2002140 in_flight now 0 fair_inc 34979 prop_inc 28479 fast_inc 0 eta_inc 33972 multi_dec -36112 quick_dec -20740 nack_dec -174300
Flow Uec_210_82 flowId 18 uecSrc 17 finished at 833.805 total messages 1 total packets 490 RTS 0 total bytes 2002140 in_flight now 0 fair_inc 60099 prop_inc 43405 fast_inc 0 eta_inc 28012 multi_dec -110210 quick_dec -4811 nack_dec -136950
Flow Uec_224_96 flowId 158 uecSrc 157 finished at 840.44 total messages 1 total packets 490 RTS 0 total bytes 2002140 in_flight now 0 fair_inc 68068 prop_inc 29975 fast_inc 0 eta_inc 28608 multi_dec -21493 quick_dec -87674 nack_dec -161850
Flow Uec_243_115 flowId 11 uecSrc 10 finished at 843.576 total messages 1 total packets 490 RTS 0 total bytes 2002140 in_flight now 0 fair_inc 41767 prop_inc 14215 fast_inc 0 eta_inc 32780 multi_dec -73876 quick_dec -0 nack_dec -157700
Flow Uec_91_219 flowId 32 uecSrc 31 finished at 845.631 total messages 1 total packets 490 RTS 0 total bytes 2002140 in_flight now 0 fair_inc 33586 prop_inc 49881 fast_inc 22713 eta_inc 28012 multi_dec -19739 quick_dec -22289 nack_dec -182600
Flow Uec_199_71 flowId 33 uecSrc 32 finished at 849.366 total messages 1 total packets 490 RTS 0 total bytes 2002140 in_flight now 0 fair_inc 47638 prop_inc 45886 fast_inc 0 eta_inc 28012 multi_dec -102706 quick_dec -0 nack_dec -153550
Flow Uec_188_60 flowId 54 uecSrc 53 finished at 851.751 total messages 1 total packets 490 RTS 0 total bytes 2002140 in_flight now 0 fair_inc 55108 prop_inc 36539 fast_inc 67164 eta_inc 27416 multi_dec -67116 quick_dec -47923 nack_dec -145250
Flow Uec_71_199 flowId 48 uecSrc 47 finished at 855.724 total messages 1 total packets 490 RTS 0 total bytes 2002140 in_flight now 0 fair_inc 60234 prop_inc 36434 fast_inc 5539 eta_inc 34568 multi_dec -153550 quick_dec -0 nack_dec -124500
Flow Uec_240_112 flowId 20 uecSrc 19 finished at 861.067 total messages 1 total packets 490 RTS 0 total bytes 2002140 in_flight now 0 fair_inc 43291 prop_inc 27032 fast_inc 0 eta_inc 30992 multi_dec -89518 quick_dec -0 nack_dec -141100
Flow Uec_227_99 flowId 186 uecSrc 185 finished at 862.395 total messages 1 total packets 490 RTS 0 total bytes 2002140 in_flight now 0 fair_inc 46807 prop_inc 20887 fast_inc 0 eta_inc 38740 multi_dec -88778 quick_dec -0 nack_dec -166000
Flow Uec_96_224 flowId 120 uecSrc 119 finished at 864.332 total messages 1 total packets 490 RTS 0 total bytes 2002140 in_flight now 0 fair_inc 32454 prop_inc 100649 fast_inc 0 eta_inc 30396 multi_dec -113998 quick_dec -1369 nack_dec -141100
Flow Uec_67_195 flowId 203 uecSrc 202 finished at 875.781 total messages 1 total packets 490 RTS 0 total bytes 2002140 in_flight now 0 fair_inc 23961 prop_inc 32048 fast_inc 110115 eta_inc 35760 multi_dec -100043 quick_dec -0 nack_dec -149400
Flow Uec_167_39 flowId 212 uecSrc 211 finished at 881.596 total messages 1 total packets 491 RTS 1 total bytes 2002140 in_flight now 0 fair_inc 39461 prop_inc 20924 fast_inc 0 eta_inc 33972 multi_dec -73523 quick_dec -82751 nack_dec -153550
Flow Uec_152_24 flowId 136 uecSrc 135 finished at 884.413 total messages 1 total packets 491 RTS 1 total bytes 2002140 in_flight now 0 fair_inc 13333 prop_inc 19730 fast_inc 0 eta_inc 33376 multi_dec -103659 quick_dec -2484 nack_dec -145250
Flow Uec_236_108 flowId 207 uecSrc 206 finished at 895.003 total messages 1 total packets 490 RTS 0 total bytes 2002140 in_flight now 0 fair_inc 41834 prop_inc 79476 fast_inc 4041 eta_inc 33376 multi_dec -121438 quick_dec -5692 nack_dec -136950
Flow Uec_226_98 flowId 177 uecSrc 176 finished at 897.488 total messages 1 total packets 490 RTS 0 total bytes 2002140 in_flight now 0 fair_inc 45157 prop_inc 68311 fast_inc 0 eta_inc 37548 multi_dec -118424 quick_dec -2075 nack_dec -157700
Flow Uec_164_36 flowId 64 uecSrc 63 finished at 923.75 total messages 1 total packets 491 RTS 1 total bytes 2002140 in_flight now 0 fair_inc 31297 prop_inc 23698 fast_inc 0 eta_inc 27416 multi_dec -50672 quick_dec -38293 nack_dec -157700
941.419 flowid 98 Spurious 239
941.751 flowid 98 Spurious 240
Flow Uec_150_22 flowId 89 uecSrc 88 finished at 955.221 total messages 1 total packets 490 RTS 0 total bytes 2002140 in_flight now 0 fair_inc 28916 prop_inc 16685 fast_inc 0 eta_inc 37548 multi_dec -50042 quick_dec -64188 nack_dec -174300
Flow Uec_156_28 flowId 126 uecSrc 125 finished at 1076.63 total messages 1 total packets 490 RTS 0 total bytes 2002140 in_flight now 0 fair_inc 51475 prop_inc 36193 fast_inc 0 eta_inc 33376 multi_dec -77387 quick_dec -110890 nack_dec -141100
Flow Uec_168_40 flowId 195 uecSrc 194 finished at 1091.83 total messages 1 total packets 490 RTS 0 total bytes 2002140 in_flight now 0 fair_inc 46588 prop_inc 13557 fast_inc 0 eta_inc 35760 multi_dec -118889 quick_dec -2463 nack_dec -153550
1104.84 flowid 98 Spurious 249
1108.51 flowid 98 Spurious 248
1110.5 flowid 98 Spurious 250
Flow Uec_154_26 flowId 28 uecSrc 27 finished at 1124.93 total messages 1 total packets 490 RTS 0 total bytes 2002140 in_flight now 0 fair_inc 29114 prop_inc 35669 fast_inc 0 eta_inc 32780 multi_dec -25681 quick_dec -86519 nack_dec -157700
Flow Uec_155_27 flowId 27 uecSrc 26 finished at 1144.68 total messages 1 total packets 490 RTS 0 total bytes 2002140 in_flight now 0 fair_inc 49870 prop_inc 42692 fast_inc 0 eta_inc 33972 multi_dec -26969 quick_dec -119246 nack_dec -136950
Flow Uec_151_23 flowId 35 uecSrc 34 finished at 1157.73 total messages 1 total packets 490 RTS 0 total bytes 2002140 in_flight now 0 fair_inc 43769 prop_inc 13700 fast_inc 0 eta_inc 35164 multi_dec -38716 quick_dec -64156 nack_dec -170150
Flow Uec_161_33 flowId 165 uecSrc 164 finished at 1175.75 total messages 1 total packets 490 RTS 0 total bytes 2002140 in_flight now 0 fair_inc 29469 prop_inc 46635 fast_inc 36851 eta_inc 35760 multi_dec -28784 quick_dec -89903 nack_dec -149400
Flow Uec_171_43 flowId 90 uecSrc 89 finished at 1199.72 total messages 1 total packets 490 RTS 0 total bytes 2002140 in_flight now 0 fair_inc 33566 prop_inc 19272 fast_inc 0 eta_inc 36952 multi_dec -49521 quick_dec -70913 nack_dec -161850
Flow Uec_172_44 flowId 204 uecSrc 203 finished at 1222.79 total messages 1 total packets 490 RTS 0 total bytes 2002140 in_flight now 0 fair_inc 27452 prop_inc 24040 fast_inc 0 eta_inc 34568 multi_dec -18527 quick_dec -109473 nack_dec -149400
Flow Uec_149_21 flowId 25 uecSrc 24 finished at 1328.06 total messages 1 total packets 490 RTS 0 total bytes 2002140 in_flight now 0 fair_inc 23758 prop_inc 61569 fast_inc 0 eta_inc 35164 multi_dec -0 quick_dec -60371 nack_dec -174300
Flow Uec_148_20 flowId 112 uecSrc 111 finished at 1331.87 total messages 1 total packets 490 RTS 0 total bytes 2002140 in_flight now 0 fair_inc 49824 prop_inc 57813 fast_inc 0 eta_inc 38740 multi_dec -56700 quick_dec -90145 nack_dec -149400
Flow Uec_3_131 flowId 91 uecSrc 90 finished at 1640.81 total messages 1 total packets 525 RTS 35 total bytes 2002140 in_flight now -192 fair_inc 14502 prop_inc 226439 fast_inc 0 eta_inc 58408 multi_dec -72838 quick_dec -39411 nack_dec -62250
Flow Uec_8_136 flowId 107 uecSrc 106 finished at 2061.44 total messages 1 total packets 534 RTS 44 total bytes 2002140 in_flight now -448 fair_inc 21050 prop_inc 225513 fast_inc 0 eta_inc 66156 multi_dec -0 quick_dec -30935 nack_dec -8300
Flow Uec_2_130 flowId 98 uecSrc 97 finished at 2466.7 total messages 1 total packets 530 RTS 40 total bytes 2002140 in_flight now -192 fair_inc 13667 prop_inc 221938 fast_inc 0 eta_inc 66752 multi_dec -45247 quick_dec -42928 nack_dec -37350
.Done
New: 106820 Rtx: 5398 RTS: 346 Bounced: 0 ACKs: 86412 NACKs: 4424 Pulls: 0 sleek_pkts: 0
