traffic matrix input file: connection_matrices/load_sweep/load0.60_n256_seed3.cm
Load balancing algorithm set to oblivious
no_of_nodes 256
Dragonfly+ strategy: FPAR
Setting queuesize to 50 packets
endtime(us) 100000
random seed 3
Packet size (MTU) is 4150
Parsed args
Logging to reps_dfp_results/reps_withoutnorm256/load0.60_oblivious_seed3.dat
Loading connection matrix from connection_matrices/load_sweep/load0.60_n256_seed3.cm
Nodes: 256 Connections: 154 Triggers: 0 Failures: 0
Setting ECN low 33200 high 120350
Dragonfly+ with medium topology type
Link latencies: 1 and switch latencies: 0
queue_id 2 ecn_low 33200 ecn_high 120350
DragonFly+ constructor done, 392 nodes created
Note: topology supports 392 hosts; 136 host port(s) will be unused.
network_max_unloaded_rtt 11.6856 us
Setting min RTO to 114.6
Per-hop RTT normalization: OFF (strategy fpar)
Initializing static NSCC parameters: _reference_network_linkspeed=100000000000 _reference_network_rtt=12000000 _reference_network_bdp=150000 _target_Qdelay=8764200 _network_linkspeed=100000000000 _network_rtt=11685600 _network_bdp=146070 _qa_gate=2^3 _qa_threshold=3.50568e+07 _scaling_factor_a=0.9738 _scaling_factor_b=0.73035 _alpha=0.00132632 _fi=19894.7 _eta=596.842 _qa_scaling=1 _gamma=0.8 _fi_scale=0.24345 _delay_alpha=0.0125 _adjust_period_threshold=11685600 _adjust_bytes_threshold=33200
Initialize per-instance NSCC parameters: flowid 1 _base_rtt=11685600 _base_bdp=146070 _bdp=146070 _min_cwnd=4150 _maxwnd=219105 _cwnd=219105
Initialize per-instance NSCC parameters: flowid 2 _base_rtt=11685600 _base_bdp=146070 _bdp=146070 _min_cwnd=4150 _maxwnd=219105 _cwnd=219105
Initialize per-instance NSCC parameters: flowid 3 _base_rtt=11685600 _base_bdp=146070 _bdp=146070 _min_cwnd=4150 _maxwnd=219105 _cwnd=219105
Initialize per-instance NSCC parameters: flowid 4 _base_rtt=11685600 _base_bdp=146070 _bdp=146070 _min_cwnd=4150 _maxwnd=219105 _cwnd=219105
Initialize per-instance NSCC parameters: flowid 5 _base_rtt=11685600 _base_bdp=146070 _bdp=146070 _min_cwnd=4150 _maxwnd=219105 _cwnd=219105
Initialize per-instance NSCC parameters: flowid 6 _base_rtt=11685600 _base_bdp=146070 _bdp=146070 _min_cwnd=4150 _maxwnd=219105 _cwnd=219105
Initialize per-instance NSCC parameters: flowid 7 _base_rtt=11685600 _base_bdp=146070 _bdp=146070 _min_cwnd=4150 _maxwnd=219105 _cwnd=219105
Initialize per-instance NSCC parameters: flowid 8 _base_rtt=11685600 _base_bdp=146070 _bdp=146070 _min_cwnd=4150 _maxwnd=219105 _cwnd=219105
Initialize per-instance NSCC parameters: flowid 9 _base_rtt=11685600 _base_bdp=146070 _bdp=146070 _min_cwnd=4150 _maxwnd=219105 _cwnd=219105
Initialize per-instance NSCC parameters: flowid 10 _base_rtt=11685600 _base_bdp=146070 _bdp=146070 _min_cwnd=4150 _maxwnd=219105 _cwnd=219105
Initialize per-instance NSCC parameters: flowid 11 _base_rtt=11685600 _base_bdp=146070 _bdp=146070 _min_cwnd=4150 _maxwnd=219105 _cwnd=219105
Initialize per-instance NSCC parameters: flowid 12 _base_rtt=11685600 _base_bdp=146070 _bdp=146070 _min_cwnd=4150 _maxwnd=219105 _cwnd=219105
Initialize per-instance NSCC parameters: flowid 13 _base_rtt=11685600 _base_bdp=146070 _bdp=146070 _min_cwnd=4150 _maxwnd=219105 _cwnd=219105
Initialize per-instance NSCC parameters: flowid 14 _base_rtt=11685600 _base_bdp=146070 _bdp=146070 _min_cwnd=4150 _maxwnd=219105 _cwnd=219105
Initialize per-instance NSCC parameters: flowid 15 _base_rtt=11685600 _base_bdp=146070 _bdp=146070 _min_cwnd=4150 _maxwnd=219105 _cwnd=219105
Initialize per-instance NSCC parameters: flowid 16 _base_rtt=11685600 _base_bdp=146070 _bdp=146070 _min_cwnd=4150 _maxwnd=219105 _cwnd=219105
Initialize per-instance NSCC parameters: flowid 17 _base_rtt=11685600 _base_bdp=146070 _bdp=146070 _min_cwnd=4150 _maxwnd=219105 _cwnd=219105
Initialize per-instance NSCC parameters: flowid 18 _base_rtt=11685600 _base_bdp=146070 _bdp=146070 _min_cwnd=4150 _maxwnd=219105 _cwnd=219105
Initialize per-instance NSCC parameters: flowid 19 _base_rtt=11685600 _base_bdp=146070 _bdp=146070 _min_cwnd=4150 _maxwnd=219105 _cwnd=219105
Initialize per-instance NSCC parameters: flowid 20 _base_rtt=11685600 _base_bdp=146070 _bdp=146070 _min_cwnd=4150 _maxwnd=219105 _cwnd=219105
Initialize per-instance NSCC parameters: flowid 21 _base_rtt=11685600 _base_bdp=146070 _bdp=146070 _min_cwnd=4150 _maxwnd=219105 _cwnd=219105
Initialize per-instance NSCC parameters: flowid 22 _base_rtt=11685600 _base_bdp=146070 _bdp=146070 _min_cwnd=4150 _maxwnd=219105 _cwnd=219105
Initialize per-instance NSCC parameters: flowid 23 _base_rtt=11685600 _base_bdp=146070 _bdp=146070 _min_cwnd=4150 _maxwnd=219105 _cwnd=219105
Initialize per-instance NSCC parameters: flowid 24 _base_rtt=11685600 _base_bdp=146070 _bdp=146070 _min_cwnd=4150 _maxwnd=219105 _cwnd=219105
Initialize per-instance NSCC parameters: flowid 25 _base_rtt=11685600 _base_bdp=146070 _bdp=146070 _min_cwnd=4150 _maxwnd=219105 _cwnd=219105
Initialize per-instance NSCC parameters: flowid 26 _base_rtt=11685600 _base_bdp=146070 _bdp=146070 _min_cwnd=4150 _maxwnd=219105 _cwnd=219105
Initialize per-instance NSCC parameters: flowid 27 _base_rtt=11685600 _base_bdp=146070 _bdp=146070 _min_cwnd=4150 _maxwnd=219105 _cwnd=219105
Initialize per-instance NSCC parameters: flowid 28 _base_rtt=11685600 _base_bdp=146070 _bdp=146070 _min_cwnd=4150 _maxwnd=219105 _cwnd=219105
Initialize per-instance NSCC parameters: flowid 29 _base_rtt=11685600 _base_bdp=146070 _bdp=146070 _min_cwnd=4150 _maxwnd=219105 _cwnd=219105
Initialize per-instance NSCC parameters: flowid 30 _base_rtt=11685600 _base_bdp=146070 _bdp=146070 _min_cwnd=4150 _maxwnd=219105 _cwnd=219105
Initialize per-instance NSCC parameters: flowid 31 _base_rtt=11685600 _base_bdp=146070 _bdp=146070 _min_cwnd=4150 _maxwnd=219105 _cwnd=219105
Initialize per-instance NSCC parameters: flowid 32 _base_rtt=11685600 _base_bdp=146070 _bdp=146070 _min_cwnd=4150 _maxwnd=219105 _cwnd=219105
Initialize per-instance NSCC parameters: flowid 33 _base_rtt=11685600 _base_bdp=146070 _bdp=146070 _min_cwnd=4150 _maxwnd=219105 _cwnd=219105
Initialize per-instance NSCC parameters: flowid 34 _base_rtt=11685600 _base_bdp=146070 _bdp=146070 _min_cwnd=4150 _maxwnd=219105 _cwnd=219105
Initialize per-instance NSCC parameters: flowid 35 _base_rtt=11685600 _base_bdp=146070 _bdp=146070 _min_cwnd=4150 _maxwnd=219105 _cwnd=219105
Initialize per-instance NSCC parameters: flowid 36 _base_rtt=11685600 _base_bdp=146070 _bdp=146070 _min_cwnd=4150 _maxwnd=219105 _cwnd=219105
Initialize per-instance NSCC parameters: flowid 37 _base_rtt=11685600 _base_bdp=146070 _bdp=146070 _min_cwnd=4150 _maxwnd=219105 _cwnd=219105
Initialize per-instance NSCC parameters: flowid 38 _base_rtt=11685600 _base_bdp=146070 _bdp=146070 _min_cwnd=4150 _maxwnd=219105 _cwnd=219105
Initialize per-instance NSCC parameters: flowid 39 _base_rtt=11685600 _base_bdp=146070 _bdp=146070 _min_cwnd=4150 _maxwnd=219105 _cwnd=219105
Initialize per-instance NSCC parameters: flowid 40 _base_rtt=11685600 _base_bdp=146070 _bdp=146070 _min_cwnd=4150 _maxwnd=219105 _cwnd=219105
Initialize per-instance NSCC parameters: flowid 41 _base_rtt=11685600 _base_bdp=146070 _bdp=146070 _min_cwnd=4150 _maxwnd=219105 _cwnd=219105
Initialize per-instance NSCC parameters: flowid 42 _base_rtt=11685600 _base_bdp=146070 _bdp=146070 _min_cwnd=4150 _maxwnd=219105 _cwnd=219105
Initialize per-instance NSCC parameters: flowid 43 _base_rtt=11685600 _base_bdp=146070 _bdp=146070 _min_cwnd=4150 _maxwnd=219105 _cwnd=219105
Initialize per-instance NSCC parameters: flowid 44 _base_rtt=11685600 _base_bdp=146070 _bdp=146070 _min_cwnd=4150 _maxwnd=219105 _cwnd=219105
Initialize per-instance NSCC parameters: flowid 45 _base_rtt=11685600 _base_bdp=146070 _bdp=146070 _min_cwnd=4150 _maxwnd=219105 _cwnd=219105
Initialize per-instance NSCC parameters: flowid 46 _base_rtt=11685600 _base_bdp=146070 _bdp=146070 _min_cwnd=4150 _maxwnd=219105 _cwnd=219105
Initialize per-instance NSCC parameters: flowid 47 _base_rtt=11685600 _base_bdp=146070 _bdp=146070 _min_cwnd=4150 _maxwnd=219105 _cwnd=219105
Initialize per-instance NSCC parameters: flowid 48 _base_rtt=11685600 _base_bdp=146070 _bdp=146070 _min_cwnd=4150 _maxwnd=219105 _cwnd=219105
Initialize per-instance NSCC parameters: flowid 49 _base_rtt=11685600 _base_bdp=146070 _bdp=146070 _min_cwnd=4150 _maxwnd=219105 _cwnd=219105
Initialize per-instance NSCC parameters: flowid 50 _base_rtt=11685600 _base_bdp=146070 _bdp=146070 _min_cwnd=4150 _maxwnd=219105 _cwnd=219105
Initialize per-instance NSCC parameters: flowid 51 _base_rtt=11685600 _base_bdp=146070 _bdp=146070 _min_cwnd=4150 _maxwnd=219105 _cwnd=219105
Initialize per-instance NSCC parameters: flowid 52 _base_rtt=11685600 _base_bdp=146070 _bdp=146070 _min_cwnd=4150 _maxwnd=219105 _cwnd=219105
Initialize per-instance NSCC parameters: flowid 53 _base_rtt=11685600 _base_bdp=146070 _bdp=146070 _min_cwnd=4150 _maxwnd=219105 _cwnd=219105
Initialize per-instance NSCC parameters: flowid 54 _base_rtt=11685600 _base_bdp=146070 _bdp=146070 _min_cwnd=4150 _maxwnd=219105 _cwnd=219105
Initialize per-instance NSCC parameters: flowid 55 _base_rtt=11685600 _base_bdp=146070 _bdp=146070 _min_cwnd=4150 _maxwnd=219105 _cwnd=219105
Initialize per-instance NSCC parameters: flowid 56 _base_rtt=11685600 _base_bdp=146070 _bdp=146070 _min_cwnd=4150 _maxwnd=219105 _cwnd=219105
Initialize per-instance NSCC parameters: flowid 57 _base_rtt=11685600 _base_bdp=146070 _bdp=146070 _min_cwnd=4150 _maxwnd=219105 _cwnd=219105
Initialize per-instance NSCC parameters: flowid 58 _base_rtt=11685600 _base_bdp=146070 _bdp=146070 _min_cwnd=4150 _maxwnd=219105 _cwnd=219105
Initialize per-instance NSCC parameters: flowid 59 _base_rtt=11685600 _base_bdp=146070 _bdp=146070 _min_cwnd=4150 _maxwnd=219105 _cwnd=219105
Initialize per-instance NSCC parameters: flowid 60 _base_rtt=11685600 _base_bdp=146070 _bdp=146070 _min_cwnd=4150 _maxwnd=219105 _cwnd=219105
Initialize per-instance NSCC parameters: flowid 61 _base_rtt=11685600 _base_bdp=146070 _bdp=146070 _min_cwnd=4150 _maxwnd=219105 _cwnd=219105
Initialize per-instance NSCC parameters: flowid 62 _base_rtt=11685600 _base_bdp=146070 _bdp=146070 _min_cwnd=4150 _maxwnd=219105 _cwnd=219105
Initialize per-instance NSCC parameters: flowid 63 _base_rtt=11685600 _base_bdp=146070 _bdp=146070 _min_cwnd=4150 _maxwnd=219105 _cwnd=219105
Initialize per-instance NSCC parameters: flowid 64 _base_rtt=11685600 _base_bdp=146070 _bdp=146070 _min_cwnd=4150 _maxwnd=219105 _cwnd=219105
Initialize per-instance NSCC parameters: flowid 65 _base_rtt=11685600 _base_bdp=146070 _bdp=146070 _min_cwnd=4150 _maxwnd=219105 _cwnd=219105
Initialize per-instance NSCC parameters: flowid 66 _base_rtt=11685600 _base_bdp=146070 _bdp=146070 _min_cwnd=4150 _maxwnd=219105 _cwnd=219105
Initialize per-instance NSCC parameters: flowid 67 _base_rtt=11685600 _base_bdp=146070 _bdp=146070 _min_cwnd=4150 _maxwnd=219105 _cwnd=219105
Initialize per-instance NSCC parameters: flowid 68 _base_rtt=11685600 _base_bdp=146070 _bdp=146070 _min_cwnd=4150 _maxwnd=219105 _cwnd=219105
Initialize per-instance NSCC parameters: flowid 69 _base_rtt=11685600 _base_bdp=146070 _bdp=146070 _min_cwnd=4150 _maxwnd=219105 _cwnd=219105
Initialize per-instance NSCC parameters: flowid 70 _base_rtt=11685600 _base_bdp=146070 _bdp=146070 _min_cwnd=4150 _maxwnd=219105 _cwnd=219105
Initialize per-instance NSCC parameters: flowid 71 _base_rtt=11685600 _base_bdp=146070 _bdp=146070 _min_cwnd=4150 _maxwnd=219105 _cwnd=219105
Initialize per-instance NSCC parameters: flowid 72 _base_rtt=11685600 _base_bdp=146070 _bdp=146070 _min_cwnd=4150 _maxwnd=219105 _cwnd=219105
Initialize per-instance NSCC parameters: flowid 73 _base_rtt=11685600 _base_bdp=146070 _bdp=146070 _min_cwnd=4150 _maxwnd=219105 _cwnd=219105
Initialize per-instance NSCC parameters: flowid 74 _base_rtt=11685600 _base_bdp=146070 _bdp=146070 _min_cwnd=4150 _maxwnd=219105 _cwnd=219105
Initialize per-instance NSCC parameters: flowid 75 _base_rtt=11685600 _base_bdp=146070 _bdp=146070 _min_cwnd=4150 _maxwnd=219105 _cwnd=219105
Initialize per-instance NSCC parameters: flowid 76 _base_rtt=11685600 _base_bdp=146070 _bdp=146070 _min_cwnd=4150 _maxwnd=219105 _cwnd=219105
Initialize per-instance NSCC parameters: flowid 77 _base_rtt=11685600 _base_bdp=146070 _bdp=146070 _min_cwnd=4150 _maxwnd=219105 _cwnd=219105
Initialize per-instance NSCC parameters: flowid 78 _base_rtt=11685600 _base_bdp=146070 _bdp=146070 _min_cwnd=4150 _maxwnd=219105 _cwnd=219105
Initialize per-instance NSCC parameters: flowid 79 _base_rtt=11685600 _base_bdp=146070 _bdp=146070 _min_cwnd=4150 _maxwnd=219105 _cwnd=219105
Initialize per-instance NSCC parameters: flowid 80 _base_rtt=11685600 _base_bdp=146070 _bdp=146070 _min_cwnd=4150 _maxwnd=219105 _cwnd=219105
Initialize per-instance NSCC parameters: flowid 81 _base_rtt=11685600 _base_bdp=146070 _bdp=146070 _min_cwnd=4150 _maxwnd=219105 _cwnd=219105
Initialize per-instance NSCC parameters: flowid 82 _base_rtt=11685600 _base_bdp=146070 _bdp=146070 _min_cwnd=4150 _maxwnd=219105 _cwnd=219105
Initialize per-instance NSCC parameters: flowid 83 _base_rtt=11685600 _base_bdp=146070 _bdp=146070 _min_cwnd=4150 _maxwnd=219105 _cwnd=219105
Initialize per-instance NSCC parameters: flowid 84 _base_rtt=11685600 _base_bdp=146070 _bdp=146070 _min_cwnd=4150 _maxwnd=219105 _cwnd=219105
Initialize per-instance NSCC parameters: flowid 85 _base_rtt=11685600 _base_bdp=146070 _bdp=146070 _min_cwnd=4150 _maxwnd=219105 _cwnd=219105
Initialize per-instance NSCC parameters: flowid 86 _base_rtt=11685600 _base_bdp=146070 _bdp=146070 _min_cwnd=4150 _maxwnd=219105 _cwnd=219105
Initialize per-instance NSCC parameters: flowid 87 _base_rtt=11685600 _base_bdp=146070 _bdp=146070 _min_cwnd=4150 _maxwnd=219105 _cwnd=219105
Initialize per-instance NSCC parameters: flowid 88 _base_rtt=11685600 _base_bdp=146070 _bdp=146070 _min_cwnd=4150 _maxwnd=219105 _cwnd=219105
Initialize per-instance NSCC parameters: flowid 89 _base_rtt=11685600 _base_bdp=146070 _bdp=146070 _min_cwnd=4150 _maxwnd=219105 _cwnd=219105
Initialize per-instance NSCC parameters: flowid 90 _base_rtt=11685600 _base_bdp=146070 _bdp=146070 _min_cwnd=4150 _maxwnd=219105 _cwnd=219105
Initialize per-instance NSCC parameters: flowid 91 _base_rtt=11685600 _base_bdp=146070 _bdp=146070 _min_cwnd=4150 _maxwnd=219105 _cwnd=219105
Initialize per-instance NSCC parameters: flowid 92 _base_rtt=11685600 _base_bdp=146070 _bdp=146070 _min_cwnd=4150 _maxwnd=219105 _cwnd=219105
Initialize per-instance NSCC parameters: flowid 93 _base_rtt=11685600 _base_bdp=146070 _bdp=146070 _min_cwnd=4150 _maxwnd=219105 _cwnd=219105
Initialize per-instance NSCC parameters: flowid 94 _base_rtt=11685600 _base_bdp=146070 _bdp=146070 _min_cwnd=4150 _maxwnd=219105 _cwnd=219105
Initialize per-instance NSCC parameters: flowid 95 _base_rtt=11685600 _base_bdp=146070 _bdp=146070 _min_cwnd=4150 _maxwnd=219105 _cwnd=219105
Initialize per-instance NSCC parameters: flowid 96 _base_rtt=11685600 _base_bdp=146070 _bdp=146070 _min_cwnd=4150 _maxwnd=219105 _cwnd=219105
Initialize per-instance NSCC parameters: flowid 97 _base_rtt=11685600 _base_bdp=146070 _bdp=146070 _min_cwnd=4150 _maxwnd=219105 _cwnd=219105
Initialize per-instance NSCC parameters: flowid 98 _base_rtt=11685600 _base_bdp=146070 _bdp=146070 _min_cwnd=4150 _maxwnd=219105 _cwnd=219105
Initialize per-instance NSCC parameters: flowid 99 _base_rtt=11685600 _base_bdp=146070 _bdp=146070 _min_cwnd=4150 _maxwnd=219105 _cwnd=219105
Initialize per-instance NSCC parameters: flowid 100 _base_rtt=11685600 _base_bdp=146070 _bdp=146070 _min_cwnd=4150 _maxwnd=219105 _cwnd=219105
Initialize per-instance NSCC parameters: flowid 101 _base_rtt=11685600 _base_bdp=146070 _bdp=146070 _min_cwnd=4150 _maxwnd=219105 _cwnd=219105
Initialize per-instance NSCC parameters: flowid 102 _base_rtt=11685600 _base_bdp=146070 _bdp=146070 _min_cwnd=4150 _maxwnd=219105 _cwnd=219105
Initialize per-instance NSCC parameters: flowid 103 _base_rtt=11685600 _base_bdp=146070 _bdp=146070 _min_cwnd=4150 _maxwnd=219105 _cwnd=219105
Initialize per-instance NSCC parameters: flowid 104 _base_rtt=11685600 _base_bdp=146070 _bdp=146070 _min_cwnd=4150 _maxwnd=219105 _cwnd=219105
Initialize per-instance NSCC parameters: flowid 105 _base_rtt=11685600 _base_bdp=146070 _bdp=146070 _min_cwnd=4150 _maxwnd=219105 _cwnd=219105
Initialize per-instance NSCC parameters: flowid 106 _base_rtt=11685600 _base_bdp=146070 _bdp=146070 _min_cwnd=4150 _maxwnd=219105 _cwnd=219105
Initialize per-instance NSCC parameters: flowid 107 _base_rtt=11685600 _base_bdp=146070 _bdp=146070 _min_cwnd=4150 _maxwnd=219105 _cwnd=219105
Initialize per-instance NSCC parameters: flowid 108 _base_rtt=11685600 _base_bdp=146070 _bdp=146070 _min_cwnd=4150 _maxwnd=219105 _cwnd=219105
Initialize per-instance NSCC parameters: flowid 109 _base_rtt=11685600 _base_bdp=146070 _bdp=146070 _min_cwnd=4150 _maxwnd=219105 _cwnd=219105
Initialize per-instance NSCC parameters: flowid 110 _base_rtt=11685600 _base_bdp=146070 _bdp=146070 _min_cwnd=4150 _maxwnd=219105 _cwnd=219105
Initialize per-instance NSCC parameters: flowid 111 _base_rtt=11685600 _base_bdp=146070 _bdp=146070 _min_cwnd=4150 _maxwnd=219105 _cwnd=219105
Initialize per-instance NSCC parameters: flowid 112 _base_rtt=11685600 _base_bdp=146070 _bdp=146070 _min_cwnd=4150 _maxwnd=219105 _cwnd=219105
Initialize per-instance NSCC parameters: flowid 113 _base_rtt=11685600 _base_bdp=146070 _bdp=146070 _min_cwnd=4150 _maxwnd=219105 _cwnd=219105
Initialize per-instance NSCC parameters: flowid 114 _base_rtt=11685600 _base_bdp=146070 _bdp=146070 _min_cwnd=4150 _maxwnd=219105 _cwnd=219105
Initialize per-instance NSCC parameters: flowid 115 _base_rtt=11685600 _base_bdp=146070 _bdp=146070 _min_cwnd=4150 _maxwnd=219105 _cwnd=219105
Initialize per-instance NSCC parameters: flowid 116 _base_rtt=11685600 _base_bdp=146070 _bdp=146070 _min_cwnd=4150 _maxwnd=219105 _cwnd=219105
Initialize per-instance NSCC parameters: flowid 117 _base_rtt=11685600 _base_bdp=146070 _bdp=146070 _min_cwnd=4150 _maxwnd=219105 _cwnd=219105
Initialize per-instance NSCC parameters: flowid 118 _base_rtt=11685600 _base_bdp=146070 _bdp=146070 _min_cwnd=4150 _maxwnd=219105 _cwnd=219105
Initialize per-instance NSCC parameters: flowid 119 _base_rtt=11685600 _base_bdp=146070 _bdp=146070 _min_cwnd=4150 _maxwnd=219105 _cwnd=219105
Initialize per-instance NSCC parameters: flowid 120 _base_rtt=11685600 _base_bdp=146070 _bdp=146070 _min_cwnd=4150 _maxwnd=219105 _cwnd=219105
Initialize per-instance NSCC parameters: flowid 121 _base_rtt=11685600 _base_bdp=146070 _bdp=146070 _min_cwnd=4150 _maxwnd=219105 _cwnd=219105
Initialize per-instance NSCC parameters: flowid 122 _base_rtt=11685600 _base_bdp=146070 _bdp=146070 _min_cwnd=4150 _maxwnd=219105 _cwnd=219105
Initialize per-instance NSCC parameters: flowid 123 _base_rtt=11685600 _base_bdp=146070 _bdp=146070 _min_cwnd=4150 _maxwnd=219105 _cwnd=219105
Initialize per-instance NSCC parameters: flowid 124 _base_rtt=11685600 _base_bdp=146070 _bdp=146070 _min_cwnd=4150 _maxwnd=219105 _cwnd=219105
Initialize per-instance NSCC parameters: flowid 125 _base_rtt=11685600 _base_bdp=146070 _bdp=146070 _min_cwnd=4150 _maxwnd=219105 _cwnd=219105
Initialize per-instance NSCC parameters: flowid 126 _base_rtt=11685600 _base_bdp=146070 _bdp=146070 _min_cwnd=4150 _maxwnd=219105 _cwnd=219105
Initialize per-instance NSCC parameters: flowid 127 _base_rtt=11685600 _base_bdp=146070 _bdp=146070 _min_cwnd=4150 _maxwnd=219105 _cwnd=219105
Initialize per-instance NSCC parameters: flowid 128 _base_rtt=11685600 _base_bdp=146070 _bdp=146070 _min_cwnd=4150 _maxwnd=219105 _cwnd=219105
Initialize per-instance NSCC parameters: flowid 129 _base_rtt=11685600 _base_bdp=146070 _bdp=146070 _min_cwnd=4150 _maxwnd=219105 _cwnd=219105
Initialize per-instance NSCC parameters: flowid 130 _base_rtt=11685600 _base_bdp=146070 _bdp=146070 _min_cwnd=4150 _maxwnd=219105 _cwnd=219105
Initialize per-instance NSCC parameters: flowid 131 _base_rtt=11685600 _base_bdp=146070 _bdp=146070 _min_cwnd=4150 _maxwnd=219105 _cwnd=219105
Initialize per-instance NSCC parameters: flowid 132 _base_rtt=11685600 _base_bdp=146070 _bdp=146070 _min_cwnd=4150 _maxwnd=219105 _cwnd=219105
Initialize per-instance NSCC parameters: flowid 133 _base_rtt=11685600 _base_bdp=146070 _bdp=146070 _min_cwnd=4150 _maxwnd=219105 _cwnd=219105
Initialize per-instance NSCC parameters: flowid 134 _base_rtt=11685600 _base_bdp=146070 _bdp=146070 _min_cwnd=4150 _maxwnd=219105 _cwnd=219105
Initialize per-instance NSCC parameters: flowid 135 _base_rtt=11685600 _base_bdp=146070 _bdp=146070 _min_cwnd=4150 _maxwnd=219105 _cwnd=219105
Initialize per-instance NSCC parameters: flowid 136 _base_rtt=11685600 _base_bdp=146070 _bdp=146070 _min_cwnd=4150 _maxwnd=219105 _cwnd=219105
Initialize per-instance NSCC parameters: flowid 137 _base_rtt=11685600 _base_bdp=146070 _bdp=146070 _min_cwnd=4150 _maxwnd=219105 _cwnd=219105
Initialize per-instance NSCC parameters: flowid 138 _base_rtt=11685600 _base_bdp=146070 _bdp=146070 _min_cwnd=4150 _maxwnd=219105 _cwnd=219105
Initialize per-instance NSCC parameters: flowid 139 _base_rtt=11685600 _base_bdp=146070 _bdp=146070 _min_cwnd=4150 _maxwnd=219105 _cwnd=219105
Initialize per-instance NSCC parameters: flowid 140 _base_rtt=11685600 _base_bdp=146070 _bdp=146070 _min_cwnd=4150 _maxwnd=219105 _cwnd=219105
Initialize per-instance NSCC parameters: flowid 141 _base_rtt=11685600 _base_bdp=146070 _bdp=146070 _min_cwnd=4150 _maxwnd=219105 _cwnd=219105
Initialize per-instance NSCC parameters: flowid 142 _base_rtt=11685600 _base_bdp=146070 _bdp=146070 _min_cwnd=4150 _maxwnd=219105 _cwnd=219105
Initialize per-instance NSCC parameters: flowid 143 _base_rtt=11685600 _base_bdp=146070 _bdp=146070 _min_cwnd=4150 _maxwnd=219105 _cwnd=219105
Initialize per-instance NSCC parameters: flowid 144 _base_rtt=11685600 _base_bdp=146070 _bdp=146070 _min_cwnd=4150 _maxwnd=219105 _cwnd=219105
Initialize per-instance NSCC parameters: flowid 145 _base_rtt=11685600 _base_bdp=146070 _bdp=146070 _min_cwnd=4150 _maxwnd=219105 _cwnd=219105
Initialize per-instance NSCC parameters: flowid 146 _base_rtt=11685600 _base_bdp=146070 _bdp=146070 _min_cwnd=4150 _maxwnd=219105 _cwnd=219105
Initialize per-instance NSCC parameters: flowid 147 _base_rtt=11685600 _base_bdp=146070 _bdp=146070 _min_cwnd=4150 _maxwnd=219105 _cwnd=219105
Initialize per-instance NSCC parameters: flowid 148 _base_rtt=11685600 _base_bdp=146070 _bdp=146070 _min_cwnd=4150 _maxwnd=219105 _cwnd=219105
Initialize per-instance NSCC parameters: flowid 149 _base_rtt=11685600 _base_bdp=146070 _bdp=146070 _min_cwnd=4150 _maxwnd=219105 _cwnd=219105
Initialize per-instance NSCC parameters: flowid 150 _base_rtt=11685600 _base_bdp=146070 _bdp=146070 _min_cwnd=4150 _maxwnd=219105 _cwnd=219105
Initialize per-instance NSCC parameters: flowid 151 _base_rtt=11685600 _base_bdp=146070 _bdp=146070 _min_cwnd=4150 _maxwnd=219105 _cwnd=219105
Initialize per-instance NSCC parameters: flowid 152 _base_rtt=11685600 _base_bdp=146070 _bdp=146070 _min_cwnd=4150 _maxwnd=219105 _cwnd=219105
Initialize per-instance NSCC parameters: flowid 153 _base_rtt=11685600 _base_bdp=146070 _bdp=146070 _min_cwnd=4150 _maxwnd=219105 _cwnd=219105
Initialize per-instance NSCC parameters: flowid 154 _base_rtt=11685600 _base_bdp=146070 _bdp=146070 _min_cwnd=4150 _maxwnd=219105 _cwnd=219105
Starting simulation
Flow Uec_195_67 flowId 1 uecSrc 0 starting at 0
Flow Uec_109_237 flowId 2 uecSrc 1 starting at 0
Flow Uec_26_154 flowId 3 uecSrc 2 starting at 0
Flow Uec_25_153 flowId 4 uecSrc 3 starting at 0
Flow Uec_34_162 flowId 5 uecSrc 4 starting at 0
Flow Uec_213_85 flowId 6 uecSrc 5 starting at 0
Flow Uec_185_57 flowId 7 uecSrc 6 starting at 0
Flow Uec_164_36 flowId 8 uecSrc 7 starting at 0
Flow Uec_252_124 flowId 9 uecSrc 8 starting at 0
Flow Uec_37_165 flowId 10 uecSrc 9 starting at 0
Flow Uec_69_197 flowId 11 uecSrc 10 starting at 0
Flow Uec_174_46 flowId 12 uecSrc 11 starting at 0
Flow Uec_137_9 flowId 13 uecSrc 12 starting at 0
Flow Uec_168_40 flowId 14 uecSrc 13 starting at 0
Flow Uec_176_48 flowId 15 uecSrc 14 starting at 0
Flow Uec_63_191 flowId 16 uecSrc 15 starting at 0
Flow Uec_184_56 flowId 17 uecSrc 16 starting at 0
Flow Uec_242_114 flowId 18 uecSrc 17 starting at 0
Flow Uec_130_2 flowId 19 uecSrc 18 starting at 0
Flow Uec_0_128 flowId 20 uecSrc 19 starting at 0
Flow Uec_239_111 flowId 21 uecSrc 20 starting at 0
Flow Uec_248_120 flowId 22 uecSrc 21 starting at 0
Flow Uec_56_184 flowId 23 uecSrc 22 starting at 0
Flow Uec_28_156 flowId 24 uecSrc 23 starting at 0
Flow Uec_227_99 flowId 25 uecSrc 24 starting at 0
Flow Uec_123_251 flowId 26 uecSrc 25 starting at 0
Flow Uec_140_12 flowId 27 uecSrc 26 starting at 0
Flow Uec_49_177 flowId 28 uecSrc 27 starting at 0
Flow Uec_32_160 flowId 29 uecSrc 28 starting at 0
Flow Uec_76_204 flowId 30 uecSrc 29 starting at 0
Flow Uec_182_54 flowId 31 uecSrc 30 starting at 0
Flow Uec_217_89 flowId 32 uecSrc 31 starting at 0
Flow Uec_167_39 flowId 33 uecSrc 32 starting at 0
Flow Uec_122_250 flowId 34 uecSrc 33 starting at 0
Flow Uec_250_122 flowId 35 uecSrc 34 starting at 0
Flow Uec_68_196 flowId 36 uecSrc 35 starting at 0
Flow Uec_18_146 flowId 37 uecSrc 36 starting at 0
Flow Uec_89_217 flowId 38 uecSrc 37 starting at 0
Flow Uec_234_106 flowId 39 uecSrc 38 starting at 0
Flow Uec_220_92 flowId 40 uecSrc 39 starting at 0
Flow Uec_90_218 flowId 41 uecSrc 40 starting at 0
Flow Uec_43_171 flowId 42 uecSrc 41 starting at 0
Flow Uec_142_14 flowId 43 uecSrc 42 starting at 0
Flow Uec_60_188 flowId 44 uecSrc 43 starting at 0
Flow Uec_13_141 flowId 45 uecSrc 44 starting at 0
Flow Uec_173_45 flowId 46 uecSrc 45 starting at 0
Flow Uec_6_134 flowId 47 uecSrc 46 starting at 0
Flow Uec_19_147 flowId 48 uecSrc 47 starting at 0
Flow Uec_132_4 flowId 49 uecSrc 48 starting at 0
Flow Uec_29_157 flowId 50 uecSrc 49 starting at 0
Flow Uec_214_86 flowId 51 uecSrc 50 starting at 0
Flow Uec_59_187 flowId 52 uecSrc 51 starting at 0
Flow Uec_79_207 flowId 53 uecSrc 52 starting at 0
Flow Uec_179_51 flowId 54 uecSrc 53 starting at 0
Flow Uec_238_110 flowId 55 uecSrc 54 starting at 0
Flow Uec_186_58 flowId 56 uecSrc 55 starting at 0
Flow Uec_172_44 flowId 57 uecSrc 56 starting at 0
Flow Uec_22_150 flowId 58 uecSrc 57 starting at 0
Flow Uec_77_205 flowId 59 uecSrc 58 starting at 0
Flow Uec_254_126 flowId 60 uecSrc 59 starting at 0
Flow Uec_146_18 flowId 61 uecSrc 60 starting at 0
Flow Uec_241_113 flowId 62 uecSrc 61 starting at 0
Flow Uec_199_71 flowId 63 uecSrc 62 starting at 0
Flow Uec_106_234 flowId 64 uecSrc 63 starting at 0
Flow Uec_193_65 flowId 65 uecSrc 64 starting at 0
Flow Uec_190_62 flowId 66 uecSrc 65 starting at 0
Flow Uec_149_21 flowId 67 uecSrc 66 starting at 0
Flow Uec_115_243 flowId 68 uecSrc 67 starting at 0
Flow Uec_205_77 flowId 69 uecSrc 68 starting at 0
Flow Uec_253_125 flowId 70 uecSrc 69 starting at 0
Flow Uec_101_229 flowId 71 uecSrc 70 starting at 0
Flow Uec_112_240 flowId 72 uecSrc 71 starting at 0
Flow Uec_133_5 flowId 73 uecSrc 72 starting at 0
Flow Uec_45_173 flowId 74 uecSrc 73 starting at 0
Flow Uec_127_255 flowId 75 uecSrc 74 starting at 0
Flow Uec_61_189 flowId 76 uecSrc 75 starting at 0
Flow Uec_57_185 flowId 77 uecSrc 76 starting at 0
Flow Uec_198_70 flowId 78 uecSrc 77 starting at 0
Flow Uec_139_11 flowId 79 uecSrc 78 starting at 0
Flow Uec_21_149 flowId 80 uecSrc 79 starting at 0
Flow Uec_108_236 flowId 81 uecSrc 80 starting at 0
Flow Uec_211_83 flowId 82 uecSrc 81 starting at 0
Flow Uec_215_87 flowId 83 uecSrc 82 starting at 0
Flow Uec_92_220 flowId 84 uecSrc 83 starting at 0
Flow Uec_39_167 flowId 85 uecSrc 84 starting at 0
Flow Uec_216_88 flowId 86 uecSrc 85 starting at 0
Flow Uec_243_115 flowId 87 uecSrc 86 starting at 0
Flow Uec_94_222 flowId 88 uecSrc 87 starting at 0
Flow Uec_85_213 flowId 89 uecSrc 88 starting at 0
Flow Uec_102_230 flowId 90 uecSrc 89 starting at 0
Flow Uec_71_199 flowId 91 uecSrc 90 starting at 0
Flow Uec_64_192 flowId 92 uecSrc 91 starting at 0
Flow Uec_66_194 flowId 93 uecSrc 92 starting at 0
Flow Uec_233_105 flowId 94 uecSrc 93 starting at 0
Flow Uec_191_63 flowId 95 uecSrc 94 starting at 0
Flow Uec_128_0 flowId 96 uecSrc 95 starting at 0
Flow Uec_104_232 flowId 97 uecSrc 96 starting at 0
Flow Uec_175_47 flowId 98 uecSrc 97 starting at 0
Flow Uec_58_186 flowId 99 uecSrc 98 starting at 0
Flow Uec_54_182 flowId 100 uecSrc 99 starting at 0
Flow Uec_80_208 flowId 101 uecSrc 100 starting at 0
Flow Uec_8_136 flowId 102 uecSrc 101 starting at 0
Flow Uec_204_76 flowId 103 uecSrc 102 starting at 0
Flow Uec_116_244 flowId 104 uecSrc 103 starting at 0
Flow Uec_177_49 flowId 105 uecSrc 104 starting at 0
Flow Uec_1_129 flowId 106 uecSrc 105 starting at 0
Flow Uec_107_235 flowId 107 uecSrc 106 starting at 0
Flow Uec_161_33 flowId 108 uecSrc 107 starting at 0
Flow Uec_36_164 flowId 109 uecSrc 108 starting at 0
Flow Uec_81_209 flowId 110 uecSrc 109 starting at 0
Flow Uec_141_13 flowId 111 uecSrc 110 starting at 0
Flow Uec_240_112 flowId 112 uecSrc 111 starting at 0
Flow Uec_17_145 flowId 113 uecSrc 112 starting at 0
Flow Uec_88_216 flowId 114 uecSrc 113 starting at 0
Flow Uec_180_52 flowId 115 uecSrc 114 starting at 0
Flow Uec_224_96 flowId 116 uecSrc 115 starting at 0
Flow Uec_12_140 flowId 117 uecSrc 116 starting at 0
Flow Uec_150_22 flowId 118 uecSrc 117 starting at 0
Flow Uec_207_79 flowId 119 uecSrc 118 starting at 0
Flow Uec_171_43 flowId 120 uecSrc 119 starting at 0
Flow Uec_119_247 flowId 121 uecSrc 120 starting at 0
Flow Uec_237_109 flowId 122 uecSrc 121 starting at 0
Flow Uec_236_108 flowId 123 uecSrc 122 starting at 0
Flow Uec_84_212 flowId 124 uecSrc 123 starting at 0
Flow Uec_9_137 flowId 125 uecSrc 124 starting at 0
Flow Uec_72_200 flowId 126 uecSrc 125 starting at 0
Flow Uec_202_74 flowId 127 uecSrc 126 starting at 0
Flow Uec_134_6 flowId 128 uecSrc 127 starting at 0
Flow Uec_221_93 flowId 129 uecSrc 128 starting at 0
Flow Uec_74_202 flowId 130 uecSrc 129 starting at 0
Flow Uec_152_24 flowId 131 uecSrc 130 starting at 0
Flow Uec_223_95 flowId 132 uecSrc 131 starting at 0
Flow Uec_75_203 flowId 133 uecSrc 132 starting at 0
Flow Uec_181_53 flowId 134 uecSrc 133 starting at 0
Flow Uec_151_23 flowId 135 uecSrc 134 starting at 0
Flow Uec_52_180 flowId 136 uecSrc 135 starting at 0
Flow Uec_203_75 flowId 137 uecSrc 136 starting at 0
Flow Uec_124_252 flowId 138 uecSrc 137 starting at 0
Flow Uec_53_181 flowId 139 uecSrc 138 starting at 0
Flow Uec_144_16 flowId 140 uecSrc 139 starting at 0
Flow Uec_110_238 flowId 141 uecSrc 140 starting at 0
Flow Uec_121_249 flowId 142 uecSrc 141 starting at 0
Flow Uec_166_38 flowId 143 uecSrc 142 starting at 0
Flow Uec_187_59 flowId 144 uecSrc 143 starting at 0
Flow Uec_231_103 flowId 145 uecSrc 144 starting at 0
Flow Uec_62_190 flowId 146 uecSrc 145 starting at 0
Flow Uec_169_41 flowId 147 uecSrc 146 starting at 0
Flow Uec_232_104 flowId 148 uecSrc 147 starting at 0
Flow Uec_246_118 flowId 149 uecSrc 148 starting at 0
Flow Uec_170_42 flowId 150 uecSrc 149 starting at 0
Flow Uec_113_241 flowId 151 uecSrc 150 starting at 0
Flow Uec_78_206 flowId 152 uecSrc 151 starting at 0
Flow Uec_178_50 flowId 153 uecSrc 152 starting at 0
Flow Uec_226_98 flowId 154 uecSrc 153 starting at 0
137.272 flowid 95 Spurious 35
140.27 flowid 95 Spurious 46
141.266 flowid 95 Spurious 48
141.935 flowid 95 Spurious 50
141.968 flowid 1 Spurious 53
145.587 flowid 95 Spurious 55
146.256 flowid 95 Spurious 57
147.926 flowid 95 Spurious 59
149.602 flowid 95 Spurious 61
153.274 flowid 95 Spurious 38
155.501 flowid 65 Spurious 36
163.711 flowid 24 Spurious 108
166.405 flowid 24 Spurious 101
167.401 flowid 24 Spurious 103
168.324 flowid 48 Spurious 72
169.393 flowid 24 Spurious 91
169.652 flowid 48 Spurious 79
172.05 flowid 125 Spurious 114
172.382 flowid 125 Spurious 116
174.374 flowid 125 Spurious 123
175.37 flowid 125 Spurious 125
Flow Uec_123_251 flowId 26 uecSrc 25 finished at 175.522 total messages 1 total packets 490 RTS 0 total bytes 2002140 in_flight now 0 fair_inc 0 prop_inc 25334 fast_inc 363690 eta_inc 8344 multi_dec -0 quick_dec -0 nack_dec -0
175.707 flowid 125 Spurious 127
Flow Uec_106_234 flowId 64 uecSrc 63 finished at 178.032 total messages 1 total packets 490 RTS 0 total bytes 2002140 in_flight now 0 fair_inc 0 prop_inc 83377 fast_inc 0 eta_inc 8344 multi_dec -0 quick_dec -0 nack_dec -0
Flow Uec_113_241 flowId 151 uecSrc 150 finished at 178.38 total messages 1 total packets 490 RTS 0 total bytes 2002140 in_flight now 0 fair_inc 0 prop_inc 73990 fast_inc 0 eta_inc 8344 multi_dec -0 quick_dec -0 nack_dec -0
Flow Uec_110_238 flowId 141 uecSrc 140 finished at 179.141 total messages 1 total packets 490 RTS 0 total bytes 2002140 in_flight now 0 fair_inc 0 prop_inc 79214 fast_inc 0 eta_inc 8344 multi_dec -0 quick_dec -0 nack_dec -0
Flow Uec_146_18 flowId 61 uecSrc 60 finished at 179.46 total messages 1 total packets 490 RTS 0 total bytes 2002140 in_flight now 0 fair_inc 0 prop_inc 75295 fast_inc 0 eta_inc 8344 multi_dec -0 quick_dec -0 nack_dec -0
183.901 flowid 113 Spurious 147
184.228 flowid 5 Spurious 142
184.897 flowid 113 Spurious 150
185.229 flowid 113 Spurious 151
Flow Uec_227_99 flowId 25 uecSrc 24 finished at 186.738 total messages 1 total packets 490 RTS 0 total bytes 2002140 in_flight now 0 fair_inc 0 prop_inc 42536 fast_inc 0 eta_inc 8940 multi_dec -0 quick_dec -0 nack_dec -0
189.944 flowid 113 Spurious 163
Flow Uec_61_189 flowId 76 uecSrc 75 finished at 193.249 total messages 1 total packets 490 RTS 0 total bytes 2002140 in_flight now 0 fair_inc 5243 prop_inc 28421 fast_inc 0 eta_inc 8940 multi_dec -0 quick_dec -0 nack_dec -0
193.328 flowid 4 Spurious 157
Flow Uec_29_157 flowId 50 uecSrc 49 finished at 193.59 total messages 1 total packets 490 RTS 0 total bytes 2002140 in_flight now 0 fair_inc 0 prop_inc 23619 fast_inc 8082 eta_inc 9536 multi_dec -0 quick_dec -0 nack_dec -0
194.656 flowid 4 Spurious 161
Flow Uec_21_149 flowId 80 uecSrc 79 finished at 195.178 total messages 1 total packets 490 RTS 0 total bytes 2002140 in_flight now 0 fair_inc 2623 prop_inc 21508 fast_inc 0 eta_inc 8940 multi_dec -0 quick_dec -0 nack_dec -0
195.32 flowid 4 Spurious 163
196.995 flowid 4 Spurious 165
Flow Uec_18_146 flowId 37 uecSrc 36 finished at 197.263 total messages 1 total packets 490 RTS 0 total bytes 2002140 in_flight now 0 fair_inc 2247 prop_inc 14250 fast_inc 0 eta_inc 9536 multi_dec -0 quick_dec -0 nack_dec -0
197.996 flowid 4 Spurious 166
201.34 flowid 74 Spurious 173
Flow Uec_253_125 flowId 70 uecSrc 69 finished at 204.555 total messages 1 total packets 490 RTS 0 total bytes 2002140 in_flight now 0 fair_inc 6374 prop_inc 7345 fast_inc 0 eta_inc 9536 multi_dec -0 quick_dec -0 nack_dec -0
207.74 flowid 74 Spurious 200
Flow Uec_37_165 flowId 10 uecSrc 9 finished at 215.689 total messages 1 total packets 490 RTS 0 total bytes 2002140 in_flight now 0 fair_inc 10481 prop_inc 17113 fast_inc 0 eta_inc 10132 multi_dec -0 quick_dec -0 nack_dec -0
Flow Uec_39_167 flowId 85 uecSrc 84 finished at 216.258 total messages 1 total packets 490 RTS 0 total bytes 2002140 in_flight now 0 fair_inc 5548 prop_inc 36314 fast_inc 0 eta_inc 10132 multi_dec -64284 quick_dec -0 nack_dec -0
Flow Uec_9_137 flowId 125 uecSrc 124 finished at 222.245 total messages 1 total packets 491 RTS 1 total bytes 2002140 in_flight now 0 fair_inc 6644 prop_inc 11362 fast_inc 0 eta_inc 10132 multi_dec -0 quick_dec -0 nack_dec -16600
224.337 flowid 5 Spurious 256
250.878 flowid 4 Spurious 296
251.21 flowid 4 Spurious 297
254.075 flowid 109 Spurious 325
Flow Uec_34_162 flowId 5 uecSrc 4 finished at 257.193 total messages 1 total packets 490 RTS 0 total bytes 2002140 in_flight now 0 fair_inc 2327 prop_inc 12154 fast_inc 0 eta_inc 11324 multi_dec -0 quick_dec -0 nack_dec -0
Flow Uec_26_154 flowId 3 uecSrc 2 finished at 262.352 total messages 1 total packets 491 RTS 1 total bytes 2002140 in_flight now 0 fair_inc 12421 prop_inc 24762 fast_inc 0 eta_inc 12516 multi_dec -68403 quick_dec -0 nack_dec -4150
Flow Uec_17_145 flowId 113 uecSrc 112 finished at 278.374 total messages 1 total packets 492 RTS 2 total bytes 2002140 in_flight now 0 fair_inc 9426 prop_inc 12242 fast_inc 0 eta_inc 10728 multi_dec -0 quick_dec -184985 nack_dec -8300
Flow Uec_12_140 flowId 117 uecSrc 116 finished at 283.032 total messages 1 total packets 490 RTS 0 total bytes 2002140 in_flight now 0 fair_inc 20622 prop_inc 45287 fast_inc 0 eta_inc 9536 multi_dec -0 quick_dec -203685 nack_dec -20750
Flow Uec_45_173 flowId 74 uecSrc 73 finished at 289.334 total messages 1 total packets 493 RTS 3 total bytes 2002140 in_flight now 0 fair_inc 8330 prop_inc 27168 fast_inc 0 eta_inc 13112 multi_dec -87867 quick_dec -0 nack_dec -8300
Flow Uec_195_67 flowId 1 uecSrc 0 finished at 290.85 total messages 1 total packets 492 RTS 2 total bytes 2002140 in_flight now 0 fair_inc 2014 prop_inc 26263 fast_inc 0 eta_inc 12516 multi_dec -38176 quick_dec -0 nack_dec -16600
294.935 flowid 117 Spurious 458
302.821 flowid 47 Spurious 481
Flow Uec_43_171 flowId 42 uecSrc 41 finished at 304.862 total messages 1 total packets 490 RTS 0 total bytes 2002140 in_flight now 0 fair_inc 19334 prop_inc 34891 fast_inc 0 eta_inc 14304 multi_dec -128582 quick_dec -0 nack_dec -24900
305.181 flowid 47 Spurious 487
Flow Uec_139_11 flowId 79 uecSrc 78 finished at 305.188 total messages 1 total packets 490 RTS 0 total bytes 2002140 in_flight now 0 fair_inc 12216 prop_inc 20837 fast_inc 0 eta_inc 13708 multi_dec -51895 quick_dec -0 nack_dec -49800
305.849 flowid 47 Spurious 485
306.714 flowid 47 Spurious 479
Flow Uec_36_164 flowId 109 uecSrc 108 finished at 307.073 total messages 1 total packets 491 RTS 1 total bytes 2002140 in_flight now 0 fair_inc 9319 prop_inc 7528 fast_inc 0 eta_inc 11920 multi_dec -19845 quick_dec -0 nack_dec -0
Flow Uec_6_134 flowId 47 uecSrc 46 finished at 307.62 total messages 1 total packets 491 RTS 1 total bytes 2002140 in_flight now 0 fair_inc 6852 prop_inc 57973 fast_inc 0 eta_inc 11324 multi_dec -0 quick_dec -192695 nack_dec -4150
308.708 flowid 47 Spurious 471
Flow Uec_173_45 flowId 46 uecSrc 45 finished at 309.793 total messages 1 total packets 490 RTS 0 total bytes 2002140 in_flight now 0 fair_inc 10312 prop_inc 21559 fast_inc 0 eta_inc 14900 multi_dec -86165 quick_dec -0 nack_dec -37350
Flow Uec_190_62 flowId 66 uecSrc 65 finished at 314.445 total messages 1 total packets 490 RTS 0 total bytes 2002140 in_flight now 0 fair_inc 6195 prop_inc 24131 fast_inc 0 eta_inc 14900 multi_dec -90359 quick_dec -0 nack_dec -33200
Flow Uec_32_160 flowId 29 uecSrc 28 finished at 315.046 total messages 1 total packets 491 RTS 1 total bytes 2002140 in_flight now 0 fair_inc 7235 prop_inc 11484 fast_inc 0 eta_inc 13112 multi_dec -0 quick_dec -0 nack_dec -0
316.131 flowid 47 Spurious 486
Flow Uec_122_250 flowId 34 uecSrc 33 finished at 319.753 total messages 1 total packets 490 RTS 0 total bytes 2002140 in_flight now 0 fair_inc 10046 prop_inc 34405 fast_inc 0 eta_inc 15496 multi_dec -92307 quick_dec -0 nack_dec -37350
Flow Uec_132_4 flowId 49 uecSrc 48 finished at 320.437 total messages 1 total packets 490 RTS 0 total bytes 2002140 in_flight now 0 fair_inc 2124 prop_inc 48362 fast_inc 0 eta_inc 14304 multi_dec -116770 quick_dec -0 nack_dec -24900
Flow Uec_102_230 flowId 90 uecSrc 89 finished at 320.504 total messages 1 total packets 490 RTS 0 total bytes 2002140 in_flight now 0 fair_inc 10772 prop_inc 36926 fast_inc 0 eta_inc 15496 multi_dec -117570 quick_dec -0 nack_dec -29050
Flow Uec_168_40 flowId 14 uecSrc 13 finished at 325.035 total messages 1 total packets 490 RTS 0 total bytes 2002140 in_flight now 0 fair_inc 3375 prop_inc 25476 fast_inc 0 eta_inc 15496 multi_dec -73618 quick_dec -0 nack_dec -53950
Flow Uec_224_96 flowId 116 uecSrc 115 finished at 326.798 total messages 1 total packets 490 RTS 0 total bytes 2002140 in_flight now 0 fair_inc 2706 prop_inc 31638 fast_inc 0 eta_inc 16092 multi_dec -75587 quick_dec -0 nack_dec -58100
Flow Uec_62_190 flowId 146 uecSrc 145 finished at 327.363 total messages 1 total packets 490 RTS 0 total bytes 2002140 in_flight now 0 fair_inc 8119 prop_inc 33148 fast_inc 0 eta_inc 15496 multi_dec -75037 quick_dec -0 nack_dec -58100
Flow Uec_28_156 flowId 24 uecSrc 23 finished at 329.742 total messages 1 total packets 493 RTS 3 total bytes 2002140 in_flight now 0 fair_inc 8044 prop_inc 17128 fast_inc 0 eta_inc 11324 multi_dec -0 quick_dec -0 nack_dec -0
Flow Uec_49_177 flowId 28 uecSrc 27 finished at 330.354 total messages 1 total packets 490 RTS 0 total bytes 2002140 in_flight now 0 fair_inc 7485 prop_inc 20681 fast_inc 0 eta_inc 16092 multi_dec -68748 quick_dec -0 nack_dec -53950
Flow Uec_116_244 flowId 104 uecSrc 103 finished at 330.798 total messages 1 total packets 490 RTS 0 total bytes 2002140 in_flight now 0 fair_inc 3535 prop_inc 39558 fast_inc 0 eta_inc 15496 multi_dec -112783 quick_dec -0 nack_dec -33200
Flow Uec_214_86 flowId 51 uecSrc 50 finished at 331.224 total messages 1 total packets 490 RTS 0 total bytes 2002140 in_flight now 0 fair_inc 9184 prop_inc 36039 fast_inc 0 eta_inc 16092 multi_dec -113041 quick_dec -0 nack_dec -37350
Flow Uec_19_147 flowId 48 uecSrc 47 finished at 332.372 total messages 1 total packets 494 RTS 4 total bytes 2002140 in_flight now 0 fair_inc 14170 prop_inc 32457 fast_inc 82835 eta_inc 14900 multi_dec -126828 quick_dec -0 nack_dec -4150
Flow Uec_76_204 flowId 30 uecSrc 29 finished at 333.277 total messages 1 total packets 490 RTS 0 total bytes 2002140 in_flight now 0 fair_inc 11264 prop_inc 15276 fast_inc 0 eta_inc 16092 multi_dec -66374 quick_dec -0 nack_dec -53950
Flow Uec_215_87 flowId 83 uecSrc 82 finished at 333.798 total messages 1 total packets 490 RTS 0 total bytes 2002140 in_flight now 0 fair_inc 5875 prop_inc 32899 fast_inc 0 eta_inc 16092 multi_dec -74225 quick_dec -0 nack_dec -62250
Flow Uec_115_243 flowId 68 uecSrc 67 finished at 333.944 total messages 1 total packets 490 RTS 0 total bytes 2002140 in_flight now 0 fair_inc 2667 prop_inc 28670 fast_inc 0 eta_inc 15496 multi_dec -74479 quick_dec -0 nack_dec -58100
Flow Uec_25_153 flowId 4 uecSrc 3 finished at 335.341 total messages 1 total packets 494 RTS 4 total bytes 2002140 in_flight now 0 fair_inc 14208 prop_inc 26739 fast_inc 0 eta_inc 14304 multi_dec -0 quick_dec -142366 nack_dec -8300
Flow Uec_90_218 flowId 41 uecSrc 40 finished at 337.313 total messages 1 total packets 490 RTS 0 total bytes 2002140 in_flight now 0 fair_inc 6654 prop_inc 38591 fast_inc 0 eta_inc 16092 multi_dec -98415 quick_dec -0 nack_dec -53950
Flow Uec_144_16 flowId 140 uecSrc 139 finished at 338.768 total messages 1 total packets 490 RTS 0 total bytes 2002140 in_flight now 0 fair_inc 8108 prop_inc 44838 fast_inc 0 eta_inc 16092 multi_dec -24581 quick_dec -0 nack_dec -120350
Flow Uec_181_53 flowId 134 uecSrc 133 finished at 338.851 total messages 1 total packets 490 RTS 0 total bytes 2002140 in_flight now 0 fair_inc 15933 prop_inc 36106 fast_inc 0 eta_inc 16092 multi_dec -102526 quick_dec -0 nack_dec -45650
Flow Uec_172_44 flowId 57 uecSrc 56 finished at 338.873 total messages 1 total packets 490 RTS 0 total bytes 2002140 in_flight now 0 fair_inc 8633 prop_inc 32445 fast_inc 0 eta_inc 16092 multi_dec -111141 quick_dec -0 nack_dec -37350
Flow Uec_175_47 flowId 98 uecSrc 97 finished at 339.028 total messages 1 total packets 490 RTS 0 total bytes 2002140 in_flight now 0 fair_inc 5364 prop_inc 30212 fast_inc 0 eta_inc 16092 multi_dec -97037 quick_dec -0 nack_dec -37350
339.052 flowid 102 Spurious 478
Flow Uec_109_237 flowId 2 uecSrc 1 finished at 339.057 total messages 1 total packets 490 RTS 0 total bytes 2002140 in_flight now 0 fair_inc 9209 prop_inc 36738 fast_inc 0 eta_inc 16092 multi_dec -97687 quick_dec -0 nack_dec -53950
Flow Uec_8_136 flowId 102 uecSrc 101 finished at 340.106 total messages 1 total packets 493 RTS 3 total bytes 2002140 in_flight now 0 fair_inc 9974 prop_inc 42048 fast_inc 0 eta_inc 11920 multi_dec -0 quick_dec -0 nack_dec -49800
Flow Uec_202_74 flowId 127 uecSrc 126 finished at 340.694 total messages 1 total packets 490 RTS 0 total bytes 2002140 in_flight now 0 fair_inc 11912 prop_inc 34632 fast_inc 0 eta_inc 16092 multi_dec -121166 quick_dec -0 nack_dec -29050
Flow Uec_71_199 flowId 91 uecSrc 90 finished at 340.791 total messages 1 total packets 490 RTS 0 total bytes 2002140 in_flight now 0 fair_inc 7560 prop_inc 35426 fast_inc 0 eta_inc 16092 multi_dec -109622 quick_dec -0 nack_dec -41500
Flow Uec_108_236 flowId 81 uecSrc 80 finished at 340.956 total messages 1 total packets 490 RTS 0 total bytes 2002140 in_flight now 0 fair_inc 8020 prop_inc 31777 fast_inc 0 eta_inc 16092 multi_dec -116478 quick_dec -0 nack_dec -33200
341.044 flowid 102 Spurious 484
Flow Uec_236_108 flowId 123 uecSrc 122 finished at 341.2 total messages 1 total packets 490 RTS 0 total bytes 2002140 in_flight now 0 fair_inc 10891 prop_inc 27971 fast_inc 0 eta_inc 16688 multi_dec -71787 quick_dec -0 nack_dec -62250
341.708 flowid 102 Spurious 486
Flow Uec_252_124 flowId 9 uecSrc 8 finished at 343.666 total messages 1 total packets 490 RTS 0 total bytes 2002140 in_flight now 0 fair_inc 8379 prop_inc 37145 fast_inc 0 eta_inc 16092 multi_dec -110138 quick_dec -0 nack_dec -41500
Flow Uec_104_232 flowId 97 uecSrc 96 finished at 343.777 total messages 1 total packets 490 RTS 0 total bytes 2002140 in_flight now 0 fair_inc 14202 prop_inc 47103 fast_inc 0 eta_inc 16092 multi_dec -100635 quick_dec -0 nack_dec -53950
Flow Uec_204_76 flowId 103 uecSrc 102 finished at 344.028 total messages 1 total packets 490 RTS 0 total bytes 2002140 in_flight now 0 fair_inc 5199 prop_inc 39733 fast_inc 0 eta_inc 16092 multi_dec -113561 quick_dec -0 nack_dec -37350
Flow Uec_216_88 flowId 86 uecSrc 85 finished at 344.289 total messages 1 total packets 490 RTS 0 total bytes 2002140 in_flight now 0 fair_inc 8869 prop_inc 39811 fast_inc 0 eta_inc 16688 multi_dec -99465 quick_dec -0 nack_dec -53950
344.376 flowid 102 Spurious 482
345.372 flowid 102 Spurious 485
Flow Uec_166_38 flowId 143 uecSrc 142 finished at 346.006 total messages 1 total packets 490 RTS 0 total bytes 2002140 in_flight now 0 fair_inc 5455 prop_inc 41573 fast_inc 34833 eta_inc 16688 multi_dec -102246 quick_dec -0 nack_dec -49800
Flow Uec_142_14 flowId 43 uecSrc 42 finished at 346.449 total messages 1 total packets 490 RTS 0 total bytes 2002140 in_flight now 0 fair_inc 10167 prop_inc 43955 fast_inc 64128 eta_inc 16688 multi_dec -127822 quick_dec -0 nack_dec -33200
Flow Uec_53_181 flowId 139 uecSrc 138 finished at 346.656 total messages 1 total packets 490 RTS 0 total bytes 2002140 in_flight now 0 fair_inc 2548 prop_inc 48009 fast_inc 4530 eta_inc 16688 multi_dec -115351 quick_dec -0 nack_dec -37350
346.7 flowid 102 Spurious 489
Flow Uec_164_36 flowId 8 uecSrc 7 finished at 346.782 total messages 1 total packets 490 RTS 0 total bytes 2002140 in_flight now 0 fair_inc 11150 prop_inc 31072 fast_inc 0 eta_inc 16092 multi_dec -107075 quick_dec -0 nack_dec -41500
Flow Uec_151_23 flowId 135 uecSrc 134 finished at 347.275 total messages 1 total packets 490 RTS 0 total bytes 2002140 in_flight now 0 fair_inc 5568 prop_inc 44626 fast_inc 0 eta_inc 16092 multi_dec -115421 quick_dec -0 nack_dec -41500
347.392 flowid 102 Spurious 488
Flow Uec_119_247 flowId 121 uecSrc 120 finished at 347.646 total messages 1 total packets 490 RTS 0 total bytes 2002140 in_flight now 0 fair_inc 23420 prop_inc 47181 fast_inc 0 eta_inc 16092 multi_dec -103346 quick_dec -0 nack_dec -45650
Flow Uec_80_208 flowId 101 uecSrc 100 finished at 348.515 total messages 1 total packets 490 RTS 0 total bytes 2002140 in_flight now 0 fair_inc 19592 prop_inc 20830 fast_inc 0 eta_inc 16688 multi_dec -58404 quick_dec -0 nack_dec -66400
Flow Uec_60_188 flowId 44 uecSrc 43 finished at 348.603 total messages 1 total packets 490 RTS 0 total bytes 2002140 in_flight now 0 fair_inc 8057 prop_inc 27657 fast_inc 0 eta_inc 16688 multi_dec -53451 quick_dec -0 nack_dec -74700
Flow Uec_187_59 flowId 144 uecSrc 143 finished at 348.644 total messages 1 total packets 490 RTS 0 total bytes 2002140 in_flight now 0 fair_inc 12237 prop_inc 45655 fast_inc 0 eta_inc 16688 multi_dec -98465 quick_dec -0 nack_dec -53950
Flow Uec_239_111 flowId 21 uecSrc 20 finished at 349.262 total messages 1 total packets 490 RTS 0 total bytes 2002140 in_flight now 0 fair_inc 5428 prop_inc 37214 fast_inc 0 eta_inc 16688 multi_dec -90027 quick_dec -0 nack_dec -58100
Flow Uec_250_122 flowId 35 uecSrc 34 finished at 351.835 total messages 1 total packets 490 RTS 0 total bytes 2002140 in_flight now 0 fair_inc 12043 prop_inc 45282 fast_inc 0 eta_inc 16092 multi_dec -88238 quick_dec -0 nack_dec -70550
Flow Uec_238_110 flowId 55 uecSrc 54 finished at 354.063 total messages 1 total packets 490 RTS 0 total bytes 2002140 in_flight now 0 fair_inc 5206 prop_inc 35426 fast_inc 0 eta_inc 17284 multi_dec -109585 quick_dec -0 nack_dec -41500
Flow Uec_185_57 flowId 7 uecSrc 6 finished at 356.775 total messages 1 total packets 490 RTS 0 total bytes 2002140 in_flight now 0 fair_inc 6074 prop_inc 51373 fast_inc 0 eta_inc 16688 multi_dec -55510 quick_dec -0 nack_dec -95450
Flow Uec_141_13 flowId 111 uecSrc 110 finished at 360.544 total messages 1 total packets 490 RTS 0 total bytes 2002140 in_flight now 0 fair_inc 17113 prop_inc 48219 fast_inc 0 eta_inc 15496 multi_dec -105414 quick_dec -0 nack_dec -45650
Flow Uec_182_54 flowId 31 uecSrc 30 finished at 363.191 total messages 1 total packets 490 RTS 0 total bytes 2002140 in_flight now 0 fair_inc 9399 prop_inc 75961 fast_inc 0 eta_inc 16688 multi_dec -130109 quick_dec -0 nack_dec -41500
Flow Uec_234_106 flowId 39 uecSrc 38 finished at 366.752 total messages 1 total packets 490 RTS 0 total bytes 2002140 in_flight now 0 fair_inc 6205 prop_inc 48274 fast_inc 0 eta_inc 17284 multi_dec -91147 quick_dec -0 nack_dec -70550
Flow Uec_231_103 flowId 145 uecSrc 144 finished at 369.696 total messages 1 total packets 490 RTS 0 total bytes 2002140 in_flight now 0 fair_inc 7088 prop_inc 54236 fast_inc 0 eta_inc 16688 multi_dec -135362 quick_dec -0 nack_dec -33200
Flow Uec_233_105 flowId 94 uecSrc 93 finished at 371.516 total messages 1 total packets 490 RTS 0 total bytes 2002140 in_flight now 0 fair_inc 7206 prop_inc 51610 fast_inc 0 eta_inc 16688 multi_dec -139468 quick_dec -0 nack_dec -29050
Flow Uec_226_98 flowId 154 uecSrc 153 finished at 380.126 total messages 1 total packets 490 RTS 0 total bytes 2002140 in_flight now 0 fair_inc 5320 prop_inc 43676 fast_inc 0 eta_inc 17880 multi_dec -65316 quick_dec -0 nack_dec -95450
Flow Uec_0_128 flowId 20 uecSrc 19 finished at 383.104 total messages 1 total packets 497 RTS 7 total bytes 2002140 in_flight now 0 fair_inc 15538 prop_inc 48152 fast_inc 0 eta_inc 16092 multi_dec -0 quick_dec -0 nack_dec -66400
Flow Uec_242_114 flowId 18 uecSrc 17 finished at 386.932 total messages 1 total packets 490 RTS 0 total bytes 2002140 in_flight now 0 fair_inc 4568 prop_inc 49981 fast_inc 0 eta_inc 16688 multi_dec -103642 quick_dec -0 nack_dec -66400
Flow Uec_92_220 flowId 84 uecSrc 83 finished at 403.406 total messages 1 total packets 490 RTS 0 total bytes 2002140 in_flight now 0 fair_inc 20207 prop_inc 24095 fast_inc 0 eta_inc 19072 multi_dec -63619 quick_dec -0 nack_dec -116200
Flow Uec_223_95 flowId 132 uecSrc 131 finished at 416.21 total messages 1 total packets 490 RTS 0 total bytes 2002140 in_flight now 0 fair_inc 16902 prop_inc 22156 fast_inc 0 eta_inc 19668 multi_dec -54252 quick_dec -0 nack_dec -120350
Flow Uec_167_39 flowId 33 uecSrc 32 finished at 420.644 total messages 1 total packets 490 RTS 0 total bytes 2002140 in_flight now 0 fair_inc 11433 prop_inc 15986 fast_inc 0 eta_inc 19668 multi_dec -52321 quick_dec -0 nack_dec -95450
Flow Uec_178_50 flowId 153 uecSrc 152 finished at 429.74 total messages 1 total packets 490 RTS 0 total bytes 2002140 in_flight now 0 fair_inc 10280 prop_inc 89439 fast_inc 0 eta_inc 18476 multi_dec -76852 quick_dec -0 nack_dec -107900
Flow Uec_94_222 flowId 88 uecSrc 87 finished at 433.143 total messages 1 total packets 490 RTS 0 total bytes 2002140 in_flight now 0 fair_inc 32158 prop_inc 9199 fast_inc 0 eta_inc 20264 multi_dec -29437 quick_dec -0 nack_dec -120350
Flow Uec_150_22 flowId 118 uecSrc 117 finished at 440.187 total messages 1 total packets 491 RTS 1 total bytes 2002140 in_flight now 0 fair_inc 8124 prop_inc 25807 fast_inc 0 eta_inc 20264 multi_dec -42312 quick_dec -0 nack_dec -120350
Flow Uec_77_205 flowId 59 uecSrc 58 finished at 449.983 total messages 1 total packets 490 RTS 0 total bytes 2002140 in_flight now 0 fair_inc 28932 prop_inc 14269 fast_inc 0 eta_inc 20860 multi_dec -69659 quick_dec -0 nack_dec -120350
Flow Uec_152_24 flowId 131 uecSrc 130 finished at 452.743 total messages 1 total packets 490 RTS 0 total bytes 2002140 in_flight now 0 fair_inc 12627 prop_inc 33760 fast_inc 0 eta_inc 21456 multi_dec -95440 quick_dec -0 nack_dec -91300
Flow Uec_179_51 flowId 54 uecSrc 53 finished at 454.161 total messages 1 total packets 490 RTS 0 total bytes 2002140 in_flight now 0 fair_inc 38358 prop_inc 31589 fast_inc 0 eta_inc 20860 multi_dec -64951 quick_dec -0 nack_dec -112050
Flow Uec_184_56 flowId 17 uecSrc 16 finished at 455.474 total messages 1 total packets 490 RTS 0 total bytes 2002140 in_flight now 0 fair_inc 25420 prop_inc 19043 fast_inc 0 eta_inc 21456 multi_dec -38802 quick_dec -0 nack_dec -145250
Flow Uec_54_182 flowId 100 uecSrc 99 finished at 458.488 total messages 1 total packets 490 RTS 0 total bytes 2002140 in_flight now 0 fair_inc 19249 prop_inc 18977 fast_inc 0 eta_inc 20860 multi_dec -25757 quick_dec -0 nack_dec -141100
Flow Uec_74_202 flowId 130 uecSrc 129 finished at 460.753 total messages 1 total packets 490 RTS 0 total bytes 2002140 in_flight now 0 fair_inc 15042 prop_inc 55600 fast_inc 6060 eta_inc 21456 multi_dec -90942 quick_dec -0 nack_dec -95450
Flow Uec_140_12 flowId 27 uecSrc 26 finished at 461.591 total messages 1 total packets 490 RTS 0 total bytes 2002140 in_flight now 0 fair_inc 30464 prop_inc 11321 fast_inc 0 eta_inc 20860 multi_dec -37158 quick_dec -0 nack_dec -149400
462.189 flowid 95 Spurious 213
Flow Uec_52_180 flowId 136 uecSrc 135 finished at 463.783 total messages 1 total packets 490 RTS 0 total bytes 2002140 in_flight now 0 fair_inc 26981 prop_inc 17769 fast_inc 0 eta_inc 22052 multi_dec -40702 quick_dec -0 nack_dec -136950
Flow Uec_22_150 flowId 58 uecSrc 57 finished at 473.313 total messages 1 total packets 494 RTS 4 total bytes 2002140 in_flight now 0 fair_inc 24769 prop_inc 73608 fast_inc 153035 eta_inc 17284 multi_dec -127476 quick_dec -32299 nack_dec -4150
Flow Uec_72_200 flowId 126 uecSrc 125 finished at 474.564 total messages 1 total packets 490 RTS 0 total bytes 2002140 in_flight now 0 fair_inc 40544 prop_inc 20798 fast_inc 0 eta_inc 22052 multi_dec -48827 quick_dec -0 nack_dec -149400
Flow Uec_127_255 flowId 75 uecSrc 74 finished at 479.66 total messages 1 total packets 490 RTS 0 total bytes 2002140 in_flight now 0 fair_inc 29910 prop_inc 20403 fast_inc 0 eta_inc 21456 multi_dec -37647 quick_dec -0 nack_dec -157700
Flow Uec_112_240 flowId 72 uecSrc 71 finished at 480.271 total messages 1 total packets 490 RTS 0 total bytes 2002140 in_flight now 0 fair_inc 20876 prop_inc 13201 fast_inc 0 eta_inc 22052 multi_dec -91751 quick_dec -0 nack_dec -87150
Flow Uec_101_229 flowId 71 uecSrc 70 finished at 486.594 total messages 1 total packets 490 RTS 0 total bytes 2002140 in_flight now 0 fair_inc 31458 prop_inc 15570 fast_inc 0 eta_inc 23244 multi_dec -82343 quick_dec -0 nack_dec -103750
Flow Uec_207_79 flowId 119 uecSrc 118 finished at 488.542 total messages 1 total packets 490 RTS 0 total bytes 2002140 in_flight now 0 fair_inc 21404 prop_inc 52402 fast_inc 0 eta_inc 22648 multi_dec -93059 quick_dec -0 nack_dec -91300
Flow Uec_149_21 flowId 67 uecSrc 66 finished at 491.31 total messages 1 total packets 490 RTS 0 total bytes 2002140 in_flight now 0 fair_inc 14420 prop_inc 14240 fast_inc 0 eta_inc 22648 multi_dec -27019 quick_dec -0 nack_dec -136950
Flow Uec_130_2 flowId 19 uecSrc 18 finished at 491.854 total messages 1 total packets 492 RTS 2 total bytes 2002140 in_flight now 0 fair_inc 22272 prop_inc 76868 fast_inc 0 eta_inc 20860 multi_dec -92372 quick_dec -0 nack_dec -78850
Flow Uec_56_184 flowId 23 uecSrc 22 finished at 492.747 total messages 1 total packets 490 RTS 0 total bytes 2002140 in_flight now 0 fair_inc 21682 prop_inc 33175 fast_inc 0 eta_inc 22648 multi_dec -82645 quick_dec -0 nack_dec -99600
Flow Uec_124_252 flowId 138 uecSrc 137 finished at 493.433 total messages 1 total packets 490 RTS 0 total bytes 2002140 in_flight now 0 fair_inc 15619 prop_inc 26262 fast_inc 0 eta_inc 23244 multi_dec -115475 quick_dec -0 nack_dec -74700
Flow Uec_180_52 flowId 115 uecSrc 114 finished at 495.739 total messages 1 total packets 490 RTS 0 total bytes 2002140 in_flight now 0 fair_inc 13297 prop_inc 38471 fast_inc 0 eta_inc 23244 multi_dec -118733 quick_dec -0 nack_dec -66400
Flow Uec_85_213 flowId 89 uecSrc 88 finished at 496.446 total messages 1 total packets 490 RTS 0 total bytes 2002140 in_flight now 0 fair_inc 27059 prop_inc 27455 fast_inc 0 eta_inc 23244 multi_dec -93507 quick_dec -0 nack_dec -91300
Flow Uec_57_185 flowId 77 uecSrc 76 finished at 497.161 total messages 1 total packets 490 RTS 0 total bytes 2002140 in_flight now 0 fair_inc 40059 prop_inc 33610 fast_inc 0 eta_inc 22648 multi_dec -126034 quick_dec -0 nack_dec -83000
Flow Uec_84_212 flowId 124 uecSrc 123 finished at 498.343 total messages 1 total packets 490 RTS 0 total bytes 2002140 in_flight now 0 fair_inc 17459 prop_inc 39136 fast_inc 0 eta_inc 23244 multi_dec -59642 quick_dec -0 nack_dec -120350
499.417 flowid 65 Spurious 490
499.578 flowid 65 Spurious 491
Flow Uec_174_46 flowId 12 uecSrc 11 finished at 504.053 total messages 1 total packets 490 RTS 0 total bytes 2002140 in_flight now 0 fair_inc 26222 prop_inc 51128 fast_inc 0 eta_inc 23244 multi_dec -123495 quick_dec -0 nack_dec -83000
Flow Uec_193_65 flowId 65 uecSrc 64 finished at 504.443 total messages 1 total packets 492 RTS 2 total bytes 2002140 in_flight now 0 fair_inc 9655 prop_inc 2237 fast_inc 0 eta_inc 17880 multi_dec -8102 quick_dec -0 nack_dec -41500
Flow Uec_169_41 flowId 147 uecSrc 146 finished at 504.878 total messages 1 total packets 490 RTS 0 total bytes 2002140 in_flight now 0 fair_inc 17135 prop_inc 53621 fast_inc 0 eta_inc 22052 multi_dec -118908 quick_dec -0 nack_dec -78850
Flow Uec_107_235 flowId 107 uecSrc 106 finished at 508.964 total messages 1 total packets 490 RTS 0 total bytes 2002140 in_flight now 0 fair_inc 19029 prop_inc 26756 fast_inc 10589 eta_inc 23840 multi_dec -74047 quick_dec -0 nack_dec -112050
Flow Uec_1_129 flowId 106 uecSrc 105 finished at 509.059 total messages 1 total packets 497 RTS 7 total bytes 2002140 in_flight now -64 fair_inc 7626 prop_inc 56656 fast_inc 0 eta_inc 16092 multi_dec -0 quick_dec -0 nack_dec -0
Flow Uec_121_249 flowId 142 uecSrc 141 finished at 509.832 total messages 1 total packets 490 RTS 0 total bytes 2002140 in_flight now 0 fair_inc 40387 prop_inc 31576 fast_inc 0 eta_inc 22052 multi_dec -149687 quick_dec -0 nack_dec -66400
Flow Uec_177_49 flowId 105 uecSrc 104 finished at 510.921 total messages 1 total packets 490 RTS 0 total bytes 2002140 in_flight now 0 fair_inc 21463 prop_inc 48247 fast_inc 0 eta_inc 24436 multi_dec -104067 quick_dec -0 nack_dec -95450
Flow Uec_88_216 flowId 114 uecSrc 113 finished at 516.714 total messages 1 total packets 490 RTS 0 total bytes 2002140 in_flight now 0 fair_inc 16979 prop_inc 50117 fast_inc 8570 eta_inc 23244 multi_dec -99111 quick_dec -0 nack_dec -95450
Flow Uec_246_118 flowId 149 uecSrc 148 finished at 518.505 total messages 1 total packets 490 RTS 0 total bytes 2002140 in_flight now 0 fair_inc 21214 prop_inc 21603 fast_inc 0 eta_inc 23840 multi_dec -119610 quick_dec -0 nack_dec -78850
Flow Uec_203_75 flowId 137 uecSrc 136 finished at 519.061 total messages 1 total packets 490 RTS 0 total bytes 2002140 in_flight now 0 fair_inc 23163 prop_inc 69932 fast_inc 0 eta_inc 23840 multi_dec -124854 quick_dec -0 nack_dec -83000
Flow Uec_59_187 flowId 52 uecSrc 51 finished at 519.536 total messages 1 total packets 490 RTS 0 total bytes 2002140 in_flight now 0 fair_inc 26623 prop_inc 49584 fast_inc 13620 eta_inc 22648 multi_dec -95551 quick_dec -0 nack_dec -103750
Flow Uec_176_48 flowId 15 uecSrc 14 finished at 521.195 total messages 1 total packets 490 RTS 0 total bytes 2002140 in_flight now 0 fair_inc 27004 prop_inc 40304 fast_inc 136870 eta_inc 23840 multi_dec -87250 quick_dec -0 nack_dec -128650
Flow Uec_248_120 flowId 22 uecSrc 21 finished at 523.324 total messages 1 total packets 490 RTS 0 total bytes 2002140 in_flight now 0 fair_inc 28635 prop_inc 21137 fast_inc 0 eta_inc 23840 multi_dec -88916 quick_dec -0 nack_dec -107900
Flow Uec_58_186 flowId 99 uecSrc 98 finished at 523.728 total messages 1 total packets 490 RTS 0 total bytes 2002140 in_flight now 0 fair_inc 49454 prop_inc 36643 fast_inc 0 eta_inc 24436 multi_dec -147771 quick_dec -0 nack_dec -62250
Flow Uec_89_217 flowId 38 uecSrc 37 finished at 523.808 total messages 1 total packets 490 RTS 0 total bytes 2002140 in_flight now 0 fair_inc 28085 prop_inc 44609 fast_inc 0 eta_inc 23840 multi_dec -132364 quick_dec -0 nack_dec -87150
Flow Uec_137_9 flowId 13 uecSrc 12 finished at 524.308 total messages 1 total packets 491 RTS 1 total bytes 2002140 in_flight now 0 fair_inc 32983 prop_inc 46543 fast_inc 0 eta_inc 23840 multi_dec -98244 quick_dec -0 nack_dec -95450
Flow Uec_254_126 flowId 60 uecSrc 59 finished at 534.346 total messages 1 total packets 490 RTS 0 total bytes 2002140 in_flight now 0 fair_inc 27344 prop_inc 29393 fast_inc 0 eta_inc 23840 multi_dec -24982 quick_dec -0 nack_dec -174300
Flow Uec_186_58 flowId 56 uecSrc 55 finished at 536.336 total messages 1 total packets 490 RTS 0 total bytes 2002140 in_flight now 0 fair_inc 44082 prop_inc 75716 fast_inc 17662 eta_inc 23244 multi_dec -146014 quick_dec -0 nack_dec -83000
Flow Uec_220_92 flowId 40 uecSrc 39 finished at 539.281 total messages 1 total packets 490 RTS 0 total bytes 2002140 in_flight now 0 fair_inc 38426 prop_inc 16272 fast_inc 0 eta_inc 25628 multi_dec -139034 quick_dec -0 nack_dec -83000
Flow Uec_161_33 flowId 108 uecSrc 107 finished at 540.607 total messages 1 total packets 490 RTS 0 total bytes 2002140 in_flight now 0 fair_inc 22395 prop_inc 29016 fast_inc 0 eta_inc 25032 multi_dec -55918 quick_dec -0 nack_dec -141100
Flow Uec_75_203 flowId 133 uecSrc 132 finished at 541.094 total messages 1 total packets 490 RTS 0 total bytes 2002140 in_flight now 0 fair_inc 24112 prop_inc 84531 fast_inc 48980 eta_inc 23840 multi_dec -131562 quick_dec -0 nack_dec -99600
Flow Uec_128_0 flowId 96 uecSrc 95 finished at 544.508 total messages 1 total packets 491 RTS 1 total bytes 2002140 in_flight now 0 fair_inc 18798 prop_inc 108769 fast_inc 0 eta_inc 20860 multi_dec -176039 quick_dec -0 nack_dec -53950
Flow Uec_205_77 flowId 69 uecSrc 68 finished at 544.755 total messages 1 total packets 490 RTS 0 total bytes 2002140 in_flight now 0 fair_inc 24268 prop_inc 6791 fast_inc 0 eta_inc 24436 multi_dec -91990 quick_dec -0 nack_dec -107900
Flow Uec_171_43 flowId 120 uecSrc 119 finished at 565.257 total messages 1 total packets 490 RTS 0 total bytes 2002140 in_flight now 0 fair_inc 15227 prop_inc 47555 fast_inc 6550 eta_inc 25628 multi_dec -68374 quick_dec -0 nack_dec -120350
576.789 flowid 95 Spurious 213
Flow Uec_199_71 flowId 63 uecSrc 62 finished at 617.738 total messages 1 total packets 490 RTS 0 total bytes 2002140 in_flight now 0 fair_inc 24606 prop_inc 16635 fast_inc 0 eta_inc 28012 multi_dec -62945 quick_dec -0 nack_dec -136950
Flow Uec_221_93 flowId 129 uecSrc 128 finished at 620.798 total messages 1 total packets 490 RTS 0 total bytes 2002140 in_flight now 0 fair_inc 31963 prop_inc 14769 fast_inc 0 eta_inc 23244 multi_dec -81639 quick_dec -0 nack_dec -124500
Flow Uec_213_85 flowId 6 uecSrc 5 finished at 633.066 total messages 1 total packets 490 RTS 0 total bytes 2002140 in_flight now 0 fair_inc 41195 prop_inc 26227 fast_inc 0 eta_inc 27416 multi_dec -18761 quick_dec -22970 nack_dec -166000
Flow Uec_81_209 flowId 110 uecSrc 109 finished at 642.319 total messages 1 total packets 490 RTS 0 total bytes 2002140 in_flight now 0 fair_inc 40716 prop_inc 29529 fast_inc 0 eta_inc 25032 multi_dec -70698 quick_dec -0 nack_dec -141100
Flow Uec_198_70 flowId 78 uecSrc 77 finished at 644.42 total messages 1 total packets 490 RTS 0 total bytes 2002140 in_flight now 0 fair_inc 42955 prop_inc 35183 fast_inc 0 eta_inc 26820 multi_dec -22666 quick_dec -18735 nack_dec -182600
Flow Uec_78_206 flowId 152 uecSrc 151 finished at 644.668 total messages 1 total packets 490 RTS 0 total bytes 2002140 in_flight now 0 fair_inc 48055 prop_inc 31029 fast_inc 0 eta_inc 26224 multi_dec -64428 quick_dec -0 nack_dec -153550
Flow Uec_133_5 flowId 73 uecSrc 72 finished at 671.42 total messages 1 total packets 492 RTS 2 total bytes 2002140 in_flight now 0 fair_inc 32634 prop_inc 72664 fast_inc 0 eta_inc 26820 multi_dec -108006 quick_dec -0 nack_dec -116200
Flow Uec_79_207 flowId 53 uecSrc 52 finished at 683.392 total messages 1 total packets 490 RTS 0 total bytes 2002140 in_flight now 0 fair_inc 58411 prop_inc 45280 fast_inc 33824 eta_inc 23244 multi_dec -149150 quick_dec -0 nack_dec -87150
Flow Uec_237_109 flowId 122 uecSrc 121 finished at 696.952 total messages 1 total packets 490 RTS 0 total bytes 2002140 in_flight now 0 fair_inc 35670 prop_inc 5140 fast_inc 0 eta_inc 29800 multi_dec -83309 quick_dec -0 nack_dec -128650
Flow Uec_217_89 flowId 32 uecSrc 31 finished at 703.607 total messages 1 total packets 490 RTS 0 total bytes 2002140 in_flight now 0 fair_inc 42609 prop_inc 37758 fast_inc 73220 eta_inc 30992 multi_dec -174902 quick_dec -0 nack_dec -95450
704.403 flowid 95 Spurious 217
Flow Uec_134_6 flowId 128 uecSrc 127 finished at 707.349 total messages 1 total packets 490 RTS 0 total bytes 2002140 in_flight now 0 fair_inc 33719 prop_inc 115284 fast_inc 0 eta_inc 26224 multi_dec -129176 quick_dec -7192 nack_dec -124500
Flow Uec_211_83 flowId 82 uecSrc 81 finished at 712.388 total messages 1 total packets 490 RTS 0 total bytes 2002140 in_flight now 0 fair_inc 36399 prop_inc 62667 fast_inc 48980 eta_inc 23244 multi_dec -23928 quick_dec -29539 nack_dec -161850
Flow Uec_240_112 flowId 112 uecSrc 111 finished at 762.849 total messages 1 total packets 490 RTS 0 total bytes 2002140 in_flight now 0 fair_inc 56349 prop_inc 10600 fast_inc 0 eta_inc 30992 multi_dec -93673 quick_dec -0 nack_dec -157700
Flow Uec_170_42 flowId 150 uecSrc 149 finished at 775.544 total messages 1 total packets 490 RTS 0 total bytes 2002140 in_flight now 0 fair_inc 37176 prop_inc 113345 fast_inc 0 eta_inc 26820 multi_dec -143441 quick_dec -5160 nack_dec -116200
Flow Uec_232_104 flowId 148 uecSrc 147 finished at 779.941 total messages 1 total packets 490 RTS 0 total bytes 2002140 in_flight now 0 fair_inc 34443 prop_inc 21048 fast_inc 0 eta_inc 33972 multi_dec -95688 quick_dec -0 nack_dec -141100
819.003 flowid 95 Spurious 217
Flow Uec_241_113 flowId 62 uecSrc 61 finished at 828.107 total messages 1 total packets 490 RTS 0 total bytes 2002140 in_flight now 0 fair_inc 21708 prop_inc 47087 fast_inc 4041 eta_inc 25628 multi_dec -14251 quick_dec -36939 nack_dec -186750
Flow Uec_243_115 flowId 87 uecSrc 86 finished at 870.629 total messages 1 total packets 490 RTS 0 total bytes 2002140 in_flight now 0 fair_inc 38541 prop_inc 51926 fast_inc 64133 eta_inc 33376 multi_dec -101512 quick_dec -0 nack_dec -149400
947.612 flowid 95 Spurious 223
1255.95 flowid 95 Spurious 286
1370.55 flowid 95 Spurious 286
1485.15 flowid 95 Spurious 286
1599.75 flowid 95 Spurious 286
Flow Uec_13_141 flowId 45 uecSrc 44 finished at 1624.75 total messages 1 total packets 524 RTS 34 total bytes 2002140 in_flight now -320 fair_inc 25365 prop_inc 186000 fast_inc 0 eta_inc 53044 multi_dec -134487 quick_dec --20750 nack_dec -20750
1714.35 flowid 95 Spurious 286
1828.95 flowid 95 Spurious 286
1943.55 flowid 95 Spurious 286
2109.9 flowid 95 Spurious 340
2224.5 flowid 95 Spurious 340
2339.1 flowid 95 Spurious 340
2453.7 flowid 95 Spurious 340
Flow Uec_191_63 flowId 95 uecSrc 94 finished at 2518.19 total messages 1 total packets 500 RTS 10 total bytes 2002140 in_flight now 0 fair_inc 0 prop_inc 96048 fast_inc 55565 eta_inc 19072 multi_dec -0 quick_dec -33058 nack_dec -33200
5349.73 flowid 11 Spurious 93
7161.66 flowid 93 Spurious 138
7438.03 flowid 36 Spurious 167
8234.11 flowid 36 Spurious 182
10996.8 flowid 16 Spurious 88
11238.9 flowid 93 Spurious 210
16982.7 flowid 11 Spurious 261
Flow Uec_64_192 flowId 92 uecSrc 91 finished at 18808.8 total messages 1 total packets 586 RTS 96 total bytes 2002140 in_flight now -3328 fair_inc 2926 prop_inc 781624 fast_inc 0 eta_inc 206216 multi_dec -0 quick_dec -166347 nack_dec -33200
21370.3 flowid 11 Spurious 319
23346.7 flowid 11 Spurious 343
Flow Uec_66_194 flowId 93 uecSrc 92 finished at 25719.2 total messages 1 total packets 566 RTS 76 total bytes 2002140 in_flight now -3392 fair_inc 0 prop_inc 727945 fast_inc 1010 eta_inc 193104 multi_dec -0 quick_dec -176958 nack_dec -16600
28463.3 flowid 11 Spurious 408
Flow Uec_68_196 flowId 36 uecSrc 35 finished at 28974.8 total messages 1 total packets 587 RTS 97 total bytes 2002140 in_flight now -3392 fair_inc 0 prop_inc 736720 fast_inc 7070 eta_inc 217540 multi_dec -0 quick_dec --4150 nack_dec -8300
29374.1 flowid 11 Spurious 419
Flow Uec_69_197 flowId 11 uecSrc 10 finished at 41512.8 total messages 1 total packets 620 RTS 130 total bytes 2002140 in_flight now -4160 fair_inc 0 prop_inc 698892 fast_inc 4040 eta_inc 233036 multi_dec -0 quick_dec -227244 nack_dec -170150
.Flow Uec_63_191 flowId 16 uecSrc 15 finished at 58270.7 total messages 1 total packets 628 RTS 138 total bytes 2002140 in_flight now -5376 fair_inc 0 prop_inc 1045278 fast_inc 0 eta_inc 267604 multi_dec -0 quick_dec -178201 nack_dec -20750
Done
New: 75460 Rtx: 7136 RTS: 634 Bounced: 0 ACKs: 60115 NACKs: 2549 Pulls: 0 sleek_pkts: 0
