traffic matrix input file: connection_matrices/load_sweep/load0.75_n256_seed3.cm
Load balancing algorithm set to oblivious
no_of_nodes 256
Dragonfly+ strategy: FPAR
Setting queuesize to 50 packets
endtime(us) 100000
random seed 3
Packet size (MTU) is 4150
Parsed args
Logging to reps_dfp_results/reps_withoutnorm256/load0.75_oblivious_seed3.dat
Loading connection matrix from connection_matrices/load_sweep/load0.75_n256_seed3.cm
Nodes: 256 Connections: 192 Triggers: 0 Failures: 0
Setting ECN low 33200 high 120350
Dragonfly+ with medium topology type
Link latencies: 1 and switch latencies: 0
queue_id 2 ecn_low 33200 ecn_high 120350
DragonFly+ constructor done, 392 nodes created
Note: topology supports 392 hosts; 136 host port(s) will be unused.
network_max_unloaded_rtt 11.6856 us
Setting min RTO to 114.6
Per-hop RTT normalization: OFF (strategy fpar)
Initializing static NSCC parameters: _reference_network_linkspeed=100000000000 _reference_network_rtt=12000000 _reference_network_bdp=150000 _target_Qdelay=8764200 _network_linkspeed=100000000000 _network_rtt=11685600 _network_bdp=146070 _qa_gate=2^3 _qa_threshold=3.50568e+07 _scaling_factor_a=0.9738 _scaling_factor_b=0.73035 _alpha=0.00132632 _fi=19894.7 _eta=596.842 _qa_scaling=1 _gamma=0.8 _fi_scale=0.24345 _delay_alpha=0.0125 _adjust_period_threshold=11685600 _adjust_bytes_threshold=33200
Initialize per-instance NSCC parameters: flowid 1 _base_rtt=11685600 _base_bdp=146070 _bdp=146070 _min_cwnd=4150 _maxwnd=219105 _cwnd=219105
Initialize per-instance NSCC parameters: flowid 2 _base_rtt=11685600 _base_bdp=146070 _bdp=146070 _min_cwnd=4150 _maxwnd=219105 _cwnd=219105
Initialize per-instance NSCC parameters: flowid 3 _base_rtt=11685600 _base_bdp=146070 _bdp=146070 _min_cwnd=4150 _maxwnd=219105 _cwnd=219105
Initialize per-instance NSCC parameters: flowid 4 _base_rtt=11685600 _base_bdp=146070 _bdp=146070 _min_cwnd=4150 _maxwnd=219105 _cwnd=219105
Initialize per-instance NSCC parameters: flowid 5 _base_rtt=11685600 _base_bdp=146070 _bdp=146070 _min_cwnd=4150 _maxwnd=219105 _cwnd=219105
Initialize per-instance NSCC parameters: flowid 6 _base_rtt=11685600 _base_bdp=146070 _bdp=146070 _min_cwnd=4150 _maxwnd=219105 _cwnd=219105
Initialize per-instance NSCC parameters: flowid 7 _base_rtt=11685600 _base_bdp=146070 _bdp=146070 _min_cwnd=4150 _maxwnd=219105 _cwnd=219105
Initialize per-instance NSCC parameters: flowid 8 _base_rtt=11685600 _base_bdp=146070 _bdp=146070 _min_cwnd=4150 _maxwnd=219105 _cwnd=219105
Initialize per-instance NSCC parameters: flowid 9 _base_rtt=11685600 _base_bdp=146070 _bdp=146070 _min_cwnd=4150 _maxwnd=219105 _cwnd=219105
Initialize per-instance NSCC parameters: flowid 10 _base_rtt=11685600 _base_bdp=146070 _bdp=146070 _min_cwnd=4150 _maxwnd=219105 _cwnd=219105
Initialize per-instance NSCC parameters: flowid 11 _base_rtt=11685600 _base_bdp=146070 _bdp=146070 _min_cwnd=4150 _maxwnd=219105 _cwnd=219105
Initialize per-instance NSCC parameters: flowid 12 _base_rtt=11685600 _base_bdp=146070 _bdp=146070 _min_cwnd=4150 _maxwnd=219105 _cwnd=219105
Initialize per-instance NSCC parameters: flowid 13 _base_rtt=11685600 _base_bdp=146070 _bdp=146070 _min_cwnd=4150 _maxwnd=219105 _cwnd=219105
Initialize per-instance NSCC parameters: flowid 14 _base_rtt=11685600 _base_bdp=146070 _bdp=146070 _min_cwnd=4150 _maxwnd=219105 _cwnd=219105
Initialize per-instance NSCC parameters: flowid 15 _base_rtt=11685600 _base_bdp=146070 _bdp=146070 _min_cwnd=4150 _maxwnd=219105 _cwnd=219105
Initialize per-instance NSCC parameters: flowid 16 _base_rtt=11685600 _base_bdp=146070 _bdp=146070 _min_cwnd=4150 _maxwnd=219105 _cwnd=219105
Initialize per-instance NSCC parameters: flowid 17 _base_rtt=11685600 _base_bdp=146070 _bdp=146070 _min_cwnd=4150 _maxwnd=219105 _cwnd=219105
Initialize per-instance NSCC parameters: flowid 18 _base_rtt=11685600 _base_bdp=146070 _bdp=146070 _min_cwnd=4150 _maxwnd=219105 _cwnd=219105
Initialize per-instance NSCC parameters: flowid 19 _base_rtt=11685600 _base_bdp=146070 _bdp=146070 _min_cwnd=4150 _maxwnd=219105 _cwnd=219105
Initialize per-instance NSCC parameters: flowid 20 _base_rtt=11685600 _base_bdp=146070 _bdp=146070 _min_cwnd=4150 _maxwnd=219105 _cwnd=219105
Initialize per-instance NSCC parameters: flowid 21 _base_rtt=11685600 _base_bdp=146070 _bdp=146070 _min_cwnd=4150 _maxwnd=219105 _cwnd=219105
Initialize per-instance NSCC parameters: flowid 22 _base_rtt=11685600 _base_bdp=146070 _bdp=146070 _min_cwnd=4150 _maxwnd=219105 _cwnd=219105
Initialize per-instance NSCC parameters: flowid 23 _base_rtt=11685600 _base_bdp=146070 _bdp=146070 _min_cwnd=4150 _maxwnd=219105 _cwnd=219105
Initialize per-instance NSCC parameters: flowid 24 _base_rtt=11685600 _base_bdp=146070 _bdp=146070 _min_cwnd=4150 _maxwnd=219105 _cwnd=219105
Initialize per-instance NSCC parameters: flowid 25 _base_rtt=11685600 _base_bdp=146070 _bdp=146070 _min_cwnd=4150 _maxwnd=219105 _cwnd=219105
Initialize per-instance NSCC parameters: flowid 26 _base_rtt=11685600 _base_bdp=146070 _bdp=146070 _min_cwnd=4150 _maxwnd=219105 _cwnd=219105
Initialize per-instance NSCC parameters: flowid 27 _base_rtt=11685600 _base_bdp=146070 _bdp=146070 _min_cwnd=4150 _maxwnd=219105 _cwnd=219105
Initialize per-instance NSCC parameters: flowid 28 _base_rtt=11685600 _base_bdp=146070 _bdp=146070 _min_cwnd=4150 _maxwnd=219105 _cwnd=219105
Initialize per-instance NSCC parameters: flowid 29 _base_rtt=11685600 _base_bdp=146070 _bdp=146070 _min_cwnd=4150 _maxwnd=219105 _cwnd=219105
Initialize per-instance NSCC parameters: flowid 30 _base_rtt=11685600 _base_bdp=146070 _bdp=146070 _min_cwnd=4150 _maxwnd=219105 _cwnd=219105
Initialize per-instance NSCC parameters: flowid 31 _base_rtt=11685600 _base_bdp=146070 _bdp=146070 _min_cwnd=4150 _maxwnd=219105 _cwnd=219105
Initialize per-instance NSCC parameters: flowid 32 _base_rtt=11685600 _base_bdp=146070 _bdp=146070 _min_cwnd=4150 _maxwnd=219105 _cwnd=219105
Initialize per-instance NSCC parameters: flowid 33 _base_rtt=11685600 _base_bdp=146070 _bdp=146070 _min_cwnd=4150 _maxwnd=219105 _cwnd=219105
Initialize per-instance NSCC parameters: flowid 34 _base_rtt=11685600 _base_bdp=146070 _bdp=146070 _min_cwnd=4150 _maxwnd=219105 _cwnd=219105
Initialize per-instance NSCC parameters: flowid 35 _base_rtt=11685600 _base_bdp=146070 _bdp=146070 _min_cwnd=4150 _maxwnd=219105 _cwnd=219105
Initialize per-instance NSCC parameters: flowid 36 _base_rtt=11685600 _base_bdp=146070 _bdp=146070 _min_cwnd=4150 _maxwnd=219105 _cwnd=219105
Initialize per-instance NSCC parameters: flowid 37 _base_rtt=11685600 _base_bdp=146070 _bdp=146070 _min_cwnd=4150 _maxwnd=219105 _cwnd=219105
Initialize per-instance NSCC parameters: flowid 38 _base_rtt=11685600 _base_bdp=146070 _bdp=146070 _min_cwnd=4150 _maxwnd=219105 _cwnd=219105
Initialize per-instance NSCC parameters: flowid 39 _base_rtt=11685600 _base_bdp=146070 _bdp=146070 _min_cwnd=4150 _maxwnd=219105 _cwnd=219105
Initialize per-instance NSCC parameters: flowid 40 _base_rtt=11685600 _base_bdp=146070 _bdp=146070 _min_cwnd=4150 _maxwnd=219105 _cwnd=219105
Initialize per-instance NSCC parameters: flowid 41 _base_rtt=11685600 _base_bdp=146070 _bdp=146070 _min_cwnd=4150 _maxwnd=219105 _cwnd=219105
Initialize per-instance NSCC parameters: flowid 42 _base_rtt=11685600 _base_bdp=146070 _bdp=146070 _min_cwnd=4150 _maxwnd=219105 _cwnd=219105
Initialize per-instance NSCC parameters: flowid 43 _base_rtt=11685600 _base_bdp=146070 _bdp=146070 _min_cwnd=4150 _maxwnd=219105 _cwnd=219105
Initialize per-instance NSCC parameters: flowid 44 _base_rtt=11685600 _base_bdp=146070 _bdp=146070 _min_cwnd=4150 _maxwnd=219105 _cwnd=219105
Initialize per-instance NSCC parameters: flowid 45 _base_rtt=11685600 _base_bdp=146070 _bdp=146070 _min_cwnd=4150 _maxwnd=219105 _cwnd=219105
Initialize per-instance NSCC parameters: flowid 46 _base_rtt=11685600 _base_bdp=146070 _bdp=146070 _min_cwnd=4150 _maxwnd=219105 _cwnd=219105
Initialize per-instance NSCC parameters: flowid 47 _base_rtt=11685600 _base_bdp=146070 _bdp=146070 _min_cwnd=4150 _maxwnd=219105 _cwnd=219105
Initialize per-instance NSCC parameters: flowid 48 _base_rtt=11685600 _base_bdp=146070 _bdp=146070 _min_cwnd=4150 _maxwnd=219105 _cwnd=219105
Initialize per-instance NSCC parameters: flowid 49 _base_rtt=11685600 _base_bdp=146070 _bdp=146070 _min_cwnd=4150 _maxwnd=219105 _cwnd=219105
Initialize per-instance NSCC parameters: flowid 50 _base_rtt=11685600 _base_bdp=146070 _bdp=146070 _min_cwnd=4150 _maxwnd=219105 _cwnd=219105
Initialize per-instance NSCC parameters: flowid 51 _base_rtt=11685600 _base_bdp=146070 _bdp=146070 _min_cwnd=4150 _maxwnd=219105 _cwnd=219105
Initialize per-instance NSCC parameters: flowid 52 _base_rtt=11685600 _base_bdp=146070 _bdp=146070 _min_cwnd=4150 _maxwnd=219105 _cwnd=219105
Initialize per-instance NSCC parameters: flowid 53 _base_rtt=11685600 _base_bdp=146070 _bdp=146070 _min_cwnd=4150 _maxwnd=219105 _cwnd=219105
Initialize per-instance NSCC parameters: flowid 54 _base_rtt=11685600 _base_bdp=146070 _bdp=146070 _min_cwnd=4150 _maxwnd=219105 _cwnd=219105
Initialize per-instance NSCC parameters: flowid 55 _base_rtt=11685600 _base_bdp=146070 _bdp=146070 _min_cwnd=4150 _maxwnd=219105 _cwnd=219105
Initialize per-instance NSCC parameters: flowid 56 _base_rtt=11685600 _base_bdp=146070 _bdp=146070 _min_cwnd=4150 _maxwnd=219105 _cwnd=219105
Initialize per-instance NSCC parameters: flowid 57 _base_rtt=11685600 _base_bdp=146070 _bdp=146070 _min_cwnd=4150 _maxwnd=219105 _cwnd=219105
Initialize per-instance NSCC parameters: flowid 58 _base_rtt=11685600 _base_bdp=146070 _bdp=146070 _min_cwnd=4150 _maxwnd=219105 _cwnd=219105
Initialize per-instance NSCC parameters: flowid 59 _base_rtt=11685600 _base_bdp=146070 _bdp=146070 _min_cwnd=4150 _maxwnd=219105 _cwnd=219105
Initialize per-instance NSCC parameters: flowid 60 _base_rtt=11685600 _base_bdp=146070 _bdp=146070 _min_cwnd=4150 _maxwnd=219105 _cwnd=219105
Initialize per-instance NSCC parameters: flowid 61 _base_rtt=11685600 _base_bdp=146070 _bdp=146070 _min_cwnd=4150 _maxwnd=219105 _cwnd=219105
Initialize per-instance NSCC parameters: flowid 62 _base_rtt=11685600 _base_bdp=146070 _bdp=146070 _min_cwnd=4150 _maxwnd=219105 _cwnd=219105
Initialize per-instance NSCC parameters: flowid 63 _base_rtt=11685600 _base_bdp=146070 _bdp=146070 _min_cwnd=4150 _maxwnd=219105 _cwnd=219105
Initialize per-instance NSCC parameters: flowid 64 _base_rtt=11685600 _base_bdp=146070 _bdp=146070 _min_cwnd=4150 _maxwnd=219105 _cwnd=219105
Initialize per-instance NSCC parameters: flowid 65 _base_rtt=11685600 _base_bdp=146070 _bdp=146070 _min_cwnd=4150 _maxwnd=219105 _cwnd=219105
Initialize per-instance NSCC parameters: flowid 66 _base_rtt=11685600 _base_bdp=146070 _bdp=146070 _min_cwnd=4150 _maxwnd=219105 _cwnd=219105
Initialize per-instance NSCC parameters: flowid 67 _base_rtt=11685600 _base_bdp=146070 _bdp=146070 _min_cwnd=4150 _maxwnd=219105 _cwnd=219105
Initialize per-instance NSCC parameters: flowid 68 _base_rtt=11685600 _base_bdp=146070 _bdp=146070 _min_cwnd=4150 _maxwnd=219105 _cwnd=219105
Initialize per-instance NSCC parameters: flowid 69 _base_rtt=11685600 _base_bdp=146070 _bdp=146070 _min_cwnd=4150 _maxwnd=219105 _cwnd=219105
Initialize per-instance NSCC parameters: flowid 70 _base_rtt=11685600 _base_bdp=146070 _bdp=146070 _min_cwnd=4150 _maxwnd=219105 _cwnd=219105
Initialize per-instance NSCC parameters: flowid 71 _base_rtt=11685600 _base_bdp=146070 _bdp=146070 _min_cwnd=4150 _maxwnd=219105 _cwnd=219105
Initialize per-instance NSCC parameters: flowid 72 _base_rtt=11685600 _base_bdp=146070 _bdp=146070 _min_cwnd=4150 _maxwnd=219105 _cwnd=219105
Initialize per-instance NSCC parameters: flowid 73 _base_rtt=11685600 _base_bdp=146070 _bdp=146070 _min_cwnd=4150 _maxwnd=219105 _cwnd=219105
Initialize per-instance NSCC parameters: flowid 74 _base_rtt=11685600 _base_bdp=146070 _bdp=146070 _min_cwnd=4150 _maxwnd=219105 _cwnd=219105
Initialize per-instance NSCC parameters: flowid 75 _base_rtt=11685600 _base_bdp=146070 _bdp=146070 _min_cwnd=4150 _maxwnd=219105 _cwnd=219105
Initialize per-instance NSCC parameters: flowid 76 _base_rtt=11685600 _base_bdp=146070 _bdp=146070 _min_cwnd=4150 _maxwnd=219105 _cwnd=219105
Initialize per-instance NSCC parameters: flowid 77 _base_rtt=11685600 _base_bdp=146070 _bdp=146070 _min_cwnd=4150 _maxwnd=219105 _cwnd=219105
Initialize per-instance NSCC parameters: flowid 78 _base_rtt=11685600 _base_bdp=146070 _bdp=146070 _min_cwnd=4150 _maxwnd=219105 _cwnd=219105
Initialize per-instance NSCC parameters: flowid 79 _base_rtt=11685600 _base_bdp=146070 _bdp=146070 _min_cwnd=4150 _maxwnd=219105 _cwnd=219105
Initialize per-instance NSCC parameters: flowid 80 _base_rtt=11685600 _base_bdp=146070 _bdp=146070 _min_cwnd=4150 _maxwnd=219105 _cwnd=219105
Initialize per-instance NSCC parameters: flowid 81 _base_rtt=11685600 _base_bdp=146070 _bdp=146070 _min_cwnd=4150 _maxwnd=219105 _cwnd=219105
Initialize per-instance NSCC parameters: flowid 82 _base_rtt=11685600 _base_bdp=146070 _bdp=146070 _min_cwnd=4150 _maxwnd=219105 _cwnd=219105
Initialize per-instance NSCC parameters: flowid 83 _base_rtt=11685600 _base_bdp=146070 _bdp=146070 _min_cwnd=4150 _maxwnd=219105 _cwnd=219105
Initialize per-instance NSCC parameters: flowid 84 _base_rtt=11685600 _base_bdp=146070 _bdp=146070 _min_cwnd=4150 _maxwnd=219105 _cwnd=219105
Initialize per-instance NSCC parameters: flowid 85 _base_rtt=11685600 _base_bdp=146070 _bdp=146070 _min_cwnd=4150 _maxwnd=219105 _cwnd=219105
Initialize per-instance NSCC parameters: flowid 86 _base_rtt=11685600 _base_bdp=146070 _bdp=146070 _min_cwnd=4150 _maxwnd=219105 _cwnd=219105
Initialize per-instance NSCC parameters: flowid 87 _base_rtt=11685600 _base_bdp=146070 _bdp=146070 _min_cwnd=4150 _maxwnd=219105 _cwnd=219105
Initialize per-instance NSCC parameters: flowid 88 _base_rtt=11685600 _base_bdp=146070 _bdp=146070 _min_cwnd=4150 _maxwnd=219105 _cwnd=219105
Initialize per-instance NSCC parameters: flowid 89 _base_rtt=11685600 _base_bdp=146070 _bdp=146070 _min_cwnd=4150 _maxwnd=219105 _cwnd=219105
Initialize per-instance NSCC parameters: flowid 90 _base_rtt=11685600 _base_bdp=146070 _bdp=146070 _min_cwnd=4150 _maxwnd=219105 _cwnd=219105
Initialize per-instance NSCC parameters: flowid 91 _base_rtt=11685600 _base_bdp=146070 _bdp=146070 _min_cwnd=4150 _maxwnd=219105 _cwnd=219105
Initialize per-instance NSCC parameters: flowid 92 _base_rtt=11685600 _base_bdp=146070 _bdp=146070 _min_cwnd=4150 _maxwnd=219105 _cwnd=219105
Initialize per-instance NSCC parameters: flowid 93 _base_rtt=11685600 _base_bdp=146070 _bdp=146070 _min_cwnd=4150 _maxwnd=219105 _cwnd=219105
Initialize per-instance NSCC parameters: flowid 94 _base_rtt=11685600 _base_bdp=146070 _bdp=146070 _min_cwnd=4150 _maxwnd=219105 _cwnd=219105
Initialize per-instance NSCC parameters: flowid 95 _base_rtt=11685600 _base_bdp=146070 _bdp=146070 _min_cwnd=4150 _maxwnd=219105 _cwnd=219105
Initialize per-instance NSCC parameters: flowid 96 _base_rtt=11685600 _base_bdp=146070 _bdp=146070 _min_cwnd=4150 _maxwnd=219105 _cwnd=219105
Initialize per-instance NSCC parameters: flowid 97 _base_rtt=11685600 _base_bdp=146070 _bdp=146070 _min_cwnd=4150 _maxwnd=219105 _cwnd=219105
Initialize per-instance NSCC parameters: flowid 98 _base_rtt=11685600 _base_bdp=146070 _bdp=146070 _min_cwnd=4150 _maxwnd=219105 _cwnd=219105
Initialize per-instance NSCC parameters: flowid 99 _base_rtt=11685600 _base_bdp=146070 _bdp=146070 _min_cwnd=4150 _maxwnd=219105 _cwnd=219105
Initialize per-instance NSCC parameters: flowid 100 _base_rtt=11685600 _base_bdp=146070 _bdp=146070 _min_cwnd=4150 _maxwnd=219105 _cwnd=219105
Initialize per-instance NSCC parameters: flowid 101 _base_rtt=11685600 _base_bdp=146070 _bdp=146070 _min_cwnd=4150 _maxwnd=219105 _cwnd=219105
Initialize per-instance NSCC parameters: flowid 102 _base_rtt=11685600 _base_bdp=146070 _bdp=146070 _min_cwnd=4150 _maxwnd=219105 _cwnd=219105
Initialize per-instance NSCC parameters: flowid 103 _base_rtt=11685600 _base_bdp=146070 _bdp=146070 _min_cwnd=4150 _maxwnd=219105 _cwnd=219105
Initialize per-instance NSCC parameters: flowid 104 _base_rtt=11685600 _base_bdp=146070 _bdp=146070 _min_cwnd=4150 _maxwnd=219105 _cwnd=219105
Initialize per-instance NSCC parameters: flowid 105 _base_rtt=11685600 _base_bdp=146070 _bdp=146070 _min_cwnd=4150 _maxwnd=219105 _cwnd=219105
Initialize per-instance NSCC parameters: flowid 106 _base_rtt=11685600 _base_bdp=146070 _bdp=146070 _min_cwnd=4150 _maxwnd=219105 _cwnd=219105
Initialize per-instance NSCC parameters: flowid 107 _base_rtt=11685600 _base_bdp=146070 _bdp=146070 _min_cwnd=4150 _maxwnd=219105 _cwnd=219105
Initialize per-instance NSCC parameters: flowid 108 _base_rtt=11685600 _base_bdp=146070 _bdp=146070 _min_cwnd=4150 _maxwnd=219105 _cwnd=219105
Initialize per-instance NSCC parameters: flowid 109 _base_rtt=11685600 _base_bdp=146070 _bdp=146070 _min_cwnd=4150 _maxwnd=219105 _cwnd=219105
Initialize per-instance NSCC parameters: flowid 110 _base_rtt=11685600 _base_bdp=146070 _bdp=146070 _min_cwnd=4150 _maxwnd=219105 _cwnd=219105
Initialize per-instance NSCC parameters: flowid 111 _base_rtt=11685600 _base_bdp=146070 _bdp=146070 _min_cwnd=4150 _maxwnd=219105 _cwnd=219105
Initialize per-instance NSCC parameters: flowid 112 _base_rtt=11685600 _base_bdp=146070 _bdp=146070 _min_cwnd=4150 _maxwnd=219105 _cwnd=219105
Initialize per-instance NSCC parameters: flowid 113 _base_rtt=11685600 _base_bdp=146070 _bdp=146070 _min_cwnd=4150 _maxwnd=219105 _cwnd=219105
Initialize per-instance NSCC parameters: flowid 114 _base_rtt=11685600 _base_bdp=146070 _bdp=146070 _min_cwnd=4150 _maxwnd=219105 _cwnd=219105
Initialize per-instance NSCC parameters: flowid 115 _base_rtt=11685600 _base_bdp=146070 _bdp=146070 _min_cwnd=4150 _maxwnd=219105 _cwnd=219105
Initialize per-instance NSCC parameters: flowid 116 _base_rtt=11685600 _base_bdp=146070 _bdp=146070 _min_cwnd=4150 _maxwnd=219105 _cwnd=219105
Initialize per-instance NSCC parameters: flowid 117 _base_rtt=11685600 _base_bdp=146070 _bdp=146070 _min_cwnd=4150 _maxwnd=219105 _cwnd=219105
Initialize per-instance NSCC parameters: flowid 118 _base_rtt=11685600 _base_bdp=146070 _bdp=146070 _min_cwnd=4150 _maxwnd=219105 _cwnd=219105
Initialize per-instance NSCC parameters: flowid 119 _base_rtt=11685600 _base_bdp=146070 _bdp=146070 _min_cwnd=4150 _maxwnd=219105 _cwnd=219105
Initialize per-instance NSCC parameters: flowid 120 _base_rtt=11685600 _base_bdp=146070 _bdp=146070 _min_cwnd=4150 _maxwnd=219105 _cwnd=219105
Initialize per-instance NSCC parameters: flowid 121 _base_rtt=11685600 _base_bdp=146070 _bdp=146070 _min_cwnd=4150 _maxwnd=219105 _cwnd=219105
Initialize per-instance NSCC parameters: flowid 122 _base_rtt=11685600 _base_bdp=146070 _bdp=146070 _min_cwnd=4150 _maxwnd=219105 _cwnd=219105
Initialize per-instance NSCC parameters: flowid 123 _base_rtt=11685600 _base_bdp=146070 _bdp=146070 _min_cwnd=4150 _maxwnd=219105 _cwnd=219105
Initialize per-instance NSCC parameters: flowid 124 _base_rtt=11685600 _base_bdp=146070 _bdp=146070 _min_cwnd=4150 _maxwnd=219105 _cwnd=219105
Initialize per-instance NSCC parameters: flowid 125 _base_rtt=11685600 _base_bdp=146070 _bdp=146070 _min_cwnd=4150 _maxwnd=219105 _cwnd=219105
Initialize per-instance NSCC parameters: flowid 126 _base_rtt=11685600 _base_bdp=146070 _bdp=146070 _min_cwnd=4150 _maxwnd=219105 _cwnd=219105
Initialize per-instance NSCC parameters: flowid 127 _base_rtt=11685600 _base_bdp=146070 _bdp=146070 _min_cwnd=4150 _maxwnd=219105 _cwnd=219105
Initialize per-instance NSCC parameters: flowid 128 _base_rtt=11685600 _base_bdp=146070 _bdp=146070 _min_cwnd=4150 _maxwnd=219105 _cwnd=219105
Initialize per-instance NSCC parameters: flowid 129 _base_rtt=11685600 _base_bdp=146070 _bdp=146070 _min_cwnd=4150 _maxwnd=219105 _cwnd=219105
Initialize per-instance NSCC parameters: flowid 130 _base_rtt=11685600 _base_bdp=146070 _bdp=146070 _min_cwnd=4150 _maxwnd=219105 _cwnd=219105
Initialize per-instance NSCC parameters: flowid 131 _base_rtt=11685600 _base_bdp=146070 _bdp=146070 _min_cwnd=4150 _maxwnd=219105 _cwnd=219105
Initialize per-instance NSCC parameters: flowid 132 _base_rtt=11685600 _base_bdp=146070 _bdp=146070 _min_cwnd=4150 _maxwnd=219105 _cwnd=219105
Initialize per-instance NSCC parameters: flowid 133 _base_rtt=11685600 _base_bdp=146070 _bdp=146070 _min_cwnd=4150 _maxwnd=219105 _cwnd=219105
Initialize per-instance NSCC parameters: flowid 134 _base_rtt=11685600 _base_bdp=146070 _bdp=146070 _min_cwnd=4150 _maxwnd=219105 _cwnd=219105
Initialize per-instance NSCC parameters: flowid 135 _base_rtt=11685600 _base_bdp=146070 _bdp=146070 _min_cwnd=4150 _maxwnd=219105 _cwnd=219105
Initialize per-instance NSCC parameters: flowid 136 _base_rtt=11685600 _base_bdp=146070 _bdp=146070 _min_cwnd=4150 _maxwnd=219105 _cwnd=219105
Initialize per-instance NSCC parameters: flowid 137 _base_rtt=11685600 _base_bdp=146070 _bdp=146070 _min_cwnd=4150 _maxwnd=219105 _cwnd=219105
Initialize per-instance NSCC parameters: flowid 138 _base_rtt=11685600 _base_bdp=146070 _bdp=146070 _min_cwnd=4150 _maxwnd=219105 _cwnd=219105
Initialize per-instance NSCC parameters: flowid 139 _base_rtt=11685600 _base_bdp=146070 _bdp=146070 _min_cwnd=4150 _maxwnd=219105 _cwnd=219105
Initialize per-instance NSCC parameters: flowid 140 _base_rtt=11685600 _base_bdp=146070 _bdp=146070 _min_cwnd=4150 _maxwnd=219105 _cwnd=219105
Initialize per-instance NSCC parameters: flowid 141 _base_rtt=11685600 _base_bdp=146070 _bdp=146070 _min_cwnd=4150 _maxwnd=219105 _cwnd=219105
Initialize per-instance NSCC parameters: flowid 142 _base_rtt=11685600 _base_bdp=146070 _bdp=146070 _min_cwnd=4150 _maxwnd=219105 _cwnd=219105
Initialize per-instance NSCC parameters: flowid 143 _base_rtt=11685600 _base_bdp=146070 _bdp=146070 _min_cwnd=4150 _maxwnd=219105 _cwnd=219105
Initialize per-instance NSCC parameters: flowid 144 _base_rtt=11685600 _base_bdp=146070 _bdp=146070 _min_cwnd=4150 _maxwnd=219105 _cwnd=219105
Initialize per-instance NSCC parameters: flowid 145 _base_rtt=11685600 _base_bdp=146070 _bdp=146070 _min_cwnd=4150 _maxwnd=219105 _cwnd=219105
Initialize per-instance NSCC parameters: flowid 146 _base_rtt=11685600 _base_bdp=146070 _bdp=146070 _min_cwnd=4150 _maxwnd=219105 _cwnd=219105
Initialize per-instance NSCC parameters: flowid 147 _base_rtt=11685600 _base_bdp=146070 _bdp=146070 _min_cwnd=4150 _maxwnd=219105 _cwnd=219105
Initialize per-instance NSCC parameters: flowid 148 _base_rtt=11685600 _base_bdp=146070 _bdp=146070 _min_cwnd=4150 _maxwnd=219105 _cwnd=219105
Initialize per-instance NSCC parameters: flowid 149 _base_rtt=11685600 _base_bdp=146070 _bdp=146070 _min_cwnd=4150 _maxwnd=219105 _cwnd=219105
Initialize per-instance NSCC parameters: flowid 150 _base_rtt=11685600 _base_bdp=146070 _bdp=146070 _min_cwnd=4150 _maxwnd=219105 _cwnd=219105
Initialize per-instance NSCC parameters: flowid 151 _base_rtt=11685600 _base_bdp=146070 _bdp=146070 _min_cwnd=4150 _maxwnd=219105 _cwnd=219105
Initialize per-instance NSCC parameters: flowid 152 _base_rtt=11685600 _base_bdp=146070 _bdp=146070 _min_cwnd=4150 _maxwnd=219105 _cwnd=219105
Initialize per-instance NSCC parameters: flowid 153 _base_rtt=11685600 _base_bdp=146070 _bdp=146070 _min_cwnd=4150 _maxwnd=219105 _cwnd=219105
Initialize per-instance NSCC parameters: flowid 154 _base_rtt=11685600 _base_bdp=146070 _bdp=146070 _min_cwnd=4150 _maxwnd=219105 _cwnd=219105
Initialize per-instance NSCC parameters: flowid 155 _base_rtt=11685600 _base_bdp=146070 _bdp=146070 _min_cwnd=4150 _maxwnd=219105 _cwnd=219105
Initialize per-instance NSCC parameters: flowid 156 _base_rtt=11685600 _base_bdp=146070 _bdp=146070 _min_cwnd=4150 _maxwnd=219105 _cwnd=219105
Initialize per-instance NSCC parameters: flowid 157 _base_rtt=11685600 _base_bdp=146070 _bdp=146070 _min_cwnd=4150 _maxwnd=219105 _cwnd=219105
Initialize per-instance NSCC parameters: flowid 158 _base_rtt=11685600 _base_bdp=146070 _bdp=146070 _min_cwnd=4150 _maxwnd=219105 _cwnd=219105
Initialize per-instance NSCC parameters: flowid 159 _base_rtt=11685600 _base_bdp=146070 _bdp=146070 _min_cwnd=4150 _maxwnd=219105 _cwnd=219105
Initialize per-instance NSCC parameters: flowid 160 _base_rtt=11685600 _base_bdp=146070 _bdp=146070 _min_cwnd=4150 _maxwnd=219105 _cwnd=219105
Initialize per-instance NSCC parameters: flowid 161 _base_rtt=11685600 _base_bdp=146070 _bdp=146070 _min_cwnd=4150 _maxwnd=219105 _cwnd=219105
Initialize per-instance NSCC parameters: flowid 162 _base_rtt=11685600 _base_bdp=146070 _bdp=146070 _min_cwnd=4150 _maxwnd=219105 _cwnd=219105
Initialize per-instance NSCC parameters: flowid 163 _base_rtt=11685600 _base_bdp=146070 _bdp=146070 _min_cwnd=4150 _maxwnd=219105 _cwnd=219105
Initialize per-instance NSCC parameters: flowid 164 _base_rtt=11685600 _base_bdp=146070 _bdp=146070 _min_cwnd=4150 _maxwnd=219105 _cwnd=219105
Initialize per-instance NSCC parameters: flowid 165 _base_rtt=11685600 _base_bdp=146070 _bdp=146070 _min_cwnd=4150 _maxwnd=219105 _cwnd=219105
Initialize per-instance NSCC parameters: flowid 166 _base_rtt=11685600 _base_bdp=146070 _bdp=146070 _min_cwnd=4150 _maxwnd=219105 _cwnd=219105
Initialize per-instance NSCC parameters: flowid 167 _base_rtt=11685600 _base_bdp=146070 _bdp=146070 _min_cwnd=4150 _maxwnd=219105 _cwnd=219105
Initialize per-instance NSCC parameters: flowid 168 _base_rtt=11685600 _base_bdp=146070 _bdp=146070 _min_cwnd=4150 _maxwnd=219105 _cwnd=219105
Initialize per-instance NSCC parameters: flowid 169 _base_rtt=11685600 _base_bdp=146070 _bdp=146070 _min_cwnd=4150 _maxwnd=219105 _cwnd=219105
Initialize per-instance NSCC parameters: flowid 170 _base_rtt=11685600 _base_bdp=146070 _bdp=146070 _min_cwnd=4150 _maxwnd=219105 _cwnd=219105
Initialize per-instance NSCC parameters: flowid 171 _base_rtt=11685600 _base_bdp=146070 _bdp=146070 _min_cwnd=4150 _maxwnd=219105 _cwnd=219105
Initialize per-instance NSCC parameters: flowid 172 _base_rtt=11685600 _base_bdp=146070 _bdp=146070 _min_cwnd=4150 _maxwnd=219105 _cwnd=219105
Initialize per-instance NSCC parameters: flowid 173 _base_rtt=11685600 _base_bdp=146070 _bdp=146070 _min_cwnd=4150 _maxwnd=219105 _cwnd=219105
Initialize per-instance NSCC parameters: flowid 174 _base_rtt=11685600 _base_bdp=146070 _bdp=146070 _min_cwnd=4150 _maxwnd=219105 _cwnd=219105
Initialize per-instance NSCC parameters: flowid 175 _base_rtt=11685600 _base_bdp=146070 _bdp=146070 _min_cwnd=4150 _maxwnd=219105 _cwnd=219105
Initialize per-instance NSCC parameters: flowid 176 _base_rtt=11685600 _base_bdp=146070 _bdp=146070 _min_cwnd=4150 _maxwnd=219105 _cwnd=219105
Initialize per-instance NSCC parameters: flowid 177 _base_rtt=11685600 _base_bdp=146070 _bdp=146070 _min_cwnd=4150 _maxwnd=219105 _cwnd=219105
Initialize per-instance NSCC parameters: flowid 178 _base_rtt=11685600 _base_bdp=146070 _bdp=146070 _min_cwnd=4150 _maxwnd=219105 _cwnd=219105
Initialize per-instance NSCC parameters: flowid 179 _base_rtt=11685600 _base_bdp=146070 _bdp=146070 _min_cwnd=4150 _maxwnd=219105 _cwnd=219105
Initialize per-instance NSCC parameters: flowid 180 _base_rtt=11685600 _base_bdp=146070 _bdp=146070 _min_cwnd=4150 _maxwnd=219105 _cwnd=219105
Initialize per-instance NSCC parameters: flowid 181 _base_rtt=11685600 _base_bdp=146070 _bdp=146070 _min_cwnd=4150 _maxwnd=219105 _cwnd=219105
Initialize per-instance NSCC parameters: flowid 182 _base_rtt=11685600 _base_bdp=146070 _bdp=146070 _min_cwnd=4150 _maxwnd=219105 _cwnd=219105
Initialize per-instance NSCC parameters: flowid 183 _base_rtt=11685600 _base_bdp=146070 _bdp=146070 _min_cwnd=4150 _maxwnd=219105 _cwnd=219105
Initialize per-instance NSCC parameters: flowid 184 _base_rtt=11685600 _base_bdp=146070 _bdp=146070 _min_cwnd=4150 _maxwnd=219105 _cwnd=219105
Initialize per-instance NSCC parameters: flowid 185 _base_rtt=11685600 _base_bdp=146070 _bdp=146070 _min_cwnd=4150 _maxwnd=219105 _cwnd=219105
Initialize per-instance NSCC parameters: flowid 186 _base_rtt=11685600 _base_bdp=146070 _bdp=146070 _min_cwnd=4150 _maxwnd=219105 _cwnd=219105
Initialize per-instance NSCC parameters: flowid 187 _base_rtt=11685600 _base_bdp=146070 _bdp=146070 _min_cwnd=4150 _maxwnd=219105 _cwnd=219105
Initialize per-instance NSCC parameters: flowid 188 _base_rtt=11685600 _base_bdp=146070 _bdp=146070 _min_cwnd=4150 _maxwnd=219105 _cwnd=219105
Initialize per-instance NSCC parameters: flowid 189 _base_rtt=11685600 _base_bdp=146070 _bdp=146070 _min_cwnd=4150 _maxwnd=219105 _cwnd=219105
Initialize per-instance NSCC parameters: flowid 190 _base_rtt=11685600 _base_bdp=146070 _bdp=146070 _min_cwnd=4150 _maxwnd=219105 _cwnd=219105
Initialize per-instance NSCC parameters: flowid 191 _base_rtt=11685600 _base_bdp=146070 _bdp=146070 _min_cwnd=4150 _maxwnd=219105 _cwnd=219105
Initialize per-instance NSCC parameters: flowid 192 _base_rtt=11685600 _base_bdp=146070 _bdp=146070 _min_cwnd=4150 _maxwnd=219105 _cwnd=219105
Starting simulation
Flow Uec_58_186 flowId 1 uecSrc 0 starting at 0
Flow Uec_130_2 flowId 2 uecSrc 1 starting at 0
Flow Uec_20_148 flowId 3 uecSrc 2 starting at 0
Flow Uec_212_84 flowId 4 uecSrc 3 starting at 0
Flow Uec_159_31 flowId 5 uecSrc 4 starting at 0
Flow Uec_33_161 flowId 6 uecSrc 5 starting at 0
Flow Uec_244_116 flowId 7 uecSrc 6 starting at 0
Flow Uec_137_9 flowId 8 uecSrc 7 starting at 0
Flow Uec_79_207 flowId 9 uecSrc 8 starting at 0
Flow Uec_186_58 flowId 10 uecSrc 9 starting at 0
Flow Uec_248_120 flowId 11 uecSrc 10 starting at 0
Flow Uec_223_95 flowId 12 uecSrc 11 starting at 0
Flow Uec_87_215 flowId 13 uecSrc 12 starting at 0
Flow Uec_199_71 flowId 14 uecSrc 13 starting at 0
Flow Uec_187_59 flowId 15 uecSrc 14 starting at 0
Flow Uec_10_138 flowId 16 uecSrc 15 starting at 0
Flow Uec_109_237 flowId 17 uecSrc 16 starting at 0
Flow Uec_94_222 flowId 18 uecSrc 17 starting at 0
Flow Uec_39_167 flowId 19 uecSrc 18 starting at 0
Flow Uec_24_152 flowId 20 uecSrc 19 starting at 0
Flow Uec_93_221 flowId 21 uecSrc 20 starting at 0
Flow Uec_161_33 flowId 22 uecSrc 21 starting at 0
Flow Uec_65_193 flowId 23 uecSrc 22 starting at 0
Flow Uec_211_83 flowId 24 uecSrc 23 starting at 0
Flow Uec_225_97 flowId 25 uecSrc 24 starting at 0
Flow Uec_143_15 flowId 26 uecSrc 25 starting at 0
Flow Uec_51_179 flowId 27 uecSrc 26 starting at 0
Flow Uec_102_230 flowId 28 uecSrc 27 starting at 0
Flow Uec_54_182 flowId 29 uecSrc 28 starting at 0
Flow Uec_242_114 flowId 30 uecSrc 29 starting at 0
Flow Uec_56_184 flowId 31 uecSrc 30 starting at 0
Flow Uec_214_86 flowId 32 uecSrc 31 starting at 0
Flow Uec_27_155 flowId 33 uecSrc 32 starting at 0
Flow Uec_251_123 flowId 34 uecSrc 33 starting at 0
Flow Uec_84_212 flowId 35 uecSrc 34 starting at 0
Flow Uec_61_189 flowId 36 uecSrc 35 starting at 0
Flow Uec_142_14 flowId 37 uecSrc 36 starting at 0
Flow Uec_68_196 flowId 38 uecSrc 37 starting at 0
Flow Uec_91_219 flowId 39 uecSrc 38 starting at 0
Flow Uec_215_87 flowId 40 uecSrc 39 starting at 0
Flow Uec_203_75 flowId 41 uecSrc 40 starting at 0
Flow Uec_165_37 flowId 42 uecSrc 41 starting at 0
Flow Uec_19_147 flowId 43 uecSrc 42 starting at 0
Flow Uec_92_220 flowId 44 uecSrc 43 starting at 0
Flow Uec_149_21 flowId 45 uecSrc 44 starting at 0
Flow Uec_115_243 flowId 46 uecSrc 45 starting at 0
Flow Uec_13_141 flowId 47 uecSrc 46 starting at 0
Flow Uec_227_99 flowId 48 uecSrc 47 starting at 0
Flow Uec_73_201 flowId 49 uecSrc 48 starting at 0
Flow Uec_135_7 flowId 50 uecSrc 49 starting at 0
Flow Uec_173_45 flowId 51 uecSrc 50 starting at 0
Flow Uec_152_24 flowId 52 uecSrc 51 starting at 0
Flow Uec_52_180 flowId 53 uecSrc 52 starting at 0
Flow Uec_190_62 flowId 54 uecSrc 53 starting at 0
Flow Uec_208_80 flowId 55 uecSrc 54 starting at 0
Flow Uec_31_159 flowId 56 uecSrc 55 starting at 0
Flow Uec_235_107 flowId 57 uecSrc 56 starting at 0
Flow Uec_0_128 flowId 58 uecSrc 57 starting at 0
Flow Uec_75_203 flowId 59 uecSrc 58 starting at 0
Flow Uec_110_238 flowId 60 uecSrc 59 starting at 0
Flow Uec_129_1 flowId 61 uecSrc 60 starting at 0
Flow Uec_249_121 flowId 62 uecSrc 61 starting at 0
Flow Uec_63_191 flowId 63 uecSrc 62 starting at 0
Flow Uec_6_134 flowId 64 uecSrc 63 starting at 0
Flow Uec_36_164 flowId 65 uecSrc 64 starting at 0
Flow Uec_209_81 flowId 66 uecSrc 65 starting at 0
Flow Uec_44_172 flowId 67 uecSrc 66 starting at 0
Flow Uec_29_157 flowId 68 uecSrc 67 starting at 0
Flow Uec_206_78 flowId 69 uecSrc 68 starting at 0
Flow Uec_141_13 flowId 70 uecSrc 69 starting at 0
Flow Uec_236_108 flowId 71 uecSrc 70 starting at 0
Flow Uec_254_126 flowId 72 uecSrc 71 starting at 0
Flow Uec_194_66 flowId 73 uecSrc 72 starting at 0
Flow Uec_232_104 flowId 74 uecSrc 73 starting at 0
Flow Uec_26_154 flowId 75 uecSrc 74 starting at 0
Flow Uec_204_76 flowId 76 uecSrc 75 starting at 0
Flow Uec_47_175 flowId 77 uecSrc 76 starting at 0
Flow Uec_66_194 flowId 78 uecSrc 77 starting at 0
Flow Uec_147_19 flowId 79 uecSrc 78 starting at 0
Flow Uec_126_254 flowId 80 uecSrc 79 starting at 0
Flow Uec_192_64 flowId 81 uecSrc 80 starting at 0
Flow Uec_132_4 flowId 82 uecSrc 81 starting at 0
Flow Uec_164_36 flowId 83 uecSrc 82 starting at 0
Flow Uec_125_253 flowId 84 uecSrc 83 starting at 0
Flow Uec_4_132 flowId 85 uecSrc 84 starting at 0
Flow Uec_157_29 flowId 86 uecSrc 85 starting at 0
Flow Uec_156_28 flowId 87 uecSrc 86 starting at 0
Flow Uec_195_67 flowId 88 uecSrc 87 starting at 0
Flow Uec_124_252 flowId 89 uecSrc 88 starting at 0
Flow Uec_183_55 flowId 90 uecSrc 89 starting at 0
Flow Uec_178_50 flowId 91 uecSrc 90 starting at 0
Flow Uec_226_98 flowId 92 uecSrc 91 starting at 0
Flow Uec_139_11 flowId 93 uecSrc 92 starting at 0
Flow Uec_123_251 flowId 94 uecSrc 93 starting at 0
Flow Uec_67_195 flowId 95 uecSrc 94 starting at 0
Flow Uec_182_54 flowId 96 uecSrc 95 starting at 0
Flow Uec_38_166 flowId 97 uecSrc 96 starting at 0
Flow Uec_189_61 flowId 98 uecSrc 97 starting at 0
Flow Uec_185_57 flowId 99 uecSrc 98 starting at 0
Flow Uec_153_25 flowId 100 uecSrc 99 starting at 0
Flow Uec_246_118 flowId 101 uecSrc 100 starting at 0
Flow Uec_228_100 flowId 102 uecSrc 101 starting at 0
Flow Uec_238_110 flowId 103 uecSrc 102 starting at 0
Flow Uec_83_211 flowId 104 uecSrc 103 starting at 0
Flow Uec_188_60 flowId 105 uecSrc 104 starting at 0
Flow Uec_80_208 flowId 106 uecSrc 105 starting at 0
Flow Uec_55_183 flowId 107 uecSrc 106 starting at 0
Flow Uec_196_68 flowId 108 uecSrc 107 starting at 0
Flow Uec_234_106 flowId 109 uecSrc 108 starting at 0
Flow Uec_12_140 flowId 110 uecSrc 109 starting at 0
Flow Uec_177_49 flowId 111 uecSrc 110 starting at 0
Flow Uec_179_51 flowId 112 uecSrc 111 starting at 0
Flow Uec_240_112 flowId 113 uecSrc 112 starting at 0
Flow Uec_77_205 flowId 114 uecSrc 113 starting at 0
Flow Uec_163_35 flowId 115 uecSrc 114 starting at 0
Flow Uec_28_156 flowId 116 uecSrc 115 starting at 0
Flow Uec_146_18 flowId 117 uecSrc 116 starting at 0
Flow Uec_169_41 flowId 118 uecSrc 117 starting at 0
Flow Uec_162_34 flowId 119 uecSrc 118 starting at 0
Flow Uec_122_250 flowId 120 uecSrc 119 starting at 0
Flow Uec_252_124 flowId 121 uecSrc 120 starting at 0
Flow Uec_138_10 flowId 122 uecSrc 121 starting at 0
Flow Uec_220_92 flowId 123 uecSrc 122 starting at 0
Flow Uec_144_16 flowId 124 uecSrc 123 starting at 0
Flow Uec_219_91 flowId 125 uecSrc 124 starting at 0
Flow Uec_111_239 flowId 126 uecSrc 125 starting at 0
Flow Uec_3_131 flowId 127 uecSrc 126 starting at 0
Flow Uec_170_42 flowId 128 uecSrc 127 starting at 0
Flow Uec_237_109 flowId 129 uecSrc 128 starting at 0
Flow Uec_1_129 flowId 130 uecSrc 129 starting at 0
Flow Uec_82_210 flowId 131 uecSrc 130 starting at 0
Flow Uec_117_245 flowId 132 uecSrc 131 starting at 0
Flow Uec_18_146 flowId 133 uecSrc 132 starting at 0
Flow Uec_120_248 flowId 134 uecSrc 133 starting at 0
Flow Uec_200_72 flowId 135 uecSrc 134 starting at 0
Flow Uec_181_53 flowId 136 uecSrc 135 starting at 0
Flow Uec_180_52 flowId 137 uecSrc 136 starting at 0
Flow Uec_97_225 flowId 138 uecSrc 137 starting at 0
Flow Uec_14_142 flowId 139 uecSrc 138 starting at 0
Flow Uec_171_43 flowId 140 uecSrc 139 starting at 0
Flow Uec_155_27 flowId 141 uecSrc 140 starting at 0
Flow Uec_37_165 flowId 142 uecSrc 141 starting at 0
Flow Uec_217_89 flowId 143 uecSrc 142 starting at 0
Flow Uec_145_17 flowId 144 uecSrc 143 starting at 0
Flow Uec_78_206 flowId 145 uecSrc 144 starting at 0
Flow Uec_9_137 flowId 146 uecSrc 145 starting at 0
Flow Uec_2_130 flowId 147 uecSrc 146 starting at 0
Flow Uec_205_77 flowId 148 uecSrc 147 starting at 0
Flow Uec_250_122 flowId 149 uecSrc 148 starting at 0
Flow Uec_5_133 flowId 150 uecSrc 149 starting at 0
Flow Uec_191_63 flowId 151 uecSrc 150 starting at 0
Flow Uec_230_102 flowId 152 uecSrc 151 starting at 0
Flow Uec_134_6 flowId 153 uecSrc 152 starting at 0
Flow Uec_131_3 flowId 154 uecSrc 153 starting at 0
Flow Uec_30_158 flowId 155 uecSrc 154 starting at 0
Flow Uec_160_32 flowId 156 uecSrc 155 starting at 0
Flow Uec_104_232 flowId 157 uecSrc 156 starting at 0
Flow Uec_35_163 flowId 158 uecSrc 157 starting at 0
Flow Uec_119_247 flowId 159 uecSrc 158 starting at 0
Flow Uec_7_135 flowId 160 uecSrc 159 starting at 0
Flow Uec_221_93 flowId 161 uecSrc 160 starting at 0
Flow Uec_23_151 flowId 162 uecSrc 161 starting at 0
Flow Uec_71_199 flowId 163 uecSrc 162 starting at 0
Flow Uec_193_65 flowId 164 uecSrc 163 starting at 0
Flow Uec_140_12 flowId 165 uecSrc 164 starting at 0
Flow Uec_213_85 flowId 166 uecSrc 165 starting at 0
Flow Uec_210_82 flowId 167 uecSrc 166 starting at 0
Flow Uec_99_227 flowId 168 uecSrc 167 starting at 0
Flow Uec_202_74 flowId 169 uecSrc 168 starting at 0
Flow Uec_98_226 flowId 170 uecSrc 169 starting at 0
Flow Uec_166_38 flowId 171 uecSrc 170 starting at 0
Flow Uec_62_190 flowId 172 uecSrc 171 starting at 0
Flow Uec_105_233 flowId 173 uecSrc 172 starting at 0
Flow Uec_127_255 flowId 174 uecSrc 173 starting at 0
Flow Uec_118_246 flowId 175 uecSrc 174 starting at 0
Flow Uec_25_153 flowId 176 uecSrc 175 starting at 0
Flow Uec_154_26 flowId 177 uecSrc 176 starting at 0
Flow Uec_43_171 flowId 178 uecSrc 177 starting at 0
Flow Uec_74_202 flowId 179 uecSrc 178 starting at 0
Flow Uec_11_139 flowId 180 uecSrc 179 starting at 0
Flow Uec_158_30 flowId 181 uecSrc 180 starting at 0
Flow Uec_90_218 flowId 182 uecSrc 181 starting at 0
Flow Uec_95_223 flowId 183 uecSrc 182 starting at 0
Flow Uec_172_44 flowId 184 uecSrc 183 starting at 0
Flow Uec_70_198 flowId 185 uecSrc 184 starting at 0
Flow Uec_168_40 flowId 186 uecSrc 185 starting at 0
Flow Uec_34_162 flowId 187 uecSrc 186 starting at 0
Flow Uec_148_20 flowId 188 uecSrc 187 starting at 0
Flow Uec_218_90 flowId 189 uecSrc 188 starting at 0
Flow Uec_46_174 flowId 190 uecSrc 189 starting at 0
Flow Uec_8_136 flowId 191 uecSrc 190 starting at 0
Flow Uec_245_117 flowId 192 uecSrc 191 starting at 0
128.34 flowid 85 Spurious 9
130.196 flowid 144 Spurious 17
131.883 flowid 85 Spurious 8
131.883 flowid 64 Spurious 19
134.11 flowid 42 Spurious 14
137.778 flowid 10 Spurious 29
138.442 flowid 10 Spurious 30
139.315 flowid 147 Spurious 40
142.906 flowid 142 Spurious 51
143.885 flowid 16 Spurious 34
144.529 flowid 15 Spurious 51
145.53 flowid 15 Spurious 53
145.862 flowid 15 Spurious 54
146.909 flowid 16 Spurious 49
147.457 flowid 98 Spurious 53
148.121 flowid 98 Spurious 55
149.117 flowid 98 Spurious 57
150.118 flowid 98 Spurious 58
151.114 flowid 98 Spurious 62
154.771 flowid 98 Spurious 51
160.174 flowid 15 Spurious 55
160.506 flowid 15 Spurious 79
160.713 flowid 105 Spurious 16
161.531 flowid 190 Spurious 84
161.736 flowid 68 Spurious 88
166.419 flowid 190 Spurious 95
Flow Uec_177_49 flowId 111 uecSrc 110 finished at 173.862 total messages 1 total packets 490 RTS 0 total bytes 2002140 in_flight now 0 fair_inc 0 prop_inc 10535 fast_inc 444999 eta_inc 8344 multi_dec -0 quick_dec -0 nack_dec -0
Flow Uec_194_66 flowId 73 uecSrc 72 finished at 175.402 total messages 1 total packets 490 RTS 0 total bytes 2002140 in_flight now 0 fair_inc 0 prop_inc 90222 fast_inc 32328 eta_inc 8344 multi_dec -0 quick_dec -0 nack_dec -0
Flow Uec_109_237 flowId 17 uecSrc 16 finished at 176.758 total messages 1 total packets 490 RTS 0 total bytes 2002140 in_flight now 0 fair_inc 0 prop_inc 88996 fast_inc 0 eta_inc 8344 multi_dec -0 quick_dec -0 nack_dec -0
Flow Uec_119_247 flowId 159 uecSrc 158 finished at 177.892 total messages 1 total packets 490 RTS 0 total bytes 2002140 in_flight now 0 fair_inc 0 prop_inc 54556 fast_inc 36369 eta_inc 8344 multi_dec -0 quick_dec -0 nack_dec -0
Flow Uec_105_233 flowId 173 uecSrc 172 finished at 177.941 total messages 1 total packets 490 RTS 0 total bytes 2002140 in_flight now 0 fair_inc 0 prop_inc 55404 fast_inc 141435 eta_inc 8344 multi_dec -0 quick_dec -0 nack_dec -0
Flow Uec_78_206 flowId 145 uecSrc 144 finished at 178.482 total messages 1 total packets 490 RTS 0 total bytes 2002140 in_flight now 0 fair_inc 0 prop_inc 77698 fast_inc 0 eta_inc 8344 multi_dec -0 quick_dec -0 nack_dec -0
178.883 flowid 3 Spurious 130
Flow Uec_110_238 flowId 60 uecSrc 59 finished at 179.5 total messages 1 total packets 490 RTS 0 total bytes 2002140 in_flight now 0 fair_inc 0 prop_inc 68204 fast_inc 0 eta_inc 8344 multi_dec -0 quick_dec -0 nack_dec -0
179.743 flowid 3 Spurious 132
Flow Uec_142_14 flowId 37 uecSrc 36 finished at 180.295 total messages 1 total packets 490 RTS 0 total bytes 2002140 in_flight now 0 fair_inc 0 prop_inc 77530 fast_inc 0 eta_inc 7748 multi_dec -0 quick_dec -0 nack_dec -0
180.557 flowid 3 Spurious 140
Flow Uec_132_4 flowId 82 uecSrc 81 finished at 181.107 total messages 1 total packets 490 RTS 0 total bytes 2002140 in_flight now 0 fair_inc 0 prop_inc 75066 fast_inc 0 eta_inc 7748 multi_dec -0 quick_dec -0 nack_dec -0
Flow Uec_120_248 flowId 134 uecSrc 133 finished at 181.442 total messages 1 total packets 490 RTS 0 total bytes 2002140 in_flight now 0 fair_inc 0 prop_inc 69342 fast_inc 0 eta_inc 8344 multi_dec -0 quick_dec -0 nack_dec -0
Flow Uec_54_182 flowId 29 uecSrc 28 finished at 187.826 total messages 1 total packets 490 RTS 0 total bytes 2002140 in_flight now 0 fair_inc 0 prop_inc 29451 fast_inc 0 eta_inc 8940 multi_dec -0 quick_dec -0 nack_dec -0
188.531 flowid 3 Spurious 155
Flow Uec_104_232 flowId 157 uecSrc 156 finished at 192.108 total messages 1 total packets 490 RTS 0 total bytes 2002140 in_flight now 0 fair_inc 0 prop_inc 27529 fast_inc 0 eta_inc 8940 multi_dec -0 quick_dec -0 nack_dec -0
Flow Uec_234_106 flowId 109 uecSrc 108 finished at 195.203 total messages 1 total packets 490 RTS 0 total bytes 2002140 in_flight now 0 fair_inc 4502 prop_inc 18954 fast_inc 0 eta_inc 9536 multi_dec -0 quick_dec -0 nack_dec -0
Flow Uec_43_171 flowId 178 uecSrc 177 finished at 199.509 total messages 1 total packets 490 RTS 0 total bytes 2002140 in_flight now 0 fair_inc 3381 prop_inc 21216 fast_inc 0 eta_inc 9536 multi_dec -0 quick_dec -0 nack_dec -0
Flow Uec_67_195 flowId 95 uecSrc 94 finished at 200.129 total messages 1 total packets 490 RTS 0 total bytes 2002140 in_flight now 0 fair_inc 11613 prop_inc 20907 fast_inc 0 eta_inc 9536 multi_dec -0 quick_dec -0 nack_dec -0
Flow Uec_232_104 flowId 74 uecSrc 73 finished at 203.096 total messages 1 total packets 490 RTS 0 total bytes 2002140 in_flight now 0 fair_inc 7881 prop_inc 19709 fast_inc 0 eta_inc 9536 multi_dec -0 quick_dec -0 nack_dec -0
Flow Uec_236_108 flowId 71 uecSrc 70 finished at 203.656 total messages 1 total packets 490 RTS 0 total bytes 2002140 in_flight now 0 fair_inc 4510 prop_inc 13557 fast_inc 0 eta_inc 9536 multi_dec -0 quick_dec -0 nack_dec -0
203.69 flowid 176 Spurious 196
204.842 flowid 56 Spurious 175
205.174 flowid 56 Spurious 176
Flow Uec_249_121 flowId 62 uecSrc 61 finished at 205.409 total messages 1 total packets 490 RTS 0 total bytes 2002140 in_flight now 0 fair_inc 3083 prop_inc 19074 fast_inc 0 eta_inc 9536 multi_dec -12464 quick_dec -0 nack_dec -0
205.506 flowid 56 Spurious 177
206.121 flowid 56 Spurious 178
207.454 flowid 56 Spurious 184
Flow Uec_248_120 flowId 11 uecSrc 10 finished at 213.536 total messages 1 total packets 490 RTS 0 total bytes 2002140 in_flight now 0 fair_inc 14718 prop_inc 6166 fast_inc 0 eta_inc 10132 multi_dec -7057 quick_dec -0 nack_dec -0
219.683 flowid 176 Spurious 238
220.347 flowid 176 Spurious 239
221.703 flowid 176 Spurious 243
Flow Uec_44_172 flowId 67 uecSrc 66 finished at 226.344 total messages 1 total packets 491 RTS 1 total bytes 2002140 in_flight now 0 fair_inc 9537 prop_inc 16229 fast_inc 0 eta_inc 10132 multi_dec -0 quick_dec -0 nack_dec -12450
Flow Uec_228_100 flowId 102 uecSrc 101 finished at 228.01 total messages 1 total packets 490 RTS 0 total bytes 2002140 in_flight now 0 fair_inc 4513 prop_inc 35632 fast_inc 0 eta_inc 10728 multi_dec -77736 quick_dec -0 nack_dec -0
Flow Uec_1_129 flowId 130 uecSrc 129 finished at 231.062 total messages 1 total packets 490 RTS 0 total bytes 2002140 in_flight now 0 fair_inc 9638 prop_inc 38121 fast_inc 0 eta_inc 10728 multi_dec -30161 quick_dec -0 nack_dec -41500
Flow Uec_127_255 flowId 174 uecSrc 173 finished at 231.32 total messages 1 total packets 490 RTS 0 total bytes 2002140 in_flight now 0 fair_inc 4407 prop_inc 37118 fast_inc 0 eta_inc 10728 multi_dec -42199 quick_dec -0 nack_dec -33200
Flow Uec_34_162 flowId 187 uecSrc 186 finished at 231.418 total messages 1 total packets 490 RTS 0 total bytes 2002140 in_flight now 0 fair_inc 2794 prop_inc 55583 fast_inc 0 eta_inc 10728 multi_dec -94831 quick_dec -0 nack_dec -0
232.66 flowid 172 Spurious 2
234.536 flowid 19 Spurious 209
236.301 flowid 33 Spurious 192
236.89 flowid 19 Spurious 213
237.886 flowid 19 Spurious 215
238.921 flowid 190 Spurious 271
239.23 flowid 19 Spurious 218
240.222 flowid 33 Spurious 197
Flow Uec_254_126 flowId 72 uecSrc 71 finished at 244.762 total messages 1 total packets 490 RTS 0 total bytes 2002140 in_flight now 0 fair_inc 10535 prop_inc 45669 fast_inc 0 eta_inc 11920 multi_dec -99241 quick_dec -0 nack_dec -0
245.13 flowid 68 Spurious 313
Flow Uec_20_148 flowId 3 uecSrc 2 finished at 250.776 total messages 1 total packets 493 RTS 3 total bytes 2002140 in_flight now 0 fair_inc 13573 prop_inc 12594 fast_inc 0 eta_inc 11324 multi_dec -0 quick_dec -0 nack_dec -4150
Flow Uec_29_157 flowId 68 uecSrc 67 finished at 252.976 total messages 1 total packets 491 RTS 1 total bytes 2002140 in_flight now 0 fair_inc 15167 prop_inc 11973 fast_inc 0 eta_inc 10728 multi_dec -0 quick_dec -0 nack_dec -0
Flow Uec_39_167 flowId 19 uecSrc 18 finished at 267.179 total messages 1 total packets 492 RTS 2 total bytes 2002140 in_flight now 0 fair_inc 19670 prop_inc 21176 fast_inc 0 eta_inc 13112 multi_dec -67721 quick_dec -0 nack_dec -0
279.052 flowid 160 Spurious 274
280.048 flowid 160 Spurious 284
281.487 flowid 142 Spurious 339
286.891 flowid 142 Spurious 349
Flow Uec_170_42 flowId 128 uecSrc 127 finished at 288.796 total messages 1 total packets 490 RTS 0 total bytes 2002140 in_flight now 0 fair_inc 5179 prop_inc 40736 fast_inc 0 eta_inc 13708 multi_dec -103585 quick_dec -0 nack_dec -16600
Flow Uec_25_153 flowId 176 uecSrc 175 finished at 289.811 total messages 1 total packets 491 RTS 1 total bytes 2002140 in_flight now 0 fair_inc 13637 prop_inc 17814 fast_inc 0 eta_inc 12516 multi_dec -0 quick_dec -185143 nack_dec -4150
297.4 flowid 105 Spurious 18
Flow Uec_24_152 flowId 20 uecSrc 19 finished at 308.423 total messages 1 total packets 490 RTS 0 total bytes 2002140 in_flight now 0 fair_inc 9356 prop_inc 19508 fast_inc 0 eta_inc 10728 multi_dec -0 quick_dec -203695 nack_dec -24900
309.829 flowid 20 Spurious 461
Flow Uec_210_82 flowId 167 uecSrc 166 finished at 310.437 total messages 1 total packets 490 RTS 0 total bytes 2002140 in_flight now 0 fair_inc 4930 prop_inc 31006 fast_inc 0 eta_inc 14900 multi_dec -88556 quick_dec -0 nack_dec -37350
Flow Uec_23_151 flowId 162 uecSrc 161 finished at 314.691 total messages 1 total packets 490 RTS 0 total bytes 2002140 in_flight now 0 fair_inc 12034 prop_inc 9781 fast_inc 0 eta_inc 10728 multi_dec -0 quick_dec -207496 nack_dec -8300
Flow Uec_46_174 flowId 190 uecSrc 189 finished at 315.638 total messages 1 total packets 493 RTS 3 total bytes 2002140 in_flight now 0 fair_inc 9960 prop_inc 12435 fast_inc 0 eta_inc 12516 multi_dec -0 quick_dec -159376 nack_dec -8300
318.246 flowid 58 Spurious 481
Flow Uec_31_159 flowId 56 uecSrc 55 finished at 325.645 total messages 1 total packets 496 RTS 6 total bytes 2002140 in_flight now 0 fair_inc 9750 prop_inc 23951 fast_inc 0 eta_inc 14900 multi_dec -0 quick_dec -0 nack_dec -0
326.148 flowid 58 Spurious 485
327.068 flowid 127 Spurious 490
Flow Uec_138_10 flowId 122 uecSrc 121 finished at 327.907 total messages 1 total packets 491 RTS 1 total bytes 2002140 in_flight now 0 fair_inc 5005 prop_inc 27663 fast_inc 0 eta_inc 15496 multi_dec -96891 quick_dec -0 nack_dec -24900
Flow Uec_124_252 flowId 89 uecSrc 88 finished at 328.897 total messages 1 total packets 490 RTS 0 total bytes 2002140 in_flight now 0 fair_inc 9401 prop_inc 34493 fast_inc 0 eta_inc 15496 multi_dec -76058 quick_dec -0 nack_dec -58100
Flow Uec_90_218 flowId 182 uecSrc 181 finished at 329.04 total messages 1 total packets 490 RTS 0 total bytes 2002140 in_flight now 0 fair_inc 4691 prop_inc 24279 fast_inc 0 eta_inc 15496 multi_dec -62982 quick_dec -0 nack_dec -62250
Flow Uec_200_72 flowId 135 uecSrc 134 finished at 331.695 total messages 1 total packets 490 RTS 0 total bytes 2002140 in_flight now 0 fair_inc 4337 prop_inc 38888 fast_inc 0 eta_inc 16092 multi_dec -102696 quick_dec -0 nack_dec -45650
Flow Uec_33_161 flowId 6 uecSrc 5 finished at 332.11 total messages 1 total packets 491 RTS 1 total bytes 2002140 in_flight now 0 fair_inc 19520 prop_inc 10358 fast_inc 0 eta_inc 13112 multi_dec -27989 quick_dec -0 nack_dec -0
334.527 flowid 6 Spurious 472
Flow Uec_0_128 flowId 58 uecSrc 57 finished at 334.634 total messages 1 total packets 492 RTS 2 total bytes 2002140 in_flight now 0 fair_inc 13181 prop_inc 50934 fast_inc 0 eta_inc 13112 multi_dec -0 quick_dec -185228 nack_dec -12450
Flow Uec_79_207 flowId 9 uecSrc 8 finished at 335.068 total messages 1 total packets 490 RTS 0 total bytes 2002140 in_flight now 0 fair_inc 9288 prop_inc 38403 fast_inc 0 eta_inc 16092 multi_dec -102009 quick_dec -0 nack_dec -49800
337.852 flowid 6 Spurious 482
Flow Uec_122_250 flowId 120 uecSrc 119 finished at 338.02 total messages 1 total packets 490 RTS 0 total bytes 2002140 in_flight now 0 fair_inc 11485 prop_inc 29813 fast_inc 0 eta_inc 16092 multi_dec -115969 quick_dec -0 nack_dec -29050
338.19 flowid 6 Spurious 483
Flow Uec_209_81 flowId 66 uecSrc 65 finished at 338.732 total messages 1 total packets 490 RTS 0 total bytes 2002140 in_flight now 0 fair_inc 5269 prop_inc 41882 fast_inc 0 eta_inc 16092 multi_dec -103675 quick_dec -0 nack_dec -49800
Flow Uec_84_212 flowId 35 uecSrc 34 finished at 340.127 total messages 1 total packets 490 RTS 0 total bytes 2002140 in_flight now 0 fair_inc 5907 prop_inc 34601 fast_inc 0 eta_inc 15496 multi_dec -106459 quick_dec -0 nack_dec -41500
Flow Uec_143_15 flowId 26 uecSrc 25 finished at 341.338 total messages 1 total packets 490 RTS 0 total bytes 2002140 in_flight now 0 fair_inc 7977 prop_inc 36519 fast_inc 0 eta_inc 16092 multi_dec -97550 quick_dec -0 nack_dec -49800
Flow Uec_117_245 flowId 132 uecSrc 131 finished at 341.795 total messages 1 total packets 490 RTS 0 total bytes 2002140 in_flight now 0 fair_inc 4377 prop_inc 28734 fast_inc 0 eta_inc 16092 multi_dec -72781 quick_dec -0 nack_dec -62250
Flow Uec_126_254 flowId 80 uecSrc 79 finished at 343.305 total messages 1 total packets 490 RTS 0 total bytes 2002140 in_flight now 0 fair_inc 2535 prop_inc 45991 fast_inc 0 eta_inc 16688 multi_dec -118784 quick_dec -0 nack_dec -33200
Flow Uec_3_131 flowId 127 uecSrc 126 finished at 345.636 total messages 1 total packets 494 RTS 4 total bytes 2002140 in_flight now 0 fair_inc 14908 prop_inc 39745 fast_inc 0 eta_inc 14304 multi_dec -0 quick_dec -179753 nack_dec -8300
Flow Uec_238_110 flowId 103 uecSrc 102 finished at 346.296 total messages 1 total packets 490 RTS 0 total bytes 2002140 in_flight now 0 fair_inc 11040 prop_inc 76770 fast_inc 0 eta_inc 16092 multi_dec -76789 quick_dec -0 nack_dec -83000
Flow Uec_131_3 flowId 154 uecSrc 153 finished at 346.663 total messages 1 total packets 490 RTS 0 total bytes 2002140 in_flight now 0 fair_inc 7785 prop_inc 46193 fast_inc 0 eta_inc 15496 multi_dec -108077 quick_dec -0 nack_dec -41500
Flow Uec_74_202 flowId 179 uecSrc 178 finished at 347.886 total messages 1 total packets 490 RTS 0 total bytes 2002140 in_flight now 0 fair_inc 2500 prop_inc 37099 fast_inc 0 eta_inc 16092 multi_dec -91739 quick_dec -0 nack_dec -49800
Flow Uec_139_11 flowId 93 uecSrc 92 finished at 350.116 total messages 1 total packets 490 RTS 0 total bytes 2002140 in_flight now 0 fair_inc 2251 prop_inc 47615 fast_inc 0 eta_inc 14900 multi_dec -109670 quick_dec -0 nack_dec -41500
Flow Uec_219_91 flowId 125 uecSrc 124 finished at 352.175 total messages 1 total packets 490 RTS 0 total bytes 2002140 in_flight now 0 fair_inc 5550 prop_inc 58433 fast_inc 0 eta_inc 16688 multi_dec -96472 quick_dec -0 nack_dec -58100
Flow Uec_193_65 flowId 164 uecSrc 163 finished at 361.475 total messages 1 total packets 490 RTS 0 total bytes 2002140 in_flight now 0 fair_inc 7169 prop_inc 75997 fast_inc 12611 eta_inc 16688 multi_dec -113482 quick_dec -0 nack_dec -53950
Flow Uec_158_30 flowId 181 uecSrc 180 finished at 370.166 total messages 1 total packets 491 RTS 1 total bytes 2002140 in_flight now 0 fair_inc 6330 prop_inc 81236 fast_inc 5540 eta_inc 15496 multi_dec -112345 quick_dec -0 nack_dec -49800
Flow Uec_27_155 flowId 33 uecSrc 32 finished at 380.879 total messages 1 total packets 498 RTS 8 total bytes 2002140 in_flight now -64 fair_inc 25976 prop_inc 15235 fast_inc 0 eta_inc 17284 multi_dec -79524 quick_dec -0 nack_dec -12450
383.323 flowid 15 Spurious 482
383.655 flowid 15 Spurious 483
383.987 flowid 15 Spurious 484
384.324 flowid 15 Spurious 485
384.656 flowid 15 Spurious 486
384.993 flowid 15 Spurious 487
385.325 flowid 15 Spurious 488
385.657 flowid 15 Spurious 489
385.994 flowid 15 Spurious 490
386.155 flowid 15 Spurious 491
Flow Uec_129_1 flowId 61 uecSrc 60 finished at 390.703 total messages 1 total packets 490 RTS 0 total bytes 2002140 in_flight now 0 fair_inc 9276 prop_inc 22790 fast_inc 0 eta_inc 17880 multi_dec -21429 quick_dec -0 nack_dec -116200
Flow Uec_187_59 flowId 15 uecSrc 14 finished at 390.864 total messages 1 total packets 492 RTS 2 total bytes 2002140 in_flight now 0 fair_inc 4088 prop_inc 12983 fast_inc 0 eta_inc 12516 multi_dec -4814 quick_dec -0 nack_dec -8300
397.43 flowid 110 Spurious 467
Flow Uec_19_147 flowId 43 uecSrc 42 finished at 398.145 total messages 1 total packets 496 RTS 6 total bytes 2002140 in_flight now 0 fair_inc 8303 prop_inc 39517 fast_inc 0 eta_inc 15496 multi_dec -0 quick_dec -166379 nack_dec -16600
399.283 flowid 110 Spurious 473
399.615 flowid 110 Spurious 476
Flow Uec_38_166 flowId 97 uecSrc 96 finished at 400.048 total messages 1 total packets 494 RTS 4 total bytes 2002140 in_flight now -64 fair_inc 18253 prop_inc 65342 fast_inc 0 eta_inc 17284 multi_dec -158509 quick_dec -0 nack_dec -8300
Flow Uec_37_165 flowId 142 uecSrc 141 finished at 400.282 total messages 1 total packets 492 RTS 2 total bytes 2002140 in_flight now 0 fair_inc 19596 prop_inc 18166 fast_inc 0 eta_inc 14304 multi_dec -0 quick_dec -160381 nack_dec -12450
Flow Uec_35_163 flowId 158 uecSrc 157 finished at 400.604 total messages 1 total packets 493 RTS 3 total bytes 2002140 in_flight now 0 fair_inc 23231 prop_inc 63626 fast_inc 0 eta_inc 17880 multi_dec -180579 quick_dec -0 nack_dec -4150
Flow Uec_227_99 flowId 48 uecSrc 47 finished at 401.498 total messages 1 total packets 490 RTS 0 total bytes 2002140 in_flight now 0 fair_inc 12118 prop_inc 48368 fast_inc 0 eta_inc 19072 multi_dec -68009 quick_dec -0 nack_dec -107900
Flow Uec_240_112 flowId 113 uecSrc 112 finished at 401.667 total messages 1 total packets 490 RTS 0 total bytes 2002140 in_flight now 0 fair_inc 9898 prop_inc 54193 fast_inc 0 eta_inc 17880 multi_dec -85505 quick_dec -0 nack_dec -91300
406.736 flowid 110 Spurious 468
Flow Uec_135_7 flowId 50 uecSrc 49 finished at 408.885 total messages 1 total packets 491 RTS 1 total bytes 2002140 in_flight now 0 fair_inc 33765 prop_inc 55810 fast_inc 0 eta_inc 18476 multi_dec -128192 quick_dec -0 nack_dec -62250
412.941 flowid 105 Spurious 18
Flow Uec_2_130 flowId 147 uecSrc 146 finished at 414.051 total messages 1 total packets 494 RTS 4 total bytes 2002140 in_flight now 0 fair_inc 19749 prop_inc 43930 fast_inc 0 eta_inc 16688 multi_dec -0 quick_dec -151625 nack_dec -29050
Flow Uec_172_44 flowId 184 uecSrc 183 finished at 415.744 total messages 1 total packets 490 RTS 0 total bytes 2002140 in_flight now 0 fair_inc 20886 prop_inc 21977 fast_inc 0 eta_inc 19072 multi_dec -58980 quick_dec -0 nack_dec -99600
Flow Uec_199_71 flowId 14 uecSrc 13 finished at 418.537 total messages 1 total packets 490 RTS 0 total bytes 2002140 in_flight now 0 fair_inc 15733 prop_inc 18919 fast_inc 0 eta_inc 19668 multi_dec -96665 quick_dec -0 nack_dec -70550
Flow Uec_160_32 flowId 156 uecSrc 155 finished at 427.327 total messages 1 total packets 490 RTS 0 total bytes 2002140 in_flight now 0 fair_inc 15289 prop_inc 22137 fast_inc 0 eta_inc 19668 multi_dec -44934 quick_dec -0 nack_dec -112050
Flow Uec_92_220 flowId 44 uecSrc 43 finished at 432.082 total messages 1 total packets 490 RTS 0 total bytes 2002140 in_flight now 0 fair_inc 18499 prop_inc 23920 fast_inc 0 eta_inc 20860 multi_dec -44364 quick_dec -0 nack_dec -120350
Flow Uec_137_9 flowId 8 uecSrc 7 finished at 444.95 total messages 1 total packets 491 RTS 1 total bytes 2002140 in_flight now 0 fair_inc 24596 prop_inc 17607 fast_inc 0 eta_inc 20860 multi_dec -73799 quick_dec -0 nack_dec -99600
Flow Uec_8_136 flowId 191 uecSrc 190 finished at 445.017 total messages 1 total packets 495 RTS 5 total bytes 2002140 in_flight now 0 fair_inc 16605 prop_inc 91167 fast_inc 0 eta_inc 17284 multi_dec -178850 quick_dec -0 nack_dec -12450
Flow Uec_134_6 flowId 153 uecSrc 152 finished at 445.369 total messages 1 total packets 491 RTS 1 total bytes 2002140 in_flight now 0 fair_inc 31222 prop_inc 66103 fast_inc 0 eta_inc 19072 multi_dec -165040 quick_dec -0 nack_dec -53950
Flow Uec_118_246 flowId 175 uecSrc 174 finished at 446.366 total messages 1 total packets 490 RTS 0 total bytes 2002140 in_flight now 0 fair_inc 32716 prop_inc 17737 fast_inc 0 eta_inc 20860 multi_dec -24120 quick_dec -0 nack_dec -149400
Flow Uec_12_140 flowId 110 uecSrc 109 finished at 446.639 total messages 1 total packets 498 RTS 8 total bytes 2002140 in_flight now 0 fair_inc 13241 prop_inc 68151 fast_inc 0 eta_inc 17284 multi_dec -0 quick_dec -133467 nack_dec -24900
Flow Uec_47_175 flowId 77 uecSrc 76 finished at 447.784 total messages 1 total packets 494 RTS 4 total bytes 2002140 in_flight now 0 fair_inc 6357 prop_inc 38264 fast_inc 0 eta_inc 14304 multi_dec -0 quick_dec -182398 nack_dec -4150
Flow Uec_52_180 flowId 53 uecSrc 52 finished at 448.272 total messages 1 total packets 490 RTS 0 total bytes 2002140 in_flight now 0 fair_inc 30796 prop_inc 23020 fast_inc 0 eta_inc 20264 multi_dec -52414 quick_dec -0 nack_dec -141100
Flow Uec_166_38 flowId 171 uecSrc 170 finished at 448.889 total messages 1 total packets 492 RTS 2 total bytes 2002140 in_flight now 0 fair_inc 22025 prop_inc 49119 fast_inc 0 eta_inc 20264 multi_dec -101183 quick_dec -0 nack_dec -70550
Flow Uec_206_78 flowId 69 uecSrc 68 finished at 449.431 total messages 1 total packets 490 RTS 0 total bytes 2002140 in_flight now 0 fair_inc 9523 prop_inc 35553 fast_inc 0 eta_inc 20860 multi_dec -53101 quick_dec -0 nack_dec -112050
Flow Uec_144_16 flowId 124 uecSrc 123 finished at 449.597 total messages 1 total packets 490 RTS 0 total bytes 2002140 in_flight now 0 fair_inc 40412 prop_inc 59787 fast_inc 0 eta_inc 20264 multi_dec -125438 quick_dec -0 nack_dec -58100
Flow Uec_252_124 flowId 121 uecSrc 120 finished at 455.497 total messages 1 total packets 490 RTS 0 total bytes 2002140 in_flight now 0 fair_inc 13847 prop_inc 25030 fast_inc 0 eta_inc 21456 multi_dec -24982 quick_dec -0 nack_dec -145250
Flow Uec_87_215 flowId 13 uecSrc 12 finished at 455.609 total messages 1 total packets 490 RTS 0 total bytes 2002140 in_flight now 0 fair_inc 20677 prop_inc 33195 fast_inc 0 eta_inc 20860 multi_dec -63428 quick_dec -0 nack_dec -116200
Flow Uec_168_40 flowId 186 uecSrc 185 finished at 460.775 total messages 1 total packets 490 RTS 0 total bytes 2002140 in_flight now 0 fair_inc 25192 prop_inc 19092 fast_inc 0 eta_inc 20860 multi_dec -81960 quick_dec -0 nack_dec -103750
465.254 flowid 10 Spurious 486
465.923 flowid 10 Spurious 487
466.597 flowid 10 Spurious 488
467.261 flowid 10 Spurious 489
467.599 flowid 10 Spurious 490
467.931 flowid 10 Spurious 491
468.091 flowid 10 Spurious 492
Flow Uec_97_225 flowId 138 uecSrc 137 finished at 468.232 total messages 1 total packets 490 RTS 0 total bytes 2002140 in_flight now 0 fair_inc 24402 prop_inc 22638 fast_inc 0 eta_inc 22052 multi_dec -43958 quick_dec -0 nack_dec -145250
Flow Uec_5_133 flowId 150 uecSrc 149 finished at 469.269 total messages 1 total packets 495 RTS 5 total bytes 2002140 in_flight now -64 fair_inc 10291 prop_inc 54463 fast_inc 0 eta_inc 15496 multi_dec -0 quick_dec -170819 nack_dec -16600
Flow Uec_186_58 flowId 10 uecSrc 9 finished at 471.285 total messages 1 total packets 493 RTS 3 total bytes 2002140 in_flight now 0 fair_inc 10390 prop_inc 26721 fast_inc 0 eta_inc 15496 multi_dec -53425 quick_dec -0 nack_dec -37350
Flow Uec_28_156 flowId 116 uecSrc 115 finished at 473.327 total messages 1 total packets 496 RTS 6 total bytes 2002140 in_flight now 0 fair_inc 32498 prop_inc 16776 fast_inc 0 eta_inc 17880 multi_dec -112063 quick_dec -0 nack_dec -12450
Flow Uec_163_35 flowId 115 uecSrc 114 finished at 473.593 total messages 1 total packets 490 RTS 0 total bytes 2002140 in_flight now 0 fair_inc 15311 prop_inc 26815 fast_inc 0 eta_inc 21456 multi_dec -95054 quick_dec -0 nack_dec -87150
Flow Uec_173_45 flowId 51 uecSrc 50 finished at 475.032 total messages 1 total packets 490 RTS 0 total bytes 2002140 in_flight now 0 fair_inc 25396 prop_inc 14036 fast_inc 0 eta_inc 22648 multi_dec -26747 quick_dec -0 nack_dec -145250
Flow Uec_123_251 flowId 94 uecSrc 93 finished at 475.372 total messages 1 total packets 490 RTS 0 total bytes 2002140 in_flight now 0 fair_inc 39143 prop_inc 25960 fast_inc 0 eta_inc 22648 multi_dec -113301 quick_dec -0 nack_dec -78850
Flow Uec_212_84 flowId 4 uecSrc 3 finished at 480.712 total messages 1 total packets 490 RTS 0 total bytes 2002140 in_flight now 0 fair_inc 12904 prop_inc 17619 fast_inc 0 eta_inc 22648 multi_dec -56640 quick_dec -0 nack_dec -120350
Flow Uec_51_179 flowId 27 uecSrc 26 finished at 481.203 total messages 1 total packets 490 RTS 0 total bytes 2002140 in_flight now 0 fair_inc 33994 prop_inc 30643 fast_inc 0 eta_inc 22648 multi_dec -109666 quick_dec -0 nack_dec -95450
485.858 flowid 139 Spurious 357
Flow Uec_161_33 flowId 22 uecSrc 21 finished at 490.132 total messages 1 total packets 492 RTS 2 total bytes 2002140 in_flight now 0 fair_inc 34803 prop_inc 10029 fast_inc 0 eta_inc 22052 multi_dec -2003 quick_dec -0 nack_dec -153550
Flow Uec_245_117 flowId 192 uecSrc 191 finished at 491.055 total messages 1 total packets 490 RTS 0 total bytes 2002140 in_flight now 0 fair_inc 6298 prop_inc 60844 fast_inc 0 eta_inc 19668 multi_dec -139532 quick_dec -0 nack_dec -66400
Flow Uec_223_95 flowId 12 uecSrc 11 finished at 497.032 total messages 1 total packets 490 RTS 0 total bytes 2002140 in_flight now 0 fair_inc 12763 prop_inc 21518 fast_inc 0 eta_inc 23840 multi_dec -77160 quick_dec -0 nack_dec -107900
Flow Uec_55_183 flowId 107 uecSrc 106 finished at 499.077 total messages 1 total packets 490 RTS 0 total bytes 2002140 in_flight now 0 fair_inc 40278 prop_inc 33461 fast_inc 0 eta_inc 23244 multi_dec -117237 quick_dec -0 nack_dec -95450
Flow Uec_18_146 flowId 133 uecSrc 132 finished at 499.419 total messages 1 total packets 495 RTS 5 total bytes 2002140 in_flight now 0 fair_inc 21808 prop_inc 12979 fast_inc 0 eta_inc 19072 multi_dec -93566 quick_dec -85695 nack_dec -4150
Flow Uec_196_68 flowId 108 uecSrc 107 finished at 502.126 total messages 1 total packets 490 RTS 0 total bytes 2002140 in_flight now 0 fair_inc 25704 prop_inc 4210 fast_inc 0 eta_inc 23840 multi_dec -19678 quick_dec -0 nack_dec -149400
Flow Uec_159_31 flowId 5 uecSrc 4 finished at 505.192 total messages 1 total packets 493 RTS 3 total bytes 2002140 in_flight now 0 fair_inc 35491 prop_inc 5331 fast_inc 0 eta_inc 22648 multi_dec -31140 quick_dec -0 nack_dec -120350
Flow Uec_82_210 flowId 131 uecSrc 130 finished at 505.371 total messages 1 total packets 490 RTS 0 total bytes 2002140 in_flight now 0 fair_inc 22875 prop_inc 38231 fast_inc 0 eta_inc 23244 multi_dec -79933 quick_dec -0 nack_dec -103750
Flow Uec_162_34 flowId 119 uecSrc 118 finished at 513.368 total messages 1 total packets 490 RTS 0 total bytes 2002140 in_flight now 0 fair_inc 25680 prop_inc 13758 fast_inc 0 eta_inc 23840 multi_dec -69324 quick_dec -0 nack_dec -99600
Flow Uec_65_193 flowId 23 uecSrc 22 finished at 513.408 total messages 1 total packets 490 RTS 0 total bytes 2002140 in_flight now 0 fair_inc 11408 prop_inc 60051 fast_inc 0 eta_inc 23840 multi_dec -95666 quick_dec -0 nack_dec -103750
Flow Uec_9_137 flowId 146 uecSrc 145 finished at 514.798 total messages 1 total packets 494 RTS 4 total bytes 2002140 in_flight now 0 fair_inc 24951 prop_inc 24381 fast_inc 0 eta_inc 23244 multi_dec -123711 quick_dec -0 nack_dec -29050
Flow Uec_6_134 flowId 64 uecSrc 63 finished at 517.961 total messages 1 total packets 500 RTS 10 total bytes 2002140 in_flight now 0 fair_inc 15709 prop_inc 70237 fast_inc 0 eta_inc 20860 multi_dec -124696 quick_dec -72367 nack_dec -12450
Flow Uec_202_74 flowId 169 uecSrc 168 finished at 521.537 total messages 1 total packets 490 RTS 0 total bytes 2002140 in_flight now 0 fair_inc 13327 prop_inc 35009 fast_inc 20690 eta_inc 24436 multi_dec -111437 quick_dec -0 nack_dec -87150
Flow Uec_14_142 flowId 139 uecSrc 138 finished at 521.658 total messages 1 total packets 496 RTS 6 total bytes 2002140 in_flight now 0 fair_inc 20885 prop_inc 24816 fast_inc 0 eta_inc 23244 multi_dec -144463 quick_dec -0 nack_dec -12450
Flow Uec_83_211 flowId 104 uecSrc 103 finished at 522.943 total messages 1 total packets 490 RTS 0 total bytes 2002140 in_flight now 0 fair_inc 36598 prop_inc 40846 fast_inc 0 eta_inc 24436 multi_dec -138449 quick_dec -0 nack_dec -87150
Flow Uec_251_123 flowId 34 uecSrc 33 finished at 523.887 total messages 1 total packets 490 RTS 0 total bytes 2002140 in_flight now 0 fair_inc 22452 prop_inc 50088 fast_inc 0 eta_inc 20860 multi_dec -125960 quick_dec -0 nack_dec -78850
Flow Uec_183_55 flowId 90 uecSrc 89 finished at 525.059 total messages 1 total packets 490 RTS 0 total bytes 2002140 in_flight now 0 fair_inc 13058 prop_inc 87189 fast_inc 44937 eta_inc 23244 multi_dec -141293 quick_dec -0 nack_dec -83000
Flow Uec_63_191 flowId 63 uecSrc 62 finished at 525.084 total messages 1 total packets 490 RTS 0 total bytes 2002140 in_flight now 0 fair_inc 17412 prop_inc 56933 fast_inc 0 eta_inc 24436 multi_dec -104946 quick_dec -0 nack_dec -95450
Flow Uec_154_26 flowId 177 uecSrc 176 finished at 525.299 total messages 1 total packets 491 RTS 1 total bytes 2002140 in_flight now 0 fair_inc 18562 prop_inc 53924 fast_inc 0 eta_inc 20264 multi_dec -78652 quick_dec -0 nack_dec -91300
Flow Uec_125_253 flowId 84 uecSrc 83 finished at 525.869 total messages 1 total packets 490 RTS 0 total bytes 2002140 in_flight now 0 fair_inc 38172 prop_inc 59169 fast_inc 0 eta_inc 23244 multi_dec -148189 quick_dec -0 nack_dec -62250
Flow Uec_7_135 flowId 160 uecSrc 159 finished at 526.707 total messages 1 total packets 501 RTS 11 total bytes 2002140 in_flight now 0 fair_inc 6770 prop_inc 57998 fast_inc 0 eta_inc 20860 multi_dec -0 quick_dec -91889 nack_dec -24900
Flow Uec_156_28 flowId 87 uecSrc 86 finished at 527.488 total messages 1 total packets 491 RTS 1 total bytes 2002140 in_flight now 0 fair_inc 37808 prop_inc 9679 fast_inc 0 eta_inc 23840 multi_dec -55863 quick_dec -0 nack_dec -136950
Flow Uec_26_154 flowId 75 uecSrc 74 finished at 530.823 total messages 1 total packets 501 RTS 11 total bytes 2002140 in_flight now -64 fair_inc 22260 prop_inc 90880 fast_inc 0 eta_inc 23244 multi_dec -77640 quick_dec -0 nack_dec -29050
Flow Uec_66_194 flowId 78 uecSrc 77 finished at 532.025 total messages 1 total packets 490 RTS 0 total bytes 2002140 in_flight now 0 fair_inc 4974 prop_inc 52130 fast_inc 0 eta_inc 24436 multi_dec -57630 quick_dec -0 nack_dec -132800
Flow Uec_250_122 flowId 149 uecSrc 148 finished at 536.73 total messages 1 total packets 490 RTS 0 total bytes 2002140 in_flight now 0 fair_inc 18891 prop_inc 55681 fast_inc 0 eta_inc 24436 multi_dec -86923 quick_dec -0 nack_dec -112050
Flow Uec_246_118 flowId 101 uecSrc 100 finished at 540.823 total messages 1 total packets 490 RTS 0 total bytes 2002140 in_flight now 0 fair_inc 9521 prop_inc 75654 fast_inc 0 eta_inc 21456 multi_dec -180056 quick_dec -0 nack_dec -33200
Flow Uec_169_41 flowId 118 uecSrc 117 finished at 541.214 total messages 1 total packets 490 RTS 0 total bytes 2002140 in_flight now 0 fair_inc 19761 prop_inc 31237 fast_inc 0 eta_inc 25032 multi_dec -41668 quick_dec -0 nack_dec -157700
Flow Uec_204_76 flowId 76 uecSrc 75 finished at 547.081 total messages 1 total packets 490 RTS 0 total bytes 2002140 in_flight now 0 fair_inc 34949 prop_inc 9303 fast_inc 0 eta_inc 23840 multi_dec -33187 quick_dec -0 nack_dec -149400
Flow Uec_36_164 flowId 65 uecSrc 64 finished at 549.412 total messages 1 total packets 494 RTS 4 total bytes 2002140 in_flight now 0 fair_inc 15941 prop_inc 108930 fast_inc 34347 eta_inc 17284 multi_dec -138355 quick_dec -39485 nack_dec -8300
Flow Uec_225_97 flowId 25 uecSrc 24 finished at 556.974 total messages 1 total packets 490 RTS 0 total bytes 2002140 in_flight now 0 fair_inc 27725 prop_inc 86161 fast_inc 0 eta_inc 24436 multi_dec -95298 quick_dec -0 nack_dec -132800
Flow Uec_164_36 flowId 83 uecSrc 82 finished at 559.608 total messages 1 total packets 491 RTS 1 total bytes 2002140 in_flight now 0 fair_inc 32068 prop_inc 101358 fast_inc 5540 eta_inc 20860 multi_dec -142233 quick_dec -0 nack_dec -87150
Flow Uec_68_196 flowId 38 uecSrc 37 finished at 560.247 total messages 1 total packets 490 RTS 0 total bytes 2002140 in_flight now 0 fair_inc 22342 prop_inc 78354 fast_inc 18673 eta_inc 23244 multi_dec -147899 quick_dec -0 nack_dec -74700
Flow Uec_213_85 flowId 166 uecSrc 165 finished at 560.905 total messages 1 total packets 490 RTS 0 total bytes 2002140 in_flight now 0 fair_inc 28176 prop_inc 15145 fast_inc 0 eta_inc 26224 multi_dec -21441 quick_dec -0 nack_dec -157700
Flow Uec_10_138 flowId 16 uecSrc 15 finished at 565.734 total messages 1 total packets 499 RTS 9 total bytes 2002140 in_flight now -64 fair_inc 17733 prop_inc 36161 fast_inc 54024 eta_inc 26224 multi_dec -84099 quick_dec -0 nack_dec -4150
569.977 flowid 105 Spurious 21
Flow Uec_111_239 flowId 126 uecSrc 125 finished at 571.722 total messages 1 total packets 490 RTS 0 total bytes 2002140 in_flight now 0 fair_inc 36196 prop_inc 2499 fast_inc 0 eta_inc 26224 multi_dec -67012 quick_dec -0 nack_dec -128650
Flow Uec_146_18 flowId 117 uecSrc 116 finished at 582.396 total messages 1 total packets 491 RTS 1 total bytes 2002140 in_flight now 0 fair_inc 33227 prop_inc 43421 fast_inc 0 eta_inc 25628 multi_dec -87818 quick_dec -0 nack_dec -116200
587.527 flowid 98 Spurious 485
587.859 flowid 98 Spurious 486
591.877 flowid 98 Spurious 487
592.209 flowid 98 Spurious 488
Flow Uec_171_43 flowId 140 uecSrc 139 finished at 592.274 total messages 1 total packets 490 RTS 0 total bytes 2002140 in_flight now 0 fair_inc 17533 prop_inc 43676 fast_inc 50509 eta_inc 25628 multi_dec -1002 quick_dec -18038 nack_dec -178450
592.541 flowid 98 Spurious 489
592.873 flowid 98 Spurious 490
593.205 flowid 98 Spurious 491
593.537 flowid 98 Spurious 492
593.698 flowid 98 Spurious 493
Flow Uec_182_54 flowId 96 uecSrc 95 finished at 593.833 total messages 1 total packets 490 RTS 0 total bytes 2002140 in_flight now 0 fair_inc 37684 prop_inc 17548 fast_inc 0 eta_inc 25628 multi_dec -44649 quick_dec -0 nack_dec -157700
Flow Uec_130_2 flowId 2 uecSrc 1 finished at 593.89 total messages 1 total packets 491 RTS 1 total bytes 2002140 in_flight now 0 fair_inc 38597 prop_inc 110622 fast_inc 0 eta_inc 24436 multi_dec -121639 quick_dec -0 nack_dec -120350
Flow Uec_189_61 flowId 98 uecSrc 97 finished at 594.18 total messages 1 total packets 494 RTS 4 total bytes 2002140 in_flight now 0 fair_inc 9219 prop_inc 63709 fast_inc 0 eta_inc 18476 multi_dec -0 quick_dec -0 nack_dec -58100
Flow Uec_185_57 flowId 99 uecSrc 98 finished at 595.084 total messages 1 total packets 490 RTS 0 total bytes 2002140 in_flight now 0 fair_inc 52209 prop_inc 7783 fast_inc 0 eta_inc 25032 multi_dec -102963 quick_dec -0 nack_dec -128650
Flow Uec_30_158 flowId 155 uecSrc 154 finished at 596.803 total messages 1 total packets 496 RTS 6 total bytes 2002140 in_flight now 0 fair_inc 24479 prop_inc 75383 fast_inc 130809 eta_inc 23244 multi_dec -109476 quick_dec -37111 nack_dec -4150
Flow Uec_211_83 flowId 24 uecSrc 23 finished at 596.902 total messages 1 total packets 490 RTS 0 total bytes 2002140 in_flight now 0 fair_inc 43683 prop_inc 23126 fast_inc 0 eta_inc 26224 multi_dec -78214 quick_dec -0 nack_dec -153550
Flow Uec_141_13 flowId 70 uecSrc 69 finished at 597.11 total messages 1 total packets 493 RTS 3 total bytes 2002140 in_flight now 0 fair_inc 44288 prop_inc 98376 fast_inc 0 eta_inc 24436 multi_dec -163446 quick_dec -0 nack_dec -62250
Flow Uec_145_17 flowId 144 uecSrc 143 finished at 598.89 total messages 1 total packets 491 RTS 1 total bytes 2002140 in_flight now 0 fair_inc 13524 prop_inc 52469 fast_inc 0 eta_inc 26224 multi_dec -65096 quick_dec -0 nack_dec -128650
608.904 flowid 54 Spurious 487
611.56 flowid 54 Spurious 488
612.224 flowid 54 Spurious 489
612.384 flowid 54 Spurious 490
Flow Uec_149_21 flowId 45 uecSrc 44 finished at 614.611 total messages 1 total packets 490 RTS 0 total bytes 2002140 in_flight now 0 fair_inc 18270 prop_inc 72944 fast_inc 0 eta_inc 27416 multi_dec -99309 quick_dec -0 nack_dec -120350
Flow Uec_190_62 flowId 54 uecSrc 53 finished at 617.41 total messages 1 total packets 491 RTS 1 total bytes 2002140 in_flight now 0 fair_inc 14775 prop_inc 1831 fast_inc 0 eta_inc 20860 multi_dec -2425 quick_dec -0 nack_dec -29050
Flow Uec_237_109 flowId 129 uecSrc 128 finished at 622.284 total messages 1 total packets 490 RTS 0 total bytes 2002140 in_flight now 0 fair_inc 13350 prop_inc 18089 fast_inc 0 eta_inc 27416 multi_dec -63685 quick_dec -0 nack_dec -120350
Flow Uec_153_25 flowId 100 uecSrc 99 finished at 624.61 total messages 1 total packets 492 RTS 2 total bytes 2002140 in_flight now 0 fair_inc 23519 prop_inc 41875 fast_inc 0 eta_inc 21456 multi_dec -58459 quick_dec -0 nack_dec -124500
Flow Uec_115_243 flowId 46 uecSrc 45 finished at 626.326 total messages 1 total packets 490 RTS 0 total bytes 2002140 in_flight now 0 fair_inc 30374 prop_inc 13542 fast_inc 0 eta_inc 28608 multi_dec -64931 quick_dec -0 nack_dec -145250
Flow Uec_147_19 flowId 79 uecSrc 78 finished at 626.746 total messages 1 total packets 490 RTS 0 total bytes 2002140 in_flight now 0 fair_inc 26637 prop_inc 37050 fast_inc 0 eta_inc 24436 multi_dec -71727 quick_dec -0 nack_dec -136950
Flow Uec_192_64 flowId 81 uecSrc 80 finished at 637.077 total messages 1 total packets 490 RTS 0 total bytes 2002140 in_flight now 0 fair_inc 37838 prop_inc 17872 fast_inc 0 eta_inc 28012 multi_dec -98348 quick_dec -0 nack_dec -132800
Flow Uec_208_80 flowId 55 uecSrc 54 finished at 637.368 total messages 1 total packets 490 RTS 0 total bytes 2002140 in_flight now 0 fair_inc 48850 prop_inc 3166 fast_inc 0 eta_inc 28608 multi_dec -83914 quick_dec -0 nack_dec -149400
Flow Uec_195_67 flowId 88 uecSrc 87 finished at 643.545 total messages 1 total packets 490 RTS 0 total bytes 2002140 in_flight now 0 fair_inc 23282 prop_inc 18192 fast_inc 0 eta_inc 29204 multi_dec -67407 quick_dec -0 nack_dec -145250
Flow Uec_218_90 flowId 189 uecSrc 188 finished at 647.388 total messages 1 total packets 490 RTS 0 total bytes 2002140 in_flight now 0 fair_inc 34369 prop_inc 55699 fast_inc 0 eta_inc 23244 multi_dec -107315 quick_dec -0 nack_dec -107900
Flow Uec_205_77 flowId 148 uecSrc 147 finished at 652.66 total messages 1 total packets 490 RTS 0 total bytes 2002140 in_flight now 0 fair_inc 39774 prop_inc 59841 fast_inc 0 eta_inc 28012 multi_dec -93234 quick_dec -0 nack_dec -128650
Flow Uec_235_107 flowId 57 uecSrc 56 finished at 653.847 total messages 1 total packets 490 RTS 0 total bytes 2002140 in_flight now 0 fair_inc 22578 prop_inc 24098 fast_inc 0 eta_inc 30396 multi_dec -89129 quick_dec -0 nack_dec -112050
Flow Uec_226_98 flowId 92 uecSrc 91 finished at 660.773 total messages 1 total packets 490 RTS 0 total bytes 2002140 in_flight now 0 fair_inc 41654 prop_inc 21183 fast_inc 0 eta_inc 30396 multi_dec -68052 quick_dec -0 nack_dec -166000
Flow Uec_242_114 flowId 30 uecSrc 29 finished at 676.834 total messages 1 total packets 490 RTS 0 total bytes 2002140 in_flight now 0 fair_inc 68584 prop_inc 91837 fast_inc 0 eta_inc 24436 multi_dec -167463 quick_dec -18059 nack_dec -103750
Flow Uec_155_27 flowId 141 uecSrc 140 finished at 683.923 total messages 1 total packets 492 RTS 2 total bytes 2002140 in_flight now 0 fair_inc 45737 prop_inc 41931 fast_inc 45459 eta_inc 28012 multi_dec -154248 quick_dec --2114 nack_dec -91300
Flow Uec_221_93 flowId 161 uecSrc 160 finished at 684.736 total messages 1 total packets 490 RTS 0 total bytes 2002140 in_flight now 0 fair_inc 40641 prop_inc 69880 fast_inc 0 eta_inc 30396 multi_dec -122281 quick_dec -0 nack_dec -120350
Flow Uec_244_116 flowId 7 uecSrc 6 finished at 685.3 total messages 1 total packets 490 RTS 0 total bytes 2002140 in_flight now 0 fair_inc 58412 prop_inc 94136 fast_inc 0 eta_inc 25032 multi_dec -178496 quick_dec -20611 nack_dec -95450
Flow Uec_203_75 flowId 41 uecSrc 40 finished at 689.063 total messages 1 total packets 490 RTS 0 total bytes 2002140 in_flight now 0 fair_inc 31798 prop_inc 79356 fast_inc 0 eta_inc 28608 multi_dec -135195 quick_dec -0 nack_dec -99600
Flow Uec_148_20 flowId 188 uecSrc 187 finished at 689.242 total messages 1 total packets 490 RTS 0 total bytes 2002140 in_flight now 0 fair_inc 17828 prop_inc 64301 fast_inc 182330 eta_inc 25628 multi_dec -147705 quick_dec -899 nack_dec -99600
Flow Uec_181_53 flowId 136 uecSrc 135 finished at 692.28 total messages 1 total packets 490 RTS 0 total bytes 2002140 in_flight now 0 fair_inc 33444 prop_inc 34501 fast_inc 80288 eta_inc 29800 multi_dec -20480 quick_dec -15534 nack_dec -178450
Flow Uec_152_24 flowId 52 uecSrc 51 finished at 692.666 total messages 1 total packets 490 RTS 0 total bytes 2002140 in_flight now 0 fair_inc 20537 prop_inc 45971 fast_inc 109103 eta_inc 28012 multi_dec -116644 quick_dec -0 nack_dec -112050
Flow Uec_157_29 flowId 86 uecSrc 85 finished at 696.102 total messages 1 total packets 491 RTS 1 total bytes 2002140 in_flight now 0 fair_inc 20920 prop_inc 56261 fast_inc 40409 eta_inc 26224 multi_dec -135008 quick_dec -4535 nack_dec -99600
697.268 flowid 105 Spurious 25
Flow Uec_80_208 flowId 106 uecSrc 105 finished at 699.623 total messages 1 total packets 490 RTS 0 total bytes 2002140 in_flight now 0 fair_inc 59586 prop_inc 1877 fast_inc 0 eta_inc 30396 multi_dec -104108 quick_dec -0 nack_dec -153550
Flow Uec_165_37 flowId 42 uecSrc 41 finished at 720.685 total messages 1 total packets 491 RTS 1 total bytes 2002140 in_flight now 0 fair_inc 37749 prop_inc 29917 fast_inc 276807 eta_inc 29204 multi_dec -177932 quick_dec -1077 nack_dec -91300
Flow Uec_217_89 flowId 143 uecSrc 142 finished at 737.496 total messages 1 total packets 490 RTS 0 total bytes 2002140 in_flight now 0 fair_inc 54125 prop_inc 14644 fast_inc 0 eta_inc 32184 multi_dec -61581 quick_dec -0 nack_dec -178450
Flow Uec_140_12 flowId 165 uecSrc 164 finished at 740.096 total messages 1 total packets 492 RTS 2 total bytes 2002140 in_flight now 0 fair_inc 47479 prop_inc 115269 fast_inc 0 eta_inc 29204 multi_dec -148352 quick_dec -4206 nack_dec -103750
Flow Uec_93_221 flowId 21 uecSrc 20 finished at 773.929 total messages 1 total packets 490 RTS 0 total bytes 2002140 in_flight now 0 fair_inc 51028 prop_inc 5811 fast_inc 0 eta_inc 32184 multi_dec -105493 quick_dec -0 nack_dec -166000
Flow Uec_99_227 flowId 168 uecSrc 167 finished at 776.611 total messages 1 total packets 490 RTS 0 total bytes 2002140 in_flight now 0 fair_inc 49051 prop_inc 35478 fast_inc 0 eta_inc 32780 multi_dec -82284 quick_dec -0 nack_dec -153550
Flow Uec_75_203 flowId 59 uecSrc 58 finished at 776.746 total messages 1 total packets 490 RTS 0 total bytes 2002140 in_flight now 0 fair_inc 55538 prop_inc 5168 fast_inc 0 eta_inc 28608 multi_dec -108312 quick_dec -0 nack_dec -149400
Flow Uec_178_50 flowId 91 uecSrc 90 finished at 777.947 total messages 1 total packets 490 RTS 0 total bytes 2002140 in_flight now 0 fair_inc 63164 prop_inc 24041 fast_inc 0 eta_inc 26224 multi_dec -52811 quick_dec -0 nack_dec -186750
Flow Uec_77_205 flowId 114 uecSrc 113 finished at 782.219 total messages 1 total packets 490 RTS 0 total bytes 2002140 in_flight now 0 fair_inc 60618 prop_inc 5291 fast_inc 0 eta_inc 32780 multi_dec -49955 quick_dec -20531 nack_dec -174300
Flow Uec_95_223 flowId 183 uecSrc 182 finished at 782.487 total messages 1 total packets 490 RTS 0 total bytes 2002140 in_flight now 0 fair_inc 48519 prop_inc 8881 fast_inc 0 eta_inc 32184 multi_dec -105374 quick_dec -0 nack_dec -124500
Flow Uec_91_219 flowId 39 uecSrc 38 finished at 786.364 total messages 1 total packets 490 RTS 0 total bytes 2002140 in_flight now 0 fair_inc 37599 prop_inc 11655 fast_inc 0 eta_inc 28608 multi_dec -100614 quick_dec -0 nack_dec -124500
Flow Uec_230_102 flowId 152 uecSrc 151 finished at 795.742 total messages 1 total packets 490 RTS 0 total bytes 2002140 in_flight now 0 fair_inc 34952 prop_inc 98003 fast_inc 0 eta_inc 32184 multi_dec -86806 quick_dec -0 nack_dec -166000
Flow Uec_220_92 flowId 123 uecSrc 122 finished at 799.58 total messages 1 total packets 490 RTS 0 total bytes 2002140 in_flight now 0 fair_inc 28007 prop_inc 35354 fast_inc 0 eta_inc 33376 multi_dec -92164 quick_dec -0 nack_dec -145250
811.868 flowid 105 Spurious 25
816.681 flowid 47 Spurious 302
Flow Uec_70_198 flowId 185 uecSrc 184 finished at 819.832 total messages 1 total packets 490 RTS 0 total bytes 2002140 in_flight now 0 fair_inc 46152 prop_inc 21827 fast_inc 0 eta_inc 25032 multi_dec -38509 quick_dec -16947 nack_dec -178450
Flow Uec_214_86 flowId 32 uecSrc 31 finished at 826.367 total messages 1 total packets 490 RTS 0 total bytes 2002140 in_flight now 0 fair_inc 22777 prop_inc 49662 fast_inc 0 eta_inc 36356 multi_dec -97231 quick_dec -0 nack_dec -136950
Flow Uec_94_222 flowId 18 uecSrc 17 finished at 829.193 total messages 1 total packets 490 RTS 0 total bytes 2002140 in_flight now 0 fair_inc 65674 prop_inc 25066 fast_inc 0 eta_inc 34568 multi_dec -129603 quick_dec -0 nack_dec -149400
Flow Uec_102_230 flowId 28 uecSrc 27 finished at 832.464 total messages 1 total packets 490 RTS 0 total bytes 2002140 in_flight now 0 fair_inc 52883 prop_inc 46477 fast_inc 0 eta_inc 33376 multi_dec -103095 quick_dec -0 nack_dec -149400
Flow Uec_98_226 flowId 170 uecSrc 169 finished at 835.612 total messages 1 total packets 490 RTS 0 total bytes 2002140 in_flight now 0 fair_inc 47175 prop_inc 48454 fast_inc 0 eta_inc 26224 multi_dec -34045 quick_dec -76616 nack_dec -145250
Flow Uec_73_201 flowId 49 uecSrc 48 finished at 835.994 total messages 1 total packets 490 RTS 0 total bytes 2002140 in_flight now 0 fair_inc 55471 prop_inc 30583 fast_inc 0 eta_inc 36952 multi_dec -107202 quick_dec -0 nack_dec -153550
Flow Uec_215_87 flowId 40 uecSrc 39 finished at 841.77 total messages 1 total packets 490 RTS 0 total bytes 2002140 in_flight now 0 fair_inc 34626 prop_inc 58558 fast_inc 0 eta_inc 33972 multi_dec -95979 quick_dec -0 nack_dec -149400
Flow Uec_11_139 flowId 180 uecSrc 179 finished at 864.315 total messages 1 total packets 504 RTS 14 total bytes 2002140 in_flight now -256 fair_inc 15591 prop_inc 141324 fast_inc 0 eta_inc 32184 multi_dec -0 quick_dec -81647 nack_dec -12450
Flow Uec_71_199 flowId 163 uecSrc 162 finished at 872.413 total messages 1 total packets 490 RTS 0 total bytes 2002140 in_flight now 0 fair_inc 65268 prop_inc 18420 fast_inc 147981 eta_inc 33972 multi_dec -137818 quick_dec -122 nack_dec -141100
Flow Uec_4_132 flowId 85 uecSrc 84 finished at 894.682 total messages 1 total packets 506 RTS 16 total bytes 2002140 in_flight now -128 fair_inc 24900 prop_inc 139522 fast_inc 0 eta_inc 34568 multi_dec -143991 quick_dec -14986 nack_dec -8300
926.468 flowid 105 Spurious 25
Flow Uec_179_51 flowId 112 uecSrc 111 finished at 946.447 total messages 1 total packets 490 RTS 0 total bytes 2002140 in_flight now 0 fair_inc 60822 prop_inc 28904 fast_inc 0 eta_inc 32184 multi_dec -55804 quick_dec -18809 nack_dec -174300
Flow Uec_180_52 flowId 137 uecSrc 136 finished at 988.772 total messages 1 total packets 490 RTS 0 total bytes 2002140 in_flight now 0 fair_inc 32463 prop_inc 52562 fast_inc 0 eta_inc 29800 multi_dec -54100 quick_dec -112040 nack_dec -128650
Flow Uec_191_63 flowId 151 uecSrc 150 finished at 1002.12 total messages 1 total packets 490 RTS 0 total bytes 2002140 in_flight now 0 fair_inc 36665 prop_inc 60271 fast_inc 0 eta_inc 35760 multi_dec -103505 quick_dec --360 nack_dec -149400
1067.45 flowid 105 Spurious 30
1182.05 flowid 105 Spurious 30
1336.04 flowid 105 Spurious 52
1450.64 flowid 105 Spurious 52
Flow Uec_13_141 flowId 47 uecSrc 46 finished at 1609.73 total messages 1 total packets 512 RTS 22 total bytes 2002140 in_flight now -256 fair_inc 26591 prop_inc 179786 fast_inc 0 eta_inc 52448 multi_dec -138778 quick_dec --8300 nack_dec -4150
1809.52 flowid 105 Spurious 487
1809.85 flowid 105 Spurious 488
1810.19 flowid 105 Spurious 489
1810.35 flowid 105 Spurious 490
Flow Uec_188_60 flowId 105 uecSrc 104 finished at 1815.21 total messages 1 total packets 491 RTS 1 total bytes 2002140 in_flight now 0 fair_inc 0 prop_inc 142325 fast_inc 0 eta_inc 13708 multi_dec -0 quick_dec -148555 nack_dec -41500
2377.37 flowid 172 Spurious 82
2962.17 flowid 1 Spurious 81
5239.26 flowid 31 Spurious 130
9676.68 flowid 172 Spurious 308
12568.2 flowid 36 Spurious 262
12772.7 flowid 172 Spurious 377
15564 flowid 172 Spurious 450
15575.6 flowid 172 Spurious 452
16095.6 flowid 172 Spurious 477
17183.8 flowid 31 Spurious 374
17525.4 flowid 172 Spurious 557
17525.7 flowid 172 Spurious 558
Flow Uec_62_190 flowId 172 uecSrc 171 finished at 17652.7 total messages 1 total packets 564 RTS 74 total bytes 2002140 in_flight now -2240 fair_inc 995 prop_inc 557107 fast_inc 4040 eta_inc 171648 multi_dec -0 quick_dec -142582 nack_dec -45650
18181.5 flowid 1 Spurious 374
18797.3 flowid 1 Spurious 402
18798.3 flowid 1 Spurious 401
22794.2 flowid 31 Spurious 514
Flow Uec_56_184 flowId 31 uecSrc 30 finished at 24460.1 total messages 1 total packets 558 RTS 68 total bytes 2002140 in_flight now -2560 fair_inc 0 prop_inc 688757 fast_inc 8081 eta_inc 157344 multi_dec -0 quick_dec -127135 nack_dec -20750
Flow Uec_61_189 flowId 36 uecSrc 35 finished at 26237.4 total messages 1 total packets 585 RTS 95 total bytes 2002140 in_flight now -2880 fair_inc 12180 prop_inc 747049 fast_inc 0 eta_inc 214560 multi_dec -0 quick_dec -159678 nack_dec -37350
26251.8 flowid 1 Spurious 567
Flow Uec_58_186 flowId 1 uecSrc 0 finished at 27082.4 total messages 1 total packets 585 RTS 95 total bytes 2002140 in_flight now -3072 fair_inc 0 prop_inc 830746 fast_inc 0 eta_inc 204428 multi_dec -0 quick_dec --8300 nack_dec -20750
.Done
New: 94080 Rtx: 6993 RTS: 569 Bounced: 0 ACKs: 70848 NACKs: 3446 Pulls: 0 sleek_pkts: 0
