traffic matrix input file: connection_matrices/load_sweep/load0.65_n256_seed4.cm
Load balancing algorithm set to reps
no_of_nodes 256
Dragonfly+ strategy: FPAR
Setting queuesize to 50 packets
endtime(us) 100000
random seed 4
Packet size (MTU) is 4150
Parsed args
Logging to reps_dfp_results/reps_final_sweep/load0.65_reps_seed4.dat
Loading connection matrix from connection_matrices/load_sweep/load0.65_n256_seed4.cm
Nodes: 256 Connections: 166 Triggers: 0 Failures: 0
Setting ECN low 33200 high 120350
Dragonfly+ with medium topology type
Link latencies: 1 and switch latencies: 0
queue_id 2 ecn_low 33200 ecn_high 120350
DragonFly+ constructor done, 392 nodes created
Note: topology supports 392 hosts; 136 host port(s) will be unused.
network_max_unloaded_rtt 11.6856 us
Setting min RTO to 114.6
Per-hop RTT normalization: ON (strategy fpar)
Initializing static NSCC parameters: _reference_network_linkspeed=100000000000 _reference_network_rtt=12000000 _reference_network_bdp=150000 _target_Qdelay=8764200 _network_linkspeed=100000000000 _network_rtt=11685600 _network_bdp=146070 _qa_gate=2^3 _qa_threshold=3.50568e+07 _scaling_factor_a=0.9738 _scaling_factor_b=0.73035 _alpha=0.00132632 _fi=19894.7 _eta=596.842 _qa_scaling=1 _gamma=0.8 _fi_scale=0.24345 _delay_alpha=0.0125 _adjust_period_threshold=11685600 _adjust_bytes_threshold=33200
Initialize per-instance NSCC parameters: flowid 1 _base_rtt=11685600 _base_bdp=146070 _bdp=146070 _min_cwnd=4150 _maxwnd=219105 _cwnd=219105
Initialize per-instance NSCC parameters: flowid 2 _base_rtt=11685600 _base_bdp=146070 _bdp=146070 _min_cwnd=4150 _maxwnd=219105 _cwnd=219105
Initialize per-instance NSCC parameters: flowid 3 _base_rtt=11685600 _base_bdp=146070 _bdp=146070 _min_cwnd=4150 _maxwnd=219105 _cwnd=219105
Initialize per-instance NSCC parameters: flowid 4 _base_rtt=11685600 _base_bdp=146070 _bdp=146070 _min_cwnd=4150 _maxwnd=219105 _cwnd=219105
Initialize per-instance NSCC parameters: flowid 5 _base_rtt=11685600 _base_bdp=146070 _bdp=146070 _min_cwnd=4150 _maxwnd=219105 _cwnd=219105
Initialize per-instance NSCC parameters: flowid 6 _base_rtt=11685600 _base_bdp=146070 _bdp=146070 _min_cwnd=4150 _maxwnd=219105 _cwnd=219105
Initialize per-instance NSCC parameters: flowid 7 _base_rtt=11685600 _base_bdp=146070 _bdp=146070 _min_cwnd=4150 _maxwnd=219105 _cwnd=219105
Initialize per-instance NSCC parameters: flowid 8 _base_rtt=11685600 _base_bdp=146070 _bdp=146070 _min_cwnd=4150 _maxwnd=219105 _cwnd=219105
Initialize per-instance NSCC parameters: flowid 9 _base_rtt=11685600 _base_bdp=146070 _bdp=146070 _min_cwnd=4150 _maxwnd=219105 _cwnd=219105
Initialize per-instance NSCC parameters: flowid 10 _base_rtt=11685600 _base_bdp=146070 _bdp=146070 _min_cwnd=4150 _maxwnd=219105 _cwnd=219105
Initialize per-instance NSCC parameters: flowid 11 _base_rtt=11685600 _base_bdp=146070 _bdp=146070 _min_cwnd=4150 _maxwnd=219105 _cwnd=219105
Initialize per-instance NSCC parameters: flowid 12 _base_rtt=11685600 _base_bdp=146070 _bdp=146070 _min_cwnd=4150 _maxwnd=219105 _cwnd=219105
Initialize per-instance NSCC parameters: flowid 13 _base_rtt=11685600 _base_bdp=146070 _bdp=146070 _min_cwnd=4150 _maxwnd=219105 _cwnd=219105
Initialize per-instance NSCC parameters: flowid 14 _base_rtt=11685600 _base_bdp=146070 _bdp=146070 _min_cwnd=4150 _maxwnd=219105 _cwnd=219105
Initialize per-instance NSCC parameters: flowid 15 _base_rtt=11685600 _base_bdp=146070 _bdp=146070 _min_cwnd=4150 _maxwnd=219105 _cwnd=219105
Initialize per-instance NSCC parameters: flowid 16 _base_rtt=11685600 _base_bdp=146070 _bdp=146070 _min_cwnd=4150 _maxwnd=219105 _cwnd=219105
Initialize per-instance NSCC parameters: flowid 17 _base_rtt=11685600 _base_bdp=146070 _bdp=146070 _min_cwnd=4150 _maxwnd=219105 _cwnd=219105
Initialize per-instance NSCC parameters: flowid 18 _base_rtt=11685600 _base_bdp=146070 _bdp=146070 _min_cwnd=4150 _maxwnd=219105 _cwnd=219105
Initialize per-instance NSCC parameters: flowid 19 _base_rtt=11685600 _base_bdp=146070 _bdp=146070 _min_cwnd=4150 _maxwnd=219105 _cwnd=219105
Initialize per-instance NSCC parameters: flowid 20 _base_rtt=11685600 _base_bdp=146070 _bdp=146070 _min_cwnd=4150 _maxwnd=219105 _cwnd=219105
Initialize per-instance NSCC parameters: flowid 21 _base_rtt=11685600 _base_bdp=146070 _bdp=146070 _min_cwnd=4150 _maxwnd=219105 _cwnd=219105
Initialize per-instance NSCC parameters: flowid 22 _base_rtt=11685600 _base_bdp=146070 _bdp=146070 _min_cwnd=4150 _maxwnd=219105 _cwnd=219105
Initialize per-instance NSCC parameters: flowid 23 _base_rtt=11685600 _base_bdp=146070 _bdp=146070 _min_cwnd=4150 _maxwnd=219105 _cwnd=219105
Initialize per-instance NSCC parameters: flowid 24 _base_rtt=11685600 _base_bdp=146070 _bdp=146070 _min_cwnd=4150 _maxwnd=219105 _cwnd=219105
Initialize per-instance NSCC parameters: flowid 25 _base_rtt=11685600 _base_bdp=146070 _bdp=146070 _min_cwnd=4150 _maxwnd=219105 _cwnd=219105
Initialize per-instance NSCC parameters: flowid 26 _base_rtt=11685600 _base_bdp=146070 _bdp=146070 _min_cwnd=4150 _maxwnd=219105 _cwnd=219105
Initialize per-instance NSCC parameters: flowid 27 _base_rtt=11685600 _base_bdp=146070 _bdp=146070 _min_cwnd=4150 _maxwnd=219105 _cwnd=219105
Initialize per-instance NSCC parameters: flowid 28 _base_rtt=11685600 _base_bdp=146070 _bdp=146070 _min_cwnd=4150 _maxwnd=219105 _cwnd=219105
Initialize per-instance NSCC parameters: flowid 29 _base_rtt=11685600 _base_bdp=146070 _bdp=146070 _min_cwnd=4150 _maxwnd=219105 _cwnd=219105
Initialize per-instance NSCC parameters: flowid 30 _base_rtt=11685600 _base_bdp=146070 _bdp=146070 _min_cwnd=4150 _maxwnd=219105 _cwnd=219105
Initialize per-instance NSCC parameters: flowid 31 _base_rtt=11685600 _base_bdp=146070 _bdp=146070 _min_cwnd=4150 _maxwnd=219105 _cwnd=219105
Initialize per-instance NSCC parameters: flowid 32 _base_rtt=11685600 _base_bdp=146070 _bdp=146070 _min_cwnd=4150 _maxwnd=219105 _cwnd=219105
Initialize per-instance NSCC parameters: flowid 33 _base_rtt=11685600 _base_bdp=146070 _bdp=146070 _min_cwnd=4150 _maxwnd=219105 _cwnd=219105
Initialize per-instance NSCC parameters: flowid 34 _base_rtt=11685600 _base_bdp=146070 _bdp=146070 _min_cwnd=4150 _maxwnd=219105 _cwnd=219105
Initialize per-instance NSCC parameters: flowid 35 _base_rtt=11685600 _base_bdp=146070 _bdp=146070 _min_cwnd=4150 _maxwnd=219105 _cwnd=219105
Initialize per-instance NSCC parameters: flowid 36 _base_rtt=11685600 _base_bdp=146070 _bdp=146070 _min_cwnd=4150 _maxwnd=219105 _cwnd=219105
Initialize per-instance NSCC parameters: flowid 37 _base_rtt=11685600 _base_bdp=146070 _bdp=146070 _min_cwnd=4150 _maxwnd=219105 _cwnd=219105
Initialize per-instance NSCC parameters: flowid 38 _base_rtt=11685600 _base_bdp=146070 _bdp=146070 _min_cwnd=4150 _maxwnd=219105 _cwnd=219105
Initialize per-instance NSCC parameters: flowid 39 _base_rtt=11685600 _base_bdp=146070 _bdp=146070 _min_cwnd=4150 _maxwnd=219105 _cwnd=219105
Initialize per-instance NSCC parameters: flowid 40 _base_rtt=11685600 _base_bdp=146070 _bdp=146070 _min_cwnd=4150 _maxwnd=219105 _cwnd=219105
Initialize per-instance NSCC parameters: flowid 41 _base_rtt=11685600 _base_bdp=146070 _bdp=146070 _min_cwnd=4150 _maxwnd=219105 _cwnd=219105
Initialize per-instance NSCC parameters: flowid 42 _base_rtt=11685600 _base_bdp=146070 _bdp=146070 _min_cwnd=4150 _maxwnd=219105 _cwnd=219105
Initialize per-instance NSCC parameters: flowid 43 _base_rtt=11685600 _base_bdp=146070 _bdp=146070 _min_cwnd=4150 _maxwnd=219105 _cwnd=219105
Initialize per-instance NSCC parameters: flowid 44 _base_rtt=11685600 _base_bdp=146070 _bdp=146070 _min_cwnd=4150 _maxwnd=219105 _cwnd=219105
Initialize per-instance NSCC parameters: flowid 45 _base_rtt=11685600 _base_bdp=146070 _bdp=146070 _min_cwnd=4150 _maxwnd=219105 _cwnd=219105
Initialize per-instance NSCC parameters: flowid 46 _base_rtt=11685600 _base_bdp=146070 _bdp=146070 _min_cwnd=4150 _maxwnd=219105 _cwnd=219105
Initialize per-instance NSCC parameters: flowid 47 _base_rtt=11685600 _base_bdp=146070 _bdp=146070 _min_cwnd=4150 _maxwnd=219105 _cwnd=219105
Initialize per-instance NSCC parameters: flowid 48 _base_rtt=11685600 _base_bdp=146070 _bdp=146070 _min_cwnd=4150 _maxwnd=219105 _cwnd=219105
Initialize per-instance NSCC parameters: flowid 49 _base_rtt=11685600 _base_bdp=146070 _bdp=146070 _min_cwnd=4150 _maxwnd=219105 _cwnd=219105
Initialize per-instance NSCC parameters: flowid 50 _base_rtt=11685600 _base_bdp=146070 _bdp=146070 _min_cwnd=4150 _maxwnd=219105 _cwnd=219105
Initialize per-instance NSCC parameters: flowid 51 _base_rtt=11685600 _base_bdp=146070 _bdp=146070 _min_cwnd=4150 _maxwnd=219105 _cwnd=219105
Initialize per-instance NSCC parameters: flowid 52 _base_rtt=11685600 _base_bdp=146070 _bdp=146070 _min_cwnd=4150 _maxwnd=219105 _cwnd=219105
Initialize per-instance NSCC parameters: flowid 53 _base_rtt=11685600 _base_bdp=146070 _bdp=146070 _min_cwnd=4150 _maxwnd=219105 _cwnd=219105
Initialize per-instance NSCC parameters: flowid 54 _base_rtt=11685600 _base_bdp=146070 _bdp=146070 _min_cwnd=4150 _maxwnd=219105 _cwnd=219105
Initialize per-instance NSCC parameters: flowid 55 _base_rtt=11685600 _base_bdp=146070 _bdp=146070 _min_cwnd=4150 _maxwnd=219105 _cwnd=219105
Initialize per-instance NSCC parameters: flowid 56 _base_rtt=11685600 _base_bdp=146070 _bdp=146070 _min_cwnd=4150 _maxwnd=219105 _cwnd=219105
Initialize per-instance NSCC parameters: flowid 57 _base_rtt=11685600 _base_bdp=146070 _bdp=146070 _min_cwnd=4150 _maxwnd=219105 _cwnd=219105
Initialize per-instance NSCC parameters: flowid 58 _base_rtt=11685600 _base_bdp=146070 _bdp=146070 _min_cwnd=4150 _maxwnd=219105 _cwnd=219105
Initialize per-instance NSCC parameters: flowid 59 _base_rtt=11685600 _base_bdp=146070 _bdp=146070 _min_cwnd=4150 _maxwnd=219105 _cwnd=219105
Initialize per-instance NSCC parameters: flowid 60 _base_rtt=11685600 _base_bdp=146070 _bdp=146070 _min_cwnd=4150 _maxwnd=219105 _cwnd=219105
Initialize per-instance NSCC parameters: flowid 61 _base_rtt=11685600 _base_bdp=146070 _bdp=146070 _min_cwnd=4150 _maxwnd=219105 _cwnd=219105
Initialize per-instance NSCC parameters: flowid 62 _base_rtt=11685600 _base_bdp=146070 _bdp=146070 _min_cwnd=4150 _maxwnd=219105 _cwnd=219105
Initialize per-instance NSCC parameters: flowid 63 _base_rtt=11685600 _base_bdp=146070 _bdp=146070 _min_cwnd=4150 _maxwnd=219105 _cwnd=219105
Initialize per-instance NSCC parameters: flowid 64 _base_rtt=11685600 _base_bdp=146070 _bdp=146070 _min_cwnd=4150 _maxwnd=219105 _cwnd=219105
Initialize per-instance NSCC parameters: flowid 65 _base_rtt=11685600 _base_bdp=146070 _bdp=146070 _min_cwnd=4150 _maxwnd=219105 _cwnd=219105
Initialize per-instance NSCC parameters: flowid 66 _base_rtt=11685600 _base_bdp=146070 _bdp=146070 _min_cwnd=4150 _maxwnd=219105 _cwnd=219105
Initialize per-instance NSCC parameters: flowid 67 _base_rtt=11685600 _base_bdp=146070 _bdp=146070 _min_cwnd=4150 _maxwnd=219105 _cwnd=219105
Initialize per-instance NSCC parameters: flowid 68 _base_rtt=11685600 _base_bdp=146070 _bdp=146070 _min_cwnd=4150 _maxwnd=219105 _cwnd=219105
Initialize per-instance NSCC parameters: flowid 69 _base_rtt=11685600 _base_bdp=146070 _bdp=146070 _min_cwnd=4150 _maxwnd=219105 _cwnd=219105
Initialize per-instance NSCC parameters: flowid 70 _base_rtt=11685600 _base_bdp=146070 _bdp=146070 _min_cwnd=4150 _maxwnd=219105 _cwnd=219105
Initialize per-instance NSCC parameters: flowid 71 _base_rtt=11685600 _base_bdp=146070 _bdp=146070 _min_cwnd=4150 _maxwnd=219105 _cwnd=219105
Initialize per-instance NSCC parameters: flowid 72 _base_rtt=11685600 _base_bdp=146070 _bdp=146070 _min_cwnd=4150 _maxwnd=219105 _cwnd=219105
Initialize per-instance NSCC parameters: flowid 73 _base_rtt=11685600 _base_bdp=146070 _bdp=146070 _min_cwnd=4150 _maxwnd=219105 _cwnd=219105
Initialize per-instance NSCC parameters: flowid 74 _base_rtt=11685600 _base_bdp=146070 _bdp=146070 _min_cwnd=4150 _maxwnd=219105 _cwnd=219105
Initialize per-instance NSCC parameters: flowid 75 _base_rtt=11685600 _base_bdp=146070 _bdp=146070 _min_cwnd=4150 _maxwnd=219105 _cwnd=219105
Initialize per-instance NSCC parameters: flowid 76 _base_rtt=11685600 _base_bdp=146070 _bdp=146070 _min_cwnd=4150 _maxwnd=219105 _cwnd=219105
Initialize per-instance NSCC parameters: flowid 77 _base_rtt=11685600 _base_bdp=146070 _bdp=146070 _min_cwnd=4150 _maxwnd=219105 _cwnd=219105
Initialize per-instance NSCC parameters: flowid 78 _base_rtt=11685600 _base_bdp=146070 _bdp=146070 _min_cwnd=4150 _maxwnd=219105 _cwnd=219105
Initialize per-instance NSCC parameters: flowid 79 _base_rtt=11685600 _base_bdp=146070 _bdp=146070 _min_cwnd=4150 _maxwnd=219105 _cwnd=219105
Initialize per-instance NSCC parameters: flowid 80 _base_rtt=11685600 _base_bdp=146070 _bdp=146070 _min_cwnd=4150 _maxwnd=219105 _cwnd=219105
Initialize per-instance NSCC parameters: flowid 81 _base_rtt=11685600 _base_bdp=146070 _bdp=146070 _min_cwnd=4150 _maxwnd=219105 _cwnd=219105
Initialize per-instance NSCC parameters: flowid 82 _base_rtt=11685600 _base_bdp=146070 _bdp=146070 _min_cwnd=4150 _maxwnd=219105 _cwnd=219105
Initialize per-instance NSCC parameters: flowid 83 _base_rtt=11685600 _base_bdp=146070 _bdp=146070 _min_cwnd=4150 _maxwnd=219105 _cwnd=219105
Initialize per-instance NSCC parameters: flowid 84 _base_rtt=11685600 _base_bdp=146070 _bdp=146070 _min_cwnd=4150 _maxwnd=219105 _cwnd=219105
Initialize per-instance NSCC parameters: flowid 85 _base_rtt=11685600 _base_bdp=146070 _bdp=146070 _min_cwnd=4150 _maxwnd=219105 _cwnd=219105
Initialize per-instance NSCC parameters: flowid 86 _base_rtt=11685600 _base_bdp=146070 _bdp=146070 _min_cwnd=4150 _maxwnd=219105 _cwnd=219105
Initialize per-instance NSCC parameters: flowid 87 _base_rtt=11685600 _base_bdp=146070 _bdp=146070 _min_cwnd=4150 _maxwnd=219105 _cwnd=219105
Initialize per-instance NSCC parameters: flowid 88 _base_rtt=11685600 _base_bdp=146070 _bdp=146070 _min_cwnd=4150 _maxwnd=219105 _cwnd=219105
Initialize per-instance NSCC parameters: flowid 89 _base_rtt=11685600 _base_bdp=146070 _bdp=146070 _min_cwnd=4150 _maxwnd=219105 _cwnd=219105
Initialize per-instance NSCC parameters: flowid 90 _base_rtt=11685600 _base_bdp=146070 _bdp=146070 _min_cwnd=4150 _maxwnd=219105 _cwnd=219105
Initialize per-instance NSCC parameters: flowid 91 _base_rtt=11685600 _base_bdp=146070 _bdp=146070 _min_cwnd=4150 _maxwnd=219105 _cwnd=219105
Initialize per-instance NSCC parameters: flowid 92 _base_rtt=11685600 _base_bdp=146070 _bdp=146070 _min_cwnd=4150 _maxwnd=219105 _cwnd=219105
Initialize per-instance NSCC parameters: flowid 93 _base_rtt=11685600 _base_bdp=146070 _bdp=146070 _min_cwnd=4150 _maxwnd=219105 _cwnd=219105
Initialize per-instance NSCC parameters: flowid 94 _base_rtt=11685600 _base_bdp=146070 _bdp=146070 _min_cwnd=4150 _maxwnd=219105 _cwnd=219105
Initialize per-instance NSCC parameters: flowid 95 _base_rtt=11685600 _base_bdp=146070 _bdp=146070 _min_cwnd=4150 _maxwnd=219105 _cwnd=219105
Initialize per-instance NSCC parameters: flowid 96 _base_rtt=11685600 _base_bdp=146070 _bdp=146070 _min_cwnd=4150 _maxwnd=219105 _cwnd=219105
Initialize per-instance NSCC parameters: flowid 97 _base_rtt=11685600 _base_bdp=146070 _bdp=146070 _min_cwnd=4150 _maxwnd=219105 _cwnd=219105
Initialize per-instance NSCC parameters: flowid 98 _base_rtt=11685600 _base_bdp=146070 _bdp=146070 _min_cwnd=4150 _maxwnd=219105 _cwnd=219105
Initialize per-instance NSCC parameters: flowid 99 _base_rtt=11685600 _base_bdp=146070 _bdp=146070 _min_cwnd=4150 _maxwnd=219105 _cwnd=219105
Initialize per-instance NSCC parameters: flowid 100 _base_rtt=11685600 _base_bdp=146070 _bdp=146070 _min_cwnd=4150 _maxwnd=219105 _cwnd=219105
Initialize per-instance NSCC parameters: flowid 101 _base_rtt=11685600 _base_bdp=146070 _bdp=146070 _min_cwnd=4150 _maxwnd=219105 _cwnd=219105
Initialize per-instance NSCC parameters: flowid 102 _base_rtt=11685600 _base_bdp=146070 _bdp=146070 _min_cwnd=4150 _maxwnd=219105 _cwnd=219105
Initialize per-instance NSCC parameters: flowid 103 _base_rtt=11685600 _base_bdp=146070 _bdp=146070 _min_cwnd=4150 _maxwnd=219105 _cwnd=219105
Initialize per-instance NSCC parameters: flowid 104 _base_rtt=11685600 _base_bdp=146070 _bdp=146070 _min_cwnd=4150 _maxwnd=219105 _cwnd=219105
Initialize per-instance NSCC parameters: flowid 105 _base_rtt=11685600 _base_bdp=146070 _bdp=146070 _min_cwnd=4150 _maxwnd=219105 _cwnd=219105
Initialize per-instance NSCC parameters: flowid 106 _base_rtt=11685600 _base_bdp=146070 _bdp=146070 _min_cwnd=4150 _maxwnd=219105 _cwnd=219105
Initialize per-instance NSCC parameters: flowid 107 _base_rtt=11685600 _base_bdp=146070 _bdp=146070 _min_cwnd=4150 _maxwnd=219105 _cwnd=219105
Initialize per-instance NSCC parameters: flowid 108 _base_rtt=11685600 _base_bdp=146070 _bdp=146070 _min_cwnd=4150 _maxwnd=219105 _cwnd=219105
Initialize per-instance NSCC parameters: flowid 109 _base_rtt=11685600 _base_bdp=146070 _bdp=146070 _min_cwnd=4150 _maxwnd=219105 _cwnd=219105
Initialize per-instance NSCC parameters: flowid 110 _base_rtt=11685600 _base_bdp=146070 _bdp=146070 _min_cwnd=4150 _maxwnd=219105 _cwnd=219105
Initialize per-instance NSCC parameters: flowid 111 _base_rtt=11685600 _base_bdp=146070 _bdp=146070 _min_cwnd=4150 _maxwnd=219105 _cwnd=219105
Initialize per-instance NSCC parameters: flowid 112 _base_rtt=11685600 _base_bdp=146070 _bdp=146070 _min_cwnd=4150 _maxwnd=219105 _cwnd=219105
Initialize per-instance NSCC parameters: flowid 113 _base_rtt=11685600 _base_bdp=146070 _bdp=146070 _min_cwnd=4150 _maxwnd=219105 _cwnd=219105
Initialize per-instance NSCC parameters: flowid 114 _base_rtt=11685600 _base_bdp=146070 _bdp=146070 _min_cwnd=4150 _maxwnd=219105 _cwnd=219105
Initialize per-instance NSCC parameters: flowid 115 _base_rtt=11685600 _base_bdp=146070 _bdp=146070 _min_cwnd=4150 _maxwnd=219105 _cwnd=219105
Initialize per-instance NSCC parameters: flowid 116 _base_rtt=11685600 _base_bdp=146070 _bdp=146070 _min_cwnd=4150 _maxwnd=219105 _cwnd=219105
Initialize per-instance NSCC parameters: flowid 117 _base_rtt=11685600 _base_bdp=146070 _bdp=146070 _min_cwnd=4150 _maxwnd=219105 _cwnd=219105
Initialize per-instance NSCC parameters: flowid 118 _base_rtt=11685600 _base_bdp=146070 _bdp=146070 _min_cwnd=4150 _maxwnd=219105 _cwnd=219105
Initialize per-instance NSCC parameters: flowid 119 _base_rtt=11685600 _base_bdp=146070 _bdp=146070 _min_cwnd=4150 _maxwnd=219105 _cwnd=219105
Initialize per-instance NSCC parameters: flowid 120 _base_rtt=11685600 _base_bdp=146070 _bdp=146070 _min_cwnd=4150 _maxwnd=219105 _cwnd=219105
Initialize per-instance NSCC parameters: flowid 121 _base_rtt=11685600 _base_bdp=146070 _bdp=146070 _min_cwnd=4150 _maxwnd=219105 _cwnd=219105
Initialize per-instance NSCC parameters: flowid 122 _base_rtt=11685600 _base_bdp=146070 _bdp=146070 _min_cwnd=4150 _maxwnd=219105 _cwnd=219105
Initialize per-instance NSCC parameters: flowid 123 _base_rtt=11685600 _base_bdp=146070 _bdp=146070 _min_cwnd=4150 _maxwnd=219105 _cwnd=219105
Initialize per-instance NSCC parameters: flowid 124 _base_rtt=11685600 _base_bdp=146070 _bdp=146070 _min_cwnd=4150 _maxwnd=219105 _cwnd=219105
Initialize per-instance NSCC parameters: flowid 125 _base_rtt=11685600 _base_bdp=146070 _bdp=146070 _min_cwnd=4150 _maxwnd=219105 _cwnd=219105
Initialize per-instance NSCC parameters: flowid 126 _base_rtt=11685600 _base_bdp=146070 _bdp=146070 _min_cwnd=4150 _maxwnd=219105 _cwnd=219105
Initialize per-instance NSCC parameters: flowid 127 _base_rtt=11685600 _base_bdp=146070 _bdp=146070 _min_cwnd=4150 _maxwnd=219105 _cwnd=219105
Initialize per-instance NSCC parameters: flowid 128 _base_rtt=11685600 _base_bdp=146070 _bdp=146070 _min_cwnd=4150 _maxwnd=219105 _cwnd=219105
Initialize per-instance NSCC parameters: flowid 129 _base_rtt=11685600 _base_bdp=146070 _bdp=146070 _min_cwnd=4150 _maxwnd=219105 _cwnd=219105
Initialize per-instance NSCC parameters: flowid 130 _base_rtt=11685600 _base_bdp=146070 _bdp=146070 _min_cwnd=4150 _maxwnd=219105 _cwnd=219105
Initialize per-instance NSCC parameters: flowid 131 _base_rtt=11685600 _base_bdp=146070 _bdp=146070 _min_cwnd=4150 _maxwnd=219105 _cwnd=219105
Initialize per-instance NSCC parameters: flowid 132 _base_rtt=11685600 _base_bdp=146070 _bdp=146070 _min_cwnd=4150 _maxwnd=219105 _cwnd=219105
Initialize per-instance NSCC parameters: flowid 133 _base_rtt=11685600 _base_bdp=146070 _bdp=146070 _min_cwnd=4150 _maxwnd=219105 _cwnd=219105
Initialize per-instance NSCC parameters: flowid 134 _base_rtt=11685600 _base_bdp=146070 _bdp=146070 _min_cwnd=4150 _maxwnd=219105 _cwnd=219105
Initialize per-instance NSCC parameters: flowid 135 _base_rtt=11685600 _base_bdp=146070 _bdp=146070 _min_cwnd=4150 _maxwnd=219105 _cwnd=219105
Initialize per-instance NSCC parameters: flowid 136 _base_rtt=11685600 _base_bdp=146070 _bdp=146070 _min_cwnd=4150 _maxwnd=219105 _cwnd=219105
Initialize per-instance NSCC parameters: flowid 137 _base_rtt=11685600 _base_bdp=146070 _bdp=146070 _min_cwnd=4150 _maxwnd=219105 _cwnd=219105
Initialize per-instance NSCC parameters: flowid 138 _base_rtt=11685600 _base_bdp=146070 _bdp=146070 _min_cwnd=4150 _maxwnd=219105 _cwnd=219105
Initialize per-instance NSCC parameters: flowid 139 _base_rtt=11685600 _base_bdp=146070 _bdp=146070 _min_cwnd=4150 _maxwnd=219105 _cwnd=219105
Initialize per-instance NSCC parameters: flowid 140 _base_rtt=11685600 _base_bdp=146070 _bdp=146070 _min_cwnd=4150 _maxwnd=219105 _cwnd=219105
Initialize per-instance NSCC parameters: flowid 141 _base_rtt=11685600 _base_bdp=146070 _bdp=146070 _min_cwnd=4150 _maxwnd=219105 _cwnd=219105
Initialize per-instance NSCC parameters: flowid 142 _base_rtt=11685600 _base_bdp=146070 _bdp=146070 _min_cwnd=4150 _maxwnd=219105 _cwnd=219105
Initialize per-instance NSCC parameters: flowid 143 _base_rtt=11685600 _base_bdp=146070 _bdp=146070 _min_cwnd=4150 _maxwnd=219105 _cwnd=219105
Initialize per-instance NSCC parameters: flowid 144 _base_rtt=11685600 _base_bdp=146070 _bdp=146070 _min_cwnd=4150 _maxwnd=219105 _cwnd=219105
Initialize per-instance NSCC parameters: flowid 145 _base_rtt=11685600 _base_bdp=146070 _bdp=146070 _min_cwnd=4150 _maxwnd=219105 _cwnd=219105
Initialize per-instance NSCC parameters: flowid 146 _base_rtt=11685600 _base_bdp=146070 _bdp=146070 _min_cwnd=4150 _maxwnd=219105 _cwnd=219105
Initialize per-instance NSCC parameters: flowid 147 _base_rtt=11685600 _base_bdp=146070 _bdp=146070 _min_cwnd=4150 _maxwnd=219105 _cwnd=219105
Initialize per-instance NSCC parameters: flowid 148 _base_rtt=11685600 _base_bdp=146070 _bdp=146070 _min_cwnd=4150 _maxwnd=219105 _cwnd=219105
Initialize per-instance NSCC parameters: flowid 149 _base_rtt=11685600 _base_bdp=146070 _bdp=146070 _min_cwnd=4150 _maxwnd=219105 _cwnd=219105
Initialize per-instance NSCC parameters: flowid 150 _base_rtt=11685600 _base_bdp=146070 _bdp=146070 _min_cwnd=4150 _maxwnd=219105 _cwnd=219105
Initialize per-instance NSCC parameters: flowid 151 _base_rtt=11685600 _base_bdp=146070 _bdp=146070 _min_cwnd=4150 _maxwnd=219105 _cwnd=219105
Initialize per-instance NSCC parameters: flowid 152 _base_rtt=11685600 _base_bdp=146070 _bdp=146070 _min_cwnd=4150 _maxwnd=219105 _cwnd=219105
Initialize per-instance NSCC parameters: flowid 153 _base_rtt=11685600 _base_bdp=146070 _bdp=146070 _min_cwnd=4150 _maxwnd=219105 _cwnd=219105
Initialize per-instance NSCC parameters: flowid 154 _base_rtt=11685600 _base_bdp=146070 _bdp=146070 _min_cwnd=4150 _maxwnd=219105 _cwnd=219105
Initialize per-instance NSCC parameters: flowid 155 _base_rtt=11685600 _base_bdp=146070 _bdp=146070 _min_cwnd=4150 _maxwnd=219105 _cwnd=219105
Initialize per-instance NSCC parameters: flowid 156 _base_rtt=11685600 _base_bdp=146070 _bdp=146070 _min_cwnd=4150 _maxwnd=219105 _cwnd=219105
Initialize per-instance NSCC parameters: flowid 157 _base_rtt=11685600 _base_bdp=146070 _bdp=146070 _min_cwnd=4150 _maxwnd=219105 _cwnd=219105
Initialize per-instance NSCC parameters: flowid 158 _base_rtt=11685600 _base_bdp=146070 _bdp=146070 _min_cwnd=4150 _maxwnd=219105 _cwnd=219105
Initialize per-instance NSCC parameters: flowid 159 _base_rtt=11685600 _base_bdp=146070 _bdp=146070 _min_cwnd=4150 _maxwnd=219105 _cwnd=219105
Initialize per-instance NSCC parameters: flowid 160 _base_rtt=11685600 _base_bdp=146070 _bdp=146070 _min_cwnd=4150 _maxwnd=219105 _cwnd=219105
Initialize per-instance NSCC parameters: flowid 161 _base_rtt=11685600 _base_bdp=146070 _bdp=146070 _min_cwnd=4150 _maxwnd=219105 _cwnd=219105
Initialize per-instance NSCC parameters: flowid 162 _base_rtt=11685600 _base_bdp=146070 _bdp=146070 _min_cwnd=4150 _maxwnd=219105 _cwnd=219105
Initialize per-instance NSCC parameters: flowid 163 _base_rtt=11685600 _base_bdp=146070 _bdp=146070 _min_cwnd=4150 _maxwnd=219105 _cwnd=219105
Initialize per-instance NSCC parameters: flowid 164 _base_rtt=11685600 _base_bdp=146070 _bdp=146070 _min_cwnd=4150 _maxwnd=219105 _cwnd=219105
Initialize per-instance NSCC parameters: flowid 165 _base_rtt=11685600 _base_bdp=146070 _bdp=146070 _min_cwnd=4150 _maxwnd=219105 _cwnd=219105
Initialize per-instance NSCC parameters: flowid 166 _base_rtt=11685600 _base_bdp=146070 _bdp=146070 _min_cwnd=4150 _maxwnd=219105 _cwnd=219105
Starting simulation
Flow Uec_181_53 flowId 1 uecSrc 0 starting at 0
Flow Uec_176_48 flowId 2 uecSrc 1 starting at 0
Flow Uec_14_142 flowId 3 uecSrc 2 starting at 0
Flow Uec_243_115 flowId 4 uecSrc 3 starting at 0
Flow Uec_134_6 flowId 5 uecSrc 4 starting at 0
Flow Uec_103_231 flowId 6 uecSrc 5 starting at 0
Flow Uec_94_222 flowId 7 uecSrc 6 starting at 0
Flow Uec_235_107 flowId 8 uecSrc 7 starting at 0
Flow Uec_116_244 flowId 9 uecSrc 8 starting at 0
Flow Uec_73_201 flowId 10 uecSrc 9 starting at 0
Flow Uec_236_108 flowId 11 uecSrc 10 starting at 0
Flow Uec_211_83 flowId 12 uecSrc 11 starting at 0
Flow Uec_22_150 flowId 13 uecSrc 12 starting at 0
Flow Uec_6_134 flowId 14 uecSrc 13 starting at 0
Flow Uec_214_86 flowId 15 uecSrc 14 starting at 0
Flow Uec_28_156 flowId 16 uecSrc 15 starting at 0
Flow Uec_113_241 flowId 17 uecSrc 16 starting at 0
Flow Uec_135_7 flowId 18 uecSrc 17 starting at 0
Flow Uec_99_227 flowId 19 uecSrc 18 starting at 0
Flow Uec_222_94 flowId 20 uecSrc 19 starting at 0
Flow Uec_161_33 flowId 21 uecSrc 20 starting at 0
Flow Uec_237_109 flowId 22 uecSrc 21 starting at 0
Flow Uec_120_248 flowId 23 uecSrc 22 starting at 0
Flow Uec_133_5 flowId 24 uecSrc 23 starting at 0
Flow Uec_184_56 flowId 25 uecSrc 24 starting at 0
Flow Uec_98_226 flowId 26 uecSrc 25 starting at 0
Flow Uec_182_54 flowId 27 uecSrc 26 starting at 0
Flow Uec_23_151 flowId 28 uecSrc 27 starting at 0
Flow Uec_75_203 flowId 29 uecSrc 28 starting at 0
Flow Uec_234_106 flowId 30 uecSrc 29 starting at 0
Flow Uec_191_63 flowId 31 uecSrc 30 starting at 0
Flow Uec_180_52 flowId 32 uecSrc 31 starting at 0
Flow Uec_187_59 flowId 33 uecSrc 32 starting at 0
Flow Uec_227_99 flowId 34 uecSrc 33 starting at 0
Flow Uec_82_210 flowId 35 uecSrc 34 starting at 0
Flow Uec_148_20 flowId 36 uecSrc 35 starting at 0
Flow Uec_107_235 flowId 37 uecSrc 36 starting at 0
Flow Uec_246_118 flowId 38 uecSrc 37 starting at 0
Flow Uec_35_163 flowId 39 uecSrc 38 starting at 0
Flow Uec_230_102 flowId 40 uecSrc 39 starting at 0
Flow Uec_169_41 flowId 41 uecSrc 40 starting at 0
Flow Uec_40_168 flowId 42 uecSrc 41 starting at 0
Flow Uec_150_22 flowId 43 uecSrc 42 starting at 0
Flow Uec_123_251 flowId 44 uecSrc 43 starting at 0
Flow Uec_163_35 flowId 45 uecSrc 44 starting at 0
Flow Uec_244_116 flowId 46 uecSrc 45 starting at 0
Flow Uec_18_146 flowId 47 uecSrc 46 starting at 0
Flow Uec_34_162 flowId 48 uecSrc 47 starting at 0
Flow Uec_1_129 flowId 49 uecSrc 48 starting at 0
Flow Uec_157_29 flowId 50 uecSrc 49 starting at 0
Flow Uec_159_31 flowId 51 uecSrc 50 starting at 0
Flow Uec_80_208 flowId 52 uecSrc 51 starting at 0
Flow Uec_203_75 flowId 53 uecSrc 52 starting at 0
Flow Uec_146_18 flowId 54 uecSrc 53 starting at 0
Flow Uec_168_40 flowId 55 uecSrc 54 starting at 0
Flow Uec_38_166 flowId 56 uecSrc 55 starting at 0
Flow Uec_48_176 flowId 57 uecSrc 56 starting at 0
Flow Uec_57_185 flowId 58 uecSrc 57 starting at 0
Flow Uec_194_66 flowId 59 uecSrc 58 starting at 0
Flow Uec_81_209 flowId 60 uecSrc 59 starting at 0
Flow Uec_144_16 flowId 61 uecSrc 60 starting at 0
Flow Uec_84_212 flowId 62 uecSrc 61 starting at 0
Flow Uec_201_73 flowId 63 uecSrc 62 starting at 0
Flow Uec_68_196 flowId 64 uecSrc 63 starting at 0
Flow Uec_74_202 flowId 65 uecSrc 64 starting at 0
Flow Uec_17_145 flowId 66 uecSrc 65 starting at 0
Flow Uec_10_138 flowId 67 uecSrc 66 starting at 0
Flow Uec_66_194 flowId 68 uecSrc 67 starting at 0
Flow Uec_21_149 flowId 69 uecSrc 68 starting at 0
Flow Uec_26_154 flowId 70 uecSrc 69 starting at 0
Flow Uec_3_131 flowId 71 uecSrc 70 starting at 0
Flow Uec_70_198 flowId 72 uecSrc 71 starting at 0
Flow Uec_63_191 flowId 73 uecSrc 72 starting at 0
Flow Uec_200_72 flowId 74 uecSrc 73 starting at 0
Flow Uec_199_71 flowId 75 uecSrc 74 starting at 0
Flow Uec_254_126 flowId 76 uecSrc 75 starting at 0
Flow Uec_253_125 flowId 77 uecSrc 76 starting at 0
Flow Uec_226_98 flowId 78 uecSrc 77 starting at 0
Flow Uec_115_243 flowId 79 uecSrc 78 starting at 0
Flow Uec_53_181 flowId 80 uecSrc 79 starting at 0
Flow Uec_242_114 flowId 81 uecSrc 80 starting at 0
Flow Uec_33_161 flowId 82 uecSrc 81 starting at 0
Flow Uec_221_93 flowId 83 uecSrc 82 starting at 0
Flow Uec_158_30 flowId 84 uecSrc 83 starting at 0
Flow Uec_217_89 flowId 85 uecSrc 84 starting at 0
Flow Uec_207_79 flowId 86 uecSrc 85 starting at 0
Flow Uec_126_254 flowId 87 uecSrc 86 starting at 0
Flow Uec_58_186 flowId 88 uecSrc 87 starting at 0
Flow Uec_45_173 flowId 89 uecSrc 88 starting at 0
Flow Uec_122_250 flowId 90 uecSrc 89 starting at 0
Flow Uec_213_85 flowId 91 uecSrc 90 starting at 0
Flow Uec_108_236 flowId 92 uecSrc 91 starting at 0
Flow Uec_195_67 flowId 93 uecSrc 92 starting at 0
Flow Uec_250_122 flowId 94 uecSrc 93 starting at 0
Flow Uec_97_225 flowId 95 uecSrc 94 starting at 0
Flow Uec_174_46 flowId 96 uecSrc 95 starting at 0
Flow Uec_83_211 flowId 97 uecSrc 96 starting at 0
Flow Uec_153_25 flowId 98 uecSrc 97 starting at 0
Flow Uec_142_14 flowId 99 uecSrc 98 starting at 0
Flow Uec_216_88 flowId 100 uecSrc 99 starting at 0
Flow Uec_92_220 flowId 101 uecSrc 100 starting at 0
Flow Uec_198_70 flowId 102 uecSrc 101 starting at 0
Flow Uec_249_121 flowId 103 uecSrc 102 starting at 0
Flow Uec_4_132 flowId 104 uecSrc 103 starting at 0
Flow Uec_96_224 flowId 105 uecSrc 104 starting at 0
Flow Uec_165_37 flowId 106 uecSrc 105 starting at 0
Flow Uec_60_188 flowId 107 uecSrc 106 starting at 0
Flow Uec_44_172 flowId 108 uecSrc 107 starting at 0
Flow Uec_7_135 flowId 109 uecSrc 108 starting at 0
Flow Uec_212_84 flowId 110 uecSrc 109 starting at 0
Flow Uec_13_141 flowId 111 uecSrc 110 starting at 0
Flow Uec_218_90 flowId 112 uecSrc 111 starting at 0
Flow Uec_248_120 flowId 113 uecSrc 112 starting at 0
Flow Uec_111_239 flowId 114 uecSrc 113 starting at 0
Flow Uec_190_62 flowId 115 uecSrc 114 starting at 0
Flow Uec_239_111 flowId 116 uecSrc 115 starting at 0
Flow Uec_12_140 flowId 117 uecSrc 116 starting at 0
Flow Uec_185_57 flowId 118 uecSrc 117 starting at 0
Flow Uec_245_117 flowId 119 uecSrc 118 starting at 0
Flow Uec_143_15 flowId 120 uecSrc 119 starting at 0
Flow Uec_30_158 flowId 121 uecSrc 120 starting at 0
Flow Uec_8_136 flowId 122 uecSrc 121 starting at 0
Flow Uec_11_139 flowId 123 uecSrc 122 starting at 0
Flow Uec_9_137 flowId 124 uecSrc 123 starting at 0
Flow Uec_238_110 flowId 125 uecSrc 124 starting at 0
Flow Uec_118_246 flowId 126 uecSrc 125 starting at 0
Flow Uec_233_105 flowId 127 uecSrc 126 starting at 0
Flow Uec_95_223 flowId 128 uecSrc 127 starting at 0
Flow Uec_128_0 flowId 129 uecSrc 128 starting at 0
Flow Uec_47_175 flowId 130 uecSrc 129 starting at 0
Flow Uec_69_197 flowId 131 uecSrc 130 starting at 0
Flow Uec_5_133 flowId 132 uecSrc 131 starting at 0
Flow Uec_156_28 flowId 133 uecSrc 132 starting at 0
Flow Uec_124_252 flowId 134 uecSrc 133 starting at 0
Flow Uec_138_10 flowId 135 uecSrc 134 starting at 0
Flow Uec_175_47 flowId 136 uecSrc 135 starting at 0
Flow Uec_77_205 flowId 137 uecSrc 136 starting at 0
Flow Uec_71_199 flowId 138 uecSrc 137 starting at 0
Flow Uec_171_43 flowId 139 uecSrc 138 starting at 0
Flow Uec_228_100 flowId 140 uecSrc 139 starting at 0
Flow Uec_42_170 flowId 141 uecSrc 140 starting at 0
Flow Uec_170_42 flowId 142 uecSrc 141 starting at 0
Flow Uec_52_180 flowId 143 uecSrc 142 starting at 0
Flow Uec_210_82 flowId 144 uecSrc 143 starting at 0
Flow Uec_50_178 flowId 145 uecSrc 144 starting at 0
Flow Uec_67_195 flowId 146 uecSrc 145 starting at 0
Flow Uec_105_233 flowId 147 uecSrc 146 starting at 0
Flow Uec_183_55 flowId 148 uecSrc 147 starting at 0
Flow Uec_132_4 flowId 149 uecSrc 148 starting at 0
Flow Uec_178_50 flowId 150 uecSrc 149 starting at 0
Flow Uec_109_237 flowId 151 uecSrc 150 starting at 0
Flow Uec_255_127 flowId 152 uecSrc 151 starting at 0
Flow Uec_140_12 flowId 153 uecSrc 152 starting at 0
Flow Uec_209_81 flowId 154 uecSrc 153 starting at 0
Flow Uec_41_169 flowId 155 uecSrc 154 starting at 0
Flow Uec_91_219 flowId 156 uecSrc 155 starting at 0
Flow Uec_231_103 flowId 157 uecSrc 156 starting at 0
Flow Uec_139_11 flowId 158 uecSrc 157 starting at 0
Flow Uec_125_253 flowId 159 uecSrc 158 starting at 0
Flow Uec_186_58 flowId 160 uecSrc 159 starting at 0
Flow Uec_54_182 flowId 161 uecSrc 160 starting at 0
Flow Uec_100_228 flowId 162 uecSrc 161 starting at 0
Flow Uec_189_61 flowId 163 uecSrc 162 starting at 0
Flow Uec_29_157 flowId 164 uecSrc 163 starting at 0
Flow Uec_114_242 flowId 165 uecSrc 164 starting at 0
Flow Uec_131_3 flowId 166 uecSrc 165 starting at 0
140.004 flowid 49 Spurious 42
145.791 flowid 89 Spurious 42
146.036 flowid 141 Spurious 50
168.511 flowid 47 Spurious 114
Flow Uec_123_251 flowId 44 uecSrc 43 finished at 174.194 total messages 1 total packets 490 RTS 0 total bytes 2002140 in_flight now 0 fair_inc 0 prop_inc 10504 fast_inc 444999 eta_inc 8344 multi_dec -0 quick_dec -0 nack_dec -0
Flow Uec_97_225 flowId 95 uecSrc 94 finished at 174.342 total messages 1 total packets 490 RTS 0 total bytes 2002140 in_flight now 0 fair_inc 0 prop_inc 10572 fast_inc 444999 eta_inc 8344 multi_dec -0 quick_dec -0 nack_dec -0
Flow Uec_113_241 flowId 17 uecSrc 16 finished at 174.868 total messages 1 total packets 490 RTS 0 total bytes 2002140 in_flight now 0 fair_inc 0 prop_inc 71117 fast_inc 133353 eta_inc 8344 multi_dec -0 quick_dec -0 nack_dec -0
Flow Uec_180_52 flowId 32 uecSrc 31 finished at 175.597 total messages 1 total packets 490 RTS 0 total bytes 2002140 in_flight now 0 fair_inc 0 prop_inc 53233 fast_inc 230826 eta_inc 8344 multi_dec -0 quick_dec -0 nack_dec -0
Flow Uec_126_254 flowId 87 uecSrc 86 finished at 175.859 total messages 1 total packets 490 RTS 0 total bytes 2002140 in_flight now 0 fair_inc 0 prop_inc 75835 fast_inc 113148 eta_inc 8344 multi_dec -0 quick_dec -0 nack_dec -0
Flow Uec_103_231 flowId 6 uecSrc 5 finished at 176.63 total messages 1 total packets 490 RTS 0 total bytes 2002140 in_flight now 0 fair_inc 0 prop_inc 88468 fast_inc 12123 eta_inc 8344 multi_dec -0 quick_dec -0 nack_dec -0
Flow Uec_114_242 flowId 165 uecSrc 164 finished at 176.687 total messages 1 total packets 490 RTS 0 total bytes 2002140 in_flight now 0 fair_inc 0 prop_inc 78980 fast_inc 96984 eta_inc 8344 multi_dec -0 quick_dec -0 nack_dec -0
Flow Uec_122_250 flowId 90 uecSrc 89 finished at 177.577 total messages 1 total packets 490 RTS 0 total bytes 2002140 in_flight now 0 fair_inc 0 prop_inc 86389 fast_inc 0 eta_inc 8344 multi_dec -0 quick_dec -0 nack_dec -0
Flow Uec_71_199 flowId 138 uecSrc 137 finished at 178.548 total messages 1 total packets 490 RTS 0 total bytes 2002140 in_flight now 0 fair_inc 0 prop_inc 76086 fast_inc 4041 eta_inc 8344 multi_dec -0 quick_dec -0 nack_dec -0
Flow Uec_92_220 flowId 101 uecSrc 100 finished at 180.005 total messages 1 total packets 490 RTS 0 total bytes 2002140 in_flight now 0 fair_inc 0 prop_inc 47268 fast_inc 16164 eta_inc 8344 multi_dec -0 quick_dec -0 nack_dec -0
Flow Uec_153_25 flowId 98 uecSrc 97 finished at 180.514 total messages 1 total packets 490 RTS 0 total bytes 2002140 in_flight now 0 fair_inc 0 prop_inc 77928 fast_inc 56574 eta_inc 8344 multi_dec -0 quick_dec -0 nack_dec -0
Flow Uec_131_3 flowId 166 uecSrc 165 finished at 180.562 total messages 1 total packets 490 RTS 0 total bytes 2002140 in_flight now 0 fair_inc 0 prop_inc 89540 fast_inc 0 eta_inc 8344 multi_dec -0 quick_dec -0 nack_dec -0
Flow Uec_222_94 flowId 20 uecSrc 19 finished at 181.964 total messages 1 total packets 490 RTS 0 total bytes 2002140 in_flight now 0 fair_inc 0 prop_inc 48297 fast_inc 12123 eta_inc 8344 multi_dec -0 quick_dec -0 nack_dec -0
Flow Uec_132_4 flowId 149 uecSrc 148 finished at 183.762 total messages 1 total packets 490 RTS 0 total bytes 2002140 in_flight now 0 fair_inc 0 prop_inc 84008 fast_inc 0 eta_inc 8344 multi_dec -0 quick_dec -0 nack_dec -0
Flow Uec_23_151 flowId 28 uecSrc 27 finished at 192.144 total messages 1 total packets 490 RTS 0 total bytes 2002140 in_flight now 0 fair_inc 0 prop_inc 21322 fast_inc 0 eta_inc 8940 multi_dec -0 quick_dec -0 nack_dec -0
Flow Uec_249_121 flowId 103 uecSrc 102 finished at 196.311 total messages 1 total packets 490 RTS 0 total bytes 2002140 in_flight now 0 fair_inc 751 prop_inc 16409 fast_inc 0 eta_inc 9536 multi_dec -0 quick_dec -0 nack_dec -0
Flow Uec_26_154 flowId 70 uecSrc 69 finished at 199.512 total messages 1 total packets 490 RTS 0 total bytes 2002140 in_flight now 0 fair_inc 4129 prop_inc 14435 fast_inc 0 eta_inc 9536 multi_dec -0 quick_dec -0 nack_dec -0
200.878 flowid 57 Spurious 138
Flow Uec_233_105 flowId 127 uecSrc 126 finished at 202.21 total messages 1 total packets 490 RTS 0 total bytes 2002140 in_flight now 0 fair_inc 376 prop_inc 20901 fast_inc 0 eta_inc 9536 multi_dec -0 quick_dec -0 nack_dec -0
Flow Uec_30_158 flowId 121 uecSrc 120 finished at 203.391 total messages 1 total packets 490 RTS 0 total bytes 2002140 in_flight now 0 fair_inc 13460 prop_inc 29847 fast_inc 0 eta_inc 9536 multi_dec -0 quick_dec -0 nack_dec -8300
Flow Uec_50_178 flowId 145 uecSrc 144 finished at 208.437 total messages 1 total packets 490 RTS 0 total bytes 2002140 in_flight now 0 fair_inc 14990 prop_inc 15316 fast_inc 0 eta_inc 9536 multi_dec -0 quick_dec -0 nack_dec -0
Flow Uec_248_120 flowId 113 uecSrc 112 finished at 208.94 total messages 1 total packets 490 RTS 0 total bytes 2002140 in_flight now 0 fair_inc 10886 prop_inc 11603 fast_inc 0 eta_inc 10132 multi_dec -0 quick_dec -0 nack_dec -0
210.536 flowid 69 Spurious 209
210.868 flowid 69 Spurious 225
213.533 flowid 16 Spurious 162
Flow Uec_242_114 flowId 81 uecSrc 80 finished at 221.77 total messages 1 total packets 490 RTS 0 total bytes 2002140 in_flight now 0 fair_inc 6788 prop_inc 8292 fast_inc 0 eta_inc 10728 multi_dec -6680 quick_dec -0 nack_dec -0
Flow Uec_14_142 flowId 3 uecSrc 2 finished at 225.184 total messages 1 total packets 490 RTS 0 total bytes 2002140 in_flight now 0 fair_inc 15821 prop_inc 14935 fast_inc 0 eta_inc 10728 multi_dec -0 quick_dec -0 nack_dec -4150
226.181 flowid 48 Spurious 265
231.244 flowid 89 Spurious 237
232.422 flowid 89 Spurious 242
232.754 flowid 89 Spurious 243
234.037 flowid 141 Spurious 195
234.369 flowid 39 Spurious 304
234.414 flowid 89 Spurious 249
Flow Uec_244_116 flowId 46 uecSrc 45 finished at 234.532 total messages 1 total packets 490 RTS 0 total bytes 2002140 in_flight now 0 fair_inc 1503 prop_inc 45648 fast_inc 0 eta_inc 11324 multi_dec -72709 quick_dec -0 nack_dec -0
243.109 flowid 13 Spurious 256
248.751 flowid 89 Spurious 278
253.482 flowid 130 Spurious 302
254.84 flowid 130 Spurious 308
255.52 flowid 130 Spurious 309
259.632 flowid 130 Spurious 319
Flow Uec_83_211 flowId 97 uecSrc 96 finished at 264.968 total messages 1 total packets 490 RTS 0 total bytes 2002140 in_flight now 0 fair_inc 2475 prop_inc 22283 fast_inc 0 eta_inc 12516 multi_dec -65268 quick_dec -0 nack_dec -24900
Flow Uec_250_122 flowId 94 uecSrc 93 finished at 273.415 total messages 1 total packets 490 RTS 0 total bytes 2002140 in_flight now 0 fair_inc 8528 prop_inc 53194 fast_inc 0 eta_inc 13112 multi_dec -93441 quick_dec -0 nack_dec -29050
Flow Uec_163_35 flowId 45 uecSrc 44 finished at 283.4 total messages 1 total packets 490 RTS 0 total bytes 2002140 in_flight now 0 fair_inc 4324 prop_inc 31638 fast_inc 0 eta_inc 13112 multi_dec -62009 quick_dec -0 nack_dec -41500
288.417 flowid 135 Spurious 489
Flow Uec_34_162 flowId 48 uecSrc 47 finished at 292.364 total messages 1 total packets 492 RTS 2 total bytes 2002140 in_flight now 0 fair_inc 4963 prop_inc 32005 fast_inc 0 eta_inc 12516 multi_dec -0 quick_dec -0 nack_dec -0
Flow Uec_35_163 flowId 39 uecSrc 38 finished at 296.394 total messages 1 total packets 490 RTS 0 total bytes 2002140 in_flight now 0 fair_inc 4110 prop_inc 39357 fast_inc 0 eta_inc 10728 multi_dec -0 quick_dec -191854 nack_dec -4150
Flow Uec_138_10 flowId 135 uecSrc 134 finished at 296.617 total messages 1 total packets 490 RTS 0 total bytes 2002140 in_flight now 0 fair_inc 0 prop_inc 93785 fast_inc 12123 eta_inc 8940 multi_dec -0 quick_dec -0 nack_dec -0
Flow Uec_133_5 flowId 24 uecSrc 23 finished at 305.948 total messages 1 total packets 490 RTS 0 total bytes 2002140 in_flight now 0 fair_inc 3451 prop_inc 41150 fast_inc 0 eta_inc 13708 multi_dec -94466 quick_dec -0 nack_dec -24900
Flow Uec_53_181 flowId 80 uecSrc 79 finished at 310.545 total messages 1 total packets 490 RTS 0 total bytes 2002140 in_flight now 0 fair_inc 4970 prop_inc 37243 fast_inc 0 eta_inc 14900 multi_dec -62011 quick_dec -0 nack_dec -70550
Flow Uec_115_243 flowId 79 uecSrc 78 finished at 312.219 total messages 1 total packets 490 RTS 0 total bytes 2002140 in_flight now 0 fair_inc 2412 prop_inc 28555 fast_inc 0 eta_inc 14900 multi_dec -93532 quick_dec -0 nack_dec -29050
Flow Uec_135_7 flowId 18 uecSrc 17 finished at 315.688 total messages 1 total packets 491 RTS 1 total bytes 2002140 in_flight now 0 fair_inc 5533 prop_inc 33084 fast_inc 0 eta_inc 14304 multi_dec -72323 quick_dec -0 nack_dec -41500
Flow Uec_9_137 flowId 124 uecSrc 123 finished at 315.777 total messages 1 total packets 491 RTS 1 total bytes 2002140 in_flight now 0 fair_inc 2679 prop_inc 62911 fast_inc 1010 eta_inc 11324 multi_dec -0 quick_dec -190854 nack_dec -29050
Flow Uec_184_56 flowId 25 uecSrc 24 finished at 316.071 total messages 1 total packets 490 RTS 0 total bytes 2002140 in_flight now 0 fair_inc 8720 prop_inc 32886 fast_inc 0 eta_inc 14900 multi_dec -110343 quick_dec -0 nack_dec -24900
Flow Uec_4_132 flowId 104 uecSrc 103 finished at 318.058 total messages 1 total packets 491 RTS 1 total bytes 2002140 in_flight now 0 fair_inc 12491 prop_inc 12581 fast_inc 0 eta_inc 12516 multi_dec -0 quick_dec -0 nack_dec -0
318.484 flowid 69 Spurious 486
Flow Uec_109_237 flowId 151 uecSrc 150 finished at 318.885 total messages 1 total packets 490 RTS 0 total bytes 2002140 in_flight now 0 fair_inc 6533 prop_inc 28476 fast_inc 0 eta_inc 15496 multi_dec -85330 quick_dec -0 nack_dec -41500
Flow Uec_118_246 flowId 126 uecSrc 125 finished at 320.047 total messages 1 total packets 490 RTS 0 total bytes 2002140 in_flight now 0 fair_inc 2515 prop_inc 29350 fast_inc 0 eta_inc 14900 multi_dec -84714 quick_dec -0 nack_dec -41500
321.277 flowid 124 Spurious 488
Flow Uec_58_186 flowId 88 uecSrc 87 finished at 321.889 total messages 1 total packets 490 RTS 0 total bytes 2002140 in_flight now 0 fair_inc 3379 prop_inc 33036 fast_inc 0 eta_inc 15496 multi_dec -77898 quick_dec -0 nack_dec -49800
Flow Uec_21_149 flowId 69 uecSrc 68 finished at 322.182 total messages 1 total packets 490 RTS 0 total bytes 2002140 in_flight now 0 fair_inc 11671 prop_inc 16778 fast_inc 0 eta_inc 11920 multi_dec -0 quick_dec -0 nack_dec -0
Flow Uec_120_248 flowId 23 uecSrc 22 finished at 324.036 total messages 1 total packets 490 RTS 0 total bytes 2002140 in_flight now 0 fair_inc 5638 prop_inc 41214 fast_inc 0 eta_inc 15496 multi_dec -122146 quick_dec -0 nack_dec -24900
Flow Uec_187_59 flowId 33 uecSrc 32 finished at 325.663 total messages 1 total packets 490 RTS 0 total bytes 2002140 in_flight now 0 fair_inc 3511 prop_inc 30101 fast_inc 0 eta_inc 15496 multi_dec -73186 quick_dec -0 nack_dec -58100
327.25 flowid 89 Spurious 467
Flow Uec_38_166 flowId 56 uecSrc 55 finished at 328.804 total messages 1 total packets 499 RTS 9 total bytes 2002140 in_flight now 0 fair_inc 19018 prop_inc 9559 fast_inc 0 eta_inc 15496 multi_dec -16367 quick_dec -0 nack_dec -8300
329.574 flowid 89 Spurious 474
Flow Uec_139_11 flowId 158 uecSrc 157 finished at 329.767 total messages 1 total packets 490 RTS 0 total bytes 2002140 in_flight now 0 fair_inc 2219 prop_inc 39756 fast_inc 0 eta_inc 14900 multi_dec -77012 quick_dec -0 nack_dec -53950
Flow Uec_221_93 flowId 83 uecSrc 82 finished at 329.915 total messages 1 total packets 490 RTS 0 total bytes 2002140 in_flight now 0 fair_inc 2494 prop_inc 22161 fast_inc 0 eta_inc 16092 multi_dec -87999 quick_dec -0 nack_dec -37350
330.012 flowid 130 Spurious 486
330.344 flowid 130 Spurious 488
Flow Uec_40_168 flowId 42 uecSrc 41 finished at 330.732 total messages 1 total packets 494 RTS 4 total bytes 2002140 in_flight now 0 fair_inc 28652 prop_inc 11880 fast_inc 0 eta_inc 15496 multi_dec -46271 quick_dec -0 nack_dec -45650
Flow Uec_45_173 flowId 89 uecSrc 88 finished at 330.801 total messages 1 total packets 496 RTS 6 total bytes 2002140 in_flight now 0 fair_inc 7831 prop_inc 27432 fast_inc 0 eta_inc 12516 multi_dec -0 quick_dec -171124 nack_dec -12450
331.029 flowid 130 Spurious 489
Flow Uec_216_88 flowId 100 uecSrc 99 finished at 333.196 total messages 1 total packets 490 RTS 0 total bytes 2002140 in_flight now 0 fair_inc 892 prop_inc 28469 fast_inc 0 eta_inc 16092 multi_dec -81236 quick_dec -0 nack_dec -49800
Flow Uec_57_185 flowId 58 uecSrc 57 finished at 334.427 total messages 1 total packets 490 RTS 0 total bytes 2002140 in_flight now 0 fair_inc 1752 prop_inc 29694 fast_inc 0 eta_inc 16092 multi_dec -76171 quick_dec -0 nack_dec -53950
Flow Uec_47_175 flowId 130 uecSrc 129 finished at 334.918 total messages 1 total packets 493 RTS 3 total bytes 2002140 in_flight now 0 fair_inc 6483 prop_inc 45369 fast_inc 0 eta_inc 12516 multi_dec -0 quick_dec -179219 nack_dec -4150
Flow Uec_170_42 flowId 142 uecSrc 141 finished at 337.569 total messages 1 total packets 491 RTS 1 total bytes 2002140 in_flight now 0 fair_inc 9451 prop_inc 36387 fast_inc 0 eta_inc 15496 multi_dec -118465 quick_dec -0 nack_dec -29050
Flow Uec_190_62 flowId 115 uecSrc 114 finished at 337.805 total messages 1 total packets 490 RTS 0 total bytes 2002140 in_flight now 0 fair_inc 4303 prop_inc 40871 fast_inc 0 eta_inc 16092 multi_dec -106366 quick_dec -0 nack_dec -41500
Flow Uec_7_135 flowId 109 uecSrc 108 finished at 338.184 total messages 1 total packets 496 RTS 6 total bytes 2002140 in_flight now 0 fair_inc 11991 prop_inc 21364 fast_inc 0 eta_inc 15496 multi_dec -56789 quick_dec -0 nack_dec -20750
Flow Uec_195_67 flowId 93 uecSrc 92 finished at 338.959 total messages 1 total packets 490 RTS 0 total bytes 2002140 in_flight now 0 fair_inc 7289 prop_inc 37035 fast_inc 0 eta_inc 15496 multi_dec -105494 quick_dec -0 nack_dec -45650
Flow Uec_213_85 flowId 91 uecSrc 90 finished at 340.393 total messages 1 total packets 490 RTS 0 total bytes 2002140 in_flight now 0 fair_inc 5846 prop_inc 40302 fast_inc 0 eta_inc 16092 multi_dec -98901 quick_dec -0 nack_dec -53950
Flow Uec_54_182 flowId 161 uecSrc 160 finished at 341.18 total messages 1 total packets 490 RTS 0 total bytes 2002140 in_flight now 0 fair_inc 19848 prop_inc 29853 fast_inc 0 eta_inc 16688 multi_dec -112074 quick_dec -0 nack_dec -37350
Flow Uec_186_58 flowId 160 uecSrc 159 finished at 341.535 total messages 1 total packets 490 RTS 0 total bytes 2002140 in_flight now 0 fair_inc 8206 prop_inc 37686 fast_inc 0 eta_inc 16092 multi_dec -114168 quick_dec -0 nack_dec -33200
Flow Uec_3_131 flowId 71 uecSrc 70 finished at 343.809 total messages 1 total packets 494 RTS 4 total bytes 2002140 in_flight now 0 fair_inc 2699 prop_inc 64438 fast_inc 2020 eta_inc 13708 multi_dec -0 quick_dec -172025 nack_dec -4150
Flow Uec_183_55 flowId 148 uecSrc 147 finished at 343.919 total messages 1 total packets 490 RTS 0 total bytes 2002140 in_flight now 0 fair_inc 7402 prop_inc 41060 fast_inc 11600 eta_inc 15496 multi_dec -85107 quick_dec -0 nack_dec -62250
Flow Uec_41_169 flowId 155 uecSrc 154 finished at 343.939 total messages 1 total packets 490 RTS 0 total bytes 2002140 in_flight now 0 fair_inc 6546 prop_inc 69883 fast_inc 0 eta_inc 14304 multi_dec -157482 quick_dec -0 nack_dec -16600
Flow Uec_124_252 flowId 134 uecSrc 133 finished at 343.94 total messages 1 total packets 490 RTS 0 total bytes 2002140 in_flight now 0 fair_inc 3849 prop_inc 44419 fast_inc 7559 eta_inc 16688 multi_dec -103607 quick_dec -0 nack_dec -49800
Flow Uec_207_79 flowId 86 uecSrc 85 finished at 345.089 total messages 1 total packets 490 RTS 0 total bytes 2002140 in_flight now 0 fair_inc 9714 prop_inc 34058 fast_inc 0 eta_inc 16688 multi_dec -103886 quick_dec -0 nack_dec -49800
Flow Uec_210_82 flowId 144 uecSrc 143 finished at 345.738 total messages 1 total packets 490 RTS 0 total bytes 2002140 in_flight now 0 fair_inc 6975 prop_inc 41002 fast_inc 0 eta_inc 16092 multi_dec -89146 quick_dec -0 nack_dec -62250
Flow Uec_203_75 flowId 53 uecSrc 52 finished at 346.116 total messages 1 total packets 490 RTS 0 total bytes 2002140 in_flight now 0 fair_inc 3807 prop_inc 36022 fast_inc 0 eta_inc 16688 multi_dec -98730 quick_dec -0 nack_dec -45650
Flow Uec_125_253 flowId 159 uecSrc 158 finished at 346.443 total messages 1 total packets 490 RTS 0 total bytes 2002140 in_flight now 0 fair_inc 24295 prop_inc 40369 fast_inc 0 eta_inc 16688 multi_dec -91042 quick_dec -0 nack_dec -62250
Flow Uec_17_145 flowId 66 uecSrc 65 finished at 347.743 total messages 1 total packets 490 RTS 0 total bytes 2002140 in_flight now 0 fair_inc 8539 prop_inc 66169 fast_inc 0 eta_inc 15496 multi_dec -154136 quick_dec -0 nack_dec -24900
Flow Uec_211_83 flowId 12 uecSrc 11 finished at 347.874 total messages 1 total packets 490 RTS 0 total bytes 2002140 in_flight now 0 fair_inc 5274 prop_inc 29320 fast_inc 0 eta_inc 16688 multi_dec -71156 quick_dec -0 nack_dec -62250
Flow Uec_99_227 flowId 19 uecSrc 18 finished at 347.983 total messages 1 total packets 490 RTS 0 total bytes 2002140 in_flight now 0 fair_inc 17160 prop_inc 48234 fast_inc 0 eta_inc 16092 multi_dec -91022 quick_dec -0 nack_dec -62250
Flow Uec_105_233 flowId 147 uecSrc 146 finished at 349.791 total messages 1 total packets 490 RTS 0 total bytes 2002140 in_flight now 0 fair_inc 10637 prop_inc 40125 fast_inc 36852 eta_inc 16688 multi_dec -101946 quick_dec -0 nack_dec -53950
350.518 flowid 13 Spurious 449
350.855 flowid 13 Spurious 458
Flow Uec_209_81 flowId 154 uecSrc 153 finished at 350.866 total messages 1 total packets 490 RTS 0 total bytes 2002140 in_flight now 0 fair_inc 8330 prop_inc 37011 fast_inc 0 eta_inc 16688 multi_dec -95903 quick_dec -0 nack_dec -53950
Flow Uec_128_0 flowId 129 uecSrc 128 finished at 351.097 total messages 1 total packets 490 RTS 0 total bytes 2002140 in_flight now 0 fair_inc 4925 prop_inc 53665 fast_inc 0 eta_inc 15496 multi_dec -132026 quick_dec -0 nack_dec -29050
Flow Uec_246_118 flowId 38 uecSrc 37 finished at 351.461 total messages 1 total packets 490 RTS 0 total bytes 2002140 in_flight now 0 fair_inc 2859 prop_inc 33318 fast_inc 0 eta_inc 16688 multi_dec -63653 quick_dec -0 nack_dec -74700
351.539 flowid 13 Spurious 470
Flow Uec_63_191 flowId 73 uecSrc 72 finished at 351.591 total messages 1 total packets 490 RTS 0 total bytes 2002140 in_flight now 0 fair_inc 3061 prop_inc 52469 fast_inc 0 eta_inc 16688 multi_dec -109114 quick_dec -0 nack_dec -45650
Flow Uec_91_219 flowId 156 uecSrc 155 finished at 352.648 total messages 1 total packets 490 RTS 0 total bytes 2002140 in_flight now 0 fair_inc 9458 prop_inc 35655 fast_inc 0 eta_inc 17284 multi_dec -83125 quick_dec -0 nack_dec -66400
Flow Uec_18_146 flowId 47 uecSrc 46 finished at 352.812 total messages 1 total packets 491 RTS 1 total bytes 2002140 in_flight now 0 fair_inc 10375 prop_inc 67538 fast_inc 0 eta_inc 16092 multi_dec -158890 quick_dec -0 nack_dec -0
Flow Uec_95_223 flowId 128 uecSrc 127 finished at 353.805 total messages 1 total packets 490 RTS 0 total bytes 2002140 in_flight now 0 fair_inc 10640 prop_inc 31869 fast_inc 0 eta_inc 16688 multi_dec -92381 quick_dec -0 nack_dec -53950
Flow Uec_176_48 flowId 2 uecSrc 1 finished at 354.026 total messages 1 total packets 491 RTS 1 total bytes 2002140 in_flight now 0 fair_inc 7454 prop_inc 44110 fast_inc 0 eta_inc 16092 multi_dec -98315 quick_dec -0 nack_dec -45650
Flow Uec_29_157 flowId 164 uecSrc 163 finished at 355.934 total messages 1 total packets 498 RTS 8 total bytes 2002140 in_flight now -64 fair_inc 15727 prop_inc 38051 fast_inc 0 eta_inc 16092 multi_dec -95322 quick_dec -0 nack_dec -0
Flow Uec_237_109 flowId 22 uecSrc 21 finished at 358.116 total messages 1 total packets 490 RTS 0 total bytes 2002140 in_flight now 0 fair_inc 7433 prop_inc 33962 fast_inc 0 eta_inc 17284 multi_dec -105968 quick_dec -0 nack_dec -45650
Flow Uec_44_172 flowId 108 uecSrc 107 finished at 358.611 total messages 1 total packets 491 RTS 1 total bytes 2002140 in_flight now 0 fair_inc 5599 prop_inc 73191 fast_inc 0 eta_inc 16092 multi_dec -158604 quick_dec -0 nack_dec -8300
Flow Uec_22_150 flowId 13 uecSrc 12 finished at 360.708 total messages 1 total packets 495 RTS 5 total bytes 2002140 in_flight now 0 fair_inc 3666 prop_inc 47777 fast_inc 0 eta_inc 14900 multi_dec -0 quick_dec -154492 nack_dec -12450
Flow Uec_228_100 flowId 140 uecSrc 139 finished at 360.911 total messages 1 total packets 490 RTS 0 total bytes 2002140 in_flight now 0 fair_inc 4639 prop_inc 40492 fast_inc 0 eta_inc 17284 multi_dec -89752 quick_dec -0 nack_dec -66400
Flow Uec_13_141 flowId 111 uecSrc 110 finished at 365.377 total messages 1 total packets 496 RTS 6 total bytes 2002140 in_flight now 0 fair_inc 17880 prop_inc 64538 fast_inc 0 eta_inc 17284 multi_dec -121999 quick_dec -0 nack_dec -29050
Flow Uec_134_6 flowId 5 uecSrc 4 finished at 366.192 total messages 1 total packets 490 RTS 0 total bytes 2002140 in_flight now 0 fair_inc 5186 prop_inc 67226 fast_inc 0 eta_inc 16092 multi_dec -109801 quick_dec -0 nack_dec -58100
Flow Uec_143_15 flowId 120 uecSrc 119 finished at 366.691 total messages 1 total packets 490 RTS 0 total bytes 2002140 in_flight now 0 fair_inc 7622 prop_inc 54052 fast_inc 0 eta_inc 17284 multi_dec -133999 quick_dec -0 nack_dec -33200
Flow Uec_33_161 flowId 82 uecSrc 81 finished at 366.906 total messages 1 total packets 497 RTS 7 total bytes 2002140 in_flight now -64 fair_inc 14786 prop_inc 27125 fast_inc 0 eta_inc 16092 multi_dec -36713 quick_dec -0 nack_dec -4150
Flow Uec_235_107 flowId 8 uecSrc 7 finished at 367.857 total messages 1 total packets 490 RTS 0 total bytes 2002140 in_flight now 0 fair_inc 10913 prop_inc 40592 fast_inc 0 eta_inc 17284 multi_dec -85528 quick_dec -0 nack_dec -78850
Flow Uec_254_126 flowId 76 uecSrc 75 finished at 374.5 total messages 1 total packets 490 RTS 0 total bytes 2002140 in_flight now 0 fair_inc 3226 prop_inc 53123 fast_inc 11599 eta_inc 17880 multi_dec -85847 quick_dec -0 nack_dec -74700
Flow Uec_69_197 flowId 131 uecSrc 130 finished at 374.687 total messages 1 total packets 490 RTS 0 total bytes 2002140 in_flight now 0 fair_inc 4388 prop_inc 88648 fast_inc 0 eta_inc 17880 multi_dec -109826 quick_dec -0 nack_dec -58100
Flow Uec_48_176 flowId 57 uecSrc 56 finished at 376.482 total messages 1 total packets 493 RTS 3 total bytes 2002140 in_flight now 0 fair_inc 12351 prop_inc 73406 fast_inc 0 eta_inc 17284 multi_dec -162796 quick_dec -0 nack_dec -4150
Flow Uec_66_194 flowId 68 uecSrc 67 finished at 380.261 total messages 1 total packets 490 RTS 0 total bytes 2002140 in_flight now 0 fair_inc 2851 prop_inc 79156 fast_inc 0 eta_inc 17284 multi_dec -97485 quick_dec -0 nack_dec -70550
Flow Uec_238_110 flowId 125 uecSrc 124 finished at 388.46 total messages 1 total packets 490 RTS 0 total bytes 2002140 in_flight now 0 fair_inc 7770 prop_inc 51843 fast_inc 0 eta_inc 17880 multi_dec -62024 quick_dec -0 nack_dec -103750
Flow Uec_255_127 flowId 152 uecSrc 151 finished at 389.477 total messages 1 total packets 490 RTS 0 total bytes 2002140 in_flight now 0 fair_inc 8977 prop_inc 61182 fast_inc 0 eta_inc 17880 multi_dec -138142 quick_dec -0 nack_dec -41500
Flow Uec_148_20 flowId 36 uecSrc 35 finished at 394.368 total messages 1 total packets 490 RTS 0 total bytes 2002140 in_flight now 0 fair_inc 3546 prop_inc 66421 fast_inc 0 eta_inc 17284 multi_dec -157777 quick_dec -0 nack_dec -20750
Flow Uec_42_170 flowId 141 uecSrc 140 finished at 402.726 total messages 1 total packets 495 RTS 5 total bytes 2002140 in_flight now 0 fair_inc 7803 prop_inc 90297 fast_inc 9091 eta_inc 17880 multi_dec -150615 quick_dec -0 nack_dec -4150
Flow Uec_253_125 flowId 77 uecSrc 76 finished at 402.984 total messages 1 total packets 490 RTS 0 total bytes 2002140 in_flight now 0 fair_inc 7433 prop_inc 66107 fast_inc 0 eta_inc 17880 multi_dec -144173 quick_dec -0 nack_dec -41500
Flow Uec_108_236 flowId 92 uecSrc 91 finished at 405.922 total messages 1 total packets 490 RTS 0 total bytes 2002140 in_flight now 0 fair_inc 22394 prop_inc 15265 fast_inc 0 eta_inc 19072 multi_dec -66641 quick_dec -0 nack_dec -107900
Flow Uec_6_134 flowId 14 uecSrc 13 finished at 411.909 total messages 1 total packets 492 RTS 2 total bytes 2002140 in_flight now 0 fair_inc 18883 prop_inc 89163 fast_inc 62111 eta_inc 18476 multi_dec -207072 quick_dec -0 nack_dec -4150
Flow Uec_156_28 flowId 133 uecSrc 132 finished at 424.999 total messages 1 total packets 491 RTS 1 total bytes 2002140 in_flight now 0 fair_inc 38347 prop_inc 13358 fast_inc 0 eta_inc 19072 multi_dec -91833 quick_dec -0 nack_dec -87150
Flow Uec_245_117 flowId 119 uecSrc 118 finished at 429.199 total messages 1 total packets 490 RTS 0 total bytes 2002140 in_flight now 0 fair_inc 24089 prop_inc 69498 fast_inc 204557 eta_inc 18476 multi_dec -199096 quick_dec -0 nack_dec -29050
Flow Uec_239_111 flowId 116 uecSrc 115 finished at 435.152 total messages 1 total packets 490 RTS 0 total bytes 2002140 in_flight now 0 fair_inc 13343 prop_inc 32841 fast_inc 0 eta_inc 19072 multi_dec -14390 quick_dec -0 nack_dec -149400
Flow Uec_8_136 flowId 122 uecSrc 121 finished at 447.945 total messages 1 total packets 495 RTS 5 total bytes 2002140 in_flight now 0 fair_inc 8956 prop_inc 75017 fast_inc 3030 eta_inc 16092 multi_dec -0 quick_dec -182180 nack_dec -41500
Flow Uec_189_61 flowId 163 uecSrc 162 finished at 449.945 total messages 1 total packets 490 RTS 0 total bytes 2002140 in_flight now 0 fair_inc 22499 prop_inc 21682 fast_inc 0 eta_inc 20860 multi_dec -30810 quick_dec -0 nack_dec -145250
Flow Uec_60_188 flowId 107 uecSrc 106 finished at 455.687 total messages 1 total packets 490 RTS 0 total bytes 2002140 in_flight now 0 fair_inc 22763 prop_inc 18560 fast_inc 0 eta_inc 22052 multi_dec -63694 quick_dec -0 nack_dec -124500
Flow Uec_52_180 flowId 143 uecSrc 142 finished at 457.176 total messages 1 total packets 490 RTS 0 total bytes 2002140 in_flight now 0 fair_inc 6167 prop_inc 20900 fast_inc 0 eta_inc 22052 multi_dec -24496 quick_dec -0 nack_dec -132800
Flow Uec_116_244 flowId 9 uecSrc 8 finished at 461.954 total messages 1 total packets 490 RTS 0 total bytes 2002140 in_flight now 0 fair_inc 16535 prop_inc 19090 fast_inc 0 eta_inc 22052 multi_dec -23979 quick_dec -0 nack_dec -141100
Flow Uec_10_138 flowId 67 uecSrc 66 finished at 463.759 total messages 1 total packets 502 RTS 12 total bytes 2002140 in_flight now 0 fair_inc 1186 prop_inc 82976 fast_inc 0 eta_inc 19072 multi_dec -0 quick_dec -102875 nack_dec -16600
Flow Uec_169_41 flowId 41 uecSrc 40 finished at 463.997 total messages 1 total packets 490 RTS 0 total bytes 2002140 in_flight now 0 fair_inc 33112 prop_inc 10259 fast_inc 0 eta_inc 22052 multi_dec -82824 quick_dec -0 nack_dec -107900
Flow Uec_150_22 flowId 43 uecSrc 42 finished at 467.431 total messages 1 total packets 490 RTS 0 total bytes 2002140 in_flight now 0 fair_inc 28607 prop_inc 28605 fast_inc 0 eta_inc 22052 multi_dec -90535 quick_dec -0 nack_dec -83000
Flow Uec_98_226 flowId 26 uecSrc 25 finished at 475.638 total messages 1 total packets 490 RTS 0 total bytes 2002140 in_flight now 0 fair_inc 31469 prop_inc 39607 fast_inc 0 eta_inc 18476 multi_dec -94257 quick_dec -0 nack_dec -83000
Flow Uec_185_57 flowId 118 uecSrc 117 finished at 479.332 total messages 1 total packets 490 RTS 0 total bytes 2002140 in_flight now 0 fair_inc 26597 prop_inc 33980 fast_inc 0 eta_inc 22052 multi_dec -125137 quick_dec -0 nack_dec -70550
Flow Uec_111_239 flowId 114 uecSrc 113 finished at 479.984 total messages 1 total packets 490 RTS 0 total bytes 2002140 in_flight now 0 fair_inc 20177 prop_inc 27629 fast_inc 0 eta_inc 22648 multi_dec -106603 quick_dec -0 nack_dec -70550
Flow Uec_5_133 flowId 132 uecSrc 131 finished at 480.228 total messages 1 total packets 501 RTS 11 total bytes 2002140 in_flight now -64 fair_inc 5774 prop_inc 43859 fast_inc 2035 eta_inc 19072 multi_dec -0 quick_dec -135152 nack_dec -8300
Flow Uec_159_31 flowId 51 uecSrc 50 finished at 483.414 total messages 1 total packets 490 RTS 0 total bytes 2002140 in_flight now 0 fair_inc 19262 prop_inc 21286 fast_inc 0 eta_inc 22648 multi_dec -100993 quick_dec -0 nack_dec -83000
Flow Uec_28_156 flowId 16 uecSrc 15 finished at 495.072 total messages 1 total packets 496 RTS 6 total bytes 2002140 in_flight now -64 fair_inc 16921 prop_inc 78425 fast_inc 143941 eta_inc 20860 multi_dec -126013 quick_dec -9811 nack_dec -4150
Flow Uec_227_99 flowId 34 uecSrc 33 finished at 505.412 total messages 1 total packets 490 RTS 0 total bytes 2002140 in_flight now 0 fair_inc 18230 prop_inc 65919 fast_inc 4040 eta_inc 22648 multi_dec -69388 quick_dec -0 nack_dec -128650
Flow Uec_100_228 flowId 162 uecSrc 161 finished at 514.761 total messages 1 total packets 490 RTS 0 total bytes 2002140 in_flight now 0 fair_inc 3676 prop_inc 59023 fast_inc 55040 eta_inc 20860 multi_dec -74677 quick_dec -0 nack_dec -107900
Flow Uec_182_54 flowId 27 uecSrc 26 finished at 516.049 total messages 1 total packets 490 RTS 0 total bytes 2002140 in_flight now 0 fair_inc 5657 prop_inc 49037 fast_inc 50997 eta_inc 22052 multi_dec -103632 quick_dec -0 nack_dec -87150
Flow Uec_175_47 flowId 136 uecSrc 135 finished at 517.489 total messages 1 total packets 490 RTS 0 total bytes 2002140 in_flight now 0 fair_inc 32563 prop_inc 36542 fast_inc 0 eta_inc 23244 multi_dec -75489 quick_dec -0 nack_dec -120350
Flow Uec_214_86 flowId 15 uecSrc 14 finished at 520.662 total messages 1 total packets 490 RTS 0 total bytes 2002140 in_flight now 0 fair_inc 31258 prop_inc 8172 fast_inc 0 eta_inc 24436 multi_dec -48153 quick_dec -0 nack_dec -136950
Flow Uec_171_43 flowId 139 uecSrc 138 finished at 522.391 total messages 1 total packets 491 RTS 1 total bytes 2002140 in_flight now 0 fair_inc 48790 prop_inc 60749 fast_inc 0 eta_inc 22052 multi_dec -113433 quick_dec -0 nack_dec -99600
Flow Uec_107_235 flowId 37 uecSrc 36 finished at 523.828 total messages 1 total packets 490 RTS 0 total bytes 2002140 in_flight now 0 fair_inc 26060 prop_inc 35198 fast_inc 61096 eta_inc 24436 multi_dec -117286 quick_dec -0 nack_dec -99600
Flow Uec_217_89 flowId 85 uecSrc 84 finished at 539.53 total messages 1 total packets 490 RTS 0 total bytes 2002140 in_flight now 0 fair_inc 26057 prop_inc 12125 fast_inc 0 eta_inc 24436 multi_dec -53037 quick_dec -0 nack_dec -145250
Flow Uec_67_195 flowId 146 uecSrc 145 finished at 543.718 total messages 1 total packets 490 RTS 0 total bytes 2002140 in_flight now 0 fair_inc 24602 prop_inc 30200 fast_inc 141914 eta_inc 24436 multi_dec -150876 quick_dec -0 nack_dec -78850
Flow Uec_144_16 flowId 61 uecSrc 60 finished at 568.604 total messages 1 total packets 490 RTS 0 total bytes 2002140 in_flight now 0 fair_inc 36878 prop_inc 21548 fast_inc 0 eta_inc 25628 multi_dec -50475 quick_dec -0 nack_dec -153550
Flow Uec_230_102 flowId 40 uecSrc 39 finished at 573.961 total messages 1 total packets 490 RTS 0 total bytes 2002140 in_flight now 0 fair_inc 22069 prop_inc 80578 fast_inc 83326 eta_inc 22648 multi_dec -152435 quick_dec -0 nack_dec -74700
Flow Uec_1_129 flowId 49 uecSrc 48 finished at 589.776 total messages 1 total packets 496 RTS 6 total bytes 2002140 in_flight now -64 fair_inc 2735 prop_inc 92705 fast_inc 0 eta_inc 17880 multi_dec -0 quick_dec -143458 nack_dec -16600
Flow Uec_146_18 flowId 54 uecSrc 53 finished at 593.092 total messages 1 total packets 491 RTS 1 total bytes 2002140 in_flight now 0 fair_inc 61829 prop_inc 21191 fast_inc 0 eta_inc 26820 multi_dec -136998 quick_dec -0 nack_dec -112050
Flow Uec_212_84 flowId 110 uecSrc 109 finished at 603.393 total messages 1 total packets 490 RTS 0 total bytes 2002140 in_flight now 0 fair_inc 35467 prop_inc 9567 fast_inc 0 eta_inc 28012 multi_dec -96083 quick_dec -0 nack_dec -145250
Flow Uec_181_53 flowId 1 uecSrc 0 finished at 612.359 total messages 1 total packets 490 RTS 0 total bytes 2002140 in_flight now 0 fair_inc 20961 prop_inc 12254 fast_inc 0 eta_inc 27416 multi_dec -40652 quick_dec -0 nack_dec -153550
Flow Uec_199_71 flowId 75 uecSrc 74 finished at 624.381 total messages 1 total packets 490 RTS 0 total bytes 2002140 in_flight now 0 fair_inc 15944 prop_inc 65330 fast_inc 0 eta_inc 27416 multi_dec -64688 quick_dec -0 nack_dec -132800
Flow Uec_243_115 flowId 4 uecSrc 3 finished at 631.879 total messages 1 total packets 490 RTS 0 total bytes 2002140 in_flight now 0 fair_inc 19271 prop_inc 8034 fast_inc 0 eta_inc 29204 multi_dec -28205 quick_dec -0 nack_dec -174300
Flow Uec_191_63 flowId 31 uecSrc 30 finished at 636.092 total messages 1 total packets 490 RTS 0 total bytes 2002140 in_flight now 0 fair_inc 19618 prop_inc 17202 fast_inc 0 eta_inc 29204 multi_dec -45298 quick_dec -0 nack_dec -149400
Flow Uec_142_14 flowId 99 uecSrc 98 finished at 642.197 total messages 1 total packets 491 RTS 1 total bytes 2002140 in_flight now 0 fair_inc 42572 prop_inc 49581 fast_inc 0 eta_inc 25032 multi_dec -137020 quick_dec -0 nack_dec -99600
Flow Uec_218_90 flowId 112 uecSrc 111 finished at 644.361 total messages 1 total packets 490 RTS 0 total bytes 2002140 in_flight now 0 fair_inc 38382 prop_inc 14363 fast_inc 0 eta_inc 27416 multi_dec -38925 quick_dec -0 nack_dec -166000
Flow Uec_198_70 flowId 102 uecSrc 101 finished at 657.075 total messages 1 total packets 490 RTS 0 total bytes 2002140 in_flight now 0 fair_inc 52136 prop_inc 13838 fast_inc 0 eta_inc 29800 multi_dec -117475 quick_dec -0 nack_dec -112050
Flow Uec_178_50 flowId 150 uecSrc 149 finished at 673.075 total messages 1 total packets 490 RTS 0 total bytes 2002140 in_flight now 0 fair_inc 17668 prop_inc 43503 fast_inc 0 eta_inc 23840 multi_dec -84782 quick_dec -0 nack_dec -128650
Flow Uec_194_66 flowId 59 uecSrc 58 finished at 673.9 total messages 1 total packets 490 RTS 0 total bytes 2002140 in_flight now 0 fair_inc 33703 prop_inc 44246 fast_inc 0 eta_inc 30396 multi_dec -145027 quick_dec -0 nack_dec -99600
Flow Uec_200_72 flowId 74 uecSrc 73 finished at 683.651 total messages 1 total packets 490 RTS 0 total bytes 2002140 in_flight now 0 fair_inc 42445 prop_inc 26697 fast_inc 28774 eta_inc 28608 multi_dec -146266 quick_dec -0 nack_dec -95450
Flow Uec_74_202 flowId 65 uecSrc 64 finished at 683.836 total messages 1 total packets 490 RTS 0 total bytes 2002140 in_flight now 0 fair_inc 54410 prop_inc 9319 fast_inc 0 eta_inc 23244 multi_dec -114921 quick_dec -0 nack_dec -116200
Flow Uec_201_73 flowId 63 uecSrc 62 finished at 706.22 total messages 1 total packets 490 RTS 0 total bytes 2002140 in_flight now 0 fair_inc 22496 prop_inc 107185 fast_inc 0 eta_inc 27416 multi_dec -118335 quick_dec -0 nack_dec -116200
Flow Uec_226_98 flowId 78 uecSrc 77 finished at 708.742 total messages 1 total packets 490 RTS 0 total bytes 2002140 in_flight now 0 fair_inc 34450 prop_inc 19497 fast_inc 0 eta_inc 23244 multi_dec -90499 quick_dec -0 nack_dec -141100
Flow Uec_140_12 flowId 153 uecSrc 152 finished at 715.75 total messages 1 total packets 491 RTS 1 total bytes 2002140 in_flight now 0 fair_inc 18429 prop_inc 88969 fast_inc 8082 eta_inc 29800 multi_dec -89569 quick_dec -0 nack_dec -136950
Flow Uec_84_212 flowId 62 uecSrc 61 finished at 727.489 total messages 1 total packets 490 RTS 0 total bytes 2002140 in_flight now 0 fair_inc 38502 prop_inc 15143 fast_inc 0 eta_inc 23840 multi_dec -33851 quick_dec -0 nack_dec -186750
Flow Uec_236_108 flowId 11 uecSrc 10 finished at 749.075 total messages 1 total packets 490 RTS 0 total bytes 2002140 in_flight now 0 fair_inc 22300 prop_inc 32458 fast_inc 0 eta_inc 32780 multi_dec -54012 quick_dec -0 nack_dec -161850
Flow Uec_11_139 flowId 123 uecSrc 122 finished at 780.817 total messages 1 total packets 511 RTS 21 total bytes 2002140 in_flight now -192 fair_inc 10071 prop_inc 84864 fast_inc 0 eta_inc 26820 multi_dec -0 quick_dec -41665 nack_dec -16600
Flow Uec_80_208 flowId 52 uecSrc 51 finished at 793.718 total messages 1 total packets 490 RTS 0 total bytes 2002140 in_flight now 0 fair_inc 40718 prop_inc 40319 fast_inc 0 eta_inc 30992 multi_dec -46119 quick_dec -18139 nack_dec -178450
Flow Uec_70_198 flowId 72 uecSrc 71 finished at 794.875 total messages 1 total packets 490 RTS 0 total bytes 2002140 in_flight now 0 fair_inc 29531 prop_inc 42550 fast_inc 0 eta_inc 35164 multi_dec -97069 quick_dec -0 nack_dec -149400
Flow Uec_231_103 flowId 157 uecSrc 156 finished at 819.419 total messages 1 total packets 490 RTS 0 total bytes 2002140 in_flight now 0 fair_inc 15855 prop_inc 77108 fast_inc 0 eta_inc 33376 multi_dec -92862 quick_dec -0 nack_dec -132800
Flow Uec_157_29 flowId 50 uecSrc 49 finished at 825.604 total messages 1 total packets 490 RTS 0 total bytes 2002140 in_flight now 0 fair_inc 75208 prop_inc 1311 fast_inc 0 eta_inc 31588 multi_dec -110607 quick_dec -0 nack_dec -178450
Flow Uec_168_40 flowId 55 uecSrc 54 finished at 853.321 total messages 1 total packets 491 RTS 1 total bytes 2002140 in_flight now 0 fair_inc 43946 prop_inc 3823 fast_inc 0 eta_inc 29800 multi_dec -90569 quick_dec -0 nack_dec -141100
Flow Uec_234_106 flowId 30 uecSrc 29 finished at 861.277 total messages 1 total packets 490 RTS 0 total bytes 2002140 in_flight now 0 fair_inc 50175 prop_inc 76503 fast_inc 47970 eta_inc 29204 multi_dec -95904 quick_dec -17921 nack_dec -141100
Flow Uec_68_196 flowId 64 uecSrc 63 finished at 864.496 total messages 1 total packets 490 RTS 0 total bytes 2002140 in_flight now 0 fair_inc 62424 prop_inc 77990 fast_inc 0 eta_inc 34568 multi_dec -164066 quick_dec --107 nack_dec -124500
Flow Uec_12_140 flowId 117 uecSrc 116 finished at 869.235 total messages 1 total packets 507 RTS 17 total bytes 2002140 in_flight now 0 fair_inc 13890 prop_inc 103015 fast_inc 22713 eta_inc 30992 multi_dec -1173 quick_dec -51841 nack_dec -8300
Flow Uec_82_210 flowId 35 uecSrc 34 finished at 894.328 total messages 1 total packets 490 RTS 0 total bytes 2002140 in_flight now 0 fair_inc 59248 prop_inc 2147 fast_inc 0 eta_inc 32184 multi_dec -61348 quick_dec -16947 nack_dec -186750
Flow Uec_94_222 flowId 7 uecSrc 6 finished at 902.789 total messages 1 total packets 490 RTS 0 total bytes 2002140 in_flight now 0 fair_inc 26258 prop_inc 3249 fast_inc 0 eta_inc 30396 multi_dec -46001 quick_dec -0 nack_dec -166000
Flow Uec_174_46 flowId 96 uecSrc 95 finished at 905.606 total messages 1 total packets 490 RTS 0 total bytes 2002140 in_flight now 0 fair_inc 76466 prop_inc 7223 fast_inc 0 eta_inc 34568 multi_dec -116257 quick_dec -0 nack_dec -166000
Flow Uec_161_33 flowId 21 uecSrc 20 finished at 914.066 total messages 1 total packets 490 RTS 0 total bytes 2002140 in_flight now 0 fair_inc 71243 prop_inc 7385 fast_inc 0 eta_inc 26224 multi_dec -45073 quick_dec -50731 nack_dec -153550
Flow Uec_158_30 flowId 84 uecSrc 83 finished at 981.79 total messages 1 total packets 490 RTS 0 total bytes 2002140 in_flight now 0 fair_inc 68968 prop_inc 46716 fast_inc 0 eta_inc 33376 multi_dec -71827 quick_dec -30489 nack_dec -166000
Flow Uec_75_203 flowId 29 uecSrc 28 finished at 1045.05 total messages 1 total packets 490 RTS 0 total bytes 2002140 in_flight now 0 fair_inc 23530 prop_inc 21544 fast_inc 0 eta_inc 40528 multi_dec -39894 quick_dec -12971 nack_dec -182600
Flow Uec_165_37 flowId 106 uecSrc 105 finished at 1052.9 total messages 1 total packets 490 RTS 0 total bytes 2002140 in_flight now 0 fair_inc 63100 prop_inc 73673 fast_inc 0 eta_inc 38740 multi_dec -138074 quick_dec -11443 nack_dec -149400
Flow Uec_96_224 flowId 105 uecSrc 104 finished at 1079.4 total messages 1 total packets 490 RTS 0 total bytes 2002140 in_flight now 0 fair_inc 73224 prop_inc 17687 fast_inc 0 eta_inc 41124 multi_dec -127790 quick_dec -0 nack_dec -161850
Flow Uec_73_201 flowId 10 uecSrc 9 finished at 1084.21 total messages 1 total packets 490 RTS 0 total bytes 2002140 in_flight now 0 fair_inc 83185 prop_inc 18168 fast_inc 0 eta_inc 39336 multi_dec -132446 quick_dec -1853 nack_dec -166000
Flow Uec_77_205 flowId 137 uecSrc 136 finished at 1166.58 total messages 1 total packets 490 RTS 0 total bytes 2002140 in_flight now 0 fair_inc 41292 prop_inc 55567 fast_inc 11112 eta_inc 40528 multi_dec -104100 quick_dec --458 nack_dec -166000
Flow Uec_81_209 flowId 60 uecSrc 59 finished at 1167.41 total messages 1 total packets 490 RTS 0 total bytes 2002140 in_flight now 0 fair_inc 53158 prop_inc 59296 fast_inc 9091 eta_inc 37548 multi_dec -100473 quick_dec -10565 nack_dec -161850
.Done
New: 81340 Rtx: 3173 RTS: 161 Bounced: 0 ACKs: 62218 NACKs: 2607 Pulls: 0 sleek_pkts: 0
