traffic matrix input file: connection_matrices/load_sweep/load0.85_n256_seed4.cm
Load balancing algorithm set to reps
no_of_nodes 256
Dragonfly+ strategy: FPAR
Setting queuesize to 50 packets
endtime(us) 100000
random seed 4
Packet size (MTU) is 4150
Parsed args
Logging to reps_dfp_results/reps_final_sweep/load0.85_reps_seed4.dat
Loading connection matrix from connection_matrices/load_sweep/load0.85_n256_seed4.cm
Nodes: 256 Connections: 218 Triggers: 0 Failures: 0
Setting ECN low 33200 high 120350
Dragonfly+ with medium topology type
Link latencies: 1 and switch latencies: 0
queue_id 2 ecn_low 33200 ecn_high 120350
DragonFly+ constructor done, 392 nodes created
Note: topology supports 392 hosts; 136 host port(s) will be unused.
network_max_unloaded_rtt 11.6856 us
Setting min RTO to 114.6
Per-hop RTT normalization: ON (strategy fpar)
Initializing static NSCC parameters: _reference_network_linkspeed=100000000000 _reference_network_rtt=12000000 _reference_network_bdp=150000 _target_Qdelay=8764200 _network_linkspeed=100000000000 _network_rtt=11685600 _network_bdp=146070 _qa_gate=2^3 _qa_threshold=3.50568e+07 _scaling_factor_a=0.9738 _scaling_factor_b=0.73035 _alpha=0.00132632 _fi=19894.7 _eta=596.842 _qa_scaling=1 _gamma=0.8 _fi_scale=0.24345 _delay_alpha=0.0125 _adjust_period_threshold=11685600 _adjust_bytes_threshold=33200
Initialize per-instance NSCC parameters: flowid 1 _base_rtt=11685600 _base_bdp=146070 _bdp=146070 _min_cwnd=4150 _maxwnd=219105 _cwnd=219105
Initialize per-instance NSCC parameters: flowid 2 _base_rtt=11685600 _base_bdp=146070 _bdp=146070 _min_cwnd=4150 _maxwnd=219105 _cwnd=219105
Initialize per-instance NSCC parameters: flowid 3 _base_rtt=11685600 _base_bdp=146070 _bdp=146070 _min_cwnd=4150 _maxwnd=219105 _cwnd=219105
Initialize per-instance NSCC parameters: flowid 4 _base_rtt=11685600 _base_bdp=146070 _bdp=146070 _min_cwnd=4150 _maxwnd=219105 _cwnd=219105
Initialize per-instance NSCC parameters: flowid 5 _base_rtt=11685600 _base_bdp=146070 _bdp=146070 _min_cwnd=4150 _maxwnd=219105 _cwnd=219105
Initialize per-instance NSCC parameters: flowid 6 _base_rtt=11685600 _base_bdp=146070 _bdp=146070 _min_cwnd=4150 _maxwnd=219105 _cwnd=219105
Initialize per-instance NSCC parameters: flowid 7 _base_rtt=11685600 _base_bdp=146070 _bdp=146070 _min_cwnd=4150 _maxwnd=219105 _cwnd=219105
Initialize per-instance NSCC parameters: flowid 8 _base_rtt=11685600 _base_bdp=146070 _bdp=146070 _min_cwnd=4150 _maxwnd=219105 _cwnd=219105
Initialize per-instance NSCC parameters: flowid 9 _base_rtt=11685600 _base_bdp=146070 _bdp=146070 _min_cwnd=4150 _maxwnd=219105 _cwnd=219105
Initialize per-instance NSCC parameters: flowid 10 _base_rtt=11685600 _base_bdp=146070 _bdp=146070 _min_cwnd=4150 _maxwnd=219105 _cwnd=219105
Initialize per-instance NSCC parameters: flowid 11 _base_rtt=11685600 _base_bdp=146070 _bdp=146070 _min_cwnd=4150 _maxwnd=219105 _cwnd=219105
Initialize per-instance NSCC parameters: flowid 12 _base_rtt=11685600 _base_bdp=146070 _bdp=146070 _min_cwnd=4150 _maxwnd=219105 _cwnd=219105
Initialize per-instance NSCC parameters: flowid 13 _base_rtt=11685600 _base_bdp=146070 _bdp=146070 _min_cwnd=4150 _maxwnd=219105 _cwnd=219105
Initialize per-instance NSCC parameters: flowid 14 _base_rtt=11685600 _base_bdp=146070 _bdp=146070 _min_cwnd=4150 _maxwnd=219105 _cwnd=219105
Initialize per-instance NSCC parameters: flowid 15 _base_rtt=11685600 _base_bdp=146070 _bdp=146070 _min_cwnd=4150 _maxwnd=219105 _cwnd=219105
Initialize per-instance NSCC parameters: flowid 16 _base_rtt=11685600 _base_bdp=146070 _bdp=146070 _min_cwnd=4150 _maxwnd=219105 _cwnd=219105
Initialize per-instance NSCC parameters: flowid 17 _base_rtt=11685600 _base_bdp=146070 _bdp=146070 _min_cwnd=4150 _maxwnd=219105 _cwnd=219105
Initialize per-instance NSCC parameters: flowid 18 _base_rtt=11685600 _base_bdp=146070 _bdp=146070 _min_cwnd=4150 _maxwnd=219105 _cwnd=219105
Initialize per-instance NSCC parameters: flowid 19 _base_rtt=11685600 _base_bdp=146070 _bdp=146070 _min_cwnd=4150 _maxwnd=219105 _cwnd=219105
Initialize per-instance NSCC parameters: flowid 20 _base_rtt=11685600 _base_bdp=146070 _bdp=146070 _min_cwnd=4150 _maxwnd=219105 _cwnd=219105
Initialize per-instance NSCC parameters: flowid 21 _base_rtt=11685600 _base_bdp=146070 _bdp=146070 _min_cwnd=4150 _maxwnd=219105 _cwnd=219105
Initialize per-instance NSCC parameters: flowid 22 _base_rtt=11685600 _base_bdp=146070 _bdp=146070 _min_cwnd=4150 _maxwnd=219105 _cwnd=219105
Initialize per-instance NSCC parameters: flowid 23 _base_rtt=11685600 _base_bdp=146070 _bdp=146070 _min_cwnd=4150 _maxwnd=219105 _cwnd=219105
Initialize per-instance NSCC parameters: flowid 24 _base_rtt=11685600 _base_bdp=146070 _bdp=146070 _min_cwnd=4150 _maxwnd=219105 _cwnd=219105
Initialize per-instance NSCC parameters: flowid 25 _base_rtt=11685600 _base_bdp=146070 _bdp=146070 _min_cwnd=4150 _maxwnd=219105 _cwnd=219105
Initialize per-instance NSCC parameters: flowid 26 _base_rtt=11685600 _base_bdp=146070 _bdp=146070 _min_cwnd=4150 _maxwnd=219105 _cwnd=219105
Initialize per-instance NSCC parameters: flowid 27 _base_rtt=11685600 _base_bdp=146070 _bdp=146070 _min_cwnd=4150 _maxwnd=219105 _cwnd=219105
Initialize per-instance NSCC parameters: flowid 28 _base_rtt=11685600 _base_bdp=146070 _bdp=146070 _min_cwnd=4150 _maxwnd=219105 _cwnd=219105
Initialize per-instance NSCC parameters: flowid 29 _base_rtt=11685600 _base_bdp=146070 _bdp=146070 _min_cwnd=4150 _maxwnd=219105 _cwnd=219105
Initialize per-instance NSCC parameters: flowid 30 _base_rtt=11685600 _base_bdp=146070 _bdp=146070 _min_cwnd=4150 _maxwnd=219105 _cwnd=219105
Initialize per-instance NSCC parameters: flowid 31 _base_rtt=11685600 _base_bdp=146070 _bdp=146070 _min_cwnd=4150 _maxwnd=219105 _cwnd=219105
Initialize per-instance NSCC parameters: flowid 32 _base_rtt=11685600 _base_bdp=146070 _bdp=146070 _min_cwnd=4150 _maxwnd=219105 _cwnd=219105
Initialize per-instance NSCC parameters: flowid 33 _base_rtt=11685600 _base_bdp=146070 _bdp=146070 _min_cwnd=4150 _maxwnd=219105 _cwnd=219105
Initialize per-instance NSCC parameters: flowid 34 _base_rtt=11685600 _base_bdp=146070 _bdp=146070 _min_cwnd=4150 _maxwnd=219105 _cwnd=219105
Initialize per-instance NSCC parameters: flowid 35 _base_rtt=11685600 _base_bdp=146070 _bdp=146070 _min_cwnd=4150 _maxwnd=219105 _cwnd=219105
Initialize per-instance NSCC parameters: flowid 36 _base_rtt=11685600 _base_bdp=146070 _bdp=146070 _min_cwnd=4150 _maxwnd=219105 _cwnd=219105
Initialize per-instance NSCC parameters: flowid 37 _base_rtt=11685600 _base_bdp=146070 _bdp=146070 _min_cwnd=4150 _maxwnd=219105 _cwnd=219105
Initialize per-instance NSCC parameters: flowid 38 _base_rtt=11685600 _base_bdp=146070 _bdp=146070 _min_cwnd=4150 _maxwnd=219105 _cwnd=219105
Initialize per-instance NSCC parameters: flowid 39 _base_rtt=11685600 _base_bdp=146070 _bdp=146070 _min_cwnd=4150 _maxwnd=219105 _cwnd=219105
Initialize per-instance NSCC parameters: flowid 40 _base_rtt=11685600 _base_bdp=146070 _bdp=146070 _min_cwnd=4150 _maxwnd=219105 _cwnd=219105
Initialize per-instance NSCC parameters: flowid 41 _base_rtt=11685600 _base_bdp=146070 _bdp=146070 _min_cwnd=4150 _maxwnd=219105 _cwnd=219105
Initialize per-instance NSCC parameters: flowid 42 _base_rtt=11685600 _base_bdp=146070 _bdp=146070 _min_cwnd=4150 _maxwnd=219105 _cwnd=219105
Initialize per-instance NSCC parameters: flowid 43 _base_rtt=11685600 _base_bdp=146070 _bdp=146070 _min_cwnd=4150 _maxwnd=219105 _cwnd=219105
Initialize per-instance NSCC parameters: flowid 44 _base_rtt=11685600 _base_bdp=146070 _bdp=146070 _min_cwnd=4150 _maxwnd=219105 _cwnd=219105
Initialize per-instance NSCC parameters: flowid 45 _base_rtt=11685600 _base_bdp=146070 _bdp=146070 _min_cwnd=4150 _maxwnd=219105 _cwnd=219105
Initialize per-instance NSCC parameters: flowid 46 _base_rtt=11685600 _base_bdp=146070 _bdp=146070 _min_cwnd=4150 _maxwnd=219105 _cwnd=219105
Initialize per-instance NSCC parameters: flowid 47 _base_rtt=11685600 _base_bdp=146070 _bdp=146070 _min_cwnd=4150 _maxwnd=219105 _cwnd=219105
Initialize per-instance NSCC parameters: flowid 48 _base_rtt=11685600 _base_bdp=146070 _bdp=146070 _min_cwnd=4150 _maxwnd=219105 _cwnd=219105
Initialize per-instance NSCC parameters: flowid 49 _base_rtt=11685600 _base_bdp=146070 _bdp=146070 _min_cwnd=4150 _maxwnd=219105 _cwnd=219105
Initialize per-instance NSCC parameters: flowid 50 _base_rtt=11685600 _base_bdp=146070 _bdp=146070 _min_cwnd=4150 _maxwnd=219105 _cwnd=219105
Initialize per-instance NSCC parameters: flowid 51 _base_rtt=11685600 _base_bdp=146070 _bdp=146070 _min_cwnd=4150 _maxwnd=219105 _cwnd=219105
Initialize per-instance NSCC parameters: flowid 52 _base_rtt=11685600 _base_bdp=146070 _bdp=146070 _min_cwnd=4150 _maxwnd=219105 _cwnd=219105
Initialize per-instance NSCC parameters: flowid 53 _base_rtt=11685600 _base_bdp=146070 _bdp=146070 _min_cwnd=4150 _maxwnd=219105 _cwnd=219105
Initialize per-instance NSCC parameters: flowid 54 _base_rtt=11685600 _base_bdp=146070 _bdp=146070 _min_cwnd=4150 _maxwnd=219105 _cwnd=219105
Initialize per-instance NSCC parameters: flowid 55 _base_rtt=11685600 _base_bdp=146070 _bdp=146070 _min_cwnd=4150 _maxwnd=219105 _cwnd=219105
Initialize per-instance NSCC parameters: flowid 56 _base_rtt=11685600 _base_bdp=146070 _bdp=146070 _min_cwnd=4150 _maxwnd=219105 _cwnd=219105
Initialize per-instance NSCC parameters: flowid 57 _base_rtt=11685600 _base_bdp=146070 _bdp=146070 _min_cwnd=4150 _maxwnd=219105 _cwnd=219105
Initialize per-instance NSCC parameters: flowid 58 _base_rtt=11685600 _base_bdp=146070 _bdp=146070 _min_cwnd=4150 _maxwnd=219105 _cwnd=219105
Initialize per-instance NSCC parameters: flowid 59 _base_rtt=11685600 _base_bdp=146070 _bdp=146070 _min_cwnd=4150 _maxwnd=219105 _cwnd=219105
Initialize per-instance NSCC parameters: flowid 60 _base_rtt=11685600 _base_bdp=146070 _bdp=146070 _min_cwnd=4150 _maxwnd=219105 _cwnd=219105
Initialize per-instance NSCC parameters: flowid 61 _base_rtt=11685600 _base_bdp=146070 _bdp=146070 _min_cwnd=4150 _maxwnd=219105 _cwnd=219105
Initialize per-instance NSCC parameters: flowid 62 _base_rtt=11685600 _base_bdp=146070 _bdp=146070 _min_cwnd=4150 _maxwnd=219105 _cwnd=219105
Initialize per-instance NSCC parameters: flowid 63 _base_rtt=11685600 _base_bdp=146070 _bdp=146070 _min_cwnd=4150 _maxwnd=219105 _cwnd=219105
Initialize per-instance NSCC parameters: flowid 64 _base_rtt=11685600 _base_bdp=146070 _bdp=146070 _min_cwnd=4150 _maxwnd=219105 _cwnd=219105
Initialize per-instance NSCC parameters: flowid 65 _base_rtt=11685600 _base_bdp=146070 _bdp=146070 _min_cwnd=4150 _maxwnd=219105 _cwnd=219105
Initialize per-instance NSCC parameters: flowid 66 _base_rtt=11685600 _base_bdp=146070 _bdp=146070 _min_cwnd=4150 _maxwnd=219105 _cwnd=219105
Initialize per-instance NSCC parameters: flowid 67 _base_rtt=11685600 _base_bdp=146070 _bdp=146070 _min_cwnd=4150 _maxwnd=219105 _cwnd=219105
Initialize per-instance NSCC parameters: flowid 68 _base_rtt=11685600 _base_bdp=146070 _bdp=146070 _min_cwnd=4150 _maxwnd=219105 _cwnd=219105
Initialize per-instance NSCC parameters: flowid 69 _base_rtt=11685600 _base_bdp=146070 _bdp=146070 _min_cwnd=4150 _maxwnd=219105 _cwnd=219105
Initialize per-instance NSCC parameters: flowid 70 _base_rtt=11685600 _base_bdp=146070 _bdp=146070 _min_cwnd=4150 _maxwnd=219105 _cwnd=219105
Initialize per-instance NSCC parameters: flowid 71 _base_rtt=11685600 _base_bdp=146070 _bdp=146070 _min_cwnd=4150 _maxwnd=219105 _cwnd=219105
Initialize per-instance NSCC parameters: flowid 72 _base_rtt=11685600 _base_bdp=146070 _bdp=146070 _min_cwnd=4150 _maxwnd=219105 _cwnd=219105
Initialize per-instance NSCC parameters: flowid 73 _base_rtt=11685600 _base_bdp=146070 _bdp=146070 _min_cwnd=4150 _maxwnd=219105 _cwnd=219105
Initialize per-instance NSCC parameters: flowid 74 _base_rtt=11685600 _base_bdp=146070 _bdp=146070 _min_cwnd=4150 _maxwnd=219105 _cwnd=219105
Initialize per-instance NSCC parameters: flowid 75 _base_rtt=11685600 _base_bdp=146070 _bdp=146070 _min_cwnd=4150 _maxwnd=219105 _cwnd=219105
Initialize per-instance NSCC parameters: flowid 76 _base_rtt=11685600 _base_bdp=146070 _bdp=146070 _min_cwnd=4150 _maxwnd=219105 _cwnd=219105
Initialize per-instance NSCC parameters: flowid 77 _base_rtt=11685600 _base_bdp=146070 _bdp=146070 _min_cwnd=4150 _maxwnd=219105 _cwnd=219105
Initialize per-instance NSCC parameters: flowid 78 _base_rtt=11685600 _base_bdp=146070 _bdp=146070 _min_cwnd=4150 _maxwnd=219105 _cwnd=219105
Initialize per-instance NSCC parameters: flowid 79 _base_rtt=11685600 _base_bdp=146070 _bdp=146070 _min_cwnd=4150 _maxwnd=219105 _cwnd=219105
Initialize per-instance NSCC parameters: flowid 80 _base_rtt=11685600 _base_bdp=146070 _bdp=146070 _min_cwnd=4150 _maxwnd=219105 _cwnd=219105
Initialize per-instance NSCC parameters: flowid 81 _base_rtt=11685600 _base_bdp=146070 _bdp=146070 _min_cwnd=4150 _maxwnd=219105 _cwnd=219105
Initialize per-instance NSCC parameters: flowid 82 _base_rtt=11685600 _base_bdp=146070 _bdp=146070 _min_cwnd=4150 _maxwnd=219105 _cwnd=219105
Initialize per-instance NSCC parameters: flowid 83 _base_rtt=11685600 _base_bdp=146070 _bdp=146070 _min_cwnd=4150 _maxwnd=219105 _cwnd=219105
Initialize per-instance NSCC parameters: flowid 84 _base_rtt=11685600 _base_bdp=146070 _bdp=146070 _min_cwnd=4150 _maxwnd=219105 _cwnd=219105
Initialize per-instance NSCC parameters: flowid 85 _base_rtt=11685600 _base_bdp=146070 _bdp=146070 _min_cwnd=4150 _maxwnd=219105 _cwnd=219105
Initialize per-instance NSCC parameters: flowid 86 _base_rtt=11685600 _base_bdp=146070 _bdp=146070 _min_cwnd=4150 _maxwnd=219105 _cwnd=219105
Initialize per-instance NSCC parameters: flowid 87 _base_rtt=11685600 _base_bdp=146070 _bdp=146070 _min_cwnd=4150 _maxwnd=219105 _cwnd=219105
Initialize per-instance NSCC parameters: flowid 88 _base_rtt=11685600 _base_bdp=146070 _bdp=146070 _min_cwnd=4150 _maxwnd=219105 _cwnd=219105
Initialize per-instance NSCC parameters: flowid 89 _base_rtt=11685600 _base_bdp=146070 _bdp=146070 _min_cwnd=4150 _maxwnd=219105 _cwnd=219105
Initialize per-instance NSCC parameters: flowid 90 _base_rtt=11685600 _base_bdp=146070 _bdp=146070 _min_cwnd=4150 _maxwnd=219105 _cwnd=219105
Initialize per-instance NSCC parameters: flowid 91 _base_rtt=11685600 _base_bdp=146070 _bdp=146070 _min_cwnd=4150 _maxwnd=219105 _cwnd=219105
Initialize per-instance NSCC parameters: flowid 92 _base_rtt=11685600 _base_bdp=146070 _bdp=146070 _min_cwnd=4150 _maxwnd=219105 _cwnd=219105
Initialize per-instance NSCC parameters: flowid 93 _base_rtt=11685600 _base_bdp=146070 _bdp=146070 _min_cwnd=4150 _maxwnd=219105 _cwnd=219105
Initialize per-instance NSCC parameters: flowid 94 _base_rtt=11685600 _base_bdp=146070 _bdp=146070 _min_cwnd=4150 _maxwnd=219105 _cwnd=219105
Initialize per-instance NSCC parameters: flowid 95 _base_rtt=11685600 _base_bdp=146070 _bdp=146070 _min_cwnd=4150 _maxwnd=219105 _cwnd=219105
Initialize per-instance NSCC parameters: flowid 96 _base_rtt=11685600 _base_bdp=146070 _bdp=146070 _min_cwnd=4150 _maxwnd=219105 _cwnd=219105
Initialize per-instance NSCC parameters: flowid 97 _base_rtt=11685600 _base_bdp=146070 _bdp=146070 _min_cwnd=4150 _maxwnd=219105 _cwnd=219105
Initialize per-instance NSCC parameters: flowid 98 _base_rtt=11685600 _base_bdp=146070 _bdp=146070 _min_cwnd=4150 _maxwnd=219105 _cwnd=219105
Initialize per-instance NSCC parameters: flowid 99 _base_rtt=11685600 _base_bdp=146070 _bdp=146070 _min_cwnd=4150 _maxwnd=219105 _cwnd=219105
Initialize per-instance NSCC parameters: flowid 100 _base_rtt=11685600 _base_bdp=146070 _bdp=146070 _min_cwnd=4150 _maxwnd=219105 _cwnd=219105
Initialize per-instance NSCC parameters: flowid 101 _base_rtt=11685600 _base_bdp=146070 _bdp=146070 _min_cwnd=4150 _maxwnd=219105 _cwnd=219105
Initialize per-instance NSCC parameters: flowid 102 _base_rtt=11685600 _base_bdp=146070 _bdp=146070 _min_cwnd=4150 _maxwnd=219105 _cwnd=219105
Initialize per-instance NSCC parameters: flowid 103 _base_rtt=11685600 _base_bdp=146070 _bdp=146070 _min_cwnd=4150 _maxwnd=219105 _cwnd=219105
Initialize per-instance NSCC parameters: flowid 104 _base_rtt=11685600 _base_bdp=146070 _bdp=146070 _min_cwnd=4150 _maxwnd=219105 _cwnd=219105
Initialize per-instance NSCC parameters: flowid 105 _base_rtt=11685600 _base_bdp=146070 _bdp=146070 _min_cwnd=4150 _maxwnd=219105 _cwnd=219105
Initialize per-instance NSCC parameters: flowid 106 _base_rtt=11685600 _base_bdp=146070 _bdp=146070 _min_cwnd=4150 _maxwnd=219105 _cwnd=219105
Initialize per-instance NSCC parameters: flowid 107 _base_rtt=11685600 _base_bdp=146070 _bdp=146070 _min_cwnd=4150 _maxwnd=219105 _cwnd=219105
Initialize per-instance NSCC parameters: flowid 108 _base_rtt=11685600 _base_bdp=146070 _bdp=146070 _min_cwnd=4150 _maxwnd=219105 _cwnd=219105
Initialize per-instance NSCC parameters: flowid 109 _base_rtt=11685600 _base_bdp=146070 _bdp=146070 _min_cwnd=4150 _maxwnd=219105 _cwnd=219105
Initialize per-instance NSCC parameters: flowid 110 _base_rtt=11685600 _base_bdp=146070 _bdp=146070 _min_cwnd=4150 _maxwnd=219105 _cwnd=219105
Initialize per-instance NSCC parameters: flowid 111 _base_rtt=11685600 _base_bdp=146070 _bdp=146070 _min_cwnd=4150 _maxwnd=219105 _cwnd=219105
Initialize per-instance NSCC parameters: flowid 112 _base_rtt=11685600 _base_bdp=146070 _bdp=146070 _min_cwnd=4150 _maxwnd=219105 _cwnd=219105
Initialize per-instance NSCC parameters: flowid 113 _base_rtt=11685600 _base_bdp=146070 _bdp=146070 _min_cwnd=4150 _maxwnd=219105 _cwnd=219105
Initialize per-instance NSCC parameters: flowid 114 _base_rtt=11685600 _base_bdp=146070 _bdp=146070 _min_cwnd=4150 _maxwnd=219105 _cwnd=219105
Initialize per-instance NSCC parameters: flowid 115 _base_rtt=11685600 _base_bdp=146070 _bdp=146070 _min_cwnd=4150 _maxwnd=219105 _cwnd=219105
Initialize per-instance NSCC parameters: flowid 116 _base_rtt=11685600 _base_bdp=146070 _bdp=146070 _min_cwnd=4150 _maxwnd=219105 _cwnd=219105
Initialize per-instance NSCC parameters: flowid 117 _base_rtt=11685600 _base_bdp=146070 _bdp=146070 _min_cwnd=4150 _maxwnd=219105 _cwnd=219105
Initialize per-instance NSCC parameters: flowid 118 _base_rtt=11685600 _base_bdp=146070 _bdp=146070 _min_cwnd=4150 _maxwnd=219105 _cwnd=219105
Initialize per-instance NSCC parameters: flowid 119 _base_rtt=11685600 _base_bdp=146070 _bdp=146070 _min_cwnd=4150 _maxwnd=219105 _cwnd=219105
Initialize per-instance NSCC parameters: flowid 120 _base_rtt=11685600 _base_bdp=146070 _bdp=146070 _min_cwnd=4150 _maxwnd=219105 _cwnd=219105
Initialize per-instance NSCC parameters: flowid 121 _base_rtt=11685600 _base_bdp=146070 _bdp=146070 _min_cwnd=4150 _maxwnd=219105 _cwnd=219105
Initialize per-instance NSCC parameters: flowid 122 _base_rtt=11685600 _base_bdp=146070 _bdp=146070 _min_cwnd=4150 _maxwnd=219105 _cwnd=219105
Initialize per-instance NSCC parameters: flowid 123 _base_rtt=11685600 _base_bdp=146070 _bdp=146070 _min_cwnd=4150 _maxwnd=219105 _cwnd=219105
Initialize per-instance NSCC parameters: flowid 124 _base_rtt=11685600 _base_bdp=146070 _bdp=146070 _min_cwnd=4150 _maxwnd=219105 _cwnd=219105
Initialize per-instance NSCC parameters: flowid 125 _base_rtt=11685600 _base_bdp=146070 _bdp=146070 _min_cwnd=4150 _maxwnd=219105 _cwnd=219105
Initialize per-instance NSCC parameters: flowid 126 _base_rtt=11685600 _base_bdp=146070 _bdp=146070 _min_cwnd=4150 _maxwnd=219105 _cwnd=219105
Initialize per-instance NSCC parameters: flowid 127 _base_rtt=11685600 _base_bdp=146070 _bdp=146070 _min_cwnd=4150 _maxwnd=219105 _cwnd=219105
Initialize per-instance NSCC parameters: flowid 128 _base_rtt=11685600 _base_bdp=146070 _bdp=146070 _min_cwnd=4150 _maxwnd=219105 _cwnd=219105
Initialize per-instance NSCC parameters: flowid 129 _base_rtt=11685600 _base_bdp=146070 _bdp=146070 _min_cwnd=4150 _maxwnd=219105 _cwnd=219105
Initialize per-instance NSCC parameters: flowid 130 _base_rtt=11685600 _base_bdp=146070 _bdp=146070 _min_cwnd=4150 _maxwnd=219105 _cwnd=219105
Initialize per-instance NSCC parameters: flowid 131 _base_rtt=11685600 _base_bdp=146070 _bdp=146070 _min_cwnd=4150 _maxwnd=219105 _cwnd=219105
Initialize per-instance NSCC parameters: flowid 132 _base_rtt=11685600 _base_bdp=146070 _bdp=146070 _min_cwnd=4150 _maxwnd=219105 _cwnd=219105
Initialize per-instance NSCC parameters: flowid 133 _base_rtt=11685600 _base_bdp=146070 _bdp=146070 _min_cwnd=4150 _maxwnd=219105 _cwnd=219105
Initialize per-instance NSCC parameters: flowid 134 _base_rtt=11685600 _base_bdp=146070 _bdp=146070 _min_cwnd=4150 _maxwnd=219105 _cwnd=219105
Initialize per-instance NSCC parameters: flowid 135 _base_rtt=11685600 _base_bdp=146070 _bdp=146070 _min_cwnd=4150 _maxwnd=219105 _cwnd=219105
Initialize per-instance NSCC parameters: flowid 136 _base_rtt=11685600 _base_bdp=146070 _bdp=146070 _min_cwnd=4150 _maxwnd=219105 _cwnd=219105
Initialize per-instance NSCC parameters: flowid 137 _base_rtt=11685600 _base_bdp=146070 _bdp=146070 _min_cwnd=4150 _maxwnd=219105 _cwnd=219105
Initialize per-instance NSCC parameters: flowid 138 _base_rtt=11685600 _base_bdp=146070 _bdp=146070 _min_cwnd=4150 _maxwnd=219105 _cwnd=219105
Initialize per-instance NSCC parameters: flowid 139 _base_rtt=11685600 _base_bdp=146070 _bdp=146070 _min_cwnd=4150 _maxwnd=219105 _cwnd=219105
Initialize per-instance NSCC parameters: flowid 140 _base_rtt=11685600 _base_bdp=146070 _bdp=146070 _min_cwnd=4150 _maxwnd=219105 _cwnd=219105
Initialize per-instance NSCC parameters: flowid 141 _base_rtt=11685600 _base_bdp=146070 _bdp=146070 _min_cwnd=4150 _maxwnd=219105 _cwnd=219105
Initialize per-instance NSCC parameters: flowid 142 _base_rtt=11685600 _base_bdp=146070 _bdp=146070 _min_cwnd=4150 _maxwnd=219105 _cwnd=219105
Initialize per-instance NSCC parameters: flowid 143 _base_rtt=11685600 _base_bdp=146070 _bdp=146070 _min_cwnd=4150 _maxwnd=219105 _cwnd=219105
Initialize per-instance NSCC parameters: flowid 144 _base_rtt=11685600 _base_bdp=146070 _bdp=146070 _min_cwnd=4150 _maxwnd=219105 _cwnd=219105
Initialize per-instance NSCC parameters: flowid 145 _base_rtt=11685600 _base_bdp=146070 _bdp=146070 _min_cwnd=4150 _maxwnd=219105 _cwnd=219105
Initialize per-instance NSCC parameters: flowid 146 _base_rtt=11685600 _base_bdp=146070 _bdp=146070 _min_cwnd=4150 _maxwnd=219105 _cwnd=219105
Initialize per-instance NSCC parameters: flowid 147 _base_rtt=11685600 _base_bdp=146070 _bdp=146070 _min_cwnd=4150 _maxwnd=219105 _cwnd=219105
Initialize per-instance NSCC parameters: flowid 148 _base_rtt=11685600 _base_bdp=146070 _bdp=146070 _min_cwnd=4150 _maxwnd=219105 _cwnd=219105
Initialize per-instance NSCC parameters: flowid 149 _base_rtt=11685600 _base_bdp=146070 _bdp=146070 _min_cwnd=4150 _maxwnd=219105 _cwnd=219105
Initialize per-instance NSCC parameters: flowid 150 _base_rtt=11685600 _base_bdp=146070 _bdp=146070 _min_cwnd=4150 _maxwnd=219105 _cwnd=219105
Initialize per-instance NSCC parameters: flowid 151 _base_rtt=11685600 _base_bdp=146070 _bdp=146070 _min_cwnd=4150 _maxwnd=219105 _cwnd=219105
Initialize per-instance NSCC parameters: flowid 152 _base_rtt=11685600 _base_bdp=146070 _bdp=146070 _min_cwnd=4150 _maxwnd=219105 _cwnd=219105
Initialize per-instance NSCC parameters: flowid 153 _base_rtt=11685600 _base_bdp=146070 _bdp=146070 _min_cwnd=4150 _maxwnd=219105 _cwnd=219105
Initialize per-instance NSCC parameters: flowid 154 _base_rtt=11685600 _base_bdp=146070 _bdp=146070 _min_cwnd=4150 _maxwnd=219105 _cwnd=219105
Initialize per-instance NSCC parameters: flowid 155 _base_rtt=11685600 _base_bdp=146070 _bdp=146070 _min_cwnd=4150 _maxwnd=219105 _cwnd=219105
Initialize per-instance NSCC parameters: flowid 156 _base_rtt=11685600 _base_bdp=146070 _bdp=146070 _min_cwnd=4150 _maxwnd=219105 _cwnd=219105
Initialize per-instance NSCC parameters: flowid 157 _base_rtt=11685600 _base_bdp=146070 _bdp=146070 _min_cwnd=4150 _maxwnd=219105 _cwnd=219105
Initialize per-instance NSCC parameters: flowid 158 _base_rtt=11685600 _base_bdp=146070 _bdp=146070 _min_cwnd=4150 _maxwnd=219105 _cwnd=219105
Initialize per-instance NSCC parameters: flowid 159 _base_rtt=11685600 _base_bdp=146070 _bdp=146070 _min_cwnd=4150 _maxwnd=219105 _cwnd=219105
Initialize per-instance NSCC parameters: flowid 160 _base_rtt=11685600 _base_bdp=146070 _bdp=146070 _min_cwnd=4150 _maxwnd=219105 _cwnd=219105
Initialize per-instance NSCC parameters: flowid 161 _base_rtt=11685600 _base_bdp=146070 _bdp=146070 _min_cwnd=4150 _maxwnd=219105 _cwnd=219105
Initialize per-instance NSCC parameters: flowid 162 _base_rtt=11685600 _base_bdp=146070 _bdp=146070 _min_cwnd=4150 _maxwnd=219105 _cwnd=219105
Initialize per-instance NSCC parameters: flowid 163 _base_rtt=11685600 _base_bdp=146070 _bdp=146070 _min_cwnd=4150 _maxwnd=219105 _cwnd=219105
Initialize per-instance NSCC parameters: flowid 164 _base_rtt=11685600 _base_bdp=146070 _bdp=146070 _min_cwnd=4150 _maxwnd=219105 _cwnd=219105
Initialize per-instance NSCC parameters: flowid 165 _base_rtt=11685600 _base_bdp=146070 _bdp=146070 _min_cwnd=4150 _maxwnd=219105 _cwnd=219105
Initialize per-instance NSCC parameters: flowid 166 _base_rtt=11685600 _base_bdp=146070 _bdp=146070 _min_cwnd=4150 _maxwnd=219105 _cwnd=219105
Initialize per-instance NSCC parameters: flowid 167 _base_rtt=11685600 _base_bdp=146070 _bdp=146070 _min_cwnd=4150 _maxwnd=219105 _cwnd=219105
Initialize per-instance NSCC parameters: flowid 168 _base_rtt=11685600 _base_bdp=146070 _bdp=146070 _min_cwnd=4150 _maxwnd=219105 _cwnd=219105
Initialize per-instance NSCC parameters: flowid 169 _base_rtt=11685600 _base_bdp=146070 _bdp=146070 _min_cwnd=4150 _maxwnd=219105 _cwnd=219105
Initialize per-instance NSCC parameters: flowid 170 _base_rtt=11685600 _base_bdp=146070 _bdp=146070 _min_cwnd=4150 _maxwnd=219105 _cwnd=219105
Initialize per-instance NSCC parameters: flowid 171 _base_rtt=11685600 _base_bdp=146070 _bdp=146070 _min_cwnd=4150 _maxwnd=219105 _cwnd=219105
Initialize per-instance NSCC parameters: flowid 172 _base_rtt=11685600 _base_bdp=146070 _bdp=146070 _min_cwnd=4150 _maxwnd=219105 _cwnd=219105
Initialize per-instance NSCC parameters: flowid 173 _base_rtt=11685600 _base_bdp=146070 _bdp=146070 _min_cwnd=4150 _maxwnd=219105 _cwnd=219105
Initialize per-instance NSCC parameters: flowid 174 _base_rtt=11685600 _base_bdp=146070 _bdp=146070 _min_cwnd=4150 _maxwnd=219105 _cwnd=219105
Initialize per-instance NSCC parameters: flowid 175 _base_rtt=11685600 _base_bdp=146070 _bdp=146070 _min_cwnd=4150 _maxwnd=219105 _cwnd=219105
Initialize per-instance NSCC parameters: flowid 176 _base_rtt=11685600 _base_bdp=146070 _bdp=146070 _min_cwnd=4150 _maxwnd=219105 _cwnd=219105
Initialize per-instance NSCC parameters: flowid 177 _base_rtt=11685600 _base_bdp=146070 _bdp=146070 _min_cwnd=4150 _maxwnd=219105 _cwnd=219105
Initialize per-instance NSCC parameters: flowid 178 _base_rtt=11685600 _base_bdp=146070 _bdp=146070 _min_cwnd=4150 _maxwnd=219105 _cwnd=219105
Initialize per-instance NSCC parameters: flowid 179 _base_rtt=11685600 _base_bdp=146070 _bdp=146070 _min_cwnd=4150 _maxwnd=219105 _cwnd=219105
Initialize per-instance NSCC parameters: flowid 180 _base_rtt=11685600 _base_bdp=146070 _bdp=146070 _min_cwnd=4150 _maxwnd=219105 _cwnd=219105
Initialize per-instance NSCC parameters: flowid 181 _base_rtt=11685600 _base_bdp=146070 _bdp=146070 _min_cwnd=4150 _maxwnd=219105 _cwnd=219105
Initialize per-instance NSCC parameters: flowid 182 _base_rtt=11685600 _base_bdp=146070 _bdp=146070 _min_cwnd=4150 _maxwnd=219105 _cwnd=219105
Initialize per-instance NSCC parameters: flowid 183 _base_rtt=11685600 _base_bdp=146070 _bdp=146070 _min_cwnd=4150 _maxwnd=219105 _cwnd=219105
Initialize per-instance NSCC parameters: flowid 184 _base_rtt=11685600 _base_bdp=146070 _bdp=146070 _min_cwnd=4150 _maxwnd=219105 _cwnd=219105
Initialize per-instance NSCC parameters: flowid 185 _base_rtt=11685600 _base_bdp=146070 _bdp=146070 _min_cwnd=4150 _maxwnd=219105 _cwnd=219105
Initialize per-instance NSCC parameters: flowid 186 _base_rtt=11685600 _base_bdp=146070 _bdp=146070 _min_cwnd=4150 _maxwnd=219105 _cwnd=219105
Initialize per-instance NSCC parameters: flowid 187 _base_rtt=11685600 _base_bdp=146070 _bdp=146070 _min_cwnd=4150 _maxwnd=219105 _cwnd=219105
Initialize per-instance NSCC parameters: flowid 188 _base_rtt=11685600 _base_bdp=146070 _bdp=146070 _min_cwnd=4150 _maxwnd=219105 _cwnd=219105
Initialize per-instance NSCC parameters: flowid 189 _base_rtt=11685600 _base_bdp=146070 _bdp=146070 _min_cwnd=4150 _maxwnd=219105 _cwnd=219105
Initialize per-instance NSCC parameters: flowid 190 _base_rtt=11685600 _base_bdp=146070 _bdp=146070 _min_cwnd=4150 _maxwnd=219105 _cwnd=219105
Initialize per-instance NSCC parameters: flowid 191 _base_rtt=11685600 _base_bdp=146070 _bdp=146070 _min_cwnd=4150 _maxwnd=219105 _cwnd=219105
Initialize per-instance NSCC parameters: flowid 192 _base_rtt=11685600 _base_bdp=146070 _bdp=146070 _min_cwnd=4150 _maxwnd=219105 _cwnd=219105
Initialize per-instance NSCC parameters: flowid 193 _base_rtt=11685600 _base_bdp=146070 _bdp=146070 _min_cwnd=4150 _maxwnd=219105 _cwnd=219105
Initialize per-instance NSCC parameters: flowid 194 _base_rtt=11685600 _base_bdp=146070 _bdp=146070 _min_cwnd=4150 _maxwnd=219105 _cwnd=219105
Initialize per-instance NSCC parameters: flowid 195 _base_rtt=11685600 _base_bdp=146070 _bdp=146070 _min_cwnd=4150 _maxwnd=219105 _cwnd=219105
Initialize per-instance NSCC parameters: flowid 196 _base_rtt=11685600 _base_bdp=146070 _bdp=146070 _min_cwnd=4150 _maxwnd=219105 _cwnd=219105
Initialize per-instance NSCC parameters: flowid 197 _base_rtt=11685600 _base_bdp=146070 _bdp=146070 _min_cwnd=4150 _maxwnd=219105 _cwnd=219105
Initialize per-instance NSCC parameters: flowid 198 _base_rtt=11685600 _base_bdp=146070 _bdp=146070 _min_cwnd=4150 _maxwnd=219105 _cwnd=219105
Initialize per-instance NSCC parameters: flowid 199 _base_rtt=11685600 _base_bdp=146070 _bdp=146070 _min_cwnd=4150 _maxwnd=219105 _cwnd=219105
Initialize per-instance NSCC parameters: flowid 200 _base_rtt=11685600 _base_bdp=146070 _bdp=146070 _min_cwnd=4150 _maxwnd=219105 _cwnd=219105
Initialize per-instance NSCC parameters: flowid 201 _base_rtt=11685600 _base_bdp=146070 _bdp=146070 _min_cwnd=4150 _maxwnd=219105 _cwnd=219105
Initialize per-instance NSCC parameters: flowid 202 _base_rtt=11685600 _base_bdp=146070 _bdp=146070 _min_cwnd=4150 _maxwnd=219105 _cwnd=219105
Initialize per-instance NSCC parameters: flowid 203 _base_rtt=11685600 _base_bdp=146070 _bdp=146070 _min_cwnd=4150 _maxwnd=219105 _cwnd=219105
Initialize per-instance NSCC parameters: flowid 204 _base_rtt=11685600 _base_bdp=146070 _bdp=146070 _min_cwnd=4150 _maxwnd=219105 _cwnd=219105
Initialize per-instance NSCC parameters: flowid 205 _base_rtt=11685600 _base_bdp=146070 _bdp=146070 _min_cwnd=4150 _maxwnd=219105 _cwnd=219105
Initialize per-instance NSCC parameters: flowid 206 _base_rtt=11685600 _base_bdp=146070 _bdp=146070 _min_cwnd=4150 _maxwnd=219105 _cwnd=219105
Initialize per-instance NSCC parameters: flowid 207 _base_rtt=11685600 _base_bdp=146070 _bdp=146070 _min_cwnd=4150 _maxwnd=219105 _cwnd=219105
Initialize per-instance NSCC parameters: flowid 208 _base_rtt=11685600 _base_bdp=146070 _bdp=146070 _min_cwnd=4150 _maxwnd=219105 _cwnd=219105
Initialize per-instance NSCC parameters: flowid 209 _base_rtt=11685600 _base_bdp=146070 _bdp=146070 _min_cwnd=4150 _maxwnd=219105 _cwnd=219105
Initialize per-instance NSCC parameters: flowid 210 _base_rtt=11685600 _base_bdp=146070 _bdp=146070 _min_cwnd=4150 _maxwnd=219105 _cwnd=219105
Initialize per-instance NSCC parameters: flowid 211 _base_rtt=11685600 _base_bdp=146070 _bdp=146070 _min_cwnd=4150 _maxwnd=219105 _cwnd=219105
Initialize per-instance NSCC parameters: flowid 212 _base_rtt=11685600 _base_bdp=146070 _bdp=146070 _min_cwnd=4150 _maxwnd=219105 _cwnd=219105
Initialize per-instance NSCC parameters: flowid 213 _base_rtt=11685600 _base_bdp=146070 _bdp=146070 _min_cwnd=4150 _maxwnd=219105 _cwnd=219105
Initialize per-instance NSCC parameters: flowid 214 _base_rtt=11685600 _base_bdp=146070 _bdp=146070 _min_cwnd=4150 _maxwnd=219105 _cwnd=219105
Initialize per-instance NSCC parameters: flowid 215 _base_rtt=11685600 _base_bdp=146070 _bdp=146070 _min_cwnd=4150 _maxwnd=219105 _cwnd=219105
Initialize per-instance NSCC parameters: flowid 216 _base_rtt=11685600 _base_bdp=146070 _bdp=146070 _min_cwnd=4150 _maxwnd=219105 _cwnd=219105
Initialize per-instance NSCC parameters: flowid 217 _base_rtt=11685600 _base_bdp=146070 _bdp=146070 _min_cwnd=4150 _maxwnd=219105 _cwnd=219105
Initialize per-instance NSCC parameters: flowid 218 _base_rtt=11685600 _base_bdp=146070 _bdp=146070 _min_cwnd=4150 _maxwnd=219105 _cwnd=219105
Starting simulation
Flow Uec_86_214 flowId 1 uecSrc 0 starting at 0
Flow Uec_51_179 flowId 2 uecSrc 1 starting at 0
Flow Uec_17_145 flowId 3 uecSrc 2 starting at 0
Flow Uec_99_227 flowId 4 uecSrc 3 starting at 0
Flow Uec_222_94 flowId 5 uecSrc 4 starting at 0
Flow Uec_64_192 flowId 6 uecSrc 5 starting at 0
Flow Uec_197_69 flowId 7 uecSrc 6 starting at 0
Flow Uec_245_117 flowId 8 uecSrc 7 starting at 0
Flow Uec_233_105 flowId 9 uecSrc 8 starting at 0
Flow Uec_38_166 flowId 10 uecSrc 9 starting at 0
Flow Uec_243_115 flowId 11 uecSrc 10 starting at 0
Flow Uec_160_32 flowId 12 uecSrc 11 starting at 0
Flow Uec_166_38 flowId 13 uecSrc 12 starting at 0
Flow Uec_119_247 flowId 14 uecSrc 13 starting at 0
Flow Uec_9_137 flowId 15 uecSrc 14 starting at 0
Flow Uec_241_113 flowId 16 uecSrc 15 starting at 0
Flow Uec_140_12 flowId 17 uecSrc 16 starting at 0
Flow Uec_210_82 flowId 18 uecSrc 17 starting at 0
Flow Uec_192_64 flowId 19 uecSrc 18 starting at 0
Flow Uec_240_112 flowId 20 uecSrc 19 starting at 0
Flow Uec_120_248 flowId 21 uecSrc 20 starting at 0
Flow Uec_70_198 flowId 22 uecSrc 21 starting at 0
Flow Uec_7_135 flowId 23 uecSrc 22 starting at 0
Flow Uec_253_125 flowId 24 uecSrc 23 starting at 0
Flow Uec_149_21 flowId 25 uecSrc 24 starting at 0
Flow Uec_55_183 flowId 26 uecSrc 25 starting at 0
Flow Uec_155_27 flowId 27 uecSrc 26 starting at 0
Flow Uec_154_26 flowId 28 uecSrc 27 starting at 0
Flow Uec_117_245 flowId 29 uecSrc 28 starting at 0
Flow Uec_47_175 flowId 30 uecSrc 29 starting at 0
Flow Uec_198_70 flowId 31 uecSrc 30 starting at 0
Flow Uec_91_219 flowId 32 uecSrc 31 starting at 0
Flow Uec_199_71 flowId 33 uecSrc 32 starting at 0
Flow Uec_214_86 flowId 34 uecSrc 33 starting at 0
Flow Uec_151_23 flowId 35 uecSrc 34 starting at 0
Flow Uec_104_232 flowId 36 uecSrc 35 starting at 0
Flow Uec_237_109 flowId 37 uecSrc 36 starting at 0
Flow Uec_110_238 flowId 38 uecSrc 37 starting at 0
Flow Uec_134_6 flowId 39 uecSrc 38 starting at 0
Flow Uec_165_37 flowId 40 uecSrc 39 starting at 0
Flow Uec_73_201 flowId 41 uecSrc 40 starting at 0
Flow Uec_97_225 flowId 42 uecSrc 41 starting at 0
Flow Uec_239_111 flowId 43 uecSrc 42 starting at 0
Flow Uec_130_2 flowId 44 uecSrc 43 starting at 0
Flow Uec_157_29 flowId 45 uecSrc 44 starting at 0
Flow Uec_77_205 flowId 46 uecSrc 45 starting at 0
Flow Uec_35_163 flowId 47 uecSrc 46 starting at 0
Flow Uec_71_199 flowId 48 uecSrc 47 starting at 0
Flow Uec_37_165 flowId 49 uecSrc 48 starting at 0
Flow Uec_143_15 flowId 50 uecSrc 49 starting at 0
Flow Uec_193_65 flowId 51 uecSrc 50 starting at 0
Flow Uec_101_229 flowId 52 uecSrc 51 starting at 0
Flow Uec_211_83 flowId 53 uecSrc 52 starting at 0
Flow Uec_188_60 flowId 54 uecSrc 53 starting at 0
Flow Uec_195_67 flowId 55 uecSrc 54 starting at 0
Flow Uec_209_81 flowId 56 uecSrc 55 starting at 0
Flow Uec_44_172 flowId 57 uecSrc 56 starting at 0
Flow Uec_105_233 flowId 58 uecSrc 57 starting at 0
Flow Uec_254_126 flowId 59 uecSrc 58 starting at 0
Flow Uec_36_164 flowId 60 uecSrc 59 starting at 0
Flow Uec_142_14 flowId 61 uecSrc 60 starting at 0
Flow Uec_185_57 flowId 62 uecSrc 61 starting at 0
Flow Uec_244_116 flowId 63 uecSrc 62 starting at 0
Flow Uec_164_36 flowId 64 uecSrc 63 starting at 0
Flow Uec_100_228 flowId 65 uecSrc 64 starting at 0
Flow Uec_252_124 flowId 66 uecSrc 65 starting at 0
Flow Uec_45_173 flowId 67 uecSrc 66 starting at 0
Flow Uec_248_120 flowId 68 uecSrc 67 starting at 0
Flow Uec_98_226 flowId 69 uecSrc 68 starting at 0
Flow Uec_90_218 flowId 70 uecSrc 69 starting at 0
Flow Uec_147_19 flowId 71 uecSrc 70 starting at 0
Flow Uec_72_200 flowId 72 uecSrc 71 starting at 0
Flow Uec_80_208 flowId 73 uecSrc 72 starting at 0
Flow Uec_229_101 flowId 74 uecSrc 73 starting at 0
Flow Uec_82_210 flowId 75 uecSrc 74 starting at 0
Flow Uec_76_204 flowId 76 uecSrc 75 starting at 0
Flow Uec_32_160 flowId 77 uecSrc 76 starting at 0
Flow Uec_31_159 flowId 78 uecSrc 77 starting at 0
Flow Uec_52_180 flowId 79 uecSrc 78 starting at 0
Flow Uec_208_80 flowId 80 uecSrc 79 starting at 0
Flow Uec_144_16 flowId 81 uecSrc 80 starting at 0
Flow Uec_103_231 flowId 82 uecSrc 81 starting at 0
Flow Uec_203_75 flowId 83 uecSrc 82 starting at 0
Flow Uec_59_187 flowId 84 uecSrc 83 starting at 0
Flow Uec_133_5 flowId 85 uecSrc 84 starting at 0
Flow Uec_132_4 flowId 86 uecSrc 85 starting at 0
Flow Uec_175_47 flowId 87 uecSrc 86 starting at 0
Flow Uec_68_196 flowId 88 uecSrc 87 starting at 0
Flow Uec_150_22 flowId 89 uecSrc 88 starting at 0
Flow Uec_171_43 flowId 90 uecSrc 89 starting at 0
Flow Uec_3_131 flowId 91 uecSrc 90 starting at 0
Flow Uec_40_168 flowId 92 uecSrc 91 starting at 0
Flow Uec_238_110 flowId 93 uecSrc 92 starting at 0
Flow Uec_20_148 flowId 94 uecSrc 93 starting at 0
Flow Uec_183_55 flowId 95 uecSrc 94 starting at 0
Flow Uec_25_153 flowId 96 uecSrc 95 starting at 0
Flow Uec_43_171 flowId 97 uecSrc 96 starting at 0
Flow Uec_2_130 flowId 98 uecSrc 97 starting at 0
Flow Uec_189_61 flowId 99 uecSrc 98 starting at 0
Flow Uec_27_155 flowId 100 uecSrc 99 starting at 0
Flow Uec_10_138 flowId 101 uecSrc 100 starting at 0
Flow Uec_12_140 flowId 102 uecSrc 101 starting at 0
Flow Uec_102_230 flowId 103 uecSrc 102 starting at 0
Flow Uec_39_167 flowId 104 uecSrc 103 starting at 0
Flow Uec_125_253 flowId 105 uecSrc 104 starting at 0
Flow Uec_79_207 flowId 106 uecSrc 105 starting at 0
Flow Uec_8_136 flowId 107 uecSrc 106 starting at 0
Flow Uec_28_156 flowId 108 uecSrc 107 starting at 0
Flow Uec_249_121 flowId 109 uecSrc 108 starting at 0
Flow Uec_234_106 flowId 110 uecSrc 109 starting at 0
Flow Uec_182_54 flowId 111 uecSrc 110 starting at 0
Flow Uec_148_20 flowId 112 uecSrc 111 starting at 0
Flow Uec_26_154 flowId 113 uecSrc 112 starting at 0
Flow Uec_223_95 flowId 114 uecSrc 113 starting at 0
Flow Uec_217_89 flowId 115 uecSrc 114 starting at 0
Flow Uec_58_186 flowId 116 uecSrc 115 starting at 0
Flow Uec_24_152 flowId 117 uecSrc 116 starting at 0
Flow Uec_29_157 flowId 118 uecSrc 117 starting at 0
Flow Uec_75_203 flowId 119 uecSrc 118 starting at 0
Flow Uec_96_224 flowId 120 uecSrc 119 starting at 0
Flow Uec_61_189 flowId 121 uecSrc 120 starting at 0
Flow Uec_181_53 flowId 122 uecSrc 121 starting at 0
Flow Uec_196_68 flowId 123 uecSrc 122 starting at 0
Flow Uec_46_174 flowId 124 uecSrc 123 starting at 0
Flow Uec_215_87 flowId 125 uecSrc 124 starting at 0
Flow Uec_156_28 flowId 126 uecSrc 125 starting at 0
Flow Uec_1_129 flowId 127 uecSrc 126 starting at 0
Flow Uec_124_252 flowId 128 uecSrc 127 starting at 0
Flow Uec_251_123 flowId 129 uecSrc 128 starting at 0
Flow Uec_69_197 flowId 130 uecSrc 129 starting at 0
Flow Uec_187_59 flowId 131 uecSrc 130 starting at 0
Flow Uec_33_161 flowId 132 uecSrc 131 starting at 0
Flow Uec_221_93 flowId 133 uecSrc 132 starting at 0
Flow Uec_135_7 flowId 134 uecSrc 133 starting at 0
Flow Uec_184_56 flowId 135 uecSrc 134 starting at 0
Flow Uec_152_24 flowId 136 uecSrc 135 starting at 0
Flow Uec_93_221 flowId 137 uecSrc 136 starting at 0
Flow Uec_19_147 flowId 138 uecSrc 137 starting at 0
Flow Uec_94_222 flowId 139 uecSrc 138 starting at 0
Flow Uec_218_90 flowId 140 uecSrc 139 starting at 0
Flow Uec_176_48 flowId 141 uecSrc 140 starting at 0
Flow Uec_128_0 flowId 142 uecSrc 141 starting at 0
Flow Uec_207_79 flowId 143 uecSrc 142 starting at 0
Flow Uec_141_13 flowId 144 uecSrc 143 starting at 0
Flow Uec_242_114 flowId 145 uecSrc 144 starting at 0
Flow Uec_201_73 flowId 146 uecSrc 145 starting at 0
Flow Uec_139_11 flowId 147 uecSrc 146 starting at 0
Flow Uec_85_213 flowId 148 uecSrc 147 starting at 0
Flow Uec_23_151 flowId 149 uecSrc 148 starting at 0
Flow Uec_145_17 flowId 150 uecSrc 149 starting at 0
Flow Uec_129_1 flowId 151 uecSrc 150 starting at 0
Flow Uec_22_150 flowId 152 uecSrc 151 starting at 0
Flow Uec_213_85 flowId 153 uecSrc 152 starting at 0
Flow Uec_88_216 flowId 154 uecSrc 153 starting at 0
Flow Uec_228_100 flowId 155 uecSrc 154 starting at 0
Flow Uec_121_249 flowId 156 uecSrc 155 starting at 0
Flow Uec_131_3 flowId 157 uecSrc 156 starting at 0
Flow Uec_224_96 flowId 158 uecSrc 157 starting at 0
Flow Uec_111_239 flowId 159 uecSrc 158 starting at 0
Flow Uec_194_66 flowId 160 uecSrc 159 starting at 0
Flow Uec_6_134 flowId 161 uecSrc 160 starting at 0
Flow Uec_205_77 flowId 162 uecSrc 161 starting at 0
Flow Uec_62_190 flowId 163 uecSrc 162 starting at 0
Flow Uec_15_143 flowId 164 uecSrc 163 starting at 0
Flow Uec_161_33 flowId 165 uecSrc 164 starting at 0
Flow Uec_136_8 flowId 166 uecSrc 165 starting at 0
Flow Uec_118_246 flowId 167 uecSrc 166 starting at 0
Flow Uec_66_194 flowId 168 uecSrc 167 starting at 0
Flow Uec_34_162 flowId 169 uecSrc 168 starting at 0
Flow Uec_250_122 flowId 170 uecSrc 169 starting at 0
Flow Uec_50_178 flowId 171 uecSrc 170 starting at 0
Flow Uec_200_72 flowId 172 uecSrc 171 starting at 0
Flow Uec_169_41 flowId 173 uecSrc 172 starting at 0
Flow Uec_116_244 flowId 174 uecSrc 173 starting at 0
Flow Uec_112_240 flowId 175 uecSrc 174 starting at 0
Flow Uec_115_243 flowId 176 uecSrc 175 starting at 0
Flow Uec_226_98 flowId 177 uecSrc 176 starting at 0
Flow Uec_18_146 flowId 178 uecSrc 177 starting at 0
Flow Uec_162_34 flowId 179 uecSrc 178 starting at 0
Flow Uec_255_127 flowId 180 uecSrc 179 starting at 0
Flow Uec_78_206 flowId 181 uecSrc 180 starting at 0
Flow Uec_65_193 flowId 182 uecSrc 181 starting at 0
Flow Uec_153_25 flowId 183 uecSrc 182 starting at 0
Flow Uec_113_241 flowId 184 uecSrc 183 starting at 0
Flow Uec_0_128 flowId 185 uecSrc 184 starting at 0
Flow Uec_227_99 flowId 186 uecSrc 185 starting at 0
Flow Uec_235_107 flowId 187 uecSrc 186 starting at 0
Flow Uec_87_215 flowId 188 uecSrc 187 starting at 0
Flow Uec_206_78 flowId 189 uecSrc 188 starting at 0
Flow Uec_63_191 flowId 190 uecSrc 189 starting at 0
Flow Uec_60_188 flowId 191 uecSrc 190 starting at 0
Flow Uec_122_250 flowId 192 uecSrc 191 starting at 0
Flow Uec_204_76 flowId 193 uecSrc 192 starting at 0
Flow Uec_14_142 flowId 194 uecSrc 193 starting at 0
Flow Uec_168_40 flowId 195 uecSrc 194 starting at 0
Flow Uec_109_237 flowId 196 uecSrc 195 starting at 0
Flow Uec_186_58 flowId 197 uecSrc 196 starting at 0
Flow Uec_54_182 flowId 198 uecSrc 197 starting at 0
Flow Uec_13_141 flowId 199 uecSrc 198 starting at 0
Flow Uec_158_30 flowId 200 uecSrc 199 starting at 0
Flow Uec_49_177 flowId 201 uecSrc 200 starting at 0
Flow Uec_177_49 flowId 202 uecSrc 201 starting at 0
Flow Uec_67_195 flowId 203 uecSrc 202 starting at 0
Flow Uec_172_44 flowId 204 uecSrc 203 starting at 0
Flow Uec_231_103 flowId 205 uecSrc 204 starting at 0
Flow Uec_180_52 flowId 206 uecSrc 205 starting at 0
Flow Uec_236_108 flowId 207 uecSrc 206 starting at 0
Flow Uec_178_50 flowId 208 uecSrc 207 starting at 0
Flow Uec_83_211 flowId 209 uecSrc 208 starting at 0
Flow Uec_230_102 flowId 210 uecSrc 209 starting at 0
Flow Uec_246_118 flowId 211 uecSrc 210 starting at 0
Flow Uec_167_39 flowId 212 uecSrc 211 starting at 0
Flow Uec_146_18 flowId 213 uecSrc 212 starting at 0
Flow Uec_21_149 flowId 214 uecSrc 213 starting at 0
Flow Uec_4_132 flowId 215 uecSrc 214 starting at 0
Flow Uec_57_185 flowId 216 uecSrc 215 starting at 0
Flow Uec_108_236 flowId 217 uecSrc 216 starting at 0
Flow Uec_89_217 flowId 218 uecSrc 217 starting at 0
134.93 flowid 149 Spurious 27
137.418 flowid 124 Spurious 24
142.465 flowid 124 Spurious 32
144.124 flowid 113 Spurious 44
150.478 flowid 113 Spurious 62
163.646 flowid 100 Spurious 69
165.306 flowid 100 Spurious 77
168.122 flowid 199 Spurious 105
Flow Uec_115_243 flowId 176 uecSrc 175 finished at 179.909 total messages 1 total packets 490 RTS 0 total bytes 2002140 in_flight now 0 fair_inc 0 prop_inc 57007 fast_inc 4041 eta_inc 8344 multi_dec -0 quick_dec -0 nack_dec -0
Flow Uec_131_3 flowId 157 uecSrc 156 finished at 180.315 total messages 1 total packets 490 RTS 0 total bytes 2002140 in_flight now 0 fair_inc 0 prop_inc 84890 fast_inc 68697 eta_inc 8344 multi_dec -0 quick_dec -0 nack_dec -0
Flow Uec_18_146 flowId 178 uecSrc 177 finished at 192.612 total messages 1 total packets 490 RTS 0 total bytes 2002140 in_flight now 0 fair_inc 0 prop_inc 23284 fast_inc 0 eta_inc 8940 multi_dec -0 quick_dec -0 nack_dec -0
196.799 flowid 57 Spurious 138
Flow Uec_249_121 flowId 109 uecSrc 108 finished at 196.916 total messages 1 total packets 490 RTS 0 total bytes 2002140 in_flight now 0 fair_inc 0 prop_inc 20476 fast_inc 0 eta_inc 9536 multi_dec -0 quick_dec -0 nack_dec -0
200.198 flowid 150 Spurious 133
207.967 flowid 150 Spurious 146
Flow Uec_55_183 flowId 26 uecSrc 25 finished at 208.282 total messages 1 total packets 490 RTS 0 total bytes 2002140 in_flight now 0 fair_inc 1170 prop_inc 13154 fast_inc 0 eta_inc 10132 multi_dec -8711 quick_dec -0 nack_dec -0
Flow Uec_29_157 flowId 118 uecSrc 117 finished at 209.244 total messages 1 total packets 490 RTS 0 total bytes 2002140 in_flight now 0 fair_inc 10110 prop_inc 12748 fast_inc 0 eta_inc 10132 multi_dec -0 quick_dec -0 nack_dec -0
224.84 flowid 185 Spurious 149
225.398 flowid 124 Spurious 209
228.306 flowid 113 Spurious 234
Flow Uec_99_227 flowId 4 uecSrc 3 finished at 228.515 total messages 1 total packets 490 RTS 0 total bytes 2002140 in_flight now 0 fair_inc 5323 prop_inc 54230 fast_inc 0 eta_inc 10728 multi_dec -91276 quick_dec -0 nack_dec -0
Flow Uec_13_141 flowId 199 uecSrc 198 finished at 229.435 total messages 1 total packets 493 RTS 3 total bytes 2002140 in_flight now 0 fair_inc 11045 prop_inc 8553 fast_inc 0 eta_inc 10728 multi_dec -0 quick_dec -0 nack_dec -4150
Flow Uec_118_246 flowId 167 uecSrc 166 finished at 231.604 total messages 1 total packets 490 RTS 0 total bytes 2002140 in_flight now 0 fair_inc 3696 prop_inc 35149 fast_inc 0 eta_inc 10728 multi_dec -47799 quick_dec -0 nack_dec -20750
Flow Uec_23_151 flowId 149 uecSrc 148 finished at 236.494 total messages 1 total packets 491 RTS 1 total bytes 2002140 in_flight now 0 fair_inc 11283 prop_inc 21171 fast_inc 0 eta_inc 10728 multi_dec -0 quick_dec -0 nack_dec -33200
Flow Uec_8_136 flowId 107 uecSrc 106 finished at 251.008 total messages 1 total packets 490 RTS 0 total bytes 2002140 in_flight now 0 fair_inc 1514 prop_inc 11883 fast_inc 0 eta_inc 11920 multi_dec -73299 quick_dec -0 nack_dec -0
Flow Uec_148_20 flowId 112 uecSrc 111 finished at 259.085 total messages 1 total packets 490 RTS 0 total bytes 2002140 in_flight now 0 fair_inc 3992 prop_inc 41932 fast_inc 0 eta_inc 11920 multi_dec -56060 quick_dec -0 nack_dec -33200
263.364 flowid 91 Spurious 220
Flow Uec_187_59 flowId 131 uecSrc 130 finished at 263.796 total messages 1 total packets 490 RTS 0 total bytes 2002140 in_flight now 0 fair_inc 11893 prop_inc 37994 fast_inc 0 eta_inc 12516 multi_dec -92462 quick_dec -0 nack_dec -24900
271.102 flowid 185 Spurious 214
272.268 flowid 104 Spurious 326
Flow Uec_6_134 flowId 161 uecSrc 160 finished at 275.37 total messages 1 total packets 490 RTS 0 total bytes 2002140 in_flight now 0 fair_inc 15933 prop_inc 11745 fast_inc 0 eta_inc 10728 multi_dec -0 quick_dec -202505 nack_dec -20750
275.665 flowid 104 Spurious 331
280 flowid 161 Spurious 383
Flow Uec_26_154 flowId 113 uecSrc 112 finished at 285.643 total messages 1 total packets 496 RTS 6 total bytes 2002140 in_flight now 0 fair_inc 8819 prop_inc 19058 fast_inc 0 eta_inc 13708 multi_dec -0 quick_dec -0 nack_dec -4150
285.901 flowid 60 Spurious 270
290.503 flowid 185 Spurious 251
Flow Uec_133_5 flowId 85 uecSrc 84 finished at 293.158 total messages 1 total packets 490 RTS 0 total bytes 2002140 in_flight now 0 fair_inc 5528 prop_inc 23193 fast_inc 0 eta_inc 13708 multi_dec -74899 quick_dec -0 nack_dec -24900
Flow Uec_31_159 flowId 78 uecSrc 77 finished at 293.456 total messages 1 total packets 493 RTS 3 total bytes 2002140 in_flight now -64 fair_inc 29303 prop_inc 35536 fast_inc 2020 eta_inc 12516 multi_dec -0 quick_dec -210805 nack_dec -12450
Flow Uec_15_143 flowId 164 uecSrc 163 finished at 300.939 total messages 1 total packets 491 RTS 1 total bytes 2002140 in_flight now 0 fair_inc 15025 prop_inc 23511 fast_inc 0 eta_inc 14304 multi_dec -58405 quick_dec -0 nack_dec -24900
302.031 flowid 101 Spurious 327
302.763 flowid 164 Spurious 315
303.911 flowid 164 Spurious 317
304.676 flowid 94 Spurious 375
Flow Uec_199_71 flowId 33 uecSrc 32 finished at 306.731 total messages 1 total packets 490 RTS 0 total bytes 2002140 in_flight now 0 fair_inc 1495 prop_inc 25572 fast_inc 0 eta_inc 14900 multi_dec -84747 quick_dec -0 nack_dec -29050
Flow Uec_7_135 flowId 23 uecSrc 22 finished at 307.525 total messages 1 total packets 492 RTS 2 total bytes 2002140 in_flight now 0 fair_inc 9111 prop_inc 45238 fast_inc 0 eta_inc 11920 multi_dec -0 quick_dec -185730 nack_dec -41500
308.489 flowid 101 Spurious 325
309.082 flowid 185 Spurious 274
309.183 flowid 94 Spurious 395
309.862 flowid 94 Spurious 396
311.743 flowid 185 Spurious 286
312.563 flowid 185 Spurious 279
Flow Uec_184_56 flowId 135 uecSrc 134 finished at 312.594 total messages 1 total packets 490 RTS 0 total bytes 2002140 in_flight now 0 fair_inc 2521 prop_inc 29242 fast_inc 0 eta_inc 14900 multi_dec -89132 quick_dec -0 nack_dec -37350
Flow Uec_108_236 flowId 217 uecSrc 216 finished at 313.74 total messages 1 total packets 490 RTS 0 total bytes 2002140 in_flight now 0 fair_inc 2493 prop_inc 33359 fast_inc 0 eta_inc 14900 multi_dec -83838 quick_dec -0 nack_dec -41500
Flow Uec_24_152 flowId 117 uecSrc 116 finished at 314.266 total messages 1 total packets 490 RTS 0 total bytes 2002140 in_flight now 0 fair_inc 4343 prop_inc 70073 fast_inc 0 eta_inc 14304 multi_dec -129037 quick_dec -0 nack_dec -20750
Flow Uec_189_61 flowId 99 uecSrc 98 finished at 316.731 total messages 1 total packets 490 RTS 0 total bytes 2002140 in_flight now 0 fair_inc 4044 prop_inc 25413 fast_inc 0 eta_inc 14900 multi_dec -86207 quick_dec -0 nack_dec -37350
Flow Uec_222_94 flowId 5 uecSrc 4 finished at 317.863 total messages 1 total packets 490 RTS 0 total bytes 2002140 in_flight now 0 fair_inc 0 prop_inc 32413 fast_inc 0 eta_inc 14900 multi_dec -73508 quick_dec -0 nack_dec -49800
Flow Uec_85_213 flowId 148 uecSrc 147 finished at 321.412 total messages 1 total packets 490 RTS 0 total bytes 2002140 in_flight now 0 fair_inc 3193 prop_inc 21307 fast_inc 0 eta_inc 15496 multi_dec -84838 quick_dec -0 nack_dec -37350
Flow Uec_145_17 flowId 150 uecSrc 149 finished at 323.264 total messages 1 total packets 492 RTS 2 total bytes 2002140 in_flight now 0 fair_inc 11044 prop_inc 31607 fast_inc 0 eta_inc 15496 multi_dec -95782 quick_dec -0 nack_dec -37350
Flow Uec_21_149 flowId 214 uecSrc 213 finished at 323.289 total messages 1 total packets 490 RTS 0 total bytes 2002140 in_flight now 0 fair_inc 3837 prop_inc 39292 fast_inc 0 eta_inc 10728 multi_dec -0 quick_dec -205621 nack_dec -4150
Flow Uec_125_253 flowId 105 uecSrc 104 finished at 326.956 total messages 1 total packets 490 RTS 0 total bytes 2002140 in_flight now 0 fair_inc 5481 prop_inc 28945 fast_inc 0 eta_inc 15496 multi_dec -79917 quick_dec -0 nack_dec -49800
Flow Uec_110_238 flowId 38 uecSrc 37 finished at 329.463 total messages 1 total packets 490 RTS 0 total bytes 2002140 in_flight now 0 fair_inc 6684 prop_inc 27623 fast_inc 0 eta_inc 16092 multi_dec -80003 quick_dec -0 nack_dec -49800
329.84 flowid 94 Spurious 434
331.914 flowid 169 Spurious 487
Flow Uec_192_64 flowId 19 uecSrc 18 finished at 334.176 total messages 1 total packets 490 RTS 0 total bytes 2002140 in_flight now 0 fair_inc 9549 prop_inc 40526 fast_inc 0 eta_inc 16092 multi_dec -115159 quick_dec -0 nack_dec -37350
Flow Uec_34_162 flowId 169 uecSrc 168 finished at 335.643 total messages 1 total packets 492 RTS 2 total bytes 2002140 in_flight now 0 fair_inc 7303 prop_inc 46375 fast_inc 0 eta_inc 12516 multi_dec -0 quick_dec -183101 nack_dec -16600
Flow Uec_111_239 flowId 159 uecSrc 158 finished at 336.408 total messages 1 total packets 490 RTS 0 total bytes 2002140 in_flight now 0 fair_inc 3280 prop_inc 41552 fast_inc 0 eta_inc 16092 multi_dec -100757 quick_dec -0 nack_dec -45650
Flow Uec_47_175 flowId 30 uecSrc 29 finished at 337.656 total messages 1 total packets 495 RTS 5 total bytes 2002140 in_flight now -64 fair_inc 10308 prop_inc 47615 fast_inc 3030 eta_inc 14900 multi_dec -0 quick_dec -159655 nack_dec -20750
Flow Uec_180_52 flowId 206 uecSrc 205 finished at 342.092 total messages 1 total packets 490 RTS 0 total bytes 2002140 in_flight now 0 fair_inc 3664 prop_inc 44462 fast_inc 0 eta_inc 16092 multi_dec -98694 quick_dec -0 nack_dec -53950
Flow Uec_113_241 flowId 184 uecSrc 183 finished at 342.359 total messages 1 total packets 490 RTS 0 total bytes 2002140 in_flight now 0 fair_inc 12405 prop_inc 35471 fast_inc 0 eta_inc 16688 multi_dec -105631 quick_dec -0 nack_dec -45650
343.611 flowid 104 Spurious 486
Flow Uec_117_245 flowId 29 uecSrc 28 finished at 343.792 total messages 1 total packets 490 RTS 0 total bytes 2002140 in_flight now 0 fair_inc 4648 prop_inc 41311 fast_inc 0 eta_inc 16688 multi_dec -106391 quick_dec -0 nack_dec -41500
Flow Uec_245_117 flowId 8 uecSrc 7 finished at 344.795 total messages 1 total packets 490 RTS 0 total bytes 2002140 in_flight now 0 fair_inc 14510 prop_inc 22672 fast_inc 0 eta_inc 16688 multi_dec -74740 quick_dec -0 nack_dec -58100
Flow Uec_112_240 flowId 175 uecSrc 174 finished at 344.859 total messages 1 total packets 490 RTS 0 total bytes 2002140 in_flight now 0 fair_inc 9728 prop_inc 38599 fast_inc 0 eta_inc 16092 multi_dec -104987 quick_dec -0 nack_dec -45650
Flow Uec_1_129 flowId 127 uecSrc 126 finished at 345.572 total messages 1 total packets 493 RTS 3 total bytes 2002140 in_flight now 0 fair_inc 21401 prop_inc 16790 fast_inc 0 eta_inc 16688 multi_dec -94512 quick_dec -0 nack_dec -24900
Flow Uec_79_207 flowId 106 uecSrc 105 finished at 346.006 total messages 1 total packets 490 RTS 0 total bytes 2002140 in_flight now 0 fair_inc 6816 prop_inc 31846 fast_inc 0 eta_inc 16092 multi_dec -74097 quick_dec -0 nack_dec -62250
Flow Uec_141_13 flowId 144 uecSrc 143 finished at 346.313 total messages 1 total packets 491 RTS 1 total bytes 2002140 in_flight now 0 fair_inc 5570 prop_inc 53927 fast_inc 0 eta_inc 16092 multi_dec -117670 quick_dec -0 nack_dec -33200
Flow Uec_223_95 flowId 114 uecSrc 113 finished at 346.374 total messages 1 total packets 490 RTS 0 total bytes 2002140 in_flight now 0 fair_inc 7250 prop_inc 36144 fast_inc 56041 eta_inc 16688 multi_dec -89456 quick_dec -0 nack_dec -62250
Flow Uec_144_16 flowId 81 uecSrc 80 finished at 347.697 total messages 1 total packets 490 RTS 0 total bytes 2002140 in_flight now 0 fair_inc 10147 prop_inc 43956 fast_inc 86358 eta_inc 16688 multi_dec -111343 quick_dec -0 nack_dec -58100
Flow Uec_39_167 flowId 104 uecSrc 103 finished at 347.778 total messages 1 total packets 494 RTS 4 total bytes 2002140 in_flight now 0 fair_inc 6088 prop_inc 41428 fast_inc 0 eta_inc 13112 multi_dec -0 quick_dec -168471 nack_dec -20750
Flow Uec_188_60 flowId 54 uecSrc 53 finished at 348.463 total messages 1 total packets 490 RTS 0 total bytes 2002140 in_flight now 0 fair_inc 7407 prop_inc 47914 fast_inc 0 eta_inc 16688 multi_dec -93051 quick_dec -0 nack_dec -58100
Flow Uec_211_83 flowId 53 uecSrc 52 finished at 348.616 total messages 1 total packets 490 RTS 0 total bytes 2002140 in_flight now 0 fair_inc 5217 prop_inc 42970 fast_inc 0 eta_inc 16092 multi_dec -108284 quick_dec -0 nack_dec -41500
Flow Uec_185_57 flowId 62 uecSrc 61 finished at 349.442 total messages 1 total packets 490 RTS 0 total bytes 2002140 in_flight now 0 fair_inc 5421 prop_inc 48569 fast_inc 0 eta_inc 16688 multi_dec -97104 quick_dec -0 nack_dec -53950
Flow Uec_98_226 flowId 69 uecSrc 68 finished at 351.62 total messages 1 total packets 490 RTS 0 total bytes 2002140 in_flight now 0 fair_inc 5706 prop_inc 55315 fast_inc 0 eta_inc 16688 multi_dec -105851 quick_dec -0 nack_dec -49800
Flow Uec_49_177 flowId 201 uecSrc 200 finished at 354.803 total messages 1 total packets 490 RTS 0 total bytes 2002140 in_flight now 0 fair_inc 9193 prop_inc 45033 fast_inc 0 eta_inc 16688 multi_dec -85193 quick_dec -0 nack_dec -74700
356.66 flowid 94 Spurious 490
Flow Uec_129_1 flowId 151 uecSrc 150 finished at 357.667 total messages 1 total packets 490 RTS 0 total bytes 2002140 in_flight now 0 fair_inc 17216 prop_inc 13283 fast_inc 0 eta_inc 16688 multi_dec -22085 quick_dec -0 nack_dec -95450
Flow Uec_254_126 flowId 59 uecSrc 58 finished at 358.361 total messages 1 total packets 490 RTS 0 total bytes 2002140 in_flight now 0 fair_inc 9604 prop_inc 33784 fast_inc 0 eta_inc 17284 multi_dec -94656 quick_dec -0 nack_dec -58100
Flow Uec_20_148 flowId 94 uecSrc 93 finished at 361.006 total messages 1 total packets 496 RTS 6 total bytes 2002140 in_flight now 0 fair_inc 8031 prop_inc 37797 fast_inc 0 eta_inc 14304 multi_dec -0 quick_dec -172625 nack_dec -12450
Flow Uec_43_171 flowId 97 uecSrc 96 finished at 362.486 total messages 1 total packets 497 RTS 7 total bytes 2002140 in_flight now -64 fair_inc 16534 prop_inc 29193 fast_inc 0 eta_inc 14900 multi_dec -16929 quick_dec -166234 nack_dec -20750
Flow Uec_236_108 flowId 207 uecSrc 206 finished at 364.876 total messages 1 total packets 490 RTS 0 total bytes 2002140 in_flight now 0 fair_inc 10450 prop_inc 33883 fast_inc 0 eta_inc 17284 multi_dec -85015 quick_dec -0 nack_dec -66400
365.687 flowid 97 Spurious 425
Flow Uec_64_192 flowId 6 uecSrc 5 finished at 365.888 total messages 1 total packets 490 RTS 0 total bytes 2002140 in_flight now 0 fair_inc 4947 prop_inc 47707 fast_inc 0 eta_inc 17880 multi_dec -82055 quick_dec -0 nack_dec -78850
366.03 flowid 97 Spurious 426
Flow Uec_44_172 flowId 57 uecSrc 56 finished at 367.501 total messages 1 total packets 496 RTS 6 total bytes 2002140 in_flight now -64 fair_inc 18607 prop_inc 60033 fast_inc 0 eta_inc 17284 multi_dec -109578 quick_dec -0 nack_dec -20750
Flow Uec_242_114 flowId 145 uecSrc 144 finished at 368.457 total messages 1 total packets 490 RTS 0 total bytes 2002140 in_flight now 0 fair_inc 9590 prop_inc 22234 fast_inc 0 eta_inc 17880 multi_dec -65351 quick_dec -0 nack_dec -74700
Flow Uec_146_18 flowId 213 uecSrc 212 finished at 369.066 total messages 1 total packets 490 RTS 0 total bytes 2002140 in_flight now 0 fair_inc 14251 prop_inc 60825 fast_inc 0 eta_inc 16688 multi_dec -164645 quick_dec -0 nack_dec -20750
Flow Uec_226_98 flowId 177 uecSrc 176 finished at 369.945 total messages 1 total packets 490 RTS 0 total bytes 2002140 in_flight now 0 fair_inc 14571 prop_inc 17621 fast_inc 0 eta_inc 17284 multi_dec -69385 quick_dec -0 nack_dec -70550
Flow Uec_228_100 flowId 155 uecSrc 154 finished at 371.862 total messages 1 total packets 490 RTS 0 total bytes 2002140 in_flight now 0 fair_inc 7527 prop_inc 35180 fast_inc 0 eta_inc 17880 multi_dec -95042 quick_dec -0 nack_dec -62250
Flow Uec_241_113 flowId 16 uecSrc 15 finished at 375.561 total messages 1 total packets 490 RTS 0 total bytes 2002140 in_flight now 0 fair_inc 22431 prop_inc 36545 fast_inc 0 eta_inc 17880 multi_dec -81180 quick_dec -0 nack_dec -78850
Flow Uec_244_116 flowId 63 uecSrc 62 finished at 376.142 total messages 1 total packets 490 RTS 0 total bytes 2002140 in_flight now 0 fair_inc 26164 prop_inc 48398 fast_inc 0 eta_inc 16688 multi_dec -142243 quick_dec -0 nack_dec -33200
Flow Uec_132_4 flowId 86 uecSrc 85 finished at 378.988 total messages 1 total packets 491 RTS 1 total bytes 2002140 in_flight now 0 fair_inc 13987 prop_inc 23343 fast_inc 0 eta_inc 16688 multi_dec -20894 quick_dec -0 nack_dec -107900
Flow Uec_252_124 flowId 66 uecSrc 65 finished at 379.82 total messages 1 total packets 490 RTS 0 total bytes 2002140 in_flight now 0 fair_inc 7756 prop_inc 37499 fast_inc 0 eta_inc 17880 multi_dec -86153 quick_dec -0 nack_dec -74700
Flow Uec_19_147 flowId 138 uecSrc 137 finished at 380.108 total messages 1 total packets 491 RTS 1 total bytes 2002140 in_flight now 0 fair_inc 18680 prop_inc 72831 fast_inc 57582 eta_inc 17284 multi_dec -134017 quick_dec -0 nack_dec -37350
Flow Uec_248_120 flowId 68 uecSrc 67 finished at 382.175 total messages 1 total packets 490 RTS 0 total bytes 2002140 in_flight now 0 fair_inc 8927 prop_inc 44986 fast_inc 0 eta_inc 18476 multi_dec -70524 quick_dec -0 nack_dec -91300
382.498 flowid 124 Spurious 430
385.205 flowid 124 Spurious 431
Flow Uec_238_110 flowId 93 uecSrc 92 finished at 385.317 total messages 1 total packets 490 RTS 0 total bytes 2002140 in_flight now 0 fair_inc 8797 prop_inc 52863 fast_inc 0 eta_inc 18476 multi_dec -144476 quick_dec -0 nack_dec -33200
Flow Uec_4_132 flowId 215 uecSrc 214 finished at 385.97 total messages 1 total packets 496 RTS 6 total bytes 2002140 in_flight now 0 fair_inc 2273 prop_inc 80508 fast_inc 0 eta_inc 15496 multi_dec -0 quick_dec -164854 nack_dec -16600
386.217 flowid 124 Spurious 445
Flow Uec_235_107 flowId 187 uecSrc 186 finished at 387.964 total messages 1 total packets 490 RTS 0 total bytes 2002140 in_flight now 0 fair_inc 5445 prop_inc 44009 fast_inc 0 eta_inc 17880 multi_dec -72869 quick_dec -0 nack_dec -91300
391.102 flowid 124 Spurious 446
Flow Uec_40_168 flowId 92 uecSrc 91 finished at 393.672 total messages 1 total packets 494 RTS 4 total bytes 2002140 in_flight now 0 fair_inc 5701 prop_inc 58475 fast_inc 0 eta_inc 17284 multi_dec -144194 quick_dec -0 nack_dec -8300
Flow Uec_178_50 flowId 208 uecSrc 207 finished at 395.765 total messages 1 total packets 490 RTS 0 total bytes 2002140 in_flight now 0 fair_inc 9485 prop_inc 75479 fast_inc 0 eta_inc 17880 multi_dec -160465 quick_dec -0 nack_dec -29050
Flow Uec_250_122 flowId 170 uecSrc 169 finished at 395.961 total messages 1 total packets 490 RTS 0 total bytes 2002140 in_flight now 0 fair_inc 21612 prop_inc 41186 fast_inc 0 eta_inc 17284 multi_dec -95037 quick_dec -0 nack_dec -70550
Flow Uec_143_15 flowId 50 uecSrc 49 finished at 401.623 total messages 1 total packets 491 RTS 1 total bytes 2002140 in_flight now 0 fair_inc 10807 prop_inc 65475 fast_inc 0 eta_inc 17880 multi_dec -131832 quick_dec -0 nack_dec -49800
Flow Uec_3_131 flowId 91 uecSrc 90 finished at 402.496 total messages 1 total packets 496 RTS 6 total bytes 2002140 in_flight now 0 fair_inc 18536 prop_inc 25659 fast_inc 1010 eta_inc 16688 multi_dec -26344 quick_dec -147985 nack_dec -37350
Flow Uec_35_163 flowId 47 uecSrc 46 finished at 403.556 total messages 1 total packets 491 RTS 1 total bytes 2002140 in_flight now 0 fair_inc 10854 prop_inc 74685 fast_inc 0 eta_inc 17284 multi_dec -184428 quick_dec -0 nack_dec -0
Flow Uec_251_123 flowId 129 uecSrc 128 finished at 404.592 total messages 1 total packets 490 RTS 0 total bytes 2002140 in_flight now 0 fair_inc 45434 prop_inc 41016 fast_inc 0 eta_inc 17284 multi_dec -134498 quick_dec -0 nack_dec -33200
Flow Uec_25_153 flowId 96 uecSrc 95 finished at 408.029 total messages 1 total packets 495 RTS 5 total bytes 2002140 in_flight now 0 fair_inc 28841 prop_inc 45336 fast_inc 0 eta_inc 19072 multi_dec -136108 quick_dec -0 nack_dec -20750
Flow Uec_9_137 flowId 15 uecSrc 14 finished at 417.964 total messages 1 total packets 498 RTS 8 total bytes 2002140 in_flight now -64 fair_inc 2096 prop_inc 65602 fast_inc 0 eta_inc 16688 multi_dec -0 quick_dec -127596 nack_dec -33200
Flow Uec_246_118 flowId 211 uecSrc 210 finished at 422.289 total messages 1 total packets 490 RTS 0 total bytes 2002140 in_flight now 0 fair_inc 10344 prop_inc 37673 fast_inc 0 eta_inc 19668 multi_dec -13280 quick_dec -0 nack_dec -157700
Flow Uec_231_103 flowId 205 uecSrc 204 finished at 422.452 total messages 1 total packets 490 RTS 0 total bytes 2002140 in_flight now 0 fair_inc 7356 prop_inc 48305 fast_inc 0 eta_inc 19668 multi_dec -86088 quick_dec -0 nack_dec -91300
Flow Uec_230_102 flowId 210 uecSrc 209 finished at 423.121 total messages 1 total packets 490 RTS 0 total bytes 2002140 in_flight now 0 fair_inc 4786 prop_inc 54620 fast_inc 0 eta_inc 19668 multi_dec -94978 quick_dec -0 nack_dec -83000
424.59 flowid 101 Spurious 493
424.922 flowid 101 Spurious 494
Flow Uec_46_174 flowId 124 uecSrc 123 finished at 427.088 total messages 1 total packets 497 RTS 7 total bytes 2002140 in_flight now -128 fair_inc 14514 prop_inc 28457 fast_inc 0 eta_inc 17284 multi_dec -1322 quick_dec -155887 nack_dec -8300
Flow Uec_253_125 flowId 24 uecSrc 23 finished at 427.466 total messages 1 total packets 490 RTS 0 total bytes 2002140 in_flight now 0 fair_inc 12038 prop_inc 31162 fast_inc 0 eta_inc 19668 multi_dec -89068 quick_dec -0 nack_dec -78850
Flow Uec_116_244 flowId 174 uecSrc 173 finished at 429.125 total messages 1 total packets 490 RTS 0 total bytes 2002140 in_flight now 0 fair_inc 28617 prop_inc 107187 fast_inc 109595 eta_inc 19668 multi_dec -200225 quick_dec -0 nack_dec -41500
Flow Uec_176_48 flowId 141 uecSrc 140 finished at 429.218 total messages 1 total packets 490 RTS 0 total bytes 2002140 in_flight now 0 fair_inc 4598 prop_inc 92666 fast_inc 0 eta_inc 17880 multi_dec -165143 quick_dec -0 nack_dec -45650
Flow Uec_57_185 flowId 216 uecSrc 215 finished at 432.021 total messages 1 total packets 490 RTS 0 total bytes 2002140 in_flight now 0 fair_inc 13631 prop_inc 31750 fast_inc 0 eta_inc 19668 multi_dec -21963 quick_dec -0 nack_dec -141100
Flow Uec_109_237 flowId 196 uecSrc 195 finished at 432.821 total messages 1 total packets 490 RTS 0 total bytes 2002140 in_flight now 0 fair_inc 27647 prop_inc 18563 fast_inc 0 eta_inc 20264 multi_dec -48147 quick_dec -0 nack_dec -132800
Flow Uec_45_173 flowId 67 uecSrc 66 finished at 433.769 total messages 1 total packets 498 RTS 8 total bytes 2002140 in_flight now 0 fair_inc 25665 prop_inc 22539 fast_inc 0 eta_inc 18476 multi_dec -85169 quick_dec -87973 nack_dec -8300
Flow Uec_33_161 flowId 132 uecSrc 131 finished at 434.954 total messages 1 total packets 495 RTS 5 total bytes 2002140 in_flight now -64 fair_inc 17253 prop_inc 23320 fast_inc 0 eta_inc 16092 multi_dec -885 quick_dec -0 nack_dec -53950
438.148 flowid 132 Spurious 475
Flow Uec_17_145 flowId 3 uecSrc 2 finished at 438.71 total messages 1 total packets 496 RTS 6 total bytes 2002140 in_flight now 0 fair_inc 19485 prop_inc 52446 fast_inc 0 eta_inc 20264 multi_dec -141515 quick_dec -0 nack_dec -8300
Flow Uec_72_200 flowId 72 uecSrc 71 finished at 444.38 total messages 1 total packets 490 RTS 0 total bytes 2002140 in_flight now 0 fair_inc 13218 prop_inc 18667 fast_inc 0 eta_inc 19072 multi_dec -92042 quick_dec -0 nack_dec -74700
Flow Uec_210_82 flowId 18 uecSrc 17 finished at 447.258 total messages 1 total packets 490 RTS 0 total bytes 2002140 in_flight now 0 fair_inc 12222 prop_inc 20948 fast_inc 0 eta_inc 21456 multi_dec -61682 quick_dec -0 nack_dec -99600
Flow Uec_14_142 flowId 194 uecSrc 193 finished at 449.834 total messages 1 total packets 494 RTS 4 total bytes 2002140 in_flight now 0 fair_inc 16052 prop_inc 41294 fast_inc 0 eta_inc 19668 multi_dec -84473 quick_dec -114536 nack_dec -29050
455.711 flowid 194 Spurious 385
Flow Uec_142_14 flowId 61 uecSrc 60 finished at 455.721 total messages 1 total packets 493 RTS 3 total bytes 2002140 in_flight now 0 fair_inc 56994 prop_inc 10725 fast_inc 0 eta_inc 20860 multi_dec -102165 quick_dec -0 nack_dec -87150
Flow Uec_136_8 flowId 166 uecSrc 165 finished at 456.872 total messages 1 total packets 490 RTS 0 total bytes 2002140 in_flight now 0 fair_inc 6135 prop_inc 84236 fast_inc 0 eta_inc 20860 multi_dec -98648 quick_dec -0 nack_dec -91300
Flow Uec_54_182 flowId 198 uecSrc 197 finished at 466.092 total messages 1 total packets 490 RTS 0 total bytes 2002140 in_flight now 0 fair_inc 20764 prop_inc 43781 fast_inc 0 eta_inc 22052 multi_dec -89161 quick_dec -0 nack_dec -107900
Flow Uec_172_44 flowId 204 uecSrc 203 finished at 467.63 total messages 1 total packets 491 RTS 1 total bytes 2002140 in_flight now 0 fair_inc 41965 prop_inc 16828 fast_inc 0 eta_inc 21456 multi_dec -115152 quick_dec -0 nack_dec -78850
Flow Uec_77_205 flowId 46 uecSrc 45 finished at 467.886 total messages 1 total packets 490 RTS 0 total bytes 2002140 in_flight now 0 fair_inc 14347 prop_inc 13332 fast_inc 0 eta_inc 22052 multi_dec -67751 quick_dec -0 nack_dec -107900
Flow Uec_12_140 flowId 102 uecSrc 101 finished at 469.852 total messages 1 total packets 497 RTS 7 total bytes 2002140 in_flight now 0 fair_inc 19007 prop_inc 110907 fast_inc 0 eta_inc 20264 multi_dec -119283 quick_dec -0 nack_dec -58100
Flow Uec_36_164 flowId 60 uecSrc 59 finished at 472.628 total messages 1 total packets 493 RTS 3 total bytes 2002140 in_flight now 0 fair_inc 27520 prop_inc 37676 fast_inc 0 eta_inc 19072 multi_dec -141759 quick_dec -100921 nack_dec -20750
Flow Uec_157_29 flowId 45 uecSrc 44 finished at 477.09 total messages 1 total packets 490 RTS 0 total bytes 2002140 in_flight now 0 fair_inc 8421 prop_inc 18623 fast_inc 0 eta_inc 22052 multi_dec -95819 quick_dec -0 nack_dec -70550
Flow Uec_100_228 flowId 65 uecSrc 64 finished at 478.021 total messages 1 total packets 490 RTS 0 total bytes 2002140 in_flight now 0 fair_inc 10685 prop_inc 49054 fast_inc 0 eta_inc 22052 multi_dec -107079 quick_dec -0 nack_dec -74700
Flow Uec_37_165 flowId 49 uecSrc 48 finished at 478.132 total messages 1 total packets 501 RTS 11 total bytes 2002140 in_flight now -64 fair_inc 15894 prop_inc 76780 fast_inc 0 eta_inc 21456 multi_dec -121787 quick_dec -0 nack_dec -8300
Flow Uec_150_22 flowId 89 uecSrc 88 finished at 481.581 total messages 1 total packets 491 RTS 1 total bytes 2002140 in_flight now 0 fair_inc 11068 prop_inc 21819 fast_inc 0 eta_inc 21456 multi_dec -29710 quick_dec -0 nack_dec -145250
Flow Uec_96_224 flowId 120 uecSrc 119 finished at 482.906 total messages 1 total packets 490 RTS 0 total bytes 2002140 in_flight now 0 fair_inc 6154 prop_inc 17796 fast_inc 0 eta_inc 23244 multi_dec -80819 quick_dec -0 nack_dec -91300
Flow Uec_166_38 flowId 13 uecSrc 12 finished at 482.915 total messages 1 total packets 491 RTS 1 total bytes 2002140 in_flight now 0 fair_inc 31558 prop_inc 12954 fast_inc 0 eta_inc 22052 multi_dec -81699 quick_dec -0 nack_dec -95450
Flow Uec_139_11 flowId 147 uecSrc 146 finished at 487.112 total messages 1 total packets 490 RTS 0 total bytes 2002140 in_flight now 0 fair_inc 9646 prop_inc 61455 fast_inc 0 eta_inc 22052 multi_dec -85707 quick_dec -0 nack_dec -91300
Flow Uec_177_49 flowId 202 uecSrc 201 finished at 488.095 total messages 1 total packets 490 RTS 0 total bytes 2002140 in_flight now 0 fair_inc 10890 prop_inc 16290 fast_inc 0 eta_inc 22648 multi_dec -75209 quick_dec -0 nack_dec -99600
Flow Uec_94_222 flowId 139 uecSrc 138 finished at 490.602 total messages 1 total packets 490 RTS 0 total bytes 2002140 in_flight now 0 fair_inc 7544 prop_inc 19313 fast_inc 0 eta_inc 22052 multi_dec -90414 quick_dec -0 nack_dec -78850
Flow Uec_151_23 flowId 35 uecSrc 34 finished at 495.485 total messages 1 total packets 490 RTS 0 total bytes 2002140 in_flight now 0 fair_inc 30383 prop_inc 27098 fast_inc 0 eta_inc 22648 multi_dec -74723 quick_dec -0 nack_dec -107900
Flow Uec_161_33 flowId 165 uecSrc 164 finished at 496.584 total messages 1 total packets 491 RTS 1 total bytes 2002140 in_flight now 0 fair_inc 16802 prop_inc 12916 fast_inc 0 eta_inc 22648 multi_dec -22576 quick_dec -0 nack_dec -141100
Flow Uec_239_111 flowId 43 uecSrc 42 finished at 497.089 total messages 1 total packets 490 RTS 0 total bytes 2002140 in_flight now 0 fair_inc 22840 prop_inc 6853 fast_inc 0 eta_inc 23244 multi_dec -14626 quick_dec -0 nack_dec -145250
Flow Uec_87_215 flowId 188 uecSrc 187 finished at 500.778 total messages 1 total packets 490 RTS 0 total bytes 2002140 in_flight now 0 fair_inc 4075 prop_inc 43681 fast_inc 0 eta_inc 21456 multi_dec -60254 quick_dec -0 nack_dec -120350
Flow Uec_86_214 flowId 1 uecSrc 0 finished at 501.702 total messages 1 total packets 490 RTS 0 total bytes 2002140 in_flight now 0 fair_inc 26234 prop_inc 21283 fast_inc 0 eta_inc 23840 multi_dec -72792 quick_dec -0 nack_dec -116200
Flow Uec_198_70 flowId 31 uecSrc 30 finished at 502.683 total messages 1 total packets 490 RTS 0 total bytes 2002140 in_flight now 0 fair_inc 13751 prop_inc 48641 fast_inc 0 eta_inc 23244 multi_dec -81764 quick_dec -0 nack_dec -107900
Flow Uec_182_54 flowId 111 uecSrc 110 finished at 502.943 total messages 1 total packets 490 RTS 0 total bytes 2002140 in_flight now 0 fair_inc 37412 prop_inc 15747 fast_inc 0 eta_inc 23840 multi_dec -93305 quick_dec -0 nack_dec -99600
Flow Uec_69_197 flowId 130 uecSrc 129 finished at 504.905 total messages 1 total packets 490 RTS 0 total bytes 2002140 in_flight now 0 fair_inc 13849 prop_inc 22613 fast_inc 0 eta_inc 23840 multi_dec -75153 quick_dec -0 nack_dec -112050
Flow Uec_217_89 flowId 115 uecSrc 114 finished at 505.258 total messages 1 total packets 490 RTS 0 total bytes 2002140 in_flight now 0 fair_inc 37939 prop_inc 7550 fast_inc 0 eta_inc 23840 multi_dec -28972 quick_dec -0 nack_dec -153550
Flow Uec_171_43 flowId 90 uecSrc 89 finished at 506.364 total messages 1 total packets 491 RTS 1 total bytes 2002140 in_flight now 0 fair_inc 38990 prop_inc 12997 fast_inc 0 eta_inc 23244 multi_dec -45877 quick_dec -0 nack_dec -136950
Flow Uec_195_67 flowId 55 uecSrc 54 finished at 507.508 total messages 1 total packets 490 RTS 0 total bytes 2002140 in_flight now 0 fair_inc 25548 prop_inc 17700 fast_inc 0 eta_inc 23840 multi_dec -79483 quick_dec -0 nack_dec -107900
Flow Uec_168_40 flowId 195 uecSrc 194 finished at 507.654 total messages 1 total packets 491 RTS 1 total bytes 2002140 in_flight now 0 fair_inc 52216 prop_inc 2233 fast_inc 0 eta_inc 22648 multi_dec -29509 quick_dec -0 nack_dec -153550
Flow Uec_201_73 flowId 146 uecSrc 145 finished at 510.485 total messages 1 total packets 490 RTS 0 total bytes 2002140 in_flight now 0 fair_inc 28021 prop_inc 2872 fast_inc 0 eta_inc 23244 multi_dec -67011 quick_dec -0 nack_dec -112050
Flow Uec_38_166 flowId 10 uecSrc 9 finished at 510.632 total messages 1 total packets 498 RTS 8 total bytes 2002140 in_flight now 0 fair_inc 11570 prop_inc 76085 fast_inc 35846 eta_inc 23244 multi_dec -63534 quick_dec -0 nack_dec -12450
Flow Uec_105_233 flowId 58 uecSrc 57 finished at 511.271 total messages 1 total packets 490 RTS 0 total bytes 2002140 in_flight now 0 fair_inc 28560 prop_inc 17828 fast_inc 0 eta_inc 23840 multi_dec -61557 quick_dec -0 nack_dec -145250
Flow Uec_82_210 flowId 75 uecSrc 74 finished at 511.325 total messages 1 total packets 490 RTS 0 total bytes 2002140 in_flight now 0 fair_inc 18259 prop_inc 52865 fast_inc 0 eta_inc 23840 multi_dec -77817 quick_dec -0 nack_dec -120350
Flow Uec_218_90 flowId 140 uecSrc 139 finished at 511.501 total messages 1 total packets 490 RTS 0 total bytes 2002140 in_flight now 0 fair_inc 16229 prop_inc 51196 fast_inc 0 eta_inc 22648 multi_dec -99964 quick_dec -0 nack_dec -107900
Flow Uec_169_41 flowId 173 uecSrc 172 finished at 511.769 total messages 1 total packets 490 RTS 0 total bytes 2002140 in_flight now 0 fair_inc 33986 prop_inc 36568 fast_inc 0 eta_inc 23244 multi_dec -75930 quick_dec -0 nack_dec -124500
Flow Uec_234_106 flowId 110 uecSrc 109 finished at 512.267 total messages 1 total packets 490 RTS 0 total bytes 2002140 in_flight now 0 fair_inc 33500 prop_inc 9591 fast_inc 0 eta_inc 24436 multi_dec -25269 quick_dec -0 nack_dec -149400
Flow Uec_134_6 flowId 39 uecSrc 38 finished at 513.937 total messages 1 total packets 490 RTS 0 total bytes 2002140 in_flight now 0 fair_inc 13402 prop_inc 78142 fast_inc 19681 eta_inc 22648 multi_dec -107891 quick_dec -0 nack_dec -95450
Flow Uec_167_39 flowId 212 uecSrc 211 finished at 514.294 total messages 1 total packets 491 RTS 1 total bytes 2002140 in_flight now 0 fair_inc 35943 prop_inc 6683 fast_inc 0 eta_inc 23244 multi_dec -21641 quick_dec -0 nack_dec -141100
Flow Uec_207_79 flowId 143 uecSrc 142 finished at 520.964 total messages 1 total packets 490 RTS 0 total bytes 2002140 in_flight now 0 fair_inc 24899 prop_inc 5603 fast_inc 0 eta_inc 24436 multi_dec -36098 quick_dec -0 nack_dec -132800
Flow Uec_101_229 flowId 52 uecSrc 51 finished at 521.104 total messages 1 total packets 490 RTS 0 total bytes 2002140 in_flight now 0 fair_inc 24431 prop_inc 63726 fast_inc 0 eta_inc 23840 multi_dec -102367 quick_dec -0 nack_dec -95450
Flow Uec_75_203 flowId 119 uecSrc 118 finished at 522.174 total messages 1 total packets 490 RTS 0 total bytes 2002140 in_flight now 0 fair_inc 16845 prop_inc 36658 fast_inc 0 eta_inc 23244 multi_dec -59140 quick_dec -0 nack_dec -132800
Flow Uec_156_28 flowId 126 uecSrc 125 finished at 523.431 total messages 1 total packets 492 RTS 2 total bytes 2002140 in_flight now 0 fair_inc 22286 prop_inc 37675 fast_inc 0 eta_inc 23840 multi_dec -95521 quick_dec -0 nack_dec -95450
Flow Uec_22_150 flowId 152 uecSrc 151 finished at 524.34 total messages 1 total packets 497 RTS 7 total bytes 2002140 in_flight now -64 fair_inc 48638 prop_inc 40545 fast_inc 0 eta_inc 23840 multi_dec -116581 quick_dec -0 nack_dec -45650
Flow Uec_10_138 flowId 101 uecSrc 100 finished at 524.419 total messages 1 total packets 499 RTS 9 total bytes 2002140 in_flight now 0 fair_inc 1826 prop_inc 80224 fast_inc 0 eta_inc 18476 multi_dec -0 quick_dec -122815 nack_dec -29050
Flow Uec_32_160 flowId 77 uecSrc 76 finished at 532.043 total messages 1 total packets 497 RTS 7 total bytes 2002140 in_flight now 0 fair_inc 34822 prop_inc 45583 fast_inc 0 eta_inc 23840 multi_dec -174701 quick_dec -0 nack_dec -8300
Flow Uec_165_37 flowId 40 uecSrc 39 finished at 542.531 total messages 1 total packets 492 RTS 2 total bytes 2002140 in_flight now 0 fair_inc 14621 prop_inc 38475 fast_inc 0 eta_inc 24436 multi_dec -31020 quick_dec -0 nack_dec -153550
Flow Uec_28_156 flowId 108 uecSrc 107 finished at 542.632 total messages 1 total packets 495 RTS 5 total bytes 2002140 in_flight now -64 fair_inc 59211 prop_inc 36660 fast_inc 0 eta_inc 23840 multi_dec -190120 quick_dec -0 nack_dec -0
Flow Uec_52_180 flowId 79 uecSrc 78 finished at 543.417 total messages 1 total packets 490 RTS 0 total bytes 2002140 in_flight now 0 fair_inc 9174 prop_inc 47252 fast_inc 156063 eta_inc 23244 multi_dec -130325 quick_dec -0 nack_dec -87150
Flow Uec_0_128 flowId 185 uecSrc 184 finished at 545.013 total messages 1 total packets 499 RTS 9 total bytes 2002140 in_flight now 0 fair_inc 13355 prop_inc 48116 fast_inc 0 eta_inc 19668 multi_dec -35982 quick_dec -118652 nack_dec -45650
Flow Uec_200_72 flowId 172 uecSrc 171 finished at 553.124 total messages 1 total packets 490 RTS 0 total bytes 2002140 in_flight now 0 fair_inc 34973 prop_inc 27605 fast_inc 0 eta_inc 25628 multi_dec -34014 quick_dec -0 nack_dec -170150
Flow Uec_135_7 flowId 134 uecSrc 133 finished at 553.49 total messages 1 total packets 490 RTS 0 total bytes 2002140 in_flight now 0 fair_inc 11750 prop_inc 94446 fast_inc 54031 eta_inc 20860 multi_dec -140782 quick_dec -0 nack_dec -74700
Flow Uec_149_21 flowId 25 uecSrc 24 finished at 576.823 total messages 1 total packets 491 RTS 1 total bytes 2002140 in_flight now 0 fair_inc 24175 prop_inc 50706 fast_inc 35353 eta_inc 26224 multi_dec -105972 quick_dec -0 nack_dec -99600
Flow Uec_215_87 flowId 125 uecSrc 124 finished at 580.8 total messages 1 total packets 490 RTS 0 total bytes 2002140 in_flight now 0 fair_inc 36793 prop_inc 7479 fast_inc 0 eta_inc 26224 multi_dec -31109 quick_dec -0 nack_dec -170150
Flow Uec_221_93 flowId 133 uecSrc 132 finished at 582.328 total messages 1 total packets 490 RTS 0 total bytes 2002140 in_flight now 0 fair_inc 29315 prop_inc 43074 fast_inc 0 eta_inc 26224 multi_dec -71274 quick_dec -0 nack_dec -149400
Flow Uec_213_85 flowId 153 uecSrc 152 finished at 590.786 total messages 1 total packets 490 RTS 0 total bytes 2002140 in_flight now 0 fair_inc 18163 prop_inc 10986 fast_inc 0 eta_inc 27416 multi_dec -53287 quick_dec -0 nack_dec -124500
Flow Uec_206_78 flowId 189 uecSrc 188 finished at 593.076 total messages 1 total packets 490 RTS 0 total bytes 2002140 in_flight now 0 fair_inc 19009 prop_inc 8954 fast_inc 0 eta_inc 27416 multi_dec -38548 quick_dec -0 nack_dec -153550
Flow Uec_158_30 flowId 200 uecSrc 199 finished at 595.161 total messages 1 total packets 491 RTS 1 total bytes 2002140 in_flight now 0 fair_inc 53446 prop_inc 7844 fast_inc 0 eta_inc 27416 multi_dec -102104 quick_dec -0 nack_dec -128650
Flow Uec_76_204 flowId 76 uecSrc 75 finished at 604.703 total messages 1 total packets 490 RTS 0 total bytes 2002140 in_flight now 0 fair_inc 29517 prop_inc 15298 fast_inc 0 eta_inc 26820 multi_dec -87898 quick_dec -0 nack_dec -116200
Flow Uec_152_24 flowId 136 uecSrc 135 finished at 606.311 total messages 1 total packets 490 RTS 0 total bytes 2002140 in_flight now 0 fair_inc 49321 prop_inc 42374 fast_inc 44450 eta_inc 27416 multi_dec -149606 quick_dec -0 nack_dec -91300
Flow Uec_181_53 flowId 122 uecSrc 121 finished at 610.397 total messages 1 total packets 490 RTS 0 total bytes 2002140 in_flight now 0 fair_inc 25184 prop_inc 5929 fast_inc 0 eta_inc 28608 multi_dec -73267 quick_dec -0 nack_dec -141100
Flow Uec_243_115 flowId 11 uecSrc 10 finished at 614.071 total messages 1 total packets 490 RTS 0 total bytes 2002140 in_flight now 0 fair_inc 20642 prop_inc 20374 fast_inc 0 eta_inc 23244 multi_dec -77339 quick_dec -0 nack_dec -124500
Flow Uec_205_77 flowId 162 uecSrc 161 finished at 625.871 total messages 1 total packets 490 RTS 0 total bytes 2002140 in_flight now 0 fair_inc 40850 prop_inc 56488 fast_inc 23234 eta_inc 25628 multi_dec -120169 quick_dec -0 nack_dec -107900
Flow Uec_196_68 flowId 123 uecSrc 122 finished at 626.4 total messages 1 total packets 490 RTS 0 total bytes 2002140 in_flight now 0 fair_inc 36806 prop_inc 31765 fast_inc 0 eta_inc 29204 multi_dec -116488 quick_dec -0 nack_dec -107900
Flow Uec_104_232 flowId 36 uecSrc 35 finished at 626.617 total messages 1 total packets 490 RTS 0 total bytes 2002140 in_flight now 0 fair_inc 40754 prop_inc 26113 fast_inc 0 eta_inc 28012 multi_dec -81994 quick_dec -0 nack_dec -136950
Flow Uec_155_27 flowId 27 uecSrc 26 finished at 632.428 total messages 1 total packets 490 RTS 0 total bytes 2002140 in_flight now 0 fair_inc 20212 prop_inc 78006 fast_inc 0 eta_inc 26820 multi_dec -130365 quick_dec -0 nack_dec -95450
Flow Uec_65_193 flowId 182 uecSrc 181 finished at 637.234 total messages 1 total packets 490 RTS 0 total bytes 2002140 in_flight now 0 fair_inc 37236 prop_inc 23862 fast_inc 0 eta_inc 28012 multi_dec -104122 quick_dec -0 nack_dec -136950
Flow Uec_68_196 flowId 88 uecSrc 87 finished at 637.678 total messages 1 total packets 490 RTS 0 total bytes 2002140 in_flight now 0 fair_inc 45032 prop_inc 7898 fast_inc 0 eta_inc 28608 multi_dec -81721 quick_dec -0 nack_dec -136950
Flow Uec_255_127 flowId 180 uecSrc 179 finished at 638.185 total messages 1 total packets 490 RTS 0 total bytes 2002140 in_flight now 0 fair_inc 21959 prop_inc 135409 fast_inc 0 eta_inc 23840 multi_dec -153405 quick_dec --1895 nack_dec -87150
Flow Uec_2_130 flowId 98 uecSrc 97 finished at 642.631 total messages 1 total packets 503 RTS 13 total bytes 2002140 in_flight now -64 fair_inc 1596 prop_inc 93794 fast_inc 0 eta_inc 19072 multi_dec -0 quick_dec -117184 nack_dec -24900
Flow Uec_27_155 flowId 100 uecSrc 99 finished at 643.113 total messages 1 total packets 494 RTS 4 total bytes 2002140 in_flight now 0 fair_inc 47446 prop_inc 93631 fast_inc 0 eta_inc 25032 multi_dec -239976 quick_dec --3466 nack_dec -16600
Flow Uec_78_206 flowId 181 uecSrc 180 finished at 644.485 total messages 1 total packets 490 RTS 0 total bytes 2002140 in_flight now 0 fair_inc 42393 prop_inc 18365 fast_inc 0 eta_inc 27416 multi_dec -91584 quick_dec -0 nack_dec -128650
Flow Uec_90_218 flowId 70 uecSrc 69 finished at 644.726 total messages 1 total packets 490 RTS 0 total bytes 2002140 in_flight now 0 fair_inc 30078 prop_inc 10373 fast_inc 0 eta_inc 29204 multi_dec -68888 quick_dec -0 nack_dec -136950
Flow Uec_97_225 flowId 42 uecSrc 41 finished at 648.451 total messages 1 total packets 490 RTS 0 total bytes 2002140 in_flight now 0 fair_inc 51067 prop_inc 17728 fast_inc 0 eta_inc 29204 multi_dec -76439 quick_dec -0 nack_dec -153550
Flow Uec_103_231 flowId 82 uecSrc 81 finished at 649.472 total messages 1 total packets 490 RTS 0 total bytes 2002140 in_flight now 0 fair_inc 18551 prop_inc 40377 fast_inc 0 eta_inc 29204 multi_dec -72973 quick_dec -0 nack_dec -132800
Flow Uec_237_109 flowId 37 uecSrc 36 finished at 667.025 total messages 1 total packets 490 RTS 0 total bytes 2002140 in_flight now 0 fair_inc 29356 prop_inc 34220 fast_inc 0 eta_inc 29800 multi_dec -52035 quick_dec -0 nack_dec -170150
Flow Uec_80_208 flowId 73 uecSrc 72 finished at 672.056 total messages 1 total packets 490 RTS 0 total bytes 2002140 in_flight now 0 fair_inc 30804 prop_inc 23410 fast_inc 0 eta_inc 28012 multi_dec -92483 quick_dec -0 nack_dec -132800
Flow Uec_130_2 flowId 44 uecSrc 43 finished at 675.059 total messages 1 total packets 492 RTS 2 total bytes 2002140 in_flight now 0 fair_inc 26374 prop_inc 41416 fast_inc 0 eta_inc 29800 multi_dec -70390 quick_dec -0 nack_dec -124500
Flow Uec_140_12 flowId 17 uecSrc 16 finished at 676.869 total messages 1 total packets 491 RTS 1 total bytes 2002140 in_flight now 0 fair_inc 40832 prop_inc 41349 fast_inc 0 eta_inc 28608 multi_dec -96085 quick_dec -0 nack_dec -124500
Flow Uec_128_0 flowId 142 uecSrc 141 finished at 678.368 total messages 1 total packets 490 RTS 0 total bytes 2002140 in_flight now 0 fair_inc 29602 prop_inc 41164 fast_inc 0 eta_inc 29800 multi_dec -93963 quick_dec -0 nack_dec -124500
Flow Uec_102_230 flowId 103 uecSrc 102 finished at 679.363 total messages 1 total packets 490 RTS 0 total bytes 2002140 in_flight now 0 fair_inc 34699 prop_inc 52293 fast_inc 28772 eta_inc 27416 multi_dec -126713 quick_dec -0 nack_dec -112050
Flow Uec_240_112 flowId 20 uecSrc 19 finished at 681.195 total messages 1 total packets 490 RTS 0 total bytes 2002140 in_flight now 0 fair_inc 31592 prop_inc 37288 fast_inc 0 eta_inc 30992 multi_dec -105628 quick_dec -0 nack_dec -136950
Flow Uec_60_188 flowId 191 uecSrc 190 finished at 682.985 total messages 1 total packets 490 RTS 0 total bytes 2002140 in_flight now 0 fair_inc 25198 prop_inc 26495 fast_inc 0 eta_inc 27416 multi_dec -71749 quick_dec -0 nack_dec -141100
Flow Uec_83_211 flowId 209 uecSrc 208 finished at 683.452 total messages 1 total packets 490 RTS 0 total bytes 2002140 in_flight now 0 fair_inc 33476 prop_inc 2643 fast_inc 0 eta_inc 30992 multi_dec -5484 quick_dec -0 nack_dec -186750
Flow Uec_73_201 flowId 41 uecSrc 40 finished at 684.656 total messages 1 total packets 490 RTS 0 total bytes 2002140 in_flight now 0 fair_inc 38208 prop_inc 35213 fast_inc 0 eta_inc 30992 multi_dec -105839 quick_dec -0 nack_dec -124500
Flow Uec_66_194 flowId 168 uecSrc 167 finished at 686.309 total messages 1 total packets 490 RTS 0 total bytes 2002140 in_flight now 0 fair_inc 41486 prop_inc 25634 fast_inc 0 eta_inc 29800 multi_dec -119473 quick_dec -0 nack_dec -128650
Flow Uec_162_34 flowId 179 uecSrc 178 finished at 686.793 total messages 1 total packets 491 RTS 1 total bytes 2002140 in_flight now 0 fair_inc 40708 prop_inc 16447 fast_inc 0 eta_inc 24436 multi_dec -73222 quick_dec -0 nack_dec -136950
Flow Uec_59_187 flowId 84 uecSrc 83 finished at 690.334 total messages 1 total packets 490 RTS 0 total bytes 2002140 in_flight now 0 fair_inc 41972 prop_inc 23694 fast_inc 0 eta_inc 29800 multi_dec -79193 quick_dec -0 nack_dec -145250
Flow Uec_89_217 flowId 218 uecSrc 217 finished at 698.959 total messages 1 total packets 490 RTS 0 total bytes 2002140 in_flight now 0 fair_inc 19527 prop_inc 32069 fast_inc 43928 eta_inc 31588 multi_dec -83846 quick_dec -0 nack_dec -141100
Flow Uec_208_80 flowId 80 uecSrc 79 finished at 703.606 total messages 1 total packets 490 RTS 0 total bytes 2002140 in_flight now 0 fair_inc 23441 prop_inc 83453 fast_inc 75246 eta_inc 28012 multi_dec -142813 quick_dec -2667 nack_dec -99600
Flow Uec_160_32 flowId 12 uecSrc 11 finished at 705.395 total messages 1 total packets 492 RTS 2 total bytes 2002140 in_flight now 0 fair_inc 36210 prop_inc 118845 fast_inc 0 eta_inc 28012 multi_dec -138589 quick_dec -16356 nack_dec -87150
Flow Uec_121_249 flowId 156 uecSrc 155 finished at 714.409 total messages 1 total packets 490 RTS 0 total bytes 2002140 in_flight now 0 fair_inc 35615 prop_inc 2032 fast_inc 0 eta_inc 23840 multi_dec -87968 quick_dec -0 nack_dec -136950
Flow Uec_233_105 flowId 9 uecSrc 8 finished at 715.522 total messages 1 total packets 490 RTS 0 total bytes 2002140 in_flight now 0 fair_inc 30127 prop_inc 44637 fast_inc 43927 eta_inc 25032 multi_dec -80295 quick_dec -0 nack_dec -153550
Flow Uec_183_55 flowId 95 uecSrc 94 finished at 717.427 total messages 1 total packets 490 RTS 0 total bytes 2002140 in_flight now 0 fair_inc 20722 prop_inc 14385 fast_inc 0 eta_inc 32184 multi_dec -45097 quick_dec -0 nack_dec -153550
Flow Uec_203_75 flowId 83 uecSrc 82 finished at 718.035 total messages 1 total packets 490 RTS 0 total bytes 2002140 in_flight now 0 fair_inc 52272 prop_inc 20662 fast_inc 0 eta_inc 26820 multi_dec -74861 quick_dec -0 nack_dec -149400
Flow Uec_124_252 flowId 128 uecSrc 127 finished at 720.546 total messages 1 total packets 490 RTS 0 total bytes 2002140 in_flight now 0 fair_inc 68819 prop_inc 2614 fast_inc 0 eta_inc 32184 multi_dec -97229 quick_dec -0 nack_dec -161850
Flow Uec_147_19 flowId 71 uecSrc 70 finished at 725.686 total messages 1 total packets 490 RTS 0 total bytes 2002140 in_flight now 0 fair_inc 23611 prop_inc 44095 fast_inc 327808 eta_inc 26224 multi_dec -128072 quick_dec -10304 nack_dec -124500
Flow Uec_197_69 flowId 7 uecSrc 6 finished at 727.99 total messages 1 total packets 490 RTS 0 total bytes 2002140 in_flight now 0 fair_inc 35257 prop_inc 32920 fast_inc 186372 eta_inc 28012 multi_dec -136345 quick_dec -13510 nack_dec -107900
Flow Uec_153_25 flowId 183 uecSrc 182 finished at 728.348 total messages 1 total packets 490 RTS 0 total bytes 2002140 in_flight now 0 fair_inc 22537 prop_inc 114480 fast_inc 0 eta_inc 26820 multi_dec -126861 quick_dec --3356 nack_dec -116200
Flow Uec_193_65 flowId 51 uecSrc 50 finished at 728.585 total messages 1 total packets 490 RTS 0 total bytes 2002140 in_flight now 0 fair_inc 49175 prop_inc 11743 fast_inc 0 eta_inc 32184 multi_dec -70443 quick_dec -0 nack_dec -161850
Flow Uec_164_36 flowId 64 uecSrc 63 finished at 752.689 total messages 1 total packets 491 RTS 1 total bytes 2002140 in_flight now 0 fair_inc 60903 prop_inc 21841 fast_inc 0 eta_inc 29204 multi_dec -100757 quick_dec -0 nack_dec -149400
Flow Uec_67_195 flowId 203 uecSrc 202 finished at 758.412 total messages 1 total packets 490 RTS 0 total bytes 2002140 in_flight now 0 fair_inc 56768 prop_inc 1963 fast_inc 0 eta_inc 32780 multi_dec -69298 quick_dec -0 nack_dec -178450
Flow Uec_227_99 flowId 186 uecSrc 185 finished at 759.547 total messages 1 total packets 490 RTS 0 total bytes 2002140 in_flight now 0 fair_inc 29063 prop_inc 47001 fast_inc 7071 eta_inc 32780 multi_dec -119065 quick_dec -0 nack_dec -124500
Flow Uec_122_250 flowId 192 uecSrc 191 finished at 775.154 total messages 1 total packets 490 RTS 0 total bytes 2002140 in_flight now 0 fair_inc 83294 prop_inc 22895 fast_inc 0 eta_inc 28608 multi_dec -127809 quick_dec -0 nack_dec -149400
Flow Uec_229_101 flowId 74 uecSrc 73 finished at 778.631 total messages 1 total packets 490 RTS 0 total bytes 2002140 in_flight now 0 fair_inc 33052 prop_inc 52401 fast_inc 0 eta_inc 31588 multi_dec -95920 quick_dec -255 nack_dec -141100
Flow Uec_88_216 flowId 154 uecSrc 153 finished at 781.542 total messages 1 total packets 490 RTS 0 total bytes 2002140 in_flight now 0 fair_inc 42157 prop_inc 9810 fast_inc 0 eta_inc 31588 multi_dec -60403 quick_dec -0 nack_dec -174300
Flow Uec_120_248 flowId 21 uecSrc 20 finished at 783.615 total messages 1 total packets 490 RTS 0 total bytes 2002140 in_flight now 0 fair_inc 79219 prop_inc 23743 fast_inc 0 eta_inc 26820 multi_dec -125428 quick_dec -0 nack_dec -136950
Flow Uec_209_81 flowId 56 uecSrc 55 finished at 785.592 total messages 1 total packets 490 RTS 0 total bytes 2002140 in_flight now 0 fair_inc 60258 prop_inc 24601 fast_inc 0 eta_inc 32780 multi_dec -85137 quick_dec -0 nack_dec -157700
Flow Uec_154_26 flowId 28 uecSrc 27 finished at 799.728 total messages 1 total packets 491 RTS 1 total bytes 2002140 in_flight now 0 fair_inc 65107 prop_inc 39253 fast_inc 0 eta_inc 28608 multi_dec -142684 quick_dec -0 nack_dec -120350
Flow Uec_204_76 flowId 193 uecSrc 192 finished at 810.054 total messages 1 total packets 490 RTS 0 total bytes 2002140 in_flight now 0 fair_inc 62498 prop_inc 38151 fast_inc 0 eta_inc 31588 multi_dec -112607 quick_dec -0 nack_dec -153550
Flow Uec_186_58 flowId 197 uecSrc 196 finished at 812.662 total messages 1 total packets 490 RTS 0 total bytes 2002140 in_flight now 0 fair_inc 46479 prop_inc 55153 fast_inc 0 eta_inc 35164 multi_dec -95031 quick_dec -0 nack_dec -153550
Flow Uec_224_96 flowId 158 uecSrc 157 finished at 841.859 total messages 1 total packets 490 RTS 0 total bytes 2002140 in_flight now 0 fair_inc 32660 prop_inc 51771 fast_inc 113631 eta_inc 26820 multi_dec -37363 quick_dec -71719 nack_dec -128650
Flow Uec_175_47 flowId 87 uecSrc 86 finished at 847.798 total messages 1 total packets 490 RTS 0 total bytes 2002140 in_flight now 0 fair_inc 35145 prop_inc 74529 fast_inc 0 eta_inc 23244 multi_dec -495 quick_dec -34739 nack_dec -166000
Flow Uec_194_66 flowId 160 uecSrc 159 finished at 853.206 total messages 1 total packets 490 RTS 0 total bytes 2002140 in_flight now 0 fair_inc 37515 prop_inc 72736 fast_inc 53020 eta_inc 29800 multi_dec -95360 quick_dec -7356 nack_dec -141100
Flow Uec_91_219 flowId 32 uecSrc 31 finished at 855.085 total messages 1 total packets 490 RTS 0 total bytes 2002140 in_flight now 0 fair_inc 72328 prop_inc 14750 fast_inc 0 eta_inc 30992 multi_dec -104458 quick_dec -0 nack_dec -153550
Flow Uec_214_86 flowId 34 uecSrc 33 finished at 857.461 total messages 1 total packets 490 RTS 0 total bytes 2002140 in_flight now 0 fair_inc 29262 prop_inc 53289 fast_inc 74231 eta_inc 32780 multi_dec -73342 quick_dec -2292 nack_dec -161850
Flow Uec_119_247 flowId 14 uecSrc 13 finished at 862.693 total messages 1 total packets 490 RTS 0 total bytes 2002140 in_flight now 0 fair_inc 44974 prop_inc 32917 fast_inc 138891 eta_inc 28012 multi_dec -57662 quick_dec -24373 nack_dec -170150
Flow Uec_71_199 flowId 48 uecSrc 47 finished at 915.67 total messages 1 total packets 490 RTS 0 total bytes 2002140 in_flight now 0 fair_inc 57866 prop_inc 32370 fast_inc 0 eta_inc 38740 multi_dec -113849 quick_dec -0 nack_dec -161850
Flow Uec_93_221 flowId 137 uecSrc 136 finished at 957.064 total messages 1 total packets 490 RTS 0 total bytes 2002140 in_flight now 0 fair_inc 41602 prop_inc 58998 fast_inc 0 eta_inc 36356 multi_dec -78120 quick_dec -7084 nack_dec -166000
Flow Uec_61_189 flowId 121 uecSrc 120 finished at 982.842 total messages 1 total packets 490 RTS 0 total bytes 2002140 in_flight now 0 fair_inc 58275 prop_inc 4201 fast_inc 0 eta_inc 29800 multi_dec -57503 quick_dec -21693 nack_dec -178450
Flow Uec_62_190 flowId 163 uecSrc 162 finished at 996.283 total messages 1 total packets 490 RTS 0 total bytes 2002140 in_flight now 0 fair_inc 57156 prop_inc 7383 fast_inc 0 eta_inc 33972 multi_dec -67051 quick_dec -51520 nack_dec -186750
Flow Uec_70_198 flowId 22 uecSrc 21 finished at 1012.11 total messages 1 total packets 490 RTS 0 total bytes 2002140 in_flight now 0 fair_inc 43644 prop_inc 58194 fast_inc 101511 eta_inc 35760 multi_dec -136568 quick_dec --76 nack_dec -132800
Flow Uec_50_178 flowId 171 uecSrc 170 finished at 1059.92 total messages 1 total packets 490 RTS 0 total bytes 2002140 in_flight now 0 fair_inc 39338 prop_inc 30049 fast_inc 0 eta_inc 38740 multi_dec -87870 quick_dec -6090 nack_dec -157700
Flow Uec_58_186 flowId 116 uecSrc 115 finished at 1117.19 total messages 1 total packets 490 RTS 0 total bytes 2002140 in_flight now 0 fair_inc 61601 prop_inc 45660 fast_inc 0 eta_inc 33376 multi_dec -69047 quick_dec -101218 nack_dec -149400
Flow Uec_51_179 flowId 2 uecSrc 1 finished at 1139.66 total messages 1 total packets 490 RTS 0 total bytes 2002140 in_flight now 0 fair_inc 58671 prop_inc 50827 fast_inc 0 eta_inc 40528 multi_dec -137501 quick_dec -1262 nack_dec -157700
Flow Uec_63_191 flowId 190 uecSrc 189 finished at 1192.04 total messages 1 total packets 490 RTS 0 total bytes 2002140 in_flight now 0 fair_inc 29025 prop_inc 64819 fast_inc 82316 eta_inc 41720 multi_dec -102420 quick_dec -875 nack_dec -161850
.Done
New: 106820 Rtx: 5243 RTS: 222 Bounced: 0 ACKs: 88393 NACKs: 4581 Pulls: 0 sleek_pkts: 0
