traffic matrix input file: connection_matrices/load_sweep/load0.85_n256_seed2.cm
Load balancing algorithm set to oblivious
no_of_nodes 256
Dragonfly+ strategy: FPAR
Setting queuesize to 50 packets
endtime(us) 100000
random seed 2
Packet size (MTU) is 4150
Parsed args
Logging to reps_dfp_results/reps_final_sweep/load0.85_oblivious_seed2.dat
Loading connection matrix from connection_matrices/load_sweep/load0.85_n256_seed2.cm
Nodes: 256 Connections: 218 Triggers: 0 Failures: 0
Setting ECN low 33200 high 120350
Dragonfly+ with medium topology type
Link latencies: 1 and switch latencies: 0
queue_id 2 ecn_low 33200 ecn_high 120350
DragonFly+ constructor done, 392 nodes created
Note: topology supports 392 hosts; 136 host port(s) will be unused.
network_max_unloaded_rtt 11.6856 us
Setting min RTO to 114.6
Per-hop RTT normalization: ON (strategy fpar)
Initializing static NSCC parameters: _reference_network_linkspeed=100000000000 _reference_network_rtt=12000000 _reference_network_bdp=150000 _target_Qdelay=8764200 _network_linkspeed=100000000000 _network_rtt=11685600 _network_bdp=146070 _qa_gate=2^3 _qa_threshold=3.50568e+07 _scaling_factor_a=0.9738 _scaling_factor_b=0.73035 _alpha=0.00132632 _fi=19894.7 _eta=596.842 _qa_scaling=1 _gamma=0.8 _fi_scale=0.24345 _delay_alpha=0.0125 _adjust_period_threshold=11685600 _adjust_bytes_threshold=33200
Initialize per-instance NSCC parameters: flowid 1 _base_rtt=11685600 _base_bdp=146070 _bdp=146070 _min_cwnd=4150 _maxwnd=219105 _cwnd=219105
Initialize per-instance NSCC parameters: flowid 2 _base_rtt=11685600 _base_bdp=146070 _bdp=146070 _min_cwnd=4150 _maxwnd=219105 _cwnd=219105
Initialize per-instance NSCC parameters: flowid 3 _base_rtt=11685600 _base_bdp=146070 _bdp=146070 _min_cwnd=4150 _maxwnd=219105 _cwnd=219105
Initialize per-instance NSCC parameters: flowid 4 _base_rtt=11685600 _base_bdp=146070 _bdp=146070 _min_cwnd=4150 _maxwnd=219105 _cwnd=219105
Initialize per-instance NSCC parameters: flowid 5 _base_rtt=11685600 _base_bdp=146070 _bdp=146070 _min_cwnd=4150 _maxwnd=219105 _cwnd=219105
Initialize per-instance NSCC parameters: flowid 6 _base_rtt=11685600 _base_bdp=146070 _bdp=146070 _min_cwnd=4150 _maxwnd=219105 _cwnd=219105
Initialize per-instance NSCC parameters: flowid 7 _base_rtt=11685600 _base_bdp=146070 _bdp=146070 _min_cwnd=4150 _maxwnd=219105 _cwnd=219105
Initialize per-instance NSCC parameters: flowid 8 _base_rtt=11685600 _base_bdp=146070 _bdp=146070 _min_cwnd=4150 _maxwnd=219105 _cwnd=219105
Initialize per-instance NSCC parameters: flowid 9 _base_rtt=11685600 _base_bdp=146070 _bdp=146070 _min_cwnd=4150 _maxwnd=219105 _cwnd=219105
Initialize per-instance NSCC parameters: flowid 10 _base_rtt=11685600 _base_bdp=146070 _bdp=146070 _min_cwnd=4150 _maxwnd=219105 _cwnd=219105
Initialize per-instance NSCC parameters: flowid 11 _base_rtt=11685600 _base_bdp=146070 _bdp=146070 _min_cwnd=4150 _maxwnd=219105 _cwnd=219105
Initialize per-instance NSCC parameters: flowid 12 _base_rtt=11685600 _base_bdp=146070 _bdp=146070 _min_cwnd=4150 _maxwnd=219105 _cwnd=219105
Initialize per-instance NSCC parameters: flowid 13 _base_rtt=11685600 _base_bdp=146070 _bdp=146070 _min_cwnd=4150 _maxwnd=219105 _cwnd=219105
Initialize per-instance NSCC parameters: flowid 14 _base_rtt=11685600 _base_bdp=146070 _bdp=146070 _min_cwnd=4150 _maxwnd=219105 _cwnd=219105
Initialize per-instance NSCC parameters: flowid 15 _base_rtt=11685600 _base_bdp=146070 _bdp=146070 _min_cwnd=4150 _maxwnd=219105 _cwnd=219105
Initialize per-instance NSCC parameters: flowid 16 _base_rtt=11685600 _base_bdp=146070 _bdp=146070 _min_cwnd=4150 _maxwnd=219105 _cwnd=219105
Initialize per-instance NSCC parameters: flowid 17 _base_rtt=11685600 _base_bdp=146070 _bdp=146070 _min_cwnd=4150 _maxwnd=219105 _cwnd=219105
Initialize per-instance NSCC parameters: flowid 18 _base_rtt=11685600 _base_bdp=146070 _bdp=146070 _min_cwnd=4150 _maxwnd=219105 _cwnd=219105
Initialize per-instance NSCC parameters: flowid 19 _base_rtt=11685600 _base_bdp=146070 _bdp=146070 _min_cwnd=4150 _maxwnd=219105 _cwnd=219105
Initialize per-instance NSCC parameters: flowid 20 _base_rtt=11685600 _base_bdp=146070 _bdp=146070 _min_cwnd=4150 _maxwnd=219105 _cwnd=219105
Initialize per-instance NSCC parameters: flowid 21 _base_rtt=11685600 _base_bdp=146070 _bdp=146070 _min_cwnd=4150 _maxwnd=219105 _cwnd=219105
Initialize per-instance NSCC parameters: flowid 22 _base_rtt=11685600 _base_bdp=146070 _bdp=146070 _min_cwnd=4150 _maxwnd=219105 _cwnd=219105
Initialize per-instance NSCC parameters: flowid 23 _base_rtt=11685600 _base_bdp=146070 _bdp=146070 _min_cwnd=4150 _maxwnd=219105 _cwnd=219105
Initialize per-instance NSCC parameters: flowid 24 _base_rtt=11685600 _base_bdp=146070 _bdp=146070 _min_cwnd=4150 _maxwnd=219105 _cwnd=219105
Initialize per-instance NSCC parameters: flowid 25 _base_rtt=11685600 _base_bdp=146070 _bdp=146070 _min_cwnd=4150 _maxwnd=219105 _cwnd=219105
Initialize per-instance NSCC parameters: flowid 26 _base_rtt=11685600 _base_bdp=146070 _bdp=146070 _min_cwnd=4150 _maxwnd=219105 _cwnd=219105
Initialize per-instance NSCC parameters: flowid 27 _base_rtt=11685600 _base_bdp=146070 _bdp=146070 _min_cwnd=4150 _maxwnd=219105 _cwnd=219105
Initialize per-instance NSCC parameters: flowid 28 _base_rtt=11685600 _base_bdp=146070 _bdp=146070 _min_cwnd=4150 _maxwnd=219105 _cwnd=219105
Initialize per-instance NSCC parameters: flowid 29 _base_rtt=11685600 _base_bdp=146070 _bdp=146070 _min_cwnd=4150 _maxwnd=219105 _cwnd=219105
Initialize per-instance NSCC parameters: flowid 30 _base_rtt=11685600 _base_bdp=146070 _bdp=146070 _min_cwnd=4150 _maxwnd=219105 _cwnd=219105
Initialize per-instance NSCC parameters: flowid 31 _base_rtt=11685600 _base_bdp=146070 _bdp=146070 _min_cwnd=4150 _maxwnd=219105 _cwnd=219105
Initialize per-instance NSCC parameters: flowid 32 _base_rtt=11685600 _base_bdp=146070 _bdp=146070 _min_cwnd=4150 _maxwnd=219105 _cwnd=219105
Initialize per-instance NSCC parameters: flowid 33 _base_rtt=11685600 _base_bdp=146070 _bdp=146070 _min_cwnd=4150 _maxwnd=219105 _cwnd=219105
Initialize per-instance NSCC parameters: flowid 34 _base_rtt=11685600 _base_bdp=146070 _bdp=146070 _min_cwnd=4150 _maxwnd=219105 _cwnd=219105
Initialize per-instance NSCC parameters: flowid 35 _base_rtt=11685600 _base_bdp=146070 _bdp=146070 _min_cwnd=4150 _maxwnd=219105 _cwnd=219105
Initialize per-instance NSCC parameters: flowid 36 _base_rtt=11685600 _base_bdp=146070 _bdp=146070 _min_cwnd=4150 _maxwnd=219105 _cwnd=219105
Initialize per-instance NSCC parameters: flowid 37 _base_rtt=11685600 _base_bdp=146070 _bdp=146070 _min_cwnd=4150 _maxwnd=219105 _cwnd=219105
Initialize per-instance NSCC parameters: flowid 38 _base_rtt=11685600 _base_bdp=146070 _bdp=146070 _min_cwnd=4150 _maxwnd=219105 _cwnd=219105
Initialize per-instance NSCC parameters: flowid 39 _base_rtt=11685600 _base_bdp=146070 _bdp=146070 _min_cwnd=4150 _maxwnd=219105 _cwnd=219105
Initialize per-instance NSCC parameters: flowid 40 _base_rtt=11685600 _base_bdp=146070 _bdp=146070 _min_cwnd=4150 _maxwnd=219105 _cwnd=219105
Initialize per-instance NSCC parameters: flowid 41 _base_rtt=11685600 _base_bdp=146070 _bdp=146070 _min_cwnd=4150 _maxwnd=219105 _cwnd=219105
Initialize per-instance NSCC parameters: flowid 42 _base_rtt=11685600 _base_bdp=146070 _bdp=146070 _min_cwnd=4150 _maxwnd=219105 _cwnd=219105
Initialize per-instance NSCC parameters: flowid 43 _base_rtt=11685600 _base_bdp=146070 _bdp=146070 _min_cwnd=4150 _maxwnd=219105 _cwnd=219105
Initialize per-instance NSCC parameters: flowid 44 _base_rtt=11685600 _base_bdp=146070 _bdp=146070 _min_cwnd=4150 _maxwnd=219105 _cwnd=219105
Initialize per-instance NSCC parameters: flowid 45 _base_rtt=11685600 _base_bdp=146070 _bdp=146070 _min_cwnd=4150 _maxwnd=219105 _cwnd=219105
Initialize per-instance NSCC parameters: flowid 46 _base_rtt=11685600 _base_bdp=146070 _bdp=146070 _min_cwnd=4150 _maxwnd=219105 _cwnd=219105
Initialize per-instance NSCC parameters: flowid 47 _base_rtt=11685600 _base_bdp=146070 _bdp=146070 _min_cwnd=4150 _maxwnd=219105 _cwnd=219105
Initialize per-instance NSCC parameters: flowid 48 _base_rtt=11685600 _base_bdp=146070 _bdp=146070 _min_cwnd=4150 _maxwnd=219105 _cwnd=219105
Initialize per-instance NSCC parameters: flowid 49 _base_rtt=11685600 _base_bdp=146070 _bdp=146070 _min_cwnd=4150 _maxwnd=219105 _cwnd=219105
Initialize per-instance NSCC parameters: flowid 50 _base_rtt=11685600 _base_bdp=146070 _bdp=146070 _min_cwnd=4150 _maxwnd=219105 _cwnd=219105
Initialize per-instance NSCC parameters: flowid 51 _base_rtt=11685600 _base_bdp=146070 _bdp=146070 _min_cwnd=4150 _maxwnd=219105 _cwnd=219105
Initialize per-instance NSCC parameters: flowid 52 _base_rtt=11685600 _base_bdp=146070 _bdp=146070 _min_cwnd=4150 _maxwnd=219105 _cwnd=219105
Initialize per-instance NSCC parameters: flowid 53 _base_rtt=11685600 _base_bdp=146070 _bdp=146070 _min_cwnd=4150 _maxwnd=219105 _cwnd=219105
Initialize per-instance NSCC parameters: flowid 54 _base_rtt=11685600 _base_bdp=146070 _bdp=146070 _min_cwnd=4150 _maxwnd=219105 _cwnd=219105
Initialize per-instance NSCC parameters: flowid 55 _base_rtt=11685600 _base_bdp=146070 _bdp=146070 _min_cwnd=4150 _maxwnd=219105 _cwnd=219105
Initialize per-instance NSCC parameters: flowid 56 _base_rtt=11685600 _base_bdp=146070 _bdp=146070 _min_cwnd=4150 _maxwnd=219105 _cwnd=219105
Initialize per-instance NSCC parameters: flowid 57 _base_rtt=11685600 _base_bdp=146070 _bdp=146070 _min_cwnd=4150 _maxwnd=219105 _cwnd=219105
Initialize per-instance NSCC parameters: flowid 58 _base_rtt=11685600 _base_bdp=146070 _bdp=146070 _min_cwnd=4150 _maxwnd=219105 _cwnd=219105
Initialize per-instance NSCC parameters: flowid 59 _base_rtt=11685600 _base_bdp=146070 _bdp=146070 _min_cwnd=4150 _maxwnd=219105 _cwnd=219105
Initialize per-instance NSCC parameters: flowid 60 _base_rtt=11685600 _base_bdp=146070 _bdp=146070 _min_cwnd=4150 _maxwnd=219105 _cwnd=219105
Initialize per-instance NSCC parameters: flowid 61 _base_rtt=11685600 _base_bdp=146070 _bdp=146070 _min_cwnd=4150 _maxwnd=219105 _cwnd=219105
Initialize per-instance NSCC parameters: flowid 62 _base_rtt=11685600 _base_bdp=146070 _bdp=146070 _min_cwnd=4150 _maxwnd=219105 _cwnd=219105
Initialize per-instance NSCC parameters: flowid 63 _base_rtt=11685600 _base_bdp=146070 _bdp=146070 _min_cwnd=4150 _maxwnd=219105 _cwnd=219105
Initialize per-instance NSCC parameters: flowid 64 _base_rtt=11685600 _base_bdp=146070 _bdp=146070 _min_cwnd=4150 _maxwnd=219105 _cwnd=219105
Initialize per-instance NSCC parameters: flowid 65 _base_rtt=11685600 _base_bdp=146070 _bdp=146070 _min_cwnd=4150 _maxwnd=219105 _cwnd=219105
Initialize per-instance NSCC parameters: flowid 66 _base_rtt=11685600 _base_bdp=146070 _bdp=146070 _min_cwnd=4150 _maxwnd=219105 _cwnd=219105
Initialize per-instance NSCC parameters: flowid 67 _base_rtt=11685600 _base_bdp=146070 _bdp=146070 _min_cwnd=4150 _maxwnd=219105 _cwnd=219105
Initialize per-instance NSCC parameters: flowid 68 _base_rtt=11685600 _base_bdp=146070 _bdp=146070 _min_cwnd=4150 _maxwnd=219105 _cwnd=219105
Initialize per-instance NSCC parameters: flowid 69 _base_rtt=11685600 _base_bdp=146070 _bdp=146070 _min_cwnd=4150 _maxwnd=219105 _cwnd=219105
Initialize per-instance NSCC parameters: flowid 70 _base_rtt=11685600 _base_bdp=146070 _bdp=146070 _min_cwnd=4150 _maxwnd=219105 _cwnd=219105
Initialize per-instance NSCC parameters: flowid 71 _base_rtt=11685600 _base_bdp=146070 _bdp=146070 _min_cwnd=4150 _maxwnd=219105 _cwnd=219105
Initialize per-instance NSCC parameters: flowid 72 _base_rtt=11685600 _base_bdp=146070 _bdp=146070 _min_cwnd=4150 _maxwnd=219105 _cwnd=219105
Initialize per-instance NSCC parameters: flowid 73 _base_rtt=11685600 _base_bdp=146070 _bdp=146070 _min_cwnd=4150 _maxwnd=219105 _cwnd=219105
Initialize per-instance NSCC parameters: flowid 74 _base_rtt=11685600 _base_bdp=146070 _bdp=146070 _min_cwnd=4150 _maxwnd=219105 _cwnd=219105
Initialize per-instance NSCC parameters: flowid 75 _base_rtt=11685600 _base_bdp=146070 _bdp=146070 _min_cwnd=4150 _maxwnd=219105 _cwnd=219105
Initialize per-instance NSCC parameters: flowid 76 _base_rtt=11685600 _base_bdp=146070 _bdp=146070 _min_cwnd=4150 _maxwnd=219105 _cwnd=219105
Initialize per-instance NSCC parameters: flowid 77 _base_rtt=11685600 _base_bdp=146070 _bdp=146070 _min_cwnd=4150 _maxwnd=219105 _cwnd=219105
Initialize per-instance NSCC parameters: flowid 78 _base_rtt=11685600 _base_bdp=146070 _bdp=146070 _min_cwnd=4150 _maxwnd=219105 _cwnd=219105
Initialize per-instance NSCC parameters: flowid 79 _base_rtt=11685600 _base_bdp=146070 _bdp=146070 _min_cwnd=4150 _maxwnd=219105 _cwnd=219105
Initialize per-instance NSCC parameters: flowid 80 _base_rtt=11685600 _base_bdp=146070 _bdp=146070 _min_cwnd=4150 _maxwnd=219105 _cwnd=219105
Initialize per-instance NSCC parameters: flowid 81 _base_rtt=11685600 _base_bdp=146070 _bdp=146070 _min_cwnd=4150 _maxwnd=219105 _cwnd=219105
Initialize per-instance NSCC parameters: flowid 82 _base_rtt=11685600 _base_bdp=146070 _bdp=146070 _min_cwnd=4150 _maxwnd=219105 _cwnd=219105
Initialize per-instance NSCC parameters: flowid 83 _base_rtt=11685600 _base_bdp=146070 _bdp=146070 _min_cwnd=4150 _maxwnd=219105 _cwnd=219105
Initialize per-instance NSCC parameters: flowid 84 _base_rtt=11685600 _base_bdp=146070 _bdp=146070 _min_cwnd=4150 _maxwnd=219105 _cwnd=219105
Initialize per-instance NSCC parameters: flowid 85 _base_rtt=11685600 _base_bdp=146070 _bdp=146070 _min_cwnd=4150 _maxwnd=219105 _cwnd=219105
Initialize per-instance NSCC parameters: flowid 86 _base_rtt=11685600 _base_bdp=146070 _bdp=146070 _min_cwnd=4150 _maxwnd=219105 _cwnd=219105
Initialize per-instance NSCC parameters: flowid 87 _base_rtt=11685600 _base_bdp=146070 _bdp=146070 _min_cwnd=4150 _maxwnd=219105 _cwnd=219105
Initialize per-instance NSCC parameters: flowid 88 _base_rtt=11685600 _base_bdp=146070 _bdp=146070 _min_cwnd=4150 _maxwnd=219105 _cwnd=219105
Initialize per-instance NSCC parameters: flowid 89 _base_rtt=11685600 _base_bdp=146070 _bdp=146070 _min_cwnd=4150 _maxwnd=219105 _cwnd=219105
Initialize per-instance NSCC parameters: flowid 90 _base_rtt=11685600 _base_bdp=146070 _bdp=146070 _min_cwnd=4150 _maxwnd=219105 _cwnd=219105
Initialize per-instance NSCC parameters: flowid 91 _base_rtt=11685600 _base_bdp=146070 _bdp=146070 _min_cwnd=4150 _maxwnd=219105 _cwnd=219105
Initialize per-instance NSCC parameters: flowid 92 _base_rtt=11685600 _base_bdp=146070 _bdp=146070 _min_cwnd=4150 _maxwnd=219105 _cwnd=219105
Initialize per-instance NSCC parameters: flowid 93 _base_rtt=11685600 _base_bdp=146070 _bdp=146070 _min_cwnd=4150 _maxwnd=219105 _cwnd=219105
Initialize per-instance NSCC parameters: flowid 94 _base_rtt=11685600 _base_bdp=146070 _bdp=146070 _min_cwnd=4150 _maxwnd=219105 _cwnd=219105
Initialize per-instance NSCC parameters: flowid 95 _base_rtt=11685600 _base_bdp=146070 _bdp=146070 _min_cwnd=4150 _maxwnd=219105 _cwnd=219105
Initialize per-instance NSCC parameters: flowid 96 _base_rtt=11685600 _base_bdp=146070 _bdp=146070 _min_cwnd=4150 _maxwnd=219105 _cwnd=219105
Initialize per-instance NSCC parameters: flowid 97 _base_rtt=11685600 _base_bdp=146070 _bdp=146070 _min_cwnd=4150 _maxwnd=219105 _cwnd=219105
Initialize per-instance NSCC parameters: flowid 98 _base_rtt=11685600 _base_bdp=146070 _bdp=146070 _min_cwnd=4150 _maxwnd=219105 _cwnd=219105
Initialize per-instance NSCC parameters: flowid 99 _base_rtt=11685600 _base_bdp=146070 _bdp=146070 _min_cwnd=4150 _maxwnd=219105 _cwnd=219105
Initialize per-instance NSCC parameters: flowid 100 _base_rtt=11685600 _base_bdp=146070 _bdp=146070 _min_cwnd=4150 _maxwnd=219105 _cwnd=219105
Initialize per-instance NSCC parameters: flowid 101 _base_rtt=11685600 _base_bdp=146070 _bdp=146070 _min_cwnd=4150 _maxwnd=219105 _cwnd=219105
Initialize per-instance NSCC parameters: flowid 102 _base_rtt=11685600 _base_bdp=146070 _bdp=146070 _min_cwnd=4150 _maxwnd=219105 _cwnd=219105
Initialize per-instance NSCC parameters: flowid 103 _base_rtt=11685600 _base_bdp=146070 _bdp=146070 _min_cwnd=4150 _maxwnd=219105 _cwnd=219105
Initialize per-instance NSCC parameters: flowid 104 _base_rtt=11685600 _base_bdp=146070 _bdp=146070 _min_cwnd=4150 _maxwnd=219105 _cwnd=219105
Initialize per-instance NSCC parameters: flowid 105 _base_rtt=11685600 _base_bdp=146070 _bdp=146070 _min_cwnd=4150 _maxwnd=219105 _cwnd=219105
Initialize per-instance NSCC parameters: flowid 106 _base_rtt=11685600 _base_bdp=146070 _bdp=146070 _min_cwnd=4150 _maxwnd=219105 _cwnd=219105
Initialize per-instance NSCC parameters: flowid 107 _base_rtt=11685600 _base_bdp=146070 _bdp=146070 _min_cwnd=4150 _maxwnd=219105 _cwnd=219105
Initialize per-instance NSCC parameters: flowid 108 _base_rtt=11685600 _base_bdp=146070 _bdp=146070 _min_cwnd=4150 _maxwnd=219105 _cwnd=219105
Initialize per-instance NSCC parameters: flowid 109 _base_rtt=11685600 _base_bdp=146070 _bdp=146070 _min_cwnd=4150 _maxwnd=219105 _cwnd=219105
Initialize per-instance NSCC parameters: flowid 110 _base_rtt=11685600 _base_bdp=146070 _bdp=146070 _min_cwnd=4150 _maxwnd=219105 _cwnd=219105
Initialize per-instance NSCC parameters: flowid 111 _base_rtt=11685600 _base_bdp=146070 _bdp=146070 _min_cwnd=4150 _maxwnd=219105 _cwnd=219105
Initialize per-instance NSCC parameters: flowid 112 _base_rtt=11685600 _base_bdp=146070 _bdp=146070 _min_cwnd=4150 _maxwnd=219105 _cwnd=219105
Initialize per-instance NSCC parameters: flowid 113 _base_rtt=11685600 _base_bdp=146070 _bdp=146070 _min_cwnd=4150 _maxwnd=219105 _cwnd=219105
Initialize per-instance NSCC parameters: flowid 114 _base_rtt=11685600 _base_bdp=146070 _bdp=146070 _min_cwnd=4150 _maxwnd=219105 _cwnd=219105
Initialize per-instance NSCC parameters: flowid 115 _base_rtt=11685600 _base_bdp=146070 _bdp=146070 _min_cwnd=4150 _maxwnd=219105 _cwnd=219105
Initialize per-instance NSCC parameters: flowid 116 _base_rtt=11685600 _base_bdp=146070 _bdp=146070 _min_cwnd=4150 _maxwnd=219105 _cwnd=219105
Initialize per-instance NSCC parameters: flowid 117 _base_rtt=11685600 _base_bdp=146070 _bdp=146070 _min_cwnd=4150 _maxwnd=219105 _cwnd=219105
Initialize per-instance NSCC parameters: flowid 118 _base_rtt=11685600 _base_bdp=146070 _bdp=146070 _min_cwnd=4150 _maxwnd=219105 _cwnd=219105
Initialize per-instance NSCC parameters: flowid 119 _base_rtt=11685600 _base_bdp=146070 _bdp=146070 _min_cwnd=4150 _maxwnd=219105 _cwnd=219105
Initialize per-instance NSCC parameters: flowid 120 _base_rtt=11685600 _base_bdp=146070 _bdp=146070 _min_cwnd=4150 _maxwnd=219105 _cwnd=219105
Initialize per-instance NSCC parameters: flowid 121 _base_rtt=11685600 _base_bdp=146070 _bdp=146070 _min_cwnd=4150 _maxwnd=219105 _cwnd=219105
Initialize per-instance NSCC parameters: flowid 122 _base_rtt=11685600 _base_bdp=146070 _bdp=146070 _min_cwnd=4150 _maxwnd=219105 _cwnd=219105
Initialize per-instance NSCC parameters: flowid 123 _base_rtt=11685600 _base_bdp=146070 _bdp=146070 _min_cwnd=4150 _maxwnd=219105 _cwnd=219105
Initialize per-instance NSCC parameters: flowid 124 _base_rtt=11685600 _base_bdp=146070 _bdp=146070 _min_cwnd=4150 _maxwnd=219105 _cwnd=219105
Initialize per-instance NSCC parameters: flowid 125 _base_rtt=11685600 _base_bdp=146070 _bdp=146070 _min_cwnd=4150 _maxwnd=219105 _cwnd=219105
Initialize per-instance NSCC parameters: flowid 126 _base_rtt=11685600 _base_bdp=146070 _bdp=146070 _min_cwnd=4150 _maxwnd=219105 _cwnd=219105
Initialize per-instance NSCC parameters: flowid 127 _base_rtt=11685600 _base_bdp=146070 _bdp=146070 _min_cwnd=4150 _maxwnd=219105 _cwnd=219105
Initialize per-instance NSCC parameters: flowid 128 _base_rtt=11685600 _base_bdp=146070 _bdp=146070 _min_cwnd=4150 _maxwnd=219105 _cwnd=219105
Initialize per-instance NSCC parameters: flowid 129 _base_rtt=11685600 _base_bdp=146070 _bdp=146070 _min_cwnd=4150 _maxwnd=219105 _cwnd=219105
Initialize per-instance NSCC parameters: flowid 130 _base_rtt=11685600 _base_bdp=146070 _bdp=146070 _min_cwnd=4150 _maxwnd=219105 _cwnd=219105
Initialize per-instance NSCC parameters: flowid 131 _base_rtt=11685600 _base_bdp=146070 _bdp=146070 _min_cwnd=4150 _maxwnd=219105 _cwnd=219105
Initialize per-instance NSCC parameters: flowid 132 _base_rtt=11685600 _base_bdp=146070 _bdp=146070 _min_cwnd=4150 _maxwnd=219105 _cwnd=219105
Initialize per-instance NSCC parameters: flowid 133 _base_rtt=11685600 _base_bdp=146070 _bdp=146070 _min_cwnd=4150 _maxwnd=219105 _cwnd=219105
Initialize per-instance NSCC parameters: flowid 134 _base_rtt=11685600 _base_bdp=146070 _bdp=146070 _min_cwnd=4150 _maxwnd=219105 _cwnd=219105
Initialize per-instance NSCC parameters: flowid 135 _base_rtt=11685600 _base_bdp=146070 _bdp=146070 _min_cwnd=4150 _maxwnd=219105 _cwnd=219105
Initialize per-instance NSCC parameters: flowid 136 _base_rtt=11685600 _base_bdp=146070 _bdp=146070 _min_cwnd=4150 _maxwnd=219105 _cwnd=219105
Initialize per-instance NSCC parameters: flowid 137 _base_rtt=11685600 _base_bdp=146070 _bdp=146070 _min_cwnd=4150 _maxwnd=219105 _cwnd=219105
Initialize per-instance NSCC parameters: flowid 138 _base_rtt=11685600 _base_bdp=146070 _bdp=146070 _min_cwnd=4150 _maxwnd=219105 _cwnd=219105
Initialize per-instance NSCC parameters: flowid 139 _base_rtt=11685600 _base_bdp=146070 _bdp=146070 _min_cwnd=4150 _maxwnd=219105 _cwnd=219105
Initialize per-instance NSCC parameters: flowid 140 _base_rtt=11685600 _base_bdp=146070 _bdp=146070 _min_cwnd=4150 _maxwnd=219105 _cwnd=219105
Initialize per-instance NSCC parameters: flowid 141 _base_rtt=11685600 _base_bdp=146070 _bdp=146070 _min_cwnd=4150 _maxwnd=219105 _cwnd=219105
Initialize per-instance NSCC parameters: flowid 142 _base_rtt=11685600 _base_bdp=146070 _bdp=146070 _min_cwnd=4150 _maxwnd=219105 _cwnd=219105
Initialize per-instance NSCC parameters: flowid 143 _base_rtt=11685600 _base_bdp=146070 _bdp=146070 _min_cwnd=4150 _maxwnd=219105 _cwnd=219105
Initialize per-instance NSCC parameters: flowid 144 _base_rtt=11685600 _base_bdp=146070 _bdp=146070 _min_cwnd=4150 _maxwnd=219105 _cwnd=219105
Initialize per-instance NSCC parameters: flowid 145 _base_rtt=11685600 _base_bdp=146070 _bdp=146070 _min_cwnd=4150 _maxwnd=219105 _cwnd=219105
Initialize per-instance NSCC parameters: flowid 146 _base_rtt=11685600 _base_bdp=146070 _bdp=146070 _min_cwnd=4150 _maxwnd=219105 _cwnd=219105
Initialize per-instance NSCC parameters: flowid 147 _base_rtt=11685600 _base_bdp=146070 _bdp=146070 _min_cwnd=4150 _maxwnd=219105 _cwnd=219105
Initialize per-instance NSCC parameters: flowid 148 _base_rtt=11685600 _base_bdp=146070 _bdp=146070 _min_cwnd=4150 _maxwnd=219105 _cwnd=219105
Initialize per-instance NSCC parameters: flowid 149 _base_rtt=11685600 _base_bdp=146070 _bdp=146070 _min_cwnd=4150 _maxwnd=219105 _cwnd=219105
Initialize per-instance NSCC parameters: flowid 150 _base_rtt=11685600 _base_bdp=146070 _bdp=146070 _min_cwnd=4150 _maxwnd=219105 _cwnd=219105
Initialize per-instance NSCC parameters: flowid 151 _base_rtt=11685600 _base_bdp=146070 _bdp=146070 _min_cwnd=4150 _maxwnd=219105 _cwnd=219105
Initialize per-instance NSCC parameters: flowid 152 _base_rtt=11685600 _base_bdp=146070 _bdp=146070 _min_cwnd=4150 _maxwnd=219105 _cwnd=219105
Initialize per-instance NSCC parameters: flowid 153 _base_rtt=11685600 _base_bdp=146070 _bdp=146070 _min_cwnd=4150 _maxwnd=219105 _cwnd=219105
Initialize per-instance NSCC parameters: flowid 154 _base_rtt=11685600 _base_bdp=146070 _bdp=146070 _min_cwnd=4150 _maxwnd=219105 _cwnd=219105
Initialize per-instance NSCC parameters: flowid 155 _base_rtt=11685600 _base_bdp=146070 _bdp=146070 _min_cwnd=4150 _maxwnd=219105 _cwnd=219105
Initialize per-instance NSCC parameters: flowid 156 _base_rtt=11685600 _base_bdp=146070 _bdp=146070 _min_cwnd=4150 _maxwnd=219105 _cwnd=219105
Initialize per-instance NSCC parameters: flowid 157 _base_rtt=11685600 _base_bdp=146070 _bdp=146070 _min_cwnd=4150 _maxwnd=219105 _cwnd=219105
Initialize per-instance NSCC parameters: flowid 158 _base_rtt=11685600 _base_bdp=146070 _bdp=146070 _min_cwnd=4150 _maxwnd=219105 _cwnd=219105
Initialize per-instance NSCC parameters: flowid 159 _base_rtt=11685600 _base_bdp=146070 _bdp=146070 _min_cwnd=4150 _maxwnd=219105 _cwnd=219105
Initialize per-instance NSCC parameters: flowid 160 _base_rtt=11685600 _base_bdp=146070 _bdp=146070 _min_cwnd=4150 _maxwnd=219105 _cwnd=219105
Initialize per-instance NSCC parameters: flowid 161 _base_rtt=11685600 _base_bdp=146070 _bdp=146070 _min_cwnd=4150 _maxwnd=219105 _cwnd=219105
Initialize per-instance NSCC parameters: flowid 162 _base_rtt=11685600 _base_bdp=146070 _bdp=146070 _min_cwnd=4150 _maxwnd=219105 _cwnd=219105
Initialize per-instance NSCC parameters: flowid 163 _base_rtt=11685600 _base_bdp=146070 _bdp=146070 _min_cwnd=4150 _maxwnd=219105 _cwnd=219105
Initialize per-instance NSCC parameters: flowid 164 _base_rtt=11685600 _base_bdp=146070 _bdp=146070 _min_cwnd=4150 _maxwnd=219105 _cwnd=219105
Initialize per-instance NSCC parameters: flowid 165 _base_rtt=11685600 _base_bdp=146070 _bdp=146070 _min_cwnd=4150 _maxwnd=219105 _cwnd=219105
Initialize per-instance NSCC parameters: flowid 166 _base_rtt=11685600 _base_bdp=146070 _bdp=146070 _min_cwnd=4150 _maxwnd=219105 _cwnd=219105
Initialize per-instance NSCC parameters: flowid 167 _base_rtt=11685600 _base_bdp=146070 _bdp=146070 _min_cwnd=4150 _maxwnd=219105 _cwnd=219105
Initialize per-instance NSCC parameters: flowid 168 _base_rtt=11685600 _base_bdp=146070 _bdp=146070 _min_cwnd=4150 _maxwnd=219105 _cwnd=219105
Initialize per-instance NSCC parameters: flowid 169 _base_rtt=11685600 _base_bdp=146070 _bdp=146070 _min_cwnd=4150 _maxwnd=219105 _cwnd=219105
Initialize per-instance NSCC parameters: flowid 170 _base_rtt=11685600 _base_bdp=146070 _bdp=146070 _min_cwnd=4150 _maxwnd=219105 _cwnd=219105
Initialize per-instance NSCC parameters: flowid 171 _base_rtt=11685600 _base_bdp=146070 _bdp=146070 _min_cwnd=4150 _maxwnd=219105 _cwnd=219105
Initialize per-instance NSCC parameters: flowid 172 _base_rtt=11685600 _base_bdp=146070 _bdp=146070 _min_cwnd=4150 _maxwnd=219105 _cwnd=219105
Initialize per-instance NSCC parameters: flowid 173 _base_rtt=11685600 _base_bdp=146070 _bdp=146070 _min_cwnd=4150 _maxwnd=219105 _cwnd=219105
Initialize per-instance NSCC parameters: flowid 174 _base_rtt=11685600 _base_bdp=146070 _bdp=146070 _min_cwnd=4150 _maxwnd=219105 _cwnd=219105
Initialize per-instance NSCC parameters: flowid 175 _base_rtt=11685600 _base_bdp=146070 _bdp=146070 _min_cwnd=4150 _maxwnd=219105 _cwnd=219105
Initialize per-instance NSCC parameters: flowid 176 _base_rtt=11685600 _base_bdp=146070 _bdp=146070 _min_cwnd=4150 _maxwnd=219105 _cwnd=219105
Initialize per-instance NSCC parameters: flowid 177 _base_rtt=11685600 _base_bdp=146070 _bdp=146070 _min_cwnd=4150 _maxwnd=219105 _cwnd=219105
Initialize per-instance NSCC parameters: flowid 178 _base_rtt=11685600 _base_bdp=146070 _bdp=146070 _min_cwnd=4150 _maxwnd=219105 _cwnd=219105
Initialize per-instance NSCC parameters: flowid 179 _base_rtt=11685600 _base_bdp=146070 _bdp=146070 _min_cwnd=4150 _maxwnd=219105 _cwnd=219105
Initialize per-instance NSCC parameters: flowid 180 _base_rtt=11685600 _base_bdp=146070 _bdp=146070 _min_cwnd=4150 _maxwnd=219105 _cwnd=219105
Initialize per-instance NSCC parameters: flowid 181 _base_rtt=11685600 _base_bdp=146070 _bdp=146070 _min_cwnd=4150 _maxwnd=219105 _cwnd=219105
Initialize per-instance NSCC parameters: flowid 182 _base_rtt=11685600 _base_bdp=146070 _bdp=146070 _min_cwnd=4150 _maxwnd=219105 _cwnd=219105
Initialize per-instance NSCC parameters: flowid 183 _base_rtt=11685600 _base_bdp=146070 _bdp=146070 _min_cwnd=4150 _maxwnd=219105 _cwnd=219105
Initialize per-instance NSCC parameters: flowid 184 _base_rtt=11685600 _base_bdp=146070 _bdp=146070 _min_cwnd=4150 _maxwnd=219105 _cwnd=219105
Initialize per-instance NSCC parameters: flowid 185 _base_rtt=11685600 _base_bdp=146070 _bdp=146070 _min_cwnd=4150 _maxwnd=219105 _cwnd=219105
Initialize per-instance NSCC parameters: flowid 186 _base_rtt=11685600 _base_bdp=146070 _bdp=146070 _min_cwnd=4150 _maxwnd=219105 _cwnd=219105
Initialize per-instance NSCC parameters: flowid 187 _base_rtt=11685600 _base_bdp=146070 _bdp=146070 _min_cwnd=4150 _maxwnd=219105 _cwnd=219105
Initialize per-instance NSCC parameters: flowid 188 _base_rtt=11685600 _base_bdp=146070 _bdp=146070 _min_cwnd=4150 _maxwnd=219105 _cwnd=219105
Initialize per-instance NSCC parameters: flowid 189 _base_rtt=11685600 _base_bdp=146070 _bdp=146070 _min_cwnd=4150 _maxwnd=219105 _cwnd=219105
Initialize per-instance NSCC parameters: flowid 190 _base_rtt=11685600 _base_bdp=146070 _bdp=146070 _min_cwnd=4150 _maxwnd=219105 _cwnd=219105
Initialize per-instance NSCC parameters: flowid 191 _base_rtt=11685600 _base_bdp=146070 _bdp=146070 _min_cwnd=4150 _maxwnd=219105 _cwnd=219105
Initialize per-instance NSCC parameters: flowid 192 _base_rtt=11685600 _base_bdp=146070 _bdp=146070 _min_cwnd=4150 _maxwnd=219105 _cwnd=219105
Initialize per-instance NSCC parameters: flowid 193 _base_rtt=11685600 _base_bdp=146070 _bdp=146070 _min_cwnd=4150 _maxwnd=219105 _cwnd=219105
Initialize per-instance NSCC parameters: flowid 194 _base_rtt=11685600 _base_bdp=146070 _bdp=146070 _min_cwnd=4150 _maxwnd=219105 _cwnd=219105
Initialize per-instance NSCC parameters: flowid 195 _base_rtt=11685600 _base_bdp=146070 _bdp=146070 _min_cwnd=4150 _maxwnd=219105 _cwnd=219105
Initialize per-instance NSCC parameters: flowid 196 _base_rtt=11685600 _base_bdp=146070 _bdp=146070 _min_cwnd=4150 _maxwnd=219105 _cwnd=219105
Initialize per-instance NSCC parameters: flowid 197 _base_rtt=11685600 _base_bdp=146070 _bdp=146070 _min_cwnd=4150 _maxwnd=219105 _cwnd=219105
Initialize per-instance NSCC parameters: flowid 198 _base_rtt=11685600 _base_bdp=146070 _bdp=146070 _min_cwnd=4150 _maxwnd=219105 _cwnd=219105
Initialize per-instance NSCC parameters: flowid 199 _base_rtt=11685600 _base_bdp=146070 _bdp=146070 _min_cwnd=4150 _maxwnd=219105 _cwnd=219105
Initialize per-instance NSCC parameters: flowid 200 _base_rtt=11685600 _base_bdp=146070 _bdp=146070 _min_cwnd=4150 _maxwnd=219105 _cwnd=219105
Initialize per-instance NSCC parameters: flowid 201 _base_rtt=11685600 _base_bdp=146070 _bdp=146070 _min_cwnd=4150 _maxwnd=219105 _cwnd=219105
Initialize per-instance NSCC parameters: flowid 202 _base_rtt=11685600 _base_bdp=146070 _bdp=146070 _min_cwnd=4150 _maxwnd=219105 _cwnd=219105
Initialize per-instance NSCC parameters: flowid 203 _base_rtt=11685600 _base_bdp=146070 _bdp=146070 _min_cwnd=4150 _maxwnd=219105 _cwnd=219105
Initialize per-instance NSCC parameters: flowid 204 _base_rtt=11685600 _base_bdp=146070 _bdp=146070 _min_cwnd=4150 _maxwnd=219105 _cwnd=219105
Initialize per-instance NSCC parameters: flowid 205 _base_rtt=11685600 _base_bdp=146070 _bdp=146070 _min_cwnd=4150 _maxwnd=219105 _cwnd=219105
Initialize per-instance NSCC parameters: flowid 206 _base_rtt=11685600 _base_bdp=146070 _bdp=146070 _min_cwnd=4150 _maxwnd=219105 _cwnd=219105
Initialize per-instance NSCC parameters: flowid 207 _base_rtt=11685600 _base_bdp=146070 _bdp=146070 _min_cwnd=4150 _maxwnd=219105 _cwnd=219105
Initialize per-instance NSCC parameters: flowid 208 _base_rtt=11685600 _base_bdp=146070 _bdp=146070 _min_cwnd=4150 _maxwnd=219105 _cwnd=219105
Initialize per-instance NSCC parameters: flowid 209 _base_rtt=11685600 _base_bdp=146070 _bdp=146070 _min_cwnd=4150 _maxwnd=219105 _cwnd=219105
Initialize per-instance NSCC parameters: flowid 210 _base_rtt=11685600 _base_bdp=146070 _bdp=146070 _min_cwnd=4150 _maxwnd=219105 _cwnd=219105
Initialize per-instance NSCC parameters: flowid 211 _base_rtt=11685600 _base_bdp=146070 _bdp=146070 _min_cwnd=4150 _maxwnd=219105 _cwnd=219105
Initialize per-instance NSCC parameters: flowid 212 _base_rtt=11685600 _base_bdp=146070 _bdp=146070 _min_cwnd=4150 _maxwnd=219105 _cwnd=219105
Initialize per-instance NSCC parameters: flowid 213 _base_rtt=11685600 _base_bdp=146070 _bdp=146070 _min_cwnd=4150 _maxwnd=219105 _cwnd=219105
Initialize per-instance NSCC parameters: flowid 214 _base_rtt=11685600 _base_bdp=146070 _bdp=146070 _min_cwnd=4150 _maxwnd=219105 _cwnd=219105
Initialize per-instance NSCC parameters: flowid 215 _base_rtt=11685600 _base_bdp=146070 _bdp=146070 _min_cwnd=4150 _maxwnd=219105 _cwnd=219105
Initialize per-instance NSCC parameters: flowid 216 _base_rtt=11685600 _base_bdp=146070 _bdp=146070 _min_cwnd=4150 _maxwnd=219105 _cwnd=219105
Initialize per-instance NSCC parameters: flowid 217 _base_rtt=11685600 _base_bdp=146070 _bdp=146070 _min_cwnd=4150 _maxwnd=219105 _cwnd=219105
Initialize per-instance NSCC parameters: flowid 218 _base_rtt=11685600 _base_bdp=146070 _bdp=146070 _min_cwnd=4150 _maxwnd=219105 _cwnd=219105
Starting simulation
Flow Uec_100_228 flowId 1 uecSrc 0 starting at 0
Flow Uec_144_16 flowId 2 uecSrc 1 starting at 0
Flow Uec_248_120 flowId 3 uecSrc 2 starting at 0
Flow Uec_26_154 flowId 4 uecSrc 3 starting at 0
Flow Uec_109_237 flowId 5 uecSrc 4 starting at 0
Flow Uec_128_0 flowId 6 uecSrc 5 starting at 0
Flow Uec_135_7 flowId 7 uecSrc 6 starting at 0
Flow Uec_130_2 flowId 8 uecSrc 7 starting at 0
Flow Uec_229_101 flowId 9 uecSrc 8 starting at 0
Flow Uec_61_189 flowId 10 uecSrc 9 starting at 0
Flow Uec_102_230 flowId 11 uecSrc 10 starting at 0
Flow Uec_252_124 flowId 12 uecSrc 11 starting at 0
Flow Uec_95_223 flowId 13 uecSrc 12 starting at 0
Flow Uec_197_69 flowId 14 uecSrc 13 starting at 0
Flow Uec_170_42 flowId 15 uecSrc 14 starting at 0
Flow Uec_235_107 flowId 16 uecSrc 15 starting at 0
Flow Uec_22_150 flowId 17 uecSrc 16 starting at 0
Flow Uec_148_20 flowId 18 uecSrc 17 starting at 0
Flow Uec_114_242 flowId 19 uecSrc 18 starting at 0
Flow Uec_1_129 flowId 20 uecSrc 19 starting at 0
Flow Uec_91_219 flowId 21 uecSrc 20 starting at 0
Flow Uec_74_202 flowId 22 uecSrc 21 starting at 0
Flow Uec_209_81 flowId 23 uecSrc 22 starting at 0
Flow Uec_20_148 flowId 24 uecSrc 23 starting at 0
Flow Uec_202_74 flowId 25 uecSrc 24 starting at 0
Flow Uec_4_132 flowId 26 uecSrc 25 starting at 0
Flow Uec_84_212 flowId 27 uecSrc 26 starting at 0
Flow Uec_237_109 flowId 28 uecSrc 27 starting at 0
Flow Uec_189_61 flowId 29 uecSrc 28 starting at 0
Flow Uec_110_238 flowId 30 uecSrc 29 starting at 0
Flow Uec_212_84 flowId 31 uecSrc 30 starting at 0
Flow Uec_232_104 flowId 32 uecSrc 31 starting at 0
Flow Uec_17_145 flowId 33 uecSrc 32 starting at 0
Flow Uec_246_118 flowId 34 uecSrc 33 starting at 0
Flow Uec_184_56 flowId 35 uecSrc 34 starting at 0
Flow Uec_28_156 flowId 36 uecSrc 35 starting at 0
Flow Uec_44_172 flowId 37 uecSrc 36 starting at 0
Flow Uec_14_142 flowId 38 uecSrc 37 starting at 0
Flow Uec_217_89 flowId 39 uecSrc 38 starting at 0
Flow Uec_119_247 flowId 40 uecSrc 39 starting at 0
Flow Uec_154_26 flowId 41 uecSrc 40 starting at 0
Flow Uec_245_117 flowId 42 uecSrc 41 starting at 0
Flow Uec_13_141 flowId 43 uecSrc 42 starting at 0
Flow Uec_0_128 flowId 44 uecSrc 43 starting at 0
Flow Uec_163_35 flowId 45 uecSrc 44 starting at 0
Flow Uec_62_190 flowId 46 uecSrc 45 starting at 0
Flow Uec_96_224 flowId 47 uecSrc 46 starting at 0
Flow Uec_32_160 flowId 48 uecSrc 47 starting at 0
Flow Uec_200_72 flowId 49 uecSrc 48 starting at 0
Flow Uec_168_40 flowId 50 uecSrc 49 starting at 0
Flow Uec_254_126 flowId 51 uecSrc 50 starting at 0
Flow Uec_182_54 flowId 52 uecSrc 51 starting at 0
Flow Uec_115_243 flowId 53 uecSrc 52 starting at 0
Flow Uec_255_127 flowId 54 uecSrc 53 starting at 0
Flow Uec_195_67 flowId 55 uecSrc 54 starting at 0
Flow Uec_81_209 flowId 56 uecSrc 55 starting at 0
Flow Uec_162_34 flowId 57 uecSrc 56 starting at 0
Flow Uec_224_96 flowId 58 uecSrc 57 starting at 0
Flow Uec_187_59 flowId 59 uecSrc 58 starting at 0
Flow Uec_86_214 flowId 60 uecSrc 59 starting at 0
Flow Uec_218_90 flowId 61 uecSrc 60 starting at 0
Flow Uec_77_205 flowId 62 uecSrc 61 starting at 0
Flow Uec_157_29 flowId 63 uecSrc 62 starting at 0
Flow Uec_181_53 flowId 64 uecSrc 63 starting at 0
Flow Uec_85_213 flowId 65 uecSrc 64 starting at 0
Flow Uec_178_50 flowId 66 uecSrc 65 starting at 0
Flow Uec_225_97 flowId 67 uecSrc 66 starting at 0
Flow Uec_142_14 flowId 68 uecSrc 67 starting at 0
Flow Uec_64_192 flowId 69 uecSrc 68 starting at 0
Flow Uec_139_11 flowId 70 uecSrc 69 starting at 0
Flow Uec_206_78 flowId 71 uecSrc 70 starting at 0
Flow Uec_129_1 flowId 72 uecSrc 71 starting at 0
Flow Uec_41_169 flowId 73 uecSrc 72 starting at 0
Flow Uec_72_200 flowId 74 uecSrc 73 starting at 0
Flow Uec_222_94 flowId 75 uecSrc 74 starting at 0
Flow Uec_83_211 flowId 76 uecSrc 75 starting at 0
Flow Uec_80_208 flowId 77 uecSrc 76 starting at 0
Flow Uec_65_193 flowId 78 uecSrc 77 starting at 0
Flow Uec_82_210 flowId 79 uecSrc 78 starting at 0
Flow Uec_93_221 flowId 80 uecSrc 79 starting at 0
Flow Uec_146_18 flowId 81 uecSrc 80 starting at 0
Flow Uec_239_111 flowId 82 uecSrc 81 starting at 0
Flow Uec_6_134 flowId 83 uecSrc 82 starting at 0
Flow Uec_24_152 flowId 84 uecSrc 83 starting at 0
Flow Uec_177_49 flowId 85 uecSrc 84 starting at 0
Flow Uec_48_176 flowId 86 uecSrc 85 starting at 0
Flow Uec_211_83 flowId 87 uecSrc 86 starting at 0
Flow Uec_19_147 flowId 88 uecSrc 87 starting at 0
Flow Uec_226_98 flowId 89 uecSrc 88 starting at 0
Flow Uec_228_100 flowId 90 uecSrc 89 starting at 0
Flow Uec_69_197 flowId 91 uecSrc 90 starting at 0
Flow Uec_152_24 flowId 92 uecSrc 91 starting at 0
Flow Uec_137_9 flowId 93 uecSrc 92 starting at 0
Flow Uec_58_186 flowId 94 uecSrc 93 starting at 0
Flow Uec_151_23 flowId 95 uecSrc 94 starting at 0
Flow Uec_97_225 flowId 96 uecSrc 95 starting at 0
Flow Uec_118_246 flowId 97 uecSrc 96 starting at 0
Flow Uec_167_39 flowId 98 uecSrc 97 starting at 0
Flow Uec_123_251 flowId 99 uecSrc 98 starting at 0
Flow Uec_52_180 flowId 100 uecSrc 99 starting at 0
Flow Uec_94_222 flowId 101 uecSrc 100 starting at 0
Flow Uec_39_167 flowId 102 uecSrc 101 starting at 0
Flow Uec_207_79 flowId 103 uecSrc 102 starting at 0
Flow Uec_99_227 flowId 104 uecSrc 103 starting at 0
Flow Uec_210_82 flowId 105 uecSrc 104 starting at 0
Flow Uec_243_115 flowId 106 uecSrc 105 starting at 0
Flow Uec_141_13 flowId 107 uecSrc 106 starting at 0
Flow Uec_127_255 flowId 108 uecSrc 107 starting at 0
Flow Uec_242_114 flowId 109 uecSrc 108 starting at 0
Flow Uec_117_245 flowId 110 uecSrc 109 starting at 0
Flow Uec_171_43 flowId 111 uecSrc 110 starting at 0
Flow Uec_230_102 flowId 112 uecSrc 111 starting at 0
Flow Uec_79_207 flowId 113 uecSrc 112 starting at 0
Flow Uec_205_77 flowId 114 uecSrc 113 starting at 0
Flow Uec_126_254 flowId 115 uecSrc 114 starting at 0
Flow Uec_150_22 flowId 116 uecSrc 115 starting at 0
Flow Uec_156_28 flowId 117 uecSrc 116 starting at 0
Flow Uec_12_140 flowId 118 uecSrc 117 starting at 0
Flow Uec_188_60 flowId 119 uecSrc 118 starting at 0
Flow Uec_7_135 flowId 120 uecSrc 119 starting at 0
Flow Uec_161_33 flowId 121 uecSrc 120 starting at 0
Flow Uec_2_130 flowId 122 uecSrc 121 starting at 0
Flow Uec_240_112 flowId 123 uecSrc 122 starting at 0
Flow Uec_21_149 flowId 124 uecSrc 123 starting at 0
Flow Uec_132_4 flowId 125 uecSrc 124 starting at 0
Flow Uec_33_161 flowId 126 uecSrc 125 starting at 0
Flow Uec_92_220 flowId 127 uecSrc 126 starting at 0
Flow Uec_108_236 flowId 128 uecSrc 127 starting at 0
Flow Uec_29_157 flowId 129 uecSrc 128 starting at 0
Flow Uec_159_31 flowId 130 uecSrc 129 starting at 0
Flow Uec_49_177 flowId 131 uecSrc 130 starting at 0
Flow Uec_34_162 flowId 132 uecSrc 131 starting at 0
Flow Uec_155_27 flowId 133 uecSrc 132 starting at 0
Flow Uec_105_233 flowId 134 uecSrc 133 starting at 0
Flow Uec_104_232 flowId 135 uecSrc 134 starting at 0
Flow Uec_15_143 flowId 136 uecSrc 135 starting at 0
Flow Uec_234_106 flowId 137 uecSrc 136 starting at 0
Flow Uec_136_8 flowId 138 uecSrc 137 starting at 0
Flow Uec_27_155 flowId 139 uecSrc 138 starting at 0
Flow Uec_54_182 flowId 140 uecSrc 139 starting at 0
Flow Uec_78_206 flowId 141 uecSrc 140 starting at 0
Flow Uec_55_183 flowId 142 uecSrc 141 starting at 0
Flow Uec_121_249 flowId 143 uecSrc 142 starting at 0
Flow Uec_208_80 flowId 144 uecSrc 143 starting at 0
Flow Uec_176_48 flowId 145 uecSrc 144 starting at 0
Flow Uec_57_185 flowId 146 uecSrc 145 starting at 0
Flow Uec_169_41 flowId 147 uecSrc 146 starting at 0
Flow Uec_250_122 flowId 148 uecSrc 147 starting at 0
Flow Uec_3_131 flowId 149 uecSrc 148 starting at 0
Flow Uec_42_170 flowId 150 uecSrc 149 starting at 0
Flow Uec_120_248 flowId 151 uecSrc 150 starting at 0
Flow Uec_241_113 flowId 152 uecSrc 151 starting at 0
Flow Uec_172_44 flowId 153 uecSrc 152 starting at 0
Flow Uec_131_3 flowId 154 uecSrc 153 starting at 0
Flow Uec_193_65 flowId 155 uecSrc 154 starting at 0
Flow Uec_46_174 flowId 156 uecSrc 155 starting at 0
Flow Uec_165_37 flowId 157 uecSrc 156 starting at 0
Flow Uec_51_179 flowId 158 uecSrc 157 starting at 0
Flow Uec_199_71 flowId 159 uecSrc 158 starting at 0
Flow Uec_124_252 flowId 160 uecSrc 159 starting at 0
Flow Uec_60_188 flowId 161 uecSrc 160 starting at 0
Flow Uec_203_75 flowId 162 uecSrc 161 starting at 0
Flow Uec_101_229 flowId 163 uecSrc 162 starting at 0
Flow Uec_116_244 flowId 164 uecSrc 163 starting at 0
Flow Uec_247_119 flowId 165 uecSrc 164 starting at 0
Flow Uec_40_168 flowId 166 uecSrc 165 starting at 0
Flow Uec_194_66 flowId 167 uecSrc 166 starting at 0
Flow Uec_111_239 flowId 168 uecSrc 167 starting at 0
Flow Uec_10_138 flowId 169 uecSrc 168 starting at 0
Flow Uec_138_10 flowId 170 uecSrc 169 starting at 0
Flow Uec_73_201 flowId 171 uecSrc 170 starting at 0
Flow Uec_213_85 flowId 172 uecSrc 171 starting at 0
Flow Uec_220_92 flowId 173 uecSrc 172 starting at 0
Flow Uec_175_47 flowId 174 uecSrc 173 starting at 0
Flow Uec_147_19 flowId 175 uecSrc 174 starting at 0
Flow Uec_50_178 flowId 176 uecSrc 175 starting at 0
Flow Uec_18_146 flowId 177 uecSrc 176 starting at 0
Flow Uec_215_87 flowId 178 uecSrc 177 starting at 0
Flow Uec_76_204 flowId 179 uecSrc 178 starting at 0
Flow Uec_90_218 flowId 180 uecSrc 179 starting at 0
Flow Uec_106_234 flowId 181 uecSrc 180 starting at 0
Flow Uec_31_159 flowId 182 uecSrc 181 starting at 0
Flow Uec_134_6 flowId 183 uecSrc 182 starting at 0
Flow Uec_70_198 flowId 184 uecSrc 183 starting at 0
Flow Uec_9_137 flowId 185 uecSrc 184 starting at 0
Flow Uec_191_63 flowId 186 uecSrc 185 starting at 0
Flow Uec_174_46 flowId 187 uecSrc 186 starting at 0
Flow Uec_112_240 flowId 188 uecSrc 187 starting at 0
Flow Uec_238_110 flowId 189 uecSrc 188 starting at 0
Flow Uec_214_86 flowId 190 uecSrc 189 starting at 0
Flow Uec_16_144 flowId 191 uecSrc 190 starting at 0
Flow Uec_219_91 flowId 192 uecSrc 191 starting at 0
Flow Uec_38_166 flowId 193 uecSrc 192 starting at 0
Flow Uec_98_226 flowId 194 uecSrc 193 starting at 0
Flow Uec_223_95 flowId 195 uecSrc 194 starting at 0
Flow Uec_221_93 flowId 196 uecSrc 195 starting at 0
Flow Uec_11_139 flowId 197 uecSrc 196 starting at 0
Flow Uec_88_216 flowId 198 uecSrc 197 starting at 0
Flow Uec_164_36 flowId 199 uecSrc 198 starting at 0
Flow Uec_140_12 flowId 200 uecSrc 199 starting at 0
Flow Uec_196_68 flowId 201 uecSrc 200 starting at 0
Flow Uec_5_133 flowId 202 uecSrc 201 starting at 0
Flow Uec_35_163 flowId 203 uecSrc 202 starting at 0
Flow Uec_89_217 flowId 204 uecSrc 203 starting at 0
Flow Uec_113_241 flowId 205 uecSrc 204 starting at 0
Flow Uec_143_15 flowId 206 uecSrc 205 starting at 0
Flow Uec_67_195 flowId 207 uecSrc 206 starting at 0
Flow Uec_190_62 flowId 208 uecSrc 207 starting at 0
Flow Uec_45_173 flowId 209 uecSrc 208 starting at 0
Flow Uec_160_32 flowId 210 uecSrc 209 starting at 0
Flow Uec_192_64 flowId 211 uecSrc 210 starting at 0
Flow Uec_173_45 flowId 212 uecSrc 211 starting at 0
Flow Uec_59_187 flowId 213 uecSrc 212 starting at 0
Flow Uec_125_253 flowId 214 uecSrc 213 starting at 0
Flow Uec_133_5 flowId 215 uecSrc 214 starting at 0
Flow Uec_183_55 flowId 216 uecSrc 215 starting at 0
Flow Uec_43_171 flowId 217 uecSrc 216 starting at 0
Flow Uec_236_108 flowId 218 uecSrc 217 starting at 0
136.598 flowid 52 Spurious 30
137.936 flowid 52 Spurious 34
138.605 flowid 52 Spurious 36
139.612 flowid 52 Spurious 38
139.944 flowid 52 Spurious 39
140.608 flowid 52 Spurious 41
141.609 flowid 52 Spurious 42
141.946 flowid 52 Spurious 43
142.278 flowid 52 Spurious 44
142.4 flowid 66 Spurious 49
142.61 flowid 52 Spurious 45
142.942 flowid 52 Spurious 46
143.005 flowid 193 Spurious 40
143.279 flowid 52 Spurious 47
144.446 flowid 36 Spurious 39
145.493 flowid 193 Spurious 44
148.654 flowid 193 Spurious 49
150.791 flowid 98 Spurious 32
152.548 flowid 212 Spurious 29
154.238 flowid 17 Spurious 51
157.09 flowid 66 Spurious 54
160.29 flowid 72 Spurious 84
Flow Uec_195_67 flowId 55 uecSrc 54 finished at 177.527 total messages 1 total packets 490 RTS 0 total bytes 2002140 in_flight now 0 fair_inc 0 prop_inc 85289 fast_inc 20205 eta_inc 8344 multi_dec -0 quick_dec -0 nack_dec -0
Flow Uec_101_229 flowId 163 uecSrc 162 finished at 179.492 total messages 1 total packets 490 RTS 0 total bytes 2002140 in_flight now 0 fair_inc 0 prop_inc 72774 fast_inc 0 eta_inc 8344 multi_dec -0 quick_dec -0 nack_dec -0
180.22 flowid 126 Spurious 127
182.238 flowid 84 Spurious 135
183.898 flowid 84 Spurious 138
Flow Uec_119_247 flowId 40 uecSrc 39 finished at 185.042 total messages 1 total packets 490 RTS 0 total bytes 2002140 in_flight now 0 fair_inc 0 prop_inc 46744 fast_inc 0 eta_inc 8940 multi_dec -0 quick_dec -0 nack_dec -0
Flow Uec_177_49 flowId 85 uecSrc 84 finished at 186.359 total messages 1 total packets 490 RTS 0 total bytes 2002140 in_flight now 0 fair_inc 0 prop_inc 34160 fast_inc 323772 eta_inc 7748 multi_dec -0 quick_dec -0 nack_dec -0
Flow Uec_134_6 flowId 183 uecSrc 182 finished at 186.41 total messages 1 total packets 490 RTS 0 total bytes 2002140 in_flight now 0 fair_inc 0 prop_inc 94284 fast_inc 4041 eta_inc 8344 multi_dec -0 quick_dec -0 nack_dec -0
Flow Uec_58_186 flowId 94 uecSrc 93 finished at 190.683 total messages 1 total packets 490 RTS 0 total bytes 2002140 in_flight now 0 fair_inc 752 prop_inc 17392 fast_inc 0 eta_inc 9536 multi_dec -0 quick_dec -0 nack_dec -0
190.845 flowid 132 Spurious 158
Flow Uec_57_185 flowId 146 uecSrc 145 finished at 191.774 total messages 1 total packets 490 RTS 0 total bytes 2002140 in_flight now 0 fair_inc 376 prop_inc 21986 fast_inc 0 eta_inc 8940 multi_dec -0 quick_dec -0 nack_dec -0
192.773 flowid 139 Spurious 159
194.122 flowid 84 Spurious 176
196.124 flowid 84 Spurious 181
197.799 flowid 84 Spurious 185
Flow Uec_18_146 flowId 177 uecSrc 176 finished at 201.111 total messages 1 total packets 490 RTS 0 total bytes 2002140 in_flight now 0 fair_inc 0 prop_inc 21898 fast_inc 0 eta_inc 9536 multi_dec -0 quick_dec -0 nack_dec -0
Flow Uec_247_119 flowId 165 uecSrc 164 finished at 203.238 total messages 1 total packets 490 RTS 0 total bytes 2002140 in_flight now 0 fair_inc 0 prop_inc 18697 fast_inc 0 eta_inc 9536 multi_dec -0 quick_dec -0 nack_dec -0
Flow Uec_99_227 flowId 104 uecSrc 103 finished at 203.903 total messages 1 total packets 490 RTS 0 total bytes 2002140 in_flight now 0 fair_inc 1202 prop_inc 19480 fast_inc 0 eta_inc 9536 multi_dec -21342 quick_dec -0 nack_dec -0
Flow Uec_14_142 flowId 38 uecSrc 37 finished at 205.155 total messages 1 total packets 490 RTS 0 total bytes 2002140 in_flight now 0 fair_inc 2253 prop_inc 18751 fast_inc 0 eta_inc 9536 multi_dec -0 quick_dec -0 nack_dec -0
212.973 flowid 4 Spurious 201
Flow Uec_246_118 flowId 34 uecSrc 33 finished at 215.353 total messages 1 total packets 490 RTS 0 total bytes 2002140 in_flight now 0 fair_inc 0 prop_inc 12746 fast_inc 0 eta_inc 10132 multi_dec -6881 quick_dec -0 nack_dec -0
216.957 flowid 4 Spurious 202
219.785 flowid 169 Spurious 217
220.117 flowid 169 Spurious 218
220.965 flowid 102 Spurious 203
Flow Uec_32_160 flowId 48 uecSrc 47 finished at 223.151 total messages 1 total packets 490 RTS 0 total bytes 2002140 in_flight now 0 fair_inc 4523 prop_inc 31961 fast_inc 0 eta_inc 10728 multi_dec -58738 quick_dec -0 nack_dec -0
223.804 flowid 139 Spurious 247
224.468 flowid 139 Spurious 249
225.132 flowid 139 Spurious 251
226.254 flowid 169 Spurious 237
226.586 flowid 169 Spurious 239
227.597 flowid 169 Spurious 241
228.261 flowid 169 Spurious 249
228.593 flowid 169 Spurious 252
Flow Uec_3_131 flowId 149 uecSrc 148 finished at 229.728 total messages 1 total packets 490 RTS 0 total bytes 2002140 in_flight now 0 fair_inc 2317 prop_inc 63760 fast_inc 0 eta_inc 10728 multi_dec -17928 quick_dec -0 nack_dec -16600
229.78 flowid 139 Spurious 270
Flow Uec_10_138 flowId 169 uecSrc 168 finished at 232.965 total messages 1 total packets 491 RTS 1 total bytes 2002140 in_flight now 0 fair_inc 26136 prop_inc 8107 fast_inc 0 eta_inc 11324 multi_dec -196 quick_dec -0 nack_dec -8300
238.477 flowid 102 Spurious 246
244.2 flowid 203 Spurious 199
246.808 flowid 217 Spurious 305
Flow Uec_43_171 flowId 217 uecSrc 216 finished at 250.466 total messages 1 total packets 490 RTS 0 total bytes 2002140 in_flight now 0 fair_inc 13336 prop_inc 15519 fast_inc 0 eta_inc 11324 multi_dec -0 quick_dec -0 nack_dec -0
250.621 flowid 166 Spurious 302
251.661 flowid 217 Spurious 318
252.325 flowid 217 Spurious 320
Flow Uec_40_168 flowId 166 uecSrc 165 finished at 255.126 total messages 1 total packets 490 RTS 0 total bytes 2002140 in_flight now 0 fair_inc 4140 prop_inc 23223 fast_inc 0 eta_inc 10728 multi_dec -0 quick_dec -0 nack_dec -4150
257.379 flowid 88 Spurious 218
258.053 flowid 88 Spurious 219
Flow Uec_138_10 flowId 170 uecSrc 169 finished at 258.184 total messages 1 total packets 490 RTS 0 total bytes 2002140 in_flight now 0 fair_inc 5776 prop_inc 25097 fast_inc 0 eta_inc 11920 multi_dec -44355 quick_dec -0 nack_dec -33200
261.746 flowid 88 Spurious 222
262.083 flowid 88 Spurious 224
265.444 flowid 88 Spurious 231
268.468 flowid 88 Spurious 233
Flow Uec_20_148 flowId 24 uecSrc 23 finished at 268.569 total messages 1 total packets 493 RTS 3 total bytes 2002140 in_flight now 0 fair_inc 3815 prop_inc 32960 fast_inc 0 eta_inc 11920 multi_dec -0 quick_dec -185235 nack_dec -12450
268.8 flowid 88 Spurious 235
271.56 flowid 4 Spurious 303
283.63 flowid 26 Spurious 246
294.508 flowid 26 Spurious 251
294.939 flowid 139 Spurious 423
Flow Uec_27_155 flowId 139 uecSrc 138 finished at 295.585 total messages 1 total packets 490 RTS 0 total bytes 2002140 in_flight now 0 fair_inc 12595 prop_inc 13144 fast_inc 0 eta_inc 11920 multi_dec -0 quick_dec -0 nack_dec -0
295.784 flowid 153 Spurious 11
297.003 flowid 139 Spurious 428
Flow Uec_34_162 flowId 132 uecSrc 131 finished at 303.871 total messages 1 total packets 490 RTS 0 total bytes 2002140 in_flight now 0 fair_inc 2644 prop_inc 30100 fast_inc 0 eta_inc 10728 multi_dec -0 quick_dec -207254 nack_dec -12450
Flow Uec_242_114 flowId 109 uecSrc 108 finished at 304.306 total messages 1 total packets 490 RTS 0 total bytes 2002140 in_flight now 0 fair_inc 9361 prop_inc 38076 fast_inc 0 eta_inc 14304 multi_dec -78828 quick_dec -0 nack_dec -53950
Flow Uec_178_50 flowId 66 uecSrc 65 finished at 306.581 total messages 1 total packets 493 RTS 3 total bytes 2002140 in_flight now 0 fair_inc 4500 prop_inc 30661 fast_inc 0 eta_inc 13708 multi_dec -38951 quick_dec -0 nack_dec -37350
Flow Uec_255_127 flowId 54 uecSrc 53 finished at 309.185 total messages 1 total packets 490 RTS 0 total bytes 2002140 in_flight now 0 fair_inc 937 prop_inc 100783 fast_inc 0 eta_inc 14900 multi_dec -164661 quick_dec -0 nack_dec -0
310.674 flowid 52 Spurious 186
Flow Uec_190_62 flowId 208 uecSrc 207 finished at 313.453 total messages 1 total packets 490 RTS 0 total bytes 2002140 in_flight now 0 fair_inc 5653 prop_inc 28200 fast_inc 0 eta_inc 14900 multi_dec -87522 quick_dec -0 nack_dec -37350
Flow Uec_105_233 flowId 134 uecSrc 133 finished at 314.464 total messages 1 total packets 490 RTS 0 total bytes 2002140 in_flight now 0 fair_inc 3408 prop_inc 31099 fast_inc 0 eta_inc 14900 multi_dec -79042 quick_dec -0 nack_dec -49800
Flow Uec_234_106 flowId 137 uecSrc 136 finished at 317.263 total messages 1 total packets 490 RTS 0 total bytes 2002140 in_flight now 0 fair_inc 979 prop_inc 68365 fast_inc 0 eta_inc 14900 multi_dec -43908 quick_dec -0 nack_dec -95450
Flow Uec_203_75 flowId 162 uecSrc 161 finished at 317.929 total messages 1 total packets 490 RTS 0 total bytes 2002140 in_flight now 0 fair_inc 6279 prop_inc 20411 fast_inc 0 eta_inc 15496 multi_dec -85867 quick_dec -0 nack_dec -37350
Flow Uec_140_12 flowId 200 uecSrc 199 finished at 319.004 total messages 1 total packets 490 RTS 0 total bytes 2002140 in_flight now 0 fair_inc 19060 prop_inc 19104 fast_inc 0 eta_inc 14900 multi_dec -69406 quick_dec -0 nack_dec -49800
Flow Uec_106_234 flowId 181 uecSrc 180 finished at 319.919 total messages 1 total packets 490 RTS 0 total bytes 2002140 in_flight now 0 fair_inc 6320 prop_inc 27301 fast_inc 0 eta_inc 15496 multi_dec -81405 quick_dec -0 nack_dec -45650
Flow Uec_13_141 flowId 43 uecSrc 42 finished at 322.875 total messages 1 total packets 492 RTS 2 total bytes 2002140 in_flight now 0 fair_inc 6152 prop_inc 65050 fast_inc 0 eta_inc 11920 multi_dec -0 quick_dec -198084 nack_dec -33200
325.324 flowid 4 Spurious 396
325.993 flowid 4 Spurious 398
Flow Uec_192_64 flowId 211 uecSrc 210 finished at 326.498 total messages 1 total packets 490 RTS 0 total bytes 2002140 in_flight now 0 fair_inc 6548 prop_inc 28890 fast_inc 0 eta_inc 15496 multi_dec -76436 quick_dec -0 nack_dec -53950
Flow Uec_28_156 flowId 36 uecSrc 35 finished at 327.57 total messages 1 total packets 499 RTS 9 total bytes 2002140 in_flight now 0 fair_inc 9170 prop_inc 17508 fast_inc 0 eta_inc 15496 multi_dec -47033 quick_dec -0 nack_dec -0
327.745 flowid 4 Spurious 403
328.082 flowid 4 Spurious 404
328.113 flowid 43 Spurious 478
328.42 flowid 4 Spurious 405
Flow Uec_126_254 flowId 115 uecSrc 114 finished at 328.446 total messages 1 total packets 490 RTS 0 total bytes 2002140 in_flight now 0 fair_inc 7128 prop_inc 30641 fast_inc 0 eta_inc 15496 multi_dec -77425 quick_dec -0 nack_dec -53950
329.337 flowid 43 Spurious 467
329.41 flowid 4 Spurious 408
330.557 flowid 43 Spurious 482
Flow Uec_60_188 flowId 161 uecSrc 160 finished at 331.095 total messages 1 total packets 490 RTS 0 total bytes 2002140 in_flight now 0 fair_inc 4813 prop_inc 27823 fast_inc 0 eta_inc 15496 multi_dec -66042 quick_dec -0 nack_dec -62250
331.956 flowid 158 Spurious 2
Flow Uec_22_150 flowId 17 uecSrc 16 finished at 332.085 total messages 1 total packets 492 RTS 2 total bytes 2002140 in_flight now 0 fair_inc 10341 prop_inc 16545 fast_inc 0 eta_inc 15496 multi_dec -116307 quick_dec -0 nack_dec -0
Flow Uec_29_157 flowId 129 uecSrc 128 finished at 333.216 total messages 1 total packets 493 RTS 3 total bytes 2002140 in_flight now 0 fair_inc 8630 prop_inc 34141 fast_inc 1010 eta_inc 14900 multi_dec -0 quick_dec -175305 nack_dec -4150
Flow Uec_211_83 flowId 87 uecSrc 86 finished at 337.065 total messages 1 total packets 490 RTS 0 total bytes 2002140 in_flight now 0 fair_inc 5133 prop_inc 22189 fast_inc 0 eta_inc 16092 multi_dec -81205 quick_dec -0 nack_dec -49800
Flow Uec_121_249 flowId 143 uecSrc 142 finished at 339.719 total messages 1 total packets 490 RTS 0 total bytes 2002140 in_flight now 0 fair_inc 8035 prop_inc 36045 fast_inc 0 eta_inc 16092 multi_dec -116794 quick_dec -0 nack_dec -33200
Flow Uec_181_53 flowId 64 uecSrc 63 finished at 340.383 total messages 1 total packets 490 RTS 0 total bytes 2002140 in_flight now 0 fair_inc 1900 prop_inc 38785 fast_inc 0 eta_inc 16092 multi_dec -111168 quick_dec -0 nack_dec -37350
Flow Uec_128_0 flowId 6 uecSrc 5 finished at 341.363 total messages 1 total packets 490 RTS 0 total bytes 2002140 in_flight now 0 fair_inc 6008 prop_inc 40491 fast_inc 0 eta_inc 15496 multi_dec -79028 quick_dec -0 nack_dec -58100
Flow Uec_200_72 flowId 49 uecSrc 48 finished at 341.759 total messages 1 total packets 490 RTS 0 total bytes 2002140 in_flight now 0 fair_inc 3998 prop_inc 20951 fast_inc 0 eta_inc 16092 multi_dec -82367 quick_dec -0 nack_dec -49800
Flow Uec_92_220 flowId 127 uecSrc 126 finished at 343.114 total messages 1 total packets 490 RTS 0 total bytes 2002140 in_flight now 0 fair_inc 6977 prop_inc 18890 fast_inc 0 eta_inc 16092 multi_dec -72715 quick_dec -0 nack_dec -53950
343.372 flowid 84 Spurious 491
Flow Uec_146_18 flowId 81 uecSrc 80 finished at 343.89 total messages 1 total packets 490 RTS 0 total bytes 2002140 in_flight now 0 fair_inc 4288 prop_inc 45063 fast_inc 25743 eta_inc 16688 multi_dec -114074 quick_dec -0 nack_dec -37350
Flow Uec_194_66 flowId 167 uecSrc 166 finished at 344.423 total messages 1 total packets 490 RTS 0 total bytes 2002140 in_flight now 0 fair_inc 3367 prop_inc 43398 fast_inc 25743 eta_inc 16688 multi_dec -95322 quick_dec -0 nack_dec -53950
Flow Uec_84_212 flowId 27 uecSrc 26 finished at 345.474 total messages 1 total packets 490 RTS 0 total bytes 2002140 in_flight now 0 fair_inc 4601 prop_inc 21309 fast_inc 0 eta_inc 16092 multi_dec -64644 quick_dec -0 nack_dec -62250
Flow Uec_19_147 flowId 88 uecSrc 87 finished at 345.557 total messages 1 total packets 497 RTS 7 total bytes 2002140 in_flight now -128 fair_inc 25804 prop_inc 30261 fast_inc 0 eta_inc 16092 multi_dec -93309 quick_dec -0 nack_dec -8300
Flow Uec_17_145 flowId 33 uecSrc 32 finished at 345.972 total messages 1 total packets 493 RTS 3 total bytes 2002140 in_flight now 0 fair_inc 14178 prop_inc 60771 fast_inc 0 eta_inc 16092 multi_dec -158917 quick_dec -0 nack_dec -0
Flow Uec_24_152 flowId 84 uecSrc 83 finished at 346.08 total messages 1 total packets 495 RTS 5 total bytes 2002140 in_flight now 0 fair_inc 15286 prop_inc 19203 fast_inc 0 eta_inc 12516 multi_dec -0 quick_dec -180061 nack_dec -4150
Flow Uec_113_241 flowId 205 uecSrc 204 finished at 346.389 total messages 1 total packets 490 RTS 0 total bytes 2002140 in_flight now 0 fair_inc 7049 prop_inc 43464 fast_inc 0 eta_inc 16092 multi_dec -110933 quick_dec -0 nack_dec -41500
Flow Uec_218_90 flowId 61 uecSrc 60 finished at 346.806 total messages 1 total packets 490 RTS 0 total bytes 2002140 in_flight now 0 fair_inc 11385 prop_inc 30715 fast_inc 0 eta_inc 16092 multi_dec -75647 quick_dec -0 nack_dec -58100
Flow Uec_90_218 flowId 180 uecSrc 179 finished at 348.103 total messages 1 total packets 490 RTS 0 total bytes 2002140 in_flight now 0 fair_inc 21713 prop_inc 37226 fast_inc 0 eta_inc 16688 multi_dec -38898 quick_dec -0 nack_dec -107900
Flow Uec_129_1 flowId 72 uecSrc 71 finished at 348.79 total messages 1 total packets 491 RTS 1 total bytes 2002140 in_flight now 0 fair_inc 16847 prop_inc 42980 fast_inc 0 eta_inc 15496 multi_dec -122857 quick_dec -0 nack_dec -33200
Flow Uec_33_161 flowId 126 uecSrc 125 finished at 350.166 total messages 1 total packets 495 RTS 5 total bytes 2002140 in_flight now 0 fair_inc 7965 prop_inc 53338 fast_inc 1010 eta_inc 15496 multi_dec -0 quick_dec -147675 nack_dec -4150
Flow Uec_139_11 flowId 70 uecSrc 69 finished at 351.572 total messages 1 total packets 491 RTS 1 total bytes 2002140 in_flight now 0 fair_inc 1669 prop_inc 50165 fast_inc 0 eta_inc 15496 multi_dec -108661 quick_dec -0 nack_dec -29050
Flow Uec_59_187 flowId 213 uecSrc 212 finished at 352.068 total messages 1 total packets 490 RTS 0 total bytes 2002140 in_flight now 0 fair_inc 17453 prop_inc 36755 fast_inc 0 eta_inc 16688 multi_dec -104231 quick_dec -0 nack_dec -41500
Flow Uec_61_189 flowId 10 uecSrc 9 finished at 352.39 total messages 1 total packets 490 RTS 0 total bytes 2002140 in_flight now 0 fair_inc 11129 prop_inc 38401 fast_inc 0 eta_inc 16688 multi_dec -107534 quick_dec -0 nack_dec -37350
Flow Uec_108_236 flowId 128 uecSrc 127 finished at 353.425 total messages 1 total packets 490 RTS 0 total bytes 2002140 in_flight now 0 fair_inc 4188 prop_inc 48081 fast_inc 0 eta_inc 16688 multi_dec -93741 quick_dec -0 nack_dec -58100
Flow Uec_21_149 flowId 124 uecSrc 123 finished at 353.779 total messages 1 total packets 492 RTS 2 total bytes 2002140 in_flight now 0 fair_inc 17557 prop_inc 19179 fast_inc 0 eta_inc 16688 multi_dec -157623 quick_dec -0 nack_dec -4150
Flow Uec_26_154 flowId 4 uecSrc 3 finished at 354.542 total messages 1 total packets 497 RTS 7 total bytes 2002140 in_flight now -64 fair_inc 8335 prop_inc 22386 fast_inc 0 eta_inc 13708 multi_dec -0 quick_dec -109237 nack_dec -4150
Flow Uec_132_4 flowId 125 uecSrc 124 finished at 354.601 total messages 1 total packets 490 RTS 0 total bytes 2002140 in_flight now 0 fair_inc 4059 prop_inc 48790 fast_inc 0 eta_inc 16688 multi_dec -123710 quick_dec -0 nack_dec -29050
Flow Uec_193_65 flowId 155 uecSrc 154 finished at 354.845 total messages 1 total packets 490 RTS 0 total bytes 2002140 in_flight now 0 fair_inc 9938 prop_inc 63877 fast_inc 0 eta_inc 16688 multi_dec -134397 quick_dec -0 nack_dec -33200
Flow Uec_38_166 flowId 193 uecSrc 192 finished at 361.662 total messages 1 total packets 496 RTS 6 total bytes 2002140 in_flight now 0 fair_inc 11617 prop_inc 32066 fast_inc 0 eta_inc 17284 multi_dec -54596 quick_dec -0 nack_dec -4150
Flow Uec_65_193 flowId 78 uecSrc 77 finished at 362.059 total messages 1 total packets 490 RTS 0 total bytes 2002140 in_flight now 0 fair_inc 4442 prop_inc 43735 fast_inc 1499 eta_inc 17284 multi_dec -82881 quick_dec -0 nack_dec -66400
Flow Uec_35_163 flowId 203 uecSrc 202 finished at 367.46 total messages 1 total packets 496 RTS 6 total bytes 2002140 in_flight now -64 fair_inc 8958 prop_inc 32206 fast_inc 0 eta_inc 16688 multi_dec -62448 quick_dec -0 nack_dec -20750
367.605 flowid 102 Spurious 464
369.597 flowid 102 Spurious 470
Flow Uec_48_176 flowId 86 uecSrc 85 finished at 377.538 total messages 1 total packets 496 RTS 6 total bytes 2002140 in_flight now -64 fair_inc 1488 prop_inc 94422 fast_inc 0 eta_inc 13708 multi_dec -0 quick_dec -0 nack_dec -0
Flow Uec_39_167 flowId 102 uecSrc 101 finished at 381.057 total messages 1 total packets 497 RTS 7 total bytes 2002140 in_flight now 0 fair_inc 19265 prop_inc 32826 fast_inc 0 eta_inc 14900 multi_dec -0 quick_dec -136329 nack_dec -16600
Flow Uec_41_169 flowId 73 uecSrc 72 finished at 382.185 total messages 1 total packets 492 RTS 2 total bytes 2002140 in_flight now 0 fair_inc 34166 prop_inc 45146 fast_inc 0 eta_inc 17284 multi_dec -175080 quick_dec -0 nack_dec -12450
385.923 flowid 20 Spurious 460
Flow Uec_230_102 flowId 112 uecSrc 111 finished at 391.741 total messages 1 total packets 490 RTS 0 total bytes 2002140 in_flight now 0 fair_inc 10167 prop_inc 80509 fast_inc 0 eta_inc 18476 multi_dec -105511 quick_dec -0 nack_dec -62250
Flow Uec_11_139 flowId 197 uecSrc 196 finished at 393.41 total messages 1 total packets 496 RTS 6 total bytes 2002140 in_flight now 0 fair_inc 2353 prop_inc 53495 fast_inc 0 eta_inc 16092 multi_dec -0 quick_dec -139078 nack_dec -49800
Flow Uec_191_63 flowId 186 uecSrc 185 finished at 394.719 total messages 1 total packets 490 RTS 0 total bytes 2002140 in_flight now 0 fair_inc 7307 prop_inc 52765 fast_inc 0 eta_inc 17880 multi_dec -29748 quick_dec -0 nack_dec -136950
Flow Uec_91_219 flowId 21 uecSrc 20 finished at 403.842 total messages 1 total packets 490 RTS 0 total bytes 2002140 in_flight now 0 fair_inc 14270 prop_inc 70323 fast_inc 0 eta_inc 18476 multi_dec -76168 quick_dec -0 nack_dec -95450
Flow Uec_250_122 flowId 148 uecSrc 147 finished at 404.98 total messages 1 total packets 490 RTS 0 total bytes 2002140 in_flight now 0 fair_inc 15857 prop_inc 55533 fast_inc 0 eta_inc 18476 multi_dec -150400 quick_dec -0 nack_dec -37350
Flow Uec_97_225 flowId 96 uecSrc 95 finished at 405.779 total messages 1 total packets 490 RTS 0 total bytes 2002140 in_flight now 0 fair_inc 10723 prop_inc 24205 fast_inc 0 eta_inc 19072 multi_dec -48736 quick_dec -0 nack_dec -128650
Flow Uec_245_117 flowId 42 uecSrc 41 finished at 411.561 total messages 1 total packets 490 RTS 0 total bytes 2002140 in_flight now 0 fair_inc 13600 prop_inc 51689 fast_inc 0 eta_inc 19072 multi_dec -111168 quick_dec -0 nack_dec -70550
Flow Uec_118_246 flowId 97 uecSrc 96 finished at 415.515 total messages 1 total packets 490 RTS 0 total bytes 2002140 in_flight now 0 fair_inc 18365 prop_inc 20505 fast_inc 0 eta_inc 19668 multi_dec -30117 quick_dec -0 nack_dec -124500
420.486 flowid 52 Spurious 186
Flow Uec_188_60 flowId 119 uecSrc 118 finished at 427 total messages 1 total packets 490 RTS 0 total bytes 2002140 in_flight now 0 fair_inc 8068 prop_inc 71261 fast_inc 25744 eta_inc 18476 multi_dec -104278 quick_dec -0 nack_dec -78850
Flow Uec_130_2 flowId 8 uecSrc 7 finished at 440.779 total messages 1 total packets 490 RTS 0 total bytes 2002140 in_flight now 0 fair_inc 9333 prop_inc 113656 fast_inc 0 eta_inc 18476 multi_dec -173127 quick_dec -0 nack_dec -41500
Flow Uec_93_221 flowId 80 uecSrc 79 finished at 444.756 total messages 1 total packets 490 RTS 0 total bytes 2002140 in_flight now 0 fair_inc 25341 prop_inc 21524 fast_inc 0 eta_inc 20264 multi_dec -35023 quick_dec -0 nack_dec -141100
Flow Uec_1_129 flowId 20 uecSrc 19 finished at 445.703 total messages 1 total packets 501 RTS 11 total bytes 2002140 in_flight now 0 fair_inc 7096 prop_inc 46157 fast_inc 0 eta_inc 17880 multi_dec -2322 quick_dec -119044 nack_dec -16600
Flow Uec_154_26 flowId 41 uecSrc 40 finished at 447.816 total messages 1 total packets 490 RTS 0 total bytes 2002140 in_flight now 0 fair_inc 34559 prop_inc 21962 fast_inc 0 eta_inc 20264 multi_dec -94539 quick_dec -0 nack_dec -87150
Flow Uec_199_71 flowId 159 uecSrc 158 finished at 459.587 total messages 1 total packets 490 RTS 0 total bytes 2002140 in_flight now 0 fair_inc 20412 prop_inc 35207 fast_inc 0 eta_inc 21456 multi_dec -96032 quick_dec -0 nack_dec -91300
Flow Uec_238_110 flowId 189 uecSrc 188 finished at 464.491 total messages 1 total packets 490 RTS 0 total bytes 2002140 in_flight now 0 fair_inc 32976 prop_inc 13861 fast_inc 0 eta_inc 21456 multi_dec -72231 quick_dec -0 nack_dec -120350
Flow Uec_83_211 flowId 76 uecSrc 75 finished at 465.734 total messages 1 total packets 490 RTS 0 total bytes 2002140 in_flight now 0 fair_inc 14518 prop_inc 58220 fast_inc 0 eta_inc 20860 multi_dec -80944 quick_dec -0 nack_dec -99600
Flow Uec_15_143 flowId 136 uecSrc 135 finished at 469.214 total messages 1 total packets 492 RTS 2 total bytes 2002140 in_flight now 0 fair_inc 30650 prop_inc 46665 fast_inc 0 eta_inc 19668 multi_dec -170709 quick_dec -0 nack_dec -12450
Flow Uec_74_202 flowId 22 uecSrc 21 finished at 471.544 total messages 1 total packets 490 RTS 0 total bytes 2002140 in_flight now 0 fair_inc 16716 prop_inc 19372 fast_inc 0 eta_inc 20860 multi_dec -80895 quick_dec -0 nack_dec -99600
Flow Uec_225_97 flowId 67 uecSrc 66 finished at 472.108 total messages 1 total packets 490 RTS 0 total bytes 2002140 in_flight now 0 fair_inc 25749 prop_inc 38853 fast_inc 0 eta_inc 22052 multi_dec -87412 quick_dec -0 nack_dec -116200
Flow Uec_183_55 flowId 216 uecSrc 215 finished at 473.459 total messages 1 total packets 492 RTS 2 total bytes 2002140 in_flight now 0 fair_inc 17962 prop_inc 4983 fast_inc 0 eta_inc 19668 multi_dec -43582 quick_dec -0 nack_dec -62250
Flow Uec_109_237 flowId 5 uecSrc 4 finished at 476.742 total messages 1 total packets 490 RTS 0 total bytes 2002140 in_flight now 0 fair_inc 21582 prop_inc 12952 fast_inc 0 eta_inc 22052 multi_dec -62284 quick_dec -0 nack_dec -128650
Flow Uec_78_206 flowId 141 uecSrc 140 finished at 478.881 total messages 1 total packets 490 RTS 0 total bytes 2002140 in_flight now 0 fair_inc 27255 prop_inc 30946 fast_inc 0 eta_inc 21456 multi_dec -109398 quick_dec -0 nack_dec -78850
Flow Uec_98_226 flowId 194 uecSrc 193 finished at 483.118 total messages 1 total packets 490 RTS 0 total bytes 2002140 in_flight now 0 fair_inc 24641 prop_inc 15755 fast_inc 0 eta_inc 22648 multi_dec -86396 quick_dec -0 nack_dec -99600
Flow Uec_167_39 flowId 98 uecSrc 97 finished at 484.853 total messages 1 total packets 492 RTS 2 total bytes 2002140 in_flight now 0 fair_inc 17468 prop_inc 25047 fast_inc 0 eta_inc 22052 multi_dec -89706 quick_dec -0 nack_dec -83000
Flow Uec_123_251 flowId 99 uecSrc 98 finished at 485.003 total messages 1 total packets 490 RTS 0 total bytes 2002140 in_flight now 0 fair_inc 23834 prop_inc 49542 fast_inc 0 eta_inc 22648 multi_dec -97969 quick_dec -0 nack_dec -99600
Flow Uec_16_144 flowId 191 uecSrc 190 finished at 488.894 total messages 1 total packets 493 RTS 3 total bytes 2002140 in_flight now 0 fair_inc 18140 prop_inc 68988 fast_inc 0 eta_inc 21456 multi_dec -154265 quick_dec -0 nack_dec -4150
Flow Uec_173_45 flowId 212 uecSrc 211 finished at 491.827 total messages 1 total packets 492 RTS 2 total bytes 2002140 in_flight now 0 fair_inc 4156 prop_inc 40414 fast_inc 0 eta_inc 22052 multi_dec -54082 quick_dec -0 nack_dec -91300
Flow Uec_142_14 flowId 68 uecSrc 67 finished at 496.634 total messages 1 total packets 490 RTS 0 total bytes 2002140 in_flight now 0 fair_inc 39173 prop_inc 11091 fast_inc 0 eta_inc 23840 multi_dec -66526 quick_dec -0 nack_dec -124500
Flow Uec_240_112 flowId 123 uecSrc 122 finished at 499.327 total messages 1 total packets 490 RTS 0 total bytes 2002140 in_flight now 0 fair_inc 9670 prop_inc 134602 fast_inc 0 eta_inc 21456 multi_dec -107720 quick_dec --82 nack_dec -107900
Flow Uec_94_222 flowId 101 uecSrc 100 finished at 500.042 total messages 1 total packets 490 RTS 0 total bytes 2002140 in_flight now 0 fair_inc 16291 prop_inc 32627 fast_inc 0 eta_inc 23244 multi_dec -93940 quick_dec -0 nack_dec -103750
Flow Uec_235_107 flowId 16 uecSrc 15 finished at 501.349 total messages 1 total packets 490 RTS 0 total bytes 2002140 in_flight now 0 fair_inc 23592 prop_inc 20263 fast_inc 0 eta_inc 23244 multi_dec -9597 quick_dec -0 nack_dec -157700
Flow Uec_156_28 flowId 117 uecSrc 116 finished at 503.332 total messages 1 total packets 490 RTS 0 total bytes 2002140 in_flight now 0 fair_inc 34321 prop_inc 21396 fast_inc 0 eta_inc 22648 multi_dec -121154 quick_dec -0 nack_dec -95450
Flow Uec_148_20 flowId 18 uecSrc 17 finished at 507.323 total messages 1 total packets 491 RTS 1 total bytes 2002140 in_flight now 0 fair_inc 35509 prop_inc 32143 fast_inc 0 eta_inc 23244 multi_dec -100109 quick_dec -0 nack_dec -103750
Flow Uec_80_208 flowId 77 uecSrc 76 finished at 509.456 total messages 1 total packets 490 RTS 0 total bytes 2002140 in_flight now 0 fair_inc 4645 prop_inc 43031 fast_inc 0 eta_inc 22648 multi_dec -71119 quick_dec -0 nack_dec -116200
Flow Uec_248_120 flowId 3 uecSrc 2 finished at 509.916 total messages 1 total packets 490 RTS 0 total bytes 2002140 in_flight now 0 fair_inc 30568 prop_inc 24160 fast_inc 0 eta_inc 23244 multi_dec -21565 quick_dec -0 nack_dec -170150
Flow Uec_12_140 flowId 118 uecSrc 117 finished at 510.275 total messages 1 total packets 495 RTS 5 total bytes 2002140 in_flight now 0 fair_inc 26978 prop_inc 32792 fast_inc 0 eta_inc 20264 multi_dec -76612 quick_dec -0 nack_dec -20750
Flow Uec_120_248 flowId 151 uecSrc 150 finished at 514.283 total messages 1 total packets 490 RTS 0 total bytes 2002140 in_flight now 0 fair_inc 25018 prop_inc 66928 fast_inc 0 eta_inc 23840 multi_dec -124051 quick_dec -0 nack_dec -87150
Flow Uec_147_19 flowId 175 uecSrc 174 finished at 516.169 total messages 1 total packets 490 RTS 0 total bytes 2002140 in_flight now 0 fair_inc 37797 prop_inc 56833 fast_inc 0 eta_inc 19072 multi_dec -123014 quick_dec -0 nack_dec -95450
Flow Uec_102_230 flowId 11 uecSrc 10 finished at 518.052 total messages 1 total packets 490 RTS 0 total bytes 2002140 in_flight now 0 fair_inc 34505 prop_inc 9038 fast_inc 0 eta_inc 23840 multi_dec -62780 quick_dec -0 nack_dec -145250
Flow Uec_114_242 flowId 19 uecSrc 18 finished at 519.162 total messages 1 total packets 490 RTS 0 total bytes 2002140 in_flight now 0 fair_inc 34408 prop_inc 35348 fast_inc 0 eta_inc 23840 multi_dec -113847 quick_dec -0 nack_dec -83000
Flow Uec_31_159 flowId 182 uecSrc 181 finished at 520.331 total messages 1 total packets 497 RTS 7 total bytes 2002140 in_flight now 0 fair_inc 14778 prop_inc 118928 fast_inc 0 eta_inc 20264 multi_dec -94961 quick_dec -23726 nack_dec -4150
Flow Uec_42_170 flowId 150 uecSrc 149 finished at 525.028 total messages 1 total packets 493 RTS 3 total bytes 2002140 in_flight now 0 fair_inc 9640 prop_inc 124970 fast_inc 0 eta_inc 22052 multi_dec -205203 quick_dec -0 nack_dec -0
Flow Uec_45_173 flowId 209 uecSrc 208 finished at 527.342 total messages 1 total packets 502 RTS 12 total bytes 2002140 in_flight now -128 fair_inc 1957 prop_inc 79793 fast_inc 0 eta_inc 20860 multi_dec -0 quick_dec -0 nack_dec -0
Flow Uec_189_61 flowId 29 uecSrc 28 finished at 527.752 total messages 1 total packets 490 RTS 0 total bytes 2002140 in_flight now 0 fair_inc 22627 prop_inc 34307 fast_inc 0 eta_inc 24436 multi_dec -30750 quick_dec -0 nack_dec -161850
Flow Uec_9_137 flowId 185 uecSrc 184 finished at 530.679 total messages 1 total packets 509 RTS 19 total bytes 2002140 in_flight now -384 fair_inc 386 prop_inc 101304 fast_inc 0 eta_inc 22648 multi_dec -0 quick_dec -66681 nack_dec -12450
Flow Uec_82_210 flowId 79 uecSrc 78 finished at 531.914 total messages 1 total packets 490 RTS 0 total bytes 2002140 in_flight now 0 fair_inc 40275 prop_inc 70217 fast_inc 0 eta_inc 23244 multi_dec -133048 quick_dec -0 nack_dec -83000
Flow Uec_69_197 flowId 91 uecSrc 90 finished at 532.344 total messages 1 total packets 490 RTS 0 total bytes 2002140 in_flight now 0 fair_inc 44029 prop_inc 3466 fast_inc 0 eta_inc 24436 multi_dec -46727 quick_dec -0 nack_dec -161850
534.965 flowid 52 Spurious 186
Flow Uec_77_205 flowId 62 uecSrc 61 finished at 541.405 total messages 1 total packets 490 RTS 0 total bytes 2002140 in_flight now 0 fair_inc 24655 prop_inc 95397 fast_inc 0 eta_inc 23840 multi_dec -124516 quick_dec -0 nack_dec -91300
Flow Uec_252_124 flowId 12 uecSrc 11 finished at 541.41 total messages 1 total packets 490 RTS 0 total bytes 2002140 in_flight now 0 fair_inc 25799 prop_inc 33708 fast_inc 0 eta_inc 25032 multi_dec -96110 quick_dec -0 nack_dec -91300
Flow Uec_133_5 flowId 215 uecSrc 214 finished at 549.523 total messages 1 total packets 490 RTS 0 total bytes 2002140 in_flight now 0 fair_inc 19123 prop_inc 12299 fast_inc 0 eta_inc 25032 multi_dec -67179 quick_dec -0 nack_dec -141100
Flow Uec_112_240 flowId 188 uecSrc 187 finished at 554.156 total messages 1 total packets 490 RTS 0 total bytes 2002140 in_flight now 0 fair_inc 17613 prop_inc 8394 fast_inc 0 eta_inc 26224 multi_dec -26902 quick_dec -0 nack_dec -153550
Flow Uec_62_190 flowId 46 uecSrc 45 finished at 554.939 total messages 1 total packets 490 RTS 0 total bytes 2002140 in_flight now 0 fair_inc 29424 prop_inc 14412 fast_inc 0 eta_inc 23840 multi_dec -59491 quick_dec -0 nack_dec -149400
Flow Uec_196_68 flowId 201 uecSrc 200 finished at 555.489 total messages 1 total packets 490 RTS 0 total bytes 2002140 in_flight now 0 fair_inc 19344 prop_inc 89469 fast_inc 0 eta_inc 25628 multi_dec -183147 quick_dec -0 nack_dec -49800
Flow Uec_2_130 flowId 122 uecSrc 121 finished at 561.707 total messages 1 total packets 501 RTS 11 total bytes 2002140 in_flight now -64 fair_inc 14444 prop_inc 46668 fast_inc 1025 eta_inc 20264 multi_dec -24142 quick_dec -115027 nack_dec -20750
Flow Uec_226_98 flowId 89 uecSrc 88 finished at 565.694 total messages 1 total packets 490 RTS 0 total bytes 2002140 in_flight now 0 fair_inc 14310 prop_inc 42666 fast_inc 0 eta_inc 26224 multi_dec -120577 quick_dec -0 nack_dec -70550
Flow Uec_254_126 flowId 51 uecSrc 50 finished at 573.643 total messages 1 total packets 490 RTS 0 total bytes 2002140 in_flight now 0 fair_inc 15343 prop_inc 44661 fast_inc 44935 eta_inc 26224 multi_dec -107665 quick_dec -0 nack_dec -95450
Flow Uec_131_3 flowId 154 uecSrc 153 finished at 575.239 total messages 1 total packets 490 RTS 0 total bytes 2002140 in_flight now 0 fair_inc 15516 prop_inc 20927 fast_inc 0 eta_inc 25628 multi_dec -18869 quick_dec -0 nack_dec -157700
Flow Uec_5_133 flowId 202 uecSrc 201 finished at 577.533 total messages 1 total packets 498 RTS 8 total bytes 2002140 in_flight now -64 fair_inc 12810 prop_inc 58786 fast_inc 0 eta_inc 19072 multi_dec -0 quick_dec -123436 nack_dec -37350
Flow Uec_228_100 flowId 90 uecSrc 89 finished at 580.63 total messages 1 total packets 490 RTS 0 total bytes 2002140 in_flight now 0 fair_inc 15617 prop_inc 51493 fast_inc 0 eta_inc 26224 multi_dec -70447 quick_dec -0 nack_dec -120350
Flow Uec_150_22 flowId 116 uecSrc 115 finished at 586.411 total messages 1 total packets 490 RTS 0 total bytes 2002140 in_flight now 0 fair_inc 27935 prop_inc 14137 fast_inc 0 eta_inc 26224 multi_dec -98640 quick_dec -0 nack_dec -99600
Flow Uec_110_238 flowId 30 uecSrc 29 finished at 587.954 total messages 1 total packets 490 RTS 0 total bytes 2002140 in_flight now 0 fair_inc 18809 prop_inc 16271 fast_inc 0 eta_inc 27416 multi_dec -36885 quick_dec -0 nack_dec -157700
Flow Uec_127_255 flowId 108 uecSrc 107 finished at 589.093 total messages 1 total packets 490 RTS 0 total bytes 2002140 in_flight now 0 fair_inc 34014 prop_inc 15852 fast_inc 0 eta_inc 27416 multi_dec -59831 quick_dec -0 nack_dec -145250
Flow Uec_111_239 flowId 168 uecSrc 167 finished at 589.561 total messages 1 total packets 490 RTS 0 total bytes 2002140 in_flight now 0 fair_inc 29066 prop_inc 20126 fast_inc 0 eta_inc 27416 multi_dec -29269 quick_dec -0 nack_dec -174300
Flow Uec_96_224 flowId 47 uecSrc 46 finished at 590.282 total messages 1 total packets 490 RTS 0 total bytes 2002140 in_flight now 0 fair_inc 15676 prop_inc 145212 fast_inc 0 eta_inc 23244 multi_dec -151714 quick_dec -1101 nack_dec -95450
Flow Uec_6_134 flowId 83 uecSrc 82 finished at 594.867 total messages 1 total packets 508 RTS 18 total bytes 2002140 in_flight now -64 fair_inc 4409 prop_inc 116333 fast_inc 0 eta_inc 23244 multi_dec -0 quick_dec -101311 nack_dec -45650
Flow Uec_157_29 flowId 63 uecSrc 62 finished at 597.352 total messages 1 total packets 491 RTS 1 total bytes 2002140 in_flight now 0 fair_inc 42431 prop_inc 1696 fast_inc 0 eta_inc 26224 multi_dec -68344 quick_dec -0 nack_dec -145250
Flow Uec_169_41 flowId 147 uecSrc 146 finished at 598.275 total messages 1 total packets 490 RTS 0 total bytes 2002140 in_flight now 0 fair_inc 51753 prop_inc 14899 fast_inc 0 eta_inc 26820 multi_dec -104314 quick_dec -0 nack_dec -149400
Flow Uec_67_195 flowId 207 uecSrc 206 finished at 603.079 total messages 1 total packets 490 RTS 0 total bytes 2002140 in_flight now 0 fair_inc 5994 prop_inc 29803 fast_inc 0 eta_inc 26820 multi_dec -80500 quick_dec -0 nack_dec -103750
Flow Uec_171_43 flowId 111 uecSrc 110 finished at 604.153 total messages 1 total packets 490 RTS 0 total bytes 2002140 in_flight now 0 fair_inc 39227 prop_inc 901 fast_inc 0 eta_inc 26820 multi_dec -73230 quick_dec -0 nack_dec -153550
Flow Uec_184_56 flowId 35 uecSrc 34 finished at 611.939 total messages 1 total packets 490 RTS 0 total bytes 2002140 in_flight now 0 fair_inc 33047 prop_inc 73358 fast_inc 0 eta_inc 26820 multi_dec -84263 quick_dec -0 nack_dec -136950
Flow Uec_46_174 flowId 156 uecSrc 155 finished at 612.271 total messages 1 total packets 512 RTS 22 total bytes 2002140 in_flight now -128 fair_inc 2302 prop_inc 100912 fast_inc 0 eta_inc 25032 multi_dec -0 quick_dec -0 nack_dec -0
Flow Uec_170_42 flowId 15 uecSrc 14 finished at 615.025 total messages 1 total packets 491 RTS 1 total bytes 2002140 in_flight now 0 fair_inc 50393 prop_inc 15038 fast_inc 0 eta_inc 28012 multi_dec -90053 quick_dec -0 nack_dec -141100
Flow Uec_222_94 flowId 75 uecSrc 74 finished at 616.66 total messages 1 total packets 490 RTS 0 total bytes 2002140 in_flight now 0 fair_inc 29935 prop_inc 9137 fast_inc 0 eta_inc 28608 multi_dec -60735 quick_dec -0 nack_dec -145250
Flow Uec_229_101 flowId 9 uecSrc 8 finished at 617.114 total messages 1 total packets 490 RTS 0 total bytes 2002140 in_flight now 0 fair_inc 19967 prop_inc 27079 fast_inc 0 eta_inc 28608 multi_dec -116257 quick_dec -0 nack_dec -99600
Flow Uec_81_209 flowId 56 uecSrc 55 finished at 618.523 total messages 1 total packets 490 RTS 0 total bytes 2002140 in_flight now 0 fair_inc 31328 prop_inc 16339 fast_inc 0 eta_inc 28608 multi_dec -11673 quick_dec -0 nack_dec -178450
Flow Uec_237_109 flowId 28 uecSrc 27 finished at 622.418 total messages 1 total packets 490 RTS 0 total bytes 2002140 in_flight now 0 fair_inc 39188 prop_inc 30409 fast_inc 0 eta_inc 25032 multi_dec -79277 quick_dec -0 nack_dec -128650
Flow Uec_44_172 flowId 37 uecSrc 36 finished at 624.272 total messages 1 total packets 507 RTS 17 total bytes 2002140 in_flight now -128 fair_inc 2683 prop_inc 155767 fast_inc 0 eta_inc 22648 multi_dec -0 quick_dec -93030 nack_dec -16600
Flow Uec_135_7 flowId 7 uecSrc 6 finished at 628.374 total messages 1 total packets 492 RTS 2 total bytes 2002140 in_flight now 0 fair_inc 39144 prop_inc 27863 fast_inc 0 eta_inc 28608 multi_dec -60365 quick_dec -0 nack_dec -107900
Flow Uec_163_35 flowId 45 uecSrc 44 finished at 628.521 total messages 1 total packets 493 RTS 3 total bytes 2002140 in_flight now 0 fair_inc 20915 prop_inc 22576 fast_inc 0 eta_inc 21456 multi_dec -76745 quick_dec -0 nack_dec -99600
Flow Uec_217_89 flowId 39 uecSrc 38 finished at 628.552 total messages 1 total packets 490 RTS 0 total bytes 2002140 in_flight now 0 fair_inc 36967 prop_inc 2959 fast_inc 0 eta_inc 28012 multi_dec -50106 quick_dec -0 nack_dec -166000
Flow Uec_136_8 flowId 138 uecSrc 137 finished at 629.55 total messages 1 total packets 491 RTS 1 total bytes 2002140 in_flight now 0 fair_inc 26030 prop_inc 34276 fast_inc 0 eta_inc 28608 multi_dec -86281 quick_dec -0 nack_dec -120350
Flow Uec_174_46 flowId 187 uecSrc 186 finished at 630.406 total messages 1 total packets 492 RTS 2 total bytes 2002140 in_flight now 0 fair_inc 28577 prop_inc 20319 fast_inc 0 eta_inc 28608 multi_dec -27012 quick_dec -0 nack_dec -141100
Flow Uec_64_192 flowId 69 uecSrc 68 finished at 633.915 total messages 1 total packets 490 RTS 0 total bytes 2002140 in_flight now 0 fair_inc 14630 prop_inc 48673 fast_inc 0 eta_inc 21456 multi_dec -45000 quick_dec -0 nack_dec -153550
Flow Uec_70_198 flowId 184 uecSrc 183 finished at 635.12 total messages 1 total packets 490 RTS 0 total bytes 2002140 in_flight now 0 fair_inc 23483 prop_inc 25276 fast_inc 0 eta_inc 28012 multi_dec -94837 quick_dec -0 nack_dec -103750
Flow Uec_104_232 flowId 135 uecSrc 134 finished at 642.042 total messages 1 total packets 490 RTS 0 total bytes 2002140 in_flight now 0 fair_inc 53298 prop_inc 43662 fast_inc 0 eta_inc 26820 multi_dec -114002 quick_dec -0 nack_dec -116200
Flow Uec_241_113 flowId 152 uecSrc 151 finished at 647.237 total messages 1 total packets 490 RTS 0 total bytes 2002140 in_flight now 0 fair_inc 45500 prop_inc 35621 fast_inc 0 eta_inc 21456 multi_dec -73952 quick_dec -0 nack_dec -149400
649.565 flowid 52 Spurious 186
Flow Uec_117_245 flowId 110 uecSrc 109 finished at 650.009 total messages 1 total packets 490 RTS 0 total bytes 2002140 in_flight now 0 fair_inc 27092 prop_inc 29462 fast_inc 0 eta_inc 28608 multi_dec -88280 quick_dec -0 nack_dec -141100
Flow Uec_115_243 flowId 53 uecSrc 52 finished at 650.973 total messages 1 total packets 490 RTS 0 total bytes 2002140 in_flight now 0 fair_inc 25947 prop_inc 52106 fast_inc 0 eta_inc 25032 multi_dec -123370 quick_dec -0 nack_dec -91300
Flow Uec_219_91 flowId 192 uecSrc 191 finished at 652.145 total messages 1 total packets 490 RTS 0 total bytes 2002140 in_flight now 0 fair_inc 63360 prop_inc 5060 fast_inc 0 eta_inc 30396 multi_dec -100677 quick_dec -0 nack_dec -141100
Flow Uec_155_27 flowId 133 uecSrc 132 finished at 655.437 total messages 1 total packets 491 RTS 1 total bytes 2002140 in_flight now 0 fair_inc 35010 prop_inc 29656 fast_inc 0 eta_inc 26820 multi_dec -85812 quick_dec -0 nack_dec -141100
Flow Uec_239_111 flowId 82 uecSrc 81 finished at 661.631 total messages 1 total packets 490 RTS 0 total bytes 2002140 in_flight now 0 fair_inc 47081 prop_inc 44700 fast_inc 0 eta_inc 28608 multi_dec -141018 quick_dec -0 nack_dec -128650
Flow Uec_125_253 flowId 214 uecSrc 213 finished at 664.114 total messages 1 total packets 490 RTS 0 total bytes 2002140 in_flight now 0 fair_inc 47922 prop_inc 31100 fast_inc 0 eta_inc 29204 multi_dec -127841 quick_dec -0 nack_dec -99600
Flow Uec_197_69 flowId 14 uecSrc 13 finished at 664.512 total messages 1 total packets 490 RTS 0 total bytes 2002140 in_flight now 0 fair_inc 35579 prop_inc 13877 fast_inc 0 eta_inc 30396 multi_dec -78127 quick_dec -0 nack_dec -141100
Flow Uec_236_108 flowId 218 uecSrc 217 finished at 666.822 total messages 1 total packets 490 RTS 0 total bytes 2002140 in_flight now 0 fair_inc 33643 prop_inc 43180 fast_inc 0 eta_inc 30396 multi_dec -79241 quick_dec -0 nack_dec -145250
Flow Uec_202_74 flowId 25 uecSrc 24 finished at 671.306 total messages 1 total packets 490 RTS 0 total bytes 2002140 in_flight now 0 fair_inc 26040 prop_inc 8498 fast_inc 0 eta_inc 30992 multi_dec -58922 quick_dec -0 nack_dec -149400
Flow Uec_214_86 flowId 190 uecSrc 189 finished at 672.254 total messages 1 total packets 490 RTS 0 total bytes 2002140 in_flight now 0 fair_inc 35504 prop_inc 19191 fast_inc 0 eta_inc 29800 multi_dec -93521 quick_dec -0 nack_dec -124500
Flow Uec_124_252 flowId 160 uecSrc 159 finished at 674.804 total messages 1 total packets 490 RTS 0 total bytes 2002140 in_flight now 0 fair_inc 32589 prop_inc 36711 fast_inc 0 eta_inc 29800 multi_dec -100368 quick_dec -0 nack_dec -128650
Flow Uec_205_77 flowId 114 uecSrc 113 finished at 677.686 total messages 1 total packets 490 RTS 0 total bytes 2002140 in_flight now 0 fair_inc 31049 prop_inc 25527 fast_inc 0 eta_inc 31588 multi_dec -92797 quick_dec -0 nack_dec -132800
Flow Uec_209_81 flowId 23 uecSrc 22 finished at 677.816 total messages 1 total packets 490 RTS 0 total bytes 2002140 in_flight now 0 fair_inc 36672 prop_inc 9023 fast_inc 0 eta_inc 30992 multi_dec -30609 quick_dec -0 nack_dec -178450
Flow Uec_116_244 flowId 164 uecSrc 163 finished at 679.157 total messages 1 total packets 490 RTS 0 total bytes 2002140 in_flight now 0 fair_inc 46421 prop_inc 67906 fast_inc 0 eta_inc 23840 multi_dec -115128 quick_dec -0 nack_dec -120350
Flow Uec_152_24 flowId 92 uecSrc 91 finished at 688.597 total messages 1 total packets 491 RTS 1 total bytes 2002140 in_flight now 0 fair_inc 55766 prop_inc 53590 fast_inc 0 eta_inc 25032 multi_dec -149206 quick_dec -0 nack_dec -91300
Flow Uec_224_96 flowId 58 uecSrc 57 finished at 689.006 total messages 1 total packets 490 RTS 0 total bytes 2002140 in_flight now 0 fair_inc 35173 prop_inc 9812 fast_inc 0 eta_inc 31588 multi_dec -42802 quick_dec -0 nack_dec -166000
Flow Uec_187_59 flowId 59 uecSrc 58 finished at 691.122 total messages 1 total packets 490 RTS 0 total bytes 2002140 in_flight now 0 fair_inc 29570 prop_inc 73188 fast_inc 146973 eta_inc 28012 multi_dec -154484 quick_dec --2088 nack_dec -103750
Flow Uec_100_228 flowId 1 uecSrc 0 finished at 692.673 total messages 1 total packets 490 RTS 0 total bytes 2002140 in_flight now 0 fair_inc 40969 prop_inc 57799 fast_inc 82317 eta_inc 30992 multi_dec -141333 quick_dec -0 nack_dec -107900
Flow Uec_0_128 flowId 44 uecSrc 43 finished at 694.589 total messages 1 total packets 503 RTS 13 total bytes 2002140 in_flight now 0 fair_inc 11560 prop_inc 51641 fast_inc 1010 eta_inc 22052 multi_dec -0 quick_dec -90021 nack_dec -45650
Flow Uec_52_180 flowId 100 uecSrc 99 finished at 698.253 total messages 1 total packets 490 RTS 0 total bytes 2002140 in_flight now 0 fair_inc 38541 prop_inc 45685 fast_inc 119693 eta_inc 29204 multi_dec -108191 quick_dec -0 nack_dec -141100
Flow Uec_221_93 flowId 196 uecSrc 195 finished at 700.148 total messages 1 total packets 490 RTS 0 total bytes 2002140 in_flight now 0 fair_inc 45926 prop_inc 19657 fast_inc 0 eta_inc 31588 multi_dec -85212 quick_dec -0 nack_dec -157700
Flow Uec_76_204 flowId 179 uecSrc 178 finished at 703.858 total messages 1 total packets 490 RTS 0 total bytes 2002140 in_flight now 0 fair_inc 33826 prop_inc 65057 fast_inc 0 eta_inc 30396 multi_dec -146705 quick_dec -0 nack_dec -91300
Flow Uec_137_9 flowId 93 uecSrc 92 finished at 705.038 total messages 1 total packets 491 RTS 1 total bytes 2002140 in_flight now 0 fair_inc 25567 prop_inc 79302 fast_inc 5051 eta_inc 30992 multi_dec -119891 quick_dec -0 nack_dec -83000
Flow Uec_162_34 flowId 57 uecSrc 56 finished at 706.291 total messages 1 total packets 490 RTS 0 total bytes 2002140 in_flight now 0 fair_inc 51162 prop_inc 73798 fast_inc 0 eta_inc 29800 multi_dec -143845 quick_dec -0 nack_dec -112050
Flow Uec_232_104 flowId 32 uecSrc 31 finished at 708.047 total messages 1 total packets 490 RTS 0 total bytes 2002140 in_flight now 0 fair_inc 69467 prop_inc 64319 fast_inc 0 eta_inc 24436 multi_dec -38378 quick_dec -43110 nack_dec -161850
Flow Uec_243_115 flowId 106 uecSrc 105 finished at 743.561 total messages 1 total packets 490 RTS 0 total bytes 2002140 in_flight now 0 fair_inc 39121 prop_inc 53130 fast_inc 118686 eta_inc 26820 multi_dec -134453 quick_dec -0 nack_dec -136950
Flow Uec_208_80 flowId 144 uecSrc 143 finished at 747.099 total messages 1 total packets 490 RTS 0 total bytes 2002140 in_flight now 0 fair_inc 31246 prop_inc 21289 fast_inc 0 eta_inc 33972 multi_dec -74538 quick_dec -0 nack_dec -153550
Flow Uec_141_13 flowId 107 uecSrc 106 finished at 751.168 total messages 1 total packets 491 RTS 1 total bytes 2002140 in_flight now 0 fair_inc 22133 prop_inc 40770 fast_inc 0 eta_inc 31588 multi_dec -120526 quick_dec -0 nack_dec -112050
764.165 flowid 52 Spurious 186
Flow Uec_151_23 flowId 95 uecSrc 94 finished at 766.727 total messages 1 total packets 490 RTS 0 total bytes 2002140 in_flight now 0 fair_inc 46844 prop_inc 31486 fast_inc 0 eta_inc 25628 multi_dec -3096 quick_dec -1836 nack_dec -195050
Flow Uec_223_95 flowId 195 uecSrc 194 finished at 768.061 total messages 1 total packets 490 RTS 0 total bytes 2002140 in_flight now 0 fair_inc 42165 prop_inc 29907 fast_inc 0 eta_inc 33376 multi_dec -128569 quick_dec -0 nack_dec -128650
Flow Uec_207_79 flowId 103 uecSrc 102 finished at 784.12 total messages 1 total packets 490 RTS 0 total bytes 2002140 in_flight now 0 fair_inc 35100 prop_inc 36334 fast_inc 0 eta_inc 30992 multi_dec -27425 quick_dec -9839 nack_dec -190900
Flow Uec_212_84 flowId 31 uecSrc 30 finished at 794.017 total messages 1 total packets 490 RTS 0 total bytes 2002140 in_flight now 0 fair_inc 37662 prop_inc 42263 fast_inc 0 eta_inc 33376 multi_dec -136797 quick_dec -0 nack_dec -112050
Flow Uec_165_37 flowId 157 uecSrc 156 finished at 801.482 total messages 1 total packets 490 RTS 0 total bytes 2002140 in_flight now 0 fair_inc 35809 prop_inc 45004 fast_inc 0 eta_inc 29204 multi_dec -122418 quick_dec -0 nack_dec -112050
Flow Uec_143_15 flowId 206 uecSrc 205 finished at 810.084 total messages 1 total packets 490 RTS 0 total bytes 2002140 in_flight now 0 fair_inc 51960 prop_inc 45424 fast_inc 0 eta_inc 26820 multi_dec -26935 quick_dec -105425 nack_dec -124500
Flow Uec_220_92 flowId 173 uecSrc 172 finished at 818.652 total messages 1 total packets 490 RTS 0 total bytes 2002140 in_flight now 0 fair_inc 32234 prop_inc 59075 fast_inc 0 eta_inc 34568 multi_dec -92564 quick_dec -0 nack_dec -157700
Flow Uec_215_87 flowId 178 uecSrc 177 finished at 826.999 total messages 1 total packets 490 RTS 0 total bytes 2002140 in_flight now 0 fair_inc 41438 prop_inc 76383 fast_inc 0 eta_inc 28608 multi_dec -117851 quick_dec -1197 nack_dec -128650
Flow Uec_144_16 flowId 2 uecSrc 1 finished at 843.244 total messages 1 total packets 490 RTS 0 total bytes 2002140 in_flight now 0 fair_inc 46470 prop_inc 59983 fast_inc 0 eta_inc 25628 multi_dec -22971 quick_dec -76365 nack_dec -120350
Flow Uec_164_36 flowId 199 uecSrc 198 finished at 844.24 total messages 1 total packets 490 RTS 0 total bytes 2002140 in_flight now 0 fair_inc 25380 prop_inc 58312 fast_inc 63123 eta_inc 35760 multi_dec -101915 quick_dec --1049 nack_dec -136950
Flow Uec_206_78 flowId 71 uecSrc 70 finished at 858.718 total messages 1 total packets 490 RTS 0 total bytes 2002140 in_flight now 0 fair_inc 44046 prop_inc 66665 fast_inc 60091 eta_inc 33972 multi_dec -107405 quick_dec -660 nack_dec -153550
Flow Uec_210_82 flowId 105 uecSrc 104 finished at 876.423 total messages 1 total packets 490 RTS 0 total bytes 2002140 in_flight now 0 fair_inc 40397 prop_inc 97459 fast_inc 0 eta_inc 31588 multi_dec -116948 quick_dec -720 nack_dec -141100
Flow Uec_213_85 flowId 172 uecSrc 171 finished at 877.822 total messages 1 total packets 490 RTS 0 total bytes 2002140 in_flight now 0 fair_inc 33432 prop_inc 90627 fast_inc 0 eta_inc 32184 multi_dec -105286 quick_dec -1942 nack_dec -153550
Flow Uec_176_48 flowId 145 uecSrc 144 finished at 919.644 total messages 1 total packets 491 RTS 1 total bytes 2002140 in_flight now 0 fair_inc 36668 prop_inc 706 fast_inc 0 eta_inc 39336 multi_dec -107065 quick_dec -0 nack_dec -128650
Flow Uec_95_223 flowId 13 uecSrc 12 finished at 992.226 total messages 1 total packets 490 RTS 0 total bytes 2002140 in_flight now 0 fair_inc 62196 prop_inc 551 fast_inc 0 eta_inc 28012 multi_dec -72140 quick_dec -0 nack_dec -190900
Flow Uec_175_47 flowId 174 uecSrc 173 finished at 995.634 total messages 1 total packets 491 RTS 1 total bytes 2002140 in_flight now 0 fair_inc 41416 prop_inc 2133 fast_inc 0 eta_inc 43508 multi_dec -109817 quick_dec -0 nack_dec -161850
1011.32 flowid 52 Spurious 489
1011.65 flowid 52 Spurious 490
1011.99 flowid 52 Spurious 491
1012.32 flowid 52 Spurious 492
1012.48 flowid 52 Spurious 493
Flow Uec_161_33 flowId 121 uecSrc 120 finished at 1032.82 total messages 1 total packets 490 RTS 0 total bytes 2002140 in_flight now 0 fair_inc 78548 prop_inc 2142 fast_inc 0 eta_inc 30396 multi_dec -52078 quick_dec -40677 nack_dec -166000
Flow Uec_159_31 flowId 130 uecSrc 129 finished at 1041.28 total messages 1 total packets 492 RTS 2 total bytes 2002140 in_flight now 0 fair_inc 45758 prop_inc 4761 fast_inc 0 eta_inc 36952 multi_dec -129342 quick_dec -1401 nack_dec -116200
Flow Uec_168_40 flowId 50 uecSrc 49 finished at 1083.17 total messages 1 total packets 490 RTS 0 total bytes 2002140 in_flight now 0 fair_inc 87179 prop_inc 17882 fast_inc 0 eta_inc 39932 multi_dec -86972 quick_dec -22885 nack_dec -186750
Flow Uec_79_207 flowId 113 uecSrc 112 finished at 1087.67 total messages 1 total packets 490 RTS 0 total bytes 2002140 in_flight now 0 fair_inc 78795 prop_inc 1534 fast_inc 0 eta_inc 40528 multi_dec -138099 quick_dec -0 nack_dec -170150
Flow Uec_160_32 flowId 210 uecSrc 209 finished at 1108.99 total messages 1 total packets 490 RTS 0 total bytes 2002140 in_flight now 0 fair_inc 51592 prop_inc 41398 fast_inc 0 eta_inc 36356 multi_dec -113067 quick_dec --2452 nack_dec -149400
1125.92 flowid 52 Spurious 489
1126.25 flowid 52 Spurious 490
1126.59 flowid 52 Spurious 491
1126.92 flowid 52 Spurious 492
1127.08 flowid 52 Spurious 493
Flow Uec_7_135 flowId 120 uecSrc 119 finished at 1145.88 total messages 1 total packets 511 RTS 21 total bytes 2002140 in_flight now -64 fair_inc 2130 prop_inc 122326 fast_inc 1010 eta_inc 28608 multi_dec -0 quick_dec -62119 nack_dec -24900
Flow Uec_86_214 flowId 60 uecSrc 59 finished at 1179.62 total messages 1 total packets 490 RTS 0 total bytes 2002140 in_flight now 0 fair_inc 95986 prop_inc 3523 fast_inc 0 eta_inc 33376 multi_dec -86132 quick_dec -99501 nack_dec -157700
Flow Uec_89_217 flowId 204 uecSrc 203 finished at 1198.22 total messages 1 total packets 490 RTS 0 total bytes 2002140 in_flight now 0 fair_inc 58202 prop_inc 3068 fast_inc 0 eta_inc 38144 multi_dec -54281 quick_dec -37697 nack_dec -186750
Flow Uec_172_44 flowId 153 uecSrc 152 finished at 1217.96 total messages 1 total packets 490 RTS 0 total bytes 2002140 in_flight now 0 fair_inc 14242 prop_inc 83443 fast_inc 10103 eta_inc 29800 multi_dec -1328 quick_dec -128141 nack_dec -136950
1240.52 flowid 52 Spurious 489
1240.85 flowid 52 Spurious 490
1241.19 flowid 52 Spurious 491
Flow Uec_88_216 flowId 198 uecSrc 197 finished at 1241.27 total messages 1 total packets 490 RTS 0 total bytes 2002140 in_flight now 0 fair_inc 81938 prop_inc 20188 fast_inc 0 eta_inc 37548 multi_dec -97169 quick_dec -42164 nack_dec -178450
1241.52 flowid 52 Spurious 492
1241.68 flowid 52 Spurious 493
Flow Uec_182_54 flowId 52 uecSrc 51 finished at 1246.55 total messages 1 total packets 494 RTS 4 total bytes 2002140 in_flight now 0 fair_inc 0 prop_inc 27998 fast_inc 234388 eta_inc 10132 multi_dec -0 quick_dec -144665 nack_dec -8300
Flow Uec_72_200 flowId 74 uecSrc 73 finished at 1272.97 total messages 1 total packets 490 RTS 0 total bytes 2002140 in_flight now 0 fair_inc 46245 prop_inc 42511 fast_inc 0 eta_inc 48276 multi_dec -140309 quick_dec -2481 nack_dec -136950
Flow Uec_85_213 flowId 65 uecSrc 64 finished at 1298.67 total messages 1 total packets 490 RTS 0 total bytes 2002140 in_flight now 0 fair_inc 56345 prop_inc 49289 fast_inc 0 eta_inc 37548 multi_dec -90611 quick_dec -21217 nack_dec -195050
Flow Uec_73_201 flowId 171 uecSrc 170 finished at 1346.07 total messages 1 total packets 490 RTS 0 total bytes 2002140 in_flight now 0 fair_inc 42114 prop_inc 61713 fast_inc 81308 eta_inc 46488 multi_dec -126898 quick_dec --1497 nack_dec -153550
Flow Uec_4_132 flowId 26 uecSrc 25 finished at 1752.36 total messages 1 total packets 507 RTS 17 total bytes 2002140 in_flight now -192 fair_inc 9521 prop_inc 127806 fast_inc 5065 eta_inc 32184 multi_dec -0 quick_dec -136498 nack_dec -45650
1819.92 flowid 131 Spurious 138
3834.88 flowid 131 Spurious 254
4614.19 flowid 142 Spurious 148
5395.64 flowid 158 Spurious 130
5953.92 flowid 176 Spurious 175
6192.66 flowid 131 Spurious 379
7372.55 flowid 142 Spurious 239
7810.28 flowid 158 Spurious 187
8583.46 flowid 140 Spurious 162
8897.07 flowid 176 Spurious 264
8902.86 flowid 158 Spurious 214
Flow Uec_49_177 flowId 131 uecSrc 130 finished at 9505.54 total messages 1 total packets 552 RTS 62 total bytes 2002140 in_flight now -1216 fair_inc 0 prop_inc 576739 fast_inc 0 eta_inc 141848 multi_dec -0 quick_dec -152809 nack_dec -45650
9685.15 flowid 176 Spurious 285
10227.7 flowid 176 Spurious 311
12613.4 flowid 142 Spurious 401
12622 flowid 142 Spurious 404
13113.2 flowid 140 Spurious 258
13374.4 flowid 176 Spurious 409
13534.5 flowid 140 Spurious 270
15529.9 flowid 142 Spurious 498
15855.3 flowid 176 Spurious 509
17070.5 flowid 142 Spurious 541
17087.1 flowid 142 Spurious 544
Flow Uec_55_183 flowId 142 uecSrc 141 finished at 17638.3 total messages 1 total packets 569 RTS 79 total bytes 2002140 in_flight now -2816 fair_inc 4147 prop_inc 632502 fast_inc 7070 eta_inc 192508 multi_dec -0 quick_dec -156023 nack_dec -45650
Flow Uec_50_178 flowId 176 uecSrc 175 finished at 17693.7 total messages 1 total packets 556 RTS 66 total bytes 2002140 in_flight now -2048 fair_inc 813 prop_inc 574531 fast_inc 48482 eta_inc 163900 multi_dec -0 quick_dec --16600 nack_dec -20750
Flow Uec_51_179 flowId 158 uecSrc 157 finished at 21108.2 total messages 1 total packets 588 RTS 98 total bytes 2002140 in_flight now -2944 fair_inc 20344 prop_inc 773116 fast_inc 0 eta_inc 197276 multi_dec -0 quick_dec -153463 nack_dec -45650
Flow Uec_54_182 flowId 140 uecSrc 139 finished at 28711.4 total messages 1 total packets 592 RTS 102 total bytes 2002140 in_flight now -4224 fair_inc 0 prop_inc 816039 fast_inc 32974 eta_inc 216944 multi_dec -0 quick_dec -183543 nack_dec -20750
.Done
New: 106820 Rtx: 8405 RTS: 712 Bounced: 0 ACKs: 86165 NACKs: 4422 Pulls: 0 sleek_pkts: 0
