traffic matrix input file: connection_matrices/load_sweep/load0.75_n256_seed3.cm
Load balancing algorithm set to reps
no_of_nodes 256
Dragonfly+ strategy: FPAR
Setting queuesize to 50 packets
endtime(us) 100000
random seed 3
Packet size (MTU) is 4150
Parsed args
Logging to reps_dfp_results/reps_final_sweep/load0.75_reps_seed3.dat
Loading connection matrix from connection_matrices/load_sweep/load0.75_n256_seed3.cm
Nodes: 256 Connections: 192 Triggers: 0 Failures: 0
Setting ECN low 33200 high 120350
Dragonfly+ with medium topology type
Link latencies: 1 and switch latencies: 0
queue_id 2 ecn_low 33200 ecn_high 120350
DragonFly+ constructor done, 392 nodes created
Note: topology supports 392 hosts; 136 host port(s) will be unused.
network_max_unloaded_rtt 11.6856 us
Setting min RTO to 114.6
Per-hop RTT normalization: ON (strategy fpar)
Initializing static NSCC parameters: _reference_network_linkspeed=100000000000 _reference_network_rtt=12000000 _reference_network_bdp=150000 _target_Qdelay=8764200 _network_linkspeed=100000000000 _network_rtt=11685600 _network_bdp=146070 _qa_gate=2^3 _qa_threshold=3.50568e+07 _scaling_factor_a=0.9738 _scaling_factor_b=0.73035 _alpha=0.00132632 _fi=19894.7 _eta=596.842 _qa_scaling=1 _gamma=0.8 _fi_scale=0.24345 _delay_alpha=0.0125 _adjust_period_threshold=11685600 _adjust_bytes_threshold=33200
Initialize per-instance NSCC parameters: flowid 1 _base_rtt=11685600 _base_bdp=146070 _bdp=146070 _min_cwnd=4150 _maxwnd=219105 _cwnd=219105
Initialize per-instance NSCC parameters: flowid 2 _base_rtt=11685600 _base_bdp=146070 _bdp=146070 _min_cwnd=4150 _maxwnd=219105 _cwnd=219105
Initialize per-instance NSCC parameters: flowid 3 _base_rtt=11685600 _base_bdp=146070 _bdp=146070 _min_cwnd=4150 _maxwnd=219105 _cwnd=219105
Initialize per-instance NSCC parameters: flowid 4 _base_rtt=11685600 _base_bdp=146070 _bdp=146070 _min_cwnd=4150 _maxwnd=219105 _cwnd=219105
Initialize per-instance NSCC parameters: flowid 5 _base_rtt=11685600 _base_bdp=146070 _bdp=146070 _min_cwnd=4150 _maxwnd=219105 _cwnd=219105
Initialize per-instance NSCC parameters: flowid 6 _base_rtt=11685600 _base_bdp=146070 _bdp=146070 _min_cwnd=4150 _maxwnd=219105 _cwnd=219105
Initialize per-instance NSCC parameters: flowid 7 _base_rtt=11685600 _base_bdp=146070 _bdp=146070 _min_cwnd=4150 _maxwnd=219105 _cwnd=219105
Initialize per-instance NSCC parameters: flowid 8 _base_rtt=11685600 _base_bdp=146070 _bdp=146070 _min_cwnd=4150 _maxwnd=219105 _cwnd=219105
Initialize per-instance NSCC parameters: flowid 9 _base_rtt=11685600 _base_bdp=146070 _bdp=146070 _min_cwnd=4150 _maxwnd=219105 _cwnd=219105
Initialize per-instance NSCC parameters: flowid 10 _base_rtt=11685600 _base_bdp=146070 _bdp=146070 _min_cwnd=4150 _maxwnd=219105 _cwnd=219105
Initialize per-instance NSCC parameters: flowid 11 _base_rtt=11685600 _base_bdp=146070 _bdp=146070 _min_cwnd=4150 _maxwnd=219105 _cwnd=219105
Initialize per-instance NSCC parameters: flowid 12 _base_rtt=11685600 _base_bdp=146070 _bdp=146070 _min_cwnd=4150 _maxwnd=219105 _cwnd=219105
Initialize per-instance NSCC parameters: flowid 13 _base_rtt=11685600 _base_bdp=146070 _bdp=146070 _min_cwnd=4150 _maxwnd=219105 _cwnd=219105
Initialize per-instance NSCC parameters: flowid 14 _base_rtt=11685600 _base_bdp=146070 _bdp=146070 _min_cwnd=4150 _maxwnd=219105 _cwnd=219105
Initialize per-instance NSCC parameters: flowid 15 _base_rtt=11685600 _base_bdp=146070 _bdp=146070 _min_cwnd=4150 _maxwnd=219105 _cwnd=219105
Initialize per-instance NSCC parameters: flowid 16 _base_rtt=11685600 _base_bdp=146070 _bdp=146070 _min_cwnd=4150 _maxwnd=219105 _cwnd=219105
Initialize per-instance NSCC parameters: flowid 17 _base_rtt=11685600 _base_bdp=146070 _bdp=146070 _min_cwnd=4150 _maxwnd=219105 _cwnd=219105
Initialize per-instance NSCC parameters: flowid 18 _base_rtt=11685600 _base_bdp=146070 _bdp=146070 _min_cwnd=4150 _maxwnd=219105 _cwnd=219105
Initialize per-instance NSCC parameters: flowid 19 _base_rtt=11685600 _base_bdp=146070 _bdp=146070 _min_cwnd=4150 _maxwnd=219105 _cwnd=219105
Initialize per-instance NSCC parameters: flowid 20 _base_rtt=11685600 _base_bdp=146070 _bdp=146070 _min_cwnd=4150 _maxwnd=219105 _cwnd=219105
Initialize per-instance NSCC parameters: flowid 21 _base_rtt=11685600 _base_bdp=146070 _bdp=146070 _min_cwnd=4150 _maxwnd=219105 _cwnd=219105
Initialize per-instance NSCC parameters: flowid 22 _base_rtt=11685600 _base_bdp=146070 _bdp=146070 _min_cwnd=4150 _maxwnd=219105 _cwnd=219105
Initialize per-instance NSCC parameters: flowid 23 _base_rtt=11685600 _base_bdp=146070 _bdp=146070 _min_cwnd=4150 _maxwnd=219105 _cwnd=219105
Initialize per-instance NSCC parameters: flowid 24 _base_rtt=11685600 _base_bdp=146070 _bdp=146070 _min_cwnd=4150 _maxwnd=219105 _cwnd=219105
Initialize per-instance NSCC parameters: flowid 25 _base_rtt=11685600 _base_bdp=146070 _bdp=146070 _min_cwnd=4150 _maxwnd=219105 _cwnd=219105
Initialize per-instance NSCC parameters: flowid 26 _base_rtt=11685600 _base_bdp=146070 _bdp=146070 _min_cwnd=4150 _maxwnd=219105 _cwnd=219105
Initialize per-instance NSCC parameters: flowid 27 _base_rtt=11685600 _base_bdp=146070 _bdp=146070 _min_cwnd=4150 _maxwnd=219105 _cwnd=219105
Initialize per-instance NSCC parameters: flowid 28 _base_rtt=11685600 _base_bdp=146070 _bdp=146070 _min_cwnd=4150 _maxwnd=219105 _cwnd=219105
Initialize per-instance NSCC parameters: flowid 29 _base_rtt=11685600 _base_bdp=146070 _bdp=146070 _min_cwnd=4150 _maxwnd=219105 _cwnd=219105
Initialize per-instance NSCC parameters: flowid 30 _base_rtt=11685600 _base_bdp=146070 _bdp=146070 _min_cwnd=4150 _maxwnd=219105 _cwnd=219105
Initialize per-instance NSCC parameters: flowid 31 _base_rtt=11685600 _base_bdp=146070 _bdp=146070 _min_cwnd=4150 _maxwnd=219105 _cwnd=219105
Initialize per-instance NSCC parameters: flowid 32 _base_rtt=11685600 _base_bdp=146070 _bdp=146070 _min_cwnd=4150 _maxwnd=219105 _cwnd=219105
Initialize per-instance NSCC parameters: flowid 33 _base_rtt=11685600 _base_bdp=146070 _bdp=146070 _min_cwnd=4150 _maxwnd=219105 _cwnd=219105
Initialize per-instance NSCC parameters: flowid 34 _base_rtt=11685600 _base_bdp=146070 _bdp=146070 _min_cwnd=4150 _maxwnd=219105 _cwnd=219105
Initialize per-instance NSCC parameters: flowid 35 _base_rtt=11685600 _base_bdp=146070 _bdp=146070 _min_cwnd=4150 _maxwnd=219105 _cwnd=219105
Initialize per-instance NSCC parameters: flowid 36 _base_rtt=11685600 _base_bdp=146070 _bdp=146070 _min_cwnd=4150 _maxwnd=219105 _cwnd=219105
Initialize per-instance NSCC parameters: flowid 37 _base_rtt=11685600 _base_bdp=146070 _bdp=146070 _min_cwnd=4150 _maxwnd=219105 _cwnd=219105
Initialize per-instance NSCC parameters: flowid 38 _base_rtt=11685600 _base_bdp=146070 _bdp=146070 _min_cwnd=4150 _maxwnd=219105 _cwnd=219105
Initialize per-instance NSCC parameters: flowid 39 _base_rtt=11685600 _base_bdp=146070 _bdp=146070 _min_cwnd=4150 _maxwnd=219105 _cwnd=219105
Initialize per-instance NSCC parameters: flowid 40 _base_rtt=11685600 _base_bdp=146070 _bdp=146070 _min_cwnd=4150 _maxwnd=219105 _cwnd=219105
Initialize per-instance NSCC parameters: flowid 41 _base_rtt=11685600 _base_bdp=146070 _bdp=146070 _min_cwnd=4150 _maxwnd=219105 _cwnd=219105
Initialize per-instance NSCC parameters: flowid 42 _base_rtt=11685600 _base_bdp=146070 _bdp=146070 _min_cwnd=4150 _maxwnd=219105 _cwnd=219105
Initialize per-instance NSCC parameters: flowid 43 _base_rtt=11685600 _base_bdp=146070 _bdp=146070 _min_cwnd=4150 _maxwnd=219105 _cwnd=219105
Initialize per-instance NSCC parameters: flowid 44 _base_rtt=11685600 _base_bdp=146070 _bdp=146070 _min_cwnd=4150 _maxwnd=219105 _cwnd=219105
Initialize per-instance NSCC parameters: flowid 45 _base_rtt=11685600 _base_bdp=146070 _bdp=146070 _min_cwnd=4150 _maxwnd=219105 _cwnd=219105
Initialize per-instance NSCC parameters: flowid 46 _base_rtt=11685600 _base_bdp=146070 _bdp=146070 _min_cwnd=4150 _maxwnd=219105 _cwnd=219105
Initialize per-instance NSCC parameters: flowid 47 _base_rtt=11685600 _base_bdp=146070 _bdp=146070 _min_cwnd=4150 _maxwnd=219105 _cwnd=219105
Initialize per-instance NSCC parameters: flowid 48 _base_rtt=11685600 _base_bdp=146070 _bdp=146070 _min_cwnd=4150 _maxwnd=219105 _cwnd=219105
Initialize per-instance NSCC parameters: flowid 49 _base_rtt=11685600 _base_bdp=146070 _bdp=146070 _min_cwnd=4150 _maxwnd=219105 _cwnd=219105
Initialize per-instance NSCC parameters: flowid 50 _base_rtt=11685600 _base_bdp=146070 _bdp=146070 _min_cwnd=4150 _maxwnd=219105 _cwnd=219105
Initialize per-instance NSCC parameters: flowid 51 _base_rtt=11685600 _base_bdp=146070 _bdp=146070 _min_cwnd=4150 _maxwnd=219105 _cwnd=219105
Initialize per-instance NSCC parameters: flowid 52 _base_rtt=11685600 _base_bdp=146070 _bdp=146070 _min_cwnd=4150 _maxwnd=219105 _cwnd=219105
Initialize per-instance NSCC parameters: flowid 53 _base_rtt=11685600 _base_bdp=146070 _bdp=146070 _min_cwnd=4150 _maxwnd=219105 _cwnd=219105
Initialize per-instance NSCC parameters: flowid 54 _base_rtt=11685600 _base_bdp=146070 _bdp=146070 _min_cwnd=4150 _maxwnd=219105 _cwnd=219105
Initialize per-instance NSCC parameters: flowid 55 _base_rtt=11685600 _base_bdp=146070 _bdp=146070 _min_cwnd=4150 _maxwnd=219105 _cwnd=219105
Initialize per-instance NSCC parameters: flowid 56 _base_rtt=11685600 _base_bdp=146070 _bdp=146070 _min_cwnd=4150 _maxwnd=219105 _cwnd=219105
Initialize per-instance NSCC parameters: flowid 57 _base_rtt=11685600 _base_bdp=146070 _bdp=146070 _min_cwnd=4150 _maxwnd=219105 _cwnd=219105
Initialize per-instance NSCC parameters: flowid 58 _base_rtt=11685600 _base_bdp=146070 _bdp=146070 _min_cwnd=4150 _maxwnd=219105 _cwnd=219105
Initialize per-instance NSCC parameters: flowid 59 _base_rtt=11685600 _base_bdp=146070 _bdp=146070 _min_cwnd=4150 _maxwnd=219105 _cwnd=219105
Initialize per-instance NSCC parameters: flowid 60 _base_rtt=11685600 _base_bdp=146070 _bdp=146070 _min_cwnd=4150 _maxwnd=219105 _cwnd=219105
Initialize per-instance NSCC parameters: flowid 61 _base_rtt=11685600 _base_bdp=146070 _bdp=146070 _min_cwnd=4150 _maxwnd=219105 _cwnd=219105
Initialize per-instance NSCC parameters: flowid 62 _base_rtt=11685600 _base_bdp=146070 _bdp=146070 _min_cwnd=4150 _maxwnd=219105 _cwnd=219105
Initialize per-instance NSCC parameters: flowid 63 _base_rtt=11685600 _base_bdp=146070 _bdp=146070 _min_cwnd=4150 _maxwnd=219105 _cwnd=219105
Initialize per-instance NSCC parameters: flowid 64 _base_rtt=11685600 _base_bdp=146070 _bdp=146070 _min_cwnd=4150 _maxwnd=219105 _cwnd=219105
Initialize per-instance NSCC parameters: flowid 65 _base_rtt=11685600 _base_bdp=146070 _bdp=146070 _min_cwnd=4150 _maxwnd=219105 _cwnd=219105
Initialize per-instance NSCC parameters: flowid 66 _base_rtt=11685600 _base_bdp=146070 _bdp=146070 _min_cwnd=4150 _maxwnd=219105 _cwnd=219105
Initialize per-instance NSCC parameters: flowid 67 _base_rtt=11685600 _base_bdp=146070 _bdp=146070 _min_cwnd=4150 _maxwnd=219105 _cwnd=219105
Initialize per-instance NSCC parameters: flowid 68 _base_rtt=11685600 _base_bdp=146070 _bdp=146070 _min_cwnd=4150 _maxwnd=219105 _cwnd=219105
Initialize per-instance NSCC parameters: flowid 69 _base_rtt=11685600 _base_bdp=146070 _bdp=146070 _min_cwnd=4150 _maxwnd=219105 _cwnd=219105
Initialize per-instance NSCC parameters: flowid 70 _base_rtt=11685600 _base_bdp=146070 _bdp=146070 _min_cwnd=4150 _maxwnd=219105 _cwnd=219105
Initialize per-instance NSCC parameters: flowid 71 _base_rtt=11685600 _base_bdp=146070 _bdp=146070 _min_cwnd=4150 _maxwnd=219105 _cwnd=219105
Initialize per-instance NSCC parameters: flowid 72 _base_rtt=11685600 _base_bdp=146070 _bdp=146070 _min_cwnd=4150 _maxwnd=219105 _cwnd=219105
Initialize per-instance NSCC parameters: flowid 73 _base_rtt=11685600 _base_bdp=146070 _bdp=146070 _min_cwnd=4150 _maxwnd=219105 _cwnd=219105
Initialize per-instance NSCC parameters: flowid 74 _base_rtt=11685600 _base_bdp=146070 _bdp=146070 _min_cwnd=4150 _maxwnd=219105 _cwnd=219105
Initialize per-instance NSCC parameters: flowid 75 _base_rtt=11685600 _base_bdp=146070 _bdp=146070 _min_cwnd=4150 _maxwnd=219105 _cwnd=219105
Initialize per-instance NSCC parameters: flowid 76 _base_rtt=11685600 _base_bdp=146070 _bdp=146070 _min_cwnd=4150 _maxwnd=219105 _cwnd=219105
Initialize per-instance NSCC parameters: flowid 77 _base_rtt=11685600 _base_bdp=146070 _bdp=146070 _min_cwnd=4150 _maxwnd=219105 _cwnd=219105
Initialize per-instance NSCC parameters: flowid 78 _base_rtt=11685600 _base_bdp=146070 _bdp=146070 _min_cwnd=4150 _maxwnd=219105 _cwnd=219105
Initialize per-instance NSCC parameters: flowid 79 _base_rtt=11685600 _base_bdp=146070 _bdp=146070 _min_cwnd=4150 _maxwnd=219105 _cwnd=219105
Initialize per-instance NSCC parameters: flowid 80 _base_rtt=11685600 _base_bdp=146070 _bdp=146070 _min_cwnd=4150 _maxwnd=219105 _cwnd=219105
Initialize per-instance NSCC parameters: flowid 81 _base_rtt=11685600 _base_bdp=146070 _bdp=146070 _min_cwnd=4150 _maxwnd=219105 _cwnd=219105
Initialize per-instance NSCC parameters: flowid 82 _base_rtt=11685600 _base_bdp=146070 _bdp=146070 _min_cwnd=4150 _maxwnd=219105 _cwnd=219105
Initialize per-instance NSCC parameters: flowid 83 _base_rtt=11685600 _base_bdp=146070 _bdp=146070 _min_cwnd=4150 _maxwnd=219105 _cwnd=219105
Initialize per-instance NSCC parameters: flowid 84 _base_rtt=11685600 _base_bdp=146070 _bdp=146070 _min_cwnd=4150 _maxwnd=219105 _cwnd=219105
Initialize per-instance NSCC parameters: flowid 85 _base_rtt=11685600 _base_bdp=146070 _bdp=146070 _min_cwnd=4150 _maxwnd=219105 _cwnd=219105
Initialize per-instance NSCC parameters: flowid 86 _base_rtt=11685600 _base_bdp=146070 _bdp=146070 _min_cwnd=4150 _maxwnd=219105 _cwnd=219105
Initialize per-instance NSCC parameters: flowid 87 _base_rtt=11685600 _base_bdp=146070 _bdp=146070 _min_cwnd=4150 _maxwnd=219105 _cwnd=219105
Initialize per-instance NSCC parameters: flowid 88 _base_rtt=11685600 _base_bdp=146070 _bdp=146070 _min_cwnd=4150 _maxwnd=219105 _cwnd=219105
Initialize per-instance NSCC parameters: flowid 89 _base_rtt=11685600 _base_bdp=146070 _bdp=146070 _min_cwnd=4150 _maxwnd=219105 _cwnd=219105
Initialize per-instance NSCC parameters: flowid 90 _base_rtt=11685600 _base_bdp=146070 _bdp=146070 _min_cwnd=4150 _maxwnd=219105 _cwnd=219105
Initialize per-instance NSCC parameters: flowid 91 _base_rtt=11685600 _base_bdp=146070 _bdp=146070 _min_cwnd=4150 _maxwnd=219105 _cwnd=219105
Initialize per-instance NSCC parameters: flowid 92 _base_rtt=11685600 _base_bdp=146070 _bdp=146070 _min_cwnd=4150 _maxwnd=219105 _cwnd=219105
Initialize per-instance NSCC parameters: flowid 93 _base_rtt=11685600 _base_bdp=146070 _bdp=146070 _min_cwnd=4150 _maxwnd=219105 _cwnd=219105
Initialize per-instance NSCC parameters: flowid 94 _base_rtt=11685600 _base_bdp=146070 _bdp=146070 _min_cwnd=4150 _maxwnd=219105 _cwnd=219105
Initialize per-instance NSCC parameters: flowid 95 _base_rtt=11685600 _base_bdp=146070 _bdp=146070 _min_cwnd=4150 _maxwnd=219105 _cwnd=219105
Initialize per-instance NSCC parameters: flowid 96 _base_rtt=11685600 _base_bdp=146070 _bdp=146070 _min_cwnd=4150 _maxwnd=219105 _cwnd=219105
Initialize per-instance NSCC parameters: flowid 97 _base_rtt=11685600 _base_bdp=146070 _bdp=146070 _min_cwnd=4150 _maxwnd=219105 _cwnd=219105
Initialize per-instance NSCC parameters: flowid 98 _base_rtt=11685600 _base_bdp=146070 _bdp=146070 _min_cwnd=4150 _maxwnd=219105 _cwnd=219105
Initialize per-instance NSCC parameters: flowid 99 _base_rtt=11685600 _base_bdp=146070 _bdp=146070 _min_cwnd=4150 _maxwnd=219105 _cwnd=219105
Initialize per-instance NSCC parameters: flowid 100 _base_rtt=11685600 _base_bdp=146070 _bdp=146070 _min_cwnd=4150 _maxwnd=219105 _cwnd=219105
Initialize per-instance NSCC parameters: flowid 101 _base_rtt=11685600 _base_bdp=146070 _bdp=146070 _min_cwnd=4150 _maxwnd=219105 _cwnd=219105
Initialize per-instance NSCC parameters: flowid 102 _base_rtt=11685600 _base_bdp=146070 _bdp=146070 _min_cwnd=4150 _maxwnd=219105 _cwnd=219105
Initialize per-instance NSCC parameters: flowid 103 _base_rtt=11685600 _base_bdp=146070 _bdp=146070 _min_cwnd=4150 _maxwnd=219105 _cwnd=219105
Initialize per-instance NSCC parameters: flowid 104 _base_rtt=11685600 _base_bdp=146070 _bdp=146070 _min_cwnd=4150 _maxwnd=219105 _cwnd=219105
Initialize per-instance NSCC parameters: flowid 105 _base_rtt=11685600 _base_bdp=146070 _bdp=146070 _min_cwnd=4150 _maxwnd=219105 _cwnd=219105
Initialize per-instance NSCC parameters: flowid 106 _base_rtt=11685600 _base_bdp=146070 _bdp=146070 _min_cwnd=4150 _maxwnd=219105 _cwnd=219105
Initialize per-instance NSCC parameters: flowid 107 _base_rtt=11685600 _base_bdp=146070 _bdp=146070 _min_cwnd=4150 _maxwnd=219105 _cwnd=219105
Initialize per-instance NSCC parameters: flowid 108 _base_rtt=11685600 _base_bdp=146070 _bdp=146070 _min_cwnd=4150 _maxwnd=219105 _cwnd=219105
Initialize per-instance NSCC parameters: flowid 109 _base_rtt=11685600 _base_bdp=146070 _bdp=146070 _min_cwnd=4150 _maxwnd=219105 _cwnd=219105
Initialize per-instance NSCC parameters: flowid 110 _base_rtt=11685600 _base_bdp=146070 _bdp=146070 _min_cwnd=4150 _maxwnd=219105 _cwnd=219105
Initialize per-instance NSCC parameters: flowid 111 _base_rtt=11685600 _base_bdp=146070 _bdp=146070 _min_cwnd=4150 _maxwnd=219105 _cwnd=219105
Initialize per-instance NSCC parameters: flowid 112 _base_rtt=11685600 _base_bdp=146070 _bdp=146070 _min_cwnd=4150 _maxwnd=219105 _cwnd=219105
Initialize per-instance NSCC parameters: flowid 113 _base_rtt=11685600 _base_bdp=146070 _bdp=146070 _min_cwnd=4150 _maxwnd=219105 _cwnd=219105
Initialize per-instance NSCC parameters: flowid 114 _base_rtt=11685600 _base_bdp=146070 _bdp=146070 _min_cwnd=4150 _maxwnd=219105 _cwnd=219105
Initialize per-instance NSCC parameters: flowid 115 _base_rtt=11685600 _base_bdp=146070 _bdp=146070 _min_cwnd=4150 _maxwnd=219105 _cwnd=219105
Initialize per-instance NSCC parameters: flowid 116 _base_rtt=11685600 _base_bdp=146070 _bdp=146070 _min_cwnd=4150 _maxwnd=219105 _cwnd=219105
Initialize per-instance NSCC parameters: flowid 117 _base_rtt=11685600 _base_bdp=146070 _bdp=146070 _min_cwnd=4150 _maxwnd=219105 _cwnd=219105
Initialize per-instance NSCC parameters: flowid 118 _base_rtt=11685600 _base_bdp=146070 _bdp=146070 _min_cwnd=4150 _maxwnd=219105 _cwnd=219105
Initialize per-instance NSCC parameters: flowid 119 _base_rtt=11685600 _base_bdp=146070 _bdp=146070 _min_cwnd=4150 _maxwnd=219105 _cwnd=219105
Initialize per-instance NSCC parameters: flowid 120 _base_rtt=11685600 _base_bdp=146070 _bdp=146070 _min_cwnd=4150 _maxwnd=219105 _cwnd=219105
Initialize per-instance NSCC parameters: flowid 121 _base_rtt=11685600 _base_bdp=146070 _bdp=146070 _min_cwnd=4150 _maxwnd=219105 _cwnd=219105
Initialize per-instance NSCC parameters: flowid 122 _base_rtt=11685600 _base_bdp=146070 _bdp=146070 _min_cwnd=4150 _maxwnd=219105 _cwnd=219105
Initialize per-instance NSCC parameters: flowid 123 _base_rtt=11685600 _base_bdp=146070 _bdp=146070 _min_cwnd=4150 _maxwnd=219105 _cwnd=219105
Initialize per-instance NSCC parameters: flowid 124 _base_rtt=11685600 _base_bdp=146070 _bdp=146070 _min_cwnd=4150 _maxwnd=219105 _cwnd=219105
Initialize per-instance NSCC parameters: flowid 125 _base_rtt=11685600 _base_bdp=146070 _bdp=146070 _min_cwnd=4150 _maxwnd=219105 _cwnd=219105
Initialize per-instance NSCC parameters: flowid 126 _base_rtt=11685600 _base_bdp=146070 _bdp=146070 _min_cwnd=4150 _maxwnd=219105 _cwnd=219105
Initialize per-instance NSCC parameters: flowid 127 _base_rtt=11685600 _base_bdp=146070 _bdp=146070 _min_cwnd=4150 _maxwnd=219105 _cwnd=219105
Initialize per-instance NSCC parameters: flowid 128 _base_rtt=11685600 _base_bdp=146070 _bdp=146070 _min_cwnd=4150 _maxwnd=219105 _cwnd=219105
Initialize per-instance NSCC parameters: flowid 129 _base_rtt=11685600 _base_bdp=146070 _bdp=146070 _min_cwnd=4150 _maxwnd=219105 _cwnd=219105
Initialize per-instance NSCC parameters: flowid 130 _base_rtt=11685600 _base_bdp=146070 _bdp=146070 _min_cwnd=4150 _maxwnd=219105 _cwnd=219105
Initialize per-instance NSCC parameters: flowid 131 _base_rtt=11685600 _base_bdp=146070 _bdp=146070 _min_cwnd=4150 _maxwnd=219105 _cwnd=219105
Initialize per-instance NSCC parameters: flowid 132 _base_rtt=11685600 _base_bdp=146070 _bdp=146070 _min_cwnd=4150 _maxwnd=219105 _cwnd=219105
Initialize per-instance NSCC parameters: flowid 133 _base_rtt=11685600 _base_bdp=146070 _bdp=146070 _min_cwnd=4150 _maxwnd=219105 _cwnd=219105
Initialize per-instance NSCC parameters: flowid 134 _base_rtt=11685600 _base_bdp=146070 _bdp=146070 _min_cwnd=4150 _maxwnd=219105 _cwnd=219105
Initialize per-instance NSCC parameters: flowid 135 _base_rtt=11685600 _base_bdp=146070 _bdp=146070 _min_cwnd=4150 _maxwnd=219105 _cwnd=219105
Initialize per-instance NSCC parameters: flowid 136 _base_rtt=11685600 _base_bdp=146070 _bdp=146070 _min_cwnd=4150 _maxwnd=219105 _cwnd=219105
Initialize per-instance NSCC parameters: flowid 137 _base_rtt=11685600 _base_bdp=146070 _bdp=146070 _min_cwnd=4150 _maxwnd=219105 _cwnd=219105
Initialize per-instance NSCC parameters: flowid 138 _base_rtt=11685600 _base_bdp=146070 _bdp=146070 _min_cwnd=4150 _maxwnd=219105 _cwnd=219105
Initialize per-instance NSCC parameters: flowid 139 _base_rtt=11685600 _base_bdp=146070 _bdp=146070 _min_cwnd=4150 _maxwnd=219105 _cwnd=219105
Initialize per-instance NSCC parameters: flowid 140 _base_rtt=11685600 _base_bdp=146070 _bdp=146070 _min_cwnd=4150 _maxwnd=219105 _cwnd=219105
Initialize per-instance NSCC parameters: flowid 141 _base_rtt=11685600 _base_bdp=146070 _bdp=146070 _min_cwnd=4150 _maxwnd=219105 _cwnd=219105
Initialize per-instance NSCC parameters: flowid 142 _base_rtt=11685600 _base_bdp=146070 _bdp=146070 _min_cwnd=4150 _maxwnd=219105 _cwnd=219105
Initialize per-instance NSCC parameters: flowid 143 _base_rtt=11685600 _base_bdp=146070 _bdp=146070 _min_cwnd=4150 _maxwnd=219105 _cwnd=219105
Initialize per-instance NSCC parameters: flowid 144 _base_rtt=11685600 _base_bdp=146070 _bdp=146070 _min_cwnd=4150 _maxwnd=219105 _cwnd=219105
Initialize per-instance NSCC parameters: flowid 145 _base_rtt=11685600 _base_bdp=146070 _bdp=146070 _min_cwnd=4150 _maxwnd=219105 _cwnd=219105
Initialize per-instance NSCC parameters: flowid 146 _base_rtt=11685600 _base_bdp=146070 _bdp=146070 _min_cwnd=4150 _maxwnd=219105 _cwnd=219105
Initialize per-instance NSCC parameters: flowid 147 _base_rtt=11685600 _base_bdp=146070 _bdp=146070 _min_cwnd=4150 _maxwnd=219105 _cwnd=219105
Initialize per-instance NSCC parameters: flowid 148 _base_rtt=11685600 _base_bdp=146070 _bdp=146070 _min_cwnd=4150 _maxwnd=219105 _cwnd=219105
Initialize per-instance NSCC parameters: flowid 149 _base_rtt=11685600 _base_bdp=146070 _bdp=146070 _min_cwnd=4150 _maxwnd=219105 _cwnd=219105
Initialize per-instance NSCC parameters: flowid 150 _base_rtt=11685600 _base_bdp=146070 _bdp=146070 _min_cwnd=4150 _maxwnd=219105 _cwnd=219105
Initialize per-instance NSCC parameters: flowid 151 _base_rtt=11685600 _base_bdp=146070 _bdp=146070 _min_cwnd=4150 _maxwnd=219105 _cwnd=219105
Initialize per-instance NSCC parameters: flowid 152 _base_rtt=11685600 _base_bdp=146070 _bdp=146070 _min_cwnd=4150 _maxwnd=219105 _cwnd=219105
Initialize per-instance NSCC parameters: flowid 153 _base_rtt=11685600 _base_bdp=146070 _bdp=146070 _min_cwnd=4150 _maxwnd=219105 _cwnd=219105
Initialize per-instance NSCC parameters: flowid 154 _base_rtt=11685600 _base_bdp=146070 _bdp=146070 _min_cwnd=4150 _maxwnd=219105 _cwnd=219105
Initialize per-instance NSCC parameters: flowid 155 _base_rtt=11685600 _base_bdp=146070 _bdp=146070 _min_cwnd=4150 _maxwnd=219105 _cwnd=219105
Initialize per-instance NSCC parameters: flowid 156 _base_rtt=11685600 _base_bdp=146070 _bdp=146070 _min_cwnd=4150 _maxwnd=219105 _cwnd=219105
Initialize per-instance NSCC parameters: flowid 157 _base_rtt=11685600 _base_bdp=146070 _bdp=146070 _min_cwnd=4150 _maxwnd=219105 _cwnd=219105
Initialize per-instance NSCC parameters: flowid 158 _base_rtt=11685600 _base_bdp=146070 _bdp=146070 _min_cwnd=4150 _maxwnd=219105 _cwnd=219105
Initialize per-instance NSCC parameters: flowid 159 _base_rtt=11685600 _base_bdp=146070 _bdp=146070 _min_cwnd=4150 _maxwnd=219105 _cwnd=219105
Initialize per-instance NSCC parameters: flowid 160 _base_rtt=11685600 _base_bdp=146070 _bdp=146070 _min_cwnd=4150 _maxwnd=219105 _cwnd=219105
Initialize per-instance NSCC parameters: flowid 161 _base_rtt=11685600 _base_bdp=146070 _bdp=146070 _min_cwnd=4150 _maxwnd=219105 _cwnd=219105
Initialize per-instance NSCC parameters: flowid 162 _base_rtt=11685600 _base_bdp=146070 _bdp=146070 _min_cwnd=4150 _maxwnd=219105 _cwnd=219105
Initialize per-instance NSCC parameters: flowid 163 _base_rtt=11685600 _base_bdp=146070 _bdp=146070 _min_cwnd=4150 _maxwnd=219105 _cwnd=219105
Initialize per-instance NSCC parameters: flowid 164 _base_rtt=11685600 _base_bdp=146070 _bdp=146070 _min_cwnd=4150 _maxwnd=219105 _cwnd=219105
Initialize per-instance NSCC parameters: flowid 165 _base_rtt=11685600 _base_bdp=146070 _bdp=146070 _min_cwnd=4150 _maxwnd=219105 _cwnd=219105
Initialize per-instance NSCC parameters: flowid 166 _base_rtt=11685600 _base_bdp=146070 _bdp=146070 _min_cwnd=4150 _maxwnd=219105 _cwnd=219105
Initialize per-instance NSCC parameters: flowid 167 _base_rtt=11685600 _base_bdp=146070 _bdp=146070 _min_cwnd=4150 _maxwnd=219105 _cwnd=219105
Initialize per-instance NSCC parameters: flowid 168 _base_rtt=11685600 _base_bdp=146070 _bdp=146070 _min_cwnd=4150 _maxwnd=219105 _cwnd=219105
Initialize per-instance NSCC parameters: flowid 169 _base_rtt=11685600 _base_bdp=146070 _bdp=146070 _min_cwnd=4150 _maxwnd=219105 _cwnd=219105
Initialize per-instance NSCC parameters: flowid 170 _base_rtt=11685600 _base_bdp=146070 _bdp=146070 _min_cwnd=4150 _maxwnd=219105 _cwnd=219105
Initialize per-instance NSCC parameters: flowid 171 _base_rtt=11685600 _base_bdp=146070 _bdp=146070 _min_cwnd=4150 _maxwnd=219105 _cwnd=219105
Initialize per-instance NSCC parameters: flowid 172 _base_rtt=11685600 _base_bdp=146070 _bdp=146070 _min_cwnd=4150 _maxwnd=219105 _cwnd=219105
Initialize per-instance NSCC parameters: flowid 173 _base_rtt=11685600 _base_bdp=146070 _bdp=146070 _min_cwnd=4150 _maxwnd=219105 _cwnd=219105
Initialize per-instance NSCC parameters: flowid 174 _base_rtt=11685600 _base_bdp=146070 _bdp=146070 _min_cwnd=4150 _maxwnd=219105 _cwnd=219105
Initialize per-instance NSCC parameters: flowid 175 _base_rtt=11685600 _base_bdp=146070 _bdp=146070 _min_cwnd=4150 _maxwnd=219105 _cwnd=219105
Initialize per-instance NSCC parameters: flowid 176 _base_rtt=11685600 _base_bdp=146070 _bdp=146070 _min_cwnd=4150 _maxwnd=219105 _cwnd=219105
Initialize per-instance NSCC parameters: flowid 177 _base_rtt=11685600 _base_bdp=146070 _bdp=146070 _min_cwnd=4150 _maxwnd=219105 _cwnd=219105
Initialize per-instance NSCC parameters: flowid 178 _base_rtt=11685600 _base_bdp=146070 _bdp=146070 _min_cwnd=4150 _maxwnd=219105 _cwnd=219105
Initialize per-instance NSCC parameters: flowid 179 _base_rtt=11685600 _base_bdp=146070 _bdp=146070 _min_cwnd=4150 _maxwnd=219105 _cwnd=219105
Initialize per-instance NSCC parameters: flowid 180 _base_rtt=11685600 _base_bdp=146070 _bdp=146070 _min_cwnd=4150 _maxwnd=219105 _cwnd=219105
Initialize per-instance NSCC parameters: flowid 181 _base_rtt=11685600 _base_bdp=146070 _bdp=146070 _min_cwnd=4150 _maxwnd=219105 _cwnd=219105
Initialize per-instance NSCC parameters: flowid 182 _base_rtt=11685600 _base_bdp=146070 _bdp=146070 _min_cwnd=4150 _maxwnd=219105 _cwnd=219105
Initialize per-instance NSCC parameters: flowid 183 _base_rtt=11685600 _base_bdp=146070 _bdp=146070 _min_cwnd=4150 _maxwnd=219105 _cwnd=219105
Initialize per-instance NSCC parameters: flowid 184 _base_rtt=11685600 _base_bdp=146070 _bdp=146070 _min_cwnd=4150 _maxwnd=219105 _cwnd=219105
Initialize per-instance NSCC parameters: flowid 185 _base_rtt=11685600 _base_bdp=146070 _bdp=146070 _min_cwnd=4150 _maxwnd=219105 _cwnd=219105
Initialize per-instance NSCC parameters: flowid 186 _base_rtt=11685600 _base_bdp=146070 _bdp=146070 _min_cwnd=4150 _maxwnd=219105 _cwnd=219105
Initialize per-instance NSCC parameters: flowid 187 _base_rtt=11685600 _base_bdp=146070 _bdp=146070 _min_cwnd=4150 _maxwnd=219105 _cwnd=219105
Initialize per-instance NSCC parameters: flowid 188 _base_rtt=11685600 _base_bdp=146070 _bdp=146070 _min_cwnd=4150 _maxwnd=219105 _cwnd=219105
Initialize per-instance NSCC parameters: flowid 189 _base_rtt=11685600 _base_bdp=146070 _bdp=146070 _min_cwnd=4150 _maxwnd=219105 _cwnd=219105
Initialize per-instance NSCC parameters: flowid 190 _base_rtt=11685600 _base_bdp=146070 _bdp=146070 _min_cwnd=4150 _maxwnd=219105 _cwnd=219105
Initialize per-instance NSCC parameters: flowid 191 _base_rtt=11685600 _base_bdp=146070 _bdp=146070 _min_cwnd=4150 _maxwnd=219105 _cwnd=219105
Initialize per-instance NSCC parameters: flowid 192 _base_rtt=11685600 _base_bdp=146070 _bdp=146070 _min_cwnd=4150 _maxwnd=219105 _cwnd=219105
Starting simulation
Flow Uec_58_186 flowId 1 uecSrc 0 starting at 0
Flow Uec_130_2 flowId 2 uecSrc 1 starting at 0
Flow Uec_20_148 flowId 3 uecSrc 2 starting at 0
Flow Uec_212_84 flowId 4 uecSrc 3 starting at 0
Flow Uec_159_31 flowId 5 uecSrc 4 starting at 0
Flow Uec_33_161 flowId 6 uecSrc 5 starting at 0
Flow Uec_244_116 flowId 7 uecSrc 6 starting at 0
Flow Uec_137_9 flowId 8 uecSrc 7 starting at 0
Flow Uec_79_207 flowId 9 uecSrc 8 starting at 0
Flow Uec_186_58 flowId 10 uecSrc 9 starting at 0
Flow Uec_248_120 flowId 11 uecSrc 10 starting at 0
Flow Uec_223_95 flowId 12 uecSrc 11 starting at 0
Flow Uec_87_215 flowId 13 uecSrc 12 starting at 0
Flow Uec_199_71 flowId 14 uecSrc 13 starting at 0
Flow Uec_187_59 flowId 15 uecSrc 14 starting at 0
Flow Uec_10_138 flowId 16 uecSrc 15 starting at 0
Flow Uec_109_237 flowId 17 uecSrc 16 starting at 0
Flow Uec_94_222 flowId 18 uecSrc 17 starting at 0
Flow Uec_39_167 flowId 19 uecSrc 18 starting at 0
Flow Uec_24_152 flowId 20 uecSrc 19 starting at 0
Flow Uec_93_221 flowId 21 uecSrc 20 starting at 0
Flow Uec_161_33 flowId 22 uecSrc 21 starting at 0
Flow Uec_65_193 flowId 23 uecSrc 22 starting at 0
Flow Uec_211_83 flowId 24 uecSrc 23 starting at 0
Flow Uec_225_97 flowId 25 uecSrc 24 starting at 0
Flow Uec_143_15 flowId 26 uecSrc 25 starting at 0
Flow Uec_51_179 flowId 27 uecSrc 26 starting at 0
Flow Uec_102_230 flowId 28 uecSrc 27 starting at 0
Flow Uec_54_182 flowId 29 uecSrc 28 starting at 0
Flow Uec_242_114 flowId 30 uecSrc 29 starting at 0
Flow Uec_56_184 flowId 31 uecSrc 30 starting at 0
Flow Uec_214_86 flowId 32 uecSrc 31 starting at 0
Flow Uec_27_155 flowId 33 uecSrc 32 starting at 0
Flow Uec_251_123 flowId 34 uecSrc 33 starting at 0
Flow Uec_84_212 flowId 35 uecSrc 34 starting at 0
Flow Uec_61_189 flowId 36 uecSrc 35 starting at 0
Flow Uec_142_14 flowId 37 uecSrc 36 starting at 0
Flow Uec_68_196 flowId 38 uecSrc 37 starting at 0
Flow Uec_91_219 flowId 39 uecSrc 38 starting at 0
Flow Uec_215_87 flowId 40 uecSrc 39 starting at 0
Flow Uec_203_75 flowId 41 uecSrc 40 starting at 0
Flow Uec_165_37 flowId 42 uecSrc 41 starting at 0
Flow Uec_19_147 flowId 43 uecSrc 42 starting at 0
Flow Uec_92_220 flowId 44 uecSrc 43 starting at 0
Flow Uec_149_21 flowId 45 uecSrc 44 starting at 0
Flow Uec_115_243 flowId 46 uecSrc 45 starting at 0
Flow Uec_13_141 flowId 47 uecSrc 46 starting at 0
Flow Uec_227_99 flowId 48 uecSrc 47 starting at 0
Flow Uec_73_201 flowId 49 uecSrc 48 starting at 0
Flow Uec_135_7 flowId 50 uecSrc 49 starting at 0
Flow Uec_173_45 flowId 51 uecSrc 50 starting at 0
Flow Uec_152_24 flowId 52 uecSrc 51 starting at 0
Flow Uec_52_180 flowId 53 uecSrc 52 starting at 0
Flow Uec_190_62 flowId 54 uecSrc 53 starting at 0
Flow Uec_208_80 flowId 55 uecSrc 54 starting at 0
Flow Uec_31_159 flowId 56 uecSrc 55 starting at 0
Flow Uec_235_107 flowId 57 uecSrc 56 starting at 0
Flow Uec_0_128 flowId 58 uecSrc 57 starting at 0
Flow Uec_75_203 flowId 59 uecSrc 58 starting at 0
Flow Uec_110_238 flowId 60 uecSrc 59 starting at 0
Flow Uec_129_1 flowId 61 uecSrc 60 starting at 0
Flow Uec_249_121 flowId 62 uecSrc 61 starting at 0
Flow Uec_63_191 flowId 63 uecSrc 62 starting at 0
Flow Uec_6_134 flowId 64 uecSrc 63 starting at 0
Flow Uec_36_164 flowId 65 uecSrc 64 starting at 0
Flow Uec_209_81 flowId 66 uecSrc 65 starting at 0
Flow Uec_44_172 flowId 67 uecSrc 66 starting at 0
Flow Uec_29_157 flowId 68 uecSrc 67 starting at 0
Flow Uec_206_78 flowId 69 uecSrc 68 starting at 0
Flow Uec_141_13 flowId 70 uecSrc 69 starting at 0
Flow Uec_236_108 flowId 71 uecSrc 70 starting at 0
Flow Uec_254_126 flowId 72 uecSrc 71 starting at 0
Flow Uec_194_66 flowId 73 uecSrc 72 starting at 0
Flow Uec_232_104 flowId 74 uecSrc 73 starting at 0
Flow Uec_26_154 flowId 75 uecSrc 74 starting at 0
Flow Uec_204_76 flowId 76 uecSrc 75 starting at 0
Flow Uec_47_175 flowId 77 uecSrc 76 starting at 0
Flow Uec_66_194 flowId 78 uecSrc 77 starting at 0
Flow Uec_147_19 flowId 79 uecSrc 78 starting at 0
Flow Uec_126_254 flowId 80 uecSrc 79 starting at 0
Flow Uec_192_64 flowId 81 uecSrc 80 starting at 0
Flow Uec_132_4 flowId 82 uecSrc 81 starting at 0
Flow Uec_164_36 flowId 83 uecSrc 82 starting at 0
Flow Uec_125_253 flowId 84 uecSrc 83 starting at 0
Flow Uec_4_132 flowId 85 uecSrc 84 starting at 0
Flow Uec_157_29 flowId 86 uecSrc 85 starting at 0
Flow Uec_156_28 flowId 87 uecSrc 86 starting at 0
Flow Uec_195_67 flowId 88 uecSrc 87 starting at 0
Flow Uec_124_252 flowId 89 uecSrc 88 starting at 0
Flow Uec_183_55 flowId 90 uecSrc 89 starting at 0
Flow Uec_178_50 flowId 91 uecSrc 90 starting at 0
Flow Uec_226_98 flowId 92 uecSrc 91 starting at 0
Flow Uec_139_11 flowId 93 uecSrc 92 starting at 0
Flow Uec_123_251 flowId 94 uecSrc 93 starting at 0
Flow Uec_67_195 flowId 95 uecSrc 94 starting at 0
Flow Uec_182_54 flowId 96 uecSrc 95 starting at 0
Flow Uec_38_166 flowId 97 uecSrc 96 starting at 0
Flow Uec_189_61 flowId 98 uecSrc 97 starting at 0
Flow Uec_185_57 flowId 99 uecSrc 98 starting at 0
Flow Uec_153_25 flowId 100 uecSrc 99 starting at 0
Flow Uec_246_118 flowId 101 uecSrc 100 starting at 0
Flow Uec_228_100 flowId 102 uecSrc 101 starting at 0
Flow Uec_238_110 flowId 103 uecSrc 102 starting at 0
Flow Uec_83_211 flowId 104 uecSrc 103 starting at 0
Flow Uec_188_60 flowId 105 uecSrc 104 starting at 0
Flow Uec_80_208 flowId 106 uecSrc 105 starting at 0
Flow Uec_55_183 flowId 107 uecSrc 106 starting at 0
Flow Uec_196_68 flowId 108 uecSrc 107 starting at 0
Flow Uec_234_106 flowId 109 uecSrc 108 starting at 0
Flow Uec_12_140 flowId 110 uecSrc 109 starting at 0
Flow Uec_177_49 flowId 111 uecSrc 110 starting at 0
Flow Uec_179_51 flowId 112 uecSrc 111 starting at 0
Flow Uec_240_112 flowId 113 uecSrc 112 starting at 0
Flow Uec_77_205 flowId 114 uecSrc 113 starting at 0
Flow Uec_163_35 flowId 115 uecSrc 114 starting at 0
Flow Uec_28_156 flowId 116 uecSrc 115 starting at 0
Flow Uec_146_18 flowId 117 uecSrc 116 starting at 0
Flow Uec_169_41 flowId 118 uecSrc 117 starting at 0
Flow Uec_162_34 flowId 119 uecSrc 118 starting at 0
Flow Uec_122_250 flowId 120 uecSrc 119 starting at 0
Flow Uec_252_124 flowId 121 uecSrc 120 starting at 0
Flow Uec_138_10 flowId 122 uecSrc 121 starting at 0
Flow Uec_220_92 flowId 123 uecSrc 122 starting at 0
Flow Uec_144_16 flowId 124 uecSrc 123 starting at 0
Flow Uec_219_91 flowId 125 uecSrc 124 starting at 0
Flow Uec_111_239 flowId 126 uecSrc 125 starting at 0
Flow Uec_3_131 flowId 127 uecSrc 126 starting at 0
Flow Uec_170_42 flowId 128 uecSrc 127 starting at 0
Flow Uec_237_109 flowId 129 uecSrc 128 starting at 0
Flow Uec_1_129 flowId 130 uecSrc 129 starting at 0
Flow Uec_82_210 flowId 131 uecSrc 130 starting at 0
Flow Uec_117_245 flowId 132 uecSrc 131 starting at 0
Flow Uec_18_146 flowId 133 uecSrc 132 starting at 0
Flow Uec_120_248 flowId 134 uecSrc 133 starting at 0
Flow Uec_200_72 flowId 135 uecSrc 134 starting at 0
Flow Uec_181_53 flowId 136 uecSrc 135 starting at 0
Flow Uec_180_52 flowId 137 uecSrc 136 starting at 0
Flow Uec_97_225 flowId 138 uecSrc 137 starting at 0
Flow Uec_14_142 flowId 139 uecSrc 138 starting at 0
Flow Uec_171_43 flowId 140 uecSrc 139 starting at 0
Flow Uec_155_27 flowId 141 uecSrc 140 starting at 0
Flow Uec_37_165 flowId 142 uecSrc 141 starting at 0
Flow Uec_217_89 flowId 143 uecSrc 142 starting at 0
Flow Uec_145_17 flowId 144 uecSrc 143 starting at 0
Flow Uec_78_206 flowId 145 uecSrc 144 starting at 0
Flow Uec_9_137 flowId 146 uecSrc 145 starting at 0
Flow Uec_2_130 flowId 147 uecSrc 146 starting at 0
Flow Uec_205_77 flowId 148 uecSrc 147 starting at 0
Flow Uec_250_122 flowId 149 uecSrc 148 starting at 0
Flow Uec_5_133 flowId 150 uecSrc 149 starting at 0
Flow Uec_191_63 flowId 151 uecSrc 150 starting at 0
Flow Uec_230_102 flowId 152 uecSrc 151 starting at 0
Flow Uec_134_6 flowId 153 uecSrc 152 starting at 0
Flow Uec_131_3 flowId 154 uecSrc 153 starting at 0
Flow Uec_30_158 flowId 155 uecSrc 154 starting at 0
Flow Uec_160_32 flowId 156 uecSrc 155 starting at 0
Flow Uec_104_232 flowId 157 uecSrc 156 starting at 0
Flow Uec_35_163 flowId 158 uecSrc 157 starting at 0
Flow Uec_119_247 flowId 159 uecSrc 158 starting at 0
Flow Uec_7_135 flowId 160 uecSrc 159 starting at 0
Flow Uec_221_93 flowId 161 uecSrc 160 starting at 0
Flow Uec_23_151 flowId 162 uecSrc 161 starting at 0
Flow Uec_71_199 flowId 163 uecSrc 162 starting at 0
Flow Uec_193_65 flowId 164 uecSrc 163 starting at 0
Flow Uec_140_12 flowId 165 uecSrc 164 starting at 0
Flow Uec_213_85 flowId 166 uecSrc 165 starting at 0
Flow Uec_210_82 flowId 167 uecSrc 166 starting at 0
Flow Uec_99_227 flowId 168 uecSrc 167 starting at 0
Flow Uec_202_74 flowId 169 uecSrc 168 starting at 0
Flow Uec_98_226 flowId 170 uecSrc 169 starting at 0
Flow Uec_166_38 flowId 171 uecSrc 170 starting at 0
Flow Uec_62_190 flowId 172 uecSrc 171 starting at 0
Flow Uec_105_233 flowId 173 uecSrc 172 starting at 0
Flow Uec_127_255 flowId 174 uecSrc 173 starting at 0
Flow Uec_118_246 flowId 175 uecSrc 174 starting at 0
Flow Uec_25_153 flowId 176 uecSrc 175 starting at 0
Flow Uec_154_26 flowId 177 uecSrc 176 starting at 0
Flow Uec_43_171 flowId 178 uecSrc 177 starting at 0
Flow Uec_74_202 flowId 179 uecSrc 178 starting at 0
Flow Uec_11_139 flowId 180 uecSrc 179 starting at 0
Flow Uec_158_30 flowId 181 uecSrc 180 starting at 0
Flow Uec_90_218 flowId 182 uecSrc 181 starting at 0
Flow Uec_95_223 flowId 183 uecSrc 182 starting at 0
Flow Uec_172_44 flowId 184 uecSrc 183 starting at 0
Flow Uec_70_198 flowId 185 uecSrc 184 starting at 0
Flow Uec_168_40 flowId 186 uecSrc 185 starting at 0
Flow Uec_34_162 flowId 187 uecSrc 186 starting at 0
Flow Uec_148_20 flowId 188 uecSrc 187 starting at 0
Flow Uec_218_90 flowId 189 uecSrc 188 starting at 0
Flow Uec_46_174 flowId 190 uecSrc 189 starting at 0
Flow Uec_8_136 flowId 191 uecSrc 190 starting at 0
Flow Uec_245_117 flowId 192 uecSrc 191 starting at 0
129.66 flowid 70 Spurious 13
133.399 flowid 98 Spurious 15
133.736 flowid 98 Spurious 16
134.073 flowid 98 Spurious 18
137.624 flowid 99 Spurious 35
138.863 flowid 187 Spurious 24
139.99 flowid 187 Spurious 38
144.175 flowid 187 Spurious 39
145.115 flowid 187 Spurious 40
145.779 flowid 187 Spurious 42
146.116 flowid 187 Spurious 45
147.122 flowid 187 Spurious 48
151.117 flowid 187 Spurious 58
151.781 flowid 187 Spurious 56
152.777 flowid 187 Spurious 67
161.075 flowid 15 Spurious 56
Flow Uec_192_64 flowId 81 uecSrc 80 finished at 174.038 total messages 1 total packets 490 RTS 0 total bytes 2002140 in_flight now 0 fair_inc 0 prop_inc 10593 fast_inc 444999 eta_inc 8344 multi_dec -0 quick_dec -0 nack_dec -0
Flow Uec_119_247 flowId 159 uecSrc 158 finished at 174.874 total messages 1 total packets 490 RTS 0 total bytes 2002140 in_flight now 0 fair_inc 0 prop_inc 57661 fast_inc 198009 eta_inc 8344 multi_dec -0 quick_dec -0 nack_dec -0
Flow Uec_194_66 flowId 73 uecSrc 72 finished at 175.338 total messages 1 total packets 490 RTS 0 total bytes 2002140 in_flight now 0 fair_inc 0 prop_inc 80839 fast_inc 84861 eta_inc 8344 multi_dec -0 quick_dec -0 nack_dec -0
Flow Uec_123_251 flowId 94 uecSrc 93 finished at 177.418 total messages 1 total packets 490 RTS 0 total bytes 2002140 in_flight now 0 fair_inc 0 prop_inc 82835 fast_inc 44451 eta_inc 8344 multi_dec -0 quick_dec -0 nack_dec -0
Flow Uec_82_210 flowId 131 uecSrc 130 finished at 177.877 total messages 1 total packets 490 RTS 0 total bytes 2002140 in_flight now 0 fair_inc 0 prop_inc 85353 fast_inc 8082 eta_inc 8344 multi_dec -0 quick_dec -0 nack_dec -0
Flow Uec_124_252 flowId 89 uecSrc 88 finished at 179.149 total messages 1 total packets 490 RTS 0 total bytes 2002140 in_flight now 0 fair_inc 0 prop_inc 77281 fast_inc 0 eta_inc 8344 multi_dec -0 quick_dec -0 nack_dec -0
Flow Uec_122_250 flowId 120 uecSrc 119 finished at 179.856 total messages 1 total packets 490 RTS 0 total bytes 2002140 in_flight now 0 fair_inc 0 prop_inc 67184 fast_inc 16164 eta_inc 8344 multi_dec -0 quick_dec -0 nack_dec -0
Flow Uec_118_246 flowId 175 uecSrc 174 finished at 181.111 total messages 1 total packets 490 RTS 0 total bytes 2002140 in_flight now 0 fair_inc 0 prop_inc 66561 fast_inc 0 eta_inc 8344 multi_dec -0 quick_dec -0 nack_dec -0
Flow Uec_66_194 flowId 78 uecSrc 77 finished at 181.52 total messages 1 total packets 490 RTS 0 total bytes 2002140 in_flight now 0 fair_inc 0 prop_inc 52884 fast_inc 0 eta_inc 8344 multi_dec -0 quick_dec -0 nack_dec -0
Flow Uec_52_180 flowId 53 uecSrc 52 finished at 184.682 total messages 1 total packets 490 RTS 0 total bytes 2002140 in_flight now 0 fair_inc 0 prop_inc 45951 fast_inc 0 eta_inc 8940 multi_dec -0 quick_dec -0 nack_dec -0
Flow Uec_204_76 flowId 76 uecSrc 75 finished at 190.117 total messages 1 total packets 490 RTS 0 total bytes 2002140 in_flight now 0 fair_inc 0 prop_inc 28620 fast_inc 0 eta_inc 8940 multi_dec -0 quick_dec -0 nack_dec -0
Flow Uec_63_191 flowId 63 uecSrc 62 finished at 192.375 total messages 1 total packets 490 RTS 0 total bytes 2002140 in_flight now 0 fair_inc 0 prop_inc 16505 fast_inc 0 eta_inc 8940 multi_dec -0 quick_dec -0 nack_dec -0
Flow Uec_67_195 flowId 95 uecSrc 94 finished at 194.372 total messages 1 total packets 490 RTS 0 total bytes 2002140 in_flight now 0 fair_inc 4868 prop_inc 19617 fast_inc 0 eta_inc 8940 multi_dec -0 quick_dec -0 nack_dec -0
Flow Uec_44_172 flowId 67 uecSrc 66 finished at 194.65 total messages 1 total packets 490 RTS 0 total bytes 2002140 in_flight now 0 fair_inc 0 prop_inc 27417 fast_inc 0 eta_inc 8940 multi_dec -0 quick_dec -0 nack_dec -0
Flow Uec_18_146 flowId 133 uecSrc 132 finished at 201.156 total messages 1 total packets 490 RTS 0 total bytes 2002140 in_flight now 0 fair_inc 4496 prop_inc 17910 fast_inc 0 eta_inc 9536 multi_dec -0 quick_dec -0 nack_dec -0
Flow Uec_250_122 flowId 149 uecSrc 148 finished at 203.737 total messages 1 total packets 490 RTS 0 total bytes 2002140 in_flight now 0 fair_inc 0 prop_inc 19536 fast_inc 0 eta_inc 9536 multi_dec -0 quick_dec -0 nack_dec -0
Flow Uec_14_142 flowId 139 uecSrc 138 finished at 209.968 total messages 1 total packets 490 RTS 0 total bytes 2002140 in_flight now 0 fair_inc 13912 prop_inc 5796 fast_inc 0 eta_inc 10132 multi_dec -254 quick_dec -0 nack_dec -4150
Flow Uec_248_120 flowId 11 uecSrc 10 finished at 212.181 total messages 1 total packets 490 RTS 0 total bytes 2002140 in_flight now 0 fair_inc 7279 prop_inc 9768 fast_inc 0 eta_inc 10132 multi_dec -0 quick_dec -0 nack_dec -0
215.182 flowid 43 Spurious 181
Flow Uec_23_151 flowId 162 uecSrc 161 finished at 223.586 total messages 1 total packets 490 RTS 0 total bytes 2002140 in_flight now 0 fair_inc 3382 prop_inc 44916 fast_inc 0 eta_inc 10728 multi_dec -0 quick_dec -0 nack_dec -4150
Flow Uec_251_123 flowId 34 uecSrc 33 finished at 224.13 total messages 1 total packets 490 RTS 0 total bytes 2002140 in_flight now 0 fair_inc 5988 prop_inc 6877 fast_inc 0 eta_inc 10728 multi_dec -0 quick_dec -0 nack_dec -0
Flow Uec_226_98 flowId 92 uecSrc 91 finished at 225.836 total messages 1 total packets 490 RTS 0 total bytes 2002140 in_flight now 0 fair_inc 8855 prop_inc 32916 fast_inc 0 eta_inc 10728 multi_dec -91676 quick_dec -0 nack_dec -0
Flow Uec_39_167 flowId 19 uecSrc 18 finished at 226.905 total messages 1 total packets 490 RTS 0 total bytes 2002140 in_flight now 0 fair_inc 6442 prop_inc 28881 fast_inc 0 eta_inc 10728 multi_dec -0 quick_dec -0 nack_dec -0
227.709 flowid 190 Spurious 273
229.311 flowid 20 Spurious 237
229.553 flowid 191 Spurious 245
229.716 flowid 190 Spurious 279
230.712 flowid 190 Spurious 282
231.044 flowid 190 Spurious 283
231.708 flowid 190 Spurious 285
232.541 flowid 191 Spurious 264
232.873 flowid 191 Spurious 267
233.205 flowid 191 Spurious 269
Flow Uec_8_136 flowId 191 uecSrc 190 finished at 233.795 total messages 1 total packets 492 RTS 2 total bytes 2002140 in_flight now 0 fair_inc 33477 prop_inc 6029 fast_inc 0 eta_inc 11324 multi_dec -0 quick_dec -0 nack_dec -12450
236.334 flowid 191 Spurious 276
239.026 flowid 191 Spurious 281
Flow Uec_26_154 flowId 75 uecSrc 74 finished at 242.73 total messages 1 total packets 490 RTS 0 total bytes 2002140 in_flight now 0 fair_inc 757 prop_inc 60283 fast_inc 4529 eta_inc 11324 multi_dec -113573 quick_dec -0 nack_dec -0
249.44 flowid 176 Spurious 313
Flow Uec_227_99 flowId 48 uecSrc 47 finished at 250.4 total messages 1 total packets 490 RTS 0 total bytes 2002140 in_flight now 0 fair_inc 5692 prop_inc 56008 fast_inc 0 eta_inc 11920 multi_dec -101927 quick_dec -0 nack_dec -8300
251.774 flowid 176 Spurious 320
253.112 flowid 176 Spurious 324
Flow Uec_46_174 flowId 190 uecSrc 189 finished at 255.602 total messages 1 total packets 491 RTS 1 total bytes 2002140 in_flight now 0 fair_inc 2622 prop_inc 29000 fast_inc 0 eta_inc 11920 multi_dec -0 quick_dec -0 nack_dec -0
257.772 flowid 176 Spurious 336
258.104 flowid 176 Spurious 337
258.441 flowid 176 Spurious 338
261.382 flowid 85 Spurious 265
Flow Uec_237_109 flowId 129 uecSrc 128 finished at 262.064 total messages 1 total packets 490 RTS 0 total bytes 2002140 in_flight now 0 fair_inc 3824 prop_inc 21145 fast_inc 0 eta_inc 12516 multi_dec -80659 quick_dec -0 nack_dec -0
262.38 flowid 85 Spurious 260
Flow Uec_43_171 flowId 178 uecSrc 177 finished at 264.632 total messages 1 total packets 491 RTS 1 total bytes 2002140 in_flight now 0 fair_inc 5988 prop_inc 49070 fast_inc 0 eta_inc 10728 multi_dec -0 quick_dec -0 nack_dec -0
272.224 flowid 47 Spurious 279
274.177 flowid 85 Spurious 268
Flow Uec_187_59 flowId 15 uecSrc 14 finished at 276.288 total messages 1 total packets 491 RTS 1 total bytes 2002140 in_flight now 0 fair_inc 4941 prop_inc 4186 fast_inc 0 eta_inc 13112 multi_dec -406 quick_dec -0 nack_dec -24900
278.16 flowid 33 Spurious 372
Flow Uec_254_126 flowId 72 uecSrc 71 finished at 286.122 total messages 1 total packets 490 RTS 0 total bytes 2002140 in_flight now 0 fair_inc 3470 prop_inc 59352 fast_inc 0 eta_inc 13708 multi_dec -139874 quick_dec -0 nack_dec -0
291.573 flowid 58 Spurious 303
292.877 flowid 68 Spurious 287
293.546 flowid 68 Spurious 290
Flow Uec_28_156 flowId 116 uecSrc 115 finished at 296.704 total messages 1 total packets 492 RTS 2 total bytes 2002140 in_flight now 0 fair_inc 11997 prop_inc 40074 fast_inc 1010 eta_inc 12516 multi_dec -0 quick_dec -192998 nack_dec -16600
299.721 flowid 68 Spurious 296
300.434 flowid 54 Spurious 488
300.594 flowid 54 Spurious 489
Flow Uec_35_163 flowId 158 uecSrc 157 finished at 301.111 total messages 1 total packets 492 RTS 2 total bytes 2002140 in_flight now 0 fair_inc 1140 prop_inc 32129 fast_inc 0 eta_inc 10728 multi_dec -0 quick_dec -0 nack_dec -0
Flow Uec_132_4 flowId 82 uecSrc 81 finished at 302.307 total messages 1 total packets 490 RTS 0 total bytes 2002140 in_flight now 0 fair_inc 1275 prop_inc 44598 fast_inc 0 eta_inc 13708 multi_dec -87698 quick_dec -0 nack_dec -24900
Flow Uec_190_62 flowId 54 uecSrc 53 finished at 306.23 total messages 1 total packets 490 RTS 0 total bytes 2002140 in_flight now 0 fair_inc 0 prop_inc 25356 fast_inc 366726 eta_inc 8344 multi_dec -0 quick_dec -0 nack_dec -0
Flow Uec_37_165 flowId 142 uecSrc 141 finished at 311.773 total messages 1 total packets 492 RTS 2 total bytes 2002140 in_flight now 0 fair_inc 5676 prop_inc 34486 fast_inc 0 eta_inc 13112 multi_dec -0 quick_dec -0 nack_dec -0
Flow Uec_25_153 flowId 176 uecSrc 175 finished at 312.944 total messages 1 total packets 492 RTS 2 total bytes 2002140 in_flight now 0 fair_inc 13173 prop_inc 39606 fast_inc 0 eta_inc 11920 multi_dec -0 quick_dec -183067 nack_dec -4150
Flow Uec_210_82 flowId 167 uecSrc 166 finished at 317.797 total messages 1 total packets 490 RTS 0 total bytes 2002140 in_flight now 0 fair_inc 1622 prop_inc 32407 fast_inc 0 eta_inc 15496 multi_dec -77158 quick_dec -0 nack_dec -45650
318.593 flowid 155 Spurious 482
Flow Uec_24_152 flowId 20 uecSrc 19 finished at 318.842 total messages 1 total packets 493 RTS 3 total bytes 2002140 in_flight now 0 fair_inc 8087 prop_inc 31761 fast_inc 0 eta_inc 12516 multi_dec -0 quick_dec -0 nack_dec -0
318.935 flowid 155 Spurious 483
319.594 flowid 155 Spurious 485
319.926 flowid 155 Spurious 486
Flow Uec_27_155 flowId 33 uecSrc 32 finished at 321.45 total messages 1 total packets 492 RTS 2 total bytes 2002140 in_flight now 0 fair_inc 8181 prop_inc 31868 fast_inc 0 eta_inc 12516 multi_dec -0 quick_dec -0 nack_dec -0
Flow Uec_137_9 flowId 8 uecSrc 7 finished at 323.553 total messages 1 total packets 490 RTS 0 total bytes 2002140 in_flight now 0 fair_inc 2379 prop_inc 35602 fast_inc 0 eta_inc 14304 multi_dec -91156 quick_dec -0 nack_dec -37350
Flow Uec_30_158 flowId 155 uecSrc 154 finished at 324.569 total messages 1 total packets 493 RTS 3 total bytes 2002140 in_flight now 0 fair_inc 7762 prop_inc 33666 fast_inc 1010 eta_inc 11920 multi_dec -0 quick_dec -197237 nack_dec -4150
Flow Uec_1_129 flowId 130 uecSrc 129 finished at 324.707 total messages 1 total packets 493 RTS 3 total bytes 2002140 in_flight now 0 fair_inc 3779 prop_inc 61674 fast_inc 1010 eta_inc 13112 multi_dec -0 quick_dec -166455 nack_dec -16600
Flow Uec_29_157 flowId 68 uecSrc 67 finished at 325.389 total messages 1 total packets 497 RTS 7 total bytes 2002140 in_flight now 0 fair_inc 15606 prop_inc 21026 fast_inc 0 eta_inc 14900 multi_dec -0 quick_dec -0 nack_dec -4150
Flow Uec_55_183 flowId 107 uecSrc 106 finished at 326.195 total messages 1 total packets 490 RTS 0 total bytes 2002140 in_flight now 0 fair_inc 8380 prop_inc 33643 fast_inc 0 eta_inc 15496 multi_dec -78145 quick_dec -0 nack_dec -53950
Flow Uec_74_202 flowId 179 uecSrc 178 finished at 329.323 total messages 1 total packets 490 RTS 0 total bytes 2002140 in_flight now 0 fair_inc 2402 prop_inc 26564 fast_inc 0 eta_inc 15496 multi_dec -55312 quick_dec -0 nack_dec -66400
Flow Uec_34_162 flowId 187 uecSrc 186 finished at 331.24 total messages 1 total packets 497 RTS 7 total bytes 2002140 in_flight now -64 fair_inc 7059 prop_inc 62797 fast_inc 0 eta_inc 14900 multi_dec -0 quick_dec -0 nack_dec -0
Flow Uec_109_237 flowId 17 uecSrc 16 finished at 331.419 total messages 1 total packets 490 RTS 0 total bytes 2002140 in_flight now 0 fair_inc 3423 prop_inc 23859 fast_inc 0 eta_inc 16092 multi_dec -91726 quick_dec -0 nack_dec -37350
Flow Uec_200_72 flowId 135 uecSrc 134 finished at 334.433 total messages 1 total packets 490 RTS 0 total bytes 2002140 in_flight now 0 fair_inc 8180 prop_inc 20561 fast_inc 0 eta_inc 16092 multi_dec -66057 quick_dec -0 nack_dec -62250
Flow Uec_47_175 flowId 77 uecSrc 76 finished at 334.897 total messages 1 total packets 495 RTS 5 total bytes 2002140 in_flight now 0 fair_inc 1937 prop_inc 55433 fast_inc 0 eta_inc 12516 multi_dec -0 quick_dec -0 nack_dec -0
Flow Uec_125_253 flowId 84 uecSrc 83 finished at 335.445 total messages 1 total packets 490 RTS 0 total bytes 2002140 in_flight now 0 fair_inc 3492 prop_inc 22436 fast_inc 0 eta_inc 16092 multi_dec -81473 quick_dec -0 nack_dec -49800
Flow Uec_244_116 flowId 7 uecSrc 6 finished at 337.643 total messages 1 total packets 490 RTS 0 total bytes 2002140 in_flight now 0 fair_inc 13704 prop_inc 32122 fast_inc 0 eta_inc 16092 multi_dec -108127 quick_dec -0 nack_dec -41500
Flow Uec_126_254 flowId 80 uecSrc 79 finished at 338.281 total messages 1 total packets 490 RTS 0 total bytes 2002140 in_flight now 0 fair_inc 5935 prop_inc 18045 fast_inc 0 eta_inc 16092 multi_dec -88779 quick_dec -0 nack_dec -41500
Flow Uec_77_205 flowId 114 uecSrc 113 finished at 340.629 total messages 1 total packets 490 RTS 0 total bytes 2002140 in_flight now 0 fair_inc 6059 prop_inc 18038 fast_inc 0 eta_inc 16092 multi_dec -61044 quick_dec -0 nack_dec -62250
Flow Uec_223_95 flowId 12 uecSrc 11 finished at 341.145 total messages 1 total packets 490 RTS 0 total bytes 2002140 in_flight now 0 fair_inc 17410 prop_inc 15927 fast_inc 0 eta_inc 16688 multi_dec -95674 quick_dec -0 nack_dec -33200
Flow Uec_143_15 flowId 26 uecSrc 25 finished at 341.512 total messages 1 total packets 490 RTS 0 total bytes 2002140 in_flight now 0 fair_inc 7675 prop_inc 39790 fast_inc 0 eta_inc 16092 multi_dec -96129 quick_dec -0 nack_dec -58100
Flow Uec_51_179 flowId 27 uecSrc 26 finished at 341.595 total messages 1 total packets 490 RTS 0 total bytes 2002140 in_flight now 0 fair_inc 10491 prop_inc 33202 fast_inc 0 eta_inc 16092 multi_dec -114777 quick_dec -0 nack_dec -29050
Flow Uec_135_7 flowId 50 uecSrc 49 finished at 342.164 total messages 1 total packets 490 RTS 0 total bytes 2002140 in_flight now 0 fair_inc 9944 prop_inc 28403 fast_inc 0 eta_inc 15496 multi_dec -112426 quick_dec -0 nack_dec -20750
344.953 flowid 6 Spurious 474
Flow Uec_110_238 flowId 60 uecSrc 59 finished at 348.18 total messages 1 total packets 490 RTS 0 total bytes 2002140 in_flight now 0 fair_inc 9139 prop_inc 28487 fast_inc 0 eta_inc 16092 multi_dec -74090 quick_dec -0 nack_dec -62250
Flow Uec_68_196 flowId 38 uecSrc 37 finished at 348.912 total messages 1 total packets 490 RTS 0 total bytes 2002140 in_flight now 0 fair_inc 14217 prop_inc 16564 fast_inc 0 eta_inc 16688 multi_dec -72021 quick_dec -0 nack_dec -58100
Flow Uec_213_85 flowId 166 uecSrc 165 finished at 350.781 total messages 1 total packets 490 RTS 0 total bytes 2002140 in_flight now 0 fair_inc 26681 prop_inc 41332 fast_inc 0 eta_inc 16688 multi_dec -95278 quick_dec -0 nack_dec -49800
Flow Uec_56_184 flowId 31 uecSrc 30 finished at 350.886 total messages 1 total packets 494 RTS 4 total bytes 2002140 in_flight now 0 fair_inc 0 prop_inc 134147 fast_inc 0 eta_inc 15496 multi_dec -0 quick_dec -0 nack_dec -12450
Flow Uec_2_130 flowId 147 uecSrc 146 finished at 353.096 total messages 1 total packets 492 RTS 2 total bytes 2002140 in_flight now -64 fair_inc 6003 prop_inc 59010 fast_inc 0 eta_inc 16092 multi_dec -30095 quick_dec -146492 nack_dec -24900
Flow Uec_20_148 flowId 3 uecSrc 2 finished at 355.049 total messages 1 total packets 496 RTS 6 total bytes 2002140 in_flight now -128 fair_inc 4913 prop_inc 44311 fast_inc 15 eta_inc 15496 multi_dec -0 quick_dec -141944 nack_dec -4150
Flow Uec_95_223 flowId 183 uecSrc 182 finished at 355.279 total messages 1 total packets 490 RTS 0 total bytes 2002140 in_flight now 0 fair_inc 6905 prop_inc 33405 fast_inc 14631 eta_inc 17284 multi_dec -94820 quick_dec -0 nack_dec -49800
Flow Uec_140_12 flowId 165 uecSrc 164 finished at 356.715 total messages 1 total packets 491 RTS 1 total bytes 2002140 in_flight now 0 fair_inc 0 prop_inc 51804 fast_inc 0 eta_inc 16092 multi_dec -103456 quick_dec -0 nack_dec -37350
Flow Uec_235_107 flowId 57 uecSrc 56 finished at 357.155 total messages 1 total packets 490 RTS 0 total bytes 2002140 in_flight now 0 fair_inc 17178 prop_inc 41584 fast_inc 0 eta_inc 17284 multi_dec -70665 quick_dec -0 nack_dec -87150
Flow Uec_65_193 flowId 23 uecSrc 22 finished at 359.111 total messages 1 total packets 490 RTS 0 total bytes 2002140 in_flight now 0 fair_inc 7143 prop_inc 46628 fast_inc 0 eta_inc 16688 multi_dec -96237 quick_dec -0 nack_dec -58100
Flow Uec_33_161 flowId 6 uecSrc 5 finished at 359.64 total messages 1 total packets 494 RTS 4 total bytes 2002140 in_flight now 0 fair_inc 2319 prop_inc 38223 fast_inc 0 eta_inc 13708 multi_dec -0 quick_dec -199800 nack_dec -12450
Flow Uec_38_166 flowId 97 uecSrc 96 finished at 360.552 total messages 1 total packets 495 RTS 5 total bytes 2002140 in_flight now 0 fair_inc 17600 prop_inc 81857 fast_inc 0 eta_inc 16688 multi_dec -162444 quick_dec -0 nack_dec -8300
Flow Uec_19_147 flowId 43 uecSrc 42 finished at 363.545 total messages 1 total packets 498 RTS 8 total bytes 2002140 in_flight now 0 fair_inc 10023 prop_inc 30794 fast_inc 0 eta_inc 16092 multi_dec -702 quick_dec -113444 nack_dec -4150
Flow Uec_183_55 flowId 90 uecSrc 89 finished at 368.014 total messages 1 total packets 490 RTS 0 total bytes 2002140 in_flight now 0 fair_inc 7868 prop_inc 40434 fast_inc 119693 eta_inc 17284 multi_dec -133293 quick_dec -0 nack_dec -37350
Flow Uec_236_108 flowId 71 uecSrc 70 finished at 368.554 total messages 1 total packets 490 RTS 0 total bytes 2002140 in_flight now 0 fair_inc 7252 prop_inc 41919 fast_inc 0 eta_inc 16688 multi_dec -71464 quick_dec -0 nack_dec -87150
Flow Uec_54_182 flowId 29 uecSrc 28 finished at 369.837 total messages 1 total packets 490 RTS 0 total bytes 2002140 in_flight now 0 fair_inc 8386 prop_inc 47174 fast_inc 0 eta_inc 17284 multi_dec -111479 quick_dec -0 nack_dec -45650
Flow Uec_131_3 flowId 154 uecSrc 153 finished at 374.5 total messages 1 total packets 493 RTS 3 total bytes 2002140 in_flight now 0 fair_inc 1974 prop_inc 72531 fast_inc 0 eta_inc 16092 multi_dec -98807 quick_dec -0 nack_dec -33200
Flow Uec_238_110 flowId 103 uecSrc 102 finished at 374.515 total messages 1 total packets 490 RTS 0 total bytes 2002140 in_flight now 0 fair_inc 3869 prop_inc 44172 fast_inc 0 eta_inc 17880 multi_dec -79956 quick_dec -0 nack_dec -78850
Flow Uec_120_248 flowId 134 uecSrc 133 finished at 383.62 total messages 1 total packets 490 RTS 0 total bytes 2002140 in_flight now 0 fair_inc 3719 prop_inc 19167 fast_inc 0 eta_inc 18476 multi_dec -67227 quick_dec -0 nack_dec -70550
Flow Uec_246_118 flowId 101 uecSrc 100 finished at 384.497 total messages 1 total packets 490 RTS 0 total bytes 2002140 in_flight now 0 fair_inc 7173 prop_inc 24302 fast_inc 0 eta_inc 18476 multi_dec -53170 quick_dec -0 nack_dec -91300
Flow Uec_249_121 flowId 62 uecSrc 61 finished at 385.137 total messages 1 total packets 490 RTS 0 total bytes 2002140 in_flight now 0 fair_inc 21399 prop_inc 57930 fast_inc 0 eta_inc 17880 multi_dec -153845 quick_dec -0 nack_dec -29050
385.651 flowid 146 Spurious 471
Flow Uec_252_124 flowId 121 uecSrc 120 finished at 395.186 total messages 1 total packets 490 RTS 0 total bytes 2002140 in_flight now 0 fair_inc 4663 prop_inc 36078 fast_inc 0 eta_inc 18476 multi_dec -86926 quick_dec -0 nack_dec -70550
Flow Uec_31_159 flowId 56 uecSrc 55 finished at 397.143 total messages 1 total packets 496 RTS 6 total bytes 2002140 in_flight now 0 fair_inc 23368 prop_inc 63866 fast_inc 0 eta_inc 18476 multi_dec -79756 quick_dec -0 nack_dec -24900
Flow Uec_13_141 flowId 47 uecSrc 46 finished at 399.77 total messages 1 total packets 496 RTS 6 total bytes 2002140 in_flight now 0 fair_inc 7917 prop_inc 40803 fast_inc 0 eta_inc 16688 multi_dec -7889 quick_dec -167134 nack_dec -8300
401.13 flowid 85 Spurious 472
402.714 flowid 85 Spurious 496
Flow Uec_245_117 flowId 192 uecSrc 191 finished at 403.668 total messages 1 total packets 490 RTS 0 total bytes 2002140 in_flight now 0 fair_inc 36440 prop_inc 49905 fast_inc 0 eta_inc 18476 multi_dec -151713 quick_dec -0 nack_dec -33200
Flow Uec_157_29 flowId 86 uecSrc 85 finished at 408.917 total messages 1 total packets 492 RTS 2 total bytes 2002140 in_flight now 0 fair_inc 9764 prop_inc 28538 fast_inc 0 eta_inc 18476 multi_dec -40292 quick_dec -0 nack_dec -116200
Flow Uec_242_114 flowId 30 uecSrc 29 finished at 412.003 total messages 1 total packets 490 RTS 0 total bytes 2002140 in_flight now 0 fair_inc 33882 prop_inc 14812 fast_inc 0 eta_inc 19668 multi_dec -29612 quick_dec -0 nack_dec -136950
Flow Uec_0_128 flowId 58 uecSrc 57 finished at 412.064 total messages 1 total packets 494 RTS 4 total bytes 2002140 in_flight now 0 fair_inc 3143 prop_inc 45818 fast_inc 0 eta_inc 16092 multi_dec -9792 quick_dec -170352 nack_dec -8300
Flow Uec_4_132 flowId 85 uecSrc 84 finished at 415.49 total messages 1 total packets 499 RTS 9 total bytes 2002140 in_flight now 0 fair_inc 4614 prop_inc 68504 fast_inc 2020 eta_inc 17284 multi_dec -0 quick_dec -136964 nack_dec -33200
Flow Uec_5_133 flowId 150 uecSrc 149 finished at 424.021 total messages 1 total packets 501 RTS 11 total bytes 2002140 in_flight now 0 fair_inc 9680 prop_inc 82317 fast_inc 0 eta_inc 18476 multi_dec -0 quick_dec -131371 nack_dec -20750
Flow Uec_36_164 flowId 65 uecSrc 64 finished at 434.637 total messages 1 total packets 496 RTS 6 total bytes 2002140 in_flight now 0 fair_inc 10111 prop_inc 108318 fast_inc 28775 eta_inc 18476 multi_dec -168799 quick_dec -0 nack_dec -0
Flow Uec_93_221 flowId 21 uecSrc 20 finished at 441.164 total messages 1 total packets 490 RTS 0 total bytes 2002140 in_flight now 0 fair_inc 24805 prop_inc 20277 fast_inc 0 eta_inc 20860 multi_dec -45644 quick_dec -0 nack_dec -124500
Flow Uec_240_112 flowId 113 uecSrc 112 finished at 441.373 total messages 1 total packets 490 RTS 0 total bytes 2002140 in_flight now 0 fair_inc 16825 prop_inc 26962 fast_inc 0 eta_inc 20860 multi_dec -35467 quick_dec -0 nack_dec -132800
Flow Uec_127_255 flowId 174 uecSrc 173 finished at 443.04 total messages 1 total packets 490 RTS 0 total bytes 2002140 in_flight now 0 fair_inc 12831 prop_inc 49864 fast_inc 0 eta_inc 20860 multi_dec -42960 quick_dec -0 nack_dec -124500
Flow Uec_104_232 flowId 157 uecSrc 156 finished at 444.699 total messages 1 total packets 490 RTS 0 total bytes 2002140 in_flight now 0 fair_inc 17661 prop_inc 20342 fast_inc 0 eta_inc 20264 multi_dec -36948 quick_dec -0 nack_dec -136950
Flow Uec_105_233 flowId 173 uecSrc 172 finished at 477.268 total messages 1 total packets 490 RTS 0 total bytes 2002140 in_flight now 0 fair_inc 21839 prop_inc 30316 fast_inc 0 eta_inc 22052 multi_dec -110619 quick_dec -0 nack_dec -70550
Flow Uec_153_25 flowId 100 uecSrc 99 finished at 483.165 total messages 1 total packets 490 RTS 0 total bytes 2002140 in_flight now 0 fair_inc 31337 prop_inc 20457 fast_inc 0 eta_inc 22052 multi_dec -114460 quick_dec -0 nack_dec -87150
Flow Uec_9_137 flowId 146 uecSrc 145 finished at 487.328 total messages 1 total packets 494 RTS 4 total bytes 2002140 in_flight now 0 fair_inc 3573 prop_inc 39821 fast_inc 1010 eta_inc 17284 multi_dec -2060 quick_dec -145359 nack_dec -4150
488.487 flowid 160 Spurious 488
Flow Uec_185_57 flowId 99 uecSrc 98 finished at 492.339 total messages 1 total packets 494 RTS 4 total bytes 2002140 in_flight now 0 fair_inc 10599 prop_inc 5211 fast_inc 0 eta_inc 21456 multi_dec -122 quick_dec -0 nack_dec -49800
Flow Uec_228_100 flowId 102 uecSrc 101 finished at 494.344 total messages 1 total packets 490 RTS 0 total bytes 2002140 in_flight now 0 fair_inc 22990 prop_inc 52788 fast_inc 0 eta_inc 22648 multi_dec -97102 quick_dec -0 nack_dec -87150
496.139 flowid 160 Spurious 495
Flow Uec_158_30 flowId 181 uecSrc 180 finished at 498.266 total messages 1 total packets 491 RTS 1 total bytes 2002140 in_flight now 0 fair_inc 34353 prop_inc 25942 fast_inc 0 eta_inc 22052 multi_dec -68269 quick_dec -0 nack_dec -116200
Flow Uec_171_43 flowId 140 uecSrc 139 finished at 498.356 total messages 1 total packets 491 RTS 1 total bytes 2002140 in_flight now 0 fair_inc 11626 prop_inc 66577 fast_inc 0 eta_inc 22052 multi_dec -114822 quick_dec -0 nack_dec -78850
Flow Uec_83_211 flowId 104 uecSrc 103 finished at 503.606 total messages 1 total packets 490 RTS 0 total bytes 2002140 in_flight now 0 fair_inc 30614 prop_inc 38343 fast_inc 0 eta_inc 23244 multi_dec -131372 quick_dec -0 nack_dec -70550
Flow Uec_79_207 flowId 9 uecSrc 8 finished at 504.27 total messages 1 total packets 490 RTS 0 total bytes 2002140 in_flight now 0 fair_inc 35310 prop_inc 37978 fast_inc 0 eta_inc 23244 multi_dec -85426 quick_dec -0 nack_dec -112050
Flow Uec_173_45 flowId 51 uecSrc 50 finished at 512.205 total messages 1 total packets 491 RTS 1 total bytes 2002140 in_flight now 0 fair_inc 16774 prop_inc 77824 fast_inc 0 eta_inc 22648 multi_dec -154265 quick_dec -0 nack_dec -58100
Flow Uec_61_189 flowId 36 uecSrc 35 finished at 513.263 total messages 1 total packets 491 RTS 1 total bytes 2002140 in_flight now 0 fair_inc 1177 prop_inc 160589 fast_inc 0 eta_inc 19668 multi_dec -0 quick_dec -40009 nack_dec -12450
Flow Uec_162_34 flowId 119 uecSrc 118 finished at 514.665 total messages 1 total packets 492 RTS 2 total bytes 2002140 in_flight now 0 fair_inc 29308 prop_inc 37648 fast_inc 0 eta_inc 22648 multi_dec -123939 quick_dec -0 nack_dec -83000
Flow Uec_7_135 flowId 160 uecSrc 159 finished at 516.772 total messages 1 total packets 500 RTS 10 total bytes 2002140 in_flight now -64 fair_inc 3265 prop_inc 95042 fast_inc 0 eta_inc 21456 multi_dec -0 quick_dec -99146 nack_dec -33200
Flow Uec_111_239 flowId 126 uecSrc 125 finished at 517.164 total messages 1 total packets 490 RTS 0 total bytes 2002140 in_flight now 0 fair_inc 35157 prop_inc 42006 fast_inc 49987 eta_inc 24436 multi_dec -113006 quick_dec -0 nack_dec -91300
Flow Uec_189_61 flowId 98 uecSrc 97 finished at 521.099 total messages 1 total packets 491 RTS 1 total bytes 2002140 in_flight now 0 fair_inc 26103 prop_inc 5801 fast_inc 0 eta_inc 23244 multi_dec -123163 quick_dec -0 nack_dec -53950
Flow Uec_202_74 flowId 169 uecSrc 168 finished at 530.379 total messages 1 total packets 490 RTS 0 total bytes 2002140 in_flight now 0 fair_inc 17430 prop_inc 9767 fast_inc 0 eta_inc 24436 multi_dec -41031 quick_dec -0 nack_dec -132800
Flow Uec_205_77 flowId 148 uecSrc 147 finished at 534.291 total messages 1 total packets 490 RTS 0 total bytes 2002140 in_flight now 0 fair_inc 22967 prop_inc 9164 fast_inc 0 eta_inc 24436 multi_dec -8832 quick_dec -0 nack_dec -161850
Flow Uec_230_102 flowId 152 uecSrc 151 finished at 535.378 total messages 1 total packets 490 RTS 0 total bytes 2002140 in_flight now 0 fair_inc 21866 prop_inc 71592 fast_inc 0 eta_inc 23244 multi_dec -124425 quick_dec -0 nack_dec -87150
Flow Uec_117_245 flowId 132 uecSrc 131 finished at 536.579 total messages 1 total packets 490 RTS 0 total bytes 2002140 in_flight now 0 fair_inc 33400 prop_inc 101511 fast_inc 0 eta_inc 23840 multi_dec -116465 quick_dec -0 nack_dec -116200
Flow Uec_232_104 flowId 74 uecSrc 73 finished at 542.539 total messages 1 total packets 490 RTS 0 total bytes 2002140 in_flight now 0 fair_inc 24194 prop_inc 54376 fast_inc 0 eta_inc 23244 multi_dec -94440 quick_dec -0 nack_dec -107900
Flow Uec_234_106 flowId 109 uecSrc 108 finished at 545.698 total messages 1 total packets 490 RTS 0 total bytes 2002140 in_flight now 0 fair_inc 29840 prop_inc 50575 fast_inc 0 eta_inc 24436 multi_dec -115318 quick_dec -0 nack_dec -87150
Flow Uec_154_26 flowId 177 uecSrc 176 finished at 546.088 total messages 1 total packets 490 RTS 0 total bytes 2002140 in_flight now 0 fair_inc 27799 prop_inc 5516 fast_inc 0 eta_inc 24436 multi_dec -59410 quick_dec -0 nack_dec -120350
Flow Uec_10_138 flowId 16 uecSrc 15 finished at 546.902 total messages 1 total packets 501 RTS 11 total bytes 2002140 in_flight now -64 fair_inc 13089 prop_inc 60312 fast_inc 0 eta_inc 20264 multi_dec -0 quick_dec -121051 nack_dec -4150
Flow Uec_94_222 flowId 18 uecSrc 17 finished at 549.168 total messages 1 total packets 490 RTS 0 total bytes 2002140 in_flight now 0 fair_inc 29105 prop_inc 7437 fast_inc 0 eta_inc 25628 multi_dec -52279 quick_dec -0 nack_dec -149400
Flow Uec_196_68 flowId 108 uecSrc 107 finished at 550.459 total messages 1 total packets 490 RTS 0 total bytes 2002140 in_flight now 0 fair_inc 38736 prop_inc 2501 fast_inc 0 eta_inc 25628 multi_dec -47839 quick_dec -0 nack_dec -157700
Flow Uec_84_212 flowId 35 uecSrc 34 finished at 551.162 total messages 1 total packets 490 RTS 0 total bytes 2002140 in_flight now 0 fair_inc 47055 prop_inc 7077 fast_inc 0 eta_inc 25628 multi_dec -41352 quick_dec -0 nack_dec -161850
Flow Uec_73_201 flowId 49 uecSrc 48 finished at 551.331 total messages 1 total packets 490 RTS 0 total bytes 2002140 in_flight now 0 fair_inc 22645 prop_inc 9184 fast_inc 0 eta_inc 26224 multi_dec -36431 quick_dec -0 nack_dec -145250
Flow Uec_71_199 flowId 163 uecSrc 162 finished at 551.842 total messages 1 total packets 490 RTS 0 total bytes 2002140 in_flight now 0 fair_inc 31572 prop_inc 6728 fast_inc 0 eta_inc 24436 multi_dec -58070 quick_dec -0 nack_dec -145250
Flow Uec_99_227 flowId 168 uecSrc 167 finished at 552.179 total messages 1 total packets 490 RTS 0 total bytes 2002140 in_flight now 0 fair_inc 16079 prop_inc 21153 fast_inc 0 eta_inc 25032 multi_dec -50249 quick_dec -0 nack_dec -132800
Flow Uec_141_13 flowId 70 uecSrc 69 finished at 558.661 total messages 1 total packets 492 RTS 2 total bytes 2002140 in_flight now 0 fair_inc 28204 prop_inc 17811 fast_inc 0 eta_inc 25032 multi_dec -59763 quick_dec -0 nack_dec -103750
Flow Uec_193_65 flowId 164 uecSrc 163 finished at 562.261 total messages 1 total packets 490 RTS 0 total bytes 2002140 in_flight now 0 fair_inc 22615 prop_inc 6539 fast_inc 0 eta_inc 25628 multi_dec -93064 quick_dec -0 nack_dec -87150
Flow Uec_166_38 flowId 171 uecSrc 170 finished at 562.438 total messages 1 total packets 492 RTS 2 total bytes 2002140 in_flight now 0 fair_inc 43379 prop_inc 20702 fast_inc 0 eta_inc 25628 multi_dec -116661 quick_dec -0 nack_dec -112050
Flow Uec_220_92 flowId 123 uecSrc 122 finished at 571.342 total messages 1 total packets 490 RTS 0 total bytes 2002140 in_flight now 0 fair_inc 38318 prop_inc 16975 fast_inc 0 eta_inc 25032 multi_dec -34369 quick_dec -0 nack_dec -166000
Flow Uec_215_87 flowId 40 uecSrc 39 finished at 590.16 total messages 1 total packets 490 RTS 0 total bytes 2002140 in_flight now 0 fair_inc 44545 prop_inc 15235 fast_inc 0 eta_inc 26224 multi_dec -60759 quick_dec -0 nack_dec -161850
Flow Uec_165_37 flowId 42 uecSrc 41 finished at 595.97 total messages 1 total packets 491 RTS 1 total bytes 2002140 in_flight now 0 fair_inc 48507 prop_inc 19735 fast_inc 0 eta_inc 23840 multi_dec -63016 quick_dec -0 nack_dec -141100
Flow Uec_179_51 flowId 112 uecSrc 111 finished at 597.622 total messages 1 total packets 490 RTS 0 total bytes 2002140 in_flight now 0 fair_inc 31611 prop_inc 14829 fast_inc 0 eta_inc 26224 multi_dec -19126 quick_dec -0 nack_dec -170150
Flow Uec_225_97 flowId 25 uecSrc 24 finished at 597.918 total messages 1 total packets 490 RTS 0 total bytes 2002140 in_flight now 0 fair_inc 37641 prop_inc 8574 fast_inc 0 eta_inc 26224 multi_dec -59083 quick_dec -0 nack_dec -145250
Flow Uec_12_140 flowId 110 uecSrc 109 finished at 600.932 total messages 1 total packets 500 RTS 10 total bytes 2002140 in_flight now -64 fair_inc 6165 prop_inc 121635 fast_inc 2035 eta_inc 24436 multi_dec -120183 quick_dec -23443 nack_dec -4150
Flow Uec_149_21 flowId 45 uecSrc 44 finished at 602.848 total messages 1 total packets 492 RTS 2 total bytes 2002140 in_flight now 0 fair_inc 48247 prop_inc 12066 fast_inc 0 eta_inc 26224 multi_dec -48205 quick_dec -0 nack_dec -166000
Flow Uec_168_40 flowId 186 uecSrc 185 finished at 604.668 total messages 1 total packets 490 RTS 0 total bytes 2002140 in_flight now 0 fair_inc 52898 prop_inc 10090 fast_inc 0 eta_inc 27416 multi_dec -52654 quick_dec -0 nack_dec -170150
Flow Uec_102_230 flowId 28 uecSrc 27 finished at 615.42 total messages 1 total packets 490 RTS 0 total bytes 2002140 in_flight now 0 fair_inc 55120 prop_inc 27419 fast_inc 0 eta_inc 27416 multi_dec -112043 quick_dec -0 nack_dec -128650
Flow Uec_186_58 flowId 10 uecSrc 9 finished at 621.885 total messages 1 total packets 493 RTS 3 total bytes 2002140 in_flight now 0 fair_inc 16740 prop_inc 22187 fast_inc 0 eta_inc 25628 multi_dec -1741 quick_dec -0 nack_dec -95450
Flow Uec_181_53 flowId 136 uecSrc 135 finished at 633.138 total messages 1 total packets 490 RTS 0 total bytes 2002140 in_flight now 0 fair_inc 33384 prop_inc 16814 fast_inc 0 eta_inc 28608 multi_dec -48017 quick_dec -0 nack_dec -166000
Flow Uec_214_86 flowId 32 uecSrc 31 finished at 636.423 total messages 1 total packets 490 RTS 0 total bytes 2002140 in_flight now 0 fair_inc 37250 prop_inc 45826 fast_inc 30304 eta_inc 26820 multi_dec -117980 quick_dec -0 nack_dec -107900
Flow Uec_161_33 flowId 22 uecSrc 21 finished at 636.553 total messages 1 total packets 491 RTS 1 total bytes 2002140 in_flight now 0 fair_inc 50714 prop_inc 16278 fast_inc 0 eta_inc 28012 multi_dec -81157 quick_dec -0 nack_dec -153550
Flow Uec_98_226 flowId 170 uecSrc 169 finished at 639.787 total messages 1 total packets 490 RTS 0 total bytes 2002140 in_flight now 0 fair_inc 20749 prop_inc 52233 fast_inc 0 eta_inc 22648 multi_dec -98796 quick_dec -0 nack_dec -116200
Flow Uec_199_71 flowId 14 uecSrc 13 finished at 643.104 total messages 1 total packets 490 RTS 0 total bytes 2002140 in_flight now 0 fair_inc 37418 prop_inc 18885 fast_inc 0 eta_inc 29204 multi_dec -65458 quick_dec -0 nack_dec -149400
Flow Uec_145_17 flowId 144 uecSrc 143 finished at 643.668 total messages 1 total packets 490 RTS 0 total bytes 2002140 in_flight now 0 fair_inc 36182 prop_inc 8755 fast_inc 0 eta_inc 29204 multi_dec -56989 quick_dec -0 nack_dec -153550
Flow Uec_152_24 flowId 52 uecSrc 51 finished at 647.727 total messages 1 total packets 491 RTS 1 total bytes 2002140 in_flight now 0 fair_inc 46140 prop_inc 53369 fast_inc 0 eta_inc 24436 multi_dec -115265 quick_dec -0 nack_dec -112050
Flow Uec_80_208 flowId 106 uecSrc 105 finished at 649.173 total messages 1 total packets 490 RTS 0 total bytes 2002140 in_flight now 0 fair_inc 48125 prop_inc 57302 fast_inc 0 eta_inc 29204 multi_dec -127199 quick_dec -0 nack_dec -112050
Flow Uec_159_31 flowId 5 uecSrc 4 finished at 656.158 total messages 1 total packets 491 RTS 1 total bytes 2002140 in_flight now 0 fair_inc 61912 prop_inc 38619 fast_inc 0 eta_inc 25628 multi_dec -193365 quick_dec -0 nack_dec -62250
Flow Uec_182_54 flowId 96 uecSrc 95 finished at 656.604 total messages 1 total packets 490 RTS 0 total bytes 2002140 in_flight now 0 fair_inc 17573 prop_inc 33411 fast_inc 0 eta_inc 29800 multi_dec -42465 quick_dec -0 nack_dec -166000
Flow Uec_91_219 flowId 39 uecSrc 38 finished at 660.46 total messages 1 total packets 490 RTS 0 total bytes 2002140 in_flight now 0 fair_inc 44970 prop_inc 63674 fast_inc 0 eta_inc 27416 multi_dec -109464 quick_dec -0 nack_dec -128650
Flow Uec_62_190 flowId 172 uecSrc 171 finished at 665.578 total messages 1 total packets 491 RTS 1 total bytes 2002140 in_flight now 0 fair_inc 12153 prop_inc 126581 fast_inc 0 eta_inc 20860 multi_dec -0 quick_dec -170003 nack_dec -20750
Flow Uec_6_134 flowId 64 uecSrc 63 finished at 666.556 total messages 1 total packets 507 RTS 17 total bytes 2002140 in_flight now 0 fair_inc 3462 prop_inc 97324 fast_inc 3030 eta_inc 23244 multi_dec -0 quick_dec -117516 nack_dec -12450
Flow Uec_195_67 flowId 88 uecSrc 87 finished at 673.668 total messages 1 total packets 490 RTS 0 total bytes 2002140 in_flight now 0 fair_inc 46970 prop_inc 39728 fast_inc 5540 eta_inc 25032 multi_dec -110072 quick_dec -0 nack_dec -116200
Flow Uec_212_84 flowId 4 uecSrc 3 finished at 675.814 total messages 1 total packets 490 RTS 0 total bytes 2002140 in_flight now 0 fair_inc 28047 prop_inc 36706 fast_inc 0 eta_inc 23244 multi_dec -109382 quick_dec -0 nack_dec -103750
Flow Uec_146_18 flowId 117 uecSrc 116 finished at 676.712 total messages 1 total packets 490 RTS 0 total bytes 2002140 in_flight now 0 fair_inc 35341 prop_inc 17009 fast_inc 0 eta_inc 26820 multi_dec -33358 quick_dec -0 nack_dec -166000
Flow Uec_180_52 flowId 137 uecSrc 136 finished at 679.784 total messages 1 total packets 490 RTS 0 total bytes 2002140 in_flight now 0 fair_inc 37295 prop_inc 26587 fast_inc 0 eta_inc 31588 multi_dec -64102 quick_dec -0 nack_dec -157700
Flow Uec_203_75 flowId 41 uecSrc 40 finished at 680.908 total messages 1 total packets 490 RTS 0 total bytes 2002140 in_flight now 0 fair_inc 48629 prop_inc 33257 fast_inc 0 eta_inc 29800 multi_dec -99217 quick_dec -0 nack_dec -145250
Flow Uec_92_220 flowId 44 uecSrc 43 finished at 682.32 total messages 1 total packets 490 RTS 0 total bytes 2002140 in_flight now 0 fair_inc 39979 prop_inc 3884 fast_inc 0 eta_inc 30992 multi_dec -72393 quick_dec -0 nack_dec -170150
Flow Uec_58_186 flowId 1 uecSrc 0 finished at 684.091 total messages 1 total packets 492 RTS 2 total bytes 2002140 in_flight now 0 fair_inc 25316 prop_inc 29647 fast_inc 0 eta_inc 32184 multi_dec -2928 quick_dec -0 nack_dec -4150
Flow Uec_3_131 flowId 127 uecSrc 126 finished at 685.539 total messages 1 total packets 510 RTS 20 total bytes 2002140 in_flight now 0 fair_inc 1158 prop_inc 134876 fast_inc 26261 eta_inc 28608 multi_dec -0 quick_dec -70815 nack_dec -4150
Flow Uec_156_28 flowId 87 uecSrc 86 finished at 685.571 total messages 1 total packets 490 RTS 0 total bytes 2002140 in_flight now 0 fair_inc 49358 prop_inc 62450 fast_inc 0 eta_inc 28608 multi_dec -160578 quick_dec -0 nack_dec -91300
Flow Uec_115_243 flowId 46 uecSrc 45 finished at 695.493 total messages 1 total packets 490 RTS 0 total bytes 2002140 in_flight now 0 fair_inc 44796 prop_inc 78926 fast_inc 0 eta_inc 30396 multi_dec -123292 quick_dec -0 nack_dec -120350
Flow Uec_147_19 flowId 79 uecSrc 78 finished at 695.797 total messages 1 total packets 491 RTS 1 total bytes 2002140 in_flight now 0 fair_inc 39530 prop_inc 81939 fast_inc 0 eta_inc 29800 multi_dec -143989 quick_dec -0 nack_dec -99600
Flow Uec_191_63 flowId 151 uecSrc 150 finished at 695.907 total messages 1 total packets 490 RTS 0 total bytes 2002140 in_flight now 0 fair_inc 21057 prop_inc 36288 fast_inc 144949 eta_inc 23840 multi_dec -118326 quick_dec -0 nack_dec -103750
Flow Uec_211_83 flowId 24 uecSrc 23 finished at 696.837 total messages 1 total packets 490 RTS 0 total bytes 2002140 in_flight now 0 fair_inc 18671 prop_inc 51978 fast_inc 122723 eta_inc 30396 multi_dec -131508 quick_dec -0 nack_dec -103750
Flow Uec_78_206 flowId 145 uecSrc 144 finished at 699.296 total messages 1 total packets 490 RTS 0 total bytes 2002140 in_flight now 0 fair_inc 27201 prop_inc 84709 fast_inc 0 eta_inc 25628 multi_dec -119489 quick_dec -0 nack_dec -112050
Flow Uec_97_225 flowId 138 uecSrc 137 finished at 703.061 total messages 1 total packets 490 RTS 0 total bytes 2002140 in_flight now 0 fair_inc 40555 prop_inc 73612 fast_inc 51001 eta_inc 26820 multi_dec -149816 quick_dec -0 nack_dec -99600
Flow Uec_219_91 flowId 125 uecSrc 124 finished at 716.071 total messages 1 total packets 490 RTS 0 total bytes 2002140 in_flight now 0 fair_inc 64857 prop_inc 18781 fast_inc 0 eta_inc 30992 multi_dec -86167 quick_dec -0 nack_dec -161850
Flow Uec_209_81 flowId 66 uecSrc 65 finished at 729.158 total messages 1 total packets 490 RTS 0 total bytes 2002140 in_flight now 0 fair_inc 59359 prop_inc 43501 fast_inc 0 eta_inc 30396 multi_dec -102747 quick_dec -0 nack_dec -145250
Flow Uec_148_20 flowId 188 uecSrc 187 finished at 733.312 total messages 1 total packets 492 RTS 2 total bytes 2002140 in_flight now 0 fair_inc 44829 prop_inc 6798 fast_inc 0 eta_inc 30396 multi_dec -92516 quick_dec -0 nack_dec -157700
Flow Uec_160_32 flowId 156 uecSrc 155 finished at 735.122 total messages 1 total packets 490 RTS 0 total bytes 2002140 in_flight now 0 fair_inc 52638 prop_inc 8983 fast_inc 0 eta_inc 32184 multi_dec -95073 quick_dec -0 nack_dec -149400
Flow Uec_177_49 flowId 111 uecSrc 110 finished at 742.693 total messages 1 total packets 490 RTS 0 total bytes 2002140 in_flight now 0 fair_inc 46728 prop_inc 43285 fast_inc 0 eta_inc 32780 multi_dec -86760 quick_dec -0 nack_dec -161850
Flow Uec_90_218 flowId 182 uecSrc 181 finished at 745.793 total messages 1 total packets 490 RTS 0 total bytes 2002140 in_flight now 0 fair_inc 33585 prop_inc 9708 fast_inc 0 eta_inc 33972 multi_dec -84126 quick_dec -0 nack_dec -132800
Flow Uec_142_14 flowId 37 uecSrc 36 finished at 756.083 total messages 1 total packets 490 RTS 0 total bytes 2002140 in_flight now 0 fair_inc 65139 prop_inc 51496 fast_inc 0 eta_inc 31588 multi_dec -118873 quick_dec -0 nack_dec -153550
Flow Uec_164_36 flowId 83 uecSrc 82 finished at 771.149 total messages 1 total packets 491 RTS 1 total bytes 2002140 in_flight now 0 fair_inc 55932 prop_inc 18639 fast_inc 0 eta_inc 33972 multi_dec -95555 quick_dec -0 nack_dec -145250
Flow Uec_163_35 flowId 115 uecSrc 114 finished at 782.503 total messages 1 total packets 490 RTS 0 total bytes 2002140 in_flight now 0 fair_inc 58460 prop_inc 27161 fast_inc 0 eta_inc 29800 multi_dec -105328 quick_dec -0 nack_dec -132800
Flow Uec_129_1 flowId 61 uecSrc 60 finished at 782.705 total messages 1 total packets 491 RTS 1 total bytes 2002140 in_flight now 0 fair_inc 45597 prop_inc 26936 fast_inc 0 eta_inc 33972 multi_dec -115504 quick_dec -0 nack_dec -120350
Flow Uec_75_203 flowId 59 uecSrc 58 finished at 784.304 total messages 1 total packets 490 RTS 0 total bytes 2002140 in_flight now 0 fair_inc 62250 prop_inc 21767 fast_inc 0 eta_inc 30396 multi_dec -90550 quick_dec -0 nack_dec -161850
Flow Uec_172_44 flowId 184 uecSrc 183 finished at 784.454 total messages 1 total packets 490 RTS 0 total bytes 2002140 in_flight now 0 fair_inc 26059 prop_inc 44439 fast_inc 0 eta_inc 32780 multi_dec -65660 quick_dec -0 nack_dec -157700
Flow Uec_138_10 flowId 122 uecSrc 121 finished at 790.117 total messages 1 total packets 492 RTS 2 total bytes 2002140 in_flight now 0 fair_inc 48948 prop_inc 20087 fast_inc 0 eta_inc 29800 multi_dec -3223 quick_dec -43635 nack_dec -157700
Flow Uec_87_215 flowId 13 uecSrc 12 finished at 794.579 total messages 1 total packets 490 RTS 0 total bytes 2002140 in_flight now 0 fair_inc 41844 prop_inc 29897 fast_inc 0 eta_inc 27416 multi_dec -84671 quick_dec -0 nack_dec -141100
Flow Uec_218_90 flowId 189 uecSrc 188 finished at 804.524 total messages 1 total packets 490 RTS 0 total bytes 2002140 in_flight now 0 fair_inc 73927 prop_inc 24721 fast_inc 0 eta_inc 31588 multi_dec -145609 quick_dec -0 nack_dec -132800
Flow Uec_178_50 flowId 91 uecSrc 90 finished at 814.033 total messages 1 total packets 490 RTS 0 total bytes 2002140 in_flight now 0 fair_inc 25800 prop_inc 72377 fast_inc 0 eta_inc 35164 multi_dec -67191 quick_dec -0 nack_dec -161850
Flow Uec_169_41 flowId 118 uecSrc 117 finished at 827.443 total messages 1 total packets 490 RTS 0 total bytes 2002140 in_flight now 0 fair_inc 49721 prop_inc 45348 fast_inc 0 eta_inc 33972 multi_dec -89051 quick_dec -0 nack_dec -145250
Flow Uec_170_42 flowId 128 uecSrc 127 finished at 829.263 total messages 1 total packets 490 RTS 0 total bytes 2002140 in_flight now 0 fair_inc 42340 prop_inc 51416 fast_inc 0 eta_inc 29800 multi_dec -71086 quick_dec -1496 nack_dec -153550
Flow Uec_188_60 flowId 105 uecSrc 104 finished at 833.088 total messages 1 total packets 490 RTS 0 total bytes 2002140 in_flight now 0 fair_inc 46762 prop_inc 83940 fast_inc 0 eta_inc 30396 multi_dec -167494 quick_dec -3415 nack_dec -107900
Flow Uec_221_93 flowId 161 uecSrc 160 finished at 834.621 total messages 1 total packets 490 RTS 0 total bytes 2002140 in_flight now 0 fair_inc 48967 prop_inc 37064 fast_inc 0 eta_inc 33376 multi_dec -105395 quick_dec -0 nack_dec -145250
Flow Uec_208_80 flowId 55 uecSrc 54 finished at 836.436 total messages 1 total packets 490 RTS 0 total bytes 2002140 in_flight now 0 fair_inc 38539 prop_inc 69699 fast_inc 0 eta_inc 28608 multi_dec -93794 quick_dec -7485 nack_dec -141100
Flow Uec_217_89 flowId 143 uecSrc 142 finished at 839.123 total messages 1 total packets 490 RTS 0 total bytes 2002140 in_flight now 0 fair_inc 53733 prop_inc 39955 fast_inc 0 eta_inc 26224 multi_dec -47370 quick_dec -49290 nack_dec -145250
Flow Uec_206_78 flowId 69 uecSrc 68 finished at 839.424 total messages 1 total packets 490 RTS 0 total bytes 2002140 in_flight now 0 fair_inc 45683 prop_inc 66452 fast_inc 0 eta_inc 28012 multi_dec -56036 quick_dec -89563 nack_dec -120350
Flow Uec_130_2 flowId 2 uecSrc 1 finished at 840.501 total messages 1 total packets 491 RTS 1 total bytes 2002140 in_flight now 0 fair_inc 39222 prop_inc 48906 fast_inc 0 eta_inc 35760 multi_dec -90089 quick_dec -0 nack_dec -157700
Flow Uec_144_16 flowId 124 uecSrc 123 finished at 857.013 total messages 1 total packets 491 RTS 1 total bytes 2002140 in_flight now 0 fair_inc 46908 prop_inc 57560 fast_inc 0 eta_inc 34568 multi_dec -97603 quick_dec -13535 nack_dec -145250
Flow Uec_134_6 flowId 153 uecSrc 152 finished at 858.121 total messages 1 total packets 491 RTS 1 total bytes 2002140 in_flight now 0 fair_inc 50393 prop_inc 88771 fast_inc 0 eta_inc 30992 multi_dec -133565 quick_dec -0 nack_dec -128650
Flow Uec_139_11 flowId 93 uecSrc 92 finished at 858.797 total messages 1 total packets 491 RTS 1 total bytes 2002140 in_flight now 0 fair_inc 29106 prop_inc 77615 fast_inc 0 eta_inc 32184 multi_dec -115426 quick_dec -2098 nack_dec -124500
Flow Uec_11_139 flowId 180 uecSrc 179 finished at 876.914 total messages 1 total packets 510 RTS 20 total bytes 2002140 in_flight now -192 fair_inc 7053 prop_inc 92896 fast_inc 0 eta_inc 27416 multi_dec -0 quick_dec -41181 nack_dec -8300
Flow Uec_70_198 flowId 185 uecSrc 184 finished at 877.007 total messages 1 total packets 490 RTS 0 total bytes 2002140 in_flight now 0 fair_inc 23762 prop_inc 35399 fast_inc 127778 eta_inc 36356 multi_dec -88016 quick_dec -10875 nack_dec -153550
Flow Uec_155_27 flowId 141 uecSrc 140 finished at 881.395 total messages 1 total packets 492 RTS 2 total bytes 2002140 in_flight now 0 fair_inc 56474 prop_inc 85920 fast_inc 0 eta_inc 33376 multi_dec -137866 quick_dec -3073 nack_dec -124500
.Done
New: 94080 Rtx: 4520 RTS: 252 Bounced: 0 ACKs: 73083 NACKs: 3441 Pulls: 0 sleek_pkts: 0
