traffic matrix input file: connection_matrices/load_sweep/load0.75_n256_seed1.cm
Load balancing algorithm set to oblivious
no_of_nodes 256
Dragonfly+ strategy: FPAR
Setting queuesize to 50 packets
endtime(us) 100000
random seed 1
Packet size (MTU) is 4150
Parsed args
Logging to reps_dfp_results/reps_final_sweep/load0.75_oblivious_seed1.dat
Loading connection matrix from connection_matrices/load_sweep/load0.75_n256_seed1.cm
Nodes: 256 Connections: 192 Triggers: 0 Failures: 0
Setting ECN low 33200 high 120350
Dragonfly+ with medium topology type
Link latencies: 1 and switch latencies: 0
queue_id 2 ecn_low 33200 ecn_high 120350
DragonFly+ constructor done, 392 nodes created
Note: topology supports 392 hosts; 136 host port(s) will be unused.
network_max_unloaded_rtt 11.6856 us
Setting min RTO to 114.6
Per-hop RTT normalization: ON (strategy fpar)
Initializing static NSCC parameters: _reference_network_linkspeed=100000000000 _reference_network_rtt=12000000 _reference_network_bdp=150000 _target_Qdelay=8764200 _network_linkspeed=100000000000 _network_rtt=11685600 _network_bdp=146070 _qa_gate=2^3 _qa_threshold=3.50568e+07 _scaling_factor_a=0.9738 _scaling_factor_b=0.73035 _alpha=0.00132632 _fi=19894.7 _eta=596.842 _qa_scaling=1 _gamma=0.8 _fi_scale=0.24345 _delay_alpha=0.0125 _adjust_period_threshold=11685600 _adjust_bytes_threshold=33200
Initialize per-instance NSCC parameters: flowid 1 _base_rtt=11685600 _base_bdp=146070 _bdp=146070 _min_cwnd=4150 _maxwnd=219105 _cwnd=219105
Initialize per-instance NSCC parameters: flowid 2 _base_rtt=11685600 _base_bdp=146070 _bdp=146070 _min_cwnd=4150 _maxwnd=219105 _cwnd=219105
Initialize per-instance NSCC parameters: flowid 3 _base_rtt=11685600 _base_bdp=146070 _bdp=146070 _min_cwnd=4150 _maxwnd=219105 _cwnd=219105
Initialize per-instance NSCC parameters: flowid 4 _base_rtt=11685600 _base_bdp=146070 _bdp=146070 _min_cwnd=4150 _maxwnd=219105 _cwnd=219105
Initialize per-instance NSCC parameters: flowid 5 _base_rtt=11685600 _base_bdp=146070 _bdp=146070 _min_cwnd=4150 _maxwnd=219105 _cwnd=219105
Initialize per-instance NSCC parameters: flowid 6 _base_rtt=11685600 _base_bdp=146070 _bdp=146070 _min_cwnd=4150 _maxwnd=219105 _cwnd=219105
Initialize per-instance NSCC parameters: flowid 7 _base_rtt=11685600 _base_bdp=146070 _bdp=146070 _min_cwnd=4150 _maxwnd=219105 _cwnd=219105
Initialize per-instance NSCC parameters: flowid 8 _base_rtt=11685600 _base_bdp=146070 _bdp=146070 _min_cwnd=4150 _maxwnd=219105 _cwnd=219105
Initialize per-instance NSCC parameters: flowid 9 _base_rtt=11685600 _base_bdp=146070 _bdp=146070 _min_cwnd=4150 _maxwnd=219105 _cwnd=219105
Initialize per-instance NSCC parameters: flowid 10 _base_rtt=11685600 _base_bdp=146070 _bdp=146070 _min_cwnd=4150 _maxwnd=219105 _cwnd=219105
Initialize per-instance NSCC parameters: flowid 11 _base_rtt=11685600 _base_bdp=146070 _bdp=146070 _min_cwnd=4150 _maxwnd=219105 _cwnd=219105
Initialize per-instance NSCC parameters: flowid 12 _base_rtt=11685600 _base_bdp=146070 _bdp=146070 _min_cwnd=4150 _maxwnd=219105 _cwnd=219105
Initialize per-instance NSCC parameters: flowid 13 _base_rtt=11685600 _base_bdp=146070 _bdp=146070 _min_cwnd=4150 _maxwnd=219105 _cwnd=219105
Initialize per-instance NSCC parameters: flowid 14 _base_rtt=11685600 _base_bdp=146070 _bdp=146070 _min_cwnd=4150 _maxwnd=219105 _cwnd=219105
Initialize per-instance NSCC parameters: flowid 15 _base_rtt=11685600 _base_bdp=146070 _bdp=146070 _min_cwnd=4150 _maxwnd=219105 _cwnd=219105
Initialize per-instance NSCC parameters: flowid 16 _base_rtt=11685600 _base_bdp=146070 _bdp=146070 _min_cwnd=4150 _maxwnd=219105 _cwnd=219105
Initialize per-instance NSCC parameters: flowid 17 _base_rtt=11685600 _base_bdp=146070 _bdp=146070 _min_cwnd=4150 _maxwnd=219105 _cwnd=219105
Initialize per-instance NSCC parameters: flowid 18 _base_rtt=11685600 _base_bdp=146070 _bdp=146070 _min_cwnd=4150 _maxwnd=219105 _cwnd=219105
Initialize per-instance NSCC parameters: flowid 19 _base_rtt=11685600 _base_bdp=146070 _bdp=146070 _min_cwnd=4150 _maxwnd=219105 _cwnd=219105
Initialize per-instance NSCC parameters: flowid 20 _base_rtt=11685600 _base_bdp=146070 _bdp=146070 _min_cwnd=4150 _maxwnd=219105 _cwnd=219105
Initialize per-instance NSCC parameters: flowid 21 _base_rtt=11685600 _base_bdp=146070 _bdp=146070 _min_cwnd=4150 _maxwnd=219105 _cwnd=219105
Initialize per-instance NSCC parameters: flowid 22 _base_rtt=11685600 _base_bdp=146070 _bdp=146070 _min_cwnd=4150 _maxwnd=219105 _cwnd=219105
Initialize per-instance NSCC parameters: flowid 23 _base_rtt=11685600 _base_bdp=146070 _bdp=146070 _min_cwnd=4150 _maxwnd=219105 _cwnd=219105
Initialize per-instance NSCC parameters: flowid 24 _base_rtt=11685600 _base_bdp=146070 _bdp=146070 _min_cwnd=4150 _maxwnd=219105 _cwnd=219105
Initialize per-instance NSCC parameters: flowid 25 _base_rtt=11685600 _base_bdp=146070 _bdp=146070 _min_cwnd=4150 _maxwnd=219105 _cwnd=219105
Initialize per-instance NSCC parameters: flowid 26 _base_rtt=11685600 _base_bdp=146070 _bdp=146070 _min_cwnd=4150 _maxwnd=219105 _cwnd=219105
Initialize per-instance NSCC parameters: flowid 27 _base_rtt=11685600 _base_bdp=146070 _bdp=146070 _min_cwnd=4150 _maxwnd=219105 _cwnd=219105
Initialize per-instance NSCC parameters: flowid 28 _base_rtt=11685600 _base_bdp=146070 _bdp=146070 _min_cwnd=4150 _maxwnd=219105 _cwnd=219105
Initialize per-instance NSCC parameters: flowid 29 _base_rtt=11685600 _base_bdp=146070 _bdp=146070 _min_cwnd=4150 _maxwnd=219105 _cwnd=219105
Initialize per-instance NSCC parameters: flowid 30 _base_rtt=11685600 _base_bdp=146070 _bdp=146070 _min_cwnd=4150 _maxwnd=219105 _cwnd=219105
Initialize per-instance NSCC parameters: flowid 31 _base_rtt=11685600 _base_bdp=146070 _bdp=146070 _min_cwnd=4150 _maxwnd=219105 _cwnd=219105
Initialize per-instance NSCC parameters: flowid 32 _base_rtt=11685600 _base_bdp=146070 _bdp=146070 _min_cwnd=4150 _maxwnd=219105 _cwnd=219105
Initialize per-instance NSCC parameters: flowid 33 _base_rtt=11685600 _base_bdp=146070 _bdp=146070 _min_cwnd=4150 _maxwnd=219105 _cwnd=219105
Initialize per-instance NSCC parameters: flowid 34 _base_rtt=11685600 _base_bdp=146070 _bdp=146070 _min_cwnd=4150 _maxwnd=219105 _cwnd=219105
Initialize per-instance NSCC parameters: flowid 35 _base_rtt=11685600 _base_bdp=146070 _bdp=146070 _min_cwnd=4150 _maxwnd=219105 _cwnd=219105
Initialize per-instance NSCC parameters: flowid 36 _base_rtt=11685600 _base_bdp=146070 _bdp=146070 _min_cwnd=4150 _maxwnd=219105 _cwnd=219105
Initialize per-instance NSCC parameters: flowid 37 _base_rtt=11685600 _base_bdp=146070 _bdp=146070 _min_cwnd=4150 _maxwnd=219105 _cwnd=219105
Initialize per-instance NSCC parameters: flowid 38 _base_rtt=11685600 _base_bdp=146070 _bdp=146070 _min_cwnd=4150 _maxwnd=219105 _cwnd=219105
Initialize per-instance NSCC parameters: flowid 39 _base_rtt=11685600 _base_bdp=146070 _bdp=146070 _min_cwnd=4150 _maxwnd=219105 _cwnd=219105
Initialize per-instance NSCC parameters: flowid 40 _base_rtt=11685600 _base_bdp=146070 _bdp=146070 _min_cwnd=4150 _maxwnd=219105 _cwnd=219105
Initialize per-instance NSCC parameters: flowid 41 _base_rtt=11685600 _base_bdp=146070 _bdp=146070 _min_cwnd=4150 _maxwnd=219105 _cwnd=219105
Initialize per-instance NSCC parameters: flowid 42 _base_rtt=11685600 _base_bdp=146070 _bdp=146070 _min_cwnd=4150 _maxwnd=219105 _cwnd=219105
Initialize per-instance NSCC parameters: flowid 43 _base_rtt=11685600 _base_bdp=146070 _bdp=146070 _min_cwnd=4150 _maxwnd=219105 _cwnd=219105
Initialize per-instance NSCC parameters: flowid 44 _base_rtt=11685600 _base_bdp=146070 _bdp=146070 _min_cwnd=4150 _maxwnd=219105 _cwnd=219105
Initialize per-instance NSCC parameters: flowid 45 _base_rtt=11685600 _base_bdp=146070 _bdp=146070 _min_cwnd=4150 _maxwnd=219105 _cwnd=219105
Initialize per-instance NSCC parameters: flowid 46 _base_rtt=11685600 _base_bdp=146070 _bdp=146070 _min_cwnd=4150 _maxwnd=219105 _cwnd=219105
Initialize per-instance NSCC parameters: flowid 47 _base_rtt=11685600 _base_bdp=146070 _bdp=146070 _min_cwnd=4150 _maxwnd=219105 _cwnd=219105
Initialize per-instance NSCC parameters: flowid 48 _base_rtt=11685600 _base_bdp=146070 _bdp=146070 _min_cwnd=4150 _maxwnd=219105 _cwnd=219105
Initialize per-instance NSCC parameters: flowid 49 _base_rtt=11685600 _base_bdp=146070 _bdp=146070 _min_cwnd=4150 _maxwnd=219105 _cwnd=219105
Initialize per-instance NSCC parameters: flowid 50 _base_rtt=11685600 _base_bdp=146070 _bdp=146070 _min_cwnd=4150 _maxwnd=219105 _cwnd=219105
Initialize per-instance NSCC parameters: flowid 51 _base_rtt=11685600 _base_bdp=146070 _bdp=146070 _min_cwnd=4150 _maxwnd=219105 _cwnd=219105
Initialize per-instance NSCC parameters: flowid 52 _base_rtt=11685600 _base_bdp=146070 _bdp=146070 _min_cwnd=4150 _maxwnd=219105 _cwnd=219105
Initialize per-instance NSCC parameters: flowid 53 _base_rtt=11685600 _base_bdp=146070 _bdp=146070 _min_cwnd=4150 _maxwnd=219105 _cwnd=219105
Initialize per-instance NSCC parameters: flowid 54 _base_rtt=11685600 _base_bdp=146070 _bdp=146070 _min_cwnd=4150 _maxwnd=219105 _cwnd=219105
Initialize per-instance NSCC parameters: flowid 55 _base_rtt=11685600 _base_bdp=146070 _bdp=146070 _min_cwnd=4150 _maxwnd=219105 _cwnd=219105
Initialize per-instance NSCC parameters: flowid 56 _base_rtt=11685600 _base_bdp=146070 _bdp=146070 _min_cwnd=4150 _maxwnd=219105 _cwnd=219105
Initialize per-instance NSCC parameters: flowid 57 _base_rtt=11685600 _base_bdp=146070 _bdp=146070 _min_cwnd=4150 _maxwnd=219105 _cwnd=219105
Initialize per-instance NSCC parameters: flowid 58 _base_rtt=11685600 _base_bdp=146070 _bdp=146070 _min_cwnd=4150 _maxwnd=219105 _cwnd=219105
Initialize per-instance NSCC parameters: flowid 59 _base_rtt=11685600 _base_bdp=146070 _bdp=146070 _min_cwnd=4150 _maxwnd=219105 _cwnd=219105
Initialize per-instance NSCC parameters: flowid 60 _base_rtt=11685600 _base_bdp=146070 _bdp=146070 _min_cwnd=4150 _maxwnd=219105 _cwnd=219105
Initialize per-instance NSCC parameters: flowid 61 _base_rtt=11685600 _base_bdp=146070 _bdp=146070 _min_cwnd=4150 _maxwnd=219105 _cwnd=219105
Initialize per-instance NSCC parameters: flowid 62 _base_rtt=11685600 _base_bdp=146070 _bdp=146070 _min_cwnd=4150 _maxwnd=219105 _cwnd=219105
Initialize per-instance NSCC parameters: flowid 63 _base_rtt=11685600 _base_bdp=146070 _bdp=146070 _min_cwnd=4150 _maxwnd=219105 _cwnd=219105
Initialize per-instance NSCC parameters: flowid 64 _base_rtt=11685600 _base_bdp=146070 _bdp=146070 _min_cwnd=4150 _maxwnd=219105 _cwnd=219105
Initialize per-instance NSCC parameters: flowid 65 _base_rtt=11685600 _base_bdp=146070 _bdp=146070 _min_cwnd=4150 _maxwnd=219105 _cwnd=219105
Initialize per-instance NSCC parameters: flowid 66 _base_rtt=11685600 _base_bdp=146070 _bdp=146070 _min_cwnd=4150 _maxwnd=219105 _cwnd=219105
Initialize per-instance NSCC parameters: flowid 67 _base_rtt=11685600 _base_bdp=146070 _bdp=146070 _min_cwnd=4150 _maxwnd=219105 _cwnd=219105
Initialize per-instance NSCC parameters: flowid 68 _base_rtt=11685600 _base_bdp=146070 _bdp=146070 _min_cwnd=4150 _maxwnd=219105 _cwnd=219105
Initialize per-instance NSCC parameters: flowid 69 _base_rtt=11685600 _base_bdp=146070 _bdp=146070 _min_cwnd=4150 _maxwnd=219105 _cwnd=219105
Initialize per-instance NSCC parameters: flowid 70 _base_rtt=11685600 _base_bdp=146070 _bdp=146070 _min_cwnd=4150 _maxwnd=219105 _cwnd=219105
Initialize per-instance NSCC parameters: flowid 71 _base_rtt=11685600 _base_bdp=146070 _bdp=146070 _min_cwnd=4150 _maxwnd=219105 _cwnd=219105
Initialize per-instance NSCC parameters: flowid 72 _base_rtt=11685600 _base_bdp=146070 _bdp=146070 _min_cwnd=4150 _maxwnd=219105 _cwnd=219105
Initialize per-instance NSCC parameters: flowid 73 _base_rtt=11685600 _base_bdp=146070 _bdp=146070 _min_cwnd=4150 _maxwnd=219105 _cwnd=219105
Initialize per-instance NSCC parameters: flowid 74 _base_rtt=11685600 _base_bdp=146070 _bdp=146070 _min_cwnd=4150 _maxwnd=219105 _cwnd=219105
Initialize per-instance NSCC parameters: flowid 75 _base_rtt=11685600 _base_bdp=146070 _bdp=146070 _min_cwnd=4150 _maxwnd=219105 _cwnd=219105
Initialize per-instance NSCC parameters: flowid 76 _base_rtt=11685600 _base_bdp=146070 _bdp=146070 _min_cwnd=4150 _maxwnd=219105 _cwnd=219105
Initialize per-instance NSCC parameters: flowid 77 _base_rtt=11685600 _base_bdp=146070 _bdp=146070 _min_cwnd=4150 _maxwnd=219105 _cwnd=219105
Initialize per-instance NSCC parameters: flowid 78 _base_rtt=11685600 _base_bdp=146070 _bdp=146070 _min_cwnd=4150 _maxwnd=219105 _cwnd=219105
Initialize per-instance NSCC parameters: flowid 79 _base_rtt=11685600 _base_bdp=146070 _bdp=146070 _min_cwnd=4150 _maxwnd=219105 _cwnd=219105
Initialize per-instance NSCC parameters: flowid 80 _base_rtt=11685600 _base_bdp=146070 _bdp=146070 _min_cwnd=4150 _maxwnd=219105 _cwnd=219105
Initialize per-instance NSCC parameters: flowid 81 _base_rtt=11685600 _base_bdp=146070 _bdp=146070 _min_cwnd=4150 _maxwnd=219105 _cwnd=219105
Initialize per-instance NSCC parameters: flowid 82 _base_rtt=11685600 _base_bdp=146070 _bdp=146070 _min_cwnd=4150 _maxwnd=219105 _cwnd=219105
Initialize per-instance NSCC parameters: flowid 83 _base_rtt=11685600 _base_bdp=146070 _bdp=146070 _min_cwnd=4150 _maxwnd=219105 _cwnd=219105
Initialize per-instance NSCC parameters: flowid 84 _base_rtt=11685600 _base_bdp=146070 _bdp=146070 _min_cwnd=4150 _maxwnd=219105 _cwnd=219105
Initialize per-instance NSCC parameters: flowid 85 _base_rtt=11685600 _base_bdp=146070 _bdp=146070 _min_cwnd=4150 _maxwnd=219105 _cwnd=219105
Initialize per-instance NSCC parameters: flowid 86 _base_rtt=11685600 _base_bdp=146070 _bdp=146070 _min_cwnd=4150 _maxwnd=219105 _cwnd=219105
Initialize per-instance NSCC parameters: flowid 87 _base_rtt=11685600 _base_bdp=146070 _bdp=146070 _min_cwnd=4150 _maxwnd=219105 _cwnd=219105
Initialize per-instance NSCC parameters: flowid 88 _base_rtt=11685600 _base_bdp=146070 _bdp=146070 _min_cwnd=4150 _maxwnd=219105 _cwnd=219105
Initialize per-instance NSCC parameters: flowid 89 _base_rtt=11685600 _base_bdp=146070 _bdp=146070 _min_cwnd=4150 _maxwnd=219105 _cwnd=219105
Initialize per-instance NSCC parameters: flowid 90 _base_rtt=11685600 _base_bdp=146070 _bdp=146070 _min_cwnd=4150 _maxwnd=219105 _cwnd=219105
Initialize per-instance NSCC parameters: flowid 91 _base_rtt=11685600 _base_bdp=146070 _bdp=146070 _min_cwnd=4150 _maxwnd=219105 _cwnd=219105
Initialize per-instance NSCC parameters: flowid 92 _base_rtt=11685600 _base_bdp=146070 _bdp=146070 _min_cwnd=4150 _maxwnd=219105 _cwnd=219105
Initialize per-instance NSCC parameters: flowid 93 _base_rtt=11685600 _base_bdp=146070 _bdp=146070 _min_cwnd=4150 _maxwnd=219105 _cwnd=219105
Initialize per-instance NSCC parameters: flowid 94 _base_rtt=11685600 _base_bdp=146070 _bdp=146070 _min_cwnd=4150 _maxwnd=219105 _cwnd=219105
Initialize per-instance NSCC parameters: flowid 95 _base_rtt=11685600 _base_bdp=146070 _bdp=146070 _min_cwnd=4150 _maxwnd=219105 _cwnd=219105
Initialize per-instance NSCC parameters: flowid 96 _base_rtt=11685600 _base_bdp=146070 _bdp=146070 _min_cwnd=4150 _maxwnd=219105 _cwnd=219105
Initialize per-instance NSCC parameters: flowid 97 _base_rtt=11685600 _base_bdp=146070 _bdp=146070 _min_cwnd=4150 _maxwnd=219105 _cwnd=219105
Initialize per-instance NSCC parameters: flowid 98 _base_rtt=11685600 _base_bdp=146070 _bdp=146070 _min_cwnd=4150 _maxwnd=219105 _cwnd=219105
Initialize per-instance NSCC parameters: flowid 99 _base_rtt=11685600 _base_bdp=146070 _bdp=146070 _min_cwnd=4150 _maxwnd=219105 _cwnd=219105
Initialize per-instance NSCC parameters: flowid 100 _base_rtt=11685600 _base_bdp=146070 _bdp=146070 _min_cwnd=4150 _maxwnd=219105 _cwnd=219105
Initialize per-instance NSCC parameters: flowid 101 _base_rtt=11685600 _base_bdp=146070 _bdp=146070 _min_cwnd=4150 _maxwnd=219105 _cwnd=219105
Initialize per-instance NSCC parameters: flowid 102 _base_rtt=11685600 _base_bdp=146070 _bdp=146070 _min_cwnd=4150 _maxwnd=219105 _cwnd=219105
Initialize per-instance NSCC parameters: flowid 103 _base_rtt=11685600 _base_bdp=146070 _bdp=146070 _min_cwnd=4150 _maxwnd=219105 _cwnd=219105
Initialize per-instance NSCC parameters: flowid 104 _base_rtt=11685600 _base_bdp=146070 _bdp=146070 _min_cwnd=4150 _maxwnd=219105 _cwnd=219105
Initialize per-instance NSCC parameters: flowid 105 _base_rtt=11685600 _base_bdp=146070 _bdp=146070 _min_cwnd=4150 _maxwnd=219105 _cwnd=219105
Initialize per-instance NSCC parameters: flowid 106 _base_rtt=11685600 _base_bdp=146070 _bdp=146070 _min_cwnd=4150 _maxwnd=219105 _cwnd=219105
Initialize per-instance NSCC parameters: flowid 107 _base_rtt=11685600 _base_bdp=146070 _bdp=146070 _min_cwnd=4150 _maxwnd=219105 _cwnd=219105
Initialize per-instance NSCC parameters: flowid 108 _base_rtt=11685600 _base_bdp=146070 _bdp=146070 _min_cwnd=4150 _maxwnd=219105 _cwnd=219105
Initialize per-instance NSCC parameters: flowid 109 _base_rtt=11685600 _base_bdp=146070 _bdp=146070 _min_cwnd=4150 _maxwnd=219105 _cwnd=219105
Initialize per-instance NSCC parameters: flowid 110 _base_rtt=11685600 _base_bdp=146070 _bdp=146070 _min_cwnd=4150 _maxwnd=219105 _cwnd=219105
Initialize per-instance NSCC parameters: flowid 111 _base_rtt=11685600 _base_bdp=146070 _bdp=146070 _min_cwnd=4150 _maxwnd=219105 _cwnd=219105
Initialize per-instance NSCC parameters: flowid 112 _base_rtt=11685600 _base_bdp=146070 _bdp=146070 _min_cwnd=4150 _maxwnd=219105 _cwnd=219105
Initialize per-instance NSCC parameters: flowid 113 _base_rtt=11685600 _base_bdp=146070 _bdp=146070 _min_cwnd=4150 _maxwnd=219105 _cwnd=219105
Initialize per-instance NSCC parameters: flowid 114 _base_rtt=11685600 _base_bdp=146070 _bdp=146070 _min_cwnd=4150 _maxwnd=219105 _cwnd=219105
Initialize per-instance NSCC parameters: flowid 115 _base_rtt=11685600 _base_bdp=146070 _bdp=146070 _min_cwnd=4150 _maxwnd=219105 _cwnd=219105
Initialize per-instance NSCC parameters: flowid 116 _base_rtt=11685600 _base_bdp=146070 _bdp=146070 _min_cwnd=4150 _maxwnd=219105 _cwnd=219105
Initialize per-instance NSCC parameters: flowid 117 _base_rtt=11685600 _base_bdp=146070 _bdp=146070 _min_cwnd=4150 _maxwnd=219105 _cwnd=219105
Initialize per-instance NSCC parameters: flowid 118 _base_rtt=11685600 _base_bdp=146070 _bdp=146070 _min_cwnd=4150 _maxwnd=219105 _cwnd=219105
Initialize per-instance NSCC parameters: flowid 119 _base_rtt=11685600 _base_bdp=146070 _bdp=146070 _min_cwnd=4150 _maxwnd=219105 _cwnd=219105
Initialize per-instance NSCC parameters: flowid 120 _base_rtt=11685600 _base_bdp=146070 _bdp=146070 _min_cwnd=4150 _maxwnd=219105 _cwnd=219105
Initialize per-instance NSCC parameters: flowid 121 _base_rtt=11685600 _base_bdp=146070 _bdp=146070 _min_cwnd=4150 _maxwnd=219105 _cwnd=219105
Initialize per-instance NSCC parameters: flowid 122 _base_rtt=11685600 _base_bdp=146070 _bdp=146070 _min_cwnd=4150 _maxwnd=219105 _cwnd=219105
Initialize per-instance NSCC parameters: flowid 123 _base_rtt=11685600 _base_bdp=146070 _bdp=146070 _min_cwnd=4150 _maxwnd=219105 _cwnd=219105
Initialize per-instance NSCC parameters: flowid 124 _base_rtt=11685600 _base_bdp=146070 _bdp=146070 _min_cwnd=4150 _maxwnd=219105 _cwnd=219105
Initialize per-instance NSCC parameters: flowid 125 _base_rtt=11685600 _base_bdp=146070 _bdp=146070 _min_cwnd=4150 _maxwnd=219105 _cwnd=219105
Initialize per-instance NSCC parameters: flowid 126 _base_rtt=11685600 _base_bdp=146070 _bdp=146070 _min_cwnd=4150 _maxwnd=219105 _cwnd=219105
Initialize per-instance NSCC parameters: flowid 127 _base_rtt=11685600 _base_bdp=146070 _bdp=146070 _min_cwnd=4150 _maxwnd=219105 _cwnd=219105
Initialize per-instance NSCC parameters: flowid 128 _base_rtt=11685600 _base_bdp=146070 _bdp=146070 _min_cwnd=4150 _maxwnd=219105 _cwnd=219105
Initialize per-instance NSCC parameters: flowid 129 _base_rtt=11685600 _base_bdp=146070 _bdp=146070 _min_cwnd=4150 _maxwnd=219105 _cwnd=219105
Initialize per-instance NSCC parameters: flowid 130 _base_rtt=11685600 _base_bdp=146070 _bdp=146070 _min_cwnd=4150 _maxwnd=219105 _cwnd=219105
Initialize per-instance NSCC parameters: flowid 131 _base_rtt=11685600 _base_bdp=146070 _bdp=146070 _min_cwnd=4150 _maxwnd=219105 _cwnd=219105
Initialize per-instance NSCC parameters: flowid 132 _base_rtt=11685600 _base_bdp=146070 _bdp=146070 _min_cwnd=4150 _maxwnd=219105 _cwnd=219105
Initialize per-instance NSCC parameters: flowid 133 _base_rtt=11685600 _base_bdp=146070 _bdp=146070 _min_cwnd=4150 _maxwnd=219105 _cwnd=219105
Initialize per-instance NSCC parameters: flowid 134 _base_rtt=11685600 _base_bdp=146070 _bdp=146070 _min_cwnd=4150 _maxwnd=219105 _cwnd=219105
Initialize per-instance NSCC parameters: flowid 135 _base_rtt=11685600 _base_bdp=146070 _bdp=146070 _min_cwnd=4150 _maxwnd=219105 _cwnd=219105
Initialize per-instance NSCC parameters: flowid 136 _base_rtt=11685600 _base_bdp=146070 _bdp=146070 _min_cwnd=4150 _maxwnd=219105 _cwnd=219105
Initialize per-instance NSCC parameters: flowid 137 _base_rtt=11685600 _base_bdp=146070 _bdp=146070 _min_cwnd=4150 _maxwnd=219105 _cwnd=219105
Initialize per-instance NSCC parameters: flowid 138 _base_rtt=11685600 _base_bdp=146070 _bdp=146070 _min_cwnd=4150 _maxwnd=219105 _cwnd=219105
Initialize per-instance NSCC parameters: flowid 139 _base_rtt=11685600 _base_bdp=146070 _bdp=146070 _min_cwnd=4150 _maxwnd=219105 _cwnd=219105
Initialize per-instance NSCC parameters: flowid 140 _base_rtt=11685600 _base_bdp=146070 _bdp=146070 _min_cwnd=4150 _maxwnd=219105 _cwnd=219105
Initialize per-instance NSCC parameters: flowid 141 _base_rtt=11685600 _base_bdp=146070 _bdp=146070 _min_cwnd=4150 _maxwnd=219105 _cwnd=219105
Initialize per-instance NSCC parameters: flowid 142 _base_rtt=11685600 _base_bdp=146070 _bdp=146070 _min_cwnd=4150 _maxwnd=219105 _cwnd=219105
Initialize per-instance NSCC parameters: flowid 143 _base_rtt=11685600 _base_bdp=146070 _bdp=146070 _min_cwnd=4150 _maxwnd=219105 _cwnd=219105
Initialize per-instance NSCC parameters: flowid 144 _base_rtt=11685600 _base_bdp=146070 _bdp=146070 _min_cwnd=4150 _maxwnd=219105 _cwnd=219105
Initialize per-instance NSCC parameters: flowid 145 _base_rtt=11685600 _base_bdp=146070 _bdp=146070 _min_cwnd=4150 _maxwnd=219105 _cwnd=219105
Initialize per-instance NSCC parameters: flowid 146 _base_rtt=11685600 _base_bdp=146070 _bdp=146070 _min_cwnd=4150 _maxwnd=219105 _cwnd=219105
Initialize per-instance NSCC parameters: flowid 147 _base_rtt=11685600 _base_bdp=146070 _bdp=146070 _min_cwnd=4150 _maxwnd=219105 _cwnd=219105
Initialize per-instance NSCC parameters: flowid 148 _base_rtt=11685600 _base_bdp=146070 _bdp=146070 _min_cwnd=4150 _maxwnd=219105 _cwnd=219105
Initialize per-instance NSCC parameters: flowid 149 _base_rtt=11685600 _base_bdp=146070 _bdp=146070 _min_cwnd=4150 _maxwnd=219105 _cwnd=219105
Initialize per-instance NSCC parameters: flowid 150 _base_rtt=11685600 _base_bdp=146070 _bdp=146070 _min_cwnd=4150 _maxwnd=219105 _cwnd=219105
Initialize per-instance NSCC parameters: flowid 151 _base_rtt=11685600 _base_bdp=146070 _bdp=146070 _min_cwnd=4150 _maxwnd=219105 _cwnd=219105
Initialize per-instance NSCC parameters: flowid 152 _base_rtt=11685600 _base_bdp=146070 _bdp=146070 _min_cwnd=4150 _maxwnd=219105 _cwnd=219105
Initialize per-instance NSCC parameters: flowid 153 _base_rtt=11685600 _base_bdp=146070 _bdp=146070 _min_cwnd=4150 _maxwnd=219105 _cwnd=219105
Initialize per-instance NSCC parameters: flowid 154 _base_rtt=11685600 _base_bdp=146070 _bdp=146070 _min_cwnd=4150 _maxwnd=219105 _cwnd=219105
Initialize per-instance NSCC parameters: flowid 155 _base_rtt=11685600 _base_bdp=146070 _bdp=146070 _min_cwnd=4150 _maxwnd=219105 _cwnd=219105
Initialize per-instance NSCC parameters: flowid 156 _base_rtt=11685600 _base_bdp=146070 _bdp=146070 _min_cwnd=4150 _maxwnd=219105 _cwnd=219105
Initialize per-instance NSCC parameters: flowid 157 _base_rtt=11685600 _base_bdp=146070 _bdp=146070 _min_cwnd=4150 _maxwnd=219105 _cwnd=219105
Initialize per-instance NSCC parameters: flowid 158 _base_rtt=11685600 _base_bdp=146070 _bdp=146070 _min_cwnd=4150 _maxwnd=219105 _cwnd=219105
Initialize per-instance NSCC parameters: flowid 159 _base_rtt=11685600 _base_bdp=146070 _bdp=146070 _min_cwnd=4150 _maxwnd=219105 _cwnd=219105
Initialize per-instance NSCC parameters: flowid 160 _base_rtt=11685600 _base_bdp=146070 _bdp=146070 _min_cwnd=4150 _maxwnd=219105 _cwnd=219105
Initialize per-instance NSCC parameters: flowid 161 _base_rtt=11685600 _base_bdp=146070 _bdp=146070 _min_cwnd=4150 _maxwnd=219105 _cwnd=219105
Initialize per-instance NSCC parameters: flowid 162 _base_rtt=11685600 _base_bdp=146070 _bdp=146070 _min_cwnd=4150 _maxwnd=219105 _cwnd=219105
Initialize per-instance NSCC parameters: flowid 163 _base_rtt=11685600 _base_bdp=146070 _bdp=146070 _min_cwnd=4150 _maxwnd=219105 _cwnd=219105
Initialize per-instance NSCC parameters: flowid 164 _base_rtt=11685600 _base_bdp=146070 _bdp=146070 _min_cwnd=4150 _maxwnd=219105 _cwnd=219105
Initialize per-instance NSCC parameters: flowid 165 _base_rtt=11685600 _base_bdp=146070 _bdp=146070 _min_cwnd=4150 _maxwnd=219105 _cwnd=219105
Initialize per-instance NSCC parameters: flowid 166 _base_rtt=11685600 _base_bdp=146070 _bdp=146070 _min_cwnd=4150 _maxwnd=219105 _cwnd=219105
Initialize per-instance NSCC parameters: flowid 167 _base_rtt=11685600 _base_bdp=146070 _bdp=146070 _min_cwnd=4150 _maxwnd=219105 _cwnd=219105
Initialize per-instance NSCC parameters: flowid 168 _base_rtt=11685600 _base_bdp=146070 _bdp=146070 _min_cwnd=4150 _maxwnd=219105 _cwnd=219105
Initialize per-instance NSCC parameters: flowid 169 _base_rtt=11685600 _base_bdp=146070 _bdp=146070 _min_cwnd=4150 _maxwnd=219105 _cwnd=219105
Initialize per-instance NSCC parameters: flowid 170 _base_rtt=11685600 _base_bdp=146070 _bdp=146070 _min_cwnd=4150 _maxwnd=219105 _cwnd=219105
Initialize per-instance NSCC parameters: flowid 171 _base_rtt=11685600 _base_bdp=146070 _bdp=146070 _min_cwnd=4150 _maxwnd=219105 _cwnd=219105
Initialize per-instance NSCC parameters: flowid 172 _base_rtt=11685600 _base_bdp=146070 _bdp=146070 _min_cwnd=4150 _maxwnd=219105 _cwnd=219105
Initialize per-instance NSCC parameters: flowid 173 _base_rtt=11685600 _base_bdp=146070 _bdp=146070 _min_cwnd=4150 _maxwnd=219105 _cwnd=219105
Initialize per-instance NSCC parameters: flowid 174 _base_rtt=11685600 _base_bdp=146070 _bdp=146070 _min_cwnd=4150 _maxwnd=219105 _cwnd=219105
Initialize per-instance NSCC parameters: flowid 175 _base_rtt=11685600 _base_bdp=146070 _bdp=146070 _min_cwnd=4150 _maxwnd=219105 _cwnd=219105
Initialize per-instance NSCC parameters: flowid 176 _base_rtt=11685600 _base_bdp=146070 _bdp=146070 _min_cwnd=4150 _maxwnd=219105 _cwnd=219105
Initialize per-instance NSCC parameters: flowid 177 _base_rtt=11685600 _base_bdp=146070 _bdp=146070 _min_cwnd=4150 _maxwnd=219105 _cwnd=219105
Initialize per-instance NSCC parameters: flowid 178 _base_rtt=11685600 _base_bdp=146070 _bdp=146070 _min_cwnd=4150 _maxwnd=219105 _cwnd=219105
Initialize per-instance NSCC parameters: flowid 179 _base_rtt=11685600 _base_bdp=146070 _bdp=146070 _min_cwnd=4150 _maxwnd=219105 _cwnd=219105
Initialize per-instance NSCC parameters: flowid 180 _base_rtt=11685600 _base_bdp=146070 _bdp=146070 _min_cwnd=4150 _maxwnd=219105 _cwnd=219105
Initialize per-instance NSCC parameters: flowid 181 _base_rtt=11685600 _base_bdp=146070 _bdp=146070 _min_cwnd=4150 _maxwnd=219105 _cwnd=219105
Initialize per-instance NSCC parameters: flowid 182 _base_rtt=11685600 _base_bdp=146070 _bdp=146070 _min_cwnd=4150 _maxwnd=219105 _cwnd=219105
Initialize per-instance NSCC parameters: flowid 183 _base_rtt=11685600 _base_bdp=146070 _bdp=146070 _min_cwnd=4150 _maxwnd=219105 _cwnd=219105
Initialize per-instance NSCC parameters: flowid 184 _base_rtt=11685600 _base_bdp=146070 _bdp=146070 _min_cwnd=4150 _maxwnd=219105 _cwnd=219105
Initialize per-instance NSCC parameters: flowid 185 _base_rtt=11685600 _base_bdp=146070 _bdp=146070 _min_cwnd=4150 _maxwnd=219105 _cwnd=219105
Initialize per-instance NSCC parameters: flowid 186 _base_rtt=11685600 _base_bdp=146070 _bdp=146070 _min_cwnd=4150 _maxwnd=219105 _cwnd=219105
Initialize per-instance NSCC parameters: flowid 187 _base_rtt=11685600 _base_bdp=146070 _bdp=146070 _min_cwnd=4150 _maxwnd=219105 _cwnd=219105
Initialize per-instance NSCC parameters: flowid 188 _base_rtt=11685600 _base_bdp=146070 _bdp=146070 _min_cwnd=4150 _maxwnd=219105 _cwnd=219105
Initialize per-instance NSCC parameters: flowid 189 _base_rtt=11685600 _base_bdp=146070 _bdp=146070 _min_cwnd=4150 _maxwnd=219105 _cwnd=219105
Initialize per-instance NSCC parameters: flowid 190 _base_rtt=11685600 _base_bdp=146070 _bdp=146070 _min_cwnd=4150 _maxwnd=219105 _cwnd=219105
Initialize per-instance NSCC parameters: flowid 191 _base_rtt=11685600 _base_bdp=146070 _bdp=146070 _min_cwnd=4150 _maxwnd=219105 _cwnd=219105
Initialize per-instance NSCC parameters: flowid 192 _base_rtt=11685600 _base_bdp=146070 _bdp=146070 _min_cwnd=4150 _maxwnd=219105 _cwnd=219105
Starting simulation
Flow Uec_12_140 flowId 1 uecSrc 0 starting at 0
Flow Uec_147_19 flowId 2 uecSrc 1 starting at 0
Flow Uec_252_124 flowId 3 uecSrc 2 starting at 0
Flow Uec_193_65 flowId 4 uecSrc 3 starting at 0
Flow Uec_175_47 flowId 5 uecSrc 4 starting at 0
Flow Uec_214_86 flowId 6 uecSrc 5 starting at 0
Flow Uec_36_164 flowId 7 uecSrc 6 starting at 0
Flow Uec_246_118 flowId 8 uecSrc 7 starting at 0
Flow Uec_157_29 flowId 9 uecSrc 8 starting at 0
Flow Uec_179_51 flowId 10 uecSrc 9 starting at 0
Flow Uec_245_117 flowId 11 uecSrc 10 starting at 0
Flow Uec_81_209 flowId 12 uecSrc 11 starting at 0
Flow Uec_18_146 flowId 13 uecSrc 12 starting at 0
Flow Uec_168_40 flowId 14 uecSrc 13 starting at 0
Flow Uec_152_24 flowId 15 uecSrc 14 starting at 0
Flow Uec_35_163 flowId 16 uecSrc 15 starting at 0
Flow Uec_162_34 flowId 17 uecSrc 16 starting at 0
Flow Uec_164_36 flowId 18 uecSrc 17 starting at 0
Flow Uec_84_212 flowId 19 uecSrc 18 starting at 0
Flow Uec_96_224 flowId 20 uecSrc 19 starting at 0
Flow Uec_34_162 flowId 21 uecSrc 20 starting at 0
Flow Uec_171_43 flowId 22 uecSrc 21 starting at 0
Flow Uec_23_151 flowId 23 uecSrc 22 starting at 0
Flow Uec_137_9 flowId 24 uecSrc 23 starting at 0
Flow Uec_247_119 flowId 25 uecSrc 24 starting at 0
Flow Uec_148_20 flowId 26 uecSrc 25 starting at 0
Flow Uec_242_114 flowId 27 uecSrc 26 starting at 0
Flow Uec_40_168 flowId 28 uecSrc 27 starting at 0
Flow Uec_142_14 flowId 29 uecSrc 28 starting at 0
Flow Uec_69_197 flowId 30 uecSrc 29 starting at 0
Flow Uec_251_123 flowId 31 uecSrc 30 starting at 0
Flow Uec_77_205 flowId 32 uecSrc 31 starting at 0
Flow Uec_254_126 flowId 33 uecSrc 32 starting at 0
Flow Uec_228_100 flowId 34 uecSrc 33 starting at 0
Flow Uec_28_156 flowId 35 uecSrc 34 starting at 0
Flow Uec_156_28 flowId 36 uecSrc 35 starting at 0
Flow Uec_149_21 flowId 37 uecSrc 36 starting at 0
Flow Uec_196_68 flowId 38 uecSrc 37 starting at 0
Flow Uec_151_23 flowId 39 uecSrc 38 starting at 0
Flow Uec_109_237 flowId 40 uecSrc 39 starting at 0
Flow Uec_37_165 flowId 41 uecSrc 40 starting at 0
Flow Uec_219_91 flowId 42 uecSrc 41 starting at 0
Flow Uec_227_99 flowId 43 uecSrc 42 starting at 0
Flow Uec_185_57 flowId 44 uecSrc 43 starting at 0
Flow Uec_80_208 flowId 45 uecSrc 44 starting at 0
Flow Uec_130_2 flowId 46 uecSrc 45 starting at 0
Flow Uec_177_49 flowId 47 uecSrc 46 starting at 0
Flow Uec_70_198 flowId 48 uecSrc 47 starting at 0
Flow Uec_66_194 flowId 49 uecSrc 48 starting at 0
Flow Uec_49_177 flowId 50 uecSrc 49 starting at 0
Flow Uec_72_200 flowId 51 uecSrc 50 starting at 0
Flow Uec_3_131 flowId 52 uecSrc 51 starting at 0
Flow Uec_140_12 flowId 53 uecSrc 52 starting at 0
Flow Uec_63_191 flowId 54 uecSrc 53 starting at 0
Flow Uec_211_83 flowId 55 uecSrc 54 starting at 0
Flow Uec_125_253 flowId 56 uecSrc 55 starting at 0
Flow Uec_82_210 flowId 57 uecSrc 56 starting at 0
Flow Uec_115_243 flowId 58 uecSrc 57 starting at 0
Flow Uec_194_66 flowId 59 uecSrc 58 starting at 0
Flow Uec_182_54 flowId 60 uecSrc 59 starting at 0
Flow Uec_127_255 flowId 61 uecSrc 60 starting at 0
Flow Uec_10_138 flowId 62 uecSrc 61 starting at 0
Flow Uec_85_213 flowId 63 uecSrc 62 starting at 0
Flow Uec_249_121 flowId 64 uecSrc 63 starting at 0
Flow Uec_99_227 flowId 65 uecSrc 64 starting at 0
Flow Uec_186_58 flowId 66 uecSrc 65 starting at 0
Flow Uec_210_82 flowId 67 uecSrc 66 starting at 0
Flow Uec_76_204 flowId 68 uecSrc 67 starting at 0
Flow Uec_197_69 flowId 69 uecSrc 68 starting at 0
Flow Uec_154_26 flowId 70 uecSrc 69 starting at 0
Flow Uec_169_41 flowId 71 uecSrc 70 starting at 0
Flow Uec_105_233 flowId 72 uecSrc 71 starting at 0
Flow Uec_42_170 flowId 73 uecSrc 72 starting at 0
Flow Uec_21_149 flowId 74 uecSrc 73 starting at 0
Flow Uec_94_222 flowId 75 uecSrc 74 starting at 0
Flow Uec_64_192 flowId 76 uecSrc 75 starting at 0
Flow Uec_104_232 flowId 77 uecSrc 76 starting at 0
Flow Uec_201_73 flowId 78 uecSrc 77 starting at 0
Flow Uec_90_218 flowId 79 uecSrc 78 starting at 0
Flow Uec_71_199 flowId 80 uecSrc 79 starting at 0
Flow Uec_226_98 flowId 81 uecSrc 80 starting at 0
Flow Uec_229_101 flowId 82 uecSrc 81 starting at 0
Flow Uec_20_148 flowId 83 uecSrc 82 starting at 0
Flow Uec_232_104 flowId 84 uecSrc 83 starting at 0
Flow Uec_191_63 flowId 85 uecSrc 84 starting at 0
Flow Uec_44_172 flowId 86 uecSrc 85 starting at 0
Flow Uec_238_110 flowId 87 uecSrc 86 starting at 0
Flow Uec_22_150 flowId 88 uecSrc 87 starting at 0
Flow Uec_19_147 flowId 89 uecSrc 88 starting at 0
Flow Uec_131_3 flowId 90 uecSrc 89 starting at 0
Flow Uec_68_196 flowId 91 uecSrc 90 starting at 0
Flow Uec_158_30 flowId 92 uecSrc 91 starting at 0
Flow Uec_113_241 flowId 93 uecSrc 92 starting at 0
Flow Uec_88_216 flowId 94 uecSrc 93 starting at 0
Flow Uec_206_78 flowId 95 uecSrc 94 starting at 0
Flow Uec_166_38 flowId 96 uecSrc 95 starting at 0
Flow Uec_167_39 flowId 97 uecSrc 96 starting at 0
Flow Uec_183_55 flowId 98 uecSrc 97 starting at 0
Flow Uec_100_228 flowId 99 uecSrc 98 starting at 0
Flow Uec_129_1 flowId 100 uecSrc 99 starting at 0
Flow Uec_145_17 flowId 101 uecSrc 100 starting at 0
Flow Uec_207_79 flowId 102 uecSrc 101 starting at 0
Flow Uec_143_15 flowId 103 uecSrc 102 starting at 0
Flow Uec_108_236 flowId 104 uecSrc 103 starting at 0
Flow Uec_43_171 flowId 105 uecSrc 104 starting at 0
Flow Uec_26_154 flowId 106 uecSrc 105 starting at 0
Flow Uec_31_159 flowId 107 uecSrc 106 starting at 0
Flow Uec_101_229 flowId 108 uecSrc 107 starting at 0
Flow Uec_165_37 flowId 109 uecSrc 108 starting at 0
Flow Uec_176_48 flowId 110 uecSrc 109 starting at 0
Flow Uec_159_31 flowId 111 uecSrc 110 starting at 0
Flow Uec_86_214 flowId 112 uecSrc 111 starting at 0
Flow Uec_65_193 flowId 113 uecSrc 112 starting at 0
Flow Uec_24_152 flowId 114 uecSrc 113 starting at 0
Flow Uec_240_112 flowId 115 uecSrc 114 starting at 0
Flow Uec_4_132 flowId 116 uecSrc 115 starting at 0
Flow Uec_45_173 flowId 117 uecSrc 116 starting at 0
Flow Uec_93_221 flowId 118 uecSrc 117 starting at 0
Flow Uec_220_92 flowId 119 uecSrc 118 starting at 0
Flow Uec_5_133 flowId 120 uecSrc 119 starting at 0
Flow Uec_231_103 flowId 121 uecSrc 120 starting at 0
Flow Uec_139_11 flowId 122 uecSrc 121 starting at 0
Flow Uec_61_189 flowId 123 uecSrc 122 starting at 0
Flow Uec_204_76 flowId 124 uecSrc 123 starting at 0
Flow Uec_132_4 flowId 125 uecSrc 124 starting at 0
Flow Uec_170_42 flowId 126 uecSrc 125 starting at 0
Flow Uec_181_53 flowId 127 uecSrc 126 starting at 0
Flow Uec_213_85 flowId 128 uecSrc 127 starting at 0
Flow Uec_97_225 flowId 129 uecSrc 128 starting at 0
Flow Uec_32_160 flowId 130 uecSrc 129 starting at 0
Flow Uec_57_185 flowId 131 uecSrc 130 starting at 0
Flow Uec_1_129 flowId 132 uecSrc 131 starting at 0
Flow Uec_106_234 flowId 133 uecSrc 132 starting at 0
Flow Uec_212_84 flowId 134 uecSrc 133 starting at 0
Flow Uec_138_10 flowId 135 uecSrc 134 starting at 0
Flow Uec_46_174 flowId 136 uecSrc 135 starting at 0
Flow Uec_136_8 flowId 137 uecSrc 136 starting at 0
Flow Uec_174_46 flowId 138 uecSrc 137 starting at 0
Flow Uec_111_239 flowId 139 uecSrc 138 starting at 0
Flow Uec_102_230 flowId 140 uecSrc 139 starting at 0
Flow Uec_79_207 flowId 141 uecSrc 140 starting at 0
Flow Uec_134_6 flowId 142 uecSrc 141 starting at 0
Flow Uec_180_52 flowId 143 uecSrc 142 starting at 0
Flow Uec_216_88 flowId 144 uecSrc 143 starting at 0
Flow Uec_123_251 flowId 145 uecSrc 144 starting at 0
Flow Uec_239_111 flowId 146 uecSrc 145 starting at 0
Flow Uec_122_250 flowId 147 uecSrc 146 starting at 0
Flow Uec_144_16 flowId 148 uecSrc 147 starting at 0
Flow Uec_59_187 flowId 149 uecSrc 148 starting at 0
Flow Uec_255_127 flowId 150 uecSrc 149 starting at 0
Flow Uec_0_128 flowId 151 uecSrc 150 starting at 0
Flow Uec_6_134 flowId 152 uecSrc 151 starting at 0
Flow Uec_230_102 flowId 153 uecSrc 152 starting at 0
Flow Uec_51_179 flowId 154 uecSrc 153 starting at 0
Flow Uec_117_245 flowId 155 uecSrc 154 starting at 0
Flow Uec_160_32 flowId 156 uecSrc 155 starting at 0
Flow Uec_27_155 flowId 157 uecSrc 156 starting at 0
Flow Uec_54_182 flowId 158 uecSrc 157 starting at 0
Flow Uec_50_178 flowId 159 uecSrc 158 starting at 0
Flow Uec_178_50 flowId 160 uecSrc 159 starting at 0
Flow Uec_52_180 flowId 161 uecSrc 160 starting at 0
Flow Uec_150_22 flowId 162 uecSrc 161 starting at 0
Flow Uec_73_201 flowId 163 uecSrc 162 starting at 0
Flow Uec_161_33 flowId 164 uecSrc 163 starting at 0
Flow Uec_16_144 flowId 165 uecSrc 164 starting at 0
Flow Uec_209_81 flowId 166 uecSrc 165 starting at 0
Flow Uec_13_141 flowId 167 uecSrc 166 starting at 0
Flow Uec_118_246 flowId 168 uecSrc 167 starting at 0
Flow Uec_235_107 flowId 169 uecSrc 168 starting at 0
Flow Uec_47_175 flowId 170 uecSrc 169 starting at 0
Flow Uec_103_231 flowId 171 uecSrc 170 starting at 0
Flow Uec_124_252 flowId 172 uecSrc 171 starting at 0
Flow Uec_234_106 flowId 173 uecSrc 172 starting at 0
Flow Uec_135_7 flowId 174 uecSrc 173 starting at 0
Flow Uec_120_248 flowId 175 uecSrc 174 starting at 0
Flow Uec_62_190 flowId 176 uecSrc 175 starting at 0
Flow Uec_17_145 flowId 177 uecSrc 176 starting at 0
Flow Uec_188_60 flowId 178 uecSrc 177 starting at 0
Flow Uec_225_97 flowId 179 uecSrc 178 starting at 0
Flow Uec_89_217 flowId 180 uecSrc 179 starting at 0
Flow Uec_163_35 flowId 181 uecSrc 180 starting at 0
Flow Uec_205_77 flowId 182 uecSrc 181 starting at 0
Flow Uec_121_249 flowId 183 uecSrc 182 starting at 0
Flow Uec_173_45 flowId 184 uecSrc 183 starting at 0
Flow Uec_95_223 flowId 185 uecSrc 184 starting at 0
Flow Uec_58_186 flowId 186 uecSrc 185 starting at 0
Flow Uec_218_90 flowId 187 uecSrc 186 starting at 0
Flow Uec_14_142 flowId 188 uecSrc 187 starting at 0
Flow Uec_190_62 flowId 189 uecSrc 188 starting at 0
Flow Uec_141_13 flowId 190 uecSrc 189 starting at 0
Flow Uec_2_130 flowId 191 uecSrc 190 starting at 0
Flow Uec_8_136 flowId 192 uecSrc 191 starting at 0
136.626 flowid 176 Spurious 3
145.418 flowid 13 Spurious 69
145.729 flowid 130 Spurious 33
146.796 flowid 105 Spurious 58
147.128 flowid 105 Spurious 59
147.46 flowid 105 Spurious 61
150.801 flowid 105 Spurious 75
151.214 flowid 66 Spurious 53
151.551 flowid 66 Spurious 54
151.694 flowid 7 Spurious 21
151.883 flowid 66 Spurious 56
152.879 flowid 66 Spurious 60
153.211 flowid 66 Spurious 61
153.875 flowid 66 Spurious 63
154.212 flowid 189 Spurious 52
154.544 flowid 189 Spurious 53
155.198 flowid 41 Spurious 58
155.208 flowid 189 Spurious 58
155.54 flowid 189 Spurious 59
155.872 flowid 189 Spurious 60
156.536 flowid 189 Spurious 65
157.532 flowid 66 Spurious 65
158.86 flowid 66 Spurious 68
159.192 flowid 189 Spurious 70
159.524 flowid 66 Spurious 69
160.188 flowid 66 Spurious 70
160.852 flowid 66 Spurious 71
163.424 flowid 28 Spurious 108
163.508 flowid 66 Spurious 72
163.84 flowid 189 Spurious 49
164.509 flowid 66 Spurious 74
164.841 flowid 66 Spurious 75
165.505 flowid 66 Spurious 76
165.837 flowid 66 Spurious 77
166.169 flowid 66 Spurious 78
166.427 flowid 28 Spurious 97
166.501 flowid 66 Spurious 80
166.833 flowid 66 Spurious 81
167.165 flowid 66 Spurious 82
167.497 flowid 189 Spurious 55
167.829 flowid 189 Spurious 56
168.161 flowid 189 Spurious 57
168.493 flowid 66 Spurious 83
168.825 flowid 66 Spurious 84
169.157 flowid 189 Spurious 66
170.501 flowid 28 Spurious 119
171.977 flowid 28 Spurious 115
172.309 flowid 28 Spurious 123
176.057 flowid 28 Spurious 137
Flow Uec_94_222 flowId 75 uecSrc 74 finished at 176.296 total messages 1 total packets 490 RTS 0 total bytes 2002140 in_flight now 0 fair_inc 0 prop_inc 64215 fast_inc 109107 eta_inc 8344 multi_dec -0 quick_dec -0 nack_dec -0
Flow Uec_120_248 flowId 175 uecSrc 174 finished at 176.429 total messages 1 total packets 490 RTS 0 total bytes 2002140 in_flight now 0 fair_inc 0 prop_inc 80583 fast_inc 24246 eta_inc 8344 multi_dec -0 quick_dec -0 nack_dec -0
Flow Uec_124_252 flowId 172 uecSrc 171 finished at 177.878 total messages 1 total packets 490 RTS 0 total bytes 2002140 in_flight now 0 fair_inc 0 prop_inc 81621 fast_inc 52533 eta_inc 8344 multi_dec -0 quick_dec -0 nack_dec -0
178.152 flowid 28 Spurious 130
Flow Uec_118_246 flowId 168 uecSrc 167 finished at 179.095 total messages 1 total packets 490 RTS 0 total bytes 2002140 in_flight now 0 fair_inc 0 prop_inc 79579 fast_inc 0 eta_inc 8344 multi_dec -0 quick_dec -0 nack_dec -0
Flow Uec_162_34 flowId 17 uecSrc 16 finished at 179.602 total messages 1 total packets 490 RTS 0 total bytes 2002140 in_flight now 0 fair_inc 0 prop_inc 89516 fast_inc 12123 eta_inc 8344 multi_dec -0 quick_dec -0 nack_dec -0
Flow Uec_135_7 flowId 174 uecSrc 173 finished at 179.731 total messages 1 total packets 490 RTS 0 total bytes 2002140 in_flight now 0 fair_inc 0 prop_inc 87861 fast_inc 0 eta_inc 8344 multi_dec -0 quick_dec -0 nack_dec -0
Flow Uec_108_236 flowId 104 uecSrc 103 finished at 180.96 total messages 1 total packets 490 RTS 0 total bytes 2002140 in_flight now 0 fair_inc 0 prop_inc 56815 fast_inc 4041 eta_inc 8344 multi_dec -0 quick_dec -0 nack_dec -0
Flow Uec_140_12 flowId 53 uecSrc 52 finished at 182.532 total messages 1 total packets 490 RTS 0 total bytes 2002140 in_flight now 0 fair_inc 0 prop_inc 93957 fast_inc 0 eta_inc 7748 multi_dec -0 quick_dec -0 nack_dec -0
187.676 flowid 170 Spurious 155
188.677 flowid 170 Spurious 157
190.01 flowid 170 Spurious 159
190.342 flowid 170 Spurious 160
191.006 flowid 170 Spurious 161
Flow Uec_86_214 flowId 112 uecSrc 111 finished at 191.194 total messages 1 total packets 490 RTS 0 total bytes 2002140 in_flight now 0 fair_inc 0 prop_inc 37453 fast_inc 0 eta_inc 8940 multi_dec -0 quick_dec -0 nack_dec -0
191.338 flowid 170 Spurious 162
192.002 flowid 170 Spurious 163
192.334 flowid 170 Spurious 164
Flow Uec_65_193 flowId 113 uecSrc 112 finished at 193.285 total messages 1 total packets 490 RTS 0 total bytes 2002140 in_flight now 0 fair_inc 0 prop_inc 25736 fast_inc 0 eta_inc 8940 multi_dec -0 quick_dec -0 nack_dec -0
195.075 flowid 100 Spurious 124
195.739 flowid 100 Spurious 125
Flow Uec_214_86 flowId 6 uecSrc 5 finished at 199.368 total messages 1 total packets 490 RTS 0 total bytes 2002140 in_flight now 0 fair_inc 0 prop_inc 23262 fast_inc 0 eta_inc 9536 multi_dec -0 quick_dec -0 nack_dec -0
200.06 flowid 100 Spurious 127
200.218 flowid 66 Spurious 142
200.392 flowid 100 Spurious 129
200.55 flowid 66 Spurious 143
Flow Uec_6_134 flowId 152 uecSrc 151 finished at 200.792 total messages 1 total packets 490 RTS 0 total bytes 2002140 in_flight now 0 fair_inc 3712 prop_inc 56491 fast_inc 0 eta_inc 9536 multi_dec -0 quick_dec -0 nack_dec -4150
200.882 flowid 66 Spurious 144
201.214 flowid 66 Spurious 147
201.546 flowid 66 Spurious 148
201.878 flowid 66 Spurious 149
202.21 flowid 66 Spurious 150
203.25 flowid 23 Spurious 178
203.582 flowid 23 Spurious 189
203.87 flowid 66 Spurious 153
204.534 flowid 66 Spurious 154
204.91 flowid 23 Spurious 190
206.238 flowid 23 Spurious 195
Flow Uec_42_170 flowId 73 uecSrc 72 finished at 207.256 total messages 1 total packets 490 RTS 0 total bytes 2002140 in_flight now 0 fair_inc 3380 prop_inc 13376 fast_inc 0 eta_inc 9536 multi_dec -0 quick_dec -0 nack_dec -0
Flow Uec_240_112 flowId 115 uecSrc 114 finished at 211.23 total messages 1 total packets 490 RTS 0 total bytes 2002140 in_flight now 0 fair_inc 8996 prop_inc 11695 fast_inc 0 eta_inc 10132 multi_dec -0 quick_dec -0 nack_dec -0
Flow Uec_188_60 flowId 178 uecSrc 177 finished at 211.32 total messages 1 total packets 490 RTS 0 total bytes 2002140 in_flight now 0 fair_inc 0 prop_inc 6108 fast_inc 465223 eta_inc 8344 multi_dec -0 quick_dec -0 nack_dec -0
214.348 flowid 165 Spurious 226
215.458 flowid 165 Spurious 233
Flow Uec_242_114 flowId 27 uecSrc 26 finished at 219.33 total messages 1 total packets 490 RTS 0 total bytes 2002140 in_flight now 0 fair_inc 8248 prop_inc 10830 fast_inc 0 eta_inc 10728 multi_dec -19007 quick_dec -0 nack_dec -0
Flow Uec_16_144 flowId 165 uecSrc 164 finished at 220.193 total messages 1 total packets 491 RTS 1 total bytes 2002140 in_flight now 0 fair_inc 17207 prop_inc 6152 fast_inc 0 eta_inc 10728 multi_dec -0 quick_dec -0 nack_dec -16600
Flow Uec_64_192 flowId 76 uecSrc 75 finished at 221.642 total messages 1 total packets 490 RTS 0 total bytes 2002140 in_flight now 0 fair_inc 2795 prop_inc 18201 fast_inc 0 eta_inc 10728 multi_dec -20639 quick_dec -0 nack_dec -24900
Flow Uec_255_127 flowId 150 uecSrc 149 finished at 224.546 total messages 1 total packets 490 RTS 0 total bytes 2002140 in_flight now 0 fair_inc 863 prop_inc 15211 fast_inc 0 eta_inc 10728 multi_dec -30095 quick_dec -0 nack_dec -0
224.905 flowid 28 Spurious 249
Flow Uec_196_68 flowId 38 uecSrc 37 finished at 228.136 total messages 1 total packets 490 RTS 0 total bytes 2002140 in_flight now 0 fair_inc 3884 prop_inc 26364 fast_inc 0 eta_inc 10728 multi_dec -55789 quick_dec -0 nack_dec -0
Flow Uec_245_117 flowId 11 uecSrc 10 finished at 228.586 total messages 1 total packets 490 RTS 0 total bytes 2002140 in_flight now 0 fair_inc 5499 prop_inc 9636 fast_inc 0 eta_inc 10728 multi_dec -65055 quick_dec -0 nack_dec -0
229.584 flowid 89 Spurious 204
229.605 flowid 28 Spurious 262
Flow Uec_17_145 flowId 177 uecSrc 176 finished at 229.781 total messages 1 total packets 490 RTS 0 total bytes 2002140 in_flight now 0 fair_inc 4546 prop_inc 18825 fast_inc 0 eta_inc 10132 multi_dec -6981 quick_dec -0 nack_dec -0
230.952 flowid 13 Spurious 280
Flow Uec_14_142 flowId 188 uecSrc 187 finished at 234.428 total messages 1 total packets 490 RTS 0 total bytes 2002140 in_flight now 0 fair_inc 4630 prop_inc 15663 fast_inc 0 eta_inc 11324 multi_dec -60219 quick_dec -0 nack_dec -0
Flow Uec_18_146 flowId 13 uecSrc 12 finished at 234.776 total messages 1 total packets 491 RTS 1 total bytes 2002140 in_flight now 0 fair_inc 10299 prop_inc 16140 fast_inc 0 eta_inc 10728 multi_dec -21945 quick_dec -0 nack_dec -8300
Flow Uec_247_119 flowId 25 uecSrc 24 finished at 235.406 total messages 1 total packets 490 RTS 0 total bytes 2002140 in_flight now 0 fair_inc 3993 prop_inc 6154 fast_inc 0 eta_inc 11324 multi_dec -39475 quick_dec -0 nack_dec -0
236.462 flowid 28 Spurious 293
236.806 flowid 28 Spurious 296
240.838 flowid 35 Spurious 273
241.587 flowid 35 Spurious 263
Flow Uec_34_162 flowId 21 uecSrc 20 finished at 249.284 total messages 1 total packets 490 RTS 0 total bytes 2002140 in_flight now 0 fair_inc 14526 prop_inc 26938 fast_inc 0 eta_inc 11324 multi_dec -0 quick_dec -0 nack_dec -0
258.891 flowid 106 Spurious 316
263.657 flowid 106 Spurious 327
266.349 flowid 106 Spurious 333
Flow Uec_50_178 flowId 159 uecSrc 158 finished at 267.078 total messages 1 total packets 490 RTS 0 total bytes 2002140 in_flight now 0 fair_inc 3834 prop_inc 48742 fast_inc 0 eta_inc 12516 multi_dec -94306 quick_dec -0 nack_dec -24900
268.714 flowid 106 Spurious 336
270.29 flowid 88 Spurious 348
270.399 flowid 106 Spurious 340
274.744 flowid 88 Spurious 357
280.537 flowid 88 Spurious 371
282.233 flowid 88 Spurious 376
Flow Uec_40_168 flowId 28 uecSrc 27 finished at 286.608 total messages 1 total packets 493 RTS 3 total bytes 2002140 in_flight now 0 fair_inc 6906 prop_inc 22815 fast_inc 0 eta_inc 11920 multi_dec -0 quick_dec -151884 nack_dec -4150
287.553 flowid 28 Spurious 408
Flow Uec_185_57 flowId 44 uecSrc 43 finished at 288.747 total messages 1 total packets 491 RTS 1 total bytes 2002140 in_flight now 0 fair_inc 4548 prop_inc 13551 fast_inc 0 eta_inc 11920 multi_dec -0 quick_dec -0 nack_dec -20750
Flow Uec_238_110 flowId 87 uecSrc 86 finished at 297.654 total messages 1 total packets 490 RTS 0 total bytes 2002140 in_flight now 0 fair_inc 4132 prop_inc 34443 fast_inc 0 eta_inc 14304 multi_dec -83566 quick_dec -0 nack_dec -41500
Flow Uec_105_233 flowId 72 uecSrc 71 finished at 301.168 total messages 1 total packets 490 RTS 0 total bytes 2002140 in_flight now 0 fair_inc 5447 prop_inc 29658 fast_inc 0 eta_inc 14304 multi_dec -83740 quick_dec -0 nack_dec -37350
Flow Uec_47_175 flowId 170 uecSrc 169 finished at 304.301 total messages 1 total packets 491 RTS 1 total bytes 2002140 in_flight now 0 fair_inc 3579 prop_inc 39738 fast_inc 0 eta_inc 12516 multi_dec -0 quick_dec -0 nack_dec -0
304.821 flowid 117 Spurious 448
308.151 flowid 117 Spurious 458
309.079 flowid 170 Spurious 471
Flow Uec_45_173 flowId 117 uecSrc 116 finished at 310.029 total messages 1 total packets 491 RTS 1 total bytes 2002140 in_flight now 0 fair_inc 27247 prop_inc 16989 fast_inc 0 eta_inc 10728 multi_dec -361 quick_dec -200495 nack_dec -8300
310.317 flowid 23 Spurious 426
310.764 flowid 170 Spurious 475
Flow Uec_37_165 flowId 41 uecSrc 40 finished at 313.336 total messages 1 total packets 494 RTS 4 total bytes 2002140 in_flight now 0 fair_inc 12415 prop_inc 16250 fast_inc 0 eta_inc 14304 multi_dec -42823 quick_dec -0 nack_dec -0
313.872 flowid 117 Spurious 471
Flow Uec_23_151 flowId 23 uecSrc 22 finished at 315.081 total messages 1 total packets 492 RTS 2 total bytes 2002140 in_flight now 0 fair_inc 15878 prop_inc 24848 fast_inc 0 eta_inc 13708 multi_dec -0 quick_dec -0 nack_dec -0
Flow Uec_122_250 flowId 147 uecSrc 146 finished at 316.41 total messages 1 total packets 490 RTS 0 total bytes 2002140 in_flight now 0 fair_inc 6423 prop_inc 39270 fast_inc 0 eta_inc 14900 multi_dec -117578 quick_dec -0 nack_dec -29050
Flow Uec_121_249 flowId 183 uecSrc 182 finished at 316.766 total messages 1 total packets 490 RTS 0 total bytes 2002140 in_flight now 0 fair_inc 4783 prop_inc 32233 fast_inc 0 eta_inc 14900 multi_dec -86441 quick_dec -0 nack_dec -41500
Flow Uec_27_155 flowId 157 uecSrc 156 finished at 318.437 total messages 1 total packets 494 RTS 4 total bytes 2002140 in_flight now 0 fair_inc 21031 prop_inc 20762 fast_inc 0 eta_inc 14900 multi_dec -127499 quick_dec -0 nack_dec -8300
Flow Uec_26_154 flowId 106 uecSrc 105 finished at 319.214 total messages 1 total packets 491 RTS 1 total bytes 2002140 in_flight now 0 fair_inc 8729 prop_inc 27013 fast_inc 0 eta_inc 13112 multi_dec -0 quick_dec -184164 nack_dec -4150
Flow Uec_44_172 flowId 86 uecSrc 85 finished at 322.431 total messages 1 total packets 491 RTS 1 total bytes 2002140 in_flight now 0 fair_inc 3390 prop_inc 33431 fast_inc 0 eta_inc 11324 multi_dec -0 quick_dec -187097 nack_dec -8300
322.816 flowid 86 Spurious 489
Flow Uec_213_85 flowId 128 uecSrc 127 finished at 323.468 total messages 1 total packets 490 RTS 0 total bytes 2002140 in_flight now 0 fair_inc 4269 prop_inc 30359 fast_inc 0 eta_inc 15496 multi_dec -75626 quick_dec -0 nack_dec -53950
Flow Uec_46_174 flowId 136 uecSrc 135 finished at 325.038 total messages 1 total packets 491 RTS 1 total bytes 2002140 in_flight now 0 fair_inc 5240 prop_inc 57516 fast_inc 0 eta_inc 14304 multi_dec -149667 quick_dec -0 nack_dec -0
Flow Uec_117_245 flowId 155 uecSrc 154 finished at 325.072 total messages 1 total packets 490 RTS 0 total bytes 2002140 in_flight now 0 fair_inc 3993 prop_inc 42682 fast_inc 0 eta_inc 15496 multi_dec -120183 quick_dec -0 nack_dec -29050
Flow Uec_141_13 flowId 190 uecSrc 189 finished at 326.442 total messages 1 total packets 490 RTS 0 total bytes 2002140 in_flight now 0 fair_inc 1571 prop_inc 41475 fast_inc 0 eta_inc 14900 multi_dec -87767 quick_dec -0 nack_dec -41500
Flow Uec_212_84 flowId 134 uecSrc 133 finished at 327.245 total messages 1 total packets 490 RTS 0 total bytes 2002140 in_flight now 0 fair_inc 5121 prop_inc 27807 fast_inc 0 eta_inc 15496 multi_dec -76393 quick_dec -0 nack_dec -53950
Flow Uec_22_150 flowId 88 uecSrc 87 finished at 329.526 total messages 1 total packets 492 RTS 2 total bytes 2002140 in_flight now 0 fair_inc 9975 prop_inc 32737 fast_inc 0 eta_inc 12516 multi_dec -0 quick_dec -159495 nack_dec -16600
331.604 flowid 66 Spurious 287
331.612 flowid 35 Spurious 471
Flow Uec_191_63 flowId 85 uecSrc 84 finished at 331.744 total messages 1 total packets 490 RTS 0 total bytes 2002140 in_flight now 0 fair_inc 4470 prop_inc 19881 fast_inc 0 eta_inc 15496 multi_dec -89894 quick_dec -0 nack_dec -37350
334.148 flowid 35 Spurious 480
334.822 flowid 35 Spurious 482
Flow Uec_28_156 flowId 35 uecSrc 34 finished at 337.368 total messages 1 total packets 495 RTS 5 total bytes 2002140 in_flight now 0 fair_inc 5902 prop_inc 31922 fast_inc 0 eta_inc 13112 multi_dec -0 quick_dec -191059 nack_dec -8300
Flow Uec_100_228 flowId 99 uecSrc 98 finished at 338.467 total messages 1 total packets 490 RTS 0 total bytes 2002140 in_flight now 0 fair_inc 18702 prop_inc 33869 fast_inc 0 eta_inc 15496 multi_dec -79123 quick_dec -0 nack_dec -58100
Flow Uec_182_54 flowId 60 uecSrc 59 finished at 340.867 total messages 1 total packets 490 RTS 0 total bytes 2002140 in_flight now 0 fair_inc 9474 prop_inc 20349 fast_inc 0 eta_inc 16092 multi_dec -73839 quick_dec -0 nack_dec -58100
Flow Uec_206_78 flowId 95 uecSrc 94 finished at 341.822 total messages 1 total packets 490 RTS 0 total bytes 2002140 in_flight now 0 fair_inc 8175 prop_inc 34096 fast_inc 0 eta_inc 16688 multi_dec -111717 quick_dec -0 nack_dec -37350
Flow Uec_218_90 flowId 187 uecSrc 186 finished at 342.037 total messages 1 total packets 490 RTS 0 total bytes 2002140 in_flight now 0 fair_inc 5133 prop_inc 37917 fast_inc 0 eta_inc 16092 multi_dec -110913 quick_dec -0 nack_dec -37350
Flow Uec_139_11 flowId 122 uecSrc 121 finished at 342.839 total messages 1 total packets 490 RTS 0 total bytes 2002140 in_flight now 0 fair_inc 5301 prop_inc 48183 fast_inc 0 eta_inc 16092 multi_dec -107072 quick_dec -0 nack_dec -45650
Flow Uec_125_253 flowId 56 uecSrc 55 finished at 343.023 total messages 1 total packets 490 RTS 0 total bytes 2002140 in_flight now 0 fair_inc 915 prop_inc 49497 fast_inc 23719 eta_inc 15496 multi_dec -92895 quick_dec -0 nack_dec -62250
Flow Uec_101_229 flowId 108 uecSrc 107 finished at 344.888 total messages 1 total packets 490 RTS 0 total bytes 2002140 in_flight now 0 fair_inc 14136 prop_inc 36352 fast_inc 0 eta_inc 16092 multi_dec -103980 quick_dec -0 nack_dec -45650
Flow Uec_127_255 flowId 61 uecSrc 60 finished at 345.233 total messages 1 total packets 490 RTS 0 total bytes 2002140 in_flight now 0 fair_inc 4827 prop_inc 52950 fast_inc 0 eta_inc 16092 multi_dec -97245 quick_dec -0 nack_dec -58100
Flow Uec_115_243 flowId 58 uecSrc 57 finished at 346.532 total messages 1 total packets 490 RTS 0 total bytes 2002140 in_flight now 0 fair_inc 4166 prop_inc 50128 fast_inc 27762 eta_inc 16688 multi_dec -98639 quick_dec -0 nack_dec -58100
Flow Uec_134_6 flowId 142 uecSrc 141 finished at 347.288 total messages 1 total packets 490 RTS 0 total bytes 2002140 in_flight now 0 fair_inc 0 prop_inc 52698 fast_inc 0 eta_inc 16092 multi_dec -113385 quick_dec -0 nack_dec -37350
Flow Uec_219_91 flowId 42 uecSrc 41 finished at 347.68 total messages 1 total packets 490 RTS 0 total bytes 2002140 in_flight now 0 fair_inc 10955 prop_inc 39969 fast_inc 0 eta_inc 16688 multi_dec -89303 quick_dec -0 nack_dec -66400
Flow Uec_197_69 flowId 69 uecSrc 68 finished at 348.033 total messages 1 total packets 490 RTS 0 total bytes 2002140 in_flight now 0 fair_inc 3605 prop_inc 44576 fast_inc 0 eta_inc 16688 multi_dec -110287 quick_dec -0 nack_dec -41500
Flow Uec_43_171 flowId 105 uecSrc 104 finished at 349.206 total messages 1 total packets 492 RTS 2 total bytes 2002140 in_flight now 0 fair_inc 14459 prop_inc 68028 fast_inc 0 eta_inc 15496 multi_dec -140736 quick_dec -0 nack_dec -0
Flow Uec_52_180 flowId 161 uecSrc 160 finished at 351.526 total messages 1 total packets 490 RTS 0 total bytes 2002140 in_flight now 0 fair_inc 12069 prop_inc 28182 fast_inc 0 eta_inc 16688 multi_dec -80869 quick_dec -0 nack_dec -58100
Flow Uec_183_55 flowId 98 uecSrc 97 finished at 351.772 total messages 1 total packets 490 RTS 0 total bytes 2002140 in_flight now 0 fair_inc 13611 prop_inc 33664 fast_inc 112620 eta_inc 16688 multi_dec -130860 quick_dec -0 nack_dec -29050
Flow Uec_123_251 flowId 145 uecSrc 144 finished at 351.872 total messages 1 total packets 490 RTS 0 total bytes 2002140 in_flight now 0 fair_inc 5839 prop_inc 56899 fast_inc 0 eta_inc 16688 multi_dec -98061 quick_dec -0 nack_dec -58100
Flow Uec_230_102 flowId 153 uecSrc 152 finished at 352.67 total messages 1 total packets 490 RTS 0 total bytes 2002140 in_flight now 0 fair_inc 10128 prop_inc 44467 fast_inc 0 eta_inc 16688 multi_dec -138938 quick_dec -0 nack_dec -20750
Flow Uec_49_177 flowId 50 uecSrc 49 finished at 355.621 total messages 1 total packets 490 RTS 0 total bytes 2002140 in_flight now 0 fair_inc 21471 prop_inc 27960 fast_inc 0 eta_inc 16688 multi_dec -120239 quick_dec -0 nack_dec -33200
365.061 flowid 74 Spurious 381
365.403 flowid 74 Spurious 382
Flow Uec_21_149 flowId 74 uecSrc 73 finished at 366.971 total messages 1 total packets 498 RTS 8 total bytes 2002140 in_flight now -64 fair_inc 16759 prop_inc 29597 fast_inc 0 eta_inc 16092 multi_dec -1167 quick_dec -0 nack_dec -4150
Flow Uec_232_104 flowId 84 uecSrc 83 finished at 369.474 total messages 1 total packets 490 RTS 0 total bytes 2002140 in_flight now 0 fair_inc 8574 prop_inc 38057 fast_inc 0 eta_inc 17880 multi_dec -86356 quick_dec -0 nack_dec -70550
Flow Uec_226_98 flowId 81 uecSrc 80 finished at 371.537 total messages 1 total packets 490 RTS 0 total bytes 2002140 in_flight now 0 fair_inc 7959 prop_inc 61101 fast_inc 0 eta_inc 17284 multi_dec -96456 quick_dec -0 nack_dec -70550
Flow Uec_246_118 flowId 8 uecSrc 7 finished at 372.145 total messages 1 total packets 490 RTS 0 total bytes 2002140 in_flight now 0 fair_inc 5502 prop_inc 38432 fast_inc 0 eta_inc 17880 multi_dec -88979 quick_dec -0 nack_dec -66400
Flow Uec_20_148 flowId 83 uecSrc 82 finished at 374.932 total messages 1 total packets 499 RTS 9 total bytes 2002140 in_flight now 0 fair_inc 6906 prop_inc 29109 fast_inc 0 eta_inc 17284 multi_dec -591 quick_dec -0 nack_dec -8300
Flow Uec_19_147 flowId 89 uecSrc 88 finished at 376.039 total messages 1 total packets 494 RTS 4 total bytes 2002140 in_flight now 0 fair_inc 11492 prop_inc 54731 fast_inc 105063 eta_inc 17284 multi_dec -173188 quick_dec -0 nack_dec -4150
Flow Uec_13_141 flowId 167 uecSrc 166 finished at 380.435 total messages 1 total packets 495 RTS 5 total bytes 2002140 in_flight now 0 fair_inc 797 prop_inc 80419 fast_inc 1010 eta_inc 14900 multi_dec -0 quick_dec -172229 nack_dec -16600
Flow Uec_36_164 flowId 7 uecSrc 6 finished at 380.966 total messages 1 total packets 500 RTS 10 total bytes 2002140 in_flight now -64 fair_inc 12568 prop_inc 77027 fast_inc 0 eta_inc 17284 multi_dec -15775 quick_dec -0 nack_dec -8300
Flow Uec_239_111 flowId 146 uecSrc 145 finished at 384.031 total messages 1 total packets 490 RTS 0 total bytes 2002140 in_flight now 0 fair_inc 10934 prop_inc 38618 fast_inc 0 eta_inc 17880 multi_dec -73486 quick_dec -0 nack_dec -87150
Flow Uec_235_107 flowId 169 uecSrc 168 finished at 384.608 total messages 1 total packets 490 RTS 0 total bytes 2002140 in_flight now 0 fair_inc 17423 prop_inc 32774 fast_inc 0 eta_inc 17880 multi_dec -83843 quick_dec -0 nack_dec -74700
Flow Uec_35_163 flowId 16 uecSrc 15 finished at 385.874 total messages 1 total packets 498 RTS 8 total bytes 2002140 in_flight now 0 fair_inc 10325 prop_inc 41762 fast_inc 0 eta_inc 15496 multi_dec -0 quick_dec -148021 nack_dec -12450
Flow Uec_228_100 flowId 34 uecSrc 33 finished at 388.025 total messages 1 total packets 490 RTS 0 total bytes 2002140 in_flight now 0 fair_inc 6080 prop_inc 82617 fast_inc 10102 eta_inc 17880 multi_dec -95598 quick_dec -0 nack_dec -74700
Flow Uec_254_126 flowId 33 uecSrc 32 finished at 388.167 total messages 1 total packets 490 RTS 0 total bytes 2002140 in_flight now 0 fair_inc 15194 prop_inc 42061 fast_inc 0 eta_inc 17880 multi_dec -76675 quick_dec -0 nack_dec -87150
Flow Uec_97_225 flowId 129 uecSrc 128 finished at 391.504 total messages 1 total packets 490 RTS 0 total bytes 2002140 in_flight now 0 fair_inc 6464 prop_inc 33550 fast_inc 0 eta_inc 18476 multi_dec -84327 quick_dec -0 nack_dec -74700
Flow Uec_89_217 flowId 180 uecSrc 179 finished at 395.299 total messages 1 total packets 490 RTS 0 total bytes 2002140 in_flight now 0 fair_inc 9614 prop_inc 32284 fast_inc 0 eta_inc 18476 multi_dec -39023 quick_dec -0 nack_dec -116200
Flow Uec_169_41 flowId 71 uecSrc 70 finished at 398.032 total messages 1 total packets 490 RTS 0 total bytes 2002140 in_flight now 0 fair_inc 23643 prop_inc 31105 fast_inc 0 eta_inc 18476 multi_dec -35686 quick_dec -0 nack_dec -141100
Flow Uec_229_101 flowId 82 uecSrc 81 finished at 399.774 total messages 1 total packets 490 RTS 0 total bytes 2002140 in_flight now 0 fair_inc 7338 prop_inc 47313 fast_inc 0 eta_inc 18476 multi_dec -55314 quick_dec -0 nack_dec -107900
Flow Uec_66_194 flowId 49 uecSrc 48 finished at 402.124 total messages 1 total packets 490 RTS 0 total bytes 2002140 in_flight now 0 fair_inc 6671 prop_inc 103321 fast_inc 0 eta_inc 17284 multi_dec -119729 quick_dec -0 nack_dec -74700
Flow Uec_143_15 flowId 103 uecSrc 102 finished at 408.571 total messages 1 total packets 490 RTS 0 total bytes 2002140 in_flight now 0 fair_inc 11658 prop_inc 34433 fast_inc 0 eta_inc 18476 multi_dec -41279 quick_dec -0 nack_dec -124500
Flow Uec_32_160 flowId 130 uecSrc 129 finished at 414.374 total messages 1 total packets 497 RTS 7 total bytes 2002140 in_flight now -64 fair_inc 4684 prop_inc 49941 fast_inc 0 eta_inc 19072 multi_dec -82655 quick_dec -0 nack_dec -8300
Flow Uec_148_20 flowId 26 uecSrc 25 finished at 414.834 total messages 1 total packets 491 RTS 1 total bytes 2002140 in_flight now 0 fair_inc 26029 prop_inc 18886 fast_inc 0 eta_inc 17880 multi_dec -34821 quick_dec -0 nack_dec -132800
Flow Uec_193_65 flowId 4 uecSrc 3 finished at 415.25 total messages 1 total packets 490 RTS 0 total bytes 2002140 in_flight now 0 fair_inc 12813 prop_inc 11098 fast_inc 0 eta_inc 19668 multi_dec -40604 quick_dec -0 nack_dec -103750
Flow Uec_180_52 flowId 143 uecSrc 142 finished at 417.301 total messages 1 total packets 490 RTS 0 total bytes 2002140 in_flight now 0 fair_inc 18439 prop_inc 37332 fast_inc 0 eta_inc 18476 multi_dec -89129 quick_dec -0 nack_dec -83000
Flow Uec_24_152 flowId 114 uecSrc 113 finished at 423.753 total messages 1 total packets 496 RTS 6 total bytes 2002140 in_flight now 0 fair_inc 16232 prop_inc 74998 fast_inc 0 eta_inc 18476 multi_dec -114287 quick_dec -0 nack_dec -8300
Flow Uec_210_82 flowId 67 uecSrc 66 finished at 424.185 total messages 1 total packets 490 RTS 0 total bytes 2002140 in_flight now 0 fair_inc 23307 prop_inc 15650 fast_inc 0 eta_inc 20264 multi_dec -55585 quick_dec -0 nack_dec -124500
Flow Uec_179_51 flowId 10 uecSrc 9 finished at 427.49 total messages 1 total packets 490 RTS 0 total bytes 2002140 in_flight now 0 fair_inc 34379 prop_inc 36079 fast_inc 0 eta_inc 19668 multi_dec -93085 quick_dec -0 nack_dec -87150
Flow Uec_12_140 flowId 1 uecSrc 0 finished at 431.043 total messages 1 total packets 499 RTS 9 total bytes 2002140 in_flight now 0 fair_inc 3361 prop_inc 75589 fast_inc 0 eta_inc 17880 multi_dec -0 quick_dec -122721 nack_dec -41500
Flow Uec_3_131 flowId 52 uecSrc 51 finished at 432.5 total messages 1 total packets 498 RTS 8 total bytes 2002140 in_flight now -64 fair_inc 3484 prop_inc 67255 fast_inc 3030 eta_inc 17284 multi_dec -34010 quick_dec -140552 nack_dec -16600
432.709 flowid 100 Spurious 489
432.87 flowid 100 Spurious 490
Flow Uec_252_124 flowId 3 uecSrc 2 finished at 436.1 total messages 1 total packets 490 RTS 0 total bytes 2002140 in_flight now 0 fair_inc 10668 prop_inc 23881 fast_inc 0 eta_inc 20860 multi_dec -28548 quick_dec -0 nack_dec -128650
Flow Uec_145_17 flowId 101 uecSrc 100 finished at 440.332 total messages 1 total packets 490 RTS 0 total bytes 2002140 in_flight now 0 fair_inc 17886 prop_inc 23922 fast_inc 0 eta_inc 20860 multi_dec -67022 quick_dec -0 nack_dec -112050
Flow Uec_102_230 flowId 140 uecSrc 139 finished at 443.729 total messages 1 total packets 490 RTS 0 total bytes 2002140 in_flight now 0 fair_inc 18378 prop_inc 14414 fast_inc 0 eta_inc 21456 multi_dec -102208 quick_dec -0 nack_dec -74700
Flow Uec_163_35 flowId 181 uecSrc 180 finished at 445.463 total messages 1 total packets 491 RTS 1 total bytes 2002140 in_flight now 0 fair_inc 25764 prop_inc 58985 fast_inc 0 eta_inc 19668 multi_dec -119927 quick_dec -0 nack_dec -66400
Flow Uec_227_99 flowId 43 uecSrc 42 finished at 448.06 total messages 1 total packets 490 RTS 0 total bytes 2002140 in_flight now 0 fair_inc 14995 prop_inc 32692 fast_inc 0 eta_inc 21456 multi_dec -34430 quick_dec -0 nack_dec -141100
457.463 flowid 66 Spurious 297
Flow Uec_138_10 flowId 135 uecSrc 134 finished at 458.329 total messages 1 total packets 491 RTS 1 total bytes 2002140 in_flight now 0 fair_inc 9126 prop_inc 51235 fast_inc 0 eta_inc 20264 multi_dec -74147 quick_dec -0 nack_dec -87150
Flow Uec_190_62 flowId 189 uecSrc 188 finished at 460.978 total messages 1 total packets 494 RTS 4 total bytes 2002140 in_flight now 0 fair_inc 11638 prop_inc 93821 fast_inc 0 eta_inc 15496 multi_dec -86393 quick_dec -0 nack_dec -33200
Flow Uec_154_26 flowId 70 uecSrc 69 finished at 465.178 total messages 1 total packets 491 RTS 1 total bytes 2002140 in_flight now 0 fair_inc 38178 prop_inc 22289 fast_inc 0 eta_inc 16688 multi_dec -89918 quick_dec -0 nack_dec -91300
469.211 flowid 191 Spurious 476
Flow Uec_136_8 flowId 137 uecSrc 136 finished at 473.312 total messages 1 total packets 492 RTS 2 total bytes 2002140 in_flight now 0 fair_inc 11476 prop_inc 33440 fast_inc 0 eta_inc 21456 multi_dec -54275 quick_dec -0 nack_dec -91300
Flow Uec_31_159 flowId 107 uecSrc 106 finished at 476.364 total messages 1 total packets 499 RTS 9 total bytes 2002140 in_flight now -64 fair_inc 5719 prop_inc 87215 fast_inc 0 eta_inc 19668 multi_dec -103895 quick_dec -0 nack_dec -4150
Flow Uec_150_22 flowId 162 uecSrc 161 finished at 477.291 total messages 1 total packets 491 RTS 1 total bytes 2002140 in_flight now 0 fair_inc 33795 prop_inc 22011 fast_inc 0 eta_inc 22052 multi_dec -68992 quick_dec -0 nack_dec -107900
Flow Uec_96_224 flowId 20 uecSrc 19 finished at 480.127 total messages 1 total packets 490 RTS 0 total bytes 2002140 in_flight now 0 fair_inc 25342 prop_inc 11601 fast_inc 0 eta_inc 22648 multi_dec -62462 quick_dec -0 nack_dec -116200
Flow Uec_63_191 flowId 54 uecSrc 53 finished at 484.448 total messages 1 total packets 490 RTS 0 total bytes 2002140 in_flight now 0 fair_inc 14942 prop_inc 17366 fast_inc 0 eta_inc 22648 multi_dec -25452 quick_dec -0 nack_dec -157700
Flow Uec_76_204 flowId 68 uecSrc 67 finished at 488.944 total messages 1 total packets 490 RTS 0 total bytes 2002140 in_flight now 0 fair_inc 31048 prop_inc 30370 fast_inc 0 eta_inc 22052 multi_dec -148568 quick_dec -0 nack_dec -70550
Flow Uec_249_121 flowId 64 uecSrc 63 finished at 489.124 total messages 1 total packets 490 RTS 0 total bytes 2002140 in_flight now 0 fair_inc 22078 prop_inc 42576 fast_inc 6060 eta_inc 22648 multi_dec -81236 quick_dec -0 nack_dec -99600
Flow Uec_2_130 flowId 191 uecSrc 190 finished at 490.991 total messages 1 total packets 503 RTS 13 total bytes 2002140 in_flight now 0 fair_inc 5719 prop_inc 95164 fast_inc 0 eta_inc 19072 multi_dec -0 quick_dec -92149 nack_dec -24900
Flow Uec_73_201 flowId 163 uecSrc 162 finished at 495.671 total messages 1 total packets 490 RTS 0 total bytes 2002140 in_flight now 0 fair_inc 40318 prop_inc 26517 fast_inc 0 eta_inc 20860 multi_dec -113609 quick_dec -0 nack_dec -103750
Flow Uec_159_31 flowId 111 uecSrc 110 finished at 503.131 total messages 1 total packets 491 RTS 1 total bytes 2002140 in_flight now 0 fair_inc 33831 prop_inc 56260 fast_inc 0 eta_inc 22052 multi_dec -136736 quick_dec -0 nack_dec -78850
Flow Uec_72_200 flowId 51 uecSrc 50 finished at 504.031 total messages 1 total packets 490 RTS 0 total bytes 2002140 in_flight now 0 fair_inc 34690 prop_inc 3103 fast_inc 0 eta_inc 23244 multi_dec -50111 quick_dec -0 nack_dec -132800
Flow Uec_234_106 flowId 173 uecSrc 172 finished at 505.046 total messages 1 total packets 490 RTS 0 total bytes 2002140 in_flight now 0 fair_inc 37332 prop_inc 54338 fast_inc 0 eta_inc 23244 multi_dec -122749 quick_dec -0 nack_dec -91300
Flow Uec_109_237 flowId 40 uecSrc 39 finished at 505.385 total messages 1 total packets 490 RTS 0 total bytes 2002140 in_flight now 0 fair_inc 23639 prop_inc 38925 fast_inc 0 eta_inc 23244 multi_dec -22780 quick_dec -0 nack_dec -166000
Flow Uec_99_227 flowId 65 uecSrc 64 finished at 506.21 total messages 1 total packets 490 RTS 0 total bytes 2002140 in_flight now 0 fair_inc 23430 prop_inc 43852 fast_inc 0 eta_inc 23244 multi_dec -141312 quick_dec -0 nack_dec -62250
Flow Uec_54_182 flowId 158 uecSrc 157 finished at 510.01 total messages 1 total packets 490 RTS 0 total bytes 2002140 in_flight now 0 fair_inc 12387 prop_inc 30694 fast_inc 0 eta_inc 23244 multi_dec -101201 quick_dec -0 nack_dec -87150
Flow Uec_207_79 flowId 102 uecSrc 101 finished at 514.023 total messages 1 total packets 490 RTS 0 total bytes 2002140 in_flight now 0 fair_inc 19574 prop_inc 51285 fast_inc 0 eta_inc 23840 multi_dec -85267 quick_dec -0 nack_dec -107900
Flow Uec_51_179 flowId 154 uecSrc 153 finished at 517.14 total messages 1 total packets 490 RTS 0 total bytes 2002140 in_flight now 0 fair_inc 14951 prop_inc 39137 fast_inc 0 eta_inc 23840 multi_dec -112688 quick_dec -0 nack_dec -83000
Flow Uec_160_32 flowId 156 uecSrc 155 finished at 519.293 total messages 1 total packets 492 RTS 2 total bytes 2002140 in_flight now 0 fair_inc 30551 prop_inc 68664 fast_inc 0 eta_inc 22648 multi_dec -158436 quick_dec -0 nack_dec -58100
Flow Uec_209_81 flowId 166 uecSrc 165 finished at 520.266 total messages 1 total packets 490 RTS 0 total bytes 2002140 in_flight now 0 fair_inc 12376 prop_inc 54967 fast_inc 0 eta_inc 22648 multi_dec -108643 quick_dec -0 nack_dec -87150
Flow Uec_68_196 flowId 91 uecSrc 90 finished at 521.18 total messages 1 total packets 490 RTS 0 total bytes 2002140 in_flight now 0 fair_inc 33560 prop_inc 38390 fast_inc 19679 eta_inc 23840 multi_dec -99749 quick_dec -0 nack_dec -124500
Flow Uec_167_39 flowId 97 uecSrc 96 finished at 529.351 total messages 1 total packets 491 RTS 1 total bytes 2002140 in_flight now 0 fair_inc 26969 prop_inc 56643 fast_inc 0 eta_inc 23244 multi_dec -136998 quick_dec -0 nack_dec -83000
Flow Uec_137_9 flowId 24 uecSrc 23 finished at 540.348 total messages 1 total packets 491 RTS 1 total bytes 2002140 in_flight now 0 fair_inc 12429 prop_inc 96823 fast_inc 0 eta_inc 22052 multi_dec -130779 quick_dec -0 nack_dec -70550
Flow Uec_251_123 flowId 31 uecSrc 30 finished at 545.99 total messages 1 total packets 490 RTS 0 total bytes 2002140 in_flight now 0 fair_inc 15008 prop_inc 52318 fast_inc 103531 eta_inc 23840 multi_dec -110734 quick_dec -0 nack_dec -103750
547.309 flowid 100 Spurious 489
547.47 flowid 100 Spurious 490
Flow Uec_129_1 flowId 100 uecSrc 99 finished at 552.495 total messages 1 total packets 491 RTS 1 total bytes 2002140 in_flight now 0 fair_inc 0 prop_inc 27660 fast_inc 0 eta_inc 14900 multi_dec -58046 quick_dec -0 nack_dec -33200
Flow Uec_161_33 flowId 164 uecSrc 163 finished at 552.993 total messages 1 total packets 490 RTS 0 total bytes 2002140 in_flight now 0 fair_inc 15787 prop_inc 120040 fast_inc 0 eta_inc 22648 multi_dec -168442 quick_dec -0 nack_dec -74700
Flow Uec_194_66 flowId 59 uecSrc 58 finished at 553.254 total messages 1 total packets 490 RTS 0 total bytes 2002140 in_flight now 0 fair_inc 46706 prop_inc 24022 fast_inc 242943 eta_inc 24436 multi_dec -189541 quick_dec -0 nack_dec -74700
Flow Uec_131_3 flowId 90 uecSrc 89 finished at 553.32 total messages 1 total packets 492 RTS 2 total bytes 2002140 in_flight now 0 fair_inc 20520 prop_inc 75198 fast_inc 0 eta_inc 23244 multi_dec -104477 quick_dec -0 nack_dec -95450
Flow Uec_166_38 flowId 96 uecSrc 95 finished at 561.73 total messages 1 total packets 490 RTS 0 total bytes 2002140 in_flight now 0 fair_inc 33916 prop_inc 6222 fast_inc 0 eta_inc 25628 multi_dec -13499 quick_dec -0 nack_dec -166000
Flow Uec_69_197 flowId 30 uecSrc 29 finished at 569.735 total messages 1 total packets 490 RTS 0 total bytes 2002140 in_flight now 0 fair_inc 46672 prop_inc 14228 fast_inc 328816 eta_inc 22648 multi_dec -144781 quick_dec -17344 nack_dec -103750
572.063 flowid 66 Spurious 297
Flow Uec_231_103 flowId 121 uecSrc 120 finished at 581.769 total messages 1 total packets 490 RTS 0 total bytes 2002140 in_flight now 0 fair_inc 18743 prop_inc 99646 fast_inc 0 eta_inc 21456 multi_dec -96806 quick_dec -0 nack_dec -124500
Flow Uec_79_207 flowId 141 uecSrc 140 finished at 582.289 total messages 1 total packets 490 RTS 0 total bytes 2002140 in_flight now 0 fair_inc 33127 prop_inc 20751 fast_inc 0 eta_inc 26820 multi_dec -33014 quick_dec -0 nack_dec -170150
Flow Uec_142_14 flowId 29 uecSrc 28 finished at 592.815 total messages 1 total packets 490 RTS 0 total bytes 2002140 in_flight now 0 fair_inc 19070 prop_inc 15562 fast_inc 0 eta_inc 26820 multi_dec -75431 quick_dec -0 nack_dec -120350
Flow Uec_152_24 flowId 15 uecSrc 14 finished at 594.15 total messages 1 total packets 492 RTS 2 total bytes 2002140 in_flight now 0 fair_inc 49670 prop_inc 20747 fast_inc 0 eta_inc 26820 multi_dec -70317 quick_dec -0 nack_dec -136950
Flow Uec_158_30 flowId 92 uecSrc 91 finished at 598.633 total messages 1 total packets 490 RTS 0 total bytes 2002140 in_flight now 0 fair_inc 33095 prop_inc 10492 fast_inc 0 eta_inc 26224 multi_dec -20647 quick_dec -0 nack_dec -174300
Flow Uec_90_218 flowId 79 uecSrc 78 finished at 601.439 total messages 1 total packets 490 RTS 0 total bytes 2002140 in_flight now 0 fair_inc 16396 prop_inc 38369 fast_inc 0 eta_inc 26820 multi_dec -68724 quick_dec -0 nack_dec -120350
Flow Uec_82_210 flowId 57 uecSrc 56 finished at 603.197 total messages 1 total packets 490 RTS 0 total bytes 2002140 in_flight now 0 fair_inc 27362 prop_inc 32626 fast_inc 0 eta_inc 28012 multi_dec -79463 quick_dec -0 nack_dec -124500
Flow Uec_4_132 flowId 116 uecSrc 115 finished at 608.378 total messages 1 total packets 503 RTS 13 total bytes 2002140 in_flight now 0 fair_inc 10991 prop_inc 70078 fast_inc 0 eta_inc 19668 multi_dec -39245 quick_dec -120763 nack_dec -16600
Flow Uec_181_53 flowId 127 uecSrc 126 finished at 620.653 total messages 1 total packets 490 RTS 0 total bytes 2002140 in_flight now 0 fair_inc 48120 prop_inc 15233 fast_inc 0 eta_inc 28012 multi_dec -47292 quick_dec -0 nack_dec -161850
Flow Uec_164_36 flowId 18 uecSrc 17 finished at 624.347 total messages 1 total packets 491 RTS 1 total bytes 2002140 in_flight now 0 fair_inc 45987 prop_inc 14021 fast_inc 0 eta_inc 24436 multi_dec -75729 quick_dec -0 nack_dec -149400
Flow Uec_8_136 flowId 192 uecSrc 191 finished at 630.081 total messages 1 total packets 502 RTS 12 total bytes 2002140 in_flight now -128 fair_inc 5217 prop_inc 94155 fast_inc 0 eta_inc 21456 multi_dec -0 quick_dec -96192 nack_dec -33200
Flow Uec_81_209 flowId 12 uecSrc 11 finished at 637.084 total messages 1 total packets 490 RTS 0 total bytes 2002140 in_flight now 0 fair_inc 47907 prop_inc 41387 fast_inc 0 eta_inc 28012 multi_dec -71319 quick_dec -0 nack_dec -149400
Flow Uec_113_241 flowId 93 uecSrc 92 finished at 646.384 total messages 1 total packets 490 RTS 0 total bytes 2002140 in_flight now 0 fair_inc 26848 prop_inc 4102 fast_inc 0 eta_inc 29800 multi_dec -37423 quick_dec -0 nack_dec -174300
Flow Uec_0_128 flowId 151 uecSrc 150 finished at 656.099 total messages 1 total packets 502 RTS 12 total bytes 2002140 in_flight now 0 fair_inc 10040 prop_inc 95850 fast_inc 0 eta_inc 22648 multi_dec -72614 quick_dec -114567 nack_dec -45650
Flow Uec_151_23 flowId 39 uecSrc 38 finished at 659.51 total messages 1 total packets 490 RTS 0 total bytes 2002140 in_flight now 0 fair_inc 47654 prop_inc 33421 fast_inc 0 eta_inc 28012 multi_dec -131715 quick_dec -0 nack_dec -99600
Flow Uec_130_2 flowId 46 uecSrc 45 finished at 661.229 total messages 1 total packets 491 RTS 1 total bytes 2002140 in_flight now 0 fair_inc 18383 prop_inc 21502 fast_inc 0 eta_inc 29204 multi_dec -59920 quick_dec -0 nack_dec -128650
Flow Uec_178_50 flowId 160 uecSrc 159 finished at 667.625 total messages 1 total packets 490 RTS 0 total bytes 2002140 in_flight now 0 fair_inc 46839 prop_inc 31108 fast_inc 0 eta_inc 30396 multi_dec -86882 quick_dec -0 nack_dec -136950
Flow Uec_149_21 flowId 37 uecSrc 36 finished at 675.179 total messages 1 total packets 493 RTS 3 total bytes 2002140 in_flight now 0 fair_inc 40554 prop_inc 44205 fast_inc 0 eta_inc 29204 multi_dec -149565 quick_dec -0 nack_dec -70550
Flow Uec_144_16 flowId 148 uecSrc 147 finished at 679.593 total messages 1 total packets 491 RTS 1 total bytes 2002140 in_flight now 0 fair_inc 49610 prop_inc 38961 fast_inc 0 eta_inc 27416 multi_dec -117369 quick_dec -0 nack_dec -112050
686.663 flowid 66 Spurious 297
Flow Uec_80_208 flowId 45 uecSrc 44 finished at 690.165 total messages 1 total packets 490 RTS 0 total bytes 2002140 in_flight now 0 fair_inc 35035 prop_inc 70157 fast_inc 4041 eta_inc 30992 multi_dec -89894 quick_dec -0 nack_dec -141100
Flow Uec_177_49 flowId 47 uecSrc 46 finished at 705.831 total messages 1 total packets 490 RTS 0 total bytes 2002140 in_flight now 0 fair_inc 40766 prop_inc 59093 fast_inc 5540 eta_inc 30992 multi_dec -104640 quick_dec -0 nack_dec -128650
Flow Uec_84_212 flowId 19 uecSrc 18 finished at 706.413 total messages 1 total packets 490 RTS 0 total bytes 2002140 in_flight now 0 fair_inc 12809 prop_inc 37127 fast_inc 196477 eta_inc 27416 multi_dec -123299 quick_dec -1293 nack_dec -103750
Flow Uec_111_239 flowId 139 uecSrc 138 finished at 718.92 total messages 1 total packets 490 RTS 0 total bytes 2002140 in_flight now 0 fair_inc 16678 prop_inc 15462 fast_inc 0 eta_inc 31588 multi_dec -36936 quick_dec -0 nack_dec -166000
760.319 flowid 125 Spurious 489
Flow Uec_10_138 flowId 62 uecSrc 61 finished at 760.323 total messages 1 total packets 516 RTS 26 total bytes 2002140 in_flight now -128 fair_inc 2651 prop_inc 129056 fast_inc 0 eta_inc 27416 multi_dec -0 quick_dec -61585 nack_dec -37350
Flow Uec_132_4 flowId 125 uecSrc 124 finished at 768.36 total messages 1 total packets 490 RTS 0 total bytes 2002140 in_flight now 0 fair_inc 24868 prop_inc 19297 fast_inc 0 eta_inc 28608 multi_dec -70256 quick_dec -75980 nack_dec -141100
Flow Uec_173_45 flowId 184 uecSrc 183 finished at 775.164 total messages 1 total packets 490 RTS 0 total bytes 2002140 in_flight now 0 fair_inc 25361 prop_inc 66020 fast_inc 8082 eta_inc 30396 multi_dec -123200 quick_dec -4940 nack_dec -116200
Flow Uec_171_43 flowId 22 uecSrc 21 finished at 779.309 total messages 1 total packets 492 RTS 2 total bytes 2002140 in_flight now 0 fair_inc 87864 prop_inc 57058 fast_inc 0 eta_inc 28012 multi_dec -178869 quick_dec -549 nack_dec -87150
Flow Uec_157_29 flowId 9 uecSrc 8 finished at 784.595 total messages 1 total packets 490 RTS 0 total bytes 2002140 in_flight now 0 fair_inc 14686 prop_inc 19382 fast_inc 0 eta_inc 31588 multi_dec -21049 quick_dec -115951 nack_dec -132800
801.263 flowid 66 Spurious 297
Flow Uec_201_73 flowId 78 uecSrc 77 finished at 801.684 total messages 1 total packets 490 RTS 0 total bytes 2002140 in_flight now 0 fair_inc 49969 prop_inc 602 fast_inc 0 eta_inc 30396 multi_dec -94947 quick_dec -0 nack_dec -157700
Flow Uec_106_234 flowId 133 uecSrc 132 finished at 802.081 total messages 1 total packets 490 RTS 0 total bytes 2002140 in_flight now 0 fair_inc 60542 prop_inc 28684 fast_inc 0 eta_inc 32184 multi_dec -132526 quick_dec -0 nack_dec -128650
Flow Uec_104_232 flowId 77 uecSrc 76 finished at 820.17 total messages 1 total packets 490 RTS 0 total bytes 2002140 in_flight now 0 fair_inc 15129 prop_inc 41996 fast_inc 0 eta_inc 36356 multi_dec -78314 quick_dec -0 nack_dec -141100
Flow Uec_5_133 flowId 120 uecSrc 119 finished at 839.39 total messages 1 total packets 512 RTS 22 total bytes 2002140 in_flight now -64 fair_inc 3945 prop_inc 122215 fast_inc 1010 eta_inc 29204 multi_dec -72703 quick_dec -53681 nack_dec -33200
Flow Uec_103_231 flowId 171 uecSrc 170 finished at 849.251 total messages 1 total packets 490 RTS 0 total bytes 2002140 in_flight now 0 fair_inc 33185 prop_inc 50290 fast_inc 27762 eta_inc 36356 multi_dec -99778 quick_dec -0 nack_dec -145250
Flow Uec_225_97 flowId 179 uecSrc 178 finished at 891.486 total messages 1 total packets 490 RTS 0 total bytes 2002140 in_flight now 0 fair_inc 57421 prop_inc 5148 fast_inc 0 eta_inc 35760 multi_dec -38690 quick_dec -75643 nack_dec -170150
Flow Uec_176_48 flowId 110 uecSrc 109 finished at 893.87 total messages 1 total packets 490 RTS 0 total bytes 2002140 in_flight now 0 fair_inc 35328 prop_inc 30262 fast_inc 178290 eta_inc 35164 multi_dec -69260 quick_dec -24651 nack_dec -195050
915.863 flowid 66 Spurious 297
Flow Uec_95_223 flowId 185 uecSrc 184 finished at 1010.29 total messages 1 total packets 490 RTS 0 total bytes 2002140 in_flight now 0 fair_inc 76263 prop_inc 694 fast_inc 0 eta_inc 30992 multi_dec -126500 quick_dec -0 nack_dec -166000
Flow Uec_220_92 flowId 119 uecSrc 118 finished at 1024.25 total messages 1 total packets 490 RTS 0 total bytes 2002140 in_flight now 0 fair_inc 58451 prop_inc 12548 fast_inc 0 eta_inc 43508 multi_dec -65003 quick_dec -2180 nack_dec -199200
1030.46 flowid 66 Spurious 297
Flow Uec_85_213 flowId 63 uecSrc 62 finished at 1051.18 total messages 1 total packets 490 RTS 0 total bytes 2002140 in_flight now 0 fair_inc 52137 prop_inc 7315 fast_inc 0 eta_inc 35164 multi_dec -63438 quick_dec -11635 nack_dec -170150
Flow Uec_211_83 flowId 55 uecSrc 54 finished at 1074.74 total messages 1 total packets 490 RTS 0 total bytes 2002140 in_flight now 0 fair_inc 62437 prop_inc 13938 fast_inc 0 eta_inc 36952 multi_dec -78940 quick_dec -75643 nack_dec -190900
Flow Uec_204_76 flowId 124 uecSrc 123 finished at 1113.84 total messages 1 total packets 490 RTS 0 total bytes 2002140 in_flight now 0 fair_inc 8355 prop_inc 43347 fast_inc 0 eta_inc 32184 multi_dec -14130 quick_dec -123212 nack_dec -128650
Flow Uec_71_199 flowId 80 uecSrc 79 finished at 1117.37 total messages 1 total packets 490 RTS 0 total bytes 2002140 in_flight now 0 fair_inc 65187 prop_inc 18473 fast_inc 0 eta_inc 35164 multi_dec -106499 quick_dec -0 nack_dec -182600
Flow Uec_93_221 flowId 118 uecSrc 117 finished at 1140.44 total messages 1 total packets 490 RTS 0 total bytes 2002140 in_flight now 0 fair_inc 68164 prop_inc 17694 fast_inc 0 eta_inc 44700 multi_dec -128746 quick_dec -856 nack_dec -174300
Flow Uec_77_205 flowId 32 uecSrc 31 finished at 1142.58 total messages 1 total packets 490 RTS 0 total bytes 2002140 in_flight now 0 fair_inc 65044 prop_inc 17725 fast_inc 0 eta_inc 41720 multi_dec -79988 quick_dec -9243 nack_dec -203350
Flow Uec_70_198 flowId 48 uecSrc 47 finished at 1161.45 total messages 1 total packets 490 RTS 0 total bytes 2002140 in_flight now 0 fair_inc 54622 prop_inc 29783 fast_inc 0 eta_inc 41124 multi_dec -99982 quick_dec -2837 nack_dec -174300
Flow Uec_216_88 flowId 144 uecSrc 143 finished at 1167.08 total messages 1 total packets 490 RTS 0 total bytes 2002140 in_flight now 0 fair_inc 66090 prop_inc 48584 fast_inc 0 eta_inc 38740 multi_dec -132178 quick_dec -1613 nack_dec -153550
Flow Uec_205_77 flowId 182 uecSrc 181 finished at 1175.44 total messages 1 total packets 490 RTS 0 total bytes 2002140 in_flight now 0 fair_inc 65173 prop_inc 54668 fast_inc 0 eta_inc 41720 multi_dec -136087 quick_dec -1544 nack_dec -153550
Flow Uec_88_216 flowId 94 uecSrc 93 finished at 1177.61 total messages 1 total packets 490 RTS 0 total bytes 2002140 in_flight now 0 fair_inc 62641 prop_inc 38270 fast_inc 10102 eta_inc 43508 multi_dec -132815 quick_dec -2483 nack_dec -161850
Flow Uec_170_42 flowId 126 uecSrc 125 finished at 1184.15 total messages 1 total packets 490 RTS 0 total bytes 2002140 in_flight now 0 fair_inc 55942 prop_inc 13416 fast_inc 0 eta_inc 34568 multi_dec -63790 quick_dec -115800 nack_dec -149400
Flow Uec_168_40 flowId 14 uecSrc 13 finished at 1197.25 total messages 1 total packets 490 RTS 0 total bytes 2002140 in_flight now 0 fair_inc 81576 prop_inc 17662 fast_inc 0 eta_inc 37548 multi_dec -106186 quick_dec -82444 nack_dec -170150
Flow Uec_165_37 flowId 109 uecSrc 108 finished at 1237.93 total messages 1 total packets 491 RTS 1 total bytes 2002140 in_flight now 0 fair_inc 72447 prop_inc 25878 fast_inc 0 eta_inc 41720 multi_dec -150943 quick_dec --650 nack_dec -166000
Flow Uec_175_47 flowId 5 uecSrc 4 finished at 1282.57 total messages 1 total packets 491 RTS 1 total bytes 2002140 in_flight now 0 fair_inc 55873 prop_inc 35017 fast_inc 0 eta_inc 45296 multi_dec -123807 quick_dec -494 nack_dec -178450
Flow Uec_156_28 flowId 36 uecSrc 35 finished at 1293.36 total messages 1 total packets 490 RTS 0 total bytes 2002140 in_flight now 0 fair_inc 65795 prop_inc 24922 fast_inc 0 eta_inc 32184 multi_dec -80155 quick_dec -86901 nack_dec -145250
Flow Uec_174_46 flowId 138 uecSrc 137 finished at 1294.84 total messages 1 total packets 490 RTS 0 total bytes 2002140 in_flight now 0 fair_inc 66172 prop_inc 31128 fast_inc 0 eta_inc 35760 multi_dec -62073 quick_dec -65000 nack_dec -178450
Flow Uec_147_19 flowId 2 uecSrc 1 finished at 1371.77 total messages 1 total packets 490 RTS 0 total bytes 2002140 in_flight now 0 fair_inc 60748 prop_inc 76196 fast_inc 0 eta_inc 44700 multi_dec -115192 quick_dec -4497 nack_dec -190900
1384.46 flowid 66 Spurious 490
1384.79 flowid 66 Spurious 491
1385.46 flowid 66 Spurious 492
1385.79 flowid 66 Spurious 493
1386.12 flowid 66 Spurious 494
1386.29 flowid 66 Spurious 495
Flow Uec_186_58 flowId 66 uecSrc 65 finished at 1390.82 total messages 1 total packets 496 RTS 6 total bytes 2002140 in_flight now 0 fair_inc 0 prop_inc 45571 fast_inc 144958 eta_inc 16688 multi_dec -0 quick_dec -0 nack_dec -0
Flow Uec_1_129 flowId 132 uecSrc 131 finished at 1445.95 total messages 1 total packets 528 RTS 38 total bytes 2002140 in_flight now -512 fair_inc 3762 prop_inc 216695 fast_inc 13131 eta_inc 53044 multi_dec -0 quick_dec -45958 nack_dec -12450
1635.92 flowid 131 Spurious 140
2385.85 flowid 131 Spurious 206
2386.51 flowid 131 Spurious 210
3660.7 flowid 176 Spurious 164
3694.19 flowid 123 Spurious 98
4832.01 flowid 131 Spurious 364
4840.35 flowid 131 Spurious 368
6628.1 flowid 176 Spurious 258
6644.09 flowid 131 Spurious 444
6886.31 flowid 131 Spurious 456
7279.41 flowid 131 Spurious 466
Flow Uec_57_185 flowId 131 uecSrc 130 finished at 8564.62 total messages 1 total packets 538 RTS 48 total bytes 2002140 in_flight now -1152 fair_inc 1931 prop_inc 552359 fast_inc 0 eta_inc 137080 multi_dec -0 quick_dec -76580 nack_dec -8300
10110.1 flowid 176 Spurious 398
12790 flowid 176 Spurious 516
14073 flowid 123 Spurious 300
Flow Uec_62_190 flowId 176 uecSrc 175 finished at 14306.9 total messages 1 total packets 573 RTS 83 total bytes 2002140 in_flight now -1920 fair_inc 1154 prop_inc 683195 fast_inc 2020 eta_inc 177608 multi_dec -0 quick_dec -77079 nack_dec -8300
18622.8 flowid 123 Spurious 387
18623.1 flowid 123 Spurious 388
22550.9 flowid 186 Spurious 157
28042.8 flowid 123 Spurious 567
Flow Uec_61_189 flowId 123 uecSrc 122 finished at 28873.1 total messages 1 total packets 575 RTS 85 total bytes 2002140 in_flight now -2624 fair_inc 1798 prop_inc 458883 fast_inc 3030 eta_inc 230652 multi_dec -0 quick_dec -0 nack_dec -41500
Flow Uec_59_187 flowId 149 uecSrc 148 finished at 30977.4 total messages 1 total packets 595 RTS 105 total bytes 2002140 in_flight now -3904 fair_inc 824 prop_inc 716646 fast_inc 10100 eta_inc 230056 multi_dec -0 quick_dec -187179 nack_dec -24900
47078.5 flowid 186 Spurious 493
.52229.8 flowid 186 Spurious 568
Flow Uec_58_186 flowId 186 uecSrc 185 finished at 67100.4 total messages 1 total packets 970 RTS 480 total bytes 2002140 in_flight now -23424 fair_inc 0 prop_inc 135232 fast_inc 422039 eta_inc 382036 multi_dec -0 quick_dec -204452 nack_dec -12450
Done
New: 94080 Rtx: 9392 RTS: 1087 Bounced: 0 ACKs: 74374 NACKs: 3415 Pulls: 0 sleek_pkts: 0
