traffic matrix input file: connection_matrices/load_sweep/load0.65_n256_seed1.cm
Load balancing algorithm set to reps
no_of_nodes 256
Dragonfly+ strategy: FPAR
Setting queuesize to 50 packets
endtime(us) 100000
random seed 1
Packet size (MTU) is 4150
Parsed args
Logging to reps_dfp_results/reps_final_sweep/load0.65_reps_seed1.dat
Loading connection matrix from connection_matrices/load_sweep/load0.65_n256_seed1.cm
Nodes: 256 Connections: 166 Triggers: 0 Failures: 0
Setting ECN low 33200 high 120350
Dragonfly+ with medium topology type
Link latencies: 1 and switch latencies: 0
queue_id 2 ecn_low 33200 ecn_high 120350
DragonFly+ constructor done, 392 nodes created
Note: topology supports 392 hosts; 136 host port(s) will be unused.
network_max_unloaded_rtt 11.6856 us
Setting min RTO to 114.6
Per-hop RTT normalization: ON (strategy fpar)
Initializing static NSCC parameters: _reference_network_linkspeed=100000000000 _reference_network_rtt=12000000 _reference_network_bdp=150000 _target_Qdelay=8764200 _network_linkspeed=100000000000 _network_rtt=11685600 _network_bdp=146070 _qa_gate=2^3 _qa_threshold=3.50568e+07 _scaling_factor_a=0.9738 _scaling_factor_b=0.73035 _alpha=0.00132632 _fi=19894.7 _eta=596.842 _qa_scaling=1 _gamma=0.8 _fi_scale=0.24345 _delay_alpha=0.0125 _adjust_period_threshold=11685600 _adjust_bytes_threshold=33200
Initialize per-instance NSCC parameters: flowid 1 _base_rtt=11685600 _base_bdp=146070 _bdp=146070 _min_cwnd=4150 _maxwnd=219105 _cwnd=219105
Initialize per-instance NSCC parameters: flowid 2 _base_rtt=11685600 _base_bdp=146070 _bdp=146070 _min_cwnd=4150 _maxwnd=219105 _cwnd=219105
Initialize per-instance NSCC parameters: flowid 3 _base_rtt=11685600 _base_bdp=146070 _bdp=146070 _min_cwnd=4150 _maxwnd=219105 _cwnd=219105
Initialize per-instance NSCC parameters: flowid 4 _base_rtt=11685600 _base_bdp=146070 _bdp=146070 _min_cwnd=4150 _maxwnd=219105 _cwnd=219105
Initialize per-instance NSCC parameters: flowid 5 _base_rtt=11685600 _base_bdp=146070 _bdp=146070 _min_cwnd=4150 _maxwnd=219105 _cwnd=219105
Initialize per-instance NSCC parameters: flowid 6 _base_rtt=11685600 _base_bdp=146070 _bdp=146070 _min_cwnd=4150 _maxwnd=219105 _cwnd=219105
Initialize per-instance NSCC parameters: flowid 7 _base_rtt=11685600 _base_bdp=146070 _bdp=146070 _min_cwnd=4150 _maxwnd=219105 _cwnd=219105
Initialize per-instance NSCC parameters: flowid 8 _base_rtt=11685600 _base_bdp=146070 _bdp=146070 _min_cwnd=4150 _maxwnd=219105 _cwnd=219105
Initialize per-instance NSCC parameters: flowid 9 _base_rtt=11685600 _base_bdp=146070 _bdp=146070 _min_cwnd=4150 _maxwnd=219105 _cwnd=219105
Initialize per-instance NSCC parameters: flowid 10 _base_rtt=11685600 _base_bdp=146070 _bdp=146070 _min_cwnd=4150 _maxwnd=219105 _cwnd=219105
Initialize per-instance NSCC parameters: flowid 11 _base_rtt=11685600 _base_bdp=146070 _bdp=146070 _min_cwnd=4150 _maxwnd=219105 _cwnd=219105
Initialize per-instance NSCC parameters: flowid 12 _base_rtt=11685600 _base_bdp=146070 _bdp=146070 _min_cwnd=4150 _maxwnd=219105 _cwnd=219105
Initialize per-instance NSCC parameters: flowid 13 _base_rtt=11685600 _base_bdp=146070 _bdp=146070 _min_cwnd=4150 _maxwnd=219105 _cwnd=219105
Initialize per-instance NSCC parameters: flowid 14 _base_rtt=11685600 _base_bdp=146070 _bdp=146070 _min_cwnd=4150 _maxwnd=219105 _cwnd=219105
Initialize per-instance NSCC parameters: flowid 15 _base_rtt=11685600 _base_bdp=146070 _bdp=146070 _min_cwnd=4150 _maxwnd=219105 _cwnd=219105
Initialize per-instance NSCC parameters: flowid 16 _base_rtt=11685600 _base_bdp=146070 _bdp=146070 _min_cwnd=4150 _maxwnd=219105 _cwnd=219105
Initialize per-instance NSCC parameters: flowid 17 _base_rtt=11685600 _base_bdp=146070 _bdp=146070 _min_cwnd=4150 _maxwnd=219105 _cwnd=219105
Initialize per-instance NSCC parameters: flowid 18 _base_rtt=11685600 _base_bdp=146070 _bdp=146070 _min_cwnd=4150 _maxwnd=219105 _cwnd=219105
Initialize per-instance NSCC parameters: flowid 19 _base_rtt=11685600 _base_bdp=146070 _bdp=146070 _min_cwnd=4150 _maxwnd=219105 _cwnd=219105
Initialize per-instance NSCC parameters: flowid 20 _base_rtt=11685600 _base_bdp=146070 _bdp=146070 _min_cwnd=4150 _maxwnd=219105 _cwnd=219105
Initialize per-instance NSCC parameters: flowid 21 _base_rtt=11685600 _base_bdp=146070 _bdp=146070 _min_cwnd=4150 _maxwnd=219105 _cwnd=219105
Initialize per-instance NSCC parameters: flowid 22 _base_rtt=11685600 _base_bdp=146070 _bdp=146070 _min_cwnd=4150 _maxwnd=219105 _cwnd=219105
Initialize per-instance NSCC parameters: flowid 23 _base_rtt=11685600 _base_bdp=146070 _bdp=146070 _min_cwnd=4150 _maxwnd=219105 _cwnd=219105
Initialize per-instance NSCC parameters: flowid 24 _base_rtt=11685600 _base_bdp=146070 _bdp=146070 _min_cwnd=4150 _maxwnd=219105 _cwnd=219105
Initialize per-instance NSCC parameters: flowid 25 _base_rtt=11685600 _base_bdp=146070 _bdp=146070 _min_cwnd=4150 _maxwnd=219105 _cwnd=219105
Initialize per-instance NSCC parameters: flowid 26 _base_rtt=11685600 _base_bdp=146070 _bdp=146070 _min_cwnd=4150 _maxwnd=219105 _cwnd=219105
Initialize per-instance NSCC parameters: flowid 27 _base_rtt=11685600 _base_bdp=146070 _bdp=146070 _min_cwnd=4150 _maxwnd=219105 _cwnd=219105
Initialize per-instance NSCC parameters: flowid 28 _base_rtt=11685600 _base_bdp=146070 _bdp=146070 _min_cwnd=4150 _maxwnd=219105 _cwnd=219105
Initialize per-instance NSCC parameters: flowid 29 _base_rtt=11685600 _base_bdp=146070 _bdp=146070 _min_cwnd=4150 _maxwnd=219105 _cwnd=219105
Initialize per-instance NSCC parameters: flowid 30 _base_rtt=11685600 _base_bdp=146070 _bdp=146070 _min_cwnd=4150 _maxwnd=219105 _cwnd=219105
Initialize per-instance NSCC parameters: flowid 31 _base_rtt=11685600 _base_bdp=146070 _bdp=146070 _min_cwnd=4150 _maxwnd=219105 _cwnd=219105
Initialize per-instance NSCC parameters: flowid 32 _base_rtt=11685600 _base_bdp=146070 _bdp=146070 _min_cwnd=4150 _maxwnd=219105 _cwnd=219105
Initialize per-instance NSCC parameters: flowid 33 _base_rtt=11685600 _base_bdp=146070 _bdp=146070 _min_cwnd=4150 _maxwnd=219105 _cwnd=219105
Initialize per-instance NSCC parameters: flowid 34 _base_rtt=11685600 _base_bdp=146070 _bdp=146070 _min_cwnd=4150 _maxwnd=219105 _cwnd=219105
Initialize per-instance NSCC parameters: flowid 35 _base_rtt=11685600 _base_bdp=146070 _bdp=146070 _min_cwnd=4150 _maxwnd=219105 _cwnd=219105
Initialize per-instance NSCC parameters: flowid 36 _base_rtt=11685600 _base_bdp=146070 _bdp=146070 _min_cwnd=4150 _maxwnd=219105 _cwnd=219105
Initialize per-instance NSCC parameters: flowid 37 _base_rtt=11685600 _base_bdp=146070 _bdp=146070 _min_cwnd=4150 _maxwnd=219105 _cwnd=219105
Initialize per-instance NSCC parameters: flowid 38 _base_rtt=11685600 _base_bdp=146070 _bdp=146070 _min_cwnd=4150 _maxwnd=219105 _cwnd=219105
Initialize per-instance NSCC parameters: flowid 39 _base_rtt=11685600 _base_bdp=146070 _bdp=146070 _min_cwnd=4150 _maxwnd=219105 _cwnd=219105
Initialize per-instance NSCC parameters: flowid 40 _base_rtt=11685600 _base_bdp=146070 _bdp=146070 _min_cwnd=4150 _maxwnd=219105 _cwnd=219105
Initialize per-instance NSCC parameters: flowid 41 _base_rtt=11685600 _base_bdp=146070 _bdp=146070 _min_cwnd=4150 _maxwnd=219105 _cwnd=219105
Initialize per-instance NSCC parameters: flowid 42 _base_rtt=11685600 _base_bdp=146070 _bdp=146070 _min_cwnd=4150 _maxwnd=219105 _cwnd=219105
Initialize per-instance NSCC parameters: flowid 43 _base_rtt=11685600 _base_bdp=146070 _bdp=146070 _min_cwnd=4150 _maxwnd=219105 _cwnd=219105
Initialize per-instance NSCC parameters: flowid 44 _base_rtt=11685600 _base_bdp=146070 _bdp=146070 _min_cwnd=4150 _maxwnd=219105 _cwnd=219105
Initialize per-instance NSCC parameters: flowid 45 _base_rtt=11685600 _base_bdp=146070 _bdp=146070 _min_cwnd=4150 _maxwnd=219105 _cwnd=219105
Initialize per-instance NSCC parameters: flowid 46 _base_rtt=11685600 _base_bdp=146070 _bdp=146070 _min_cwnd=4150 _maxwnd=219105 _cwnd=219105
Initialize per-instance NSCC parameters: flowid 47 _base_rtt=11685600 _base_bdp=146070 _bdp=146070 _min_cwnd=4150 _maxwnd=219105 _cwnd=219105
Initialize per-instance NSCC parameters: flowid 48 _base_rtt=11685600 _base_bdp=146070 _bdp=146070 _min_cwnd=4150 _maxwnd=219105 _cwnd=219105
Initialize per-instance NSCC parameters: flowid 49 _base_rtt=11685600 _base_bdp=146070 _bdp=146070 _min_cwnd=4150 _maxwnd=219105 _cwnd=219105
Initialize per-instance NSCC parameters: flowid 50 _base_rtt=11685600 _base_bdp=146070 _bdp=146070 _min_cwnd=4150 _maxwnd=219105 _cwnd=219105
Initialize per-instance NSCC parameters: flowid 51 _base_rtt=11685600 _base_bdp=146070 _bdp=146070 _min_cwnd=4150 _maxwnd=219105 _cwnd=219105
Initialize per-instance NSCC parameters: flowid 52 _base_rtt=11685600 _base_bdp=146070 _bdp=146070 _min_cwnd=4150 _maxwnd=219105 _cwnd=219105
Initialize per-instance NSCC parameters: flowid 53 _base_rtt=11685600 _base_bdp=146070 _bdp=146070 _min_cwnd=4150 _maxwnd=219105 _cwnd=219105
Initialize per-instance NSCC parameters: flowid 54 _base_rtt=11685600 _base_bdp=146070 _bdp=146070 _min_cwnd=4150 _maxwnd=219105 _cwnd=219105
Initialize per-instance NSCC parameters: flowid 55 _base_rtt=11685600 _base_bdp=146070 _bdp=146070 _min_cwnd=4150 _maxwnd=219105 _cwnd=219105
Initialize per-instance NSCC parameters: flowid 56 _base_rtt=11685600 _base_bdp=146070 _bdp=146070 _min_cwnd=4150 _maxwnd=219105 _cwnd=219105
Initialize per-instance NSCC parameters: flowid 57 _base_rtt=11685600 _base_bdp=146070 _bdp=146070 _min_cwnd=4150 _maxwnd=219105 _cwnd=219105
Initialize per-instance NSCC parameters: flowid 58 _base_rtt=11685600 _base_bdp=146070 _bdp=146070 _min_cwnd=4150 _maxwnd=219105 _cwnd=219105
Initialize per-instance NSCC parameters: flowid 59 _base_rtt=11685600 _base_bdp=146070 _bdp=146070 _min_cwnd=4150 _maxwnd=219105 _cwnd=219105
Initialize per-instance NSCC parameters: flowid 60 _base_rtt=11685600 _base_bdp=146070 _bdp=146070 _min_cwnd=4150 _maxwnd=219105 _cwnd=219105
Initialize per-instance NSCC parameters: flowid 61 _base_rtt=11685600 _base_bdp=146070 _bdp=146070 _min_cwnd=4150 _maxwnd=219105 _cwnd=219105
Initialize per-instance NSCC parameters: flowid 62 _base_rtt=11685600 _base_bdp=146070 _bdp=146070 _min_cwnd=4150 _maxwnd=219105 _cwnd=219105
Initialize per-instance NSCC parameters: flowid 63 _base_rtt=11685600 _base_bdp=146070 _bdp=146070 _min_cwnd=4150 _maxwnd=219105 _cwnd=219105
Initialize per-instance NSCC parameters: flowid 64 _base_rtt=11685600 _base_bdp=146070 _bdp=146070 _min_cwnd=4150 _maxwnd=219105 _cwnd=219105
Initialize per-instance NSCC parameters: flowid 65 _base_rtt=11685600 _base_bdp=146070 _bdp=146070 _min_cwnd=4150 _maxwnd=219105 _cwnd=219105
Initialize per-instance NSCC parameters: flowid 66 _base_rtt=11685600 _base_bdp=146070 _bdp=146070 _min_cwnd=4150 _maxwnd=219105 _cwnd=219105
Initialize per-instance NSCC parameters: flowid 67 _base_rtt=11685600 _base_bdp=146070 _bdp=146070 _min_cwnd=4150 _maxwnd=219105 _cwnd=219105
Initialize per-instance NSCC parameters: flowid 68 _base_rtt=11685600 _base_bdp=146070 _bdp=146070 _min_cwnd=4150 _maxwnd=219105 _cwnd=219105
Initialize per-instance NSCC parameters: flowid 69 _base_rtt=11685600 _base_bdp=146070 _bdp=146070 _min_cwnd=4150 _maxwnd=219105 _cwnd=219105
Initialize per-instance NSCC parameters: flowid 70 _base_rtt=11685600 _base_bdp=146070 _bdp=146070 _min_cwnd=4150 _maxwnd=219105 _cwnd=219105
Initialize per-instance NSCC parameters: flowid 71 _base_rtt=11685600 _base_bdp=146070 _bdp=146070 _min_cwnd=4150 _maxwnd=219105 _cwnd=219105
Initialize per-instance NSCC parameters: flowid 72 _base_rtt=11685600 _base_bdp=146070 _bdp=146070 _min_cwnd=4150 _maxwnd=219105 _cwnd=219105
Initialize per-instance NSCC parameters: flowid 73 _base_rtt=11685600 _base_bdp=146070 _bdp=146070 _min_cwnd=4150 _maxwnd=219105 _cwnd=219105
Initialize per-instance NSCC parameters: flowid 74 _base_rtt=11685600 _base_bdp=146070 _bdp=146070 _min_cwnd=4150 _maxwnd=219105 _cwnd=219105
Initialize per-instance NSCC parameters: flowid 75 _base_rtt=11685600 _base_bdp=146070 _bdp=146070 _min_cwnd=4150 _maxwnd=219105 _cwnd=219105
Initialize per-instance NSCC parameters: flowid 76 _base_rtt=11685600 _base_bdp=146070 _bdp=146070 _min_cwnd=4150 _maxwnd=219105 _cwnd=219105
Initialize per-instance NSCC parameters: flowid 77 _base_rtt=11685600 _base_bdp=146070 _bdp=146070 _min_cwnd=4150 _maxwnd=219105 _cwnd=219105
Initialize per-instance NSCC parameters: flowid 78 _base_rtt=11685600 _base_bdp=146070 _bdp=146070 _min_cwnd=4150 _maxwnd=219105 _cwnd=219105
Initialize per-instance NSCC parameters: flowid 79 _base_rtt=11685600 _base_bdp=146070 _bdp=146070 _min_cwnd=4150 _maxwnd=219105 _cwnd=219105
Initialize per-instance NSCC parameters: flowid 80 _base_rtt=11685600 _base_bdp=146070 _bdp=146070 _min_cwnd=4150 _maxwnd=219105 _cwnd=219105
Initialize per-instance NSCC parameters: flowid 81 _base_rtt=11685600 _base_bdp=146070 _bdp=146070 _min_cwnd=4150 _maxwnd=219105 _cwnd=219105
Initialize per-instance NSCC parameters: flowid 82 _base_rtt=11685600 _base_bdp=146070 _bdp=146070 _min_cwnd=4150 _maxwnd=219105 _cwnd=219105
Initialize per-instance NSCC parameters: flowid 83 _base_rtt=11685600 _base_bdp=146070 _bdp=146070 _min_cwnd=4150 _maxwnd=219105 _cwnd=219105
Initialize per-instance NSCC parameters: flowid 84 _base_rtt=11685600 _base_bdp=146070 _bdp=146070 _min_cwnd=4150 _maxwnd=219105 _cwnd=219105
Initialize per-instance NSCC parameters: flowid 85 _base_rtt=11685600 _base_bdp=146070 _bdp=146070 _min_cwnd=4150 _maxwnd=219105 _cwnd=219105
Initialize per-instance NSCC parameters: flowid 86 _base_rtt=11685600 _base_bdp=146070 _bdp=146070 _min_cwnd=4150 _maxwnd=219105 _cwnd=219105
Initialize per-instance NSCC parameters: flowid 87 _base_rtt=11685600 _base_bdp=146070 _bdp=146070 _min_cwnd=4150 _maxwnd=219105 _cwnd=219105
Initialize per-instance NSCC parameters: flowid 88 _base_rtt=11685600 _base_bdp=146070 _bdp=146070 _min_cwnd=4150 _maxwnd=219105 _cwnd=219105
Initialize per-instance NSCC parameters: flowid 89 _base_rtt=11685600 _base_bdp=146070 _bdp=146070 _min_cwnd=4150 _maxwnd=219105 _cwnd=219105
Initialize per-instance NSCC parameters: flowid 90 _base_rtt=11685600 _base_bdp=146070 _bdp=146070 _min_cwnd=4150 _maxwnd=219105 _cwnd=219105
Initialize per-instance NSCC parameters: flowid 91 _base_rtt=11685600 _base_bdp=146070 _bdp=146070 _min_cwnd=4150 _maxwnd=219105 _cwnd=219105
Initialize per-instance NSCC parameters: flowid 92 _base_rtt=11685600 _base_bdp=146070 _bdp=146070 _min_cwnd=4150 _maxwnd=219105 _cwnd=219105
Initialize per-instance NSCC parameters: flowid 93 _base_rtt=11685600 _base_bdp=146070 _bdp=146070 _min_cwnd=4150 _maxwnd=219105 _cwnd=219105
Initialize per-instance NSCC parameters: flowid 94 _base_rtt=11685600 _base_bdp=146070 _bdp=146070 _min_cwnd=4150 _maxwnd=219105 _cwnd=219105
Initialize per-instance NSCC parameters: flowid 95 _base_rtt=11685600 _base_bdp=146070 _bdp=146070 _min_cwnd=4150 _maxwnd=219105 _cwnd=219105
Initialize per-instance NSCC parameters: flowid 96 _base_rtt=11685600 _base_bdp=146070 _bdp=146070 _min_cwnd=4150 _maxwnd=219105 _cwnd=219105
Initialize per-instance NSCC parameters: flowid 97 _base_rtt=11685600 _base_bdp=146070 _bdp=146070 _min_cwnd=4150 _maxwnd=219105 _cwnd=219105
Initialize per-instance NSCC parameters: flowid 98 _base_rtt=11685600 _base_bdp=146070 _bdp=146070 _min_cwnd=4150 _maxwnd=219105 _cwnd=219105
Initialize per-instance NSCC parameters: flowid 99 _base_rtt=11685600 _base_bdp=146070 _bdp=146070 _min_cwnd=4150 _maxwnd=219105 _cwnd=219105
Initialize per-instance NSCC parameters: flowid 100 _base_rtt=11685600 _base_bdp=146070 _bdp=146070 _min_cwnd=4150 _maxwnd=219105 _cwnd=219105
Initialize per-instance NSCC parameters: flowid 101 _base_rtt=11685600 _base_bdp=146070 _bdp=146070 _min_cwnd=4150 _maxwnd=219105 _cwnd=219105
Initialize per-instance NSCC parameters: flowid 102 _base_rtt=11685600 _base_bdp=146070 _bdp=146070 _min_cwnd=4150 _maxwnd=219105 _cwnd=219105
Initialize per-instance NSCC parameters: flowid 103 _base_rtt=11685600 _base_bdp=146070 _bdp=146070 _min_cwnd=4150 _maxwnd=219105 _cwnd=219105
Initialize per-instance NSCC parameters: flowid 104 _base_rtt=11685600 _base_bdp=146070 _bdp=146070 _min_cwnd=4150 _maxwnd=219105 _cwnd=219105
Initialize per-instance NSCC parameters: flowid 105 _base_rtt=11685600 _base_bdp=146070 _bdp=146070 _min_cwnd=4150 _maxwnd=219105 _cwnd=219105
Initialize per-instance NSCC parameters: flowid 106 _base_rtt=11685600 _base_bdp=146070 _bdp=146070 _min_cwnd=4150 _maxwnd=219105 _cwnd=219105
Initialize per-instance NSCC parameters: flowid 107 _base_rtt=11685600 _base_bdp=146070 _bdp=146070 _min_cwnd=4150 _maxwnd=219105 _cwnd=219105
Initialize per-instance NSCC parameters: flowid 108 _base_rtt=11685600 _base_bdp=146070 _bdp=146070 _min_cwnd=4150 _maxwnd=219105 _cwnd=219105
Initialize per-instance NSCC parameters: flowid 109 _base_rtt=11685600 _base_bdp=146070 _bdp=146070 _min_cwnd=4150 _maxwnd=219105 _cwnd=219105
Initialize per-instance NSCC parameters: flowid 110 _base_rtt=11685600 _base_bdp=146070 _bdp=146070 _min_cwnd=4150 _maxwnd=219105 _cwnd=219105
Initialize per-instance NSCC parameters: flowid 111 _base_rtt=11685600 _base_bdp=146070 _bdp=146070 _min_cwnd=4150 _maxwnd=219105 _cwnd=219105
Initialize per-instance NSCC parameters: flowid 112 _base_rtt=11685600 _base_bdp=146070 _bdp=146070 _min_cwnd=4150 _maxwnd=219105 _cwnd=219105
Initialize per-instance NSCC parameters: flowid 113 _base_rtt=11685600 _base_bdp=146070 _bdp=146070 _min_cwnd=4150 _maxwnd=219105 _cwnd=219105
Initialize per-instance NSCC parameters: flowid 114 _base_rtt=11685600 _base_bdp=146070 _bdp=146070 _min_cwnd=4150 _maxwnd=219105 _cwnd=219105
Initialize per-instance NSCC parameters: flowid 115 _base_rtt=11685600 _base_bdp=146070 _bdp=146070 _min_cwnd=4150 _maxwnd=219105 _cwnd=219105
Initialize per-instance NSCC parameters: flowid 116 _base_rtt=11685600 _base_bdp=146070 _bdp=146070 _min_cwnd=4150 _maxwnd=219105 _cwnd=219105
Initialize per-instance NSCC parameters: flowid 117 _base_rtt=11685600 _base_bdp=146070 _bdp=146070 _min_cwnd=4150 _maxwnd=219105 _cwnd=219105
Initialize per-instance NSCC parameters: flowid 118 _base_rtt=11685600 _base_bdp=146070 _bdp=146070 _min_cwnd=4150 _maxwnd=219105 _cwnd=219105
Initialize per-instance NSCC parameters: flowid 119 _base_rtt=11685600 _base_bdp=146070 _bdp=146070 _min_cwnd=4150 _maxwnd=219105 _cwnd=219105
Initialize per-instance NSCC parameters: flowid 120 _base_rtt=11685600 _base_bdp=146070 _bdp=146070 _min_cwnd=4150 _maxwnd=219105 _cwnd=219105
Initialize per-instance NSCC parameters: flowid 121 _base_rtt=11685600 _base_bdp=146070 _bdp=146070 _min_cwnd=4150 _maxwnd=219105 _cwnd=219105
Initialize per-instance NSCC parameters: flowid 122 _base_rtt=11685600 _base_bdp=146070 _bdp=146070 _min_cwnd=4150 _maxwnd=219105 _cwnd=219105
Initialize per-instance NSCC parameters: flowid 123 _base_rtt=11685600 _base_bdp=146070 _bdp=146070 _min_cwnd=4150 _maxwnd=219105 _cwnd=219105
Initialize per-instance NSCC parameters: flowid 124 _base_rtt=11685600 _base_bdp=146070 _bdp=146070 _min_cwnd=4150 _maxwnd=219105 _cwnd=219105
Initialize per-instance NSCC parameters: flowid 125 _base_rtt=11685600 _base_bdp=146070 _bdp=146070 _min_cwnd=4150 _maxwnd=219105 _cwnd=219105
Initialize per-instance NSCC parameters: flowid 126 _base_rtt=11685600 _base_bdp=146070 _bdp=146070 _min_cwnd=4150 _maxwnd=219105 _cwnd=219105
Initialize per-instance NSCC parameters: flowid 127 _base_rtt=11685600 _base_bdp=146070 _bdp=146070 _min_cwnd=4150 _maxwnd=219105 _cwnd=219105
Initialize per-instance NSCC parameters: flowid 128 _base_rtt=11685600 _base_bdp=146070 _bdp=146070 _min_cwnd=4150 _maxwnd=219105 _cwnd=219105
Initialize per-instance NSCC parameters: flowid 129 _base_rtt=11685600 _base_bdp=146070 _bdp=146070 _min_cwnd=4150 _maxwnd=219105 _cwnd=219105
Initialize per-instance NSCC parameters: flowid 130 _base_rtt=11685600 _base_bdp=146070 _bdp=146070 _min_cwnd=4150 _maxwnd=219105 _cwnd=219105
Initialize per-instance NSCC parameters: flowid 131 _base_rtt=11685600 _base_bdp=146070 _bdp=146070 _min_cwnd=4150 _maxwnd=219105 _cwnd=219105
Initialize per-instance NSCC parameters: flowid 132 _base_rtt=11685600 _base_bdp=146070 _bdp=146070 _min_cwnd=4150 _maxwnd=219105 _cwnd=219105
Initialize per-instance NSCC parameters: flowid 133 _base_rtt=11685600 _base_bdp=146070 _bdp=146070 _min_cwnd=4150 _maxwnd=219105 _cwnd=219105
Initialize per-instance NSCC parameters: flowid 134 _base_rtt=11685600 _base_bdp=146070 _bdp=146070 _min_cwnd=4150 _maxwnd=219105 _cwnd=219105
Initialize per-instance NSCC parameters: flowid 135 _base_rtt=11685600 _base_bdp=146070 _bdp=146070 _min_cwnd=4150 _maxwnd=219105 _cwnd=219105
Initialize per-instance NSCC parameters: flowid 136 _base_rtt=11685600 _base_bdp=146070 _bdp=146070 _min_cwnd=4150 _maxwnd=219105 _cwnd=219105
Initialize per-instance NSCC parameters: flowid 137 _base_rtt=11685600 _base_bdp=146070 _bdp=146070 _min_cwnd=4150 _maxwnd=219105 _cwnd=219105
Initialize per-instance NSCC parameters: flowid 138 _base_rtt=11685600 _base_bdp=146070 _bdp=146070 _min_cwnd=4150 _maxwnd=219105 _cwnd=219105
Initialize per-instance NSCC parameters: flowid 139 _base_rtt=11685600 _base_bdp=146070 _bdp=146070 _min_cwnd=4150 _maxwnd=219105 _cwnd=219105
Initialize per-instance NSCC parameters: flowid 140 _base_rtt=11685600 _base_bdp=146070 _bdp=146070 _min_cwnd=4150 _maxwnd=219105 _cwnd=219105
Initialize per-instance NSCC parameters: flowid 141 _base_rtt=11685600 _base_bdp=146070 _bdp=146070 _min_cwnd=4150 _maxwnd=219105 _cwnd=219105
Initialize per-instance NSCC parameters: flowid 142 _base_rtt=11685600 _base_bdp=146070 _bdp=146070 _min_cwnd=4150 _maxwnd=219105 _cwnd=219105
Initialize per-instance NSCC parameters: flowid 143 _base_rtt=11685600 _base_bdp=146070 _bdp=146070 _min_cwnd=4150 _maxwnd=219105 _cwnd=219105
Initialize per-instance NSCC parameters: flowid 144 _base_rtt=11685600 _base_bdp=146070 _bdp=146070 _min_cwnd=4150 _maxwnd=219105 _cwnd=219105
Initialize per-instance NSCC parameters: flowid 145 _base_rtt=11685600 _base_bdp=146070 _bdp=146070 _min_cwnd=4150 _maxwnd=219105 _cwnd=219105
Initialize per-instance NSCC parameters: flowid 146 _base_rtt=11685600 _base_bdp=146070 _bdp=146070 _min_cwnd=4150 _maxwnd=219105 _cwnd=219105
Initialize per-instance NSCC parameters: flowid 147 _base_rtt=11685600 _base_bdp=146070 _bdp=146070 _min_cwnd=4150 _maxwnd=219105 _cwnd=219105
Initialize per-instance NSCC parameters: flowid 148 _base_rtt=11685600 _base_bdp=146070 _bdp=146070 _min_cwnd=4150 _maxwnd=219105 _cwnd=219105
Initialize per-instance NSCC parameters: flowid 149 _base_rtt=11685600 _base_bdp=146070 _bdp=146070 _min_cwnd=4150 _maxwnd=219105 _cwnd=219105
Initialize per-instance NSCC parameters: flowid 150 _base_rtt=11685600 _base_bdp=146070 _bdp=146070 _min_cwnd=4150 _maxwnd=219105 _cwnd=219105
Initialize per-instance NSCC parameters: flowid 151 _base_rtt=11685600 _base_bdp=146070 _bdp=146070 _min_cwnd=4150 _maxwnd=219105 _cwnd=219105
Initialize per-instance NSCC parameters: flowid 152 _base_rtt=11685600 _base_bdp=146070 _bdp=146070 _min_cwnd=4150 _maxwnd=219105 _cwnd=219105
Initialize per-instance NSCC parameters: flowid 153 _base_rtt=11685600 _base_bdp=146070 _bdp=146070 _min_cwnd=4150 _maxwnd=219105 _cwnd=219105
Initialize per-instance NSCC parameters: flowid 154 _base_rtt=11685600 _base_bdp=146070 _bdp=146070 _min_cwnd=4150 _maxwnd=219105 _cwnd=219105
Initialize per-instance NSCC parameters: flowid 155 _base_rtt=11685600 _base_bdp=146070 _bdp=146070 _min_cwnd=4150 _maxwnd=219105 _cwnd=219105
Initialize per-instance NSCC parameters: flowid 156 _base_rtt=11685600 _base_bdp=146070 _bdp=146070 _min_cwnd=4150 _maxwnd=219105 _cwnd=219105
Initialize per-instance NSCC parameters: flowid 157 _base_rtt=11685600 _base_bdp=146070 _bdp=146070 _min_cwnd=4150 _maxwnd=219105 _cwnd=219105
Initialize per-instance NSCC parameters: flowid 158 _base_rtt=11685600 _base_bdp=146070 _bdp=146070 _min_cwnd=4150 _maxwnd=219105 _cwnd=219105
Initialize per-instance NSCC parameters: flowid 159 _base_rtt=11685600 _base_bdp=146070 _bdp=146070 _min_cwnd=4150 _maxwnd=219105 _cwnd=219105
Initialize per-instance NSCC parameters: flowid 160 _base_rtt=11685600 _base_bdp=146070 _bdp=146070 _min_cwnd=4150 _maxwnd=219105 _cwnd=219105
Initialize per-instance NSCC parameters: flowid 161 _base_rtt=11685600 _base_bdp=146070 _bdp=146070 _min_cwnd=4150 _maxwnd=219105 _cwnd=219105
Initialize per-instance NSCC parameters: flowid 162 _base_rtt=11685600 _base_bdp=146070 _bdp=146070 _min_cwnd=4150 _maxwnd=219105 _cwnd=219105
Initialize per-instance NSCC parameters: flowid 163 _base_rtt=11685600 _base_bdp=146070 _bdp=146070 _min_cwnd=4150 _maxwnd=219105 _cwnd=219105
Initialize per-instance NSCC parameters: flowid 164 _base_rtt=11685600 _base_bdp=146070 _bdp=146070 _min_cwnd=4150 _maxwnd=219105 _cwnd=219105
Initialize per-instance NSCC parameters: flowid 165 _base_rtt=11685600 _base_bdp=146070 _bdp=146070 _min_cwnd=4150 _maxwnd=219105 _cwnd=219105
Initialize per-instance NSCC parameters: flowid 166 _base_rtt=11685600 _base_bdp=146070 _bdp=146070 _min_cwnd=4150 _maxwnd=219105 _cwnd=219105
Starting simulation
Flow Uec_143_15 flowId 1 uecSrc 0 starting at 0
Flow Uec_251_123 flowId 2 uecSrc 1 starting at 0
Flow Uec_41_169 flowId 3 uecSrc 2 starting at 0
Flow Uec_140_12 flowId 4 uecSrc 3 starting at 0
Flow Uec_34_162 flowId 5 uecSrc 4 starting at 0
Flow Uec_67_195 flowId 6 uecSrc 5 starting at 0
Flow Uec_214_86 flowId 7 uecSrc 6 starting at 0
Flow Uec_73_201 flowId 8 uecSrc 7 starting at 0
Flow Uec_54_182 flowId 9 uecSrc 8 starting at 0
Flow Uec_155_27 flowId 10 uecSrc 9 starting at 0
Flow Uec_71_199 flowId 11 uecSrc 10 starting at 0
Flow Uec_35_163 flowId 12 uecSrc 11 starting at 0
Flow Uec_70_198 flowId 13 uecSrc 12 starting at 0
Flow Uec_213_85 flowId 14 uecSrc 13 starting at 0
Flow Uec_130_2 flowId 15 uecSrc 14 starting at 0
Flow Uec_227_99 flowId 16 uecSrc 15 starting at 0
Flow Uec_116_244 flowId 17 uecSrc 16 starting at 0
Flow Uec_80_208 flowId 18 uecSrc 17 starting at 0
Flow Uec_99_227 flowId 19 uecSrc 18 starting at 0
Flow Uec_150_22 flowId 20 uecSrc 19 starting at 0
Flow Uec_164_36 flowId 21 uecSrc 20 starting at 0
Flow Uec_14_142 flowId 22 uecSrc 21 starting at 0
Flow Uec_64_192 flowId 23 uecSrc 22 starting at 0
Flow Uec_249_121 flowId 24 uecSrc 23 starting at 0
Flow Uec_212_84 flowId 25 uecSrc 24 starting at 0
Flow Uec_252_124 flowId 26 uecSrc 25 starting at 0
Flow Uec_209_81 flowId 27 uecSrc 26 starting at 0
Flow Uec_201_73 flowId 28 uecSrc 27 starting at 0
Flow Uec_48_176 flowId 29 uecSrc 28 starting at 0
Flow Uec_203_75 flowId 30 uecSrc 29 starting at 0
Flow Uec_75_203 flowId 31 uecSrc 30 starting at 0
Flow Uec_118_246 flowId 32 uecSrc 31 starting at 0
Flow Uec_129_1 flowId 33 uecSrc 32 starting at 0
Flow Uec_222_94 flowId 34 uecSrc 33 starting at 0
Flow Uec_163_35 flowId 35 uecSrc 34 starting at 0
Flow Uec_151_23 flowId 36 uecSrc 35 starting at 0
Flow Uec_235_107 flowId 37 uecSrc 36 starting at 0
Flow Uec_168_40 flowId 38 uecSrc 37 starting at 0
Flow Uec_228_100 flowId 39 uecSrc 38 starting at 0
Flow Uec_224_96 flowId 40 uecSrc 39 starting at 0
Flow Uec_179_51 flowId 41 uecSrc 40 starting at 0
Flow Uec_86_214 flowId 42 uecSrc 41 starting at 0
Flow Uec_6_134 flowId 43 uecSrc 42 starting at 0
Flow Uec_40_168 flowId 44 uecSrc 43 starting at 0
Flow Uec_181_53 flowId 45 uecSrc 44 starting at 0
Flow Uec_46_174 flowId 46 uecSrc 45 starting at 0
Flow Uec_208_80 flowId 47 uecSrc 46 starting at 0
Flow Uec_238_110 flowId 48 uecSrc 47 starting at 0
Flow Uec_119_247 flowId 49 uecSrc 48 starting at 0
Flow Uec_244_116 flowId 50 uecSrc 49 starting at 0
Flow Uec_61_189 flowId 51 uecSrc 50 starting at 0
Flow Uec_110_238 flowId 52 uecSrc 51 starting at 0
Flow Uec_178_50 flowId 53 uecSrc 52 starting at 0
Flow Uec_50_178 flowId 54 uecSrc 53 starting at 0
Flow Uec_200_72 flowId 55 uecSrc 54 starting at 0
Flow Uec_115_243 flowId 56 uecSrc 55 starting at 0
Flow Uec_158_30 flowId 57 uecSrc 56 starting at 0
Flow Uec_18_146 flowId 58 uecSrc 57 starting at 0
Flow Uec_223_95 flowId 59 uecSrc 58 starting at 0
Flow Uec_81_209 flowId 60 uecSrc 59 starting at 0
Flow Uec_52_180 flowId 61 uecSrc 60 starting at 0
Flow Uec_62_190 flowId 62 uecSrc 61 starting at 0
Flow Uec_27_155 flowId 63 uecSrc 62 starting at 0
Flow Uec_218_90 flowId 64 uecSrc 63 starting at 0
Flow Uec_96_224 flowId 65 uecSrc 64 starting at 0
Flow Uec_90_218 flowId 66 uecSrc 65 starting at 0
Flow Uec_137_9 flowId 67 uecSrc 66 starting at 0
Flow Uec_42_170 flowId 68 uecSrc 67 starting at 0
Flow Uec_174_46 flowId 69 uecSrc 68 starting at 0
Flow Uec_16_144 flowId 70 uecSrc 69 starting at 0
Flow Uec_112_240 flowId 71 uecSrc 70 starting at 0
Flow Uec_88_216 flowId 72 uecSrc 71 starting at 0
Flow Uec_245_117 flowId 73 uecSrc 72 starting at 0
Flow Uec_106_234 flowId 74 uecSrc 73 starting at 0
Flow Uec_4_132 flowId 75 uecSrc 74 starting at 0
Flow Uec_159_31 flowId 76 uecSrc 75 starting at 0
Flow Uec_154_26 flowId 77 uecSrc 76 starting at 0
Flow Uec_24_152 flowId 78 uecSrc 77 starting at 0
Flow Uec_243_115 flowId 79 uecSrc 78 starting at 0
Flow Uec_32_160 flowId 80 uecSrc 79 starting at 0
Flow Uec_153_25 flowId 81 uecSrc 80 starting at 0
Flow Uec_167_39 flowId 82 uecSrc 81 starting at 0
Flow Uec_210_82 flowId 83 uecSrc 82 starting at 0
Flow Uec_43_171 flowId 84 uecSrc 83 starting at 0
Flow Uec_254_126 flowId 85 uecSrc 84 starting at 0
Flow Uec_180_52 flowId 86 uecSrc 85 starting at 0
Flow Uec_25_153 flowId 87 uecSrc 86 starting at 0
Flow Uec_190_62 flowId 88 uecSrc 87 starting at 0
Flow Uec_38_166 flowId 89 uecSrc 88 starting at 0
Flow Uec_11_139 flowId 90 uecSrc 89 starting at 0
Flow Uec_105_233 flowId 91 uecSrc 90 starting at 0
Flow Uec_237_109 flowId 92 uecSrc 91 starting at 0
Flow Uec_186_58 flowId 93 uecSrc 92 starting at 0
Flow Uec_169_41 flowId 94 uecSrc 93 starting at 0
Flow Uec_33_161 flowId 95 uecSrc 94 starting at 0
Flow Uec_65_193 flowId 96 uecSrc 95 starting at 0
Flow Uec_202_74 flowId 97 uecSrc 96 starting at 0
Flow Uec_69_197 flowId 98 uecSrc 97 starting at 0
Flow Uec_255_127 flowId 99 uecSrc 98 starting at 0
Flow Uec_216_88 flowId 100 uecSrc 99 starting at 0
Flow Uec_59_187 flowId 101 uecSrc 100 starting at 0
Flow Uec_177_49 flowId 102 uecSrc 101 starting at 0
Flow Uec_225_97 flowId 103 uecSrc 102 starting at 0
Flow Uec_58_186 flowId 104 uecSrc 103 starting at 0
Flow Uec_199_71 flowId 105 uecSrc 104 starting at 0
Flow Uec_128_0 flowId 106 uecSrc 105 starting at 0
Flow Uec_250_122 flowId 107 uecSrc 106 starting at 0
Flow Uec_15_143 flowId 108 uecSrc 107 starting at 0
Flow Uec_229_101 flowId 109 uecSrc 108 starting at 0
Flow Uec_104_232 flowId 110 uecSrc 109 starting at 0
Flow Uec_51_179 flowId 111 uecSrc 110 starting at 0
Flow Uec_230_102 flowId 112 uecSrc 111 starting at 0
Flow Uec_248_120 flowId 113 uecSrc 112 starting at 0
Flow Uec_253_125 flowId 114 uecSrc 113 starting at 0
Flow Uec_26_154 flowId 115 uecSrc 114 starting at 0
Flow Uec_98_226 flowId 116 uecSrc 115 starting at 0
Flow Uec_246_118 flowId 117 uecSrc 116 starting at 0
Flow Uec_103_231 flowId 118 uecSrc 117 starting at 0
Flow Uec_135_7 flowId 119 uecSrc 118 starting at 0
Flow Uec_108_236 flowId 120 uecSrc 119 starting at 0
Flow Uec_219_91 flowId 121 uecSrc 120 starting at 0
Flow Uec_195_67 flowId 122 uecSrc 121 starting at 0
Flow Uec_17_145 flowId 123 uecSrc 122 starting at 0
Flow Uec_188_60 flowId 124 uecSrc 123 starting at 0
Flow Uec_144_16 flowId 125 uecSrc 124 starting at 0
Flow Uec_2_130 flowId 126 uecSrc 125 starting at 0
Flow Uec_22_150 flowId 127 uecSrc 126 starting at 0
Flow Uec_68_196 flowId 128 uecSrc 127 starting at 0
Flow Uec_60_188 flowId 129 uecSrc 128 starting at 0
Flow Uec_156_28 flowId 130 uecSrc 129 starting at 0
Flow Uec_146_18 flowId 131 uecSrc 130 starting at 0
Flow Uec_113_241 flowId 132 uecSrc 131 starting at 0
Flow Uec_175_47 flowId 133 uecSrc 132 starting at 0
Flow Uec_94_222 flowId 134 uecSrc 133 starting at 0
Flow Uec_57_185 flowId 135 uecSrc 134 starting at 0
Flow Uec_194_66 flowId 136 uecSrc 135 starting at 0
Flow Uec_184_56 flowId 137 uecSrc 136 starting at 0
Flow Uec_0_128 flowId 138 uecSrc 137 starting at 0
Flow Uec_241_113 flowId 139 uecSrc 138 starting at 0
Flow Uec_240_112 flowId 140 uecSrc 139 starting at 0
Flow Uec_198_70 flowId 141 uecSrc 140 starting at 0
Flow Uec_93_221 flowId 142 uecSrc 141 starting at 0
Flow Uec_136_8 flowId 143 uecSrc 142 starting at 0
Flow Uec_242_114 flowId 144 uecSrc 143 starting at 0
Flow Uec_87_215 flowId 145 uecSrc 144 starting at 0
Flow Uec_123_251 flowId 146 uecSrc 145 starting at 0
Flow Uec_76_204 flowId 147 uecSrc 146 starting at 0
Flow Uec_172_44 flowId 148 uecSrc 147 starting at 0
Flow Uec_9_137 flowId 149 uecSrc 148 starting at 0
Flow Uec_23_151 flowId 150 uecSrc 149 starting at 0
Flow Uec_1_129 flowId 151 uecSrc 150 starting at 0
Flow Uec_29_157 flowId 152 uecSrc 151 starting at 0
Flow Uec_192_64 flowId 153 uecSrc 152 starting at 0
Flow Uec_77_205 flowId 154 uecSrc 153 starting at 0
Flow Uec_152_24 flowId 155 uecSrc 154 starting at 0
Flow Uec_121_249 flowId 156 uecSrc 155 starting at 0
Flow Uec_117_245 flowId 157 uecSrc 156 starting at 0
Flow Uec_232_104 flowId 158 uecSrc 157 starting at 0
Flow Uec_217_89 flowId 159 uecSrc 158 starting at 0
Flow Uec_205_77 flowId 160 uecSrc 159 starting at 0
Flow Uec_133_5 flowId 161 uecSrc 160 starting at 0
Flow Uec_37_165 flowId 162 uecSrc 161 starting at 0
Flow Uec_233_105 flowId 163 uecSrc 162 starting at 0
Flow Uec_95_223 flowId 164 uecSrc 163 starting at 0
Flow Uec_10_138 flowId 165 uecSrc 164 starting at 0
Flow Uec_147_19 flowId 166 uecSrc 165 starting at 0
164.795 flowid 3 Spurious 91
Flow Uec_194_66 flowId 136 uecSrc 135 finished at 173.862 total messages 1 total packets 490 RTS 0 total bytes 2002140 in_flight now 0 fair_inc 0 prop_inc 10611 fast_inc 444999 eta_inc 8344 multi_dec -0 quick_dec -0 nack_dec -0
Flow Uec_119_247 flowId 49 uecSrc 48 finished at 174.879 total messages 1 total packets 490 RTS 0 total bytes 2002140 in_flight now 0 fair_inc 0 prop_inc 21455 fast_inc 383895 eta_inc 8344 multi_dec -0 quick_dec -0 nack_dec -0
Flow Uec_110_238 flowId 52 uecSrc 51 finished at 175.611 total messages 1 total packets 490 RTS 0 total bytes 2002140 in_flight now 0 fair_inc 0 prop_inc 56045 fast_inc 210132 eta_inc 8344 multi_dec -0 quick_dec -0 nack_dec -0
Flow Uec_180_52 flowId 86 uecSrc 85 finished at 175.976 total messages 1 total packets 490 RTS 0 total bytes 2002140 in_flight now 0 fair_inc 0 prop_inc 61783 fast_inc 189927 eta_inc 7748 multi_dec -0 quick_dec -0 nack_dec -0
Flow Uec_98_226 flowId 116 uecSrc 115 finished at 176.559 total messages 1 total packets 490 RTS 0 total bytes 2002140 in_flight now 0 fair_inc 0 prop_inc 74735 fast_inc 68697 eta_inc 8344 multi_dec -0 quick_dec -0 nack_dec -0
Flow Uec_123_251 flowId 146 uecSrc 145 finished at 176.648 total messages 1 total packets 490 RTS 0 total bytes 2002140 in_flight now 0 fair_inc 0 prop_inc 38787 fast_inc 290952 eta_inc 8344 multi_dec -0 quick_dec -0 nack_dec -0
Flow Uec_73_201 flowId 8 uecSrc 7 finished at 176.75 total messages 1 total packets 490 RTS 0 total bytes 2002140 in_flight now 0 fair_inc 0 prop_inc 86971 fast_inc 32328 eta_inc 8344 multi_dec -0 quick_dec -0 nack_dec -0
Flow Uec_195_67 flowId 122 uecSrc 121 finished at 176.858 total messages 1 total packets 490 RTS 0 total bytes 2002140 in_flight now 0 fair_inc 0 prop_inc 73579 fast_inc 109107 eta_inc 8344 multi_dec -0 quick_dec -0 nack_dec -0
Flow Uec_104_232 flowId 110 uecSrc 109 finished at 177.095 total messages 1 total packets 490 RTS 0 total bytes 2002140 in_flight now 0 fair_inc 0 prop_inc 87295 fast_inc 20205 eta_inc 8344 multi_dec -0 quick_dec -0 nack_dec -0
177.564 flowid 68 Spurious 92
Flow Uec_164_36 flowId 21 uecSrc 20 finished at 177.763 total messages 1 total packets 490 RTS 0 total bytes 2002140 in_flight now 0 fair_inc 0 prop_inc 94255 fast_inc 12123 eta_inc 8344 multi_dec -0 quick_dec -0 nack_dec -0
Flow Uec_116_244 flowId 17 uecSrc 16 finished at 178.078 total messages 1 total packets 490 RTS 0 total bytes 2002140 in_flight now 0 fair_inc 0 prop_inc 91740 fast_inc 0 eta_inc 8344 multi_dec -0 quick_dec -0 nack_dec -0
Flow Uec_17_145 flowId 123 uecSrc 122 finished at 178.712 total messages 1 total packets 490 RTS 0 total bytes 2002140 in_flight now 0 fair_inc 0 prop_inc 49637 fast_inc 0 eta_inc 8344 multi_dec -0 quick_dec -0 nack_dec -0
Flow Uec_133_5 flowId 161 uecSrc 160 finished at 179.1 total messages 1 total packets 490 RTS 0 total bytes 2002140 in_flight now 0 fair_inc 0 prop_inc 84499 fast_inc 48492 eta_inc 8344 multi_dec -0 quick_dec -0 nack_dec -0
Flow Uec_137_9 flowId 67 uecSrc 66 finished at 180.328 total messages 1 total packets 490 RTS 0 total bytes 2002140 in_flight now 0 fair_inc 0 prop_inc 89479 fast_inc 20205 eta_inc 8344 multi_dec -0 quick_dec -0 nack_dec -0
181.108 flowid 162 Spurious 132
Flow Uec_129_1 flowId 33 uecSrc 32 finished at 182.03 total messages 1 total packets 490 RTS 0 total bytes 2002140 in_flight now 0 fair_inc 0 prop_inc 98620 fast_inc 4041 eta_inc 8344 multi_dec -0 quick_dec -0 nack_dec -0
183.827 flowid 162 Spurious 139
Flow Uec_80_208 flowId 18 uecSrc 17 finished at 185.907 total messages 1 total packets 490 RTS 0 total bytes 2002140 in_flight now 0 fair_inc 0 prop_inc 34478 fast_inc 0 eta_inc 8940 multi_dec -0 quick_dec -0 nack_dec -0
Flow Uec_248_120 flowId 113 uecSrc 112 finished at 186.489 total messages 1 total packets 490 RTS 0 total bytes 2002140 in_flight now 0 fair_inc 0 prop_inc 47371 fast_inc 0 eta_inc 8940 multi_dec -0 quick_dec -0 nack_dec -0
Flow Uec_38_166 flowId 89 uecSrc 88 finished at 202.316 total messages 1 total packets 490 RTS 0 total bytes 2002140 in_flight now 0 fair_inc 6007 prop_inc 18929 fast_inc 0 eta_inc 9536 multi_dec -0 quick_dec -0 nack_dec -0
202.684 flowid 3 Spurious 180
Flow Uec_244_116 flowId 50 uecSrc 49 finished at 202.971 total messages 1 total packets 490 RTS 0 total bytes 2002140 in_flight now 0 fair_inc 0 prop_inc 20933 fast_inc 0 eta_inc 9536 multi_dec -0 quick_dec -0 nack_dec -0
205.008 flowid 3 Spurious 189
207.337 flowid 3 Spurious 194
Flow Uec_62_190 flowId 62 uecSrc 61 finished at 207.55 total messages 1 total packets 490 RTS 0 total bytes 2002140 in_flight now 0 fair_inc 4880 prop_inc 14968 fast_inc 0 eta_inc 9536 multi_dec -0 quick_dec -0 nack_dec -0
207.669 flowid 3 Spurious 193
207.716 flowid 152 Spurious 203
Flow Uec_143_15 flowId 1 uecSrc 0 finished at 211.521 total messages 1 total packets 490 RTS 0 total bytes 2002140 in_flight now 0 fair_inc 6004 prop_inc 9450 fast_inc 0 eta_inc 10132 multi_dec -0 quick_dec -0 nack_dec -0
211.71 flowid 3 Spurious 202
Flow Uec_255_127 flowId 99 uecSrc 98 finished at 213.876 total messages 1 total packets 490 RTS 0 total bytes 2002140 in_flight now 0 fair_inc 10260 prop_inc 18917 fast_inc 0 eta_inc 10132 multi_dec -49918 quick_dec -0 nack_dec -0
Flow Uec_33_161 flowId 95 uecSrc 94 finished at 213.975 total messages 1 total packets 490 RTS 0 total bytes 2002140 in_flight now 0 fair_inc 27704 prop_inc 5855 fast_inc 0 eta_inc 10132 multi_dec -0 quick_dec -0 nack_dec -0
Flow Uec_26_154 flowId 115 uecSrc 114 finished at 214.981 total messages 1 total packets 490 RTS 0 total bytes 2002140 in_flight now 0 fair_inc 11559 prop_inc 23320 fast_inc 0 eta_inc 10132 multi_dec -0 quick_dec -0 nack_dec -0
215.188 flowid 58 Spurious 189
Flow Uec_35_163 flowId 12 uecSrc 11 finished at 215.402 total messages 1 total packets 490 RTS 0 total bytes 2002140 in_flight now 0 fair_inc 7487 prop_inc 19055 fast_inc 0 eta_inc 10132 multi_dec -0 quick_dec -0 nack_dec -0
223.132 flowid 152 Spurious 241
Flow Uec_202_74 flowId 97 uecSrc 96 finished at 226.481 total messages 1 total packets 490 RTS 0 total bytes 2002140 in_flight now 0 fair_inc 1335 prop_inc 15082 fast_inc 0 eta_inc 10728 multi_dec -51110 quick_dec -0 nack_dec -0
Flow Uec_40_168 flowId 44 uecSrc 43 finished at 229.387 total messages 1 total packets 491 RTS 1 total bytes 2002140 in_flight now 0 fair_inc 4509 prop_inc 25893 fast_inc 0 eta_inc 10728 multi_dec -0 quick_dec -0 nack_dec -0
252.44 flowid 149 Spurious 243
254.566 flowid 87 Spurious 315
261.003 flowid 149 Spurious 257
265.407 flowid 149 Spurious 261
Flow Uec_6_134 flowId 43 uecSrc 42 finished at 270.993 total messages 1 total packets 490 RTS 0 total bytes 2002140 in_flight now 0 fair_inc 4901 prop_inc 53043 fast_inc 0 eta_inc 13112 multi_dec -126213 quick_dec -0 nack_dec -4150
Flow Uec_32_160 flowId 80 uecSrc 79 finished at 281.767 total messages 1 total packets 492 RTS 2 total bytes 2002140 in_flight now 0 fair_inc 13734 prop_inc 21170 fast_inc 0 eta_inc 11920 multi_dec -0 quick_dec -174213 nack_dec -8300
Flow Uec_54_182 flowId 9 uecSrc 8 finished at 282.744 total messages 1 total packets 490 RTS 0 total bytes 2002140 in_flight now 0 fair_inc 4584 prop_inc 45046 fast_inc 0 eta_inc 13112 multi_dec -79132 quick_dec -0 nack_dec -49800
285.024 flowid 80 Spurious 392
Flow Uec_14_142 flowId 22 uecSrc 21 finished at 286.506 total messages 1 total packets 491 RTS 1 total bytes 2002140 in_flight now 0 fair_inc 9091 prop_inc 34900 fast_inc 0 eta_inc 12516 multi_dec -112873 quick_dec -0 nack_dec -12450
Flow Uec_140_12 flowId 4 uecSrc 3 finished at 297.834 total messages 1 total packets 490 RTS 0 total bytes 2002140 in_flight now 0 fair_inc 718 prop_inc 37093 fast_inc 0 eta_inc 13708 multi_dec -88989 quick_dec -0 nack_dec -20750
Flow Uec_24_152 flowId 78 uecSrc 77 finished at 302.427 total messages 1 total packets 490 RTS 0 total bytes 2002140 in_flight now 0 fair_inc 10113 prop_inc 33726 fast_inc 0 eta_inc 10728 multi_dec -0 quick_dec -192169 nack_dec -12450
Flow Uec_15_143 flowId 108 uecSrc 107 finished at 302.983 total messages 1 total packets 491 RTS 1 total bytes 2002140 in_flight now 0 fair_inc 15924 prop_inc 28060 fast_inc 0 eta_inc 14304 multi_dec -112888 quick_dec -0 nack_dec -4150
Flow Uec_48_176 flowId 29 uecSrc 28 finished at 314.902 total messages 1 total packets 497 RTS 7 total bytes 2002140 in_flight now 0 fair_inc 12946 prop_inc 18202 fast_inc 0 eta_inc 14900 multi_dec -39535 quick_dec -0 nack_dec -4150
316.499 flowid 3 Spurious 475
Flow Uec_41_169 flowId 3 uecSrc 2 finished at 316.75 total messages 1 total packets 492 RTS 2 total bytes 2002140 in_flight now 0 fair_inc 11961 prop_inc 18513 fast_inc 0 eta_inc 11324 multi_dec -0 quick_dec -183336 nack_dec -12450
319.22 flowid 87 Spurious 469
Flow Uec_18_146 flowId 58 uecSrc 57 finished at 319.787 total messages 1 total packets 494 RTS 4 total bytes 2002140 in_flight now 0 fair_inc 9681 prop_inc 37038 fast_inc 0 eta_inc 14900 multi_dec -115393 quick_dec -0 nack_dec -0
Flow Uec_34_162 flowId 5 uecSrc 4 finished at 320.643 total messages 1 total packets 494 RTS 4 total bytes 2002140 in_flight now 0 fair_inc 5130 prop_inc 46480 fast_inc 0 eta_inc 14304 multi_dec -0 quick_dec -167971 nack_dec -12450
321.363 flowid 3 Spurious 481
Flow Uec_25_153 flowId 87 uecSrc 86 finished at 323.831 total messages 1 total packets 492 RTS 2 total bytes 2002140 in_flight now 0 fair_inc 6834 prop_inc 34900 fast_inc 0 eta_inc 13112 multi_dec -0 quick_dec -172054 nack_dec -12450
Flow Uec_9_137 flowId 149 uecSrc 148 finished at 325.026 total messages 1 total packets 494 RTS 4 total bytes 2002140 in_flight now 0 fair_inc 11896 prop_inc 50936 fast_inc 2020 eta_inc 14304 multi_dec -0 quick_dec -181821 nack_dec -33200
Flow Uec_106_234 flowId 74 uecSrc 73 finished at 325.842 total messages 1 total packets 490 RTS 0 total bytes 2002140 in_flight now 0 fair_inc 5042 prop_inc 25916 fast_inc 0 eta_inc 15496 multi_dec -78541 quick_dec -0 nack_dec -49800
Flow Uec_154_26 flowId 77 uecSrc 76 finished at 326.219 total messages 1 total packets 490 RTS 0 total bytes 2002140 in_flight now 0 fair_inc 11287 prop_inc 31973 fast_inc 0 eta_inc 14900 multi_dec -87688 quick_dec -0 nack_dec -41500
Flow Uec_16_144 flowId 70 uecSrc 69 finished at 326.816 total messages 1 total packets 491 RTS 1 total bytes 2002140 in_flight now 0 fair_inc 3188 prop_inc 58109 fast_inc 0 eta_inc 14304 multi_dec -137649 quick_dec -0 nack_dec -16600
Flow Uec_216_88 flowId 100 uecSrc 99 finished at 328.757 total messages 1 total packets 490 RTS 0 total bytes 2002140 in_flight now 0 fair_inc 3093 prop_inc 41326 fast_inc 0 eta_inc 15496 multi_dec -113341 quick_dec -0 nack_dec -33200
Flow Uec_192_64 flowId 153 uecSrc 152 finished at 329.195 total messages 1 total packets 490 RTS 0 total bytes 2002140 in_flight now 0 fair_inc 4008 prop_inc 18647 fast_inc 0 eta_inc 15496 multi_dec -89619 quick_dec -0 nack_dec -33200
Flow Uec_128_0 flowId 106 uecSrc 105 finished at 331.175 total messages 1 total packets 491 RTS 1 total bytes 2002140 in_flight now 0 fair_inc 3724 prop_inc 27502 fast_inc 0 eta_inc 14900 multi_dec -75381 quick_dec -0 nack_dec -37350
Flow Uec_219_91 flowId 121 uecSrc 120 finished at 331.995 total messages 1 total packets 490 RTS 0 total bytes 2002140 in_flight now 0 fair_inc 8779 prop_inc 29159 fast_inc 0 eta_inc 16092 multi_dec -116126 quick_dec -0 nack_dec -29050
Flow Uec_190_62 flowId 88 uecSrc 87 finished at 335.973 total messages 1 total packets 490 RTS 0 total bytes 2002140 in_flight now 0 fair_inc 3417 prop_inc 21353 fast_inc 0 eta_inc 16092 multi_dec -91278 quick_dec -0 nack_dec -37350
Flow Uec_198_70 flowId 141 uecSrc 140 finished at 337.203 total messages 1 total packets 490 RTS 0 total bytes 2002140 in_flight now 0 fair_inc 6852 prop_inc 41255 fast_inc 0 eta_inc 16092 multi_dec -111073 quick_dec -0 nack_dec -41500
Flow Uec_58_186 flowId 104 uecSrc 103 finished at 338.585 total messages 1 total packets 490 RTS 0 total bytes 2002140 in_flight now 0 fair_inc 10569 prop_inc 42593 fast_inc 0 eta_inc 16092 multi_dec -115589 quick_dec -0 nack_dec -37350
Flow Uec_184_56 flowId 137 uecSrc 136 finished at 339.181 total messages 1 total packets 490 RTS 0 total bytes 2002140 in_flight now 0 fair_inc 10721 prop_inc 20563 fast_inc 0 eta_inc 16092 multi_dec -73242 quick_dec -0 nack_dec -58100
Flow Uec_179_51 flowId 41 uecSrc 40 finished at 342.271 total messages 1 total packets 490 RTS 0 total bytes 2002140 in_flight now 0 fair_inc 10879 prop_inc 18846 fast_inc 0 eta_inc 16092 multi_dec -76360 quick_dec -0 nack_dec -53950
Flow Uec_152_24 flowId 155 uecSrc 154 finished at 343.158 total messages 1 total packets 490 RTS 0 total bytes 2002140 in_flight now 0 fair_inc 10432 prop_inc 37716 fast_inc 0 eta_inc 15496 multi_dec -112820 quick_dec -0 nack_dec -33200
Flow Uec_223_95 flowId 59 uecSrc 58 finished at 343.371 total messages 1 total packets 490 RTS 0 total bytes 2002140 in_flight now 0 fair_inc 9359 prop_inc 40089 fast_inc 0 eta_inc 16092 multi_dec -99559 quick_dec -0 nack_dec -49800
Flow Uec_146_18 flowId 131 uecSrc 130 finished at 343.449 total messages 1 total packets 490 RTS 0 total bytes 2002140 in_flight now 0 fair_inc 26363 prop_inc 34247 fast_inc 0 eta_inc 16092 multi_dec -115292 quick_dec -0 nack_dec -37350
Flow Uec_209_81 flowId 27 uecSrc 26 finished at 343.513 total messages 1 total packets 490 RTS 0 total bytes 2002140 in_flight now 0 fair_inc 6156 prop_inc 30453 fast_inc 0 eta_inc 16092 multi_dec -66995 quick_dec -0 nack_dec -70550
Flow Uec_43_171 flowId 84 uecSrc 83 finished at 343.8 total messages 1 total packets 496 RTS 6 total bytes 2002140 in_flight now 0 fair_inc 14225 prop_inc 34783 fast_inc 0 eta_inc 16688 multi_dec -103932 quick_dec -0 nack_dec -16600
Flow Uec_115_243 flowId 56 uecSrc 55 finished at 344.27 total messages 1 total packets 490 RTS 0 total bytes 2002140 in_flight now 0 fair_inc 8006 prop_inc 36488 fast_inc 0 eta_inc 16688 multi_dec -106593 quick_dec -0 nack_dec -41500
Flow Uec_37_165 flowId 162 uecSrc 161 finished at 344.756 total messages 1 total packets 492 RTS 2 total bytes 2002140 in_flight now 0 fair_inc 7717 prop_inc 23137 fast_inc 0 eta_inc 12516 multi_dec -0 quick_dec -170541 nack_dec -8300
Flow Uec_167_39 flowId 82 uecSrc 81 finished at 344.838 total messages 1 total packets 490 RTS 0 total bytes 2002140 in_flight now 0 fair_inc 20866 prop_inc 27653 fast_inc 0 eta_inc 15496 multi_dec -104858 quick_dec -0 nack_dec -37350
Flow Uec_163_35 flowId 35 uecSrc 34 finished at 345.28 total messages 1 total packets 490 RTS 0 total bytes 2002140 in_flight now 0 fair_inc 21846 prop_inc 39881 fast_inc 0 eta_inc 16092 multi_dec -106081 quick_dec -0 nack_dec -45650
Flow Uec_29_157 flowId 152 uecSrc 151 finished at 345.471 total messages 1 total packets 497 RTS 7 total bytes 2002140 in_flight now 0 fair_inc 5525 prop_inc 37217 fast_inc 0 eta_inc 14900 multi_dec -0 quick_dec -0 nack_dec -0
Flow Uec_61_189 flowId 51 uecSrc 50 finished at 346.108 total messages 1 total packets 490 RTS 0 total bytes 2002140 in_flight now 0 fair_inc 31632 prop_inc 37228 fast_inc 0 eta_inc 16092 multi_dec -110109 quick_dec -0 nack_dec -45650
Flow Uec_174_46 flowId 69 uecSrc 68 finished at 348.615 total messages 1 total packets 490 RTS 0 total bytes 2002140 in_flight now 0 fair_inc 17247 prop_inc 31269 fast_inc 0 eta_inc 16688 multi_dec -95731 quick_dec -0 nack_dec -45650
Flow Uec_205_77 flowId 160 uecSrc 159 finished at 348.851 total messages 1 total packets 490 RTS 0 total bytes 2002140 in_flight now 0 fair_inc 6413 prop_inc 51592 fast_inc 0 eta_inc 16092 multi_dec -97780 quick_dec -0 nack_dec -58100
Flow Uec_151_23 flowId 36 uecSrc 35 finished at 352.296 total messages 1 total packets 491 RTS 1 total bytes 2002140 in_flight now 0 fair_inc 24657 prop_inc 45311 fast_inc 0 eta_inc 16092 multi_dec -129665 quick_dec -0 nack_dec -33200
Flow Uec_23_151 flowId 150 uecSrc 149 finished at 353.043 total messages 1 total packets 495 RTS 5 total bytes 2002140 in_flight now 0 fair_inc 14381 prop_inc 26825 fast_inc 0 eta_inc 16688 multi_dec -113539 quick_dec -0 nack_dec -4150
Flow Uec_59_187 flowId 101 uecSrc 100 finished at 353.408 total messages 1 total packets 490 RTS 0 total bytes 2002140 in_flight now 0 fair_inc 18357 prop_inc 51300 fast_inc 0 eta_inc 15496 multi_dec -128486 quick_dec -0 nack_dec -29050
Flow Uec_245_117 flowId 73 uecSrc 72 finished at 355.581 total messages 1 total packets 490 RTS 0 total bytes 2002140 in_flight now 0 fair_inc 9249 prop_inc 53653 fast_inc 0 eta_inc 16688 multi_dec -139606 quick_dec -0 nack_dec -29050
Flow Uec_60_188 flowId 129 uecSrc 128 finished at 359.466 total messages 1 total packets 490 RTS 0 total bytes 2002140 in_flight now 0 fair_inc 23635 prop_inc 50666 fast_inc 0 eta_inc 16092 multi_dec -119181 quick_dec -0 nack_dec -49800
Flow Uec_42_170 flowId 68 uecSrc 67 finished at 360.928 total messages 1 total packets 500 RTS 10 total bytes 2002140 in_flight now 0 fair_inc 7214 prop_inc 31491 fast_inc 71198 eta_inc 16688 multi_dec -0 quick_dec -0 nack_dec -20750
Flow Uec_11_139 flowId 90 uecSrc 89 finished at 361.788 total messages 1 total packets 497 RTS 7 total bytes 2002140 in_flight now 0 fair_inc 1538 prop_inc 88915 fast_inc 0 eta_inc 16688 multi_dec -0 quick_dec -0 nack_dec -45650
365.037 flowid 126 Spurious 490
Flow Uec_135_7 flowId 119 uecSrc 118 finished at 365.606 total messages 1 total packets 490 RTS 0 total bytes 2002140 in_flight now 0 fair_inc 4787 prop_inc 79822 fast_inc 0 eta_inc 16688 multi_dec -113368 quick_dec -0 nack_dec -49800
Flow Uec_156_28 flowId 130 uecSrc 129 finished at 373.044 total messages 1 total packets 490 RTS 0 total bytes 2002140 in_flight now 0 fair_inc 23149 prop_inc 27817 fast_inc 0 eta_inc 16688 multi_dec -114304 quick_dec -0 nack_dec -66400
Flow Uec_246_118 flowId 117 uecSrc 116 finished at 376.912 total messages 1 total packets 490 RTS 0 total bytes 2002140 in_flight now 0 fair_inc 5740 prop_inc 63494 fast_inc 0 eta_inc 17284 multi_dec -122029 quick_dec -0 nack_dec -49800
Flow Uec_238_110 flowId 48 uecSrc 47 finished at 377.821 total messages 1 total packets 490 RTS 0 total bytes 2002140 in_flight now 0 fair_inc 11506 prop_inc 56690 fast_inc 0 eta_inc 17284 multi_dec -141896 quick_dec -0 nack_dec -33200
Flow Uec_240_112 flowId 140 uecSrc 139 finished at 377.847 total messages 1 total packets 490 RTS 0 total bytes 2002140 in_flight now 0 fair_inc 21815 prop_inc 50955 fast_inc 0 eta_inc 17880 multi_dec -130726 quick_dec -0 nack_dec -45650
378.348 flowid 126 Spurious 492
Flow Uec_27_155 flowId 63 uecSrc 62 finished at 381.922 total messages 1 total packets 497 RTS 7 total bytes 2002140 in_flight now 0 fair_inc 25711 prop_inc 30895 fast_inc 0 eta_inc 16092 multi_dec -110513 quick_dec -0 nack_dec -12450
Flow Uec_254_126 flowId 85 uecSrc 84 finished at 382 total messages 1 total packets 490 RTS 0 total bytes 2002140 in_flight now 0 fair_inc 6335 prop_inc 30110 fast_inc 0 eta_inc 17880 multi_dec -81034 quick_dec -0 nack_dec -70550
Flow Uec_57_185 flowId 135 uecSrc 134 finished at 382.19 total messages 1 total packets 490 RTS 0 total bytes 2002140 in_flight now 0 fair_inc 21864 prop_inc 30078 fast_inc 0 eta_inc 17880 multi_dec -23846 quick_dec -0 nack_dec -128650
Flow Uec_65_193 flowId 96 uecSrc 95 finished at 390.602 total messages 1 total packets 490 RTS 0 total bytes 2002140 in_flight now 0 fair_inc 7864 prop_inc 98835 fast_inc 0 eta_inc 16688 multi_dec -114873 quick_dec -0 nack_dec -62250
Flow Uec_249_121 flowId 24 uecSrc 23 finished at 394.744 total messages 1 total packets 490 RTS 0 total bytes 2002140 in_flight now 0 fair_inc 5730 prop_inc 36502 fast_inc 0 eta_inc 19072 multi_dec -77983 quick_dec -0 nack_dec -78850
Flow Uec_22_150 flowId 127 uecSrc 126 finished at 395.859 total messages 1 total packets 494 RTS 4 total bytes 2002140 in_flight now 0 fair_inc 19091 prop_inc 41861 fast_inc 0 eta_inc 17880 multi_dec -112679 quick_dec -0 nack_dec -16600
Flow Uec_0_128 flowId 138 uecSrc 137 finished at 399.322 total messages 1 total packets 493 RTS 3 total bytes 2002140 in_flight now 0 fair_inc 5355 prop_inc 59160 fast_inc 0 eta_inc 12516 multi_dec -0 quick_dec -188639 nack_dec -20750
Flow Uec_175_47 flowId 133 uecSrc 132 finished at 402.649 total messages 1 total packets 490 RTS 0 total bytes 2002140 in_flight now 0 fair_inc 26280 prop_inc 43323 fast_inc 0 eta_inc 17880 multi_dec -77996 quick_dec -0 nack_dec -103750
Flow Uec_46_174 flowId 46 uecSrc 45 finished at 404.721 total messages 1 total packets 497 RTS 7 total bytes 2002140 in_flight now 0 fair_inc 25382 prop_inc 37746 fast_inc 111611 eta_inc 18476 multi_dec -128213 quick_dec -0 nack_dec -12450
Flow Uec_68_196 flowId 128 uecSrc 127 finished at 409.481 total messages 1 total packets 490 RTS 0 total bytes 2002140 in_flight now 0 fair_inc 20223 prop_inc 24678 fast_inc 0 eta_inc 19668 multi_dec -28899 quick_dec -0 nack_dec -141100
Flow Uec_153_25 flowId 81 uecSrc 80 finished at 416.656 total messages 1 total packets 490 RTS 0 total bytes 2002140 in_flight now 0 fair_inc 22940 prop_inc 12516 fast_inc 0 eta_inc 19072 multi_dec -37680 quick_dec -0 nack_dec -116200
420.399 flowid 75 Spurious 425
Flow Uec_150_22 flowId 20 uecSrc 19 finished at 423.943 total messages 1 total packets 491 RTS 1 total bytes 2002140 in_flight now 0 fair_inc 34213 prop_inc 11043 fast_inc 0 eta_inc 19668 multi_dec -50373 quick_dec -0 nack_dec -120350
Flow Uec_90_218 flowId 66 uecSrc 65 finished at 426.069 total messages 1 total packets 490 RTS 0 total bytes 2002140 in_flight now 0 fair_inc 15655 prop_inc 17800 fast_inc 0 eta_inc 19668 multi_dec -38832 quick_dec -0 nack_dec -141100
Flow Uec_121_249 flowId 156 uecSrc 155 finished at 433.789 total messages 1 total packets 490 RTS 0 total bytes 2002140 in_flight now 0 fair_inc 16422 prop_inc 19142 fast_inc 0 eta_inc 20860 multi_dec -47681 quick_dec -0 nack_dec -124500
Flow Uec_86_214 flowId 42 uecSrc 41 finished at 439.104 total messages 1 total packets 490 RTS 0 total bytes 2002140 in_flight now 0 fair_inc 31006 prop_inc 16361 fast_inc 0 eta_inc 21456 multi_dec -45210 quick_dec -0 nack_dec -120350
Flow Uec_237_109 flowId 92 uecSrc 91 finished at 451.386 total messages 1 total packets 490 RTS 0 total bytes 2002140 in_flight now 0 fair_inc 18918 prop_inc 19809 fast_inc 0 eta_inc 21456 multi_dec -14611 quick_dec -0 nack_dec -153550
Flow Uec_70_198 flowId 13 uecSrc 12 finished at 455.21 total messages 1 total packets 490 RTS 0 total bytes 2002140 in_flight now 0 fair_inc 17120 prop_inc 19428 fast_inc 0 eta_inc 21456 multi_dec -92364 quick_dec -0 nack_dec -83000
Flow Uec_94_222 flowId 134 uecSrc 133 finished at 462.942 total messages 1 total packets 490 RTS 0 total bytes 2002140 in_flight now 0 fair_inc 30821 prop_inc 26439 fast_inc 0 eta_inc 22052 multi_dec -88082 quick_dec -0 nack_dec -99600
Flow Uec_2_130 flowId 126 uecSrc 125 finished at 466.644 total messages 1 total packets 496 RTS 6 total bytes 2002140 in_flight now -64 fair_inc 5423 prop_inc 76933 fast_inc 0 eta_inc 15496 multi_dec -0 quick_dec -161786 nack_dec -20750
Flow Uec_4_132 flowId 75 uecSrc 74 finished at 472.367 total messages 1 total packets 503 RTS 13 total bytes 2002140 in_flight now -64 fair_inc 1508 prop_inc 89650 fast_inc 0 eta_inc 18476 multi_dec -0 quick_dec -121625 nack_dec -41500
Flow Uec_144_16 flowId 125 uecSrc 124 finished at 472.827 total messages 1 total packets 491 RTS 1 total bytes 2002140 in_flight now 0 fair_inc 39675 prop_inc 17995 fast_inc 0 eta_inc 22052 multi_dec -79175 quick_dec -0 nack_dec -124500
Flow Uec_235_107 flowId 37 uecSrc 36 finished at 474.175 total messages 1 total packets 490 RTS 0 total bytes 2002140 in_flight now 0 fair_inc 31806 prop_inc 9247 fast_inc 0 eta_inc 22052 multi_dec -74210 quick_dec -0 nack_dec -103750
Flow Uec_241_113 flowId 139 uecSrc 138 finished at 478.205 total messages 1 total packets 490 RTS 0 total bytes 2002140 in_flight now 0 fair_inc 33766 prop_inc 11716 fast_inc 0 eta_inc 22648 multi_dec -38178 quick_dec -0 nack_dec -136950
Flow Uec_113_241 flowId 132 uecSrc 131 finished at 479.175 total messages 1 total packets 490 RTS 0 total bytes 2002140 in_flight now 0 fair_inc 17008 prop_inc 15831 fast_inc 0 eta_inc 22052 multi_dec -113358 quick_dec -0 nack_dec -70550
Flow Uec_199_71 flowId 105 uecSrc 104 finished at 483.138 total messages 1 total packets 490 RTS 0 total bytes 2002140 in_flight now 0 fair_inc 19081 prop_inc 18750 fast_inc 0 eta_inc 22648 multi_dec -28422 quick_dec -0 nack_dec -149400
Flow Uec_224_96 flowId 40 uecSrc 39 finished at 485.2 total messages 1 total packets 490 RTS 0 total bytes 2002140 in_flight now 0 fair_inc 11682 prop_inc 47547 fast_inc 0 eta_inc 22648 multi_dec -44687 quick_dec -0 nack_dec -136950
Flow Uec_105_233 flowId 91 uecSrc 90 finished at 487.924 total messages 1 total packets 490 RTS 0 total bytes 2002140 in_flight now 0 fair_inc 30108 prop_inc 13864 fast_inc 0 eta_inc 23244 multi_dec -89656 quick_dec -0 nack_dec -91300
Flow Uec_71_199 flowId 11 uecSrc 10 finished at 490.45 total messages 1 total packets 490 RTS 0 total bytes 2002140 in_flight now 0 fair_inc 17419 prop_inc 45360 fast_inc 0 eta_inc 23244 multi_dec -119666 quick_dec -0 nack_dec -74700
Flow Uec_77_205 flowId 154 uecSrc 153 finished at 491.445 total messages 1 total packets 490 RTS 0 total bytes 2002140 in_flight now 0 fair_inc 24134 prop_inc 56519 fast_inc 0 eta_inc 21456 multi_dec -136212 quick_dec -0 nack_dec -70550
Flow Uec_103_231 flowId 118 uecSrc 117 finished at 494.248 total messages 1 total packets 490 RTS 0 total bytes 2002140 in_flight now 0 fair_inc 21958 prop_inc 14953 fast_inc 0 eta_inc 23244 multi_dec -89335 quick_dec -0 nack_dec -95450
Flow Uec_96_224 flowId 65 uecSrc 64 finished at 495.034 total messages 1 total packets 490 RTS 0 total bytes 2002140 in_flight now 0 fair_inc 42646 prop_inc 31669 fast_inc 0 eta_inc 22648 multi_dec -98030 quick_dec -0 nack_dec -107900
Flow Uec_52_180 flowId 61 uecSrc 60 finished at 496.156 total messages 1 total packets 490 RTS 0 total bytes 2002140 in_flight now 0 fair_inc 3757 prop_inc 63982 fast_inc 12120 eta_inc 20860 multi_dec -102258 quick_dec -0 nack_dec -87150
Flow Uec_51_179 flowId 111 uecSrc 110 finished at 497.179 total messages 1 total packets 490 RTS 0 total bytes 2002140 in_flight now 0 fair_inc 23300 prop_inc 20582 fast_inc 0 eta_inc 23244 multi_dec -37660 quick_dec -0 nack_dec -161850
Flow Uec_118_246 flowId 32 uecSrc 31 finished at 499.248 total messages 1 total packets 490 RTS 0 total bytes 2002140 in_flight now 0 fair_inc 15724 prop_inc 50599 fast_inc 0 eta_inc 23840 multi_dec -107123 quick_dec -0 nack_dec -91300
Flow Uec_108_236 flowId 120 uecSrc 119 finished at 499.685 total messages 1 total packets 490 RTS 0 total bytes 2002140 in_flight now 0 fair_inc 23583 prop_inc 22398 fast_inc 0 eta_inc 23244 multi_dec -73157 quick_dec -0 nack_dec -107900
Flow Uec_217_89 flowId 159 uecSrc 158 finished at 502.93 total messages 1 total packets 490 RTS 0 total bytes 2002140 in_flight now 0 fair_inc 35269 prop_inc 21309 fast_inc 0 eta_inc 23840 multi_dec -116950 quick_dec -0 nack_dec -74700
Flow Uec_99_227 flowId 19 uecSrc 18 finished at 504.994 total messages 1 total packets 490 RTS 0 total bytes 2002140 in_flight now 0 fair_inc 21552 prop_inc 26478 fast_inc 0 eta_inc 23840 multi_dec -64808 quick_dec -0 nack_dec -124500
Flow Uec_130_2 flowId 15 uecSrc 14 finished at 505.312 total messages 1 total packets 491 RTS 1 total bytes 2002140 in_flight now 0 fair_inc 7486 prop_inc 32769 fast_inc 0 eta_inc 23840 multi_dec -72579 quick_dec -0 nack_dec -87150
Flow Uec_222_94 flowId 34 uecSrc 33 finished at 505.531 total messages 1 total packets 490 RTS 0 total bytes 2002140 in_flight now 0 fair_inc 38055 prop_inc 22668 fast_inc 0 eta_inc 23840 multi_dec -129767 quick_dec -0 nack_dec -78850
Flow Uec_87_215 flowId 145 uecSrc 144 finished at 508.541 total messages 1 total packets 490 RTS 0 total bytes 2002140 in_flight now 0 fair_inc 11307 prop_inc 46763 fast_inc 0 eta_inc 22648 multi_dec -70374 quick_dec -0 nack_dec -124500
Flow Uec_76_204 flowId 147 uecSrc 146 finished at 510.352 total messages 1 total packets 490 RTS 0 total bytes 2002140 in_flight now 0 fair_inc 19189 prop_inc 60229 fast_inc 2509 eta_inc 23244 multi_dec -105704 quick_dec -0 nack_dec -83000
Flow Uec_117_245 flowId 157 uecSrc 156 finished at 511.93 total messages 1 total packets 490 RTS 0 total bytes 2002140 in_flight now 0 fair_inc 16547 prop_inc 55611 fast_inc 0 eta_inc 23840 multi_dec -102081 quick_dec -0 nack_dec -95450
Flow Uec_81_209 flowId 60 uecSrc 59 finished at 513.252 total messages 1 total packets 490 RTS 0 total bytes 2002140 in_flight now 0 fair_inc 14875 prop_inc 73202 fast_inc 3519 eta_inc 24436 multi_dec -119460 quick_dec -0 nack_dec -83000
Flow Uec_64_192 flowId 23 uecSrc 22 finished at 513.276 total messages 1 total packets 490 RTS 0 total bytes 2002140 in_flight now 0 fair_inc 13897 prop_inc 25780 fast_inc 0 eta_inc 23244 multi_dec -106381 quick_dec -0 nack_dec -87150
Flow Uec_112_240 flowId 71 uecSrc 70 finished at 515.944 total messages 1 total packets 490 RTS 0 total bytes 2002140 in_flight now 0 fair_inc 22619 prop_inc 24731 fast_inc 11599 eta_inc 23244 multi_dec -56090 quick_dec -0 nack_dec -132800
Flow Uec_136_8 flowId 143 uecSrc 142 finished at 517.689 total messages 1 total packets 490 RTS 0 total bytes 2002140 in_flight now 0 fair_inc 17299 prop_inc 40897 fast_inc 0 eta_inc 24436 multi_dec -125568 quick_dec -0 nack_dec -78850
Flow Uec_67_195 flowId 6 uecSrc 5 finished at 522.305 total messages 1 total packets 490 RTS 0 total bytes 2002140 in_flight now 0 fair_inc 4645 prop_inc 35701 fast_inc 0 eta_inc 21456 multi_dec -89735 quick_dec -0 nack_dec -91300
Flow Uec_50_178 flowId 54 uecSrc 53 finished at 528.196 total messages 1 total packets 490 RTS 0 total bytes 2002140 in_flight now 0 fair_inc 18099 prop_inc 68842 fast_inc 0 eta_inc 19668 multi_dec -80265 quick_dec -0 nack_dec -116200
Flow Uec_1_129 flowId 151 uecSrc 150 finished at 529.637 total messages 1 total packets 505 RTS 15 total bytes 2002140 in_flight now -64 fair_inc 773 prop_inc 112295 fast_inc 9090 eta_inc 22052 multi_dec -0 quick_dec -102943 nack_dec -24900
Flow Uec_69_197 flowId 98 uecSrc 97 finished at 530.666 total messages 1 total packets 490 RTS 0 total bytes 2002140 in_flight now 0 fair_inc 46178 prop_inc 71717 fast_inc 0 eta_inc 23840 multi_dec -148422 quick_dec -0 nack_dec -87150
Flow Uec_10_138 flowId 165 uecSrc 164 finished at 535.779 total messages 1 total packets 494 RTS 4 total bytes 2002140 in_flight now 0 fair_inc 3737 prop_inc 56818 fast_inc 0 eta_inc 13708 multi_dec -0 quick_dec -171413 nack_dec -53950
Flow Uec_243_115 flowId 79 uecSrc 78 finished at 542.912 total messages 1 total packets 490 RTS 0 total bytes 2002140 in_flight now 0 fair_inc 11112 prop_inc 56098 fast_inc 0 eta_inc 25032 multi_dec -113415 quick_dec -0 nack_dec -83000
Flow Uec_242_114 flowId 144 uecSrc 143 finished at 543.737 total messages 1 total packets 490 RTS 0 total bytes 2002140 in_flight now 0 fair_inc 24660 prop_inc 48434 fast_inc 0 eta_inc 25032 multi_dec -94542 quick_dec -0 nack_dec -99600
Flow Uec_88_216 flowId 72 uecSrc 71 finished at 550.068 total messages 1 total packets 490 RTS 0 total bytes 2002140 in_flight now 0 fair_inc 45568 prop_inc 6762 fast_inc 0 eta_inc 25032 multi_dec -82153 quick_dec -0 nack_dec -128650
Flow Uec_200_72 flowId 55 uecSrc 54 finished at 556.826 total messages 1 total packets 490 RTS 0 total bytes 2002140 in_flight now 0 fair_inc 47322 prop_inc 3735 fast_inc 0 eta_inc 25628 multi_dec -39615 quick_dec -0 nack_dec -170150
Flow Uec_75_203 flowId 31 uecSrc 30 finished at 562.828 total messages 1 total packets 490 RTS 0 total bytes 2002140 in_flight now 0 fair_inc 31735 prop_inc 9490 fast_inc 0 eta_inc 26224 multi_dec -34612 quick_dec -0 nack_dec -161850
Flow Uec_229_101 flowId 109 uecSrc 108 finished at 573.369 total messages 1 total packets 490 RTS 0 total bytes 2002140 in_flight now 0 fair_inc 45818 prop_inc 73203 fast_inc 0 eta_inc 26224 multi_dec -109836 quick_dec -0 nack_dec -120350
Flow Uec_232_104 flowId 158 uecSrc 157 finished at 580.891 total messages 1 total packets 490 RTS 0 total bytes 2002140 in_flight now 0 fair_inc 12660 prop_inc 22481 fast_inc 0 eta_inc 27416 multi_dec -69068 quick_dec -0 nack_dec -116200
Flow Uec_147_19 flowId 166 uecSrc 165 finished at 584.787 total messages 1 total packets 490 RTS 0 total bytes 2002140 in_flight now 0 fair_inc 21877 prop_inc 135886 fast_inc 0 eta_inc 24436 multi_dec -130779 quick_dec -2707 nack_dec -112050
Flow Uec_168_40 flowId 38 uecSrc 37 finished at 594.412 total messages 1 total packets 490 RTS 0 total bytes 2002140 in_flight now 0 fair_inc 37606 prop_inc 36568 fast_inc 0 eta_inc 21456 multi_dec -80528 quick_dec -0 nack_dec -132800
Flow Uec_213_85 flowId 14 uecSrc 13 finished at 625.157 total messages 1 total packets 490 RTS 0 total bytes 2002140 in_flight now 0 fair_inc 49431 prop_inc 21082 fast_inc 0 eta_inc 28608 multi_dec -45469 quick_dec -0 nack_dec -182600
Flow Uec_203_75 flowId 30 uecSrc 29 finished at 629.167 total messages 1 total packets 490 RTS 0 total bytes 2002140 in_flight now 0 fair_inc 23862 prop_inc 27709 fast_inc 0 eta_inc 25628 multi_dec -107602 quick_dec -0 nack_dec -95450
Flow Uec_250_122 flowId 107 uecSrc 106 finished at 638.733 total messages 1 total packets 490 RTS 0 total bytes 2002140 in_flight now 0 fair_inc 44204 prop_inc 12657 fast_inc 0 eta_inc 27416 multi_dec -93599 quick_dec -0 nack_dec -145250
Flow Uec_159_31 flowId 76 uecSrc 75 finished at 641.38 total messages 1 total packets 490 RTS 0 total bytes 2002140 in_flight now 0 fair_inc 49023 prop_inc 33006 fast_inc 0 eta_inc 27416 multi_dec -78349 quick_dec -0 nack_dec -153550
Flow Uec_201_73 flowId 28 uecSrc 27 finished at 648.47 total messages 1 total packets 490 RTS 0 total bytes 2002140 in_flight now 0 fair_inc 12091 prop_inc 4752 fast_inc 0 eta_inc 30396 multi_dec -0 quick_dec -0 nack_dec -174300
Flow Uec_169_41 flowId 94 uecSrc 93 finished at 650.025 total messages 1 total packets 490 RTS 0 total bytes 2002140 in_flight now 0 fair_inc 44953 prop_inc 53514 fast_inc 0 eta_inc 26820 multi_dec -124292 quick_dec -0 nack_dec -107900
Flow Uec_155_27 flowId 10 uecSrc 9 finished at 654.157 total messages 1 total packets 492 RTS 2 total bytes 2002140 in_flight now 0 fair_inc 41849 prop_inc 38234 fast_inc 0 eta_inc 26820 multi_dec -119494 quick_dec -0 nack_dec -99600
Flow Uec_95_223 flowId 164 uecSrc 163 finished at 668.871 total messages 1 total packets 490 RTS 0 total bytes 2002140 in_flight now 0 fair_inc 57901 prop_inc 58712 fast_inc 0 eta_inc 29204 multi_dec -117347 quick_dec -0 nack_dec -124500
Flow Uec_251_123 flowId 2 uecSrc 1 finished at 673.754 total messages 1 total packets 490 RTS 0 total bytes 2002140 in_flight now 0 fair_inc 8366 prop_inc 28940 fast_inc 0 eta_inc 25628 multi_dec -27733 quick_dec -0 nack_dec -161850
Flow Uec_158_30 flowId 57 uecSrc 56 finished at 674.54 total messages 1 total packets 490 RTS 0 total bytes 2002140 in_flight now 0 fair_inc 46003 prop_inc 45555 fast_inc 0 eta_inc 25628 multi_dec -119785 quick_dec -0 nack_dec -112050
Flow Uec_172_44 flowId 148 uecSrc 147 finished at 678.537 total messages 1 total packets 490 RTS 0 total bytes 2002140 in_flight now 0 fair_inc 36677 prop_inc 64720 fast_inc 0 eta_inc 26224 multi_dec -84510 quick_dec -0 nack_dec -132800
Flow Uec_93_221 flowId 142 uecSrc 141 finished at 686.081 total messages 1 total packets 490 RTS 0 total bytes 2002140 in_flight now 0 fair_inc 50676 prop_inc 60528 fast_inc 0 eta_inc 30992 multi_dec -138101 quick_dec -0 nack_dec -120350
Flow Uec_208_80 flowId 47 uecSrc 46 finished at 695.241 total messages 1 total packets 490 RTS 0 total bytes 2002140 in_flight now 0 fair_inc 22360 prop_inc 35004 fast_inc 92418 eta_inc 27416 multi_dec -138515 quick_dec -0 nack_dec -87150
Flow Uec_253_125 flowId 114 uecSrc 113 finished at 700.274 total messages 1 total packets 490 RTS 0 total bytes 2002140 in_flight now 0 fair_inc 39862 prop_inc 32685 fast_inc 0 eta_inc 23840 multi_dec -101845 quick_dec -0 nack_dec -136950
Flow Uec_252_124 flowId 26 uecSrc 25 finished at 731.945 total messages 1 total packets 490 RTS 0 total bytes 2002140 in_flight now 0 fair_inc 28742 prop_inc 41723 fast_inc 36856 eta_inc 26224 multi_dec -87965 quick_dec -0 nack_dec -132800
Flow Uec_186_58 flowId 93 uecSrc 92 finished at 747.522 total messages 1 total packets 490 RTS 0 total bytes 2002140 in_flight now 0 fair_inc 30681 prop_inc 11839 fast_inc 0 eta_inc 32184 multi_dec -103348 quick_dec -0 nack_dec -120350
Flow Uec_218_90 flowId 64 uecSrc 63 finished at 751.219 total messages 1 total packets 490 RTS 0 total bytes 2002140 in_flight now 0 fair_inc 46271 prop_inc 13186 fast_inc 0 eta_inc 27416 multi_dec -99542 quick_dec -0 nack_dec -141100
Flow Uec_177_49 flowId 102 uecSrc 101 finished at 762.291 total messages 1 total packets 490 RTS 0 total bytes 2002140 in_flight now 0 fair_inc 65650 prop_inc 9434 fast_inc 0 eta_inc 25032 multi_dec -59344 quick_dec -30882 nack_dec -170150
Flow Uec_227_99 flowId 16 uecSrc 15 finished at 765.805 total messages 1 total packets 490 RTS 0 total bytes 2002140 in_flight now 0 fair_inc 83125 prop_inc 24048 fast_inc 0 eta_inc 35164 multi_dec -120555 quick_dec -0 nack_dec -170150
Flow Uec_181_53 flowId 45 uecSrc 44 finished at 777.125 total messages 1 total packets 490 RTS 0 total bytes 2002140 in_flight now 0 fair_inc 77030 prop_inc 13623 fast_inc 0 eta_inc 24436 multi_dec -58853 quick_dec -14479 nack_dec -170150
Flow Uec_233_105 flowId 163 uecSrc 162 finished at 781.741 total messages 1 total packets 490 RTS 0 total bytes 2002140 in_flight now 0 fair_inc 57349 prop_inc 27106 fast_inc 0 eta_inc 33376 multi_dec -136893 quick_dec -3919 nack_dec -99600
Flow Uec_188_60 flowId 124 uecSrc 123 finished at 811.784 total messages 1 total packets 490 RTS 0 total bytes 2002140 in_flight now 0 fair_inc 50992 prop_inc 28275 fast_inc 25253 eta_inc 28012 multi_dec -133504 quick_dec -0 nack_dec -120350
Flow Uec_230_102 flowId 112 uecSrc 111 finished at 847.01 total messages 1 total packets 490 RTS 0 total bytes 2002140 in_flight now 0 fair_inc 58829 prop_inc 45242 fast_inc 31317 eta_inc 32780 multi_dec -119521 quick_dec -0 nack_dec -161850
Flow Uec_228_100 flowId 39 uecSrc 38 finished at 851.818 total messages 1 total packets 490 RTS 0 total bytes 2002140 in_flight now 0 fair_inc 67521 prop_inc 54904 fast_inc 18184 eta_inc 31588 multi_dec -81825 quick_dec -22455 nack_dec -195050
Flow Uec_178_50 flowId 53 uecSrc 52 finished at 886.546 total messages 1 total packets 490 RTS 0 total bytes 2002140 in_flight now 0 fair_inc 33345 prop_inc 43956 fast_inc 89390 eta_inc 35164 multi_dec -122391 quick_dec -8155 nack_dec -145250
Flow Uec_214_86 flowId 7 uecSrc 6 finished at 977.14 total messages 1 total packets 490 RTS 0 total bytes 2002140 in_flight now 0 fair_inc 35804 prop_inc 21395 fast_inc 0 eta_inc 32184 multi_dec -23323 quick_dec -111688 nack_dec -153550
Flow Uec_210_82 flowId 83 uecSrc 82 finished at 988.578 total messages 1 total packets 490 RTS 0 total bytes 2002140 in_flight now 0 fair_inc 55555 prop_inc 16515 fast_inc 0 eta_inc 35760 multi_dec -85313 quick_dec -2523 nack_dec -161850
Flow Uec_225_97 flowId 103 uecSrc 102 finished at 992.97 total messages 1 total packets 490 RTS 0 total bytes 2002140 in_flight now 0 fair_inc 70032 prop_inc 19259 fast_inc 0 eta_inc 36356 multi_dec -146482 quick_dec -0 nack_dec -145250
Flow Uec_212_84 flowId 25 uecSrc 24 finished at 1000.08 total messages 1 total packets 490 RTS 0 total bytes 2002140 in_flight now 0 fair_inc 61044 prop_inc 22643 fast_inc 0 eta_inc 42912 multi_dec -105637 quick_dec -4428 nack_dec -157700
.Done
New: 81340 Rtx: 3231 RTS: 132 Bounced: 0 ACKs: 62713 NACKs: 2773 Pulls: 0 sleek_pkts: 0
