traffic matrix input file: connection_matrices/load_sweep/load0.65_n256_seed1.cm
Load balancing algorithm set to oblivious
no_of_nodes 256
Dragonfly+ strategy: FPAR
Setting queuesize to 50 packets
endtime(us) 100000
random seed 1
Packet size (MTU) is 4150
Parsed args
Logging to reps_dfp_results/reps_final_sweep/load0.65_oblivious_seed1.dat
Loading connection matrix from connection_matrices/load_sweep/load0.65_n256_seed1.cm
Nodes: 256 Connections: 166 Triggers: 0 Failures: 0
Setting ECN low 33200 high 120350
Dragonfly+ with medium topology type
Link latencies: 1 and switch latencies: 0
queue_id 2 ecn_low 33200 ecn_high 120350
DragonFly+ constructor done, 392 nodes created
Note: topology supports 392 hosts; 136 host port(s) will be unused.
network_max_unloaded_rtt 11.6856 us
Setting min RTO to 114.6
Per-hop RTT normalization: ON (strategy fpar)
Initializing static NSCC parameters: _reference_network_linkspeed=100000000000 _reference_network_rtt=12000000 _reference_network_bdp=150000 _target_Qdelay=8764200 _network_linkspeed=100000000000 _network_rtt=11685600 _network_bdp=146070 _qa_gate=2^3 _qa_threshold=3.50568e+07 _scaling_factor_a=0.9738 _scaling_factor_b=0.73035 _alpha=0.00132632 _fi=19894.7 _eta=596.842 _qa_scaling=1 _gamma=0.8 _fi_scale=0.24345 _delay_alpha=0.0125 _adjust_period_threshold=11685600 _adjust_bytes_threshold=33200
Initialize per-instance NSCC parameters: flowid 1 _base_rtt=11685600 _base_bdp=146070 _bdp=146070 _min_cwnd=4150 _maxwnd=219105 _cwnd=219105
Initialize per-instance NSCC parameters: flowid 2 _base_rtt=11685600 _base_bdp=146070 _bdp=146070 _min_cwnd=4150 _maxwnd=219105 _cwnd=219105
Initialize per-instance NSCC parameters: flowid 3 _base_rtt=11685600 _base_bdp=146070 _bdp=146070 _min_cwnd=4150 _maxwnd=219105 _cwnd=219105
Initialize per-instance NSCC parameters: flowid 4 _base_rtt=11685600 _base_bdp=146070 _bdp=146070 _min_cwnd=4150 _maxwnd=219105 _cwnd=219105
Initialize per-instance NSCC parameters: flowid 5 _base_rtt=11685600 _base_bdp=146070 _bdp=146070 _min_cwnd=4150 _maxwnd=219105 _cwnd=219105
Initialize per-instance NSCC parameters: flowid 6 _base_rtt=11685600 _base_bdp=146070 _bdp=146070 _min_cwnd=4150 _maxwnd=219105 _cwnd=219105
Initialize per-instance NSCC parameters: flowid 7 _base_rtt=11685600 _base_bdp=146070 _bdp=146070 _min_cwnd=4150 _maxwnd=219105 _cwnd=219105
Initialize per-instance NSCC parameters: flowid 8 _base_rtt=11685600 _base_bdp=146070 _bdp=146070 _min_cwnd=4150 _maxwnd=219105 _cwnd=219105
Initialize per-instance NSCC parameters: flowid 9 _base_rtt=11685600 _base_bdp=146070 _bdp=146070 _min_cwnd=4150 _maxwnd=219105 _cwnd=219105
Initialize per-instance NSCC parameters: flowid 10 _base_rtt=11685600 _base_bdp=146070 _bdp=146070 _min_cwnd=4150 _maxwnd=219105 _cwnd=219105
Initialize per-instance NSCC parameters: flowid 11 _base_rtt=11685600 _base_bdp=146070 _bdp=146070 _min_cwnd=4150 _maxwnd=219105 _cwnd=219105
Initialize per-instance NSCC parameters: flowid 12 _base_rtt=11685600 _base_bdp=146070 _bdp=146070 _min_cwnd=4150 _maxwnd=219105 _cwnd=219105
Initialize per-instance NSCC parameters: flowid 13 _base_rtt=11685600 _base_bdp=146070 _bdp=146070 _min_cwnd=4150 _maxwnd=219105 _cwnd=219105
Initialize per-instance NSCC parameters: flowid 14 _base_rtt=11685600 _base_bdp=146070 _bdp=146070 _min_cwnd=4150 _maxwnd=219105 _cwnd=219105
Initialize per-instance NSCC parameters: flowid 15 _base_rtt=11685600 _base_bdp=146070 _bdp=146070 _min_cwnd=4150 _maxwnd=219105 _cwnd=219105
Initialize per-instance NSCC parameters: flowid 16 _base_rtt=11685600 _base_bdp=146070 _bdp=146070 _min_cwnd=4150 _maxwnd=219105 _cwnd=219105
Initialize per-instance NSCC parameters: flowid 17 _base_rtt=11685600 _base_bdp=146070 _bdp=146070 _min_cwnd=4150 _maxwnd=219105 _cwnd=219105
Initialize per-instance NSCC parameters: flowid 18 _base_rtt=11685600 _base_bdp=146070 _bdp=146070 _min_cwnd=4150 _maxwnd=219105 _cwnd=219105
Initialize per-instance NSCC parameters: flowid 19 _base_rtt=11685600 _base_bdp=146070 _bdp=146070 _min_cwnd=4150 _maxwnd=219105 _cwnd=219105
Initialize per-instance NSCC parameters: flowid 20 _base_rtt=11685600 _base_bdp=146070 _bdp=146070 _min_cwnd=4150 _maxwnd=219105 _cwnd=219105
Initialize per-instance NSCC parameters: flowid 21 _base_rtt=11685600 _base_bdp=146070 _bdp=146070 _min_cwnd=4150 _maxwnd=219105 _cwnd=219105
Initialize per-instance NSCC parameters: flowid 22 _base_rtt=11685600 _base_bdp=146070 _bdp=146070 _min_cwnd=4150 _maxwnd=219105 _cwnd=219105
Initialize per-instance NSCC parameters: flowid 23 _base_rtt=11685600 _base_bdp=146070 _bdp=146070 _min_cwnd=4150 _maxwnd=219105 _cwnd=219105
Initialize per-instance NSCC parameters: flowid 24 _base_rtt=11685600 _base_bdp=146070 _bdp=146070 _min_cwnd=4150 _maxwnd=219105 _cwnd=219105
Initialize per-instance NSCC parameters: flowid 25 _base_rtt=11685600 _base_bdp=146070 _bdp=146070 _min_cwnd=4150 _maxwnd=219105 _cwnd=219105
Initialize per-instance NSCC parameters: flowid 26 _base_rtt=11685600 _base_bdp=146070 _bdp=146070 _min_cwnd=4150 _maxwnd=219105 _cwnd=219105
Initialize per-instance NSCC parameters: flowid 27 _base_rtt=11685600 _base_bdp=146070 _bdp=146070 _min_cwnd=4150 _maxwnd=219105 _cwnd=219105
Initialize per-instance NSCC parameters: flowid 28 _base_rtt=11685600 _base_bdp=146070 _bdp=146070 _min_cwnd=4150 _maxwnd=219105 _cwnd=219105
Initialize per-instance NSCC parameters: flowid 29 _base_rtt=11685600 _base_bdp=146070 _bdp=146070 _min_cwnd=4150 _maxwnd=219105 _cwnd=219105
Initialize per-instance NSCC parameters: flowid 30 _base_rtt=11685600 _base_bdp=146070 _bdp=146070 _min_cwnd=4150 _maxwnd=219105 _cwnd=219105
Initialize per-instance NSCC parameters: flowid 31 _base_rtt=11685600 _base_bdp=146070 _bdp=146070 _min_cwnd=4150 _maxwnd=219105 _cwnd=219105
Initialize per-instance NSCC parameters: flowid 32 _base_rtt=11685600 _base_bdp=146070 _bdp=146070 _min_cwnd=4150 _maxwnd=219105 _cwnd=219105
Initialize per-instance NSCC parameters: flowid 33 _base_rtt=11685600 _base_bdp=146070 _bdp=146070 _min_cwnd=4150 _maxwnd=219105 _cwnd=219105
Initialize per-instance NSCC parameters: flowid 34 _base_rtt=11685600 _base_bdp=146070 _bdp=146070 _min_cwnd=4150 _maxwnd=219105 _cwnd=219105
Initialize per-instance NSCC parameters: flowid 35 _base_rtt=11685600 _base_bdp=146070 _bdp=146070 _min_cwnd=4150 _maxwnd=219105 _cwnd=219105
Initialize per-instance NSCC parameters: flowid 36 _base_rtt=11685600 _base_bdp=146070 _bdp=146070 _min_cwnd=4150 _maxwnd=219105 _cwnd=219105
Initialize per-instance NSCC parameters: flowid 37 _base_rtt=11685600 _base_bdp=146070 _bdp=146070 _min_cwnd=4150 _maxwnd=219105 _cwnd=219105
Initialize per-instance NSCC parameters: flowid 38 _base_rtt=11685600 _base_bdp=146070 _bdp=146070 _min_cwnd=4150 _maxwnd=219105 _cwnd=219105
Initialize per-instance NSCC parameters: flowid 39 _base_rtt=11685600 _base_bdp=146070 _bdp=146070 _min_cwnd=4150 _maxwnd=219105 _cwnd=219105
Initialize per-instance NSCC parameters: flowid 40 _base_rtt=11685600 _base_bdp=146070 _bdp=146070 _min_cwnd=4150 _maxwnd=219105 _cwnd=219105
Initialize per-instance NSCC parameters: flowid 41 _base_rtt=11685600 _base_bdp=146070 _bdp=146070 _min_cwnd=4150 _maxwnd=219105 _cwnd=219105
Initialize per-instance NSCC parameters: flowid 42 _base_rtt=11685600 _base_bdp=146070 _bdp=146070 _min_cwnd=4150 _maxwnd=219105 _cwnd=219105
Initialize per-instance NSCC parameters: flowid 43 _base_rtt=11685600 _base_bdp=146070 _bdp=146070 _min_cwnd=4150 _maxwnd=219105 _cwnd=219105
Initialize per-instance NSCC parameters: flowid 44 _base_rtt=11685600 _base_bdp=146070 _bdp=146070 _min_cwnd=4150 _maxwnd=219105 _cwnd=219105
Initialize per-instance NSCC parameters: flowid 45 _base_rtt=11685600 _base_bdp=146070 _bdp=146070 _min_cwnd=4150 _maxwnd=219105 _cwnd=219105
Initialize per-instance NSCC parameters: flowid 46 _base_rtt=11685600 _base_bdp=146070 _bdp=146070 _min_cwnd=4150 _maxwnd=219105 _cwnd=219105
Initialize per-instance NSCC parameters: flowid 47 _base_rtt=11685600 _base_bdp=146070 _bdp=146070 _min_cwnd=4150 _maxwnd=219105 _cwnd=219105
Initialize per-instance NSCC parameters: flowid 48 _base_rtt=11685600 _base_bdp=146070 _bdp=146070 _min_cwnd=4150 _maxwnd=219105 _cwnd=219105
Initialize per-instance NSCC parameters: flowid 49 _base_rtt=11685600 _base_bdp=146070 _bdp=146070 _min_cwnd=4150 _maxwnd=219105 _cwnd=219105
Initialize per-instance NSCC parameters: flowid 50 _base_rtt=11685600 _base_bdp=146070 _bdp=146070 _min_cwnd=4150 _maxwnd=219105 _cwnd=219105
Initialize per-instance NSCC parameters: flowid 51 _base_rtt=11685600 _base_bdp=146070 _bdp=146070 _min_cwnd=4150 _maxwnd=219105 _cwnd=219105
Initialize per-instance NSCC parameters: flowid 52 _base_rtt=11685600 _base_bdp=146070 _bdp=146070 _min_cwnd=4150 _maxwnd=219105 _cwnd=219105
Initialize per-instance NSCC parameters: flowid 53 _base_rtt=11685600 _base_bdp=146070 _bdp=146070 _min_cwnd=4150 _maxwnd=219105 _cwnd=219105
Initialize per-instance NSCC parameters: flowid 54 _base_rtt=11685600 _base_bdp=146070 _bdp=146070 _min_cwnd=4150 _maxwnd=219105 _cwnd=219105
Initialize per-instance NSCC parameters: flowid 55 _base_rtt=11685600 _base_bdp=146070 _bdp=146070 _min_cwnd=4150 _maxwnd=219105 _cwnd=219105
Initialize per-instance NSCC parameters: flowid 56 _base_rtt=11685600 _base_bdp=146070 _bdp=146070 _min_cwnd=4150 _maxwnd=219105 _cwnd=219105
Initialize per-instance NSCC parameters: flowid 57 _base_rtt=11685600 _base_bdp=146070 _bdp=146070 _min_cwnd=4150 _maxwnd=219105 _cwnd=219105
Initialize per-instance NSCC parameters: flowid 58 _base_rtt=11685600 _base_bdp=146070 _bdp=146070 _min_cwnd=4150 _maxwnd=219105 _cwnd=219105
Initialize per-instance NSCC parameters: flowid 59 _base_rtt=11685600 _base_bdp=146070 _bdp=146070 _min_cwnd=4150 _maxwnd=219105 _cwnd=219105
Initialize per-instance NSCC parameters: flowid 60 _base_rtt=11685600 _base_bdp=146070 _bdp=146070 _min_cwnd=4150 _maxwnd=219105 _cwnd=219105
Initialize per-instance NSCC parameters: flowid 61 _base_rtt=11685600 _base_bdp=146070 _bdp=146070 _min_cwnd=4150 _maxwnd=219105 _cwnd=219105
Initialize per-instance NSCC parameters: flowid 62 _base_rtt=11685600 _base_bdp=146070 _bdp=146070 _min_cwnd=4150 _maxwnd=219105 _cwnd=219105
Initialize per-instance NSCC parameters: flowid 63 _base_rtt=11685600 _base_bdp=146070 _bdp=146070 _min_cwnd=4150 _maxwnd=219105 _cwnd=219105
Initialize per-instance NSCC parameters: flowid 64 _base_rtt=11685600 _base_bdp=146070 _bdp=146070 _min_cwnd=4150 _maxwnd=219105 _cwnd=219105
Initialize per-instance NSCC parameters: flowid 65 _base_rtt=11685600 _base_bdp=146070 _bdp=146070 _min_cwnd=4150 _maxwnd=219105 _cwnd=219105
Initialize per-instance NSCC parameters: flowid 66 _base_rtt=11685600 _base_bdp=146070 _bdp=146070 _min_cwnd=4150 _maxwnd=219105 _cwnd=219105
Initialize per-instance NSCC parameters: flowid 67 _base_rtt=11685600 _base_bdp=146070 _bdp=146070 _min_cwnd=4150 _maxwnd=219105 _cwnd=219105
Initialize per-instance NSCC parameters: flowid 68 _base_rtt=11685600 _base_bdp=146070 _bdp=146070 _min_cwnd=4150 _maxwnd=219105 _cwnd=219105
Initialize per-instance NSCC parameters: flowid 69 _base_rtt=11685600 _base_bdp=146070 _bdp=146070 _min_cwnd=4150 _maxwnd=219105 _cwnd=219105
Initialize per-instance NSCC parameters: flowid 70 _base_rtt=11685600 _base_bdp=146070 _bdp=146070 _min_cwnd=4150 _maxwnd=219105 _cwnd=219105
Initialize per-instance NSCC parameters: flowid 71 _base_rtt=11685600 _base_bdp=146070 _bdp=146070 _min_cwnd=4150 _maxwnd=219105 _cwnd=219105
Initialize per-instance NSCC parameters: flowid 72 _base_rtt=11685600 _base_bdp=146070 _bdp=146070 _min_cwnd=4150 _maxwnd=219105 _cwnd=219105
Initialize per-instance NSCC parameters: flowid 73 _base_rtt=11685600 _base_bdp=146070 _bdp=146070 _min_cwnd=4150 _maxwnd=219105 _cwnd=219105
Initialize per-instance NSCC parameters: flowid 74 _base_rtt=11685600 _base_bdp=146070 _bdp=146070 _min_cwnd=4150 _maxwnd=219105 _cwnd=219105
Initialize per-instance NSCC parameters: flowid 75 _base_rtt=11685600 _base_bdp=146070 _bdp=146070 _min_cwnd=4150 _maxwnd=219105 _cwnd=219105
Initialize per-instance NSCC parameters: flowid 76 _base_rtt=11685600 _base_bdp=146070 _bdp=146070 _min_cwnd=4150 _maxwnd=219105 _cwnd=219105
Initialize per-instance NSCC parameters: flowid 77 _base_rtt=11685600 _base_bdp=146070 _bdp=146070 _min_cwnd=4150 _maxwnd=219105 _cwnd=219105
Initialize per-instance NSCC parameters: flowid 78 _base_rtt=11685600 _base_bdp=146070 _bdp=146070 _min_cwnd=4150 _maxwnd=219105 _cwnd=219105
Initialize per-instance NSCC parameters: flowid 79 _base_rtt=11685600 _base_bdp=146070 _bdp=146070 _min_cwnd=4150 _maxwnd=219105 _cwnd=219105
Initialize per-instance NSCC parameters: flowid 80 _base_rtt=11685600 _base_bdp=146070 _bdp=146070 _min_cwnd=4150 _maxwnd=219105 _cwnd=219105
Initialize per-instance NSCC parameters: flowid 81 _base_rtt=11685600 _base_bdp=146070 _bdp=146070 _min_cwnd=4150 _maxwnd=219105 _cwnd=219105
Initialize per-instance NSCC parameters: flowid 82 _base_rtt=11685600 _base_bdp=146070 _bdp=146070 _min_cwnd=4150 _maxwnd=219105 _cwnd=219105
Initialize per-instance NSCC parameters: flowid 83 _base_rtt=11685600 _base_bdp=146070 _bdp=146070 _min_cwnd=4150 _maxwnd=219105 _cwnd=219105
Initialize per-instance NSCC parameters: flowid 84 _base_rtt=11685600 _base_bdp=146070 _bdp=146070 _min_cwnd=4150 _maxwnd=219105 _cwnd=219105
Initialize per-instance NSCC parameters: flowid 85 _base_rtt=11685600 _base_bdp=146070 _bdp=146070 _min_cwnd=4150 _maxwnd=219105 _cwnd=219105
Initialize per-instance NSCC parameters: flowid 86 _base_rtt=11685600 _base_bdp=146070 _bdp=146070 _min_cwnd=4150 _maxwnd=219105 _cwnd=219105
Initialize per-instance NSCC parameters: flowid 87 _base_rtt=11685600 _base_bdp=146070 _bdp=146070 _min_cwnd=4150 _maxwnd=219105 _cwnd=219105
Initialize per-instance NSCC parameters: flowid 88 _base_rtt=11685600 _base_bdp=146070 _bdp=146070 _min_cwnd=4150 _maxwnd=219105 _cwnd=219105
Initialize per-instance NSCC parameters: flowid 89 _base_rtt=11685600 _base_bdp=146070 _bdp=146070 _min_cwnd=4150 _maxwnd=219105 _cwnd=219105
Initialize per-instance NSCC parameters: flowid 90 _base_rtt=11685600 _base_bdp=146070 _bdp=146070 _min_cwnd=4150 _maxwnd=219105 _cwnd=219105
Initialize per-instance NSCC parameters: flowid 91 _base_rtt=11685600 _base_bdp=146070 _bdp=146070 _min_cwnd=4150 _maxwnd=219105 _cwnd=219105
Initialize per-instance NSCC parameters: flowid 92 _base_rtt=11685600 _base_bdp=146070 _bdp=146070 _min_cwnd=4150 _maxwnd=219105 _cwnd=219105
Initialize per-instance NSCC parameters: flowid 93 _base_rtt=11685600 _base_bdp=146070 _bdp=146070 _min_cwnd=4150 _maxwnd=219105 _cwnd=219105
Initialize per-instance NSCC parameters: flowid 94 _base_rtt=11685600 _base_bdp=146070 _bdp=146070 _min_cwnd=4150 _maxwnd=219105 _cwnd=219105
Initialize per-instance NSCC parameters: flowid 95 _base_rtt=11685600 _base_bdp=146070 _bdp=146070 _min_cwnd=4150 _maxwnd=219105 _cwnd=219105
Initialize per-instance NSCC parameters: flowid 96 _base_rtt=11685600 _base_bdp=146070 _bdp=146070 _min_cwnd=4150 _maxwnd=219105 _cwnd=219105
Initialize per-instance NSCC parameters: flowid 97 _base_rtt=11685600 _base_bdp=146070 _bdp=146070 _min_cwnd=4150 _maxwnd=219105 _cwnd=219105
Initialize per-instance NSCC parameters: flowid 98 _base_rtt=11685600 _base_bdp=146070 _bdp=146070 _min_cwnd=4150 _maxwnd=219105 _cwnd=219105
Initialize per-instance NSCC parameters: flowid 99 _base_rtt=11685600 _base_bdp=146070 _bdp=146070 _min_cwnd=4150 _maxwnd=219105 _cwnd=219105
Initialize per-instance NSCC parameters: flowid 100 _base_rtt=11685600 _base_bdp=146070 _bdp=146070 _min_cwnd=4150 _maxwnd=219105 _cwnd=219105
Initialize per-instance NSCC parameters: flowid 101 _base_rtt=11685600 _base_bdp=146070 _bdp=146070 _min_cwnd=4150 _maxwnd=219105 _cwnd=219105
Initialize per-instance NSCC parameters: flowid 102 _base_rtt=11685600 _base_bdp=146070 _bdp=146070 _min_cwnd=4150 _maxwnd=219105 _cwnd=219105
Initialize per-instance NSCC parameters: flowid 103 _base_rtt=11685600 _base_bdp=146070 _bdp=146070 _min_cwnd=4150 _maxwnd=219105 _cwnd=219105
Initialize per-instance NSCC parameters: flowid 104 _base_rtt=11685600 _base_bdp=146070 _bdp=146070 _min_cwnd=4150 _maxwnd=219105 _cwnd=219105
Initialize per-instance NSCC parameters: flowid 105 _base_rtt=11685600 _base_bdp=146070 _bdp=146070 _min_cwnd=4150 _maxwnd=219105 _cwnd=219105
Initialize per-instance NSCC parameters: flowid 106 _base_rtt=11685600 _base_bdp=146070 _bdp=146070 _min_cwnd=4150 _maxwnd=219105 _cwnd=219105
Initialize per-instance NSCC parameters: flowid 107 _base_rtt=11685600 _base_bdp=146070 _bdp=146070 _min_cwnd=4150 _maxwnd=219105 _cwnd=219105
Initialize per-instance NSCC parameters: flowid 108 _base_rtt=11685600 _base_bdp=146070 _bdp=146070 _min_cwnd=4150 _maxwnd=219105 _cwnd=219105
Initialize per-instance NSCC parameters: flowid 109 _base_rtt=11685600 _base_bdp=146070 _bdp=146070 _min_cwnd=4150 _maxwnd=219105 _cwnd=219105
Initialize per-instance NSCC parameters: flowid 110 _base_rtt=11685600 _base_bdp=146070 _bdp=146070 _min_cwnd=4150 _maxwnd=219105 _cwnd=219105
Initialize per-instance NSCC parameters: flowid 111 _base_rtt=11685600 _base_bdp=146070 _bdp=146070 _min_cwnd=4150 _maxwnd=219105 _cwnd=219105
Initialize per-instance NSCC parameters: flowid 112 _base_rtt=11685600 _base_bdp=146070 _bdp=146070 _min_cwnd=4150 _maxwnd=219105 _cwnd=219105
Initialize per-instance NSCC parameters: flowid 113 _base_rtt=11685600 _base_bdp=146070 _bdp=146070 _min_cwnd=4150 _maxwnd=219105 _cwnd=219105
Initialize per-instance NSCC parameters: flowid 114 _base_rtt=11685600 _base_bdp=146070 _bdp=146070 _min_cwnd=4150 _maxwnd=219105 _cwnd=219105
Initialize per-instance NSCC parameters: flowid 115 _base_rtt=11685600 _base_bdp=146070 _bdp=146070 _min_cwnd=4150 _maxwnd=219105 _cwnd=219105
Initialize per-instance NSCC parameters: flowid 116 _base_rtt=11685600 _base_bdp=146070 _bdp=146070 _min_cwnd=4150 _maxwnd=219105 _cwnd=219105
Initialize per-instance NSCC parameters: flowid 117 _base_rtt=11685600 _base_bdp=146070 _bdp=146070 _min_cwnd=4150 _maxwnd=219105 _cwnd=219105
Initialize per-instance NSCC parameters: flowid 118 _base_rtt=11685600 _base_bdp=146070 _bdp=146070 _min_cwnd=4150 _maxwnd=219105 _cwnd=219105
Initialize per-instance NSCC parameters: flowid 119 _base_rtt=11685600 _base_bdp=146070 _bdp=146070 _min_cwnd=4150 _maxwnd=219105 _cwnd=219105
Initialize per-instance NSCC parameters: flowid 120 _base_rtt=11685600 _base_bdp=146070 _bdp=146070 _min_cwnd=4150 _maxwnd=219105 _cwnd=219105
Initialize per-instance NSCC parameters: flowid 121 _base_rtt=11685600 _base_bdp=146070 _bdp=146070 _min_cwnd=4150 _maxwnd=219105 _cwnd=219105
Initialize per-instance NSCC parameters: flowid 122 _base_rtt=11685600 _base_bdp=146070 _bdp=146070 _min_cwnd=4150 _maxwnd=219105 _cwnd=219105
Initialize per-instance NSCC parameters: flowid 123 _base_rtt=11685600 _base_bdp=146070 _bdp=146070 _min_cwnd=4150 _maxwnd=219105 _cwnd=219105
Initialize per-instance NSCC parameters: flowid 124 _base_rtt=11685600 _base_bdp=146070 _bdp=146070 _min_cwnd=4150 _maxwnd=219105 _cwnd=219105
Initialize per-instance NSCC parameters: flowid 125 _base_rtt=11685600 _base_bdp=146070 _bdp=146070 _min_cwnd=4150 _maxwnd=219105 _cwnd=219105
Initialize per-instance NSCC parameters: flowid 126 _base_rtt=11685600 _base_bdp=146070 _bdp=146070 _min_cwnd=4150 _maxwnd=219105 _cwnd=219105
Initialize per-instance NSCC parameters: flowid 127 _base_rtt=11685600 _base_bdp=146070 _bdp=146070 _min_cwnd=4150 _maxwnd=219105 _cwnd=219105
Initialize per-instance NSCC parameters: flowid 128 _base_rtt=11685600 _base_bdp=146070 _bdp=146070 _min_cwnd=4150 _maxwnd=219105 _cwnd=219105
Initialize per-instance NSCC parameters: flowid 129 _base_rtt=11685600 _base_bdp=146070 _bdp=146070 _min_cwnd=4150 _maxwnd=219105 _cwnd=219105
Initialize per-instance NSCC parameters: flowid 130 _base_rtt=11685600 _base_bdp=146070 _bdp=146070 _min_cwnd=4150 _maxwnd=219105 _cwnd=219105
Initialize per-instance NSCC parameters: flowid 131 _base_rtt=11685600 _base_bdp=146070 _bdp=146070 _min_cwnd=4150 _maxwnd=219105 _cwnd=219105
Initialize per-instance NSCC parameters: flowid 132 _base_rtt=11685600 _base_bdp=146070 _bdp=146070 _min_cwnd=4150 _maxwnd=219105 _cwnd=219105
Initialize per-instance NSCC parameters: flowid 133 _base_rtt=11685600 _base_bdp=146070 _bdp=146070 _min_cwnd=4150 _maxwnd=219105 _cwnd=219105
Initialize per-instance NSCC parameters: flowid 134 _base_rtt=11685600 _base_bdp=146070 _bdp=146070 _min_cwnd=4150 _maxwnd=219105 _cwnd=219105
Initialize per-instance NSCC parameters: flowid 135 _base_rtt=11685600 _base_bdp=146070 _bdp=146070 _min_cwnd=4150 _maxwnd=219105 _cwnd=219105
Initialize per-instance NSCC parameters: flowid 136 _base_rtt=11685600 _base_bdp=146070 _bdp=146070 _min_cwnd=4150 _maxwnd=219105 _cwnd=219105
Initialize per-instance NSCC parameters: flowid 137 _base_rtt=11685600 _base_bdp=146070 _bdp=146070 _min_cwnd=4150 _maxwnd=219105 _cwnd=219105
Initialize per-instance NSCC parameters: flowid 138 _base_rtt=11685600 _base_bdp=146070 _bdp=146070 _min_cwnd=4150 _maxwnd=219105 _cwnd=219105
Initialize per-instance NSCC parameters: flowid 139 _base_rtt=11685600 _base_bdp=146070 _bdp=146070 _min_cwnd=4150 _maxwnd=219105 _cwnd=219105
Initialize per-instance NSCC parameters: flowid 140 _base_rtt=11685600 _base_bdp=146070 _bdp=146070 _min_cwnd=4150 _maxwnd=219105 _cwnd=219105
Initialize per-instance NSCC parameters: flowid 141 _base_rtt=11685600 _base_bdp=146070 _bdp=146070 _min_cwnd=4150 _maxwnd=219105 _cwnd=219105
Initialize per-instance NSCC parameters: flowid 142 _base_rtt=11685600 _base_bdp=146070 _bdp=146070 _min_cwnd=4150 _maxwnd=219105 _cwnd=219105
Initialize per-instance NSCC parameters: flowid 143 _base_rtt=11685600 _base_bdp=146070 _bdp=146070 _min_cwnd=4150 _maxwnd=219105 _cwnd=219105
Initialize per-instance NSCC parameters: flowid 144 _base_rtt=11685600 _base_bdp=146070 _bdp=146070 _min_cwnd=4150 _maxwnd=219105 _cwnd=219105
Initialize per-instance NSCC parameters: flowid 145 _base_rtt=11685600 _base_bdp=146070 _bdp=146070 _min_cwnd=4150 _maxwnd=219105 _cwnd=219105
Initialize per-instance NSCC parameters: flowid 146 _base_rtt=11685600 _base_bdp=146070 _bdp=146070 _min_cwnd=4150 _maxwnd=219105 _cwnd=219105
Initialize per-instance NSCC parameters: flowid 147 _base_rtt=11685600 _base_bdp=146070 _bdp=146070 _min_cwnd=4150 _maxwnd=219105 _cwnd=219105
Initialize per-instance NSCC parameters: flowid 148 _base_rtt=11685600 _base_bdp=146070 _bdp=146070 _min_cwnd=4150 _maxwnd=219105 _cwnd=219105
Initialize per-instance NSCC parameters: flowid 149 _base_rtt=11685600 _base_bdp=146070 _bdp=146070 _min_cwnd=4150 _maxwnd=219105 _cwnd=219105
Initialize per-instance NSCC parameters: flowid 150 _base_rtt=11685600 _base_bdp=146070 _bdp=146070 _min_cwnd=4150 _maxwnd=219105 _cwnd=219105
Initialize per-instance NSCC parameters: flowid 151 _base_rtt=11685600 _base_bdp=146070 _bdp=146070 _min_cwnd=4150 _maxwnd=219105 _cwnd=219105
Initialize per-instance NSCC parameters: flowid 152 _base_rtt=11685600 _base_bdp=146070 _bdp=146070 _min_cwnd=4150 _maxwnd=219105 _cwnd=219105
Initialize per-instance NSCC parameters: flowid 153 _base_rtt=11685600 _base_bdp=146070 _bdp=146070 _min_cwnd=4150 _maxwnd=219105 _cwnd=219105
Initialize per-instance NSCC parameters: flowid 154 _base_rtt=11685600 _base_bdp=146070 _bdp=146070 _min_cwnd=4150 _maxwnd=219105 _cwnd=219105
Initialize per-instance NSCC parameters: flowid 155 _base_rtt=11685600 _base_bdp=146070 _bdp=146070 _min_cwnd=4150 _maxwnd=219105 _cwnd=219105
Initialize per-instance NSCC parameters: flowid 156 _base_rtt=11685600 _base_bdp=146070 _bdp=146070 _min_cwnd=4150 _maxwnd=219105 _cwnd=219105
Initialize per-instance NSCC parameters: flowid 157 _base_rtt=11685600 _base_bdp=146070 _bdp=146070 _min_cwnd=4150 _maxwnd=219105 _cwnd=219105
Initialize per-instance NSCC parameters: flowid 158 _base_rtt=11685600 _base_bdp=146070 _bdp=146070 _min_cwnd=4150 _maxwnd=219105 _cwnd=219105
Initialize per-instance NSCC parameters: flowid 159 _base_rtt=11685600 _base_bdp=146070 _bdp=146070 _min_cwnd=4150 _maxwnd=219105 _cwnd=219105
Initialize per-instance NSCC parameters: flowid 160 _base_rtt=11685600 _base_bdp=146070 _bdp=146070 _min_cwnd=4150 _maxwnd=219105 _cwnd=219105
Initialize per-instance NSCC parameters: flowid 161 _base_rtt=11685600 _base_bdp=146070 _bdp=146070 _min_cwnd=4150 _maxwnd=219105 _cwnd=219105
Initialize per-instance NSCC parameters: flowid 162 _base_rtt=11685600 _base_bdp=146070 _bdp=146070 _min_cwnd=4150 _maxwnd=219105 _cwnd=219105
Initialize per-instance NSCC parameters: flowid 163 _base_rtt=11685600 _base_bdp=146070 _bdp=146070 _min_cwnd=4150 _maxwnd=219105 _cwnd=219105
Initialize per-instance NSCC parameters: flowid 164 _base_rtt=11685600 _base_bdp=146070 _bdp=146070 _min_cwnd=4150 _maxwnd=219105 _cwnd=219105
Initialize per-instance NSCC parameters: flowid 165 _base_rtt=11685600 _base_bdp=146070 _bdp=146070 _min_cwnd=4150 _maxwnd=219105 _cwnd=219105
Initialize per-instance NSCC parameters: flowid 166 _base_rtt=11685600 _base_bdp=146070 _bdp=146070 _min_cwnd=4150 _maxwnd=219105 _cwnd=219105
Starting simulation
Flow Uec_143_15 flowId 1 uecSrc 0 starting at 0
Flow Uec_251_123 flowId 2 uecSrc 1 starting at 0
Flow Uec_41_169 flowId 3 uecSrc 2 starting at 0
Flow Uec_140_12 flowId 4 uecSrc 3 starting at 0
Flow Uec_34_162 flowId 5 uecSrc 4 starting at 0
Flow Uec_67_195 flowId 6 uecSrc 5 starting at 0
Flow Uec_214_86 flowId 7 uecSrc 6 starting at 0
Flow Uec_73_201 flowId 8 uecSrc 7 starting at 0
Flow Uec_54_182 flowId 9 uecSrc 8 starting at 0
Flow Uec_155_27 flowId 10 uecSrc 9 starting at 0
Flow Uec_71_199 flowId 11 uecSrc 10 starting at 0
Flow Uec_35_163 flowId 12 uecSrc 11 starting at 0
Flow Uec_70_198 flowId 13 uecSrc 12 starting at 0
Flow Uec_213_85 flowId 14 uecSrc 13 starting at 0
Flow Uec_130_2 flowId 15 uecSrc 14 starting at 0
Flow Uec_227_99 flowId 16 uecSrc 15 starting at 0
Flow Uec_116_244 flowId 17 uecSrc 16 starting at 0
Flow Uec_80_208 flowId 18 uecSrc 17 starting at 0
Flow Uec_99_227 flowId 19 uecSrc 18 starting at 0
Flow Uec_150_22 flowId 20 uecSrc 19 starting at 0
Flow Uec_164_36 flowId 21 uecSrc 20 starting at 0
Flow Uec_14_142 flowId 22 uecSrc 21 starting at 0
Flow Uec_64_192 flowId 23 uecSrc 22 starting at 0
Flow Uec_249_121 flowId 24 uecSrc 23 starting at 0
Flow Uec_212_84 flowId 25 uecSrc 24 starting at 0
Flow Uec_252_124 flowId 26 uecSrc 25 starting at 0
Flow Uec_209_81 flowId 27 uecSrc 26 starting at 0
Flow Uec_201_73 flowId 28 uecSrc 27 starting at 0
Flow Uec_48_176 flowId 29 uecSrc 28 starting at 0
Flow Uec_203_75 flowId 30 uecSrc 29 starting at 0
Flow Uec_75_203 flowId 31 uecSrc 30 starting at 0
Flow Uec_118_246 flowId 32 uecSrc 31 starting at 0
Flow Uec_129_1 flowId 33 uecSrc 32 starting at 0
Flow Uec_222_94 flowId 34 uecSrc 33 starting at 0
Flow Uec_163_35 flowId 35 uecSrc 34 starting at 0
Flow Uec_151_23 flowId 36 uecSrc 35 starting at 0
Flow Uec_235_107 flowId 37 uecSrc 36 starting at 0
Flow Uec_168_40 flowId 38 uecSrc 37 starting at 0
Flow Uec_228_100 flowId 39 uecSrc 38 starting at 0
Flow Uec_224_96 flowId 40 uecSrc 39 starting at 0
Flow Uec_179_51 flowId 41 uecSrc 40 starting at 0
Flow Uec_86_214 flowId 42 uecSrc 41 starting at 0
Flow Uec_6_134 flowId 43 uecSrc 42 starting at 0
Flow Uec_40_168 flowId 44 uecSrc 43 starting at 0
Flow Uec_181_53 flowId 45 uecSrc 44 starting at 0
Flow Uec_46_174 flowId 46 uecSrc 45 starting at 0
Flow Uec_208_80 flowId 47 uecSrc 46 starting at 0
Flow Uec_238_110 flowId 48 uecSrc 47 starting at 0
Flow Uec_119_247 flowId 49 uecSrc 48 starting at 0
Flow Uec_244_116 flowId 50 uecSrc 49 starting at 0
Flow Uec_61_189 flowId 51 uecSrc 50 starting at 0
Flow Uec_110_238 flowId 52 uecSrc 51 starting at 0
Flow Uec_178_50 flowId 53 uecSrc 52 starting at 0
Flow Uec_50_178 flowId 54 uecSrc 53 starting at 0
Flow Uec_200_72 flowId 55 uecSrc 54 starting at 0
Flow Uec_115_243 flowId 56 uecSrc 55 starting at 0
Flow Uec_158_30 flowId 57 uecSrc 56 starting at 0
Flow Uec_18_146 flowId 58 uecSrc 57 starting at 0
Flow Uec_223_95 flowId 59 uecSrc 58 starting at 0
Flow Uec_81_209 flowId 60 uecSrc 59 starting at 0
Flow Uec_52_180 flowId 61 uecSrc 60 starting at 0
Flow Uec_62_190 flowId 62 uecSrc 61 starting at 0
Flow Uec_27_155 flowId 63 uecSrc 62 starting at 0
Flow Uec_218_90 flowId 64 uecSrc 63 starting at 0
Flow Uec_96_224 flowId 65 uecSrc 64 starting at 0
Flow Uec_90_218 flowId 66 uecSrc 65 starting at 0
Flow Uec_137_9 flowId 67 uecSrc 66 starting at 0
Flow Uec_42_170 flowId 68 uecSrc 67 starting at 0
Flow Uec_174_46 flowId 69 uecSrc 68 starting at 0
Flow Uec_16_144 flowId 70 uecSrc 69 starting at 0
Flow Uec_112_240 flowId 71 uecSrc 70 starting at 0
Flow Uec_88_216 flowId 72 uecSrc 71 starting at 0
Flow Uec_245_117 flowId 73 uecSrc 72 starting at 0
Flow Uec_106_234 flowId 74 uecSrc 73 starting at 0
Flow Uec_4_132 flowId 75 uecSrc 74 starting at 0
Flow Uec_159_31 flowId 76 uecSrc 75 starting at 0
Flow Uec_154_26 flowId 77 uecSrc 76 starting at 0
Flow Uec_24_152 flowId 78 uecSrc 77 starting at 0
Flow Uec_243_115 flowId 79 uecSrc 78 starting at 0
Flow Uec_32_160 flowId 80 uecSrc 79 starting at 0
Flow Uec_153_25 flowId 81 uecSrc 80 starting at 0
Flow Uec_167_39 flowId 82 uecSrc 81 starting at 0
Flow Uec_210_82 flowId 83 uecSrc 82 starting at 0
Flow Uec_43_171 flowId 84 uecSrc 83 starting at 0
Flow Uec_254_126 flowId 85 uecSrc 84 starting at 0
Flow Uec_180_52 flowId 86 uecSrc 85 starting at 0
Flow Uec_25_153 flowId 87 uecSrc 86 starting at 0
Flow Uec_190_62 flowId 88 uecSrc 87 starting at 0
Flow Uec_38_166 flowId 89 uecSrc 88 starting at 0
Flow Uec_11_139 flowId 90 uecSrc 89 starting at 0
Flow Uec_105_233 flowId 91 uecSrc 90 starting at 0
Flow Uec_237_109 flowId 92 uecSrc 91 starting at 0
Flow Uec_186_58 flowId 93 uecSrc 92 starting at 0
Flow Uec_169_41 flowId 94 uecSrc 93 starting at 0
Flow Uec_33_161 flowId 95 uecSrc 94 starting at 0
Flow Uec_65_193 flowId 96 uecSrc 95 starting at 0
Flow Uec_202_74 flowId 97 uecSrc 96 starting at 0
Flow Uec_69_197 flowId 98 uecSrc 97 starting at 0
Flow Uec_255_127 flowId 99 uecSrc 98 starting at 0
Flow Uec_216_88 flowId 100 uecSrc 99 starting at 0
Flow Uec_59_187 flowId 101 uecSrc 100 starting at 0
Flow Uec_177_49 flowId 102 uecSrc 101 starting at 0
Flow Uec_225_97 flowId 103 uecSrc 102 starting at 0
Flow Uec_58_186 flowId 104 uecSrc 103 starting at 0
Flow Uec_199_71 flowId 105 uecSrc 104 starting at 0
Flow Uec_128_0 flowId 106 uecSrc 105 starting at 0
Flow Uec_250_122 flowId 107 uecSrc 106 starting at 0
Flow Uec_15_143 flowId 108 uecSrc 107 starting at 0
Flow Uec_229_101 flowId 109 uecSrc 108 starting at 0
Flow Uec_104_232 flowId 110 uecSrc 109 starting at 0
Flow Uec_51_179 flowId 111 uecSrc 110 starting at 0
Flow Uec_230_102 flowId 112 uecSrc 111 starting at 0
Flow Uec_248_120 flowId 113 uecSrc 112 starting at 0
Flow Uec_253_125 flowId 114 uecSrc 113 starting at 0
Flow Uec_26_154 flowId 115 uecSrc 114 starting at 0
Flow Uec_98_226 flowId 116 uecSrc 115 starting at 0
Flow Uec_246_118 flowId 117 uecSrc 116 starting at 0
Flow Uec_103_231 flowId 118 uecSrc 117 starting at 0
Flow Uec_135_7 flowId 119 uecSrc 118 starting at 0
Flow Uec_108_236 flowId 120 uecSrc 119 starting at 0
Flow Uec_219_91 flowId 121 uecSrc 120 starting at 0
Flow Uec_195_67 flowId 122 uecSrc 121 starting at 0
Flow Uec_17_145 flowId 123 uecSrc 122 starting at 0
Flow Uec_188_60 flowId 124 uecSrc 123 starting at 0
Flow Uec_144_16 flowId 125 uecSrc 124 starting at 0
Flow Uec_2_130 flowId 126 uecSrc 125 starting at 0
Flow Uec_22_150 flowId 127 uecSrc 126 starting at 0
Flow Uec_68_196 flowId 128 uecSrc 127 starting at 0
Flow Uec_60_188 flowId 129 uecSrc 128 starting at 0
Flow Uec_156_28 flowId 130 uecSrc 129 starting at 0
Flow Uec_146_18 flowId 131 uecSrc 130 starting at 0
Flow Uec_113_241 flowId 132 uecSrc 131 starting at 0
Flow Uec_175_47 flowId 133 uecSrc 132 starting at 0
Flow Uec_94_222 flowId 134 uecSrc 133 starting at 0
Flow Uec_57_185 flowId 135 uecSrc 134 starting at 0
Flow Uec_194_66 flowId 136 uecSrc 135 starting at 0
Flow Uec_184_56 flowId 137 uecSrc 136 starting at 0
Flow Uec_0_128 flowId 138 uecSrc 137 starting at 0
Flow Uec_241_113 flowId 139 uecSrc 138 starting at 0
Flow Uec_240_112 flowId 140 uecSrc 139 starting at 0
Flow Uec_198_70 flowId 141 uecSrc 140 starting at 0
Flow Uec_93_221 flowId 142 uecSrc 141 starting at 0
Flow Uec_136_8 flowId 143 uecSrc 142 starting at 0
Flow Uec_242_114 flowId 144 uecSrc 143 starting at 0
Flow Uec_87_215 flowId 145 uecSrc 144 starting at 0
Flow Uec_123_251 flowId 146 uecSrc 145 starting at 0
Flow Uec_76_204 flowId 147 uecSrc 146 starting at 0
Flow Uec_172_44 flowId 148 uecSrc 147 starting at 0
Flow Uec_9_137 flowId 149 uecSrc 148 starting at 0
Flow Uec_23_151 flowId 150 uecSrc 149 starting at 0
Flow Uec_1_129 flowId 151 uecSrc 150 starting at 0
Flow Uec_29_157 flowId 152 uecSrc 151 starting at 0
Flow Uec_192_64 flowId 153 uecSrc 152 starting at 0
Flow Uec_77_205 flowId 154 uecSrc 153 starting at 0
Flow Uec_152_24 flowId 155 uecSrc 154 starting at 0
Flow Uec_121_249 flowId 156 uecSrc 155 starting at 0
Flow Uec_117_245 flowId 157 uecSrc 156 starting at 0
Flow Uec_232_104 flowId 158 uecSrc 157 starting at 0
Flow Uec_217_89 flowId 159 uecSrc 158 starting at 0
Flow Uec_205_77 flowId 160 uecSrc 159 starting at 0
Flow Uec_133_5 flowId 161 uecSrc 160 starting at 0
Flow Uec_37_165 flowId 162 uecSrc 161 starting at 0
Flow Uec_233_105 flowId 163 uecSrc 162 starting at 0
Flow Uec_95_223 flowId 164 uecSrc 163 starting at 0
Flow Uec_10_138 flowId 165 uecSrc 164 starting at 0
Flow Uec_147_19 flowId 166 uecSrc 165 starting at 0
146.872 flowid 149 Spurious 38
153.246 flowid 123 Spurious 50
157.567 flowid 123 Spurious 56
164.539 flowid 22 Spurious 81
165.482 flowid 150 Spurious 93
171.521 flowid 22 Spurious 95
Flow Uec_177_49 flowId 102 uecSrc 101 finished at 174.534 total messages 1 total packets 490 RTS 0 total bytes 2002140 in_flight now 0 fair_inc 0 prop_inc 10594 fast_inc 444999 eta_inc 8344 multi_dec -0 quick_dec -0 nack_dec -0
Flow Uec_146_18 flowId 131 uecSrc 130 finished at 175.068 total messages 1 total packets 490 RTS 0 total bytes 2002140 in_flight now 0 fair_inc 0 prop_inc 66216 fast_inc 141435 eta_inc 7748 multi_dec -0 quick_dec -0 nack_dec -0
Flow Uec_80_208 flowId 18 uecSrc 17 finished at 175.774 total messages 1 total packets 490 RTS 0 total bytes 2002140 in_flight now 0 fair_inc 0 prop_inc 91117 fast_inc 12123 eta_inc 8344 multi_dec -0 quick_dec -0 nack_dec -0
176.457 flowid 44 Spurious 136
Flow Uec_192_64 flowId 153 uecSrc 152 finished at 176.521 total messages 1 total packets 490 RTS 0 total bytes 2002140 in_flight now 0 fair_inc 0 prop_inc 80617 fast_inc 64656 eta_inc 8344 multi_dec -0 quick_dec -0 nack_dec -0
Flow Uec_110_238 flowId 52 uecSrc 51 finished at 176.608 total messages 1 total packets 490 RTS 0 total bytes 2002140 in_flight now 0 fair_inc 0 prop_inc 90939 fast_inc 0 eta_inc 8344 multi_dec -0 quick_dec -0 nack_dec -0
176.844 flowid 22 Spurious 105
Flow Uec_129_1 flowId 33 uecSrc 32 finished at 176.914 total messages 1 total packets 490 RTS 0 total bytes 2002140 in_flight now 0 fair_inc 0 prop_inc 89976 fast_inc 36369 eta_inc 7748 multi_dec -0 quick_dec -0 nack_dec -0
177.176 flowid 22 Spurious 110
Flow Uec_116_244 flowId 17 uecSrc 16 finished at 177.186 total messages 1 total packets 490 RTS 0 total bytes 2002140 in_flight now 0 fair_inc 0 prop_inc 69133 fast_inc 117189 eta_inc 8344 multi_dec -0 quick_dec -0 nack_dec -0
Flow Uec_15_143 flowId 108 uecSrc 107 finished at 179.374 total messages 1 total packets 490 RTS 0 total bytes 2002140 in_flight now 0 fair_inc 0 prop_inc 77420 fast_inc 0 eta_inc 8344 multi_dec -0 quick_dec -0 nack_dec -0
179.45 flowid 44 Spurious 137
Flow Uec_16_144 flowId 70 uecSrc 69 finished at 179.777 total messages 1 total packets 490 RTS 0 total bytes 2002140 in_flight now 0 fair_inc 0 prop_inc 71300 fast_inc 24246 eta_inc 8344 multi_dec -0 quick_dec -0 nack_dec -0
180.331 flowid 150 Spurious 113
Flow Uec_137_9 flowId 67 uecSrc 66 finished at 180.426 total messages 1 total packets 490 RTS 0 total bytes 2002140 in_flight now 0 fair_inc 0 prop_inc 82627 fast_inc 60615 eta_inc 8344 multi_dec -0 quick_dec -0 nack_dec -0
Flow Uec_18_146 flowId 58 uecSrc 57 finished at 180.918 total messages 1 total packets 490 RTS 0 total bytes 2002140 in_flight now 0 fair_inc 0 prop_inc 56298 fast_inc 0 eta_inc 8344 multi_dec -0 quick_dec -0 nack_dec -0
Flow Uec_128_0 flowId 106 uecSrc 105 finished at 182.043 total messages 1 total packets 490 RTS 0 total bytes 2002140 in_flight now 0 fair_inc 0 prop_inc 92604 fast_inc 0 eta_inc 7748 multi_dec -0 quick_dec -0 nack_dec -0
191.091 flowid 44 Spurious 149
Flow Uec_201_73 flowId 28 uecSrc 27 finished at 191.258 total messages 1 total packets 490 RTS 0 total bytes 2002140 in_flight now 0 fair_inc 0 prop_inc 26112 fast_inc 0 eta_inc 8940 multi_dec -0 quick_dec -0 nack_dec -0
192.499 flowid 57 Spurious 78
192.925 flowid 115 Spurious 165
Flow Uec_250_122 flowId 107 uecSrc 106 finished at 193.522 total messages 1 total packets 490 RTS 0 total bytes 2002140 in_flight now 0 fair_inc 0 prop_inc 16099 fast_inc 0 eta_inc 8940 multi_dec -0 quick_dec -0 nack_dec -0
Flow Uec_51_179 flowId 111 uecSrc 110 finished at 193.779 total messages 1 total packets 490 RTS 0 total bytes 2002140 in_flight now 0 fair_inc 0 prop_inc 30524 fast_inc 0 eta_inc 8940 multi_dec -0 quick_dec -0 nack_dec -0
Flow Uec_233_105 flowId 163 uecSrc 162 finished at 195.495 total messages 1 total packets 490 RTS 0 total bytes 2002140 in_flight now 0 fair_inc 0 prop_inc 29430 fast_inc 8082 eta_inc 8940 multi_dec -0 quick_dec -0 nack_dec -0
Flow Uec_229_101 flowId 109 uecSrc 108 finished at 207.854 total messages 1 total packets 490 RTS 0 total bytes 2002140 in_flight now 0 fair_inc 7691 prop_inc 10998 fast_inc 0 eta_inc 10132 multi_dec -15956 quick_dec -0 nack_dec -0
Flow Uec_22_150 flowId 127 uecSrc 126 finished at 210.423 total messages 1 total packets 490 RTS 0 total bytes 2002140 in_flight now 0 fair_inc 4885 prop_inc 14769 fast_inc 0 eta_inc 10132 multi_dec -0 quick_dec -0 nack_dec -4150
Flow Uec_230_102 flowId 112 uecSrc 111 finished at 210.567 total messages 1 total packets 490 RTS 0 total bytes 2002140 in_flight now 0 fair_inc 7117 prop_inc 8721 fast_inc 0 eta_inc 10132 multi_dec -130 quick_dec -0 nack_dec -0
215.429 flowid 44 Spurious 217
Flow Uec_38_166 flowId 89 uecSrc 88 finished at 218.699 total messages 1 total packets 490 RTS 0 total bytes 2002140 in_flight now 0 fair_inc 15718 prop_inc 28333 fast_inc 0 eta_inc 10728 multi_dec -74610 quick_dec -0 nack_dec -0
Flow Uec_50_178 flowId 54 uecSrc 53 finished at 220.186 total messages 1 total packets 490 RTS 0 total bytes 2002140 in_flight now 0 fair_inc 4126 prop_inc 46862 fast_inc 0 eta_inc 10728 multi_dec -62918 quick_dec -0 nack_dec -0
Flow Uec_251_123 flowId 2 uecSrc 1 finished at 221.96 total messages 1 total packets 490 RTS 0 total bytes 2002140 in_flight now 0 fair_inc 7153 prop_inc 6456 fast_inc 0 eta_inc 10728 multi_dec -3668 quick_dec -0 nack_dec -0
223.788 flowid 150 Spurious 195
224.473 flowid 150 Spurious 196
Flow Uec_106_234 flowId 74 uecSrc 73 finished at 239.888 total messages 1 total packets 490 RTS 0 total bytes 2002140 in_flight now 0 fair_inc 8116 prop_inc 62532 fast_inc 0 eta_inc 11324 multi_dec -105334 quick_dec -0 nack_dec -4150
Flow Uec_117_245 flowId 157 uecSrc 156 finished at 240.163 total messages 1 total packets 490 RTS 0 total bytes 2002140 in_flight now 0 fair_inc 2848 prop_inc 38497 fast_inc 0 eta_inc 11324 multi_dec -46166 quick_dec -0 nack_dec -33200
251.651 flowid 44 Spurious 320
255.865 flowid 44 Spurious 331
Flow Uec_14_142 flowId 22 uecSrc 21 finished at 257.496 total messages 1 total packets 493 RTS 3 total bytes 2002140 in_flight now 0 fair_inc 17323 prop_inc 35542 fast_inc 0 eta_inc 11324 multi_dec -99519 quick_dec -0 nack_dec -0
Flow Uec_121_249 flowId 156 uecSrc 155 finished at 265.509 total messages 1 total packets 490 RTS 0 total bytes 2002140 in_flight now 0 fair_inc 6088 prop_inc 23521 fast_inc 0 eta_inc 12516 multi_dec -57117 quick_dec -0 nack_dec -33200
268.994 flowid 162 Spurious 286
Flow Uec_35_163 flowId 12 uecSrc 11 finished at 272.584 total messages 1 total packets 490 RTS 0 total bytes 2002140 in_flight now 0 fair_inc 11463 prop_inc 18112 fast_inc 0 eta_inc 11920 multi_dec -0 quick_dec -0 nack_dec -0
277.09 flowid 46 Spurious 228
278.245 flowid 12 Spurious 388
278.934 flowid 12 Spurious 389
280.915 flowid 150 Spurious 287
290.611 flowid 115 Spurious 359
Flow Uec_62_190 flowId 62 uecSrc 61 finished at 293.112 total messages 1 total packets 490 RTS 0 total bytes 2002140 in_flight now 0 fair_inc 11887 prop_inc 36533 fast_inc 0 eta_inc 13708 multi_dec -69034 quick_dec -0 nack_dec -58100
302.994 flowid 149 Spurious 309
Flow Uec_123_251 flowId 146 uecSrc 145 finished at 303.507 total messages 1 total packets 490 RTS 0 total bytes 2002140 in_flight now 0 fair_inc 3223 prop_inc 32026 fast_inc 0 eta_inc 14304 multi_dec -89684 quick_dec -0 nack_dec -33200
Flow Uec_81_209 flowId 60 uecSrc 59 finished at 304.677 total messages 1 total packets 490 RTS 0 total bytes 2002140 in_flight now 0 fair_inc 5397 prop_inc 26893 fast_inc 0 eta_inc 14304 multi_dec -99233 quick_dec -0 nack_dec -20750
Flow Uec_224_96 flowId 40 uecSrc 39 finished at 304.837 total messages 1 total packets 490 RTS 0 total bytes 2002140 in_flight now 0 fair_inc 4659 prop_inc 35233 fast_inc 0 eta_inc 14900 multi_dec -78815 quick_dec -0 nack_dec -41500
Flow Uec_152_24 flowId 155 uecSrc 154 finished at 307.927 total messages 1 total packets 490 RTS 0 total bytes 2002140 in_flight now 0 fair_inc 18079 prop_inc 21692 fast_inc 0 eta_inc 14304 multi_dec -76349 quick_dec -0 nack_dec -41500
Flow Uec_23_151 flowId 150 uecSrc 149 finished at 309.697 total messages 1 total packets 495 RTS 5 total bytes 2002140 in_flight now 0 fair_inc 5486 prop_inc 7977 fast_inc 0 eta_inc 14900 multi_dec -59375 quick_dec -0 nack_dec -0
310.145 flowid 152 Spurious 291
Flow Uec_76_204 flowId 147 uecSrc 146 finished at 311.795 total messages 1 total packets 490 RTS 0 total bytes 2002140 in_flight now 0 fair_inc 3296 prop_inc 31542 fast_inc 0 eta_inc 14900 multi_dec -75950 quick_dec -0 nack_dec -49800
312.304 flowid 44 Spurious 445
Flow Uec_40_168 flowId 44 uecSrc 43 finished at 312.821 total messages 1 total packets 493 RTS 3 total bytes 2002140 in_flight now -64 fair_inc 6414 prop_inc 17523 fast_inc 0 eta_inc 12516 multi_dec -0 quick_dec -0 nack_dec -0
312.968 flowid 44 Spurious 446
315.665 flowid 44 Spurious 455
Flow Uec_190_62 flowId 88 uecSrc 87 finished at 317.026 total messages 1 total packets 490 RTS 0 total bytes 2002140 in_flight now 0 fair_inc 5005 prop_inc 31477 fast_inc 0 eta_inc 14900 multi_dec -82437 quick_dec -0 nack_dec -45650
317.816 flowid 152 Spurious 301
Flow Uec_17_145 flowId 123 uecSrc 122 finished at 319.755 total messages 1 total packets 494 RTS 4 total bytes 2002140 in_flight now -64 fair_inc 8904 prop_inc 43238 fast_inc 92419 eta_inc 14304 multi_dec -112868 quick_dec -0 nack_dec -4150
Flow Uec_87_215 flowId 145 uecSrc 144 finished at 320.183 total messages 1 total packets 490 RTS 0 total bytes 2002140 in_flight now 0 fair_inc 3263 prop_inc 26217 fast_inc 0 eta_inc 15496 multi_dec -70034 quick_dec -0 nack_dec -53950
325.789 flowid 115 Spurious 424
325.881 flowid 151 Spurious 477
Flow Uec_159_31 flowId 76 uecSrc 75 finished at 327.173 total messages 1 total packets 490 RTS 0 total bytes 2002140 in_flight now 0 fair_inc 14439 prop_inc 34634 fast_inc 0 eta_inc 16092 multi_dec -89568 quick_dec -0 nack_dec -49800
Flow Uec_98_226 flowId 116 uecSrc 115 finished at 328.47 total messages 1 total packets 490 RTS 0 total bytes 2002140 in_flight now 0 fair_inc 8941 prop_inc 43266 fast_inc 0 eta_inc 15496 multi_dec -122223 quick_dec -0 nack_dec -29050
Flow Uec_32_160 flowId 80 uecSrc 79 finished at 328.512 total messages 1 total packets 493 RTS 3 total bytes 2002140 in_flight now 0 fair_inc 10689 prop_inc 25848 fast_inc 0 eta_inc 15496 multi_dec -138407 quick_dec -0 nack_dec -0
Flow Uec_26_154 flowId 115 uecSrc 114 finished at 329.616 total messages 1 total packets 496 RTS 6 total bytes 2002140 in_flight now 0 fair_inc 5652 prop_inc 24006 fast_inc 0 eta_inc 14304 multi_dec -0 quick_dec -0 nack_dec -0
Flow Uec_144_16 flowId 125 uecSrc 124 finished at 329.716 total messages 1 total packets 490 RTS 0 total bytes 2002140 in_flight now 0 fair_inc 7925 prop_inc 47582 fast_inc 0 eta_inc 15496 multi_dec -109190 quick_dec -0 nack_dec -41500
330.537 flowid 151 Spurious 483
331.201 flowid 151 Spurious 485
331.421 flowid 115 Spurious 437
Flow Uec_1_129 flowId 151 uecSrc 150 finished at 331.699 total messages 1 total packets 492 RTS 2 total bytes 2002140 in_flight now 0 fair_inc 2280 prop_inc 50958 fast_inc 1010 eta_inc 12516 multi_dec -0 quick_dec -210805 nack_dec -8300
331.758 flowid 115 Spurious 438
Flow Uec_140_12 flowId 4 uecSrc 3 finished at 333.257 total messages 1 total packets 490 RTS 0 total bytes 2002140 in_flight now 0 fair_inc 3584 prop_inc 42415 fast_inc 0 eta_inc 14900 multi_dec -115496 quick_dec -0 nack_dec -20750
Flow Uec_153_25 flowId 81 uecSrc 80 finished at 333.609 total messages 1 total packets 490 RTS 0 total bytes 2002140 in_flight now 0 fair_inc 17068 prop_inc 24747 fast_inc 0 eta_inc 14304 multi_dec -102098 quick_dec -0 nack_dec -33200
Flow Uec_179_51 flowId 41 uecSrc 40 finished at 333.873 total messages 1 total packets 490 RTS 0 total bytes 2002140 in_flight now 0 fair_inc 3531 prop_inc 31281 fast_inc 0 eta_inc 15496 multi_dec -82757 quick_dec -0 nack_dec -49800
335.541 flowid 151 Spurious 474
Flow Uec_34_162 flowId 5 uecSrc 4 finished at 337.282 total messages 1 total packets 495 RTS 5 total bytes 2002140 in_flight now -64 fair_inc 17008 prop_inc 28134 fast_inc 0 eta_inc 14304 multi_dec -0 quick_dec -178008 nack_dec -8300
337.54 flowid 151 Spurious 488
Flow Uec_194_66 flowId 136 uecSrc 135 finished at 337.995 total messages 1 total packets 490 RTS 0 total bytes 2002140 in_flight now 0 fair_inc 3796 prop_inc 40255 fast_inc 0 eta_inc 15496 multi_dec -113163 quick_dec -0 nack_dec -37350
Flow Uec_199_71 flowId 105 uecSrc 104 finished at 338.508 total messages 1 total packets 490 RTS 0 total bytes 2002140 in_flight now 0 fair_inc 7577 prop_inc 40159 fast_inc 0 eta_inc 16092 multi_dec -109412 quick_dec -0 nack_dec -41500
Flow Uec_24_152 flowId 78 uecSrc 77 finished at 341.095 total messages 1 total packets 493 RTS 3 total bytes 2002140 in_flight now 0 fair_inc 20404 prop_inc 71975 fast_inc 0 eta_inc 15496 multi_dec -150507 quick_dec -0 nack_dec -4150
Flow Uec_178_50 flowId 53 uecSrc 52 finished at 342.001 total messages 1 total packets 490 RTS 0 total bytes 2002140 in_flight now 0 fair_inc 6944 prop_inc 39390 fast_inc 0 eta_inc 16092 multi_dec -98707 quick_dec -0 nack_dec -53950
Flow Uec_195_67 flowId 122 uecSrc 121 finished at 342.051 total messages 1 total packets 490 RTS 0 total bytes 2002140 in_flight now 0 fair_inc 21368 prop_inc 32067 fast_inc 0 eta_inc 16092 multi_dec -113947 quick_dec -0 nack_dec -37350
342.975 flowid 5 Spurious 492
Flow Uec_151_23 flowId 36 uecSrc 35 finished at 344.357 total messages 1 total packets 490 RTS 0 total bytes 2002140 in_flight now 0 fair_inc 18772 prop_inc 37262 fast_inc 0 eta_inc 16092 multi_dec -105713 quick_dec -0 nack_dec -41500
Flow Uec_198_70 flowId 141 uecSrc 140 finished at 344.968 total messages 1 total packets 490 RTS 0 total bytes 2002140 in_flight now 0 fair_inc 10259 prop_inc 36365 fast_inc 0 eta_inc 14304 multi_dec -106663 quick_dec -0 nack_dec -45650
Flow Uec_99_227 flowId 19 uecSrc 18 finished at 345.731 total messages 1 total packets 490 RTS 0 total bytes 2002140 in_flight now 0 fair_inc 18308 prop_inc 43243 fast_inc 0 eta_inc 16092 multi_dec -103115 quick_dec -0 nack_dec -53950
Flow Uec_136_8 flowId 143 uecSrc 142 finished at 346.003 total messages 1 total packets 490 RTS 0 total bytes 2002140 in_flight now 0 fair_inc 7836 prop_inc 39814 fast_inc 0 eta_inc 16092 multi_dec -116403 quick_dec -0 nack_dec -29050
Flow Uec_174_46 flowId 69 uecSrc 68 finished at 346.452 total messages 1 total packets 491 RTS 1 total bytes 2002140 in_flight now 0 fair_inc 16432 prop_inc 34468 fast_inc 0 eta_inc 16092 multi_dec -97480 quick_dec -0 nack_dec -41500
Flow Uec_167_39 flowId 82 uecSrc 81 finished at 347.267 total messages 1 total packets 490 RTS 0 total bytes 2002140 in_flight now 0 fair_inc 7914 prop_inc 49405 fast_inc 50993 eta_inc 16688 multi_dec -119297 quick_dec -0 nack_dec -45650
Flow Uec_96_224 flowId 65 uecSrc 64 finished at 347.638 total messages 1 total packets 490 RTS 0 total bytes 2002140 in_flight now 0 fair_inc 5095 prop_inc 39640 fast_inc 43924 eta_inc 16688 multi_dec -108405 quick_dec -0 nack_dec -45650
Flow Uec_186_58 flowId 93 uecSrc 92 finished at 347.935 total messages 1 total packets 490 RTS 0 total bytes 2002140 in_flight now 0 fair_inc 10574 prop_inc 45164 fast_inc 0 eta_inc 16688 multi_dec -106583 quick_dec -0 nack_dec -45650
Flow Uec_119_247 flowId 49 uecSrc 48 finished at 351.075 total messages 1 total packets 490 RTS 0 total bytes 2002140 in_flight now 0 fair_inc 3675 prop_inc 61076 fast_inc 0 eta_inc 16688 multi_dec -94546 quick_dec -0 nack_dec -62250
Flow Uec_246_118 flowId 117 uecSrc 116 finished at 351.531 total messages 1 total packets 490 RTS 0 total bytes 2002140 in_flight now 0 fair_inc 8200 prop_inc 32067 fast_inc 0 eta_inc 16688 multi_dec -103068 quick_dec -0 nack_dec -41500
Flow Uec_4_132 flowId 75 uecSrc 74 finished at 351.954 total messages 1 total packets 493 RTS 3 total bytes 2002140 in_flight now 0 fair_inc 3015 prop_inc 65874 fast_inc 0 eta_inc 13708 multi_dec -0 quick_dec -203478 nack_dec -16600
Flow Uec_54_182 flowId 9 uecSrc 8 finished at 352.188 total messages 1 total packets 490 RTS 0 total bytes 2002140 in_flight now 0 fair_inc 4580 prop_inc 42602 fast_inc 0 eta_inc 16092 multi_dec -85541 quick_dec -0 nack_dec -70550
Flow Uec_94_222 flowId 134 uecSrc 133 finished at 353.146 total messages 1 total packets 490 RTS 0 total bytes 2002140 in_flight now 0 fair_inc 2954 prop_inc 45262 fast_inc 4040 eta_inc 16688 multi_dec -93552 quick_dec -0 nack_dec -53950
Flow Uec_37_165 flowId 162 uecSrc 161 finished at 353.388 total messages 1 total packets 498 RTS 8 total bytes 2002140 in_flight now -64 fair_inc 8648 prop_inc 21315 fast_inc 0 eta_inc 16688 multi_dec -96814 quick_dec -0 nack_dec -4150
Flow Uec_95_223 flowId 164 uecSrc 163 finished at 353.743 total messages 1 total packets 490 RTS 0 total bytes 2002140 in_flight now 0 fair_inc 8557 prop_inc 52762 fast_inc 15152 eta_inc 16688 multi_dec -84051 quick_dec -0 nack_dec -70550
Flow Uec_209_81 flowId 27 uecSrc 26 finished at 354.806 total messages 1 total packets 490 RTS 0 total bytes 2002140 in_flight now 0 fair_inc 0 prop_inc 42742 fast_inc 75764 eta_inc 16688 multi_dec -111427 quick_dec -0 nack_dec -45650
Flow Uec_248_120 flowId 113 uecSrc 112 finished at 355.825 total messages 1 total packets 490 RTS 0 total bytes 2002140 in_flight now 0 fair_inc 14090 prop_inc 27584 fast_inc 0 eta_inc 16688 multi_dec -49970 quick_dec -0 nack_dec -91300
Flow Uec_244_116 flowId 50 uecSrc 49 finished at 358.032 total messages 1 total packets 490 RTS 0 total bytes 2002140 in_flight now 0 fair_inc 11423 prop_inc 21595 fast_inc 0 eta_inc 17284 multi_dec -100795 quick_dec -0 nack_dec -37350
Flow Uec_57_185 flowId 135 uecSrc 134 finished at 358.919 total messages 1 total packets 490 RTS 0 total bytes 2002140 in_flight now 0 fair_inc 4545 prop_inc 37158 fast_inc 0 eta_inc 16688 multi_dec -91970 quick_dec -0 nack_dec -62250
Flow Uec_59_187 flowId 101 uecSrc 100 finished at 359.514 total messages 1 total packets 490 RTS 0 total bytes 2002140 in_flight now 0 fair_inc 35944 prop_inc 57293 fast_inc 0 eta_inc 16688 multi_dec -143539 quick_dec -0 nack_dec -29050
Flow Uec_60_188 flowId 129 uecSrc 128 finished at 360.188 total messages 1 total packets 490 RTS 0 total bytes 2002140 in_flight now 0 fair_inc 8263 prop_inc 44996 fast_inc 0 eta_inc 16092 multi_dec -79840 quick_dec -0 nack_dec -78850
Flow Uec_252_124 flowId 26 uecSrc 25 finished at 360.566 total messages 1 total packets 490 RTS 0 total bytes 2002140 in_flight now 0 fair_inc 13511 prop_inc 36255 fast_inc 0 eta_inc 17284 multi_dec -65731 quick_dec -0 nack_dec -87150
Flow Uec_242_114 flowId 144 uecSrc 143 finished at 361.558 total messages 1 total packets 490 RTS 0 total bytes 2002140 in_flight now 0 fair_inc 27129 prop_inc 20645 fast_inc 0 eta_inc 17284 multi_dec -86174 quick_dec -0 nack_dec -49800
Flow Uec_253_125 flowId 114 uecSrc 113 finished at 362.725 total messages 1 total packets 490 RTS 0 total bytes 2002140 in_flight now 0 fair_inc 10116 prop_inc 42161 fast_inc 0 eta_inc 17284 multi_dec -134421 quick_dec -0 nack_dec -33200
Flow Uec_65_193 flowId 96 uecSrc 95 finished at 363.064 total messages 1 total packets 490 RTS 0 total bytes 2002140 in_flight now 0 fair_inc 3424 prop_inc 37217 fast_inc 0 eta_inc 17284 multi_dec -87393 quick_dec -0 nack_dec -66400
Flow Uec_240_112 flowId 140 uecSrc 139 finished at 363.223 total messages 1 total packets 490 RTS 0 total bytes 2002140 in_flight now 0 fair_inc 33015 prop_inc 38391 fast_inc 0 eta_inc 16688 multi_dec -123959 quick_dec -0 nack_dec -33200
Flow Uec_254_126 flowId 85 uecSrc 84 finished at 370.427 total messages 1 total packets 490 RTS 0 total bytes 2002140 in_flight now 0 fair_inc 10201 prop_inc 42417 fast_inc 0 eta_inc 17284 multi_dec -122637 quick_dec -0 nack_dec -41500
Flow Uec_64_192 flowId 23 uecSrc 22 finished at 370.811 total messages 1 total packets 490 RTS 0 total bytes 2002140 in_flight now 0 fair_inc 4531 prop_inc 84924 fast_inc 33334 eta_inc 16688 multi_dec -80401 quick_dec -0 nack_dec -91300
371.042 flowid 43 Spurious 394
Flow Uec_33_161 flowId 95 uecSrc 94 finished at 371.873 total messages 1 total packets 500 RTS 10 total bytes 2002140 in_flight now -128 fair_inc 21364 prop_inc 20405 fast_inc 0 eta_inc 17284 multi_dec -63470 quick_dec -0 nack_dec -16600
Flow Uec_118_246 flowId 32 uecSrc 31 finished at 375.739 total messages 1 total packets 490 RTS 0 total bytes 2002140 in_flight now 0 fair_inc 2910 prop_inc 95774 fast_inc 0 eta_inc 17880 multi_dec -115751 quick_dec -0 nack_dec -53950
Flow Uec_58_186 flowId 104 uecSrc 103 finished at 376.997 total messages 1 total packets 490 RTS 0 total bytes 2002140 in_flight now 0 fair_inc 30584 prop_inc 64486 fast_inc 0 eta_inc 17284 multi_dec -133162 quick_dec -0 nack_dec -49800
Flow Uec_238_110 flowId 48 uecSrc 47 finished at 380.696 total messages 1 total packets 490 RTS 0 total bytes 2002140 in_flight now 0 fair_inc 10584 prop_inc 62416 fast_inc 0 eta_inc 17880 multi_dec -145753 quick_dec -0 nack_dec -33200
Flow Uec_255_127 flowId 99 uecSrc 98 finished at 382.345 total messages 1 total packets 490 RTS 0 total bytes 2002140 in_flight now 0 fair_inc 24234 prop_inc 29202 fast_inc 10589 eta_inc 17880 multi_dec -102424 quick_dec -0 nack_dec -58100
Flow Uec_43_171 flowId 84 uecSrc 83 finished at 385.057 total messages 1 total packets 500 RTS 10 total bytes 2002140 in_flight now 0 fair_inc 9049 prop_inc 34277 fast_inc 0 eta_inc 17284 multi_dec -0 quick_dec -0 nack_dec -0
Flow Uec_29_157 flowId 152 uecSrc 151 finished at 385.394 total messages 1 total packets 497 RTS 7 total bytes 2002140 in_flight now 0 fair_inc 40216 prop_inc 16143 fast_inc 0 eta_inc 16688 multi_dec -104723 quick_dec -99708 nack_dec -20750
Flow Uec_9_137 flowId 149 uecSrc 148 finished at 393.159 total messages 1 total packets 498 RTS 8 total bytes 2002140 in_flight now 0 fair_inc 4011 prop_inc 75381 fast_inc 0 eta_inc 16092 multi_dec -0 quick_dec -0 nack_dec -0
Flow Uec_25_153 flowId 87 uecSrc 86 finished at 397.078 total messages 1 total packets 493 RTS 3 total bytes 2002140 in_flight now 0 fair_inc 15478 prop_inc 71965 fast_inc 94439 eta_inc 17284 multi_dec -174976 quick_dec -0 nack_dec -20750
Flow Uec_0_128 flowId 138 uecSrc 137 finished at 397.109 total messages 1 total packets 493 RTS 3 total bytes 2002140 in_flight now 0 fair_inc 2697 prop_inc 71047 fast_inc 1010 eta_inc 13112 multi_dec -0 quick_dec -182584 nack_dec -33200
Flow Uec_249_121 flowId 24 uecSrc 23 finished at 410.357 total messages 1 total packets 490 RTS 0 total bytes 2002140 in_flight now 0 fair_inc 9339 prop_inc 55875 fast_inc 0 eta_inc 19668 multi_dec -160966 quick_dec -0 nack_dec -24900
Flow Uec_143_15 flowId 1 uecSrc 0 finished at 411.251 total messages 1 total packets 490 RTS 0 total bytes 2002140 in_flight now 0 fair_inc 16344 prop_inc 22573 fast_inc 0 eta_inc 19668 multi_dec -42278 quick_dec -0 nack_dec -112050
Flow Uec_112_240 flowId 71 uecSrc 70 finished at 414.064 total messages 1 total packets 490 RTS 0 total bytes 2002140 in_flight now 0 fair_inc 9574 prop_inc 91437 fast_inc 157076 eta_inc 19072 multi_dec -195968 quick_dec -0 nack_dec -24900
Flow Uec_46_174 flowId 46 uecSrc 45 finished at 414.293 total messages 1 total packets 495 RTS 5 total bytes 2002140 in_flight now 0 fair_inc 19834 prop_inc 63011 fast_inc 21212 eta_inc 18476 multi_dec -127802 quick_dec -0 nack_dec -16600
Flow Uec_108_236 flowId 120 uecSrc 119 finished at 415.288 total messages 1 total packets 490 RTS 0 total bytes 2002140 in_flight now 0 fair_inc 13977 prop_inc 12798 fast_inc 0 eta_inc 20264 multi_dec -52617 quick_dec -0 nack_dec -99600
Flow Uec_245_117 flowId 73 uecSrc 72 finished at 418.063 total messages 1 total packets 490 RTS 0 total bytes 2002140 in_flight now 0 fair_inc 14932 prop_inc 51958 fast_inc 0 eta_inc 19072 multi_dec -148478 quick_dec -0 nack_dec -37350
Flow Uec_103_231 flowId 118 uecSrc 117 finished at 429.796 total messages 1 total packets 490 RTS 0 total bytes 2002140 in_flight now 0 fair_inc 22643 prop_inc 16193 fast_inc 0 eta_inc 20860 multi_dec -61361 quick_dec -0 nack_dec -95450
434.934 flowid 3 Spurious 493
Flow Uec_41_169 flowId 3 uecSrc 2 finished at 436.137 total messages 1 total packets 498 RTS 8 total bytes 2002140 in_flight now 0 fair_inc 19483 prop_inc 11249 fast_inc 0 eta_inc 16092 multi_dec -71679 quick_dec -94283 nack_dec -16600
Flow Uec_77_205 flowId 154 uecSrc 153 finished at 437.764 total messages 1 total packets 490 RTS 0 total bytes 2002140 in_flight now 0 fair_inc 10219 prop_inc 29229 fast_inc 0 eta_inc 20264 multi_dec -28701 quick_dec -0 nack_dec -145250
Flow Uec_42_170 flowId 68 uecSrc 67 finished at 452.624 total messages 1 total packets 499 RTS 9 total bytes 2002140 in_flight now -64 fair_inc 21207 prop_inc 45791 fast_inc 3030 eta_inc 19668 multi_dec -62196 quick_dec -124521 nack_dec -8300
Flow Uec_6_134 flowId 43 uecSrc 42 finished at 452.624 total messages 1 total packets 498 RTS 8 total bytes 2002140 in_flight now 0 fair_inc 5145 prop_inc 48547 fast_inc 1010 eta_inc 18476 multi_dec -70048 quick_dec -118899 nack_dec -16600
459.974 flowid 15 Spurious 488
460.14 flowid 15 Spurious 489
Flow Uec_70_198 flowId 13 uecSrc 12 finished at 465.907 total messages 1 total packets 490 RTS 0 total bytes 2002140 in_flight now 0 fair_inc 12371 prop_inc 40000 fast_inc 0 eta_inc 22052 multi_dec -90738 quick_dec -0 nack_dec -87150
Flow Uec_130_2 flowId 15 uecSrc 14 finished at 466.005 total messages 1 total packets 490 RTS 0 total bytes 2002140 in_flight now 0 fair_inc 5848 prop_inc 51437 fast_inc 0 eta_inc 16092 multi_dec -92996 quick_dec -116801 nack_dec -53950
Flow Uec_2_130 flowId 126 uecSrc 125 finished at 466.04 total messages 1 total packets 498 RTS 8 total bytes 2002140 in_flight now -64 fair_inc 5477 prop_inc 50347 fast_inc 6060 eta_inc 19072 multi_dec -0 quick_dec -141975 nack_dec -16600
Flow Uec_164_36 flowId 21 uecSrc 20 finished at 468.342 total messages 1 total packets 490 RTS 0 total bytes 2002140 in_flight now 0 fair_inc 35658 prop_inc 16871 fast_inc 0 eta_inc 22052 multi_dec -81739 quick_dec -0 nack_dec -103750
Flow Uec_27_155 flowId 63 uecSrc 62 finished at 475.028 total messages 1 total packets 494 RTS 4 total bytes 2002140 in_flight now 0 fair_inc 26580 prop_inc 106934 fast_inc 0 eta_inc 20264 multi_dec -189976 quick_dec -0 nack_dec -8300
Flow Uec_150_22 flowId 20 uecSrc 19 finished at 479.284 total messages 1 total packets 490 RTS 0 total bytes 2002140 in_flight now 0 fair_inc 21343 prop_inc 16976 fast_inc 0 eta_inc 21456 multi_dec -73351 quick_dec -0 nack_dec -107900
Flow Uec_222_94 flowId 34 uecSrc 33 finished at 482.501 total messages 1 total packets 490 RTS 0 total bytes 2002140 in_flight now 0 fair_inc 26901 prop_inc 12176 fast_inc 0 eta_inc 22648 multi_dec -112103 quick_dec -0 nack_dec -83000
Flow Uec_67_195 flowId 6 uecSrc 5 finished at 484.548 total messages 1 total packets 490 RTS 0 total bytes 2002140 in_flight now 0 fair_inc 8891 prop_inc 16564 fast_inc 0 eta_inc 22648 multi_dec -77725 quick_dec -0 nack_dec -91300
Flow Uec_105_233 flowId 91 uecSrc 90 finished at 486.108 total messages 1 total packets 490 RTS 0 total bytes 2002140 in_flight now 0 fair_inc 8783 prop_inc 18028 fast_inc 0 eta_inc 22052 multi_dec -73139 quick_dec -0 nack_dec -95450
Flow Uec_104_232 flowId 110 uecSrc 109 finished at 486.176 total messages 1 total packets 490 RTS 0 total bytes 2002140 in_flight now 0 fair_inc 23773 prop_inc 16597 fast_inc 0 eta_inc 22648 multi_dec -85854 quick_dec -0 nack_dec -95450
Flow Uec_147_19 flowId 166 uecSrc 165 finished at 490.947 total messages 1 total packets 491 RTS 1 total bytes 2002140 in_flight now 0 fair_inc 41998 prop_inc 20004 fast_inc 0 eta_inc 22648 multi_dec -80376 quick_dec -0 nack_dec -112050
Flow Uec_133_5 flowId 161 uecSrc 160 finished at 492.274 total messages 1 total packets 490 RTS 0 total bytes 2002140 in_flight now 0 fair_inc 11334 prop_inc 53461 fast_inc 0 eta_inc 22648 multi_dec -86237 quick_dec -0 nack_dec -83000
Flow Uec_212_84 flowId 25 uecSrc 24 finished at 492.29 total messages 1 total packets 490 RTS 0 total bytes 2002140 in_flight now 0 fair_inc 32233 prop_inc 13248 fast_inc 0 eta_inc 22052 multi_dec -88558 quick_dec -0 nack_dec -99600
Flow Uec_163_35 flowId 35 uecSrc 34 finished at 493.067 total messages 1 total packets 490 RTS 0 total bytes 2002140 in_flight now 0 fair_inc 24656 prop_inc 18413 fast_inc 0 eta_inc 22052 multi_dec -98891 quick_dec -0 nack_dec -91300
Flow Uec_232_104 flowId 158 uecSrc 157 finished at 496.886 total messages 1 total packets 490 RTS 0 total bytes 2002140 in_flight now 0 fair_inc 11550 prop_inc 25864 fast_inc 0 eta_inc 23244 multi_dec -100188 quick_dec -0 nack_dec -87150
Flow Uec_10_138 flowId 165 uecSrc 164 finished at 500.091 total messages 1 total packets 500 RTS 10 total bytes 2002140 in_flight now 0 fair_inc 4109 prop_inc 93457 fast_inc 0 eta_inc 17880 multi_dec -0 quick_dec -93199 nack_dec -20750
Flow Uec_61_189 flowId 51 uecSrc 50 finished at 500.727 total messages 1 total packets 490 RTS 0 total bytes 2002140 in_flight now 0 fair_inc 19756 prop_inc 20761 fast_inc 0 eta_inc 23840 multi_dec -67905 quick_dec -0 nack_dec -116200
Flow Uec_200_72 flowId 55 uecSrc 54 finished at 505.796 total messages 1 total packets 490 RTS 0 total bytes 2002140 in_flight now 0 fair_inc 28645 prop_inc 21981 fast_inc 0 eta_inc 23840 multi_dec -60821 quick_dec -0 nack_dec -120350
Flow Uec_135_7 flowId 119 uecSrc 118 finished at 508.741 total messages 1 total packets 490 RTS 0 total bytes 2002140 in_flight now 0 fair_inc 30874 prop_inc 64711 fast_inc 0 eta_inc 23244 multi_dec -124838 quick_dec -0 nack_dec -95450
Flow Uec_243_115 flowId 79 uecSrc 78 finished at 509.972 total messages 1 total packets 490 RTS 0 total bytes 2002140 in_flight now 0 fair_inc 50957 prop_inc 2138 fast_inc 0 eta_inc 23244 multi_dec -35377 quick_dec -0 nack_dec -145250
Flow Uec_158_30 flowId 57 uecSrc 56 finished at 511.458 total messages 1 total packets 491 RTS 1 total bytes 2002140 in_flight now 0 fair_inc 34856 prop_inc 26642 fast_inc 0 eta_inc 23840 multi_dec -103909 quick_dec -0 nack_dec -103750
Flow Uec_169_41 flowId 94 uecSrc 93 finished at 516.039 total messages 1 total packets 490 RTS 0 total bytes 2002140 in_flight now 0 fair_inc 14909 prop_inc 44060 fast_inc 0 eta_inc 23244 multi_dec -118441 quick_dec -0 nack_dec -83000
Flow Uec_71_199 flowId 11 uecSrc 10 finished at 517.467 total messages 1 total packets 490 RTS 0 total bytes 2002140 in_flight now 0 fair_inc 18452 prop_inc 7796 fast_inc 0 eta_inc 25032 multi_dec -46631 quick_dec -0 nack_dec -128650
Flow Uec_113_241 flowId 132 uecSrc 131 finished at 519.086 total messages 1 total packets 490 RTS 0 total bytes 2002140 in_flight now 0 fair_inc 42298 prop_inc 29602 fast_inc 0 eta_inc 23840 multi_dec -88627 quick_dec -0 nack_dec -120350
Flow Uec_52_180 flowId 61 uecSrc 60 finished at 522.972 total messages 1 total packets 490 RTS 0 total bytes 2002140 in_flight now 0 fair_inc 28056 prop_inc 31816 fast_inc 0 eta_inc 24436 multi_dec -85128 quick_dec -0 nack_dec -116200
Flow Uec_48_176 flowId 29 uecSrc 28 finished at 534.002 total messages 1 total packets 492 RTS 2 total bytes 2002140 in_flight now 0 fair_inc 2282 prop_inc 60250 fast_inc 190935 eta_inc 21456 multi_dec -215037 quick_dec -3386 nack_dec -12450
Flow Uec_202_74 flowId 97 uecSrc 96 finished at 542.078 total messages 1 total packets 490 RTS 0 total bytes 2002140 in_flight now 0 fair_inc 45263 prop_inc 6340 fast_inc 0 eta_inc 25032 multi_dec -50276 quick_dec -0 nack_dec -157700
Flow Uec_228_100 flowId 39 uecSrc 38 finished at 546.916 total messages 1 total packets 490 RTS 0 total bytes 2002140 in_flight now 0 fair_inc 25812 prop_inc 20628 fast_inc 0 eta_inc 25032 multi_dec -42645 quick_dec -0 nack_dec -136950
Flow Uec_75_203 flowId 31 uecSrc 30 finished at 547.989 total messages 1 total packets 490 RTS 0 total bytes 2002140 in_flight now 0 fair_inc 33477 prop_inc 86984 fast_inc 0 eta_inc 23244 multi_dec -158007 quick_dec -0 nack_dec -70550
Flow Uec_241_113 flowId 139 uecSrc 138 finished at 550.159 total messages 1 total packets 490 RTS 0 total bytes 2002140 in_flight now 0 fair_inc 25484 prop_inc 42812 fast_inc 0 eta_inc 25628 multi_dec -55514 quick_dec -0 nack_dec -161850
Flow Uec_227_99 flowId 16 uecSrc 15 finished at 552.311 total messages 1 total packets 490 RTS 0 total bytes 2002140 in_flight now 0 fair_inc 21094 prop_inc 47366 fast_inc 0 eta_inc 25628 multi_dec -55514 quick_dec -0 nack_dec -141100
Flow Uec_188_60 flowId 124 uecSrc 123 finished at 557.696 total messages 1 total packets 490 RTS 0 total bytes 2002140 in_flight now 0 fair_inc 36588 prop_inc 9802 fast_inc 0 eta_inc 25628 multi_dec -64400 quick_dec -0 nack_dec -124500
Flow Uec_203_75 flowId 30 uecSrc 29 finished at 558.871 total messages 1 total packets 490 RTS 0 total bytes 2002140 in_flight now 0 fair_inc 38605 prop_inc 3044 fast_inc 0 eta_inc 25628 multi_dec -56900 quick_dec -0 nack_dec -153550
Flow Uec_93_221 flowId 142 uecSrc 141 finished at 560.78 total messages 1 total packets 490 RTS 0 total bytes 2002140 in_flight now 0 fair_inc 36095 prop_inc 8184 fast_inc 0 eta_inc 26224 multi_dec -81668 quick_dec -0 nack_dec -141100
Flow Uec_73_201 flowId 8 uecSrc 7 finished at 563.104 total messages 1 total packets 490 RTS 0 total bytes 2002140 in_flight now 0 fair_inc 7915 prop_inc 10952 fast_inc 0 eta_inc 25628 multi_dec -55452 quick_dec -0 nack_dec -120350
Flow Uec_115_243 flowId 56 uecSrc 55 finished at 563.794 total messages 1 total packets 490 RTS 0 total bytes 2002140 in_flight now 0 fair_inc 29914 prop_inc 96924 fast_inc 0 eta_inc 25628 multi_dec -126247 quick_dec -0 nack_dec -103750
Flow Uec_69_197 flowId 98 uecSrc 97 finished at 564.633 total messages 1 total packets 490 RTS 0 total bytes 2002140 in_flight now 0 fair_inc 22247 prop_inc 23464 fast_inc 0 eta_inc 25628 multi_dec -24904 quick_dec -0 nack_dec -161850
Flow Uec_210_82 flowId 83 uecSrc 82 finished at 571.613 total messages 1 total packets 490 RTS 0 total bytes 2002140 in_flight now 0 fair_inc 30708 prop_inc 18538 fast_inc 0 eta_inc 26820 multi_dec -32665 quick_dec -0 nack_dec -166000
Flow Uec_90_218 flowId 66 uecSrc 65 finished at 578.128 total messages 1 total packets 490 RTS 0 total bytes 2002140 in_flight now 0 fair_inc 30635 prop_inc 16827 fast_inc 0 eta_inc 26224 multi_dec -31627 quick_dec -0 nack_dec -161850
Flow Uec_219_91 flowId 121 uecSrc 120 finished at 605.091 total messages 1 total packets 490 RTS 0 total bytes 2002140 in_flight now 0 fair_inc 37980 prop_inc 8704 fast_inc 0 eta_inc 26820 multi_dec -46460 quick_dec -0 nack_dec -161850
Flow Uec_223_95 flowId 59 uecSrc 58 finished at 609.99 total messages 1 total packets 490 RTS 0 total bytes 2002140 in_flight now 0 fair_inc 26144 prop_inc 36797 fast_inc 28775 eta_inc 27416 multi_dec -108348 quick_dec -0 nack_dec -99600
Flow Uec_235_107 flowId 37 uecSrc 36 finished at 615.631 total messages 1 total packets 490 RTS 0 total bytes 2002140 in_flight now 0 fair_inc 32846 prop_inc 59113 fast_inc 0 eta_inc 27416 multi_dec -82411 quick_dec -0 nack_dec -141100
Flow Uec_217_89 flowId 159 uecSrc 158 finished at 619.569 total messages 1 total packets 490 RTS 0 total bytes 2002140 in_flight now 0 fair_inc 43105 prop_inc 4203 fast_inc 0 eta_inc 28608 multi_dec -34443 quick_dec -0 nack_dec -174300
Flow Uec_208_80 flowId 47 uecSrc 46 finished at 628.855 total messages 1 total packets 490 RTS 0 total bytes 2002140 in_flight now 0 fair_inc 6914 prop_inc 7351 fast_inc 0 eta_inc 29800 multi_dec -80391 quick_dec -0 nack_dec -99600
Flow Uec_180_52 flowId 86 uecSrc 85 finished at 629.237 total messages 1 total packets 490 RTS 0 total bytes 2002140 in_flight now 0 fair_inc 36573 prop_inc 29765 fast_inc 0 eta_inc 27416 multi_dec -88356 quick_dec -0 nack_dec -136950
Flow Uec_225_97 flowId 103 uecSrc 102 finished at 633.408 total messages 1 total packets 490 RTS 0 total bytes 2002140 in_flight now 0 fair_inc 47659 prop_inc 5332 fast_inc 0 eta_inc 28608 multi_dec -73715 quick_dec -0 nack_dec -166000
Flow Uec_184_56 flowId 137 uecSrc 136 finished at 647.391 total messages 1 total packets 490 RTS 0 total bytes 2002140 in_flight now 0 fair_inc 56505 prop_inc 31270 fast_inc 0 eta_inc 27416 multi_dec -100314 quick_dec -0 nack_dec -128650
Flow Uec_88_216 flowId 72 uecSrc 71 finished at 649.889 total messages 1 total packets 490 RTS 0 total bytes 2002140 in_flight now 0 fair_inc 29853 prop_inc 67765 fast_inc 0 eta_inc 23244 multi_dec -82562 quick_dec -0 nack_dec -132800
Flow Uec_11_139 flowId 90 uecSrc 89 finished at 655.097 total messages 1 total packets 507 RTS 17 total bytes 2002140 in_flight now -128 fair_inc 3646 prop_inc 96717 fast_inc 0 eta_inc 23244 multi_dec -0 quick_dec -66387 nack_dec -41500
Flow Uec_181_53 flowId 45 uecSrc 44 finished at 684.44 total messages 1 total packets 490 RTS 0 total bytes 2002140 in_flight now 0 fair_inc 22925 prop_inc 47230 fast_inc 43926 eta_inc 27416 multi_dec -108654 quick_dec -0 nack_dec -107900
Flow Uec_86_214 flowId 42 uecSrc 41 finished at 694.842 total messages 1 total packets 490 RTS 0 total bytes 2002140 in_flight now 0 fair_inc 25950 prop_inc 88679 fast_inc 0 eta_inc 29800 multi_dec -128856 quick_dec -0 nack_dec -112050
Flow Uec_205_77 flowId 160 uecSrc 159 finished at 704.452 total messages 1 total packets 490 RTS 0 total bytes 2002140 in_flight now 0 fair_inc 44061 prop_inc 20211 fast_inc 96458 eta_inc 31588 multi_dec -167041 quick_dec -0 nack_dec -87150
Flow Uec_218_90 flowId 64 uecSrc 63 finished at 707.569 total messages 1 total packets 490 RTS 0 total bytes 2002140 in_flight now 0 fair_inc 18440 prop_inc 49390 fast_inc 188393 eta_inc 30396 multi_dec -146600 quick_dec -4446 nack_dec -95450
Flow Uec_237_109 flowId 92 uecSrc 91 finished at 718.241 total messages 1 total packets 490 RTS 0 total bytes 2002140 in_flight now 0 fair_inc 31365 prop_inc 125173 fast_inc 0 eta_inc 28012 multi_dec -128583 quick_dec -10397 nack_dec -116200
Flow Uec_68_196 flowId 128 uecSrc 127 finished at 721.709 total messages 1 total packets 490 RTS 0 total bytes 2002140 in_flight now 0 fair_inc 33801 prop_inc 29857 fast_inc 209119 eta_inc 26224 multi_dec -146747 quick_dec -3978 nack_dec -107900
Flow Uec_168_40 flowId 38 uecSrc 37 finished at 755.316 total messages 1 total packets 490 RTS 0 total bytes 2002140 in_flight now 0 fair_inc 72373 prop_inc 670 fast_inc 0 eta_inc 25628 multi_dec -112068 quick_dec -0 nack_dec -157700
Flow Uec_172_44 flowId 148 uecSrc 147 finished at 787.016 total messages 1 total packets 490 RTS 0 total bytes 2002140 in_flight now 0 fair_inc 70415 prop_inc 5104 fast_inc 0 eta_inc 31588 multi_dec -124178 quick_dec -0 nack_dec -157700
Flow Uec_214_86 flowId 7 uecSrc 6 finished at 795.468 total messages 1 total packets 490 RTS 0 total bytes 2002140 in_flight now 0 fair_inc 55583 prop_inc 28798 fast_inc 0 eta_inc 28608 multi_dec -107066 quick_dec -0 nack_dec -124500
Flow Uec_213_85 flowId 14 uecSrc 13 finished at 797.128 total messages 1 total packets 490 RTS 0 total bytes 2002140 in_flight now 0 fair_inc 52735 prop_inc 30798 fast_inc 0 eta_inc 25628 multi_dec -29515 quick_dec -73007 nack_dec -136950
Flow Uec_175_47 flowId 133 uecSrc 132 finished at 812.409 total messages 1 total packets 491 RTS 1 total bytes 2002140 in_flight now 0 fair_inc 76325 prop_inc 9617 fast_inc 0 eta_inc 35760 multi_dec -134121 quick_dec -0 nack_dec -157700
Flow Uec_216_88 flowId 100 uecSrc 99 finished at 849.344 total messages 1 total packets 490 RTS 0 total bytes 2002140 in_flight now 0 fair_inc 45397 prop_inc 39263 fast_inc 83321 eta_inc 29800 multi_dec -107639 quick_dec -1263 nack_dec -132800
Flow Uec_154_26 flowId 77 uecSrc 76 finished at 974.254 total messages 1 total packets 490 RTS 0 total bytes 2002140 in_flight now 0 fair_inc 82528 prop_inc 28757 fast_inc 0 eta_inc 25628 multi_dec -53638 quick_dec -99947 nack_dec -136950
Flow Uec_156_28 flowId 130 uecSrc 129 finished at 976.075 total messages 1 total packets 490 RTS 0 total bytes 2002140 in_flight now 0 fair_inc 131924 prop_inc 26090 fast_inc 0 eta_inc 28012 multi_dec -45964 quick_dec -115625 nack_dec -120350
Flow Uec_155_27 flowId 10 uecSrc 9 finished at 1017.27 total messages 1 total packets 491 RTS 1 total bytes 2002140 in_flight now 0 fair_inc 54976 prop_inc 52471 fast_inc 0 eta_inc 36356 multi_dec -109288 quick_dec -9604 nack_dec -145250
.Done
New: 81340 Rtx: 3023 RTS: 162 Bounced: 0 ACKs: 63672 NACKs: 2505 Pulls: 0 sleek_pkts: 0
