traffic matrix input file: connection_matrices/load_sweep/load0.75_n256_seed5.cm
Load balancing algorithm set to reps
no_of_nodes 256
Dragonfly+ strategy: FPAR
Setting queuesize to 50 packets
endtime(us) 100000
random seed 5
Packet size (MTU) is 4150
Parsed args
Logging to reps_dfp_results/reps_final_sweep/load0.75_reps_seed5.dat
Loading connection matrix from connection_matrices/load_sweep/load0.75_n256_seed5.cm
Nodes: 256 Connections: 192 Triggers: 0 Failures: 0
Setting ECN low 33200 high 120350
Dragonfly+ with medium topology type
Link latencies: 1 and switch latencies: 0
queue_id 2 ecn_low 33200 ecn_high 120350
DragonFly+ constructor done, 392 nodes created
Note: topology supports 392 hosts; 136 host port(s) will be unused.
network_max_unloaded_rtt 11.6856 us
Setting min RTO to 114.6
Per-hop RTT normalization: ON (strategy fpar)
Initializing static NSCC parameters: _reference_network_linkspeed=100000000000 _reference_network_rtt=12000000 _reference_network_bdp=150000 _target_Qdelay=8764200 _network_linkspeed=100000000000 _network_rtt=11685600 _network_bdp=146070 _qa_gate=2^3 _qa_threshold=3.50568e+07 _scaling_factor_a=0.9738 _scaling_factor_b=0.73035 _alpha=0.00132632 _fi=19894.7 _eta=596.842 _qa_scaling=1 _gamma=0.8 _fi_scale=0.24345 _delay_alpha=0.0125 _adjust_period_threshold=11685600 _adjust_bytes_threshold=33200
Initialize per-instance NSCC parameters: flowid 1 _base_rtt=11685600 _base_bdp=146070 _bdp=146070 _min_cwnd=4150 _maxwnd=219105 _cwnd=219105
Initialize per-instance NSCC parameters: flowid 2 _base_rtt=11685600 _base_bdp=146070 _bdp=146070 _min_cwnd=4150 _maxwnd=219105 _cwnd=219105
Initialize per-instance NSCC parameters: flowid 3 _base_rtt=11685600 _base_bdp=146070 _bdp=146070 _min_cwnd=4150 _maxwnd=219105 _cwnd=219105
Initialize per-instance NSCC parameters: flowid 4 _base_rtt=11685600 _base_bdp=146070 _bdp=146070 _min_cwnd=4150 _maxwnd=219105 _cwnd=219105
Initialize per-instance NSCC parameters: flowid 5 _base_rtt=11685600 _base_bdp=146070 _bdp=146070 _min_cwnd=4150 _maxwnd=219105 _cwnd=219105
Initialize per-instance NSCC parameters: flowid 6 _base_rtt=11685600 _base_bdp=146070 _bdp=146070 _min_cwnd=4150 _maxwnd=219105 _cwnd=219105
Initialize per-instance NSCC parameters: flowid 7 _base_rtt=11685600 _base_bdp=146070 _bdp=146070 _min_cwnd=4150 _maxwnd=219105 _cwnd=219105
Initialize per-instance NSCC parameters: flowid 8 _base_rtt=11685600 _base_bdp=146070 _bdp=146070 _min_cwnd=4150 _maxwnd=219105 _cwnd=219105
Initialize per-instance NSCC parameters: flowid 9 _base_rtt=11685600 _base_bdp=146070 _bdp=146070 _min_cwnd=4150 _maxwnd=219105 _cwnd=219105
Initialize per-instance NSCC parameters: flowid 10 _base_rtt=11685600 _base_bdp=146070 _bdp=146070 _min_cwnd=4150 _maxwnd=219105 _cwnd=219105
Initialize per-instance NSCC parameters: flowid 11 _base_rtt=11685600 _base_bdp=146070 _bdp=146070 _min_cwnd=4150 _maxwnd=219105 _cwnd=219105
Initialize per-instance NSCC parameters: flowid 12 _base_rtt=11685600 _base_bdp=146070 _bdp=146070 _min_cwnd=4150 _maxwnd=219105 _cwnd=219105
Initialize per-instance NSCC parameters: flowid 13 _base_rtt=11685600 _base_bdp=146070 _bdp=146070 _min_cwnd=4150 _maxwnd=219105 _cwnd=219105
Initialize per-instance NSCC parameters: flowid 14 _base_rtt=11685600 _base_bdp=146070 _bdp=146070 _min_cwnd=4150 _maxwnd=219105 _cwnd=219105
Initialize per-instance NSCC parameters: flowid 15 _base_rtt=11685600 _base_bdp=146070 _bdp=146070 _min_cwnd=4150 _maxwnd=219105 _cwnd=219105
Initialize per-instance NSCC parameters: flowid 16 _base_rtt=11685600 _base_bdp=146070 _bdp=146070 _min_cwnd=4150 _maxwnd=219105 _cwnd=219105
Initialize per-instance NSCC parameters: flowid 17 _base_rtt=11685600 _base_bdp=146070 _bdp=146070 _min_cwnd=4150 _maxwnd=219105 _cwnd=219105
Initialize per-instance NSCC parameters: flowid 18 _base_rtt=11685600 _base_bdp=146070 _bdp=146070 _min_cwnd=4150 _maxwnd=219105 _cwnd=219105
Initialize per-instance NSCC parameters: flowid 19 _base_rtt=11685600 _base_bdp=146070 _bdp=146070 _min_cwnd=4150 _maxwnd=219105 _cwnd=219105
Initialize per-instance NSCC parameters: flowid 20 _base_rtt=11685600 _base_bdp=146070 _bdp=146070 _min_cwnd=4150 _maxwnd=219105 _cwnd=219105
Initialize per-instance NSCC parameters: flowid 21 _base_rtt=11685600 _base_bdp=146070 _bdp=146070 _min_cwnd=4150 _maxwnd=219105 _cwnd=219105
Initialize per-instance NSCC parameters: flowid 22 _base_rtt=11685600 _base_bdp=146070 _bdp=146070 _min_cwnd=4150 _maxwnd=219105 _cwnd=219105
Initialize per-instance NSCC parameters: flowid 23 _base_rtt=11685600 _base_bdp=146070 _bdp=146070 _min_cwnd=4150 _maxwnd=219105 _cwnd=219105
Initialize per-instance NSCC parameters: flowid 24 _base_rtt=11685600 _base_bdp=146070 _bdp=146070 _min_cwnd=4150 _maxwnd=219105 _cwnd=219105
Initialize per-instance NSCC parameters: flowid 25 _base_rtt=11685600 _base_bdp=146070 _bdp=146070 _min_cwnd=4150 _maxwnd=219105 _cwnd=219105
Initialize per-instance NSCC parameters: flowid 26 _base_rtt=11685600 _base_bdp=146070 _bdp=146070 _min_cwnd=4150 _maxwnd=219105 _cwnd=219105
Initialize per-instance NSCC parameters: flowid 27 _base_rtt=11685600 _base_bdp=146070 _bdp=146070 _min_cwnd=4150 _maxwnd=219105 _cwnd=219105
Initialize per-instance NSCC parameters: flowid 28 _base_rtt=11685600 _base_bdp=146070 _bdp=146070 _min_cwnd=4150 _maxwnd=219105 _cwnd=219105
Initialize per-instance NSCC parameters: flowid 29 _base_rtt=11685600 _base_bdp=146070 _bdp=146070 _min_cwnd=4150 _maxwnd=219105 _cwnd=219105
Initialize per-instance NSCC parameters: flowid 30 _base_rtt=11685600 _base_bdp=146070 _bdp=146070 _min_cwnd=4150 _maxwnd=219105 _cwnd=219105
Initialize per-instance NSCC parameters: flowid 31 _base_rtt=11685600 _base_bdp=146070 _bdp=146070 _min_cwnd=4150 _maxwnd=219105 _cwnd=219105
Initialize per-instance NSCC parameters: flowid 32 _base_rtt=11685600 _base_bdp=146070 _bdp=146070 _min_cwnd=4150 _maxwnd=219105 _cwnd=219105
Initialize per-instance NSCC parameters: flowid 33 _base_rtt=11685600 _base_bdp=146070 _bdp=146070 _min_cwnd=4150 _maxwnd=219105 _cwnd=219105
Initialize per-instance NSCC parameters: flowid 34 _base_rtt=11685600 _base_bdp=146070 _bdp=146070 _min_cwnd=4150 _maxwnd=219105 _cwnd=219105
Initialize per-instance NSCC parameters: flowid 35 _base_rtt=11685600 _base_bdp=146070 _bdp=146070 _min_cwnd=4150 _maxwnd=219105 _cwnd=219105
Initialize per-instance NSCC parameters: flowid 36 _base_rtt=11685600 _base_bdp=146070 _bdp=146070 _min_cwnd=4150 _maxwnd=219105 _cwnd=219105
Initialize per-instance NSCC parameters: flowid 37 _base_rtt=11685600 _base_bdp=146070 _bdp=146070 _min_cwnd=4150 _maxwnd=219105 _cwnd=219105
Initialize per-instance NSCC parameters: flowid 38 _base_rtt=11685600 _base_bdp=146070 _bdp=146070 _min_cwnd=4150 _maxwnd=219105 _cwnd=219105
Initialize per-instance NSCC parameters: flowid 39 _base_rtt=11685600 _base_bdp=146070 _bdp=146070 _min_cwnd=4150 _maxwnd=219105 _cwnd=219105
Initialize per-instance NSCC parameters: flowid 40 _base_rtt=11685600 _base_bdp=146070 _bdp=146070 _min_cwnd=4150 _maxwnd=219105 _cwnd=219105
Initialize per-instance NSCC parameters: flowid 41 _base_rtt=11685600 _base_bdp=146070 _bdp=146070 _min_cwnd=4150 _maxwnd=219105 _cwnd=219105
Initialize per-instance NSCC parameters: flowid 42 _base_rtt=11685600 _base_bdp=146070 _bdp=146070 _min_cwnd=4150 _maxwnd=219105 _cwnd=219105
Initialize per-instance NSCC parameters: flowid 43 _base_rtt=11685600 _base_bdp=146070 _bdp=146070 _min_cwnd=4150 _maxwnd=219105 _cwnd=219105
Initialize per-instance NSCC parameters: flowid 44 _base_rtt=11685600 _base_bdp=146070 _bdp=146070 _min_cwnd=4150 _maxwnd=219105 _cwnd=219105
Initialize per-instance NSCC parameters: flowid 45 _base_rtt=11685600 _base_bdp=146070 _bdp=146070 _min_cwnd=4150 _maxwnd=219105 _cwnd=219105
Initialize per-instance NSCC parameters: flowid 46 _base_rtt=11685600 _base_bdp=146070 _bdp=146070 _min_cwnd=4150 _maxwnd=219105 _cwnd=219105
Initialize per-instance NSCC parameters: flowid 47 _base_rtt=11685600 _base_bdp=146070 _bdp=146070 _min_cwnd=4150 _maxwnd=219105 _cwnd=219105
Initialize per-instance NSCC parameters: flowid 48 _base_rtt=11685600 _base_bdp=146070 _bdp=146070 _min_cwnd=4150 _maxwnd=219105 _cwnd=219105
Initialize per-instance NSCC parameters: flowid 49 _base_rtt=11685600 _base_bdp=146070 _bdp=146070 _min_cwnd=4150 _maxwnd=219105 _cwnd=219105
Initialize per-instance NSCC parameters: flowid 50 _base_rtt=11685600 _base_bdp=146070 _bdp=146070 _min_cwnd=4150 _maxwnd=219105 _cwnd=219105
Initialize per-instance NSCC parameters: flowid 51 _base_rtt=11685600 _base_bdp=146070 _bdp=146070 _min_cwnd=4150 _maxwnd=219105 _cwnd=219105
Initialize per-instance NSCC parameters: flowid 52 _base_rtt=11685600 _base_bdp=146070 _bdp=146070 _min_cwnd=4150 _maxwnd=219105 _cwnd=219105
Initialize per-instance NSCC parameters: flowid 53 _base_rtt=11685600 _base_bdp=146070 _bdp=146070 _min_cwnd=4150 _maxwnd=219105 _cwnd=219105
Initialize per-instance NSCC parameters: flowid 54 _base_rtt=11685600 _base_bdp=146070 _bdp=146070 _min_cwnd=4150 _maxwnd=219105 _cwnd=219105
Initialize per-instance NSCC parameters: flowid 55 _base_rtt=11685600 _base_bdp=146070 _bdp=146070 _min_cwnd=4150 _maxwnd=219105 _cwnd=219105
Initialize per-instance NSCC parameters: flowid 56 _base_rtt=11685600 _base_bdp=146070 _bdp=146070 _min_cwnd=4150 _maxwnd=219105 _cwnd=219105
Initialize per-instance NSCC parameters: flowid 57 _base_rtt=11685600 _base_bdp=146070 _bdp=146070 _min_cwnd=4150 _maxwnd=219105 _cwnd=219105
Initialize per-instance NSCC parameters: flowid 58 _base_rtt=11685600 _base_bdp=146070 _bdp=146070 _min_cwnd=4150 _maxwnd=219105 _cwnd=219105
Initialize per-instance NSCC parameters: flowid 59 _base_rtt=11685600 _base_bdp=146070 _bdp=146070 _min_cwnd=4150 _maxwnd=219105 _cwnd=219105
Initialize per-instance NSCC parameters: flowid 60 _base_rtt=11685600 _base_bdp=146070 _bdp=146070 _min_cwnd=4150 _maxwnd=219105 _cwnd=219105
Initialize per-instance NSCC parameters: flowid 61 _base_rtt=11685600 _base_bdp=146070 _bdp=146070 _min_cwnd=4150 _maxwnd=219105 _cwnd=219105
Initialize per-instance NSCC parameters: flowid 62 _base_rtt=11685600 _base_bdp=146070 _bdp=146070 _min_cwnd=4150 _maxwnd=219105 _cwnd=219105
Initialize per-instance NSCC parameters: flowid 63 _base_rtt=11685600 _base_bdp=146070 _bdp=146070 _min_cwnd=4150 _maxwnd=219105 _cwnd=219105
Initialize per-instance NSCC parameters: flowid 64 _base_rtt=11685600 _base_bdp=146070 _bdp=146070 _min_cwnd=4150 _maxwnd=219105 _cwnd=219105
Initialize per-instance NSCC parameters: flowid 65 _base_rtt=11685600 _base_bdp=146070 _bdp=146070 _min_cwnd=4150 _maxwnd=219105 _cwnd=219105
Initialize per-instance NSCC parameters: flowid 66 _base_rtt=11685600 _base_bdp=146070 _bdp=146070 _min_cwnd=4150 _maxwnd=219105 _cwnd=219105
Initialize per-instance NSCC parameters: flowid 67 _base_rtt=11685600 _base_bdp=146070 _bdp=146070 _min_cwnd=4150 _maxwnd=219105 _cwnd=219105
Initialize per-instance NSCC parameters: flowid 68 _base_rtt=11685600 _base_bdp=146070 _bdp=146070 _min_cwnd=4150 _maxwnd=219105 _cwnd=219105
Initialize per-instance NSCC parameters: flowid 69 _base_rtt=11685600 _base_bdp=146070 _bdp=146070 _min_cwnd=4150 _maxwnd=219105 _cwnd=219105
Initialize per-instance NSCC parameters: flowid 70 _base_rtt=11685600 _base_bdp=146070 _bdp=146070 _min_cwnd=4150 _maxwnd=219105 _cwnd=219105
Initialize per-instance NSCC parameters: flowid 71 _base_rtt=11685600 _base_bdp=146070 _bdp=146070 _min_cwnd=4150 _maxwnd=219105 _cwnd=219105
Initialize per-instance NSCC parameters: flowid 72 _base_rtt=11685600 _base_bdp=146070 _bdp=146070 _min_cwnd=4150 _maxwnd=219105 _cwnd=219105
Initialize per-instance NSCC parameters: flowid 73 _base_rtt=11685600 _base_bdp=146070 _bdp=146070 _min_cwnd=4150 _maxwnd=219105 _cwnd=219105
Initialize per-instance NSCC parameters: flowid 74 _base_rtt=11685600 _base_bdp=146070 _bdp=146070 _min_cwnd=4150 _maxwnd=219105 _cwnd=219105
Initialize per-instance NSCC parameters: flowid 75 _base_rtt=11685600 _base_bdp=146070 _bdp=146070 _min_cwnd=4150 _maxwnd=219105 _cwnd=219105
Initialize per-instance NSCC parameters: flowid 76 _base_rtt=11685600 _base_bdp=146070 _bdp=146070 _min_cwnd=4150 _maxwnd=219105 _cwnd=219105
Initialize per-instance NSCC parameters: flowid 77 _base_rtt=11685600 _base_bdp=146070 _bdp=146070 _min_cwnd=4150 _maxwnd=219105 _cwnd=219105
Initialize per-instance NSCC parameters: flowid 78 _base_rtt=11685600 _base_bdp=146070 _bdp=146070 _min_cwnd=4150 _maxwnd=219105 _cwnd=219105
Initialize per-instance NSCC parameters: flowid 79 _base_rtt=11685600 _base_bdp=146070 _bdp=146070 _min_cwnd=4150 _maxwnd=219105 _cwnd=219105
Initialize per-instance NSCC parameters: flowid 80 _base_rtt=11685600 _base_bdp=146070 _bdp=146070 _min_cwnd=4150 _maxwnd=219105 _cwnd=219105
Initialize per-instance NSCC parameters: flowid 81 _base_rtt=11685600 _base_bdp=146070 _bdp=146070 _min_cwnd=4150 _maxwnd=219105 _cwnd=219105
Initialize per-instance NSCC parameters: flowid 82 _base_rtt=11685600 _base_bdp=146070 _bdp=146070 _min_cwnd=4150 _maxwnd=219105 _cwnd=219105
Initialize per-instance NSCC parameters: flowid 83 _base_rtt=11685600 _base_bdp=146070 _bdp=146070 _min_cwnd=4150 _maxwnd=219105 _cwnd=219105
Initialize per-instance NSCC parameters: flowid 84 _base_rtt=11685600 _base_bdp=146070 _bdp=146070 _min_cwnd=4150 _maxwnd=219105 _cwnd=219105
Initialize per-instance NSCC parameters: flowid 85 _base_rtt=11685600 _base_bdp=146070 _bdp=146070 _min_cwnd=4150 _maxwnd=219105 _cwnd=219105
Initialize per-instance NSCC parameters: flowid 86 _base_rtt=11685600 _base_bdp=146070 _bdp=146070 _min_cwnd=4150 _maxwnd=219105 _cwnd=219105
Initialize per-instance NSCC parameters: flowid 87 _base_rtt=11685600 _base_bdp=146070 _bdp=146070 _min_cwnd=4150 _maxwnd=219105 _cwnd=219105
Initialize per-instance NSCC parameters: flowid 88 _base_rtt=11685600 _base_bdp=146070 _bdp=146070 _min_cwnd=4150 _maxwnd=219105 _cwnd=219105
Initialize per-instance NSCC parameters: flowid 89 _base_rtt=11685600 _base_bdp=146070 _bdp=146070 _min_cwnd=4150 _maxwnd=219105 _cwnd=219105
Initialize per-instance NSCC parameters: flowid 90 _base_rtt=11685600 _base_bdp=146070 _bdp=146070 _min_cwnd=4150 _maxwnd=219105 _cwnd=219105
Initialize per-instance NSCC parameters: flowid 91 _base_rtt=11685600 _base_bdp=146070 _bdp=146070 _min_cwnd=4150 _maxwnd=219105 _cwnd=219105
Initialize per-instance NSCC parameters: flowid 92 _base_rtt=11685600 _base_bdp=146070 _bdp=146070 _min_cwnd=4150 _maxwnd=219105 _cwnd=219105
Initialize per-instance NSCC parameters: flowid 93 _base_rtt=11685600 _base_bdp=146070 _bdp=146070 _min_cwnd=4150 _maxwnd=219105 _cwnd=219105
Initialize per-instance NSCC parameters: flowid 94 _base_rtt=11685600 _base_bdp=146070 _bdp=146070 _min_cwnd=4150 _maxwnd=219105 _cwnd=219105
Initialize per-instance NSCC parameters: flowid 95 _base_rtt=11685600 _base_bdp=146070 _bdp=146070 _min_cwnd=4150 _maxwnd=219105 _cwnd=219105
Initialize per-instance NSCC parameters: flowid 96 _base_rtt=11685600 _base_bdp=146070 _bdp=146070 _min_cwnd=4150 _maxwnd=219105 _cwnd=219105
Initialize per-instance NSCC parameters: flowid 97 _base_rtt=11685600 _base_bdp=146070 _bdp=146070 _min_cwnd=4150 _maxwnd=219105 _cwnd=219105
Initialize per-instance NSCC parameters: flowid 98 _base_rtt=11685600 _base_bdp=146070 _bdp=146070 _min_cwnd=4150 _maxwnd=219105 _cwnd=219105
Initialize per-instance NSCC parameters: flowid 99 _base_rtt=11685600 _base_bdp=146070 _bdp=146070 _min_cwnd=4150 _maxwnd=219105 _cwnd=219105
Initialize per-instance NSCC parameters: flowid 100 _base_rtt=11685600 _base_bdp=146070 _bdp=146070 _min_cwnd=4150 _maxwnd=219105 _cwnd=219105
Initialize per-instance NSCC parameters: flowid 101 _base_rtt=11685600 _base_bdp=146070 _bdp=146070 _min_cwnd=4150 _maxwnd=219105 _cwnd=219105
Initialize per-instance NSCC parameters: flowid 102 _base_rtt=11685600 _base_bdp=146070 _bdp=146070 _min_cwnd=4150 _maxwnd=219105 _cwnd=219105
Initialize per-instance NSCC parameters: flowid 103 _base_rtt=11685600 _base_bdp=146070 _bdp=146070 _min_cwnd=4150 _maxwnd=219105 _cwnd=219105
Initialize per-instance NSCC parameters: flowid 104 _base_rtt=11685600 _base_bdp=146070 _bdp=146070 _min_cwnd=4150 _maxwnd=219105 _cwnd=219105
Initialize per-instance NSCC parameters: flowid 105 _base_rtt=11685600 _base_bdp=146070 _bdp=146070 _min_cwnd=4150 _maxwnd=219105 _cwnd=219105
Initialize per-instance NSCC parameters: flowid 106 _base_rtt=11685600 _base_bdp=146070 _bdp=146070 _min_cwnd=4150 _maxwnd=219105 _cwnd=219105
Initialize per-instance NSCC parameters: flowid 107 _base_rtt=11685600 _base_bdp=146070 _bdp=146070 _min_cwnd=4150 _maxwnd=219105 _cwnd=219105
Initialize per-instance NSCC parameters: flowid 108 _base_rtt=11685600 _base_bdp=146070 _bdp=146070 _min_cwnd=4150 _maxwnd=219105 _cwnd=219105
Initialize per-instance NSCC parameters: flowid 109 _base_rtt=11685600 _base_bdp=146070 _bdp=146070 _min_cwnd=4150 _maxwnd=219105 _cwnd=219105
Initialize per-instance NSCC parameters: flowid 110 _base_rtt=11685600 _base_bdp=146070 _bdp=146070 _min_cwnd=4150 _maxwnd=219105 _cwnd=219105
Initialize per-instance NSCC parameters: flowid 111 _base_rtt=11685600 _base_bdp=146070 _bdp=146070 _min_cwnd=4150 _maxwnd=219105 _cwnd=219105
Initialize per-instance NSCC parameters: flowid 112 _base_rtt=11685600 _base_bdp=146070 _bdp=146070 _min_cwnd=4150 _maxwnd=219105 _cwnd=219105
Initialize per-instance NSCC parameters: flowid 113 _base_rtt=11685600 _base_bdp=146070 _bdp=146070 _min_cwnd=4150 _maxwnd=219105 _cwnd=219105
Initialize per-instance NSCC parameters: flowid 114 _base_rtt=11685600 _base_bdp=146070 _bdp=146070 _min_cwnd=4150 _maxwnd=219105 _cwnd=219105
Initialize per-instance NSCC parameters: flowid 115 _base_rtt=11685600 _base_bdp=146070 _bdp=146070 _min_cwnd=4150 _maxwnd=219105 _cwnd=219105
Initialize per-instance NSCC parameters: flowid 116 _base_rtt=11685600 _base_bdp=146070 _bdp=146070 _min_cwnd=4150 _maxwnd=219105 _cwnd=219105
Initialize per-instance NSCC parameters: flowid 117 _base_rtt=11685600 _base_bdp=146070 _bdp=146070 _min_cwnd=4150 _maxwnd=219105 _cwnd=219105
Initialize per-instance NSCC parameters: flowid 118 _base_rtt=11685600 _base_bdp=146070 _bdp=146070 _min_cwnd=4150 _maxwnd=219105 _cwnd=219105
Initialize per-instance NSCC parameters: flowid 119 _base_rtt=11685600 _base_bdp=146070 _bdp=146070 _min_cwnd=4150 _maxwnd=219105 _cwnd=219105
Initialize per-instance NSCC parameters: flowid 120 _base_rtt=11685600 _base_bdp=146070 _bdp=146070 _min_cwnd=4150 _maxwnd=219105 _cwnd=219105
Initialize per-instance NSCC parameters: flowid 121 _base_rtt=11685600 _base_bdp=146070 _bdp=146070 _min_cwnd=4150 _maxwnd=219105 _cwnd=219105
Initialize per-instance NSCC parameters: flowid 122 _base_rtt=11685600 _base_bdp=146070 _bdp=146070 _min_cwnd=4150 _maxwnd=219105 _cwnd=219105
Initialize per-instance NSCC parameters: flowid 123 _base_rtt=11685600 _base_bdp=146070 _bdp=146070 _min_cwnd=4150 _maxwnd=219105 _cwnd=219105
Initialize per-instance NSCC parameters: flowid 124 _base_rtt=11685600 _base_bdp=146070 _bdp=146070 _min_cwnd=4150 _maxwnd=219105 _cwnd=219105
Initialize per-instance NSCC parameters: flowid 125 _base_rtt=11685600 _base_bdp=146070 _bdp=146070 _min_cwnd=4150 _maxwnd=219105 _cwnd=219105
Initialize per-instance NSCC parameters: flowid 126 _base_rtt=11685600 _base_bdp=146070 _bdp=146070 _min_cwnd=4150 _maxwnd=219105 _cwnd=219105
Initialize per-instance NSCC parameters: flowid 127 _base_rtt=11685600 _base_bdp=146070 _bdp=146070 _min_cwnd=4150 _maxwnd=219105 _cwnd=219105
Initialize per-instance NSCC parameters: flowid 128 _base_rtt=11685600 _base_bdp=146070 _bdp=146070 _min_cwnd=4150 _maxwnd=219105 _cwnd=219105
Initialize per-instance NSCC parameters: flowid 129 _base_rtt=11685600 _base_bdp=146070 _bdp=146070 _min_cwnd=4150 _maxwnd=219105 _cwnd=219105
Initialize per-instance NSCC parameters: flowid 130 _base_rtt=11685600 _base_bdp=146070 _bdp=146070 _min_cwnd=4150 _maxwnd=219105 _cwnd=219105
Initialize per-instance NSCC parameters: flowid 131 _base_rtt=11685600 _base_bdp=146070 _bdp=146070 _min_cwnd=4150 _maxwnd=219105 _cwnd=219105
Initialize per-instance NSCC parameters: flowid 132 _base_rtt=11685600 _base_bdp=146070 _bdp=146070 _min_cwnd=4150 _maxwnd=219105 _cwnd=219105
Initialize per-instance NSCC parameters: flowid 133 _base_rtt=11685600 _base_bdp=146070 _bdp=146070 _min_cwnd=4150 _maxwnd=219105 _cwnd=219105
Initialize per-instance NSCC parameters: flowid 134 _base_rtt=11685600 _base_bdp=146070 _bdp=146070 _min_cwnd=4150 _maxwnd=219105 _cwnd=219105
Initialize per-instance NSCC parameters: flowid 135 _base_rtt=11685600 _base_bdp=146070 _bdp=146070 _min_cwnd=4150 _maxwnd=219105 _cwnd=219105
Initialize per-instance NSCC parameters: flowid 136 _base_rtt=11685600 _base_bdp=146070 _bdp=146070 _min_cwnd=4150 _maxwnd=219105 _cwnd=219105
Initialize per-instance NSCC parameters: flowid 137 _base_rtt=11685600 _base_bdp=146070 _bdp=146070 _min_cwnd=4150 _maxwnd=219105 _cwnd=219105
Initialize per-instance NSCC parameters: flowid 138 _base_rtt=11685600 _base_bdp=146070 _bdp=146070 _min_cwnd=4150 _maxwnd=219105 _cwnd=219105
Initialize per-instance NSCC parameters: flowid 139 _base_rtt=11685600 _base_bdp=146070 _bdp=146070 _min_cwnd=4150 _maxwnd=219105 _cwnd=219105
Initialize per-instance NSCC parameters: flowid 140 _base_rtt=11685600 _base_bdp=146070 _bdp=146070 _min_cwnd=4150 _maxwnd=219105 _cwnd=219105
Initialize per-instance NSCC parameters: flowid 141 _base_rtt=11685600 _base_bdp=146070 _bdp=146070 _min_cwnd=4150 _maxwnd=219105 _cwnd=219105
Initialize per-instance NSCC parameters: flowid 142 _base_rtt=11685600 _base_bdp=146070 _bdp=146070 _min_cwnd=4150 _maxwnd=219105 _cwnd=219105
Initialize per-instance NSCC parameters: flowid 143 _base_rtt=11685600 _base_bdp=146070 _bdp=146070 _min_cwnd=4150 _maxwnd=219105 _cwnd=219105
Initialize per-instance NSCC parameters: flowid 144 _base_rtt=11685600 _base_bdp=146070 _bdp=146070 _min_cwnd=4150 _maxwnd=219105 _cwnd=219105
Initialize per-instance NSCC parameters: flowid 145 _base_rtt=11685600 _base_bdp=146070 _bdp=146070 _min_cwnd=4150 _maxwnd=219105 _cwnd=219105
Initialize per-instance NSCC parameters: flowid 146 _base_rtt=11685600 _base_bdp=146070 _bdp=146070 _min_cwnd=4150 _maxwnd=219105 _cwnd=219105
Initialize per-instance NSCC parameters: flowid 147 _base_rtt=11685600 _base_bdp=146070 _bdp=146070 _min_cwnd=4150 _maxwnd=219105 _cwnd=219105
Initialize per-instance NSCC parameters: flowid 148 _base_rtt=11685600 _base_bdp=146070 _bdp=146070 _min_cwnd=4150 _maxwnd=219105 _cwnd=219105
Initialize per-instance NSCC parameters: flowid 149 _base_rtt=11685600 _base_bdp=146070 _bdp=146070 _min_cwnd=4150 _maxwnd=219105 _cwnd=219105
Initialize per-instance NSCC parameters: flowid 150 _base_rtt=11685600 _base_bdp=146070 _bdp=146070 _min_cwnd=4150 _maxwnd=219105 _cwnd=219105
Initialize per-instance NSCC parameters: flowid 151 _base_rtt=11685600 _base_bdp=146070 _bdp=146070 _min_cwnd=4150 _maxwnd=219105 _cwnd=219105
Initialize per-instance NSCC parameters: flowid 152 _base_rtt=11685600 _base_bdp=146070 _bdp=146070 _min_cwnd=4150 _maxwnd=219105 _cwnd=219105
Initialize per-instance NSCC parameters: flowid 153 _base_rtt=11685600 _base_bdp=146070 _bdp=146070 _min_cwnd=4150 _maxwnd=219105 _cwnd=219105
Initialize per-instance NSCC parameters: flowid 154 _base_rtt=11685600 _base_bdp=146070 _bdp=146070 _min_cwnd=4150 _maxwnd=219105 _cwnd=219105
Initialize per-instance NSCC parameters: flowid 155 _base_rtt=11685600 _base_bdp=146070 _bdp=146070 _min_cwnd=4150 _maxwnd=219105 _cwnd=219105
Initialize per-instance NSCC parameters: flowid 156 _base_rtt=11685600 _base_bdp=146070 _bdp=146070 _min_cwnd=4150 _maxwnd=219105 _cwnd=219105
Initialize per-instance NSCC parameters: flowid 157 _base_rtt=11685600 _base_bdp=146070 _bdp=146070 _min_cwnd=4150 _maxwnd=219105 _cwnd=219105
Initialize per-instance NSCC parameters: flowid 158 _base_rtt=11685600 _base_bdp=146070 _bdp=146070 _min_cwnd=4150 _maxwnd=219105 _cwnd=219105
Initialize per-instance NSCC parameters: flowid 159 _base_rtt=11685600 _base_bdp=146070 _bdp=146070 _min_cwnd=4150 _maxwnd=219105 _cwnd=219105
Initialize per-instance NSCC parameters: flowid 160 _base_rtt=11685600 _base_bdp=146070 _bdp=146070 _min_cwnd=4150 _maxwnd=219105 _cwnd=219105
Initialize per-instance NSCC parameters: flowid 161 _base_rtt=11685600 _base_bdp=146070 _bdp=146070 _min_cwnd=4150 _maxwnd=219105 _cwnd=219105
Initialize per-instance NSCC parameters: flowid 162 _base_rtt=11685600 _base_bdp=146070 _bdp=146070 _min_cwnd=4150 _maxwnd=219105 _cwnd=219105
Initialize per-instance NSCC parameters: flowid 163 _base_rtt=11685600 _base_bdp=146070 _bdp=146070 _min_cwnd=4150 _maxwnd=219105 _cwnd=219105
Initialize per-instance NSCC parameters: flowid 164 _base_rtt=11685600 _base_bdp=146070 _bdp=146070 _min_cwnd=4150 _maxwnd=219105 _cwnd=219105
Initialize per-instance NSCC parameters: flowid 165 _base_rtt=11685600 _base_bdp=146070 _bdp=146070 _min_cwnd=4150 _maxwnd=219105 _cwnd=219105
Initialize per-instance NSCC parameters: flowid 166 _base_rtt=11685600 _base_bdp=146070 _bdp=146070 _min_cwnd=4150 _maxwnd=219105 _cwnd=219105
Initialize per-instance NSCC parameters: flowid 167 _base_rtt=11685600 _base_bdp=146070 _bdp=146070 _min_cwnd=4150 _maxwnd=219105 _cwnd=219105
Initialize per-instance NSCC parameters: flowid 168 _base_rtt=11685600 _base_bdp=146070 _bdp=146070 _min_cwnd=4150 _maxwnd=219105 _cwnd=219105
Initialize per-instance NSCC parameters: flowid 169 _base_rtt=11685600 _base_bdp=146070 _bdp=146070 _min_cwnd=4150 _maxwnd=219105 _cwnd=219105
Initialize per-instance NSCC parameters: flowid 170 _base_rtt=11685600 _base_bdp=146070 _bdp=146070 _min_cwnd=4150 _maxwnd=219105 _cwnd=219105
Initialize per-instance NSCC parameters: flowid 171 _base_rtt=11685600 _base_bdp=146070 _bdp=146070 _min_cwnd=4150 _maxwnd=219105 _cwnd=219105
Initialize per-instance NSCC parameters: flowid 172 _base_rtt=11685600 _base_bdp=146070 _bdp=146070 _min_cwnd=4150 _maxwnd=219105 _cwnd=219105
Initialize per-instance NSCC parameters: flowid 173 _base_rtt=11685600 _base_bdp=146070 _bdp=146070 _min_cwnd=4150 _maxwnd=219105 _cwnd=219105
Initialize per-instance NSCC parameters: flowid 174 _base_rtt=11685600 _base_bdp=146070 _bdp=146070 _min_cwnd=4150 _maxwnd=219105 _cwnd=219105
Initialize per-instance NSCC parameters: flowid 175 _base_rtt=11685600 _base_bdp=146070 _bdp=146070 _min_cwnd=4150 _maxwnd=219105 _cwnd=219105
Initialize per-instance NSCC parameters: flowid 176 _base_rtt=11685600 _base_bdp=146070 _bdp=146070 _min_cwnd=4150 _maxwnd=219105 _cwnd=219105
Initialize per-instance NSCC parameters: flowid 177 _base_rtt=11685600 _base_bdp=146070 _bdp=146070 _min_cwnd=4150 _maxwnd=219105 _cwnd=219105
Initialize per-instance NSCC parameters: flowid 178 _base_rtt=11685600 _base_bdp=146070 _bdp=146070 _min_cwnd=4150 _maxwnd=219105 _cwnd=219105
Initialize per-instance NSCC parameters: flowid 179 _base_rtt=11685600 _base_bdp=146070 _bdp=146070 _min_cwnd=4150 _maxwnd=219105 _cwnd=219105
Initialize per-instance NSCC parameters: flowid 180 _base_rtt=11685600 _base_bdp=146070 _bdp=146070 _min_cwnd=4150 _maxwnd=219105 _cwnd=219105
Initialize per-instance NSCC parameters: flowid 181 _base_rtt=11685600 _base_bdp=146070 _bdp=146070 _min_cwnd=4150 _maxwnd=219105 _cwnd=219105
Initialize per-instance NSCC parameters: flowid 182 _base_rtt=11685600 _base_bdp=146070 _bdp=146070 _min_cwnd=4150 _maxwnd=219105 _cwnd=219105
Initialize per-instance NSCC parameters: flowid 183 _base_rtt=11685600 _base_bdp=146070 _bdp=146070 _min_cwnd=4150 _maxwnd=219105 _cwnd=219105
Initialize per-instance NSCC parameters: flowid 184 _base_rtt=11685600 _base_bdp=146070 _bdp=146070 _min_cwnd=4150 _maxwnd=219105 _cwnd=219105
Initialize per-instance NSCC parameters: flowid 185 _base_rtt=11685600 _base_bdp=146070 _bdp=146070 _min_cwnd=4150 _maxwnd=219105 _cwnd=219105
Initialize per-instance NSCC parameters: flowid 186 _base_rtt=11685600 _base_bdp=146070 _bdp=146070 _min_cwnd=4150 _maxwnd=219105 _cwnd=219105
Initialize per-instance NSCC parameters: flowid 187 _base_rtt=11685600 _base_bdp=146070 _bdp=146070 _min_cwnd=4150 _maxwnd=219105 _cwnd=219105
Initialize per-instance NSCC parameters: flowid 188 _base_rtt=11685600 _base_bdp=146070 _bdp=146070 _min_cwnd=4150 _maxwnd=219105 _cwnd=219105
Initialize per-instance NSCC parameters: flowid 189 _base_rtt=11685600 _base_bdp=146070 _bdp=146070 _min_cwnd=4150 _maxwnd=219105 _cwnd=219105
Initialize per-instance NSCC parameters: flowid 190 _base_rtt=11685600 _base_bdp=146070 _bdp=146070 _min_cwnd=4150 _maxwnd=219105 _cwnd=219105
Initialize per-instance NSCC parameters: flowid 191 _base_rtt=11685600 _base_bdp=146070 _bdp=146070 _min_cwnd=4150 _maxwnd=219105 _cwnd=219105
Initialize per-instance NSCC parameters: flowid 192 _base_rtt=11685600 _base_bdp=146070 _bdp=146070 _min_cwnd=4150 _maxwnd=219105 _cwnd=219105
Starting simulation
Flow Uec_89_217 flowId 1 uecSrc 0 starting at 0
Flow Uec_50_178 flowId 2 uecSrc 1 starting at 0
Flow Uec_107_235 flowId 3 uecSrc 2 starting at 0
Flow Uec_235_107 flowId 4 uecSrc 3 starting at 0
Flow Uec_228_100 flowId 5 uecSrc 4 starting at 0
Flow Uec_227_99 flowId 6 uecSrc 5 starting at 0
Flow Uec_6_134 flowId 7 uecSrc 6 starting at 0
Flow Uec_67_195 flowId 8 uecSrc 7 starting at 0
Flow Uec_190_62 flowId 9 uecSrc 8 starting at 0
Flow Uec_154_26 flowId 10 uecSrc 9 starting at 0
Flow Uec_216_88 flowId 11 uecSrc 10 starting at 0
Flow Uec_101_229 flowId 12 uecSrc 11 starting at 0
Flow Uec_200_72 flowId 13 uecSrc 12 starting at 0
Flow Uec_132_4 flowId 14 uecSrc 13 starting at 0
Flow Uec_188_60 flowId 15 uecSrc 14 starting at 0
Flow Uec_34_162 flowId 16 uecSrc 15 starting at 0
Flow Uec_167_39 flowId 17 uecSrc 16 starting at 0
Flow Uec_14_142 flowId 18 uecSrc 17 starting at 0
Flow Uec_102_230 flowId 19 uecSrc 18 starting at 0
Flow Uec_111_239 flowId 20 uecSrc 19 starting at 0
Flow Uec_51_179 flowId 21 uecSrc 20 starting at 0
Flow Uec_180_52 flowId 22 uecSrc 21 starting at 0
Flow Uec_226_98 flowId 23 uecSrc 22 starting at 0
Flow Uec_90_218 flowId 24 uecSrc 23 starting at 0
Flow Uec_251_123 flowId 25 uecSrc 24 starting at 0
Flow Uec_171_43 flowId 26 uecSrc 25 starting at 0
Flow Uec_173_45 flowId 27 uecSrc 26 starting at 0
Flow Uec_254_126 flowId 28 uecSrc 27 starting at 0
Flow Uec_46_174 flowId 29 uecSrc 28 starting at 0
Flow Uec_193_65 flowId 30 uecSrc 29 starting at 0
Flow Uec_248_120 flowId 31 uecSrc 30 starting at 0
Flow Uec_186_58 flowId 32 uecSrc 31 starting at 0
Flow Uec_45_173 flowId 33 uecSrc 32 starting at 0
Flow Uec_92_220 flowId 34 uecSrc 33 starting at 0
Flow Uec_58_186 flowId 35 uecSrc 34 starting at 0
Flow Uec_163_35 flowId 36 uecSrc 35 starting at 0
Flow Uec_16_144 flowId 37 uecSrc 36 starting at 0
Flow Uec_229_101 flowId 38 uecSrc 37 starting at 0
Flow Uec_139_11 flowId 39 uecSrc 38 starting at 0
Flow Uec_117_245 flowId 40 uecSrc 39 starting at 0
Flow Uec_170_42 flowId 41 uecSrc 40 starting at 0
Flow Uec_63_191 flowId 42 uecSrc 41 starting at 0
Flow Uec_44_172 flowId 43 uecSrc 42 starting at 0
Flow Uec_168_40 flowId 44 uecSrc 43 starting at 0
Flow Uec_109_237 flowId 45 uecSrc 44 starting at 0
Flow Uec_54_182 flowId 46 uecSrc 45 starting at 0
Flow Uec_126_254 flowId 47 uecSrc 46 starting at 0
Flow Uec_119_247 flowId 48 uecSrc 47 starting at 0
Flow Uec_20_148 flowId 49 uecSrc 48 starting at 0
Flow Uec_217_89 flowId 50 uecSrc 49 starting at 0
Flow Uec_71_199 flowId 51 uecSrc 50 starting at 0
Flow Uec_246_118 flowId 52 uecSrc 51 starting at 0
Flow Uec_28_156 flowId 53 uecSrc 52 starting at 0
Flow Uec_12_140 flowId 54 uecSrc 53 starting at 0
Flow Uec_37_165 flowId 55 uecSrc 54 starting at 0
Flow Uec_127_255 flowId 56 uecSrc 55 starting at 0
Flow Uec_110_238 flowId 57 uecSrc 56 starting at 0
Flow Uec_11_139 flowId 58 uecSrc 57 starting at 0
Flow Uec_237_109 flowId 59 uecSrc 58 starting at 0
Flow Uec_97_225 flowId 60 uecSrc 59 starting at 0
Flow Uec_243_115 flowId 61 uecSrc 60 starting at 0
Flow Uec_130_2 flowId 62 uecSrc 61 starting at 0
Flow Uec_79_207 flowId 63 uecSrc 62 starting at 0
Flow Uec_220_92 flowId 64 uecSrc 63 starting at 0
Flow Uec_84_212 flowId 65 uecSrc 64 starting at 0
Flow Uec_148_20 flowId 66 uecSrc 65 starting at 0
Flow Uec_55_183 flowId 67 uecSrc 66 starting at 0
Flow Uec_32_160 flowId 68 uecSrc 67 starting at 0
Flow Uec_23_151 flowId 69 uecSrc 68 starting at 0
Flow Uec_133_5 flowId 70 uecSrc 69 starting at 0
Flow Uec_99_227 flowId 71 uecSrc 70 starting at 0
Flow Uec_195_67 flowId 72 uecSrc 71 starting at 0
Flow Uec_175_47 flowId 73 uecSrc 72 starting at 0
Flow Uec_174_46 flowId 74 uecSrc 73 starting at 0
Flow Uec_114_242 flowId 75 uecSrc 74 starting at 0
Flow Uec_124_252 flowId 76 uecSrc 75 starting at 0
Flow Uec_143_15 flowId 77 uecSrc 76 starting at 0
Flow Uec_205_77 flowId 78 uecSrc 77 starting at 0
Flow Uec_241_113 flowId 79 uecSrc 78 starting at 0
Flow Uec_142_14 flowId 80 uecSrc 79 starting at 0
Flow Uec_41_169 flowId 81 uecSrc 80 starting at 0
Flow Uec_252_124 flowId 82 uecSrc 81 starting at 0
Flow Uec_61_189 flowId 83 uecSrc 82 starting at 0
Flow Uec_245_117 flowId 84 uecSrc 83 starting at 0
Flow Uec_104_232 flowId 85 uecSrc 84 starting at 0
Flow Uec_238_110 flowId 86 uecSrc 85 starting at 0
Flow Uec_249_121 flowId 87 uecSrc 86 starting at 0
Flow Uec_194_66 flowId 88 uecSrc 87 starting at 0
Flow Uec_108_236 flowId 89 uecSrc 88 starting at 0
Flow Uec_43_171 flowId 90 uecSrc 89 starting at 0
Flow Uec_31_159 flowId 91 uecSrc 90 starting at 0
Flow Uec_86_214 flowId 92 uecSrc 91 starting at 0
Flow Uec_128_0 flowId 93 uecSrc 92 starting at 0
Flow Uec_204_76 flowId 94 uecSrc 93 starting at 0
Flow Uec_47_175 flowId 95 uecSrc 94 starting at 0
Flow Uec_0_128 flowId 96 uecSrc 95 starting at 0
Flow Uec_87_215 flowId 97 uecSrc 96 starting at 0
Flow Uec_203_75 flowId 98 uecSrc 97 starting at 0
Flow Uec_209_81 flowId 99 uecSrc 98 starting at 0
Flow Uec_197_69 flowId 100 uecSrc 99 starting at 0
Flow Uec_234_106 flowId 101 uecSrc 100 starting at 0
Flow Uec_1_129 flowId 102 uecSrc 101 starting at 0
Flow Uec_81_209 flowId 103 uecSrc 102 starting at 0
Flow Uec_182_54 flowId 104 uecSrc 103 starting at 0
Flow Uec_100_228 flowId 105 uecSrc 104 starting at 0
Flow Uec_73_201 flowId 106 uecSrc 105 starting at 0
Flow Uec_70_198 flowId 107 uecSrc 106 starting at 0
Flow Uec_3_131 flowId 108 uecSrc 107 starting at 0
Flow Uec_123_251 flowId 109 uecSrc 108 starting at 0
Flow Uec_179_51 flowId 110 uecSrc 109 starting at 0
Flow Uec_199_71 flowId 111 uecSrc 110 starting at 0
Flow Uec_56_184 flowId 112 uecSrc 111 starting at 0
Flow Uec_176_48 flowId 113 uecSrc 112 starting at 0
Flow Uec_156_28 flowId 114 uecSrc 113 starting at 0
Flow Uec_152_24 flowId 115 uecSrc 114 starting at 0
Flow Uec_236_108 flowId 116 uecSrc 115 starting at 0
Flow Uec_223_95 flowId 117 uecSrc 116 starting at 0
Flow Uec_74_202 flowId 118 uecSrc 117 starting at 0
Flow Uec_106_234 flowId 119 uecSrc 118 starting at 0
Flow Uec_134_6 flowId 120 uecSrc 119 starting at 0
Flow Uec_222_94 flowId 121 uecSrc 120 starting at 0
Flow Uec_131_3 flowId 122 uecSrc 121 starting at 0
Flow Uec_35_163 flowId 123 uecSrc 122 starting at 0
Flow Uec_78_206 flowId 124 uecSrc 123 starting at 0
Flow Uec_18_146 flowId 125 uecSrc 124 starting at 0
Flow Uec_21_149 flowId 126 uecSrc 125 starting at 0
Flow Uec_75_203 flowId 127 uecSrc 126 starting at 0
Flow Uec_135_7 flowId 128 uecSrc 127 starting at 0
Flow Uec_105_233 flowId 129 uecSrc 128 starting at 0
Flow Uec_59_187 flowId 130 uecSrc 129 starting at 0
Flow Uec_77_205 flowId 131 uecSrc 130 starting at 0
Flow Uec_207_79 flowId 132 uecSrc 131 starting at 0
Flow Uec_80_208 flowId 133 uecSrc 132 starting at 0
Flow Uec_121_249 flowId 134 uecSrc 133 starting at 0
Flow Uec_206_78 flowId 135 uecSrc 134 starting at 0
Flow Uec_27_155 flowId 136 uecSrc 135 starting at 0
Flow Uec_69_197 flowId 137 uecSrc 136 starting at 0
Flow Uec_169_41 flowId 138 uecSrc 137 starting at 0
Flow Uec_208_80 flowId 139 uecSrc 138 starting at 0
Flow Uec_112_240 flowId 140 uecSrc 139 starting at 0
Flow Uec_39_167 flowId 141 uecSrc 140 starting at 0
Flow Uec_13_141 flowId 142 uecSrc 141 starting at 0
Flow Uec_230_102 flowId 143 uecSrc 142 starting at 0
Flow Uec_158_30 flowId 144 uecSrc 143 starting at 0
Flow Uec_157_29 flowId 145 uecSrc 144 starting at 0
Flow Uec_33_161 flowId 146 uecSrc 145 starting at 0
Flow Uec_116_244 flowId 147 uecSrc 146 starting at 0
Flow Uec_113_241 flowId 148 uecSrc 147 starting at 0
Flow Uec_219_91 flowId 149 uecSrc 148 starting at 0
Flow Uec_178_50 flowId 150 uecSrc 149 starting at 0
Flow Uec_129_1 flowId 151 uecSrc 150 starting at 0
Flow Uec_210_82 flowId 152 uecSrc 151 starting at 0
Flow Uec_68_196 flowId 153 uecSrc 152 starting at 0
Flow Uec_118_246 flowId 154 uecSrc 153 starting at 0
Flow Uec_155_27 flowId 155 uecSrc 154 starting at 0
Flow Uec_183_55 flowId 156 uecSrc 155 starting at 0
Flow Uec_165_37 flowId 157 uecSrc 156 starting at 0
Flow Uec_96_224 flowId 158 uecSrc 157 starting at 0
Flow Uec_231_103 flowId 159 uecSrc 158 starting at 0
Flow Uec_48_176 flowId 160 uecSrc 159 starting at 0
Flow Uec_36_164 flowId 161 uecSrc 160 starting at 0
Flow Uec_137_9 flowId 162 uecSrc 161 starting at 0
Flow Uec_172_44 flowId 163 uecSrc 162 starting at 0
Flow Uec_72_200 flowId 164 uecSrc 163 starting at 0
Flow Uec_82_210 flowId 165 uecSrc 164 starting at 0
Flow Uec_65_193 flowId 166 uecSrc 165 starting at 0
Flow Uec_136_8 flowId 167 uecSrc 166 starting at 0
Flow Uec_239_111 flowId 168 uecSrc 167 starting at 0
Flow Uec_95_223 flowId 169 uecSrc 168 starting at 0
Flow Uec_240_112 flowId 170 uecSrc 169 starting at 0
Flow Uec_76_204 flowId 171 uecSrc 170 starting at 0
Flow Uec_83_211 flowId 172 uecSrc 171 starting at 0
Flow Uec_151_23 flowId 173 uecSrc 172 starting at 0
Flow Uec_244_116 flowId 174 uecSrc 173 starting at 0
Flow Uec_62_190 flowId 175 uecSrc 174 starting at 0
Flow Uec_85_213 flowId 176 uecSrc 175 starting at 0
Flow Uec_181_53 flowId 177 uecSrc 176 starting at 0
Flow Uec_98_226 flowId 178 uecSrc 177 starting at 0
Flow Uec_26_154 flowId 179 uecSrc 178 starting at 0
Flow Uec_196_68 flowId 180 uecSrc 179 starting at 0
Flow Uec_40_168 flowId 181 uecSrc 180 starting at 0
Flow Uec_166_38 flowId 182 uecSrc 181 starting at 0
Flow Uec_141_13 flowId 183 uecSrc 182 starting at 0
Flow Uec_211_83 flowId 184 uecSrc 183 starting at 0
Flow Uec_233_105 flowId 185 uecSrc 184 starting at 0
Flow Uec_145_17 flowId 186 uecSrc 185 starting at 0
Flow Uec_253_125 flowId 187 uecSrc 186 starting at 0
Flow Uec_185_57 flowId 188 uecSrc 187 starting at 0
Flow Uec_64_192 flowId 189 uecSrc 188 starting at 0
Flow Uec_177_49 flowId 190 uecSrc 189 starting at 0
Flow Uec_125_253 flowId 191 uecSrc 190 starting at 0
Flow Uec_120_248 flowId 192 uecSrc 191 starting at 0
149.381 flowid 136 Spurious 74
151.745 flowid 188 Spurious 52
154.014 flowid 15 Spurious 56
154.401 flowid 188 Spurious 57
154.733 flowid 188 Spurious 60
155.015 flowid 15 Spurious 59
156.393 flowid 188 Spurious 61
156.725 flowid 188 Spurious 62
159.025 flowid 15 Spurious 78
159.689 flowid 15 Spurious 64
159.713 flowid 188 Spurious 64
162.281 flowid 83 Spurious 3
162.516 flowid 81 Spurious 87
164.176 flowid 81 Spurious 91
165.025 flowid 188 Spurious 53
172.661 flowid 188 Spurious 86
173.325 flowid 188 Spurious 87
Flow Uec_180_52 flowId 22 uecSrc 21 finished at 174.067 total messages 1 total packets 490 RTS 0 total bytes 2002140 in_flight now 0 fair_inc 0 prop_inc 10507 fast_inc 444999 eta_inc 8344 multi_dec -0 quick_dec -0 nack_dec -0
Flow Uec_170_42 flowId 41 uecSrc 40 finished at 178.098 total messages 1 total packets 490 RTS 0 total bytes 2002140 in_flight now 0 fair_inc 0 prop_inc 94989 fast_inc 0 eta_inc 7748 multi_dec -0 quick_dec -0 nack_dec -0
Flow Uec_186_58 flowId 32 uecSrc 31 finished at 178.376 total messages 1 total packets 490 RTS 0 total bytes 2002140 in_flight now 0 fair_inc 0 prop_inc 36928 fast_inc 311648 eta_inc 7748 multi_dec -0 quick_dec -0 nack_dec -0
Flow Uec_83_211 flowId 172 uecSrc 171 finished at 179.258 total messages 1 total packets 490 RTS 0 total bytes 2002140 in_flight now 0 fair_inc 0 prop_inc 67596 fast_inc 52533 eta_inc 8344 multi_dec -0 quick_dec -0 nack_dec -0
Flow Uec_0_128 flowId 96 uecSrc 95 finished at 180.769 total messages 1 total packets 490 RTS 0 total bytes 2002140 in_flight now 0 fair_inc 0 prop_inc 54361 fast_inc 0 eta_inc 8344 multi_dec -0 quick_dec -0 nack_dec -0
Flow Uec_118_246 flowId 154 uecSrc 153 finished at 180.814 total messages 1 total packets 490 RTS 0 total bytes 2002140 in_flight now 0 fair_inc 0 prop_inc 63344 fast_inc 0 eta_inc 8344 multi_dec -0 quick_dec -0 nack_dec -0
Flow Uec_251_123 flowId 25 uecSrc 24 finished at 181.45 total messages 1 total packets 490 RTS 0 total bytes 2002140 in_flight now 0 fair_inc 0 prop_inc 51225 fast_inc 0 eta_inc 8344 multi_dec -0 quick_dec -0 nack_dec -0
Flow Uec_210_82 flowId 152 uecSrc 151 finished at 183.332 total messages 1 total packets 490 RTS 0 total bytes 2002140 in_flight now 0 fair_inc 0 prop_inc 58356 fast_inc 0 eta_inc 8940 multi_dec -0 quick_dec -0 nack_dec -0
Flow Uec_254_126 flowId 28 uecSrc 27 finished at 183.526 total messages 1 total packets 490 RTS 0 total bytes 2002140 in_flight now 0 fair_inc 0 prop_inc 45480 fast_inc 0 eta_inc 8344 multi_dec -0 quick_dec -0 nack_dec -0
183.627 flowid 9 Spurious 114
184.291 flowid 9 Spurious 116
184.955 flowid 9 Spurious 117
186.307 flowid 181 Spurious 114
Flow Uec_141_13 flowId 183 uecSrc 182 finished at 186.403 total messages 1 total packets 490 RTS 0 total bytes 2002140 in_flight now 0 fair_inc 0 prop_inc 94626 fast_inc 16164 eta_inc 8344 multi_dec -0 quick_dec -0 nack_dec -0
Flow Uec_55_183 flowId 67 uecSrc 66 finished at 186.413 total messages 1 total packets 490 RTS 0 total bytes 2002140 in_flight now 0 fair_inc 0 prop_inc 23468 fast_inc 0 eta_inc 8940 multi_dec -0 quick_dec -0 nack_dec -0
Flow Uec_3_131 flowId 108 uecSrc 107 finished at 186.482 total messages 1 total packets 490 RTS 0 total bytes 2002140 in_flight now 0 fair_inc 0 prop_inc 46513 fast_inc 0 eta_inc 8940 multi_dec -0 quick_dec -0 nack_dec -0
186.615 flowid 9 Spurious 119
188.275 flowid 9 Spurious 124
188.607 flowid 9 Spurious 125
190.931 flowid 81 Spurious 166
Flow Uec_233_105 flowId 185 uecSrc 184 finished at 191.718 total messages 1 total packets 490 RTS 0 total bytes 2002140 in_flight now 0 fair_inc 0 prop_inc 30744 fast_inc 0 eta_inc 8940 multi_dec -0 quick_dec -0 nack_dec -0
193.26 flowid 9 Spurious 127
193.592 flowid 9 Spurious 128
Flow Uec_64_192 flowId 189 uecSrc 188 finished at 194.365 total messages 1 total packets 490 RTS 0 total bytes 2002140 in_flight now 0 fair_inc 376 prop_inc 17443 fast_inc 0 eta_inc 9536 multi_dec -0 quick_dec -0 nack_dec -0
195.647 flowid 43 Spurious 185
196.648 flowid 43 Spurious 174
199.31 flowid 43 Spurious 184
199.938 flowid 69 Spurious 194
199.974 flowid 43 Spurious 179
200.306 flowid 43 Spurious 186
Flow Uec_32_160 flowId 68 uecSrc 67 finished at 206.082 total messages 1 total packets 490 RTS 0 total bytes 2002140 in_flight now 0 fair_inc 7497 prop_inc 18376 fast_inc 0 eta_inc 9536 multi_dec -0 quick_dec -0 nack_dec -0
208.967 flowid 179 Spurious 193
209.973 flowid 179 Spurious 196
Flow Uec_163_35 flowId 36 uecSrc 35 finished at 230.306 total messages 1 total packets 490 RTS 0 total bytes 2002140 in_flight now 0 fair_inc 0 prop_inc 37394 fast_inc 0 eta_inc 10728 multi_dec -28180 quick_dec -0 nack_dec -0
Flow Uec_177_49 flowId 190 uecSrc 189 finished at 234.138 total messages 1 total packets 490 RTS 0 total bytes 2002140 in_flight now 0 fair_inc 6048 prop_inc 63750 fast_inc 0 eta_inc 11324 multi_dec -73604 quick_dec -0 nack_dec -24900
237.289 flowid 29 Spurious 254
242.33 flowid 141 Spurious 194
242.44 flowid 81 Spurious 302
245.717 flowid 141 Spurious 200
249.542 flowid 54 Spurious 213
Flow Uec_142_14 flowId 80 uecSrc 79 finished at 250.205 total messages 1 total packets 490 RTS 0 total bytes 2002140 in_flight now 0 fair_inc 4825 prop_inc 23584 fast_inc 0 eta_inc 11920 multi_dec -48560 quick_dec -0 nack_dec -29050
250.215 flowid 81 Spurious 313
Flow Uec_51_179 flowId 21 uecSrc 20 finished at 255.138 total messages 1 total packets 490 RTS 0 total bytes 2002140 in_flight now 0 fair_inc 8705 prop_inc 10767 fast_inc 0 eta_inc 11920 multi_dec -75934 quick_dec -0 nack_dec -0
Flow Uec_119_247 flowId 48 uecSrc 47 finished at 257.145 total messages 1 total packets 490 RTS 0 total bytes 2002140 in_flight now 0 fair_inc 4358 prop_inc 48014 fast_inc 0 eta_inc 12516 multi_dec -87800 quick_dec -0 nack_dec -29050
257.501 flowid 54 Spurious 215
259.863 flowid 102 Spurious 209
Flow Uec_31_159 flowId 91 uecSrc 90 finished at 265.771 total messages 1 total packets 491 RTS 1 total bytes 2002140 in_flight now 0 fair_inc 3768 prop_inc 29121 fast_inc 1010 eta_inc 11324 multi_dec -0 quick_dec -197974 nack_dec -4150
Flow Uec_20_148 flowId 49 uecSrc 48 finished at 275.818 total messages 1 total packets 490 RTS 0 total bytes 2002140 in_flight now 0 fair_inc 8383 prop_inc 10137 fast_inc 0 eta_inc 10132 multi_dec -0 quick_dec -0 nack_dec -0
Flow Uec_23_151 flowId 69 uecSrc 68 finished at 276.833 total messages 1 total packets 491 RTS 1 total bytes 2002140 in_flight now 0 fair_inc 3008 prop_inc 51907 fast_inc 0 eta_inc 10132 multi_dec -0 quick_dec -0 nack_dec -0
279.817 flowid 49 Spurious 412
282.207 flowid 49 Spurious 419
Flow Uec_188_60 flowId 15 uecSrc 14 finished at 283.334 total messages 1 total packets 492 RTS 2 total bytes 2002140 in_flight now 0 fair_inc 4174 prop_inc 13741 fast_inc 0 eta_inc 13112 multi_dec -7815 quick_dec -0 nack_dec -33200
Flow Uec_44_172 flowId 43 uecSrc 42 finished at 285.395 total messages 1 total packets 493 RTS 3 total bytes 2002140 in_flight now 0 fair_inc 12276 prop_inc 22683 fast_inc 0 eta_inc 11920 multi_dec -0 quick_dec -179109 nack_dec -8300
Flow Uec_27_155 flowId 136 uecSrc 135 finished at 301.39 total messages 1 total packets 492 RTS 2 total bytes 2002140 in_flight now 0 fair_inc 5278 prop_inc 52844 fast_inc 0 eta_inc 13708 multi_dec -130557 quick_dec -0 nack_dec -0
Flow Uec_134_6 flowId 120 uecSrc 119 finished at 302.316 total messages 1 total packets 490 RTS 0 total bytes 2002140 in_flight now 0 fair_inc 7932 prop_inc 48064 fast_inc 0 eta_inc 13708 multi_dec -52766 quick_dec -0 nack_dec -62250
Flow Uec_41_169 flowId 81 uecSrc 80 finished at 304.726 total messages 1 total packets 493 RTS 3 total bytes 2002140 in_flight now 0 fair_inc 13228 prop_inc 19631 fast_inc 0 eta_inc 11920 multi_dec -0 quick_dec -175894 nack_dec -8300
Flow Uec_127_255 flowId 56 uecSrc 55 finished at 310.491 total messages 1 total packets 490 RTS 0 total bytes 2002140 in_flight now 0 fair_inc 4748 prop_inc 49708 fast_inc 0 eta_inc 14900 multi_dec -0 quick_dec -0 nack_dec -124500
311.421 flowid 90 Spurious 409
Flow Uec_111_239 flowId 20 uecSrc 19 finished at 313.613 total messages 1 total packets 490 RTS 0 total bytes 2002140 in_flight now 0 fair_inc 6408 prop_inc 29552 fast_inc 0 eta_inc 14900 multi_dec -83402 quick_dec -0 nack_dec -41500
Flow Uec_43_171 flowId 90 uecSrc 89 finished at 316.337 total messages 1 total packets 492 RTS 2 total bytes 2002140 in_flight now 0 fair_inc 4926 prop_inc 27023 fast_inc 0 eta_inc 12516 multi_dec -84282 quick_dec -113275 nack_dec -8300
Flow Uec_107_235 flowId 3 uecSrc 2 finished at 318.665 total messages 1 total packets 490 RTS 0 total bytes 2002140 in_flight now 0 fair_inc 4779 prop_inc 31354 fast_inc 0 eta_inc 15496 multi_dec -82122 quick_dec -0 nack_dec -45650
323.927 flowid 58 Spurious 473
Flow Uec_21_149 flowId 126 uecSrc 125 finished at 324.08 total messages 1 total packets 492 RTS 2 total bytes 2002140 in_flight now 0 fair_inc 27574 prop_inc 42416 fast_inc 0 eta_inc 11324 multi_dec -0 quick_dec -202021 nack_dec -16600
324.698 flowid 58 Spurious 466
Flow Uec_135_7 flowId 128 uecSrc 127 finished at 325.15 total messages 1 total packets 490 RTS 0 total bytes 2002140 in_flight now 0 fair_inc 0 prop_inc 25131 fast_inc 0 eta_inc 15496 multi_dec -73956 quick_dec -0 nack_dec -37350
325.398 flowid 179 Spurious 480
Flow Uec_26_154 flowId 179 uecSrc 178 finished at 325.633 total messages 1 total packets 492 RTS 2 total bytes 2002140 in_flight now 0 fair_inc 8402 prop_inc 18202 fast_inc 0 eta_inc 11920 multi_dec -0 quick_dec -197680 nack_dec -4150
327.259 flowid 58 Spurious 471
328.26 flowid 58 Spurious 475
Flow Uec_36_164 flowId 161 uecSrc 160 finished at 329.55 total messages 1 total packets 494 RTS 4 total bytes 2002140 in_flight now 0 fair_inc 16206 prop_inc 12349 fast_inc 0 eta_inc 15496 multi_dec -101352 quick_dec -0 nack_dec -12450
330.328 flowid 58 Spurious 476
331.324 flowid 58 Spurious 482
331.662 flowid 58 Spurious 456
Flow Uec_84_212 flowId 65 uecSrc 64 finished at 332.084 total messages 1 total packets 490 RTS 0 total bytes 2002140 in_flight now 0 fair_inc 3425 prop_inc 28236 fast_inc 0 eta_inc 15496 multi_dec -71740 quick_dec -0 nack_dec -58100
Flow Uec_139_11 flowId 39 uecSrc 38 finished at 334.577 total messages 1 total packets 490 RTS 0 total bytes 2002140 in_flight now 0 fair_inc 16386 prop_inc 29837 fast_inc 0 eta_inc 14900 multi_dec -104187 quick_dec -0 nack_dec -29050
Flow Uec_249_121 flowId 87 uecSrc 86 finished at 336.653 total messages 1 total packets 490 RTS 0 total bytes 2002140 in_flight now 0 fair_inc 7879 prop_inc 39015 fast_inc 0 eta_inc 16092 multi_dec -94585 quick_dec -0 nack_dec -53950
Flow Uec_194_66 flowId 88 uecSrc 87 finished at 336.721 total messages 1 total packets 490 RTS 0 total bytes 2002140 in_flight now 0 fair_inc 19002 prop_inc 23674 fast_inc 0 eta_inc 16092 multi_dec -55393 quick_dec -0 nack_dec -83000
Flow Uec_6_134 flowId 7 uecSrc 6 finished at 337.99 total messages 1 total packets 495 RTS 5 total bytes 2002140 in_flight now 0 fair_inc 14127 prop_inc 16349 fast_inc 0 eta_inc 16092 multi_dec -53201 quick_dec -0 nack_dec -29050
Flow Uec_151_23 flowId 173 uecSrc 172 finished at 338.672 total messages 1 total packets 490 RTS 0 total bytes 2002140 in_flight now 0 fair_inc 4338 prop_inc 39449 fast_inc 0 eta_inc 15496 multi_dec -113295 quick_dec -0 nack_dec -29050
Flow Uec_185_57 flowId 188 uecSrc 187 finished at 339.144 total messages 1 total packets 493 RTS 3 total bytes 2002140 in_flight now 0 fair_inc 2444 prop_inc 40486 fast_inc 0 eta_inc 15496 multi_dec -35305 quick_dec -0 nack_dec -20750
Flow Uec_16_144 flowId 37 uecSrc 36 finished at 339.881 total messages 1 total packets 493 RTS 3 total bytes 2002140 in_flight now 0 fair_inc 9263 prop_inc 48706 fast_inc 0 eta_inc 14900 multi_dec -141744 quick_dec -0 nack_dec -20750
Flow Uec_145_17 flowId 186 uecSrc 185 finished at 341.285 total messages 1 total packets 490 RTS 0 total bytes 2002140 in_flight now 0 fair_inc 8298 prop_inc 51187 fast_inc 0 eta_inc 16092 multi_dec -117162 quick_dec -0 nack_dec -45650
Flow Uec_106_234 flowId 119 uecSrc 118 finished at 341.873 total messages 1 total packets 490 RTS 0 total bytes 2002140 in_flight now 0 fair_inc 6198 prop_inc 22272 fast_inc 0 eta_inc 16092 multi_dec -84178 quick_dec -0 nack_dec -45650
Flow Uec_46_174 flowId 29 uecSrc 28 finished at 342.084 total messages 1 total packets 493 RTS 3 total bytes 2002140 in_flight now 0 fair_inc 7259 prop_inc 32669 fast_inc 0 eta_inc 13112 multi_dec -0 quick_dec -163578 nack_dec -8300
Flow Uec_11_139 flowId 58 uecSrc 57 finished at 343.336 total messages 1 total packets 494 RTS 4 total bytes 2002140 in_flight now 0 fair_inc 2436 prop_inc 72893 fast_inc 0 eta_inc 14304 multi_dec -0 quick_dec -188969 nack_dec -45650
Flow Uec_28_156 flowId 53 uecSrc 52 finished at 343.949 total messages 1 total packets 492 RTS 2 total bytes 2002140 in_flight now 0 fair_inc 5927 prop_inc 64676 fast_inc 42426 eta_inc 14900 multi_dec -155102 quick_dec -0 nack_dec -8300
Flow Uec_190_62 flowId 9 uecSrc 8 finished at 344.566 total messages 1 total packets 492 RTS 2 total bytes 2002140 in_flight now 0 fair_inc 14794 prop_inc 35163 fast_inc 0 eta_inc 16092 multi_dec -92848 quick_dec -0 nack_dec -29050
Flow Uec_136_8 flowId 167 uecSrc 166 finished at 344.597 total messages 1 total packets 490 RTS 0 total bytes 2002140 in_flight now 0 fair_inc 16296 prop_inc 42194 fast_inc 0 eta_inc 16688 multi_dec -97708 quick_dec -0 nack_dec -49800
Flow Uec_109_237 flowId 45 uecSrc 44 finished at 344.842 total messages 1 total packets 490 RTS 0 total bytes 2002140 in_flight now 0 fair_inc 3241 prop_inc 23056 fast_inc 0 eta_inc 16688 multi_dec -71593 quick_dec -0 nack_dec -58100
Flow Uec_92_220 flowId 34 uecSrc 33 finished at 344.936 total messages 1 total packets 490 RTS 0 total bytes 2002140 in_flight now 0 fair_inc 5684 prop_inc 33398 fast_inc 0 eta_inc 16092 multi_dec -98668 quick_dec -0 nack_dec -45650
Flow Uec_105_233 flowId 129 uecSrc 128 finished at 345.228 total messages 1 total packets 490 RTS 0 total bytes 2002140 in_flight now 0 fair_inc 3119 prop_inc 50991 fast_inc 10590 eta_inc 16688 multi_dec -107310 quick_dec -0 nack_dec -45650
Flow Uec_173_45 flowId 27 uecSrc 26 finished at 345.461 total messages 1 total packets 490 RTS 0 total bytes 2002140 in_flight now 0 fair_inc 13208 prop_inc 39678 fast_inc 0 eta_inc 16092 multi_dec -100560 quick_dec -0 nack_dec -45650
Flow Uec_112_240 flowId 140 uecSrc 139 finished at 349.305 total messages 1 total packets 490 RTS 0 total bytes 2002140 in_flight now 0 fair_inc 5377 prop_inc 54584 fast_inc 0 eta_inc 16688 multi_dec -104210 quick_dec -0 nack_dec -49800
349.384 flowid 29 Spurious 482
Flow Uec_239_111 flowId 168 uecSrc 167 finished at 353.747 total messages 1 total packets 490 RTS 0 total bytes 2002140 in_flight now 0 fair_inc 6984 prop_inc 34160 fast_inc 0 eta_inc 16688 multi_dec -92535 quick_dec -0 nack_dec -58100
Flow Uec_245_117 flowId 84 uecSrc 83 finished at 355.507 total messages 1 total packets 490 RTS 0 total bytes 2002140 in_flight now 0 fair_inc 25758 prop_inc 22805 fast_inc 0 eta_inc 16688 multi_dec -80045 quick_dec -0 nack_dec -58100
Flow Uec_235_107 flowId 4 uecSrc 3 finished at 356.896 total messages 1 total packets 490 RTS 0 total bytes 2002140 in_flight now 0 fair_inc 9058 prop_inc 35177 fast_inc 0 eta_inc 17284 multi_dec -98766 quick_dec -0 nack_dec -53950
Flow Uec_237_109 flowId 59 uecSrc 58 finished at 360.065 total messages 1 total packets 490 RTS 0 total bytes 2002140 in_flight now 0 fair_inc 8374 prop_inc 26399 fast_inc 0 eta_inc 17284 multi_dec -66049 quick_dec -0 nack_dec -74700
Flow Uec_226_98 flowId 23 uecSrc 22 finished at 363.132 total messages 1 total packets 490 RTS 0 total bytes 2002140 in_flight now 0 fair_inc 26037 prop_inc 25360 fast_inc 0 eta_inc 17284 multi_dec -93773 quick_dec -0 nack_dec -58100
Flow Uec_231_103 flowId 159 uecSrc 158 finished at 364.746 total messages 1 total packets 490 RTS 0 total bytes 2002140 in_flight now 0 fair_inc 5577 prop_inc 51119 fast_inc 0 eta_inc 17284 multi_dec -124415 quick_dec -0 nack_dec -41500
Flow Uec_253_125 flowId 187 uecSrc 186 finished at 366.841 total messages 1 total packets 490 RTS 0 total bytes 2002140 in_flight now 0 fair_inc 3512 prop_inc 48655 fast_inc 0 eta_inc 16688 multi_dec -85040 quick_dec -0 nack_dec -70550
Flow Uec_65_193 flowId 166 uecSrc 165 finished at 367.271 total messages 1 total packets 490 RTS 0 total bytes 2002140 in_flight now 0 fair_inc 12303 prop_inc 39800 fast_inc 0 eta_inc 16688 multi_dec -113529 quick_dec -0 nack_dec -41500
Flow Uec_131_3 flowId 122 uecSrc 121 finished at 368.125 total messages 1 total packets 490 RTS 0 total bytes 2002140 in_flight now 0 fair_inc 7341 prop_inc 46762 fast_inc 130317 eta_inc 15496 multi_dec -150349 quick_dec -0 nack_dec -37350
Flow Uec_234_106 flowId 101 uecSrc 100 finished at 369.786 total messages 1 total packets 490 RTS 0 total bytes 2002140 in_flight now 0 fair_inc 6617 prop_inc 51656 fast_inc 0 eta_inc 17284 multi_dec -121970 quick_dec -0 nack_dec -45650
Flow Uec_14_142 flowId 18 uecSrc 17 finished at 370.757 total messages 1 total packets 492 RTS 2 total bytes 2002140 in_flight now 0 fair_inc 16641 prop_inc 56591 fast_inc 0 eta_inc 16688 multi_dec -176684 quick_dec -0 nack_dec -12450
Flow Uec_39_167 flowId 141 uecSrc 140 finished at 370.78 total messages 1 total packets 495 RTS 5 total bytes 2002140 in_flight now 0 fair_inc 16219 prop_inc 65868 fast_inc 0 eta_inc 17284 multi_dec -149660 quick_dec -0 nack_dec -4150
Flow Uec_193_65 flowId 30 uecSrc 29 finished at 370.908 total messages 1 total packets 490 RTS 0 total bytes 2002140 in_flight now 0 fair_inc 7178 prop_inc 71976 fast_inc 0 eta_inc 16688 multi_dec -139246 quick_dec -0 nack_dec -29050
Flow Uec_63_191 flowId 42 uecSrc 41 finished at 376.753 total messages 1 total packets 490 RTS 0 total bytes 2002140 in_flight now 0 fair_inc 21965 prop_inc 43801 fast_inc 0 eta_inc 17880 multi_dec -139659 quick_dec -0 nack_dec -20750
Flow Uec_248_120 flowId 31 uecSrc 30 finished at 377.603 total messages 1 total packets 490 RTS 0 total bytes 2002140 in_flight now 0 fair_inc 38745 prop_inc 31846 fast_inc 0 eta_inc 17284 multi_dec -116368 quick_dec -0 nack_dec -37350
Flow Uec_47_175 flowId 95 uecSrc 94 finished at 377.941 total messages 1 total packets 493 RTS 3 total bytes 2002140 in_flight now -64 fair_inc 12963 prop_inc 26798 fast_inc 0 eta_inc 14304 multi_dec -168765 quick_dec -0 nack_dec -0
Flow Uec_117_245 flowId 40 uecSrc 39 finished at 380.971 total messages 1 total packets 490 RTS 0 total bytes 2002140 in_flight now 0 fair_inc 5730 prop_inc 106256 fast_inc 0 eta_inc 17284 multi_dec -127288 quick_dec -0 nack_dec -58100
Flow Uec_252_124 flowId 82 uecSrc 81 finished at 386.95 total messages 1 total packets 490 RTS 0 total bytes 2002140 in_flight now 0 fair_inc 6557 prop_inc 30571 fast_inc 0 eta_inc 18476 multi_dec -90626 quick_dec -0 nack_dec -66400
Flow Uec_37_165 flowId 55 uecSrc 54 finished at 387.345 total messages 1 total packets 494 RTS 4 total bytes 2002140 in_flight now 0 fair_inc 22808 prop_inc 61633 fast_inc 0 eta_inc 17880 multi_dec -158138 quick_dec -0 nack_dec -8300
Flow Uec_34_162 flowId 16 uecSrc 15 finished at 389.005 total messages 1 total packets 499 RTS 9 total bytes 2002140 in_flight now 0 fair_inc 12776 prop_inc 36728 fast_inc 0 eta_inc 17284 multi_dec -0 quick_dec -94968 nack_dec -33200
Flow Uec_40_168 flowId 181 uecSrc 180 finished at 390.031 total messages 1 total packets 496 RTS 6 total bytes 2002140 in_flight now 0 fair_inc 18145 prop_inc 15594 fast_inc 0 eta_inc 16092 multi_dec -57408 quick_dec -121932 nack_dec -8300
Flow Uec_246_118 flowId 52 uecSrc 51 finished at 391.952 total messages 1 total packets 490 RTS 0 total bytes 2002140 in_flight now 0 fair_inc 3524 prop_inc 37762 fast_inc 0 eta_inc 19072 multi_dec -74940 quick_dec -0 nack_dec -83000
Flow Uec_165_37 flowId 157 uecSrc 156 finished at 396.51 total messages 1 total packets 491 RTS 1 total bytes 2002140 in_flight now 0 fair_inc 30305 prop_inc 6685 fast_inc 0 eta_inc 17880 multi_dec -67254 quick_dec -0 nack_dec -91300
Flow Uec_228_100 flowId 5 uecSrc 4 finished at 409.854 total messages 1 total packets 490 RTS 0 total bytes 2002140 in_flight now 0 fair_inc 33374 prop_inc 24458 fast_inc 0 eta_inc 18476 multi_dec -9968 quick_dec -0 nack_dec -149400
Flow Uec_18_146 flowId 125 uecSrc 124 finished at 423.304 total messages 1 total packets 495 RTS 5 total bytes 2002140 in_flight now 0 fair_inc 25777 prop_inc 88380 fast_inc 0 eta_inc 17880 multi_dec -139988 quick_dec -0 nack_dec -41500
Flow Uec_108_236 flowId 89 uecSrc 88 finished at 423.941 total messages 1 total packets 490 RTS 0 total bytes 2002140 in_flight now 0 fair_inc 31848 prop_inc 12482 fast_inc 0 eta_inc 20264 multi_dec -67802 quick_dec -0 nack_dec -107900
Flow Uec_175_47 flowId 73 uecSrc 72 finished at 425.217 total messages 1 total packets 491 RTS 1 total bytes 2002140 in_flight now 0 fair_inc 0 prop_inc 130064 fast_inc 0 eta_inc 17880 multi_dec -180147 quick_dec -0 nack_dec -20750
Flow Uec_56_184 flowId 112 uecSrc 111 finished at 431.43 total messages 1 total packets 490 RTS 0 total bytes 2002140 in_flight now 0 fair_inc 0 prop_inc 119057 fast_inc 58593 eta_inc 15496 multi_dec -0 quick_dec -198355 nack_dec -4150
Flow Uec_203_75 flowId 98 uecSrc 97 finished at 440.683 total messages 1 total packets 490 RTS 0 total bytes 2002140 in_flight now 0 fair_inc 22740 prop_inc 26586 fast_inc 0 eta_inc 19668 multi_dec -51488 quick_dec -0 nack_dec -136950
Flow Uec_102_230 flowId 19 uecSrc 18 finished at 441.768 total messages 1 total packets 490 RTS 0 total bytes 2002140 in_flight now 0 fair_inc 18442 prop_inc 20204 fast_inc 0 eta_inc 20264 multi_dec -54904 quick_dec -0 nack_dec -116200
Flow Uec_241_113 flowId 79 uecSrc 78 finished at 448.873 total messages 1 total packets 490 RTS 0 total bytes 2002140 in_flight now 0 fair_inc 16497 prop_inc 48007 fast_inc 0 eta_inc 20860 multi_dec -90245 quick_dec -0 nack_dec -83000
Flow Uec_54_182 flowId 46 uecSrc 45 finished at 460.692 total messages 1 total packets 490 RTS 0 total bytes 2002140 in_flight now 0 fair_inc 21466 prop_inc 31355 fast_inc 0 eta_inc 21456 multi_dec -99863 quick_dec -0 nack_dec -95450
Flow Uec_75_203 flowId 127 uecSrc 126 finished at 461.961 total messages 1 total packets 490 RTS 0 total bytes 2002140 in_flight now 0 fair_inc 25467 prop_inc 13774 fast_inc 0 eta_inc 21456 multi_dec -57248 quick_dec -0 nack_dec -132800
Flow Uec_128_0 flowId 93 uecSrc 92 finished at 463.835 total messages 1 total packets 490 RTS 0 total bytes 2002140 in_flight now 0 fair_inc 13720 prop_inc 16628 fast_inc 0 eta_inc 22052 multi_dec -15656 quick_dec -0 nack_dec -141100
Flow Uec_35_163 flowId 123 uecSrc 122 finished at 469.694 total messages 1 total packets 493 RTS 3 total bytes 2002140 in_flight now -64 fair_inc 12880 prop_inc 51392 fast_inc 0 eta_inc 21456 multi_dec -167543 quick_dec -0 nack_dec -20750
Flow Uec_45_173 flowId 33 uecSrc 32 finished at 471.032 total messages 1 total packets 503 RTS 13 total bytes 2002140 in_flight now -128 fair_inc 2067 prop_inc 38121 fast_inc 0 eta_inc 19072 multi_dec -24769 quick_dec -0 nack_dec -0
Flow Uec_217_89 flowId 50 uecSrc 49 finished at 477.376 total messages 1 total packets 490 RTS 0 total bytes 2002140 in_flight now 0 fair_inc 12432 prop_inc 20274 fast_inc 0 eta_inc 22648 multi_dec -72648 quick_dec -0 nack_dec -103750
Flow Uec_158_30 flowId 144 uecSrc 143 finished at 477.906 total messages 1 total packets 490 RTS 0 total bytes 2002140 in_flight now 0 fair_inc 37392 prop_inc 14219 fast_inc 0 eta_inc 22052 multi_dec -69184 quick_dec -0 nack_dec -116200
Flow Uec_196_68 flowId 180 uecSrc 179 finished at 480.002 total messages 1 total packets 490 RTS 0 total bytes 2002140 in_flight now 0 fair_inc 16088 prop_inc 41662 fast_inc 0 eta_inc 22052 multi_dec -103846 quick_dec -0 nack_dec -91300
Flow Uec_116_244 flowId 147 uecSrc 146 finished at 484.87 total messages 1 total packets 490 RTS 0 total bytes 2002140 in_flight now 0 fair_inc 21568 prop_inc 14928 fast_inc 0 eta_inc 22648 multi_dec -54693 quick_dec -0 nack_dec -124500
Flow Uec_167_39 flowId 17 uecSrc 16 finished at 486.014 total messages 1 total packets 491 RTS 1 total bytes 2002140 in_flight now 0 fair_inc 27798 prop_inc 9887 fast_inc 0 eta_inc 22648 multi_dec -46672 quick_dec -0 nack_dec -141100
Flow Uec_113_241 flowId 148 uecSrc 147 finished at 486.09 total messages 1 total packets 490 RTS 0 total bytes 2002140 in_flight now 0 fair_inc 38174 prop_inc 4724 fast_inc 0 eta_inc 22648 multi_dec -70896 quick_dec -0 nack_dec -128650
Flow Uec_89_217 flowId 1 uecSrc 0 finished at 488.368 total messages 1 total packets 490 RTS 0 total bytes 2002140 in_flight now 0 fair_inc 30113 prop_inc 11959 fast_inc 0 eta_inc 22648 multi_dec -54682 quick_dec -0 nack_dec -136950
Flow Uec_229_101 flowId 38 uecSrc 37 finished at 488.44 total messages 1 total packets 490 RTS 0 total bytes 2002140 in_flight now 0 fair_inc 21016 prop_inc 25732 fast_inc 0 eta_inc 22648 multi_dec -36704 quick_dec -0 nack_dec -157700
Flow Uec_205_77 flowId 78 uecSrc 77 finished at 493.059 total messages 1 total packets 490 RTS 0 total bytes 2002140 in_flight now 0 fair_inc 39248 prop_inc 5391 fast_inc 0 eta_inc 22648 multi_dec -44060 quick_dec -0 nack_dec -136950
Flow Uec_179_51 flowId 110 uecSrc 109 finished at 494.271 total messages 1 total packets 490 RTS 0 total bytes 2002140 in_flight now 0 fair_inc 8074 prop_inc 50190 fast_inc 0 eta_inc 21456 multi_dec -67992 quick_dec -0 nack_dec -112050
Flow Uec_148_20 flowId 66 uecSrc 65 finished at 496.327 total messages 1 total packets 490 RTS 0 total bytes 2002140 in_flight now 0 fair_inc 31782 prop_inc 19845 fast_inc 0 eta_inc 22648 multi_dec -84466 quick_dec -0 nack_dec -99600
Flow Uec_50_178 flowId 2 uecSrc 1 finished at 497.863 total messages 1 total packets 490 RTS 0 total bytes 2002140 in_flight now 0 fair_inc 21230 prop_inc 42355 fast_inc 0 eta_inc 23244 multi_dec -112858 quick_dec -0 nack_dec -87150
Flow Uec_110_238 flowId 57 uecSrc 56 finished at 500.928 total messages 1 total packets 490 RTS 0 total bytes 2002140 in_flight now 0 fair_inc 25008 prop_inc 19176 fast_inc 0 eta_inc 23244 multi_dec -80049 quick_dec -0 nack_dec -107900
Flow Uec_209_81 flowId 99 uecSrc 98 finished at 501.04 total messages 1 total packets 490 RTS 0 total bytes 2002140 in_flight now 0 fair_inc 11007 prop_inc 30193 fast_inc 0 eta_inc 23840 multi_dec -87005 quick_dec -0 nack_dec -103750
Flow Uec_171_43 flowId 26 uecSrc 25 finished at 509.833 total messages 1 total packets 490 RTS 0 total bytes 2002140 in_flight now 0 fair_inc 35858 prop_inc 22331 fast_inc 0 eta_inc 23244 multi_dec -115923 quick_dec -0 nack_dec -91300
Flow Uec_99_227 flowId 71 uecSrc 70 finished at 514.196 total messages 1 total packets 490 RTS 0 total bytes 2002140 in_flight now 0 fair_inc 18498 prop_inc 27009 fast_inc 0 eta_inc 23840 multi_dec -109941 quick_dec -0 nack_dec -83000
Flow Uec_200_72 flowId 13 uecSrc 12 finished at 516.39 total messages 1 total packets 490 RTS 0 total bytes 2002140 in_flight now 0 fair_inc 12041 prop_inc 42922 fast_inc 0 eta_inc 23840 multi_dec -82502 quick_dec -0 nack_dec -112050
Flow Uec_238_110 flowId 86 uecSrc 85 finished at 527.092 total messages 1 total packets 490 RTS 0 total bytes 2002140 in_flight now 0 fair_inc 22758 prop_inc 44839 fast_inc 0 eta_inc 23840 multi_dec -122350 quick_dec -0 nack_dec -87150
Flow Uec_197_69 flowId 100 uecSrc 99 finished at 535.26 total messages 1 total packets 490 RTS 0 total bytes 2002140 in_flight now 0 fair_inc 26081 prop_inc 78475 fast_inc 0 eta_inc 23840 multi_dec -128403 quick_dec -0 nack_dec -83000
Flow Uec_143_15 flowId 77 uecSrc 76 finished at 536.454 total messages 1 total packets 490 RTS 0 total bytes 2002140 in_flight now 0 fair_inc 14564 prop_inc 39898 fast_inc 0 eta_inc 25032 multi_dec -6118 quick_dec -0 nack_dec -174300
Flow Uec_178_50 flowId 150 uecSrc 149 finished at 537.236 total messages 1 total packets 490 RTS 0 total bytes 2002140 in_flight now 0 fair_inc 12942 prop_inc 62922 fast_inc 16651 eta_inc 20264 multi_dec -78433 quick_dec -0 nack_dec -116200
Flow Uec_48_176 flowId 160 uecSrc 159 finished at 538.262 total messages 1 total packets 499 RTS 9 total bytes 2002140 in_flight now -64 fair_inc 14120 prop_inc 83653 fast_inc 0 eta_inc 22052 multi_dec -138682 quick_dec -0 nack_dec -0
Flow Uec_12_140 flowId 54 uecSrc 53 finished at 540.895 total messages 1 total packets 503 RTS 13 total bytes 2002140 in_flight now 0 fair_inc 2903 prop_inc 78317 fast_inc 0 eta_inc 22052 multi_dec -0 quick_dec -77451 nack_dec -29050
Flow Uec_33_161 flowId 146 uecSrc 145 finished at 544.237 total messages 1 total packets 491 RTS 1 total bytes 2002140 in_flight now 0 fair_inc 33918 prop_inc 80590 fast_inc 2020 eta_inc 21456 multi_dec -203122 quick_dec -0 nack_dec -37350
Flow Uec_220_92 flowId 64 uecSrc 63 finished at 544.375 total messages 1 total packets 490 RTS 0 total bytes 2002140 in_flight now 0 fair_inc 13304 prop_inc 17213 fast_inc 0 eta_inc 25032 multi_dec -79229 quick_dec -0 nack_dec -116200
Flow Uec_62_190 flowId 175 uecSrc 174 finished at 546.211 total messages 1 total packets 491 RTS 1 total bytes 2002140 in_flight now 0 fair_inc 2395 prop_inc 137990 fast_inc 0 eta_inc 20860 multi_dec -0 quick_dec -154426 nack_dec -45650
Flow Uec_114_242 flowId 75 uecSrc 74 finished at 549.922 total messages 1 total packets 490 RTS 0 total bytes 2002140 in_flight now 0 fair_inc 36425 prop_inc 92266 fast_inc 0 eta_inc 22648 multi_dec -136200 quick_dec -0 nack_dec -91300
Flow Uec_236_108 flowId 116 uecSrc 115 finished at 551.249 total messages 1 total packets 490 RTS 0 total bytes 2002140 in_flight now 0 fair_inc 26343 prop_inc 8182 fast_inc 0 eta_inc 25628 multi_dec -23836 quick_dec -0 nack_dec -161850
Flow Uec_244_116 flowId 174 uecSrc 173 finished at 552.149 total messages 1 total packets 490 RTS 0 total bytes 2002140 in_flight now 0 fair_inc 20015 prop_inc 58412 fast_inc 15640 eta_inc 25032 multi_dec -126474 quick_dec -0 nack_dec -91300
Flow Uec_240_112 flowId 170 uecSrc 169 finished at 558.382 total messages 1 total packets 490 RTS 0 total bytes 2002140 in_flight now 0 fair_inc 36994 prop_inc 6997 fast_inc 0 eta_inc 26224 multi_dec -36931 quick_dec -0 nack_dec -161850
Flow Uec_207_79 flowId 132 uecSrc 131 finished at 559.321 total messages 1 total packets 490 RTS 0 total bytes 2002140 in_flight now 0 fair_inc 60466 prop_inc 15320 fast_inc 0 eta_inc 25032 multi_dec -67189 quick_dec -0 nack_dec -145250
Flow Uec_216_88 flowId 11 uecSrc 10 finished at 565.955 total messages 1 total packets 490 RTS 0 total bytes 2002140 in_flight now 0 fair_inc 19862 prop_inc 22187 fast_inc 0 eta_inc 25628 multi_dec -10978 quick_dec -0 nack_dec -166000
Flow Uec_172_44 flowId 163 uecSrc 162 finished at 566.352 total messages 1 total packets 491 RTS 1 total bytes 2002140 in_flight now 0 fair_inc 41977 prop_inc 3812 fast_inc 0 eta_inc 25032 multi_dec -59261 quick_dec -0 nack_dec -124500
Flow Uec_67_195 flowId 8 uecSrc 7 finished at 567.133 total messages 1 total packets 490 RTS 0 total bytes 2002140 in_flight now 0 fair_inc 45117 prop_inc 40071 fast_inc 0 eta_inc 26224 multi_dec -112978 quick_dec -0 nack_dec -116200
Flow Uec_59_187 flowId 130 uecSrc 129 finished at 576.704 total messages 1 total packets 491 RTS 1 total bytes 2002140 in_flight now 0 fair_inc 3324 prop_inc 21661 fast_inc 420746 eta_inc 18476 multi_dec -0 quick_dec -190671 nack_dec -8300
Flow Uec_195_67 flowId 72 uecSrc 71 finished at 578.627 total messages 1 total packets 490 RTS 0 total bytes 2002140 in_flight now 0 fair_inc 37633 prop_inc 8710 fast_inc 0 eta_inc 26820 multi_dec -47992 quick_dec -0 nack_dec -170150
Flow Uec_181_53 flowId 177 uecSrc 176 finished at 582.601 total messages 1 total packets 490 RTS 0 total bytes 2002140 in_flight now 0 fair_inc 38926 prop_inc 7483 fast_inc 0 eta_inc 26820 multi_dec -21679 quick_dec -0 nack_dec -174300
Flow Uec_68_196 flowId 153 uecSrc 152 finished at 584.982 total messages 1 total packets 490 RTS 0 total bytes 2002140 in_flight now 0 fair_inc 52980 prop_inc 2362 fast_inc 0 eta_inc 26820 multi_dec -54951 quick_dec -0 nack_dec -170150
Flow Uec_211_83 flowId 184 uecSrc 183 finished at 591.34 total messages 1 total packets 490 RTS 0 total bytes 2002140 in_flight now 0 fair_inc 17116 prop_inc 8234 fast_inc 0 eta_inc 28012 multi_dec -40716 quick_dec -0 nack_dec -132800
Flow Uec_243_115 flowId 61 uecSrc 60 finished at 600.1 total messages 1 total packets 490 RTS 0 total bytes 2002140 in_flight now 0 fair_inc 30312 prop_inc 119108 fast_inc 59083 eta_inc 23244 multi_dec -143663 quick_dec -7751 nack_dec -95450
Flow Uec_72_200 flowId 164 uecSrc 163 finished at 609.979 total messages 1 total packets 490 RTS 0 total bytes 2002140 in_flight now 0 fair_inc 43433 prop_inc 7237 fast_inc 0 eta_inc 27416 multi_dec -76428 quick_dec -0 nack_dec -141100
Flow Uec_222_94 flowId 121 uecSrc 120 finished at 612.684 total messages 1 total packets 490 RTS 0 total bytes 2002140 in_flight now 0 fair_inc 48992 prop_inc 9682 fast_inc 0 eta_inc 28608 multi_dec -68472 quick_dec -0 nack_dec -145250
Flow Uec_155_27 flowId 155 uecSrc 154 finished at 612.803 total messages 1 total packets 491 RTS 1 total bytes 2002140 in_flight now 0 fair_inc 62257 prop_inc 21497 fast_inc 0 eta_inc 26820 multi_dec -96336 quick_dec -0 nack_dec -136950
Flow Uec_174_46 flowId 74 uecSrc 73 finished at 613.834 total messages 1 total packets 491 RTS 1 total bytes 2002140 in_flight now 0 fair_inc 41558 prop_inc 25097 fast_inc 0 eta_inc 26820 multi_dec -78883 quick_dec -0 nack_dec -128650
Flow Uec_219_91 flowId 149 uecSrc 148 finished at 624.72 total messages 1 total packets 490 RTS 0 total bytes 2002140 in_flight now 0 fair_inc 34812 prop_inc 58921 fast_inc 0 eta_inc 25032 multi_dec -109086 quick_dec -0 nack_dec -107900
Flow Uec_76_204 flowId 171 uecSrc 170 finished at 633.37 total messages 1 total packets 490 RTS 0 total bytes 2002140 in_flight now 0 fair_inc 37744 prop_inc 3699 fast_inc 0 eta_inc 26820 multi_dec -87177 quick_dec -0 nack_dec -141100
Flow Uec_168_40 flowId 44 uecSrc 43 finished at 637.899 total messages 1 total packets 490 RTS 0 total bytes 2002140 in_flight now 0 fair_inc 55213 prop_inc 35883 fast_inc 0 eta_inc 28012 multi_dec -103408 quick_dec -0 nack_dec -128650
Flow Uec_1_129 flowId 102 uecSrc 101 finished at 647.694 total messages 1 total packets 497 RTS 7 total bytes 2002140 in_flight now -64 fair_inc 21798 prop_inc 31824 fast_inc 0 eta_inc 22052 multi_dec -20 quick_dec -123892 nack_dec -49800
Flow Uec_182_54 flowId 104 uecSrc 103 finished at 654.319 total messages 1 total packets 490 RTS 0 total bytes 2002140 in_flight now 0 fair_inc 19472 prop_inc 47655 fast_inc 14141 eta_inc 28012 multi_dec -122242 quick_dec -0 nack_dec -99600
Flow Uec_71_199 flowId 51 uecSrc 50 finished at 657.131 total messages 1 total packets 490 RTS 0 total bytes 2002140 in_flight now 0 fair_inc 44992 prop_inc 30375 fast_inc 0 eta_inc 28608 multi_dec -101174 quick_dec -0 nack_dec -120350
Flow Uec_137_9 flowId 162 uecSrc 161 finished at 657.229 total messages 1 total packets 490 RTS 0 total bytes 2002140 in_flight now 0 fair_inc 34954 prop_inc 82213 fast_inc 0 eta_inc 27416 multi_dec -115782 quick_dec -0 nack_dec -120350
Flow Uec_90_218 flowId 24 uecSrc 23 finished at 659.586 total messages 1 total packets 490 RTS 0 total bytes 2002140 in_flight now 0 fair_inc 43491 prop_inc 2532 fast_inc 0 eta_inc 29800 multi_dec -47419 quick_dec -0 nack_dec -166000
Flow Uec_208_80 flowId 139 uecSrc 138 finished at 665.341 total messages 1 total packets 490 RTS 0 total bytes 2002140 in_flight now 0 fair_inc 38462 prop_inc 40928 fast_inc 0 eta_inc 30992 multi_dec -103395 quick_dec -0 nack_dec -136950
Flow Uec_81_209 flowId 103 uecSrc 102 finished at 666.075 total messages 1 total packets 490 RTS 0 total bytes 2002140 in_flight now 0 fair_inc 40529 prop_inc 2808 fast_inc 0 eta_inc 29204 multi_dec -27967 quick_dec -0 nack_dec -174300
Flow Uec_70_198 flowId 107 uecSrc 106 finished at 667.155 total messages 1 total packets 490 RTS 0 total bytes 2002140 in_flight now 0 fair_inc 47085 prop_inc 28103 fast_inc 0 eta_inc 22648 multi_dec -74529 quick_dec -0 nack_dec -132800
Flow Uec_157_29 flowId 145 uecSrc 144 finished at 669.469 total messages 1 total packets 490 RTS 0 total bytes 2002140 in_flight now 0 fair_inc 70519 prop_inc 41811 fast_inc 0 eta_inc 29204 multi_dec -114364 quick_dec -0 nack_dec -136950
Flow Uec_74_202 flowId 118 uecSrc 117 finished at 670.459 total messages 1 total packets 490 RTS 0 total bytes 2002140 in_flight now 0 fair_inc 70012 prop_inc 25136 fast_inc 0 eta_inc 30396 multi_dec -104042 quick_dec -0 nack_dec -124500
Flow Uec_130_2 flowId 62 uecSrc 61 finished at 670.499 total messages 1 total packets 491 RTS 1 total bytes 2002140 in_flight now 0 fair_inc 28587 prop_inc 64676 fast_inc 3030 eta_inc 27416 multi_dec -93215 quick_dec -12264 nack_dec -128650
Flow Uec_156_28 flowId 114 uecSrc 113 finished at 672.191 total messages 1 total packets 491 RTS 1 total bytes 2002140 in_flight now 0 fair_inc 55901 prop_inc 47526 fast_inc 0 eta_inc 26224 multi_dec -113186 quick_dec -0 nack_dec -124500
Flow Uec_13_141 flowId 142 uecSrc 141 finished at 674.489 total messages 1 total packets 504 RTS 14 total bytes 2002140 in_flight now -128 fair_inc 395 prop_inc 106073 fast_inc 0 eta_inc 23840 multi_dec -0 quick_dec -106125 nack_dec -8300
Flow Uec_206_78 flowId 135 uecSrc 134 finished at 675.176 total messages 1 total packets 490 RTS 0 total bytes 2002140 in_flight now 0 fair_inc 55549 prop_inc 72930 fast_inc 0 eta_inc 27416 multi_dec -133281 quick_dec -0 nack_dec -116200
Flow Uec_82_210 flowId 165 uecSrc 164 finished at 679.523 total messages 1 total packets 490 RTS 0 total bytes 2002140 in_flight now 0 fair_inc 27378 prop_inc 10938 fast_inc 0 eta_inc 30992 multi_dec -41192 quick_dec -0 nack_dec -153550
Flow Uec_166_38 flowId 182 uecSrc 181 finished at 680.72 total messages 1 total packets 491 RTS 1 total bytes 2002140 in_flight now 0 fair_inc 59386 prop_inc 15255 fast_inc 0 eta_inc 29800 multi_dec -75825 quick_dec -0 nack_dec -149400
Flow Uec_230_102 flowId 143 uecSrc 142 finished at 686.888 total messages 1 total packets 490 RTS 0 total bytes 2002140 in_flight now 0 fair_inc 44057 prop_inc 66268 fast_inc 1010 eta_inc 30396 multi_dec -117837 quick_dec -0 nack_dec -128650
Flow Uec_129_1 flowId 151 uecSrc 150 finished at 689.677 total messages 1 total packets 490 RTS 0 total bytes 2002140 in_flight now 0 fair_inc 45707 prop_inc 75444 fast_inc 0 eta_inc 28012 multi_dec -135531 quick_dec -18137 nack_dec -128650
Flow Uec_133_5 flowId 70 uecSrc 69 finished at 689.753 total messages 1 total packets 492 RTS 2 total bytes 2002140 in_flight now 0 fair_inc 16937 prop_inc 95227 fast_inc 0 eta_inc 28608 multi_dec -135324 quick_dec -0 nack_dec -74700
Flow Uec_199_71 flowId 111 uecSrc 110 finished at 692.183 total messages 1 total packets 490 RTS 0 total bytes 2002140 in_flight now 0 fair_inc 36548 prop_inc 50377 fast_inc 29784 eta_inc 26224 multi_dec -117047 quick_dec -0 nack_dec -116200
Flow Uec_152_24 flowId 115 uecSrc 114 finished at 692.833 total messages 1 total packets 491 RTS 1 total bytes 2002140 in_flight now 0 fair_inc 54724 prop_inc 14849 fast_inc 0 eta_inc 26224 multi_dec -58612 quick_dec -0 nack_dec -157700
Flow Uec_183_55 flowId 156 uecSrc 155 finished at 694.185 total messages 1 total packets 490 RTS 0 total bytes 2002140 in_flight now 0 fair_inc 26313 prop_inc 54599 fast_inc 71203 eta_inc 28608 multi_dec -152908 quick_dec -0 nack_dec -83000
Flow Uec_169_41 flowId 138 uecSrc 137 finished at 694.667 total messages 1 total packets 491 RTS 1 total bytes 2002140 in_flight now 0 fair_inc 21745 prop_inc 77428 fast_inc 0 eta_inc 26820 multi_dec -130277 quick_dec -0 nack_dec -91300
Flow Uec_223_95 flowId 117 uecSrc 116 finished at 694.754 total messages 1 total packets 490 RTS 0 total bytes 2002140 in_flight now 0 fair_inc 39687 prop_inc 92921 fast_inc 0 eta_inc 27416 multi_dec -110628 quick_dec -15391 nack_dec -120350
Flow Uec_227_99 flowId 6 uecSrc 5 finished at 700.394 total messages 1 total packets 490 RTS 0 total bytes 2002140 in_flight now 0 fair_inc 22900 prop_inc 60460 fast_inc 14141 eta_inc 29800 multi_dec -126139 quick_dec -0 nack_dec -107900
Flow Uec_123_251 flowId 109 uecSrc 108 finished at 704.88 total messages 1 total packets 490 RTS 0 total bytes 2002140 in_flight now 0 fair_inc 49241 prop_inc 6004 fast_inc 0 eta_inc 30992 multi_dec -60153 quick_dec -0 nack_dec -174300
Flow Uec_204_76 flowId 94 uecSrc 93 finished at 705.173 total messages 1 total packets 490 RTS 0 total bytes 2002140 in_flight now 0 fair_inc 32270 prop_inc 80649 fast_inc 0 eta_inc 28608 multi_dec -97381 quick_dec -0 nack_dec -149400
Flow Uec_86_214 flowId 92 uecSrc 91 finished at 707.315 total messages 1 total packets 490 RTS 0 total bytes 2002140 in_flight now 0 fair_inc 46562 prop_inc 18635 fast_inc 0 eta_inc 32184 multi_dec -108677 quick_dec -0 nack_dec -136950
Flow Uec_97_225 flowId 60 uecSrc 59 finished at 717.209 total messages 1 total packets 490 RTS 0 total bytes 2002140 in_flight now 0 fair_inc 46600 prop_inc 41249 fast_inc 0 eta_inc 29204 multi_dec -23406 quick_dec -9944 nack_dec -186750
Flow Uec_87_215 flowId 97 uecSrc 96 finished at 718.431 total messages 1 total packets 490 RTS 0 total bytes 2002140 in_flight now 0 fair_inc 44199 prop_inc 23460 fast_inc 0 eta_inc 28012 multi_dec -95683 quick_dec -0 nack_dec -141100
Flow Uec_132_4 flowId 14 uecSrc 13 finished at 737.027 total messages 1 total packets 491 RTS 1 total bytes 2002140 in_flight now 0 fair_inc 26898 prop_inc 95606 fast_inc 4041 eta_inc 28608 multi_dec -128343 quick_dec -11635 nack_dec -141100
Flow Uec_73_201 flowId 106 uecSrc 105 finished at 755.082 total messages 1 total packets 490 RTS 0 total bytes 2002140 in_flight now 0 fair_inc 41073 prop_inc 46753 fast_inc 0 eta_inc 30992 multi_dec -37186 quick_dec -12383 nack_dec -186750
Flow Uec_154_26 flowId 10 uecSrc 9 finished at 755.577 total messages 1 total packets 491 RTS 1 total bytes 2002140 in_flight now 0 fair_inc 28563 prop_inc 58006 fast_inc 0 eta_inc 29204 multi_dec -149341 quick_dec -0 nack_dec -87150
Flow Uec_85_213 flowId 176 uecSrc 175 finished at 766.159 total messages 1 total packets 490 RTS 0 total bytes 2002140 in_flight now 0 fair_inc 34868 prop_inc 48704 fast_inc 0 eta_inc 25628 multi_dec -125962 quick_dec -0 nack_dec -107900
Flow Uec_98_226 flowId 178 uecSrc 177 finished at 801.375 total messages 1 total packets 490 RTS 0 total bytes 2002140 in_flight now 0 fair_inc 72891 prop_inc 18364 fast_inc 0 eta_inc 27416 multi_dec -119897 quick_dec -0 nack_dec -145250
Flow Uec_104_232 flowId 85 uecSrc 84 finished at 802.21 total messages 1 total packets 490 RTS 0 total bytes 2002140 in_flight now 0 fair_inc 82484 prop_inc 16095 fast_inc 0 eta_inc 35760 multi_dec -138163 quick_dec -0 nack_dec -145250
Flow Uec_79_207 flowId 63 uecSrc 62 finished at 808.867 total messages 1 total packets 490 RTS 0 total bytes 2002140 in_flight now 0 fair_inc 41585 prop_inc 73433 fast_inc 0 eta_inc 30992 multi_dec -109309 quick_dec -2195 nack_dec -136950
Flow Uec_100_228 flowId 105 uecSrc 104 finished at 823.685 total messages 1 total packets 490 RTS 0 total bytes 2002140 in_flight now 0 fair_inc 79353 prop_inc 23224 fast_inc 0 eta_inc 24436 multi_dec -59273 quick_dec -36100 nack_dec -170150
Flow Uec_124_252 flowId 76 uecSrc 75 finished at 825.889 total messages 1 total packets 490 RTS 0 total bytes 2002140 in_flight now 0 fair_inc 69396 prop_inc 12974 fast_inc 0 eta_inc 23244 multi_dec -46124 quick_dec -33547 nack_dec -170150
Flow Uec_95_223 flowId 169 uecSrc 168 finished at 837.378 total messages 1 total packets 490 RTS 0 total bytes 2002140 in_flight now 0 fair_inc 48896 prop_inc 74992 fast_inc 0 eta_inc 34568 multi_dec -146766 quick_dec -752 nack_dec -120350
Flow Uec_101_229 flowId 12 uecSrc 11 finished at 843.338 total messages 1 total packets 490 RTS 0 total bytes 2002140 in_flight now 0 fair_inc 66044 prop_inc 31721 fast_inc 23724 eta_inc 29800 multi_dec -69132 quick_dec -54893 nack_dec -153550
Flow Uec_96_224 flowId 158 uecSrc 157 finished at 843.847 total messages 1 total packets 490 RTS 0 total bytes 2002140 in_flight now 0 fair_inc 43402 prop_inc 80036 fast_inc 0 eta_inc 31588 multi_dec -158549 quick_dec -4196 nack_dec -103750
Flow Uec_125_253 flowId 191 uecSrc 190 finished at 849.622 total messages 1 total packets 490 RTS 0 total bytes 2002140 in_flight now 0 fair_inc 71319 prop_inc 12633 fast_inc 0 eta_inc 29204 multi_dec -89927 quick_dec -0 nack_dec -161850
Flow Uec_78_206 flowId 124 uecSrc 123 finished at 850.735 total messages 1 total packets 490 RTS 0 total bytes 2002140 in_flight now 0 fair_inc 39380 prop_inc 98815 fast_inc 0 eta_inc 32184 multi_dec -143270 quick_dec -3182 nack_dec -120350
Flow Uec_77_205 flowId 131 uecSrc 130 finished at 859.09 total messages 1 total packets 490 RTS 0 total bytes 2002140 in_flight now 0 fair_inc 70291 prop_inc 25060 fast_inc 0 eta_inc 29204 multi_dec -113860 quick_dec -0 nack_dec -149400
Flow Uec_58_186 flowId 35 uecSrc 34 finished at 880.869 total messages 1 total packets 491 RTS 1 total bytes 2002140 in_flight now 0 fair_inc 44181 prop_inc 76689 fast_inc 0 eta_inc 26820 multi_dec -79 quick_dec -184745 nack_dec -12450
Flow Uec_176_48 flowId 113 uecSrc 112 finished at 884.717 total messages 1 total packets 490 RTS 0 total bytes 2002140 in_flight now 0 fair_inc 30701 prop_inc 125005 fast_inc 0 eta_inc 26820 multi_dec -42042 quick_dec -53701 nack_dec -145250
Flow Uec_69_197 flowId 137 uecSrc 136 finished at 924.645 total messages 1 total packets 490 RTS 0 total bytes 2002140 in_flight now 0 fair_inc 42149 prop_inc 37111 fast_inc 0 eta_inc 36952 multi_dec -85556 quick_dec -0 nack_dec -174300
Flow Uec_120_248 flowId 192 uecSrc 191 finished at 945.928 total messages 1 total packets 490 RTS 0 total bytes 2002140 in_flight now 0 fair_inc 70190 prop_inc 42498 fast_inc 0 eta_inc 39336 multi_dec -109350 quick_dec -14520 nack_dec -166000
Flow Uec_126_254 flowId 47 uecSrc 46 finished at 977.201 total messages 1 total packets 490 RTS 0 total bytes 2002140 in_flight now 0 fair_inc 22605 prop_inc 57701 fast_inc 19193 eta_inc 38144 multi_dec -135347 quick_dec --712 nack_dec -116200
Flow Uec_61_189 flowId 83 uecSrc 82 finished at 994.601 total messages 1 total packets 490 RTS 0 total bytes 2002140 in_flight now 0 fair_inc 37150 prop_inc 55594 fast_inc 0 eta_inc 33376 multi_dec -15768 quick_dec -183962 nack_dec -16600
Flow Uec_80_208 flowId 133 uecSrc 132 finished at 996.603 total messages 1 total packets 490 RTS 0 total bytes 2002140 in_flight now 0 fair_inc 58300 prop_inc 60696 fast_inc 0 eta_inc 32780 multi_dec -130541 quick_dec -3304 nack_dec -141100
Flow Uec_121_249 flowId 134 uecSrc 133 finished at 1012.02 total messages 1 total packets 490 RTS 0 total bytes 2002140 in_flight now 0 fair_inc 42545 prop_inc 61646 fast_inc 44939 eta_inc 35164 multi_dec -111059 quick_dec --531 nack_dec -153550
.Done
New: 94080 Rtx: 4430 RTS: 156 Bounced: 0 ACKs: 73710 NACKs: 3725 Pulls: 0 sleek_pkts: 0
