traffic matrix input file: connection_matrices/load_sweep/load0.85_n256_seed3.cm
Load balancing algorithm set to reps
no_of_nodes 256
Dragonfly+ strategy: FPAR
Setting queuesize to 50 packets
endtime(us) 100000
random seed 3
Packet size (MTU) is 4150
Parsed args
Logging to reps_dfp_results/reps_final_sweep/load0.85_reps_seed3.dat
Loading connection matrix from connection_matrices/load_sweep/load0.85_n256_seed3.cm
Nodes: 256 Connections: 218 Triggers: 0 Failures: 0
Setting ECN low 33200 high 120350
Dragonfly+ with medium topology type
Link latencies: 1 and switch latencies: 0
queue_id 2 ecn_low 33200 ecn_high 120350
DragonFly+ constructor done, 392 nodes created
Note: topology supports 392 hosts; 136 host port(s) will be unused.
network_max_unloaded_rtt 11.6856 us
Setting min RTO to 114.6
Per-hop RTT normalization: ON (strategy fpar)
Initializing static NSCC parameters: _reference_network_linkspeed=100000000000 _reference_network_rtt=12000000 _reference_network_bdp=150000 _target_Qdelay=8764200 _network_linkspeed=100000000000 _network_rtt=11685600 _network_bdp=146070 _qa_gate=2^3 _qa_threshold=3.50568e+07 _scaling_factor_a=0.9738 _scaling_factor_b=0.73035 _alpha=0.00132632 _fi=19894.7 _eta=596.842 _qa_scaling=1 _gamma=0.8 _fi_scale=0.24345 _delay_alpha=0.0125 _adjust_period_threshold=11685600 _adjust_bytes_threshold=33200
Initialize per-instance NSCC parameters: flowid 1 _base_rtt=11685600 _base_bdp=146070 _bdp=146070 _min_cwnd=4150 _maxwnd=219105 _cwnd=219105
Initialize per-instance NSCC parameters: flowid 2 _base_rtt=11685600 _base_bdp=146070 _bdp=146070 _min_cwnd=4150 _maxwnd=219105 _cwnd=219105
Initialize per-instance NSCC parameters: flowid 3 _base_rtt=11685600 _base_bdp=146070 _bdp=146070 _min_cwnd=4150 _maxwnd=219105 _cwnd=219105
Initialize per-instance NSCC parameters: flowid 4 _base_rtt=11685600 _base_bdp=146070 _bdp=146070 _min_cwnd=4150 _maxwnd=219105 _cwnd=219105
Initialize per-instance NSCC parameters: flowid 5 _base_rtt=11685600 _base_bdp=146070 _bdp=146070 _min_cwnd=4150 _maxwnd=219105 _cwnd=219105
Initialize per-instance NSCC parameters: flowid 6 _base_rtt=11685600 _base_bdp=146070 _bdp=146070 _min_cwnd=4150 _maxwnd=219105 _cwnd=219105
Initialize per-instance NSCC parameters: flowid 7 _base_rtt=11685600 _base_bdp=146070 _bdp=146070 _min_cwnd=4150 _maxwnd=219105 _cwnd=219105
Initialize per-instance NSCC parameters: flowid 8 _base_rtt=11685600 _base_bdp=146070 _bdp=146070 _min_cwnd=4150 _maxwnd=219105 _cwnd=219105
Initialize per-instance NSCC parameters: flowid 9 _base_rtt=11685600 _base_bdp=146070 _bdp=146070 _min_cwnd=4150 _maxwnd=219105 _cwnd=219105
Initialize per-instance NSCC parameters: flowid 10 _base_rtt=11685600 _base_bdp=146070 _bdp=146070 _min_cwnd=4150 _maxwnd=219105 _cwnd=219105
Initialize per-instance NSCC parameters: flowid 11 _base_rtt=11685600 _base_bdp=146070 _bdp=146070 _min_cwnd=4150 _maxwnd=219105 _cwnd=219105
Initialize per-instance NSCC parameters: flowid 12 _base_rtt=11685600 _base_bdp=146070 _bdp=146070 _min_cwnd=4150 _maxwnd=219105 _cwnd=219105
Initialize per-instance NSCC parameters: flowid 13 _base_rtt=11685600 _base_bdp=146070 _bdp=146070 _min_cwnd=4150 _maxwnd=219105 _cwnd=219105
Initialize per-instance NSCC parameters: flowid 14 _base_rtt=11685600 _base_bdp=146070 _bdp=146070 _min_cwnd=4150 _maxwnd=219105 _cwnd=219105
Initialize per-instance NSCC parameters: flowid 15 _base_rtt=11685600 _base_bdp=146070 _bdp=146070 _min_cwnd=4150 _maxwnd=219105 _cwnd=219105
Initialize per-instance NSCC parameters: flowid 16 _base_rtt=11685600 _base_bdp=146070 _bdp=146070 _min_cwnd=4150 _maxwnd=219105 _cwnd=219105
Initialize per-instance NSCC parameters: flowid 17 _base_rtt=11685600 _base_bdp=146070 _bdp=146070 _min_cwnd=4150 _maxwnd=219105 _cwnd=219105
Initialize per-instance NSCC parameters: flowid 18 _base_rtt=11685600 _base_bdp=146070 _bdp=146070 _min_cwnd=4150 _maxwnd=219105 _cwnd=219105
Initialize per-instance NSCC parameters: flowid 19 _base_rtt=11685600 _base_bdp=146070 _bdp=146070 _min_cwnd=4150 _maxwnd=219105 _cwnd=219105
Initialize per-instance NSCC parameters: flowid 20 _base_rtt=11685600 _base_bdp=146070 _bdp=146070 _min_cwnd=4150 _maxwnd=219105 _cwnd=219105
Initialize per-instance NSCC parameters: flowid 21 _base_rtt=11685600 _base_bdp=146070 _bdp=146070 _min_cwnd=4150 _maxwnd=219105 _cwnd=219105
Initialize per-instance NSCC parameters: flowid 22 _base_rtt=11685600 _base_bdp=146070 _bdp=146070 _min_cwnd=4150 _maxwnd=219105 _cwnd=219105
Initialize per-instance NSCC parameters: flowid 23 _base_rtt=11685600 _base_bdp=146070 _bdp=146070 _min_cwnd=4150 _maxwnd=219105 _cwnd=219105
Initialize per-instance NSCC parameters: flowid 24 _base_rtt=11685600 _base_bdp=146070 _bdp=146070 _min_cwnd=4150 _maxwnd=219105 _cwnd=219105
Initialize per-instance NSCC parameters: flowid 25 _base_rtt=11685600 _base_bdp=146070 _bdp=146070 _min_cwnd=4150 _maxwnd=219105 _cwnd=219105
Initialize per-instance NSCC parameters: flowid 26 _base_rtt=11685600 _base_bdp=146070 _bdp=146070 _min_cwnd=4150 _maxwnd=219105 _cwnd=219105
Initialize per-instance NSCC parameters: flowid 27 _base_rtt=11685600 _base_bdp=146070 _bdp=146070 _min_cwnd=4150 _maxwnd=219105 _cwnd=219105
Initialize per-instance NSCC parameters: flowid 28 _base_rtt=11685600 _base_bdp=146070 _bdp=146070 _min_cwnd=4150 _maxwnd=219105 _cwnd=219105
Initialize per-instance NSCC parameters: flowid 29 _base_rtt=11685600 _base_bdp=146070 _bdp=146070 _min_cwnd=4150 _maxwnd=219105 _cwnd=219105
Initialize per-instance NSCC parameters: flowid 30 _base_rtt=11685600 _base_bdp=146070 _bdp=146070 _min_cwnd=4150 _maxwnd=219105 _cwnd=219105
Initialize per-instance NSCC parameters: flowid 31 _base_rtt=11685600 _base_bdp=146070 _bdp=146070 _min_cwnd=4150 _maxwnd=219105 _cwnd=219105
Initialize per-instance NSCC parameters: flowid 32 _base_rtt=11685600 _base_bdp=146070 _bdp=146070 _min_cwnd=4150 _maxwnd=219105 _cwnd=219105
Initialize per-instance NSCC parameters: flowid 33 _base_rtt=11685600 _base_bdp=146070 _bdp=146070 _min_cwnd=4150 _maxwnd=219105 _cwnd=219105
Initialize per-instance NSCC parameters: flowid 34 _base_rtt=11685600 _base_bdp=146070 _bdp=146070 _min_cwnd=4150 _maxwnd=219105 _cwnd=219105
Initialize per-instance NSCC parameters: flowid 35 _base_rtt=11685600 _base_bdp=146070 _bdp=146070 _min_cwnd=4150 _maxwnd=219105 _cwnd=219105
Initialize per-instance NSCC parameters: flowid 36 _base_rtt=11685600 _base_bdp=146070 _bdp=146070 _min_cwnd=4150 _maxwnd=219105 _cwnd=219105
Initialize per-instance NSCC parameters: flowid 37 _base_rtt=11685600 _base_bdp=146070 _bdp=146070 _min_cwnd=4150 _maxwnd=219105 _cwnd=219105
Initialize per-instance NSCC parameters: flowid 38 _base_rtt=11685600 _base_bdp=146070 _bdp=146070 _min_cwnd=4150 _maxwnd=219105 _cwnd=219105
Initialize per-instance NSCC parameters: flowid 39 _base_rtt=11685600 _base_bdp=146070 _bdp=146070 _min_cwnd=4150 _maxwnd=219105 _cwnd=219105
Initialize per-instance NSCC parameters: flowid 40 _base_rtt=11685600 _base_bdp=146070 _bdp=146070 _min_cwnd=4150 _maxwnd=219105 _cwnd=219105
Initialize per-instance NSCC parameters: flowid 41 _base_rtt=11685600 _base_bdp=146070 _bdp=146070 _min_cwnd=4150 _maxwnd=219105 _cwnd=219105
Initialize per-instance NSCC parameters: flowid 42 _base_rtt=11685600 _base_bdp=146070 _bdp=146070 _min_cwnd=4150 _maxwnd=219105 _cwnd=219105
Initialize per-instance NSCC parameters: flowid 43 _base_rtt=11685600 _base_bdp=146070 _bdp=146070 _min_cwnd=4150 _maxwnd=219105 _cwnd=219105
Initialize per-instance NSCC parameters: flowid 44 _base_rtt=11685600 _base_bdp=146070 _bdp=146070 _min_cwnd=4150 _maxwnd=219105 _cwnd=219105
Initialize per-instance NSCC parameters: flowid 45 _base_rtt=11685600 _base_bdp=146070 _bdp=146070 _min_cwnd=4150 _maxwnd=219105 _cwnd=219105
Initialize per-instance NSCC parameters: flowid 46 _base_rtt=11685600 _base_bdp=146070 _bdp=146070 _min_cwnd=4150 _maxwnd=219105 _cwnd=219105
Initialize per-instance NSCC parameters: flowid 47 _base_rtt=11685600 _base_bdp=146070 _bdp=146070 _min_cwnd=4150 _maxwnd=219105 _cwnd=219105
Initialize per-instance NSCC parameters: flowid 48 _base_rtt=11685600 _base_bdp=146070 _bdp=146070 _min_cwnd=4150 _maxwnd=219105 _cwnd=219105
Initialize per-instance NSCC parameters: flowid 49 _base_rtt=11685600 _base_bdp=146070 _bdp=146070 _min_cwnd=4150 _maxwnd=219105 _cwnd=219105
Initialize per-instance NSCC parameters: flowid 50 _base_rtt=11685600 _base_bdp=146070 _bdp=146070 _min_cwnd=4150 _maxwnd=219105 _cwnd=219105
Initialize per-instance NSCC parameters: flowid 51 _base_rtt=11685600 _base_bdp=146070 _bdp=146070 _min_cwnd=4150 _maxwnd=219105 _cwnd=219105
Initialize per-instance NSCC parameters: flowid 52 _base_rtt=11685600 _base_bdp=146070 _bdp=146070 _min_cwnd=4150 _maxwnd=219105 _cwnd=219105
Initialize per-instance NSCC parameters: flowid 53 _base_rtt=11685600 _base_bdp=146070 _bdp=146070 _min_cwnd=4150 _maxwnd=219105 _cwnd=219105
Initialize per-instance NSCC parameters: flowid 54 _base_rtt=11685600 _base_bdp=146070 _bdp=146070 _min_cwnd=4150 _maxwnd=219105 _cwnd=219105
Initialize per-instance NSCC parameters: flowid 55 _base_rtt=11685600 _base_bdp=146070 _bdp=146070 _min_cwnd=4150 _maxwnd=219105 _cwnd=219105
Initialize per-instance NSCC parameters: flowid 56 _base_rtt=11685600 _base_bdp=146070 _bdp=146070 _min_cwnd=4150 _maxwnd=219105 _cwnd=219105
Initialize per-instance NSCC parameters: flowid 57 _base_rtt=11685600 _base_bdp=146070 _bdp=146070 _min_cwnd=4150 _maxwnd=219105 _cwnd=219105
Initialize per-instance NSCC parameters: flowid 58 _base_rtt=11685600 _base_bdp=146070 _bdp=146070 _min_cwnd=4150 _maxwnd=219105 _cwnd=219105
Initialize per-instance NSCC parameters: flowid 59 _base_rtt=11685600 _base_bdp=146070 _bdp=146070 _min_cwnd=4150 _maxwnd=219105 _cwnd=219105
Initialize per-instance NSCC parameters: flowid 60 _base_rtt=11685600 _base_bdp=146070 _bdp=146070 _min_cwnd=4150 _maxwnd=219105 _cwnd=219105
Initialize per-instance NSCC parameters: flowid 61 _base_rtt=11685600 _base_bdp=146070 _bdp=146070 _min_cwnd=4150 _maxwnd=219105 _cwnd=219105
Initialize per-instance NSCC parameters: flowid 62 _base_rtt=11685600 _base_bdp=146070 _bdp=146070 _min_cwnd=4150 _maxwnd=219105 _cwnd=219105
Initialize per-instance NSCC parameters: flowid 63 _base_rtt=11685600 _base_bdp=146070 _bdp=146070 _min_cwnd=4150 _maxwnd=219105 _cwnd=219105
Initialize per-instance NSCC parameters: flowid 64 _base_rtt=11685600 _base_bdp=146070 _bdp=146070 _min_cwnd=4150 _maxwnd=219105 _cwnd=219105
Initialize per-instance NSCC parameters: flowid 65 _base_rtt=11685600 _base_bdp=146070 _bdp=146070 _min_cwnd=4150 _maxwnd=219105 _cwnd=219105
Initialize per-instance NSCC parameters: flowid 66 _base_rtt=11685600 _base_bdp=146070 _bdp=146070 _min_cwnd=4150 _maxwnd=219105 _cwnd=219105
Initialize per-instance NSCC parameters: flowid 67 _base_rtt=11685600 _base_bdp=146070 _bdp=146070 _min_cwnd=4150 _maxwnd=219105 _cwnd=219105
Initialize per-instance NSCC parameters: flowid 68 _base_rtt=11685600 _base_bdp=146070 _bdp=146070 _min_cwnd=4150 _maxwnd=219105 _cwnd=219105
Initialize per-instance NSCC parameters: flowid 69 _base_rtt=11685600 _base_bdp=146070 _bdp=146070 _min_cwnd=4150 _maxwnd=219105 _cwnd=219105
Initialize per-instance NSCC parameters: flowid 70 _base_rtt=11685600 _base_bdp=146070 _bdp=146070 _min_cwnd=4150 _maxwnd=219105 _cwnd=219105
Initialize per-instance NSCC parameters: flowid 71 _base_rtt=11685600 _base_bdp=146070 _bdp=146070 _min_cwnd=4150 _maxwnd=219105 _cwnd=219105
Initialize per-instance NSCC parameters: flowid 72 _base_rtt=11685600 _base_bdp=146070 _bdp=146070 _min_cwnd=4150 _maxwnd=219105 _cwnd=219105
Initialize per-instance NSCC parameters: flowid 73 _base_rtt=11685600 _base_bdp=146070 _bdp=146070 _min_cwnd=4150 _maxwnd=219105 _cwnd=219105
Initialize per-instance NSCC parameters: flowid 74 _base_rtt=11685600 _base_bdp=146070 _bdp=146070 _min_cwnd=4150 _maxwnd=219105 _cwnd=219105
Initialize per-instance NSCC parameters: flowid 75 _base_rtt=11685600 _base_bdp=146070 _bdp=146070 _min_cwnd=4150 _maxwnd=219105 _cwnd=219105
Initialize per-instance NSCC parameters: flowid 76 _base_rtt=11685600 _base_bdp=146070 _bdp=146070 _min_cwnd=4150 _maxwnd=219105 _cwnd=219105
Initialize per-instance NSCC parameters: flowid 77 _base_rtt=11685600 _base_bdp=146070 _bdp=146070 _min_cwnd=4150 _maxwnd=219105 _cwnd=219105
Initialize per-instance NSCC parameters: flowid 78 _base_rtt=11685600 _base_bdp=146070 _bdp=146070 _min_cwnd=4150 _maxwnd=219105 _cwnd=219105
Initialize per-instance NSCC parameters: flowid 79 _base_rtt=11685600 _base_bdp=146070 _bdp=146070 _min_cwnd=4150 _maxwnd=219105 _cwnd=219105
Initialize per-instance NSCC parameters: flowid 80 _base_rtt=11685600 _base_bdp=146070 _bdp=146070 _min_cwnd=4150 _maxwnd=219105 _cwnd=219105
Initialize per-instance NSCC parameters: flowid 81 _base_rtt=11685600 _base_bdp=146070 _bdp=146070 _min_cwnd=4150 _maxwnd=219105 _cwnd=219105
Initialize per-instance NSCC parameters: flowid 82 _base_rtt=11685600 _base_bdp=146070 _bdp=146070 _min_cwnd=4150 _maxwnd=219105 _cwnd=219105
Initialize per-instance NSCC parameters: flowid 83 _base_rtt=11685600 _base_bdp=146070 _bdp=146070 _min_cwnd=4150 _maxwnd=219105 _cwnd=219105
Initialize per-instance NSCC parameters: flowid 84 _base_rtt=11685600 _base_bdp=146070 _bdp=146070 _min_cwnd=4150 _maxwnd=219105 _cwnd=219105
Initialize per-instance NSCC parameters: flowid 85 _base_rtt=11685600 _base_bdp=146070 _bdp=146070 _min_cwnd=4150 _maxwnd=219105 _cwnd=219105
Initialize per-instance NSCC parameters: flowid 86 _base_rtt=11685600 _base_bdp=146070 _bdp=146070 _min_cwnd=4150 _maxwnd=219105 _cwnd=219105
Initialize per-instance NSCC parameters: flowid 87 _base_rtt=11685600 _base_bdp=146070 _bdp=146070 _min_cwnd=4150 _maxwnd=219105 _cwnd=219105
Initialize per-instance NSCC parameters: flowid 88 _base_rtt=11685600 _base_bdp=146070 _bdp=146070 _min_cwnd=4150 _maxwnd=219105 _cwnd=219105
Initialize per-instance NSCC parameters: flowid 89 _base_rtt=11685600 _base_bdp=146070 _bdp=146070 _min_cwnd=4150 _maxwnd=219105 _cwnd=219105
Initialize per-instance NSCC parameters: flowid 90 _base_rtt=11685600 _base_bdp=146070 _bdp=146070 _min_cwnd=4150 _maxwnd=219105 _cwnd=219105
Initialize per-instance NSCC parameters: flowid 91 _base_rtt=11685600 _base_bdp=146070 _bdp=146070 _min_cwnd=4150 _maxwnd=219105 _cwnd=219105
Initialize per-instance NSCC parameters: flowid 92 _base_rtt=11685600 _base_bdp=146070 _bdp=146070 _min_cwnd=4150 _maxwnd=219105 _cwnd=219105
Initialize per-instance NSCC parameters: flowid 93 _base_rtt=11685600 _base_bdp=146070 _bdp=146070 _min_cwnd=4150 _maxwnd=219105 _cwnd=219105
Initialize per-instance NSCC parameters: flowid 94 _base_rtt=11685600 _base_bdp=146070 _bdp=146070 _min_cwnd=4150 _maxwnd=219105 _cwnd=219105
Initialize per-instance NSCC parameters: flowid 95 _base_rtt=11685600 _base_bdp=146070 _bdp=146070 _min_cwnd=4150 _maxwnd=219105 _cwnd=219105
Initialize per-instance NSCC parameters: flowid 96 _base_rtt=11685600 _base_bdp=146070 _bdp=146070 _min_cwnd=4150 _maxwnd=219105 _cwnd=219105
Initialize per-instance NSCC parameters: flowid 97 _base_rtt=11685600 _base_bdp=146070 _bdp=146070 _min_cwnd=4150 _maxwnd=219105 _cwnd=219105
Initialize per-instance NSCC parameters: flowid 98 _base_rtt=11685600 _base_bdp=146070 _bdp=146070 _min_cwnd=4150 _maxwnd=219105 _cwnd=219105
Initialize per-instance NSCC parameters: flowid 99 _base_rtt=11685600 _base_bdp=146070 _bdp=146070 _min_cwnd=4150 _maxwnd=219105 _cwnd=219105
Initialize per-instance NSCC parameters: flowid 100 _base_rtt=11685600 _base_bdp=146070 _bdp=146070 _min_cwnd=4150 _maxwnd=219105 _cwnd=219105
Initialize per-instance NSCC parameters: flowid 101 _base_rtt=11685600 _base_bdp=146070 _bdp=146070 _min_cwnd=4150 _maxwnd=219105 _cwnd=219105
Initialize per-instance NSCC parameters: flowid 102 _base_rtt=11685600 _base_bdp=146070 _bdp=146070 _min_cwnd=4150 _maxwnd=219105 _cwnd=219105
Initialize per-instance NSCC parameters: flowid 103 _base_rtt=11685600 _base_bdp=146070 _bdp=146070 _min_cwnd=4150 _maxwnd=219105 _cwnd=219105
Initialize per-instance NSCC parameters: flowid 104 _base_rtt=11685600 _base_bdp=146070 _bdp=146070 _min_cwnd=4150 _maxwnd=219105 _cwnd=219105
Initialize per-instance NSCC parameters: flowid 105 _base_rtt=11685600 _base_bdp=146070 _bdp=146070 _min_cwnd=4150 _maxwnd=219105 _cwnd=219105
Initialize per-instance NSCC parameters: flowid 106 _base_rtt=11685600 _base_bdp=146070 _bdp=146070 _min_cwnd=4150 _maxwnd=219105 _cwnd=219105
Initialize per-instance NSCC parameters: flowid 107 _base_rtt=11685600 _base_bdp=146070 _bdp=146070 _min_cwnd=4150 _maxwnd=219105 _cwnd=219105
Initialize per-instance NSCC parameters: flowid 108 _base_rtt=11685600 _base_bdp=146070 _bdp=146070 _min_cwnd=4150 _maxwnd=219105 _cwnd=219105
Initialize per-instance NSCC parameters: flowid 109 _base_rtt=11685600 _base_bdp=146070 _bdp=146070 _min_cwnd=4150 _maxwnd=219105 _cwnd=219105
Initialize per-instance NSCC parameters: flowid 110 _base_rtt=11685600 _base_bdp=146070 _bdp=146070 _min_cwnd=4150 _maxwnd=219105 _cwnd=219105
Initialize per-instance NSCC parameters: flowid 111 _base_rtt=11685600 _base_bdp=146070 _bdp=146070 _min_cwnd=4150 _maxwnd=219105 _cwnd=219105
Initialize per-instance NSCC parameters: flowid 112 _base_rtt=11685600 _base_bdp=146070 _bdp=146070 _min_cwnd=4150 _maxwnd=219105 _cwnd=219105
Initialize per-instance NSCC parameters: flowid 113 _base_rtt=11685600 _base_bdp=146070 _bdp=146070 _min_cwnd=4150 _maxwnd=219105 _cwnd=219105
Initialize per-instance NSCC parameters: flowid 114 _base_rtt=11685600 _base_bdp=146070 _bdp=146070 _min_cwnd=4150 _maxwnd=219105 _cwnd=219105
Initialize per-instance NSCC parameters: flowid 115 _base_rtt=11685600 _base_bdp=146070 _bdp=146070 _min_cwnd=4150 _maxwnd=219105 _cwnd=219105
Initialize per-instance NSCC parameters: flowid 116 _base_rtt=11685600 _base_bdp=146070 _bdp=146070 _min_cwnd=4150 _maxwnd=219105 _cwnd=219105
Initialize per-instance NSCC parameters: flowid 117 _base_rtt=11685600 _base_bdp=146070 _bdp=146070 _min_cwnd=4150 _maxwnd=219105 _cwnd=219105
Initialize per-instance NSCC parameters: flowid 118 _base_rtt=11685600 _base_bdp=146070 _bdp=146070 _min_cwnd=4150 _maxwnd=219105 _cwnd=219105
Initialize per-instance NSCC parameters: flowid 119 _base_rtt=11685600 _base_bdp=146070 _bdp=146070 _min_cwnd=4150 _maxwnd=219105 _cwnd=219105
Initialize per-instance NSCC parameters: flowid 120 _base_rtt=11685600 _base_bdp=146070 _bdp=146070 _min_cwnd=4150 _maxwnd=219105 _cwnd=219105
Initialize per-instance NSCC parameters: flowid 121 _base_rtt=11685600 _base_bdp=146070 _bdp=146070 _min_cwnd=4150 _maxwnd=219105 _cwnd=219105
Initialize per-instance NSCC parameters: flowid 122 _base_rtt=11685600 _base_bdp=146070 _bdp=146070 _min_cwnd=4150 _maxwnd=219105 _cwnd=219105
Initialize per-instance NSCC parameters: flowid 123 _base_rtt=11685600 _base_bdp=146070 _bdp=146070 _min_cwnd=4150 _maxwnd=219105 _cwnd=219105
Initialize per-instance NSCC parameters: flowid 124 _base_rtt=11685600 _base_bdp=146070 _bdp=146070 _min_cwnd=4150 _maxwnd=219105 _cwnd=219105
Initialize per-instance NSCC parameters: flowid 125 _base_rtt=11685600 _base_bdp=146070 _bdp=146070 _min_cwnd=4150 _maxwnd=219105 _cwnd=219105
Initialize per-instance NSCC parameters: flowid 126 _base_rtt=11685600 _base_bdp=146070 _bdp=146070 _min_cwnd=4150 _maxwnd=219105 _cwnd=219105
Initialize per-instance NSCC parameters: flowid 127 _base_rtt=11685600 _base_bdp=146070 _bdp=146070 _min_cwnd=4150 _maxwnd=219105 _cwnd=219105
Initialize per-instance NSCC parameters: flowid 128 _base_rtt=11685600 _base_bdp=146070 _bdp=146070 _min_cwnd=4150 _maxwnd=219105 _cwnd=219105
Initialize per-instance NSCC parameters: flowid 129 _base_rtt=11685600 _base_bdp=146070 _bdp=146070 _min_cwnd=4150 _maxwnd=219105 _cwnd=219105
Initialize per-instance NSCC parameters: flowid 130 _base_rtt=11685600 _base_bdp=146070 _bdp=146070 _min_cwnd=4150 _maxwnd=219105 _cwnd=219105
Initialize per-instance NSCC parameters: flowid 131 _base_rtt=11685600 _base_bdp=146070 _bdp=146070 _min_cwnd=4150 _maxwnd=219105 _cwnd=219105
Initialize per-instance NSCC parameters: flowid 132 _base_rtt=11685600 _base_bdp=146070 _bdp=146070 _min_cwnd=4150 _maxwnd=219105 _cwnd=219105
Initialize per-instance NSCC parameters: flowid 133 _base_rtt=11685600 _base_bdp=146070 _bdp=146070 _min_cwnd=4150 _maxwnd=219105 _cwnd=219105
Initialize per-instance NSCC parameters: flowid 134 _base_rtt=11685600 _base_bdp=146070 _bdp=146070 _min_cwnd=4150 _maxwnd=219105 _cwnd=219105
Initialize per-instance NSCC parameters: flowid 135 _base_rtt=11685600 _base_bdp=146070 _bdp=146070 _min_cwnd=4150 _maxwnd=219105 _cwnd=219105
Initialize per-instance NSCC parameters: flowid 136 _base_rtt=11685600 _base_bdp=146070 _bdp=146070 _min_cwnd=4150 _maxwnd=219105 _cwnd=219105
Initialize per-instance NSCC parameters: flowid 137 _base_rtt=11685600 _base_bdp=146070 _bdp=146070 _min_cwnd=4150 _maxwnd=219105 _cwnd=219105
Initialize per-instance NSCC parameters: flowid 138 _base_rtt=11685600 _base_bdp=146070 _bdp=146070 _min_cwnd=4150 _maxwnd=219105 _cwnd=219105
Initialize per-instance NSCC parameters: flowid 139 _base_rtt=11685600 _base_bdp=146070 _bdp=146070 _min_cwnd=4150 _maxwnd=219105 _cwnd=219105
Initialize per-instance NSCC parameters: flowid 140 _base_rtt=11685600 _base_bdp=146070 _bdp=146070 _min_cwnd=4150 _maxwnd=219105 _cwnd=219105
Initialize per-instance NSCC parameters: flowid 141 _base_rtt=11685600 _base_bdp=146070 _bdp=146070 _min_cwnd=4150 _maxwnd=219105 _cwnd=219105
Initialize per-instance NSCC parameters: flowid 142 _base_rtt=11685600 _base_bdp=146070 _bdp=146070 _min_cwnd=4150 _maxwnd=219105 _cwnd=219105
Initialize per-instance NSCC parameters: flowid 143 _base_rtt=11685600 _base_bdp=146070 _bdp=146070 _min_cwnd=4150 _maxwnd=219105 _cwnd=219105
Initialize per-instance NSCC parameters: flowid 144 _base_rtt=11685600 _base_bdp=146070 _bdp=146070 _min_cwnd=4150 _maxwnd=219105 _cwnd=219105
Initialize per-instance NSCC parameters: flowid 145 _base_rtt=11685600 _base_bdp=146070 _bdp=146070 _min_cwnd=4150 _maxwnd=219105 _cwnd=219105
Initialize per-instance NSCC parameters: flowid 146 _base_rtt=11685600 _base_bdp=146070 _bdp=146070 _min_cwnd=4150 _maxwnd=219105 _cwnd=219105
Initialize per-instance NSCC parameters: flowid 147 _base_rtt=11685600 _base_bdp=146070 _bdp=146070 _min_cwnd=4150 _maxwnd=219105 _cwnd=219105
Initialize per-instance NSCC parameters: flowid 148 _base_rtt=11685600 _base_bdp=146070 _bdp=146070 _min_cwnd=4150 _maxwnd=219105 _cwnd=219105
Initialize per-instance NSCC parameters: flowid 149 _base_rtt=11685600 _base_bdp=146070 _bdp=146070 _min_cwnd=4150 _maxwnd=219105 _cwnd=219105
Initialize per-instance NSCC parameters: flowid 150 _base_rtt=11685600 _base_bdp=146070 _bdp=146070 _min_cwnd=4150 _maxwnd=219105 _cwnd=219105
Initialize per-instance NSCC parameters: flowid 151 _base_rtt=11685600 _base_bdp=146070 _bdp=146070 _min_cwnd=4150 _maxwnd=219105 _cwnd=219105
Initialize per-instance NSCC parameters: flowid 152 _base_rtt=11685600 _base_bdp=146070 _bdp=146070 _min_cwnd=4150 _maxwnd=219105 _cwnd=219105
Initialize per-instance NSCC parameters: flowid 153 _base_rtt=11685600 _base_bdp=146070 _bdp=146070 _min_cwnd=4150 _maxwnd=219105 _cwnd=219105
Initialize per-instance NSCC parameters: flowid 154 _base_rtt=11685600 _base_bdp=146070 _bdp=146070 _min_cwnd=4150 _maxwnd=219105 _cwnd=219105
Initialize per-instance NSCC parameters: flowid 155 _base_rtt=11685600 _base_bdp=146070 _bdp=146070 _min_cwnd=4150 _maxwnd=219105 _cwnd=219105
Initialize per-instance NSCC parameters: flowid 156 _base_rtt=11685600 _base_bdp=146070 _bdp=146070 _min_cwnd=4150 _maxwnd=219105 _cwnd=219105
Initialize per-instance NSCC parameters: flowid 157 _base_rtt=11685600 _base_bdp=146070 _bdp=146070 _min_cwnd=4150 _maxwnd=219105 _cwnd=219105
Initialize per-instance NSCC parameters: flowid 158 _base_rtt=11685600 _base_bdp=146070 _bdp=146070 _min_cwnd=4150 _maxwnd=219105 _cwnd=219105
Initialize per-instance NSCC parameters: flowid 159 _base_rtt=11685600 _base_bdp=146070 _bdp=146070 _min_cwnd=4150 _maxwnd=219105 _cwnd=219105
Initialize per-instance NSCC parameters: flowid 160 _base_rtt=11685600 _base_bdp=146070 _bdp=146070 _min_cwnd=4150 _maxwnd=219105 _cwnd=219105
Initialize per-instance NSCC parameters: flowid 161 _base_rtt=11685600 _base_bdp=146070 _bdp=146070 _min_cwnd=4150 _maxwnd=219105 _cwnd=219105
Initialize per-instance NSCC parameters: flowid 162 _base_rtt=11685600 _base_bdp=146070 _bdp=146070 _min_cwnd=4150 _maxwnd=219105 _cwnd=219105
Initialize per-instance NSCC parameters: flowid 163 _base_rtt=11685600 _base_bdp=146070 _bdp=146070 _min_cwnd=4150 _maxwnd=219105 _cwnd=219105
Initialize per-instance NSCC parameters: flowid 164 _base_rtt=11685600 _base_bdp=146070 _bdp=146070 _min_cwnd=4150 _maxwnd=219105 _cwnd=219105
Initialize per-instance NSCC parameters: flowid 165 _base_rtt=11685600 _base_bdp=146070 _bdp=146070 _min_cwnd=4150 _maxwnd=219105 _cwnd=219105
Initialize per-instance NSCC parameters: flowid 166 _base_rtt=11685600 _base_bdp=146070 _bdp=146070 _min_cwnd=4150 _maxwnd=219105 _cwnd=219105
Initialize per-instance NSCC parameters: flowid 167 _base_rtt=11685600 _base_bdp=146070 _bdp=146070 _min_cwnd=4150 _maxwnd=219105 _cwnd=219105
Initialize per-instance NSCC parameters: flowid 168 _base_rtt=11685600 _base_bdp=146070 _bdp=146070 _min_cwnd=4150 _maxwnd=219105 _cwnd=219105
Initialize per-instance NSCC parameters: flowid 169 _base_rtt=11685600 _base_bdp=146070 _bdp=146070 _min_cwnd=4150 _maxwnd=219105 _cwnd=219105
Initialize per-instance NSCC parameters: flowid 170 _base_rtt=11685600 _base_bdp=146070 _bdp=146070 _min_cwnd=4150 _maxwnd=219105 _cwnd=219105
Initialize per-instance NSCC parameters: flowid 171 _base_rtt=11685600 _base_bdp=146070 _bdp=146070 _min_cwnd=4150 _maxwnd=219105 _cwnd=219105
Initialize per-instance NSCC parameters: flowid 172 _base_rtt=11685600 _base_bdp=146070 _bdp=146070 _min_cwnd=4150 _maxwnd=219105 _cwnd=219105
Initialize per-instance NSCC parameters: flowid 173 _base_rtt=11685600 _base_bdp=146070 _bdp=146070 _min_cwnd=4150 _maxwnd=219105 _cwnd=219105
Initialize per-instance NSCC parameters: flowid 174 _base_rtt=11685600 _base_bdp=146070 _bdp=146070 _min_cwnd=4150 _maxwnd=219105 _cwnd=219105
Initialize per-instance NSCC parameters: flowid 175 _base_rtt=11685600 _base_bdp=146070 _bdp=146070 _min_cwnd=4150 _maxwnd=219105 _cwnd=219105
Initialize per-instance NSCC parameters: flowid 176 _base_rtt=11685600 _base_bdp=146070 _bdp=146070 _min_cwnd=4150 _maxwnd=219105 _cwnd=219105
Initialize per-instance NSCC parameters: flowid 177 _base_rtt=11685600 _base_bdp=146070 _bdp=146070 _min_cwnd=4150 _maxwnd=219105 _cwnd=219105
Initialize per-instance NSCC parameters: flowid 178 _base_rtt=11685600 _base_bdp=146070 _bdp=146070 _min_cwnd=4150 _maxwnd=219105 _cwnd=219105
Initialize per-instance NSCC parameters: flowid 179 _base_rtt=11685600 _base_bdp=146070 _bdp=146070 _min_cwnd=4150 _maxwnd=219105 _cwnd=219105
Initialize per-instance NSCC parameters: flowid 180 _base_rtt=11685600 _base_bdp=146070 _bdp=146070 _min_cwnd=4150 _maxwnd=219105 _cwnd=219105
Initialize per-instance NSCC parameters: flowid 181 _base_rtt=11685600 _base_bdp=146070 _bdp=146070 _min_cwnd=4150 _maxwnd=219105 _cwnd=219105
Initialize per-instance NSCC parameters: flowid 182 _base_rtt=11685600 _base_bdp=146070 _bdp=146070 _min_cwnd=4150 _maxwnd=219105 _cwnd=219105
Initialize per-instance NSCC parameters: flowid 183 _base_rtt=11685600 _base_bdp=146070 _bdp=146070 _min_cwnd=4150 _maxwnd=219105 _cwnd=219105
Initialize per-instance NSCC parameters: flowid 184 _base_rtt=11685600 _base_bdp=146070 _bdp=146070 _min_cwnd=4150 _maxwnd=219105 _cwnd=219105
Initialize per-instance NSCC parameters: flowid 185 _base_rtt=11685600 _base_bdp=146070 _bdp=146070 _min_cwnd=4150 _maxwnd=219105 _cwnd=219105
Initialize per-instance NSCC parameters: flowid 186 _base_rtt=11685600 _base_bdp=146070 _bdp=146070 _min_cwnd=4150 _maxwnd=219105 _cwnd=219105
Initialize per-instance NSCC parameters: flowid 187 _base_rtt=11685600 _base_bdp=146070 _bdp=146070 _min_cwnd=4150 _maxwnd=219105 _cwnd=219105
Initialize per-instance NSCC parameters: flowid 188 _base_rtt=11685600 _base_bdp=146070 _bdp=146070 _min_cwnd=4150 _maxwnd=219105 _cwnd=219105
Initialize per-instance NSCC parameters: flowid 189 _base_rtt=11685600 _base_bdp=146070 _bdp=146070 _min_cwnd=4150 _maxwnd=219105 _cwnd=219105
Initialize per-instance NSCC parameters: flowid 190 _base_rtt=11685600 _base_bdp=146070 _bdp=146070 _min_cwnd=4150 _maxwnd=219105 _cwnd=219105
Initialize per-instance NSCC parameters: flowid 191 _base_rtt=11685600 _base_bdp=146070 _bdp=146070 _min_cwnd=4150 _maxwnd=219105 _cwnd=219105
Initialize per-instance NSCC parameters: flowid 192 _base_rtt=11685600 _base_bdp=146070 _bdp=146070 _min_cwnd=4150 _maxwnd=219105 _cwnd=219105
Initialize per-instance NSCC parameters: flowid 193 _base_rtt=11685600 _base_bdp=146070 _bdp=146070 _min_cwnd=4150 _maxwnd=219105 _cwnd=219105
Initialize per-instance NSCC parameters: flowid 194 _base_rtt=11685600 _base_bdp=146070 _bdp=146070 _min_cwnd=4150 _maxwnd=219105 _cwnd=219105
Initialize per-instance NSCC parameters: flowid 195 _base_rtt=11685600 _base_bdp=146070 _bdp=146070 _min_cwnd=4150 _maxwnd=219105 _cwnd=219105
Initialize per-instance NSCC parameters: flowid 196 _base_rtt=11685600 _base_bdp=146070 _bdp=146070 _min_cwnd=4150 _maxwnd=219105 _cwnd=219105
Initialize per-instance NSCC parameters: flowid 197 _base_rtt=11685600 _base_bdp=146070 _bdp=146070 _min_cwnd=4150 _maxwnd=219105 _cwnd=219105
Initialize per-instance NSCC parameters: flowid 198 _base_rtt=11685600 _base_bdp=146070 _bdp=146070 _min_cwnd=4150 _maxwnd=219105 _cwnd=219105
Initialize per-instance NSCC parameters: flowid 199 _base_rtt=11685600 _base_bdp=146070 _bdp=146070 _min_cwnd=4150 _maxwnd=219105 _cwnd=219105
Initialize per-instance NSCC parameters: flowid 200 _base_rtt=11685600 _base_bdp=146070 _bdp=146070 _min_cwnd=4150 _maxwnd=219105 _cwnd=219105
Initialize per-instance NSCC parameters: flowid 201 _base_rtt=11685600 _base_bdp=146070 _bdp=146070 _min_cwnd=4150 _maxwnd=219105 _cwnd=219105
Initialize per-instance NSCC parameters: flowid 202 _base_rtt=11685600 _base_bdp=146070 _bdp=146070 _min_cwnd=4150 _maxwnd=219105 _cwnd=219105
Initialize per-instance NSCC parameters: flowid 203 _base_rtt=11685600 _base_bdp=146070 _bdp=146070 _min_cwnd=4150 _maxwnd=219105 _cwnd=219105
Initialize per-instance NSCC parameters: flowid 204 _base_rtt=11685600 _base_bdp=146070 _bdp=146070 _min_cwnd=4150 _maxwnd=219105 _cwnd=219105
Initialize per-instance NSCC parameters: flowid 205 _base_rtt=11685600 _base_bdp=146070 _bdp=146070 _min_cwnd=4150 _maxwnd=219105 _cwnd=219105
Initialize per-instance NSCC parameters: flowid 206 _base_rtt=11685600 _base_bdp=146070 _bdp=146070 _min_cwnd=4150 _maxwnd=219105 _cwnd=219105
Initialize per-instance NSCC parameters: flowid 207 _base_rtt=11685600 _base_bdp=146070 _bdp=146070 _min_cwnd=4150 _maxwnd=219105 _cwnd=219105
Initialize per-instance NSCC parameters: flowid 208 _base_rtt=11685600 _base_bdp=146070 _bdp=146070 _min_cwnd=4150 _maxwnd=219105 _cwnd=219105
Initialize per-instance NSCC parameters: flowid 209 _base_rtt=11685600 _base_bdp=146070 _bdp=146070 _min_cwnd=4150 _maxwnd=219105 _cwnd=219105
Initialize per-instance NSCC parameters: flowid 210 _base_rtt=11685600 _base_bdp=146070 _bdp=146070 _min_cwnd=4150 _maxwnd=219105 _cwnd=219105
Initialize per-instance NSCC parameters: flowid 211 _base_rtt=11685600 _base_bdp=146070 _bdp=146070 _min_cwnd=4150 _maxwnd=219105 _cwnd=219105
Initialize per-instance NSCC parameters: flowid 212 _base_rtt=11685600 _base_bdp=146070 _bdp=146070 _min_cwnd=4150 _maxwnd=219105 _cwnd=219105
Initialize per-instance NSCC parameters: flowid 213 _base_rtt=11685600 _base_bdp=146070 _bdp=146070 _min_cwnd=4150 _maxwnd=219105 _cwnd=219105
Initialize per-instance NSCC parameters: flowid 214 _base_rtt=11685600 _base_bdp=146070 _bdp=146070 _min_cwnd=4150 _maxwnd=219105 _cwnd=219105
Initialize per-instance NSCC parameters: flowid 215 _base_rtt=11685600 _base_bdp=146070 _bdp=146070 _min_cwnd=4150 _maxwnd=219105 _cwnd=219105
Initialize per-instance NSCC parameters: flowid 216 _base_rtt=11685600 _base_bdp=146070 _bdp=146070 _min_cwnd=4150 _maxwnd=219105 _cwnd=219105
Initialize per-instance NSCC parameters: flowid 217 _base_rtt=11685600 _base_bdp=146070 _bdp=146070 _min_cwnd=4150 _maxwnd=219105 _cwnd=219105
Initialize per-instance NSCC parameters: flowid 218 _base_rtt=11685600 _base_bdp=146070 _bdp=146070 _min_cwnd=4150 _maxwnd=219105 _cwnd=219105
Starting simulation
Flow Uec_27_155 flowId 1 uecSrc 0 starting at 0
Flow Uec_228_100 flowId 2 uecSrc 1 starting at 0
Flow Uec_59_187 flowId 3 uecSrc 2 starting at 0
Flow Uec_79_207 flowId 4 uecSrc 3 starting at 0
Flow Uec_200_72 flowId 5 uecSrc 4 starting at 0
Flow Uec_82_210 flowId 6 uecSrc 5 starting at 0
Flow Uec_7_135 flowId 7 uecSrc 6 starting at 0
Flow Uec_222_94 flowId 8 uecSrc 7 starting at 0
Flow Uec_49_177 flowId 9 uecSrc 8 starting at 0
Flow Uec_151_23 flowId 10 uecSrc 9 starting at 0
Flow Uec_198_70 flowId 11 uecSrc 10 starting at 0
Flow Uec_187_59 flowId 12 uecSrc 11 starting at 0
Flow Uec_112_240 flowId 13 uecSrc 12 starting at 0
Flow Uec_168_40 flowId 14 uecSrc 13 starting at 0
Flow Uec_64_192 flowId 15 uecSrc 14 starting at 0
Flow Uec_182_54 flowId 16 uecSrc 15 starting at 0
Flow Uec_138_10 flowId 17 uecSrc 16 starting at 0
Flow Uec_90_218 flowId 18 uecSrc 17 starting at 0
Flow Uec_111_239 flowId 19 uecSrc 18 starting at 0
Flow Uec_189_61 flowId 20 uecSrc 19 starting at 0
Flow Uec_42_170 flowId 21 uecSrc 20 starting at 0
Flow Uec_190_62 flowId 22 uecSrc 21 starting at 0
Flow Uec_15_143 flowId 23 uecSrc 22 starting at 0
Flow Uec_161_33 flowId 24 uecSrc 23 starting at 0
Flow Uec_186_58 flowId 25 uecSrc 24 starting at 0
Flow Uec_199_71 flowId 26 uecSrc 25 starting at 0
Flow Uec_53_181 flowId 27 uecSrc 26 starting at 0
Flow Uec_108_236 flowId 28 uecSrc 27 starting at 0
Flow Uec_61_189 flowId 29 uecSrc 28 starting at 0
Flow Uec_26_154 flowId 30 uecSrc 29 starting at 0
Flow Uec_125_253 flowId 31 uecSrc 30 starting at 0
Flow Uec_133_5 flowId 32 uecSrc 31 starting at 0
Flow Uec_179_51 flowId 33 uecSrc 32 starting at 0
Flow Uec_196_68 flowId 34 uecSrc 33 starting at 0
Flow Uec_35_163 flowId 35 uecSrc 34 starting at 0
Flow Uec_139_11 flowId 36 uecSrc 35 starting at 0
Flow Uec_84_212 flowId 37 uecSrc 36 starting at 0
Flow Uec_169_41 flowId 38 uecSrc 37 starting at 0
Flow Uec_212_84 flowId 39 uecSrc 38 starting at 0
Flow Uec_44_172 flowId 40 uecSrc 39 starting at 0
Flow Uec_29_157 flowId 41 uecSrc 40 starting at 0
Flow Uec_214_86 flowId 42 uecSrc 41 starting at 0
Flow Uec_132_4 flowId 43 uecSrc 42 starting at 0
Flow Uec_248_120 flowId 44 uecSrc 43 starting at 0
Flow Uec_237_109 flowId 45 uecSrc 44 starting at 0
Flow Uec_83_211 flowId 46 uecSrc 45 starting at 0
Flow Uec_171_43 flowId 47 uecSrc 46 starting at 0
Flow Uec_197_69 flowId 48 uecSrc 47 starting at 0
Flow Uec_122_250 flowId 49 uecSrc 48 starting at 0
Flow Uec_74_202 flowId 50 uecSrc 49 starting at 0
Flow Uec_224_96 flowId 51 uecSrc 50 starting at 0
Flow Uec_183_55 flowId 52 uecSrc 51 starting at 0
Flow Uec_148_20 flowId 53 uecSrc 52 starting at 0
Flow Uec_37_165 flowId 54 uecSrc 53 starting at 0
Flow Uec_78_206 flowId 55 uecSrc 54 starting at 0
Flow Uec_210_82 flowId 56 uecSrc 55 starting at 0
Flow Uec_19_147 flowId 57 uecSrc 56 starting at 0
Flow Uec_229_101 flowId 58 uecSrc 57 starting at 0
Flow Uec_144_16 flowId 59 uecSrc 58 starting at 0
Flow Uec_71_199 flowId 60 uecSrc 59 starting at 0
Flow Uec_216_88 flowId 61 uecSrc 60 starting at 0
Flow Uec_172_44 flowId 62 uecSrc 61 starting at 0
Flow Uec_14_142 flowId 63 uecSrc 62 starting at 0
Flow Uec_137_9 flowId 64 uecSrc 63 starting at 0
Flow Uec_167_39 flowId 65 uecSrc 64 starting at 0
Flow Uec_106_234 flowId 66 uecSrc 65 starting at 0
Flow Uec_38_166 flowId 67 uecSrc 66 starting at 0
Flow Uec_220_92 flowId 68 uecSrc 67 starting at 0
Flow Uec_253_125 flowId 69 uecSrc 68 starting at 0
Flow Uec_16_144 flowId 70 uecSrc 69 starting at 0
Flow Uec_67_195 flowId 71 uecSrc 70 starting at 0
Flow Uec_130_2 flowId 72 uecSrc 71 starting at 0
Flow Uec_251_123 flowId 73 uecSrc 72 starting at 0
Flow Uec_32_160 flowId 74 uecSrc 73 starting at 0
Flow Uec_156_28 flowId 75 uecSrc 74 starting at 0
Flow Uec_181_53 flowId 76 uecSrc 75 starting at 0
Flow Uec_173_45 flowId 77 uecSrc 76 starting at 0
Flow Uec_51_179 flowId 78 uecSrc 77 starting at 0
Flow Uec_60_188 flowId 79 uecSrc 78 starting at 0
Flow Uec_102_230 flowId 80 uecSrc 79 starting at 0
Flow Uec_202_74 flowId 81 uecSrc 80 starting at 0
Flow Uec_143_15 flowId 82 uecSrc 81 starting at 0
Flow Uec_34_162 flowId 83 uecSrc 82 starting at 0
Flow Uec_188_60 flowId 84 uecSrc 83 starting at 0
Flow Uec_1_129 flowId 85 uecSrc 84 starting at 0
Flow Uec_13_141 flowId 86 uecSrc 85 starting at 0
Flow Uec_159_31 flowId 87 uecSrc 86 starting at 0
Flow Uec_24_152 flowId 88 uecSrc 87 starting at 0
Flow Uec_157_29 flowId 89 uecSrc 88 starting at 0
Flow Uec_47_175 flowId 90 uecSrc 89 starting at 0
Flow Uec_127_255 flowId 91 uecSrc 90 starting at 0
Flow Uec_128_0 flowId 92 uecSrc 91 starting at 0
Flow Uec_113_241 flowId 93 uecSrc 92 starting at 0
Flow Uec_5_133 flowId 94 uecSrc 93 starting at 0
Flow Uec_153_25 flowId 95 uecSrc 94 starting at 0
Flow Uec_62_190 flowId 96 uecSrc 95 starting at 0
Flow Uec_103_231 flowId 97 uecSrc 96 starting at 0
Flow Uec_164_36 flowId 98 uecSrc 97 starting at 0
Flow Uec_104_232 flowId 99 uecSrc 98 starting at 0
Flow Uec_11_139 flowId 100 uecSrc 99 starting at 0
Flow Uec_30_158 flowId 101 uecSrc 100 starting at 0
Flow Uec_97_225 flowId 102 uecSrc 101 starting at 0
Flow Uec_201_73 flowId 103 uecSrc 102 starting at 0
Flow Uec_54_182 flowId 104 uecSrc 103 starting at 0
Flow Uec_52_180 flowId 105 uecSrc 104 starting at 0
Flow Uec_203_75 flowId 106 uecSrc 105 starting at 0
Flow Uec_121_249 flowId 107 uecSrc 106 starting at 0
Flow Uec_87_215 flowId 108 uecSrc 107 starting at 0
Flow Uec_118_246 flowId 109 uecSrc 108 starting at 0
Flow Uec_226_98 flowId 110 uecSrc 109 starting at 0
Flow Uec_69_197 flowId 111 uecSrc 110 starting at 0
Flow Uec_31_159 flowId 112 uecSrc 111 starting at 0
Flow Uec_142_14 flowId 113 uecSrc 112 starting at 0
Flow Uec_240_112 flowId 114 uecSrc 113 starting at 0
Flow Uec_18_146 flowId 115 uecSrc 114 starting at 0
Flow Uec_241_113 flowId 116 uecSrc 115 starting at 0
Flow Uec_101_229 flowId 117 uecSrc 116 starting at 0
Flow Uec_119_247 flowId 118 uecSrc 117 starting at 0
Flow Uec_244_116 flowId 119 uecSrc 118 starting at 0
Flow Uec_20_148 flowId 120 uecSrc 119 starting at 0
Flow Uec_23_151 flowId 121 uecSrc 120 starting at 0
Flow Uec_134_6 flowId 122 uecSrc 121 starting at 0
Flow Uec_233_105 flowId 123 uecSrc 122 starting at 0
Flow Uec_209_81 flowId 124 uecSrc 123 starting at 0
Flow Uec_81_209 flowId 125 uecSrc 124 starting at 0
Flow Uec_246_118 flowId 126 uecSrc 125 starting at 0
Flow Uec_174_46 flowId 127 uecSrc 126 starting at 0
Flow Uec_58_186 flowId 128 uecSrc 127 starting at 0
Flow Uec_36_164 flowId 129 uecSrc 128 starting at 0
Flow Uec_149_21 flowId 130 uecSrc 129 starting at 0
Flow Uec_41_169 flowId 131 uecSrc 130 starting at 0
Flow Uec_2_130 flowId 132 uecSrc 131 starting at 0
Flow Uec_115_243 flowId 133 uecSrc 132 starting at 0
Flow Uec_45_173 flowId 134 uecSrc 133 starting at 0
Flow Uec_46_174 flowId 135 uecSrc 134 starting at 0
Flow Uec_65_193 flowId 136 uecSrc 135 starting at 0
Flow Uec_107_235 flowId 137 uecSrc 136 starting at 0
Flow Uec_252_124 flowId 138 uecSrc 137 starting at 0
Flow Uec_218_90 flowId 139 uecSrc 138 starting at 0
Flow Uec_141_13 flowId 140 uecSrc 139 starting at 0
Flow Uec_131_3 flowId 141 uecSrc 140 starting at 0
Flow Uec_17_145 flowId 142 uecSrc 141 starting at 0
Flow Uec_249_121 flowId 143 uecSrc 142 starting at 0
Flow Uec_91_219 flowId 144 uecSrc 143 starting at 0
Flow Uec_73_201 flowId 145 uecSrc 144 starting at 0
Flow Uec_223_95 flowId 146 uecSrc 145 starting at 0
Flow Uec_147_19 flowId 147 uecSrc 146 starting at 0
Flow Uec_129_1 flowId 148 uecSrc 147 starting at 0
Flow Uec_236_108 flowId 149 uecSrc 148 starting at 0
Flow Uec_3_131 flowId 150 uecSrc 149 starting at 0
Flow Uec_6_134 flowId 151 uecSrc 150 starting at 0
Flow Uec_55_183 flowId 152 uecSrc 151 starting at 0
Flow Uec_110_238 flowId 153 uecSrc 152 starting at 0
Flow Uec_170_42 flowId 154 uecSrc 153 starting at 0
Flow Uec_33_161 flowId 155 uecSrc 154 starting at 0
Flow Uec_93_221 flowId 156 uecSrc 155 starting at 0
Flow Uec_250_122 flowId 157 uecSrc 156 starting at 0
Flow Uec_22_150 flowId 158 uecSrc 157 starting at 0
Flow Uec_86_214 flowId 159 uecSrc 158 starting at 0
Flow Uec_94_222 flowId 160 uecSrc 159 starting at 0
Flow Uec_66_194 flowId 161 uecSrc 160 starting at 0
Flow Uec_4_132 flowId 162 uecSrc 161 starting at 0
Flow Uec_96_224 flowId 163 uecSrc 162 starting at 0
Flow Uec_10_138 flowId 164 uecSrc 163 starting at 0
Flow Uec_232_104 flowId 165 uecSrc 164 starting at 0
Flow Uec_234_106 flowId 166 uecSrc 165 starting at 0
Flow Uec_211_83 flowId 167 uecSrc 166 starting at 0
Flow Uec_70_198 flowId 168 uecSrc 167 starting at 0
Flow Uec_225_97 flowId 169 uecSrc 168 starting at 0
Flow Uec_136_8 flowId 170 uecSrc 169 starting at 0
Flow Uec_185_57 flowId 171 uecSrc 170 starting at 0
Flow Uec_135_7 flowId 172 uecSrc 171 starting at 0
Flow Uec_254_126 flowId 173 uecSrc 172 starting at 0
Flow Uec_145_17 flowId 174 uecSrc 173 starting at 0
Flow Uec_48_176 flowId 175 uecSrc 174 starting at 0
Flow Uec_9_137 flowId 176 uecSrc 175 starting at 0
Flow Uec_146_18 flowId 177 uecSrc 176 starting at 0
Flow Uec_150_22 flowId 178 uecSrc 177 starting at 0
Flow Uec_25_153 flowId 179 uecSrc 178 starting at 0
Flow Uec_195_67 flowId 180 uecSrc 179 starting at 0
Flow Uec_124_252 flowId 181 uecSrc 180 starting at 0
Flow Uec_92_220 flowId 182 uecSrc 181 starting at 0
Flow Uec_184_56 flowId 183 uecSrc 182 starting at 0
Flow Uec_227_99 flowId 184 uecSrc 183 starting at 0
Flow Uec_12_140 flowId 185 uecSrc 184 starting at 0
Flow Uec_221_93 flowId 186 uecSrc 185 starting at 0
Flow Uec_76_204 flowId 187 uecSrc 186 starting at 0
Flow Uec_175_47 flowId 188 uecSrc 187 starting at 0
Flow Uec_176_48 flowId 189 uecSrc 188 starting at 0
Flow Uec_231_103 flowId 190 uecSrc 189 starting at 0
Flow Uec_72_200 flowId 191 uecSrc 190 starting at 0
Flow Uec_21_149 flowId 192 uecSrc 191 starting at 0
Flow Uec_116_244 flowId 193 uecSrc 192 starting at 0
Flow Uec_63_191 flowId 194 uecSrc 193 starting at 0
Flow Uec_242_114 flowId 195 uecSrc 194 starting at 0
Flow Uec_160_32 flowId 196 uecSrc 195 starting at 0
Flow Uec_204_76 flowId 197 uecSrc 196 starting at 0
Flow Uec_245_117 flowId 198 uecSrc 197 starting at 0
Flow Uec_191_63 flowId 199 uecSrc 198 starting at 0
Flow Uec_98_226 flowId 200 uecSrc 199 starting at 0
Flow Uec_152_24 flowId 201 uecSrc 200 starting at 0
Flow Uec_194_66 flowId 202 uecSrc 201 starting at 0
Flow Uec_239_111 flowId 203 uecSrc 202 starting at 0
Flow Uec_123_251 flowId 204 uecSrc 203 starting at 0
Flow Uec_50_178 flowId 205 uecSrc 204 starting at 0
Flow Uec_219_91 flowId 206 uecSrc 205 starting at 0
Flow Uec_114_242 flowId 207 uecSrc 206 starting at 0
Flow Uec_166_38 flowId 208 uecSrc 207 starting at 0
Flow Uec_85_213 flowId 209 uecSrc 208 starting at 0
Flow Uec_206_78 flowId 210 uecSrc 209 starting at 0
Flow Uec_207_79 flowId 211 uecSrc 210 starting at 0
Flow Uec_56_184 flowId 212 uecSrc 211 starting at 0
Flow Uec_230_102 flowId 213 uecSrc 212 starting at 0
Flow Uec_8_136 flowId 214 uecSrc 213 starting at 0
Flow Uec_158_30 flowId 215 uecSrc 214 starting at 0
Flow Uec_57_185 flowId 216 uecSrc 215 starting at 0
Flow Uec_109_237 flowId 217 uecSrc 216 starting at 0
Flow Uec_205_77 flowId 218 uecSrc 217 starting at 0
144.259 flowid 214 Spurious 50
146.73 flowid 175 Spurious 44
Flow Uec_188_60 flowId 84 uecSrc 83 finished at 174.642 total messages 1 total packets 490 RTS 0 total bytes 2002140 in_flight now 0 fair_inc 0 prop_inc 49886 fast_inc 250542 eta_inc 8344 multi_dec -0 quick_dec -0 nack_dec -0
Flow Uec_199_71 flowId 26 uecSrc 25 finished at 175.828 total messages 1 total packets 490 RTS 0 total bytes 2002140 in_flight now 0 fair_inc 0 prop_inc 89347 fast_inc 48492 eta_inc 8344 multi_dec -0 quick_dec -0 nack_dec -0
Flow Uec_194_66 flowId 202 uecSrc 201 finished at 176.616 total messages 1 total packets 490 RTS 0 total bytes 2002140 in_flight now 0 fair_inc 0 prop_inc 77070 fast_inc 96984 eta_inc 8344 multi_dec -0 quick_dec -0 nack_dec -0
Flow Uec_102_230 flowId 80 uecSrc 79 finished at 180.835 total messages 1 total packets 490 RTS 0 total bytes 2002140 in_flight now 0 fair_inc 0 prop_inc 63240 fast_inc 16164 eta_inc 8344 multi_dec -0 quick_dec -0 nack_dec -0
Flow Uec_135_7 flowId 172 uecSrc 171 finished at 182.35 total messages 1 total packets 490 RTS 0 total bytes 2002140 in_flight now 0 fair_inc 0 prop_inc 94358 fast_inc 0 eta_inc 8344 multi_dec -0 quick_dec -0 nack_dec -0
184.843 flowid 41 Spurious 103
Flow Uec_57_185 flowId 216 uecSrc 215 finished at 196.793 total messages 1 total packets 490 RTS 0 total bytes 2002140 in_flight now 0 fair_inc 2255 prop_inc 18117 fast_inc 0 eta_inc 9536 multi_dec -0 quick_dec -0 nack_dec -0
208.166 flowid 88 Spurious 137
Flow Uec_253_125 flowId 69 uecSrc 68 finished at 211.409 total messages 1 total packets 490 RTS 0 total bytes 2002140 in_flight now 0 fair_inc 2253 prop_inc 13392 fast_inc 0 eta_inc 10132 multi_dec -0 quick_dec -0 nack_dec -0
Flow Uec_46_174 flowId 135 uecSrc 134 finished at 212.374 total messages 1 total packets 491 RTS 1 total bytes 2002140 in_flight now 0 fair_inc 6073 prop_inc 37941 fast_inc 0 eta_inc 9536 multi_dec -0 quick_dec -0 nack_dec -12450
217.145 flowid 121 Spurious 213
219.319 flowid 121 Spurious 220
Flow Uec_234_106 flowId 166 uecSrc 165 finished at 227.35 total messages 1 total packets 490 RTS 0 total bytes 2002140 in_flight now 0 fair_inc 4137 prop_inc 9374 fast_inc 0 eta_inc 10728 multi_dec -27022 quick_dec -0 nack_dec -0
Flow Uec_15_143 flowId 23 uecSrc 22 finished at 232.681 total messages 1 total packets 490 RTS 0 total bytes 2002140 in_flight now 0 fair_inc 16353 prop_inc 3768 fast_inc 0 eta_inc 11324 multi_dec -26622 quick_dec -0 nack_dec -8300
Flow Uec_116_244 flowId 193 uecSrc 192 finished at 233.144 total messages 1 total packets 490 RTS 0 total bytes 2002140 in_flight now 0 fair_inc 3267 prop_inc 37589 fast_inc 0 eta_inc 10728 multi_dec -39488 quick_dec -0 nack_dec -33200
Flow Uec_124_252 flowId 181 uecSrc 180 finished at 233.855 total messages 1 total packets 490 RTS 0 total bytes 2002140 in_flight now 0 fair_inc 5031 prop_inc 55240 fast_inc 0 eta_inc 10728 multi_dec -93429 quick_dec -0 nack_dec -0
236.011 flowid 83 Spurious 210
236.348 flowid 83 Spurious 211
237.681 flowid 134 Spurious 273
238.527 flowid 192 Spurious 219
239.191 flowid 192 Spurious 221
Flow Uec_32_160 flowId 74 uecSrc 73 finished at 242.186 total messages 1 total packets 490 RTS 0 total bytes 2002140 in_flight now 0 fair_inc 5677 prop_inc 33296 fast_inc 0 eta_inc 10728 multi_dec -0 quick_dec -0 nack_dec -16600
257.192 flowid 86 Spurious 280
260.385 flowid 67 Spurious 226
260.879 flowid 7 Spurious 228
264.137 flowid 86 Spurious 289
275.123 flowid 30 Spurious 304
276.119 flowid 30 Spurious 306
278.116 flowid 30 Spurious 307
278.448 flowid 30 Spurious 309
Flow Uec_231_103 flowId 190 uecSrc 189 finished at 283.894 total messages 1 total packets 490 RTS 0 total bytes 2002140 in_flight now 0 fair_inc 8205 prop_inc 40565 fast_inc 0 eta_inc 13708 multi_dec -98225 quick_dec -0 nack_dec -24900
284.249 flowid 83 Spurious 302
Flow Uec_3_131 flowId 150 uecSrc 149 finished at 284.875 total messages 1 total packets 491 RTS 1 total bytes 2002140 in_flight now 0 fair_inc 5504 prop_inc 29670 fast_inc 0 eta_inc 13112 multi_dec -68980 quick_dec -0 nack_dec -20750
Flow Uec_2_130 flowId 132 uecSrc 131 finished at 294.168 total messages 1 total packets 490 RTS 0 total bytes 2002140 in_flight now 0 fair_inc 4155 prop_inc 49277 fast_inc 0 eta_inc 10728 multi_dec -0 quick_dec -207455 nack_dec -33200
Flow Uec_34_162 flowId 83 uecSrc 82 finished at 297.13 total messages 1 total packets 497 RTS 7 total bytes 2002140 in_flight now 0 fair_inc 12109 prop_inc 12379 fast_inc 0 eta_inc 14304 multi_dec -0 quick_dec -0 nack_dec -4150
300.976 flowid 131 Spurious 272
301.313 flowid 131 Spurious 273
301.992 flowid 131 Spurious 274
303.816 flowid 88 Spurious 237
Flow Uec_35_163 flowId 35 uecSrc 34 finished at 305.039 total messages 1 total packets 494 RTS 4 total bytes 2002140 in_flight now 0 fair_inc 9052 prop_inc 47366 fast_inc 0 eta_inc 14900 multi_dec -69340 quick_dec -0 nack_dec -0
305.819 flowid 179 Spurious 240
Flow Uec_31_159 flowId 112 uecSrc 111 finished at 307.041 total messages 1 total packets 490 RTS 0 total bytes 2002140 in_flight now 0 fair_inc 7782 prop_inc 42524 fast_inc 0 eta_inc 13708 multi_dec -131428 quick_dec -0 nack_dec -12450
Flow Uec_137_9 flowId 64 uecSrc 63 finished at 307.264 total messages 1 total packets 490 RTS 0 total bytes 2002140 in_flight now 0 fair_inc 10031 prop_inc 39085 fast_inc 0 eta_inc 14304 multi_dec -79106 quick_dec -0 nack_dec -53950
Flow Uec_27_155 flowId 1 uecSrc 0 finished at 309.772 total messages 1 total packets 494 RTS 4 total bytes 2002140 in_flight now 0 fair_inc 11355 prop_inc 45442 fast_inc 0 eta_inc 13708 multi_dec -0 quick_dec -144492 nack_dec -16600
313.724 flowid 54 Spurious 484
314.061 flowid 54 Spurious 485
316.115 flowid 101 Spurious 462
317.146 flowid 101 Spurious 464
Flow Uec_12_140 flowId 185 uecSrc 184 finished at 318.663 total messages 1 total packets 491 RTS 1 total bytes 2002140 in_flight now 0 fair_inc 8542 prop_inc 33913 fast_inc 0 eta_inc 10728 multi_dec -0 quick_dec -208795 nack_dec -20750
318.783 flowid 158 Spurious 475
319.447 flowid 158 Spurious 476
Flow Uec_37_165 flowId 54 uecSrc 53 finished at 319.503 total messages 1 total packets 491 RTS 1 total bytes 2002140 in_flight now 0 fair_inc 8619 prop_inc 51636 fast_inc 0 eta_inc 11920 multi_dec -0 quick_dec -179158 nack_dec -8300
Flow Uec_172_44 flowId 62 uecSrc 61 finished at 319.881 total messages 1 total packets 490 RTS 0 total bytes 2002140 in_flight now 0 fair_inc 5160 prop_inc 32538 fast_inc 0 eta_inc 14900 multi_dec -89685 quick_dec -0 nack_dec -37350
320.201 flowid 101 Spurious 474
Flow Uec_8_136 flowId 214 uecSrc 213 finished at 320.241 total messages 1 total packets 493 RTS 3 total bytes 2002140 in_flight now 0 fair_inc 3498 prop_inc 55948 fast_inc 0 eta_inc 12516 multi_dec -0 quick_dec -160231 nack_dec -41500
321.238 flowid 101 Spurious 475
Flow Uec_122_250 flowId 49 uecSrc 48 finished at 324.312 total messages 1 total packets 490 RTS 0 total bytes 2002140 in_flight now 0 fair_inc 8656 prop_inc 25099 fast_inc 0 eta_inc 15496 multi_dec -72651 quick_dec -0 nack_dec -45650
Flow Uec_23_151 flowId 121 uecSrc 120 finished at 325.628 total messages 1 total packets 491 RTS 1 total bytes 2002140 in_flight now 0 fair_inc 11974 prop_inc 18199 fast_inc 0 eta_inc 10728 multi_dec -7955 quick_dec -202683 nack_dec -20750
Flow Uec_22_150 flowId 158 uecSrc 157 finished at 326.757 total messages 1 total packets 490 RTS 0 total bytes 2002140 in_flight now 0 fair_inc 8994 prop_inc 24625 fast_inc 0 eta_inc 12516 multi_dec -0 quick_dec -0 nack_dec -0
Flow Uec_45_173 flowId 134 uecSrc 133 finished at 327.506 total messages 1 total packets 492 RTS 2 total bytes 2002140 in_flight now 0 fair_inc 5677 prop_inc 27471 fast_inc 0 eta_inc 11920 multi_dec -0 quick_dec -198388 nack_dec -8300
328.375 flowid 134 Spurious 487
329.049 flowid 134 Spurious 488
329.718 flowid 134 Spurious 489
Flow Uec_30_158 flowId 101 uecSrc 100 finished at 330.455 total messages 1 total packets 493 RTS 3 total bytes 2002140 in_flight now 0 fair_inc 12734 prop_inc 35390 fast_inc 0 eta_inc 12516 multi_dec -0 quick_dec -180523 nack_dec -8300
Flow Uec_127_255 flowId 91 uecSrc 90 finished at 330.705 total messages 1 total packets 490 RTS 0 total bytes 2002140 in_flight now 0 fair_inc 6011 prop_inc 23462 fast_inc 0 eta_inc 16092 multi_dec -75912 quick_dec -0 nack_dec -53950
Flow Uec_104_232 flowId 99 uecSrc 98 finished at 330.715 total messages 1 total packets 490 RTS 0 total bytes 2002140 in_flight now 0 fair_inc 4087 prop_inc 28148 fast_inc 0 eta_inc 16092 multi_dec -84960 quick_dec -0 nack_dec -45650
Flow Uec_33_161 flowId 155 uecSrc 154 finished at 331.215 total messages 1 total packets 494 RTS 4 total bytes 2002140 in_flight now 0 fair_inc 7394 prop_inc 50807 fast_inc 12612 eta_inc 14900 multi_dec -117955 quick_dec -0 nack_dec -0
Flow Uec_108_236 flowId 28 uecSrc 27 finished at 333.402 total messages 1 total packets 490 RTS 0 total bytes 2002140 in_flight now 0 fair_inc 8978 prop_inc 40287 fast_inc 0 eta_inc 16092 multi_dec -113511 quick_dec -0 nack_dec -37350
Flow Uec_42_170 flowId 21 uecSrc 20 finished at 333.927 total messages 1 total packets 494 RTS 4 total bytes 2002140 in_flight now 0 fair_inc 3083 prop_inc 69171 fast_inc 0 eta_inc 14304 multi_dec -0 quick_dec -164119 nack_dec -4150
334.546 flowid 21 Spurious 466
335.215 flowid 21 Spurious 467
Flow Uec_230_102 flowId 213 uecSrc 212 finished at 335.505 total messages 1 total packets 490 RTS 0 total bytes 2002140 in_flight now 0 fair_inc 9406 prop_inc 47677 fast_inc 0 eta_inc 16092 multi_dec -126414 quick_dec -0 nack_dec -24900
Flow Uec_128_0 flowId 92 uecSrc 91 finished at 336.156 total messages 1 total packets 490 RTS 0 total bytes 2002140 in_flight now 0 fair_inc 10980 prop_inc 32469 fast_inc 0 eta_inc 15496 multi_dec -101834 quick_dec -0 nack_dec -41500
Flow Uec_125_253 flowId 31 uecSrc 30 finished at 336.857 total messages 1 total packets 490 RTS 0 total bytes 2002140 in_flight now 0 fair_inc 5895 prop_inc 22280 fast_inc 0 eta_inc 16092 multi_dec -81142 quick_dec -0 nack_dec -49800
337.064 flowid 21 Spurious 471
Flow Uec_119_247 flowId 118 uecSrc 117 finished at 337.505 total messages 1 total packets 490 RTS 0 total bytes 2002140 in_flight now 0 fair_inc 5410 prop_inc 30131 fast_inc 0 eta_inc 16092 multi_dec -104065 quick_dec -0 nack_dec -41500
Flow Uec_158_30 flowId 215 uecSrc 214 finished at 337.789 total messages 1 total packets 490 RTS 0 total bytes 2002140 in_flight now 0 fair_inc 11865 prop_inc 34289 fast_inc 0 eta_inc 15496 multi_dec -113501 quick_dec -0 nack_dec -37350
Flow Uec_183_55 flowId 52 uecSrc 51 finished at 338.813 total messages 1 total packets 490 RTS 0 total bytes 2002140 in_flight now 0 fair_inc 7839 prop_inc 40503 fast_inc 0 eta_inc 16092 multi_dec -112658 quick_dec -0 nack_dec -41500
Flow Uec_156_28 flowId 75 uecSrc 74 finished at 339.951 total messages 1 total packets 490 RTS 0 total bytes 2002140 in_flight now 0 fair_inc 13296 prop_inc 37394 fast_inc 0 eta_inc 15496 multi_dec -121440 quick_dec -0 nack_dec -45650
Flow Uec_143_15 flowId 82 uecSrc 81 finished at 339.961 total messages 1 total packets 490 RTS 0 total bytes 2002140 in_flight now 0 fair_inc 4434 prop_inc 37643 fast_inc 0 eta_inc 16092 multi_dec -115187 quick_dec -0 nack_dec -37350
Flow Uec_66_194 flowId 161 uecSrc 160 finished at 341.509 total messages 1 total packets 490 RTS 0 total bytes 2002140 in_flight now 0 fair_inc 1846 prop_inc 36041 fast_inc 0 eta_inc 16092 multi_dec -64459 quick_dec -0 nack_dec -70550
Flow Uec_18_146 flowId 115 uecSrc 114 finished at 342.409 total messages 1 total packets 490 RTS 0 total bytes 2002140 in_flight now 0 fair_inc 17574 prop_inc 53798 fast_inc 0 eta_inc 15496 multi_dec -165654 quick_dec -0 nack_dec -4150
Flow Uec_185_57 flowId 171 uecSrc 170 finished at 343.784 total messages 1 total packets 490 RTS 0 total bytes 2002140 in_flight now 0 fair_inc 9367 prop_inc 41608 fast_inc 0 eta_inc 16092 multi_dec -116101 quick_dec -0 nack_dec -41500
Flow Uec_121_249 flowId 107 uecSrc 106 finished at 344.23 total messages 1 total packets 490 RTS 0 total bytes 2002140 in_flight now 0 fair_inc 25867 prop_inc 31173 fast_inc 0 eta_inc 16092 multi_dec -98992 quick_dec -0 nack_dec -41500
Flow Uec_107_235 flowId 137 uecSrc 136 finished at 345.497 total messages 1 total packets 490 RTS 0 total bytes 2002140 in_flight now 0 fair_inc 4935 prop_inc 40736 fast_inc 0 eta_inc 16688 multi_dec -101259 quick_dec -0 nack_dec -49800
Flow Uec_123_251 flowId 204 uecSrc 203 finished at 345.847 total messages 1 total packets 490 RTS 0 total bytes 2002140 in_flight now 0 fair_inc 6687 prop_inc 22556 fast_inc 0 eta_inc 16688 multi_dec -78976 quick_dec -0 nack_dec -53950
345.873 flowid 30 Spurious 435
Flow Uec_26_154 flowId 30 uecSrc 29 finished at 346.367 total messages 1 total packets 492 RTS 2 total bytes 2002140 in_flight now 0 fair_inc 8590 prop_inc 13286 fast_inc 0 eta_inc 14304 multi_dec -55044 quick_dec -107633 nack_dec -29050
Flow Uec_111_239 flowId 19 uecSrc 18 finished at 347.437 total messages 1 total packets 490 RTS 0 total bytes 2002140 in_flight now 0 fair_inc 4295 prop_inc 50734 fast_inc 0 eta_inc 16092 multi_dec -96548 quick_dec -0 nack_dec -58100
Flow Uec_50_178 flowId 205 uecSrc 204 finished at 347.895 total messages 1 total packets 490 RTS 0 total bytes 2002140 in_flight now 0 fair_inc 2815 prop_inc 33754 fast_inc 0 eta_inc 16688 multi_dec -90983 quick_dec -0 nack_dec -58100
Flow Uec_44_172 flowId 40 uecSrc 39 finished at 354.927 total messages 1 total packets 491 RTS 1 total bytes 2002140 in_flight now 0 fair_inc 13064 prop_inc 37227 fast_inc 0 eta_inc 13708 multi_dec -127465 quick_dec -0 nack_dec -33200
Flow Uec_146_18 flowId 177 uecSrc 176 finished at 355.936 total messages 1 total packets 490 RTS 0 total bytes 2002140 in_flight now 0 fair_inc 4731 prop_inc 64154 fast_inc 0 eta_inc 17284 multi_dec -138359 quick_dec -0 nack_dec -33200
Flow Uec_11_139 flowId 100 uecSrc 99 finished at 357.035 total messages 1 total packets 493 RTS 3 total bytes 2002140 in_flight now 0 fair_inc 9062 prop_inc 29055 fast_inc 1010 eta_inc 14900 multi_dec -33474 quick_dec -160763 nack_dec -16600
Flow Uec_14_142 flowId 63 uecSrc 62 finished at 357.398 total messages 1 total packets 492 RTS 2 total bytes 2002140 in_flight now 0 fair_inc 1235 prop_inc 71370 fast_inc 0 eta_inc 16092 multi_dec -134443 quick_dec -0 nack_dec -12450
359.849 flowid 162 Spurious 385
361.377 flowid 86 Spurious 488
Flow Uec_157_29 flowId 89 uecSrc 88 finished at 365.968 total messages 1 total packets 492 RTS 2 total bytes 2002140 in_flight now 0 fair_inc 5442 prop_inc 58275 fast_inc 0 eta_inc 16092 multi_dec -122611 quick_dec -0 nack_dec -33200
Flow Uec_47_175 flowId 90 uecSrc 89 finished at 369.232 total messages 1 total packets 492 RTS 2 total bytes 2002140 in_flight now 0 fair_inc 26003 prop_inc 36508 fast_inc 0 eta_inc 17284 multi_dec -173797 quick_dec -0 nack_dec -4150
Flow Uec_252_124 flowId 138 uecSrc 137 finished at 373.505 total messages 1 total packets 490 RTS 0 total bytes 2002140 in_flight now 0 fair_inc 5897 prop_inc 39536 fast_inc 0 eta_inc 17880 multi_dec -74485 quick_dec -0 nack_dec -78850
Flow Uec_239_111 flowId 203 uecSrc 202 finished at 374.985 total messages 1 total packets 490 RTS 0 total bytes 2002140 in_flight now 0 fair_inc 6036 prop_inc 58660 fast_inc 0 eta_inc 17880 multi_dec -140186 quick_dec -0 nack_dec -33200
Flow Uec_4_132 flowId 162 uecSrc 161 finished at 375.392 total messages 1 total packets 496 RTS 6 total bytes 2002140 in_flight now 0 fair_inc 4213 prop_inc 77650 fast_inc 0 eta_inc 16092 multi_dec -0 quick_dec -0 nack_dec -16600
Flow Uec_38_166 flowId 67 uecSrc 66 finished at 378.523 total messages 1 total packets 497 RTS 7 total bytes 2002140 in_flight now -128 fair_inc 19754 prop_inc 54195 fast_inc 0 eta_inc 17284 multi_dec -66243 quick_dec -0 nack_dec -4150
Flow Uec_211_83 flowId 167 uecSrc 166 finished at 380.438 total messages 1 total packets 490 RTS 0 total bytes 2002140 in_flight now 0 fair_inc 12866 prop_inc 20323 fast_inc 0 eta_inc 17880 multi_dec -28848 quick_dec -0 nack_dec -116200
Flow Uec_227_99 flowId 184 uecSrc 183 finished at 380.548 total messages 1 total packets 490 RTS 0 total bytes 2002140 in_flight now 0 fair_inc 15768 prop_inc 52203 fast_inc 67159 eta_inc 16688 multi_dec -139255 quick_dec -0 nack_dec -41500
Flow Uec_17_145 flowId 142 uecSrc 141 finished at 381.633 total messages 1 total packets 490 RTS 0 total bytes 2002140 in_flight now 0 fair_inc 21330 prop_inc 57974 fast_inc 0 eta_inc 17880 multi_dec -179049 quick_dec -0 nack_dec -24900
381.964 flowid 179 Spurious 340
382.301 flowid 179 Spurious 341
Flow Uec_25_153 flowId 179 uecSrc 178 finished at 383.474 total messages 1 total packets 495 RTS 5 total bytes 2002140 in_flight now 0 fair_inc 26880 prop_inc 37727 fast_inc 0 eta_inc 17880 multi_dec -86498 quick_dec -0 nack_dec -45650
Flow Uec_240_112 flowId 114 uecSrc 113 finished at 389.459 total messages 1 total packets 490 RTS 0 total bytes 2002140 in_flight now 0 fair_inc 8290 prop_inc 57165 fast_inc 0 eta_inc 17284 multi_dec -118456 quick_dec -0 nack_dec -49800
Flow Uec_48_176 flowId 175 uecSrc 174 finished at 390.85 total messages 1 total packets 495 RTS 5 total bytes 2002140 in_flight now 0 fair_inc 23456 prop_inc 34452 fast_inc 0 eta_inc 16092 multi_dec -129498 quick_dec -0 nack_dec -16600
Flow Uec_21_149 flowId 192 uecSrc 191 finished at 393.95 total messages 1 total packets 497 RTS 7 total bytes 2002140 in_flight now -128 fair_inc 7921 prop_inc 12501 fast_inc 2020 eta_inc 15496 multi_dec -80407 quick_dec -100541 nack_dec -4150
Flow Uec_249_121 flowId 143 uecSrc 142 finished at 394.251 total messages 1 total packets 490 RTS 0 total bytes 2002140 in_flight now 0 fair_inc 9580 prop_inc 58555 fast_inc 0 eta_inc 17284 multi_dec -127353 quick_dec -0 nack_dec -53950
Flow Uec_41_169 flowId 131 uecSrc 130 finished at 397.85 total messages 1 total packets 494 RTS 4 total bytes 2002140 in_flight now 0 fair_inc 19734 prop_inc 72648 fast_inc 0 eta_inc 17880 multi_dec -156206 quick_dec -0 nack_dec -29050
Flow Uec_248_120 flowId 44 uecSrc 43 finished at 398.064 total messages 1 total packets 490 RTS 0 total bytes 2002140 in_flight now 0 fair_inc 5732 prop_inc 56785 fast_inc 0 eta_inc 18476 multi_dec -131437 quick_dec -0 nack_dec -45650
Flow Uec_36_164 flowId 129 uecSrc 128 finished at 399.196 total messages 1 total packets 495 RTS 5 total bytes 2002140 in_flight now 0 fair_inc 4882 prop_inc 100581 fast_inc 0 eta_inc 17284 multi_dec -168983 quick_dec -0 nack_dec -4150
400.844 flowid 85 Spurious 469
403.16 flowid 85 Spurious 464
404.508 flowid 85 Spurious 468
Flow Uec_73_201 flowId 145 uecSrc 144 finished at 405.333 total messages 1 total packets 490 RTS 0 total bytes 2002140 in_flight now 0 fair_inc 20747 prop_inc 13823 fast_inc 0 eta_inc 19072 multi_dec -74161 quick_dec -0 nack_dec -95450
405.427 flowid 85 Spurious 465
Flow Uec_1_129 flowId 85 uecSrc 84 finished at 407.367 total messages 1 total packets 502 RTS 12 total bytes 2002140 in_flight now -64 fair_inc 1689 prop_inc 87363 fast_inc 0 eta_inc 16688 multi_dec -0 quick_dec -133609 nack_dec -33200
409.969 flowid 85 Spurious 476
Flow Uec_6_134 flowId 151 uecSrc 150 finished at 415.028 total messages 1 total packets 493 RTS 3 total bytes 2002140 in_flight now 0 fair_inc 2355 prop_inc 67739 fast_inc 0 eta_inc 14900 multi_dec -0 quick_dec -191315 nack_dec -24900
Flow Uec_13_141 flowId 86 uecSrc 85 finished at 415.527 total messages 1 total packets 494 RTS 4 total bytes 2002140 in_flight now 0 fair_inc 3974 prop_inc 52819 fast_inc 1010 eta_inc 14900 multi_dec -0 quick_dec -164318 nack_dec -20750
Flow Uec_182_54 flowId 16 uecSrc 15 finished at 420.449 total messages 1 total packets 490 RTS 0 total bytes 2002140 in_flight now 0 fair_inc 12534 prop_inc 18565 fast_inc 0 eta_inc 19668 multi_dec -55072 quick_dec -0 nack_dec -120350
Flow Uec_245_117 flowId 198 uecSrc 197 finished at 422.212 total messages 1 total packets 490 RTS 0 total bytes 2002140 in_flight now 0 fair_inc 23103 prop_inc 28132 fast_inc 0 eta_inc 20264 multi_dec -79642 quick_dec -0 nack_dec -87150
Flow Uec_19_147 flowId 57 uecSrc 56 finished at 423.824 total messages 1 total packets 494 RTS 4 total bytes 2002140 in_flight now 0 fair_inc 6451 prop_inc 132448 fast_inc 4041 eta_inc 18476 multi_dec -154287 quick_dec -5012 nack_dec -24900
Flow Uec_236_108 flowId 149 uecSrc 148 finished at 425.445 total messages 1 total packets 490 RTS 0 total bytes 2002140 in_flight now 0 fair_inc 5156 prop_inc 77268 fast_inc 0 eta_inc 19072 multi_dec -163402 quick_dec -0 nack_dec -33200
Flow Uec_20_148 flowId 120 uecSrc 119 finished at 430.69 total messages 1 total packets 501 RTS 11 total bytes 2002140 in_flight now -64 fair_inc 21281 prop_inc 49088 fast_inc 0 eta_inc 19668 multi_dec -20021 quick_dec -0 nack_dec -4150
Flow Uec_9_137 flowId 176 uecSrc 175 finished at 431.017 total messages 1 total packets 492 RTS 2 total bytes 2002140 in_flight now 0 fair_inc 11563 prop_inc 91501 fast_inc 0 eta_inc 17284 multi_dec -184257 quick_dec -0 nack_dec -8300
Flow Uec_138_10 flowId 17 uecSrc 16 finished at 431.372 total messages 1 total packets 491 RTS 1 total bytes 2002140 in_flight now 0 fair_inc 9543 prop_inc 19686 fast_inc 0 eta_inc 19668 multi_dec -4883 quick_dec -0 nack_dec -136950
Flow Uec_87_215 flowId 108 uecSrc 107 finished at 434.131 total messages 1 total packets 490 RTS 0 total bytes 2002140 in_flight now 0 fair_inc 22489 prop_inc 18292 fast_inc 0 eta_inc 20860 multi_dec -56847 quick_dec -0 nack_dec -120350
Flow Uec_232_104 flowId 165 uecSrc 164 finished at 438.957 total messages 1 total packets 490 RTS 0 total bytes 2002140 in_flight now 0 fair_inc 9315 prop_inc 77866 fast_inc 0 eta_inc 18476 multi_dec -129400 quick_dec -0 nack_dec -66400
Flow Uec_118_246 flowId 109 uecSrc 108 finished at 443.44 total messages 1 total packets 490 RTS 0 total bytes 2002140 in_flight now 0 fair_inc 9455 prop_inc 141108 fast_inc 0 eta_inc 19668 multi_dec -200534 quick_dec -0 nack_dec -29050
Flow Uec_58_186 flowId 128 uecSrc 127 finished at 443.965 total messages 1 total packets 490 RTS 0 total bytes 2002140 in_flight now 0 fair_inc 13447 prop_inc 17619 fast_inc 0 eta_inc 20860 multi_dec -59471 quick_dec -0 nack_dec -124500
Flow Uec_24_152 flowId 88 uecSrc 87 finished at 447.493 total messages 1 total packets 500 RTS 10 total bytes 2002140 in_flight now 0 fair_inc 25366 prop_inc 61160 fast_inc 0 eta_inc 20860 multi_dec -89192 quick_dec -0 nack_dec -16600
Flow Uec_144_16 flowId 59 uecSrc 58 finished at 448.693 total messages 1 total packets 491 RTS 1 total bytes 2002140 in_flight now 0 fair_inc 17447 prop_inc 36225 fast_inc 0 eta_inc 20264 multi_dec -87363 quick_dec -0 nack_dec -74700
Flow Uec_226_98 flowId 110 uecSrc 109 finished at 448.714 total messages 1 total packets 490 RTS 0 total bytes 2002140 in_flight now 0 fair_inc 8149 prop_inc 112135 fast_inc 0 eta_inc 19668 multi_dec -68020 quick_dec -0 nack_dec -136950
Flow Uec_173_45 flowId 77 uecSrc 76 finished at 452.433 total messages 1 total packets 491 RTS 1 total bytes 2002140 in_flight now 0 fair_inc 20117 prop_inc 21450 fast_inc 0 eta_inc 20264 multi_dec -13410 quick_dec -0 nack_dec -149400
Flow Uec_237_109 flowId 45 uecSrc 44 finished at 454.279 total messages 1 total packets 490 RTS 0 total bytes 2002140 in_flight now 0 fair_inc 14962 prop_inc 30211 fast_inc 0 eta_inc 21456 multi_dec -23346 quick_dec -0 nack_dec -145250
Flow Uec_187_59 flowId 12 uecSrc 11 finished at 454.752 total messages 1 total packets 490 RTS 0 total bytes 2002140 in_flight now 0 fair_inc 28974 prop_inc 21356 fast_inc 0 eta_inc 21456 multi_dec -38480 quick_dec -0 nack_dec -145250
Flow Uec_29_157 flowId 41 uecSrc 40 finished at 466.02 total messages 1 total packets 498 RTS 8 total bytes 2002140 in_flight now 0 fair_inc 18544 prop_inc 22395 fast_inc 0 eta_inc 19072 multi_dec -6486 quick_dec -96123 nack_dec -12450
Flow Uec_159_31 flowId 87 uecSrc 86 finished at 466.078 total messages 1 total packets 492 RTS 2 total bytes 2002140 in_flight now 0 fair_inc 39907 prop_inc 17447 fast_inc 0 eta_inc 21456 multi_dec -5482 quick_dec -0 nack_dec -149400
Flow Uec_10_138 flowId 164 uecSrc 163 finished at 469.046 total messages 1 total packets 501 RTS 11 total bytes 2002140 in_flight now 0 fair_inc 11240 prop_inc 59687 fast_inc 0 eta_inc 18476 multi_dec -2074 quick_dec -106129 nack_dec -16600
Flow Uec_103_231 flowId 97 uecSrc 96 finished at 469.249 total messages 1 total packets 490 RTS 0 total bytes 2002140 in_flight now 0 fair_inc 28596 prop_inc 16975 fast_inc 0 eta_inc 22648 multi_dec -25398 quick_dec -0 nack_dec -157700
Flow Uec_145_17 flowId 174 uecSrc 173 finished at 469.269 total messages 1 total packets 490 RTS 0 total bytes 2002140 in_flight now 0 fair_inc 21128 prop_inc 20800 fast_inc 0 eta_inc 21456 multi_dec -102409 quick_dec -0 nack_dec -99600
Flow Uec_16_144 flowId 70 uecSrc 69 finished at 472.915 total messages 1 total packets 495 RTS 5 total bytes 2002140 in_flight now 0 fair_inc 9650 prop_inc 85504 fast_inc 33825 eta_inc 20264 multi_dec -176291 quick_dec -0 nack_dec -12450
Flow Uec_71_199 flowId 60 uecSrc 59 finished at 474.447 total messages 1 total packets 490 RTS 0 total bytes 2002140 in_flight now 0 fair_inc 9202 prop_inc 17100 fast_inc 0 eta_inc 20860 multi_dec -68208 quick_dec -0 nack_dec -95450
Flow Uec_161_33 flowId 24 uecSrc 23 finished at 474.506 total messages 1 total packets 492 RTS 2 total bytes 2002140 in_flight now 0 fair_inc 45546 prop_inc 23851 fast_inc 0 eta_inc 19072 multi_dec -135047 quick_dec -0 nack_dec -49800
Flow Uec_5_133 flowId 94 uecSrc 93 finished at 475.325 total messages 1 total packets 492 RTS 2 total bytes 2002140 in_flight now 0 fair_inc 2995 prop_inc 110524 fast_inc 0 eta_inc 19668 multi_dec -182740 quick_dec -0 nack_dec -20750
Flow Uec_114_242 flowId 207 uecSrc 206 finished at 484.642 total messages 1 total packets 490 RTS 0 total bytes 2002140 in_flight now 0 fair_inc 30543 prop_inc 21158 fast_inc 0 eta_inc 21456 multi_dec -142144 quick_dec -0 nack_dec -58100
Flow Uec_131_3 flowId 141 uecSrc 140 finished at 484.668 total messages 1 total packets 491 RTS 1 total bytes 2002140 in_flight now 0 fair_inc 24331 prop_inc 30292 fast_inc 0 eta_inc 22648 multi_dec -108218 quick_dec -0 nack_dec -83000
Flow Uec_98_226 flowId 200 uecSrc 199 finished at 487.423 total messages 1 total packets 490 RTS 0 total bytes 2002140 in_flight now 0 fair_inc 33777 prop_inc 19118 fast_inc 0 eta_inc 21456 multi_dec -36878 quick_dec -0 nack_dec -153550
Flow Uec_195_67 flowId 180 uecSrc 179 finished at 488.798 total messages 1 total packets 490 RTS 0 total bytes 2002140 in_flight now 0 fair_inc 33116 prop_inc 28347 fast_inc 0 eta_inc 22648 multi_dec -108418 quick_dec -0 nack_dec -87150
Flow Uec_181_53 flowId 76 uecSrc 75 finished at 491.891 total messages 1 total packets 490 RTS 0 total bytes 2002140 in_flight now 0 fair_inc 12087 prop_inc 54524 fast_inc 0 eta_inc 21456 multi_dec -78702 quick_dec -0 nack_dec -103750
Flow Uec_55_183 flowId 152 uecSrc 151 finished at 492.188 total messages 1 total packets 490 RTS 0 total bytes 2002140 in_flight now 0 fair_inc 16353 prop_inc 41272 fast_inc 0 eta_inc 22648 multi_dec -86017 quick_dec -0 nack_dec -99600
Flow Uec_81_209 flowId 125 uecSrc 124 finished at 492.53 total messages 1 total packets 490 RTS 0 total bytes 2002140 in_flight now 0 fair_inc 11622 prop_inc 23793 fast_inc 0 eta_inc 22648 multi_dec -89770 quick_dec -0 nack_dec -95450
Flow Uec_198_70 flowId 11 uecSrc 10 finished at 497.104 total messages 1 total packets 490 RTS 0 total bytes 2002140 in_flight now 0 fair_inc 28119 prop_inc 16915 fast_inc 0 eta_inc 22648 multi_dec -73717 quick_dec -0 nack_dec -112050
Flow Uec_7_135 flowId 7 uecSrc 6 finished at 498.138 total messages 1 total packets 496 RTS 6 total bytes 2002140 in_flight now 0 fair_inc 11827 prop_inc 35114 fast_inc 0 eta_inc 17284 multi_dec -129 quick_dec -130573 nack_dec -29050
Flow Uec_82_210 flowId 6 uecSrc 5 finished at 501.004 total messages 1 total packets 490 RTS 0 total bytes 2002140 in_flight now 0 fair_inc 25308 prop_inc 39805 fast_inc 0 eta_inc 23244 multi_dec -90667 quick_dec -0 nack_dec -99600
Flow Uec_214_86 flowId 42 uecSrc 41 finished at 501.457 total messages 1 total packets 490 RTS 0 total bytes 2002140 in_flight now 0 fair_inc 14096 prop_inc 16311 fast_inc 0 eta_inc 20264 multi_dec -75125 quick_dec -0 nack_dec -103750
Flow Uec_106_234 flowId 66 uecSrc 65 finished at 502.449 total messages 1 total packets 490 RTS 0 total bytes 2002140 in_flight now 0 fair_inc 13960 prop_inc 28630 fast_inc 0 eta_inc 23244 multi_dec -122116 quick_dec -0 nack_dec -62250
Flow Uec_203_75 flowId 106 uecSrc 105 finished at 504.049 total messages 1 total packets 490 RTS 0 total bytes 2002140 in_flight now 0 fair_inc 34714 prop_inc 48482 fast_inc 0 eta_inc 20860 multi_dec -110401 quick_dec -0 nack_dec -83000
Flow Uec_49_177 flowId 9 uecSrc 8 finished at 504.244 total messages 1 total packets 490 RTS 0 total bytes 2002140 in_flight now 0 fair_inc 55384 prop_inc 29392 fast_inc 0 eta_inc 23244 multi_dec -103636 quick_dec -0 nack_dec -103750
Flow Uec_78_206 flowId 55 uecSrc 54 finished at 504.62 total messages 1 total packets 490 RTS 0 total bytes 2002140 in_flight now 0 fair_inc 23963 prop_inc 41560 fast_inc 0 eta_inc 23840 multi_dec -94164 quick_dec -0 nack_dec -99600
Flow Uec_147_19 flowId 147 uecSrc 146 finished at 505.457 total messages 1 total packets 492 RTS 2 total bytes 2002140 in_flight now 0 fair_inc 4818 prop_inc 20806 fast_inc 0 eta_inc 22648 multi_dec -12561 quick_dec -0 nack_dec -120350
Flow Uec_85_213 flowId 209 uecSrc 208 finished at 506.841 total messages 1 total packets 490 RTS 0 total bytes 2002140 in_flight now 0 fair_inc 13407 prop_inc 53080 fast_inc 0 eta_inc 23244 multi_dec -70567 quick_dec -0 nack_dec -112050
Flow Uec_90_218 flowId 18 uecSrc 17 finished at 507.373 total messages 1 total packets 490 RTS 0 total bytes 2002140 in_flight now 0 fair_inc 25828 prop_inc 43982 fast_inc 0 eta_inc 23840 multi_dec -89430 quick_dec -0 nack_dec -107900
Flow Uec_206_78 flowId 210 uecSrc 209 finished at 507.918 total messages 1 total packets 490 RTS 0 total bytes 2002140 in_flight now 0 fair_inc 29595 prop_inc 49995 fast_inc 0 eta_inc 23244 multi_dec -106161 quick_dec -0 nack_dec -83000
Flow Uec_167_39 flowId 65 uecSrc 64 finished at 508.265 total messages 1 total packets 490 RTS 0 total bytes 2002140 in_flight now 0 fair_inc 20649 prop_inc 17331 fast_inc 0 eta_inc 23840 multi_dec -49559 quick_dec -0 nack_dec -136950
Flow Uec_109_237 flowId 217 uecSrc 216 finished at 508.328 total messages 1 total packets 490 RTS 0 total bytes 2002140 in_flight now 0 fair_inc 30714 prop_inc 35467 fast_inc 0 eta_inc 23840 multi_dec -117243 quick_dec -0 nack_dec -83000
Flow Uec_204_76 flowId 197 uecSrc 196 finished at 513.378 total messages 1 total packets 490 RTS 0 total bytes 2002140 in_flight now 0 fair_inc 27486 prop_inc 25426 fast_inc 0 eta_inc 22648 multi_dec -91333 quick_dec -0 nack_dec -99600
Flow Uec_179_51 flowId 33 uecSrc 32 finished at 514.727 total messages 1 total packets 490 RTS 0 total bytes 2002140 in_flight now 0 fair_inc 21080 prop_inc 57495 fast_inc 0 eta_inc 22648 multi_dec -120755 quick_dec -0 nack_dec -78850
Flow Uec_112_240 flowId 13 uecSrc 12 finished at 515.288 total messages 1 total packets 490 RTS 0 total bytes 2002140 in_flight now 0 fair_inc 15548 prop_inc 38062 fast_inc 15152 eta_inc 23244 multi_dec -92084 quick_dec -0 nack_dec -99600
Flow Uec_190_62 flowId 22 uecSrc 21 finished at 516.355 total messages 1 total packets 490 RTS 0 total bytes 2002140 in_flight now 0 fair_inc 22675 prop_inc 50922 fast_inc 5050 eta_inc 23840 multi_dec -120814 quick_dec -0 nack_dec -78850
Flow Uec_92_220 flowId 182 uecSrc 181 finished at 516.378 total messages 1 total packets 490 RTS 0 total bytes 2002140 in_flight now 0 fair_inc 16033 prop_inc 34228 fast_inc 0 eta_inc 21456 multi_dec -63452 quick_dec -0 nack_dec -124500
Flow Uec_51_179 flowId 78 uecSrc 77 finished at 517.726 total messages 1 total packets 490 RTS 0 total bytes 2002140 in_flight now 0 fair_inc 50234 prop_inc 30030 fast_inc 0 eta_inc 24436 multi_dec -102763 quick_dec -0 nack_dec -116200
Flow Uec_54_182 flowId 104 uecSrc 103 finished at 519.878 total messages 1 total packets 490 RTS 0 total bytes 2002140 in_flight now 0 fair_inc 61126 prop_inc 31279 fast_inc 0 eta_inc 23244 multi_dec -164021 quick_dec -0 nack_dec -66400
Flow Uec_52_180 flowId 105 uecSrc 104 finished at 520.061 total messages 1 total packets 490 RTS 0 total bytes 2002140 in_flight now 0 fair_inc 19525 prop_inc 57006 fast_inc 0 eta_inc 25032 multi_dec -97973 quick_dec -0 nack_dec -91300
Flow Uec_207_79 flowId 211 uecSrc 210 finished at 524.493 total messages 1 total packets 490 RTS 0 total bytes 2002140 in_flight now 0 fair_inc 28463 prop_inc 8008 fast_inc 0 eta_inc 24436 multi_dec -56852 quick_dec -0 nack_dec -145250
Flow Uec_136_8 flowId 170 uecSrc 169 finished at 525.46 total messages 1 total packets 492 RTS 2 total bytes 2002140 in_flight now 0 fair_inc 14891 prop_inc 53221 fast_inc 13133 eta_inc 22052 multi_dec -90122 quick_dec -0 nack_dec -95450
Flow Uec_241_113 flowId 116 uecSrc 115 finished at 528.366 total messages 1 total packets 490 RTS 0 total bytes 2002140 in_flight now 0 fair_inc 31606 prop_inc 56692 fast_inc 0 eta_inc 24436 multi_dec -135478 quick_dec -0 nack_dec -83000
Flow Uec_166_38 flowId 208 uecSrc 207 finished at 530.942 total messages 1 total packets 491 RTS 1 total bytes 2002140 in_flight now 0 fair_inc 22892 prop_inc 80795 fast_inc 0 eta_inc 23244 multi_dec -151644 quick_dec -0 nack_dec -70550
Flow Uec_160_32 flowId 196 uecSrc 195 finished at 536.058 total messages 1 total packets 490 RTS 0 total bytes 2002140 in_flight now 0 fair_inc 33703 prop_inc 22111 fast_inc 0 eta_inc 24436 multi_dec -51084 quick_dec -0 nack_dec -161850
Flow Uec_244_116 flowId 119 uecSrc 118 finished at 539.32 total messages 1 total packets 490 RTS 0 total bytes 2002140 in_flight now 0 fair_inc 8208 prop_inc 21124 fast_inc 0 eta_inc 25032 multi_dec -40112 quick_dec -0 nack_dec -153550
Flow Uec_242_114 flowId 195 uecSrc 194 finished at 540.469 total messages 1 total packets 490 RTS 0 total bytes 2002140 in_flight now 0 fair_inc 27181 prop_inc 68345 fast_inc 0 eta_inc 25032 multi_dec -120509 quick_dec -0 nack_dec -99600
Flow Uec_97_225 flowId 102 uecSrc 101 finished at 542.297 total messages 1 total packets 490 RTS 0 total bytes 2002140 in_flight now 0 fair_inc 39828 prop_inc 7609 fast_inc 0 eta_inc 25032 multi_dec -49693 quick_dec -0 nack_dec -157700
Flow Uec_201_73 flowId 103 uecSrc 102 finished at 558.815 total messages 1 total packets 490 RTS 0 total bytes 2002140 in_flight now 0 fair_inc 17076 prop_inc 24698 fast_inc 0 eta_inc 25628 multi_dec -13342 quick_dec -0 nack_dec -166000
Flow Uec_148_20 flowId 53 uecSrc 52 finished at 563.391 total messages 1 total packets 491 RTS 1 total bytes 2002140 in_flight now 0 fair_inc 37404 prop_inc 33829 fast_inc 0 eta_inc 23840 multi_dec -93914 quick_dec -0 nack_dec -120350
Flow Uec_141_13 flowId 140 uecSrc 139 finished at 564.231 total messages 1 total packets 490 RTS 0 total bytes 2002140 in_flight now 0 fair_inc 14086 prop_inc 92839 fast_inc 0 eta_inc 25032 multi_dec -140785 quick_dec -0 nack_dec -70550
Flow Uec_254_126 flowId 173 uecSrc 172 finished at 564.842 total messages 1 total packets 490 RTS 0 total bytes 2002140 in_flight now 0 fair_inc 31372 prop_inc 13658 fast_inc 0 eta_inc 26224 multi_dec -62451 quick_dec -0 nack_dec -136950
Flow Uec_184_56 flowId 183 uecSrc 182 finished at 565.875 total messages 1 total packets 490 RTS 0 total bytes 2002140 in_flight now 0 fair_inc 29784 prop_inc 16062 fast_inc 0 eta_inc 25032 multi_dec -67183 quick_dec -0 nack_dec -128650
Flow Uec_69_197 flowId 111 uecSrc 110 finished at 573.593 total messages 1 total packets 490 RTS 0 total bytes 2002140 in_flight now 0 fair_inc 27420 prop_inc 18570 fast_inc 0 eta_inc 26224 multi_dec -35743 quick_dec -0 nack_dec -170150
Flow Uec_110_238 flowId 153 uecSrc 152 finished at 584.569 total messages 1 total packets 490 RTS 0 total bytes 2002140 in_flight now 0 fair_inc 38005 prop_inc 3920 fast_inc 0 eta_inc 25628 multi_dec -64415 quick_dec -0 nack_dec -136950
Flow Uec_101_229 flowId 117 uecSrc 116 finished at 590.015 total messages 1 total packets 490 RTS 0 total bytes 2002140 in_flight now 0 fair_inc 45107 prop_inc 5244 fast_inc 0 eta_inc 27416 multi_dec -40290 quick_dec -0 nack_dec -166000
Flow Uec_186_58 flowId 25 uecSrc 24 finished at 592.473 total messages 1 total packets 490 RTS 0 total bytes 2002140 in_flight now 0 fair_inc 24363 prop_inc 29247 fast_inc 0 eta_inc 27416 multi_dec -95219 quick_dec -0 nack_dec -120350
Flow Uec_221_93 flowId 186 uecSrc 185 finished at 609.63 total messages 1 total packets 490 RTS 0 total bytes 2002140 in_flight now 0 fair_inc 43034 prop_inc 5856 fast_inc 0 eta_inc 27416 multi_dec -74537 quick_dec -0 nack_dec -161850
Flow Uec_64_192 flowId 15 uecSrc 14 finished at 611.756 total messages 1 total packets 490 RTS 0 total bytes 2002140 in_flight now 0 fair_inc 41121 prop_inc 6596 fast_inc 0 eta_inc 26820 multi_dec -55254 quick_dec -0 nack_dec -170150
Flow Uec_171_43 flowId 47 uecSrc 46 finished at 614.196 total messages 1 total packets 490 RTS 0 total bytes 2002140 in_flight now 0 fair_inc 62574 prop_inc 5501 fast_inc 0 eta_inc 28012 multi_dec -42513 quick_dec -0 nack_dec -166000
Flow Uec_164_36 flowId 98 uecSrc 97 finished at 620.997 total messages 1 total packets 490 RTS 0 total bytes 2002140 in_flight now 0 fair_inc 64732 prop_inc 2682 fast_inc 0 eta_inc 27416 multi_dec -108520 quick_dec -0 nack_dec -153550
Flow Uec_113_241 flowId 93 uecSrc 92 finished at 626.779 total messages 1 total packets 490 RTS 0 total bytes 2002140 in_flight now 0 fair_inc 27970 prop_inc 25857 fast_inc 13130 eta_inc 28012 multi_dec -89913 quick_dec -0 nack_dec -116200
Flow Uec_91_219 flowId 144 uecSrc 143 finished at 634.996 total messages 1 total packets 490 RTS 0 total bytes 2002140 in_flight now 0 fair_inc 25524 prop_inc 18755 fast_inc 0 eta_inc 27416 multi_dec -108372 quick_dec -0 nack_dec -112050
Flow Uec_219_91 flowId 206 uecSrc 205 finished at 635.686 total messages 1 total packets 490 RTS 0 total bytes 2002140 in_flight now 0 fair_inc 37723 prop_inc 5124 fast_inc 0 eta_inc 26820 multi_dec -45600 quick_dec -0 nack_dec -166000
Flow Uec_86_214 flowId 159 uecSrc 158 finished at 640.68 total messages 1 total packets 490 RTS 0 total bytes 2002140 in_flight now 0 fair_inc 54459 prop_inc 15049 fast_inc 0 eta_inc 28608 multi_dec -87121 quick_dec -0 nack_dec -145250
Flow Uec_197_69 flowId 48 uecSrc 47 finished at 651.349 total messages 1 total packets 490 RTS 0 total bytes 2002140 in_flight now 0 fair_inc 25457 prop_inc 9054 fast_inc 0 eta_inc 28608 multi_dec -84769 quick_dec -0 nack_dec -112050
Flow Uec_251_123 flowId 73 uecSrc 72 finished at 651.691 total messages 1 total packets 490 RTS 0 total bytes 2002140 in_flight now 0 fair_inc 23248 prop_inc 29445 fast_inc 0 eta_inc 29204 multi_dec -79068 quick_dec -0 nack_dec -124500
Flow Uec_200_72 flowId 5 uecSrc 4 finished at 652.511 total messages 1 total packets 490 RTS 0 total bytes 2002140 in_flight now 0 fair_inc 53637 prop_inc 12375 fast_inc 0 eta_inc 28012 multi_dec -116333 quick_dec -0 nack_dec -116200
Flow Uec_189_61 flowId 20 uecSrc 19 finished at 654.35 total messages 1 total packets 490 RTS 0 total bytes 2002140 in_flight now 0 fair_inc 44541 prop_inc 55548 fast_inc 0 eta_inc 22648 multi_dec -87794 quick_dec -0 nack_dec -136950
Flow Uec_212_84 flowId 39 uecSrc 38 finished at 655.184 total messages 1 total packets 490 RTS 0 total bytes 2002140 in_flight now 0 fair_inc 40555 prop_inc 14057 fast_inc 0 eta_inc 29204 multi_dec -26307 quick_dec -0 nack_dec -182600
Flow Uec_84_212 flowId 37 uecSrc 36 finished at 657.176 total messages 1 total packets 490 RTS 0 total bytes 2002140 in_flight now 0 fair_inc 23963 prop_inc 21658 fast_inc 0 eta_inc 29800 multi_dec -133025 quick_dec -0 nack_dec -99600
Flow Uec_74_202 flowId 50 uecSrc 49 finished at 657.646 total messages 1 total packets 490 RTS 0 total bytes 2002140 in_flight now 0 fair_inc 23727 prop_inc 68811 fast_inc 0 eta_inc 29204 multi_dec -116310 quick_dec -0 nack_dec -103750
Flow Uec_149_21 flowId 130 uecSrc 129 finished at 658.303 total messages 1 total packets 490 RTS 0 total bytes 2002140 in_flight now 0 fair_inc 30725 prop_inc 82511 fast_inc 0 eta_inc 26224 multi_dec -125852 quick_dec -0 nack_dec -116200
Flow Uec_169_41 flowId 38 uecSrc 37 finished at 658.828 total messages 1 total packets 490 RTS 0 total bytes 2002140 in_flight now 0 fair_inc 30791 prop_inc 81178 fast_inc 0 eta_inc 23840 multi_dec -104638 quick_dec -0 nack_dec -128650
Flow Uec_152_24 flowId 201 uecSrc 200 finished at 661.658 total messages 1 total packets 492 RTS 2 total bytes 2002140 in_flight now 0 fair_inc 50337 prop_inc 23276 fast_inc 0 eta_inc 28012 multi_dec -92387 quick_dec -0 nack_dec -132800
Flow Uec_229_101 flowId 58 uecSrc 57 finished at 669.861 total messages 1 total packets 490 RTS 0 total bytes 2002140 in_flight now 0 fair_inc 16094 prop_inc 37531 fast_inc 0 eta_inc 30396 multi_dec -85232 quick_dec -0 nack_dec -132800
Flow Uec_246_118 flowId 126 uecSrc 125 finished at 671.118 total messages 1 total packets 490 RTS 0 total bytes 2002140 in_flight now 0 fair_inc 36832 prop_inc 39996 fast_inc 0 eta_inc 29800 multi_dec -84397 quick_dec -0 nack_dec -145250
Flow Uec_223_95 flowId 146 uecSrc 145 finished at 671.367 total messages 1 total packets 490 RTS 0 total bytes 2002140 in_flight now 0 fair_inc 32752 prop_inc 68350 fast_inc 0 eta_inc 28608 multi_dec -112687 quick_dec -0 nack_dec -120350
Flow Uec_233_105 flowId 123 uecSrc 122 finished at 677.708 total messages 1 total packets 490 RTS 0 total bytes 2002140 in_flight now 0 fair_inc 19225 prop_inc 38141 fast_inc 0 eta_inc 24436 multi_dec -13206 quick_dec -12586 nack_dec -174300
Flow Uec_150_22 flowId 178 uecSrc 177 finished at 683.811 total messages 1 total packets 490 RTS 0 total bytes 2002140 in_flight now 0 fair_inc 27480 prop_inc 89354 fast_inc 0 eta_inc 24436 multi_dec -136381 quick_dec -0 nack_dec -112050
Flow Uec_170_42 flowId 154 uecSrc 153 finished at 689.237 total messages 1 total packets 490 RTS 0 total bytes 2002140 in_flight now 0 fair_inc 29364 prop_inc 97626 fast_inc 0 eta_inc 25628 multi_dec -165681 quick_dec -9848 nack_dec -87150
Flow Uec_72_200 flowId 191 uecSrc 190 finished at 689.581 total messages 1 total packets 490 RTS 0 total bytes 2002140 in_flight now 0 fair_inc 34082 prop_inc 80735 fast_inc 0 eta_inc 27416 multi_dec -138648 quick_dec -0 nack_dec -103750
Flow Uec_222_94 flowId 8 uecSrc 7 finished at 691.017 total messages 1 total packets 490 RTS 0 total bytes 2002140 in_flight now 0 fair_inc 36519 prop_inc 73850 fast_inc 0 eta_inc 29800 multi_dec -145170 quick_dec -0 nack_dec -103750
Flow Uec_115_243 flowId 133 uecSrc 132 finished at 691.298 total messages 1 total packets 490 RTS 0 total bytes 2002140 in_flight now 0 fair_inc 32064 prop_inc 34989 fast_inc 122724 eta_inc 24436 multi_dec -116219 quick_dec -0 nack_dec -112050
Flow Uec_96_224 flowId 163 uecSrc 162 finished at 691.844 total messages 1 total packets 490 RTS 0 total bytes 2002140 in_flight now 0 fair_inc 41369 prop_inc 41548 fast_inc 0 eta_inc 24436 multi_dec -71564 quick_dec -0 nack_dec -153550
Flow Uec_202_74 flowId 81 uecSrc 80 finished at 695.758 total messages 1 total packets 490 RTS 0 total bytes 2002140 in_flight now 0 fair_inc 53217 prop_inc 39660 fast_inc 0 eta_inc 29800 multi_dec -180571 quick_dec -0 nack_dec -74700
Flow Uec_53_181 flowId 27 uecSrc 26 finished at 697.384 total messages 1 total packets 490 RTS 0 total bytes 2002140 in_flight now 0 fair_inc 43717 prop_inc 14045 fast_inc 0 eta_inc 30992 multi_dec -87888 quick_dec -0 nack_dec -145250
Flow Uec_191_63 flowId 199 uecSrc 198 finished at 703.957 total messages 1 total packets 490 RTS 0 total bytes 2002140 in_flight now 0 fair_inc 32610 prop_inc 81129 fast_inc 0 eta_inc 27416 multi_dec -115548 quick_dec -0 nack_dec -132800
Flow Uec_129_1 flowId 148 uecSrc 147 finished at 709.443 total messages 1 total packets 491 RTS 1 total bytes 2002140 in_flight now 0 fair_inc 28819 prop_inc 5280 fast_inc 0 eta_inc 31588 multi_dec -36561 quick_dec -0 nack_dec -153550
Flow Uec_250_122 flowId 157 uecSrc 156 finished at 718.514 total messages 1 total packets 490 RTS 0 total bytes 2002140 in_flight now 0 fair_inc 26335 prop_inc 46769 fast_inc 74232 eta_inc 32184 multi_dec -100780 quick_dec -0 nack_dec -132800
Flow Uec_176_48 flowId 189 uecSrc 188 finished at 729.567 total messages 1 total packets 491 RTS 1 total bytes 2002140 in_flight now 0 fair_inc 66084 prop_inc 36112 fast_inc 0 eta_inc 26224 multi_dec -34429 quick_dec -22289 nack_dec -174300
Flow Uec_56_184 flowId 212 uecSrc 211 finished at 734.039 total messages 1 total packets 490 RTS 0 total bytes 2002140 in_flight now 0 fair_inc 60089 prop_inc 11357 fast_inc 0 eta_inc 29800 multi_dec -139993 quick_dec -0 nack_dec -124500
Flow Uec_196_68 flowId 34 uecSrc 33 finished at 735.864 total messages 1 total packets 490 RTS 0 total bytes 2002140 in_flight now 0 fair_inc 63520 prop_inc 37987 fast_inc 0 eta_inc 25628 multi_dec -121844 quick_dec -0 nack_dec -132800
Flow Uec_228_100 flowId 2 uecSrc 1 finished at 739.128 total messages 1 total packets 490 RTS 0 total bytes 2002140 in_flight now 0 fair_inc 27802 prop_inc 45024 fast_inc 91409 eta_inc 26224 multi_dec -119557 quick_dec -0 nack_dec -116200
Flow Uec_60_188 flowId 79 uecSrc 78 finished at 742.365 total messages 1 total packets 490 RTS 0 total bytes 2002140 in_flight now 0 fair_inc 10031 prop_inc 39382 fast_inc 0 eta_inc 29204 multi_dec -56052 quick_dec -0 nack_dec -141100
Flow Uec_67_195 flowId 71 uecSrc 70 finished at 776.524 total messages 1 total packets 490 RTS 0 total bytes 2002140 in_flight now 0 fair_inc 56663 prop_inc 12287 fast_inc 0 eta_inc 33972 multi_dec -92980 quick_dec -0 nack_dec -166000
Flow Uec_175_47 flowId 188 uecSrc 187 finished at 797.104 total messages 1 total packets 490 RTS 0 total bytes 2002140 in_flight now 0 fair_inc 50857 prop_inc 26661 fast_inc 0 eta_inc 26224 multi_dec -3018 quick_dec -34739 nack_dec -170150
Flow Uec_168_40 flowId 14 uecSrc 13 finished at 797.425 total messages 1 total packets 491 RTS 1 total bytes 2002140 in_flight now 0 fair_inc 43135 prop_inc 28049 fast_inc 0 eta_inc 30396 multi_dec -106359 quick_dec -0 nack_dec -136950
Flow Uec_65_193 flowId 136 uecSrc 135 finished at 798.104 total messages 1 total packets 490 RTS 0 total bytes 2002140 in_flight now 0 fair_inc 70127 prop_inc 21438 fast_inc 0 eta_inc 28608 multi_dec -60796 quick_dec -16553 nack_dec -170150
Flow Uec_59_187 flowId 3 uecSrc 2 finished at 819.083 total messages 1 total packets 490 RTS 0 total bytes 2002140 in_flight now 0 fair_inc 25817 prop_inc 67924 fast_inc 0 eta_inc 30396 multi_dec -81009 quick_dec -0 nack_dec -149400
Flow Uec_153_25 flowId 95 uecSrc 94 finished at 835.833 total messages 1 total packets 490 RTS 0 total bytes 2002140 in_flight now 0 fair_inc 18432 prop_inc 77828 fast_inc 0 eta_inc 32184 multi_dec -125575 quick_dec -2307 nack_dec -112050
Flow Uec_93_221 flowId 156 uecSrc 155 finished at 837.962 total messages 1 total packets 490 RTS 0 total bytes 2002140 in_flight now 0 fair_inc 51198 prop_inc 4173 fast_inc 0 eta_inc 35760 multi_dec -107754 quick_dec -0 nack_dec -136950
Flow Uec_225_97 flowId 169 uecSrc 168 finished at 839.836 total messages 1 total packets 490 RTS 0 total bytes 2002140 in_flight now 0 fair_inc 40422 prop_inc 72746 fast_inc 0 eta_inc 33972 multi_dec -58325 quick_dec -32416 nack_dec -182600
Flow Uec_224_96 flowId 51 uecSrc 50 finished at 840.832 total messages 1 total packets 490 RTS 0 total bytes 2002140 in_flight now 0 fair_inc 39888 prop_inc 76539 fast_inc 0 eta_inc 34568 multi_dec -109343 quick_dec -75 nack_dec -153550
Flow Uec_151_23 flowId 10 uecSrc 9 finished at 840.974 total messages 1 total packets 490 RTS 0 total bytes 2002140 in_flight now 0 fair_inc 46228 prop_inc 71817 fast_inc 0 eta_inc 32184 multi_dec -157914 quick_dec --1178 nack_dec -107900
Flow Uec_62_190 flowId 96 uecSrc 95 finished at 842.125 total messages 1 total packets 490 RTS 0 total bytes 2002140 in_flight now 0 fair_inc 60907 prop_inc 47653 fast_inc 8082 eta_inc 31588 multi_dec -157691 quick_dec -0 nack_dec -116200
Flow Uec_79_207 flowId 4 uecSrc 3 finished at 848.415 total messages 1 total packets 490 RTS 0 total bytes 2002140 in_flight now 0 fair_inc 53754 prop_inc 5313 fast_inc 0 eta_inc 35760 multi_dec -55901 quick_dec -27035 nack_dec -190900
Flow Uec_63_191 flowId 194 uecSrc 193 finished at 853.147 total messages 1 total packets 490 RTS 0 total bytes 2002140 in_flight now 0 fair_inc 45549 prop_inc 57486 fast_inc 0 eta_inc 28012 multi_dec -64036 quick_dec -3294 nack_dec -182600
Flow Uec_174_46 flowId 127 uecSrc 126 finished at 860.351 total messages 1 total packets 490 RTS 0 total bytes 2002140 in_flight now 0 fair_inc 39934 prop_inc 74691 fast_inc 0 eta_inc 29800 multi_dec -127197 quick_dec -3770 nack_dec -120350
Flow Uec_61_189 flowId 29 uecSrc 28 finished at 861.604 total messages 1 total packets 490 RTS 0 total bytes 2002140 in_flight now 0 fair_inc 41585 prop_inc 77416 fast_inc 51000 eta_inc 29204 multi_dec -61068 quick_dec -60795 nack_dec -145250
Flow Uec_70_198 flowId 168 uecSrc 167 finished at 873.873 total messages 1 total packets 490 RTS 0 total bytes 2002140 in_flight now 0 fair_inc 48940 prop_inc 18111 fast_inc 0 eta_inc 29800 multi_dec -86838 quick_dec -0 nack_dec -174300
Flow Uec_209_81 flowId 124 uecSrc 123 finished at 879.118 total messages 1 total packets 490 RTS 0 total bytes 2002140 in_flight now 0 fair_inc 72908 prop_inc 3527 fast_inc 0 eta_inc 29204 multi_dec -61954 quick_dec -35256 nack_dec -161850
Flow Uec_216_88 flowId 61 uecSrc 60 finished at 909.823 total messages 1 total packets 490 RTS 0 total bytes 2002140 in_flight now 0 fair_inc 79324 prop_inc 7045 fast_inc 0 eta_inc 39336 multi_dec -113364 quick_dec -0 nack_dec -178450
Flow Uec_220_92 flowId 68 uecSrc 67 finished at 927.58 total messages 1 total packets 490 RTS 0 total bytes 2002140 in_flight now 0 fair_inc 63410 prop_inc 12870 fast_inc 0 eta_inc 36952 multi_dec -133010 quick_dec -0 nack_dec -149400
Flow Uec_76_204 flowId 187 uecSrc 186 finished at 939.408 total messages 1 total packets 490 RTS 0 total bytes 2002140 in_flight now 0 fair_inc 63382 prop_inc 42824 fast_inc 0 eta_inc 36952 multi_dec -121267 quick_dec -0 nack_dec -166000
Flow Uec_210_82 flowId 56 uecSrc 55 finished at 947.223 total messages 1 total packets 490 RTS 0 total bytes 2002140 in_flight now 0 fair_inc 68434 prop_inc 23513 fast_inc 0 eta_inc 33376 multi_dec -115725 quick_dec -0 nack_dec -157700
Flow Uec_218_90 flowId 139 uecSrc 138 finished at 978.069 total messages 1 total packets 490 RTS 0 total bytes 2002140 in_flight now 0 fair_inc 71299 prop_inc 44521 fast_inc 0 eta_inc 32780 multi_dec -92764 quick_dec -12587 nack_dec -178450
Flow Uec_83_211 flowId 46 uecSrc 45 finished at 983.459 total messages 1 total packets 490 RTS 0 total bytes 2002140 in_flight now 0 fair_inc 28994 prop_inc 70258 fast_inc 0 eta_inc 32184 multi_dec -42745 quick_dec -17320 nack_dec -182600
Flow Uec_94_222 flowId 160 uecSrc 159 finished at 1023.23 total messages 1 total packets 490 RTS 0 total bytes 2002140 in_flight now 0 fair_inc 54919 prop_inc 64552 fast_inc 57061 eta_inc 37548 multi_dec -157710 quick_dec -744 nack_dec -128650
Flow Uec_205_77 flowId 218 uecSrc 217 finished at 1047.85 total messages 1 total packets 490 RTS 0 total bytes 2002140 in_flight now 0 fair_inc 72528 prop_inc 82705 fast_inc 0 eta_inc 38144 multi_dec -151732 quick_dec -25 nack_dec -153550
Flow Uec_133_5 flowId 32 uecSrc 31 finished at 1054.03 total messages 1 total packets 490 RTS 0 total bytes 2002140 in_flight now 0 fair_inc 86894 prop_inc 7780 fast_inc 0 eta_inc 35760 multi_dec -92954 quick_dec -72779 nack_dec -153550
Flow Uec_142_14 flowId 113 uecSrc 112 finished at 1068.47 total messages 1 total packets 493 RTS 3 total bytes 2002140 in_flight now 0 fair_inc 69203 prop_inc 9869 fast_inc 0 eta_inc 39336 multi_dec -181463 quick_dec --411 nack_dec -116200
Flow Uec_130_2 flowId 72 uecSrc 71 finished at 1076.27 total messages 1 total packets 490 RTS 0 total bytes 2002140 in_flight now 0 fair_inc 55548 prop_inc 16956 fast_inc 0 eta_inc 35760 multi_dec -77863 quick_dec -83527 nack_dec -161850
Flow Uec_132_4 flowId 43 uecSrc 42 finished at 1090.95 total messages 1 total packets 490 RTS 0 total bytes 2002140 in_flight now 0 fair_inc 38671 prop_inc 21484 fast_inc 0 eta_inc 32780 multi_dec -32680 quick_dec -72646 nack_dec -128650
Flow Uec_134_6 flowId 122 uecSrc 121 finished at 1222.29 total messages 1 total packets 490 RTS 0 total bytes 2002140 in_flight now 0 fair_inc 50824 prop_inc 57778 fast_inc 86880 eta_inc 39336 multi_dec -72413 quick_dec -90085 nack_dec -157700
1256.91 flowid 36 Spurious 488
1257.07 flowid 36 Spurious 489
Flow Uec_139_11 flowId 36 uecSrc 35 finished at 1261.94 total messages 1 total packets 490 RTS 0 total bytes 2002140 in_flight now 0 fair_inc 79491 prop_inc 47791 fast_inc 0 eta_inc 41720 multi_dec -104971 quick_dec -96845 nack_dec -145250
.Done
New: 106820 Rtx: 5200 RTS: 187 Bounced: 0 ACKs: 86785 NACKs: 4557 Pulls: 0 sleek_pkts: 0
