traffic matrix input file: connection_matrices/load_sweep/load0.85_n256_seed1.cm
Load balancing algorithm set to reps
no_of_nodes 256
Dragonfly+ strategy: FPAR
Setting queuesize to 50 packets
endtime(us) 100000
random seed 1
Packet size (MTU) is 4150
Parsed args
Logging to reps_dfp_results/reps_final_sweep/load0.85_reps_seed1.dat
Loading connection matrix from connection_matrices/load_sweep/load0.85_n256_seed1.cm
Nodes: 256 Connections: 218 Triggers: 0 Failures: 0
Setting ECN low 33200 high 120350
Dragonfly+ with medium topology type
Link latencies: 1 and switch latencies: 0
queue_id 2 ecn_low 33200 ecn_high 120350
DragonFly+ constructor done, 392 nodes created
Note: topology supports 392 hosts; 136 host port(s) will be unused.
network_max_unloaded_rtt 11.6856 us
Setting min RTO to 114.6
Per-hop RTT normalization: ON (strategy fpar)
Initializing static NSCC parameters: _reference_network_linkspeed=100000000000 _reference_network_rtt=12000000 _reference_network_bdp=150000 _target_Qdelay=8764200 _network_linkspeed=100000000000 _network_rtt=11685600 _network_bdp=146070 _qa_gate=2^3 _qa_threshold=3.50568e+07 _scaling_factor_a=0.9738 _scaling_factor_b=0.73035 _alpha=0.00132632 _fi=19894.7 _eta=596.842 _qa_scaling=1 _gamma=0.8 _fi_scale=0.24345 _delay_alpha=0.0125 _adjust_period_threshold=11685600 _adjust_bytes_threshold=33200
Initialize per-instance NSCC parameters: flowid 1 _base_rtt=11685600 _base_bdp=146070 _bdp=146070 _min_cwnd=4150 _maxwnd=219105 _cwnd=219105
Initialize per-instance NSCC parameters: flowid 2 _base_rtt=11685600 _base_bdp=146070 _bdp=146070 _min_cwnd=4150 _maxwnd=219105 _cwnd=219105
Initialize per-instance NSCC parameters: flowid 3 _base_rtt=11685600 _base_bdp=146070 _bdp=146070 _min_cwnd=4150 _maxwnd=219105 _cwnd=219105
Initialize per-instance NSCC parameters: flowid 4 _base_rtt=11685600 _base_bdp=146070 _bdp=146070 _min_cwnd=4150 _maxwnd=219105 _cwnd=219105
Initialize per-instance NSCC parameters: flowid 5 _base_rtt=11685600 _base_bdp=146070 _bdp=146070 _min_cwnd=4150 _maxwnd=219105 _cwnd=219105
Initialize per-instance NSCC parameters: flowid 6 _base_rtt=11685600 _base_bdp=146070 _bdp=146070 _min_cwnd=4150 _maxwnd=219105 _cwnd=219105
Initialize per-instance NSCC parameters: flowid 7 _base_rtt=11685600 _base_bdp=146070 _bdp=146070 _min_cwnd=4150 _maxwnd=219105 _cwnd=219105
Initialize per-instance NSCC parameters: flowid 8 _base_rtt=11685600 _base_bdp=146070 _bdp=146070 _min_cwnd=4150 _maxwnd=219105 _cwnd=219105
Initialize per-instance NSCC parameters: flowid 9 _base_rtt=11685600 _base_bdp=146070 _bdp=146070 _min_cwnd=4150 _maxwnd=219105 _cwnd=219105
Initialize per-instance NSCC parameters: flowid 10 _base_rtt=11685600 _base_bdp=146070 _bdp=146070 _min_cwnd=4150 _maxwnd=219105 _cwnd=219105
Initialize per-instance NSCC parameters: flowid 11 _base_rtt=11685600 _base_bdp=146070 _bdp=146070 _min_cwnd=4150 _maxwnd=219105 _cwnd=219105
Initialize per-instance NSCC parameters: flowid 12 _base_rtt=11685600 _base_bdp=146070 _bdp=146070 _min_cwnd=4150 _maxwnd=219105 _cwnd=219105
Initialize per-instance NSCC parameters: flowid 13 _base_rtt=11685600 _base_bdp=146070 _bdp=146070 _min_cwnd=4150 _maxwnd=219105 _cwnd=219105
Initialize per-instance NSCC parameters: flowid 14 _base_rtt=11685600 _base_bdp=146070 _bdp=146070 _min_cwnd=4150 _maxwnd=219105 _cwnd=219105
Initialize per-instance NSCC parameters: flowid 15 _base_rtt=11685600 _base_bdp=146070 _bdp=146070 _min_cwnd=4150 _maxwnd=219105 _cwnd=219105
Initialize per-instance NSCC parameters: flowid 16 _base_rtt=11685600 _base_bdp=146070 _bdp=146070 _min_cwnd=4150 _maxwnd=219105 _cwnd=219105
Initialize per-instance NSCC parameters: flowid 17 _base_rtt=11685600 _base_bdp=146070 _bdp=146070 _min_cwnd=4150 _maxwnd=219105 _cwnd=219105
Initialize per-instance NSCC parameters: flowid 18 _base_rtt=11685600 _base_bdp=146070 _bdp=146070 _min_cwnd=4150 _maxwnd=219105 _cwnd=219105
Initialize per-instance NSCC parameters: flowid 19 _base_rtt=11685600 _base_bdp=146070 _bdp=146070 _min_cwnd=4150 _maxwnd=219105 _cwnd=219105
Initialize per-instance NSCC parameters: flowid 20 _base_rtt=11685600 _base_bdp=146070 _bdp=146070 _min_cwnd=4150 _maxwnd=219105 _cwnd=219105
Initialize per-instance NSCC parameters: flowid 21 _base_rtt=11685600 _base_bdp=146070 _bdp=146070 _min_cwnd=4150 _maxwnd=219105 _cwnd=219105
Initialize per-instance NSCC parameters: flowid 22 _base_rtt=11685600 _base_bdp=146070 _bdp=146070 _min_cwnd=4150 _maxwnd=219105 _cwnd=219105
Initialize per-instance NSCC parameters: flowid 23 _base_rtt=11685600 _base_bdp=146070 _bdp=146070 _min_cwnd=4150 _maxwnd=219105 _cwnd=219105
Initialize per-instance NSCC parameters: flowid 24 _base_rtt=11685600 _base_bdp=146070 _bdp=146070 _min_cwnd=4150 _maxwnd=219105 _cwnd=219105
Initialize per-instance NSCC parameters: flowid 25 _base_rtt=11685600 _base_bdp=146070 _bdp=146070 _min_cwnd=4150 _maxwnd=219105 _cwnd=219105
Initialize per-instance NSCC parameters: flowid 26 _base_rtt=11685600 _base_bdp=146070 _bdp=146070 _min_cwnd=4150 _maxwnd=219105 _cwnd=219105
Initialize per-instance NSCC parameters: flowid 27 _base_rtt=11685600 _base_bdp=146070 _bdp=146070 _min_cwnd=4150 _maxwnd=219105 _cwnd=219105
Initialize per-instance NSCC parameters: flowid 28 _base_rtt=11685600 _base_bdp=146070 _bdp=146070 _min_cwnd=4150 _maxwnd=219105 _cwnd=219105
Initialize per-instance NSCC parameters: flowid 29 _base_rtt=11685600 _base_bdp=146070 _bdp=146070 _min_cwnd=4150 _maxwnd=219105 _cwnd=219105
Initialize per-instance NSCC parameters: flowid 30 _base_rtt=11685600 _base_bdp=146070 _bdp=146070 _min_cwnd=4150 _maxwnd=219105 _cwnd=219105
Initialize per-instance NSCC parameters: flowid 31 _base_rtt=11685600 _base_bdp=146070 _bdp=146070 _min_cwnd=4150 _maxwnd=219105 _cwnd=219105
Initialize per-instance NSCC parameters: flowid 32 _base_rtt=11685600 _base_bdp=146070 _bdp=146070 _min_cwnd=4150 _maxwnd=219105 _cwnd=219105
Initialize per-instance NSCC parameters: flowid 33 _base_rtt=11685600 _base_bdp=146070 _bdp=146070 _min_cwnd=4150 _maxwnd=219105 _cwnd=219105
Initialize per-instance NSCC parameters: flowid 34 _base_rtt=11685600 _base_bdp=146070 _bdp=146070 _min_cwnd=4150 _maxwnd=219105 _cwnd=219105
Initialize per-instance NSCC parameters: flowid 35 _base_rtt=11685600 _base_bdp=146070 _bdp=146070 _min_cwnd=4150 _maxwnd=219105 _cwnd=219105
Initialize per-instance NSCC parameters: flowid 36 _base_rtt=11685600 _base_bdp=146070 _bdp=146070 _min_cwnd=4150 _maxwnd=219105 _cwnd=219105
Initialize per-instance NSCC parameters: flowid 37 _base_rtt=11685600 _base_bdp=146070 _bdp=146070 _min_cwnd=4150 _maxwnd=219105 _cwnd=219105
Initialize per-instance NSCC parameters: flowid 38 _base_rtt=11685600 _base_bdp=146070 _bdp=146070 _min_cwnd=4150 _maxwnd=219105 _cwnd=219105
Initialize per-instance NSCC parameters: flowid 39 _base_rtt=11685600 _base_bdp=146070 _bdp=146070 _min_cwnd=4150 _maxwnd=219105 _cwnd=219105
Initialize per-instance NSCC parameters: flowid 40 _base_rtt=11685600 _base_bdp=146070 _bdp=146070 _min_cwnd=4150 _maxwnd=219105 _cwnd=219105
Initialize per-instance NSCC parameters: flowid 41 _base_rtt=11685600 _base_bdp=146070 _bdp=146070 _min_cwnd=4150 _maxwnd=219105 _cwnd=219105
Initialize per-instance NSCC parameters: flowid 42 _base_rtt=11685600 _base_bdp=146070 _bdp=146070 _min_cwnd=4150 _maxwnd=219105 _cwnd=219105
Initialize per-instance NSCC parameters: flowid 43 _base_rtt=11685600 _base_bdp=146070 _bdp=146070 _min_cwnd=4150 _maxwnd=219105 _cwnd=219105
Initialize per-instance NSCC parameters: flowid 44 _base_rtt=11685600 _base_bdp=146070 _bdp=146070 _min_cwnd=4150 _maxwnd=219105 _cwnd=219105
Initialize per-instance NSCC parameters: flowid 45 _base_rtt=11685600 _base_bdp=146070 _bdp=146070 _min_cwnd=4150 _maxwnd=219105 _cwnd=219105
Initialize per-instance NSCC parameters: flowid 46 _base_rtt=11685600 _base_bdp=146070 _bdp=146070 _min_cwnd=4150 _maxwnd=219105 _cwnd=219105
Initialize per-instance NSCC parameters: flowid 47 _base_rtt=11685600 _base_bdp=146070 _bdp=146070 _min_cwnd=4150 _maxwnd=219105 _cwnd=219105
Initialize per-instance NSCC parameters: flowid 48 _base_rtt=11685600 _base_bdp=146070 _bdp=146070 _min_cwnd=4150 _maxwnd=219105 _cwnd=219105
Initialize per-instance NSCC parameters: flowid 49 _base_rtt=11685600 _base_bdp=146070 _bdp=146070 _min_cwnd=4150 _maxwnd=219105 _cwnd=219105
Initialize per-instance NSCC parameters: flowid 50 _base_rtt=11685600 _base_bdp=146070 _bdp=146070 _min_cwnd=4150 _maxwnd=219105 _cwnd=219105
Initialize per-instance NSCC parameters: flowid 51 _base_rtt=11685600 _base_bdp=146070 _bdp=146070 _min_cwnd=4150 _maxwnd=219105 _cwnd=219105
Initialize per-instance NSCC parameters: flowid 52 _base_rtt=11685600 _base_bdp=146070 _bdp=146070 _min_cwnd=4150 _maxwnd=219105 _cwnd=219105
Initialize per-instance NSCC parameters: flowid 53 _base_rtt=11685600 _base_bdp=146070 _bdp=146070 _min_cwnd=4150 _maxwnd=219105 _cwnd=219105
Initialize per-instance NSCC parameters: flowid 54 _base_rtt=11685600 _base_bdp=146070 _bdp=146070 _min_cwnd=4150 _maxwnd=219105 _cwnd=219105
Initialize per-instance NSCC parameters: flowid 55 _base_rtt=11685600 _base_bdp=146070 _bdp=146070 _min_cwnd=4150 _maxwnd=219105 _cwnd=219105
Initialize per-instance NSCC parameters: flowid 56 _base_rtt=11685600 _base_bdp=146070 _bdp=146070 _min_cwnd=4150 _maxwnd=219105 _cwnd=219105
Initialize per-instance NSCC parameters: flowid 57 _base_rtt=11685600 _base_bdp=146070 _bdp=146070 _min_cwnd=4150 _maxwnd=219105 _cwnd=219105
Initialize per-instance NSCC parameters: flowid 58 _base_rtt=11685600 _base_bdp=146070 _bdp=146070 _min_cwnd=4150 _maxwnd=219105 _cwnd=219105
Initialize per-instance NSCC parameters: flowid 59 _base_rtt=11685600 _base_bdp=146070 _bdp=146070 _min_cwnd=4150 _maxwnd=219105 _cwnd=219105
Initialize per-instance NSCC parameters: flowid 60 _base_rtt=11685600 _base_bdp=146070 _bdp=146070 _min_cwnd=4150 _maxwnd=219105 _cwnd=219105
Initialize per-instance NSCC parameters: flowid 61 _base_rtt=11685600 _base_bdp=146070 _bdp=146070 _min_cwnd=4150 _maxwnd=219105 _cwnd=219105
Initialize per-instance NSCC parameters: flowid 62 _base_rtt=11685600 _base_bdp=146070 _bdp=146070 _min_cwnd=4150 _maxwnd=219105 _cwnd=219105
Initialize per-instance NSCC parameters: flowid 63 _base_rtt=11685600 _base_bdp=146070 _bdp=146070 _min_cwnd=4150 _maxwnd=219105 _cwnd=219105
Initialize per-instance NSCC parameters: flowid 64 _base_rtt=11685600 _base_bdp=146070 _bdp=146070 _min_cwnd=4150 _maxwnd=219105 _cwnd=219105
Initialize per-instance NSCC parameters: flowid 65 _base_rtt=11685600 _base_bdp=146070 _bdp=146070 _min_cwnd=4150 _maxwnd=219105 _cwnd=219105
Initialize per-instance NSCC parameters: flowid 66 _base_rtt=11685600 _base_bdp=146070 _bdp=146070 _min_cwnd=4150 _maxwnd=219105 _cwnd=219105
Initialize per-instance NSCC parameters: flowid 67 _base_rtt=11685600 _base_bdp=146070 _bdp=146070 _min_cwnd=4150 _maxwnd=219105 _cwnd=219105
Initialize per-instance NSCC parameters: flowid 68 _base_rtt=11685600 _base_bdp=146070 _bdp=146070 _min_cwnd=4150 _maxwnd=219105 _cwnd=219105
Initialize per-instance NSCC parameters: flowid 69 _base_rtt=11685600 _base_bdp=146070 _bdp=146070 _min_cwnd=4150 _maxwnd=219105 _cwnd=219105
Initialize per-instance NSCC parameters: flowid 70 _base_rtt=11685600 _base_bdp=146070 _bdp=146070 _min_cwnd=4150 _maxwnd=219105 _cwnd=219105
Initialize per-instance NSCC parameters: flowid 71 _base_rtt=11685600 _base_bdp=146070 _bdp=146070 _min_cwnd=4150 _maxwnd=219105 _cwnd=219105
Initialize per-instance NSCC parameters: flowid 72 _base_rtt=11685600 _base_bdp=146070 _bdp=146070 _min_cwnd=4150 _maxwnd=219105 _cwnd=219105
Initialize per-instance NSCC parameters: flowid 73 _base_rtt=11685600 _base_bdp=146070 _bdp=146070 _min_cwnd=4150 _maxwnd=219105 _cwnd=219105
Initialize per-instance NSCC parameters: flowid 74 _base_rtt=11685600 _base_bdp=146070 _bdp=146070 _min_cwnd=4150 _maxwnd=219105 _cwnd=219105
Initialize per-instance NSCC parameters: flowid 75 _base_rtt=11685600 _base_bdp=146070 _bdp=146070 _min_cwnd=4150 _maxwnd=219105 _cwnd=219105
Initialize per-instance NSCC parameters: flowid 76 _base_rtt=11685600 _base_bdp=146070 _bdp=146070 _min_cwnd=4150 _maxwnd=219105 _cwnd=219105
Initialize per-instance NSCC parameters: flowid 77 _base_rtt=11685600 _base_bdp=146070 _bdp=146070 _min_cwnd=4150 _maxwnd=219105 _cwnd=219105
Initialize per-instance NSCC parameters: flowid 78 _base_rtt=11685600 _base_bdp=146070 _bdp=146070 _min_cwnd=4150 _maxwnd=219105 _cwnd=219105
Initialize per-instance NSCC parameters: flowid 79 _base_rtt=11685600 _base_bdp=146070 _bdp=146070 _min_cwnd=4150 _maxwnd=219105 _cwnd=219105
Initialize per-instance NSCC parameters: flowid 80 _base_rtt=11685600 _base_bdp=146070 _bdp=146070 _min_cwnd=4150 _maxwnd=219105 _cwnd=219105
Initialize per-instance NSCC parameters: flowid 81 _base_rtt=11685600 _base_bdp=146070 _bdp=146070 _min_cwnd=4150 _maxwnd=219105 _cwnd=219105
Initialize per-instance NSCC parameters: flowid 82 _base_rtt=11685600 _base_bdp=146070 _bdp=146070 _min_cwnd=4150 _maxwnd=219105 _cwnd=219105
Initialize per-instance NSCC parameters: flowid 83 _base_rtt=11685600 _base_bdp=146070 _bdp=146070 _min_cwnd=4150 _maxwnd=219105 _cwnd=219105
Initialize per-instance NSCC parameters: flowid 84 _base_rtt=11685600 _base_bdp=146070 _bdp=146070 _min_cwnd=4150 _maxwnd=219105 _cwnd=219105
Initialize per-instance NSCC parameters: flowid 85 _base_rtt=11685600 _base_bdp=146070 _bdp=146070 _min_cwnd=4150 _maxwnd=219105 _cwnd=219105
Initialize per-instance NSCC parameters: flowid 86 _base_rtt=11685600 _base_bdp=146070 _bdp=146070 _min_cwnd=4150 _maxwnd=219105 _cwnd=219105
Initialize per-instance NSCC parameters: flowid 87 _base_rtt=11685600 _base_bdp=146070 _bdp=146070 _min_cwnd=4150 _maxwnd=219105 _cwnd=219105
Initialize per-instance NSCC parameters: flowid 88 _base_rtt=11685600 _base_bdp=146070 _bdp=146070 _min_cwnd=4150 _maxwnd=219105 _cwnd=219105
Initialize per-instance NSCC parameters: flowid 89 _base_rtt=11685600 _base_bdp=146070 _bdp=146070 _min_cwnd=4150 _maxwnd=219105 _cwnd=219105
Initialize per-instance NSCC parameters: flowid 90 _base_rtt=11685600 _base_bdp=146070 _bdp=146070 _min_cwnd=4150 _maxwnd=219105 _cwnd=219105
Initialize per-instance NSCC parameters: flowid 91 _base_rtt=11685600 _base_bdp=146070 _bdp=146070 _min_cwnd=4150 _maxwnd=219105 _cwnd=219105
Initialize per-instance NSCC parameters: flowid 92 _base_rtt=11685600 _base_bdp=146070 _bdp=146070 _min_cwnd=4150 _maxwnd=219105 _cwnd=219105
Initialize per-instance NSCC parameters: flowid 93 _base_rtt=11685600 _base_bdp=146070 _bdp=146070 _min_cwnd=4150 _maxwnd=219105 _cwnd=219105
Initialize per-instance NSCC parameters: flowid 94 _base_rtt=11685600 _base_bdp=146070 _bdp=146070 _min_cwnd=4150 _maxwnd=219105 _cwnd=219105
Initialize per-instance NSCC parameters: flowid 95 _base_rtt=11685600 _base_bdp=146070 _bdp=146070 _min_cwnd=4150 _maxwnd=219105 _cwnd=219105
Initialize per-instance NSCC parameters: flowid 96 _base_rtt=11685600 _base_bdp=146070 _bdp=146070 _min_cwnd=4150 _maxwnd=219105 _cwnd=219105
Initialize per-instance NSCC parameters: flowid 97 _base_rtt=11685600 _base_bdp=146070 _bdp=146070 _min_cwnd=4150 _maxwnd=219105 _cwnd=219105
Initialize per-instance NSCC parameters: flowid 98 _base_rtt=11685600 _base_bdp=146070 _bdp=146070 _min_cwnd=4150 _maxwnd=219105 _cwnd=219105
Initialize per-instance NSCC parameters: flowid 99 _base_rtt=11685600 _base_bdp=146070 _bdp=146070 _min_cwnd=4150 _maxwnd=219105 _cwnd=219105
Initialize per-instance NSCC parameters: flowid 100 _base_rtt=11685600 _base_bdp=146070 _bdp=146070 _min_cwnd=4150 _maxwnd=219105 _cwnd=219105
Initialize per-instance NSCC parameters: flowid 101 _base_rtt=11685600 _base_bdp=146070 _bdp=146070 _min_cwnd=4150 _maxwnd=219105 _cwnd=219105
Initialize per-instance NSCC parameters: flowid 102 _base_rtt=11685600 _base_bdp=146070 _bdp=146070 _min_cwnd=4150 _maxwnd=219105 _cwnd=219105
Initialize per-instance NSCC parameters: flowid 103 _base_rtt=11685600 _base_bdp=146070 _bdp=146070 _min_cwnd=4150 _maxwnd=219105 _cwnd=219105
Initialize per-instance NSCC parameters: flowid 104 _base_rtt=11685600 _base_bdp=146070 _bdp=146070 _min_cwnd=4150 _maxwnd=219105 _cwnd=219105
Initialize per-instance NSCC parameters: flowid 105 _base_rtt=11685600 _base_bdp=146070 _bdp=146070 _min_cwnd=4150 _maxwnd=219105 _cwnd=219105
Initialize per-instance NSCC parameters: flowid 106 _base_rtt=11685600 _base_bdp=146070 _bdp=146070 _min_cwnd=4150 _maxwnd=219105 _cwnd=219105
Initialize per-instance NSCC parameters: flowid 107 _base_rtt=11685600 _base_bdp=146070 _bdp=146070 _min_cwnd=4150 _maxwnd=219105 _cwnd=219105
Initialize per-instance NSCC parameters: flowid 108 _base_rtt=11685600 _base_bdp=146070 _bdp=146070 _min_cwnd=4150 _maxwnd=219105 _cwnd=219105
Initialize per-instance NSCC parameters: flowid 109 _base_rtt=11685600 _base_bdp=146070 _bdp=146070 _min_cwnd=4150 _maxwnd=219105 _cwnd=219105
Initialize per-instance NSCC parameters: flowid 110 _base_rtt=11685600 _base_bdp=146070 _bdp=146070 _min_cwnd=4150 _maxwnd=219105 _cwnd=219105
Initialize per-instance NSCC parameters: flowid 111 _base_rtt=11685600 _base_bdp=146070 _bdp=146070 _min_cwnd=4150 _maxwnd=219105 _cwnd=219105
Initialize per-instance NSCC parameters: flowid 112 _base_rtt=11685600 _base_bdp=146070 _bdp=146070 _min_cwnd=4150 _maxwnd=219105 _cwnd=219105
Initialize per-instance NSCC parameters: flowid 113 _base_rtt=11685600 _base_bdp=146070 _bdp=146070 _min_cwnd=4150 _maxwnd=219105 _cwnd=219105
Initialize per-instance NSCC parameters: flowid 114 _base_rtt=11685600 _base_bdp=146070 _bdp=146070 _min_cwnd=4150 _maxwnd=219105 _cwnd=219105
Initialize per-instance NSCC parameters: flowid 115 _base_rtt=11685600 _base_bdp=146070 _bdp=146070 _min_cwnd=4150 _maxwnd=219105 _cwnd=219105
Initialize per-instance NSCC parameters: flowid 116 _base_rtt=11685600 _base_bdp=146070 _bdp=146070 _min_cwnd=4150 _maxwnd=219105 _cwnd=219105
Initialize per-instance NSCC parameters: flowid 117 _base_rtt=11685600 _base_bdp=146070 _bdp=146070 _min_cwnd=4150 _maxwnd=219105 _cwnd=219105
Initialize per-instance NSCC parameters: flowid 118 _base_rtt=11685600 _base_bdp=146070 _bdp=146070 _min_cwnd=4150 _maxwnd=219105 _cwnd=219105
Initialize per-instance NSCC parameters: flowid 119 _base_rtt=11685600 _base_bdp=146070 _bdp=146070 _min_cwnd=4150 _maxwnd=219105 _cwnd=219105
Initialize per-instance NSCC parameters: flowid 120 _base_rtt=11685600 _base_bdp=146070 _bdp=146070 _min_cwnd=4150 _maxwnd=219105 _cwnd=219105
Initialize per-instance NSCC parameters: flowid 121 _base_rtt=11685600 _base_bdp=146070 _bdp=146070 _min_cwnd=4150 _maxwnd=219105 _cwnd=219105
Initialize per-instance NSCC parameters: flowid 122 _base_rtt=11685600 _base_bdp=146070 _bdp=146070 _min_cwnd=4150 _maxwnd=219105 _cwnd=219105
Initialize per-instance NSCC parameters: flowid 123 _base_rtt=11685600 _base_bdp=146070 _bdp=146070 _min_cwnd=4150 _maxwnd=219105 _cwnd=219105
Initialize per-instance NSCC parameters: flowid 124 _base_rtt=11685600 _base_bdp=146070 _bdp=146070 _min_cwnd=4150 _maxwnd=219105 _cwnd=219105
Initialize per-instance NSCC parameters: flowid 125 _base_rtt=11685600 _base_bdp=146070 _bdp=146070 _min_cwnd=4150 _maxwnd=219105 _cwnd=219105
Initialize per-instance NSCC parameters: flowid 126 _base_rtt=11685600 _base_bdp=146070 _bdp=146070 _min_cwnd=4150 _maxwnd=219105 _cwnd=219105
Initialize per-instance NSCC parameters: flowid 127 _base_rtt=11685600 _base_bdp=146070 _bdp=146070 _min_cwnd=4150 _maxwnd=219105 _cwnd=219105
Initialize per-instance NSCC parameters: flowid 128 _base_rtt=11685600 _base_bdp=146070 _bdp=146070 _min_cwnd=4150 _maxwnd=219105 _cwnd=219105
Initialize per-instance NSCC parameters: flowid 129 _base_rtt=11685600 _base_bdp=146070 _bdp=146070 _min_cwnd=4150 _maxwnd=219105 _cwnd=219105
Initialize per-instance NSCC parameters: flowid 130 _base_rtt=11685600 _base_bdp=146070 _bdp=146070 _min_cwnd=4150 _maxwnd=219105 _cwnd=219105
Initialize per-instance NSCC parameters: flowid 131 _base_rtt=11685600 _base_bdp=146070 _bdp=146070 _min_cwnd=4150 _maxwnd=219105 _cwnd=219105
Initialize per-instance NSCC parameters: flowid 132 _base_rtt=11685600 _base_bdp=146070 _bdp=146070 _min_cwnd=4150 _maxwnd=219105 _cwnd=219105
Initialize per-instance NSCC parameters: flowid 133 _base_rtt=11685600 _base_bdp=146070 _bdp=146070 _min_cwnd=4150 _maxwnd=219105 _cwnd=219105
Initialize per-instance NSCC parameters: flowid 134 _base_rtt=11685600 _base_bdp=146070 _bdp=146070 _min_cwnd=4150 _maxwnd=219105 _cwnd=219105
Initialize per-instance NSCC parameters: flowid 135 _base_rtt=11685600 _base_bdp=146070 _bdp=146070 _min_cwnd=4150 _maxwnd=219105 _cwnd=219105
Initialize per-instance NSCC parameters: flowid 136 _base_rtt=11685600 _base_bdp=146070 _bdp=146070 _min_cwnd=4150 _maxwnd=219105 _cwnd=219105
Initialize per-instance NSCC parameters: flowid 137 _base_rtt=11685600 _base_bdp=146070 _bdp=146070 _min_cwnd=4150 _maxwnd=219105 _cwnd=219105
Initialize per-instance NSCC parameters: flowid 138 _base_rtt=11685600 _base_bdp=146070 _bdp=146070 _min_cwnd=4150 _maxwnd=219105 _cwnd=219105
Initialize per-instance NSCC parameters: flowid 139 _base_rtt=11685600 _base_bdp=146070 _bdp=146070 _min_cwnd=4150 _maxwnd=219105 _cwnd=219105
Initialize per-instance NSCC parameters: flowid 140 _base_rtt=11685600 _base_bdp=146070 _bdp=146070 _min_cwnd=4150 _maxwnd=219105 _cwnd=219105
Initialize per-instance NSCC parameters: flowid 141 _base_rtt=11685600 _base_bdp=146070 _bdp=146070 _min_cwnd=4150 _maxwnd=219105 _cwnd=219105
Initialize per-instance NSCC parameters: flowid 142 _base_rtt=11685600 _base_bdp=146070 _bdp=146070 _min_cwnd=4150 _maxwnd=219105 _cwnd=219105
Initialize per-instance NSCC parameters: flowid 143 _base_rtt=11685600 _base_bdp=146070 _bdp=146070 _min_cwnd=4150 _maxwnd=219105 _cwnd=219105
Initialize per-instance NSCC parameters: flowid 144 _base_rtt=11685600 _base_bdp=146070 _bdp=146070 _min_cwnd=4150 _maxwnd=219105 _cwnd=219105
Initialize per-instance NSCC parameters: flowid 145 _base_rtt=11685600 _base_bdp=146070 _bdp=146070 _min_cwnd=4150 _maxwnd=219105 _cwnd=219105
Initialize per-instance NSCC parameters: flowid 146 _base_rtt=11685600 _base_bdp=146070 _bdp=146070 _min_cwnd=4150 _maxwnd=219105 _cwnd=219105
Initialize per-instance NSCC parameters: flowid 147 _base_rtt=11685600 _base_bdp=146070 _bdp=146070 _min_cwnd=4150 _maxwnd=219105 _cwnd=219105
Initialize per-instance NSCC parameters: flowid 148 _base_rtt=11685600 _base_bdp=146070 _bdp=146070 _min_cwnd=4150 _maxwnd=219105 _cwnd=219105
Initialize per-instance NSCC parameters: flowid 149 _base_rtt=11685600 _base_bdp=146070 _bdp=146070 _min_cwnd=4150 _maxwnd=219105 _cwnd=219105
Initialize per-instance NSCC parameters: flowid 150 _base_rtt=11685600 _base_bdp=146070 _bdp=146070 _min_cwnd=4150 _maxwnd=219105 _cwnd=219105
Initialize per-instance NSCC parameters: flowid 151 _base_rtt=11685600 _base_bdp=146070 _bdp=146070 _min_cwnd=4150 _maxwnd=219105 _cwnd=219105
Initialize per-instance NSCC parameters: flowid 152 _base_rtt=11685600 _base_bdp=146070 _bdp=146070 _min_cwnd=4150 _maxwnd=219105 _cwnd=219105
Initialize per-instance NSCC parameters: flowid 153 _base_rtt=11685600 _base_bdp=146070 _bdp=146070 _min_cwnd=4150 _maxwnd=219105 _cwnd=219105
Initialize per-instance NSCC parameters: flowid 154 _base_rtt=11685600 _base_bdp=146070 _bdp=146070 _min_cwnd=4150 _maxwnd=219105 _cwnd=219105
Initialize per-instance NSCC parameters: flowid 155 _base_rtt=11685600 _base_bdp=146070 _bdp=146070 _min_cwnd=4150 _maxwnd=219105 _cwnd=219105
Initialize per-instance NSCC parameters: flowid 156 _base_rtt=11685600 _base_bdp=146070 _bdp=146070 _min_cwnd=4150 _maxwnd=219105 _cwnd=219105
Initialize per-instance NSCC parameters: flowid 157 _base_rtt=11685600 _base_bdp=146070 _bdp=146070 _min_cwnd=4150 _maxwnd=219105 _cwnd=219105
Initialize per-instance NSCC parameters: flowid 158 _base_rtt=11685600 _base_bdp=146070 _bdp=146070 _min_cwnd=4150 _maxwnd=219105 _cwnd=219105
Initialize per-instance NSCC parameters: flowid 159 _base_rtt=11685600 _base_bdp=146070 _bdp=146070 _min_cwnd=4150 _maxwnd=219105 _cwnd=219105
Initialize per-instance NSCC parameters: flowid 160 _base_rtt=11685600 _base_bdp=146070 _bdp=146070 _min_cwnd=4150 _maxwnd=219105 _cwnd=219105
Initialize per-instance NSCC parameters: flowid 161 _base_rtt=11685600 _base_bdp=146070 _bdp=146070 _min_cwnd=4150 _maxwnd=219105 _cwnd=219105
Initialize per-instance NSCC parameters: flowid 162 _base_rtt=11685600 _base_bdp=146070 _bdp=146070 _min_cwnd=4150 _maxwnd=219105 _cwnd=219105
Initialize per-instance NSCC parameters: flowid 163 _base_rtt=11685600 _base_bdp=146070 _bdp=146070 _min_cwnd=4150 _maxwnd=219105 _cwnd=219105
Initialize per-instance NSCC parameters: flowid 164 _base_rtt=11685600 _base_bdp=146070 _bdp=146070 _min_cwnd=4150 _maxwnd=219105 _cwnd=219105
Initialize per-instance NSCC parameters: flowid 165 _base_rtt=11685600 _base_bdp=146070 _bdp=146070 _min_cwnd=4150 _maxwnd=219105 _cwnd=219105
Initialize per-instance NSCC parameters: flowid 166 _base_rtt=11685600 _base_bdp=146070 _bdp=146070 _min_cwnd=4150 _maxwnd=219105 _cwnd=219105
Initialize per-instance NSCC parameters: flowid 167 _base_rtt=11685600 _base_bdp=146070 _bdp=146070 _min_cwnd=4150 _maxwnd=219105 _cwnd=219105
Initialize per-instance NSCC parameters: flowid 168 _base_rtt=11685600 _base_bdp=146070 _bdp=146070 _min_cwnd=4150 _maxwnd=219105 _cwnd=219105
Initialize per-instance NSCC parameters: flowid 169 _base_rtt=11685600 _base_bdp=146070 _bdp=146070 _min_cwnd=4150 _maxwnd=219105 _cwnd=219105
Initialize per-instance NSCC parameters: flowid 170 _base_rtt=11685600 _base_bdp=146070 _bdp=146070 _min_cwnd=4150 _maxwnd=219105 _cwnd=219105
Initialize per-instance NSCC parameters: flowid 171 _base_rtt=11685600 _base_bdp=146070 _bdp=146070 _min_cwnd=4150 _maxwnd=219105 _cwnd=219105
Initialize per-instance NSCC parameters: flowid 172 _base_rtt=11685600 _base_bdp=146070 _bdp=146070 _min_cwnd=4150 _maxwnd=219105 _cwnd=219105
Initialize per-instance NSCC parameters: flowid 173 _base_rtt=11685600 _base_bdp=146070 _bdp=146070 _min_cwnd=4150 _maxwnd=219105 _cwnd=219105
Initialize per-instance NSCC parameters: flowid 174 _base_rtt=11685600 _base_bdp=146070 _bdp=146070 _min_cwnd=4150 _maxwnd=219105 _cwnd=219105
Initialize per-instance NSCC parameters: flowid 175 _base_rtt=11685600 _base_bdp=146070 _bdp=146070 _min_cwnd=4150 _maxwnd=219105 _cwnd=219105
Initialize per-instance NSCC parameters: flowid 176 _base_rtt=11685600 _base_bdp=146070 _bdp=146070 _min_cwnd=4150 _maxwnd=219105 _cwnd=219105
Initialize per-instance NSCC parameters: flowid 177 _base_rtt=11685600 _base_bdp=146070 _bdp=146070 _min_cwnd=4150 _maxwnd=219105 _cwnd=219105
Initialize per-instance NSCC parameters: flowid 178 _base_rtt=11685600 _base_bdp=146070 _bdp=146070 _min_cwnd=4150 _maxwnd=219105 _cwnd=219105
Initialize per-instance NSCC parameters: flowid 179 _base_rtt=11685600 _base_bdp=146070 _bdp=146070 _min_cwnd=4150 _maxwnd=219105 _cwnd=219105
Initialize per-instance NSCC parameters: flowid 180 _base_rtt=11685600 _base_bdp=146070 _bdp=146070 _min_cwnd=4150 _maxwnd=219105 _cwnd=219105
Initialize per-instance NSCC parameters: flowid 181 _base_rtt=11685600 _base_bdp=146070 _bdp=146070 _min_cwnd=4150 _maxwnd=219105 _cwnd=219105
Initialize per-instance NSCC parameters: flowid 182 _base_rtt=11685600 _base_bdp=146070 _bdp=146070 _min_cwnd=4150 _maxwnd=219105 _cwnd=219105
Initialize per-instance NSCC parameters: flowid 183 _base_rtt=11685600 _base_bdp=146070 _bdp=146070 _min_cwnd=4150 _maxwnd=219105 _cwnd=219105
Initialize per-instance NSCC parameters: flowid 184 _base_rtt=11685600 _base_bdp=146070 _bdp=146070 _min_cwnd=4150 _maxwnd=219105 _cwnd=219105
Initialize per-instance NSCC parameters: flowid 185 _base_rtt=11685600 _base_bdp=146070 _bdp=146070 _min_cwnd=4150 _maxwnd=219105 _cwnd=219105
Initialize per-instance NSCC parameters: flowid 186 _base_rtt=11685600 _base_bdp=146070 _bdp=146070 _min_cwnd=4150 _maxwnd=219105 _cwnd=219105
Initialize per-instance NSCC parameters: flowid 187 _base_rtt=11685600 _base_bdp=146070 _bdp=146070 _min_cwnd=4150 _maxwnd=219105 _cwnd=219105
Initialize per-instance NSCC parameters: flowid 188 _base_rtt=11685600 _base_bdp=146070 _bdp=146070 _min_cwnd=4150 _maxwnd=219105 _cwnd=219105
Initialize per-instance NSCC parameters: flowid 189 _base_rtt=11685600 _base_bdp=146070 _bdp=146070 _min_cwnd=4150 _maxwnd=219105 _cwnd=219105
Initialize per-instance NSCC parameters: flowid 190 _base_rtt=11685600 _base_bdp=146070 _bdp=146070 _min_cwnd=4150 _maxwnd=219105 _cwnd=219105
Initialize per-instance NSCC parameters: flowid 191 _base_rtt=11685600 _base_bdp=146070 _bdp=146070 _min_cwnd=4150 _maxwnd=219105 _cwnd=219105
Initialize per-instance NSCC parameters: flowid 192 _base_rtt=11685600 _base_bdp=146070 _bdp=146070 _min_cwnd=4150 _maxwnd=219105 _cwnd=219105
Initialize per-instance NSCC parameters: flowid 193 _base_rtt=11685600 _base_bdp=146070 _bdp=146070 _min_cwnd=4150 _maxwnd=219105 _cwnd=219105
Initialize per-instance NSCC parameters: flowid 194 _base_rtt=11685600 _base_bdp=146070 _bdp=146070 _min_cwnd=4150 _maxwnd=219105 _cwnd=219105
Initialize per-instance NSCC parameters: flowid 195 _base_rtt=11685600 _base_bdp=146070 _bdp=146070 _min_cwnd=4150 _maxwnd=219105 _cwnd=219105
Initialize per-instance NSCC parameters: flowid 196 _base_rtt=11685600 _base_bdp=146070 _bdp=146070 _min_cwnd=4150 _maxwnd=219105 _cwnd=219105
Initialize per-instance NSCC parameters: flowid 197 _base_rtt=11685600 _base_bdp=146070 _bdp=146070 _min_cwnd=4150 _maxwnd=219105 _cwnd=219105
Initialize per-instance NSCC parameters: flowid 198 _base_rtt=11685600 _base_bdp=146070 _bdp=146070 _min_cwnd=4150 _maxwnd=219105 _cwnd=219105
Initialize per-instance NSCC parameters: flowid 199 _base_rtt=11685600 _base_bdp=146070 _bdp=146070 _min_cwnd=4150 _maxwnd=219105 _cwnd=219105
Initialize per-instance NSCC parameters: flowid 200 _base_rtt=11685600 _base_bdp=146070 _bdp=146070 _min_cwnd=4150 _maxwnd=219105 _cwnd=219105
Initialize per-instance NSCC parameters: flowid 201 _base_rtt=11685600 _base_bdp=146070 _bdp=146070 _min_cwnd=4150 _maxwnd=219105 _cwnd=219105
Initialize per-instance NSCC parameters: flowid 202 _base_rtt=11685600 _base_bdp=146070 _bdp=146070 _min_cwnd=4150 _maxwnd=219105 _cwnd=219105
Initialize per-instance NSCC parameters: flowid 203 _base_rtt=11685600 _base_bdp=146070 _bdp=146070 _min_cwnd=4150 _maxwnd=219105 _cwnd=219105
Initialize per-instance NSCC parameters: flowid 204 _base_rtt=11685600 _base_bdp=146070 _bdp=146070 _min_cwnd=4150 _maxwnd=219105 _cwnd=219105
Initialize per-instance NSCC parameters: flowid 205 _base_rtt=11685600 _base_bdp=146070 _bdp=146070 _min_cwnd=4150 _maxwnd=219105 _cwnd=219105
Initialize per-instance NSCC parameters: flowid 206 _base_rtt=11685600 _base_bdp=146070 _bdp=146070 _min_cwnd=4150 _maxwnd=219105 _cwnd=219105
Initialize per-instance NSCC parameters: flowid 207 _base_rtt=11685600 _base_bdp=146070 _bdp=146070 _min_cwnd=4150 _maxwnd=219105 _cwnd=219105
Initialize per-instance NSCC parameters: flowid 208 _base_rtt=11685600 _base_bdp=146070 _bdp=146070 _min_cwnd=4150 _maxwnd=219105 _cwnd=219105
Initialize per-instance NSCC parameters: flowid 209 _base_rtt=11685600 _base_bdp=146070 _bdp=146070 _min_cwnd=4150 _maxwnd=219105 _cwnd=219105
Initialize per-instance NSCC parameters: flowid 210 _base_rtt=11685600 _base_bdp=146070 _bdp=146070 _min_cwnd=4150 _maxwnd=219105 _cwnd=219105
Initialize per-instance NSCC parameters: flowid 211 _base_rtt=11685600 _base_bdp=146070 _bdp=146070 _min_cwnd=4150 _maxwnd=219105 _cwnd=219105
Initialize per-instance NSCC parameters: flowid 212 _base_rtt=11685600 _base_bdp=146070 _bdp=146070 _min_cwnd=4150 _maxwnd=219105 _cwnd=219105
Initialize per-instance NSCC parameters: flowid 213 _base_rtt=11685600 _base_bdp=146070 _bdp=146070 _min_cwnd=4150 _maxwnd=219105 _cwnd=219105
Initialize per-instance NSCC parameters: flowid 214 _base_rtt=11685600 _base_bdp=146070 _bdp=146070 _min_cwnd=4150 _maxwnd=219105 _cwnd=219105
Initialize per-instance NSCC parameters: flowid 215 _base_rtt=11685600 _base_bdp=146070 _bdp=146070 _min_cwnd=4150 _maxwnd=219105 _cwnd=219105
Initialize per-instance NSCC parameters: flowid 216 _base_rtt=11685600 _base_bdp=146070 _bdp=146070 _min_cwnd=4150 _maxwnd=219105 _cwnd=219105
Initialize per-instance NSCC parameters: flowid 217 _base_rtt=11685600 _base_bdp=146070 _bdp=146070 _min_cwnd=4150 _maxwnd=219105 _cwnd=219105
Initialize per-instance NSCC parameters: flowid 218 _base_rtt=11685600 _base_bdp=146070 _bdp=146070 _min_cwnd=4150 _maxwnd=219105 _cwnd=219105
Starting simulation
Flow Uec_101_229 flowId 1 uecSrc 0 starting at 0
Flow Uec_10_138 flowId 2 uecSrc 1 starting at 0
Flow Uec_54_182 flowId 3 uecSrc 2 starting at 0
Flow Uec_102_230 flowId 4 uecSrc 3 starting at 0
Flow Uec_185_57 flowId 5 uecSrc 4 starting at 0
Flow Uec_97_225 flowId 6 uecSrc 5 starting at 0
Flow Uec_205_77 flowId 7 uecSrc 6 starting at 0
Flow Uec_111_239 flowId 8 uecSrc 7 starting at 0
Flow Uec_169_41 flowId 9 uecSrc 8 starting at 0
Flow Uec_31_159 flowId 10 uecSrc 9 starting at 0
Flow Uec_238_110 flowId 11 uecSrc 10 starting at 0
Flow Uec_135_7 flowId 12 uecSrc 11 starting at 0
Flow Uec_3_131 flowId 13 uecSrc 12 starting at 0
Flow Uec_199_71 flowId 14 uecSrc 13 starting at 0
Flow Uec_222_94 flowId 15 uecSrc 14 starting at 0
Flow Uec_223_95 flowId 16 uecSrc 15 starting at 0
Flow Uec_52_180 flowId 17 uecSrc 16 starting at 0
Flow Uec_109_237 flowId 18 uecSrc 17 starting at 0
Flow Uec_126_254 flowId 19 uecSrc 18 starting at 0
Flow Uec_233_105 flowId 20 uecSrc 19 starting at 0
Flow Uec_115_243 flowId 21 uecSrc 20 starting at 0
Flow Uec_18_146 flowId 22 uecSrc 21 starting at 0
Flow Uec_145_17 flowId 23 uecSrc 22 starting at 0
Flow Uec_36_164 flowId 24 uecSrc 23 starting at 0
Flow Uec_118_246 flowId 25 uecSrc 24 starting at 0
Flow Uec_181_53 flowId 26 uecSrc 25 starting at 0
Flow Uec_58_186 flowId 27 uecSrc 26 starting at 0
Flow Uec_127_255 flowId 28 uecSrc 27 starting at 0
Flow Uec_17_145 flowId 29 uecSrc 28 starting at 0
Flow Uec_72_200 flowId 30 uecSrc 29 starting at 0
Flow Uec_75_203 flowId 31 uecSrc 30 starting at 0
Flow Uec_146_18 flowId 32 uecSrc 31 starting at 0
Flow Uec_248_120 flowId 33 uecSrc 32 starting at 0
Flow Uec_224_96 flowId 34 uecSrc 33 starting at 0
Flow Uec_66_194 flowId 35 uecSrc 34 starting at 0
Flow Uec_69_197 flowId 36 uecSrc 35 starting at 0
Flow Uec_139_11 flowId 37 uecSrc 36 starting at 0
Flow Uec_197_69 flowId 38 uecSrc 37 starting at 0
Flow Uec_202_74 flowId 39 uecSrc 38 starting at 0
Flow Uec_44_172 flowId 40 uecSrc 39 starting at 0
Flow Uec_117_245 flowId 41 uecSrc 40 starting at 0
Flow Uec_173_45 flowId 42 uecSrc 41 starting at 0
Flow Uec_132_4 flowId 43 uecSrc 42 starting at 0
Flow Uec_140_12 flowId 44 uecSrc 43 starting at 0
Flow Uec_244_116 flowId 45 uecSrc 44 starting at 0
Flow Uec_175_47 flowId 46 uecSrc 45 starting at 0
Flow Uec_165_37 flowId 47 uecSrc 46 starting at 0
Flow Uec_158_30 flowId 48 uecSrc 47 starting at 0
Flow Uec_80_208 flowId 49 uecSrc 48 starting at 0
Flow Uec_251_123 flowId 50 uecSrc 49 starting at 0
Flow Uec_122_250 flowId 51 uecSrc 50 starting at 0
Flow Uec_215_87 flowId 52 uecSrc 51 starting at 0
Flow Uec_235_107 flowId 53 uecSrc 52 starting at 0
Flow Uec_221_93 flowId 54 uecSrc 53 starting at 0
Flow Uec_13_141 flowId 55 uecSrc 54 starting at 0
Flow Uec_240_112 flowId 56 uecSrc 55 starting at 0
Flow Uec_68_196 flowId 57 uecSrc 56 starting at 0
Flow Uec_60_188 flowId 58 uecSrc 57 starting at 0
Flow Uec_167_39 flowId 59 uecSrc 58 starting at 0
Flow Uec_56_184 flowId 60 uecSrc 59 starting at 0
Flow Uec_107_235 flowId 61 uecSrc 60 starting at 0
Flow Uec_212_84 flowId 62 uecSrc 61 starting at 0
Flow Uec_180_52 flowId 63 uecSrc 62 starting at 0
Flow Uec_12_140 flowId 64 uecSrc 63 starting at 0
Flow Uec_21_149 flowId 65 uecSrc 64 starting at 0
Flow Uec_4_132 flowId 66 uecSrc 65 starting at 0
Flow Uec_211_83 flowId 67 uecSrc 66 starting at 0
Flow Uec_241_113 flowId 68 uecSrc 67 starting at 0
Flow Uec_99_227 flowId 69 uecSrc 68 starting at 0
Flow Uec_5_133 flowId 70 uecSrc 69 starting at 0
Flow Uec_95_223 flowId 71 uecSrc 70 starting at 0
Flow Uec_249_121 flowId 72 uecSrc 71 starting at 0
Flow Uec_123_251 flowId 73 uecSrc 72 starting at 0
Flow Uec_129_1 flowId 74 uecSrc 73 starting at 0
Flow Uec_174_46 flowId 75 uecSrc 74 starting at 0
Flow Uec_216_88 flowId 76 uecSrc 75 starting at 0
Flow Uec_38_166 flowId 77 uecSrc 76 starting at 0
Flow Uec_19_147 flowId 78 uecSrc 77 starting at 0
Flow Uec_73_201 flowId 79 uecSrc 78 starting at 0
Flow Uec_232_104 flowId 80 uecSrc 79 starting at 0
Flow Uec_168_40 flowId 81 uecSrc 80 starting at 0
Flow Uec_15_143 flowId 82 uecSrc 81 starting at 0
Flow Uec_189_61 flowId 83 uecSrc 82 starting at 0
Flow Uec_77_205 flowId 84 uecSrc 83 starting at 0
Flow Uec_47_175 flowId 85 uecSrc 84 starting at 0
Flow Uec_100_228 flowId 86 uecSrc 85 starting at 0
Flow Uec_78_206 flowId 87 uecSrc 86 starting at 0
Flow Uec_228_100 flowId 88 uecSrc 87 starting at 0
Flow Uec_193_65 flowId 89 uecSrc 88 starting at 0
Flow Uec_188_60 flowId 90 uecSrc 89 starting at 0
Flow Uec_96_224 flowId 91 uecSrc 90 starting at 0
Flow Uec_187_59 flowId 92 uecSrc 91 starting at 0
Flow Uec_104_232 flowId 93 uecSrc 92 starting at 0
Flow Uec_63_191 flowId 94 uecSrc 93 starting at 0
Flow Uec_110_238 flowId 95 uecSrc 94 starting at 0
Flow Uec_34_162 flowId 96 uecSrc 95 starting at 0
Flow Uec_239_111 flowId 97 uecSrc 96 starting at 0
Flow Uec_190_62 flowId 98 uecSrc 97 starting at 0
Flow Uec_152_24 flowId 99 uecSrc 98 starting at 0
Flow Uec_161_33 flowId 100 uecSrc 99 starting at 0
Flow Uec_113_241 flowId 101 uecSrc 100 starting at 0
Flow Uec_225_97 flowId 102 uecSrc 101 starting at 0
Flow Uec_234_106 flowId 103 uecSrc 102 starting at 0
Flow Uec_163_35 flowId 104 uecSrc 103 starting at 0
Flow Uec_55_183 flowId 105 uecSrc 104 starting at 0
Flow Uec_166_38 flowId 106 uecSrc 105 starting at 0
Flow Uec_254_126 flowId 107 uecSrc 106 starting at 0
Flow Uec_50_178 flowId 108 uecSrc 107 starting at 0
Flow Uec_88_216 flowId 109 uecSrc 108 starting at 0
Flow Uec_61_189 flowId 110 uecSrc 109 starting at 0
Flow Uec_105_233 flowId 111 uecSrc 110 starting at 0
Flow Uec_131_3 flowId 112 uecSrc 111 starting at 0
Flow Uec_84_212 flowId 113 uecSrc 112 starting at 0
Flow Uec_154_26 flowId 114 uecSrc 113 starting at 0
Flow Uec_147_19 flowId 115 uecSrc 114 starting at 0
Flow Uec_160_32 flowId 116 uecSrc 115 starting at 0
Flow Uec_214_86 flowId 117 uecSrc 116 starting at 0
Flow Uec_150_22 flowId 118 uecSrc 117 starting at 0
Flow Uec_32_160 flowId 119 uecSrc 118 starting at 0
Flow Uec_108_236 flowId 120 uecSrc 119 starting at 0
Flow Uec_83_211 flowId 121 uecSrc 120 starting at 0
Flow Uec_200_72 flowId 122 uecSrc 121 starting at 0
Flow Uec_219_91 flowId 123 uecSrc 122 starting at 0
Flow Uec_26_154 flowId 124 uecSrc 123 starting at 0
Flow Uec_217_89 flowId 125 uecSrc 124 starting at 0
Flow Uec_195_67 flowId 126 uecSrc 125 starting at 0
Flow Uec_210_82 flowId 127 uecSrc 126 starting at 0
Flow Uec_11_139 flowId 128 uecSrc 127 starting at 0
Flow Uec_85_213 flowId 129 uecSrc 128 starting at 0
Flow Uec_90_218 flowId 130 uecSrc 129 starting at 0
Flow Uec_30_158 flowId 131 uecSrc 130 starting at 0
Flow Uec_89_217 flowId 132 uecSrc 131 starting at 0
Flow Uec_231_103 flowId 133 uecSrc 132 starting at 0
Flow Uec_203_75 flowId 134 uecSrc 133 starting at 0
Flow Uec_116_244 flowId 135 uecSrc 134 starting at 0
Flow Uec_220_92 flowId 136 uecSrc 135 starting at 0
Flow Uec_74_202 flowId 137 uecSrc 136 starting at 0
Flow Uec_35_163 flowId 138 uecSrc 137 starting at 0
Flow Uec_46_174 flowId 139 uecSrc 138 starting at 0
Flow Uec_255_127 flowId 140 uecSrc 139 starting at 0
Flow Uec_153_25 flowId 141 uecSrc 140 starting at 0
Flow Uec_27_155 flowId 142 uecSrc 141 starting at 0
Flow Uec_148_20 flowId 143 uecSrc 142 starting at 0
Flow Uec_92_220 flowId 144 uecSrc 143 starting at 0
Flow Uec_159_31 flowId 145 uecSrc 144 starting at 0
Flow Uec_143_15 flowId 146 uecSrc 145 starting at 0
Flow Uec_172_44 flowId 147 uecSrc 146 starting at 0
Flow Uec_112_240 flowId 148 uecSrc 147 starting at 0
Flow Uec_179_51 flowId 149 uecSrc 148 starting at 0
Flow Uec_22_150 flowId 150 uecSrc 149 starting at 0
Flow Uec_79_207 flowId 151 uecSrc 150 starting at 0
Flow Uec_119_247 flowId 152 uecSrc 151 starting at 0
Flow Uec_209_81 flowId 153 uecSrc 152 starting at 0
Flow Uec_253_125 flowId 154 uecSrc 153 starting at 0
Flow Uec_191_63 flowId 155 uecSrc 154 starting at 0
Flow Uec_106_234 flowId 156 uecSrc 155 starting at 0
Flow Uec_45_173 flowId 157 uecSrc 156 starting at 0
Flow Uec_170_42 flowId 158 uecSrc 157 starting at 0
Flow Uec_57_185 flowId 159 uecSrc 158 starting at 0
Flow Uec_124_252 flowId 160 uecSrc 159 starting at 0
Flow Uec_176_48 flowId 161 uecSrc 160 starting at 0
Flow Uec_40_168 flowId 162 uecSrc 161 starting at 0
Flow Uec_23_151 flowId 163 uecSrc 162 starting at 0
Flow Uec_67_195 flowId 164 uecSrc 163 starting at 0
Flow Uec_29_157 flowId 165 uecSrc 164 starting at 0
Flow Uec_207_79 flowId 166 uecSrc 165 starting at 0
Flow Uec_134_6 flowId 167 uecSrc 166 starting at 0
Flow Uec_247_119 flowId 168 uecSrc 167 starting at 0
Flow Uec_164_36 flowId 169 uecSrc 168 starting at 0
Flow Uec_141_13 flowId 170 uecSrc 169 starting at 0
Flow Uec_64_192 flowId 171 uecSrc 170 starting at 0
Flow Uec_49_177 flowId 172 uecSrc 171 starting at 0
Flow Uec_8_136 flowId 173 uecSrc 172 starting at 0
Flow Uec_226_98 flowId 174 uecSrc 173 starting at 0
Flow Uec_208_80 flowId 175 uecSrc 174 starting at 0
Flow Uec_86_214 flowId 176 uecSrc 175 starting at 0
Flow Uec_81_209 flowId 177 uecSrc 176 starting at 0
Flow Uec_39_167 flowId 178 uecSrc 177 starting at 0
Flow Uec_98_226 flowId 179 uecSrc 178 starting at 0
Flow Uec_37_165 flowId 180 uecSrc 179 starting at 0
Flow Uec_25_153 flowId 181 uecSrc 180 starting at 0
Flow Uec_65_193 flowId 182 uecSrc 181 starting at 0
Flow Uec_229_101 flowId 183 uecSrc 182 starting at 0
Flow Uec_194_66 flowId 184 uecSrc 183 starting at 0
Flow Uec_93_221 flowId 185 uecSrc 184 starting at 0
Flow Uec_206_78 flowId 186 uecSrc 185 starting at 0
Flow Uec_128_0 flowId 187 uecSrc 186 starting at 0
Flow Uec_71_199 flowId 188 uecSrc 187 starting at 0
Flow Uec_20_148 flowId 189 uecSrc 188 starting at 0
Flow Uec_149_21 flowId 190 uecSrc 189 starting at 0
Flow Uec_236_108 flowId 191 uecSrc 190 starting at 0
Flow Uec_120_248 flowId 192 uecSrc 191 starting at 0
Flow Uec_133_5 flowId 193 uecSrc 192 starting at 0
Flow Uec_156_28 flowId 194 uecSrc 193 starting at 0
Flow Uec_245_117 flowId 195 uecSrc 194 starting at 0
Flow Uec_204_76 flowId 196 uecSrc 195 starting at 0
Flow Uec_196_68 flowId 197 uecSrc 196 starting at 0
Flow Uec_114_242 flowId 198 uecSrc 197 starting at 0
Flow Uec_186_58 flowId 199 uecSrc 198 starting at 0
Flow Uec_201_73 flowId 200 uecSrc 199 starting at 0
Flow Uec_171_43 flowId 201 uecSrc 200 starting at 0
Flow Uec_28_156 flowId 202 uecSrc 201 starting at 0
Flow Uec_213_85 flowId 203 uecSrc 202 starting at 0
Flow Uec_155_27 flowId 204 uecSrc 203 starting at 0
Flow Uec_51_179 flowId 205 uecSrc 204 starting at 0
Flow Uec_130_2 flowId 206 uecSrc 205 starting at 0
Flow Uec_33_161 flowId 207 uecSrc 206 starting at 0
Flow Uec_125_253 flowId 208 uecSrc 207 starting at 0
Flow Uec_252_124 flowId 209 uecSrc 208 starting at 0
Flow Uec_121_249 flowId 210 uecSrc 209 starting at 0
Flow Uec_192_64 flowId 211 uecSrc 210 starting at 0
Flow Uec_6_134 flowId 212 uecSrc 211 starting at 0
Flow Uec_91_219 flowId 213 uecSrc 212 starting at 0
Flow Uec_227_99 flowId 214 uecSrc 213 starting at 0
Flow Uec_9_137 flowId 215 uecSrc 214 starting at 0
Flow Uec_157_29 flowId 216 uecSrc 215 starting at 0
Flow Uec_136_8 flowId 217 uecSrc 216 starting at 0
Flow Uec_70_198 flowId 218 uecSrc 217 starting at 0
127.367 flowid 105 Spurious 3
128.367 flowid 105 Spurious 2
130.423 flowid 13 Spurious 15
140.619 flowid 173 Spurious 41
140.738 flowid 163 Spurious 44
147.382 flowid 13 Spurious 40
148.107 flowid 201 Spurious 28
149.253 flowid 162 Spurious 54
155.869 flowid 37 Spurious 58
156.211 flowid 37 Spurious 55
159.095 flowid 24 Spurious 79
170.409 flowid 149 Spurious 29
172.043 flowid 178 Spurious 108
173.695 flowid 24 Spurious 105
174.903 flowid 178 Spurious 118
Flow Uec_185_57 flowId 5 uecSrc 4 finished at 176.184 total messages 1 total packets 490 RTS 0 total bytes 2002140 in_flight now 0 fair_inc 0 prop_inc 60239 fast_inc 181845 eta_inc 8344 multi_dec -0 quick_dec -0 nack_dec -0
Flow Uec_124_252 flowId 160 uecSrc 159 finished at 176.488 total messages 1 total packets 490 RTS 0 total bytes 2002140 in_flight now 0 fair_inc 0 prop_inc 69191 fast_inc 129312 eta_inc 8344 multi_dec -0 quick_dec -0 nack_dec -0
Flow Uec_181_53 flowId 26 uecSrc 25 finished at 177.183 total messages 1 total packets 490 RTS 0 total bytes 2002140 in_flight now 0 fair_inc 0 prop_inc 24593 fast_inc 371773 eta_inc 8344 multi_dec -0 quick_dec -0 nack_dec -0
Flow Uec_128_0 flowId 187 uecSrc 186 finished at 178.213 total messages 1 total packets 490 RTS 0 total bytes 2002140 in_flight now 0 fair_inc 0 prop_inc 94635 fast_inc 0 eta_inc 8344 multi_dec -0 quick_dec -0 nack_dec -0
Flow Uec_74_202 flowId 137 uecSrc 136 finished at 180.233 total messages 1 total packets 490 RTS 0 total bytes 2002140 in_flight now 0 fair_inc 0 prop_inc 58955 fast_inc 0 eta_inc 8344 multi_dec -0 quick_dec -0 nack_dec -0
181.012 flowid 178 Spurious 134
186.693 flowid 149 Spurious 30
Flow Uec_66_194 flowId 35 uecSrc 34 finished at 187.398 total messages 1 total packets 490 RTS 0 total bytes 2002140 in_flight now 0 fair_inc 0 prop_inc 29800 fast_inc 0 eta_inc 8940 multi_dec -0 quick_dec -0 nack_dec -0
187.709 flowid 149 Spurious 31
Flow Uec_18_146 flowId 22 uecSrc 21 finished at 191.21 total messages 1 total packets 490 RTS 0 total bytes 2002140 in_flight now 0 fair_inc 0 prop_inc 31131 fast_inc 0 eta_inc 8940 multi_dec -0 quick_dec -0 nack_dec -0
191.738 flowid 163 Spurious 165
Flow Uec_247_119 flowId 168 uecSrc 167 finished at 195.014 total messages 1 total packets 490 RTS 0 total bytes 2002140 in_flight now 0 fair_inc 0 prop_inc 23267 fast_inc 0 eta_inc 8940 multi_dec -0 quick_dec -0 nack_dec -0
Flow Uec_252_124 flowId 209 uecSrc 208 finished at 195.291 total messages 1 total packets 490 RTS 0 total bytes 2002140 in_flight now 0 fair_inc 0 prop_inc 34521 fast_inc 0 eta_inc 8940 multi_dec -0 quick_dec -0 nack_dec -0
199.083 flowid 207 Spurious 148
200.35 flowid 163 Spurious 186
Flow Uec_226_98 flowId 174 uecSrc 173 finished at 201.201 total messages 1 total packets 490 RTS 0 total bytes 2002140 in_flight now 0 fair_inc 2251 prop_inc 21200 fast_inc 0 eta_inc 9536 multi_dec -0 quick_dec -0 nack_dec -0
201.683 flowid 163 Spurious 190
Flow Uec_180_52 flowId 63 uecSrc 62 finished at 202.466 total messages 1 total packets 490 RTS 0 total bytes 2002140 in_flight now 0 fair_inc 0 prop_inc 46527 fast_inc 267204 eta_inc 8344 multi_dec -0 quick_dec -0 nack_dec -0
Flow Uec_227_99 flowId 214 uecSrc 213 finished at 203.883 total messages 1 total packets 490 RTS 0 total bytes 2002140 in_flight now 0 fair_inc 3751 prop_inc 17213 fast_inc 0 eta_inc 9536 multi_dec -0 quick_dec -0 nack_dec -0
204.964 flowid 10 Spurious 167
206.353 flowid 178 Spurious 198
208.665 flowid 163 Spurious 205
209.898 flowid 178 Spurious 202
213.149 flowid 82 Spurious 198
Flow Uec_29_157 flowId 165 uecSrc 164 finished at 213.507 total messages 1 total packets 490 RTS 0 total bytes 2002140 in_flight now 0 fair_inc 5029 prop_inc 41114 fast_inc 0 eta_inc 10132 multi_dec -0 quick_dec -0 nack_dec -20750
214.84 flowid 82 Spurious 203
215.504 flowid 82 Spurious 205
215.806 flowid 207 Spurious 197
Flow Uec_253_125 flowId 154 uecSrc 153 finished at 216.503 total messages 1 total packets 490 RTS 0 total bytes 2002140 in_flight now 0 fair_inc 1500 prop_inc 9449 fast_inc 0 eta_inc 10132 multi_dec -0 quick_dec -0 nack_dec -0
219.871 flowid 82 Spurious 217
Flow Uec_64_192 flowId 171 uecSrc 170 finished at 220.476 total messages 1 total packets 490 RTS 0 total bytes 2002140 in_flight now 0 fair_inc 5760 prop_inc 7853 fast_inc 0 eta_inc 10132 multi_dec -15244 quick_dec -0 nack_dec -16600
Flow Uec_255_127 flowId 140 uecSrc 139 finished at 220.916 total messages 1 total packets 490 RTS 0 total bytes 2002140 in_flight now 0 fair_inc 15354 prop_inc 8292 fast_inc 0 eta_inc 10132 multi_dec -482 quick_dec -0 nack_dec -0
Flow Uec_67_195 flowId 164 uecSrc 163 finished at 224.668 total messages 1 total packets 490 RTS 0 total bytes 2002140 in_flight now 0 fair_inc 5268 prop_inc 34567 fast_inc 0 eta_inc 10728 multi_dec -29525 quick_dec -0 nack_dec -29050
Flow Uec_34_162 flowId 96 uecSrc 95 finished at 229.658 total messages 1 total packets 492 RTS 2 total bytes 2002140 in_flight now 0 fair_inc 6356 prop_inc 35165 fast_inc 0 eta_inc 10728 multi_dec -7618 quick_dec -0 nack_dec -8300
236.314 flowid 65 Spurious 192
Flow Uec_136_8 flowId 217 uecSrc 216 finished at 237.968 total messages 1 total packets 490 RTS 0 total bytes 2002140 in_flight now 0 fair_inc 3057 prop_inc 11540 fast_inc 0 eta_inc 11324 multi_dec -5855 quick_dec -0 nack_dec -4150
Flow Uec_126_254 flowId 19 uecSrc 18 finished at 247.044 total messages 1 total packets 490 RTS 0 total bytes 2002140 in_flight now 0 fair_inc 6425 prop_inc 71785 fast_inc 0 eta_inc 11920 multi_dec -82722 quick_dec -0 nack_dec -29050
256.439 flowid 119 Spurious 257
260.294 flowid 178 Spurious 333
260.964 flowid 178 Spurious 335
268.294 flowid 178 Spurious 351
282.582 flowid 163 Spurious 385
283.578 flowid 163 Spurious 388
288.086 flowid 46 Spurious 18
289.847 flowid 104 Spurious 489
291.791 flowid 77 Spurious 289
292.802 flowid 77 Spurious 293
295.439 flowid 24 Spurious 415
Flow Uec_163_35 flowId 104 uecSrc 103 finished at 295.51 total messages 1 total packets 490 RTS 0 total bytes 2002140 in_flight now 0 fair_inc 0 prop_inc 77098 fast_inc 96984 eta_inc 8940 multi_dec -0 quick_dec -0 nack_dec -0
Flow Uec_13_141 flowId 55 uecSrc 54 finished at 295.765 total messages 1 total packets 492 RTS 2 total bytes 2002140 in_flight now 0 fair_inc 11614 prop_inc 37155 fast_inc 0 eta_inc 13112 multi_dec -0 quick_dec -0 nack_dec -41500
Flow Uec_44_172 flowId 40 uecSrc 39 finished at 297.853 total messages 1 total packets 491 RTS 1 total bytes 2002140 in_flight now 0 fair_inc 0 prop_inc 81195 fast_inc 1010 eta_inc 11920 multi_dec -0 quick_dec -199154 nack_dec -20750
Flow Uec_37_165 flowId 180 uecSrc 179 finished at 299.204 total messages 1 total packets 491 RTS 1 total bytes 2002140 in_flight now 0 fair_inc 6197 prop_inc 27062 fast_inc 0 eta_inc 14304 multi_dec -118007 quick_dec -0 nack_dec -0
300.296 flowid 77 Spurious 311
303.647 flowid 77 Spurious 315
306.862 flowid 40 Spurious 470
307.526 flowid 40 Spurious 472
Flow Uec_23_151 flowId 163 uecSrc 162 finished at 309.141 total messages 1 total packets 494 RTS 4 total bytes 2002140 in_flight now 0 fair_inc 7096 prop_inc 29232 fast_inc 0 eta_inc 13708 multi_dec -0 quick_dec -0 nack_dec -0
Flow Uec_139_11 flowId 37 uecSrc 36 finished at 311.021 total messages 1 total packets 491 RTS 1 total bytes 2002140 in_flight now 0 fair_inc 9111 prop_inc 16964 fast_inc 0 eta_inc 14304 multi_dec -41183 quick_dec -0 nack_dec -29050
Flow Uec_36_164 flowId 24 uecSrc 23 finished at 313.054 total messages 1 total packets 491 RTS 1 total bytes 2002140 in_flight now 0 fair_inc 5417 prop_inc 28823 fast_inc 0 eta_inc 12516 multi_dec -0 quick_dec -0 nack_dec -0
Flow Uec_17_145 flowId 29 uecSrc 28 finished at 325.289 total messages 1 total packets 496 RTS 6 total bytes 2002140 in_flight now 0 fair_inc 13202 prop_inc 35480 fast_inc 0 eta_inc 15496 multi_dec -35861 quick_dec -0 nack_dec -8300
325.65 flowid 65 Spurious 266
Flow Uec_39_167 flowId 178 uecSrc 177 finished at 325.721 total messages 1 total packets 492 RTS 2 total bytes 2002140 in_flight now 0 fair_inc 8687 prop_inc 18593 fast_inc 0 eta_inc 13112 multi_dec -0 quick_dec -0 nack_dec -0
Flow Uec_224_96 flowId 34 uecSrc 33 finished at 327.54 total messages 1 total packets 490 RTS 0 total bytes 2002140 in_flight now 0 fair_inc 826 prop_inc 21288 fast_inc 0 eta_inc 15496 multi_dec -90409 quick_dec -0 nack_dec -33200
Flow Uec_140_12 flowId 44 uecSrc 43 finished at 327.635 total messages 1 total packets 491 RTS 1 total bytes 2002140 in_flight now 0 fair_inc 7175 prop_inc 37813 fast_inc 0 eta_inc 14304 multi_dec -71539 quick_dec -0 nack_dec -41500
Flow Uec_214_86 flowId 117 uecSrc 116 finished at 327.788 total messages 1 total packets 490 RTS 0 total bytes 2002140 in_flight now 0 fair_inc 1659 prop_inc 21890 fast_inc 0 eta_inc 15496 multi_dec -82914 quick_dec -0 nack_dec -41500
328.253 flowid 178 Spurious 477
Flow Uec_188_60 flowId 90 uecSrc 89 finished at 329.624 total messages 1 total packets 490 RTS 0 total bytes 2002140 in_flight now 0 fair_inc 3399 prop_inc 26215 fast_inc 0 eta_inc 15496 multi_dec -83173 quick_dec -0 nack_dec -45650
Flow Uec_45_173 flowId 157 uecSrc 156 finished at 330.425 total messages 1 total packets 492 RTS 2 total bytes 2002140 in_flight now 0 fair_inc 6441 prop_inc 38622 fast_inc 0 eta_inc 13112 multi_dec -0 quick_dec -200127 nack_dec -8300
Flow Uec_106_234 flowId 156 uecSrc 155 finished at 330.656 total messages 1 total packets 490 RTS 0 total bytes 2002140 in_flight now 0 fair_inc 4380 prop_inc 31552 fast_inc 0 eta_inc 15496 multi_dec -78467 quick_dec -0 nack_dec -53950
331.696 flowid 178 Spurious 482
Flow Uec_99_227 flowId 69 uecSrc 68 finished at 334.616 total messages 1 total packets 490 RTS 0 total bytes 2002140 in_flight now 0 fair_inc 1930 prop_inc 47788 fast_inc 0 eta_inc 15496 multi_dec -116451 quick_dec -0 nack_dec -33200
Flow Uec_83_211 flowId 121 uecSrc 120 finished at 334.699 total messages 1 total packets 490 RTS 0 total bytes 2002140 in_flight now 0 fair_inc 18419 prop_inc 29109 fast_inc 0 eta_inc 15496 multi_dec -74232 quick_dec -0 nack_dec -53950
336.031 flowid 189 Spurious 409
337.721 flowid 189 Spurious 411
Flow Uec_108_236 flowId 120 uecSrc 119 finished at 338.972 total messages 1 total packets 490 RTS 0 total bytes 2002140 in_flight now 0 fair_inc 8863 prop_inc 36412 fast_inc 0 eta_inc 16092 multi_dec -114337 quick_dec -0 nack_dec -37350
Flow Uec_133_5 flowId 193 uecSrc 192 finished at 340.391 total messages 1 total packets 490 RTS 0 total bytes 2002140 in_flight now 0 fair_inc 5937 prop_inc 29185 fast_inc 0 eta_inc 15496 multi_dec -79240 quick_dec -0 nack_dec -45650
Flow Uec_119_247 flowId 152 uecSrc 151 finished at 340.571 total messages 1 total packets 490 RTS 0 total bytes 2002140 in_flight now 0 fair_inc 1736 prop_inc 24777 fast_inc 0 eta_inc 16092 multi_dec -87792 quick_dec -0 nack_dec -41500
Flow Uec_47_175 flowId 85 uecSrc 84 finished at 340.845 total messages 1 total packets 495 RTS 5 total bytes 2002140 in_flight now -64 fair_inc 0 prop_inc 91473 fast_inc 39395 eta_inc 14304 multi_dec -0 quick_dec -0 nack_dec -0
Flow Uec_61_189 flowId 110 uecSrc 109 finished at 340.959 total messages 1 total packets 490 RTS 0 total bytes 2002140 in_flight now 0 fair_inc 12147 prop_inc 33920 fast_inc 0 eta_inc 16092 multi_dec -116185 quick_dec -0 nack_dec -33200
Flow Uec_190_62 flowId 98 uecSrc 97 finished at 341.166 total messages 1 total packets 490 RTS 0 total bytes 2002140 in_flight now 0 fair_inc 5827 prop_inc 33577 fast_inc 0 eta_inc 16092 multi_dec -96449 quick_dec -0 nack_dec -45650
Flow Uec_5_133 flowId 70 uecSrc 69 finished at 341.551 total messages 1 total packets 492 RTS 2 total bytes 2002140 in_flight now 0 fair_inc 1996 prop_inc 62167 fast_inc 2020 eta_inc 11920 multi_dec -0 quick_dec -208521 nack_dec -41500
Flow Uec_146_18 flowId 32 uecSrc 31 finished at 341.852 total messages 1 total packets 490 RTS 0 total bytes 2002140 in_flight now 0 fair_inc 6091 prop_inc 40678 fast_inc 0 eta_inc 16092 multi_dec -109459 quick_dec -0 nack_dec -41500
342.087 flowid 65 Spurious 275
Flow Uec_125_253 flowId 208 uecSrc 207 finished at 342.724 total messages 1 total packets 490 RTS 0 total bytes 2002140 in_flight now 0 fair_inc 1767 prop_inc 27268 fast_inc 0 eta_inc 16688 multi_dec -77850 quick_dec -0 nack_dec -53950
Flow Uec_189_61 flowId 83 uecSrc 82 finished at 343.994 total messages 1 total packets 490 RTS 0 total bytes 2002140 in_flight now 0 fair_inc 10958 prop_inc 43631 fast_inc 0 eta_inc 16688 multi_dec -108788 quick_dec -0 nack_dec -45650
Flow Uec_244_116 flowId 45 uecSrc 44 finished at 344.244 total messages 1 total packets 490 RTS 0 total bytes 2002140 in_flight now 0 fair_inc 3695 prop_inc 31529 fast_inc 0 eta_inc 16092 multi_dec -65922 quick_dec -0 nack_dec -70550
Flow Uec_101_229 flowId 1 uecSrc 0 finished at 344.534 total messages 1 total packets 490 RTS 0 total bytes 2002140 in_flight now 0 fair_inc 8366 prop_inc 36355 fast_inc 0 eta_inc 16092 multi_dec -111804 quick_dec -0 nack_dec -37350
Flow Uec_81_209 flowId 177 uecSrc 176 finished at 344.916 total messages 1 total packets 490 RTS 0 total bytes 2002140 in_flight now 0 fair_inc 27129 prop_inc 35758 fast_inc 0 eta_inc 16092 multi_dec -103278 quick_dec -0 nack_dec -45650
Flow Uec_57_185 flowId 159 uecSrc 158 finished at 345.451 total messages 1 total packets 490 RTS 0 total bytes 2002140 in_flight now 0 fair_inc 9803 prop_inc 40726 fast_inc 0 eta_inc 16688 multi_dec -105755 quick_dec -0 nack_dec -49800
Flow Uec_195_67 flowId 126 uecSrc 125 finished at 345.498 total messages 1 total packets 490 RTS 0 total bytes 2002140 in_flight now 0 fair_inc 9558 prop_inc 41135 fast_inc 0 eta_inc 16092 multi_dec -113618 quick_dec -0 nack_dec -41500
Flow Uec_225_97 flowId 102 uecSrc 101 finished at 346.444 total messages 1 total packets 490 RTS 0 total bytes 2002140 in_flight now 0 fair_inc 908 prop_inc 31460 fast_inc 0 eta_inc 16688 multi_dec -74050 quick_dec -0 nack_dec -58100
Flow Uec_193_65 flowId 89 uecSrc 88 finished at 349.992 total messages 1 total packets 490 RTS 0 total bytes 2002140 in_flight now 0 fair_inc 18116 prop_inc 44045 fast_inc 0 eta_inc 16092 multi_dec -107905 quick_dec -0 nack_dec -41500
Flow Uec_98_226 flowId 179 uecSrc 178 finished at 351.111 total messages 1 total packets 490 RTS 0 total bytes 2002140 in_flight now 0 fair_inc 4818 prop_inc 51706 fast_inc 0 eta_inc 16688 multi_dec -94160 quick_dec -0 nack_dec -66400
Flow Uec_145_17 flowId 23 uecSrc 22 finished at 351.266 total messages 1 total packets 491 RTS 1 total bytes 2002140 in_flight now 0 fair_inc 17021 prop_inc 39465 fast_inc 0 eta_inc 16092 multi_dec -120147 quick_dec -0 nack_dec -29050
352.005 flowid 215 Spurious 487
Flow Uec_110_238 flowId 95 uecSrc 94 finished at 352.102 total messages 1 total packets 490 RTS 0 total bytes 2002140 in_flight now 0 fair_inc 7539 prop_inc 43903 fast_inc 0 eta_inc 16688 multi_dec -92939 quick_dec -0 nack_dec -62250
Flow Uec_15_143 flowId 82 uecSrc 81 finished at 355.439 total messages 1 total packets 492 RTS 2 total bytes 2002140 in_flight now 0 fair_inc 18260 prop_inc 50233 fast_inc 0 eta_inc 16092 multi_dec -149907 quick_dec -0 nack_dec -16600
Flow Uec_134_6 flowId 167 uecSrc 166 finished at 357.586 total messages 1 total packets 492 RTS 2 total bytes 2002140 in_flight now 0 fair_inc 0 prop_inc 53720 fast_inc 0 eta_inc 16092 multi_dec -116100 quick_dec -0 nack_dec -16600
Flow Uec_211_83 flowId 67 uecSrc 66 finished at 358.214 total messages 1 total packets 490 RTS 0 total bytes 2002140 in_flight now 0 fair_inc 965 prop_inc 36336 fast_inc 28771 eta_inc 17284 multi_dec -51037 quick_dec -0 nack_dec -87150
Flow Uec_40_168 flowId 162 uecSrc 161 finished at 363.026 total messages 1 total packets 495 RTS 5 total bytes 2002140 in_flight now 0 fair_inc 18049 prop_inc 50395 fast_inc 0 eta_inc 16688 multi_dec -137314 quick_dec -0 nack_dec -4150
Flow Uec_235_107 flowId 53 uecSrc 52 finished at 364.675 total messages 1 total packets 490 RTS 0 total bytes 2002140 in_flight now 0 fair_inc 8245 prop_inc 36988 fast_inc 0 eta_inc 17284 multi_dec -107988 quick_dec -0 nack_dec -45650
Flow Uec_51_179 flowId 205 uecSrc 204 finished at 364.905 total messages 1 total packets 494 RTS 4 total bytes 2002140 in_flight now 0 fair_inc 0 prop_inc 128679 fast_inc 55562 eta_inc 16092 multi_dec -0 quick_dec -0 nack_dec -0
Flow Uec_8_136 flowId 173 uecSrc 172 finished at 367.542 total messages 1 total packets 495 RTS 5 total bytes 2002140 in_flight now 0 fair_inc 4431 prop_inc 73473 fast_inc 0 eta_inc 13112 multi_dec -0 quick_dec -179319 nack_dec -29050
Flow Uec_191_63 flowId 155 uecSrc 154 finished at 368.799 total messages 1 total packets 490 RTS 0 total bytes 2002140 in_flight now 0 fair_inc 24565 prop_inc 52635 fast_inc 0 eta_inc 17284 multi_dec -142660 quick_dec -0 nack_dec -29050
Flow Uec_245_117 flowId 195 uecSrc 194 finished at 371.362 total messages 1 total packets 490 RTS 0 total bytes 2002140 in_flight now 0 fair_inc 7400 prop_inc 45844 fast_inc 0 eta_inc 16092 multi_dec -94351 quick_dec -0 nack_dec -62250
Flow Uec_248_120 flowId 33 uecSrc 32 finished at 376.82 total messages 1 total packets 490 RTS 0 total bytes 2002140 in_flight now 0 fair_inc 16626 prop_inc 45469 fast_inc 0 eta_inc 16688 multi_dec -149177 quick_dec -0 nack_dec -20750
377.303 flowid 77 Spurious 450
378.497 flowid 2 Spurious 439
Flow Uec_164_36 flowId 169 uecSrc 168 finished at 379.018 total messages 1 total packets 491 RTS 1 total bytes 2002140 in_flight now 0 fair_inc 26561 prop_inc 29508 fast_inc 0 eta_inc 17284 multi_dec -49373 quick_dec -0 nack_dec -99600
Flow Uec_228_100 flowId 88 uecSrc 87 finished at 383.62 total messages 1 total packets 490 RTS 0 total bytes 2002140 in_flight now 0 fair_inc 9952 prop_inc 32603 fast_inc 0 eta_inc 17880 multi_dec -75724 quick_dec -0 nack_dec -83000
Flow Uec_231_103 flowId 133 uecSrc 132 finished at 383.672 total messages 1 total packets 490 RTS 0 total bytes 2002140 in_flight now 0 fair_inc 11723 prop_inc 45587 fast_inc 0 eta_inc 17880 multi_dec -128175 quick_dec -0 nack_dec -45650
Flow Uec_65_193 flowId 182 uecSrc 181 finished at 384.936 total messages 1 total packets 490 RTS 0 total bytes 2002140 in_flight now 0 fair_inc 16361 prop_inc 51762 fast_inc 0 eta_inc 17880 multi_dec -163610 quick_dec -0 nack_dec -33200
Flow Uec_80_208 flowId 49 uecSrc 48 finished at 384.938 total messages 1 total packets 490 RTS 0 total bytes 2002140 in_flight now 0 fair_inc 16456 prop_inc 27268 fast_inc 0 eta_inc 17880 multi_dec -38288 quick_dec -0 nack_dec -107900
Flow Uec_236_108 flowId 191 uecSrc 190 finished at 386.157 total messages 1 total packets 490 RTS 0 total bytes 2002140 in_flight now 0 fair_inc 10814 prop_inc 47148 fast_inc 0 eta_inc 17880 multi_dec -127987 quick_dec -0 nack_dec -45650
Flow Uec_63_191 flowId 94 uecSrc 93 finished at 387.753 total messages 1 total packets 490 RTS 0 total bytes 2002140 in_flight now 0 fair_inc 10520 prop_inc 49859 fast_inc 0 eta_inc 17880 multi_dec -175034 quick_dec -0 nack_dec -29050
Flow Uec_241_113 flowId 68 uecSrc 67 finished at 387.796 total messages 1 total packets 490 RTS 0 total bytes 2002140 in_flight now 0 fair_inc 5708 prop_inc 40605 fast_inc 0 eta_inc 18476 multi_dec -65274 quick_dec -0 nack_dec -95450
Flow Uec_20_148 flowId 189 uecSrc 188 finished at 400.19 total messages 1 total packets 501 RTS 11 total bytes 2002140 in_flight now 0 fair_inc 8639 prop_inc 51773 fast_inc 0 eta_inc 16092 multi_dec -0 quick_dec -128950 nack_dec -12450
Flow Uec_10_138 flowId 2 uecSrc 1 finished at 401.657 total messages 1 total packets 498 RTS 8 total bytes 2002140 in_flight now 0 fair_inc 3264 prop_inc 73960 fast_inc 0 eta_inc 16688 multi_dec -0 quick_dec -132691 nack_dec -33200
402.221 flowid 46 Spurious 18
Flow Uec_93_221 flowId 185 uecSrc 184 finished at 406.5 total messages 1 total packets 490 RTS 0 total bytes 2002140 in_flight now 0 fair_inc 21256 prop_inc 32826 fast_inc 0 eta_inc 19072 multi_dec -58359 quick_dec -0 nack_dec -103750
Flow Uec_38_166 flowId 77 uecSrc 76 finished at 406.944 total messages 1 total packets 499 RTS 9 total bytes 2002140 in_flight now -64 fair_inc 18302 prop_inc 24296 fast_inc 0 eta_inc 16688 multi_dec -14982 quick_dec -143832 nack_dec -8300
Flow Uec_25_153 flowId 181 uecSrc 180 finished at 408.233 total messages 1 total packets 502 RTS 12 total bytes 2002140 in_flight now -128 fair_inc 20465 prop_inc 35519 fast_inc 0 eta_inc 19072 multi_dec -0 quick_dec -0 nack_dec -4150
Flow Uec_26_154 flowId 124 uecSrc 123 finished at 411.866 total messages 1 total packets 490 RTS 0 total bytes 2002140 in_flight now 0 fair_inc 31783 prop_inc 43174 fast_inc 0 eta_inc 18476 multi_dec -134379 quick_dec -0 nack_dec -58100
Flow Uec_120_248 flowId 192 uecSrc 191 finished at 416.856 total messages 1 total packets 490 RTS 0 total bytes 2002140 in_flight now 0 fair_inc 15382 prop_inc 17629 fast_inc 0 eta_inc 19668 multi_dec -46769 quick_dec -0 nack_dec -107900
Flow Uec_90_218 flowId 130 uecSrc 129 finished at 430.424 total messages 1 total packets 490 RTS 0 total bytes 2002140 in_flight now 0 fair_inc 26685 prop_inc 19066 fast_inc 0 eta_inc 20264 multi_dec -48468 quick_dec -0 nack_dec -136950
Flow Uec_49_177 flowId 172 uecSrc 171 finished at 434.022 total messages 1 total packets 491 RTS 1 total bytes 2002140 in_flight now 0 fair_inc 3433 prop_inc 44867 fast_inc 403564 eta_inc 16092 multi_dec -0 quick_dec -184599 nack_dec -20750
Flow Uec_132_4 flowId 43 uecSrc 42 finished at 435.889 total messages 1 total packets 490 RTS 0 total bytes 2002140 in_flight now 0 fair_inc 5628 prop_inc 60144 fast_inc 121226 eta_inc 17880 multi_dec -194265 quick_dec -0 nack_dec -20750
Flow Uec_127_255 flowId 28 uecSrc 27 finished at 441.318 total messages 1 total packets 490 RTS 0 total bytes 2002140 in_flight now 0 fair_inc 9224 prop_inc 29721 fast_inc 0 eta_inc 20860 multi_dec -53737 quick_dec -0 nack_dec -107900
Flow Uec_19_147 flowId 78 uecSrc 77 finished at 447.269 total messages 1 total packets 496 RTS 6 total bytes 2002140 in_flight now -128 fair_inc 32556 prop_inc 87033 fast_inc 0 eta_inc 19668 multi_dec -150440 quick_dec -0 nack_dec -16600
Flow Uec_30_158 flowId 131 uecSrc 130 finished at 448.599 total messages 1 total packets 492 RTS 2 total bytes 2002140 in_flight now 0 fair_inc 29644 prop_inc 60201 fast_inc 0 eta_inc 16688 multi_dec -144391 quick_dec -0 nack_dec -45650
Flow Uec_9_137 flowId 215 uecSrc 214 finished at 453.551 total messages 1 total packets 497 RTS 7 total bytes 2002140 in_flight now 0 fair_inc 3392 prop_inc 76655 fast_inc 0 eta_inc 15496 multi_dec -0 quick_dec -144301 nack_dec -16600
Flow Uec_254_126 flowId 107 uecSrc 106 finished at 456.924 total messages 1 total packets 490 RTS 0 total bytes 2002140 in_flight now 0 fair_inc 19329 prop_inc 24255 fast_inc 0 eta_inc 21456 multi_dec -29596 quick_dec -0 nack_dec -141100
Flow Uec_35_163 flowId 138 uecSrc 137 finished at 460.372 total messages 1 total packets 502 RTS 12 total bytes 2002140 in_flight now -64 fair_inc 9464 prop_inc 67534 fast_inc 0 eta_inc 21456 multi_dec -34719 quick_dec -0 nack_dec -16600
Flow Uec_135_7 flowId 12 uecSrc 11 finished at 460.579 total messages 1 total packets 490 RTS 0 total bytes 2002140 in_flight now 0 fair_inc 10608 prop_inc 19362 fast_inc 0 eta_inc 21456 multi_dec -10932 quick_dec -0 nack_dec -141100
Flow Uec_107_235 flowId 61 uecSrc 60 finished at 464.471 total messages 1 total packets 490 RTS 0 total bytes 2002140 in_flight now 0 fair_inc 17421 prop_inc 15182 fast_inc 0 eta_inc 21456 multi_dec -78371 quick_dec -0 nack_dec -95450
470.306 flowid 119 Spurious 459
Flow Uec_32_160 flowId 119 uecSrc 118 finished at 470.337 total messages 1 total packets 495 RTS 5 total bytes 2002140 in_flight now 0 fair_inc 35263 prop_inc 18529 fast_inc 0 eta_inc 19072 multi_dec -129454 quick_dec -74304 nack_dec -37350
Flow Uec_143_15 flowId 146 uecSrc 145 finished at 471.098 total messages 1 total packets 490 RTS 0 total bytes 2002140 in_flight now 0 fair_inc 45587 prop_inc 16485 fast_inc 0 eta_inc 22052 multi_dec -162194 quick_dec -0 nack_dec -62250
471.644 flowid 119 Spurious 461
Flow Uec_150_22 flowId 118 uecSrc 117 finished at 473.335 total messages 1 total packets 492 RTS 2 total bytes 2002140 in_flight now 0 fair_inc 34165 prop_inc 58235 fast_inc 0 eta_inc 21456 multi_dec -88203 quick_dec -0 nack_dec -83000
Flow Uec_229_101 flowId 183 uecSrc 182 finished at 477.726 total messages 1 total packets 490 RTS 0 total bytes 2002140 in_flight now 0 fair_inc 5792 prop_inc 20589 fast_inc 0 eta_inc 22648 multi_dec -42916 quick_dec -0 nack_dec -132800
Flow Uec_147_19 flowId 115 uecSrc 114 finished at 478.352 total messages 1 total packets 491 RTS 1 total bytes 2002140 in_flight now 0 fair_inc 48549 prop_inc 12885 fast_inc 0 eta_inc 21456 multi_dec -132443 quick_dec -0 nack_dec -74700
Flow Uec_131_3 flowId 112 uecSrc 111 finished at 482.659 total messages 1 total packets 491 RTS 1 total bytes 2002140 in_flight now 0 fair_inc 9391 prop_inc 17148 fast_inc 0 eta_inc 22052 multi_dec -79575 quick_dec -0 nack_dec -99600
Flow Uec_117_245 flowId 41 uecSrc 40 finished at 484.663 total messages 1 total packets 490 RTS 0 total bytes 2002140 in_flight now 0 fair_inc 18849 prop_inc 13094 fast_inc 0 eta_inc 22648 multi_dec -79073 quick_dec -0 nack_dec -116200
Flow Uec_78_206 flowId 87 uecSrc 86 finished at 485.262 total messages 1 total packets 490 RTS 0 total bytes 2002140 in_flight now 0 fair_inc 18841 prop_inc 44405 fast_inc 0 eta_inc 22052 multi_dec -109097 quick_dec -0 nack_dec -83000
Flow Uec_33_161 flowId 207 uecSrc 206 finished at 487.265 total messages 1 total packets 499 RTS 9 total bytes 2002140 in_flight now 0 fair_inc 38770 prop_inc 27534 fast_inc 0 eta_inc 21456 multi_dec -100675 quick_dec -0 nack_dec -16600
Flow Uec_102_230 flowId 4 uecSrc 3 finished at 492.177 total messages 1 total packets 490 RTS 0 total bytes 2002140 in_flight now 0 fair_inc 6772 prop_inc 28461 fast_inc 0 eta_inc 23244 multi_dec -62068 quick_dec -0 nack_dec -112050
Flow Uec_166_38 flowId 106 uecSrc 105 finished at 493.971 total messages 1 total packets 491 RTS 1 total bytes 2002140 in_flight now 0 fair_inc 34761 prop_inc 16190 fast_inc 0 eta_inc 22052 multi_dec -92988 quick_dec -0 nack_dec -91300
495.042 flowid 150 Spurious 329
Flow Uec_197_69 flowId 38 uecSrc 37 finished at 500.047 total messages 1 total packets 490 RTS 0 total bytes 2002140 in_flight now 0 fair_inc 18362 prop_inc 15712 fast_inc 0 eta_inc 23840 multi_dec -60627 quick_dec -0 nack_dec -112050
Flow Uec_130_2 flowId 206 uecSrc 205 finished at 500.682 total messages 1 total packets 490 RTS 0 total bytes 2002140 in_flight now 0 fair_inc 7713 prop_inc 34428 fast_inc 0 eta_inc 23244 multi_dec -107397 quick_dec -0 nack_dec -87150
Flow Uec_60_188 flowId 58 uecSrc 57 finished at 501.355 total messages 1 total packets 490 RTS 0 total bytes 2002140 in_flight now 0 fair_inc 23754 prop_inc 18971 fast_inc 0 eta_inc 23244 multi_dec -148849 quick_dec -0 nack_dec -58100
Flow Uec_239_111 flowId 97 uecSrc 96 finished at 501.687 total messages 1 total packets 490 RTS 0 total bytes 2002140 in_flight now 0 fair_inc 70414 prop_inc 20848 fast_inc 0 eta_inc 23840 multi_dec -125795 quick_dec -0 nack_dec -103750
Flow Uec_205_77 flowId 7 uecSrc 6 finished at 502.127 total messages 1 total packets 490 RTS 0 total bytes 2002140 in_flight now 0 fair_inc 37325 prop_inc 14637 fast_inc 0 eta_inc 23840 multi_dec -88751 quick_dec -0 nack_dec -107900
Flow Uec_31_159 flowId 10 uecSrc 9 finished at 506.649 total messages 1 total packets 499 RTS 9 total bytes 2002140 in_flight now 0 fair_inc 52628 prop_inc 19142 fast_inc 0 eta_inc 20860 multi_dec -95223 quick_dec -80994 nack_dec -16600
Flow Uec_213_85 flowId 203 uecSrc 202 finished at 506.902 total messages 1 total packets 490 RTS 0 total bytes 2002140 in_flight now 0 fair_inc 36286 prop_inc 16274 fast_inc 0 eta_inc 22648 multi_dec -122499 quick_dec -0 nack_dec -99600
Flow Uec_58_186 flowId 27 uecSrc 26 finished at 508.433 total messages 1 total packets 490 RTS 0 total bytes 2002140 in_flight now 0 fair_inc 47866 prop_inc 18220 fast_inc 0 eta_inc 23840 multi_dec -95384 quick_dec -0 nack_dec -124500
Flow Uec_129_1 flowId 74 uecSrc 73 finished at 511.022 total messages 1 total packets 491 RTS 1 total bytes 2002140 in_flight now 0 fair_inc 7731 prop_inc 26987 fast_inc 0 eta_inc 23244 multi_dec -66705 quick_dec -0 nack_dec -103750
Flow Uec_56_184 flowId 60 uecSrc 59 finished at 511.491 total messages 1 total packets 490 RTS 0 total bytes 2002140 in_flight now 0 fair_inc 30481 prop_inc 22437 fast_inc 0 eta_inc 24436 multi_dec -79888 quick_dec -0 nack_dec -116200
Flow Uec_240_112 flowId 56 uecSrc 55 finished at 512.72 total messages 1 total packets 490 RTS 0 total bytes 2002140 in_flight now 0 fair_inc 74028 prop_inc 21615 fast_inc 0 eta_inc 23840 multi_dec -127096 quick_dec -0 nack_dec -95450
Flow Uec_116_244 flowId 135 uecSrc 134 finished at 512.903 total messages 1 total packets 490 RTS 0 total bytes 2002140 in_flight now 0 fair_inc 20453 prop_inc 36120 fast_inc 9579 eta_inc 23840 multi_dec -94285 quick_dec -0 nack_dec -95450
Flow Uec_171_43 flowId 201 uecSrc 200 finished at 512.981 total messages 1 total packets 492 RTS 2 total bytes 2002140 in_flight now 0 fair_inc 13346 prop_inc 35263 fast_inc 0 eta_inc 23244 multi_dec -53775 quick_dec -0 nack_dec -99600
Flow Uec_28_156 flowId 202 uecSrc 201 finished at 517.407 total messages 1 total packets 491 RTS 1 total bytes 2002140 in_flight now 0 fair_inc 21522 prop_inc 96481 fast_inc 0 eta_inc 19072 multi_dec -167259 quick_dec -0 nack_dec -45650
Flow Uec_77_205 flowId 84 uecSrc 83 finished at 518.32 total messages 1 total packets 490 RTS 0 total bytes 2002140 in_flight now 0 fair_inc 8142 prop_inc 63070 fast_inc 21704 eta_inc 23244 multi_dec -113762 quick_dec -0 nack_dec -87150
Flow Uec_100_228 flowId 86 uecSrc 85 finished at 518.912 total messages 1 total packets 490 RTS 0 total bytes 2002140 in_flight now 0 fair_inc 51292 prop_inc 9088 fast_inc 0 eta_inc 23244 multi_dec -39960 quick_dec -0 nack_dec -161850
Flow Uec_176_48 flowId 161 uecSrc 160 finished at 524.516 total messages 1 total packets 492 RTS 2 total bytes 2002140 in_flight now 0 fair_inc 11955 prop_inc 13007 fast_inc 0 eta_inc 23840 multi_dec -396 quick_dec -0 nack_dec -124500
Flow Uec_199_71 flowId 14 uecSrc 13 finished at 526.915 total messages 1 total packets 490 RTS 0 total bytes 2002140 in_flight now 0 fair_inc 33256 prop_inc 16615 fast_inc 0 eta_inc 24436 multi_dec -60798 quick_dec -0 nack_dec -153550
Flow Uec_238_110 flowId 11 uecSrc 10 finished at 527.555 total messages 1 total packets 490 RTS 0 total bytes 2002140 in_flight now 0 fair_inc 70285 prop_inc 32324 fast_inc 0 eta_inc 24436 multi_dec -109548 quick_dec -0 nack_dec -112050
Flow Uec_152_24 flowId 99 uecSrc 98 finished at 529.63 total messages 1 total packets 491 RTS 1 total bytes 2002140 in_flight now 0 fair_inc 44109 prop_inc 6837 fast_inc 0 eta_inc 23840 multi_dec -44783 quick_dec -0 nack_dec -145250
Flow Uec_21_149 flowId 65 uecSrc 64 finished at 532.314 total messages 1 total packets 495 RTS 5 total bytes 2002140 in_flight now 0 fair_inc 26196 prop_inc 46702 fast_inc 0 eta_inc 23244 multi_dec -184156 quick_dec -0 nack_dec -8300
Flow Uec_141_13 flowId 170 uecSrc 169 finished at 538.821 total messages 1 total packets 490 RTS 0 total bytes 2002140 in_flight now 0 fair_inc 11692 prop_inc 63324 fast_inc 0 eta_inc 24436 multi_dec -99786 quick_dec -0 nack_dec -87150
Flow Uec_149_21 flowId 190 uecSrc 189 finished at 539.383 total messages 1 total packets 490 RTS 0 total bytes 2002140 in_flight now 0 fair_inc 41669 prop_inc 93372 fast_inc 0 eta_inc 23840 multi_dec -174632 quick_dec -0 nack_dec -70550
Flow Uec_22_150 flowId 150 uecSrc 149 finished at 540.825 total messages 1 total packets 498 RTS 8 total bytes 2002140 in_flight now 0 fair_inc 33719 prop_inc 61183 fast_inc 0 eta_inc 25032 multi_dec -144652 quick_dec -0 nack_dec -4150
Flow Uec_27_155 flowId 142 uecSrc 141 finished at 542.015 total messages 1 total packets 498 RTS 8 total bytes 2002140 in_flight now -64 fair_inc 10027 prop_inc 113917 fast_inc 27275 eta_inc 22052 multi_dec -83307 quick_dec -15133 nack_dec -45650
Flow Uec_249_121 flowId 72 uecSrc 71 finished at 548.131 total messages 1 total packets 490 RTS 0 total bytes 2002140 in_flight now 0 fair_inc 33794 prop_inc 54158 fast_inc 0 eta_inc 24436 multi_dec -118757 quick_dec -0 nack_dec -99600
Flow Uec_251_123 flowId 50 uecSrc 49 finished at 548.81 total messages 1 total packets 490 RTS 0 total bytes 2002140 in_flight now 0 fair_inc 34601 prop_inc 54717 fast_inc 0 eta_inc 24436 multi_dec -127956 quick_dec -0 nack_dec -91300
Flow Uec_118_246 flowId 25 uecSrc 24 finished at 549.717 total messages 1 total packets 490 RTS 0 total bytes 2002140 in_flight now 0 fair_inc 32959 prop_inc 86579 fast_inc 0 eta_inc 20264 multi_dec -129991 quick_dec -0 nack_dec -95450
Flow Uec_167_39 flowId 59 uecSrc 58 finished at 550.556 total messages 1 total packets 492 RTS 2 total bytes 2002140 in_flight now 0 fair_inc 55195 prop_inc 15440 fast_inc 0 eta_inc 23244 multi_dec -101709 quick_dec -0 nack_dec -124500
Flow Uec_89_217 flowId 132 uecSrc 131 finished at 558.318 total messages 1 total packets 490 RTS 0 total bytes 2002140 in_flight now 0 fair_inc 29625 prop_inc 10971 fast_inc 0 eta_inc 26224 multi_dec -71400 quick_dec -0 nack_dec -132800
Flow Uec_123_251 flowId 73 uecSrc 72 finished at 561.295 total messages 1 total packets 490 RTS 0 total bytes 2002140 in_flight now 0 fair_inc 31738 prop_inc 33303 fast_inc 0 eta_inc 26224 multi_dec -48265 quick_dec -0 nack_dec -149400
Flow Uec_50_178 flowId 108 uecSrc 107 finished at 577.695 total messages 1 total packets 491 RTS 1 total bytes 2002140 in_flight now 0 fair_inc 11188 prop_inc 149784 fast_inc 0 eta_inc 18476 multi_dec -0 quick_dec -162915 nack_dec -41500
Flow Uec_109_237 flowId 18 uecSrc 17 finished at 579.469 total messages 1 total packets 490 RTS 0 total bytes 2002140 in_flight now 0 fair_inc 31053 prop_inc 7733 fast_inc 0 eta_inc 25628 multi_dec -82007 quick_dec -0 nack_dec -132800
Flow Uec_68_196 flowId 57 uecSrc 56 finished at 588.001 total messages 1 total packets 490 RTS 0 total bytes 2002140 in_flight now 0 fair_inc 54123 prop_inc 132851 fast_inc 0 eta_inc 23840 multi_dec -169340 quick_dec -10936 nack_dec -99600
Flow Uec_174_46 flowId 75 uecSrc 74 finished at 594.006 total messages 1 total packets 491 RTS 1 total bytes 2002140 in_flight now 0 fair_inc 17674 prop_inc 6917 fast_inc 0 eta_inc 26224 multi_dec -86521 quick_dec -0 nack_dec -103750
Flow Uec_221_93 flowId 54 uecSrc 53 finished at 597.165 total messages 1 total packets 490 RTS 0 total bytes 2002140 in_flight now 0 fair_inc 32543 prop_inc 9921 fast_inc 0 eta_inc 28012 multi_dec -70631 quick_dec -0 nack_dec -145250
Flow Uec_220_92 flowId 136 uecSrc 135 finished at 606.52 total messages 1 total packets 490 RTS 0 total bytes 2002140 in_flight now 0 fair_inc 44809 prop_inc 34220 fast_inc 0 eta_inc 26820 multi_dec -90834 quick_dec -0 nack_dec -136950
609.606 flowid 46 Spurious 26
Flow Uec_200_72 flowId 122 uecSrc 121 finished at 609.623 total messages 1 total packets 490 RTS 0 total bytes 2002140 in_flight now 0 fair_inc 56053 prop_inc 10649 fast_inc 0 eta_inc 28608 multi_dec -91699 quick_dec -0 nack_dec -136950
Flow Uec_112_240 flowId 148 uecSrc 147 finished at 617.254 total messages 1 total packets 490 RTS 0 total bytes 2002140 in_flight now 0 fair_inc 42064 prop_inc 26084 fast_inc 0 eta_inc 28012 multi_dec -64834 quick_dec -0 nack_dec -153550
Flow Uec_111_239 flowId 8 uecSrc 7 finished at 617.752 total messages 1 total packets 490 RTS 0 total bytes 2002140 in_flight now 0 fair_inc 32495 prop_inc 33628 fast_inc 0 eta_inc 28012 multi_dec -107047 quick_dec -0 nack_dec -116200
Flow Uec_148_20 flowId 143 uecSrc 142 finished at 621.851 total messages 1 total packets 492 RTS 2 total bytes 2002140 in_flight now 0 fair_inc 48478 prop_inc 6751 fast_inc 0 eta_inc 26224 multi_dec -42029 quick_dec -0 nack_dec -153550
Flow Uec_222_94 flowId 15 uecSrc 14 finished at 626.454 total messages 1 total packets 490 RTS 0 total bytes 2002140 in_flight now 0 fair_inc 37903 prop_inc 42180 fast_inc 0 eta_inc 28012 multi_dec -100702 quick_dec -0 nack_dec -120350
Flow Uec_46_174 flowId 139 uecSrc 138 finished at 626.861 total messages 1 total packets 509 RTS 19 total bytes 2002140 in_flight now -64 fair_inc 1250 prop_inc 155186 fast_inc 0 eta_inc 22052 multi_dec -0 quick_dec -99217 nack_dec -4150
Flow Uec_219_91 flowId 123 uecSrc 122 finished at 631.007 total messages 1 total packets 490 RTS 0 total bytes 2002140 in_flight now 0 fair_inc 43361 prop_inc 9580 fast_inc 0 eta_inc 29204 multi_dec -76073 quick_dec -0 nack_dec -153550
Flow Uec_170_42 flowId 158 uecSrc 157 finished at 631.094 total messages 1 total packets 490 RTS 0 total bytes 2002140 in_flight now 0 fair_inc 27507 prop_inc 66003 fast_inc 0 eta_inc 26224 multi_dec -108224 quick_dec -0 nack_dec -99600
Flow Uec_234_106 flowId 103 uecSrc 102 finished at 631.83 total messages 1 total packets 490 RTS 0 total bytes 2002140 in_flight now 0 fair_inc 38124 prop_inc 44023 fast_inc 0 eta_inc 28608 multi_dec -77615 quick_dec -0 nack_dec -136950
632.602 flowid 13 Spurious 476
Flow Uec_122_250 flowId 51 uecSrc 50 finished at 632.635 total messages 1 total packets 490 RTS 0 total bytes 2002140 in_flight now 0 fair_inc 26370 prop_inc 72510 fast_inc 0 eta_inc 22648 multi_dec -64942 quick_dec -0 nack_dec -149400
Flow Uec_153_25 flowId 141 uecSrc 140 finished at 635.044 total messages 1 total packets 492 RTS 2 total bytes 2002140 in_flight now 0 fair_inc 40673 prop_inc 19856 fast_inc 0 eta_inc 28608 multi_dec -44782 quick_dec -0 nack_dec -161850
635.603 flowid 13 Spurious 477
636.599 flowid 13 Spurious 479
Flow Uec_3_131 flowId 13 uecSrc 12 finished at 636.96 total messages 1 total packets 505 RTS 15 total bytes 2002140 in_flight now -64 fair_inc 10065 prop_inc 104673 fast_inc 0 eta_inc 25032 multi_dec -786 quick_dec -101703 nack_dec -20750
639.927 flowid 13 Spurious 484
640.261 flowid 13 Spurious 488
640.593 flowid 13 Spurious 486
645.719 flowid 13 Spurious 492
Flow Uec_154_26 flowId 114 uecSrc 113 finished at 646.58 total messages 1 total packets 490 RTS 0 total bytes 2002140 in_flight now 0 fair_inc 50507 prop_inc 12868 fast_inc 0 eta_inc 22648 multi_dec -154057 quick_dec -0 nack_dec -78850
Flow Uec_54_182 flowId 3 uecSrc 2 finished at 648.694 total messages 1 total packets 490 RTS 0 total bytes 2002140 in_flight now 0 fair_inc 36838 prop_inc 69300 fast_inc 0 eta_inc 25032 multi_dec -66036 quick_dec -122698 nack_dec -70550
Flow Uec_232_104 flowId 80 uecSrc 79 finished at 654.019 total messages 1 total packets 490 RTS 0 total bytes 2002140 in_flight now 0 fair_inc 45858 prop_inc 43997 fast_inc 0 eta_inc 29800 multi_dec -79782 quick_dec -0 nack_dec -141100
Flow Uec_104_232 flowId 93 uecSrc 92 finished at 662.837 total messages 1 total packets 490 RTS 0 total bytes 2002140 in_flight now 0 fair_inc 20164 prop_inc 21332 fast_inc 0 eta_inc 30396 multi_dec -65433 quick_dec -0 nack_dec -161850
Flow Uec_52_180 flowId 17 uecSrc 16 finished at 664.127 total messages 1 total packets 491 RTS 1 total bytes 2002140 in_flight now 0 fair_inc 812 prop_inc 71719 fast_inc 7070 eta_inc 25628 multi_dec -38 quick_dec -163666 nack_dec -37350
Flow Uec_165_37 flowId 47 uecSrc 46 finished at 670.615 total messages 1 total packets 490 RTS 0 total bytes 2002140 in_flight now 0 fair_inc 55201 prop_inc 31603 fast_inc 0 eta_inc 29204 multi_dec -57025 quick_dec -0 nack_dec -182600
Flow Uec_156_28 flowId 194 uecSrc 193 finished at 675.993 total messages 1 total packets 492 RTS 2 total bytes 2002140 in_flight now 0 fair_inc 63739 prop_inc 31232 fast_inc 0 eta_inc 29800 multi_dec -199647 quick_dec -0 nack_dec -62250
Flow Uec_4_132 flowId 66 uecSrc 65 finished at 683.557 total messages 1 total packets 508 RTS 18 total bytes 2002140 in_flight now -128 fair_inc 13702 prop_inc 107617 fast_inc 0 eta_inc 26224 multi_dec -80816 quick_dec -0 nack_dec -16600
Flow Uec_121_249 flowId 210 uecSrc 209 finished at 684.69 total messages 1 total packets 490 RTS 0 total bytes 2002140 in_flight now 0 fair_inc 24623 prop_inc 71754 fast_inc 97469 eta_inc 25628 multi_dec -126143 quick_dec -0 nack_dec -112050
Flow Uec_75_203 flowId 31 uecSrc 30 finished at 697.376 total messages 1 total packets 490 RTS 0 total bytes 2002140 in_flight now 0 fair_inc 50378 prop_inc 19151 fast_inc 0 eta_inc 30992 multi_dec -72250 quick_dec -0 nack_dec -157700
Flow Uec_88_216 flowId 109 uecSrc 108 finished at 701.028 total messages 1 total packets 490 RTS 0 total bytes 2002140 in_flight now 0 fair_inc 51011 prop_inc 1915 fast_inc 0 eta_inc 28608 multi_dec -108338 quick_dec -0 nack_dec -149400
Flow Uec_114_242 flowId 198 uecSrc 197 finished at 703.844 total messages 1 total packets 490 RTS 0 total bytes 2002140 in_flight now 0 fair_inc 48494 prop_inc 33077 fast_inc 0 eta_inc 23244 multi_dec -19909 quick_dec -15200 nack_dec -174300
Flow Uec_55_183 flowId 105 uecSrc 104 finished at 704.674 total messages 1 total packets 491 RTS 1 total bytes 2002140 in_flight now 0 fair_inc 16518 prop_inc 69618 fast_inc 52003 eta_inc 26224 multi_dec -3147 quick_dec -24643 nack_dec -41500
Flow Uec_217_89 flowId 125 uecSrc 124 finished at 705.348 total messages 1 total packets 490 RTS 0 total bytes 2002140 in_flight now 0 fair_inc 40279 prop_inc 99411 fast_inc 0 eta_inc 30396 multi_dec -130037 quick_dec -0 nack_dec -128650
Flow Uec_6_134 flowId 212 uecSrc 211 finished at 710.589 total messages 1 total packets 514 RTS 24 total bytes 2002140 in_flight now -192 fair_inc 12721 prop_inc 92365 fast_inc 0 eta_inc 26820 multi_dec -0 quick_dec -46183 nack_dec -37350
Flow Uec_72_200 flowId 30 uecSrc 29 finished at 711.06 total messages 1 total packets 490 RTS 0 total bytes 2002140 in_flight now 0 fair_inc 46471 prop_inc 24607 fast_inc 0 eta_inc 29204 multi_dec -94343 quick_dec -0 nack_dec -132800
Flow Uec_187_59 flowId 92 uecSrc 91 finished at 711.486 total messages 1 total packets 490 RTS 0 total bytes 2002140 in_flight now 0 fair_inc 43648 prop_inc 6910 fast_inc 0 eta_inc 31588 multi_dec -103389 quick_dec -0 nack_dec -153550
Flow Uec_105_233 flowId 111 uecSrc 110 finished at 716.358 total messages 1 total packets 490 RTS 0 total bytes 2002140 in_flight now 0 fair_inc 28953 prop_inc 93162 fast_inc 0 eta_inc 28608 multi_dec -135436 quick_dec -8194 nack_dec -99600
Flow Uec_79_207 flowId 151 uecSrc 150 finished at 725.05 total messages 1 total packets 490 RTS 0 total bytes 2002140 in_flight now 0 fair_inc 49704 prop_inc 1846 fast_inc 0 eta_inc 29204 multi_dec -87664 quick_dec -0 nack_dec -161850
Flow Uec_172_44 flowId 147 uecSrc 146 finished at 728.537 total messages 1 total packets 491 RTS 1 total bytes 2002140 in_flight now 0 fair_inc 10867 prop_inc 124203 fast_inc 0 eta_inc 27416 multi_dec -117672 quick_dec -8044 nack_dec -103750
Flow Uec_192_64 flowId 211 uecSrc 210 finished at 731.235 total messages 1 total packets 490 RTS 0 total bytes 2002140 in_flight now 0 fair_inc 28334 prop_inc 7253 fast_inc 0 eta_inc 32184 multi_dec -81297 quick_dec -0 nack_dec -141100
Flow Uec_194_66 flowId 184 uecSrc 183 finished at 735.048 total messages 1 total packets 490 RTS 0 total bytes 2002140 in_flight now 0 fair_inc 41429 prop_inc 6611 fast_inc 0 eta_inc 32780 multi_dec -103674 quick_dec -0 nack_dec -124500
Flow Uec_11_139 flowId 128 uecSrc 127 finished at 735.724 total messages 1 total packets 493 RTS 3 total bytes 2002140 in_flight now -64 fair_inc 5707 prop_inc 163220 fast_inc 2020 eta_inc 25032 multi_dec -0 quick_dec -173888 nack_dec -20750
Flow Uec_210_82 flowId 127 uecSrc 126 finished at 747.776 total messages 1 total packets 490 RTS 0 total bytes 2002140 in_flight now 0 fair_inc 49599 prop_inc 46971 fast_inc 0 eta_inc 26224 multi_dec -80531 quick_dec -0 nack_dec -149400
Flow Uec_71_199 flowId 188 uecSrc 187 finished at 748.972 total messages 1 total packets 490 RTS 0 total bytes 2002140 in_flight now 0 fair_inc 31863 prop_inc 11184 fast_inc 0 eta_inc 33376 multi_dec -39883 quick_dec -0 nack_dec -182600
Flow Uec_73_201 flowId 79 uecSrc 78 finished at 752.436 total messages 1 total packets 490 RTS 0 total bytes 2002140 in_flight now 0 fair_inc 57203 prop_inc 401 fast_inc 0 eta_inc 25032 multi_dec -107789 quick_dec -0 nack_dec -145250
Flow Uec_169_41 flowId 9 uecSrc 8 finished at 773.317 total messages 1 total packets 490 RTS 0 total bytes 2002140 in_flight now 0 fair_inc 52310 prop_inc 34604 fast_inc 0 eta_inc 29204 multi_dec -50688 quick_dec -108969 nack_dec -132800
Flow Uec_70_198 flowId 218 uecSrc 217 finished at 773.919 total messages 1 total packets 490 RTS 0 total bytes 2002140 in_flight now 0 fair_inc 41561 prop_inc 60687 fast_inc 0 eta_inc 27416 multi_dec -21272 quick_dec -32241 nack_dec -166000
Flow Uec_233_105 flowId 20 uecSrc 19 finished at 774.243 total messages 1 total packets 490 RTS 0 total bytes 2002140 in_flight now 0 fair_inc 25821 prop_inc 99020 fast_inc 71206 eta_inc 25628 multi_dec -3555 quick_dec -39584 nack_dec -178450
Flow Uec_215_87 flowId 52 uecSrc 51 finished at 786.007 total messages 1 total packets 490 RTS 0 total bytes 2002140 in_flight now 0 fair_inc 43118 prop_inc 61595 fast_inc 0 eta_inc 27416 multi_dec -37352 quick_dec -12612 nack_dec -174300
Flow Uec_203_75 flowId 134 uecSrc 133 finished at 788.745 total messages 1 total packets 490 RTS 0 total bytes 2002140 in_flight now 0 fair_inc 95919 prop_inc 10543 fast_inc 0 eta_inc 35164 multi_dec -116159 quick_dec -0 nack_dec -161850
Flow Uec_160_32 flowId 116 uecSrc 115 finished at 794.394 total messages 1 total packets 490 RTS 0 total bytes 2002140 in_flight now 0 fair_inc 45662 prop_inc 43508 fast_inc 0 eta_inc 33376 multi_dec -37557 quick_dec -27831 nack_dec -166000
Flow Uec_115_243 flowId 21 uecSrc 20 finished at 819.909 total messages 1 total packets 490 RTS 0 total bytes 2002140 in_flight now 0 fair_inc 44065 prop_inc 65209 fast_inc 0 eta_inc 28608 multi_dec -89266 quick_dec -9743 nack_dec -141100
Flow Uec_206_78 flowId 186 uecSrc 185 finished at 820.538 total messages 1 total packets 490 RTS 0 total bytes 2002140 in_flight now 0 fair_inc 67821 prop_inc 15597 fast_inc 0 eta_inc 33972 multi_dec -103134 quick_dec -0 nack_dec -157700
Flow Uec_208_80 flowId 175 uecSrc 174 finished at 823.023 total messages 1 total packets 490 RTS 0 total bytes 2002140 in_flight now 0 fair_inc 88248 prop_inc 16317 fast_inc 0 eta_inc 35760 multi_dec -136032 quick_dec -0 nack_dec -136950
Flow Uec_179_51 flowId 149 uecSrc 148 finished at 835.147 total messages 1 total packets 491 RTS 1 total bytes 2002140 in_flight now 0 fair_inc 49338 prop_inc 58977 fast_inc 0 eta_inc 27416 multi_dec -31809 quick_dec -96989 nack_dec -99600
Flow Uec_85_213 flowId 129 uecSrc 128 finished at 835.618 total messages 1 total packets 490 RTS 0 total bytes 2002140 in_flight now 0 fair_inc 59469 prop_inc 4311 fast_inc 0 eta_inc 27416 multi_dec -35582 quick_dec -79128 nack_dec -170150
Flow Uec_113_241 flowId 101 uecSrc 100 finished at 839.06 total messages 1 total packets 490 RTS 0 total bytes 2002140 in_flight now 0 fair_inc 26355 prop_inc 78368 fast_inc 14143 eta_inc 30992 multi_dec -110213 quick_dec -39 nack_dec -124500
Flow Uec_86_214 flowId 176 uecSrc 175 finished at 843.129 total messages 1 total packets 490 RTS 0 total bytes 2002140 in_flight now 0 fair_inc 75196 prop_inc 3020 fast_inc 0 eta_inc 24436 multi_dec -49300 quick_dec -76067 nack_dec -145250
Flow Uec_97_225 flowId 6 uecSrc 5 finished at 847.272 total messages 1 total packets 490 RTS 0 total bytes 2002140 in_flight now 0 fair_inc 45174 prop_inc 45009 fast_inc 0 eta_inc 30992 multi_dec -32422 quick_dec -42448 nack_dec -161850
Flow Uec_186_58 flowId 199 uecSrc 198 finished at 849.649 total messages 1 total packets 490 RTS 0 total bytes 2002140 in_flight now 0 fair_inc 39885 prop_inc 59110 fast_inc 17173 eta_inc 30396 multi_dec -116364 quick_dec -0 nack_dec -145250
Flow Uec_216_88 flowId 76 uecSrc 75 finished at 860.894 total messages 1 total packets 490 RTS 0 total bytes 2002140 in_flight now 0 fair_inc 21545 prop_inc 74405 fast_inc 101022 eta_inc 29800 multi_dec -130350 quick_dec -3105 nack_dec -124500
Flow Uec_223_95 flowId 16 uecSrc 15 finished at 863.218 total messages 1 total packets 490 RTS 0 total bytes 2002140 in_flight now 0 fair_inc 51388 prop_inc 2172 fast_inc 0 eta_inc 36356 multi_dec -75140 quick_dec -0 nack_dec -182600
Flow Uec_207_79 flowId 166 uecSrc 165 finished at 863.57 total messages 1 total packets 490 RTS 0 total bytes 2002140 in_flight now 0 fair_inc 69451 prop_inc 41965 fast_inc 0 eta_inc 38144 multi_dec -133298 quick_dec -0 nack_dec -141100
Flow Uec_69_197 flowId 36 uecSrc 35 finished at 868.509 total messages 1 total packets 490 RTS 0 total bytes 2002140 in_flight now 0 fair_inc 36635 prop_inc 61022 fast_inc 201526 eta_inc 31588 multi_dec -157249 quick_dec -2251 nack_dec -116200
Flow Uec_173_45 flowId 42 uecSrc 41 finished at 911.948 total messages 1 total packets 490 RTS 0 total bytes 2002140 in_flight now 0 fair_inc 30113 prop_inc 92649 fast_inc 0 eta_inc 29204 multi_dec -45617 quick_dec -117650 nack_dec -112050
Flow Uec_84_212 flowId 113 uecSrc 112 finished at 925.54 total messages 1 total packets 490 RTS 0 total bytes 2002140 in_flight now 0 fair_inc 59771 prop_inc 34353 fast_inc 0 eta_inc 30992 multi_dec -64341 quick_dec -66494 nack_dec -166000
Flow Uec_161_33 flowId 100 uecSrc 99 finished at 958.554 total messages 1 total packets 491 RTS 1 total bytes 2002140 in_flight now 0 fair_inc 71390 prop_inc 5913 fast_inc 0 eta_inc 40528 multi_dec -101820 quick_dec -0 nack_dec -182600
Flow Uec_91_219 flowId 213 uecSrc 212 finished at 960.562 total messages 1 total packets 490 RTS 0 total bytes 2002140 in_flight now 0 fair_inc 54288 prop_inc 59470 fast_inc 0 eta_inc 35760 multi_dec -123304 quick_dec -1159 nack_dec -141100
Flow Uec_204_76 flowId 196 uecSrc 195 finished at 980.405 total messages 1 total packets 490 RTS 0 total bytes 2002140 in_flight now 0 fair_inc 86806 prop_inc 1074 fast_inc 0 eta_inc 32780 multi_dec -165878 quick_dec -0 nack_dec -132800
Flow Uec_201_73 flowId 200 uecSrc 199 finished at 983.808 total messages 1 total packets 490 RTS 0 total bytes 2002140 in_flight now 0 fair_inc 53892 prop_inc 2504 fast_inc 0 eta_inc 29204 multi_dec -44002 quick_dec -50743 nack_dec -170150
Flow Uec_96_224 flowId 91 uecSrc 90 finished at 1001.42 total messages 1 total packets 490 RTS 0 total bytes 2002140 in_flight now 0 fair_inc 19267 prop_inc 74834 fast_inc 2020 eta_inc 32184 multi_dec -32739 quick_dec -56411 nack_dec -149400
Flow Uec_95_223 flowId 71 uecSrc 70 finished at 1011.39 total messages 1 total packets 490 RTS 0 total bytes 2002140 in_flight now 0 fair_inc 35046 prop_inc 74151 fast_inc 0 eta_inc 32780 multi_dec -57864 quick_dec -100129 nack_dec -136950
Flow Uec_92_220 flowId 144 uecSrc 143 finished at 1021.34 total messages 1 total packets 490 RTS 0 total bytes 2002140 in_flight now 0 fair_inc 41738 prop_inc 58257 fast_inc 116665 eta_inc 38144 multi_dec -109668 quick_dec -314 nack_dec -157700
Flow Uec_209_81 flowId 153 uecSrc 152 finished at 1046.44 total messages 1 total packets 490 RTS 0 total bytes 2002140 in_flight now 0 fair_inc 69380 prop_inc 18735 fast_inc 0 eta_inc 36356 multi_dec -119917 quick_dec -11996 nack_dec -149400
Flow Uec_175_47 flowId 46 uecSrc 45 finished at 1059.75 total messages 1 total packets 490 RTS 0 total bytes 2002140 in_flight now 0 fair_inc 4405 prop_inc 157088 fast_inc 0 eta_inc 19668 multi_dec -0 quick_dec -41847 nack_dec -166000
Flow Uec_158_30 flowId 48 uecSrc 47 finished at 1062.8 total messages 1 total packets 490 RTS 0 total bytes 2002140 in_flight now 0 fair_inc 88321 prop_inc 5217 fast_inc 0 eta_inc 36356 multi_dec -80612 quick_dec -60058 nack_dec -161850
Flow Uec_157_29 flowId 216 uecSrc 215 finished at 1068.28 total messages 1 total packets 490 RTS 0 total bytes 2002140 in_flight now 0 fair_inc 80491 prop_inc 7087 fast_inc 0 eta_inc 38144 multi_dec -85088 quick_dec -91527 nack_dec -153550
Flow Uec_202_74 flowId 39 uecSrc 38 finished at 1074.16 total messages 1 total packets 490 RTS 0 total bytes 2002140 in_flight now 0 fair_inc 47659 prop_inc 25835 fast_inc 0 eta_inc 31588 multi_dec -39000 quick_dec -86053 nack_dec -149400
Flow Uec_212_84 flowId 62 uecSrc 61 finished at 1074.65 total messages 1 total packets 490 RTS 0 total bytes 2002140 in_flight now 0 fair_inc 57366 prop_inc 23643 fast_inc 0 eta_inc 31588 multi_dec -50863 quick_dec -4497 nack_dec -203350
Flow Uec_155_27 flowId 204 uecSrc 203 finished at 1095.63 total messages 1 total packets 490 RTS 0 total bytes 2002140 in_flight now 0 fair_inc 83883 prop_inc 15621 fast_inc 0 eta_inc 33972 multi_dec -98970 quick_dec -87617 nack_dec -157700
Flow Uec_159_31 flowId 145 uecSrc 144 finished at 1102.34 total messages 1 total packets 490 RTS 0 total bytes 2002140 in_flight now 0 fair_inc 77162 prop_inc 23494 fast_inc 0 eta_inc 39336 multi_dec -55692 quick_dec -54297 nack_dec -170150
Flow Uec_196_68 flowId 197 uecSrc 196 finished at 1206.41 total messages 1 total packets 490 RTS 0 total bytes 2002140 in_flight now 0 fair_inc 39767 prop_inc 34601 fast_inc 255070 eta_inc 36356 multi_dec -86968 quick_dec -80370 nack_dec -149400
Flow Uec_168_40 flowId 81 uecSrc 80 finished at 1227.92 total messages 1 total packets 490 RTS 0 total bytes 2002140 in_flight now 0 fair_inc 36492 prop_inc 98773 fast_inc 0 eta_inc 44104 multi_dec -154312 quick_dec --3101 nack_dec -132800
1305.07 flowid 64 Spurious 287
Flow Uec_12_140 flowId 64 uecSrc 63 finished at 3322.87 total messages 1 total packets 534 RTS 44 total bytes 2002140 in_flight now -576 fair_inc 6260 prop_inc 284905 fast_inc 13130 eta_inc 73904 multi_dec -2297 quick_dec -36858 nack_dec -16600
.Done
New: 106820 Rtx: 5645 RTS: 312 Bounced: 0 ACKs: 84251 NACKs: 4345 Pulls: 0 sleek_pkts: 0
