traffic matrix input file: connection_matrices/load_sweep/load0.85_n256_seed1.cm
Load balancing algorithm set to oblivious
no_of_nodes 256
Dragonfly+ strategy: FPAR
Setting queuesize to 50 packets
endtime(us) 100000
random seed 1
Packet size (MTU) is 4150
Parsed args
Logging to reps_dfp_results/reps_final_sweep/load0.85_oblivious_seed1.dat
Loading connection matrix from connection_matrices/load_sweep/load0.85_n256_seed1.cm
Nodes: 256 Connections: 218 Triggers: 0 Failures: 0
Setting ECN low 33200 high 120350
Dragonfly+ with medium topology type
Link latencies: 1 and switch latencies: 0
queue_id 2 ecn_low 33200 ecn_high 120350
DragonFly+ constructor done, 392 nodes created
Note: topology supports 392 hosts; 136 host port(s) will be unused.
network_max_unloaded_rtt 11.6856 us
Setting min RTO to 114.6
Per-hop RTT normalization: ON (strategy fpar)
Initializing static NSCC parameters: _reference_network_linkspeed=100000000000 _reference_network_rtt=12000000 _reference_network_bdp=150000 _target_Qdelay=8764200 _network_linkspeed=100000000000 _network_rtt=11685600 _network_bdp=146070 _qa_gate=2^3 _qa_threshold=3.50568e+07 _scaling_factor_a=0.9738 _scaling_factor_b=0.73035 _alpha=0.00132632 _fi=19894.7 _eta=596.842 _qa_scaling=1 _gamma=0.8 _fi_scale=0.24345 _delay_alpha=0.0125 _adjust_period_threshold=11685600 _adjust_bytes_threshold=33200
Initialize per-instance NSCC parameters: flowid 1 _base_rtt=11685600 _base_bdp=146070 _bdp=146070 _min_cwnd=4150 _maxwnd=219105 _cwnd=219105
Initialize per-instance NSCC parameters: flowid 2 _base_rtt=11685600 _base_bdp=146070 _bdp=146070 _min_cwnd=4150 _maxwnd=219105 _cwnd=219105
Initialize per-instance NSCC parameters: flowid 3 _base_rtt=11685600 _base_bdp=146070 _bdp=146070 _min_cwnd=4150 _maxwnd=219105 _cwnd=219105
Initialize per-instance NSCC parameters: flowid 4 _base_rtt=11685600 _base_bdp=146070 _bdp=146070 _min_cwnd=4150 _maxwnd=219105 _cwnd=219105
Initialize per-instance NSCC parameters: flowid 5 _base_rtt=11685600 _base_bdp=146070 _bdp=146070 _min_cwnd=4150 _maxwnd=219105 _cwnd=219105
Initialize per-instance NSCC parameters: flowid 6 _base_rtt=11685600 _base_bdp=146070 _bdp=146070 _min_cwnd=4150 _maxwnd=219105 _cwnd=219105
Initialize per-instance NSCC parameters: flowid 7 _base_rtt=11685600 _base_bdp=146070 _bdp=146070 _min_cwnd=4150 _maxwnd=219105 _cwnd=219105
Initialize per-instance NSCC parameters: flowid 8 _base_rtt=11685600 _base_bdp=146070 _bdp=146070 _min_cwnd=4150 _maxwnd=219105 _cwnd=219105
Initialize per-instance NSCC parameters: flowid 9 _base_rtt=11685600 _base_bdp=146070 _bdp=146070 _min_cwnd=4150 _maxwnd=219105 _cwnd=219105
Initialize per-instance NSCC parameters: flowid 10 _base_rtt=11685600 _base_bdp=146070 _bdp=146070 _min_cwnd=4150 _maxwnd=219105 _cwnd=219105
Initialize per-instance NSCC parameters: flowid 11 _base_rtt=11685600 _base_bdp=146070 _bdp=146070 _min_cwnd=4150 _maxwnd=219105 _cwnd=219105
Initialize per-instance NSCC parameters: flowid 12 _base_rtt=11685600 _base_bdp=146070 _bdp=146070 _min_cwnd=4150 _maxwnd=219105 _cwnd=219105
Initialize per-instance NSCC parameters: flowid 13 _base_rtt=11685600 _base_bdp=146070 _bdp=146070 _min_cwnd=4150 _maxwnd=219105 _cwnd=219105
Initialize per-instance NSCC parameters: flowid 14 _base_rtt=11685600 _base_bdp=146070 _bdp=146070 _min_cwnd=4150 _maxwnd=219105 _cwnd=219105
Initialize per-instance NSCC parameters: flowid 15 _base_rtt=11685600 _base_bdp=146070 _bdp=146070 _min_cwnd=4150 _maxwnd=219105 _cwnd=219105
Initialize per-instance NSCC parameters: flowid 16 _base_rtt=11685600 _base_bdp=146070 _bdp=146070 _min_cwnd=4150 _maxwnd=219105 _cwnd=219105
Initialize per-instance NSCC parameters: flowid 17 _base_rtt=11685600 _base_bdp=146070 _bdp=146070 _min_cwnd=4150 _maxwnd=219105 _cwnd=219105
Initialize per-instance NSCC parameters: flowid 18 _base_rtt=11685600 _base_bdp=146070 _bdp=146070 _min_cwnd=4150 _maxwnd=219105 _cwnd=219105
Initialize per-instance NSCC parameters: flowid 19 _base_rtt=11685600 _base_bdp=146070 _bdp=146070 _min_cwnd=4150 _maxwnd=219105 _cwnd=219105
Initialize per-instance NSCC parameters: flowid 20 _base_rtt=11685600 _base_bdp=146070 _bdp=146070 _min_cwnd=4150 _maxwnd=219105 _cwnd=219105
Initialize per-instance NSCC parameters: flowid 21 _base_rtt=11685600 _base_bdp=146070 _bdp=146070 _min_cwnd=4150 _maxwnd=219105 _cwnd=219105
Initialize per-instance NSCC parameters: flowid 22 _base_rtt=11685600 _base_bdp=146070 _bdp=146070 _min_cwnd=4150 _maxwnd=219105 _cwnd=219105
Initialize per-instance NSCC parameters: flowid 23 _base_rtt=11685600 _base_bdp=146070 _bdp=146070 _min_cwnd=4150 _maxwnd=219105 _cwnd=219105
Initialize per-instance NSCC parameters: flowid 24 _base_rtt=11685600 _base_bdp=146070 _bdp=146070 _min_cwnd=4150 _maxwnd=219105 _cwnd=219105
Initialize per-instance NSCC parameters: flowid 25 _base_rtt=11685600 _base_bdp=146070 _bdp=146070 _min_cwnd=4150 _maxwnd=219105 _cwnd=219105
Initialize per-instance NSCC parameters: flowid 26 _base_rtt=11685600 _base_bdp=146070 _bdp=146070 _min_cwnd=4150 _maxwnd=219105 _cwnd=219105
Initialize per-instance NSCC parameters: flowid 27 _base_rtt=11685600 _base_bdp=146070 _bdp=146070 _min_cwnd=4150 _maxwnd=219105 _cwnd=219105
Initialize per-instance NSCC parameters: flowid 28 _base_rtt=11685600 _base_bdp=146070 _bdp=146070 _min_cwnd=4150 _maxwnd=219105 _cwnd=219105
Initialize per-instance NSCC parameters: flowid 29 _base_rtt=11685600 _base_bdp=146070 _bdp=146070 _min_cwnd=4150 _maxwnd=219105 _cwnd=219105
Initialize per-instance NSCC parameters: flowid 30 _base_rtt=11685600 _base_bdp=146070 _bdp=146070 _min_cwnd=4150 _maxwnd=219105 _cwnd=219105
Initialize per-instance NSCC parameters: flowid 31 _base_rtt=11685600 _base_bdp=146070 _bdp=146070 _min_cwnd=4150 _maxwnd=219105 _cwnd=219105
Initialize per-instance NSCC parameters: flowid 32 _base_rtt=11685600 _base_bdp=146070 _bdp=146070 _min_cwnd=4150 _maxwnd=219105 _cwnd=219105
Initialize per-instance NSCC parameters: flowid 33 _base_rtt=11685600 _base_bdp=146070 _bdp=146070 _min_cwnd=4150 _maxwnd=219105 _cwnd=219105
Initialize per-instance NSCC parameters: flowid 34 _base_rtt=11685600 _base_bdp=146070 _bdp=146070 _min_cwnd=4150 _maxwnd=219105 _cwnd=219105
Initialize per-instance NSCC parameters: flowid 35 _base_rtt=11685600 _base_bdp=146070 _bdp=146070 _min_cwnd=4150 _maxwnd=219105 _cwnd=219105
Initialize per-instance NSCC parameters: flowid 36 _base_rtt=11685600 _base_bdp=146070 _bdp=146070 _min_cwnd=4150 _maxwnd=219105 _cwnd=219105
Initialize per-instance NSCC parameters: flowid 37 _base_rtt=11685600 _base_bdp=146070 _bdp=146070 _min_cwnd=4150 _maxwnd=219105 _cwnd=219105
Initialize per-instance NSCC parameters: flowid 38 _base_rtt=11685600 _base_bdp=146070 _bdp=146070 _min_cwnd=4150 _maxwnd=219105 _cwnd=219105
Initialize per-instance NSCC parameters: flowid 39 _base_rtt=11685600 _base_bdp=146070 _bdp=146070 _min_cwnd=4150 _maxwnd=219105 _cwnd=219105
Initialize per-instance NSCC parameters: flowid 40 _base_rtt=11685600 _base_bdp=146070 _bdp=146070 _min_cwnd=4150 _maxwnd=219105 _cwnd=219105
Initialize per-instance NSCC parameters: flowid 41 _base_rtt=11685600 _base_bdp=146070 _bdp=146070 _min_cwnd=4150 _maxwnd=219105 _cwnd=219105
Initialize per-instance NSCC parameters: flowid 42 _base_rtt=11685600 _base_bdp=146070 _bdp=146070 _min_cwnd=4150 _maxwnd=219105 _cwnd=219105
Initialize per-instance NSCC parameters: flowid 43 _base_rtt=11685600 _base_bdp=146070 _bdp=146070 _min_cwnd=4150 _maxwnd=219105 _cwnd=219105
Initialize per-instance NSCC parameters: flowid 44 _base_rtt=11685600 _base_bdp=146070 _bdp=146070 _min_cwnd=4150 _maxwnd=219105 _cwnd=219105
Initialize per-instance NSCC parameters: flowid 45 _base_rtt=11685600 _base_bdp=146070 _bdp=146070 _min_cwnd=4150 _maxwnd=219105 _cwnd=219105
Initialize per-instance NSCC parameters: flowid 46 _base_rtt=11685600 _base_bdp=146070 _bdp=146070 _min_cwnd=4150 _maxwnd=219105 _cwnd=219105
Initialize per-instance NSCC parameters: flowid 47 _base_rtt=11685600 _base_bdp=146070 _bdp=146070 _min_cwnd=4150 _maxwnd=219105 _cwnd=219105
Initialize per-instance NSCC parameters: flowid 48 _base_rtt=11685600 _base_bdp=146070 _bdp=146070 _min_cwnd=4150 _maxwnd=219105 _cwnd=219105
Initialize per-instance NSCC parameters: flowid 49 _base_rtt=11685600 _base_bdp=146070 _bdp=146070 _min_cwnd=4150 _maxwnd=219105 _cwnd=219105
Initialize per-instance NSCC parameters: flowid 50 _base_rtt=11685600 _base_bdp=146070 _bdp=146070 _min_cwnd=4150 _maxwnd=219105 _cwnd=219105
Initialize per-instance NSCC parameters: flowid 51 _base_rtt=11685600 _base_bdp=146070 _bdp=146070 _min_cwnd=4150 _maxwnd=219105 _cwnd=219105
Initialize per-instance NSCC parameters: flowid 52 _base_rtt=11685600 _base_bdp=146070 _bdp=146070 _min_cwnd=4150 _maxwnd=219105 _cwnd=219105
Initialize per-instance NSCC parameters: flowid 53 _base_rtt=11685600 _base_bdp=146070 _bdp=146070 _min_cwnd=4150 _maxwnd=219105 _cwnd=219105
Initialize per-instance NSCC parameters: flowid 54 _base_rtt=11685600 _base_bdp=146070 _bdp=146070 _min_cwnd=4150 _maxwnd=219105 _cwnd=219105
Initialize per-instance NSCC parameters: flowid 55 _base_rtt=11685600 _base_bdp=146070 _bdp=146070 _min_cwnd=4150 _maxwnd=219105 _cwnd=219105
Initialize per-instance NSCC parameters: flowid 56 _base_rtt=11685600 _base_bdp=146070 _bdp=146070 _min_cwnd=4150 _maxwnd=219105 _cwnd=219105
Initialize per-instance NSCC parameters: flowid 57 _base_rtt=11685600 _base_bdp=146070 _bdp=146070 _min_cwnd=4150 _maxwnd=219105 _cwnd=219105
Initialize per-instance NSCC parameters: flowid 58 _base_rtt=11685600 _base_bdp=146070 _bdp=146070 _min_cwnd=4150 _maxwnd=219105 _cwnd=219105
Initialize per-instance NSCC parameters: flowid 59 _base_rtt=11685600 _base_bdp=146070 _bdp=146070 _min_cwnd=4150 _maxwnd=219105 _cwnd=219105
Initialize per-instance NSCC parameters: flowid 60 _base_rtt=11685600 _base_bdp=146070 _bdp=146070 _min_cwnd=4150 _maxwnd=219105 _cwnd=219105
Initialize per-instance NSCC parameters: flowid 61 _base_rtt=11685600 _base_bdp=146070 _bdp=146070 _min_cwnd=4150 _maxwnd=219105 _cwnd=219105
Initialize per-instance NSCC parameters: flowid 62 _base_rtt=11685600 _base_bdp=146070 _bdp=146070 _min_cwnd=4150 _maxwnd=219105 _cwnd=219105
Initialize per-instance NSCC parameters: flowid 63 _base_rtt=11685600 _base_bdp=146070 _bdp=146070 _min_cwnd=4150 _maxwnd=219105 _cwnd=219105
Initialize per-instance NSCC parameters: flowid 64 _base_rtt=11685600 _base_bdp=146070 _bdp=146070 _min_cwnd=4150 _maxwnd=219105 _cwnd=219105
Initialize per-instance NSCC parameters: flowid 65 _base_rtt=11685600 _base_bdp=146070 _bdp=146070 _min_cwnd=4150 _maxwnd=219105 _cwnd=219105
Initialize per-instance NSCC parameters: flowid 66 _base_rtt=11685600 _base_bdp=146070 _bdp=146070 _min_cwnd=4150 _maxwnd=219105 _cwnd=219105
Initialize per-instance NSCC parameters: flowid 67 _base_rtt=11685600 _base_bdp=146070 _bdp=146070 _min_cwnd=4150 _maxwnd=219105 _cwnd=219105
Initialize per-instance NSCC parameters: flowid 68 _base_rtt=11685600 _base_bdp=146070 _bdp=146070 _min_cwnd=4150 _maxwnd=219105 _cwnd=219105
Initialize per-instance NSCC parameters: flowid 69 _base_rtt=11685600 _base_bdp=146070 _bdp=146070 _min_cwnd=4150 _maxwnd=219105 _cwnd=219105
Initialize per-instance NSCC parameters: flowid 70 _base_rtt=11685600 _base_bdp=146070 _bdp=146070 _min_cwnd=4150 _maxwnd=219105 _cwnd=219105
Initialize per-instance NSCC parameters: flowid 71 _base_rtt=11685600 _base_bdp=146070 _bdp=146070 _min_cwnd=4150 _maxwnd=219105 _cwnd=219105
Initialize per-instance NSCC parameters: flowid 72 _base_rtt=11685600 _base_bdp=146070 _bdp=146070 _min_cwnd=4150 _maxwnd=219105 _cwnd=219105
Initialize per-instance NSCC parameters: flowid 73 _base_rtt=11685600 _base_bdp=146070 _bdp=146070 _min_cwnd=4150 _maxwnd=219105 _cwnd=219105
Initialize per-instance NSCC parameters: flowid 74 _base_rtt=11685600 _base_bdp=146070 _bdp=146070 _min_cwnd=4150 _maxwnd=219105 _cwnd=219105
Initialize per-instance NSCC parameters: flowid 75 _base_rtt=11685600 _base_bdp=146070 _bdp=146070 _min_cwnd=4150 _maxwnd=219105 _cwnd=219105
Initialize per-instance NSCC parameters: flowid 76 _base_rtt=11685600 _base_bdp=146070 _bdp=146070 _min_cwnd=4150 _maxwnd=219105 _cwnd=219105
Initialize per-instance NSCC parameters: flowid 77 _base_rtt=11685600 _base_bdp=146070 _bdp=146070 _min_cwnd=4150 _maxwnd=219105 _cwnd=219105
Initialize per-instance NSCC parameters: flowid 78 _base_rtt=11685600 _base_bdp=146070 _bdp=146070 _min_cwnd=4150 _maxwnd=219105 _cwnd=219105
Initialize per-instance NSCC parameters: flowid 79 _base_rtt=11685600 _base_bdp=146070 _bdp=146070 _min_cwnd=4150 _maxwnd=219105 _cwnd=219105
Initialize per-instance NSCC parameters: flowid 80 _base_rtt=11685600 _base_bdp=146070 _bdp=146070 _min_cwnd=4150 _maxwnd=219105 _cwnd=219105
Initialize per-instance NSCC parameters: flowid 81 _base_rtt=11685600 _base_bdp=146070 _bdp=146070 _min_cwnd=4150 _maxwnd=219105 _cwnd=219105
Initialize per-instance NSCC parameters: flowid 82 _base_rtt=11685600 _base_bdp=146070 _bdp=146070 _min_cwnd=4150 _maxwnd=219105 _cwnd=219105
Initialize per-instance NSCC parameters: flowid 83 _base_rtt=11685600 _base_bdp=146070 _bdp=146070 _min_cwnd=4150 _maxwnd=219105 _cwnd=219105
Initialize per-instance NSCC parameters: flowid 84 _base_rtt=11685600 _base_bdp=146070 _bdp=146070 _min_cwnd=4150 _maxwnd=219105 _cwnd=219105
Initialize per-instance NSCC parameters: flowid 85 _base_rtt=11685600 _base_bdp=146070 _bdp=146070 _min_cwnd=4150 _maxwnd=219105 _cwnd=219105
Initialize per-instance NSCC parameters: flowid 86 _base_rtt=11685600 _base_bdp=146070 _bdp=146070 _min_cwnd=4150 _maxwnd=219105 _cwnd=219105
Initialize per-instance NSCC parameters: flowid 87 _base_rtt=11685600 _base_bdp=146070 _bdp=146070 _min_cwnd=4150 _maxwnd=219105 _cwnd=219105
Initialize per-instance NSCC parameters: flowid 88 _base_rtt=11685600 _base_bdp=146070 _bdp=146070 _min_cwnd=4150 _maxwnd=219105 _cwnd=219105
Initialize per-instance NSCC parameters: flowid 89 _base_rtt=11685600 _base_bdp=146070 _bdp=146070 _min_cwnd=4150 _maxwnd=219105 _cwnd=219105
Initialize per-instance NSCC parameters: flowid 90 _base_rtt=11685600 _base_bdp=146070 _bdp=146070 _min_cwnd=4150 _maxwnd=219105 _cwnd=219105
Initialize per-instance NSCC parameters: flowid 91 _base_rtt=11685600 _base_bdp=146070 _bdp=146070 _min_cwnd=4150 _maxwnd=219105 _cwnd=219105
Initialize per-instance NSCC parameters: flowid 92 _base_rtt=11685600 _base_bdp=146070 _bdp=146070 _min_cwnd=4150 _maxwnd=219105 _cwnd=219105
Initialize per-instance NSCC parameters: flowid 93 _base_rtt=11685600 _base_bdp=146070 _bdp=146070 _min_cwnd=4150 _maxwnd=219105 _cwnd=219105
Initialize per-instance NSCC parameters: flowid 94 _base_rtt=11685600 _base_bdp=146070 _bdp=146070 _min_cwnd=4150 _maxwnd=219105 _cwnd=219105
Initialize per-instance NSCC parameters: flowid 95 _base_rtt=11685600 _base_bdp=146070 _bdp=146070 _min_cwnd=4150 _maxwnd=219105 _cwnd=219105
Initialize per-instance NSCC parameters: flowid 96 _base_rtt=11685600 _base_bdp=146070 _bdp=146070 _min_cwnd=4150 _maxwnd=219105 _cwnd=219105
Initialize per-instance NSCC parameters: flowid 97 _base_rtt=11685600 _base_bdp=146070 _bdp=146070 _min_cwnd=4150 _maxwnd=219105 _cwnd=219105
Initialize per-instance NSCC parameters: flowid 98 _base_rtt=11685600 _base_bdp=146070 _bdp=146070 _min_cwnd=4150 _maxwnd=219105 _cwnd=219105
Initialize per-instance NSCC parameters: flowid 99 _base_rtt=11685600 _base_bdp=146070 _bdp=146070 _min_cwnd=4150 _maxwnd=219105 _cwnd=219105
Initialize per-instance NSCC parameters: flowid 100 _base_rtt=11685600 _base_bdp=146070 _bdp=146070 _min_cwnd=4150 _maxwnd=219105 _cwnd=219105
Initialize per-instance NSCC parameters: flowid 101 _base_rtt=11685600 _base_bdp=146070 _bdp=146070 _min_cwnd=4150 _maxwnd=219105 _cwnd=219105
Initialize per-instance NSCC parameters: flowid 102 _base_rtt=11685600 _base_bdp=146070 _bdp=146070 _min_cwnd=4150 _maxwnd=219105 _cwnd=219105
Initialize per-instance NSCC parameters: flowid 103 _base_rtt=11685600 _base_bdp=146070 _bdp=146070 _min_cwnd=4150 _maxwnd=219105 _cwnd=219105
Initialize per-instance NSCC parameters: flowid 104 _base_rtt=11685600 _base_bdp=146070 _bdp=146070 _min_cwnd=4150 _maxwnd=219105 _cwnd=219105
Initialize per-instance NSCC parameters: flowid 105 _base_rtt=11685600 _base_bdp=146070 _bdp=146070 _min_cwnd=4150 _maxwnd=219105 _cwnd=219105
Initialize per-instance NSCC parameters: flowid 106 _base_rtt=11685600 _base_bdp=146070 _bdp=146070 _min_cwnd=4150 _maxwnd=219105 _cwnd=219105
Initialize per-instance NSCC parameters: flowid 107 _base_rtt=11685600 _base_bdp=146070 _bdp=146070 _min_cwnd=4150 _maxwnd=219105 _cwnd=219105
Initialize per-instance NSCC parameters: flowid 108 _base_rtt=11685600 _base_bdp=146070 _bdp=146070 _min_cwnd=4150 _maxwnd=219105 _cwnd=219105
Initialize per-instance NSCC parameters: flowid 109 _base_rtt=11685600 _base_bdp=146070 _bdp=146070 _min_cwnd=4150 _maxwnd=219105 _cwnd=219105
Initialize per-instance NSCC parameters: flowid 110 _base_rtt=11685600 _base_bdp=146070 _bdp=146070 _min_cwnd=4150 _maxwnd=219105 _cwnd=219105
Initialize per-instance NSCC parameters: flowid 111 _base_rtt=11685600 _base_bdp=146070 _bdp=146070 _min_cwnd=4150 _maxwnd=219105 _cwnd=219105
Initialize per-instance NSCC parameters: flowid 112 _base_rtt=11685600 _base_bdp=146070 _bdp=146070 _min_cwnd=4150 _maxwnd=219105 _cwnd=219105
Initialize per-instance NSCC parameters: flowid 113 _base_rtt=11685600 _base_bdp=146070 _bdp=146070 _min_cwnd=4150 _maxwnd=219105 _cwnd=219105
Initialize per-instance NSCC parameters: flowid 114 _base_rtt=11685600 _base_bdp=146070 _bdp=146070 _min_cwnd=4150 _maxwnd=219105 _cwnd=219105
Initialize per-instance NSCC parameters: flowid 115 _base_rtt=11685600 _base_bdp=146070 _bdp=146070 _min_cwnd=4150 _maxwnd=219105 _cwnd=219105
Initialize per-instance NSCC parameters: flowid 116 _base_rtt=11685600 _base_bdp=146070 _bdp=146070 _min_cwnd=4150 _maxwnd=219105 _cwnd=219105
Initialize per-instance NSCC parameters: flowid 117 _base_rtt=11685600 _base_bdp=146070 _bdp=146070 _min_cwnd=4150 _maxwnd=219105 _cwnd=219105
Initialize per-instance NSCC parameters: flowid 118 _base_rtt=11685600 _base_bdp=146070 _bdp=146070 _min_cwnd=4150 _maxwnd=219105 _cwnd=219105
Initialize per-instance NSCC parameters: flowid 119 _base_rtt=11685600 _base_bdp=146070 _bdp=146070 _min_cwnd=4150 _maxwnd=219105 _cwnd=219105
Initialize per-instance NSCC parameters: flowid 120 _base_rtt=11685600 _base_bdp=146070 _bdp=146070 _min_cwnd=4150 _maxwnd=219105 _cwnd=219105
Initialize per-instance NSCC parameters: flowid 121 _base_rtt=11685600 _base_bdp=146070 _bdp=146070 _min_cwnd=4150 _maxwnd=219105 _cwnd=219105
Initialize per-instance NSCC parameters: flowid 122 _base_rtt=11685600 _base_bdp=146070 _bdp=146070 _min_cwnd=4150 _maxwnd=219105 _cwnd=219105
Initialize per-instance NSCC parameters: flowid 123 _base_rtt=11685600 _base_bdp=146070 _bdp=146070 _min_cwnd=4150 _maxwnd=219105 _cwnd=219105
Initialize per-instance NSCC parameters: flowid 124 _base_rtt=11685600 _base_bdp=146070 _bdp=146070 _min_cwnd=4150 _maxwnd=219105 _cwnd=219105
Initialize per-instance NSCC parameters: flowid 125 _base_rtt=11685600 _base_bdp=146070 _bdp=146070 _min_cwnd=4150 _maxwnd=219105 _cwnd=219105
Initialize per-instance NSCC parameters: flowid 126 _base_rtt=11685600 _base_bdp=146070 _bdp=146070 _min_cwnd=4150 _maxwnd=219105 _cwnd=219105
Initialize per-instance NSCC parameters: flowid 127 _base_rtt=11685600 _base_bdp=146070 _bdp=146070 _min_cwnd=4150 _maxwnd=219105 _cwnd=219105
Initialize per-instance NSCC parameters: flowid 128 _base_rtt=11685600 _base_bdp=146070 _bdp=146070 _min_cwnd=4150 _maxwnd=219105 _cwnd=219105
Initialize per-instance NSCC parameters: flowid 129 _base_rtt=11685600 _base_bdp=146070 _bdp=146070 _min_cwnd=4150 _maxwnd=219105 _cwnd=219105
Initialize per-instance NSCC parameters: flowid 130 _base_rtt=11685600 _base_bdp=146070 _bdp=146070 _min_cwnd=4150 _maxwnd=219105 _cwnd=219105
Initialize per-instance NSCC parameters: flowid 131 _base_rtt=11685600 _base_bdp=146070 _bdp=146070 _min_cwnd=4150 _maxwnd=219105 _cwnd=219105
Initialize per-instance NSCC parameters: flowid 132 _base_rtt=11685600 _base_bdp=146070 _bdp=146070 _min_cwnd=4150 _maxwnd=219105 _cwnd=219105
Initialize per-instance NSCC parameters: flowid 133 _base_rtt=11685600 _base_bdp=146070 _bdp=146070 _min_cwnd=4150 _maxwnd=219105 _cwnd=219105
Initialize per-instance NSCC parameters: flowid 134 _base_rtt=11685600 _base_bdp=146070 _bdp=146070 _min_cwnd=4150 _maxwnd=219105 _cwnd=219105
Initialize per-instance NSCC parameters: flowid 135 _base_rtt=11685600 _base_bdp=146070 _bdp=146070 _min_cwnd=4150 _maxwnd=219105 _cwnd=219105
Initialize per-instance NSCC parameters: flowid 136 _base_rtt=11685600 _base_bdp=146070 _bdp=146070 _min_cwnd=4150 _maxwnd=219105 _cwnd=219105
Initialize per-instance NSCC parameters: flowid 137 _base_rtt=11685600 _base_bdp=146070 _bdp=146070 _min_cwnd=4150 _maxwnd=219105 _cwnd=219105
Initialize per-instance NSCC parameters: flowid 138 _base_rtt=11685600 _base_bdp=146070 _bdp=146070 _min_cwnd=4150 _maxwnd=219105 _cwnd=219105
Initialize per-instance NSCC parameters: flowid 139 _base_rtt=11685600 _base_bdp=146070 _bdp=146070 _min_cwnd=4150 _maxwnd=219105 _cwnd=219105
Initialize per-instance NSCC parameters: flowid 140 _base_rtt=11685600 _base_bdp=146070 _bdp=146070 _min_cwnd=4150 _maxwnd=219105 _cwnd=219105
Initialize per-instance NSCC parameters: flowid 141 _base_rtt=11685600 _base_bdp=146070 _bdp=146070 _min_cwnd=4150 _maxwnd=219105 _cwnd=219105
Initialize per-instance NSCC parameters: flowid 142 _base_rtt=11685600 _base_bdp=146070 _bdp=146070 _min_cwnd=4150 _maxwnd=219105 _cwnd=219105
Initialize per-instance NSCC parameters: flowid 143 _base_rtt=11685600 _base_bdp=146070 _bdp=146070 _min_cwnd=4150 _maxwnd=219105 _cwnd=219105
Initialize per-instance NSCC parameters: flowid 144 _base_rtt=11685600 _base_bdp=146070 _bdp=146070 _min_cwnd=4150 _maxwnd=219105 _cwnd=219105
Initialize per-instance NSCC parameters: flowid 145 _base_rtt=11685600 _base_bdp=146070 _bdp=146070 _min_cwnd=4150 _maxwnd=219105 _cwnd=219105
Initialize per-instance NSCC parameters: flowid 146 _base_rtt=11685600 _base_bdp=146070 _bdp=146070 _min_cwnd=4150 _maxwnd=219105 _cwnd=219105
Initialize per-instance NSCC parameters: flowid 147 _base_rtt=11685600 _base_bdp=146070 _bdp=146070 _min_cwnd=4150 _maxwnd=219105 _cwnd=219105
Initialize per-instance NSCC parameters: flowid 148 _base_rtt=11685600 _base_bdp=146070 _bdp=146070 _min_cwnd=4150 _maxwnd=219105 _cwnd=219105
Initialize per-instance NSCC parameters: flowid 149 _base_rtt=11685600 _base_bdp=146070 _bdp=146070 _min_cwnd=4150 _maxwnd=219105 _cwnd=219105
Initialize per-instance NSCC parameters: flowid 150 _base_rtt=11685600 _base_bdp=146070 _bdp=146070 _min_cwnd=4150 _maxwnd=219105 _cwnd=219105
Initialize per-instance NSCC parameters: flowid 151 _base_rtt=11685600 _base_bdp=146070 _bdp=146070 _min_cwnd=4150 _maxwnd=219105 _cwnd=219105
Initialize per-instance NSCC parameters: flowid 152 _base_rtt=11685600 _base_bdp=146070 _bdp=146070 _min_cwnd=4150 _maxwnd=219105 _cwnd=219105
Initialize per-instance NSCC parameters: flowid 153 _base_rtt=11685600 _base_bdp=146070 _bdp=146070 _min_cwnd=4150 _maxwnd=219105 _cwnd=219105
Initialize per-instance NSCC parameters: flowid 154 _base_rtt=11685600 _base_bdp=146070 _bdp=146070 _min_cwnd=4150 _maxwnd=219105 _cwnd=219105
Initialize per-instance NSCC parameters: flowid 155 _base_rtt=11685600 _base_bdp=146070 _bdp=146070 _min_cwnd=4150 _maxwnd=219105 _cwnd=219105
Initialize per-instance NSCC parameters: flowid 156 _base_rtt=11685600 _base_bdp=146070 _bdp=146070 _min_cwnd=4150 _maxwnd=219105 _cwnd=219105
Initialize per-instance NSCC parameters: flowid 157 _base_rtt=11685600 _base_bdp=146070 _bdp=146070 _min_cwnd=4150 _maxwnd=219105 _cwnd=219105
Initialize per-instance NSCC parameters: flowid 158 _base_rtt=11685600 _base_bdp=146070 _bdp=146070 _min_cwnd=4150 _maxwnd=219105 _cwnd=219105
Initialize per-instance NSCC parameters: flowid 159 _base_rtt=11685600 _base_bdp=146070 _bdp=146070 _min_cwnd=4150 _maxwnd=219105 _cwnd=219105
Initialize per-instance NSCC parameters: flowid 160 _base_rtt=11685600 _base_bdp=146070 _bdp=146070 _min_cwnd=4150 _maxwnd=219105 _cwnd=219105
Initialize per-instance NSCC parameters: flowid 161 _base_rtt=11685600 _base_bdp=146070 _bdp=146070 _min_cwnd=4150 _maxwnd=219105 _cwnd=219105
Initialize per-instance NSCC parameters: flowid 162 _base_rtt=11685600 _base_bdp=146070 _bdp=146070 _min_cwnd=4150 _maxwnd=219105 _cwnd=219105
Initialize per-instance NSCC parameters: flowid 163 _base_rtt=11685600 _base_bdp=146070 _bdp=146070 _min_cwnd=4150 _maxwnd=219105 _cwnd=219105
Initialize per-instance NSCC parameters: flowid 164 _base_rtt=11685600 _base_bdp=146070 _bdp=146070 _min_cwnd=4150 _maxwnd=219105 _cwnd=219105
Initialize per-instance NSCC parameters: flowid 165 _base_rtt=11685600 _base_bdp=146070 _bdp=146070 _min_cwnd=4150 _maxwnd=219105 _cwnd=219105
Initialize per-instance NSCC parameters: flowid 166 _base_rtt=11685600 _base_bdp=146070 _bdp=146070 _min_cwnd=4150 _maxwnd=219105 _cwnd=219105
Initialize per-instance NSCC parameters: flowid 167 _base_rtt=11685600 _base_bdp=146070 _bdp=146070 _min_cwnd=4150 _maxwnd=219105 _cwnd=219105
Initialize per-instance NSCC parameters: flowid 168 _base_rtt=11685600 _base_bdp=146070 _bdp=146070 _min_cwnd=4150 _maxwnd=219105 _cwnd=219105
Initialize per-instance NSCC parameters: flowid 169 _base_rtt=11685600 _base_bdp=146070 _bdp=146070 _min_cwnd=4150 _maxwnd=219105 _cwnd=219105
Initialize per-instance NSCC parameters: flowid 170 _base_rtt=11685600 _base_bdp=146070 _bdp=146070 _min_cwnd=4150 _maxwnd=219105 _cwnd=219105
Initialize per-instance NSCC parameters: flowid 171 _base_rtt=11685600 _base_bdp=146070 _bdp=146070 _min_cwnd=4150 _maxwnd=219105 _cwnd=219105
Initialize per-instance NSCC parameters: flowid 172 _base_rtt=11685600 _base_bdp=146070 _bdp=146070 _min_cwnd=4150 _maxwnd=219105 _cwnd=219105
Initialize per-instance NSCC parameters: flowid 173 _base_rtt=11685600 _base_bdp=146070 _bdp=146070 _min_cwnd=4150 _maxwnd=219105 _cwnd=219105
Initialize per-instance NSCC parameters: flowid 174 _base_rtt=11685600 _base_bdp=146070 _bdp=146070 _min_cwnd=4150 _maxwnd=219105 _cwnd=219105
Initialize per-instance NSCC parameters: flowid 175 _base_rtt=11685600 _base_bdp=146070 _bdp=146070 _min_cwnd=4150 _maxwnd=219105 _cwnd=219105
Initialize per-instance NSCC parameters: flowid 176 _base_rtt=11685600 _base_bdp=146070 _bdp=146070 _min_cwnd=4150 _maxwnd=219105 _cwnd=219105
Initialize per-instance NSCC parameters: flowid 177 _base_rtt=11685600 _base_bdp=146070 _bdp=146070 _min_cwnd=4150 _maxwnd=219105 _cwnd=219105
Initialize per-instance NSCC parameters: flowid 178 _base_rtt=11685600 _base_bdp=146070 _bdp=146070 _min_cwnd=4150 _maxwnd=219105 _cwnd=219105
Initialize per-instance NSCC parameters: flowid 179 _base_rtt=11685600 _base_bdp=146070 _bdp=146070 _min_cwnd=4150 _maxwnd=219105 _cwnd=219105
Initialize per-instance NSCC parameters: flowid 180 _base_rtt=11685600 _base_bdp=146070 _bdp=146070 _min_cwnd=4150 _maxwnd=219105 _cwnd=219105
Initialize per-instance NSCC parameters: flowid 181 _base_rtt=11685600 _base_bdp=146070 _bdp=146070 _min_cwnd=4150 _maxwnd=219105 _cwnd=219105
Initialize per-instance NSCC parameters: flowid 182 _base_rtt=11685600 _base_bdp=146070 _bdp=146070 _min_cwnd=4150 _maxwnd=219105 _cwnd=219105
Initialize per-instance NSCC parameters: flowid 183 _base_rtt=11685600 _base_bdp=146070 _bdp=146070 _min_cwnd=4150 _maxwnd=219105 _cwnd=219105
Initialize per-instance NSCC parameters: flowid 184 _base_rtt=11685600 _base_bdp=146070 _bdp=146070 _min_cwnd=4150 _maxwnd=219105 _cwnd=219105
Initialize per-instance NSCC parameters: flowid 185 _base_rtt=11685600 _base_bdp=146070 _bdp=146070 _min_cwnd=4150 _maxwnd=219105 _cwnd=219105
Initialize per-instance NSCC parameters: flowid 186 _base_rtt=11685600 _base_bdp=146070 _bdp=146070 _min_cwnd=4150 _maxwnd=219105 _cwnd=219105
Initialize per-instance NSCC parameters: flowid 187 _base_rtt=11685600 _base_bdp=146070 _bdp=146070 _min_cwnd=4150 _maxwnd=219105 _cwnd=219105
Initialize per-instance NSCC parameters: flowid 188 _base_rtt=11685600 _base_bdp=146070 _bdp=146070 _min_cwnd=4150 _maxwnd=219105 _cwnd=219105
Initialize per-instance NSCC parameters: flowid 189 _base_rtt=11685600 _base_bdp=146070 _bdp=146070 _min_cwnd=4150 _maxwnd=219105 _cwnd=219105
Initialize per-instance NSCC parameters: flowid 190 _base_rtt=11685600 _base_bdp=146070 _bdp=146070 _min_cwnd=4150 _maxwnd=219105 _cwnd=219105
Initialize per-instance NSCC parameters: flowid 191 _base_rtt=11685600 _base_bdp=146070 _bdp=146070 _min_cwnd=4150 _maxwnd=219105 _cwnd=219105
Initialize per-instance NSCC parameters: flowid 192 _base_rtt=11685600 _base_bdp=146070 _bdp=146070 _min_cwnd=4150 _maxwnd=219105 _cwnd=219105
Initialize per-instance NSCC parameters: flowid 193 _base_rtt=11685600 _base_bdp=146070 _bdp=146070 _min_cwnd=4150 _maxwnd=219105 _cwnd=219105
Initialize per-instance NSCC parameters: flowid 194 _base_rtt=11685600 _base_bdp=146070 _bdp=146070 _min_cwnd=4150 _maxwnd=219105 _cwnd=219105
Initialize per-instance NSCC parameters: flowid 195 _base_rtt=11685600 _base_bdp=146070 _bdp=146070 _min_cwnd=4150 _maxwnd=219105 _cwnd=219105
Initialize per-instance NSCC parameters: flowid 196 _base_rtt=11685600 _base_bdp=146070 _bdp=146070 _min_cwnd=4150 _maxwnd=219105 _cwnd=219105
Initialize per-instance NSCC parameters: flowid 197 _base_rtt=11685600 _base_bdp=146070 _bdp=146070 _min_cwnd=4150 _maxwnd=219105 _cwnd=219105
Initialize per-instance NSCC parameters: flowid 198 _base_rtt=11685600 _base_bdp=146070 _bdp=146070 _min_cwnd=4150 _maxwnd=219105 _cwnd=219105
Initialize per-instance NSCC parameters: flowid 199 _base_rtt=11685600 _base_bdp=146070 _bdp=146070 _min_cwnd=4150 _maxwnd=219105 _cwnd=219105
Initialize per-instance NSCC parameters: flowid 200 _base_rtt=11685600 _base_bdp=146070 _bdp=146070 _min_cwnd=4150 _maxwnd=219105 _cwnd=219105
Initialize per-instance NSCC parameters: flowid 201 _base_rtt=11685600 _base_bdp=146070 _bdp=146070 _min_cwnd=4150 _maxwnd=219105 _cwnd=219105
Initialize per-instance NSCC parameters: flowid 202 _base_rtt=11685600 _base_bdp=146070 _bdp=146070 _min_cwnd=4150 _maxwnd=219105 _cwnd=219105
Initialize per-instance NSCC parameters: flowid 203 _base_rtt=11685600 _base_bdp=146070 _bdp=146070 _min_cwnd=4150 _maxwnd=219105 _cwnd=219105
Initialize per-instance NSCC parameters: flowid 204 _base_rtt=11685600 _base_bdp=146070 _bdp=146070 _min_cwnd=4150 _maxwnd=219105 _cwnd=219105
Initialize per-instance NSCC parameters: flowid 205 _base_rtt=11685600 _base_bdp=146070 _bdp=146070 _min_cwnd=4150 _maxwnd=219105 _cwnd=219105
Initialize per-instance NSCC parameters: flowid 206 _base_rtt=11685600 _base_bdp=146070 _bdp=146070 _min_cwnd=4150 _maxwnd=219105 _cwnd=219105
Initialize per-instance NSCC parameters: flowid 207 _base_rtt=11685600 _base_bdp=146070 _bdp=146070 _min_cwnd=4150 _maxwnd=219105 _cwnd=219105
Initialize per-instance NSCC parameters: flowid 208 _base_rtt=11685600 _base_bdp=146070 _bdp=146070 _min_cwnd=4150 _maxwnd=219105 _cwnd=219105
Initialize per-instance NSCC parameters: flowid 209 _base_rtt=11685600 _base_bdp=146070 _bdp=146070 _min_cwnd=4150 _maxwnd=219105 _cwnd=219105
Initialize per-instance NSCC parameters: flowid 210 _base_rtt=11685600 _base_bdp=146070 _bdp=146070 _min_cwnd=4150 _maxwnd=219105 _cwnd=219105
Initialize per-instance NSCC parameters: flowid 211 _base_rtt=11685600 _base_bdp=146070 _bdp=146070 _min_cwnd=4150 _maxwnd=219105 _cwnd=219105
Initialize per-instance NSCC parameters: flowid 212 _base_rtt=11685600 _base_bdp=146070 _bdp=146070 _min_cwnd=4150 _maxwnd=219105 _cwnd=219105
Initialize per-instance NSCC parameters: flowid 213 _base_rtt=11685600 _base_bdp=146070 _bdp=146070 _min_cwnd=4150 _maxwnd=219105 _cwnd=219105
Initialize per-instance NSCC parameters: flowid 214 _base_rtt=11685600 _base_bdp=146070 _bdp=146070 _min_cwnd=4150 _maxwnd=219105 _cwnd=219105
Initialize per-instance NSCC parameters: flowid 215 _base_rtt=11685600 _base_bdp=146070 _bdp=146070 _min_cwnd=4150 _maxwnd=219105 _cwnd=219105
Initialize per-instance NSCC parameters: flowid 216 _base_rtt=11685600 _base_bdp=146070 _bdp=146070 _min_cwnd=4150 _maxwnd=219105 _cwnd=219105
Initialize per-instance NSCC parameters: flowid 217 _base_rtt=11685600 _base_bdp=146070 _bdp=146070 _min_cwnd=4150 _maxwnd=219105 _cwnd=219105
Initialize per-instance NSCC parameters: flowid 218 _base_rtt=11685600 _base_bdp=146070 _bdp=146070 _min_cwnd=4150 _maxwnd=219105 _cwnd=219105
Starting simulation
Flow Uec_101_229 flowId 1 uecSrc 0 starting at 0
Flow Uec_10_138 flowId 2 uecSrc 1 starting at 0
Flow Uec_54_182 flowId 3 uecSrc 2 starting at 0
Flow Uec_102_230 flowId 4 uecSrc 3 starting at 0
Flow Uec_185_57 flowId 5 uecSrc 4 starting at 0
Flow Uec_97_225 flowId 6 uecSrc 5 starting at 0
Flow Uec_205_77 flowId 7 uecSrc 6 starting at 0
Flow Uec_111_239 flowId 8 uecSrc 7 starting at 0
Flow Uec_169_41 flowId 9 uecSrc 8 starting at 0
Flow Uec_31_159 flowId 10 uecSrc 9 starting at 0
Flow Uec_238_110 flowId 11 uecSrc 10 starting at 0
Flow Uec_135_7 flowId 12 uecSrc 11 starting at 0
Flow Uec_3_131 flowId 13 uecSrc 12 starting at 0
Flow Uec_199_71 flowId 14 uecSrc 13 starting at 0
Flow Uec_222_94 flowId 15 uecSrc 14 starting at 0
Flow Uec_223_95 flowId 16 uecSrc 15 starting at 0
Flow Uec_52_180 flowId 17 uecSrc 16 starting at 0
Flow Uec_109_237 flowId 18 uecSrc 17 starting at 0
Flow Uec_126_254 flowId 19 uecSrc 18 starting at 0
Flow Uec_233_105 flowId 20 uecSrc 19 starting at 0
Flow Uec_115_243 flowId 21 uecSrc 20 starting at 0
Flow Uec_18_146 flowId 22 uecSrc 21 starting at 0
Flow Uec_145_17 flowId 23 uecSrc 22 starting at 0
Flow Uec_36_164 flowId 24 uecSrc 23 starting at 0
Flow Uec_118_246 flowId 25 uecSrc 24 starting at 0
Flow Uec_181_53 flowId 26 uecSrc 25 starting at 0
Flow Uec_58_186 flowId 27 uecSrc 26 starting at 0
Flow Uec_127_255 flowId 28 uecSrc 27 starting at 0
Flow Uec_17_145 flowId 29 uecSrc 28 starting at 0
Flow Uec_72_200 flowId 30 uecSrc 29 starting at 0
Flow Uec_75_203 flowId 31 uecSrc 30 starting at 0
Flow Uec_146_18 flowId 32 uecSrc 31 starting at 0
Flow Uec_248_120 flowId 33 uecSrc 32 starting at 0
Flow Uec_224_96 flowId 34 uecSrc 33 starting at 0
Flow Uec_66_194 flowId 35 uecSrc 34 starting at 0
Flow Uec_69_197 flowId 36 uecSrc 35 starting at 0
Flow Uec_139_11 flowId 37 uecSrc 36 starting at 0
Flow Uec_197_69 flowId 38 uecSrc 37 starting at 0
Flow Uec_202_74 flowId 39 uecSrc 38 starting at 0
Flow Uec_44_172 flowId 40 uecSrc 39 starting at 0
Flow Uec_117_245 flowId 41 uecSrc 40 starting at 0
Flow Uec_173_45 flowId 42 uecSrc 41 starting at 0
Flow Uec_132_4 flowId 43 uecSrc 42 starting at 0
Flow Uec_140_12 flowId 44 uecSrc 43 starting at 0
Flow Uec_244_116 flowId 45 uecSrc 44 starting at 0
Flow Uec_175_47 flowId 46 uecSrc 45 starting at 0
Flow Uec_165_37 flowId 47 uecSrc 46 starting at 0
Flow Uec_158_30 flowId 48 uecSrc 47 starting at 0
Flow Uec_80_208 flowId 49 uecSrc 48 starting at 0
Flow Uec_251_123 flowId 50 uecSrc 49 starting at 0
Flow Uec_122_250 flowId 51 uecSrc 50 starting at 0
Flow Uec_215_87 flowId 52 uecSrc 51 starting at 0
Flow Uec_235_107 flowId 53 uecSrc 52 starting at 0
Flow Uec_221_93 flowId 54 uecSrc 53 starting at 0
Flow Uec_13_141 flowId 55 uecSrc 54 starting at 0
Flow Uec_240_112 flowId 56 uecSrc 55 starting at 0
Flow Uec_68_196 flowId 57 uecSrc 56 starting at 0
Flow Uec_60_188 flowId 58 uecSrc 57 starting at 0
Flow Uec_167_39 flowId 59 uecSrc 58 starting at 0
Flow Uec_56_184 flowId 60 uecSrc 59 starting at 0
Flow Uec_107_235 flowId 61 uecSrc 60 starting at 0
Flow Uec_212_84 flowId 62 uecSrc 61 starting at 0
Flow Uec_180_52 flowId 63 uecSrc 62 starting at 0
Flow Uec_12_140 flowId 64 uecSrc 63 starting at 0
Flow Uec_21_149 flowId 65 uecSrc 64 starting at 0
Flow Uec_4_132 flowId 66 uecSrc 65 starting at 0
Flow Uec_211_83 flowId 67 uecSrc 66 starting at 0
Flow Uec_241_113 flowId 68 uecSrc 67 starting at 0
Flow Uec_99_227 flowId 69 uecSrc 68 starting at 0
Flow Uec_5_133 flowId 70 uecSrc 69 starting at 0
Flow Uec_95_223 flowId 71 uecSrc 70 starting at 0
Flow Uec_249_121 flowId 72 uecSrc 71 starting at 0
Flow Uec_123_251 flowId 73 uecSrc 72 starting at 0
Flow Uec_129_1 flowId 74 uecSrc 73 starting at 0
Flow Uec_174_46 flowId 75 uecSrc 74 starting at 0
Flow Uec_216_88 flowId 76 uecSrc 75 starting at 0
Flow Uec_38_166 flowId 77 uecSrc 76 starting at 0
Flow Uec_19_147 flowId 78 uecSrc 77 starting at 0
Flow Uec_73_201 flowId 79 uecSrc 78 starting at 0
Flow Uec_232_104 flowId 80 uecSrc 79 starting at 0
Flow Uec_168_40 flowId 81 uecSrc 80 starting at 0
Flow Uec_15_143 flowId 82 uecSrc 81 starting at 0
Flow Uec_189_61 flowId 83 uecSrc 82 starting at 0
Flow Uec_77_205 flowId 84 uecSrc 83 starting at 0
Flow Uec_47_175 flowId 85 uecSrc 84 starting at 0
Flow Uec_100_228 flowId 86 uecSrc 85 starting at 0
Flow Uec_78_206 flowId 87 uecSrc 86 starting at 0
Flow Uec_228_100 flowId 88 uecSrc 87 starting at 0
Flow Uec_193_65 flowId 89 uecSrc 88 starting at 0
Flow Uec_188_60 flowId 90 uecSrc 89 starting at 0
Flow Uec_96_224 flowId 91 uecSrc 90 starting at 0
Flow Uec_187_59 flowId 92 uecSrc 91 starting at 0
Flow Uec_104_232 flowId 93 uecSrc 92 starting at 0
Flow Uec_63_191 flowId 94 uecSrc 93 starting at 0
Flow Uec_110_238 flowId 95 uecSrc 94 starting at 0
Flow Uec_34_162 flowId 96 uecSrc 95 starting at 0
Flow Uec_239_111 flowId 97 uecSrc 96 starting at 0
Flow Uec_190_62 flowId 98 uecSrc 97 starting at 0
Flow Uec_152_24 flowId 99 uecSrc 98 starting at 0
Flow Uec_161_33 flowId 100 uecSrc 99 starting at 0
Flow Uec_113_241 flowId 101 uecSrc 100 starting at 0
Flow Uec_225_97 flowId 102 uecSrc 101 starting at 0
Flow Uec_234_106 flowId 103 uecSrc 102 starting at 0
Flow Uec_163_35 flowId 104 uecSrc 103 starting at 0
Flow Uec_55_183 flowId 105 uecSrc 104 starting at 0
Flow Uec_166_38 flowId 106 uecSrc 105 starting at 0
Flow Uec_254_126 flowId 107 uecSrc 106 starting at 0
Flow Uec_50_178 flowId 108 uecSrc 107 starting at 0
Flow Uec_88_216 flowId 109 uecSrc 108 starting at 0
Flow Uec_61_189 flowId 110 uecSrc 109 starting at 0
Flow Uec_105_233 flowId 111 uecSrc 110 starting at 0
Flow Uec_131_3 flowId 112 uecSrc 111 starting at 0
Flow Uec_84_212 flowId 113 uecSrc 112 starting at 0
Flow Uec_154_26 flowId 114 uecSrc 113 starting at 0
Flow Uec_147_19 flowId 115 uecSrc 114 starting at 0
Flow Uec_160_32 flowId 116 uecSrc 115 starting at 0
Flow Uec_214_86 flowId 117 uecSrc 116 starting at 0
Flow Uec_150_22 flowId 118 uecSrc 117 starting at 0
Flow Uec_32_160 flowId 119 uecSrc 118 starting at 0
Flow Uec_108_236 flowId 120 uecSrc 119 starting at 0
Flow Uec_83_211 flowId 121 uecSrc 120 starting at 0
Flow Uec_200_72 flowId 122 uecSrc 121 starting at 0
Flow Uec_219_91 flowId 123 uecSrc 122 starting at 0
Flow Uec_26_154 flowId 124 uecSrc 123 starting at 0
Flow Uec_217_89 flowId 125 uecSrc 124 starting at 0
Flow Uec_195_67 flowId 126 uecSrc 125 starting at 0
Flow Uec_210_82 flowId 127 uecSrc 126 starting at 0
Flow Uec_11_139 flowId 128 uecSrc 127 starting at 0
Flow Uec_85_213 flowId 129 uecSrc 128 starting at 0
Flow Uec_90_218 flowId 130 uecSrc 129 starting at 0
Flow Uec_30_158 flowId 131 uecSrc 130 starting at 0
Flow Uec_89_217 flowId 132 uecSrc 131 starting at 0
Flow Uec_231_103 flowId 133 uecSrc 132 starting at 0
Flow Uec_203_75 flowId 134 uecSrc 133 starting at 0
Flow Uec_116_244 flowId 135 uecSrc 134 starting at 0
Flow Uec_220_92 flowId 136 uecSrc 135 starting at 0
Flow Uec_74_202 flowId 137 uecSrc 136 starting at 0
Flow Uec_35_163 flowId 138 uecSrc 137 starting at 0
Flow Uec_46_174 flowId 139 uecSrc 138 starting at 0
Flow Uec_255_127 flowId 140 uecSrc 139 starting at 0
Flow Uec_153_25 flowId 141 uecSrc 140 starting at 0
Flow Uec_27_155 flowId 142 uecSrc 141 starting at 0
Flow Uec_148_20 flowId 143 uecSrc 142 starting at 0
Flow Uec_92_220 flowId 144 uecSrc 143 starting at 0
Flow Uec_159_31 flowId 145 uecSrc 144 starting at 0
Flow Uec_143_15 flowId 146 uecSrc 145 starting at 0
Flow Uec_172_44 flowId 147 uecSrc 146 starting at 0
Flow Uec_112_240 flowId 148 uecSrc 147 starting at 0
Flow Uec_179_51 flowId 149 uecSrc 148 starting at 0
Flow Uec_22_150 flowId 150 uecSrc 149 starting at 0
Flow Uec_79_207 flowId 151 uecSrc 150 starting at 0
Flow Uec_119_247 flowId 152 uecSrc 151 starting at 0
Flow Uec_209_81 flowId 153 uecSrc 152 starting at 0
Flow Uec_253_125 flowId 154 uecSrc 153 starting at 0
Flow Uec_191_63 flowId 155 uecSrc 154 starting at 0
Flow Uec_106_234 flowId 156 uecSrc 155 starting at 0
Flow Uec_45_173 flowId 157 uecSrc 156 starting at 0
Flow Uec_170_42 flowId 158 uecSrc 157 starting at 0
Flow Uec_57_185 flowId 159 uecSrc 158 starting at 0
Flow Uec_124_252 flowId 160 uecSrc 159 starting at 0
Flow Uec_176_48 flowId 161 uecSrc 160 starting at 0
Flow Uec_40_168 flowId 162 uecSrc 161 starting at 0
Flow Uec_23_151 flowId 163 uecSrc 162 starting at 0
Flow Uec_67_195 flowId 164 uecSrc 163 starting at 0
Flow Uec_29_157 flowId 165 uecSrc 164 starting at 0
Flow Uec_207_79 flowId 166 uecSrc 165 starting at 0
Flow Uec_134_6 flowId 167 uecSrc 166 starting at 0
Flow Uec_247_119 flowId 168 uecSrc 167 starting at 0
Flow Uec_164_36 flowId 169 uecSrc 168 starting at 0
Flow Uec_141_13 flowId 170 uecSrc 169 starting at 0
Flow Uec_64_192 flowId 171 uecSrc 170 starting at 0
Flow Uec_49_177 flowId 172 uecSrc 171 starting at 0
Flow Uec_8_136 flowId 173 uecSrc 172 starting at 0
Flow Uec_226_98 flowId 174 uecSrc 173 starting at 0
Flow Uec_208_80 flowId 175 uecSrc 174 starting at 0
Flow Uec_86_214 flowId 176 uecSrc 175 starting at 0
Flow Uec_81_209 flowId 177 uecSrc 176 starting at 0
Flow Uec_39_167 flowId 178 uecSrc 177 starting at 0
Flow Uec_98_226 flowId 179 uecSrc 178 starting at 0
Flow Uec_37_165 flowId 180 uecSrc 179 starting at 0
Flow Uec_25_153 flowId 181 uecSrc 180 starting at 0
Flow Uec_65_193 flowId 182 uecSrc 181 starting at 0
Flow Uec_229_101 flowId 183 uecSrc 182 starting at 0
Flow Uec_194_66 flowId 184 uecSrc 183 starting at 0
Flow Uec_93_221 flowId 185 uecSrc 184 starting at 0
Flow Uec_206_78 flowId 186 uecSrc 185 starting at 0
Flow Uec_128_0 flowId 187 uecSrc 186 starting at 0
Flow Uec_71_199 flowId 188 uecSrc 187 starting at 0
Flow Uec_20_148 flowId 189 uecSrc 188 starting at 0
Flow Uec_149_21 flowId 190 uecSrc 189 starting at 0
Flow Uec_236_108 flowId 191 uecSrc 190 starting at 0
Flow Uec_120_248 flowId 192 uecSrc 191 starting at 0
Flow Uec_133_5 flowId 193 uecSrc 192 starting at 0
Flow Uec_156_28 flowId 194 uecSrc 193 starting at 0
Flow Uec_245_117 flowId 195 uecSrc 194 starting at 0
Flow Uec_204_76 flowId 196 uecSrc 195 starting at 0
Flow Uec_196_68 flowId 197 uecSrc 196 starting at 0
Flow Uec_114_242 flowId 198 uecSrc 197 starting at 0
Flow Uec_186_58 flowId 199 uecSrc 198 starting at 0
Flow Uec_201_73 flowId 200 uecSrc 199 starting at 0
Flow Uec_171_43 flowId 201 uecSrc 200 starting at 0
Flow Uec_28_156 flowId 202 uecSrc 201 starting at 0
Flow Uec_213_85 flowId 203 uecSrc 202 starting at 0
Flow Uec_155_27 flowId 204 uecSrc 203 starting at 0
Flow Uec_51_179 flowId 205 uecSrc 204 starting at 0
Flow Uec_130_2 flowId 206 uecSrc 205 starting at 0
Flow Uec_33_161 flowId 207 uecSrc 206 starting at 0
Flow Uec_125_253 flowId 208 uecSrc 207 starting at 0
Flow Uec_252_124 flowId 209 uecSrc 208 starting at 0
Flow Uec_121_249 flowId 210 uecSrc 209 starting at 0
Flow Uec_192_64 flowId 211 uecSrc 210 starting at 0
Flow Uec_6_134 flowId 212 uecSrc 211 starting at 0
Flow Uec_91_219 flowId 213 uecSrc 212 starting at 0
Flow Uec_227_99 flowId 214 uecSrc 213 starting at 0
Flow Uec_9_137 flowId 215 uecSrc 214 starting at 0
Flow Uec_157_29 flowId 216 uecSrc 215 starting at 0
Flow Uec_136_8 flowId 217 uecSrc 216 starting at 0
Flow Uec_70_198 flowId 218 uecSrc 217 starting at 0
137.95 flowid 138 Spurious 42
143.19 flowid 207 Spurious 46
148.211 flowid 202 Spurious 55
149.847 flowid 207 Spurious 44
151.166 flowid 149 Spurious 56
151.955 flowid 147 Spurious 33
152.256 flowid 163 Spurious 75
152.591 flowid 163 Spurious 76
152.867 flowid 149 Spurious 58
154.231 flowid 149 Spurious 60
154.687 flowid 26 Spurious 50
155.208 flowid 165 Spurious 64
155.54 flowid 165 Spurious 76
156.015 flowid 63 Spurious 55
156.24 flowid 162 Spurious 61
156.679 flowid 26 Spurious 56
157.011 flowid 26 Spurious 57
157.203 flowid 131 Spurious 70
157.343 flowid 63 Spurious 56
157.472 flowid 158 Spurious 6
158.007 flowid 63 Spurious 57
158.433 flowid 163 Spurious 79
158.671 flowid 26 Spurious 60
158.976 flowid 149 Spurious 62
159.003 flowid 26 Spurious 61
160.335 flowid 149 Spurious 64
160.663 flowid 26 Spurious 66
161.327 flowid 26 Spurious 69
161.659 flowid 26 Spurious 70
162.323 flowid 63 Spurious 59
162.655 flowid 63 Spurious 61
162.987 flowid 63 Spurious 63
163.319 flowid 63 Spurious 65
163.751 flowid 163 Spurious 108
163.983 flowid 63 Spurious 67
164.315 flowid 63 Spurious 68
164.647 flowid 63 Spurious 69
165.643 flowid 26 Spurious 78
166.971 flowid 63 Spurious 71
167.303 flowid 63 Spurious 72
167.635 flowid 63 Spurious 73
168.299 flowid 63 Spurious 75
168.631 flowid 63 Spurious 77
168.963 flowid 63 Spurious 79
169.295 flowid 63 Spurious 62
169.627 flowid 63 Spurious 80
169.959 flowid 26 Spurious 52
170.291 flowid 63 Spurious 81
170.623 flowid 26 Spurious 62
170.955 flowid 63 Spurious 82
171.287 flowid 26 Spurious 79
171.619 flowid 63 Spurious 83
171.951 flowid 63 Spurious 84
172.052 flowid 163 Spurious 106
172.283 flowid 63 Spurious 86
172.615 flowid 63 Spurious 87
172.947 flowid 63 Spurious 88
173.279 flowid 63 Spurious 89
Flow Uec_194_66 flowId 184 uecSrc 183 finished at 175.42 total messages 1 total packets 490 RTS 0 total bytes 2002140 in_flight now 0 fair_inc 0 prop_inc 44863 fast_inc 270747 eta_inc 8344 multi_dec -0 quick_dec -0 nack_dec -0
175.603 flowid 26 Spurious 80
Flow Uec_193_65 flowId 89 uecSrc 88 finished at 175.741 total messages 1 total packets 490 RTS 0 total bytes 2002140 in_flight now 0 fair_inc 0 prop_inc 63917 fast_inc 177804 eta_inc 8344 multi_dec -0 quick_dec -0 nack_dec -0
Flow Uec_18_146 flowId 22 uecSrc 21 finished at 178.038 total messages 1 total packets 490 RTS 0 total bytes 2002140 in_flight now 0 fair_inc 0 prop_inc 76474 fast_inc 0 eta_inc 8344 multi_dec -0 quick_dec -0 nack_dec -0
Flow Uec_146_18 flowId 32 uecSrc 31 finished at 178.685 total messages 1 total packets 490 RTS 0 total bytes 2002140 in_flight now 0 fair_inc 0 prop_inc 75760 fast_inc 28287 eta_inc 8344 multi_dec -0 quick_dec -0 nack_dec -0
Flow Uec_93_221 flowId 185 uecSrc 184 finished at 183.846 total messages 1 total packets 490 RTS 0 total bytes 2002140 in_flight now 0 fair_inc 0 prop_inc 27586 fast_inc 0 eta_inc 8940 multi_dec -0 quick_dec -0 nack_dec -0
Flow Uec_15_143 flowId 82 uecSrc 81 finished at 185.208 total messages 1 total packets 490 RTS 0 total bytes 2002140 in_flight now 0 fair_inc 0 prop_inc 35262 fast_inc 32328 eta_inc 8940 multi_dec -0 quick_dec -0 nack_dec -0
Flow Uec_17_145 flowId 29 uecSrc 28 finished at 185.944 total messages 1 total packets 490 RTS 0 total bytes 2002140 in_flight now 0 fair_inc 0 prop_inc 42227 fast_inc 4041 eta_inc 8940 multi_dec -0 quick_dec -0 nack_dec -0
186.281 flowid 2 Spurious 128
Flow Uec_60_188 flowId 58 uecSrc 57 finished at 186.421 total messages 1 total packets 490 RTS 0 total bytes 2002140 in_flight now 0 fair_inc 0 prop_inc 24498 fast_inc 0 eta_inc 8940 multi_dec -0 quick_dec -0 nack_dec -0
Flow Uec_64_192 flowId 171 uecSrc 170 finished at 188.627 total messages 1 total packets 490 RTS 0 total bytes 2002140 in_flight now 0 fair_inc 0 prop_inc 37568 fast_inc 0 eta_inc 8940 multi_dec -0 quick_dec -0 nack_dec -0
Flow Uec_13_141 flowId 55 uecSrc 54 finished at 189.746 total messages 1 total packets 490 RTS 0 total bytes 2002140 in_flight now 0 fair_inc 0 prop_inc 29332 fast_inc 0 eta_inc 8940 multi_dec -0 quick_dec -0 nack_dec -0
Flow Uec_235_107 flowId 53 uecSrc 52 finished at 191.607 total messages 1 total packets 490 RTS 0 total bytes 2002140 in_flight now 0 fair_inc 0 prop_inc 46590 fast_inc 0 eta_inc 8940 multi_dec -0 quick_dec -0 nack_dec -0
194.879 flowid 26 Spurious 134
Flow Uec_245_117 flowId 195 uecSrc 194 finished at 200.702 total messages 1 total packets 490 RTS 0 total bytes 2002140 in_flight now 0 fair_inc 0 prop_inc 21940 fast_inc 0 eta_inc 9536 multi_dec -0 quick_dec -0 nack_dec -0
Flow Uec_32_160 flowId 119 uecSrc 118 finished at 203.654 total messages 1 total packets 490 RTS 0 total bytes 2002140 in_flight now 0 fair_inc 1869 prop_inc 37336 fast_inc 0 eta_inc 9536 multi_dec -0 quick_dec -0 nack_dec -0
Flow Uec_249_121 flowId 72 uecSrc 71 finished at 213.075 total messages 1 total packets 490 RTS 0 total bytes 2002140 in_flight now 0 fair_inc 8636 prop_inc 9254 fast_inc 0 eta_inc 10132 multi_dec -0 quick_dec -0 nack_dec -0
Flow Uec_248_120 flowId 33 uecSrc 32 finished at 215.622 total messages 1 total packets 490 RTS 0 total bytes 2002140 in_flight now 0 fair_inc 6761 prop_inc 10430 fast_inc 0 eta_inc 10132 multi_dec -0 quick_dec -0 nack_dec -0
216.11 flowid 78 Spurious 227
220.451 flowid 78 Spurious 223
221.789 flowid 78 Spurious 226
222.127 flowid 78 Spurious 228
222.464 flowid 78 Spurious 230
223.48 flowid 78 Spurious 233
225.498 flowid 78 Spurious 241
Flow Uec_118_246 flowId 25 uecSrc 24 finished at 226.313 total messages 1 total packets 490 RTS 0 total bytes 2002140 in_flight now 0 fair_inc 2700 prop_inc 35055 fast_inc 0 eta_inc 10728 multi_dec -46392 quick_dec -0 nack_dec -24900
Flow Uec_224_96 flowId 34 uecSrc 33 finished at 227.694 total messages 1 total packets 490 RTS 0 total bytes 2002140 in_flight now 0 fair_inc 3807 prop_inc 6061 fast_inc 0 eta_inc 10728 multi_dec -4994 quick_dec -0 nack_dec -24900
Flow Uec_255_127 flowId 140 uecSrc 139 finished at 229.377 total messages 1 total packets 490 RTS 0 total bytes 2002140 in_flight now 0 fair_inc 6218 prop_inc 13483 fast_inc 0 eta_inc 10728 multi_dec -64926 quick_dec -0 nack_dec -0
242.774 flowid 157 Spurious 237
243.443 flowid 157 Spurious 239
244.776 flowid 157 Spurious 243
Flow Uec_238_110 flowId 11 uecSrc 10 finished at 247.083 total messages 1 total packets 490 RTS 0 total bytes 2002140 in_flight now 0 fair_inc 3968 prop_inc 43740 fast_inc 0 eta_inc 11920 multi_dec -99233 quick_dec -0 nack_dec -0
247.198 flowid 142 Spurious 268
250.58 flowid 128 Spurious 227
Flow Uec_145_17 flowId 23 uecSrc 22 finished at 257.873 total messages 1 total packets 490 RTS 0 total bytes 2002140 in_flight now 0 fair_inc 10975 prop_inc 46846 fast_inc 0 eta_inc 11920 multi_dec -104280 quick_dec -0 nack_dec -12450
Flow Uec_120_248 flowId 192 uecSrc 191 finished at 269.092 total messages 1 total packets 490 RTS 0 total bytes 2002140 in_flight now 0 fair_inc 8073 prop_inc 45157 fast_inc 0 eta_inc 12516 multi_dec -102706 quick_dec -0 nack_dec -20750
271.069 flowid 178 Spurious 273
Flow Uec_33_161 flowId 207 uecSrc 206 finished at 272.331 total messages 1 total packets 490 RTS 0 total bytes 2002140 in_flight now 0 fair_inc 8664 prop_inc 34847 fast_inc 0 eta_inc 13112 multi_dec -102704 quick_dec -0 nack_dec -0
Flow Uec_20_148 flowId 189 uecSrc 188 finished at 275.89 total messages 1 total packets 492 RTS 2 total bytes 2002140 in_flight now 0 fair_inc 7944 prop_inc 35606 fast_inc 0 eta_inc 11324 multi_dec -0 quick_dec -0 nack_dec -16600
Flow Uec_36_164 flowId 24 uecSrc 23 finished at 278.943 total messages 1 total packets 491 RTS 1 total bytes 2002140 in_flight now 0 fair_inc 4147 prop_inc 24638 fast_inc 0 eta_inc 11920 multi_dec -0 quick_dec -0 nack_dec -4150
280.492 flowid 64 Spurious 243
281.811 flowid 24 Spurious 384
Flow Uec_19_147 flowId 78 uecSrc 77 finished at 284.931 total messages 1 total packets 492 RTS 2 total bytes 2002140 in_flight now 0 fair_inc 11967 prop_inc 34871 fast_inc 0 eta_inc 12516 multi_dec -0 quick_dec -0 nack_dec -0
285.128 flowid 24 Spurious 394
287.434 flowid 217 Spurious 489
287.7 flowid 163 Spurious 394
Flow Uec_6_134 flowId 212 uecSrc 211 finished at 289.059 total messages 1 total packets 490 RTS 0 total bytes 2002140 in_flight now 0 fair_inc 3852 prop_inc 51425 fast_inc 1010 eta_inc 12516 multi_dec -0 quick_dec -182961 nack_dec -29050
Flow Uec_27_155 flowId 142 uecSrc 141 finished at 292.674 total messages 1 total packets 493 RTS 3 total bytes 2002140 in_flight now 0 fair_inc 14109 prop_inc 20503 fast_inc 0 eta_inc 13112 multi_dec -0 quick_dec -160651 nack_dec -12450
Flow Uec_34_162 flowId 96 uecSrc 95 finished at 293.354 total messages 1 total packets 490 RTS 0 total bytes 2002140 in_flight now 0 fair_inc 4863 prop_inc 41761 fast_inc 0 eta_inc 11920 multi_dec -0 quick_dec -0 nack_dec -0
Flow Uec_136_8 flowId 217 uecSrc 216 finished at 296.811 total messages 1 total packets 490 RTS 0 total bytes 2002140 in_flight now 0 fair_inc 0 prop_inc 87757 fast_inc 44451 eta_inc 8940 multi_dec -0 quick_dec -0 nack_dec -0
309.314 flowid 181 Spurious 313
Flow Uec_129_1 flowId 74 uecSrc 73 finished at 309.361 total messages 1 total packets 490 RTS 0 total bytes 2002140 in_flight now 0 fair_inc 4925 prop_inc 39957 fast_inc 0 eta_inc 14304 multi_dec -99943 quick_dec -0 nack_dec -24900
310.159 flowid 181 Spurious 314
Flow Uec_25_153 flowId 181 uecSrc 180 finished at 312.567 total messages 1 total packets 495 RTS 5 total bytes 2002140 in_flight now 0 fair_inc 19710 prop_inc 26063 fast_inc 0 eta_inc 14304 multi_dec -508 quick_dec -0 nack_dec -4150
Flow Uec_31_159 flowId 10 uecSrc 9 finished at 314.362 total messages 1 total packets 490 RTS 0 total bytes 2002140 in_flight now 0 fair_inc 5624 prop_inc 23055 fast_inc 0 eta_inc 11324 multi_dec -0 quick_dec -0 nack_dec -0
314.442 flowid 10 Spurious 480
Flow Uec_38_166 flowId 77 uecSrc 76 finished at 314.679 total messages 1 total packets 496 RTS 6 total bytes 2002140 in_flight now 0 fair_inc 11557 prop_inc 48001 fast_inc 0 eta_inc 14304 multi_dec -89118 quick_dec -0 nack_dec -4150
Flow Uec_111_239 flowId 8 uecSrc 7 finished at 315.087 total messages 1 total packets 490 RTS 0 total bytes 2002140 in_flight now 0 fair_inc 7598 prop_inc 28324 fast_inc 0 eta_inc 14900 multi_dec -90348 quick_dec -0 nack_dec -37350
316.573 flowid 10 Spurious 488
Flow Uec_30_158 flowId 131 uecSrc 130 finished at 318.006 total messages 1 total packets 493 RTS 3 total bytes 2002140 in_flight now 0 fair_inc 12999 prop_inc 60038 fast_inc 21214 eta_inc 14900 multi_dec -138210 quick_dec -0 nack_dec -0
Flow Uec_112_240 flowId 148 uecSrc 147 finished at 320.659 total messages 1 total packets 490 RTS 0 total bytes 2002140 in_flight now 0 fair_inc 4433 prop_inc 35180 fast_inc 0 eta_inc 14900 multi_dec -83315 quick_dec -0 nack_dec -49800
321.625 flowid 139 Spurious 484
322.626 flowid 139 Spurious 485
Flow Uec_192_64 flowId 211 uecSrc 210 finished at 323.285 total messages 1 total packets 490 RTS 0 total bytes 2002140 in_flight now 0 fair_inc 4367 prop_inc 34044 fast_inc 0 eta_inc 15496 multi_dec -82108 quick_dec -0 nack_dec -49800
323.295 flowid 139 Spurious 486
323.398 flowid 65 Spurious 309
323.627 flowid 139 Spurious 489
Flow Uec_143_15 flowId 146 uecSrc 145 finished at 325.85 total messages 1 total packets 490 RTS 0 total bytes 2002140 in_flight now 0 fair_inc 4143 prop_inc 46457 fast_inc 0 eta_inc 15496 multi_dec -113842 quick_dec -0 nack_dec -33200
Flow Uec_125_253 flowId 208 uecSrc 207 finished at 325.951 total messages 1 total packets 490 RTS 0 total bytes 2002140 in_flight now 0 fair_inc 6804 prop_inc 31076 fast_inc 0 eta_inc 15496 multi_dec -80657 quick_dec -0 nack_dec -49800
Flow Uec_107_235 flowId 61 uecSrc 60 finished at 328.608 total messages 1 total packets 490 RTS 0 total bytes 2002140 in_flight now 0 fair_inc 4211 prop_inc 28107 fast_inc 0 eta_inc 16092 multi_dec -74244 quick_dec -0 nack_dec -53950
329.073 flowid 202 Spurious 407
332.162 flowid 163 Spurious 490
332.494 flowid 163 Spurious 491
Flow Uec_187_59 flowId 92 uecSrc 91 finished at 333.761 total messages 1 total packets 490 RTS 0 total bytes 2002140 in_flight now 0 fair_inc 3804 prop_inc 36671 fast_inc 0 eta_inc 16092 multi_dec -91807 quick_dec -0 nack_dec -49800
Flow Uec_23_151 flowId 163 uecSrc 162 finished at 334.374 total messages 1 total packets 493 RTS 3 total bytes 2002140 in_flight now 0 fair_inc 5994 prop_inc 32363 fast_inc 0 eta_inc 13708 multi_dec -0 quick_dec -0 nack_dec -0
Flow Uec_122_250 flowId 51 uecSrc 50 finished at 336.255 total messages 1 total packets 490 RTS 0 total bytes 2002140 in_flight now 0 fair_inc 8230 prop_inc 19157 fast_inc 0 eta_inc 16092 multi_dec -81514 quick_dec -0 nack_dec -45650
Flow Uec_4_132 flowId 66 uecSrc 65 finished at 336.868 total messages 1 total packets 493 RTS 3 total bytes 2002140 in_flight now 0 fair_inc 2642 prop_inc 57225 fast_inc 0 eta_inc 13112 multi_dec -0 quick_dec -188045 nack_dec -8300
Flow Uec_29_157 flowId 165 uecSrc 164 finished at 338.134 total messages 1 total packets 497 RTS 7 total bytes 2002140 in_flight now -64 fair_inc 11119 prop_inc 45099 fast_inc 0 eta_inc 14900 multi_dec -0 quick_dec -0 nack_dec -0
Flow Uec_126_254 flowId 19 uecSrc 18 finished at 338.69 total messages 1 total packets 490 RTS 0 total bytes 2002140 in_flight now 0 fair_inc 21343 prop_inc 16685 fast_inc 0 eta_inc 16092 multi_dec -83144 quick_dec -0 nack_dec -45650
Flow Uec_46_174 flowId 139 uecSrc 138 finished at 340.514 total messages 1 total packets 494 RTS 4 total bytes 2002140 in_flight now 0 fair_inc 0 prop_inc 90611 fast_inc 0 eta_inc 12516 multi_dec -0 quick_dec -207638 nack_dec -8300
Flow Uec_117_245 flowId 41 uecSrc 40 finished at 341.684 total messages 1 total packets 490 RTS 0 total bytes 2002140 in_flight now 0 fair_inc 2774 prop_inc 46966 fast_inc 0 eta_inc 16688 multi_dec -113331 quick_dec -0 nack_dec -37350
Flow Uec_191_63 flowId 155 uecSrc 154 finished at 342.284 total messages 1 total packets 490 RTS 0 total bytes 2002140 in_flight now 0 fair_inc 16710 prop_inc 26438 fast_inc 0 eta_inc 16092 multi_dec -112686 quick_dec -0 nack_dec -37350
Flow Uec_189_61 flowId 83 uecSrc 82 finished at 343.331 total messages 1 total packets 490 RTS 0 total bytes 2002140 in_flight now 0 fair_inc 21581 prop_inc 41753 fast_inc 0 eta_inc 16688 multi_dec -115506 quick_dec -0 nack_dec -37350
343.804 flowid 202 Spurious 429
Flow Uec_57_185 flowId 159 uecSrc 158 finished at 344.093 total messages 1 total packets 490 RTS 0 total bytes 2002140 in_flight now 0 fair_inc 25359 prop_inc 28526 fast_inc 0 eta_inc 16092 multi_dec -100411 quick_dec -0 nack_dec -37350
Flow Uec_109_237 flowId 18 uecSrc 17 finished at 344.438 total messages 1 total packets 490 RTS 0 total bytes 2002140 in_flight now 0 fair_inc 5711 prop_inc 41440 fast_inc 0 eta_inc 16092 multi_dec -113332 quick_dec -0 nack_dec -37350
Flow Uec_130_2 flowId 206 uecSrc 205 finished at 345.142 total messages 1 total packets 491 RTS 1 total bytes 2002140 in_flight now 0 fair_inc 4577 prop_inc 43373 fast_inc 0 eta_inc 15496 multi_dec -87993 quick_dec -0 nack_dec -45650
Flow Uec_99_227 flowId 69 uecSrc 68 finished at 345.701 total messages 1 total packets 490 RTS 0 total bytes 2002140 in_flight now 0 fair_inc 4067 prop_inc 50476 fast_inc 0 eta_inc 16092 multi_dec -97721 quick_dec -0 nack_dec -53950
Flow Uec_58_186 flowId 27 uecSrc 26 finished at 346.133 total messages 1 total packets 490 RTS 0 total bytes 2002140 in_flight now 0 fair_inc 4337 prop_inc 26479 fast_inc 0 eta_inc 16688 multi_dec -79945 quick_dec -0 nack_dec -53950
Flow Uec_61_189 flowId 110 uecSrc 109 finished at 346.991 total messages 1 total packets 490 RTS 0 total bytes 2002140 in_flight now 0 fair_inc 20757 prop_inc 27358 fast_inc 0 eta_inc 16092 multi_dec -107086 quick_dec -0 nack_dec -29050
Flow Uec_139_11 flowId 37 uecSrc 36 finished at 348.568 total messages 1 total packets 491 RTS 1 total bytes 2002140 in_flight now 0 fair_inc 12062 prop_inc 47008 fast_inc 0 eta_inc 15496 multi_dec -124011 quick_dec -0 nack_dec -29050
Flow Uec_104_232 flowId 93 uecSrc 92 finished at 352.742 total messages 1 total packets 490 RTS 0 total bytes 2002140 in_flight now 0 fair_inc 4002 prop_inc 46985 fast_inc 0 eta_inc 16092 multi_dec -102624 quick_dec -0 nack_dec -49800
Flow Uec_63_191 flowId 94 uecSrc 93 finished at 354.354 total messages 1 total packets 490 RTS 0 total bytes 2002140 in_flight now 0 fair_inc 9238 prop_inc 28816 fast_inc 0 eta_inc 16688 multi_dec -51146 quick_dec -0 nack_dec -87150
354.415 flowid 157 Spurious 442
355.416 flowid 157 Spurious 444
Flow Uec_133_5 flowId 193 uecSrc 192 finished at 356.14 total messages 1 total packets 490 RTS 0 total bytes 2002140 in_flight now 0 fair_inc 6576 prop_inc 49908 fast_inc 0 eta_inc 16092 multi_dec -106678 quick_dec -0 nack_dec -41500
Flow Uec_135_7 flowId 12 uecSrc 11 finished at 358.562 total messages 1 total packets 490 RTS 0 total bytes 2002140 in_flight now 0 fair_inc 0 prop_inc 63594 fast_inc 0 eta_inc 16092 multi_dec -86710 quick_dec -0 nack_dec -62250
358.848 flowid 157 Spurious 446
359.46 flowid 157 Spurious 447
359.797 flowid 157 Spurious 441
360.134 flowid 157 Spurious 449
361.188 flowid 157 Spurious 456
361.525 flowid 157 Spurious 458
363.858 flowid 157 Spurious 461
369.174 flowid 158 Spurious 15
Flow Uec_21_149 flowId 65 uecSrc 64 finished at 370.982 total messages 1 total packets 494 RTS 4 total bytes 2002140 in_flight now 0 fair_inc 21628 prop_inc 22722 fast_inc 0 eta_inc 17284 multi_dec -114898 quick_dec -0 nack_dec -4150
Flow Uec_37_165 flowId 180 uecSrc 179 finished at 372.789 total messages 1 total packets 491 RTS 1 total bytes 2002140 in_flight now 0 fair_inc 11711 prop_inc 68664 fast_inc 0 eta_inc 16688 multi_dec -169638 quick_dec -0 nack_dec -8300
Flow Uec_40_168 flowId 162 uecSrc 161 finished at 374.001 total messages 1 total packets 498 RTS 8 total bytes 2002140 in_flight now 0 fair_inc 4440 prop_inc 86637 fast_inc 5051 eta_inc 17284 multi_dec -93883 quick_dec -0 nack_dec -0
Flow Uec_22_150 flowId 150 uecSrc 149 finished at 379.483 total messages 1 total packets 498 RTS 8 total bytes 2002140 in_flight now 0 fair_inc 26470 prop_inc 34356 fast_inc 0 eta_inc 17284 multi_dec -93453 quick_dec -0 nack_dec -4150
Flow Uec_35_163 flowId 138 uecSrc 137 finished at 380.075 total messages 1 total packets 492 RTS 2 total bytes 2002140 in_flight now 0 fair_inc 10590 prop_inc 71414 fast_inc 0 eta_inc 16688 multi_dec -174784 quick_dec -0 nack_dec -4150
Flow Uec_28_156 flowId 202 uecSrc 201 finished at 386.427 total messages 1 total packets 497 RTS 7 total bytes 2002140 in_flight now 0 fair_inc 9811 prop_inc 32730 fast_inc 0 eta_inc 15496 multi_dec -0 quick_dec -131778 nack_dec -4150
387.721 flowid 173 Spurious 488
Flow Uec_251_123 flowId 50 uecSrc 49 finished at 389.914 total messages 1 total packets 490 RTS 0 total bytes 2002140 in_flight now 0 fair_inc 8501 prop_inc 63258 fast_inc 0 eta_inc 18476 multi_dec -158699 quick_dec -0 nack_dec -24900
Flow Uec_180_52 flowId 63 uecSrc 62 finished at 390.287 total messages 1 total packets 492 RTS 2 total bytes 2002140 in_flight now 0 fair_inc 0 prop_inc 44976 fast_inc 0 eta_inc 15496 multi_dec -11538 quick_dec -0 nack_dec -8300
Flow Uec_127_255 flowId 28 uecSrc 27 finished at 390.58 total messages 1 total packets 490 RTS 0 total bytes 2002140 in_flight now 0 fair_inc 6937 prop_inc 82042 fast_inc 3030 eta_inc 17880 multi_dec -148486 quick_dec -0 nack_dec -41500
Flow Uec_10_138 flowId 2 uecSrc 1 finished at 390.898 total messages 1 total packets 497 RTS 7 total bytes 2002140 in_flight now -64 fair_inc 5865 prop_inc 44508 fast_inc 0 eta_inc 16092 multi_dec -7275 quick_dec -132532 nack_dec -4150
Flow Uec_45_173 flowId 157 uecSrc 156 finished at 391.795 total messages 1 total packets 495 RTS 5 total bytes 2002140 in_flight now 0 fair_inc 12205 prop_inc 24368 fast_inc 1010 eta_inc 16688 multi_dec -0 quick_dec -170536 nack_dec -8300
Flow Uec_8_136 flowId 173 uecSrc 172 finished at 396.566 total messages 1 total packets 494 RTS 4 total bytes 2002140 in_flight now 0 fair_inc 436 prop_inc 70564 fast_inc 0 eta_inc 15496 multi_dec -0 quick_dec -140422 nack_dec -45650
400.591 flowid 128 Spurious 485
Flow Uec_154_26 flowId 114 uecSrc 113 finished at 402.717 total messages 1 total packets 492 RTS 2 total bytes 2002140 in_flight now 0 fair_inc 20955 prop_inc 16370 fast_inc 0 eta_inc 18476 multi_dec -89208 quick_dec -0 nack_dec -66400
Flow Uec_11_139 flowId 128 uecSrc 127 finished at 404.932 total messages 1 total packets 498 RTS 8 total bytes 2002140 in_flight now 0 fair_inc 5913 prop_inc 79010 fast_inc 0 eta_inc 16688 multi_dec -0 quick_dec -150866 nack_dec -66400
Flow Uec_247_119 flowId 168 uecSrc 167 finished at 405.692 total messages 1 total packets 490 RTS 0 total bytes 2002140 in_flight now 0 fair_inc 7178 prop_inc 68508 fast_inc 0 eta_inc 19072 multi_dec -136483 quick_dec -0 nack_dec -49800
Flow Uec_26_154 flowId 124 uecSrc 123 finished at 410.917 total messages 1 total packets 497 RTS 7 total bytes 2002140 in_flight now -64 fair_inc 11530 prop_inc 93346 fast_inc 5540 eta_inc 19072 multi_dec -99468 quick_dec -0 nack_dec -4150
Flow Uec_185_57 flowId 5 uecSrc 4 finished at 413.741 total messages 1 total packets 490 RTS 0 total bytes 2002140 in_flight now 0 fair_inc 17783 prop_inc 20474 fast_inc 0 eta_inc 19668 multi_dec -44692 quick_dec -0 nack_dec -116200
Flow Uec_220_92 flowId 136 uecSrc 135 finished at 415.864 total messages 1 total packets 490 RTS 0 total bytes 2002140 in_flight now 0 fair_inc 22280 prop_inc 17172 fast_inc 0 eta_inc 19668 multi_dec -50857 quick_dec -0 nack_dec -128650
Flow Uec_157_29 flowId 216 uecSrc 215 finished at 418.026 total messages 1 total packets 492 RTS 2 total bytes 2002140 in_flight now 0 fair_inc 17081 prop_inc 14918 fast_inc 0 eta_inc 18476 multi_dec -71726 quick_dec -0 nack_dec -70550
Flow Uec_186_58 flowId 199 uecSrc 198 finished at 421.518 total messages 1 total packets 490 RTS 0 total bytes 2002140 in_flight now 0 fair_inc 11576 prop_inc 44794 fast_inc 0 eta_inc 19668 multi_dec -127899 quick_dec -0 nack_dec -45650
Flow Uec_188_60 flowId 90 uecSrc 89 finished at 423.852 total messages 1 total packets 490 RTS 0 total bytes 2002140 in_flight now 0 fair_inc 13550 prop_inc 54027 fast_inc 0 eta_inc 19668 multi_dec -98233 quick_dec -0 nack_dec -87150
433.737 flowid 149 Spurious 207
Flow Uec_131_3 flowId 112 uecSrc 111 finished at 441.392 total messages 1 total packets 490 RTS 0 total bytes 2002140 in_flight now 0 fair_inc 18593 prop_inc 89474 fast_inc 0 eta_inc 18476 multi_dec -156027 quick_dec -0 nack_dec -53950
Flow Uec_39_167 flowId 178 uecSrc 177 finished at 446.484 total messages 1 total packets 502 RTS 12 total bytes 2002140 in_flight now -64 fair_inc 17903 prop_inc 38178 fast_inc 0 eta_inc 19668 multi_dec -0 quick_dec -93155 nack_dec -20750
Flow Uec_163_35 flowId 104 uecSrc 103 finished at 448.096 total messages 1 total packets 491 RTS 1 total bytes 2002140 in_flight now 0 fair_inc 25979 prop_inc 46977 fast_inc 0 eta_inc 21456 multi_dec -75050 quick_dec -0 nack_dec -116200
Flow Uec_115_243 flowId 21 uecSrc 20 finished at 467.969 total messages 1 total packets 490 RTS 0 total bytes 2002140 in_flight now 0 fair_inc 38345 prop_inc 12217 fast_inc 0 eta_inc 22052 multi_dec -39151 quick_dec -0 nack_dec -141100
Flow Uec_172_44 flowId 147 uecSrc 146 finished at 471.361 total messages 1 total packets 492 RTS 2 total bytes 2002140 in_flight now 0 fair_inc 8348 prop_inc 21841 fast_inc 0 eta_inc 21456 multi_dec -48859 quick_dec -0 nack_dec -83000
Flow Uec_168_40 flowId 81 uecSrc 80 finished at 474.758 total messages 1 total packets 491 RTS 1 total bytes 2002140 in_flight now 0 fair_inc 25865 prop_inc 45563 fast_inc 0 eta_inc 21456 multi_dec -75843 quick_dec -0 nack_dec -99600
Flow Uec_190_62 flowId 98 uecSrc 97 finished at 475.566 total messages 1 total packets 490 RTS 0 total bytes 2002140 in_flight now 0 fair_inc 23702 prop_inc 55586 fast_inc 0 eta_inc 21456 multi_dec -89175 quick_dec -0 nack_dec -99600
Flow Uec_202_74 flowId 39 uecSrc 38 finished at 481.123 total messages 1 total packets 490 RTS 0 total bytes 2002140 in_flight now 0 fair_inc 25607 prop_inc 49082 fast_inc 0 eta_inc 20264 multi_dec -127557 quick_dec -0 nack_dec -62250
481.58 flowid 26 Spurious 487
481.912 flowid 26 Spurious 488
482.244 flowid 26 Spurious 489
482.576 flowid 26 Spurious 490
Flow Uec_158_30 flowId 48 uecSrc 47 finished at 483.465 total messages 1 total packets 491 RTS 1 total bytes 2002140 in_flight now 0 fair_inc 34508 prop_inc 26908 fast_inc 0 eta_inc 22648 multi_dec -70389 quick_dec -0 nack_dec -116200
Flow Uec_165_37 flowId 47 uecSrc 46 finished at 483.567 total messages 1 total packets 490 RTS 0 total bytes 2002140 in_flight now 0 fair_inc 34888 prop_inc 17087 fast_inc 0 eta_inc 22648 multi_dec -41150 quick_dec -0 nack_dec -153550
Flow Uec_239_111 flowId 97 uecSrc 96 finished at 488.12 total messages 1 total packets 490 RTS 0 total bytes 2002140 in_flight now 0 fair_inc 7744 prop_inc 17309 fast_inc 0 eta_inc 22648 multi_dec -75345 quick_dec -0 nack_dec -95450
Flow Uec_240_112 flowId 56 uecSrc 55 finished at 488.811 total messages 1 total packets 490 RTS 0 total bytes 2002140 in_flight now 0 fair_inc 35573 prop_inc 3726 fast_inc 0 eta_inc 20860 multi_dec -125930 quick_dec -0 nack_dec -70550
490.001 flowid 26 Spurious 491
490.333 flowid 26 Spurious 492
490.494 flowid 26 Spurious 493
Flow Uec_164_36 flowId 169 uecSrc 168 finished at 492.396 total messages 1 total packets 490 RTS 0 total bytes 2002140 in_flight now 0 fair_inc 45024 prop_inc 5422 fast_inc 0 eta_inc 22052 multi_dec -17904 quick_dec -0 nack_dec -157700
Flow Uec_181_53 flowId 26 uecSrc 25 finished at 495.026 total messages 1 total packets 494 RTS 4 total bytes 2002140 in_flight now 0 fair_inc 7074 prop_inc 65342 fast_inc 0 eta_inc 16092 multi_dec -49603 quick_dec -0 nack_dec -20750
Flow Uec_56_184 flowId 60 uecSrc 59 finished at 498.884 total messages 1 total packets 490 RTS 0 total bytes 2002140 in_flight now 0 fair_inc 31487 prop_inc 15170 fast_inc 0 eta_inc 23244 multi_dec -120892 quick_dec -0 nack_dec -103750
Flow Uec_232_104 flowId 80 uecSrc 79 finished at 501.966 total messages 1 total packets 490 RTS 0 total bytes 2002140 in_flight now 0 fair_inc 16420 prop_inc 8388 fast_inc 0 eta_inc 23244 multi_dec -36473 quick_dec -0 nack_dec -132800
Flow Uec_234_106 flowId 103 uecSrc 102 finished at 503.79 total messages 1 total packets 490 RTS 0 total bytes 2002140 in_flight now 0 fair_inc 25687 prop_inc 17767 fast_inc 0 eta_inc 23840 multi_dec -71143 quick_dec -0 nack_dec -116200
Flow Uec_44_172 flowId 40 uecSrc 39 finished at 505.685 total messages 1 total packets 496 RTS 6 total bytes 2002140 in_flight now 0 fair_inc 1528 prop_inc 109320 fast_inc 2020 eta_inc 16092 multi_dec -0 quick_dec -140060 nack_dec -20750
Flow Uec_241_113 flowId 68 uecSrc 67 finished at 506.237 total messages 1 total packets 490 RTS 0 total bytes 2002140 in_flight now 0 fair_inc 26890 prop_inc 16060 fast_inc 0 eta_inc 22648 multi_dec -65752 quick_dec -0 nack_dec -120350
Flow Uec_97_225 flowId 6 uecSrc 5 finished at 508.633 total messages 1 total packets 490 RTS 0 total bytes 2002140 in_flight now 0 fair_inc 35419 prop_inc 3627 fast_inc 0 eta_inc 22052 multi_dec -41587 quick_dec -0 nack_dec -145250
Flow Uec_244_116 flowId 45 uecSrc 44 finished at 512.742 total messages 1 total packets 490 RTS 0 total bytes 2002140 in_flight now 0 fair_inc 12735 prop_inc 26357 fast_inc 0 eta_inc 23244 multi_dec -32341 quick_dec -0 nack_dec -153550
Flow Uec_228_100 flowId 88 uecSrc 87 finished at 514.389 total messages 1 total packets 490 RTS 0 total bytes 2002140 in_flight now 0 fair_inc 6678 prop_inc 29863 fast_inc 0 eta_inc 23244 multi_dec -67610 quick_dec -0 nack_dec -120350
Flow Uec_254_126 flowId 107 uecSrc 106 finished at 521.528 total messages 1 total packets 490 RTS 0 total bytes 2002140 in_flight now 0 fair_inc 40010 prop_inc 36245 fast_inc 0 eta_inc 23244 multi_dec -137180 quick_dec -0 nack_dec -103750
Flow Uec_196_68 flowId 197 uecSrc 196 finished at 521.802 total messages 1 total packets 490 RTS 0 total bytes 2002140 in_flight now 0 fair_inc 14859 prop_inc 75657 fast_inc 0 eta_inc 24436 multi_dec -103775 quick_dec -0 nack_dec -99600
Flow Uec_252_124 flowId 209 uecSrc 208 finished at 522.522 total messages 1 total packets 490 RTS 0 total bytes 2002140 in_flight now 0 fair_inc 46838 prop_inc 33519 fast_inc 0 eta_inc 23840 multi_dec -160703 quick_dec -0 nack_dec -87150
Flow Uec_150_22 flowId 118 uecSrc 117 finished at 523.834 total messages 1 total packets 491 RTS 1 total bytes 2002140 in_flight now 0 fair_inc 24065 prop_inc 51910 fast_inc 0 eta_inc 23840 multi_dec -143637 quick_dec -0 nack_dec -66400
Flow Uec_195_67 flowId 126 uecSrc 125 finished at 524.184 total messages 1 total packets 490 RTS 0 total bytes 2002140 in_flight now 0 fair_inc 24698 prop_inc 77040 fast_inc 0 eta_inc 22648 multi_dec -136047 quick_dec -0 nack_dec -87150
Flow Uec_149_21 flowId 190 uecSrc 189 finished at 524.318 total messages 1 total packets 490 RTS 0 total bytes 2002140 in_flight now 0 fair_inc 24419 prop_inc 76371 fast_inc 0 eta_inc 23244 multi_dec -133361 quick_dec -0 nack_dec -83000
Flow Uec_231_103 flowId 133 uecSrc 132 finished at 532.479 total messages 1 total packets 490 RTS 0 total bytes 2002140 in_flight now 0 fair_inc 23453 prop_inc 37738 fast_inc 7559 eta_inc 23840 multi_dec -72050 quick_dec -0 nack_dec -120350
Flow Uec_229_101 flowId 183 uecSrc 182 finished at 535.193 total messages 1 total packets 490 RTS 0 total bytes 2002140 in_flight now 0 fair_inc 35286 prop_inc 32743 fast_inc 0 eta_inc 24436 multi_dec -89075 quick_dec -0 nack_dec -116200
Flow Uec_102_230 flowId 4 uecSrc 3 finished at 536.09 total messages 1 total packets 490 RTS 0 total bytes 2002140 in_flight now 0 fair_inc 39913 prop_inc 4269 fast_inc 0 eta_inc 25628 multi_dec -44438 quick_dec -0 nack_dec -149400
Flow Uec_96_224 flowId 91 uecSrc 90 finished at 539.563 total messages 1 total packets 490 RTS 0 total bytes 2002140 in_flight now 0 fair_inc 15805 prop_inc 9309 fast_inc 0 eta_inc 25032 multi_dec -11488 quick_dec -0 nack_dec -161850
543.202 flowid 215 Spurious 498
Flow Uec_176_48 flowId 161 uecSrc 160 finished at 548.14 total messages 1 total packets 490 RTS 0 total bytes 2002140 in_flight now 0 fair_inc 15786 prop_inc 99519 fast_inc 0 eta_inc 22648 multi_dec -117857 quick_dec -0 nack_dec -99600
Flow Uec_253_125 flowId 154 uecSrc 153 finished at 549.895 total messages 1 total packets 490 RTS 0 total bytes 2002140 in_flight now 0 fair_inc 44471 prop_inc 47167 fast_inc 23721 eta_inc 25032 multi_dec -138184 quick_dec -0 nack_dec -99600
Flow Uec_84_212 flowId 113 uecSrc 112 finished at 554.927 total messages 1 total packets 490 RTS 0 total bytes 2002140 in_flight now 0 fair_inc 26445 prop_inc 18281 fast_inc 0 eta_inc 25628 multi_dec -23215 quick_dec -0 nack_dec -157700
Flow Uec_9_137 flowId 215 uecSrc 214 finished at 559.243 total messages 1 total packets 506 RTS 16 total bytes 2002140 in_flight now -192 fair_inc 11945 prop_inc 64995 fast_inc 0 eta_inc 22052 multi_dec -2570 quick_dec -81981 nack_dec -24900
Flow Uec_207_79 flowId 166 uecSrc 165 finished at 563.656 total messages 1 total packets 490 RTS 0 total bytes 2002140 in_flight now 0 fair_inc 33241 prop_inc 12746 fast_inc 0 eta_inc 26224 multi_dec -47223 quick_dec -0 nack_dec -161850
Flow Uec_98_226 flowId 179 uecSrc 178 finished at 568.658 total messages 1 total packets 490 RTS 0 total bytes 2002140 in_flight now 0 fair_inc 47117 prop_inc 24174 fast_inc 0 eta_inc 25032 multi_dec -118188 quick_dec -0 nack_dec -112050
Flow Uec_155_27 flowId 204 uecSrc 203 finished at 568.72 total messages 1 total packets 491 RTS 1 total bytes 2002140 in_flight now 0 fair_inc 55436 prop_inc 27708 fast_inc 0 eta_inc 25628 multi_dec -81127 quick_dec -0 nack_dec -132800
Flow Uec_160_32 flowId 116 uecSrc 115 finished at 575.29 total messages 1 total packets 490 RTS 0 total bytes 2002140 in_flight now 0 fair_inc 39207 prop_inc 28442 fast_inc 0 eta_inc 24436 multi_dec -104247 quick_dec -0 nack_dec -120350
575.293 flowid 149 Spurious 228
Flow Uec_100_228 flowId 86 uecSrc 85 finished at 583.563 total messages 1 total packets 490 RTS 0 total bytes 2002140 in_flight now 0 fair_inc 45075 prop_inc 23821 fast_inc 0 eta_inc 25628 multi_dec -85094 quick_dec -0 nack_dec -136950
Flow Uec_101_229 flowId 1 uecSrc 0 finished at 584.725 total messages 1 total packets 490 RTS 0 total bytes 2002140 in_flight now 0 fair_inc 61559 prop_inc 24879 fast_inc 0 eta_inc 26224 multi_dec -135982 quick_dec -0 nack_dec -120350
Flow Uec_216_88 flowId 76 uecSrc 75 finished at 584.911 total messages 1 total packets 490 RTS 0 total bytes 2002140 in_flight now 0 fair_inc 35536 prop_inc 4845 fast_inc 0 eta_inc 26820 multi_dec -62315 quick_dec -0 nack_dec -157700
Flow Uec_78_206 flowId 87 uecSrc 86 finished at 585.855 total messages 1 total packets 490 RTS 0 total bytes 2002140 in_flight now 0 fair_inc 31821 prop_inc 2900 fast_inc 0 eta_inc 22052 multi_dec -59166 quick_dec -0 nack_dec -141100
Flow Uec_161_33 flowId 100 uecSrc 99 finished at 586.222 total messages 1 total packets 490 RTS 0 total bytes 2002140 in_flight now 0 fair_inc 31270 prop_inc 16699 fast_inc 0 eta_inc 26224 multi_dec -80731 quick_dec -0 nack_dec -128650
Flow Uec_205_77 flowId 7 uecSrc 6 finished at 588.485 total messages 1 total packets 490 RTS 0 total bytes 2002140 in_flight now 0 fair_inc 39263 prop_inc 4758 fast_inc 0 eta_inc 26820 multi_dec -81119 quick_dec -0 nack_dec -132800
Flow Uec_226_98 flowId 174 uecSrc 173 finished at 589.83 total messages 1 total packets 490 RTS 0 total bytes 2002140 in_flight now 0 fair_inc 31715 prop_inc 61553 fast_inc 0 eta_inc 26820 multi_dec -73559 quick_dec -0 nack_dec -136950
Flow Uec_159_31 flowId 145 uecSrc 144 finished at 590.858 total messages 1 total packets 490 RTS 0 total bytes 2002140 in_flight now 0 fair_inc 51237 prop_inc 39516 fast_inc 0 eta_inc 26820 multi_dec -125523 quick_dec -0 nack_dec -107900
Flow Uec_110_238 flowId 95 uecSrc 94 finished at 593.116 total messages 1 total packets 490 RTS 0 total bytes 2002140 in_flight now 0 fair_inc 10120 prop_inc 20311 fast_inc 0 eta_inc 27416 multi_dec -0 quick_dec -0 nack_dec -174300
Flow Uec_121_249 flowId 210 uecSrc 209 finished at 594.43 total messages 1 total packets 490 RTS 0 total bytes 2002140 in_flight now 0 fair_inc 23361 prop_inc 10758 fast_inc 0 eta_inc 26224 multi_dec -99807 quick_dec -0 nack_dec -95450
Flow Uec_208_80 flowId 175 uecSrc 174 finished at 597.971 total messages 1 total packets 490 RTS 0 total bytes 2002140 in_flight now 0 fair_inc 46412 prop_inc 16146 fast_inc 0 eta_inc 27416 multi_dec -92842 quick_dec -0 nack_dec -132800
Flow Uec_66_194 flowId 35 uecSrc 34 finished at 599.026 total messages 1 total packets 490 RTS 0 total bytes 2002140 in_flight now 0 fair_inc 23369 prop_inc 22949 fast_inc 0 eta_inc 20264 multi_dec -32579 quick_dec -0 nack_dec -145250
Flow Uec_89_217 flowId 132 uecSrc 131 finished at 605.761 total messages 1 total packets 490 RTS 0 total bytes 2002140 in_flight now 0 fair_inc 49558 prop_inc 30411 fast_inc 0 eta_inc 27416 multi_dec -45490 quick_dec -0 nack_dec -182600
Flow Uec_3_131 flowId 13 uecSrc 12 finished at 615.86 total messages 1 total packets 495 RTS 5 total bytes 2002140 in_flight now 0 fair_inc 1144 prop_inc 87262 fast_inc 0 eta_inc 17284 multi_dec -0 quick_dec -159717 nack_dec -8300
Flow Uec_105_233 flowId 111 uecSrc 110 finished at 616.08 total messages 1 total packets 490 RTS 0 total bytes 2002140 in_flight now 0 fair_inc 23874 prop_inc 33164 fast_inc 0 eta_inc 28012 multi_dec -82738 quick_dec -0 nack_dec -124500
Flow Uec_166_38 flowId 106 uecSrc 105 finished at 621.242 total messages 1 total packets 491 RTS 1 total bytes 2002140 in_flight now 0 fair_inc 34883 prop_inc 23533 fast_inc 0 eta_inc 24436 multi_dec -88568 quick_dec -0 nack_dec -128650
Flow Uec_77_205 flowId 84 uecSrc 83 finished at 625.309 total messages 1 total packets 490 RTS 0 total bytes 2002140 in_flight now 0 fair_inc 36368 prop_inc 37166 fast_inc 0 eta_inc 27416 multi_dec -110158 quick_dec -0 nack_dec -107900
Flow Uec_213_85 flowId 203 uecSrc 202 finished at 627.077 total messages 1 total packets 490 RTS 0 total bytes 2002140 in_flight now 0 fair_inc 33894 prop_inc 25167 fast_inc 0 eta_inc 28608 multi_dec -109840 quick_dec -0 nack_dec -120350
Flow Uec_141_13 flowId 170 uecSrc 169 finished at 636.371 total messages 1 total packets 490 RTS 0 total bytes 2002140 in_flight now 0 fair_inc 8380 prop_inc 34549 fast_inc 0 eta_inc 29204 multi_dec -46843 quick_dec -0 nack_dec -141100
Flow Uec_173_45 flowId 42 uecSrc 41 finished at 639.756 total messages 1 total packets 491 RTS 1 total bytes 2002140 in_flight now 0 fair_inc 27035 prop_inc 30971 fast_inc 0 eta_inc 29800 multi_dec -83540 quick_dec -0 nack_dec -124500
Flow Uec_108_236 flowId 120 uecSrc 119 finished at 644.571 total messages 1 total packets 490 RTS 0 total bytes 2002140 in_flight now 0 fair_inc 21774 prop_inc 41948 fast_inc 0 eta_inc 28608 multi_dec -66814 quick_dec -0 nack_dec -145250
Flow Uec_123_251 flowId 73 uecSrc 72 finished at 650.035 total messages 1 total packets 490 RTS 0 total bytes 2002140 in_flight now 0 fair_inc 51423 prop_inc 12108 fast_inc 0 eta_inc 29204 multi_dec -74410 quick_dec -0 nack_dec -157700
Flow Uec_236_108 flowId 191 uecSrc 190 finished at 653.88 total messages 1 total packets 490 RTS 0 total bytes 2002140 in_flight now 0 fair_inc 22898 prop_inc 45458 fast_inc 0 eta_inc 29204 multi_dec -81411 quick_dec -0 nack_dec -145250
Flow Uec_210_82 flowId 127 uecSrc 126 finished at 655.162 total messages 1 total packets 490 RTS 0 total bytes 2002140 in_flight now 0 fair_inc 43322 prop_inc 5766 fast_inc 0 eta_inc 24436 multi_dec -43687 quick_dec -0 nack_dec -178450
Flow Uec_74_202 flowId 137 uecSrc 136 finished at 659.446 total messages 1 total packets 490 RTS 0 total bytes 2002140 in_flight now 0 fair_inc 41862 prop_inc 10294 fast_inc 0 eta_inc 29800 multi_dec -70084 quick_dec -0 nack_dec -153550
Flow Uec_219_91 flowId 123 uecSrc 122 finished at 661.163 total messages 1 total packets 490 RTS 0 total bytes 2002140 in_flight now 0 fair_inc 33596 prop_inc 7657 fast_inc 0 eta_inc 29800 multi_dec -40935 quick_dec -0 nack_dec -170150
Flow Uec_211_83 flowId 67 uecSrc 66 finished at 661.759 total messages 1 total packets 490 RTS 0 total bytes 2002140 in_flight now 0 fair_inc 26790 prop_inc 25849 fast_inc 0 eta_inc 30396 multi_dec -99665 quick_dec -0 nack_dec -120350
Flow Uec_116_244 flowId 135 uecSrc 134 finished at 665.066 total messages 1 total packets 490 RTS 0 total bytes 2002140 in_flight now 0 fair_inc 24832 prop_inc 52442 fast_inc 0 eta_inc 28012 multi_dec -109866 quick_dec -0 nack_dec -103750
Flow Uec_153_25 flowId 141 uecSrc 140 finished at 667.309 total messages 1 total packets 492 RTS 2 total bytes 2002140 in_flight now 0 fair_inc 41664 prop_inc 56318 fast_inc 0 eta_inc 25628 multi_dec -109492 quick_dec -0 nack_dec -116200
Flow Uec_119_247 flowId 152 uecSrc 151 finished at 667.449 total messages 1 total packets 490 RTS 0 total bytes 2002140 in_flight now 0 fair_inc 43336 prop_inc 18561 fast_inc 0 eta_inc 29800 multi_dec -90137 quick_dec -0 nack_dec -141100
Flow Uec_152_24 flowId 99 uecSrc 98 finished at 667.48 total messages 1 total packets 490 RTS 0 total bytes 2002140 in_flight now 0 fair_inc 39544 prop_inc 61515 fast_inc 0 eta_inc 30396 multi_dec -129014 quick_dec -0 nack_dec -112050
Flow Uec_71_199 flowId 188 uecSrc 187 finished at 668.649 total messages 1 total packets 490 RTS 0 total bytes 2002140 in_flight now 0 fair_inc 34645 prop_inc 61427 fast_inc 0 eta_inc 28012 multi_dec -116377 quick_dec -0 nack_dec -112050
Flow Uec_124_252 flowId 160 uecSrc 159 finished at 671.841 total messages 1 total packets 490 RTS 0 total bytes 2002140 in_flight now 0 fair_inc 53677 prop_inc 20103 fast_inc 0 eta_inc 29800 multi_dec -94228 quick_dec -0 nack_dec -141100
Flow Uec_214_86 flowId 117 uecSrc 116 finished at 672.195 total messages 1 total packets 490 RTS 0 total bytes 2002140 in_flight now 0 fair_inc 38607 prop_inc 20978 fast_inc 0 eta_inc 28012 multi_dec -98817 quick_dec -0 nack_dec -128650
Flow Uec_67_195 flowId 164 uecSrc 163 finished at 672.226 total messages 1 total packets 490 RTS 0 total bytes 2002140 in_flight now 0 fair_inc 40645 prop_inc 35600 fast_inc 0 eta_inc 23244 multi_dec -56595 quick_dec -0 nack_dec -157700
Flow Uec_209_81 flowId 153 uecSrc 152 finished at 672.381 total messages 1 total packets 490 RTS 0 total bytes 2002140 in_flight now 0 fair_inc 18051 prop_inc 55503 fast_inc 0 eta_inc 30396 multi_dec -64155 quick_dec -0 nack_dec -153550
Flow Uec_12_140 flowId 64 uecSrc 63 finished at 672.504 total messages 1 total packets 505 RTS 15 total bytes 2002140 in_flight now 0 fair_inc 20655 prop_inc 66777 fast_inc 0 eta_inc 22648 multi_dec -38852 quick_dec -104078 nack_dec -20750
Flow Uec_212_84 flowId 62 uecSrc 61 finished at 672.643 total messages 1 total packets 490 RTS 0 total bytes 2002140 in_flight now 0 fair_inc 49858 prop_inc 52191 fast_inc 0 eta_inc 29800 multi_dec -149286 quick_dec -0 nack_dec -107900
Flow Uec_225_97 flowId 102 uecSrc 101 finished at 673.332 total messages 1 total packets 490 RTS 0 total bytes 2002140 in_flight now 0 fair_inc 37860 prop_inc 24727 fast_inc 0 eta_inc 26820 multi_dec -87134 quick_dec -0 nack_dec -132800
Flow Uec_114_242 flowId 198 uecSrc 197 finished at 674.375 total messages 1 total packets 490 RTS 0 total bytes 2002140 in_flight now 0 fair_inc 27474 prop_inc 59359 fast_inc 0 eta_inc 28012 multi_dec -115070 quick_dec -0 nack_dec -107900
Flow Uec_233_105 flowId 20 uecSrc 19 finished at 677.546 total messages 1 total packets 490 RTS 0 total bytes 2002140 in_flight now 0 fair_inc 31359 prop_inc 51649 fast_inc 0 eta_inc 29204 multi_dec -95083 quick_dec -0 nack_dec -136950
Flow Uec_65_193 flowId 182 uecSrc 181 finished at 682.584 total messages 1 total packets 490 RTS 0 total bytes 2002140 in_flight now 0 fair_inc 15318 prop_inc 49810 fast_inc 0 eta_inc 28012 multi_dec -79184 quick_dec -0 nack_dec -124500
Flow Uec_106_234 flowId 156 uecSrc 155 finished at 682.63 total messages 1 total packets 490 RTS 0 total bytes 2002140 in_flight now 0 fair_inc 30067 prop_inc 56397 fast_inc 55034 eta_inc 30396 multi_dec -127662 quick_dec -0 nack_dec -112050
Flow Uec_73_201 flowId 79 uecSrc 78 finished at 682.721 total messages 1 total packets 490 RTS 0 total bytes 2002140 in_flight now 0 fair_inc 27126 prop_inc 68581 fast_inc 0 eta_inc 29800 multi_dec -110877 quick_dec -0 nack_dec -116200
689.893 flowid 149 Spurious 228
Flow Uec_167_39 flowId 59 uecSrc 58 finished at 692.555 total messages 1 total packets 492 RTS 2 total bytes 2002140 in_flight now 0 fair_inc 43326 prop_inc 17272 fast_inc 0 eta_inc 29800 multi_dec -94526 quick_dec -0 nack_dec -132800
696.056 flowid 43 Spurious 490
Flow Uec_169_41 flowId 9 uecSrc 8 finished at 697.996 total messages 1 total packets 490 RTS 0 total bytes 2002140 in_flight now 0 fair_inc 29409 prop_inc 48466 fast_inc 84338 eta_inc 30992 multi_dec -123117 quick_dec -0 nack_dec -124500
Flow Uec_132_4 flowId 43 uecSrc 42 finished at 704.096 total messages 1 total packets 491 RTS 1 total bytes 2002140 in_flight now 0 fair_inc 23414 prop_inc 6775 fast_inc 0 eta_inc 26820 multi_dec -43736 quick_dec -64322 nack_dec -136950
Flow Uec_79_207 flowId 151 uecSrc 150 finished at 705.308 total messages 1 total packets 490 RTS 0 total bytes 2002140 in_flight now 0 fair_inc 57678 prop_inc 3704 fast_inc 0 eta_inc 32184 multi_dec -96043 quick_dec -0 nack_dec -161850
Flow Uec_215_87 flowId 52 uecSrc 51 finished at 708.348 total messages 1 total packets 490 RTS 0 total bytes 2002140 in_flight now 0 fair_inc 48450 prop_inc 1153 fast_inc 0 eta_inc 29800 multi_dec -87112 quick_dec -0 nack_dec -153550
Flow Uec_80_208 flowId 49 uecSrc 48 finished at 725.795 total messages 1 total packets 490 RTS 0 total bytes 2002140 in_flight now 0 fair_inc 18577 prop_inc 66636 fast_inc 103533 eta_inc 28608 multi_dec -159811 quick_dec --1018 nack_dec -83000
Flow Uec_72_200 flowId 30 uecSrc 29 finished at 728.492 total messages 1 total packets 490 RTS 0 total bytes 2002140 in_flight now 0 fair_inc 39131 prop_inc 7882 fast_inc 0 eta_inc 32780 multi_dec -43471 quick_dec -0 nack_dec -182600
Flow Uec_227_99 flowId 214 uecSrc 213 finished at 734.409 total messages 1 total packets 490 RTS 0 total bytes 2002140 in_flight now 0 fair_inc 29415 prop_inc 63767 fast_inc 100498 eta_inc 29800 multi_dec -84205 quick_dec -10719 nack_dec -149400
Flow Uec_156_28 flowId 194 uecSrc 193 finished at 735.004 total messages 1 total packets 492 RTS 2 total bytes 2002140 in_flight now 0 fair_inc 23279 prop_inc 123653 fast_inc 0 eta_inc 27416 multi_dec -134527 quick_dec --2127 nack_dec -103750
Flow Uec_113_241 flowId 101 uecSrc 100 finished at 738.191 total messages 1 total packets 490 RTS 0 total bytes 2002140 in_flight now 0 fair_inc 52388 prop_inc 21056 fast_inc 261130 eta_inc 28608 multi_dec -197226 quick_dec -630 nack_dec -87150
Flow Uec_75_203 flowId 31 uecSrc 30 finished at 750.31 total messages 1 total packets 490 RTS 0 total bytes 2002140 in_flight now 0 fair_inc 55821 prop_inc 8521 fast_inc 0 eta_inc 29800 multi_dec -96778 quick_dec -0 nack_dec -149400
756.994 flowid 158 Spurious 28
Flow Uec_83_211 flowId 121 uecSrc 120 finished at 760.078 total messages 1 total packets 490 RTS 0 total bytes 2002140 in_flight now 0 fair_inc 57689 prop_inc 10359 fast_inc 0 eta_inc 29800 multi_dec -100007 quick_dec -0 nack_dec -161850
Flow Uec_134_6 flowId 167 uecSrc 166 finished at 771.824 total messages 1 total packets 491 RTS 1 total bytes 2002140 in_flight now 0 fair_inc 27285 prop_inc 53784 fast_inc 0 eta_inc 27416 multi_dec -7078 quick_dec -20064 nack_dec -174300
Flow Uec_197_69 flowId 38 uecSrc 37 finished at 779.458 total messages 1 total packets 490 RTS 0 total bytes 2002140 in_flight now 0 fair_inc 54174 prop_inc 7431 fast_inc 0 eta_inc 34568 multi_dec -120834 quick_dec -0 nack_dec -149400
Flow Uec_69_197 flowId 36 uecSrc 35 finished at 786.481 total messages 1 total packets 490 RTS 0 total bytes 2002140 in_flight now 0 fair_inc 34902 prop_inc 13233 fast_inc 0 eta_inc 31588 multi_dec -75583 quick_dec -0 nack_dec -166000
Flow Uec_90_218 flowId 130 uecSrc 129 finished at 794.51 total messages 1 total packets 490 RTS 0 total bytes 2002140 in_flight now 0 fair_inc 50741 prop_inc 22937 fast_inc 0 eta_inc 34568 multi_dec -43296 quick_dec -13989 nack_dec -182600
Flow Uec_203_75 flowId 134 uecSrc 133 finished at 795.207 total messages 1 total packets 490 RTS 0 total bytes 2002140 in_flight now 0 fair_inc 36486 prop_inc 40764 fast_inc 0 eta_inc 35164 multi_dec -112598 quick_dec -0 nack_dec -136950
Flow Uec_222_94 flowId 15 uecSrc 14 finished at 801.689 total messages 1 total packets 490 RTS 0 total bytes 2002140 in_flight now 0 fair_inc 42404 prop_inc 41584 fast_inc 0 eta_inc 32780 multi_dec -111684 quick_dec -0 nack_dec -141100
Flow Uec_200_72 flowId 122 uecSrc 121 finished at 806.959 total messages 1 total packets 490 RTS 0 total bytes 2002140 in_flight now 0 fair_inc 39132 prop_inc 40161 fast_inc 0 eta_inc 28012 multi_dec -80093 quick_dec -0 nack_dec -153550
Flow Uec_199_71 flowId 14 uecSrc 13 finished at 818.325 total messages 1 total packets 490 RTS 0 total bytes 2002140 in_flight now 0 fair_inc 57113 prop_inc 37446 fast_inc 0 eta_inc 27416 multi_dec -99152 quick_dec -0 nack_dec -136950
819.166 flowid 149 Spurious 235
Flow Uec_81_209 flowId 177 uecSrc 176 finished at 832.728 total messages 1 total packets 490 RTS 0 total bytes 2002140 in_flight now 0 fair_inc 47687 prop_inc 52845 fast_inc 0 eta_inc 32780 multi_dec -139203 quick_dec -0 nack_dec -116200
Flow Uec_70_198 flowId 218 uecSrc 217 finished at 846.339 total messages 1 total packets 490 RTS 0 total bytes 2002140 in_flight now 0 fair_inc 57892 prop_inc 49905 fast_inc 0 eta_inc 32780 multi_dec -116478 quick_dec -0 nack_dec -153550
Flow Uec_140_12 flowId 44 uecSrc 43 finished at 849.012 total messages 1 total packets 491 RTS 1 total bytes 2002140 in_flight now 0 fair_inc 7074 prop_inc 88291 fast_inc 0 eta_inc 33972 multi_dec -105687 quick_dec -2294 nack_dec -124500
Flow Uec_201_73 flowId 200 uecSrc 199 finished at 851.365 total messages 1 total packets 490 RTS 0 total bytes 2002140 in_flight now 0 fair_inc 45987 prop_inc 48196 fast_inc 49988 eta_inc 27416 multi_dec -46345 quick_dec -81957 nack_dec -128650
Flow Uec_128_0 flowId 187 uecSrc 186 finished at 856.768 total messages 1 total packets 491 RTS 1 total bytes 2002140 in_flight now 0 fair_inc 27088 prop_inc 78882 fast_inc 0 eta_inc 32184 multi_dec -94144 quick_dec -5969 nack_dec -145250
Flow Uec_204_76 flowId 196 uecSrc 195 finished at 858.266 total messages 1 total packets 490 RTS 0 total bytes 2002140 in_flight now 0 fair_inc 27236 prop_inc 55446 fast_inc 77261 eta_inc 32780 multi_dec -116896 quick_dec -4217 nack_dec -128650
Flow Uec_92_220 flowId 144 uecSrc 143 finished at 890.58 total messages 1 total packets 490 RTS 0 total bytes 2002140 in_flight now 0 fair_inc 32373 prop_inc 25963 fast_inc 0 eta_inc 32780 multi_dec -27414 quick_dec -71405 nack_dec -157700
Flow Uec_91_219 flowId 213 uecSrc 212 finished at 894.082 total messages 1 total packets 490 RTS 0 total bytes 2002140 in_flight now 0 fair_inc 67662 prop_inc 17823 fast_inc 0 eta_inc 30992 multi_dec -74683 quick_dec -72826 nack_dec -136950
Flow Uec_174_46 flowId 75 uecSrc 74 finished at 908.156 total messages 1 total packets 490 RTS 0 total bytes 2002140 in_flight now 0 fair_inc 52138 prop_inc 13930 fast_inc 0 eta_inc 35760 multi_dec -38670 quick_dec -91135 nack_dec -157700
Flow Uec_206_78 flowId 186 uecSrc 185 finished at 909.674 total messages 1 total packets 490 RTS 0 total bytes 2002140 in_flight now 0 fair_inc 48691 prop_inc 11191 fast_inc 0 eta_inc 36952 multi_dec -93891 quick_dec -0 nack_dec -157700
Flow Uec_175_47 flowId 46 uecSrc 45 finished at 912.3 total messages 1 total packets 493 RTS 3 total bytes 2002140 in_flight now 0 fair_inc 36808 prop_inc 22325 fast_inc 0 eta_inc 38740 multi_dec -87944 quick_dec -0 nack_dec -161850
Flow Uec_86_214 flowId 176 uecSrc 175 finished at 932.651 total messages 1 total packets 490 RTS 0 total bytes 2002140 in_flight now 0 fair_inc 73142 prop_inc 36248 fast_inc 0 eta_inc 28608 multi_dec -60347 quick_dec -49551 nack_dec -157700
Flow Uec_147_19 flowId 115 uecSrc 114 finished at 935.086 total messages 1 total packets 491 RTS 1 total bytes 2002140 in_flight now 0 fair_inc 30952 prop_inc 41409 fast_inc 0 eta_inc 31588 multi_dec -45920 quick_dec -150590 nack_dec -120350
Flow Uec_223_95 flowId 16 uecSrc 15 finished at 947.127 total messages 1 total packets 490 RTS 0 total bytes 2002140 in_flight now 0 fair_inc 62378 prop_inc 15584 fast_inc 0 eta_inc 30992 multi_dec -52811 quick_dec -53447 nack_dec -157700
Flow Uec_217_89 flowId 125 uecSrc 124 finished at 974.437 total messages 1 total packets 490 RTS 0 total bytes 2002140 in_flight now 0 fair_inc 51751 prop_inc 36779 fast_inc 4530 eta_inc 29204 multi_dec -47228 quick_dec -71003 nack_dec -157700
Flow Uec_85_213 flowId 129 uecSrc 128 finished at 975.64 total messages 1 total packets 490 RTS 0 total bytes 2002140 in_flight now 0 fair_inc 43737 prop_inc 61674 fast_inc 0 eta_inc 30396 multi_dec -52500 quick_dec -68646 nack_dec -153550
Flow Uec_47_175 flowId 85 uecSrc 84 finished at 975.926 total messages 1 total packets 516 RTS 26 total bytes 2002140 in_flight now -512 fair_inc 5017 prop_inc 136924 fast_inc 0 eta_inc 35164 multi_dec -0 quick_dec -45525 nack_dec -16600
Flow Uec_95_223 flowId 71 uecSrc 70 finished at 999.669 total messages 1 total packets 490 RTS 0 total bytes 2002140 in_flight now 0 fair_inc 42641 prop_inc 69773 fast_inc 0 eta_inc 30992 multi_dec -63992 quick_dec -84096 nack_dec -136950
Flow Uec_171_43 flowId 201 uecSrc 200 finished at 1013.98 total messages 1 total packets 490 RTS 0 total bytes 2002140 in_flight now 0 fair_inc 58598 prop_inc 69324 fast_inc 0 eta_inc 33972 multi_dec -89886 quick_dec -66151 nack_dec -186750
Flow Uec_88_216 flowId 109 uecSrc 108 finished at 1018.49 total messages 1 total packets 490 RTS 0 total bytes 2002140 in_flight now 0 fair_inc 36699 prop_inc 70185 fast_inc 61102 eta_inc 32184 multi_dec -54237 quick_dec -86828 nack_dec -132800
Flow Uec_221_93 flowId 54 uecSrc 53 finished at 1021.85 total messages 1 total packets 490 RTS 0 total bytes 2002140 in_flight now 0 fair_inc 32959 prop_inc 40465 fast_inc 110605 eta_inc 31588 multi_dec -40856 quick_dec -60277 nack_dec -153550
Flow Uec_68_196 flowId 57 uecSrc 56 finished at 1038.8 total messages 1 total packets 490 RTS 0 total bytes 2002140 in_flight now 0 fair_inc 44639 prop_inc 92573 fast_inc 0 eta_inc 39336 multi_dec -83002 quick_dec -34267 nack_dec -190900
Flow Uec_148_20 flowId 143 uecSrc 142 finished at 1052.12 total messages 1 total packets 491 RTS 1 total bytes 2002140 in_flight now 0 fair_inc 67126 prop_inc 76995 fast_inc 0 eta_inc 36356 multi_dec -87266 quick_dec -118690 nack_dec -112050
1089.82 flowid 149 Spurious 491
1090.16 flowid 149 Spurious 492
1090.49 flowid 149 Spurious 493
1090.82 flowid 149 Spurious 494
1091.15 flowid 149 Spurious 495
1091.31 flowid 149 Spurious 496
Flow Uec_179_51 flowId 149 uecSrc 148 finished at 1095.18 total messages 1 total packets 497 RTS 7 total bytes 2002140 in_flight now 0 fair_inc 4713 prop_inc 34464 fast_inc 258114 eta_inc 19072 multi_dec -0 quick_dec -0 nack_dec -33200
Flow Uec_170_42 flowId 158 uecSrc 157 finished at 1245.17 total messages 1 total packets 490 RTS 0 total bytes 2002140 in_flight now 0 fair_inc 3827 prop_inc 164086 fast_inc 0 eta_inc 24436 multi_dec -0 quick_dec -91647 nack_dec -141100
Flow Uec_5_133 flowId 70 uecSrc 69 finished at 1483.67 total messages 1 total packets 517 RTS 27 total bytes 2002140 in_flight now -128 fair_inc 6211 prop_inc 210761 fast_inc 34343 eta_inc 46488 multi_dec -0 quick_dec -120443 nack_dec -29050
5092.48 flowid 105 Spurious 112
7774.48 flowid 105 Spurious 154
9798.85 flowid 3 Spurious 93
13658.5 flowid 17 Spurious 142
14435.7 flowid 3 Spurious 149
17061.2 flowid 108 Spurious 380
19513.1 flowid 105 Spurious 435
20919.1 flowid 105 Spurious 473
23980.7 flowid 17 Spurious 235
25006.4 flowid 172 Spurious 133
25182.9 flowid 105 Spurious 568
Flow Uec_55_183 flowId 105 uecSrc 104 finished at 25784 total messages 1 total packets 580 RTS 90 total bytes 2002140 in_flight now -3456 fair_inc 418 prop_inc 785856 fast_inc 0 eta_inc 188932 multi_dec -0 quick_dec --16600 nack_dec -24900
Flow Uec_50_178 flowId 108 uecSrc 107 finished at 26963.8 total messages 1 total packets 569 RTS 79 total bytes 2002140 in_flight now -3264 fair_inc 0 prop_inc 776010 fast_inc 0 eta_inc 172244 multi_dec -0 quick_dec -177300 nack_dec -29050
27993.2 flowid 17 Spurious 257
35732.5 flowid 205 Spurious 374
Flow Uec_54_182 flowId 3 uecSrc 2 finished at 46988.5 total messages 1 total packets 593 RTS 103 total bytes 2002140 in_flight now -4480 fair_inc 0 prop_inc 892777 fast_inc 0 eta_inc 222904 multi_dec -0 quick_dec -175308 nack_dec -12450
48196.1 flowid 172 Spurious 336
.Flow Uec_52_180 flowId 17 uecSrc 16 finished at 55210.1 total messages 1 total packets 594 RTS 104 total bytes 2002140 in_flight now -4672 fair_inc 40110 prop_inc 579250 fast_inc 5050 eta_inc 227076 multi_dec -0 quick_dec -193871 nack_dec -8300
Flow Uec_51_179 flowId 205 uecSrc 204 finished at 57239 total messages 1 total packets 908 RTS 418 total bytes 2002140 in_flight now -16640 fair_inc 0 prop_inc 78061 fast_inc 439639 eta_inc 386804 multi_dec -0 quick_dec -0 nack_dec -0
65902 flowid 172 Spurious 674
70018.1 flowid 172 Spurious 808
Flow Uec_49_177 flowId 172 uecSrc 171 finished at 76413.2 total messages 1 total packets 994 RTS 504 total bytes 2002140 in_flight now -24128 fair_inc 0 prop_inc 6098 fast_inc 485894 eta_inc 402300 multi_dec -0 quick_dec --8300 nack_dec -20750
Done
New: 106820 Rtx: 14009 RTS: 1548 Bounced: 0 ACKs: 86346 NACKs: 4406 Pulls: 0 sleek_pkts: 0
