traffic matrix input file: connection_matrices/load_sweep/load0.85_n256_seed5.cm
Load balancing algorithm set to oblivious
no_of_nodes 256
Dragonfly+ strategy: FPAR
Setting queuesize to 50 packets
endtime(us) 100000
random seed 5
Packet size (MTU) is 4150
Parsed args
Logging to reps_dfp_results/reps_final_sweep/load0.85_oblivious_seed5.dat
Loading connection matrix from connection_matrices/load_sweep/load0.85_n256_seed5.cm
Nodes: 256 Connections: 218 Triggers: 0 Failures: 0
Setting ECN low 33200 high 120350
Dragonfly+ with medium topology type
Link latencies: 1 and switch latencies: 0
queue_id 2 ecn_low 33200 ecn_high 120350
DragonFly+ constructor done, 392 nodes created
Note: topology supports 392 hosts; 136 host port(s) will be unused.
network_max_unloaded_rtt 11.6856 us
Setting min RTO to 114.6
Per-hop RTT normalization: ON (strategy fpar)
Initializing static NSCC parameters: _reference_network_linkspeed=100000000000 _reference_network_rtt=12000000 _reference_network_bdp=150000 _target_Qdelay=8764200 _network_linkspeed=100000000000 _network_rtt=11685600 _network_bdp=146070 _qa_gate=2^3 _qa_threshold=3.50568e+07 _scaling_factor_a=0.9738 _scaling_factor_b=0.73035 _alpha=0.00132632 _fi=19894.7 _eta=596.842 _qa_scaling=1 _gamma=0.8 _fi_scale=0.24345 _delay_alpha=0.0125 _adjust_period_threshold=11685600 _adjust_bytes_threshold=33200
Initialize per-instance NSCC parameters: flowid 1 _base_rtt=11685600 _base_bdp=146070 _bdp=146070 _min_cwnd=4150 _maxwnd=219105 _cwnd=219105
Initialize per-instance NSCC parameters: flowid 2 _base_rtt=11685600 _base_bdp=146070 _bdp=146070 _min_cwnd=4150 _maxwnd=219105 _cwnd=219105
Initialize per-instance NSCC parameters: flowid 3 _base_rtt=11685600 _base_bdp=146070 _bdp=146070 _min_cwnd=4150 _maxwnd=219105 _cwnd=219105
Initialize per-instance NSCC parameters: flowid 4 _base_rtt=11685600 _base_bdp=146070 _bdp=146070 _min_cwnd=4150 _maxwnd=219105 _cwnd=219105
Initialize per-instance NSCC parameters: flowid 5 _base_rtt=11685600 _base_bdp=146070 _bdp=146070 _min_cwnd=4150 _maxwnd=219105 _cwnd=219105
Initialize per-instance NSCC parameters: flowid 6 _base_rtt=11685600 _base_bdp=146070 _bdp=146070 _min_cwnd=4150 _maxwnd=219105 _cwnd=219105
Initialize per-instance NSCC parameters: flowid 7 _base_rtt=11685600 _base_bdp=146070 _bdp=146070 _min_cwnd=4150 _maxwnd=219105 _cwnd=219105
Initialize per-instance NSCC parameters: flowid 8 _base_rtt=11685600 _base_bdp=146070 _bdp=146070 _min_cwnd=4150 _maxwnd=219105 _cwnd=219105
Initialize per-instance NSCC parameters: flowid 9 _base_rtt=11685600 _base_bdp=146070 _bdp=146070 _min_cwnd=4150 _maxwnd=219105 _cwnd=219105
Initialize per-instance NSCC parameters: flowid 10 _base_rtt=11685600 _base_bdp=146070 _bdp=146070 _min_cwnd=4150 _maxwnd=219105 _cwnd=219105
Initialize per-instance NSCC parameters: flowid 11 _base_rtt=11685600 _base_bdp=146070 _bdp=146070 _min_cwnd=4150 _maxwnd=219105 _cwnd=219105
Initialize per-instance NSCC parameters: flowid 12 _base_rtt=11685600 _base_bdp=146070 _bdp=146070 _min_cwnd=4150 _maxwnd=219105 _cwnd=219105
Initialize per-instance NSCC parameters: flowid 13 _base_rtt=11685600 _base_bdp=146070 _bdp=146070 _min_cwnd=4150 _maxwnd=219105 _cwnd=219105
Initialize per-instance NSCC parameters: flowid 14 _base_rtt=11685600 _base_bdp=146070 _bdp=146070 _min_cwnd=4150 _maxwnd=219105 _cwnd=219105
Initialize per-instance NSCC parameters: flowid 15 _base_rtt=11685600 _base_bdp=146070 _bdp=146070 _min_cwnd=4150 _maxwnd=219105 _cwnd=219105
Initialize per-instance NSCC parameters: flowid 16 _base_rtt=11685600 _base_bdp=146070 _bdp=146070 _min_cwnd=4150 _maxwnd=219105 _cwnd=219105
Initialize per-instance NSCC parameters: flowid 17 _base_rtt=11685600 _base_bdp=146070 _bdp=146070 _min_cwnd=4150 _maxwnd=219105 _cwnd=219105
Initialize per-instance NSCC parameters: flowid 18 _base_rtt=11685600 _base_bdp=146070 _bdp=146070 _min_cwnd=4150 _maxwnd=219105 _cwnd=219105
Initialize per-instance NSCC parameters: flowid 19 _base_rtt=11685600 _base_bdp=146070 _bdp=146070 _min_cwnd=4150 _maxwnd=219105 _cwnd=219105
Initialize per-instance NSCC parameters: flowid 20 _base_rtt=11685600 _base_bdp=146070 _bdp=146070 _min_cwnd=4150 _maxwnd=219105 _cwnd=219105
Initialize per-instance NSCC parameters: flowid 21 _base_rtt=11685600 _base_bdp=146070 _bdp=146070 _min_cwnd=4150 _maxwnd=219105 _cwnd=219105
Initialize per-instance NSCC parameters: flowid 22 _base_rtt=11685600 _base_bdp=146070 _bdp=146070 _min_cwnd=4150 _maxwnd=219105 _cwnd=219105
Initialize per-instance NSCC parameters: flowid 23 _base_rtt=11685600 _base_bdp=146070 _bdp=146070 _min_cwnd=4150 _maxwnd=219105 _cwnd=219105
Initialize per-instance NSCC parameters: flowid 24 _base_rtt=11685600 _base_bdp=146070 _bdp=146070 _min_cwnd=4150 _maxwnd=219105 _cwnd=219105
Initialize per-instance NSCC parameters: flowid 25 _base_rtt=11685600 _base_bdp=146070 _bdp=146070 _min_cwnd=4150 _maxwnd=219105 _cwnd=219105
Initialize per-instance NSCC parameters: flowid 26 _base_rtt=11685600 _base_bdp=146070 _bdp=146070 _min_cwnd=4150 _maxwnd=219105 _cwnd=219105
Initialize per-instance NSCC parameters: flowid 27 _base_rtt=11685600 _base_bdp=146070 _bdp=146070 _min_cwnd=4150 _maxwnd=219105 _cwnd=219105
Initialize per-instance NSCC parameters: flowid 28 _base_rtt=11685600 _base_bdp=146070 _bdp=146070 _min_cwnd=4150 _maxwnd=219105 _cwnd=219105
Initialize per-instance NSCC parameters: flowid 29 _base_rtt=11685600 _base_bdp=146070 _bdp=146070 _min_cwnd=4150 _maxwnd=219105 _cwnd=219105
Initialize per-instance NSCC parameters: flowid 30 _base_rtt=11685600 _base_bdp=146070 _bdp=146070 _min_cwnd=4150 _maxwnd=219105 _cwnd=219105
Initialize per-instance NSCC parameters: flowid 31 _base_rtt=11685600 _base_bdp=146070 _bdp=146070 _min_cwnd=4150 _maxwnd=219105 _cwnd=219105
Initialize per-instance NSCC parameters: flowid 32 _base_rtt=11685600 _base_bdp=146070 _bdp=146070 _min_cwnd=4150 _maxwnd=219105 _cwnd=219105
Initialize per-instance NSCC parameters: flowid 33 _base_rtt=11685600 _base_bdp=146070 _bdp=146070 _min_cwnd=4150 _maxwnd=219105 _cwnd=219105
Initialize per-instance NSCC parameters: flowid 34 _base_rtt=11685600 _base_bdp=146070 _bdp=146070 _min_cwnd=4150 _maxwnd=219105 _cwnd=219105
Initialize per-instance NSCC parameters: flowid 35 _base_rtt=11685600 _base_bdp=146070 _bdp=146070 _min_cwnd=4150 _maxwnd=219105 _cwnd=219105
Initialize per-instance NSCC parameters: flowid 36 _base_rtt=11685600 _base_bdp=146070 _bdp=146070 _min_cwnd=4150 _maxwnd=219105 _cwnd=219105
Initialize per-instance NSCC parameters: flowid 37 _base_rtt=11685600 _base_bdp=146070 _bdp=146070 _min_cwnd=4150 _maxwnd=219105 _cwnd=219105
Initialize per-instance NSCC parameters: flowid 38 _base_rtt=11685600 _base_bdp=146070 _bdp=146070 _min_cwnd=4150 _maxwnd=219105 _cwnd=219105
Initialize per-instance NSCC parameters: flowid 39 _base_rtt=11685600 _base_bdp=146070 _bdp=146070 _min_cwnd=4150 _maxwnd=219105 _cwnd=219105
Initialize per-instance NSCC parameters: flowid 40 _base_rtt=11685600 _base_bdp=146070 _bdp=146070 _min_cwnd=4150 _maxwnd=219105 _cwnd=219105
Initialize per-instance NSCC parameters: flowid 41 _base_rtt=11685600 _base_bdp=146070 _bdp=146070 _min_cwnd=4150 _maxwnd=219105 _cwnd=219105
Initialize per-instance NSCC parameters: flowid 42 _base_rtt=11685600 _base_bdp=146070 _bdp=146070 _min_cwnd=4150 _maxwnd=219105 _cwnd=219105
Initialize per-instance NSCC parameters: flowid 43 _base_rtt=11685600 _base_bdp=146070 _bdp=146070 _min_cwnd=4150 _maxwnd=219105 _cwnd=219105
Initialize per-instance NSCC parameters: flowid 44 _base_rtt=11685600 _base_bdp=146070 _bdp=146070 _min_cwnd=4150 _maxwnd=219105 _cwnd=219105
Initialize per-instance NSCC parameters: flowid 45 _base_rtt=11685600 _base_bdp=146070 _bdp=146070 _min_cwnd=4150 _maxwnd=219105 _cwnd=219105
Initialize per-instance NSCC parameters: flowid 46 _base_rtt=11685600 _base_bdp=146070 _bdp=146070 _min_cwnd=4150 _maxwnd=219105 _cwnd=219105
Initialize per-instance NSCC parameters: flowid 47 _base_rtt=11685600 _base_bdp=146070 _bdp=146070 _min_cwnd=4150 _maxwnd=219105 _cwnd=219105
Initialize per-instance NSCC parameters: flowid 48 _base_rtt=11685600 _base_bdp=146070 _bdp=146070 _min_cwnd=4150 _maxwnd=219105 _cwnd=219105
Initialize per-instance NSCC parameters: flowid 49 _base_rtt=11685600 _base_bdp=146070 _bdp=146070 _min_cwnd=4150 _maxwnd=219105 _cwnd=219105
Initialize per-instance NSCC parameters: flowid 50 _base_rtt=11685600 _base_bdp=146070 _bdp=146070 _min_cwnd=4150 _maxwnd=219105 _cwnd=219105
Initialize per-instance NSCC parameters: flowid 51 _base_rtt=11685600 _base_bdp=146070 _bdp=146070 _min_cwnd=4150 _maxwnd=219105 _cwnd=219105
Initialize per-instance NSCC parameters: flowid 52 _base_rtt=11685600 _base_bdp=146070 _bdp=146070 _min_cwnd=4150 _maxwnd=219105 _cwnd=219105
Initialize per-instance NSCC parameters: flowid 53 _base_rtt=11685600 _base_bdp=146070 _bdp=146070 _min_cwnd=4150 _maxwnd=219105 _cwnd=219105
Initialize per-instance NSCC parameters: flowid 54 _base_rtt=11685600 _base_bdp=146070 _bdp=146070 _min_cwnd=4150 _maxwnd=219105 _cwnd=219105
Initialize per-instance NSCC parameters: flowid 55 _base_rtt=11685600 _base_bdp=146070 _bdp=146070 _min_cwnd=4150 _maxwnd=219105 _cwnd=219105
Initialize per-instance NSCC parameters: flowid 56 _base_rtt=11685600 _base_bdp=146070 _bdp=146070 _min_cwnd=4150 _maxwnd=219105 _cwnd=219105
Initialize per-instance NSCC parameters: flowid 57 _base_rtt=11685600 _base_bdp=146070 _bdp=146070 _min_cwnd=4150 _maxwnd=219105 _cwnd=219105
Initialize per-instance NSCC parameters: flowid 58 _base_rtt=11685600 _base_bdp=146070 _bdp=146070 _min_cwnd=4150 _maxwnd=219105 _cwnd=219105
Initialize per-instance NSCC parameters: flowid 59 _base_rtt=11685600 _base_bdp=146070 _bdp=146070 _min_cwnd=4150 _maxwnd=219105 _cwnd=219105
Initialize per-instance NSCC parameters: flowid 60 _base_rtt=11685600 _base_bdp=146070 _bdp=146070 _min_cwnd=4150 _maxwnd=219105 _cwnd=219105
Initialize per-instance NSCC parameters: flowid 61 _base_rtt=11685600 _base_bdp=146070 _bdp=146070 _min_cwnd=4150 _maxwnd=219105 _cwnd=219105
Initialize per-instance NSCC parameters: flowid 62 _base_rtt=11685600 _base_bdp=146070 _bdp=146070 _min_cwnd=4150 _maxwnd=219105 _cwnd=219105
Initialize per-instance NSCC parameters: flowid 63 _base_rtt=11685600 _base_bdp=146070 _bdp=146070 _min_cwnd=4150 _maxwnd=219105 _cwnd=219105
Initialize per-instance NSCC parameters: flowid 64 _base_rtt=11685600 _base_bdp=146070 _bdp=146070 _min_cwnd=4150 _maxwnd=219105 _cwnd=219105
Initialize per-instance NSCC parameters: flowid 65 _base_rtt=11685600 _base_bdp=146070 _bdp=146070 _min_cwnd=4150 _maxwnd=219105 _cwnd=219105
Initialize per-instance NSCC parameters: flowid 66 _base_rtt=11685600 _base_bdp=146070 _bdp=146070 _min_cwnd=4150 _maxwnd=219105 _cwnd=219105
Initialize per-instance NSCC parameters: flowid 67 _base_rtt=11685600 _base_bdp=146070 _bdp=146070 _min_cwnd=4150 _maxwnd=219105 _cwnd=219105
Initialize per-instance NSCC parameters: flowid 68 _base_rtt=11685600 _base_bdp=146070 _bdp=146070 _min_cwnd=4150 _maxwnd=219105 _cwnd=219105
Initialize per-instance NSCC parameters: flowid 69 _base_rtt=11685600 _base_bdp=146070 _bdp=146070 _min_cwnd=4150 _maxwnd=219105 _cwnd=219105
Initialize per-instance NSCC parameters: flowid 70 _base_rtt=11685600 _base_bdp=146070 _bdp=146070 _min_cwnd=4150 _maxwnd=219105 _cwnd=219105
Initialize per-instance NSCC parameters: flowid 71 _base_rtt=11685600 _base_bdp=146070 _bdp=146070 _min_cwnd=4150 _maxwnd=219105 _cwnd=219105
Initialize per-instance NSCC parameters: flowid 72 _base_rtt=11685600 _base_bdp=146070 _bdp=146070 _min_cwnd=4150 _maxwnd=219105 _cwnd=219105
Initialize per-instance NSCC parameters: flowid 73 _base_rtt=11685600 _base_bdp=146070 _bdp=146070 _min_cwnd=4150 _maxwnd=219105 _cwnd=219105
Initialize per-instance NSCC parameters: flowid 74 _base_rtt=11685600 _base_bdp=146070 _bdp=146070 _min_cwnd=4150 _maxwnd=219105 _cwnd=219105
Initialize per-instance NSCC parameters: flowid 75 _base_rtt=11685600 _base_bdp=146070 _bdp=146070 _min_cwnd=4150 _maxwnd=219105 _cwnd=219105
Initialize per-instance NSCC parameters: flowid 76 _base_rtt=11685600 _base_bdp=146070 _bdp=146070 _min_cwnd=4150 _maxwnd=219105 _cwnd=219105
Initialize per-instance NSCC parameters: flowid 77 _base_rtt=11685600 _base_bdp=146070 _bdp=146070 _min_cwnd=4150 _maxwnd=219105 _cwnd=219105
Initialize per-instance NSCC parameters: flowid 78 _base_rtt=11685600 _base_bdp=146070 _bdp=146070 _min_cwnd=4150 _maxwnd=219105 _cwnd=219105
Initialize per-instance NSCC parameters: flowid 79 _base_rtt=11685600 _base_bdp=146070 _bdp=146070 _min_cwnd=4150 _maxwnd=219105 _cwnd=219105
Initialize per-instance NSCC parameters: flowid 80 _base_rtt=11685600 _base_bdp=146070 _bdp=146070 _min_cwnd=4150 _maxwnd=219105 _cwnd=219105
Initialize per-instance NSCC parameters: flowid 81 _base_rtt=11685600 _base_bdp=146070 _bdp=146070 _min_cwnd=4150 _maxwnd=219105 _cwnd=219105
Initialize per-instance NSCC parameters: flowid 82 _base_rtt=11685600 _base_bdp=146070 _bdp=146070 _min_cwnd=4150 _maxwnd=219105 _cwnd=219105
Initialize per-instance NSCC parameters: flowid 83 _base_rtt=11685600 _base_bdp=146070 _bdp=146070 _min_cwnd=4150 _maxwnd=219105 _cwnd=219105
Initialize per-instance NSCC parameters: flowid 84 _base_rtt=11685600 _base_bdp=146070 _bdp=146070 _min_cwnd=4150 _maxwnd=219105 _cwnd=219105
Initialize per-instance NSCC parameters: flowid 85 _base_rtt=11685600 _base_bdp=146070 _bdp=146070 _min_cwnd=4150 _maxwnd=219105 _cwnd=219105
Initialize per-instance NSCC parameters: flowid 86 _base_rtt=11685600 _base_bdp=146070 _bdp=146070 _min_cwnd=4150 _maxwnd=219105 _cwnd=219105
Initialize per-instance NSCC parameters: flowid 87 _base_rtt=11685600 _base_bdp=146070 _bdp=146070 _min_cwnd=4150 _maxwnd=219105 _cwnd=219105
Initialize per-instance NSCC parameters: flowid 88 _base_rtt=11685600 _base_bdp=146070 _bdp=146070 _min_cwnd=4150 _maxwnd=219105 _cwnd=219105
Initialize per-instance NSCC parameters: flowid 89 _base_rtt=11685600 _base_bdp=146070 _bdp=146070 _min_cwnd=4150 _maxwnd=219105 _cwnd=219105
Initialize per-instance NSCC parameters: flowid 90 _base_rtt=11685600 _base_bdp=146070 _bdp=146070 _min_cwnd=4150 _maxwnd=219105 _cwnd=219105
Initialize per-instance NSCC parameters: flowid 91 _base_rtt=11685600 _base_bdp=146070 _bdp=146070 _min_cwnd=4150 _maxwnd=219105 _cwnd=219105
Initialize per-instance NSCC parameters: flowid 92 _base_rtt=11685600 _base_bdp=146070 _bdp=146070 _min_cwnd=4150 _maxwnd=219105 _cwnd=219105
Initialize per-instance NSCC parameters: flowid 93 _base_rtt=11685600 _base_bdp=146070 _bdp=146070 _min_cwnd=4150 _maxwnd=219105 _cwnd=219105
Initialize per-instance NSCC parameters: flowid 94 _base_rtt=11685600 _base_bdp=146070 _bdp=146070 _min_cwnd=4150 _maxwnd=219105 _cwnd=219105
Initialize per-instance NSCC parameters: flowid 95 _base_rtt=11685600 _base_bdp=146070 _bdp=146070 _min_cwnd=4150 _maxwnd=219105 _cwnd=219105
Initialize per-instance NSCC parameters: flowid 96 _base_rtt=11685600 _base_bdp=146070 _bdp=146070 _min_cwnd=4150 _maxwnd=219105 _cwnd=219105
Initialize per-instance NSCC parameters: flowid 97 _base_rtt=11685600 _base_bdp=146070 _bdp=146070 _min_cwnd=4150 _maxwnd=219105 _cwnd=219105
Initialize per-instance NSCC parameters: flowid 98 _base_rtt=11685600 _base_bdp=146070 _bdp=146070 _min_cwnd=4150 _maxwnd=219105 _cwnd=219105
Initialize per-instance NSCC parameters: flowid 99 _base_rtt=11685600 _base_bdp=146070 _bdp=146070 _min_cwnd=4150 _maxwnd=219105 _cwnd=219105
Initialize per-instance NSCC parameters: flowid 100 _base_rtt=11685600 _base_bdp=146070 _bdp=146070 _min_cwnd=4150 _maxwnd=219105 _cwnd=219105
Initialize per-instance NSCC parameters: flowid 101 _base_rtt=11685600 _base_bdp=146070 _bdp=146070 _min_cwnd=4150 _maxwnd=219105 _cwnd=219105
Initialize per-instance NSCC parameters: flowid 102 _base_rtt=11685600 _base_bdp=146070 _bdp=146070 _min_cwnd=4150 _maxwnd=219105 _cwnd=219105
Initialize per-instance NSCC parameters: flowid 103 _base_rtt=11685600 _base_bdp=146070 _bdp=146070 _min_cwnd=4150 _maxwnd=219105 _cwnd=219105
Initialize per-instance NSCC parameters: flowid 104 _base_rtt=11685600 _base_bdp=146070 _bdp=146070 _min_cwnd=4150 _maxwnd=219105 _cwnd=219105
Initialize per-instance NSCC parameters: flowid 105 _base_rtt=11685600 _base_bdp=146070 _bdp=146070 _min_cwnd=4150 _maxwnd=219105 _cwnd=219105
Initialize per-instance NSCC parameters: flowid 106 _base_rtt=11685600 _base_bdp=146070 _bdp=146070 _min_cwnd=4150 _maxwnd=219105 _cwnd=219105
Initialize per-instance NSCC parameters: flowid 107 _base_rtt=11685600 _base_bdp=146070 _bdp=146070 _min_cwnd=4150 _maxwnd=219105 _cwnd=219105
Initialize per-instance NSCC parameters: flowid 108 _base_rtt=11685600 _base_bdp=146070 _bdp=146070 _min_cwnd=4150 _maxwnd=219105 _cwnd=219105
Initialize per-instance NSCC parameters: flowid 109 _base_rtt=11685600 _base_bdp=146070 _bdp=146070 _min_cwnd=4150 _maxwnd=219105 _cwnd=219105
Initialize per-instance NSCC parameters: flowid 110 _base_rtt=11685600 _base_bdp=146070 _bdp=146070 _min_cwnd=4150 _maxwnd=219105 _cwnd=219105
Initialize per-instance NSCC parameters: flowid 111 _base_rtt=11685600 _base_bdp=146070 _bdp=146070 _min_cwnd=4150 _maxwnd=219105 _cwnd=219105
Initialize per-instance NSCC parameters: flowid 112 _base_rtt=11685600 _base_bdp=146070 _bdp=146070 _min_cwnd=4150 _maxwnd=219105 _cwnd=219105
Initialize per-instance NSCC parameters: flowid 113 _base_rtt=11685600 _base_bdp=146070 _bdp=146070 _min_cwnd=4150 _maxwnd=219105 _cwnd=219105
Initialize per-instance NSCC parameters: flowid 114 _base_rtt=11685600 _base_bdp=146070 _bdp=146070 _min_cwnd=4150 _maxwnd=219105 _cwnd=219105
Initialize per-instance NSCC parameters: flowid 115 _base_rtt=11685600 _base_bdp=146070 _bdp=146070 _min_cwnd=4150 _maxwnd=219105 _cwnd=219105
Initialize per-instance NSCC parameters: flowid 116 _base_rtt=11685600 _base_bdp=146070 _bdp=146070 _min_cwnd=4150 _maxwnd=219105 _cwnd=219105
Initialize per-instance NSCC parameters: flowid 117 _base_rtt=11685600 _base_bdp=146070 _bdp=146070 _min_cwnd=4150 _maxwnd=219105 _cwnd=219105
Initialize per-instance NSCC parameters: flowid 118 _base_rtt=11685600 _base_bdp=146070 _bdp=146070 _min_cwnd=4150 _maxwnd=219105 _cwnd=219105
Initialize per-instance NSCC parameters: flowid 119 _base_rtt=11685600 _base_bdp=146070 _bdp=146070 _min_cwnd=4150 _maxwnd=219105 _cwnd=219105
Initialize per-instance NSCC parameters: flowid 120 _base_rtt=11685600 _base_bdp=146070 _bdp=146070 _min_cwnd=4150 _maxwnd=219105 _cwnd=219105
Initialize per-instance NSCC parameters: flowid 121 _base_rtt=11685600 _base_bdp=146070 _bdp=146070 _min_cwnd=4150 _maxwnd=219105 _cwnd=219105
Initialize per-instance NSCC parameters: flowid 122 _base_rtt=11685600 _base_bdp=146070 _bdp=146070 _min_cwnd=4150 _maxwnd=219105 _cwnd=219105
Initialize per-instance NSCC parameters: flowid 123 _base_rtt=11685600 _base_bdp=146070 _bdp=146070 _min_cwnd=4150 _maxwnd=219105 _cwnd=219105
Initialize per-instance NSCC parameters: flowid 124 _base_rtt=11685600 _base_bdp=146070 _bdp=146070 _min_cwnd=4150 _maxwnd=219105 _cwnd=219105
Initialize per-instance NSCC parameters: flowid 125 _base_rtt=11685600 _base_bdp=146070 _bdp=146070 _min_cwnd=4150 _maxwnd=219105 _cwnd=219105
Initialize per-instance NSCC parameters: flowid 126 _base_rtt=11685600 _base_bdp=146070 _bdp=146070 _min_cwnd=4150 _maxwnd=219105 _cwnd=219105
Initialize per-instance NSCC parameters: flowid 127 _base_rtt=11685600 _base_bdp=146070 _bdp=146070 _min_cwnd=4150 _maxwnd=219105 _cwnd=219105
Initialize per-instance NSCC parameters: flowid 128 _base_rtt=11685600 _base_bdp=146070 _bdp=146070 _min_cwnd=4150 _maxwnd=219105 _cwnd=219105
Initialize per-instance NSCC parameters: flowid 129 _base_rtt=11685600 _base_bdp=146070 _bdp=146070 _min_cwnd=4150 _maxwnd=219105 _cwnd=219105
Initialize per-instance NSCC parameters: flowid 130 _base_rtt=11685600 _base_bdp=146070 _bdp=146070 _min_cwnd=4150 _maxwnd=219105 _cwnd=219105
Initialize per-instance NSCC parameters: flowid 131 _base_rtt=11685600 _base_bdp=146070 _bdp=146070 _min_cwnd=4150 _maxwnd=219105 _cwnd=219105
Initialize per-instance NSCC parameters: flowid 132 _base_rtt=11685600 _base_bdp=146070 _bdp=146070 _min_cwnd=4150 _maxwnd=219105 _cwnd=219105
Initialize per-instance NSCC parameters: flowid 133 _base_rtt=11685600 _base_bdp=146070 _bdp=146070 _min_cwnd=4150 _maxwnd=219105 _cwnd=219105
Initialize per-instance NSCC parameters: flowid 134 _base_rtt=11685600 _base_bdp=146070 _bdp=146070 _min_cwnd=4150 _maxwnd=219105 _cwnd=219105
Initialize per-instance NSCC parameters: flowid 135 _base_rtt=11685600 _base_bdp=146070 _bdp=146070 _min_cwnd=4150 _maxwnd=219105 _cwnd=219105
Initialize per-instance NSCC parameters: flowid 136 _base_rtt=11685600 _base_bdp=146070 _bdp=146070 _min_cwnd=4150 _maxwnd=219105 _cwnd=219105
Initialize per-instance NSCC parameters: flowid 137 _base_rtt=11685600 _base_bdp=146070 _bdp=146070 _min_cwnd=4150 _maxwnd=219105 _cwnd=219105
Initialize per-instance NSCC parameters: flowid 138 _base_rtt=11685600 _base_bdp=146070 _bdp=146070 _min_cwnd=4150 _maxwnd=219105 _cwnd=219105
Initialize per-instance NSCC parameters: flowid 139 _base_rtt=11685600 _base_bdp=146070 _bdp=146070 _min_cwnd=4150 _maxwnd=219105 _cwnd=219105
Initialize per-instance NSCC parameters: flowid 140 _base_rtt=11685600 _base_bdp=146070 _bdp=146070 _min_cwnd=4150 _maxwnd=219105 _cwnd=219105
Initialize per-instance NSCC parameters: flowid 141 _base_rtt=11685600 _base_bdp=146070 _bdp=146070 _min_cwnd=4150 _maxwnd=219105 _cwnd=219105
Initialize per-instance NSCC parameters: flowid 142 _base_rtt=11685600 _base_bdp=146070 _bdp=146070 _min_cwnd=4150 _maxwnd=219105 _cwnd=219105
Initialize per-instance NSCC parameters: flowid 143 _base_rtt=11685600 _base_bdp=146070 _bdp=146070 _min_cwnd=4150 _maxwnd=219105 _cwnd=219105
Initialize per-instance NSCC parameters: flowid 144 _base_rtt=11685600 _base_bdp=146070 _bdp=146070 _min_cwnd=4150 _maxwnd=219105 _cwnd=219105
Initialize per-instance NSCC parameters: flowid 145 _base_rtt=11685600 _base_bdp=146070 _bdp=146070 _min_cwnd=4150 _maxwnd=219105 _cwnd=219105
Initialize per-instance NSCC parameters: flowid 146 _base_rtt=11685600 _base_bdp=146070 _bdp=146070 _min_cwnd=4150 _maxwnd=219105 _cwnd=219105
Initialize per-instance NSCC parameters: flowid 147 _base_rtt=11685600 _base_bdp=146070 _bdp=146070 _min_cwnd=4150 _maxwnd=219105 _cwnd=219105
Initialize per-instance NSCC parameters: flowid 148 _base_rtt=11685600 _base_bdp=146070 _bdp=146070 _min_cwnd=4150 _maxwnd=219105 _cwnd=219105
Initialize per-instance NSCC parameters: flowid 149 _base_rtt=11685600 _base_bdp=146070 _bdp=146070 _min_cwnd=4150 _maxwnd=219105 _cwnd=219105
Initialize per-instance NSCC parameters: flowid 150 _base_rtt=11685600 _base_bdp=146070 _bdp=146070 _min_cwnd=4150 _maxwnd=219105 _cwnd=219105
Initialize per-instance NSCC parameters: flowid 151 _base_rtt=11685600 _base_bdp=146070 _bdp=146070 _min_cwnd=4150 _maxwnd=219105 _cwnd=219105
Initialize per-instance NSCC parameters: flowid 152 _base_rtt=11685600 _base_bdp=146070 _bdp=146070 _min_cwnd=4150 _maxwnd=219105 _cwnd=219105
Initialize per-instance NSCC parameters: flowid 153 _base_rtt=11685600 _base_bdp=146070 _bdp=146070 _min_cwnd=4150 _maxwnd=219105 _cwnd=219105
Initialize per-instance NSCC parameters: flowid 154 _base_rtt=11685600 _base_bdp=146070 _bdp=146070 _min_cwnd=4150 _maxwnd=219105 _cwnd=219105
Initialize per-instance NSCC parameters: flowid 155 _base_rtt=11685600 _base_bdp=146070 _bdp=146070 _min_cwnd=4150 _maxwnd=219105 _cwnd=219105
Initialize per-instance NSCC parameters: flowid 156 _base_rtt=11685600 _base_bdp=146070 _bdp=146070 _min_cwnd=4150 _maxwnd=219105 _cwnd=219105
Initialize per-instance NSCC parameters: flowid 157 _base_rtt=11685600 _base_bdp=146070 _bdp=146070 _min_cwnd=4150 _maxwnd=219105 _cwnd=219105
Initialize per-instance NSCC parameters: flowid 158 _base_rtt=11685600 _base_bdp=146070 _bdp=146070 _min_cwnd=4150 _maxwnd=219105 _cwnd=219105
Initialize per-instance NSCC parameters: flowid 159 _base_rtt=11685600 _base_bdp=146070 _bdp=146070 _min_cwnd=4150 _maxwnd=219105 _cwnd=219105
Initialize per-instance NSCC parameters: flowid 160 _base_rtt=11685600 _base_bdp=146070 _bdp=146070 _min_cwnd=4150 _maxwnd=219105 _cwnd=219105
Initialize per-instance NSCC parameters: flowid 161 _base_rtt=11685600 _base_bdp=146070 _bdp=146070 _min_cwnd=4150 _maxwnd=219105 _cwnd=219105
Initialize per-instance NSCC parameters: flowid 162 _base_rtt=11685600 _base_bdp=146070 _bdp=146070 _min_cwnd=4150 _maxwnd=219105 _cwnd=219105
Initialize per-instance NSCC parameters: flowid 163 _base_rtt=11685600 _base_bdp=146070 _bdp=146070 _min_cwnd=4150 _maxwnd=219105 _cwnd=219105
Initialize per-instance NSCC parameters: flowid 164 _base_rtt=11685600 _base_bdp=146070 _bdp=146070 _min_cwnd=4150 _maxwnd=219105 _cwnd=219105
Initialize per-instance NSCC parameters: flowid 165 _base_rtt=11685600 _base_bdp=146070 _bdp=146070 _min_cwnd=4150 _maxwnd=219105 _cwnd=219105
Initialize per-instance NSCC parameters: flowid 166 _base_rtt=11685600 _base_bdp=146070 _bdp=146070 _min_cwnd=4150 _maxwnd=219105 _cwnd=219105
Initialize per-instance NSCC parameters: flowid 167 _base_rtt=11685600 _base_bdp=146070 _bdp=146070 _min_cwnd=4150 _maxwnd=219105 _cwnd=219105
Initialize per-instance NSCC parameters: flowid 168 _base_rtt=11685600 _base_bdp=146070 _bdp=146070 _min_cwnd=4150 _maxwnd=219105 _cwnd=219105
Initialize per-instance NSCC parameters: flowid 169 _base_rtt=11685600 _base_bdp=146070 _bdp=146070 _min_cwnd=4150 _maxwnd=219105 _cwnd=219105
Initialize per-instance NSCC parameters: flowid 170 _base_rtt=11685600 _base_bdp=146070 _bdp=146070 _min_cwnd=4150 _maxwnd=219105 _cwnd=219105
Initialize per-instance NSCC parameters: flowid 171 _base_rtt=11685600 _base_bdp=146070 _bdp=146070 _min_cwnd=4150 _maxwnd=219105 _cwnd=219105
Initialize per-instance NSCC parameters: flowid 172 _base_rtt=11685600 _base_bdp=146070 _bdp=146070 _min_cwnd=4150 _maxwnd=219105 _cwnd=219105
Initialize per-instance NSCC parameters: flowid 173 _base_rtt=11685600 _base_bdp=146070 _bdp=146070 _min_cwnd=4150 _maxwnd=219105 _cwnd=219105
Initialize per-instance NSCC parameters: flowid 174 _base_rtt=11685600 _base_bdp=146070 _bdp=146070 _min_cwnd=4150 _maxwnd=219105 _cwnd=219105
Initialize per-instance NSCC parameters: flowid 175 _base_rtt=11685600 _base_bdp=146070 _bdp=146070 _min_cwnd=4150 _maxwnd=219105 _cwnd=219105
Initialize per-instance NSCC parameters: flowid 176 _base_rtt=11685600 _base_bdp=146070 _bdp=146070 _min_cwnd=4150 _maxwnd=219105 _cwnd=219105
Initialize per-instance NSCC parameters: flowid 177 _base_rtt=11685600 _base_bdp=146070 _bdp=146070 _min_cwnd=4150 _maxwnd=219105 _cwnd=219105
Initialize per-instance NSCC parameters: flowid 178 _base_rtt=11685600 _base_bdp=146070 _bdp=146070 _min_cwnd=4150 _maxwnd=219105 _cwnd=219105
Initialize per-instance NSCC parameters: flowid 179 _base_rtt=11685600 _base_bdp=146070 _bdp=146070 _min_cwnd=4150 _maxwnd=219105 _cwnd=219105
Initialize per-instance NSCC parameters: flowid 180 _base_rtt=11685600 _base_bdp=146070 _bdp=146070 _min_cwnd=4150 _maxwnd=219105 _cwnd=219105
Initialize per-instance NSCC parameters: flowid 181 _base_rtt=11685600 _base_bdp=146070 _bdp=146070 _min_cwnd=4150 _maxwnd=219105 _cwnd=219105
Initialize per-instance NSCC parameters: flowid 182 _base_rtt=11685600 _base_bdp=146070 _bdp=146070 _min_cwnd=4150 _maxwnd=219105 _cwnd=219105
Initialize per-instance NSCC parameters: flowid 183 _base_rtt=11685600 _base_bdp=146070 _bdp=146070 _min_cwnd=4150 _maxwnd=219105 _cwnd=219105
Initialize per-instance NSCC parameters: flowid 184 _base_rtt=11685600 _base_bdp=146070 _bdp=146070 _min_cwnd=4150 _maxwnd=219105 _cwnd=219105
Initialize per-instance NSCC parameters: flowid 185 _base_rtt=11685600 _base_bdp=146070 _bdp=146070 _min_cwnd=4150 _maxwnd=219105 _cwnd=219105
Initialize per-instance NSCC parameters: flowid 186 _base_rtt=11685600 _base_bdp=146070 _bdp=146070 _min_cwnd=4150 _maxwnd=219105 _cwnd=219105
Initialize per-instance NSCC parameters: flowid 187 _base_rtt=11685600 _base_bdp=146070 _bdp=146070 _min_cwnd=4150 _maxwnd=219105 _cwnd=219105
Initialize per-instance NSCC parameters: flowid 188 _base_rtt=11685600 _base_bdp=146070 _bdp=146070 _min_cwnd=4150 _maxwnd=219105 _cwnd=219105
Initialize per-instance NSCC parameters: flowid 189 _base_rtt=11685600 _base_bdp=146070 _bdp=146070 _min_cwnd=4150 _maxwnd=219105 _cwnd=219105
Initialize per-instance NSCC parameters: flowid 190 _base_rtt=11685600 _base_bdp=146070 _bdp=146070 _min_cwnd=4150 _maxwnd=219105 _cwnd=219105
Initialize per-instance NSCC parameters: flowid 191 _base_rtt=11685600 _base_bdp=146070 _bdp=146070 _min_cwnd=4150 _maxwnd=219105 _cwnd=219105
Initialize per-instance NSCC parameters: flowid 192 _base_rtt=11685600 _base_bdp=146070 _bdp=146070 _min_cwnd=4150 _maxwnd=219105 _cwnd=219105
Initialize per-instance NSCC parameters: flowid 193 _base_rtt=11685600 _base_bdp=146070 _bdp=146070 _min_cwnd=4150 _maxwnd=219105 _cwnd=219105
Initialize per-instance NSCC parameters: flowid 194 _base_rtt=11685600 _base_bdp=146070 _bdp=146070 _min_cwnd=4150 _maxwnd=219105 _cwnd=219105
Initialize per-instance NSCC parameters: flowid 195 _base_rtt=11685600 _base_bdp=146070 _bdp=146070 _min_cwnd=4150 _maxwnd=219105 _cwnd=219105
Initialize per-instance NSCC parameters: flowid 196 _base_rtt=11685600 _base_bdp=146070 _bdp=146070 _min_cwnd=4150 _maxwnd=219105 _cwnd=219105
Initialize per-instance NSCC parameters: flowid 197 _base_rtt=11685600 _base_bdp=146070 _bdp=146070 _min_cwnd=4150 _maxwnd=219105 _cwnd=219105
Initialize per-instance NSCC parameters: flowid 198 _base_rtt=11685600 _base_bdp=146070 _bdp=146070 _min_cwnd=4150 _maxwnd=219105 _cwnd=219105
Initialize per-instance NSCC parameters: flowid 199 _base_rtt=11685600 _base_bdp=146070 _bdp=146070 _min_cwnd=4150 _maxwnd=219105 _cwnd=219105
Initialize per-instance NSCC parameters: flowid 200 _base_rtt=11685600 _base_bdp=146070 _bdp=146070 _min_cwnd=4150 _maxwnd=219105 _cwnd=219105
Initialize per-instance NSCC parameters: flowid 201 _base_rtt=11685600 _base_bdp=146070 _bdp=146070 _min_cwnd=4150 _maxwnd=219105 _cwnd=219105
Initialize per-instance NSCC parameters: flowid 202 _base_rtt=11685600 _base_bdp=146070 _bdp=146070 _min_cwnd=4150 _maxwnd=219105 _cwnd=219105
Initialize per-instance NSCC parameters: flowid 203 _base_rtt=11685600 _base_bdp=146070 _bdp=146070 _min_cwnd=4150 _maxwnd=219105 _cwnd=219105
Initialize per-instance NSCC parameters: flowid 204 _base_rtt=11685600 _base_bdp=146070 _bdp=146070 _min_cwnd=4150 _maxwnd=219105 _cwnd=219105
Initialize per-instance NSCC parameters: flowid 205 _base_rtt=11685600 _base_bdp=146070 _bdp=146070 _min_cwnd=4150 _maxwnd=219105 _cwnd=219105
Initialize per-instance NSCC parameters: flowid 206 _base_rtt=11685600 _base_bdp=146070 _bdp=146070 _min_cwnd=4150 _maxwnd=219105 _cwnd=219105
Initialize per-instance NSCC parameters: flowid 207 _base_rtt=11685600 _base_bdp=146070 _bdp=146070 _min_cwnd=4150 _maxwnd=219105 _cwnd=219105
Initialize per-instance NSCC parameters: flowid 208 _base_rtt=11685600 _base_bdp=146070 _bdp=146070 _min_cwnd=4150 _maxwnd=219105 _cwnd=219105
Initialize per-instance NSCC parameters: flowid 209 _base_rtt=11685600 _base_bdp=146070 _bdp=146070 _min_cwnd=4150 _maxwnd=219105 _cwnd=219105
Initialize per-instance NSCC parameters: flowid 210 _base_rtt=11685600 _base_bdp=146070 _bdp=146070 _min_cwnd=4150 _maxwnd=219105 _cwnd=219105
Initialize per-instance NSCC parameters: flowid 211 _base_rtt=11685600 _base_bdp=146070 _bdp=146070 _min_cwnd=4150 _maxwnd=219105 _cwnd=219105
Initialize per-instance NSCC parameters: flowid 212 _base_rtt=11685600 _base_bdp=146070 _bdp=146070 _min_cwnd=4150 _maxwnd=219105 _cwnd=219105
Initialize per-instance NSCC parameters: flowid 213 _base_rtt=11685600 _base_bdp=146070 _bdp=146070 _min_cwnd=4150 _maxwnd=219105 _cwnd=219105
Initialize per-instance NSCC parameters: flowid 214 _base_rtt=11685600 _base_bdp=146070 _bdp=146070 _min_cwnd=4150 _maxwnd=219105 _cwnd=219105
Initialize per-instance NSCC parameters: flowid 215 _base_rtt=11685600 _base_bdp=146070 _bdp=146070 _min_cwnd=4150 _maxwnd=219105 _cwnd=219105
Initialize per-instance NSCC parameters: flowid 216 _base_rtt=11685600 _base_bdp=146070 _bdp=146070 _min_cwnd=4150 _maxwnd=219105 _cwnd=219105
Initialize per-instance NSCC parameters: flowid 217 _base_rtt=11685600 _base_bdp=146070 _bdp=146070 _min_cwnd=4150 _maxwnd=219105 _cwnd=219105
Initialize per-instance NSCC parameters: flowid 218 _base_rtt=11685600 _base_bdp=146070 _bdp=146070 _min_cwnd=4150 _maxwnd=219105 _cwnd=219105
Starting simulation
Flow Uec_112_240 flowId 1 uecSrc 0 starting at 0
Flow Uec_15_143 flowId 2 uecSrc 1 starting at 0
Flow Uec_29_157 flowId 3 uecSrc 2 starting at 0
Flow Uec_47_175 flowId 4 uecSrc 3 starting at 0
Flow Uec_109_237 flowId 5 uecSrc 4 starting at 0
Flow Uec_210_82 flowId 6 uecSrc 5 starting at 0
Flow Uec_58_186 flowId 7 uecSrc 6 starting at 0
Flow Uec_74_202 flowId 8 uecSrc 7 starting at 0
Flow Uec_229_101 flowId 9 uecSrc 8 starting at 0
Flow Uec_77_205 flowId 10 uecSrc 9 starting at 0
Flow Uec_105_233 flowId 11 uecSrc 10 starting at 0
Flow Uec_175_47 flowId 12 uecSrc 11 starting at 0
Flow Uec_85_213 flowId 13 uecSrc 12 starting at 0
Flow Uec_191_63 flowId 14 uecSrc 13 starting at 0
Flow Uec_6_134 flowId 15 uecSrc 14 starting at 0
Flow Uec_30_158 flowId 16 uecSrc 15 starting at 0
Flow Uec_248_120 flowId 17 uecSrc 16 starting at 0
Flow Uec_214_86 flowId 18 uecSrc 17 starting at 0
Flow Uec_97_225 flowId 19 uecSrc 18 starting at 0
Flow Uec_200_72 flowId 20 uecSrc 19 starting at 0
Flow Uec_108_236 flowId 21 uecSrc 20 starting at 0
Flow Uec_80_208 flowId 22 uecSrc 21 starting at 0
Flow Uec_62_190 flowId 23 uecSrc 22 starting at 0
Flow Uec_50_178 flowId 24 uecSrc 23 starting at 0
Flow Uec_239_111 flowId 25 uecSrc 24 starting at 0
Flow Uec_143_15 flowId 26 uecSrc 25 starting at 0
Flow Uec_57_185 flowId 27 uecSrc 26 starting at 0
Flow Uec_199_71 flowId 28 uecSrc 27 starting at 0
Flow Uec_89_217 flowId 29 uecSrc 28 starting at 0
Flow Uec_130_2 flowId 30 uecSrc 29 starting at 0
Flow Uec_92_220 flowId 31 uecSrc 30 starting at 0
Flow Uec_133_5 flowId 32 uecSrc 31 starting at 0
Flow Uec_125_253 flowId 33 uecSrc 32 starting at 0
Flow Uec_1_129 flowId 34 uecSrc 33 starting at 0
Flow Uec_185_57 flowId 35 uecSrc 34 starting at 0
Flow Uec_4_132 flowId 36 uecSrc 35 starting at 0
Flow Uec_69_197 flowId 37 uecSrc 36 starting at 0
Flow Uec_227_99 flowId 38 uecSrc 37 starting at 0
Flow Uec_37_165 flowId 39 uecSrc 38 starting at 0
Flow Uec_38_166 flowId 40 uecSrc 39 starting at 0
Flow Uec_136_8 flowId 41 uecSrc 40 starting at 0
Flow Uec_40_168 flowId 42 uecSrc 41 starting at 0
Flow Uec_238_110 flowId 43 uecSrc 42 starting at 0
Flow Uec_148_20 flowId 44 uecSrc 43 starting at 0
Flow Uec_45_173 flowId 45 uecSrc 44 starting at 0
Flow Uec_198_70 flowId 46 uecSrc 45 starting at 0
Flow Uec_107_235 flowId 47 uecSrc 46 starting at 0
Flow Uec_43_171 flowId 48 uecSrc 47 starting at 0
Flow Uec_44_172 flowId 49 uecSrc 48 starting at 0
Flow Uec_134_6 flowId 50 uecSrc 49 starting at 0
Flow Uec_216_88 flowId 51 uecSrc 50 starting at 0
Flow Uec_247_119 flowId 52 uecSrc 51 starting at 0
Flow Uec_215_87 flowId 53 uecSrc 52 starting at 0
Flow Uec_11_139 flowId 54 uecSrc 53 starting at 0
Flow Uec_207_79 flowId 55 uecSrc 54 starting at 0
Flow Uec_212_84 flowId 56 uecSrc 55 starting at 0
Flow Uec_106_234 flowId 57 uecSrc 56 starting at 0
Flow Uec_204_76 flowId 58 uecSrc 57 starting at 0
Flow Uec_110_238 flowId 59 uecSrc 58 starting at 0
Flow Uec_124_252 flowId 60 uecSrc 59 starting at 0
Flow Uec_251_123 flowId 61 uecSrc 60 starting at 0
Flow Uec_174_46 flowId 62 uecSrc 61 starting at 0
Flow Uec_153_25 flowId 63 uecSrc 62 starting at 0
Flow Uec_187_59 flowId 64 uecSrc 63 starting at 0
Flow Uec_233_105 flowId 65 uecSrc 64 starting at 0
Flow Uec_54_182 flowId 66 uecSrc 65 starting at 0
Flow Uec_33_161 flowId 67 uecSrc 66 starting at 0
Flow Uec_128_0 flowId 68 uecSrc 67 starting at 0
Flow Uec_18_146 flowId 69 uecSrc 68 starting at 0
Flow Uec_119_247 flowId 70 uecSrc 69 starting at 0
Flow Uec_31_159 flowId 71 uecSrc 70 starting at 0
Flow Uec_205_77 flowId 72 uecSrc 71 starting at 0
Flow Uec_141_13 flowId 73 uecSrc 72 starting at 0
Flow Uec_61_189 flowId 74 uecSrc 73 starting at 0
Flow Uec_135_7 flowId 75 uecSrc 74 starting at 0
Flow Uec_140_12 flowId 76 uecSrc 75 starting at 0
Flow Uec_165_37 flowId 77 uecSrc 76 starting at 0
Flow Uec_253_125 flowId 78 uecSrc 77 starting at 0
Flow Uec_72_200 flowId 79 uecSrc 78 starting at 0
Flow Uec_160_32 flowId 80 uecSrc 79 starting at 0
Flow Uec_177_49 flowId 81 uecSrc 80 starting at 0
Flow Uec_138_10 flowId 82 uecSrc 81 starting at 0
Flow Uec_155_27 flowId 83 uecSrc 82 starting at 0
Flow Uec_170_42 flowId 84 uecSrc 83 starting at 0
Flow Uec_162_34 flowId 85 uecSrc 84 starting at 0
Flow Uec_28_156 flowId 86 uecSrc 85 starting at 0
Flow Uec_21_149 flowId 87 uecSrc 86 starting at 0
Flow Uec_224_96 flowId 88 uecSrc 87 starting at 0
Flow Uec_94_222 flowId 89 uecSrc 88 starting at 0
Flow Uec_27_155 flowId 90 uecSrc 89 starting at 0
Flow Uec_63_191 flowId 91 uecSrc 90 starting at 0
Flow Uec_53_181 flowId 92 uecSrc 91 starting at 0
Flow Uec_87_215 flowId 93 uecSrc 92 starting at 0
Flow Uec_226_98 flowId 94 uecSrc 93 starting at 0
Flow Uec_241_113 flowId 95 uecSrc 94 starting at 0
Flow Uec_252_124 flowId 96 uecSrc 95 starting at 0
Flow Uec_166_38 flowId 97 uecSrc 96 starting at 0
Flow Uec_129_1 flowId 98 uecSrc 97 starting at 0
Flow Uec_34_162 flowId 99 uecSrc 98 starting at 0
Flow Uec_203_75 flowId 100 uecSrc 99 starting at 0
Flow Uec_123_251 flowId 101 uecSrc 100 starting at 0
Flow Uec_64_192 flowId 102 uecSrc 101 starting at 0
Flow Uec_95_223 flowId 103 uecSrc 102 starting at 0
Flow Uec_88_216 flowId 104 uecSrc 103 starting at 0
Flow Uec_120_248 flowId 105 uecSrc 104 starting at 0
Flow Uec_188_60 flowId 106 uecSrc 105 starting at 0
Flow Uec_22_150 flowId 107 uecSrc 106 starting at 0
Flow Uec_168_40 flowId 108 uecSrc 107 starting at 0
Flow Uec_240_112 flowId 109 uecSrc 108 starting at 0
Flow Uec_196_68 flowId 110 uecSrc 109 starting at 0
Flow Uec_76_204 flowId 111 uecSrc 110 starting at 0
Flow Uec_102_230 flowId 112 uecSrc 111 starting at 0
Flow Uec_221_93 flowId 113 uecSrc 112 starting at 0
Flow Uec_235_107 flowId 114 uecSrc 113 starting at 0
Flow Uec_83_211 flowId 115 uecSrc 114 starting at 0
Flow Uec_244_116 flowId 116 uecSrc 115 starting at 0
Flow Uec_0_128 flowId 117 uecSrc 116 starting at 0
Flow Uec_131_3 flowId 118 uecSrc 117 starting at 0
Flow Uec_101_229 flowId 119 uecSrc 118 starting at 0
Flow Uec_193_65 flowId 120 uecSrc 119 starting at 0
Flow Uec_79_207 flowId 121 uecSrc 120 starting at 0
Flow Uec_223_95 flowId 122 uecSrc 121 starting at 0
Flow Uec_7_135 flowId 123 uecSrc 122 starting at 0
Flow Uec_39_167 flowId 124 uecSrc 123 starting at 0
Flow Uec_82_210 flowId 125 uecSrc 124 starting at 0
Flow Uec_211_83 flowId 126 uecSrc 125 starting at 0
Flow Uec_146_18 flowId 127 uecSrc 126 starting at 0
Flow Uec_42_170 flowId 128 uecSrc 127 starting at 0
Flow Uec_156_28 flowId 129 uecSrc 128 starting at 0
Flow Uec_157_29 flowId 130 uecSrc 129 starting at 0
Flow Uec_169_41 flowId 131 uecSrc 130 starting at 0
Flow Uec_237_109 flowId 132 uecSrc 131 starting at 0
Flow Uec_209_81 flowId 133 uecSrc 132 starting at 0
Flow Uec_154_26 flowId 134 uecSrc 133 starting at 0
Flow Uec_118_246 flowId 135 uecSrc 134 starting at 0
Flow Uec_55_183 flowId 136 uecSrc 135 starting at 0
Flow Uec_139_11 flowId 137 uecSrc 136 starting at 0
Flow Uec_225_97 flowId 138 uecSrc 137 starting at 0
Flow Uec_137_9 flowId 139 uecSrc 138 starting at 0
Flow Uec_164_36 flowId 140 uecSrc 139 starting at 0
Flow Uec_178_50 flowId 141 uecSrc 140 starting at 0
Flow Uec_149_21 flowId 142 uecSrc 141 starting at 0
Flow Uec_186_58 flowId 143 uecSrc 142 starting at 0
Flow Uec_23_151 flowId 144 uecSrc 143 starting at 0
Flow Uec_90_218 flowId 145 uecSrc 144 starting at 0
Flow Uec_195_67 flowId 146 uecSrc 145 starting at 0
Flow Uec_142_14 flowId 147 uecSrc 146 starting at 0
Flow Uec_9_137 flowId 148 uecSrc 147 starting at 0
Flow Uec_172_44 flowId 149 uecSrc 148 starting at 0
Flow Uec_10_138 flowId 150 uecSrc 149 starting at 0
Flow Uec_104_232 flowId 151 uecSrc 150 starting at 0
Flow Uec_127_255 flowId 152 uecSrc 151 starting at 0
Flow Uec_81_209 flowId 153 uecSrc 152 starting at 0
Flow Uec_243_115 flowId 154 uecSrc 153 starting at 0
Flow Uec_86_214 flowId 155 uecSrc 154 starting at 0
Flow Uec_236_108 flowId 156 uecSrc 155 starting at 0
Flow Uec_73_201 flowId 157 uecSrc 156 starting at 0
Flow Uec_8_136 flowId 158 uecSrc 157 starting at 0
Flow Uec_19_147 flowId 159 uecSrc 158 starting at 0
Flow Uec_230_102 flowId 160 uecSrc 159 starting at 0
Flow Uec_202_74 flowId 161 uecSrc 160 starting at 0
Flow Uec_20_148 flowId 162 uecSrc 161 starting at 0
Flow Uec_36_164 flowId 163 uecSrc 162 starting at 0
Flow Uec_183_55 flowId 164 uecSrc 163 starting at 0
Flow Uec_167_39 flowId 165 uecSrc 164 starting at 0
Flow Uec_213_85 flowId 166 uecSrc 165 starting at 0
Flow Uec_161_33 flowId 167 uecSrc 166 starting at 0
Flow Uec_132_4 flowId 168 uecSrc 167 starting at 0
Flow Uec_184_56 flowId 169 uecSrc 168 starting at 0
Flow Uec_181_53 flowId 170 uecSrc 169 starting at 0
Flow Uec_254_126 flowId 171 uecSrc 170 starting at 0
Flow Uec_56_184 flowId 172 uecSrc 171 starting at 0
Flow Uec_91_219 flowId 173 uecSrc 172 starting at 0
Flow Uec_48_176 flowId 174 uecSrc 173 starting at 0
Flow Uec_179_51 flowId 175 uecSrc 174 starting at 0
Flow Uec_158_30 flowId 176 uecSrc 175 starting at 0
Flow Uec_5_133 flowId 177 uecSrc 176 starting at 0
Flow Uec_194_66 flowId 178 uecSrc 177 starting at 0
Flow Uec_70_198 flowId 179 uecSrc 178 starting at 0
Flow Uec_52_180 flowId 180 uecSrc 179 starting at 0
Flow Uec_121_249 flowId 181 uecSrc 180 starting at 0
Flow Uec_111_239 flowId 182 uecSrc 181 starting at 0
Flow Uec_159_31 flowId 183 uecSrc 182 starting at 0
Flow Uec_16_144 flowId 184 uecSrc 183 starting at 0
Flow Uec_49_177 flowId 185 uecSrc 184 starting at 0
Flow Uec_46_174 flowId 186 uecSrc 185 starting at 0
Flow Uec_71_199 flowId 187 uecSrc 186 starting at 0
Flow Uec_190_62 flowId 188 uecSrc 187 starting at 0
Flow Uec_100_228 flowId 189 uecSrc 188 starting at 0
Flow Uec_219_91 flowId 190 uecSrc 189 starting at 0
Flow Uec_152_24 flowId 191 uecSrc 190 starting at 0
Flow Uec_234_106 flowId 192 uecSrc 191 starting at 0
Flow Uec_171_43 flowId 193 uecSrc 192 starting at 0
Flow Uec_60_188 flowId 194 uecSrc 193 starting at 0
Flow Uec_206_78 flowId 195 uecSrc 194 starting at 0
Flow Uec_93_221 flowId 196 uecSrc 195 starting at 0
Flow Uec_246_118 flowId 197 uecSrc 196 starting at 0
Flow Uec_41_169 flowId 198 uecSrc 197 starting at 0
Flow Uec_150_22 flowId 199 uecSrc 198 starting at 0
Flow Uec_122_250 flowId 200 uecSrc 199 starting at 0
Flow Uec_65_193 flowId 201 uecSrc 200 starting at 0
Flow Uec_67_195 flowId 202 uecSrc 201 starting at 0
Flow Uec_26_154 flowId 203 uecSrc 202 starting at 0
Flow Uec_208_80 flowId 204 uecSrc 203 starting at 0
Flow Uec_218_90 flowId 205 uecSrc 204 starting at 0
Flow Uec_13_141 flowId 206 uecSrc 205 starting at 0
Flow Uec_117_245 flowId 207 uecSrc 206 starting at 0
Flow Uec_24_152 flowId 208 uecSrc 207 starting at 0
Flow Uec_51_179 flowId 209 uecSrc 208 starting at 0
Flow Uec_116_244 flowId 210 uecSrc 209 starting at 0
Flow Uec_98_226 flowId 211 uecSrc 210 starting at 0
Flow Uec_32_160 flowId 212 uecSrc 211 starting at 0
Flow Uec_201_73 flowId 213 uecSrc 212 starting at 0
Flow Uec_3_131 flowId 214 uecSrc 213 starting at 0
Flow Uec_2_130 flowId 215 uecSrc 214 starting at 0
Flow Uec_78_206 flowId 216 uecSrc 215 starting at 0
Flow Uec_232_104 flowId 217 uecSrc 216 starting at 0
Flow Uec_25_153 flowId 218 uecSrc 217 starting at 0
136.483 flowid 45 Spurious 20
141.901 flowid 214 Spurious 12
143.778 flowid 175 Spurious 10
144.447 flowid 175 Spurious 13
145.505 flowid 34 Spurious 59
145.791 flowid 175 Spurious 18
150.255 flowid 117 Spurious 49
152.156 flowid 92 Spurious 3
152.717 flowid 117 Spurious 46
155.055 flowid 67 Spurious 55
156.186 flowid 117 Spurious 54
158.882 flowid 117 Spurious 61
158.915 flowid 164 Spurious 60
162.34 flowid 107 Spurious 92
164.631 flowid 107 Spurious 100
171.338 flowid 107 Spurious 109
Flow Uec_194_66 flowId 178 uecSrc 177 finished at 174.369 total messages 1 total packets 490 RTS 0 total bytes 2002140 in_flight now 0 fair_inc 0 prop_inc 10495 fast_inc 444999 eta_inc 8344 multi_dec -0 quick_dec -0 nack_dec -0
Flow Uec_123_251 flowId 101 uecSrc 100 finished at 175.839 total messages 1 total packets 490 RTS 0 total bytes 2002140 in_flight now 0 fair_inc 0 prop_inc 59849 fast_inc 185886 eta_inc 8344 multi_dec -0 quick_dec -0 nack_dec -0
Flow Uec_112_240 flowId 1 uecSrc 0 finished at 176.024 total messages 1 total packets 490 RTS 0 total bytes 2002140 in_flight now 0 fair_inc 0 prop_inc 95232 fast_inc 8082 eta_inc 8344 multi_dec -0 quick_dec -0 nack_dec -0
Flow Uec_127_255 flowId 152 uecSrc 151 finished at 176.192 total messages 1 total packets 490 RTS 0 total bytes 2002140 in_flight now 0 fair_inc 0 prop_inc 77415 fast_inc 72738 eta_inc 8344 multi_dec -0 quick_dec -0 nack_dec -0
Flow Uec_184_56 flowId 169 uecSrc 168 finished at 176.279 total messages 1 total packets 490 RTS 0 total bytes 2002140 in_flight now 0 fair_inc 0 prop_inc 88734 fast_inc 48492 eta_inc 8344 multi_dec -0 quick_dec -0 nack_dec -0
Flow Uec_121_249 flowId 181 uecSrc 180 finished at 176.881 total messages 1 total packets 490 RTS 0 total bytes 2002140 in_flight now 0 fair_inc 0 prop_inc 74747 fast_inc 36369 eta_inc 8344 multi_dec -0 quick_dec -0 nack_dec -0
Flow Uec_154_26 flowId 134 uecSrc 133 finished at 177.232 total messages 1 total packets 490 RTS 0 total bytes 2002140 in_flight now 0 fair_inc 0 prop_inc 84355 fast_inc 20205 eta_inc 8344 multi_dec -0 quick_dec -0 nack_dec -0
Flow Uec_107_235 flowId 47 uecSrc 46 finished at 179.807 total messages 1 total packets 490 RTS 0 total bytes 2002140 in_flight now 0 fair_inc 0 prop_inc 61839 fast_inc 8082 eta_inc 8344 multi_dec -0 quick_dec -0 nack_dec -0
Flow Uec_136_8 flowId 41 uecSrc 40 finished at 180.162 total messages 1 total packets 490 RTS 0 total bytes 2002140 in_flight now 0 fair_inc 0 prop_inc 69679 fast_inc 141437 eta_inc 8344 multi_dec -0 quick_dec -0 nack_dec -0
Flow Uec_16_144 flowId 184 uecSrc 183 finished at 185.045 total messages 1 total packets 490 RTS 0 total bytes 2002140 in_flight now 0 fair_inc 0 prop_inc 32997 fast_inc 0 eta_inc 8940 multi_dec -0 quick_dec -0 nack_dec -0
Flow Uec_132_4 flowId 168 uecSrc 167 finished at 185.304 total messages 1 total packets 490 RTS 0 total bytes 2002140 in_flight now 0 fair_inc 0 prop_inc 88186 fast_inc 28287 eta_inc 8344 multi_dec -0 quick_dec -0 nack_dec -0
Flow Uec_62_190 flowId 23 uecSrc 22 finished at 188.007 total messages 1 total packets 490 RTS 0 total bytes 2002140 in_flight now 0 fair_inc 0 prop_inc 30372 fast_inc 0 eta_inc 8940 multi_dec -0 quick_dec -0 nack_dec -0
Flow Uec_65_193 flowId 201 uecSrc 200 finished at 189.493 total messages 1 total packets 490 RTS 0 total bytes 2002140 in_flight now 0 fair_inc 0 prop_inc 31027 fast_inc 0 eta_inc 8940 multi_dec -0 quick_dec -0 nack_dec -0
Flow Uec_18_146 flowId 69 uecSrc 68 finished at 196.144 total messages 1 total packets 490 RTS 0 total bytes 2002140 in_flight now 0 fair_inc 376 prop_inc 21654 fast_inc 0 eta_inc 9536 multi_dec -0 quick_dec -0 nack_dec -0
Flow Uec_248_120 flowId 17 uecSrc 16 finished at 198.633 total messages 1 total packets 490 RTS 0 total bytes 2002140 in_flight now 0 fair_inc 0 prop_inc 24833 fast_inc 0 eta_inc 9536 multi_dec -0 quick_dec -0 nack_dec -0
Flow Uec_34_162 flowId 99 uecSrc 98 finished at 200.287 total messages 1 total packets 490 RTS 0 total bytes 2002140 in_flight now 0 fair_inc 4870 prop_inc 16550 fast_inc 0 eta_inc 9536 multi_dec -0 quick_dec -0 nack_dec -0
205.566 flowid 54 Spurious 184
Flow Uec_253_125 flowId 78 uecSrc 77 finished at 207.812 total messages 1 total packets 490 RTS 0 total bytes 2002140 in_flight now 0 fair_inc 5242 prop_inc 15247 fast_inc 0 eta_inc 9536 multi_dec -0 quick_dec -0 nack_dec -0
Flow Uec_118_246 flowId 135 uecSrc 134 finished at 221.24 total messages 1 total packets 490 RTS 0 total bytes 2002140 in_flight now 0 fair_inc 5912 prop_inc 8112 fast_inc 0 eta_inc 10728 multi_dec -9673 quick_dec -0 nack_dec -20750
228.51 flowid 136 Spurious 7
231.679 flowid 2 Spurious 249
233.659 flowid 40 Spurious 199
235.654 flowid 15 Spurious 230
237.319 flowid 15 Spurious 237
239.643 flowid 15 Spurious 240
244.187 flowid 39 Spurious 249
244.442 flowid 40 Spurious 200
Flow Uec_19_147 flowId 159 uecSrc 158 finished at 254.471 total messages 1 total packets 490 RTS 0 total bytes 2002140 in_flight now 0 fair_inc 5617 prop_inc 32040 fast_inc 0 eta_inc 10132 multi_dec -0 quick_dec -0 nack_dec -0
262.248 flowid 159 Spurious 367
Flow Uec_254_126 flowId 171 uecSrc 170 finished at 262.956 total messages 1 total packets 490 RTS 0 total bytes 2002140 in_flight now 0 fair_inc 15150 prop_inc 32912 fast_inc 49496 eta_inc 12516 multi_dec -142947 quick_dec -0 nack_dec -0
Flow Uec_23_151 flowId 144 uecSrc 143 finished at 268.803 total messages 1 total packets 490 RTS 0 total bytes 2002140 in_flight now 0 fair_inc 11990 prop_inc 19812 fast_inc 0 eta_inc 11324 multi_dec -0 quick_dec -0 nack_dec -0
276.103 flowid 144 Spurious 371
276.118 flowid 212 Spurious 233
277.768 flowid 144 Spurious 377
Flow Uec_183_55 flowId 164 uecSrc 163 finished at 282.108 total messages 1 total packets 491 RTS 1 total bytes 2002140 in_flight now 0 fair_inc 6365 prop_inc 21408 fast_inc 0 eta_inc 12516 multi_dec -41697 quick_dec -0 nack_dec -29050
Flow Uec_234_106 flowId 192 uecSrc 191 finished at 284.447 total messages 1 total packets 490 RTS 0 total bytes 2002140 in_flight now 0 fair_inc 10426 prop_inc 45873 fast_inc 0 eta_inc 13112 multi_dec -75829 quick_dec -0 nack_dec -53950
285.188 flowid 32 Spurious 485
285.525 flowid 32 Spurious 486
285.857 flowid 32 Spurious 487
286.189 flowid 32 Spurious 488
286.35 flowid 32 Spurious 489
Flow Uec_133_5 flowId 32 uecSrc 31 finished at 291.484 total messages 1 total packets 490 RTS 0 total bytes 2002140 in_flight now 0 fair_inc 0 prop_inc 84488 fast_inc 0 eta_inc 8940 multi_dec -0 quick_dec -0 nack_dec -0
292.182 flowid 170 Spurious 481
292.514 flowid 170 Spurious 482
292.846 flowid 170 Spurious 483
293.184 flowid 170 Spurious 484
293.516 flowid 170 Spurious 485
293.848 flowid 170 Spurious 486
294.185 flowid 170 Spurious 487
294.517 flowid 170 Spurious 488
294.677 flowid 170 Spurious 489
Flow Uec_20_148 flowId 162 uecSrc 161 finished at 294.812 total messages 1 total packets 497 RTS 7 total bytes 2002140 in_flight now 0 fair_inc 10323 prop_inc 34467 fast_inc 0 eta_inc 13708 multi_dec -0 quick_dec -0 nack_dec -0
297.323 flowid 90 Spurious 308
Flow Uec_44_172 flowId 49 uecSrc 48 finished at 297.671 total messages 1 total packets 492 RTS 2 total bytes 2002140 in_flight now 0 fair_inc 1905 prop_inc 61256 fast_inc 0 eta_inc 11324 multi_dec -0 quick_dec -206655 nack_dec -33200
298.151 flowid 117 Spurious 287
Flow Uec_181_53 flowId 170 uecSrc 169 finished at 299.214 total messages 1 total packets 490 RTS 0 total bytes 2002140 in_flight now 0 fair_inc 0 prop_inc 19331 fast_inc 400558 eta_inc 7748 multi_dec -0 quick_dec -0 nack_dec -0
302.048 flowid 16 Spurious 301
304.778 flowid 90 Spurious 324
305.996 flowid 90 Spurious 322
Flow Uec_15_143 flowId 2 uecSrc 1 finished at 306.96 total messages 1 total packets 494 RTS 4 total bytes 2002140 in_flight now 0 fair_inc 19430 prop_inc 16223 fast_inc 0 eta_inc 13708 multi_dec -0 quick_dec -178979 nack_dec -4150
Flow Uec_109_237 flowId 5 uecSrc 4 finished at 307.728 total messages 1 total packets 490 RTS 0 total bytes 2002140 in_flight now 0 fair_inc 7839 prop_inc 24713 fast_inc 0 eta_inc 14304 multi_dec -93910 quick_dec -0 nack_dec -29050
Flow Uec_98_226 flowId 211 uecSrc 210 finished at 311.317 total messages 1 total packets 490 RTS 0 total bytes 2002140 in_flight now 0 fair_inc 3297 prop_inc 31853 fast_inc 0 eta_inc 14900 multi_dec -87682 quick_dec -0 nack_dec -37350
Flow Uec_37_165 flowId 39 uecSrc 38 finished at 312.036 total messages 1 total packets 495 RTS 5 total bytes 2002140 in_flight now -64 fair_inc 9396 prop_inc 25193 fast_inc 0 eta_inc 13708 multi_dec -73309 quick_dec -0 nack_dec -4150
Flow Uec_1_129 flowId 34 uecSrc 33 finished at 313.1 total messages 1 total packets 492 RTS 2 total bytes 2002140 in_flight now 0 fair_inc 1877 prop_inc 43292 fast_inc 0 eta_inc 11324 multi_dec -0 quick_dec -200484 nack_dec -12450
Flow Uec_207_79 flowId 55 uecSrc 54 finished at 320.726 total messages 1 total packets 490 RTS 0 total bytes 2002140 in_flight now 0 fair_inc 6976 prop_inc 36800 fast_inc 0 eta_inc 15496 multi_dec -115308 quick_dec -0 nack_dec -29050
Flow Uec_89_217 flowId 29 uecSrc 28 finished at 322.976 total messages 1 total packets 490 RTS 0 total bytes 2002140 in_flight now 0 fair_inc 4147 prop_inc 29754 fast_inc 0 eta_inc 15496 multi_dec -68300 quick_dec -0 nack_dec -58100
Flow Uec_90_218 flowId 145 uecSrc 144 finished at 324.91 total messages 1 total packets 490 RTS 0 total bytes 2002140 in_flight now 0 fair_inc 7676 prop_inc 28232 fast_inc 0 eta_inc 15496 multi_dec -68362 quick_dec -0 nack_dec -58100
Flow Uec_57_185 flowId 27 uecSrc 26 finished at 325.534 total messages 1 total packets 490 RTS 0 total bytes 2002140 in_flight now 0 fair_inc 790 prop_inc 26191 fast_inc 0 eta_inc 15496 multi_dec -57410 quick_dec -0 nack_dec -62250
329.246 flowid 54 Spurious 469
330.218 flowid 54 Spurious 461
Flow Uec_153_25 flowId 63 uecSrc 62 finished at 330.392 total messages 1 total packets 491 RTS 1 total bytes 2002140 in_flight now 0 fair_inc 9956 prop_inc 37878 fast_inc 0 eta_inc 15496 multi_dec -109839 quick_dec -0 nack_dec -24900
Flow Uec_191_63 flowId 14 uecSrc 13 finished at 332.434 total messages 1 total packets 490 RTS 0 total bytes 2002140 in_flight now 0 fair_inc 6232 prop_inc 33908 fast_inc 0 eta_inc 15496 multi_dec -74312 quick_dec -0 nack_dec -58100
334.828 flowid 186 Spurious 345
Flow Uec_102_230 flowId 112 uecSrc 111 finished at 335.89 total messages 1 total packets 490 RTS 0 total bytes 2002140 in_flight now 0 fair_inc 9491 prop_inc 16871 fast_inc 0 eta_inc 16092 multi_dec -78647 quick_dec -0 nack_dec -45650
Flow Uec_36_164 flowId 163 uecSrc 162 finished at 337.34 total messages 1 total packets 496 RTS 6 total bytes 2002140 in_flight now 0 fair_inc 10609 prop_inc 52710 fast_inc 15642 eta_inc 16092 multi_dec -113365 quick_dec -0 nack_dec -0
338.235 flowid 123 Spurious 470
Flow Uec_7_135 flowId 123 uecSrc 122 finished at 339.343 total messages 1 total packets 491 RTS 1 total bytes 2002140 in_flight now 0 fair_inc 2543 prop_inc 60292 fast_inc 0 eta_inc 11920 multi_dec -0 quick_dec -0 nack_dec -49800
Flow Uec_6_134 flowId 15 uecSrc 14 finished at 339.364 total messages 1 total packets 493 RTS 3 total bytes 2002140 in_flight now 0 fair_inc 18588 prop_inc 13735 fast_inc 0 eta_inc 14304 multi_dec -11284 quick_dec -144270 nack_dec -12450
Flow Uec_188_60 flowId 106 uecSrc 105 finished at 339.99 total messages 1 total packets 490 RTS 0 total bytes 2002140 in_flight now 0 fair_inc 9698 prop_inc 38431 fast_inc 0 eta_inc 16092 multi_dec -116023 quick_dec -0 nack_dec -33200
Flow Uec_22_150 flowId 107 uecSrc 106 finished at 341.258 total messages 1 total packets 493 RTS 3 total bytes 2002140 in_flight now 0 fair_inc 5398 prop_inc 39969 fast_inc 0 eta_inc 14900 multi_dec -0 quick_dec -0 nack_dec -0
Flow Uec_105_233 flowId 11 uecSrc 10 finished at 342.64 total messages 1 total packets 490 RTS 0 total bytes 2002140 in_flight now 0 fair_inc 17267 prop_inc 17183 fast_inc 0 eta_inc 16688 multi_dec -83254 quick_dec -0 nack_dec -45650
Flow Uec_80_208 flowId 22 uecSrc 21 finished at 344.187 total messages 1 total packets 490 RTS 0 total bytes 2002140 in_flight now 0 fair_inc 6422 prop_inc 39656 fast_inc 0 eta_inc 16688 multi_dec -112673 quick_dec -0 nack_dec -37350
Flow Uec_100_228 flowId 189 uecSrc 188 finished at 345.25 total messages 1 total packets 490 RTS 0 total bytes 2002140 in_flight now 0 fair_inc 9534 prop_inc 35437 fast_inc 0 eta_inc 16688 multi_dec -100363 quick_dec -0 nack_dec -49800
Flow Uec_225_97 flowId 138 uecSrc 137 finished at 346.297 total messages 1 total packets 490 RTS 0 total bytes 2002140 in_flight now 0 fair_inc 4278 prop_inc 51394 fast_inc 0 eta_inc 16092 multi_dec -91860 quick_dec -0 nack_dec -62250
Flow Uec_81_209 flowId 153 uecSrc 152 finished at 346.852 total messages 1 total packets 490 RTS 0 total bytes 2002140 in_flight now 0 fair_inc 17655 prop_inc 35246 fast_inc 0 eta_inc 16688 multi_dec -109538 quick_dec -0 nack_dec -37350
Flow Uec_101_229 flowId 119 uecSrc 118 finished at 346.926 total messages 1 total packets 490 RTS 0 total bytes 2002140 in_flight now 0 fair_inc 3095 prop_inc 39634 fast_inc 0 eta_inc 15496 multi_dec -106314 quick_dec -0 nack_dec -45650
Flow Uec_111_239 flowId 182 uecSrc 181 finished at 348.215 total messages 1 total packets 490 RTS 0 total bytes 2002140 in_flight now 0 fair_inc 5956 prop_inc 51868 fast_inc 0 eta_inc 16688 multi_dec -99473 quick_dec -0 nack_dec -53950
350.647 flowid 186 Spurious 377
Flow Uec_138_10 flowId 82 uecSrc 81 finished at 351.3 total messages 1 total packets 490 RTS 0 total bytes 2002140 in_flight now 0 fair_inc 4205 prop_inc 44825 fast_inc 0 eta_inc 16092 multi_dec -105126 quick_dec -0 nack_dec -41500
Flow Uec_137_9 flowId 139 uecSrc 138 finished at 353.948 total messages 1 total packets 490 RTS 0 total bytes 2002140 in_flight now 0 fair_inc 4376 prop_inc 47267 fast_inc 0 eta_inc 16092 multi_dec -111204 quick_dec -0 nack_dec -29050
Flow Uec_108_236 flowId 21 uecSrc 20 finished at 355.932 total messages 1 total packets 490 RTS 0 total bytes 2002140 in_flight now 0 fair_inc 4616 prop_inc 48594 fast_inc 0 eta_inc 16688 multi_dec -66079 quick_dec -0 nack_dec -78850
Flow Uec_41_169 flowId 198 uecSrc 197 finished at 356.316 total messages 1 total packets 492 RTS 2 total bytes 2002140 in_flight now 0 fair_inc 2256 prop_inc 36432 fast_inc 0 eta_inc 13112 multi_dec -0 quick_dec -198011 nack_dec -4150
Flow Uec_11_139 flowId 54 uecSrc 53 finished at 356.965 total messages 1 total packets 493 RTS 3 total bytes 2002140 in_flight now 0 fair_inc 6494 prop_inc 64561 fast_inc 0 eta_inc 13708 multi_dec -0 quick_dec -185724 nack_dec -33200
Flow Uec_30_158 flowId 16 uecSrc 15 finished at 357.205 total messages 1 total packets 496 RTS 6 total bytes 2002140 in_flight now 0 fair_inc 15643 prop_inc 26827 fast_inc 0 eta_inc 16688 multi_dec -79547 quick_dec -0 nack_dec -16600
Flow Uec_64_192 flowId 102 uecSrc 101 finished at 358.648 total messages 1 total packets 490 RTS 0 total bytes 2002140 in_flight now 0 fair_inc 16849 prop_inc 40742 fast_inc 0 eta_inc 16688 multi_dec -76120 quick_dec -0 nack_dec -74700
Flow Uec_63_191 flowId 91 uecSrc 90 finished at 361.055 total messages 1 total packets 490 RTS 0 total bytes 2002140 in_flight now 0 fair_inc 41146 prop_inc 44725 fast_inc 0 eta_inc 16688 multi_dec -125570 quick_dec -0 nack_dec -37350
Flow Uec_170_42 flowId 84 uecSrc 83 finished at 361.257 total messages 1 total packets 490 RTS 0 total bytes 2002140 in_flight now 0 fair_inc 8556 prop_inc 53598 fast_inc 7560 eta_inc 16092 multi_dec -124345 quick_dec -0 nack_dec -29050
Flow Uec_67_195 flowId 202 uecSrc 201 finished at 361.558 total messages 1 total packets 490 RTS 0 total bytes 2002140 in_flight now 0 fair_inc 22359 prop_inc 46698 fast_inc 0 eta_inc 17284 multi_dec -139772 quick_dec -0 nack_dec -16600
Flow Uec_195_67 flowId 146 uecSrc 145 finished at 363.02 total messages 1 total packets 490 RTS 0 total bytes 2002140 in_flight now 0 fair_inc 9509 prop_inc 78409 fast_inc 9091 eta_inc 16688 multi_dec -114954 quick_dec -0 nack_dec -53950
364.082 flowid 90 Spurious 411
366.074 flowid 90 Spurious 414
Flow Uec_251_123 flowId 61 uecSrc 60 finished at 367.981 total messages 1 total packets 490 RTS 0 total bytes 2002140 in_flight now 0 fair_inc 8619 prop_inc 56964 fast_inc 0 eta_inc 17284 multi_dec -114464 quick_dec -0 nack_dec -49800
369.092 flowid 90 Spurious 418
Flow Uec_252_124 flowId 96 uecSrc 95 finished at 380.299 total messages 1 total packets 490 RTS 0 total bytes 2002140 in_flight now 0 fair_inc 11675 prop_inc 48343 fast_inc 0 eta_inc 17880 multi_dec -61354 quick_dec -0 nack_dec -103750
384.537 flowid 40 Spurious 299
Flow Uec_24_152 flowId 208 uecSrc 207 finished at 387.658 total messages 1 total packets 492 RTS 2 total bytes 2002140 in_flight now 0 fair_inc 20945 prop_inc 10923 fast_inc 0 eta_inc 18476 multi_dec -154372 quick_dec -0 nack_dec -4150
Flow Uec_227_99 flowId 38 uecSrc 37 finished at 387.723 total messages 1 total packets 490 RTS 0 total bytes 2002140 in_flight now 0 fair_inc 3907 prop_inc 99616 fast_inc 0 eta_inc 17284 multi_dec -128159 quick_dec -0 nack_dec -45650
Flow Uec_40_168 flowId 42 uecSrc 41 finished at 389.118 total messages 1 total packets 493 RTS 3 total bytes 2002140 in_flight now -64 fair_inc 10896 prop_inc 69868 fast_inc 0 eta_inc 17880 multi_dec -123904 quick_dec -0 nack_dec -58100
Flow Uec_247_119 flowId 52 uecSrc 51 finished at 390.335 total messages 1 total packets 490 RTS 0 total bytes 2002140 in_flight now 0 fair_inc 37903 prop_inc 53714 fast_inc 0 eta_inc 18476 multi_dec -163318 quick_dec -0 nack_dec -24900
Flow Uec_5_133 flowId 177 uecSrc 176 finished at 395.495 total messages 1 total packets 497 RTS 7 total bytes 2002140 in_flight now 0 fair_inc 12585 prop_inc 40618 fast_inc 0 eta_inc 17284 multi_dec -0 quick_dec -161285 nack_dec -12450
Flow Uec_238_110 flowId 43 uecSrc 42 finished at 398.833 total messages 1 total packets 490 RTS 0 total bytes 2002140 in_flight now 0 fair_inc 17979 prop_inc 52804 fast_inc 0 eta_inc 17284 multi_dec -134603 quick_dec -0 nack_dec -41500
405.527 flowid 90 Spurious 479
Flow Uec_218_90 flowId 205 uecSrc 204 finished at 406.709 total messages 1 total packets 490 RTS 0 total bytes 2002140 in_flight now 0 fair_inc 22430 prop_inc 19553 fast_inc 0 eta_inc 19668 multi_dec -55898 quick_dec -0 nack_dec -112050
Flow Uec_27_155 flowId 90 uecSrc 89 finished at 408.651 total messages 1 total packets 498 RTS 8 total bytes 2002140 in_flight now 0 fair_inc 10079 prop_inc 28005 fast_inc 0 eta_inc 16688 multi_dec -53756 quick_dec -98253 nack_dec -29050
Flow Uec_239_111 flowId 25 uecSrc 24 finished at 412.004 total messages 1 total packets 490 RTS 0 total bytes 2002140 in_flight now 0 fair_inc 5522 prop_inc 57993 fast_inc 0 eta_inc 19072 multi_dec -142772 quick_dec -0 nack_dec -41500
Flow Uec_246_118 flowId 197 uecSrc 196 finished at 412.929 total messages 1 total packets 490 RTS 0 total bytes 2002140 in_flight now 0 fair_inc 7081 prop_inc 53968 fast_inc 29782 eta_inc 19072 multi_dec -85920 quick_dec -0 nack_dec -91300
Flow Uec_26_154 flowId 203 uecSrc 202 finished at 417.135 total messages 1 total packets 491 RTS 1 total bytes 2002140 in_flight now 0 fair_inc 19536 prop_inc 60419 fast_inc 2020 eta_inc 19072 multi_dec -157079 quick_dec -0 nack_dec -29050
Flow Uec_128_0 flowId 68 uecSrc 67 finished at 417.635 total messages 1 total packets 491 RTS 1 total bytes 2002140 in_flight now 0 fair_inc 1666 prop_inc 18334 fast_inc 0 eta_inc 19668 multi_dec -16197 quick_dec -0 nack_dec -112050
Flow Uec_33_161 flowId 67 uecSrc 66 finished at 427.32 total messages 1 total packets 502 RTS 12 total bytes 2002140 in_flight now 0 fair_inc 12438 prop_inc 66996 fast_inc 1499 eta_inc 19668 multi_dec -67523 quick_dec -0 nack_dec -12450
Flow Uec_28_156 flowId 86 uecSrc 85 finished at 428.357 total messages 1 total packets 492 RTS 2 total bytes 2002140 in_flight now 0 fair_inc 36354 prop_inc 46842 fast_inc 0 eta_inc 17880 multi_dec -154901 quick_dec -0 nack_dec -20750
Flow Uec_130_2 flowId 30 uecSrc 29 finished at 429.112 total messages 1 total packets 492 RTS 2 total bytes 2002140 in_flight now 0 fair_inc 9273 prop_inc 16431 fast_inc 0 eta_inc 19072 multi_dec -49 quick_dec -0 nack_dec -124500
Flow Uec_152_24 flowId 191 uecSrc 190 finished at 430.287 total messages 1 total packets 491 RTS 1 total bytes 2002140 in_flight now 0 fair_inc 18412 prop_inc 6696 fast_inc 0 eta_inc 19668 multi_dec -53149 quick_dec -0 nack_dec -107900
Flow Uec_223_95 flowId 122 uecSrc 121 finished at 433.94 total messages 1 total packets 490 RTS 0 total bytes 2002140 in_flight now 0 fair_inc 19011 prop_inc 19700 fast_inc 0 eta_inc 20860 multi_dec -41482 quick_dec -0 nack_dec -116200
Flow Uec_46_174 flowId 186 uecSrc 185 finished at 447.067 total messages 1 total packets 495 RTS 5 total bytes 2002140 in_flight now 0 fair_inc 10732 prop_inc 59892 fast_inc 0 eta_inc 18476 multi_dec -33050 quick_dec -126853 nack_dec -33200
Flow Uec_21_149 flowId 87 uecSrc 86 finished at 447.613 total messages 1 total packets 501 RTS 11 total bytes 2002140 in_flight now -64 fair_inc 9824 prop_inc 47850 fast_inc 0 eta_inc 20264 multi_dec -57954 quick_dec -0 nack_dec -4150
Flow Uec_150_22 flowId 199 uecSrc 198 finished at 448.104 total messages 1 total packets 492 RTS 2 total bytes 2002140 in_flight now 0 fair_inc 40794 prop_inc 15958 fast_inc 0 eta_inc 20264 multi_dec -45645 quick_dec -0 nack_dec -120350
Flow Uec_117_245 flowId 207 uecSrc 206 finished at 448.969 total messages 1 total packets 490 RTS 0 total bytes 2002140 in_flight now 0 fair_inc 37499 prop_inc 2681 fast_inc 0 eta_inc 19668 multi_dec -87306 quick_dec -0 nack_dec -120350
Flow Uec_146_18 flowId 127 uecSrc 126 finished at 464.752 total messages 1 total packets 490 RTS 0 total bytes 2002140 in_flight now 0 fair_inc 16217 prop_inc 48437 fast_inc 0 eta_inc 21456 multi_dec -77780 quick_dec -0 nack_dec -95450
Flow Uec_160_32 flowId 80 uecSrc 79 finished at 466.767 total messages 1 total packets 492 RTS 2 total bytes 2002140 in_flight now 0 fair_inc 29974 prop_inc 14812 fast_inc 0 eta_inc 21456 multi_dec -80462 quick_dec -0 nack_dec -99600
Flow Uec_31_159 flowId 71 uecSrc 70 finished at 469.796 total messages 1 total packets 500 RTS 10 total bytes 2002140 in_flight now -192 fair_inc 17865 prop_inc 37193 fast_inc 0 eta_inc 18476 multi_dec -87203 quick_dec -112804 nack_dec -12450
Flow Uec_244_116 flowId 116 uecSrc 115 finished at 470.649 total messages 1 total packets 490 RTS 0 total bytes 2002140 in_flight now 0 fair_inc 27433 prop_inc 24547 fast_inc 0 eta_inc 22052 multi_dec -40374 quick_dec -0 nack_dec -149400
Flow Uec_201_73 flowId 213 uecSrc 212 finished at 473.136 total messages 1 total packets 490 RTS 0 total bytes 2002140 in_flight now 0 fair_inc 35711 prop_inc 50003 fast_inc 0 eta_inc 22052 multi_dec -98962 quick_dec -0 nack_dec -95450
Flow Uec_198_70 flowId 46 uecSrc 45 finished at 473.555 total messages 1 total packets 490 RTS 0 total bytes 2002140 in_flight now 0 fair_inc 24993 prop_inc 22823 fast_inc 0 eta_inc 22052 multi_dec -41817 quick_dec -0 nack_dec -149400
Flow Uec_25_153 flowId 218 uecSrc 217 finished at 474.111 total messages 1 total packets 498 RTS 8 total bytes 2002140 in_flight now 0 fair_inc 15102 prop_inc 18686 fast_inc 0 eta_inc 20264 multi_dec -59840 quick_dec -0 nack_dec -0
Flow Uec_32_160 flowId 212 uecSrc 211 finished at 480.454 total messages 1 total packets 502 RTS 12 total bytes 2002140 in_flight now 0 fair_inc 15778 prop_inc 34240 fast_inc 0 eta_inc 19668 multi_dec -66077 quick_dec -0 nack_dec -33200
Flow Uec_240_112 flowId 109 uecSrc 108 finished at 481.645 total messages 1 total packets 490 RTS 0 total bytes 2002140 in_flight now 0 fair_inc 11059 prop_inc 16620 fast_inc 0 eta_inc 22648 multi_dec -68414 quick_dec -0 nack_dec -99600
Flow Uec_172_44 flowId 149 uecSrc 148 finished at 487.294 total messages 1 total packets 491 RTS 1 total bytes 2002140 in_flight now 0 fair_inc 15787 prop_inc 31099 fast_inc 0 eta_inc 22648 multi_dec -97045 quick_dec -0 nack_dec -70550
Flow Uec_230_102 flowId 160 uecSrc 159 finished at 490.106 total messages 1 total packets 490 RTS 0 total bytes 2002140 in_flight now 0 fair_inc 13084 prop_inc 17114 fast_inc 0 eta_inc 22052 multi_dec -63864 quick_dec -0 nack_dec -107900
Flow Uec_38_166 flowId 40 uecSrc 39 finished at 496.302 total messages 1 total packets 496 RTS 6 total bytes 2002140 in_flight now 0 fair_inc 28569 prop_inc 57470 fast_inc 0 eta_inc 22648 multi_dec -175828 quick_dec -0 nack_dec -4150
Flow Uec_39_167 flowId 124 uecSrc 123 finished at 500.203 total messages 1 total packets 497 RTS 7 total bytes 2002140 in_flight now 0 fair_inc 15982 prop_inc 66724 fast_inc 0 eta_inc 22648 multi_dec -126352 quick_dec -0 nack_dec -0
Flow Uec_73_201 flowId 157 uecSrc 156 finished at 501.711 total messages 1 total packets 490 RTS 0 total bytes 2002140 in_flight now 0 fair_inc 27608 prop_inc 23680 fast_inc 0 eta_inc 22648 multi_dec -151592 quick_dec -0 nack_dec -70550
Flow Uec_141_13 flowId 73 uecSrc 72 finished at 504.106 total messages 1 total packets 491 RTS 1 total bytes 2002140 in_flight now 0 fair_inc 14501 prop_inc 44091 fast_inc 0 eta_inc 22648 multi_dec -86700 quick_dec -0 nack_dec -87150
Flow Uec_72_200 flowId 79 uecSrc 78 finished at 506.695 total messages 1 total packets 490 RTS 0 total bytes 2002140 in_flight now 0 fair_inc 29301 prop_inc 25573 fast_inc 0 eta_inc 22648 multi_dec -126301 quick_dec -0 nack_dec -83000
Flow Uec_229_101 flowId 9 uecSrc 8 finished at 507.388 total messages 1 total packets 490 RTS 0 total bytes 2002140 in_flight now 0 fair_inc 20137 prop_inc 17112 fast_inc 0 eta_inc 23840 multi_dec -50897 quick_dec -0 nack_dec -120350
Flow Uec_143_15 flowId 26 uecSrc 25 finished at 508.261 total messages 1 total packets 491 RTS 1 total bytes 2002140 in_flight now 0 fair_inc 30689 prop_inc 46790 fast_inc 0 eta_inc 22052 multi_dec -121740 quick_dec -0 nack_dec -74700
Flow Uec_190_62 flowId 188 uecSrc 187 finished at 508.335 total messages 1 total packets 490 RTS 0 total bytes 2002140 in_flight now 0 fair_inc 18134 prop_inc 12947 fast_inc 0 eta_inc 21456 multi_dec -25704 quick_dec -0 nack_dec -149400
Flow Uec_213_85 flowId 166 uecSrc 165 finished at 509.957 total messages 1 total packets 490 RTS 0 total bytes 2002140 in_flight now 0 fair_inc 32237 prop_inc 34807 fast_inc 0 eta_inc 23244 multi_dec -130427 quick_dec -0 nack_dec -78850
Flow Uec_77_205 flowId 10 uecSrc 9 finished at 519.267 total messages 1 total packets 490 RTS 0 total bytes 2002140 in_flight now 0 fair_inc 33922 prop_inc 31352 fast_inc 0 eta_inc 24436 multi_dec -41528 quick_dec -0 nack_dec -166000
Flow Uec_221_93 flowId 113 uecSrc 112 finished at 519.714 total messages 1 total packets 490 RTS 0 total bytes 2002140 in_flight now 0 fair_inc 27297 prop_inc 8279 fast_inc 0 eta_inc 23840 multi_dec -92713 quick_dec -0 nack_dec -99600
Flow Uec_215_87 flowId 53 uecSrc 52 finished at 522.273 total messages 1 total packets 490 RTS 0 total bytes 2002140 in_flight now 0 fair_inc 27046 prop_inc 42428 fast_inc 0 eta_inc 23244 multi_dec -140338 quick_dec -0 nack_dec -66400
Flow Uec_104_232 flowId 151 uecSrc 150 finished at 522.732 total messages 1 total packets 490 RTS 0 total bytes 2002140 in_flight now 0 fair_inc 19902 prop_inc 19525 fast_inc 0 eta_inc 22648 multi_dec -36530 quick_dec -0 nack_dec -153550
Flow Uec_166_38 flowId 97 uecSrc 96 finished at 530.83 total messages 1 total packets 491 RTS 1 total bytes 2002140 in_flight now 0 fair_inc 29307 prop_inc 45746 fast_inc 0 eta_inc 23840 multi_dec -119844 quick_dec -0 nack_dec -87150
Flow Uec_236_108 flowId 156 uecSrc 155 finished at 532.296 total messages 1 total packets 490 RTS 0 total bytes 2002140 in_flight now 0 fair_inc 27822 prop_inc 26297 fast_inc 54024 eta_inc 23840 multi_dec -70472 quick_dec -0 nack_dec -132800
Flow Uec_199_71 flowId 28 uecSrc 27 finished at 533.136 total messages 1 total packets 490 RTS 0 total bytes 2002140 in_flight now 0 fair_inc 27819 prop_inc 86180 fast_inc 0 eta_inc 23840 multi_dec -136778 quick_dec -0 nack_dec -74700
Flow Uec_0_128 flowId 117 uecSrc 116 finished at 536.286 total messages 1 total packets 499 RTS 9 total bytes 2002140 in_flight now 0 fair_inc 7508 prop_inc 71451 fast_inc 0 eta_inc 19668 multi_dec -0 quick_dec -122897 nack_dec -4150
Flow Uec_235_107 flowId 114 uecSrc 113 finished at 540.042 total messages 1 total packets 490 RTS 0 total bytes 2002140 in_flight now 0 fair_inc 8825 prop_inc 24511 fast_inc 0 eta_inc 25628 multi_dec -47192 quick_dec -0 nack_dec -132800
Flow Uec_140_12 flowId 76 uecSrc 75 finished at 545.551 total messages 1 total packets 490 RTS 0 total bytes 2002140 in_flight now 0 fair_inc 24697 prop_inc 79315 fast_inc 0 eta_inc 23840 multi_dec -154686 quick_dec -0 nack_dec -66400
Flow Uec_174_46 flowId 62 uecSrc 61 finished at 545.606 total messages 1 total packets 490 RTS 0 total bytes 2002140 in_flight now 0 fair_inc 40654 prop_inc 35836 fast_inc 0 eta_inc 24436 multi_dec -61793 quick_dec -0 nack_dec -141100
Flow Uec_237_109 flowId 132 uecSrc 131 finished at 546.723 total messages 1 total packets 490 RTS 0 total bytes 2002140 in_flight now 0 fair_inc 27503 prop_inc 54413 fast_inc 0 eta_inc 24436 multi_dec -100382 quick_dec -0 nack_dec -116200
Flow Uec_106_234 flowId 57 uecSrc 56 finished at 547.05 total messages 1 total packets 490 RTS 0 total bytes 2002140 in_flight now 0 fair_inc 5559 prop_inc 26826 fast_inc 0 eta_inc 25628 multi_dec -63011 quick_dec -0 nack_dec -116200
Flow Uec_241_113 flowId 95 uecSrc 94 finished at 547.175 total messages 1 total packets 490 RTS 0 total bytes 2002140 in_flight now 0 fair_inc 28484 prop_inc 26541 fast_inc 0 eta_inc 24436 multi_dec -69311 quick_dec -0 nack_dec -120350
Flow Uec_29_157 flowId 3 uecSrc 2 finished at 549.385 total messages 1 total packets 491 RTS 1 total bytes 2002140 in_flight now 0 fair_inc 33862 prop_inc 121539 fast_inc 0 eta_inc 21456 multi_dec -158652 quick_dec -2213 nack_dec -29050
Flow Uec_171_43 flowId 193 uecSrc 192 finished at 549.683 total messages 1 total packets 492 RTS 2 total bytes 2002140 in_flight now 0 fair_inc 4283 prop_inc 4455 fast_inc 0 eta_inc 25032 multi_dec -29679 quick_dec -0 nack_dec -116200
Flow Uec_233_105 flowId 65 uecSrc 64 finished at 552.196 total messages 1 total packets 490 RTS 0 total bytes 2002140 in_flight now 0 fair_inc 23938 prop_inc 55331 fast_inc 0 eta_inc 23840 multi_dec -106412 quick_dec -0 nack_dec -103750
Flow Uec_226_98 flowId 94 uecSrc 93 finished at 552.487 total messages 1 total packets 490 RTS 0 total bytes 2002140 in_flight now 0 fair_inc 13471 prop_inc 22866 fast_inc 0 eta_inc 25628 multi_dec -59313 quick_dec -0 nack_dec -120350
Flow Uec_10_138 flowId 150 uecSrc 149 finished at 562.678 total messages 1 total packets 495 RTS 5 total bytes 2002140 in_flight now 0 fair_inc 0 prop_inc 67300 fast_inc 0 eta_inc 14900 multi_dec -0 quick_dec -183904 nack_dec -24900
Flow Uec_232_104 flowId 217 uecSrc 216 finished at 565.924 total messages 1 total packets 490 RTS 0 total bytes 2002140 in_flight now 0 fair_inc 25724 prop_inc 36088 fast_inc 7560 eta_inc 26224 multi_dec -56803 quick_dec -0 nack_dec -149400
Flow Uec_157_29 flowId 130 uecSrc 129 finished at 573.486 total messages 1 total packets 492 RTS 2 total bytes 2002140 in_flight now 0 fair_inc 38092 prop_inc 22802 fast_inc 0 eta_inc 25032 multi_dec -58432 quick_dec -0 nack_dec -128650
Flow Uec_202_74 flowId 161 uecSrc 160 finished at 576.123 total messages 1 total packets 490 RTS 0 total bytes 2002140 in_flight now 0 fair_inc 34421 prop_inc 9908 fast_inc 0 eta_inc 26224 multi_dec -59111 quick_dec -0 nack_dec -157700
Flow Uec_243_115 flowId 154 uecSrc 153 finished at 578.343 total messages 1 total packets 490 RTS 0 total bytes 2002140 in_flight now 0 fair_inc 22291 prop_inc 29460 fast_inc 15642 eta_inc 26224 multi_dec -50957 quick_dec -0 nack_dec -136950
Flow Uec_110_238 flowId 59 uecSrc 58 finished at 578.455 total messages 1 total packets 490 RTS 0 total bytes 2002140 in_flight now 0 fair_inc 20249 prop_inc 36006 fast_inc 36851 eta_inc 26820 multi_dec -78601 quick_dec -0 nack_dec -124500
Flow Uec_92_220 flowId 31 uecSrc 30 finished at 581.136 total messages 1 total packets 490 RTS 0 total bytes 2002140 in_flight now 0 fair_inc 39172 prop_inc 7999 fast_inc 0 eta_inc 27416 multi_dec -56338 quick_dec -0 nack_dec -145250
Flow Uec_205_77 flowId 72 uecSrc 71 finished at 586.283 total messages 1 total packets 490 RTS 0 total bytes 2002140 in_flight now 0 fair_inc 34137 prop_inc 26848 fast_inc 0 eta_inc 26820 multi_dec -40417 quick_dec -0 nack_dec -161850
Flow Uec_4_132 flowId 36 uecSrc 35 finished at 588.023 total messages 1 total packets 500 RTS 10 total bytes 2002140 in_flight now 0 fair_inc 2354 prop_inc 81874 fast_inc 0 eta_inc 20264 multi_dec -0 quick_dec -113194 nack_dec -49800
Flow Uec_82_210 flowId 125 uecSrc 124 finished at 589.414 total messages 1 total packets 490 RTS 0 total bytes 2002140 in_flight now 0 fair_inc 39526 prop_inc 5951 fast_inc 0 eta_inc 27416 multi_dec -75888 quick_dec -0 nack_dec -157700
Flow Uec_169_41 flowId 131 uecSrc 130 finished at 600.412 total messages 1 total packets 491 RTS 1 total bytes 2002140 in_flight now 0 fair_inc 37022 prop_inc 66879 fast_inc 0 eta_inc 25032 multi_dec -121234 quick_dec -0 nack_dec -103750
Flow Uec_209_81 flowId 133 uecSrc 132 finished at 603.711 total messages 1 total packets 490 RTS 0 total bytes 2002140 in_flight now 0 fair_inc 16932 prop_inc 25715 fast_inc 0 eta_inc 25032 multi_dec -70144 quick_dec -0 nack_dec -120350
Flow Uec_214_86 flowId 18 uecSrc 17 finished at 605.041 total messages 1 total packets 490 RTS 0 total bytes 2002140 in_flight now 0 fair_inc 31691 prop_inc 15832 fast_inc 0 eta_inc 24436 multi_dec -102871 quick_dec -0 nack_dec -124500
Flow Uec_179_51 flowId 175 uecSrc 174 finished at 609.59 total messages 1 total packets 492 RTS 2 total bytes 2002140 in_flight now 0 fair_inc 12203 prop_inc 5754 fast_inc 0 eta_inc 20264 multi_dec -7807 quick_dec -0 nack_dec -53950
Flow Uec_42_170 flowId 128 uecSrc 127 finished at 610.605 total messages 1 total packets 505 RTS 15 total bytes 2002140 in_flight now -256 fair_inc 2979 prop_inc 104477 fast_inc 0 eta_inc 22052 multi_dec -0 quick_dec -67765 nack_dec -12450
Flow Uec_58_186 flowId 7 uecSrc 6 finished at 614.495 total messages 1 total packets 490 RTS 0 total bytes 2002140 in_flight now 0 fair_inc 83934 prop_inc 11681 fast_inc 0 eta_inc 28608 multi_dec -135310 quick_dec -0 nack_dec -132800
Flow Uec_94_222 flowId 89 uecSrc 88 finished at 615.45 total messages 1 total packets 490 RTS 0 total bytes 2002140 in_flight now 0 fair_inc 38598 prop_inc 12667 fast_inc 0 eta_inc 26224 multi_dec -84857 quick_dec -0 nack_dec -128650
Flow Uec_211_83 flowId 126 uecSrc 125 finished at 626.54 total messages 1 total packets 490 RTS 0 total bytes 2002140 in_flight now 0 fair_inc 37134 prop_inc 35344 fast_inc 0 eta_inc 28608 multi_dec -96555 quick_dec -0 nack_dec -128650
Flow Uec_61_189 flowId 74 uecSrc 73 finished at 627.489 total messages 1 total packets 490 RTS 0 total bytes 2002140 in_flight now 0 fair_inc 106051 prop_inc 11472 fast_inc 0 eta_inc 28012 multi_dec -168291 quick_dec -0 nack_dec -136950
Flow Uec_216_88 flowId 51 uecSrc 50 finished at 629.572 total messages 1 total packets 490 RTS 0 total bytes 2002140 in_flight now 0 fair_inc 25497 prop_inc 43353 fast_inc 0 eta_inc 29800 multi_dec -55535 quick_dec -0 nack_dec -166000
Flow Uec_70_198 flowId 179 uecSrc 178 finished at 630.27 total messages 1 total packets 490 RTS 0 total bytes 2002140 in_flight now 0 fair_inc 42572 prop_inc 10791 fast_inc 0 eta_inc 28608 multi_dec -122301 quick_dec -0 nack_dec -124500
Flow Uec_155_27 flowId 83 uecSrc 82 finished at 630.418 total messages 1 total packets 491 RTS 1 total bytes 2002140 in_flight now 0 fair_inc 27304 prop_inc 52267 fast_inc 0 eta_inc 28012 multi_dec -76816 quick_dec -0 nack_dec -132800
Flow Uec_193_65 flowId 120 uecSrc 119 finished at 634.818 total messages 1 total packets 490 RTS 0 total bytes 2002140 in_flight now 0 fair_inc 25019 prop_inc 15315 fast_inc 0 eta_inc 29204 multi_dec -86898 quick_dec -0 nack_dec -124500
Flow Uec_187_59 flowId 64 uecSrc 63 finished at 636.809 total messages 1 total packets 490 RTS 0 total bytes 2002140 in_flight now 0 fair_inc 40997 prop_inc 28572 fast_inc 0 eta_inc 29800 multi_dec -120204 quick_dec -0 nack_dec -107900
Flow Uec_131_3 flowId 118 uecSrc 117 finished at 649.071 total messages 1 total packets 492 RTS 2 total bytes 2002140 in_flight now 0 fair_inc 14969 prop_inc 6169 fast_inc 0 eta_inc 27416 multi_dec -52801 quick_dec -0 nack_dec -112050
Flow Uec_9_137 flowId 148 uecSrc 147 finished at 649.227 total messages 1 total packets 500 RTS 10 total bytes 2002140 in_flight now -64 fair_inc 0 prop_inc 105148 fast_inc 0 eta_inc 22648 multi_dec -0 quick_dec -91607 nack_dec -45650
Flow Uec_76_204 flowId 111 uecSrc 110 finished at 653.874 total messages 1 total packets 490 RTS 0 total bytes 2002140 in_flight now 0 fair_inc 59070 prop_inc 25494 fast_inc 0 eta_inc 29204 multi_dec -98680 quick_dec -0 nack_dec -136950
Flow Uec_219_91 flowId 190 uecSrc 189 finished at 658.497 total messages 1 total packets 490 RTS 0 total bytes 2002140 in_flight now 0 fair_inc 28294 prop_inc 2143 fast_inc 0 eta_inc 25628 multi_dec -71730 quick_dec -0 nack_dec -153550
Flow Uec_212_84 flowId 56 uecSrc 55 finished at 667.336 total messages 1 total packets 490 RTS 0 total bytes 2002140 in_flight now 0 fair_inc 38713 prop_inc 41820 fast_inc 0 eta_inc 30396 multi_dec -73343 quick_dec -0 nack_dec -149400
Flow Uec_13_141 flowId 206 uecSrc 205 finished at 668.07 total messages 1 total packets 507 RTS 17 total bytes 2002140 in_flight now -64 fair_inc 13194 prop_inc 93151 fast_inc 0 eta_inc 26224 multi_dec -62320 quick_dec -67290 nack_dec -16600
Flow Uec_85_213 flowId 13 uecSrc 12 finished at 671.861 total messages 1 total packets 490 RTS 0 total bytes 2002140 in_flight now 0 fair_inc 40830 prop_inc 51289 fast_inc 1010 eta_inc 23244 multi_dec -102951 quick_dec -0 nack_dec -116200
Flow Uec_56_184 flowId 172 uecSrc 171 finished at 672.349 total messages 1 total packets 490 RTS 0 total bytes 2002140 in_flight now 0 fair_inc 76211 prop_inc 44634 fast_inc 0 eta_inc 26224 multi_dec -155301 quick_dec -0 nack_dec -107900
Flow Uec_88_216 flowId 104 uecSrc 103 finished at 672.691 total messages 1 total packets 490 RTS 0 total bytes 2002140 in_flight now 0 fair_inc 34049 prop_inc 48405 fast_inc 0 eta_inc 28608 multi_dec -108059 quick_dec -0 nack_dec -116200
Flow Uec_210_82 flowId 6 uecSrc 5 finished at 676.851 total messages 1 total packets 490 RTS 0 total bytes 2002140 in_flight now 0 fair_inc 48026 prop_inc 45245 fast_inc 0 eta_inc 28608 multi_dec -109547 quick_dec -0 nack_dec -124500
Flow Uec_60_188 flowId 194 uecSrc 193 finished at 677.696 total messages 1 total packets 490 RTS 0 total bytes 2002140 in_flight now 0 fair_inc 79829 prop_inc 45918 fast_inc 0 eta_inc 30396 multi_dec -150440 quick_dec -0 nack_dec -128650
Flow Uec_185_57 flowId 35 uecSrc 34 finished at 684.386 total messages 1 total packets 490 RTS 0 total bytes 2002140 in_flight now 0 fair_inc 43039 prop_inc 38986 fast_inc 60091 eta_inc 30992 multi_dec -137995 quick_dec -0 nack_dec -103750
Flow Uec_2_130 flowId 215 uecSrc 214 finished at 685.559 total messages 1 total packets 510 RTS 20 total bytes 2002140 in_flight now 0 fair_inc 10358 prop_inc 98952 fast_inc 0 eta_inc 26820 multi_dec -132 quick_dec -63512 nack_dec -53950
Flow Uec_164_36 flowId 140 uecSrc 139 finished at 687.43 total messages 1 total packets 492 RTS 2 total bytes 2002140 in_flight now 0 fair_inc 52593 prop_inc 14007 fast_inc 0 eta_inc 27416 multi_dec -89454 quick_dec -0 nack_dec -120350
Flow Uec_158_30 flowId 176 uecSrc 175 finished at 689.842 total messages 1 total packets 491 RTS 1 total bytes 2002140 in_flight now 0 fair_inc 32805 prop_inc 91306 fast_inc 0 eta_inc 25032 multi_dec -104576 quick_dec -5998 nack_dec -120350
Flow Uec_93_221 flowId 196 uecSrc 195 finished at 690.017 total messages 1 total packets 490 RTS 0 total bytes 2002140 in_flight now 0 fair_inc 59748 prop_inc 46312 fast_inc 0 eta_inc 26224 multi_dec -109590 quick_dec -0 nack_dec -132800
Flow Uec_45_173 flowId 45 uecSrc 44 finished at 692.751 total messages 1 total packets 512 RTS 22 total bytes 2002140 in_flight now -192 fair_inc 12147 prop_inc 90470 fast_inc 0 eta_inc 28012 multi_dec -0 quick_dec -54917 nack_dec -12450
Flow Uec_224_96 flowId 88 uecSrc 87 finished at 700.842 total messages 1 total packets 490 RTS 0 total bytes 2002140 in_flight now 0 fair_inc 34256 prop_inc 96844 fast_inc 0 eta_inc 25628 multi_dec -125644 quick_dec -0 nack_dec -116200
Flow Uec_8_136 flowId 158 uecSrc 157 finished at 707.117 total messages 1 total packets 506 RTS 16 total bytes 2002140 in_flight now -64 fair_inc 6981 prop_inc 94865 fast_inc 0 eta_inc 22648 multi_dec -16368 quick_dec -91720 nack_dec -20750
Flow Uec_162_34 flowId 85 uecSrc 84 finished at 713.252 total messages 1 total packets 490 RTS 0 total bytes 2002140 in_flight now 0 fair_inc 52491 prop_inc 4961 fast_inc 0 eta_inc 28012 multi_dec -24450 quick_dec -0 nack_dec -178450
Flow Uec_186_58 flowId 143 uecSrc 142 finished at 717.034 total messages 1 total packets 490 RTS 0 total bytes 2002140 in_flight now 0 fair_inc 32629 prop_inc 44245 fast_inc 55041 eta_inc 29800 multi_dec -140457 quick_dec -0 nack_dec -107900
Flow Uec_168_40 flowId 108 uecSrc 107 finished at 718.596 total messages 1 total packets 490 RTS 0 total bytes 2002140 in_flight now 0 fair_inc 19797 prop_inc 137100 fast_inc 0 eta_inc 29204 multi_dec -150118 quick_dec -3996 nack_dec -103750
Flow Uec_203_75 flowId 100 uecSrc 99 finished at 718.901 total messages 1 total packets 490 RTS 0 total bytes 2002140 in_flight now 0 fair_inc 39380 prop_inc 91103 fast_inc 5051 eta_inc 25628 multi_dec -116187 quick_dec -0 nack_dec -128650
Flow Uec_142_14 flowId 147 uecSrc 146 finished at 720.617 total messages 1 total packets 490 RTS 0 total bytes 2002140 in_flight now 0 fair_inc 56862 prop_inc 4624 fast_inc 0 eta_inc 30992 multi_dec -26909 quick_dec --239 nack_dec -195050
Flow Uec_116_244 flowId 210 uecSrc 209 finished at 728.988 total messages 1 total packets 490 RTS 0 total bytes 2002140 in_flight now 0 fair_inc 36410 prop_inc 13112 fast_inc 314673 eta_inc 29204 multi_dec -143570 quick_dec --4652 nack_dec -128650
Flow Uec_47_175 flowId 4 uecSrc 3 finished at 730.154 total messages 1 total packets 507 RTS 17 total bytes 2002140 in_flight now 0 fair_inc 4611 prop_inc 52100 fast_inc 0 eta_inc 25032 multi_dec -0 quick_dec -0 nack_dec -0
736.715 flowid 81 Spurious 484
737.172 flowid 141 Spurious 489
737.379 flowid 81 Spurious 485
737.504 flowid 141 Spurious 490
737.665 flowid 141 Spurious 491
737.711 flowid 81 Spurious 486
738.043 flowid 81 Spurious 487
738.375 flowid 81 Spurious 488
738.707 flowid 81 Spurious 489
738.867 flowid 81 Spurious 490
Flow Uec_86_214 flowId 155 uecSrc 154 finished at 738.917 total messages 1 total packets 490 RTS 0 total bytes 2002140 in_flight now 0 fair_inc 46216 prop_inc 4091 fast_inc 0 eta_inc 30992 multi_dec -125084 quick_dec -0 nack_dec -116200
Flow Uec_177_49 flowId 81 uecSrc 80 finished at 741.74 total messages 1 total packets 491 RTS 1 total bytes 2002140 in_flight now 0 fair_inc 19715 prop_inc 12640 fast_inc 0 eta_inc 18476 multi_dec -0 quick_dec -0 nack_dec -62250
Flow Uec_178_50 flowId 141 uecSrc 140 finished at 742.53 total messages 1 total packets 492 RTS 2 total bytes 2002140 in_flight now 0 fair_inc 28969 prop_inc 20705 fast_inc 0 eta_inc 22648 multi_dec -0 quick_dec -0 nack_dec -95450
Flow Uec_78_206 flowId 216 uecSrc 215 finished at 754.431 total messages 1 total packets 490 RTS 0 total bytes 2002140 in_flight now 0 fair_inc 52070 prop_inc 1187 fast_inc 0 eta_inc 28012 multi_dec -75213 quick_dec -0 nack_dec -178450
Flow Uec_79_207 flowId 121 uecSrc 120 finished at 759.667 total messages 1 total packets 490 RTS 0 total bytes 2002140 in_flight now 0 fair_inc 61223 prop_inc 4215 fast_inc 0 eta_inc 26820 multi_dec -78531 quick_dec -0 nack_dec -166000
Flow Uec_196_68 flowId 110 uecSrc 109 finished at 770.614 total messages 1 total packets 490 RTS 0 total bytes 2002140 in_flight now 0 fair_inc 48246 prop_inc 4726 fast_inc 0 eta_inc 34568 multi_dec -80832 quick_dec -0 nack_dec -157700
Flow Uec_122_250 flowId 200 uecSrc 199 finished at 782.789 total messages 1 total packets 490 RTS 0 total bytes 2002140 in_flight now 0 fair_inc 66117 prop_inc 12710 fast_inc 0 eta_inc 33376 multi_dec -99202 quick_dec -24651 nack_dec -178450
Flow Uec_159_31 flowId 183 uecSrc 182 finished at 783.138 total messages 1 total packets 492 RTS 2 total bytes 2002140 in_flight now 0 fair_inc 54519 prop_inc 20111 fast_inc 0 eta_inc 28608 multi_dec -85278 quick_dec -0 nack_dec -141100
Flow Uec_156_28 flowId 129 uecSrc 128 finished at 788.611 total messages 1 total packets 492 RTS 2 total bytes 2002140 in_flight now 0 fair_inc 74903 prop_inc 12774 fast_inc 0 eta_inc 28608 multi_dec -118339 quick_dec -0 nack_dec -128650
Flow Uec_48_176 flowId 174 uecSrc 173 finished at 806.945 total messages 1 total packets 511 RTS 21 total bytes 2002140 in_flight now -384 fair_inc 2431 prop_inc 101954 fast_inc 0 eta_inc 28012 multi_dec -0 quick_dec -39361 nack_dec -16600
Flow Uec_149_21 flowId 142 uecSrc 141 finished at 813.449 total messages 1 total packets 492 RTS 2 total bytes 2002140 in_flight now 0 fair_inc 39413 prop_inc 19356 fast_inc 0 eta_inc 32184 multi_dec -80862 quick_dec -0 nack_dec -136950
Flow Uec_83_211 flowId 115 uecSrc 114 finished at 817.264 total messages 1 total packets 490 RTS 0 total bytes 2002140 in_flight now 0 fair_inc 59615 prop_inc 22995 fast_inc 0 eta_inc 32184 multi_dec -98589 quick_dec -0 nack_dec -174300
Flow Uec_87_215 flowId 93 uecSrc 92 finished at 823.069 total messages 1 total packets 490 RTS 0 total bytes 2002140 in_flight now 0 fair_inc 38579 prop_inc 30552 fast_inc 0 eta_inc 28012 multi_dec -102000 quick_dec -0 nack_dec -132800
Flow Uec_165_37 flowId 77 uecSrc 76 finished at 829.214 total messages 1 total packets 490 RTS 0 total bytes 2002140 in_flight now 0 fair_inc 36516 prop_inc 24089 fast_inc 0 eta_inc 31588 multi_dec -74197 quick_dec -0 nack_dec -157700
Flow Uec_148_20 flowId 44 uecSrc 43 finished at 842.625 total messages 1 total packets 490 RTS 0 total bytes 2002140 in_flight now 0 fair_inc 8106 prop_inc 66435 fast_inc 0 eta_inc 25032 multi_dec -484 quick_dec -66747 nack_dec -136950
Flow Uec_43_171 flowId 48 uecSrc 47 finished at 851.372 total messages 1 total packets 509 RTS 19 total bytes 2002140 in_flight now -256 fair_inc 8488 prop_inc 74147 fast_inc 0 eta_inc 25628 multi_dec -0 quick_dec -64190 nack_dec -12450
Flow Uec_91_219 flowId 173 uecSrc 172 finished at 853.952 total messages 1 total packets 490 RTS 0 total bytes 2002140 in_flight now 0 fair_inc 79507 prop_inc 3571 fast_inc 0 eta_inc 33972 multi_dec -104108 quick_dec -0 nack_dec -157700
Flow Uec_97_225 flowId 19 uecSrc 18 finished at 857.461 total messages 1 total packets 490 RTS 0 total bytes 2002140 in_flight now 0 fair_inc 23809 prop_inc 46404 fast_inc 32814 eta_inc 32780 multi_dec -14435 quick_dec -18139 nack_dec -186750
Flow Uec_119_247 flowId 70 uecSrc 69 finished at 861.966 total messages 1 total packets 490 RTS 0 total bytes 2002140 in_flight now 0 fair_inc 93679 prop_inc 12691 fast_inc 0 eta_inc 36356 multi_dec -90392 quick_dec -32951 nack_dec -166000
Flow Uec_135_7 flowId 75 uecSrc 74 finished at 889.419 total messages 1 total packets 491 RTS 1 total bytes 2002140 in_flight now 0 fair_inc 27780 prop_inc 22133 fast_inc 0 eta_inc 36356 multi_dec -57633 quick_dec -0 nack_dec -157700
Flow Uec_95_223 flowId 103 uecSrc 102 finished at 902.495 total messages 1 total packets 490 RTS 0 total bytes 2002140 in_flight now 0 fair_inc 41407 prop_inc 14925 fast_inc 0 eta_inc 29800 multi_dec -83658 quick_dec -0 nack_dec -149400
Flow Uec_120_248 flowId 105 uecSrc 104 finished at 907.943 total messages 1 total packets 490 RTS 0 total bytes 2002140 in_flight now 0 fair_inc 56840 prop_inc 20726 fast_inc 0 eta_inc 27416 multi_dec -29500 quick_dec -49273 nack_dec -157700
Flow Uec_204_76 flowId 58 uecSrc 57 finished at 909.592 total messages 1 total packets 490 RTS 0 total bytes 2002140 in_flight now 0 fair_inc 64023 prop_inc 8014 fast_inc 0 eta_inc 37548 multi_dec -55994 quick_dec -16245 nack_dec -182600
Flow Uec_139_11 flowId 137 uecSrc 136 finished at 922.612 total messages 1 total packets 490 RTS 0 total bytes 2002140 in_flight now 0 fair_inc 47142 prop_inc 25888 fast_inc 0 eta_inc 33376 multi_dec -26001 quick_dec -30972 nack_dec -178450
Flow Uec_167_39 flowId 165 uecSrc 164 finished at 939.729 total messages 1 total packets 491 RTS 1 total bytes 2002140 in_flight now 0 fair_inc 56999 prop_inc 48121 fast_inc 0 eta_inc 35760 multi_dec -119780 quick_dec -20231 nack_dec -145250
Flow Uec_71_199 flowId 187 uecSrc 186 finished at 941.633 total messages 1 total packets 490 RTS 0 total bytes 2002140 in_flight now 0 fair_inc 56998 prop_inc 23038 fast_inc 0 eta_inc 36356 multi_dec -94126 quick_dec -0 nack_dec -170150
Flow Uec_200_72 flowId 20 uecSrc 19 finished at 953.577 total messages 1 total packets 490 RTS 0 total bytes 2002140 in_flight now 0 fair_inc 55955 prop_inc 14433 fast_inc 0 eta_inc 34568 multi_dec -101864 quick_dec -3028 nack_dec -153550
Flow Uec_161_33 flowId 167 uecSrc 166 finished at 954.176 total messages 1 total packets 492 RTS 2 total bytes 2002140 in_flight now 0 fair_inc 49316 prop_inc 59965 fast_inc 0 eta_inc 36356 multi_dec -59039 quick_dec -36764 nack_dec -157700
Flow Uec_69_197 flowId 37 uecSrc 36 finished at 956.472 total messages 1 total packets 490 RTS 0 total bytes 2002140 in_flight now 0 fair_inc 43669 prop_inc 30297 fast_inc 0 eta_inc 31588 multi_dec -33166 quick_dec -1539 nack_dec -199200
Flow Uec_208_80 flowId 204 uecSrc 203 finished at 964.362 total messages 1 total packets 490 RTS 0 total bytes 2002140 in_flight now 0 fair_inc 50589 prop_inc 23414 fast_inc 0 eta_inc 29800 multi_dec -38199 quick_dec -50743 nack_dec -149400
Flow Uec_125_253 flowId 33 uecSrc 32 finished at 979.549 total messages 1 total packets 490 RTS 0 total bytes 2002140 in_flight now 0 fair_inc 52395 prop_inc 53613 fast_inc 0 eta_inc 29204 multi_dec -45807 quick_dec -61602 nack_dec -141100
Flow Uec_134_6 flowId 50 uecSrc 49 finished at 990.365 total messages 1 total packets 490 RTS 0 total bytes 2002140 in_flight now 0 fair_inc 88833 prop_inc 52550 fast_inc 0 eta_inc 36952 multi_dec -153894 quick_dec --456 nack_dec -149400
Flow Uec_124_252 flowId 60 uecSrc 59 finished at 1005.41 total messages 1 total packets 490 RTS 0 total bytes 2002140 in_flight now 0 fair_inc 69565 prop_inc 59136 fast_inc 20694 eta_inc 29800 multi_dec -74334 quick_dec -73226 nack_dec -132800
Flow Uec_129_1 flowId 98 uecSrc 97 finished at 1011.45 total messages 1 total packets 491 RTS 1 total bytes 2002140 in_flight now 0 fair_inc 7489 prop_inc 76060 fast_inc 0 eta_inc 38740 multi_dec -97438 quick_dec -3775 nack_dec -124500
Flow Uec_74_202 flowId 8 uecSrc 7 finished at 1027.53 total messages 1 total packets 490 RTS 0 total bytes 2002140 in_flight now 0 fair_inc 57661 prop_inc 36315 fast_inc 125756 eta_inc 33972 multi_dec -153287 quick_dec -2779 nack_dec -124500
Flow Uec_206_78 flowId 195 uecSrc 194 finished at 1031.2 total messages 1 total packets 490 RTS 0 total bytes 2002140 in_flight now 0 fair_inc 58357 prop_inc 66021 fast_inc 0 eta_inc 31588 multi_dec -62569 quick_dec -80721 nack_dec -141100
Flow Uec_175_47 flowId 12 uecSrc 11 finished at 1055.31 total messages 1 total packets 492 RTS 2 total bytes 2002140 in_flight now 0 fair_inc 18505 prop_inc 111727 fast_inc 0 eta_inc 33972 multi_dec -79250 quick_dec -7647 nack_dec -116200
4185.39 flowid 66 Spurious 182
4586.01 flowid 66 Spurious 193
Flow Uec_3_131 flowId 214 uecSrc 213 finished at 4889.25 total messages 1 total packets 562 RTS 72 total bytes 2002140 in_flight now -1024 fair_inc 17683 prop_inc 385001 fast_inc 0 eta_inc 109664 multi_dec -0 quick_dec -43878 nack_dec -24900
4989.05 flowid 66 Spurious 203
6121.17 flowid 136 Spurious 340
6228.63 flowid 136 Spurious 336
8096.04 flowid 136 Spurious 414
9017.47 flowid 209 Spurious 109
10369 flowid 66 Spurious 381
Flow Uec_55_183 flowId 136 uecSrc 135 finished at 10683.7 total messages 1 total packets 527 RTS 37 total bytes 2002140 in_flight now -1344 fair_inc 2172 prop_inc 492798 fast_inc 33332 eta_inc 116220 multi_dec -0 quick_dec --12450 nack_dec -37350
14042 flowid 24 Spurious 202
Flow Uec_54_182 flowId 66 uecSrc 65 finished at 14602.5 total messages 1 total packets 559 RTS 69 total bytes 2002140 in_flight now -1536 fair_inc 2226 prop_inc 554226 fast_inc 0 eta_inc 187144 multi_dec -0 quick_dec -167288 nack_dec -37350
18782.1 flowid 209 Spurious 274
21932.3 flowid 209 Spurious 333
26306.4 flowid 24 Spurious 420
28608.2 flowid 24 Spurious 464
Flow Uec_50_178 flowId 24 uecSrc 23 finished at 34424.4 total messages 1 total packets 578 RTS 88 total bytes 2002140 in_flight now -3200 fair_inc 430 prop_inc 660226 fast_inc 7070 eta_inc 221116 multi_dec -0 quick_dec -168796 nack_dec -33200
Flow Uec_51_179 flowId 209 uecSrc 208 finished at 36009.1 total messages 1 total packets 587 RTS 97 total bytes 2002140 in_flight now -3648 fair_inc 0 prop_inc 756908 fast_inc 47500 eta_inc 228864 multi_dec -0 quick_dec -0 nack_dec -0
37241.9 flowid 185 Spurious 405
.Flow Uec_49_177 flowId 185 uecSrc 184 finished at 60062.5 total messages 1 total packets 1013 RTS 523 total bytes 2002140 in_flight now -23936 fair_inc 0 prop_inc 36645 fast_inc 462619 eta_inc 426736 multi_dec -0 quick_dec --12450 nack_dec -8300
Flow Uec_53_181 flowId 92 uecSrc 91 finished at 69789.8 total messages 1 total packets 675 RTS 185 total bytes 2002140 in_flight now -8896 fair_inc 0 prop_inc 792748 fast_inc 0 eta_inc 285484 multi_dec -0 quick_dec -194205 nack_dec -12450
Flow Uec_52_180 flowId 180 uecSrc 179 finished at 86253.1 total messages 1 total packets 1236 RTS 746 total bytes 2002140 in_flight now -40000 fair_inc 0 prop_inc 3219 fast_inc 490624 eta_inc 504216 multi_dec -0 quick_dec -0 nack_dec -0
Done
New: 106820 Rtx: 17806 RTS: 2180 Bounced: 0 ACKs: 85760 NACKs: 4144 Pulls: 0 sleek_pkts: 0
