traffic matrix input file: connection_matrices/load_sweep/load0.65_n256_seed4.cm
Load balancing algorithm set to oblivious
no_of_nodes 256
Dragonfly+ strategy: FPAR
Setting queuesize to 50 packets
endtime(us) 100000
random seed 4
Packet size (MTU) is 4150
Parsed args
Logging to reps_dfp_results/reps_final_sweep/load0.65_oblivious_seed4.dat
Loading connection matrix from connection_matrices/load_sweep/load0.65_n256_seed4.cm
Nodes: 256 Connections: 166 Triggers: 0 Failures: 0
Setting ECN low 33200 high 120350
Dragonfly+ with medium topology type
Link latencies: 1 and switch latencies: 0
queue_id 2 ecn_low 33200 ecn_high 120350
DragonFly+ constructor done, 392 nodes created
Note: topology supports 392 hosts; 136 host port(s) will be unused.
network_max_unloaded_rtt 11.6856 us
Setting min RTO to 114.6
Per-hop RTT normalization: ON (strategy fpar)
Initializing static NSCC parameters: _reference_network_linkspeed=100000000000 _reference_network_rtt=12000000 _reference_network_bdp=150000 _target_Qdelay=8764200 _network_linkspeed=100000000000 _network_rtt=11685600 _network_bdp=146070 _qa_gate=2^3 _qa_threshold=3.50568e+07 _scaling_factor_a=0.9738 _scaling_factor_b=0.73035 _alpha=0.00132632 _fi=19894.7 _eta=596.842 _qa_scaling=1 _gamma=0.8 _fi_scale=0.24345 _delay_alpha=0.0125 _adjust_period_threshold=11685600 _adjust_bytes_threshold=33200
Initialize per-instance NSCC parameters: flowid 1 _base_rtt=11685600 _base_bdp=146070 _bdp=146070 _min_cwnd=4150 _maxwnd=219105 _cwnd=219105
Initialize per-instance NSCC parameters: flowid 2 _base_rtt=11685600 _base_bdp=146070 _bdp=146070 _min_cwnd=4150 _maxwnd=219105 _cwnd=219105
Initialize per-instance NSCC parameters: flowid 3 _base_rtt=11685600 _base_bdp=146070 _bdp=146070 _min_cwnd=4150 _maxwnd=219105 _cwnd=219105
Initialize per-instance NSCC parameters: flowid 4 _base_rtt=11685600 _base_bdp=146070 _bdp=146070 _min_cwnd=4150 _maxwnd=219105 _cwnd=219105
Initialize per-instance NSCC parameters: flowid 5 _base_rtt=11685600 _base_bdp=146070 _bdp=146070 _min_cwnd=4150 _maxwnd=219105 _cwnd=219105
Initialize per-instance NSCC parameters: flowid 6 _base_rtt=11685600 _base_bdp=146070 _bdp=146070 _min_cwnd=4150 _maxwnd=219105 _cwnd=219105
Initialize per-instance NSCC parameters: flowid 7 _base_rtt=11685600 _base_bdp=146070 _bdp=146070 _min_cwnd=4150 _maxwnd=219105 _cwnd=219105
Initialize per-instance NSCC parameters: flowid 8 _base_rtt=11685600 _base_bdp=146070 _bdp=146070 _min_cwnd=4150 _maxwnd=219105 _cwnd=219105
Initialize per-instance NSCC parameters: flowid 9 _base_rtt=11685600 _base_bdp=146070 _bdp=146070 _min_cwnd=4150 _maxwnd=219105 _cwnd=219105
Initialize per-instance NSCC parameters: flowid 10 _base_rtt=11685600 _base_bdp=146070 _bdp=146070 _min_cwnd=4150 _maxwnd=219105 _cwnd=219105
Initialize per-instance NSCC parameters: flowid 11 _base_rtt=11685600 _base_bdp=146070 _bdp=146070 _min_cwnd=4150 _maxwnd=219105 _cwnd=219105
Initialize per-instance NSCC parameters: flowid 12 _base_rtt=11685600 _base_bdp=146070 _bdp=146070 _min_cwnd=4150 _maxwnd=219105 _cwnd=219105
Initialize per-instance NSCC parameters: flowid 13 _base_rtt=11685600 _base_bdp=146070 _bdp=146070 _min_cwnd=4150 _maxwnd=219105 _cwnd=219105
Initialize per-instance NSCC parameters: flowid 14 _base_rtt=11685600 _base_bdp=146070 _bdp=146070 _min_cwnd=4150 _maxwnd=219105 _cwnd=219105
Initialize per-instance NSCC parameters: flowid 15 _base_rtt=11685600 _base_bdp=146070 _bdp=146070 _min_cwnd=4150 _maxwnd=219105 _cwnd=219105
Initialize per-instance NSCC parameters: flowid 16 _base_rtt=11685600 _base_bdp=146070 _bdp=146070 _min_cwnd=4150 _maxwnd=219105 _cwnd=219105
Initialize per-instance NSCC parameters: flowid 17 _base_rtt=11685600 _base_bdp=146070 _bdp=146070 _min_cwnd=4150 _maxwnd=219105 _cwnd=219105
Initialize per-instance NSCC parameters: flowid 18 _base_rtt=11685600 _base_bdp=146070 _bdp=146070 _min_cwnd=4150 _maxwnd=219105 _cwnd=219105
Initialize per-instance NSCC parameters: flowid 19 _base_rtt=11685600 _base_bdp=146070 _bdp=146070 _min_cwnd=4150 _maxwnd=219105 _cwnd=219105
Initialize per-instance NSCC parameters: flowid 20 _base_rtt=11685600 _base_bdp=146070 _bdp=146070 _min_cwnd=4150 _maxwnd=219105 _cwnd=219105
Initialize per-instance NSCC parameters: flowid 21 _base_rtt=11685600 _base_bdp=146070 _bdp=146070 _min_cwnd=4150 _maxwnd=219105 _cwnd=219105
Initialize per-instance NSCC parameters: flowid 22 _base_rtt=11685600 _base_bdp=146070 _bdp=146070 _min_cwnd=4150 _maxwnd=219105 _cwnd=219105
Initialize per-instance NSCC parameters: flowid 23 _base_rtt=11685600 _base_bdp=146070 _bdp=146070 _min_cwnd=4150 _maxwnd=219105 _cwnd=219105
Initialize per-instance NSCC parameters: flowid 24 _base_rtt=11685600 _base_bdp=146070 _bdp=146070 _min_cwnd=4150 _maxwnd=219105 _cwnd=219105
Initialize per-instance NSCC parameters: flowid 25 _base_rtt=11685600 _base_bdp=146070 _bdp=146070 _min_cwnd=4150 _maxwnd=219105 _cwnd=219105
Initialize per-instance NSCC parameters: flowid 26 _base_rtt=11685600 _base_bdp=146070 _bdp=146070 _min_cwnd=4150 _maxwnd=219105 _cwnd=219105
Initialize per-instance NSCC parameters: flowid 27 _base_rtt=11685600 _base_bdp=146070 _bdp=146070 _min_cwnd=4150 _maxwnd=219105 _cwnd=219105
Initialize per-instance NSCC parameters: flowid 28 _base_rtt=11685600 _base_bdp=146070 _bdp=146070 _min_cwnd=4150 _maxwnd=219105 _cwnd=219105
Initialize per-instance NSCC parameters: flowid 29 _base_rtt=11685600 _base_bdp=146070 _bdp=146070 _min_cwnd=4150 _maxwnd=219105 _cwnd=219105
Initialize per-instance NSCC parameters: flowid 30 _base_rtt=11685600 _base_bdp=146070 _bdp=146070 _min_cwnd=4150 _maxwnd=219105 _cwnd=219105
Initialize per-instance NSCC parameters: flowid 31 _base_rtt=11685600 _base_bdp=146070 _bdp=146070 _min_cwnd=4150 _maxwnd=219105 _cwnd=219105
Initialize per-instance NSCC parameters: flowid 32 _base_rtt=11685600 _base_bdp=146070 _bdp=146070 _min_cwnd=4150 _maxwnd=219105 _cwnd=219105
Initialize per-instance NSCC parameters: flowid 33 _base_rtt=11685600 _base_bdp=146070 _bdp=146070 _min_cwnd=4150 _maxwnd=219105 _cwnd=219105
Initialize per-instance NSCC parameters: flowid 34 _base_rtt=11685600 _base_bdp=146070 _bdp=146070 _min_cwnd=4150 _maxwnd=219105 _cwnd=219105
Initialize per-instance NSCC parameters: flowid 35 _base_rtt=11685600 _base_bdp=146070 _bdp=146070 _min_cwnd=4150 _maxwnd=219105 _cwnd=219105
Initialize per-instance NSCC parameters: flowid 36 _base_rtt=11685600 _base_bdp=146070 _bdp=146070 _min_cwnd=4150 _maxwnd=219105 _cwnd=219105
Initialize per-instance NSCC parameters: flowid 37 _base_rtt=11685600 _base_bdp=146070 _bdp=146070 _min_cwnd=4150 _maxwnd=219105 _cwnd=219105
Initialize per-instance NSCC parameters: flowid 38 _base_rtt=11685600 _base_bdp=146070 _bdp=146070 _min_cwnd=4150 _maxwnd=219105 _cwnd=219105
Initialize per-instance NSCC parameters: flowid 39 _base_rtt=11685600 _base_bdp=146070 _bdp=146070 _min_cwnd=4150 _maxwnd=219105 _cwnd=219105
Initialize per-instance NSCC parameters: flowid 40 _base_rtt=11685600 _base_bdp=146070 _bdp=146070 _min_cwnd=4150 _maxwnd=219105 _cwnd=219105
Initialize per-instance NSCC parameters: flowid 41 _base_rtt=11685600 _base_bdp=146070 _bdp=146070 _min_cwnd=4150 _maxwnd=219105 _cwnd=219105
Initialize per-instance NSCC parameters: flowid 42 _base_rtt=11685600 _base_bdp=146070 _bdp=146070 _min_cwnd=4150 _maxwnd=219105 _cwnd=219105
Initialize per-instance NSCC parameters: flowid 43 _base_rtt=11685600 _base_bdp=146070 _bdp=146070 _min_cwnd=4150 _maxwnd=219105 _cwnd=219105
Initialize per-instance NSCC parameters: flowid 44 _base_rtt=11685600 _base_bdp=146070 _bdp=146070 _min_cwnd=4150 _maxwnd=219105 _cwnd=219105
Initialize per-instance NSCC parameters: flowid 45 _base_rtt=11685600 _base_bdp=146070 _bdp=146070 _min_cwnd=4150 _maxwnd=219105 _cwnd=219105
Initialize per-instance NSCC parameters: flowid 46 _base_rtt=11685600 _base_bdp=146070 _bdp=146070 _min_cwnd=4150 _maxwnd=219105 _cwnd=219105
Initialize per-instance NSCC parameters: flowid 47 _base_rtt=11685600 _base_bdp=146070 _bdp=146070 _min_cwnd=4150 _maxwnd=219105 _cwnd=219105
Initialize per-instance NSCC parameters: flowid 48 _base_rtt=11685600 _base_bdp=146070 _bdp=146070 _min_cwnd=4150 _maxwnd=219105 _cwnd=219105
Initialize per-instance NSCC parameters: flowid 49 _base_rtt=11685600 _base_bdp=146070 _bdp=146070 _min_cwnd=4150 _maxwnd=219105 _cwnd=219105
Initialize per-instance NSCC parameters: flowid 50 _base_rtt=11685600 _base_bdp=146070 _bdp=146070 _min_cwnd=4150 _maxwnd=219105 _cwnd=219105
Initialize per-instance NSCC parameters: flowid 51 _base_rtt=11685600 _base_bdp=146070 _bdp=146070 _min_cwnd=4150 _maxwnd=219105 _cwnd=219105
Initialize per-instance NSCC parameters: flowid 52 _base_rtt=11685600 _base_bdp=146070 _bdp=146070 _min_cwnd=4150 _maxwnd=219105 _cwnd=219105
Initialize per-instance NSCC parameters: flowid 53 _base_rtt=11685600 _base_bdp=146070 _bdp=146070 _min_cwnd=4150 _maxwnd=219105 _cwnd=219105
Initialize per-instance NSCC parameters: flowid 54 _base_rtt=11685600 _base_bdp=146070 _bdp=146070 _min_cwnd=4150 _maxwnd=219105 _cwnd=219105
Initialize per-instance NSCC parameters: flowid 55 _base_rtt=11685600 _base_bdp=146070 _bdp=146070 _min_cwnd=4150 _maxwnd=219105 _cwnd=219105
Initialize per-instance NSCC parameters: flowid 56 _base_rtt=11685600 _base_bdp=146070 _bdp=146070 _min_cwnd=4150 _maxwnd=219105 _cwnd=219105
Initialize per-instance NSCC parameters: flowid 57 _base_rtt=11685600 _base_bdp=146070 _bdp=146070 _min_cwnd=4150 _maxwnd=219105 _cwnd=219105
Initialize per-instance NSCC parameters: flowid 58 _base_rtt=11685600 _base_bdp=146070 _bdp=146070 _min_cwnd=4150 _maxwnd=219105 _cwnd=219105
Initialize per-instance NSCC parameters: flowid 59 _base_rtt=11685600 _base_bdp=146070 _bdp=146070 _min_cwnd=4150 _maxwnd=219105 _cwnd=219105
Initialize per-instance NSCC parameters: flowid 60 _base_rtt=11685600 _base_bdp=146070 _bdp=146070 _min_cwnd=4150 _maxwnd=219105 _cwnd=219105
Initialize per-instance NSCC parameters: flowid 61 _base_rtt=11685600 _base_bdp=146070 _bdp=146070 _min_cwnd=4150 _maxwnd=219105 _cwnd=219105
Initialize per-instance NSCC parameters: flowid 62 _base_rtt=11685600 _base_bdp=146070 _bdp=146070 _min_cwnd=4150 _maxwnd=219105 _cwnd=219105
Initialize per-instance NSCC parameters: flowid 63 _base_rtt=11685600 _base_bdp=146070 _bdp=146070 _min_cwnd=4150 _maxwnd=219105 _cwnd=219105
Initialize per-instance NSCC parameters: flowid 64 _base_rtt=11685600 _base_bdp=146070 _bdp=146070 _min_cwnd=4150 _maxwnd=219105 _cwnd=219105
Initialize per-instance NSCC parameters: flowid 65 _base_rtt=11685600 _base_bdp=146070 _bdp=146070 _min_cwnd=4150 _maxwnd=219105 _cwnd=219105
Initialize per-instance NSCC parameters: flowid 66 _base_rtt=11685600 _base_bdp=146070 _bdp=146070 _min_cwnd=4150 _maxwnd=219105 _cwnd=219105
Initialize per-instance NSCC parameters: flowid 67 _base_rtt=11685600 _base_bdp=146070 _bdp=146070 _min_cwnd=4150 _maxwnd=219105 _cwnd=219105
Initialize per-instance NSCC parameters: flowid 68 _base_rtt=11685600 _base_bdp=146070 _bdp=146070 _min_cwnd=4150 _maxwnd=219105 _cwnd=219105
Initialize per-instance NSCC parameters: flowid 69 _base_rtt=11685600 _base_bdp=146070 _bdp=146070 _min_cwnd=4150 _maxwnd=219105 _cwnd=219105
Initialize per-instance NSCC parameters: flowid 70 _base_rtt=11685600 _base_bdp=146070 _bdp=146070 _min_cwnd=4150 _maxwnd=219105 _cwnd=219105
Initialize per-instance NSCC parameters: flowid 71 _base_rtt=11685600 _base_bdp=146070 _bdp=146070 _min_cwnd=4150 _maxwnd=219105 _cwnd=219105
Initialize per-instance NSCC parameters: flowid 72 _base_rtt=11685600 _base_bdp=146070 _bdp=146070 _min_cwnd=4150 _maxwnd=219105 _cwnd=219105
Initialize per-instance NSCC parameters: flowid 73 _base_rtt=11685600 _base_bdp=146070 _bdp=146070 _min_cwnd=4150 _maxwnd=219105 _cwnd=219105
Initialize per-instance NSCC parameters: flowid 74 _base_rtt=11685600 _base_bdp=146070 _bdp=146070 _min_cwnd=4150 _maxwnd=219105 _cwnd=219105
Initialize per-instance NSCC parameters: flowid 75 _base_rtt=11685600 _base_bdp=146070 _bdp=146070 _min_cwnd=4150 _maxwnd=219105 _cwnd=219105
Initialize per-instance NSCC parameters: flowid 76 _base_rtt=11685600 _base_bdp=146070 _bdp=146070 _min_cwnd=4150 _maxwnd=219105 _cwnd=219105
Initialize per-instance NSCC parameters: flowid 77 _base_rtt=11685600 _base_bdp=146070 _bdp=146070 _min_cwnd=4150 _maxwnd=219105 _cwnd=219105
Initialize per-instance NSCC parameters: flowid 78 _base_rtt=11685600 _base_bdp=146070 _bdp=146070 _min_cwnd=4150 _maxwnd=219105 _cwnd=219105
Initialize per-instance NSCC parameters: flowid 79 _base_rtt=11685600 _base_bdp=146070 _bdp=146070 _min_cwnd=4150 _maxwnd=219105 _cwnd=219105
Initialize per-instance NSCC parameters: flowid 80 _base_rtt=11685600 _base_bdp=146070 _bdp=146070 _min_cwnd=4150 _maxwnd=219105 _cwnd=219105
Initialize per-instance NSCC parameters: flowid 81 _base_rtt=11685600 _base_bdp=146070 _bdp=146070 _min_cwnd=4150 _maxwnd=219105 _cwnd=219105
Initialize per-instance NSCC parameters: flowid 82 _base_rtt=11685600 _base_bdp=146070 _bdp=146070 _min_cwnd=4150 _maxwnd=219105 _cwnd=219105
Initialize per-instance NSCC parameters: flowid 83 _base_rtt=11685600 _base_bdp=146070 _bdp=146070 _min_cwnd=4150 _maxwnd=219105 _cwnd=219105
Initialize per-instance NSCC parameters: flowid 84 _base_rtt=11685600 _base_bdp=146070 _bdp=146070 _min_cwnd=4150 _maxwnd=219105 _cwnd=219105
Initialize per-instance NSCC parameters: flowid 85 _base_rtt=11685600 _base_bdp=146070 _bdp=146070 _min_cwnd=4150 _maxwnd=219105 _cwnd=219105
Initialize per-instance NSCC parameters: flowid 86 _base_rtt=11685600 _base_bdp=146070 _bdp=146070 _min_cwnd=4150 _maxwnd=219105 _cwnd=219105
Initialize per-instance NSCC parameters: flowid 87 _base_rtt=11685600 _base_bdp=146070 _bdp=146070 _min_cwnd=4150 _maxwnd=219105 _cwnd=219105
Initialize per-instance NSCC parameters: flowid 88 _base_rtt=11685600 _base_bdp=146070 _bdp=146070 _min_cwnd=4150 _maxwnd=219105 _cwnd=219105
Initialize per-instance NSCC parameters: flowid 89 _base_rtt=11685600 _base_bdp=146070 _bdp=146070 _min_cwnd=4150 _maxwnd=219105 _cwnd=219105
Initialize per-instance NSCC parameters: flowid 90 _base_rtt=11685600 _base_bdp=146070 _bdp=146070 _min_cwnd=4150 _maxwnd=219105 _cwnd=219105
Initialize per-instance NSCC parameters: flowid 91 _base_rtt=11685600 _base_bdp=146070 _bdp=146070 _min_cwnd=4150 _maxwnd=219105 _cwnd=219105
Initialize per-instance NSCC parameters: flowid 92 _base_rtt=11685600 _base_bdp=146070 _bdp=146070 _min_cwnd=4150 _maxwnd=219105 _cwnd=219105
Initialize per-instance NSCC parameters: flowid 93 _base_rtt=11685600 _base_bdp=146070 _bdp=146070 _min_cwnd=4150 _maxwnd=219105 _cwnd=219105
Initialize per-instance NSCC parameters: flowid 94 _base_rtt=11685600 _base_bdp=146070 _bdp=146070 _min_cwnd=4150 _maxwnd=219105 _cwnd=219105
Initialize per-instance NSCC parameters: flowid 95 _base_rtt=11685600 _base_bdp=146070 _bdp=146070 _min_cwnd=4150 _maxwnd=219105 _cwnd=219105
Initialize per-instance NSCC parameters: flowid 96 _base_rtt=11685600 _base_bdp=146070 _bdp=146070 _min_cwnd=4150 _maxwnd=219105 _cwnd=219105
Initialize per-instance NSCC parameters: flowid 97 _base_rtt=11685600 _base_bdp=146070 _bdp=146070 _min_cwnd=4150 _maxwnd=219105 _cwnd=219105
Initialize per-instance NSCC parameters: flowid 98 _base_rtt=11685600 _base_bdp=146070 _bdp=146070 _min_cwnd=4150 _maxwnd=219105 _cwnd=219105
Initialize per-instance NSCC parameters: flowid 99 _base_rtt=11685600 _base_bdp=146070 _bdp=146070 _min_cwnd=4150 _maxwnd=219105 _cwnd=219105
Initialize per-instance NSCC parameters: flowid 100 _base_rtt=11685600 _base_bdp=146070 _bdp=146070 _min_cwnd=4150 _maxwnd=219105 _cwnd=219105
Initialize per-instance NSCC parameters: flowid 101 _base_rtt=11685600 _base_bdp=146070 _bdp=146070 _min_cwnd=4150 _maxwnd=219105 _cwnd=219105
Initialize per-instance NSCC parameters: flowid 102 _base_rtt=11685600 _base_bdp=146070 _bdp=146070 _min_cwnd=4150 _maxwnd=219105 _cwnd=219105
Initialize per-instance NSCC parameters: flowid 103 _base_rtt=11685600 _base_bdp=146070 _bdp=146070 _min_cwnd=4150 _maxwnd=219105 _cwnd=219105
Initialize per-instance NSCC parameters: flowid 104 _base_rtt=11685600 _base_bdp=146070 _bdp=146070 _min_cwnd=4150 _maxwnd=219105 _cwnd=219105
Initialize per-instance NSCC parameters: flowid 105 _base_rtt=11685600 _base_bdp=146070 _bdp=146070 _min_cwnd=4150 _maxwnd=219105 _cwnd=219105
Initialize per-instance NSCC parameters: flowid 106 _base_rtt=11685600 _base_bdp=146070 _bdp=146070 _min_cwnd=4150 _maxwnd=219105 _cwnd=219105
Initialize per-instance NSCC parameters: flowid 107 _base_rtt=11685600 _base_bdp=146070 _bdp=146070 _min_cwnd=4150 _maxwnd=219105 _cwnd=219105
Initialize per-instance NSCC parameters: flowid 108 _base_rtt=11685600 _base_bdp=146070 _bdp=146070 _min_cwnd=4150 _maxwnd=219105 _cwnd=219105
Initialize per-instance NSCC parameters: flowid 109 _base_rtt=11685600 _base_bdp=146070 _bdp=146070 _min_cwnd=4150 _maxwnd=219105 _cwnd=219105
Initialize per-instance NSCC parameters: flowid 110 _base_rtt=11685600 _base_bdp=146070 _bdp=146070 _min_cwnd=4150 _maxwnd=219105 _cwnd=219105
Initialize per-instance NSCC parameters: flowid 111 _base_rtt=11685600 _base_bdp=146070 _bdp=146070 _min_cwnd=4150 _maxwnd=219105 _cwnd=219105
Initialize per-instance NSCC parameters: flowid 112 _base_rtt=11685600 _base_bdp=146070 _bdp=146070 _min_cwnd=4150 _maxwnd=219105 _cwnd=219105
Initialize per-instance NSCC parameters: flowid 113 _base_rtt=11685600 _base_bdp=146070 _bdp=146070 _min_cwnd=4150 _maxwnd=219105 _cwnd=219105
Initialize per-instance NSCC parameters: flowid 114 _base_rtt=11685600 _base_bdp=146070 _bdp=146070 _min_cwnd=4150 _maxwnd=219105 _cwnd=219105
Initialize per-instance NSCC parameters: flowid 115 _base_rtt=11685600 _base_bdp=146070 _bdp=146070 _min_cwnd=4150 _maxwnd=219105 _cwnd=219105
Initialize per-instance NSCC parameters: flowid 116 _base_rtt=11685600 _base_bdp=146070 _bdp=146070 _min_cwnd=4150 _maxwnd=219105 _cwnd=219105
Initialize per-instance NSCC parameters: flowid 117 _base_rtt=11685600 _base_bdp=146070 _bdp=146070 _min_cwnd=4150 _maxwnd=219105 _cwnd=219105
Initialize per-instance NSCC parameters: flowid 118 _base_rtt=11685600 _base_bdp=146070 _bdp=146070 _min_cwnd=4150 _maxwnd=219105 _cwnd=219105
Initialize per-instance NSCC parameters: flowid 119 _base_rtt=11685600 _base_bdp=146070 _bdp=146070 _min_cwnd=4150 _maxwnd=219105 _cwnd=219105
Initialize per-instance NSCC parameters: flowid 120 _base_rtt=11685600 _base_bdp=146070 _bdp=146070 _min_cwnd=4150 _maxwnd=219105 _cwnd=219105
Initialize per-instance NSCC parameters: flowid 121 _base_rtt=11685600 _base_bdp=146070 _bdp=146070 _min_cwnd=4150 _maxwnd=219105 _cwnd=219105
Initialize per-instance NSCC parameters: flowid 122 _base_rtt=11685600 _base_bdp=146070 _bdp=146070 _min_cwnd=4150 _maxwnd=219105 _cwnd=219105
Initialize per-instance NSCC parameters: flowid 123 _base_rtt=11685600 _base_bdp=146070 _bdp=146070 _min_cwnd=4150 _maxwnd=219105 _cwnd=219105
Initialize per-instance NSCC parameters: flowid 124 _base_rtt=11685600 _base_bdp=146070 _bdp=146070 _min_cwnd=4150 _maxwnd=219105 _cwnd=219105
Initialize per-instance NSCC parameters: flowid 125 _base_rtt=11685600 _base_bdp=146070 _bdp=146070 _min_cwnd=4150 _maxwnd=219105 _cwnd=219105
Initialize per-instance NSCC parameters: flowid 126 _base_rtt=11685600 _base_bdp=146070 _bdp=146070 _min_cwnd=4150 _maxwnd=219105 _cwnd=219105
Initialize per-instance NSCC parameters: flowid 127 _base_rtt=11685600 _base_bdp=146070 _bdp=146070 _min_cwnd=4150 _maxwnd=219105 _cwnd=219105
Initialize per-instance NSCC parameters: flowid 128 _base_rtt=11685600 _base_bdp=146070 _bdp=146070 _min_cwnd=4150 _maxwnd=219105 _cwnd=219105
Initialize per-instance NSCC parameters: flowid 129 _base_rtt=11685600 _base_bdp=146070 _bdp=146070 _min_cwnd=4150 _maxwnd=219105 _cwnd=219105
Initialize per-instance NSCC parameters: flowid 130 _base_rtt=11685600 _base_bdp=146070 _bdp=146070 _min_cwnd=4150 _maxwnd=219105 _cwnd=219105
Initialize per-instance NSCC parameters: flowid 131 _base_rtt=11685600 _base_bdp=146070 _bdp=146070 _min_cwnd=4150 _maxwnd=219105 _cwnd=219105
Initialize per-instance NSCC parameters: flowid 132 _base_rtt=11685600 _base_bdp=146070 _bdp=146070 _min_cwnd=4150 _maxwnd=219105 _cwnd=219105
Initialize per-instance NSCC parameters: flowid 133 _base_rtt=11685600 _base_bdp=146070 _bdp=146070 _min_cwnd=4150 _maxwnd=219105 _cwnd=219105
Initialize per-instance NSCC parameters: flowid 134 _base_rtt=11685600 _base_bdp=146070 _bdp=146070 _min_cwnd=4150 _maxwnd=219105 _cwnd=219105
Initialize per-instance NSCC parameters: flowid 135 _base_rtt=11685600 _base_bdp=146070 _bdp=146070 _min_cwnd=4150 _maxwnd=219105 _cwnd=219105
Initialize per-instance NSCC parameters: flowid 136 _base_rtt=11685600 _base_bdp=146070 _bdp=146070 _min_cwnd=4150 _maxwnd=219105 _cwnd=219105
Initialize per-instance NSCC parameters: flowid 137 _base_rtt=11685600 _base_bdp=146070 _bdp=146070 _min_cwnd=4150 _maxwnd=219105 _cwnd=219105
Initialize per-instance NSCC parameters: flowid 138 _base_rtt=11685600 _base_bdp=146070 _bdp=146070 _min_cwnd=4150 _maxwnd=219105 _cwnd=219105
Initialize per-instance NSCC parameters: flowid 139 _base_rtt=11685600 _base_bdp=146070 _bdp=146070 _min_cwnd=4150 _maxwnd=219105 _cwnd=219105
Initialize per-instance NSCC parameters: flowid 140 _base_rtt=11685600 _base_bdp=146070 _bdp=146070 _min_cwnd=4150 _maxwnd=219105 _cwnd=219105
Initialize per-instance NSCC parameters: flowid 141 _base_rtt=11685600 _base_bdp=146070 _bdp=146070 _min_cwnd=4150 _maxwnd=219105 _cwnd=219105
Initialize per-instance NSCC parameters: flowid 142 _base_rtt=11685600 _base_bdp=146070 _bdp=146070 _min_cwnd=4150 _maxwnd=219105 _cwnd=219105
Initialize per-instance NSCC parameters: flowid 143 _base_rtt=11685600 _base_bdp=146070 _bdp=146070 _min_cwnd=4150 _maxwnd=219105 _cwnd=219105
Initialize per-instance NSCC parameters: flowid 144 _base_rtt=11685600 _base_bdp=146070 _bdp=146070 _min_cwnd=4150 _maxwnd=219105 _cwnd=219105
Initialize per-instance NSCC parameters: flowid 145 _base_rtt=11685600 _base_bdp=146070 _bdp=146070 _min_cwnd=4150 _maxwnd=219105 _cwnd=219105
Initialize per-instance NSCC parameters: flowid 146 _base_rtt=11685600 _base_bdp=146070 _bdp=146070 _min_cwnd=4150 _maxwnd=219105 _cwnd=219105
Initialize per-instance NSCC parameters: flowid 147 _base_rtt=11685600 _base_bdp=146070 _bdp=146070 _min_cwnd=4150 _maxwnd=219105 _cwnd=219105
Initialize per-instance NSCC parameters: flowid 148 _base_rtt=11685600 _base_bdp=146070 _bdp=146070 _min_cwnd=4150 _maxwnd=219105 _cwnd=219105
Initialize per-instance NSCC parameters: flowid 149 _base_rtt=11685600 _base_bdp=146070 _bdp=146070 _min_cwnd=4150 _maxwnd=219105 _cwnd=219105
Initialize per-instance NSCC parameters: flowid 150 _base_rtt=11685600 _base_bdp=146070 _bdp=146070 _min_cwnd=4150 _maxwnd=219105 _cwnd=219105
Initialize per-instance NSCC parameters: flowid 151 _base_rtt=11685600 _base_bdp=146070 _bdp=146070 _min_cwnd=4150 _maxwnd=219105 _cwnd=219105
Initialize per-instance NSCC parameters: flowid 152 _base_rtt=11685600 _base_bdp=146070 _bdp=146070 _min_cwnd=4150 _maxwnd=219105 _cwnd=219105
Initialize per-instance NSCC parameters: flowid 153 _base_rtt=11685600 _base_bdp=146070 _bdp=146070 _min_cwnd=4150 _maxwnd=219105 _cwnd=219105
Initialize per-instance NSCC parameters: flowid 154 _base_rtt=11685600 _base_bdp=146070 _bdp=146070 _min_cwnd=4150 _maxwnd=219105 _cwnd=219105
Initialize per-instance NSCC parameters: flowid 155 _base_rtt=11685600 _base_bdp=146070 _bdp=146070 _min_cwnd=4150 _maxwnd=219105 _cwnd=219105
Initialize per-instance NSCC parameters: flowid 156 _base_rtt=11685600 _base_bdp=146070 _bdp=146070 _min_cwnd=4150 _maxwnd=219105 _cwnd=219105
Initialize per-instance NSCC parameters: flowid 157 _base_rtt=11685600 _base_bdp=146070 _bdp=146070 _min_cwnd=4150 _maxwnd=219105 _cwnd=219105
Initialize per-instance NSCC parameters: flowid 158 _base_rtt=11685600 _base_bdp=146070 _bdp=146070 _min_cwnd=4150 _maxwnd=219105 _cwnd=219105
Initialize per-instance NSCC parameters: flowid 159 _base_rtt=11685600 _base_bdp=146070 _bdp=146070 _min_cwnd=4150 _maxwnd=219105 _cwnd=219105
Initialize per-instance NSCC parameters: flowid 160 _base_rtt=11685600 _base_bdp=146070 _bdp=146070 _min_cwnd=4150 _maxwnd=219105 _cwnd=219105
Initialize per-instance NSCC parameters: flowid 161 _base_rtt=11685600 _base_bdp=146070 _bdp=146070 _min_cwnd=4150 _maxwnd=219105 _cwnd=219105
Initialize per-instance NSCC parameters: flowid 162 _base_rtt=11685600 _base_bdp=146070 _bdp=146070 _min_cwnd=4150 _maxwnd=219105 _cwnd=219105
Initialize per-instance NSCC parameters: flowid 163 _base_rtt=11685600 _base_bdp=146070 _bdp=146070 _min_cwnd=4150 _maxwnd=219105 _cwnd=219105
Initialize per-instance NSCC parameters: flowid 164 _base_rtt=11685600 _base_bdp=146070 _bdp=146070 _min_cwnd=4150 _maxwnd=219105 _cwnd=219105
Initialize per-instance NSCC parameters: flowid 165 _base_rtt=11685600 _base_bdp=146070 _bdp=146070 _min_cwnd=4150 _maxwnd=219105 _cwnd=219105
Initialize per-instance NSCC parameters: flowid 166 _base_rtt=11685600 _base_bdp=146070 _bdp=146070 _min_cwnd=4150 _maxwnd=219105 _cwnd=219105
Starting simulation
Flow Uec_181_53 flowId 1 uecSrc 0 starting at 0
Flow Uec_176_48 flowId 2 uecSrc 1 starting at 0
Flow Uec_14_142 flowId 3 uecSrc 2 starting at 0
Flow Uec_243_115 flowId 4 uecSrc 3 starting at 0
Flow Uec_134_6 flowId 5 uecSrc 4 starting at 0
Flow Uec_103_231 flowId 6 uecSrc 5 starting at 0
Flow Uec_94_222 flowId 7 uecSrc 6 starting at 0
Flow Uec_235_107 flowId 8 uecSrc 7 starting at 0
Flow Uec_116_244 flowId 9 uecSrc 8 starting at 0
Flow Uec_73_201 flowId 10 uecSrc 9 starting at 0
Flow Uec_236_108 flowId 11 uecSrc 10 starting at 0
Flow Uec_211_83 flowId 12 uecSrc 11 starting at 0
Flow Uec_22_150 flowId 13 uecSrc 12 starting at 0
Flow Uec_6_134 flowId 14 uecSrc 13 starting at 0
Flow Uec_214_86 flowId 15 uecSrc 14 starting at 0
Flow Uec_28_156 flowId 16 uecSrc 15 starting at 0
Flow Uec_113_241 flowId 17 uecSrc 16 starting at 0
Flow Uec_135_7 flowId 18 uecSrc 17 starting at 0
Flow Uec_99_227 flowId 19 uecSrc 18 starting at 0
Flow Uec_222_94 flowId 20 uecSrc 19 starting at 0
Flow Uec_161_33 flowId 21 uecSrc 20 starting at 0
Flow Uec_237_109 flowId 22 uecSrc 21 starting at 0
Flow Uec_120_248 flowId 23 uecSrc 22 starting at 0
Flow Uec_133_5 flowId 24 uecSrc 23 starting at 0
Flow Uec_184_56 flowId 25 uecSrc 24 starting at 0
Flow Uec_98_226 flowId 26 uecSrc 25 starting at 0
Flow Uec_182_54 flowId 27 uecSrc 26 starting at 0
Flow Uec_23_151 flowId 28 uecSrc 27 starting at 0
Flow Uec_75_203 flowId 29 uecSrc 28 starting at 0
Flow Uec_234_106 flowId 30 uecSrc 29 starting at 0
Flow Uec_191_63 flowId 31 uecSrc 30 starting at 0
Flow Uec_180_52 flowId 32 uecSrc 31 starting at 0
Flow Uec_187_59 flowId 33 uecSrc 32 starting at 0
Flow Uec_227_99 flowId 34 uecSrc 33 starting at 0
Flow Uec_82_210 flowId 35 uecSrc 34 starting at 0
Flow Uec_148_20 flowId 36 uecSrc 35 starting at 0
Flow Uec_107_235 flowId 37 uecSrc 36 starting at 0
Flow Uec_246_118 flowId 38 uecSrc 37 starting at 0
Flow Uec_35_163 flowId 39 uecSrc 38 starting at 0
Flow Uec_230_102 flowId 40 uecSrc 39 starting at 0
Flow Uec_169_41 flowId 41 uecSrc 40 starting at 0
Flow Uec_40_168 flowId 42 uecSrc 41 starting at 0
Flow Uec_150_22 flowId 43 uecSrc 42 starting at 0
Flow Uec_123_251 flowId 44 uecSrc 43 starting at 0
Flow Uec_163_35 flowId 45 uecSrc 44 starting at 0
Flow Uec_244_116 flowId 46 uecSrc 45 starting at 0
Flow Uec_18_146 flowId 47 uecSrc 46 starting at 0
Flow Uec_34_162 flowId 48 uecSrc 47 starting at 0
Flow Uec_1_129 flowId 49 uecSrc 48 starting at 0
Flow Uec_157_29 flowId 50 uecSrc 49 starting at 0
Flow Uec_159_31 flowId 51 uecSrc 50 starting at 0
Flow Uec_80_208 flowId 52 uecSrc 51 starting at 0
Flow Uec_203_75 flowId 53 uecSrc 52 starting at 0
Flow Uec_146_18 flowId 54 uecSrc 53 starting at 0
Flow Uec_168_40 flowId 55 uecSrc 54 starting at 0
Flow Uec_38_166 flowId 56 uecSrc 55 starting at 0
Flow Uec_48_176 flowId 57 uecSrc 56 starting at 0
Flow Uec_57_185 flowId 58 uecSrc 57 starting at 0
Flow Uec_194_66 flowId 59 uecSrc 58 starting at 0
Flow Uec_81_209 flowId 60 uecSrc 59 starting at 0
Flow Uec_144_16 flowId 61 uecSrc 60 starting at 0
Flow Uec_84_212 flowId 62 uecSrc 61 starting at 0
Flow Uec_201_73 flowId 63 uecSrc 62 starting at 0
Flow Uec_68_196 flowId 64 uecSrc 63 starting at 0
Flow Uec_74_202 flowId 65 uecSrc 64 starting at 0
Flow Uec_17_145 flowId 66 uecSrc 65 starting at 0
Flow Uec_10_138 flowId 67 uecSrc 66 starting at 0
Flow Uec_66_194 flowId 68 uecSrc 67 starting at 0
Flow Uec_21_149 flowId 69 uecSrc 68 starting at 0
Flow Uec_26_154 flowId 70 uecSrc 69 starting at 0
Flow Uec_3_131 flowId 71 uecSrc 70 starting at 0
Flow Uec_70_198 flowId 72 uecSrc 71 starting at 0
Flow Uec_63_191 flowId 73 uecSrc 72 starting at 0
Flow Uec_200_72 flowId 74 uecSrc 73 starting at 0
Flow Uec_199_71 flowId 75 uecSrc 74 starting at 0
Flow Uec_254_126 flowId 76 uecSrc 75 starting at 0
Flow Uec_253_125 flowId 77 uecSrc 76 starting at 0
Flow Uec_226_98 flowId 78 uecSrc 77 starting at 0
Flow Uec_115_243 flowId 79 uecSrc 78 starting at 0
Flow Uec_53_181 flowId 80 uecSrc 79 starting at 0
Flow Uec_242_114 flowId 81 uecSrc 80 starting at 0
Flow Uec_33_161 flowId 82 uecSrc 81 starting at 0
Flow Uec_221_93 flowId 83 uecSrc 82 starting at 0
Flow Uec_158_30 flowId 84 uecSrc 83 starting at 0
Flow Uec_217_89 flowId 85 uecSrc 84 starting at 0
Flow Uec_207_79 flowId 86 uecSrc 85 starting at 0
Flow Uec_126_254 flowId 87 uecSrc 86 starting at 0
Flow Uec_58_186 flowId 88 uecSrc 87 starting at 0
Flow Uec_45_173 flowId 89 uecSrc 88 starting at 0
Flow Uec_122_250 flowId 90 uecSrc 89 starting at 0
Flow Uec_213_85 flowId 91 uecSrc 90 starting at 0
Flow Uec_108_236 flowId 92 uecSrc 91 starting at 0
Flow Uec_195_67 flowId 93 uecSrc 92 starting at 0
Flow Uec_250_122 flowId 94 uecSrc 93 starting at 0
Flow Uec_97_225 flowId 95 uecSrc 94 starting at 0
Flow Uec_174_46 flowId 96 uecSrc 95 starting at 0
Flow Uec_83_211 flowId 97 uecSrc 96 starting at 0
Flow Uec_153_25 flowId 98 uecSrc 97 starting at 0
Flow Uec_142_14 flowId 99 uecSrc 98 starting at 0
Flow Uec_216_88 flowId 100 uecSrc 99 starting at 0
Flow Uec_92_220 flowId 101 uecSrc 100 starting at 0
Flow Uec_198_70 flowId 102 uecSrc 101 starting at 0
Flow Uec_249_121 flowId 103 uecSrc 102 starting at 0
Flow Uec_4_132 flowId 104 uecSrc 103 starting at 0
Flow Uec_96_224 flowId 105 uecSrc 104 starting at 0
Flow Uec_165_37 flowId 106 uecSrc 105 starting at 0
Flow Uec_60_188 flowId 107 uecSrc 106 starting at 0
Flow Uec_44_172 flowId 108 uecSrc 107 starting at 0
Flow Uec_7_135 flowId 109 uecSrc 108 starting at 0
Flow Uec_212_84 flowId 110 uecSrc 109 starting at 0
Flow Uec_13_141 flowId 111 uecSrc 110 starting at 0
Flow Uec_218_90 flowId 112 uecSrc 111 starting at 0
Flow Uec_248_120 flowId 113 uecSrc 112 starting at 0
Flow Uec_111_239 flowId 114 uecSrc 113 starting at 0
Flow Uec_190_62 flowId 115 uecSrc 114 starting at 0
Flow Uec_239_111 flowId 116 uecSrc 115 starting at 0
Flow Uec_12_140 flowId 117 uecSrc 116 starting at 0
Flow Uec_185_57 flowId 118 uecSrc 117 starting at 0
Flow Uec_245_117 flowId 119 uecSrc 118 starting at 0
Flow Uec_143_15 flowId 120 uecSrc 119 starting at 0
Flow Uec_30_158 flowId 121 uecSrc 120 starting at 0
Flow Uec_8_136 flowId 122 uecSrc 121 starting at 0
Flow Uec_11_139 flowId 123 uecSrc 122 starting at 0
Flow Uec_9_137 flowId 124 uecSrc 123 starting at 0
Flow Uec_238_110 flowId 125 uecSrc 124 starting at 0
Flow Uec_118_246 flowId 126 uecSrc 125 starting at 0
Flow Uec_233_105 flowId 127 uecSrc 126 starting at 0
Flow Uec_95_223 flowId 128 uecSrc 127 starting at 0
Flow Uec_128_0 flowId 129 uecSrc 128 starting at 0
Flow Uec_47_175 flowId 130 uecSrc 129 starting at 0
Flow Uec_69_197 flowId 131 uecSrc 130 starting at 0
Flow Uec_5_133 flowId 132 uecSrc 131 starting at 0
Flow Uec_156_28 flowId 133 uecSrc 132 starting at 0
Flow Uec_124_252 flowId 134 uecSrc 133 starting at 0
Flow Uec_138_10 flowId 135 uecSrc 134 starting at 0
Flow Uec_175_47 flowId 136 uecSrc 135 starting at 0
Flow Uec_77_205 flowId 137 uecSrc 136 starting at 0
Flow Uec_71_199 flowId 138 uecSrc 137 starting at 0
Flow Uec_171_43 flowId 139 uecSrc 138 starting at 0
Flow Uec_228_100 flowId 140 uecSrc 139 starting at 0
Flow Uec_42_170 flowId 141 uecSrc 140 starting at 0
Flow Uec_170_42 flowId 142 uecSrc 141 starting at 0
Flow Uec_52_180 flowId 143 uecSrc 142 starting at 0
Flow Uec_210_82 flowId 144 uecSrc 143 starting at 0
Flow Uec_50_178 flowId 145 uecSrc 144 starting at 0
Flow Uec_67_195 flowId 146 uecSrc 145 starting at 0
Flow Uec_105_233 flowId 147 uecSrc 146 starting at 0
Flow Uec_183_55 flowId 148 uecSrc 147 starting at 0
Flow Uec_132_4 flowId 149 uecSrc 148 starting at 0
Flow Uec_178_50 flowId 150 uecSrc 149 starting at 0
Flow Uec_109_237 flowId 151 uecSrc 150 starting at 0
Flow Uec_255_127 flowId 152 uecSrc 151 starting at 0
Flow Uec_140_12 flowId 153 uecSrc 152 starting at 0
Flow Uec_209_81 flowId 154 uecSrc 153 starting at 0
Flow Uec_41_169 flowId 155 uecSrc 154 starting at 0
Flow Uec_91_219 flowId 156 uecSrc 155 starting at 0
Flow Uec_231_103 flowId 157 uecSrc 156 starting at 0
Flow Uec_139_11 flowId 158 uecSrc 157 starting at 0
Flow Uec_125_253 flowId 159 uecSrc 158 starting at 0
Flow Uec_186_58 flowId 160 uecSrc 159 starting at 0
Flow Uec_54_182 flowId 161 uecSrc 160 starting at 0
Flow Uec_100_228 flowId 162 uecSrc 161 starting at 0
Flow Uec_189_61 flowId 163 uecSrc 162 starting at 0
Flow Uec_29_157 flowId 164 uecSrc 163 starting at 0
Flow Uec_114_242 flowId 165 uecSrc 164 starting at 0
Flow Uec_131_3 flowId 166 uecSrc 165 starting at 0
153.278 flowid 70 Spurious 58
153.61 flowid 70 Spurious 62
156.608 flowid 70 Spurious 69
164.259 flowid 70 Spurious 94
165.587 flowid 70 Spurious 104
175.867 flowid 155 Spurious 122
Flow Uec_186_58 flowId 160 uecSrc 159 finished at 176.621 total messages 1 total packets 490 RTS 0 total bytes 2002140 in_flight now 0 fair_inc 0 prop_inc 64262 fast_inc 173763 eta_inc 8344 multi_dec -0 quick_dec -0 nack_dec -0
176.624 flowid 49 Spurious 111
Flow Uec_125_253 flowId 159 uecSrc 158 finished at 177.409 total messages 1 total packets 490 RTS 0 total bytes 2002140 in_flight now 0 fair_inc 0 prop_inc 59573 fast_inc 173763 eta_inc 8344 multi_dec -0 quick_dec -0 nack_dec -0
Flow Uec_115_243 flowId 79 uecSrc 78 finished at 177.984 total messages 1 total packets 490 RTS 0 total bytes 2002140 in_flight now 0 fair_inc 0 prop_inc 77725 fast_inc 52533 eta_inc 8344 multi_dec -0 quick_dec -0 nack_dec -0
Flow Uec_122_250 flowId 90 uecSrc 89 finished at 178.416 total messages 1 total packets 490 RTS 0 total bytes 2002140 in_flight now 0 fair_inc 0 prop_inc 82486 fast_inc 44451 eta_inc 8344 multi_dec -0 quick_dec -0 nack_dec -0
Flow Uec_71_199 flowId 138 uecSrc 137 finished at 178.961 total messages 1 total packets 490 RTS 0 total bytes 2002140 in_flight now 0 fair_inc 0 prop_inc 70496 fast_inc 0 eta_inc 8344 multi_dec -0 quick_dec -0 nack_dec -0
Flow Uec_113_241 flowId 17 uecSrc 16 finished at 179.347 total messages 1 total packets 490 RTS 0 total bytes 2002140 in_flight now 0 fair_inc 0 prop_inc 68339 fast_inc 4041 eta_inc 8344 multi_dec -0 quick_dec -0 nack_dec -0
Flow Uec_84_212 flowId 62 uecSrc 61 finished at 180.73 total messages 1 total packets 490 RTS 0 total bytes 2002140 in_flight now 0 fair_inc 0 prop_inc 47612 fast_inc 4041 eta_inc 8344 multi_dec -0 quick_dec -0 nack_dec -0
Flow Uec_218_90 flowId 112 uecSrc 111 finished at 182.821 total messages 1 total packets 490 RTS 0 total bytes 2002140 in_flight now 0 fair_inc 0 prop_inc 42028 fast_inc 0 eta_inc 8344 multi_dec -0 quick_dec -0 nack_dec -0
183.024 flowid 57 Spurious 135
Flow Uec_105_233 flowId 147 uecSrc 146 finished at 184.14 total messages 1 total packets 490 RTS 0 total bytes 2002140 in_flight now 0 fair_inc 0 prop_inc 47365 fast_inc 0 eta_inc 8940 multi_dec -0 quick_dec -0 nack_dec -0
Flow Uec_131_3 flowId 166 uecSrc 165 finished at 184.787 total messages 1 total packets 490 RTS 0 total bytes 2002140 in_flight now 0 fair_inc 0 prop_inc 89946 fast_inc 0 eta_inc 8344 multi_dec -0 quick_dec -0 nack_dec -0
Flow Uec_47_175 flowId 130 uecSrc 129 finished at 186.078 total messages 1 total packets 490 RTS 0 total bytes 2002140 in_flight now 0 fair_inc 0 prop_inc 26668 fast_inc 0 eta_inc 8940 multi_dec -0 quick_dec -0 nack_dec -0
Flow Uec_60_188 flowId 107 uecSrc 106 finished at 186.514 total messages 1 total packets 490 RTS 0 total bytes 2002140 in_flight now 0 fair_inc 0 prop_inc 24877 fast_inc 0 eta_inc 8940 multi_dec -0 quick_dec -0 nack_dec -0
193.582 flowid 47 Spurious 144
Flow Uec_248_120 flowId 113 uecSrc 112 finished at 194.718 total messages 1 total packets 490 RTS 0 total bytes 2002140 in_flight now 0 fair_inc 0 prop_inc 28135 fast_inc 0 eta_inc 8940 multi_dec -0 quick_dec -0 nack_dec -0
Flow Uec_34_162 flowId 48 uecSrc 47 finished at 210.947 total messages 1 total packets 490 RTS 0 total bytes 2002140 in_flight now 0 fair_inc 10190 prop_inc 30784 fast_inc 0 eta_inc 10132 multi_dec -0 quick_dec -0 nack_dec -20750
214.881 flowid 42 Spurious 206
215.926 flowid 132 Spurious 207
216.821 flowid 42 Spurious 207
219.819 flowid 108 Spurious 214
221.811 flowid 108 Spurious 241
Flow Uec_9_137 flowId 124 uecSrc 123 finished at 221.941 total messages 1 total packets 490 RTS 0 total bytes 2002140 in_flight now 0 fair_inc 1870 prop_inc 51094 fast_inc 0 eta_inc 10132 multi_dec -0 quick_dec -0 nack_dec -33200
224.129 flowid 82 Spurious 216
224.793 flowid 82 Spurious 217
225.789 flowid 82 Spurious 219
226.121 flowid 82 Spurious 220
Flow Uec_29_157 flowId 164 uecSrc 163 finished at 230.127 total messages 1 total packets 490 RTS 0 total bytes 2002140 in_flight now 0 fair_inc 9772 prop_inc 24960 fast_inc 0 eta_inc 10728 multi_dec -0 quick_dec -0 nack_dec -4150
Flow Uec_228_100 flowId 140 uecSrc 139 finished at 237.372 total messages 1 total packets 490 RTS 0 total bytes 2002140 in_flight now 0 fair_inc 861 prop_inc 7469 fast_inc 0 eta_inc 11324 multi_dec -37830 quick_dec -0 nack_dec -0
238.109 flowid 155 Spurious 261
Flow Uec_30_158 flowId 121 uecSrc 120 finished at 238.322 total messages 1 total packets 491 RTS 1 total bytes 2002140 in_flight now 0 fair_inc 6063 prop_inc 33900 fast_inc 0 eta_inc 10728 multi_dec -0 quick_dec -0 nack_dec -12450
238.441 flowid 155 Spurious 266
238.468 flowid 13 Spurious 185
Flow Uec_255_127 flowId 152 uecSrc 151 finished at 239.63 total messages 1 total packets 490 RTS 0 total bytes 2002140 in_flight now 0 fair_inc 3393 prop_inc 9429 fast_inc 0 eta_inc 11324 multi_dec -59535 quick_dec -0 nack_dec -0
248.863 flowid 47 Spurious 282
Flow Uec_50_178 flowId 145 uecSrc 144 finished at 255.165 total messages 1 total packets 490 RTS 0 total bytes 2002140 in_flight now 0 fair_inc 3497 prop_inc 47619 fast_inc 0 eta_inc 12516 multi_dec -98798 quick_dec -0 nack_dec -8300
257.052 flowid 28 Spurious 337
Flow Uec_182_54 flowId 27 uecSrc 26 finished at 258.092 total messages 1 total packets 490 RTS 0 total bytes 2002140 in_flight now 0 fair_inc 3872 prop_inc 38442 fast_inc 0 eta_inc 11920 multi_dec -63746 quick_dec -0 nack_dec -33200
258.289 flowid 141 Spurious 328
258.38 flowid 28 Spurious 341
258.953 flowid 141 Spurious 330
259.376 flowid 28 Spurious 344
259.708 flowid 28 Spurious 345
264.923 flowid 28 Spurious 354
265.919 flowid 28 Spurious 357
Flow Uec_28_156 flowId 16 uecSrc 15 finished at 267.997 total messages 1 total packets 492 RTS 2 total bytes 2002140 in_flight now 0 fair_inc 3974 prop_inc 68182 fast_inc 0 eta_inc 12516 multi_dec -115151 quick_dec -0 nack_dec -12450
271.996 flowid 122 Spurious 282
272.705 flowid 122 Spurious 283
278.066 flowid 56 Spurious 407
279.103 flowid 39 Spurious 402
Flow Uec_33_161 flowId 82 uecSrc 81 finished at 280.95 total messages 1 total packets 494 RTS 4 total bytes 2002140 in_flight now 0 fair_inc 14058 prop_inc 20371 fast_inc 0 eta_inc 13112 multi_dec -0 quick_dec -0 nack_dec -4150
281.131 flowid 122 Spurious 286
Flow Uec_44_172 flowId 108 uecSrc 107 finished at 282.544 total messages 1 total packets 493 RTS 3 total bytes 2002140 in_flight now 0 fair_inc 5722 prop_inc 27499 fast_inc 1010 eta_inc 12516 multi_dec -16453 quick_dec -176031 nack_dec -8300
Flow Uec_35_163 flowId 39 uecSrc 38 finished at 283.689 total messages 1 total packets 490 RTS 0 total bytes 2002140 in_flight now 0 fair_inc 9006 prop_inc 26418 fast_inc 0 eta_inc 10728 multi_dec -0 quick_dec -0 nack_dec -4150
298.816 flowid 89 Spurious 382
Flow Uec_21_149 flowId 69 uecSrc 68 finished at 300.39 total messages 1 total packets 493 RTS 3 total bytes 2002140 in_flight now 0 fair_inc 23423 prop_inc 26925 fast_inc 0 eta_inc 14304 multi_dec -103607 quick_dec -0 nack_dec -4150
Flow Uec_45_173 flowId 89 uecSrc 88 finished at 306.158 total messages 1 total packets 495 RTS 5 total bytes 2002140 in_flight now 0 fair_inc 6771 prop_inc 53673 fast_inc 0 eta_inc 12516 multi_dec -0 quick_dec -0 nack_dec -4150
Flow Uec_38_166 flowId 56 uecSrc 55 finished at 306.623 total messages 1 total packets 491 RTS 1 total bytes 2002140 in_flight now 0 fair_inc 9422 prop_inc 33231 fast_inc 0 eta_inc 12516 multi_dec -0 quick_dec -196518 nack_dec -16600
306.742 flowid 117 Spurious 353
307.424 flowid 117 Spurious 356
308.43 flowid 117 Spurious 359
309.666 flowid 117 Spurious 362
Flow Uec_12_140 flowId 117 uecSrc 116 finished at 309.906 total messages 1 total packets 496 RTS 6 total bytes 2002140 in_flight now 0 fair_inc 15236 prop_inc 13039 fast_inc 0 eta_inc 13708 multi_dec -0 quick_dec -0 nack_dec -33200
309.998 flowid 117 Spurious 363
310.34 flowid 117 Spurious 364
Flow Uec_48_176 flowId 57 uecSrc 56 finished at 311.137 total messages 1 total packets 497 RTS 7 total bytes 2002140 in_flight now 0 fair_inc 13909 prop_inc 26349 fast_inc 0 eta_inc 14900 multi_dec -0 quick_dec -0 nack_dec -4150
Flow Uec_126_254 flowId 87 uecSrc 86 finished at 312.814 total messages 1 total packets 490 RTS 0 total bytes 2002140 in_flight now 0 fair_inc 3229 prop_inc 30558 fast_inc 0 eta_inc 14900 multi_dec -89819 quick_dec -0 nack_dec -33200
314.365 flowid 141 Spurious 461
Flow Uec_14_142 flowId 3 uecSrc 2 finished at 314.58 total messages 1 total packets 490 RTS 0 total bytes 2002140 in_flight now 0 fair_inc 13101 prop_inc 50696 fast_inc 0 eta_inc 14304 multi_dec -154625 quick_dec -0 nack_dec -12450
315.366 flowid 141 Spurious 464
Flow Uec_83_211 flowId 97 uecSrc 96 finished at 316.552 total messages 1 total packets 490 RTS 0 total bytes 2002140 in_flight now 0 fair_inc 813 prop_inc 30019 fast_inc 0 eta_inc 14900 multi_dec -84602 quick_dec -0 nack_dec -37350
Flow Uec_42_170 flowId 141 uecSrc 140 finished at 318.135 total messages 1 total packets 490 RTS 0 total bytes 2002140 in_flight now 0 fair_inc 7572 prop_inc 27473 fast_inc 0 eta_inc 13112 multi_dec -0 quick_dec -0 nack_dec -0
319.652 flowid 141 Spurious 470
319.853 flowid 28 Spurious 488
319.994 flowid 141 Spurious 471
Flow Uec_184_56 flowId 25 uecSrc 24 finished at 320.003 total messages 1 total packets 490 RTS 0 total bytes 2002140 in_flight now 0 fair_inc 2591 prop_inc 31464 fast_inc 0 eta_inc 15496 multi_dec -88147 quick_dec -0 nack_dec -41500
320.648 flowid 141 Spurious 473
321.644 flowid 141 Spurious 475
322.344 flowid 141 Spurious 477
323.008 flowid 141 Spurious 479
Flow Uec_23_151 flowId 28 uecSrc 27 finished at 324.392 total messages 1 total packets 492 RTS 2 total bytes 2002140 in_flight now 0 fair_inc 4578 prop_inc 36908 fast_inc 0 eta_inc 11920 multi_dec -0 quick_dec -181651 nack_dec -20750
Flow Uec_142_14 flowId 99 uecSrc 98 finished at 324.434 total messages 1 total packets 490 RTS 0 total bytes 2002140 in_flight now 0 fair_inc 10111 prop_inc 39205 fast_inc 0 eta_inc 15496 multi_dec -103425 quick_dec -0 nack_dec -45650
Flow Uec_67_195 flowId 146 uecSrc 145 finished at 324.561 total messages 1 total packets 490 RTS 0 total bytes 2002140 in_flight now 0 fair_inc 2868 prop_inc 28637 fast_inc 0 eta_inc 15496 multi_dec -76065 quick_dec -0 nack_dec -49800
329.084 flowid 47 Spurious 456
Flow Uec_41_169 flowId 155 uecSrc 154 finished at 329.489 total messages 1 total packets 492 RTS 2 total bytes 2002140 in_flight now 0 fair_inc 18878 prop_inc 38109 fast_inc 0 eta_inc 13708 multi_dec -25952 quick_dec -167356 nack_dec -4150
Flow Uec_17_145 flowId 66 uecSrc 65 finished at 330.248 total messages 1 total packets 490 RTS 0 total bytes 2002140 in_flight now 0 fair_inc 6714 prop_inc 61039 fast_inc 0 eta_inc 14304 multi_dec -170258 quick_dec -0 nack_dec -0
Flow Uec_132_4 flowId 149 uecSrc 148 finished at 330.355 total messages 1 total packets 490 RTS 0 total bytes 2002140 in_flight now 0 fair_inc 4390 prop_inc 43609 fast_inc 0 eta_inc 15496 multi_dec -96606 quick_dec -0 nack_dec -37350
Flow Uec_40_168 flowId 42 uecSrc 41 finished at 331.186 total messages 1 total packets 494 RTS 4 total bytes 2002140 in_flight now 0 fair_inc 8905 prop_inc 23871 fast_inc 0 eta_inc 12516 multi_dec -0 quick_dec -162772 nack_dec -12450
Flow Uec_216_88 flowId 100 uecSrc 99 finished at 332.475 total messages 1 total packets 490 RTS 0 total bytes 2002140 in_flight now 0 fair_inc 4248 prop_inc 21559 fast_inc 0 eta_inc 16092 multi_dec -77375 quick_dec -0 nack_dec -45650
332.802 flowid 47 Spurious 466
Flow Uec_18_146 flowId 47 uecSrc 46 finished at 333.451 total messages 1 total packets 491 RTS 1 total bytes 2002140 in_flight now 0 fair_inc 10448 prop_inc 12973 fast_inc 0 eta_inc 12516 multi_dec -0 quick_dec -190545 nack_dec -24900
Flow Uec_135_7 flowId 18 uecSrc 17 finished at 333.473 total messages 1 total packets 490 RTS 0 total bytes 2002140 in_flight now 0 fair_inc 6109 prop_inc 21422 fast_inc 0 eta_inc 14900 multi_dec -42186 quick_dec -0 nack_dec -66400
334.805 flowid 47 Spurious 472
Flow Uec_4_132 flowId 104 uecSrc 103 finished at 335.375 total messages 1 total packets 495 RTS 5 total bytes 2002140 in_flight now 0 fair_inc 4208 prop_inc 49913 fast_inc 0 eta_inc 14900 multi_dec -0 quick_dec -0 nack_dec -16600
335.589 flowid 42 Spurious 462
Flow Uec_159_31 flowId 51 uecSrc 50 finished at 335.708 total messages 1 total packets 490 RTS 0 total bytes 2002140 in_flight now 0 fair_inc 6467 prop_inc 37207 fast_inc 0 eta_inc 14304 multi_dec -111088 quick_dec -0 nack_dec -37350
336.968 flowid 42 Spurious 466
337.305 flowid 42 Spurious 467
337.885 flowid 47 Spurious 478
Flow Uec_133_5 flowId 24 uecSrc 23 finished at 337.963 total messages 1 total packets 491 RTS 1 total bytes 2002140 in_flight now 0 fair_inc 11966 prop_inc 34577 fast_inc 0 eta_inc 15496 multi_dec -100959 quick_dec -0 nack_dec -29050
339.418 flowid 122 Spurious 403
Flow Uec_143_15 flowId 120 uecSrc 119 finished at 339.921 total messages 1 total packets 490 RTS 0 total bytes 2002140 in_flight now 0 fair_inc 16265 prop_inc 33274 fast_inc 0 eta_inc 16688 multi_dec -126643 quick_dec -0 nack_dec -24900
Flow Uec_1_129 flowId 49 uecSrc 48 finished at 340.167 total messages 1 total packets 494 RTS 4 total bytes 2002140 in_flight now 0 fair_inc 18222 prop_inc 19402 fast_inc 1010 eta_inc 13112 multi_dec -0 quick_dec -168286 nack_dec -24900
Flow Uec_54_182 flowId 161 uecSrc 160 finished at 341.052 total messages 1 total packets 490 RTS 0 total bytes 2002140 in_flight now 0 fair_inc 6091 prop_inc 43667 fast_inc 0 eta_inc 16092 multi_dec -94407 quick_dec -0 nack_dec -58100
Flow Uec_124_252 flowId 134 uecSrc 133 finished at 342.005 total messages 1 total packets 490 RTS 0 total bytes 2002140 in_flight now 0 fair_inc 3127 prop_inc 41621 fast_inc 0 eta_inc 16092 multi_dec -96293 quick_dec -0 nack_dec -53950
Flow Uec_120_248 flowId 23 uecSrc 22 finished at 343.173 total messages 1 total packets 490 RTS 0 total bytes 2002140 in_flight now 0 fair_inc 3423 prop_inc 40593 fast_inc 0 eta_inc 16688 multi_dec -110720 quick_dec -0 nack_dec -41500
Flow Uec_185_57 flowId 118 uecSrc 117 finished at 344.22 total messages 1 total packets 490 RTS 0 total bytes 2002140 in_flight now 0 fair_inc 5852 prop_inc 45122 fast_inc 0 eta_inc 16688 multi_dec -100232 quick_dec -0 nack_dec -49800
Flow Uec_163_35 flowId 45 uecSrc 44 finished at 344.955 total messages 1 total packets 490 RTS 0 total bytes 2002140 in_flight now 0 fair_inc 13042 prop_inc 36867 fast_inc 0 eta_inc 16092 multi_dec -104981 quick_dec -0 nack_dec -45650
Flow Uec_26_154 flowId 70 uecSrc 69 finished at 345.165 total messages 1 total packets 495 RTS 5 total bytes 2002140 in_flight now 0 fair_inc 8275 prop_inc 54421 fast_inc 153035 eta_inc 16092 multi_dec -139611 quick_dec -0 nack_dec -0
345.329 flowid 111 Spurious 460
Flow Uec_123_251 flowId 44 uecSrc 43 finished at 348.296 total messages 1 total packets 490 RTS 0 total bytes 2002140 in_flight now 0 fair_inc 5616 prop_inc 44925 fast_inc 24734 eta_inc 16688 multi_dec -90912 quick_dec -0 nack_dec -62250
Flow Uec_144_16 flowId 61 uecSrc 60 finished at 349.455 total messages 1 total packets 490 RTS 0 total bytes 2002140 in_flight now 0 fair_inc 5465 prop_inc 59032 fast_inc 0 eta_inc 16092 multi_dec -113052 quick_dec -0 nack_dec -58100
Flow Uec_70_198 flowId 72 uecSrc 71 finished at 349.797 total messages 1 total packets 490 RTS 0 total bytes 2002140 in_flight now 0 fair_inc 13027 prop_inc 47646 fast_inc 0 eta_inc 16688 multi_dec -98795 quick_dec -0 nack_dec -53950
Flow Uec_210_82 flowId 144 uecSrc 143 finished at 350.944 total messages 1 total packets 490 RTS 0 total bytes 2002140 in_flight now 0 fair_inc 10096 prop_inc 25694 fast_inc 0 eta_inc 16688 multi_dec -75495 quick_dec -0 nack_dec -62250
Flow Uec_140_12 flowId 153 uecSrc 152 finished at 352.964 total messages 1 total packets 491 RTS 1 total bytes 2002140 in_flight now 0 fair_inc 4662 prop_inc 49706 fast_inc 0 eta_inc 16688 multi_dec -97824 quick_dec -0 nack_dec -53950
353.138 flowid 111 Spurious 472
Flow Uec_52_180 flowId 143 uecSrc 142 finished at 353.918 total messages 1 total packets 490 RTS 0 total bytes 2002140 in_flight now 0 fair_inc 18158 prop_inc 37842 fast_inc 11600 eta_inc 17284 multi_dec -59448 quick_dec -0 nack_dec -83000
354.205 flowid 122 Spurious 434
Flow Uec_246_118 flowId 38 uecSrc 37 finished at 354.795 total messages 1 total packets 490 RTS 0 total bytes 2002140 in_flight now 0 fair_inc 9295 prop_inc 36828 fast_inc 0 eta_inc 16688 multi_dec -89723 quick_dec -0 nack_dec -62250
Flow Uec_231_103 flowId 157 uecSrc 156 finished at 360.488 total messages 1 total packets 490 RTS 0 total bytes 2002140 in_flight now 0 fair_inc 7352 prop_inc 27374 fast_inc 0 eta_inc 17284 multi_dec -108235 quick_dec -0 nack_dec -41500
Flow Uec_238_110 flowId 125 uecSrc 124 finished at 361.225 total messages 1 total packets 490 RTS 0 total bytes 2002140 in_flight now 0 fair_inc 4830 prop_inc 29426 fast_inc 0 eta_inc 17284 multi_dec -55077 quick_dec -0 nack_dec -87150
Flow Uec_128_0 flowId 129 uecSrc 128 finished at 361.265 total messages 1 total packets 491 RTS 1 total bytes 2002140 in_flight now 0 fair_inc 0 prop_inc 59989 fast_inc 12612 eta_inc 15496 multi_dec -123026 quick_dec -0 nack_dec -29050
Flow Uec_58_186 flowId 88 uecSrc 87 finished at 362.168 total messages 1 total packets 490 RTS 0 total bytes 2002140 in_flight now 0 fair_inc 1333 prop_inc 61672 fast_inc 7559 eta_inc 17284 multi_dec -79747 quick_dec -0 nack_dec -83000
Flow Uec_239_111 flowId 116 uecSrc 115 finished at 363.92 total messages 1 total packets 490 RTS 0 total bytes 2002140 in_flight now 0 fair_inc 6757 prop_inc 36975 fast_inc 0 eta_inc 17284 multi_dec -98225 quick_dec -0 nack_dec -58100
Flow Uec_227_99 flowId 34 uecSrc 33 finished at 365.274 total messages 1 total packets 490 RTS 0 total bytes 2002140 in_flight now 0 fair_inc 7423 prop_inc 23861 fast_inc 0 eta_inc 17284 multi_dec -65347 quick_dec -0 nack_dec -74700
Flow Uec_254_126 flowId 76 uecSrc 75 finished at 369.484 total messages 1 total packets 490 RTS 0 total bytes 2002140 in_flight now 0 fair_inc 9050 prop_inc 39474 fast_inc 0 eta_inc 17880 multi_dec -99675 quick_dec -0 nack_dec -58100
Flow Uec_13_141 flowId 111 uecSrc 110 finished at 370.124 total messages 1 total packets 492 RTS 2 total bytes 2002140 in_flight now 0 fair_inc 4860 prop_inc 63055 fast_inc 1010 eta_inc 13708 multi_dec -0 quick_dec -187900 nack_dec -33200
Flow Uec_178_50 flowId 150 uecSrc 149 finished at 372.451 total messages 1 total packets 490 RTS 0 total bytes 2002140 in_flight now 0 fair_inc 1946 prop_inc 104161 fast_inc 8082 eta_inc 16688 multi_dec -133338 quick_dec -0 nack_dec -49800
377.515 flowid 122 Spurious 459
Flow Uec_250_122 flowId 94 uecSrc 93 finished at 378.619 total messages 1 total packets 490 RTS 0 total bytes 2002140 in_flight now 0 fair_inc 1132 prop_inc 38558 fast_inc 0 eta_inc 17880 multi_dec -76809 quick_dec -0 nack_dec -74700
Flow Uec_235_107 flowId 8 uecSrc 7 finished at 383.34 total messages 1 total packets 490 RTS 0 total bytes 2002140 in_flight now 0 fair_inc 7182 prop_inc 48264 fast_inc 0 eta_inc 17284 multi_dec -69065 quick_dec -0 nack_dec -91300
Flow Uec_244_116 flowId 46 uecSrc 45 finished at 383.404 total messages 1 total packets 490 RTS 0 total bytes 2002140 in_flight now 0 fair_inc 10885 prop_inc 32147 fast_inc 0 eta_inc 17880 multi_dec -44596 quick_dec -0 nack_dec -103750
Flow Uec_22_150 flowId 13 uecSrc 12 finished at 391.181 total messages 1 total packets 493 RTS 3 total bytes 2002140 in_flight now 0 fair_inc 23321 prop_inc 85184 fast_inc 10102 eta_inc 17284 multi_dec -180958 quick_dec -0 nack_dec -8300
392.406 flowid 122 Spurious 467
Flow Uec_253_125 flowId 77 uecSrc 76 finished at 392.457 total messages 1 total packets 490 RTS 0 total bytes 2002140 in_flight now 0 fair_inc 8798 prop_inc 39744 fast_inc 0 eta_inc 18476 multi_dec -59097 quick_dec -0 nack_dec -99600
Flow Uec_249_121 flowId 103 uecSrc 102 finished at 395.532 total messages 1 total packets 490 RTS 0 total bytes 2002140 in_flight now 0 fair_inc 11608 prop_inc 53452 fast_inc 0 eta_inc 18476 multi_dec -154478 quick_dec -0 nack_dec -33200
Flow Uec_161_33 flowId 21 uecSrc 20 finished at 397.849 total messages 1 total packets 491 RTS 1 total bytes 2002140 in_flight now 0 fair_inc 28997 prop_inc 19214 fast_inc 0 eta_inc 18476 multi_dec -30367 quick_dec -0 nack_dec -120350
Flow Uec_63_191 flowId 73 uecSrc 72 finished at 416.936 total messages 1 total packets 490 RTS 0 total bytes 2002140 in_flight now 0 fair_inc 9100 prop_inc 99766 fast_inc 0 eta_inc 17880 multi_dec -89846 quick_dec -0 nack_dec -103750
Flow Uec_8_136 flowId 122 uecSrc 121 finished at 421.468 total messages 1 total packets 495 RTS 5 total bytes 2002140 in_flight now 0 fair_inc 14545 prop_inc 39209 fast_inc 0 eta_inc 16688 multi_dec -22698 quick_dec -153212 nack_dec -24900
Flow Uec_158_30 flowId 84 uecSrc 83 finished at 421.537 total messages 1 total packets 490 RTS 0 total bytes 2002140 in_flight now 0 fair_inc 33408 prop_inc 15833 fast_inc 0 eta_inc 19668 multi_dec -48978 quick_dec -0 nack_dec -116200
Flow Uec_245_117 flowId 119 uecSrc 118 finished at 421.736 total messages 1 total packets 490 RTS 0 total bytes 2002140 in_flight now 0 fair_inc 5983 prop_inc 67213 fast_inc 0 eta_inc 19668 multi_dec -117855 quick_dec -0 nack_dec -70550
Flow Uec_146_18 flowId 54 uecSrc 53 finished at 426.118 total messages 1 total packets 491 RTS 1 total bytes 2002140 in_flight now 0 fair_inc 21828 prop_inc 19917 fast_inc 0 eta_inc 19668 multi_dec -45920 quick_dec -0 nack_dec -112050
Flow Uec_5_133 flowId 132 uecSrc 131 finished at 439.777 total messages 1 total packets 495 RTS 5 total bytes 2002140 in_flight now -64 fair_inc 3451 prop_inc 65538 fast_inc 0 eta_inc 16092 multi_dec -0 quick_dec -164152 nack_dec -4150
Flow Uec_174_46 flowId 96 uecSrc 95 finished at 443.638 total messages 1 total packets 490 RTS 0 total bytes 2002140 in_flight now 0 fair_inc 47404 prop_inc 13342 fast_inc 0 eta_inc 20264 multi_dec -115380 quick_dec -0 nack_dec -66400
Flow Uec_148_20 flowId 36 uecSrc 35 finished at 444.671 total messages 1 total packets 490 RTS 0 total bytes 2002140 in_flight now 0 fair_inc 33769 prop_inc 29249 fast_inc 0 eta_inc 20860 multi_dec -92582 quick_dec -0 nack_dec -103750
Flow Uec_74_202 flowId 65 uecSrc 64 finished at 454.47 total messages 1 total packets 490 RTS 0 total bytes 2002140 in_flight now 0 fair_inc 25709 prop_inc 18026 fast_inc 0 eta_inc 20860 multi_dec -28826 quick_dec -0 nack_dec -145250
Flow Uec_176_48 flowId 2 uecSrc 1 finished at 460.399 total messages 1 total packets 491 RTS 1 total bytes 2002140 in_flight now 0 fair_inc 35008 prop_inc 14844 fast_inc 0 eta_inc 20860 multi_dec -32856 quick_dec -0 nack_dec -145250
Flow Uec_221_93 flowId 83 uecSrc 82 finished at 470.36 total messages 1 total packets 490 RTS 0 total bytes 2002140 in_flight now 0 fair_inc 18508 prop_inc 16940 fast_inc 0 eta_inc 20860 multi_dec -83350 quick_dec -0 nack_dec -99600
Flow Uec_57_185 flowId 58 uecSrc 57 finished at 478.566 total messages 1 total packets 490 RTS 0 total bytes 2002140 in_flight now 0 fair_inc 14466 prop_inc 22417 fast_inc 0 eta_inc 22052 multi_dec -59107 quick_dec -0 nack_dec -120350
Flow Uec_201_73 flowId 63 uecSrc 62 finished at 481.771 total messages 1 total packets 490 RTS 0 total bytes 2002140 in_flight now 0 fair_inc 29654 prop_inc 20359 fast_inc 0 eta_inc 22648 multi_dec -56493 quick_dec -0 nack_dec -145250
Flow Uec_199_71 flowId 75 uecSrc 74 finished at 484.244 total messages 1 total packets 490 RTS 0 total bytes 2002140 in_flight now 0 fair_inc 5399 prop_inc 21763 fast_inc 0 eta_inc 22648 multi_dec -70277 quick_dec -0 nack_dec -99600
Flow Uec_116_244 flowId 9 uecSrc 8 finished at 486.437 total messages 1 total packets 490 RTS 0 total bytes 2002140 in_flight now 0 fair_inc 17868 prop_inc 21858 fast_inc 0 eta_inc 22648 multi_dec -66024 quick_dec -0 nack_dec -112050
Flow Uec_118_246 flowId 126 uecSrc 125 finished at 492.765 total messages 1 total packets 490 RTS 0 total bytes 2002140 in_flight now 0 fair_inc 23723 prop_inc 19215 fast_inc 0 eta_inc 23244 multi_dec -64513 quick_dec -0 nack_dec -120350
Flow Uec_95_223 flowId 128 uecSrc 127 finished at 494.803 total messages 1 total packets 490 RTS 0 total bytes 2002140 in_flight now 0 fair_inc 40748 prop_inc 32051 fast_inc 0 eta_inc 22052 multi_dec -110464 quick_dec -0 nack_dec -74700
Flow Uec_80_208 flowId 52 uecSrc 51 finished at 499.383 total messages 1 total packets 490 RTS 0 total bytes 2002140 in_flight now 0 fair_inc 24990 prop_inc 11144 fast_inc 0 eta_inc 23244 multi_dec -40547 quick_dec -0 nack_dec -124500
Flow Uec_157_29 flowId 50 uecSrc 49 finished at 501.891 total messages 1 total packets 490 RTS 0 total bytes 2002140 in_flight now 0 fair_inc 19250 prop_inc 61763 fast_inc 0 eta_inc 22052 multi_dec -141214 quick_dec -0 nack_dec -66400
Flow Uec_53_181 flowId 80 uecSrc 79 finished at 502.104 total messages 1 total packets 490 RTS 0 total bytes 2002140 in_flight now 0 fair_inc 12341 prop_inc 32383 fast_inc 0 eta_inc 23244 multi_dec -73017 quick_dec -0 nack_dec -120350
Flow Uec_213_85 flowId 91 uecSrc 90 finished at 502.564 total messages 1 total packets 490 RTS 0 total bytes 2002140 in_flight now 0 fair_inc 25827 prop_inc 25616 fast_inc 0 eta_inc 23840 multi_dec -123106 quick_dec -0 nack_dec -70550
Flow Uec_212_84 flowId 110 uecSrc 109 finished at 503.72 total messages 1 total packets 490 RTS 0 total bytes 2002140 in_flight now 0 fair_inc 18923 prop_inc 24449 fast_inc 0 eta_inc 23244 multi_dec -96675 quick_dec -0 nack_dec -87150
Flow Uec_96_224 flowId 105 uecSrc 104 finished at 505.969 total messages 1 total packets 490 RTS 0 total bytes 2002140 in_flight now 0 fair_inc 27632 prop_inc 11928 fast_inc 0 eta_inc 23244 multi_dec -70719 quick_dec -0 nack_dec -112050
Flow Uec_97_225 flowId 95 uecSrc 94 finished at 506.121 total messages 1 total packets 490 RTS 0 total bytes 2002140 in_flight now 0 fair_inc 22763 prop_inc 35597 fast_inc 0 eta_inc 24436 multi_dec -120185 quick_dec -0 nack_dec -78850
Flow Uec_6_134 flowId 14 uecSrc 13 finished at 507.667 total messages 1 total packets 494 RTS 4 total bytes 2002140 in_flight now 0 fair_inc 2515 prop_inc 76385 fast_inc 0 eta_inc 16688 multi_dec -0 quick_dec -160449 nack_dec -33200
Flow Uec_156_28 flowId 133 uecSrc 132 finished at 511.253 total messages 1 total packets 491 RTS 1 total bytes 2002140 in_flight now 0 fair_inc 32325 prop_inc 59321 fast_inc 0 eta_inc 23244 multi_dec -123585 quick_dec -0 nack_dec -95450
Flow Uec_209_81 flowId 154 uecSrc 153 finished at 511.56 total messages 1 total packets 490 RTS 0 total bytes 2002140 in_flight now 0 fair_inc 31900 prop_inc 13690 fast_inc 0 eta_inc 23840 multi_dec -93438 quick_dec -0 nack_dec -99600
Flow Uec_217_89 flowId 85 uecSrc 84 finished at 512.655 total messages 1 total packets 490 RTS 0 total bytes 2002140 in_flight now 0 fair_inc 19792 prop_inc 18547 fast_inc 0 eta_inc 23840 multi_dec -66056 quick_dec -0 nack_dec -116200
Flow Uec_198_70 flowId 102 uecSrc 101 finished at 516.219 total messages 1 total packets 490 RTS 0 total bytes 2002140 in_flight now 0 fair_inc 35810 prop_inc 12403 fast_inc 0 eta_inc 23244 multi_dec -85587 quick_dec -0 nack_dec -107900
Flow Uec_187_59 flowId 33 uecSrc 32 finished at 517.167 total messages 1 total packets 490 RTS 0 total bytes 2002140 in_flight now 0 fair_inc 29638 prop_inc 8814 fast_inc 0 eta_inc 25032 multi_dec -85767 quick_dec -0 nack_dec -120350
Flow Uec_214_86 flowId 15 uecSrc 14 finished at 523.88 total messages 1 total packets 490 RTS 0 total bytes 2002140 in_flight now 0 fair_inc 12166 prop_inc 36447 fast_inc 22222 eta_inc 22648 multi_dec -87759 quick_dec -0 nack_dec -103750
Flow Uec_169_41 flowId 41 uecSrc 40 finished at 524.803 total messages 1 total packets 490 RTS 0 total bytes 2002140 in_flight now 0 fair_inc 19356 prop_inc 42446 fast_inc 77263 eta_inc 23244 multi_dec -133719 quick_dec -0 nack_dec -70550
Flow Uec_114_242 flowId 165 uecSrc 164 finished at 527.573 total messages 1 total packets 490 RTS 0 total bytes 2002140 in_flight now 0 fair_inc 27432 prop_inc 42707 fast_inc 0 eta_inc 25032 multi_dec -110702 quick_dec -0 nack_dec -99600
Flow Uec_243_115 flowId 4 uecSrc 3 finished at 530.416 total messages 1 total packets 490 RTS 0 total bytes 2002140 in_flight now 0 fair_inc 15206 prop_inc 15568 fast_inc 0 eta_inc 24436 multi_dec -29189 quick_dec -0 nack_dec -149400
Flow Uec_175_47 flowId 136 uecSrc 135 finished at 531.976 total messages 1 total packets 490 RTS 0 total bytes 2002140 in_flight now 0 fair_inc 21765 prop_inc 37984 fast_inc 169717 eta_inc 22052 multi_dec -147105 quick_dec -0 nack_dec -74700
Flow Uec_66_194 flowId 68 uecSrc 67 finished at 543.146 total messages 1 total packets 490 RTS 0 total bytes 2002140 in_flight now 0 fair_inc 20584 prop_inc 51660 fast_inc 0 eta_inc 25032 multi_dec -104429 quick_dec -0 nack_dec -107900
Flow Uec_190_62 flowId 115 uecSrc 114 finished at 546.788 total messages 1 total packets 490 RTS 0 total bytes 2002140 in_flight now 0 fair_inc 46197 prop_inc 4166 fast_inc 0 eta_inc 26224 multi_dec -48854 quick_dec -0 nack_dec -161850
Flow Uec_75_203 flowId 29 uecSrc 28 finished at 549.436 total messages 1 total packets 490 RTS 0 total bytes 2002140 in_flight now 0 fair_inc 36968 prop_inc 14327 fast_inc 0 eta_inc 24436 multi_dec -41105 quick_dec -0 nack_dec -170150
Flow Uec_77_205 flowId 137 uecSrc 136 finished at 556.944 total messages 1 total packets 490 RTS 0 total bytes 2002140 in_flight now 0 fair_inc 37389 prop_inc 5610 fast_inc 0 eta_inc 26224 multi_dec -58540 quick_dec -0 nack_dec -145250
Flow Uec_183_55 flowId 148 uecSrc 147 finished at 560.903 total messages 1 total packets 490 RTS 0 total bytes 2002140 in_flight now 0 fair_inc 40757 prop_inc 6180 fast_inc 0 eta_inc 26224 multi_dec -37706 quick_dec -0 nack_dec -161850
Flow Uec_73_201 flowId 10 uecSrc 9 finished at 565.737 total messages 1 total packets 490 RTS 0 total bytes 2002140 in_flight now 0 fair_inc 25094 prop_inc 5716 fast_inc 0 eta_inc 26224 multi_dec -23798 quick_dec -0 nack_dec -157700
Flow Uec_230_102 flowId 40 uecSrc 39 finished at 582.614 total messages 1 total packets 490 RTS 0 total bytes 2002140 in_flight now 0 fair_inc 24056 prop_inc 34428 fast_inc 0 eta_inc 26820 multi_dec -34201 quick_dec -0 nack_dec -170150
Flow Uec_109_237 flowId 151 uecSrc 150 finished at 586.826 total messages 1 total packets 490 RTS 0 total bytes 2002140 in_flight now 0 fair_inc 42806 prop_inc 13207 fast_inc 0 eta_inc 27416 multi_dec -44166 quick_dec -0 nack_dec -157700
Flow Uec_211_83 flowId 12 uecSrc 11 finished at 589.263 total messages 1 total packets 490 RTS 0 total bytes 2002140 in_flight now 0 fair_inc 30070 prop_inc 3120 fast_inc 0 eta_inc 27416 multi_dec -33950 quick_dec -0 nack_dec -153550
Flow Uec_103_231 flowId 6 uecSrc 5 finished at 597.681 total messages 1 total packets 490 RTS 0 total bytes 2002140 in_flight now 0 fair_inc 27598 prop_inc 17717 fast_inc 0 eta_inc 27416 multi_dec -49457 quick_dec -0 nack_dec -145250
Flow Uec_100_228 flowId 162 uecSrc 161 finished at 600.249 total messages 1 total packets 490 RTS 0 total bytes 2002140 in_flight now 0 fair_inc 23763 prop_inc 16032 fast_inc 0 eta_inc 28608 multi_dec -98846 quick_dec -0 nack_dec -103750
Flow Uec_107_235 flowId 37 uecSrc 36 finished at 603.154 total messages 1 total packets 490 RTS 0 total bytes 2002140 in_flight now 0 fair_inc 36667 prop_inc 15126 fast_inc 0 eta_inc 26820 multi_dec -82450 quick_dec -0 nack_dec -124500
Flow Uec_81_209 flowId 60 uecSrc 59 finished at 607.815 total messages 1 total packets 490 RTS 0 total bytes 2002140 in_flight now 0 fair_inc 52699 prop_inc 26362 fast_inc 0 eta_inc 27416 multi_dec -156849 quick_dec -0 nack_dec -87150
Flow Uec_233_105 flowId 127 uecSrc 126 finished at 608.821 total messages 1 total packets 490 RTS 0 total bytes 2002140 in_flight now 0 fair_inc 15196 prop_inc 19295 fast_inc 0 eta_inc 26820 multi_dec -56922 quick_dec -0 nack_dec -128650
Flow Uec_138_10 flowId 135 uecSrc 134 finished at 610.365 total messages 1 total packets 492 RTS 2 total bytes 2002140 in_flight now 0 fair_inc 35662 prop_inc 45234 fast_inc 0 eta_inc 26224 multi_dec -80553 quick_dec -0 nack_dec -128650
Flow Uec_139_11 flowId 158 uecSrc 157 finished at 615.04 total messages 1 total packets 492 RTS 2 total bytes 2002140 in_flight now 0 fair_inc 22844 prop_inc 48602 fast_inc 0 eta_inc 26224 multi_dec -56614 quick_dec -0 nack_dec -128650
Flow Uec_82_210 flowId 35 uecSrc 34 finished at 617.077 total messages 1 total packets 490 RTS 0 total bytes 2002140 in_flight now 0 fair_inc 16002 prop_inc 36491 fast_inc 0 eta_inc 28608 multi_dec -120426 quick_dec -0 nack_dec -91300
Flow Uec_181_53 flowId 1 uecSrc 0 finished at 643.265 total messages 1 total packets 490 RTS 0 total bytes 2002140 in_flight now 0 fair_inc 30403 prop_inc 56837 fast_inc 0 eta_inc 29204 multi_dec -109567 quick_dec -0 nack_dec -107900
Flow Uec_222_94 flowId 20 uecSrc 19 finished at 649.021 total messages 1 total packets 490 RTS 0 total bytes 2002140 in_flight now 0 fair_inc 43225 prop_inc 20832 fast_inc 0 eta_inc 29204 multi_dec -48853 quick_dec -0 nack_dec -178450
Flow Uec_242_114 flowId 81 uecSrc 80 finished at 656.108 total messages 1 total packets 490 RTS 0 total bytes 2002140 in_flight now 0 fair_inc 28747 prop_inc 24610 fast_inc 0 eta_inc 29800 multi_dec -33114 quick_dec -0 nack_dec -178450
Flow Uec_91_219 flowId 156 uecSrc 155 finished at 663.038 total messages 1 total packets 490 RTS 0 total bytes 2002140 in_flight now 0 fair_inc 48437 prop_inc 54885 fast_inc 0 eta_inc 29800 multi_dec -114420 quick_dec -0 nack_dec -120350
Flow Uec_195_67 flowId 93 uecSrc 92 finished at 669.331 total messages 1 total packets 490 RTS 0 total bytes 2002140 in_flight now 0 fair_inc 28362 prop_inc 16467 fast_inc 0 eta_inc 27416 multi_dec -37748 quick_dec -0 nack_dec -161850
Flow Uec_111_239 flowId 114 uecSrc 113 finished at 673.469 total messages 1 total packets 490 RTS 0 total bytes 2002140 in_flight now 0 fair_inc 29104 prop_inc 57571 fast_inc 6061 eta_inc 26820 multi_dec -119619 quick_dec -0 nack_dec -107900
Flow Uec_108_236 flowId 92 uecSrc 91 finished at 675.511 total messages 1 total packets 490 RTS 0 total bytes 2002140 in_flight now 0 fair_inc 48725 prop_inc 54702 fast_inc 0 eta_inc 22648 multi_dec -88118 quick_dec -0 nack_dec -132800
Flow Uec_92_220 flowId 101 uecSrc 100 finished at 679.201 total messages 1 total packets 490 RTS 0 total bytes 2002140 in_flight now 0 fair_inc 53956 prop_inc 65669 fast_inc 0 eta_inc 29800 multi_dec -143009 quick_dec -0 nack_dec -112050
Flow Uec_99_227 flowId 19 uecSrc 18 finished at 682.498 total messages 1 total packets 490 RTS 0 total bytes 2002140 in_flight now 0 fair_inc 41149 prop_inc 62359 fast_inc 0 eta_inc 29204 multi_dec -107004 quick_dec -0 nack_dec -149400
Flow Uec_180_52 flowId 32 uecSrc 31 finished at 683.13 total messages 1 total packets 490 RTS 0 total bytes 2002140 in_flight now 0 fair_inc 9094 prop_inc 66834 fast_inc 58071 eta_inc 28608 multi_dec -107647 quick_dec -0 nack_dec -103750
Flow Uec_69_197 flowId 131 uecSrc 130 finished at 683.959 total messages 1 total packets 490 RTS 0 total bytes 2002140 in_flight now 0 fair_inc 38252 prop_inc 75881 fast_inc 0 eta_inc 28608 multi_dec -103911 quick_dec -0 nack_dec -136950
Flow Uec_68_196 flowId 64 uecSrc 63 finished at 686.444 total messages 1 total packets 490 RTS 0 total bytes 2002140 in_flight now 0 fair_inc 36296 prop_inc 71643 fast_inc 0 eta_inc 29204 multi_dec -100954 quick_dec -0 nack_dec -141100
Flow Uec_226_98 flowId 78 uecSrc 77 finished at 688.013 total messages 1 total packets 490 RTS 0 total bytes 2002140 in_flight now 0 fair_inc 21347 prop_inc 40148 fast_inc 0 eta_inc 30396 multi_dec -22562 quick_dec -0 nack_dec -178450
Flow Uec_98_226 flowId 26 uecSrc 25 finished at 690.196 total messages 1 total packets 490 RTS 0 total bytes 2002140 in_flight now 0 fair_inc 21199 prop_inc 65845 fast_inc 0 eta_inc 28012 multi_dec -118327 quick_dec -0 nack_dec -116200
Flow Uec_236_108 flowId 11 uecSrc 10 finished at 701.281 total messages 1 total packets 490 RTS 0 total bytes 2002140 in_flight now 0 fair_inc 29427 prop_inc 73767 fast_inc 0 eta_inc 26224 multi_dec -111952 quick_dec -0 nack_dec -116200
Flow Uec_10_138 flowId 67 uecSrc 66 finished at 701.452 total messages 1 total packets 508 RTS 18 total bytes 2002140 in_flight now -192 fair_inc 12074 prop_inc 95608 fast_inc 0 eta_inc 25628 multi_dec -6862 quick_dec -59671 nack_dec -24900
Flow Uec_94_222 flowId 7 uecSrc 6 finished at 704.297 total messages 1 total packets 490 RTS 0 total bytes 2002140 in_flight now 0 fair_inc 6977 prop_inc 54083 fast_inc 122725 eta_inc 24436 multi_dec -6671 quick_dec -18139 nack_dec -182600
Flow Uec_237_109 flowId 22 uecSrc 21 finished at 724.32 total messages 1 total packets 490 RTS 0 total bytes 2002140 in_flight now 0 fair_inc 14613 prop_inc 87993 fast_inc 4529 eta_inc 30992 multi_dec -102925 quick_dec -0 nack_dec -128650
Flow Uec_134_6 flowId 5 uecSrc 4 finished at 726.701 total messages 1 total packets 490 RTS 0 total bytes 2002140 in_flight now 0 fair_inc 54180 prop_inc 105619 fast_inc 0 eta_inc 26224 multi_dec -141651 quick_dec -16890 nack_dec -107900
751.848 flowid 123 Spurious 494
Flow Uec_168_40 flowId 55 uecSrc 54 finished at 753.927 total messages 1 total packets 491 RTS 1 total bytes 2002140 in_flight now 0 fair_inc 54331 prop_inc 3000 fast_inc 0 eta_inc 29204 multi_dec -91377 quick_dec -0 nack_dec -157700
Flow Uec_234_106 flowId 30 uecSrc 29 finished at 758.705 total messages 1 total packets 490 RTS 0 total bytes 2002140 in_flight now 0 fair_inc 35813 prop_inc 78717 fast_inc 0 eta_inc 28608 multi_dec -129509 quick_dec -0 nack_dec -112050
Flow Uec_203_75 flowId 53 uecSrc 52 finished at 768.569 total messages 1 total packets 490 RTS 0 total bytes 2002140 in_flight now 0 fair_inc 35602 prop_inc 43952 fast_inc 0 eta_inc 31588 multi_dec -109037 quick_dec -0 nack_dec -132800
Flow Uec_11_139 flowId 123 uecSrc 122 finished at 768.654 total messages 1 total packets 514 RTS 24 total bytes 2002140 in_flight now -64 fair_inc 10919 prop_inc 116825 fast_inc 0 eta_inc 30992 multi_dec -0 quick_dec -62035 nack_dec -20750
Flow Uec_194_66 flowId 59 uecSrc 58 finished at 789.52 total messages 1 total packets 490 RTS 0 total bytes 2002140 in_flight now 0 fair_inc 73555 prop_inc 17077 fast_inc 0 eta_inc 31588 multi_dec -116692 quick_dec -0 nack_dec -128650
Flow Uec_189_61 flowId 163 uecSrc 162 finished at 822.216 total messages 1 total packets 490 RTS 0 total bytes 2002140 in_flight now 0 fair_inc 95459 prop_inc 18734 fast_inc 0 eta_inc 27416 multi_dec -29647 quick_dec -50376 nack_dec -153550
Flow Uec_200_72 flowId 74 uecSrc 73 finished at 828.49 total messages 1 total packets 490 RTS 0 total bytes 2002140 in_flight now 0 fair_inc 25864 prop_inc 61707 fast_inc 0 eta_inc 32184 multi_dec -32144 quick_dec -17120 nack_dec -174300
Flow Uec_170_42 flowId 142 uecSrc 141 finished at 830.779 total messages 1 total packets 491 RTS 1 total bytes 2002140 in_flight now 0 fair_inc 73904 prop_inc 4640 fast_inc 0 eta_inc 36356 multi_dec -103387 quick_dec -0 nack_dec -166000
Flow Uec_207_79 flowId 86 uecSrc 85 finished at 833.515 total messages 1 total packets 490 RTS 0 total bytes 2002140 in_flight now 0 fair_inc 36421 prop_inc 66682 fast_inc 0 eta_inc 31588 multi_dec -140422 quick_dec -16 nack_dec -112050
Flow Uec_191_63 flowId 31 uecSrc 30 finished at 835.391 total messages 1 total packets 490 RTS 0 total bytes 2002140 in_flight now 0 fair_inc 57342 prop_inc 26442 fast_inc 0 eta_inc 30396 multi_dec -35132 quick_dec -22289 nack_dec -178450
Flow Uec_7_135 flowId 109 uecSrc 108 finished at 845.146 total messages 1 total packets 505 RTS 15 total bytes 2002140 in_flight now 0 fair_inc 9145 prop_inc 102192 fast_inc 1010 eta_inc 28608 multi_dec -99011 quick_dec -70476 nack_dec -20750
Flow Uec_165_37 flowId 106 uecSrc 105 finished at 895.016 total messages 1 total packets 490 RTS 0 total bytes 2002140 in_flight now 0 fair_inc 69098 prop_inc 7352 fast_inc 0 eta_inc 32780 multi_dec -48942 quick_dec -17543 nack_dec -182600
Flow Uec_171_43 flowId 139 uecSrc 138 finished at 956.929 total messages 1 total packets 490 RTS 0 total bytes 2002140 in_flight now 0 fair_inc 71947 prop_inc 23727 fast_inc 0 eta_inc 29800 multi_dec -72454 quick_dec -9752 nack_dec -186750
Flow Uec_153_25 flowId 98 uecSrc 97 finished at 993.902 total messages 1 total packets 491 RTS 1 total bytes 2002140 in_flight now 0 fair_inc 92892 prop_inc 39201 fast_inc 0 eta_inc 37548 multi_dec -181426 quick_dec -868 nack_dec -116200
Flow Uec_150_22 flowId 43 uecSrc 42 finished at 998.766 total messages 1 total packets 491 RTS 1 total bytes 2002140 in_flight now 0 fair_inc 57666 prop_inc 45798 fast_inc 0 eta_inc 33972 multi_dec -143266 quick_dec -9246 nack_dec -116200
Flow Uec_3_131 flowId 71 uecSrc 70 finished at 1584.34 total messages 1 total packets 517 RTS 27 total bytes 2002140 in_flight now -256 fair_inc 1820 prop_inc 196253 fast_inc 24255 eta_inc 47084 multi_dec -6928 quick_dec -87090 nack_dec -24900
.Done
New: 81340 Rtx: 3714 RTS: 173 Bounced: 0 ACKs: 64137 NACKs: 3057 Pulls: 0 sleek_pkts: 0
