traffic matrix input file: connection_matrices/load_sweep/load0.75_n256_seed2.cm
Load balancing algorithm set to oblivious
no_of_nodes 256
Dragonfly+ strategy: FPAR
Setting queuesize to 50 packets
endtime(us) 100000
random seed 2
Packet size (MTU) is 4150
Parsed args
Logging to reps_dfp_results/reps_final_sweep/load0.75_oblivious_seed2.dat
Loading connection matrix from connection_matrices/load_sweep/load0.75_n256_seed2.cm
Nodes: 256 Connections: 192 Triggers: 0 Failures: 0
Setting ECN low 33200 high 120350
Dragonfly+ with medium topology type
Link latencies: 1 and switch latencies: 0
queue_id 2 ecn_low 33200 ecn_high 120350
DragonFly+ constructor done, 392 nodes created
Note: topology supports 392 hosts; 136 host port(s) will be unused.
network_max_unloaded_rtt 11.6856 us
Setting min RTO to 114.6
Per-hop RTT normalization: ON (strategy fpar)
Initializing static NSCC parameters: _reference_network_linkspeed=100000000000 _reference_network_rtt=12000000 _reference_network_bdp=150000 _target_Qdelay=8764200 _network_linkspeed=100000000000 _network_rtt=11685600 _network_bdp=146070 _qa_gate=2^3 _qa_threshold=3.50568e+07 _scaling_factor_a=0.9738 _scaling_factor_b=0.73035 _alpha=0.00132632 _fi=19894.7 _eta=596.842 _qa_scaling=1 _gamma=0.8 _fi_scale=0.24345 _delay_alpha=0.0125 _adjust_period_threshold=11685600 _adjust_bytes_threshold=33200
Initialize per-instance NSCC parameters: flowid 1 _base_rtt=11685600 _base_bdp=146070 _bdp=146070 _min_cwnd=4150 _maxwnd=219105 _cwnd=219105
Initialize per-instance NSCC parameters: flowid 2 _base_rtt=11685600 _base_bdp=146070 _bdp=146070 _min_cwnd=4150 _maxwnd=219105 _cwnd=219105
Initialize per-instance NSCC parameters: flowid 3 _base_rtt=11685600 _base_bdp=146070 _bdp=146070 _min_cwnd=4150 _maxwnd=219105 _cwnd=219105
Initialize per-instance NSCC parameters: flowid 4 _base_rtt=11685600 _base_bdp=146070 _bdp=146070 _min_cwnd=4150 _maxwnd=219105 _cwnd=219105
Initialize per-instance NSCC parameters: flowid 5 _base_rtt=11685600 _base_bdp=146070 _bdp=146070 _min_cwnd=4150 _maxwnd=219105 _cwnd=219105
Initialize per-instance NSCC parameters: flowid 6 _base_rtt=11685600 _base_bdp=146070 _bdp=146070 _min_cwnd=4150 _maxwnd=219105 _cwnd=219105
Initialize per-instance NSCC parameters: flowid 7 _base_rtt=11685600 _base_bdp=146070 _bdp=146070 _min_cwnd=4150 _maxwnd=219105 _cwnd=219105
Initialize per-instance NSCC parameters: flowid 8 _base_rtt=11685600 _base_bdp=146070 _bdp=146070 _min_cwnd=4150 _maxwnd=219105 _cwnd=219105
Initialize per-instance NSCC parameters: flowid 9 _base_rtt=11685600 _base_bdp=146070 _bdp=146070 _min_cwnd=4150 _maxwnd=219105 _cwnd=219105
Initialize per-instance NSCC parameters: flowid 10 _base_rtt=11685600 _base_bdp=146070 _bdp=146070 _min_cwnd=4150 _maxwnd=219105 _cwnd=219105
Initialize per-instance NSCC parameters: flowid 11 _base_rtt=11685600 _base_bdp=146070 _bdp=146070 _min_cwnd=4150 _maxwnd=219105 _cwnd=219105
Initialize per-instance NSCC parameters: flowid 12 _base_rtt=11685600 _base_bdp=146070 _bdp=146070 _min_cwnd=4150 _maxwnd=219105 _cwnd=219105
Initialize per-instance NSCC parameters: flowid 13 _base_rtt=11685600 _base_bdp=146070 _bdp=146070 _min_cwnd=4150 _maxwnd=219105 _cwnd=219105
Initialize per-instance NSCC parameters: flowid 14 _base_rtt=11685600 _base_bdp=146070 _bdp=146070 _min_cwnd=4150 _maxwnd=219105 _cwnd=219105
Initialize per-instance NSCC parameters: flowid 15 _base_rtt=11685600 _base_bdp=146070 _bdp=146070 _min_cwnd=4150 _maxwnd=219105 _cwnd=219105
Initialize per-instance NSCC parameters: flowid 16 _base_rtt=11685600 _base_bdp=146070 _bdp=146070 _min_cwnd=4150 _maxwnd=219105 _cwnd=219105
Initialize per-instance NSCC parameters: flowid 17 _base_rtt=11685600 _base_bdp=146070 _bdp=146070 _min_cwnd=4150 _maxwnd=219105 _cwnd=219105
Initialize per-instance NSCC parameters: flowid 18 _base_rtt=11685600 _base_bdp=146070 _bdp=146070 _min_cwnd=4150 _maxwnd=219105 _cwnd=219105
Initialize per-instance NSCC parameters: flowid 19 _base_rtt=11685600 _base_bdp=146070 _bdp=146070 _min_cwnd=4150 _maxwnd=219105 _cwnd=219105
Initialize per-instance NSCC parameters: flowid 20 _base_rtt=11685600 _base_bdp=146070 _bdp=146070 _min_cwnd=4150 _maxwnd=219105 _cwnd=219105
Initialize per-instance NSCC parameters: flowid 21 _base_rtt=11685600 _base_bdp=146070 _bdp=146070 _min_cwnd=4150 _maxwnd=219105 _cwnd=219105
Initialize per-instance NSCC parameters: flowid 22 _base_rtt=11685600 _base_bdp=146070 _bdp=146070 _min_cwnd=4150 _maxwnd=219105 _cwnd=219105
Initialize per-instance NSCC parameters: flowid 23 _base_rtt=11685600 _base_bdp=146070 _bdp=146070 _min_cwnd=4150 _maxwnd=219105 _cwnd=219105
Initialize per-instance NSCC parameters: flowid 24 _base_rtt=11685600 _base_bdp=146070 _bdp=146070 _min_cwnd=4150 _maxwnd=219105 _cwnd=219105
Initialize per-instance NSCC parameters: flowid 25 _base_rtt=11685600 _base_bdp=146070 _bdp=146070 _min_cwnd=4150 _maxwnd=219105 _cwnd=219105
Initialize per-instance NSCC parameters: flowid 26 _base_rtt=11685600 _base_bdp=146070 _bdp=146070 _min_cwnd=4150 _maxwnd=219105 _cwnd=219105
Initialize per-instance NSCC parameters: flowid 27 _base_rtt=11685600 _base_bdp=146070 _bdp=146070 _min_cwnd=4150 _maxwnd=219105 _cwnd=219105
Initialize per-instance NSCC parameters: flowid 28 _base_rtt=11685600 _base_bdp=146070 _bdp=146070 _min_cwnd=4150 _maxwnd=219105 _cwnd=219105
Initialize per-instance NSCC parameters: flowid 29 _base_rtt=11685600 _base_bdp=146070 _bdp=146070 _min_cwnd=4150 _maxwnd=219105 _cwnd=219105
Initialize per-instance NSCC parameters: flowid 30 _base_rtt=11685600 _base_bdp=146070 _bdp=146070 _min_cwnd=4150 _maxwnd=219105 _cwnd=219105
Initialize per-instance NSCC parameters: flowid 31 _base_rtt=11685600 _base_bdp=146070 _bdp=146070 _min_cwnd=4150 _maxwnd=219105 _cwnd=219105
Initialize per-instance NSCC parameters: flowid 32 _base_rtt=11685600 _base_bdp=146070 _bdp=146070 _min_cwnd=4150 _maxwnd=219105 _cwnd=219105
Initialize per-instance NSCC parameters: flowid 33 _base_rtt=11685600 _base_bdp=146070 _bdp=146070 _min_cwnd=4150 _maxwnd=219105 _cwnd=219105
Initialize per-instance NSCC parameters: flowid 34 _base_rtt=11685600 _base_bdp=146070 _bdp=146070 _min_cwnd=4150 _maxwnd=219105 _cwnd=219105
Initialize per-instance NSCC parameters: flowid 35 _base_rtt=11685600 _base_bdp=146070 _bdp=146070 _min_cwnd=4150 _maxwnd=219105 _cwnd=219105
Initialize per-instance NSCC parameters: flowid 36 _base_rtt=11685600 _base_bdp=146070 _bdp=146070 _min_cwnd=4150 _maxwnd=219105 _cwnd=219105
Initialize per-instance NSCC parameters: flowid 37 _base_rtt=11685600 _base_bdp=146070 _bdp=146070 _min_cwnd=4150 _maxwnd=219105 _cwnd=219105
Initialize per-instance NSCC parameters: flowid 38 _base_rtt=11685600 _base_bdp=146070 _bdp=146070 _min_cwnd=4150 _maxwnd=219105 _cwnd=219105
Initialize per-instance NSCC parameters: flowid 39 _base_rtt=11685600 _base_bdp=146070 _bdp=146070 _min_cwnd=4150 _maxwnd=219105 _cwnd=219105
Initialize per-instance NSCC parameters: flowid 40 _base_rtt=11685600 _base_bdp=146070 _bdp=146070 _min_cwnd=4150 _maxwnd=219105 _cwnd=219105
Initialize per-instance NSCC parameters: flowid 41 _base_rtt=11685600 _base_bdp=146070 _bdp=146070 _min_cwnd=4150 _maxwnd=219105 _cwnd=219105
Initialize per-instance NSCC parameters: flowid 42 _base_rtt=11685600 _base_bdp=146070 _bdp=146070 _min_cwnd=4150 _maxwnd=219105 _cwnd=219105
Initialize per-instance NSCC parameters: flowid 43 _base_rtt=11685600 _base_bdp=146070 _bdp=146070 _min_cwnd=4150 _maxwnd=219105 _cwnd=219105
Initialize per-instance NSCC parameters: flowid 44 _base_rtt=11685600 _base_bdp=146070 _bdp=146070 _min_cwnd=4150 _maxwnd=219105 _cwnd=219105
Initialize per-instance NSCC parameters: flowid 45 _base_rtt=11685600 _base_bdp=146070 _bdp=146070 _min_cwnd=4150 _maxwnd=219105 _cwnd=219105
Initialize per-instance NSCC parameters: flowid 46 _base_rtt=11685600 _base_bdp=146070 _bdp=146070 _min_cwnd=4150 _maxwnd=219105 _cwnd=219105
Initialize per-instance NSCC parameters: flowid 47 _base_rtt=11685600 _base_bdp=146070 _bdp=146070 _min_cwnd=4150 _maxwnd=219105 _cwnd=219105
Initialize per-instance NSCC parameters: flowid 48 _base_rtt=11685600 _base_bdp=146070 _bdp=146070 _min_cwnd=4150 _maxwnd=219105 _cwnd=219105
Initialize per-instance NSCC parameters: flowid 49 _base_rtt=11685600 _base_bdp=146070 _bdp=146070 _min_cwnd=4150 _maxwnd=219105 _cwnd=219105
Initialize per-instance NSCC parameters: flowid 50 _base_rtt=11685600 _base_bdp=146070 _bdp=146070 _min_cwnd=4150 _maxwnd=219105 _cwnd=219105
Initialize per-instance NSCC parameters: flowid 51 _base_rtt=11685600 _base_bdp=146070 _bdp=146070 _min_cwnd=4150 _maxwnd=219105 _cwnd=219105
Initialize per-instance NSCC parameters: flowid 52 _base_rtt=11685600 _base_bdp=146070 _bdp=146070 _min_cwnd=4150 _maxwnd=219105 _cwnd=219105
Initialize per-instance NSCC parameters: flowid 53 _base_rtt=11685600 _base_bdp=146070 _bdp=146070 _min_cwnd=4150 _maxwnd=219105 _cwnd=219105
Initialize per-instance NSCC parameters: flowid 54 _base_rtt=11685600 _base_bdp=146070 _bdp=146070 _min_cwnd=4150 _maxwnd=219105 _cwnd=219105
Initialize per-instance NSCC parameters: flowid 55 _base_rtt=11685600 _base_bdp=146070 _bdp=146070 _min_cwnd=4150 _maxwnd=219105 _cwnd=219105
Initialize per-instance NSCC parameters: flowid 56 _base_rtt=11685600 _base_bdp=146070 _bdp=146070 _min_cwnd=4150 _maxwnd=219105 _cwnd=219105
Initialize per-instance NSCC parameters: flowid 57 _base_rtt=11685600 _base_bdp=146070 _bdp=146070 _min_cwnd=4150 _maxwnd=219105 _cwnd=219105
Initialize per-instance NSCC parameters: flowid 58 _base_rtt=11685600 _base_bdp=146070 _bdp=146070 _min_cwnd=4150 _maxwnd=219105 _cwnd=219105
Initialize per-instance NSCC parameters: flowid 59 _base_rtt=11685600 _base_bdp=146070 _bdp=146070 _min_cwnd=4150 _maxwnd=219105 _cwnd=219105
Initialize per-instance NSCC parameters: flowid 60 _base_rtt=11685600 _base_bdp=146070 _bdp=146070 _min_cwnd=4150 _maxwnd=219105 _cwnd=219105
Initialize per-instance NSCC parameters: flowid 61 _base_rtt=11685600 _base_bdp=146070 _bdp=146070 _min_cwnd=4150 _maxwnd=219105 _cwnd=219105
Initialize per-instance NSCC parameters: flowid 62 _base_rtt=11685600 _base_bdp=146070 _bdp=146070 _min_cwnd=4150 _maxwnd=219105 _cwnd=219105
Initialize per-instance NSCC parameters: flowid 63 _base_rtt=11685600 _base_bdp=146070 _bdp=146070 _min_cwnd=4150 _maxwnd=219105 _cwnd=219105
Initialize per-instance NSCC parameters: flowid 64 _base_rtt=11685600 _base_bdp=146070 _bdp=146070 _min_cwnd=4150 _maxwnd=219105 _cwnd=219105
Initialize per-instance NSCC parameters: flowid 65 _base_rtt=11685600 _base_bdp=146070 _bdp=146070 _min_cwnd=4150 _maxwnd=219105 _cwnd=219105
Initialize per-instance NSCC parameters: flowid 66 _base_rtt=11685600 _base_bdp=146070 _bdp=146070 _min_cwnd=4150 _maxwnd=219105 _cwnd=219105
Initialize per-instance NSCC parameters: flowid 67 _base_rtt=11685600 _base_bdp=146070 _bdp=146070 _min_cwnd=4150 _maxwnd=219105 _cwnd=219105
Initialize per-instance NSCC parameters: flowid 68 _base_rtt=11685600 _base_bdp=146070 _bdp=146070 _min_cwnd=4150 _maxwnd=219105 _cwnd=219105
Initialize per-instance NSCC parameters: flowid 69 _base_rtt=11685600 _base_bdp=146070 _bdp=146070 _min_cwnd=4150 _maxwnd=219105 _cwnd=219105
Initialize per-instance NSCC parameters: flowid 70 _base_rtt=11685600 _base_bdp=146070 _bdp=146070 _min_cwnd=4150 _maxwnd=219105 _cwnd=219105
Initialize per-instance NSCC parameters: flowid 71 _base_rtt=11685600 _base_bdp=146070 _bdp=146070 _min_cwnd=4150 _maxwnd=219105 _cwnd=219105
Initialize per-instance NSCC parameters: flowid 72 _base_rtt=11685600 _base_bdp=146070 _bdp=146070 _min_cwnd=4150 _maxwnd=219105 _cwnd=219105
Initialize per-instance NSCC parameters: flowid 73 _base_rtt=11685600 _base_bdp=146070 _bdp=146070 _min_cwnd=4150 _maxwnd=219105 _cwnd=219105
Initialize per-instance NSCC parameters: flowid 74 _base_rtt=11685600 _base_bdp=146070 _bdp=146070 _min_cwnd=4150 _maxwnd=219105 _cwnd=219105
Initialize per-instance NSCC parameters: flowid 75 _base_rtt=11685600 _base_bdp=146070 _bdp=146070 _min_cwnd=4150 _maxwnd=219105 _cwnd=219105
Initialize per-instance NSCC parameters: flowid 76 _base_rtt=11685600 _base_bdp=146070 _bdp=146070 _min_cwnd=4150 _maxwnd=219105 _cwnd=219105
Initialize per-instance NSCC parameters: flowid 77 _base_rtt=11685600 _base_bdp=146070 _bdp=146070 _min_cwnd=4150 _maxwnd=219105 _cwnd=219105
Initialize per-instance NSCC parameters: flowid 78 _base_rtt=11685600 _base_bdp=146070 _bdp=146070 _min_cwnd=4150 _maxwnd=219105 _cwnd=219105
Initialize per-instance NSCC parameters: flowid 79 _base_rtt=11685600 _base_bdp=146070 _bdp=146070 _min_cwnd=4150 _maxwnd=219105 _cwnd=219105
Initialize per-instance NSCC parameters: flowid 80 _base_rtt=11685600 _base_bdp=146070 _bdp=146070 _min_cwnd=4150 _maxwnd=219105 _cwnd=219105
Initialize per-instance NSCC parameters: flowid 81 _base_rtt=11685600 _base_bdp=146070 _bdp=146070 _min_cwnd=4150 _maxwnd=219105 _cwnd=219105
Initialize per-instance NSCC parameters: flowid 82 _base_rtt=11685600 _base_bdp=146070 _bdp=146070 _min_cwnd=4150 _maxwnd=219105 _cwnd=219105
Initialize per-instance NSCC parameters: flowid 83 _base_rtt=11685600 _base_bdp=146070 _bdp=146070 _min_cwnd=4150 _maxwnd=219105 _cwnd=219105
Initialize per-instance NSCC parameters: flowid 84 _base_rtt=11685600 _base_bdp=146070 _bdp=146070 _min_cwnd=4150 _maxwnd=219105 _cwnd=219105
Initialize per-instance NSCC parameters: flowid 85 _base_rtt=11685600 _base_bdp=146070 _bdp=146070 _min_cwnd=4150 _maxwnd=219105 _cwnd=219105
Initialize per-instance NSCC parameters: flowid 86 _base_rtt=11685600 _base_bdp=146070 _bdp=146070 _min_cwnd=4150 _maxwnd=219105 _cwnd=219105
Initialize per-instance NSCC parameters: flowid 87 _base_rtt=11685600 _base_bdp=146070 _bdp=146070 _min_cwnd=4150 _maxwnd=219105 _cwnd=219105
Initialize per-instance NSCC parameters: flowid 88 _base_rtt=11685600 _base_bdp=146070 _bdp=146070 _min_cwnd=4150 _maxwnd=219105 _cwnd=219105
Initialize per-instance NSCC parameters: flowid 89 _base_rtt=11685600 _base_bdp=146070 _bdp=146070 _min_cwnd=4150 _maxwnd=219105 _cwnd=219105
Initialize per-instance NSCC parameters: flowid 90 _base_rtt=11685600 _base_bdp=146070 _bdp=146070 _min_cwnd=4150 _maxwnd=219105 _cwnd=219105
Initialize per-instance NSCC parameters: flowid 91 _base_rtt=11685600 _base_bdp=146070 _bdp=146070 _min_cwnd=4150 _maxwnd=219105 _cwnd=219105
Initialize per-instance NSCC parameters: flowid 92 _base_rtt=11685600 _base_bdp=146070 _bdp=146070 _min_cwnd=4150 _maxwnd=219105 _cwnd=219105
Initialize per-instance NSCC parameters: flowid 93 _base_rtt=11685600 _base_bdp=146070 _bdp=146070 _min_cwnd=4150 _maxwnd=219105 _cwnd=219105
Initialize per-instance NSCC parameters: flowid 94 _base_rtt=11685600 _base_bdp=146070 _bdp=146070 _min_cwnd=4150 _maxwnd=219105 _cwnd=219105
Initialize per-instance NSCC parameters: flowid 95 _base_rtt=11685600 _base_bdp=146070 _bdp=146070 _min_cwnd=4150 _maxwnd=219105 _cwnd=219105
Initialize per-instance NSCC parameters: flowid 96 _base_rtt=11685600 _base_bdp=146070 _bdp=146070 _min_cwnd=4150 _maxwnd=219105 _cwnd=219105
Initialize per-instance NSCC parameters: flowid 97 _base_rtt=11685600 _base_bdp=146070 _bdp=146070 _min_cwnd=4150 _maxwnd=219105 _cwnd=219105
Initialize per-instance NSCC parameters: flowid 98 _base_rtt=11685600 _base_bdp=146070 _bdp=146070 _min_cwnd=4150 _maxwnd=219105 _cwnd=219105
Initialize per-instance NSCC parameters: flowid 99 _base_rtt=11685600 _base_bdp=146070 _bdp=146070 _min_cwnd=4150 _maxwnd=219105 _cwnd=219105
Initialize per-instance NSCC parameters: flowid 100 _base_rtt=11685600 _base_bdp=146070 _bdp=146070 _min_cwnd=4150 _maxwnd=219105 _cwnd=219105
Initialize per-instance NSCC parameters: flowid 101 _base_rtt=11685600 _base_bdp=146070 _bdp=146070 _min_cwnd=4150 _maxwnd=219105 _cwnd=219105
Initialize per-instance NSCC parameters: flowid 102 _base_rtt=11685600 _base_bdp=146070 _bdp=146070 _min_cwnd=4150 _maxwnd=219105 _cwnd=219105
Initialize per-instance NSCC parameters: flowid 103 _base_rtt=11685600 _base_bdp=146070 _bdp=146070 _min_cwnd=4150 _maxwnd=219105 _cwnd=219105
Initialize per-instance NSCC parameters: flowid 104 _base_rtt=11685600 _base_bdp=146070 _bdp=146070 _min_cwnd=4150 _maxwnd=219105 _cwnd=219105
Initialize per-instance NSCC parameters: flowid 105 _base_rtt=11685600 _base_bdp=146070 _bdp=146070 _min_cwnd=4150 _maxwnd=219105 _cwnd=219105
Initialize per-instance NSCC parameters: flowid 106 _base_rtt=11685600 _base_bdp=146070 _bdp=146070 _min_cwnd=4150 _maxwnd=219105 _cwnd=219105
Initialize per-instance NSCC parameters: flowid 107 _base_rtt=11685600 _base_bdp=146070 _bdp=146070 _min_cwnd=4150 _maxwnd=219105 _cwnd=219105
Initialize per-instance NSCC parameters: flowid 108 _base_rtt=11685600 _base_bdp=146070 _bdp=146070 _min_cwnd=4150 _maxwnd=219105 _cwnd=219105
Initialize per-instance NSCC parameters: flowid 109 _base_rtt=11685600 _base_bdp=146070 _bdp=146070 _min_cwnd=4150 _maxwnd=219105 _cwnd=219105
Initialize per-instance NSCC parameters: flowid 110 _base_rtt=11685600 _base_bdp=146070 _bdp=146070 _min_cwnd=4150 _maxwnd=219105 _cwnd=219105
Initialize per-instance NSCC parameters: flowid 111 _base_rtt=11685600 _base_bdp=146070 _bdp=146070 _min_cwnd=4150 _maxwnd=219105 _cwnd=219105
Initialize per-instance NSCC parameters: flowid 112 _base_rtt=11685600 _base_bdp=146070 _bdp=146070 _min_cwnd=4150 _maxwnd=219105 _cwnd=219105
Initialize per-instance NSCC parameters: flowid 113 _base_rtt=11685600 _base_bdp=146070 _bdp=146070 _min_cwnd=4150 _maxwnd=219105 _cwnd=219105
Initialize per-instance NSCC parameters: flowid 114 _base_rtt=11685600 _base_bdp=146070 _bdp=146070 _min_cwnd=4150 _maxwnd=219105 _cwnd=219105
Initialize per-instance NSCC parameters: flowid 115 _base_rtt=11685600 _base_bdp=146070 _bdp=146070 _min_cwnd=4150 _maxwnd=219105 _cwnd=219105
Initialize per-instance NSCC parameters: flowid 116 _base_rtt=11685600 _base_bdp=146070 _bdp=146070 _min_cwnd=4150 _maxwnd=219105 _cwnd=219105
Initialize per-instance NSCC parameters: flowid 117 _base_rtt=11685600 _base_bdp=146070 _bdp=146070 _min_cwnd=4150 _maxwnd=219105 _cwnd=219105
Initialize per-instance NSCC parameters: flowid 118 _base_rtt=11685600 _base_bdp=146070 _bdp=146070 _min_cwnd=4150 _maxwnd=219105 _cwnd=219105
Initialize per-instance NSCC parameters: flowid 119 _base_rtt=11685600 _base_bdp=146070 _bdp=146070 _min_cwnd=4150 _maxwnd=219105 _cwnd=219105
Initialize per-instance NSCC parameters: flowid 120 _base_rtt=11685600 _base_bdp=146070 _bdp=146070 _min_cwnd=4150 _maxwnd=219105 _cwnd=219105
Initialize per-instance NSCC parameters: flowid 121 _base_rtt=11685600 _base_bdp=146070 _bdp=146070 _min_cwnd=4150 _maxwnd=219105 _cwnd=219105
Initialize per-instance NSCC parameters: flowid 122 _base_rtt=11685600 _base_bdp=146070 _bdp=146070 _min_cwnd=4150 _maxwnd=219105 _cwnd=219105
Initialize per-instance NSCC parameters: flowid 123 _base_rtt=11685600 _base_bdp=146070 _bdp=146070 _min_cwnd=4150 _maxwnd=219105 _cwnd=219105
Initialize per-instance NSCC parameters: flowid 124 _base_rtt=11685600 _base_bdp=146070 _bdp=146070 _min_cwnd=4150 _maxwnd=219105 _cwnd=219105
Initialize per-instance NSCC parameters: flowid 125 _base_rtt=11685600 _base_bdp=146070 _bdp=146070 _min_cwnd=4150 _maxwnd=219105 _cwnd=219105
Initialize per-instance NSCC parameters: flowid 126 _base_rtt=11685600 _base_bdp=146070 _bdp=146070 _min_cwnd=4150 _maxwnd=219105 _cwnd=219105
Initialize per-instance NSCC parameters: flowid 127 _base_rtt=11685600 _base_bdp=146070 _bdp=146070 _min_cwnd=4150 _maxwnd=219105 _cwnd=219105
Initialize per-instance NSCC parameters: flowid 128 _base_rtt=11685600 _base_bdp=146070 _bdp=146070 _min_cwnd=4150 _maxwnd=219105 _cwnd=219105
Initialize per-instance NSCC parameters: flowid 129 _base_rtt=11685600 _base_bdp=146070 _bdp=146070 _min_cwnd=4150 _maxwnd=219105 _cwnd=219105
Initialize per-instance NSCC parameters: flowid 130 _base_rtt=11685600 _base_bdp=146070 _bdp=146070 _min_cwnd=4150 _maxwnd=219105 _cwnd=219105
Initialize per-instance NSCC parameters: flowid 131 _base_rtt=11685600 _base_bdp=146070 _bdp=146070 _min_cwnd=4150 _maxwnd=219105 _cwnd=219105
Initialize per-instance NSCC parameters: flowid 132 _base_rtt=11685600 _base_bdp=146070 _bdp=146070 _min_cwnd=4150 _maxwnd=219105 _cwnd=219105
Initialize per-instance NSCC parameters: flowid 133 _base_rtt=11685600 _base_bdp=146070 _bdp=146070 _min_cwnd=4150 _maxwnd=219105 _cwnd=219105
Initialize per-instance NSCC parameters: flowid 134 _base_rtt=11685600 _base_bdp=146070 _bdp=146070 _min_cwnd=4150 _maxwnd=219105 _cwnd=219105
Initialize per-instance NSCC parameters: flowid 135 _base_rtt=11685600 _base_bdp=146070 _bdp=146070 _min_cwnd=4150 _maxwnd=219105 _cwnd=219105
Initialize per-instance NSCC parameters: flowid 136 _base_rtt=11685600 _base_bdp=146070 _bdp=146070 _min_cwnd=4150 _maxwnd=219105 _cwnd=219105
Initialize per-instance NSCC parameters: flowid 137 _base_rtt=11685600 _base_bdp=146070 _bdp=146070 _min_cwnd=4150 _maxwnd=219105 _cwnd=219105
Initialize per-instance NSCC parameters: flowid 138 _base_rtt=11685600 _base_bdp=146070 _bdp=146070 _min_cwnd=4150 _maxwnd=219105 _cwnd=219105
Initialize per-instance NSCC parameters: flowid 139 _base_rtt=11685600 _base_bdp=146070 _bdp=146070 _min_cwnd=4150 _maxwnd=219105 _cwnd=219105
Initialize per-instance NSCC parameters: flowid 140 _base_rtt=11685600 _base_bdp=146070 _bdp=146070 _min_cwnd=4150 _maxwnd=219105 _cwnd=219105
Initialize per-instance NSCC parameters: flowid 141 _base_rtt=11685600 _base_bdp=146070 _bdp=146070 _min_cwnd=4150 _maxwnd=219105 _cwnd=219105
Initialize per-instance NSCC parameters: flowid 142 _base_rtt=11685600 _base_bdp=146070 _bdp=146070 _min_cwnd=4150 _maxwnd=219105 _cwnd=219105
Initialize per-instance NSCC parameters: flowid 143 _base_rtt=11685600 _base_bdp=146070 _bdp=146070 _min_cwnd=4150 _maxwnd=219105 _cwnd=219105
Initialize per-instance NSCC parameters: flowid 144 _base_rtt=11685600 _base_bdp=146070 _bdp=146070 _min_cwnd=4150 _maxwnd=219105 _cwnd=219105
Initialize per-instance NSCC parameters: flowid 145 _base_rtt=11685600 _base_bdp=146070 _bdp=146070 _min_cwnd=4150 _maxwnd=219105 _cwnd=219105
Initialize per-instance NSCC parameters: flowid 146 _base_rtt=11685600 _base_bdp=146070 _bdp=146070 _min_cwnd=4150 _maxwnd=219105 _cwnd=219105
Initialize per-instance NSCC parameters: flowid 147 _base_rtt=11685600 _base_bdp=146070 _bdp=146070 _min_cwnd=4150 _maxwnd=219105 _cwnd=219105
Initialize per-instance NSCC parameters: flowid 148 _base_rtt=11685600 _base_bdp=146070 _bdp=146070 _min_cwnd=4150 _maxwnd=219105 _cwnd=219105
Initialize per-instance NSCC parameters: flowid 149 _base_rtt=11685600 _base_bdp=146070 _bdp=146070 _min_cwnd=4150 _maxwnd=219105 _cwnd=219105
Initialize per-instance NSCC parameters: flowid 150 _base_rtt=11685600 _base_bdp=146070 _bdp=146070 _min_cwnd=4150 _maxwnd=219105 _cwnd=219105
Initialize per-instance NSCC parameters: flowid 151 _base_rtt=11685600 _base_bdp=146070 _bdp=146070 _min_cwnd=4150 _maxwnd=219105 _cwnd=219105
Initialize per-instance NSCC parameters: flowid 152 _base_rtt=11685600 _base_bdp=146070 _bdp=146070 _min_cwnd=4150 _maxwnd=219105 _cwnd=219105
Initialize per-instance NSCC parameters: flowid 153 _base_rtt=11685600 _base_bdp=146070 _bdp=146070 _min_cwnd=4150 _maxwnd=219105 _cwnd=219105
Initialize per-instance NSCC parameters: flowid 154 _base_rtt=11685600 _base_bdp=146070 _bdp=146070 _min_cwnd=4150 _maxwnd=219105 _cwnd=219105
Initialize per-instance NSCC parameters: flowid 155 _base_rtt=11685600 _base_bdp=146070 _bdp=146070 _min_cwnd=4150 _maxwnd=219105 _cwnd=219105
Initialize per-instance NSCC parameters: flowid 156 _base_rtt=11685600 _base_bdp=146070 _bdp=146070 _min_cwnd=4150 _maxwnd=219105 _cwnd=219105
Initialize per-instance NSCC parameters: flowid 157 _base_rtt=11685600 _base_bdp=146070 _bdp=146070 _min_cwnd=4150 _maxwnd=219105 _cwnd=219105
Initialize per-instance NSCC parameters: flowid 158 _base_rtt=11685600 _base_bdp=146070 _bdp=146070 _min_cwnd=4150 _maxwnd=219105 _cwnd=219105
Initialize per-instance NSCC parameters: flowid 159 _base_rtt=11685600 _base_bdp=146070 _bdp=146070 _min_cwnd=4150 _maxwnd=219105 _cwnd=219105
Initialize per-instance NSCC parameters: flowid 160 _base_rtt=11685600 _base_bdp=146070 _bdp=146070 _min_cwnd=4150 _maxwnd=219105 _cwnd=219105
Initialize per-instance NSCC parameters: flowid 161 _base_rtt=11685600 _base_bdp=146070 _bdp=146070 _min_cwnd=4150 _maxwnd=219105 _cwnd=219105
Initialize per-instance NSCC parameters: flowid 162 _base_rtt=11685600 _base_bdp=146070 _bdp=146070 _min_cwnd=4150 _maxwnd=219105 _cwnd=219105
Initialize per-instance NSCC parameters: flowid 163 _base_rtt=11685600 _base_bdp=146070 _bdp=146070 _min_cwnd=4150 _maxwnd=219105 _cwnd=219105
Initialize per-instance NSCC parameters: flowid 164 _base_rtt=11685600 _base_bdp=146070 _bdp=146070 _min_cwnd=4150 _maxwnd=219105 _cwnd=219105
Initialize per-instance NSCC parameters: flowid 165 _base_rtt=11685600 _base_bdp=146070 _bdp=146070 _min_cwnd=4150 _maxwnd=219105 _cwnd=219105
Initialize per-instance NSCC parameters: flowid 166 _base_rtt=11685600 _base_bdp=146070 _bdp=146070 _min_cwnd=4150 _maxwnd=219105 _cwnd=219105
Initialize per-instance NSCC parameters: flowid 167 _base_rtt=11685600 _base_bdp=146070 _bdp=146070 _min_cwnd=4150 _maxwnd=219105 _cwnd=219105
Initialize per-instance NSCC parameters: flowid 168 _base_rtt=11685600 _base_bdp=146070 _bdp=146070 _min_cwnd=4150 _maxwnd=219105 _cwnd=219105
Initialize per-instance NSCC parameters: flowid 169 _base_rtt=11685600 _base_bdp=146070 _bdp=146070 _min_cwnd=4150 _maxwnd=219105 _cwnd=219105
Initialize per-instance NSCC parameters: flowid 170 _base_rtt=11685600 _base_bdp=146070 _bdp=146070 _min_cwnd=4150 _maxwnd=219105 _cwnd=219105
Initialize per-instance NSCC parameters: flowid 171 _base_rtt=11685600 _base_bdp=146070 _bdp=146070 _min_cwnd=4150 _maxwnd=219105 _cwnd=219105
Initialize per-instance NSCC parameters: flowid 172 _base_rtt=11685600 _base_bdp=146070 _bdp=146070 _min_cwnd=4150 _maxwnd=219105 _cwnd=219105
Initialize per-instance NSCC parameters: flowid 173 _base_rtt=11685600 _base_bdp=146070 _bdp=146070 _min_cwnd=4150 _maxwnd=219105 _cwnd=219105
Initialize per-instance NSCC parameters: flowid 174 _base_rtt=11685600 _base_bdp=146070 _bdp=146070 _min_cwnd=4150 _maxwnd=219105 _cwnd=219105
Initialize per-instance NSCC parameters: flowid 175 _base_rtt=11685600 _base_bdp=146070 _bdp=146070 _min_cwnd=4150 _maxwnd=219105 _cwnd=219105
Initialize per-instance NSCC parameters: flowid 176 _base_rtt=11685600 _base_bdp=146070 _bdp=146070 _min_cwnd=4150 _maxwnd=219105 _cwnd=219105
Initialize per-instance NSCC parameters: flowid 177 _base_rtt=11685600 _base_bdp=146070 _bdp=146070 _min_cwnd=4150 _maxwnd=219105 _cwnd=219105
Initialize per-instance NSCC parameters: flowid 178 _base_rtt=11685600 _base_bdp=146070 _bdp=146070 _min_cwnd=4150 _maxwnd=219105 _cwnd=219105
Initialize per-instance NSCC parameters: flowid 179 _base_rtt=11685600 _base_bdp=146070 _bdp=146070 _min_cwnd=4150 _maxwnd=219105 _cwnd=219105
Initialize per-instance NSCC parameters: flowid 180 _base_rtt=11685600 _base_bdp=146070 _bdp=146070 _min_cwnd=4150 _maxwnd=219105 _cwnd=219105
Initialize per-instance NSCC parameters: flowid 181 _base_rtt=11685600 _base_bdp=146070 _bdp=146070 _min_cwnd=4150 _maxwnd=219105 _cwnd=219105
Initialize per-instance NSCC parameters: flowid 182 _base_rtt=11685600 _base_bdp=146070 _bdp=146070 _min_cwnd=4150 _maxwnd=219105 _cwnd=219105
Initialize per-instance NSCC parameters: flowid 183 _base_rtt=11685600 _base_bdp=146070 _bdp=146070 _min_cwnd=4150 _maxwnd=219105 _cwnd=219105
Initialize per-instance NSCC parameters: flowid 184 _base_rtt=11685600 _base_bdp=146070 _bdp=146070 _min_cwnd=4150 _maxwnd=219105 _cwnd=219105
Initialize per-instance NSCC parameters: flowid 185 _base_rtt=11685600 _base_bdp=146070 _bdp=146070 _min_cwnd=4150 _maxwnd=219105 _cwnd=219105
Initialize per-instance NSCC parameters: flowid 186 _base_rtt=11685600 _base_bdp=146070 _bdp=146070 _min_cwnd=4150 _maxwnd=219105 _cwnd=219105
Initialize per-instance NSCC parameters: flowid 187 _base_rtt=11685600 _base_bdp=146070 _bdp=146070 _min_cwnd=4150 _maxwnd=219105 _cwnd=219105
Initialize per-instance NSCC parameters: flowid 188 _base_rtt=11685600 _base_bdp=146070 _bdp=146070 _min_cwnd=4150 _maxwnd=219105 _cwnd=219105
Initialize per-instance NSCC parameters: flowid 189 _base_rtt=11685600 _base_bdp=146070 _bdp=146070 _min_cwnd=4150 _maxwnd=219105 _cwnd=219105
Initialize per-instance NSCC parameters: flowid 190 _base_rtt=11685600 _base_bdp=146070 _bdp=146070 _min_cwnd=4150 _maxwnd=219105 _cwnd=219105
Initialize per-instance NSCC parameters: flowid 191 _base_rtt=11685600 _base_bdp=146070 _bdp=146070 _min_cwnd=4150 _maxwnd=219105 _cwnd=219105
Initialize per-instance NSCC parameters: flowid 192 _base_rtt=11685600 _base_bdp=146070 _bdp=146070 _min_cwnd=4150 _maxwnd=219105 _cwnd=219105
Starting simulation
Flow Uec_59_187 flowId 1 uecSrc 0 starting at 0
Flow Uec_58_186 flowId 2 uecSrc 1 starting at 0
Flow Uec_112_240 flowId 3 uecSrc 2 starting at 0
Flow Uec_8_136 flowId 4 uecSrc 3 starting at 0
Flow Uec_35_163 flowId 5 uecSrc 4 starting at 0
Flow Uec_119_247 flowId 6 uecSrc 5 starting at 0
Flow Uec_140_12 flowId 7 uecSrc 6 starting at 0
Flow Uec_5_133 flowId 8 uecSrc 7 starting at 0
Flow Uec_29_157 flowId 9 uecSrc 8 starting at 0
Flow Uec_158_30 flowId 10 uecSrc 9 starting at 0
Flow Uec_117_245 flowId 11 uecSrc 10 starting at 0
Flow Uec_152_24 flowId 12 uecSrc 11 starting at 0
Flow Uec_251_123 flowId 13 uecSrc 12 starting at 0
Flow Uec_161_33 flowId 14 uecSrc 13 starting at 0
Flow Uec_160_32 flowId 15 uecSrc 14 starting at 0
Flow Uec_183_55 flowId 16 uecSrc 15 starting at 0
Flow Uec_30_158 flowId 17 uecSrc 16 starting at 0
Flow Uec_165_37 flowId 18 uecSrc 17 starting at 0
Flow Uec_204_76 flowId 19 uecSrc 18 starting at 0
Flow Uec_94_222 flowId 20 uecSrc 19 starting at 0
Flow Uec_189_61 flowId 21 uecSrc 20 starting at 0
Flow Uec_202_74 flowId 22 uecSrc 21 starting at 0
Flow Uec_123_251 flowId 23 uecSrc 22 starting at 0
Flow Uec_196_68 flowId 24 uecSrc 23 starting at 0
Flow Uec_127_255 flowId 25 uecSrc 24 starting at 0
Flow Uec_105_233 flowId 26 uecSrc 25 starting at 0
Flow Uec_218_90 flowId 27 uecSrc 26 starting at 0
Flow Uec_39_167 flowId 28 uecSrc 27 starting at 0
Flow Uec_231_103 flowId 29 uecSrc 28 starting at 0
Flow Uec_121_249 flowId 30 uecSrc 29 starting at 0
Flow Uec_120_248 flowId 31 uecSrc 30 starting at 0
Flow Uec_141_13 flowId 32 uecSrc 31 starting at 0
Flow Uec_242_114 flowId 33 uecSrc 32 starting at 0
Flow Uec_215_87 flowId 34 uecSrc 33 starting at 0
Flow Uec_145_17 flowId 35 uecSrc 34 starting at 0
Flow Uec_60_188 flowId 36 uecSrc 35 starting at 0
Flow Uec_11_139 flowId 37 uecSrc 36 starting at 0
Flow Uec_185_57 flowId 38 uecSrc 37 starting at 0
Flow Uec_254_126 flowId 39 uecSrc 38 starting at 0
Flow Uec_203_75 flowId 40 uecSrc 39 starting at 0
Flow Uec_190_62 flowId 41 uecSrc 40 starting at 0
Flow Uec_72_200 flowId 42 uecSrc 41 starting at 0
Flow Uec_76_204 flowId 43 uecSrc 42 starting at 0
Flow Uec_245_117 flowId 44 uecSrc 43 starting at 0
Flow Uec_217_89 flowId 45 uecSrc 44 starting at 0
Flow Uec_191_63 flowId 46 uecSrc 45 starting at 0
Flow Uec_233_105 flowId 47 uecSrc 46 starting at 0
Flow Uec_32_160 flowId 48 uecSrc 47 starting at 0
Flow Uec_22_150 flowId 49 uecSrc 48 starting at 0
Flow Uec_2_130 flowId 50 uecSrc 49 starting at 0
Flow Uec_80_208 flowId 51 uecSrc 50 starting at 0
Flow Uec_240_112 flowId 52 uecSrc 51 starting at 0
Flow Uec_87_215 flowId 53 uecSrc 52 starting at 0
Flow Uec_115_243 flowId 54 uecSrc 53 starting at 0
Flow Uec_0_128 flowId 55 uecSrc 54 starting at 0
Flow Uec_48_176 flowId 56 uecSrc 55 starting at 0
Flow Uec_91_219 flowId 57 uecSrc 56 starting at 0
Flow Uec_9_137 flowId 58 uecSrc 57 starting at 0
Flow Uec_243_115 flowId 59 uecSrc 58 starting at 0
Flow Uec_205_77 flowId 60 uecSrc 59 starting at 0
Flow Uec_207_79 flowId 61 uecSrc 60 starting at 0
Flow Uec_73_201 flowId 62 uecSrc 61 starting at 0
Flow Uec_182_54 flowId 63 uecSrc 62 starting at 0
Flow Uec_56_184 flowId 64 uecSrc 63 starting at 0
Flow Uec_53_181 flowId 65 uecSrc 64 starting at 0
Flow Uec_116_244 flowId 66 uecSrc 65 starting at 0
Flow Uec_149_21 flowId 67 uecSrc 66 starting at 0
Flow Uec_89_217 flowId 68 uecSrc 67 starting at 0
Flow Uec_97_225 flowId 69 uecSrc 68 starting at 0
Flow Uec_170_42 flowId 70 uecSrc 69 starting at 0
Flow Uec_118_246 flowId 71 uecSrc 70 starting at 0
Flow Uec_38_166 flowId 72 uecSrc 71 starting at 0
Flow Uec_244_116 flowId 73 uecSrc 72 starting at 0
Flow Uec_46_174 flowId 74 uecSrc 73 starting at 0
Flow Uec_222_94 flowId 75 uecSrc 74 starting at 0
Flow Uec_79_207 flowId 76 uecSrc 75 starting at 0
Flow Uec_24_152 flowId 77 uecSrc 76 starting at 0
Flow Uec_201_73 flowId 78 uecSrc 77 starting at 0
Flow Uec_169_41 flowId 79 uecSrc 78 starting at 0
Flow Uec_125_253 flowId 80 uecSrc 79 starting at 0
Flow Uec_144_16 flowId 81 uecSrc 80 starting at 0
Flow Uec_175_47 flowId 82 uecSrc 81 starting at 0
Flow Uec_69_197 flowId 83 uecSrc 82 starting at 0
Flow Uec_7_135 flowId 84 uecSrc 83 starting at 0
Flow Uec_6_134 flowId 85 uecSrc 84 starting at 0
Flow Uec_74_202 flowId 86 uecSrc 85 starting at 0
Flow Uec_102_230 flowId 87 uecSrc 86 starting at 0
Flow Uec_34_162 flowId 88 uecSrc 87 starting at 0
Flow Uec_62_190 flowId 89 uecSrc 88 starting at 0
Flow Uec_246_118 flowId 90 uecSrc 89 starting at 0
Flow Uec_164_36 flowId 91 uecSrc 90 starting at 0
Flow Uec_13_141 flowId 92 uecSrc 91 starting at 0
Flow Uec_139_11 flowId 93 uecSrc 92 starting at 0
Flow Uec_206_78 flowId 94 uecSrc 93 starting at 0
Flow Uec_156_28 flowId 95 uecSrc 94 starting at 0
Flow Uec_198_70 flowId 96 uecSrc 95 starting at 0
Flow Uec_186_58 flowId 97 uecSrc 96 starting at 0
Flow Uec_33_161 flowId 98 uecSrc 97 starting at 0
Flow Uec_199_71 flowId 99 uecSrc 98 starting at 0
Flow Uec_228_100 flowId 100 uecSrc 99 starting at 0
Flow Uec_177_49 flowId 101 uecSrc 100 starting at 0
Flow Uec_173_45 flowId 102 uecSrc 101 starting at 0
Flow Uec_65_193 flowId 103 uecSrc 102 starting at 0
Flow Uec_226_98 flowId 104 uecSrc 103 starting at 0
Flow Uec_85_213 flowId 105 uecSrc 104 starting at 0
Flow Uec_67_195 flowId 106 uecSrc 105 starting at 0
Flow Uec_47_175 flowId 107 uecSrc 106 starting at 0
Flow Uec_193_65 flowId 108 uecSrc 107 starting at 0
Flow Uec_168_40 flowId 109 uecSrc 108 starting at 0
Flow Uec_219_91 flowId 110 uecSrc 109 starting at 0
Flow Uec_44_172 flowId 111 uecSrc 110 starting at 0
Flow Uec_147_19 flowId 112 uecSrc 111 starting at 0
Flow Uec_10_138 flowId 113 uecSrc 112 starting at 0
Flow Uec_162_34 flowId 114 uecSrc 113 starting at 0
Flow Uec_230_102 flowId 115 uecSrc 114 starting at 0
Flow Uec_14_142 flowId 116 uecSrc 115 starting at 0
Flow Uec_23_151 flowId 117 uecSrc 116 starting at 0
Flow Uec_234_106 flowId 118 uecSrc 117 starting at 0
Flow Uec_50_178 flowId 119 uecSrc 118 starting at 0
Flow Uec_51_179 flowId 120 uecSrc 119 starting at 0
Flow Uec_81_209 flowId 121 uecSrc 120 starting at 0
Flow Uec_55_183 flowId 122 uecSrc 121 starting at 0
Flow Uec_133_5 flowId 123 uecSrc 122 starting at 0
Flow Uec_18_146 flowId 124 uecSrc 123 starting at 0
Flow Uec_146_18 flowId 125 uecSrc 124 starting at 0
Flow Uec_98_226 flowId 126 uecSrc 125 starting at 0
Flow Uec_253_125 flowId 127 uecSrc 126 starting at 0
Flow Uec_214_86 flowId 128 uecSrc 127 starting at 0
Flow Uec_109_237 flowId 129 uecSrc 128 starting at 0
Flow Uec_143_15 flowId 130 uecSrc 129 starting at 0
Flow Uec_157_29 flowId 131 uecSrc 130 starting at 0
Flow Uec_224_96 flowId 132 uecSrc 131 starting at 0
Flow Uec_134_6 flowId 133 uecSrc 132 starting at 0
Flow Uec_3_131 flowId 134 uecSrc 133 starting at 0
Flow Uec_37_165 flowId 135 uecSrc 134 starting at 0
Flow Uec_114_242 flowId 136 uecSrc 135 starting at 0
Flow Uec_209_81 flowId 137 uecSrc 136 starting at 0
Flow Uec_249_121 flowId 138 uecSrc 137 starting at 0
Flow Uec_45_173 flowId 139 uecSrc 138 starting at 0
Flow Uec_101_229 flowId 140 uecSrc 139 starting at 0
Flow Uec_57_185 flowId 141 uecSrc 140 starting at 0
Flow Uec_49_177 flowId 142 uecSrc 141 starting at 0
Flow Uec_239_111 flowId 143 uecSrc 142 starting at 0
Flow Uec_225_97 flowId 144 uecSrc 143 starting at 0
Flow Uec_52_180 flowId 145 uecSrc 144 starting at 0
Flow Uec_229_101 flowId 146 uecSrc 145 starting at 0
Flow Uec_136_8 flowId 147 uecSrc 146 starting at 0
Flow Uec_180_52 flowId 148 uecSrc 147 starting at 0
Flow Uec_19_147 flowId 149 uecSrc 148 starting at 0
Flow Uec_194_66 flowId 150 uecSrc 149 starting at 0
Flow Uec_95_223 flowId 151 uecSrc 150 starting at 0
Flow Uec_26_154 flowId 152 uecSrc 151 starting at 0
Flow Uec_248_120 flowId 153 uecSrc 152 starting at 0
Flow Uec_113_241 flowId 154 uecSrc 153 starting at 0
Flow Uec_178_50 flowId 155 uecSrc 154 starting at 0
Flow Uec_237_109 flowId 156 uecSrc 155 starting at 0
Flow Uec_83_211 flowId 157 uecSrc 156 starting at 0
Flow Uec_172_44 flowId 158 uecSrc 157 starting at 0
Flow Uec_131_3 flowId 159 uecSrc 158 starting at 0
Flow Uec_40_168 flowId 160 uecSrc 159 starting at 0
Flow Uec_92_220 flowId 161 uecSrc 160 starting at 0
Flow Uec_241_113 flowId 162 uecSrc 161 starting at 0
Flow Uec_250_122 flowId 163 uecSrc 162 starting at 0
Flow Uec_135_7 flowId 164 uecSrc 163 starting at 0
Flow Uec_155_27 flowId 165 uecSrc 164 starting at 0
Flow Uec_227_99 flowId 166 uecSrc 165 starting at 0
Flow Uec_208_80 flowId 167 uecSrc 166 starting at 0
Flow Uec_20_148 flowId 168 uecSrc 167 starting at 0
Flow Uec_238_110 flowId 169 uecSrc 168 starting at 0
Flow Uec_111_239 flowId 170 uecSrc 169 starting at 0
Flow Uec_1_129 flowId 171 uecSrc 170 starting at 0
Flow Uec_70_198 flowId 172 uecSrc 171 starting at 0
Flow Uec_171_43 flowId 173 uecSrc 172 starting at 0
Flow Uec_130_2 flowId 174 uecSrc 173 starting at 0
Flow Uec_159_31 flowId 175 uecSrc 174 starting at 0
Flow Uec_197_69 flowId 176 uecSrc 175 starting at 0
Flow Uec_84_212 flowId 177 uecSrc 176 starting at 0
Flow Uec_221_93 flowId 178 uecSrc 177 starting at 0
Flow Uec_211_83 flowId 179 uecSrc 178 starting at 0
Flow Uec_78_206 flowId 180 uecSrc 179 starting at 0
Flow Uec_247_119 flowId 181 uecSrc 180 starting at 0
Flow Uec_77_205 flowId 182 uecSrc 181 starting at 0
Flow Uec_104_232 flowId 183 uecSrc 182 starting at 0
Flow Uec_61_189 flowId 184 uecSrc 183 starting at 0
Flow Uec_90_218 flowId 185 uecSrc 184 starting at 0
Flow Uec_188_60 flowId 186 uecSrc 185 starting at 0
Flow Uec_210_82 flowId 187 uecSrc 186 starting at 0
Flow Uec_43_171 flowId 188 uecSrc 187 starting at 0
Flow Uec_17_145 flowId 189 uecSrc 188 starting at 0
Flow Uec_138_10 flowId 190 uecSrc 189 starting at 0
Flow Uec_12_140 flowId 191 uecSrc 190 starting at 0
Flow Uec_192_64 flowId 192 uecSrc 191 starting at 0
138.251 flowid 97 Spurious 26
138.915 flowid 97 Spurious 28
139.575 flowid 111 Spurious 42
139.889 flowid 17 Spurious 42
140.907 flowid 97 Spurious 30
142.588 flowid 55 Spurious 43
143.252 flowid 55 Spurious 48
143.594 flowid 55 Spurious 46
144.295 flowid 111 Spurious 45
144.432 flowid 41 Spurious 51
144.739 flowid 186 Spurious 51
146.47 flowid 41 Spurious 56
147.144 flowid 41 Spurious 57
148.253 flowid 38 Spurious 38
148.396 flowid 186 Spurious 53
148.728 flowid 186 Spurious 54
148.923 flowid 38 Spurious 39
149.065 flowid 186 Spurious 55
149.587 flowid 38 Spurious 40
149.846 flowid 41 Spurious 63
149.893 flowid 77 Spurious 49
150.393 flowid 186 Spurious 59
150.92 flowid 38 Spurious 44
151.062 flowid 186 Spurious 61
151.21 flowid 41 Spurious 64
151.547 flowid 41 Spurious 65
151.726 flowid 186 Spurious 62
152.564 flowid 41 Spurious 67
153.064 flowid 186 Spurious 65
153.58 flowid 41 Spurious 68
153.843 flowid 49 Spurious 65
153.949 flowid 38 Spurious 50
154.175 flowid 49 Spurious 66
154.592 flowid 41 Spurious 72
154.955 flowid 38 Spurious 54
155.266 flowid 41 Spurious 73
155.54 flowid 67 Spurious 23
155.956 flowid 38 Spurious 56
156.167 flowid 49 Spurious 89
156.831 flowid 49 Spurious 86
156.962 flowid 38 Spurious 59
157.299 flowid 41 Spurious 74
157.299 flowid 38 Spurious 61
157.631 flowid 41 Spurious 75
157.631 flowid 38 Spurious 62
157.968 flowid 41 Spurious 54
157.968 flowid 38 Spurious 63
158.632 flowid 38 Spurious 64
158.642 flowid 41 Spurious 78
160.313 flowid 38 Spurious 33
160.982 flowid 38 Spurious 43
161.646 flowid 38 Spurious 48
162.31 flowid 38 Spurious 49
168.105 flowid 82 Spurious 14
168.795 flowid 82 Spurious 16
172.886 flowid 82 Spurious 24
Flow Uec_192_64 flowId 192 uecSrc 191 finished at 174.633 total messages 1 total packets 490 RTS 0 total bytes 2002140 in_flight now 0 fair_inc 0 prop_inc 23372 fast_inc 380343 eta_inc 8344 multi_dec -0 quick_dec -0 nack_dec -0
174.787 flowid 48 Spurious 115
Flow Uec_98_226 flowId 126 uecSrc 125 finished at 175.131 total messages 1 total packets 490 RTS 0 total bytes 2002140 in_flight now 0 fair_inc 0 prop_inc 21739 fast_inc 388425 eta_inc 8344 multi_dec -0 quick_dec -0 nack_dec -0
Flow Uec_155_27 flowId 165 uecSrc 164 finished at 175.328 total messages 1 total packets 490 RTS 0 total bytes 2002140 in_flight now 0 fair_inc 0 prop_inc 78916 fast_inc 48492 eta_inc 8344 multi_dec -0 quick_dec -0 nack_dec -0
Flow Uec_183_55 flowId 16 uecSrc 15 finished at 176.454 total messages 1 total packets 490 RTS 0 total bytes 2002140 in_flight now 0 fair_inc 0 prop_inc 80745 fast_inc 88902 eta_inc 8344 multi_dec -0 quick_dec -0 nack_dec -0
Flow Uec_120_248 flowId 31 uecSrc 30 finished at 176.898 total messages 1 total packets 490 RTS 0 total bytes 2002140 in_flight now 0 fair_inc 0 prop_inc 85130 fast_inc 28287 eta_inc 8344 multi_dec -0 quick_dec -0 nack_dec -0
Flow Uec_121_249 flowId 30 uecSrc 29 finished at 177.305 total messages 1 total packets 490 RTS 0 total bytes 2002140 in_flight now 0 fair_inc 0 prop_inc 78459 fast_inc 84861 eta_inc 8344 multi_dec -0 quick_dec -0 nack_dec -0
Flow Uec_180_52 flowId 148 uecSrc 147 finished at 177.646 total messages 1 total packets 490 RTS 0 total bytes 2002140 in_flight now 0 fair_inc 0 prop_inc 86057 fast_inc 36369 eta_inc 8344 multi_dec -0 quick_dec -0 nack_dec -0
178.172 flowid 149 Spurious 127
Flow Uec_146_18 flowId 125 uecSrc 124 finished at 178.853 total messages 1 total packets 490 RTS 0 total bytes 2002140 in_flight now 0 fair_inc 0 prop_inc 75617 fast_inc 64656 eta_inc 8344 multi_dec -0 quick_dec -0 nack_dec -0
Flow Uec_104_232 flowId 183 uecSrc 182 finished at 179.344 total messages 1 total packets 490 RTS 0 total bytes 2002140 in_flight now 0 fair_inc 0 prop_inc 58154 fast_inc 60615 eta_inc 8344 multi_dec -0 quick_dec -0 nack_dec -0
Flow Uec_118_246 flowId 71 uecSrc 70 finished at 179.951 total messages 1 total packets 490 RTS 0 total bytes 2002140 in_flight now 0 fair_inc 0 prop_inc 71268 fast_inc 36369 eta_inc 8344 multi_dec -0 quick_dec -0 nack_dec -0
Flow Uec_131_3 flowId 159 uecSrc 158 finished at 180.542 total messages 1 total packets 490 RTS 0 total bytes 2002140 in_flight now 0 fair_inc 0 prop_inc 94681 fast_inc 8082 eta_inc 8344 multi_dec -0 quick_dec -0 nack_dec -0
Flow Uec_160_32 flowId 15 uecSrc 14 finished at 180.763 total messages 1 total packets 490 RTS 0 total bytes 2002140 in_flight now 0 fair_inc 0 prop_inc 90869 fast_inc 0 eta_inc 8344 multi_dec -0 quick_dec -0 nack_dec -0
181.457 flowid 48 Spurious 130
181.789 flowid 48 Spurious 131
Flow Uec_69_197 flowId 83 uecSrc 82 finished at 183.907 total messages 1 total packets 490 RTS 0 total bytes 2002140 in_flight now 0 fair_inc 0 prop_inc 50790 fast_inc 0 eta_inc 8344 multi_dec -0 quick_dec -0 nack_dec -0
190.028 flowid 111 Spurious 144
Flow Uec_18_146 flowId 124 uecSrc 123 finished at 196.338 total messages 1 total packets 490 RTS 0 total bytes 2002140 in_flight now 0 fair_inc 0 prop_inc 22714 fast_inc 0 eta_inc 9536 multi_dec -0 quick_dec -0 nack_dec -0
Flow Uec_240_112 flowId 52 uecSrc 51 finished at 202.574 total messages 1 total packets 490 RTS 0 total bytes 2002140 in_flight now 0 fair_inc 7843 prop_inc 19627 fast_inc 0 eta_inc 9536 multi_dec -0 quick_dec -0 nack_dec -0
Flow Uec_250_122 flowId 163 uecSrc 162 finished at 203.076 total messages 1 total packets 490 RTS 0 total bytes 2002140 in_flight now 0 fair_inc 3748 prop_inc 20584 fast_inc 0 eta_inc 9536 multi_dec -0 quick_dec -0 nack_dec -0
203.696 flowid 139 Spurious 196
205.688 flowid 139 Spurious 188
208.012 flowid 139 Spurious 197
213.002 flowid 77 Spurious 169
Flow Uec_246_118 flowId 90 uecSrc 89 finished at 218.363 total messages 1 total packets 490 RTS 0 total bytes 2002140 in_flight now 0 fair_inc 4131 prop_inc 8407 fast_inc 0 eta_inc 10728 multi_dec -0 quick_dec -0 nack_dec -0
Flow Uec_244_116 flowId 73 uecSrc 72 finished at 219.593 total messages 1 total packets 490 RTS 0 total bytes 2002140 in_flight now 0 fair_inc 10119 prop_inc 10748 fast_inc 0 eta_inc 10728 multi_dec -608 quick_dec -0 nack_dec -0
222.082 flowid 84 Spurious 185
222.212 flowid 72 Spurious 208
222.901 flowid 72 Spurious 213
223.083 flowid 84 Spurious 172
224.079 flowid 84 Spurious 178
Flow Uec_251_123 flowId 13 uecSrc 12 finished at 225.792 total messages 1 total packets 490 RTS 0 total bytes 2002140 in_flight now 0 fair_inc 9068 prop_inc 9073 fast_inc 0 eta_inc 10728 multi_dec -52042 quick_dec -0 nack_dec -0
Flow Uec_26_154 flowId 152 uecSrc 151 finished at 227.659 total messages 1 total packets 490 RTS 0 total bytes 2002140 in_flight now 0 fair_inc 6730 prop_inc 18380 fast_inc 0 eta_inc 10728 multi_dec -46706 quick_dec -0 nack_dec -8300
233.667 flowid 135 Spurious 231
Flow Uec_249_121 flowId 138 uecSrc 137 finished at 233.993 total messages 1 total packets 490 RTS 0 total bytes 2002140 in_flight now 0 fair_inc 2290 prop_inc 33626 fast_inc 0 eta_inc 11324 multi_dec -78738 quick_dec -0 nack_dec -0
234.341 flowid 135 Spurious 233
234.373 flowid 111 Spurious 243
238.388 flowid 111 Spurious 252
241.784 flowid 49 Spurious 301
242.725 flowid 72 Spurious 268
243.409 flowid 72 Spurious 272
245.105 flowid 48 Spurious 274
246.432 flowid 49 Spurious 315
247.096 flowid 49 Spurious 317
247.958 flowid 72 Spurious 277
249.61 flowid 49 Spurious 324
Flow Uec_109_237 flowId 129 uecSrc 128 finished at 251.645 total messages 1 total packets 490 RTS 0 total bytes 2002140 in_flight now 0 fair_inc 4918 prop_inc 33474 fast_inc 0 eta_inc 11920 multi_dec -57837 quick_dec -0 nack_dec -33200
Flow Uec_13_141 flowId 92 uecSrc 91 finished at 270.54 total messages 1 total packets 490 RTS 0 total bytes 2002140 in_flight now 0 fair_inc 6989 prop_inc 63901 fast_inc 0 eta_inc 12516 multi_dec -135161 quick_dec -0 nack_dec -0
Flow Uec_46_174 flowId 74 uecSrc 73 finished at 271.995 total messages 1 total packets 490 RTS 0 total bytes 2002140 in_flight now 0 fair_inc 13119 prop_inc 17977 fast_inc 0 eta_inc 10728 multi_dec -0 quick_dec -198355 nack_dec -8300
273.588 flowid 74 Spurious 362
274.589 flowid 149 Spurious 357
Flow Uec_23_151 flowId 117 uecSrc 116 finished at 275.587 total messages 1 total packets 493 RTS 3 total bytes 2002140 in_flight now 0 fair_inc 8657 prop_inc 24909 fast_inc 0 eta_inc 13112 multi_dec -63466 quick_dec -0 nack_dec -4150
Flow Uec_9_137 flowId 58 uecSrc 57 finished at 278.942 total messages 1 total packets 490 RTS 0 total bytes 2002140 in_flight now 0 fair_inc 1055 prop_inc 65142 fast_inc 0 eta_inc 13112 multi_dec -144368 quick_dec -0 nack_dec -0
282.951 flowid 74 Spurious 385
Flow Uec_22_150 flowId 49 uecSrc 48 finished at 284.394 total messages 1 total packets 492 RTS 2 total bytes 2002140 in_flight now 0 fair_inc 7081 prop_inc 36576 fast_inc 0 eta_inc 11920 multi_dec -0 quick_dec -168688 nack_dec -4150
284.968 flowid 74 Spurious 391
Flow Uec_17_145 flowId 189 uecSrc 188 finished at 295.787 total messages 1 total packets 490 RTS 0 total bytes 2002140 in_flight now 0 fair_inc 12493 prop_inc 10091 fast_inc 0 eta_inc 10728 multi_dec -0 quick_dec -0 nack_dec -16600
Flow Uec_43_171 flowId 188 uecSrc 187 finished at 301.719 total messages 1 total packets 492 RTS 2 total bytes 2002140 in_flight now 0 fair_inc 5960 prop_inc 36305 fast_inc 0 eta_inc 11324 multi_dec -0 quick_dec -195961 nack_dec -12450
311.437 flowid 171 Spurious 476
314.139 flowid 149 Spurious 450
316.136 flowid 149 Spurious 465
317.806 flowid 149 Spurious 470
Flow Uec_19_147 flowId 149 uecSrc 148 finished at 318.482 total messages 1 total packets 491 RTS 1 total bytes 2002140 in_flight now 0 fair_inc 4943 prop_inc 27879 fast_inc 0 eta_inc 11920 multi_dec -0 quick_dec -0 nack_dec -0
318.698 flowid 38 Spurious 164
Flow Uec_1_129 flowId 171 uecSrc 170 finished at 318.824 total messages 1 total packets 491 RTS 1 total bytes 2002140 in_flight now 0 fair_inc 757 prop_inc 62548 fast_inc 0 eta_inc 11920 multi_dec -0 quick_dec -0 nack_dec -0
Flow Uec_11_139 flowId 37 uecSrc 36 finished at 319.28 total messages 1 total packets 492 RTS 2 total bytes 2002140 in_flight now 0 fair_inc 9841 prop_inc 24678 fast_inc 0 eta_inc 11920 multi_dec -0 quick_dec -0 nack_dec -12450
Flow Uec_38_166 flowId 72 uecSrc 71 finished at 319.871 total messages 1 total packets 496 RTS 6 total bytes 2002140 in_flight now 0 fair_inc 11224 prop_inc 41937 fast_inc 0 eta_inc 13708 multi_dec -0 quick_dec -143005 nack_dec -24900
Flow Uec_45_173 flowId 139 uecSrc 138 finished at 320.682 total messages 1 total packets 491 RTS 1 total bytes 2002140 in_flight now 0 fair_inc 10244 prop_inc 27623 fast_inc 0 eta_inc 11920 multi_dec -0 quick_dec -0 nack_dec -0
Flow Uec_24_152 flowId 77 uecSrc 76 finished at 321.918 total messages 1 total packets 496 RTS 6 total bytes 2002140 in_flight now 0 fair_inc 11059 prop_inc 48005 fast_inc 0 eta_inc 14900 multi_dec -104509 quick_dec -0 nack_dec -0
Flow Uec_112_240 flowId 3 uecSrc 2 finished at 322.113 total messages 1 total packets 490 RTS 0 total bytes 2002140 in_flight now 0 fair_inc 6865 prop_inc 33507 fast_inc 0 eta_inc 15496 multi_dec -90250 quick_dec -0 nack_dec -41500
Flow Uec_140_12 flowId 7 uecSrc 6 finished at 324.802 total messages 1 total packets 492 RTS 2 total bytes 2002140 in_flight now 0 fair_inc 6896 prop_inc 36286 fast_inc 0 eta_inc 15496 multi_dec -79153 quick_dec -0 nack_dec -37350
Flow Uec_89_217 flowId 68 uecSrc 67 finished at 324.915 total messages 1 total packets 490 RTS 0 total bytes 2002140 in_flight now 0 fair_inc 3120 prop_inc 27896 fast_inc 0 eta_inc 15496 multi_dec -66450 quick_dec -0 nack_dec -53950
Flow Uec_55_183 flowId 122 uecSrc 121 finished at 330.44 total messages 1 total packets 490 RTS 0 total bytes 2002140 in_flight now 0 fair_inc 4213 prop_inc 29985 fast_inc 0 eta_inc 16092 multi_dec -74851 quick_dec -0 nack_dec -53950
Flow Uec_37_165 flowId 135 uecSrc 134 finished at 330.787 total messages 1 total packets 491 RTS 1 total bytes 2002140 in_flight now 0 fair_inc 7461 prop_inc 38745 fast_inc 0 eta_inc 13708 multi_dec -0 quick_dec -153473 nack_dec -33200
Flow Uec_217_89 flowId 45 uecSrc 44 finished at 330.875 total messages 1 total packets 490 RTS 0 total bytes 2002140 in_flight now 0 fair_inc 6949 prop_inc 39092 fast_inc 0 eta_inc 16092 multi_dec -100104 quick_dec -0 nack_dec -45650
Flow Uec_105_233 flowId 26 uecSrc 25 finished at 330.951 total messages 1 total packets 490 RTS 0 total bytes 2002140 in_flight now 0 fair_inc 8659 prop_inc 36670 fast_inc 0 eta_inc 16092 multi_dec -115851 quick_dec -0 nack_dec -33200
Flow Uec_164_36 flowId 91 uecSrc 90 finished at 332.216 total messages 1 total packets 490 RTS 0 total bytes 2002140 in_flight now 0 fair_inc 8870 prop_inc 35301 fast_inc 0 eta_inc 15496 multi_dec -91751 quick_dec -0 nack_dec -45650
Flow Uec_33_161 flowId 98 uecSrc 97 finished at 332.492 total messages 1 total packets 491 RTS 1 total bytes 2002140 in_flight now 0 fair_inc 3002 prop_inc 54481 fast_inc 0 eta_inc 13112 multi_dec -0 quick_dec -191331 nack_dec -12450
Flow Uec_207_79 flowId 61 uecSrc 60 finished at 332.611 total messages 1 total packets 490 RTS 0 total bytes 2002140 in_flight now 0 fair_inc 3931 prop_inc 17673 fast_inc 0 eta_inc 16092 multi_dec -87581 quick_dec -0 nack_dec -37350
Flow Uec_0_128 flowId 55 uecSrc 54 finished at 333.918 total messages 1 total packets 493 RTS 3 total bytes 2002140 in_flight now 0 fair_inc 10710 prop_inc 56985 fast_inc 0 eta_inc 16092 multi_dec -137255 quick_dec -0 nack_dec -0
Flow Uec_134_6 flowId 133 uecSrc 132 finished at 335.156 total messages 1 total packets 490 RTS 0 total bytes 2002140 in_flight now 0 fair_inc 5311 prop_inc 44396 fast_inc 0 eta_inc 14900 multi_dec -98989 quick_dec -0 nack_dec -33200
Flow Uec_125_253 flowId 80 uecSrc 79 finished at 336.089 total messages 1 total packets 490 RTS 0 total bytes 2002140 in_flight now 0 fair_inc 5410 prop_inc 35641 fast_inc 0 eta_inc 16092 multi_dec -122797 quick_dec -0 nack_dec -24900
Flow Uec_39_167 flowId 28 uecSrc 27 finished at 338.312 total messages 1 total packets 490 RTS 0 total bytes 2002140 in_flight now 0 fair_inc 11356 prop_inc 53829 fast_inc 0 eta_inc 14304 multi_dec -147464 quick_dec -0 nack_dec -16600
Flow Uec_144_16 flowId 81 uecSrc 80 finished at 338.835 total messages 1 total packets 490 RTS 0 total bytes 2002140 in_flight now 0 fair_inc 7148 prop_inc 32375 fast_inc 0 eta_inc 16092 multi_dec -115853 quick_dec -0 nack_dec -24900
Flow Uec_102_230 flowId 87 uecSrc 86 finished at 339.304 total messages 1 total packets 490 RTS 0 total bytes 2002140 in_flight now 0 fair_inc 6100 prop_inc 23122 fast_inc 0 eta_inc 16092 multi_dec -79108 quick_dec -0 nack_dec -53950
Flow Uec_199_71 flowId 99 uecSrc 98 finished at 339.817 total messages 1 total packets 490 RTS 0 total bytes 2002140 in_flight now 0 fair_inc 3463 prop_inc 21856 fast_inc 0 eta_inc 16688 multi_dec -76446 quick_dec -0 nack_dec -53950
Flow Uec_65_193 flowId 103 uecSrc 102 finished at 341.19 total messages 1 total packets 490 RTS 0 total bytes 2002140 in_flight now 0 fair_inc 6867 prop_inc 18837 fast_inc 0 eta_inc 16092 multi_dec -70338 quick_dec -0 nack_dec -53950
Flow Uec_136_8 flowId 147 uecSrc 146 finished at 341.574 total messages 1 total packets 490 RTS 0 total bytes 2002140 in_flight now 0 fair_inc 2955 prop_inc 23506 fast_inc 0 eta_inc 15496 multi_dec -55976 quick_dec -0 nack_dec -58100
Flow Uec_139_11 flowId 93 uecSrc 92 finished at 342.258 total messages 1 total packets 490 RTS 0 total bytes 2002140 in_flight now 0 fair_inc 22725 prop_inc 38430 fast_inc 0 eta_inc 16092 multi_dec -98388 quick_dec -0 nack_dec -45650
Flow Uec_114_242 flowId 136 uecSrc 135 finished at 344.013 total messages 1 total packets 490 RTS 0 total bytes 2002140 in_flight now 0 fair_inc 24002 prop_inc 46846 fast_inc 0 eta_inc 16092 multi_dec -115603 quick_dec -0 nack_dec -41500
Flow Uec_101_229 flowId 140 uecSrc 139 finished at 344.021 total messages 1 total packets 490 RTS 0 total bytes 2002140 in_flight now 0 fair_inc 7595 prop_inc 24372 fast_inc 0 eta_inc 16688 multi_dec -77823 quick_dec -0 nack_dec -58100
Flow Uec_53_181 flowId 65 uecSrc 64 finished at 344.038 total messages 1 total packets 490 RTS 0 total bytes 2002140 in_flight now 0 fair_inc 32661 prop_inc 35464 fast_inc 0 eta_inc 15496 multi_dec -123668 quick_dec -0 nack_dec -20750
Flow Uec_67_195 flowId 106 uecSrc 105 finished at 344.973 total messages 1 total packets 490 RTS 0 total bytes 2002140 in_flight now 0 fair_inc 11095 prop_inc 35837 fast_inc 0 eta_inc 16688 multi_dec -100075 quick_dec -0 nack_dec -45650
Flow Uec_115_243 flowId 54 uecSrc 53 finished at 345.702 total messages 1 total packets 490 RTS 0 total bytes 2002140 in_flight now 0 fair_inc 12676 prop_inc 18615 fast_inc 0 eta_inc 16688 multi_dec -81508 quick_dec -0 nack_dec -49800
Flow Uec_116_244 flowId 66 uecSrc 65 finished at 345.702 total messages 1 total packets 490 RTS 0 total bytes 2002140 in_flight now 0 fair_inc 6150 prop_inc 22244 fast_inc 0 eta_inc 16688 multi_dec -79614 quick_dec -0 nack_dec -53950
Flow Uec_111_239 flowId 170 uecSrc 169 finished at 346.01 total messages 1 total packets 490 RTS 0 total bytes 2002140 in_flight now 0 fair_inc 26456 prop_inc 39594 fast_inc 0 eta_inc 16092 multi_dec -95570 quick_dec -0 nack_dec -58100
Flow Uec_157_29 flowId 131 uecSrc 130 finished at 347.242 total messages 1 total packets 491 RTS 1 total bytes 2002140 in_flight now 0 fair_inc 17395 prop_inc 42409 fast_inc 0 eta_inc 16092 multi_dec -102668 quick_dec -0 nack_dec -37350
Flow Uec_198_70 flowId 96 uecSrc 95 finished at 347.388 total messages 1 total packets 490 RTS 0 total bytes 2002140 in_flight now 0 fair_inc 5974 prop_inc 45367 fast_inc 0 eta_inc 16092 multi_dec -102569 quick_dec -0 nack_dec -49800
Flow Uec_34_162 flowId 88 uecSrc 87 finished at 347.994 total messages 1 total packets 491 RTS 1 total bytes 2002140 in_flight now 0 fair_inc 0 prop_inc 57480 fast_inc 0 eta_inc 14304 multi_dec -130828 quick_dec -0 nack_dec -16600
Flow Uec_52_180 flowId 145 uecSrc 144 finished at 348.188 total messages 1 total packets 490 RTS 0 total bytes 2002140 in_flight now 0 fair_inc 6064 prop_inc 26273 fast_inc 0 eta_inc 16688 multi_dec -58148 quick_dec -0 nack_dec -74700
Flow Uec_44_172 flowId 111 uecSrc 110 finished at 348.643 total messages 1 total packets 497 RTS 7 total bytes 2002140 in_flight now -64 fair_inc 11873 prop_inc 26335 fast_inc 0 eta_inc 14900 multi_dec -0 quick_dec -0 nack_dec -0
Flow Uec_130_2 flowId 174 uecSrc 173 finished at 348.682 total messages 1 total packets 490 RTS 0 total bytes 2002140 in_flight now 0 fair_inc 20472 prop_inc 18282 fast_inc 0 eta_inc 16092 multi_dec -18578 quick_dec -0 nack_dec -91300
Flow Uec_48_176 flowId 56 uecSrc 55 finished at 349.03 total messages 1 total packets 494 RTS 4 total bytes 2002140 in_flight now 0 fair_inc 23941 prop_inc 29500 fast_inc 0 eta_inc 16092 multi_dec -106242 quick_dec -0 nack_dec -16600
Flow Uec_92_220 flowId 161 uecSrc 160 finished at 350.95 total messages 1 total packets 490 RTS 0 total bytes 2002140 in_flight now 0 fair_inc 17662 prop_inc 35598 fast_inc 0 eta_inc 16688 multi_dec -97128 quick_dec -0 nack_dec -53950
Flow Uec_119_247 flowId 6 uecSrc 5 finished at 351.203 total messages 1 total packets 490 RTS 0 total bytes 2002140 in_flight now 0 fair_inc 6622 prop_inc 44093 fast_inc 0 eta_inc 16688 multi_dec -82185 quick_dec -0 nack_dec -70550
Flow Uec_51_179 flowId 120 uecSrc 119 finished at 351.332 total messages 1 total packets 490 RTS 0 total bytes 2002140 in_flight now 0 fair_inc 31520 prop_inc 36414 fast_inc 0 eta_inc 16688 multi_dec -70673 quick_dec -0 nack_dec -74700
Flow Uec_135_7 flowId 164 uecSrc 163 finished at 352.278 total messages 1 total packets 490 RTS 0 total bytes 2002140 in_flight now 0 fair_inc 6923 prop_inc 57218 fast_inc 0 eta_inc 15496 multi_dec -132338 quick_dec -0 nack_dec -37350
Flow Uec_32_160 flowId 48 uecSrc 47 finished at 353.048 total messages 1 total packets 493 RTS 3 total bytes 2002140 in_flight now 0 fair_inc 13390 prop_inc 16555 fast_inc 0 eta_inc 13112 multi_dec -0 quick_dec -161879 nack_dec -4150
Flow Uec_14_142 flowId 116 uecSrc 115 finished at 361.328 total messages 1 total packets 491 RTS 1 total bytes 2002140 in_flight now 0 fair_inc 4914 prop_inc 58309 fast_inc 174249 eta_inc 16092 multi_dec -179817 quick_dec -0 nack_dec -8300
365 flowid 84 Spurious 478
Flow Uec_177_49 flowId 101 uecSrc 100 finished at 367.628 total messages 1 total packets 490 RTS 0 total bytes 2002140 in_flight now 0 fair_inc 10408 prop_inc 88903 fast_inc 4041 eta_inc 16688 multi_dec -131334 quick_dec -0 nack_dec -49800
367.923 flowid 84 Spurious 486
368.923 flowid 84 Spurious 485
Flow Uec_194_66 flowId 150 uecSrc 149 finished at 369.15 total messages 1 total packets 490 RTS 0 total bytes 2002140 in_flight now 0 fair_inc 7226 prop_inc 59303 fast_inc 0 eta_inc 17284 multi_dec -32473 quick_dec -0 nack_dec -128650
Flow Uec_50_178 flowId 119 uecSrc 118 finished at 369.159 total messages 1 total packets 490 RTS 0 total bytes 2002140 in_flight now 0 fair_inc 31089 prop_inc 50266 fast_inc 0 eta_inc 14304 multi_dec -121166 quick_dec -0 nack_dec -45650
Flow Uec_20_148 flowId 168 uecSrc 167 finished at 369.364 total messages 1 total packets 492 RTS 2 total bytes 2002140 in_flight now 0 fair_inc 29632 prop_inc 18225 fast_inc 0 eta_inc 13708 multi_dec -101523 quick_dec -139678 nack_dec -4150
Flow Uec_7_135 flowId 84 uecSrc 83 finished at 370.335 total messages 1 total packets 495 RTS 5 total bytes 2002140 in_flight now 0 fair_inc 10784 prop_inc 48575 fast_inc 0 eta_inc 14900 multi_dec -26383 quick_dec -173196 nack_dec -24900
Flow Uec_49_177 flowId 142 uecSrc 141 finished at 371.876 total messages 1 total packets 490 RTS 0 total bytes 2002140 in_flight now 0 fair_inc 22855 prop_inc 59527 fast_inc 0 eta_inc 16688 multi_dec -106334 quick_dec -0 nack_dec -58100
Flow Uec_145_17 flowId 35 uecSrc 34 finished at 376.43 total messages 1 total packets 490 RTS 0 total bytes 2002140 in_flight now 0 fair_inc 17403 prop_inc 25284 fast_inc 0 eta_inc 17880 multi_dec -52086 quick_dec -0 nack_dec -99600
Flow Uec_254_126 flowId 39 uecSrc 38 finished at 377.689 total messages 1 total packets 490 RTS 0 total bytes 2002140 in_flight now 0 fair_inc 5507 prop_inc 54716 fast_inc 0 eta_inc 17284 multi_dec -113638 quick_dec -0 nack_dec -62250
378.82 flowid 5 Spurious 384
Flow Uec_193_65 flowId 108 uecSrc 107 finished at 379.632 total messages 1 total packets 490 RTS 0 total bytes 2002140 in_flight now 0 fair_inc 5760 prop_inc 85032 fast_inc 13133 eta_inc 17284 multi_dec -123021 quick_dec -0 nack_dec -53950
382.745 flowid 186 Spurious 485
383.077 flowid 186 Spurious 486
383.409 flowid 186 Spurious 487
383.741 flowid 186 Spurious 488
384.073 flowid 186 Spurious 489
384.234 flowid 186 Spurious 490
Flow Uec_245_117 flowId 44 uecSrc 43 finished at 387.082 total messages 1 total packets 490 RTS 0 total bytes 2002140 in_flight now 0 fair_inc 6970 prop_inc 53314 fast_inc 0 eta_inc 17880 multi_dec -94560 quick_dec -0 nack_dec -83000
Flow Uec_188_60 flowId 186 uecSrc 185 finished at 389.439 total messages 1 total packets 491 RTS 1 total bytes 2002140 in_flight now 0 fair_inc 0 prop_inc 30901 fast_inc 0 eta_inc 11920 multi_dec -0 quick_dec -0 nack_dec -16600
Flow Uec_113_241 flowId 154 uecSrc 153 finished at 390.267 total messages 1 total packets 490 RTS 0 total bytes 2002140 in_flight now 0 fair_inc 4261 prop_inc 106038 fast_inc 0 eta_inc 17880 multi_dec -136506 quick_dec -0 nack_dec -49800
Flow Uec_35_163 flowId 5 uecSrc 4 finished at 391.834 total messages 1 total packets 502 RTS 12 total bytes 2002140 in_flight now 0 fair_inc 20903 prop_inc 25692 fast_inc 12610 eta_inc 17880 multi_dec -0 quick_dec -0 nack_dec -29050
Flow Uec_47_175 flowId 107 uecSrc 106 finished at 396.13 total messages 1 total packets 497 RTS 7 total bytes 2002140 in_flight now -64 fair_inc 12337 prop_inc 66622 fast_inc 0 eta_inc 18476 multi_dec -102577 quick_dec -0 nack_dec -0
396.795 flowid 41 Spurious 480
397.127 flowid 41 Spurious 481
397.459 flowid 41 Spurious 482
397.791 flowid 41 Spurious 483
Flow Uec_8_136 flowId 4 uecSrc 3 finished at 398.066 total messages 1 total packets 498 RTS 8 total bytes 2002140 in_flight now 0 fair_inc 4258 prop_inc 71215 fast_inc 0 eta_inc 17880 multi_dec -97720 quick_dec -112043 nack_dec -8300
398.123 flowid 41 Spurious 484
398.455 flowid 41 Spurious 485
401.75 flowid 41 Spurious 486
402.082 flowid 41 Spurious 487
402.414 flowid 41 Spurious 488
402.746 flowid 41 Spurious 489
Flow Uec_190_62 flowId 41 uecSrc 40 finished at 403.034 total messages 1 total packets 492 RTS 2 total bytes 2002140 in_flight now 0 fair_inc 4645 prop_inc 34505 fast_inc 0 eta_inc 13112 multi_dec -6595 quick_dec -0 nack_dec -4150
403.078 flowid 41 Spurious 490
Flow Uec_30_158 flowId 17 uecSrc 16 finished at 403.112 total messages 1 total packets 498 RTS 8 total bytes 2002140 in_flight now -64 fair_inc 8775 prop_inc 100821 fast_inc 0 eta_inc 17284 multi_dec -143785 quick_dec -0 nack_dec -4150
403.239 flowid 41 Spurious 491
404.677 flowid 8 Spurious 437
405.015 flowid 8 Spurious 438
405.673 flowid 8 Spurious 440
406.011 flowid 8 Spurious 442
Flow Uec_3_131 flowId 134 uecSrc 133 finished at 407.16 total messages 1 total packets 491 RTS 1 total bytes 2002140 in_flight now 0 fair_inc 1940 prop_inc 78185 fast_inc 2020 eta_inc 13112 multi_dec -0 quick_dec -199719 nack_dec -24900
408.672 flowid 8 Spurious 443
409.004 flowid 8 Spurious 436
409.336 flowid 8 Spurious 444
414.045 flowid 8 Spurious 449
Flow Uec_178_50 flowId 155 uecSrc 154 finished at 417.86 total messages 1 total packets 490 RTS 0 total bytes 2002140 in_flight now 0 fair_inc 13339 prop_inc 78191 fast_inc 13131 eta_inc 18476 multi_dec -125875 quick_dec -0 nack_dec -62250
Flow Uec_40_168 flowId 160 uecSrc 159 finished at 419.114 total messages 1 total packets 497 RTS 7 total bytes 2002140 in_flight now -64 fair_inc 16194 prop_inc 14626 fast_inc 0 eta_inc 16092 multi_dec -0 quick_dec -0 nack_dec -4150
Flow Uec_70_198 flowId 172 uecSrc 171 finished at 421.519 total messages 1 total packets 490 RTS 0 total bytes 2002140 in_flight now 0 fair_inc 16051 prop_inc 16075 fast_inc 0 eta_inc 20264 multi_dec -38275 quick_dec -0 nack_dec -120350
426.838 flowid 38 Spurious 164
Flow Uec_189_61 flowId 21 uecSrc 20 finished at 442.63 total messages 1 total packets 493 RTS 3 total bytes 2002140 in_flight now 0 fair_inc 4412 prop_inc 3197 fast_inc 0 eta_inc 14900 multi_dec -0 quick_dec -0 nack_dec -33200
Flow Uec_5_133 flowId 8 uecSrc 7 finished at 445.765 total messages 1 total packets 494 RTS 4 total bytes 2002140 in_flight now -64 fair_inc 10855 prop_inc 57093 fast_inc 15 eta_inc 17880 multi_dec -117003 quick_dec -79710 nack_dec -12450
Flow Uec_123_251 flowId 23 uecSrc 22 finished at 446.38 total messages 1 total packets 490 RTS 0 total bytes 2002140 in_flight now 0 fair_inc 12289 prop_inc 13655 fast_inc 0 eta_inc 21456 multi_dec -42282 quick_dec -0 nack_dec -107900
Flow Uec_127_255 flowId 25 uecSrc 24 finished at 454.84 total messages 1 total packets 490 RTS 0 total bytes 2002140 in_flight now 0 fair_inc 22321 prop_inc 11331 fast_inc 0 eta_inc 21456 multi_dec -58810 quick_dec -0 nack_dec -116200
Flow Uec_156_28 flowId 95 uecSrc 94 finished at 469.854 total messages 1 total packets 491 RTS 1 total bytes 2002140 in_flight now 0 fair_inc 25853 prop_inc 18597 fast_inc 0 eta_inc 21456 multi_dec -71723 quick_dec -0 nack_dec -116200
Flow Uec_29_157 flowId 9 uecSrc 8 finished at 475.542 total messages 1 total packets 496 RTS 6 total bytes 2002140 in_flight now 0 fair_inc 8174 prop_inc 94697 fast_inc 138888 eta_inc 20264 multi_dec -140756 quick_dec -24300 nack_dec -8300
Flow Uec_214_86 flowId 128 uecSrc 127 finished at 479.511 total messages 1 total packets 490 RTS 0 total bytes 2002140 in_flight now 0 fair_inc 13281 prop_inc 10434 fast_inc 0 eta_inc 22648 multi_dec -54300 quick_dec -0 nack_dec -116200
Flow Uec_2_130 flowId 50 uecSrc 49 finished at 480.503 total messages 1 total packets 504 RTS 14 total bytes 2002140 in_flight now -192 fair_inc 4433 prop_inc 99257 fast_inc 0 eta_inc 20860 multi_dec -0 quick_dec -83536 nack_dec -58100
Flow Uec_165_37 flowId 18 uecSrc 17 finished at 480.73 total messages 1 total packets 490 RTS 0 total bytes 2002140 in_flight now 0 fair_inc 35413 prop_inc 15398 fast_inc 0 eta_inc 20860 multi_dec -36458 quick_dec -0 nack_dec -149400
Flow Uec_152_24 flowId 12 uecSrc 11 finished at 482.299 total messages 1 total packets 491 RTS 1 total bytes 2002140 in_flight now 0 fair_inc 41900 prop_inc 22449 fast_inc 0 eta_inc 22648 multi_dec -109984 quick_dec -0 nack_dec -95450
Flow Uec_248_120 flowId 153 uecSrc 152 finished at 487.882 total messages 1 total packets 490 RTS 0 total bytes 2002140 in_flight now 0 fair_inc 8428 prop_inc 26376 fast_inc 0 eta_inc 23244 multi_dec -97171 quick_dec -0 nack_dec -78850
Flow Uec_253_125 flowId 127 uecSrc 126 finished at 489.2 total messages 1 total packets 490 RTS 0 total bytes 2002140 in_flight now 0 fair_inc 16348 prop_inc 25259 fast_inc 0 eta_inc 21456 multi_dec -49353 quick_dec -0 nack_dec -141100
Flow Uec_141_13 flowId 32 uecSrc 31 finished at 491.655 total messages 1 total packets 490 RTS 0 total bytes 2002140 in_flight now 0 fair_inc 25283 prop_inc 55034 fast_inc 0 eta_inc 22052 multi_dec -97286 quick_dec -0 nack_dec -99600
Flow Uec_206_78 flowId 94 uecSrc 93 finished at 495.807 total messages 1 total packets 490 RTS 0 total bytes 2002140 in_flight now 0 fair_inc 30426 prop_inc 11632 fast_inc 0 eta_inc 22648 multi_dec -82958 quick_dec -0 nack_dec -103750
Flow Uec_147_19 flowId 112 uecSrc 111 finished at 502.537 total messages 1 total packets 491 RTS 1 total bytes 2002140 in_flight now 0 fair_inc 29311 prop_inc 23817 fast_inc 0 eta_inc 22648 multi_dec -41092 quick_dec -0 nack_dec -141100
Flow Uec_6_134 flowId 85 uecSrc 84 finished at 508.286 total messages 1 total packets 503 RTS 13 total bytes 2002140 in_flight now 0 fair_inc 7339 prop_inc 97932 fast_inc 1010 eta_inc 21456 multi_dec -0 quick_dec -98274 nack_dec -41500
Flow Uec_81_209 flowId 121 uecSrc 120 finished at 509.904 total messages 1 total packets 490 RTS 0 total bytes 2002140 in_flight now 0 fair_inc 17944 prop_inc 56057 fast_inc 0 eta_inc 23244 multi_dec -110707 quick_dec -0 nack_dec -91300
Flow Uec_218_90 flowId 27 uecSrc 26 finished at 511.977 total messages 1 total packets 490 RTS 0 total bytes 2002140 in_flight now 0 fair_inc 17089 prop_inc 26830 fast_inc 0 eta_inc 23840 multi_dec -94124 quick_dec -0 nack_dec -91300
Flow Uec_77_205 flowId 182 uecSrc 181 finished at 512.28 total messages 1 total packets 490 RTS 0 total bytes 2002140 in_flight now 0 fair_inc 14042 prop_inc 55726 fast_inc 0 eta_inc 23244 multi_dec -96826 quick_dec -0 nack_dec -103750
Flow Uec_186_58 flowId 97 uecSrc 96 finished at 512.299 total messages 1 total packets 494 RTS 4 total bytes 2002140 in_flight now 0 fair_inc 8802 prop_inc 27307 fast_inc 0 eta_inc 20264 multi_dec -0 quick_dec -0 nack_dec -70550
Flow Uec_143_15 flowId 130 uecSrc 129 finished at 512.465 total messages 1 total packets 491 RTS 1 total bytes 2002140 in_flight now 0 fair_inc 29544 prop_inc 64645 fast_inc 0 eta_inc 23244 multi_dec -133730 quick_dec -0 nack_dec -83000
Flow Uec_138_10 flowId 190 uecSrc 189 finished at 512.677 total messages 1 total packets 491 RTS 1 total bytes 2002140 in_flight now 0 fair_inc 24824 prop_inc 63823 fast_inc 0 eta_inc 22648 multi_dec -114099 quick_dec -0 nack_dec -83000
Flow Uec_133_5 flowId 123 uecSrc 122 finished at 515.352 total messages 1 total packets 490 RTS 0 total bytes 2002140 in_flight now 0 fair_inc 6229 prop_inc 80625 fast_inc 0 eta_inc 22648 multi_dec -92639 quick_dec -0 nack_dec -99600
Flow Uec_170_42 flowId 70 uecSrc 69 finished at 520.344 total messages 1 total packets 491 RTS 1 total bytes 2002140 in_flight now 0 fair_inc 34731 prop_inc 44388 fast_inc 0 eta_inc 23840 multi_dec -146451 quick_dec -0 nack_dec -70550
Flow Uec_117_245 flowId 11 uecSrc 10 finished at 533.974 total messages 1 total packets 490 RTS 0 total bytes 2002140 in_flight now 0 fair_inc 14385 prop_inc 26669 fast_inc 139895 eta_inc 24436 multi_dec -119315 quick_dec -0 nack_dec -87150
Flow Uec_225_97 flowId 144 uecSrc 143 finished at 534.386 total messages 1 total packets 490 RTS 0 total bytes 2002140 in_flight now 0 fair_inc 30756 prop_inc 6909 fast_inc 0 eta_inc 24436 multi_dec -48763 quick_dec -0 nack_dec -149400
541.438 flowid 38 Spurious 164
Flow Uec_243_115 flowId 59 uecSrc 58 finished at 547.795 total messages 1 total packets 490 RTS 0 total bytes 2002140 in_flight now 0 fair_inc 15358 prop_inc 15498 fast_inc 0 eta_inc 25032 multi_dec -60826 quick_dec -0 nack_dec -141100
Flow Uec_203_75 flowId 40 uecSrc 39 finished at 553.249 total messages 1 total packets 490 RTS 0 total bytes 2002140 in_flight now 0 fair_inc 42685 prop_inc 8353 fast_inc 0 eta_inc 25628 multi_dec -21051 quick_dec -0 nack_dec -161850
Flow Uec_149_21 flowId 67 uecSrc 66 finished at 555.706 total messages 1 total packets 492 RTS 2 total bytes 2002140 in_flight now 0 fair_inc 47514 prop_inc 8873 fast_inc 0 eta_inc 23840 multi_dec -43220 quick_dec -0 nack_dec -136950
Flow Uec_247_119 flowId 181 uecSrc 180 finished at 557.593 total messages 1 total packets 490 RTS 0 total bytes 2002140 in_flight now 0 fair_inc 18769 prop_inc 33065 fast_inc 108577 eta_inc 22648 multi_dec -109339 quick_dec -0 nack_dec -103750
Flow Uec_159_31 flowId 175 uecSrc 174 finished at 575.958 total messages 1 total packets 490 RTS 0 total bytes 2002140 in_flight now 0 fair_inc 49844 prop_inc 8534 fast_inc 0 eta_inc 25628 multi_dec -88781 quick_dec -0 nack_dec -157700
Flow Uec_197_69 flowId 176 uecSrc 175 finished at 593.827 total messages 1 total packets 490 RTS 0 total bytes 2002140 in_flight now 0 fair_inc 35661 prop_inc 2865 fast_inc 0 eta_inc 26224 multi_dec -16919 quick_dec -0 nack_dec -170150
Flow Uec_169_41 flowId 79 uecSrc 78 finished at 596.703 total messages 1 total packets 490 RTS 0 total bytes 2002140 in_flight now 0 fair_inc 30265 prop_inc 18571 fast_inc 0 eta_inc 24436 multi_dec -71292 quick_dec -0 nack_dec -136950
Flow Uec_208_80 flowId 167 uecSrc 166 finished at 607.197 total messages 1 total packets 490 RTS 0 total bytes 2002140 in_flight now 0 fair_inc 36149 prop_inc 4931 fast_inc 0 eta_inc 28012 multi_dec -27385 quick_dec -0 nack_dec -170150
Flow Uec_158_30 flowId 10 uecSrc 9 finished at 614.526 total messages 1 total packets 491 RTS 1 total bytes 2002140 in_flight now 0 fair_inc 41011 prop_inc 29798 fast_inc 0 eta_inc 24436 multi_dec -119902 quick_dec -0 nack_dec -107900
Flow Uec_202_74 flowId 22 uecSrc 21 finished at 629.449 total messages 1 total packets 490 RTS 0 total bytes 2002140 in_flight now 0 fair_inc 57346 prop_inc 49013 fast_inc 0 eta_inc 28012 multi_dec -138344 quick_dec -0 nack_dec -103750
Flow Uec_237_109 flowId 156 uecSrc 155 finished at 640.252 total messages 1 total packets 490 RTS 0 total bytes 2002140 in_flight now 0 fair_inc 26662 prop_inc 27464 fast_inc 0 eta_inc 28608 multi_dec -66017 quick_dec -0 nack_dec -145250
Flow Uec_74_202 flowId 86 uecSrc 85 finished at 649.431 total messages 1 total packets 490 RTS 0 total bytes 2002140 in_flight now 0 fair_inc 14754 prop_inc 10395 fast_inc 0 eta_inc 30396 multi_dec -63806 quick_dec -0 nack_dec -136950
Flow Uec_182_54 flowId 63 uecSrc 62 finished at 653.113 total messages 1 total packets 490 RTS 0 total bytes 2002140 in_flight now 0 fair_inc 42967 prop_inc 66819 fast_inc 0 eta_inc 25032 multi_dec -104283 quick_dec -0 nack_dec -124500
656.038 flowid 38 Spurious 164
Flow Uec_168_40 flowId 109 uecSrc 108 finished at 659.302 total messages 1 total packets 491 RTS 1 total bytes 2002140 in_flight now 0 fair_inc 43406 prop_inc 81212 fast_inc 0 eta_inc 23840 multi_dec -157754 quick_dec -0 nack_dec -95450
Flow Uec_191_63 flowId 46 uecSrc 45 finished at 671.267 total messages 1 total packets 490 RTS 0 total bytes 2002140 in_flight now 0 fair_inc 46324 prop_inc 77577 fast_inc 0 eta_inc 25032 multi_dec -116367 quick_dec -9726 nack_dec -112050
Flow Uec_172_44 flowId 158 uecSrc 157 finished at 682.359 total messages 1 total packets 492 RTS 2 total bytes 2002140 in_flight now 0 fair_inc 52743 prop_inc 21615 fast_inc 0 eta_inc 23244 multi_dec -99191 quick_dec -0 nack_dec -120350
Flow Uec_95_223 flowId 151 uecSrc 150 finished at 685.495 total messages 1 total packets 490 RTS 0 total bytes 2002140 in_flight now 0 fair_inc 48861 prop_inc 8788 fast_inc 0 eta_inc 30992 multi_dec -119184 quick_dec -0 nack_dec -124500
Flow Uec_229_101 flowId 146 uecSrc 145 finished at 689.88 total messages 1 total packets 490 RTS 0 total bytes 2002140 in_flight now 0 fair_inc 24746 prop_inc 51260 fast_inc 0 eta_inc 30396 multi_dec -75950 quick_dec -0 nack_dec -149400
Flow Uec_231_103 flowId 29 uecSrc 28 finished at 696.017 total messages 1 total packets 490 RTS 0 total bytes 2002140 in_flight now 0 fair_inc 37374 prop_inc 55555 fast_inc 0 eta_inc 27416 multi_dec -99986 quick_dec -0 nack_dec -132800
Flow Uec_241_113 flowId 162 uecSrc 161 finished at 697.231 total messages 1 total packets 490 RTS 0 total bytes 2002140 in_flight now 0 fair_inc 34292 prop_inc 5234 fast_inc 0 eta_inc 31588 multi_dec -41132 quick_dec -0 nack_dec -182600
Flow Uec_171_43 flowId 173 uecSrc 172 finished at 702.156 total messages 1 total packets 491 RTS 1 total bytes 2002140 in_flight now 0 fair_inc 30188 prop_inc 105092 fast_inc 0 eta_inc 29204 multi_dec -148178 quick_dec -1874 nack_dec -99600
Flow Uec_175_47 flowId 82 uecSrc 81 finished at 704.122 total messages 1 total packets 492 RTS 2 total bytes 2002140 in_flight now 0 fair_inc 65045 prop_inc 82000 fast_inc 0 eta_inc 25628 multi_dec -154375 quick_dec -4204 nack_dec -91300
Flow Uec_201_73 flowId 78 uecSrc 77 finished at 716.977 total messages 1 total packets 490 RTS 0 total bytes 2002140 in_flight now 0 fair_inc 35388 prop_inc 106601 fast_inc 0 eta_inc 27416 multi_dec -126519 quick_dec -4995 nack_dec -116200
Flow Uec_97_225 flowId 69 uecSrc 68 finished at 730.926 total messages 1 total packets 490 RTS 0 total bytes 2002140 in_flight now 0 fair_inc 67118 prop_inc 14590 fast_inc 0 eta_inc 25628 multi_dec -124756 quick_dec -0 nack_dec -128650
Flow Uec_226_98 flowId 104 uecSrc 103 finished at 732.916 total messages 1 total packets 490 RTS 0 total bytes 2002140 in_flight now 0 fair_inc 16952 prop_inc 17965 fast_inc 0 eta_inc 31588 multi_dec -61293 quick_dec -0 nack_dec -141100
Flow Uec_78_206 flowId 180 uecSrc 179 finished at 743.376 total messages 1 total packets 490 RTS 0 total bytes 2002140 in_flight now 0 fair_inc 68007 prop_inc 18840 fast_inc 0 eta_inc 31588 multi_dec -59906 quick_dec -33170 nack_dec -174300
Flow Uec_233_105 flowId 47 uecSrc 46 finished at 766.01 total messages 1 total packets 490 RTS 0 total bytes 2002140 in_flight now 0 fair_inc 26467 prop_inc 34257 fast_inc 0 eta_inc 25032 multi_dec -35733 quick_dec -0 nack_dec -174300
Flow Uec_85_213 flowId 105 uecSrc 104 finished at 769.683 total messages 1 total packets 490 RTS 0 total bytes 2002140 in_flight now 0 fair_inc 39462 prop_inc 22069 fast_inc 0 eta_inc 34568 multi_dec -87248 quick_dec -0 nack_dec -153550
770.638 flowid 38 Spurious 164
Flow Uec_239_111 flowId 143 uecSrc 142 finished at 770.85 total messages 1 total packets 490 RTS 0 total bytes 2002140 in_flight now 0 fair_inc 52295 prop_inc 10559 fast_inc 0 eta_inc 34568 multi_dec -114018 quick_dec -0 nack_dec -157700
Flow Uec_227_99 flowId 166 uecSrc 165 finished at 772.681 total messages 1 total packets 490 RTS 0 total bytes 2002140 in_flight now 0 fair_inc 45842 prop_inc 11431 fast_inc 0 eta_inc 25628 multi_dec -105806 quick_dec -0 nack_dec -136950
Flow Uec_221_93 flowId 178 uecSrc 177 finished at 778.27 total messages 1 total packets 490 RTS 0 total bytes 2002140 in_flight now 0 fair_inc 41648 prop_inc 48003 fast_inc 0 eta_inc 33376 multi_dec -33844 quick_dec -13304 nack_dec -186750
Flow Uec_79_207 flowId 76 uecSrc 75 finished at 788.737 total messages 1 total packets 490 RTS 0 total bytes 2002140 in_flight now 0 fair_inc 42161 prop_inc 3565 fast_inc 0 eta_inc 32184 multi_dec -46937 quick_dec -0 nack_dec -182600
Flow Uec_161_33 flowId 14 uecSrc 13 finished at 801.375 total messages 1 total packets 491 RTS 1 total bytes 2002140 in_flight now 0 fair_inc 35343 prop_inc 41408 fast_inc 0 eta_inc 29204 multi_dec -104279 quick_dec -0 nack_dec -136950
Flow Uec_242_114 flowId 33 uecSrc 32 finished at 804.714 total messages 1 total packets 490 RTS 0 total bytes 2002140 in_flight now 0 fair_inc 59791 prop_inc 23829 fast_inc 0 eta_inc 25032 multi_dec -49063 quick_dec -25703 nack_dec -178450
Flow Uec_173_45 flowId 102 uecSrc 101 finished at 808.508 total messages 1 total packets 491 RTS 1 total bytes 2002140 in_flight now 0 fair_inc 46473 prop_inc 35332 fast_inc 0 eta_inc 29800 multi_dec -99658 quick_dec -0 nack_dec -145250
Flow Uec_94_222 flowId 20 uecSrc 19 finished at 813.882 total messages 1 total packets 490 RTS 0 total bytes 2002140 in_flight now 0 fair_inc 54115 prop_inc 24957 fast_inc 0 eta_inc 35164 multi_dec -45296 quick_dec -27035 nack_dec -170150
Flow Uec_210_82 flowId 187 uecSrc 186 finished at 814.148 total messages 1 total packets 490 RTS 0 total bytes 2002140 in_flight now 0 fair_inc 49769 prop_inc 46627 fast_inc 16163 eta_inc 30992 multi_dec -160372 quick_dec -13023 nack_dec -91300
Flow Uec_72_200 flowId 42 uecSrc 41 finished at 816.583 total messages 1 total packets 490 RTS 0 total bytes 2002140 in_flight now 0 fair_inc 58122 prop_inc 22546 fast_inc 0 eta_inc 33972 multi_dec -105762 quick_dec -0 nack_dec -161850
Flow Uec_83_211 flowId 157 uecSrc 156 finished at 828.188 total messages 1 total packets 490 RTS 0 total bytes 2002140 in_flight now 0 fair_inc 54624 prop_inc 59649 fast_inc 0 eta_inc 31588 multi_dec -72899 quick_dec -12321 nack_dec -174300
Flow Uec_230_102 flowId 115 uecSrc 114 finished at 846.838 total messages 1 total packets 490 RTS 0 total bytes 2002140 in_flight now 0 fair_inc 9718 prop_inc 45951 fast_inc 14632 eta_inc 28608 multi_dec -117935 quick_dec -0 nack_dec -99600
Flow Uec_162_34 flowId 114 uecSrc 113 finished at 852.927 total messages 1 total packets 491 RTS 1 total bytes 2002140 in_flight now 0 fair_inc 19223 prop_inc 56687 fast_inc 49987 eta_inc 29800 multi_dec -43252 quick_dec -28637 nack_dec -153550
Flow Uec_228_100 flowId 100 uecSrc 99 finished at 856.179 total messages 1 total packets 490 RTS 0 total bytes 2002140 in_flight now 0 fair_inc 30651 prop_inc 51737 fast_inc 30307 eta_inc 32184 multi_dec -106975 quick_dec -0 nack_dec -141100
Flow Uec_87_215 flowId 53 uecSrc 52 finished at 858.437 total messages 1 total packets 490 RTS 0 total bytes 2002140 in_flight now 0 fair_inc 34744 prop_inc 44890 fast_inc 29784 eta_inc 32780 multi_dec -117921 quick_dec -0 nack_dec -132800
Flow Uec_211_83 flowId 179 uecSrc 178 finished at 864.905 total messages 1 total packets 490 RTS 0 total bytes 2002140 in_flight now 0 fair_inc 37528 prop_inc 84943 fast_inc 0 eta_inc 33972 multi_dec -127030 quick_dec -747 nack_dec -132800
Flow Uec_234_106 flowId 118 uecSrc 117 finished at 876.873 total messages 1 total packets 490 RTS 0 total bytes 2002140 in_flight now 0 fair_inc 36784 prop_inc 77007 fast_inc 0 eta_inc 32184 multi_dec -103310 quick_dec -4752 nack_dec -149400
Flow Uec_238_110 flowId 169 uecSrc 168 finished at 879.903 total messages 1 total packets 490 RTS 0 total bytes 2002140 in_flight now 0 fair_inc 54787 prop_inc 70247 fast_inc 0 eta_inc 30396 multi_dec -57455 quick_dec -48430 nack_dec -161850
Flow Uec_76_204 flowId 43 uecSrc 42 finished at 880.855 total messages 1 total packets 490 RTS 0 total bytes 2002140 in_flight now 0 fair_inc 49700 prop_inc 7379 fast_inc 0 eta_inc 35760 multi_dec -104775 quick_dec -0 nack_dec -161850
Flow Uec_80_208 flowId 51 uecSrc 50 finished at 882.737 total messages 1 total packets 490 RTS 0 total bytes 2002140 in_flight now 0 fair_inc 43490 prop_inc 97735 fast_inc 19682 eta_inc 29800 multi_dec -121926 quick_dec -10749 nack_dec -136950
885.238 flowid 38 Spurious 164
Flow Uec_10_138 flowId 113 uecSrc 112 finished at 924.037 total messages 1 total packets 512 RTS 22 total bytes 2002140 in_flight now -192 fair_inc 10571 prop_inc 128806 fast_inc 0 eta_inc 32780 multi_dec -453 quick_dec -73121 nack_dec -58100
Flow Uec_224_96 flowId 132 uecSrc 131 finished at 928.712 total messages 1 total packets 490 RTS 0 total bytes 2002140 in_flight now 0 fair_inc 65151 prop_inc 4814 fast_inc 0 eta_inc 29204 multi_dec -128690 quick_dec -0 nack_dec -161850
Flow Uec_91_219 flowId 57 uecSrc 56 finished at 936.364 total messages 1 total packets 490 RTS 0 total bytes 2002140 in_flight now 0 fair_inc 45957 prop_inc 10855 fast_inc 0 eta_inc 30992 multi_dec -34747 quick_dec -4497 nack_dec -203350
Flow Uec_84_212 flowId 177 uecSrc 176 finished at 943.376 total messages 1 total packets 490 RTS 0 total bytes 2002140 in_flight now 0 fair_inc 64044 prop_inc 11528 fast_inc 0 eta_inc 30992 multi_dec -99067 quick_dec -0 nack_dec -166000
Flow Uec_12_140 flowId 191 uecSrc 190 finished at 986.644 total messages 1 total packets 509 RTS 19 total bytes 2002140 in_flight now -192 fair_inc 8750 prop_inc 139169 fast_inc 26263 eta_inc 33376 multi_dec -80085 quick_dec -47282 nack_dec -12450
Flow Uec_73_201 flowId 62 uecSrc 61 finished at 994.159 total messages 1 total packets 490 RTS 0 total bytes 2002140 in_flight now 0 fair_inc 39405 prop_inc 48134 fast_inc 0 eta_inc 35164 multi_dec -113703 quick_dec --885 nack_dec -145250
999.838 flowid 38 Spurious 164
Flow Uec_90_218 flowId 185 uecSrc 184 finished at 1018.52 total messages 1 total packets 490 RTS 0 total bytes 2002140 in_flight now 0 fair_inc 62092 prop_inc 61327 fast_inc 10591 eta_inc 34568 multi_dec -143818 quick_dec -16244 nack_dec -128650
Flow Uec_196_68 flowId 24 uecSrc 23 finished at 1026.54 total messages 1 total packets 490 RTS 0 total bytes 2002140 in_flight now 0 fair_inc 55478 prop_inc 5294 fast_inc 0 eta_inc 40528 multi_dec -68005 quick_dec --7953 nack_dec -207500
1114.44 flowid 38 Spurious 164
Flow Uec_215_87 flowId 34 uecSrc 33 finished at 1142.23 total messages 1 total packets 490 RTS 0 total bytes 2002140 in_flight now 0 fair_inc 57938 prop_inc 6928 fast_inc 0 eta_inc 47680 multi_dec -85677 quick_dec -8647 nack_dec -190900
1229.04 flowid 38 Spurious 164
Flow Uec_222_94 flowId 75 uecSrc 74 finished at 1281.84 total messages 1 total packets 490 RTS 0 total bytes 2002140 in_flight now 0 fair_inc 49731 prop_inc 6548 fast_inc 0 eta_inc 40528 multi_dec -59725 quick_dec -96723 nack_dec -157700
Flow Uec_209_81 flowId 137 uecSrc 136 finished at 1302.92 total messages 1 total packets 490 RTS 0 total bytes 2002140 in_flight now 0 fair_inc 81953 prop_inc 4298 fast_inc 0 eta_inc 37548 multi_dec -69121 quick_dec -57752 nack_dec -170150
Flow Uec_219_91 flowId 110 uecSrc 109 finished at 1308.06 total messages 1 total packets 490 RTS 0 total bytes 2002140 in_flight now 0 fair_inc 73033 prop_inc 8404 fast_inc 0 eta_inc 38740 multi_dec -97724 quick_dec -108275 nack_dec -145250
Flow Uec_205_77 flowId 60 uecSrc 59 finished at 1334.08 total messages 1 total packets 490 RTS 0 total bytes 2002140 in_flight now 0 fair_inc 49346 prop_inc 27205 fast_inc 9090 eta_inc 41124 multi_dec -69452 quick_dec -62671 nack_dec -166000
Flow Uec_204_76 flowId 19 uecSrc 18 finished at 1336.9 total messages 1 total packets 490 RTS 0 total bytes 2002140 in_flight now 0 fair_inc 71682 prop_inc 29370 fast_inc 0 eta_inc 41124 multi_dec -92453 quick_dec -92769 nack_dec -153550
1343.64 flowid 38 Spurious 164
1458.24 flowid 38 Spurious 164
1572.84 flowid 38 Spurious 164
1687.44 flowid 38 Spurious 164
1802.04 flowid 38 Spurious 164
1916.64 flowid 38 Spurious 164
2031.24 flowid 38 Spurious 164
2145.84 flowid 38 Spurious 164
2260.44 flowid 38 Spurious 164
2375.04 flowid 38 Spurious 164
2489.64 flowid 38 Spurious 164
2686.93 flowid 38 Spurious 263
2832.22 flowid 38 Spurious 315
2946.82 flowid 38 Spurious 315
3061.42 flowid 38 Spurious 315
3176.02 flowid 38 Spurious 315
3290.62 flowid 38 Spurious 315
3405.22 flowid 38 Spurious 315
3519.82 flowid 38 Spurious 315
3634.42 flowid 38 Spurious 315
3749.02 flowid 38 Spurious 315
3863.62 flowid 38 Spurious 315
3978.22 flowid 38 Spurious 315
4092.82 flowid 38 Spurious 315
4207.42 flowid 38 Spurious 315
4322.02 flowid 38 Spurious 315
4489.63 flowid 38 Spurious 376
4604.23 flowid 38 Spurious 376
4718.83 flowid 38 Spurious 376
4720.63 flowid 89 Spurious 84
4833.43 flowid 38 Spurious 376
4948.03 flowid 38 Spurious 376
5062.63 flowid 38 Spurious 376
5177.23 flowid 38 Spurious 376
5291.83 flowid 38 Spurious 376
5447 flowid 38 Spurious 492
5447.34 flowid 38 Spurious 493
5447.67 flowid 38 Spurious 494
5448 flowid 38 Spurious 495
5448.16 flowid 38 Spurious 496
5561.6 flowid 38 Spurious 492
5561.94 flowid 38 Spurious 493
5562.27 flowid 38 Spurious 494
5562.6 flowid 38 Spurious 495
5562.76 flowid 38 Spurious 496
5676.2 flowid 38 Spurious 492
5676.54 flowid 38 Spurious 493
5676.87 flowid 38 Spurious 494
5677.2 flowid 38 Spurious 495
5677.36 flowid 38 Spurious 496
Flow Uec_185_57 flowId 38 uecSrc 37 finished at 5681.23 total messages 1 total packets 497 RTS 7 total bytes 2002140 in_flight now 0 fair_inc 0 prop_inc 58634 fast_inc 189934 eta_inc 14304 multi_dec -0 quick_dec -0 nack_dec -29050
9380.76 flowid 2 Spurious 164
11446.5 flowid 89 Spurious 180
13196.9 flowid 2 Spurious 222
14224.6 flowid 36 Spurious 325
21238.8 flowid 64 Spurious 260
23584 flowid 89 Spurious 358
25228.3 flowid 89 Spurious 380
Flow Uec_60_188 flowId 36 uecSrc 35 finished at 25476.4 total messages 1 total packets 574 RTS 84 total bytes 2002140 in_flight now -2688 fair_inc 0 prop_inc 837835 fast_inc 2020 eta_inc 198468 multi_dec -0 quick_dec -197226 nack_dec -16600
29821.4 flowid 2 Spurious 489
29823 flowid 2 Spurious 493
29823.4 flowid 2 Spurious 494
Flow Uec_58_186 flowId 2 uecSrc 1 finished at 34711.4 total messages 1 total packets 568 RTS 78 total bytes 2002140 in_flight now -3328 fair_inc 0 prop_inc 742148 fast_inc 0 eta_inc 178204 multi_dec -0 quick_dec -187902 nack_dec -8300
Flow Uec_62_190 flowId 89 uecSrc 88 finished at 37702 total messages 1 total packets 626 RTS 136 total bytes 2002140 in_flight now -5888 fair_inc 0 prop_inc 875487 fast_inc 0 eta_inc 243764 multi_dec -0 quick_dec --20750 nack_dec -20750
Flow Uec_56_184 flowId 64 uecSrc 63 finished at 43822.5 total messages 1 total packets 592 RTS 102 total bytes 2002140 in_flight now -4224 fair_inc 6447 prop_inc 886073 fast_inc 3030 eta_inc 209792 multi_dec -0 quick_dec -165972 nack_dec -37350
.52996.3 flowid 1 Spurious 515
Flow Uec_59_187 flowId 1 uecSrc 0 finished at 60602.6 total messages 1 total packets 633 RTS 143 total bytes 2002140 in_flight now -7040 fair_inc 0 prop_inc 1027381 fast_inc 2020 eta_inc 271180 multi_dec -0 quick_dec -0 nack_dec -16600
Flow Uec_57_185 flowId 141 uecSrc 140 finished at 63665.7 total messages 1 total packets 593 RTS 103 total bytes 2002140 in_flight now -5248 fair_inc 0 prop_inc 927221 fast_inc 0 eta_inc 207408 multi_dec -0 quick_dec -194801 nack_dec -8300
Done
New: 93910 Rtx: 13226 RTS: 966 Bounced: 0 ACKs: 73155 NACKs: 3380 Pulls: 0 sleek_pkts: 0
